[0.012s][info][gc] Using The Z Garbage Collector
[0.573s][info][gc] GC(0) Garbage Collection (Warmup) 532M(12%)->90M(2%)
[0.983s][info][gc] GC(1) Garbage Collection (Warmup) 988M(21%)->142M(3%)
[1.597s][info][gc] GC(2) Garbage Collection (Warmup) 1520M(33%)->198M(4%)
[3.393s][info][gc] GC(3) Garbage Collection (Allocation Rate) 3902M(85%)->690M(15%)
[4.686s][info][gc] GC(4) Garbage Collection (Allocation Rate) 3170M(69%)->192M(4%)
[4.960s][info][gc] GC(5) Garbage Collection (Allocation Rate) 548M(12%)->84M(2%)
[8.072s][info][gc] GC(6) Garbage Collection (Allocation Rate) 4100M(89%)->260M(6%)
[8.755s][info][gc] GC(7) Garbage Collection (Allocation Rate) 654M(14%)->72M(2%)
[12.274s][info][gc] GC(8) Garbage Collection (Proactive) 2490M(54%)->102M(2%)
[15.350s][info][gc] GC(9) Garbage Collection (Proactive) 2114M(46%)->66M(1%)
[17.863s][info][gc] GC(10) Garbage Collection (Proactive) 1828M(40%)->92M(2%)
[19.970s][info][gc] GC(11) Garbage Collection (Proactive) 1564M(34%)->102M(2%)
[22.164s][info][gc] GC(12) Garbage Collection (Proactive) 1542M(33%)->102M(2%)
[23.860s][info][gc] GC(13) Garbage Collection (Proactive) 1266M(27%)->84M(2%)
[25.258s][info][gc] GC(14) Garbage Collection (Proactive) 1062M(23%)->86M(2%)
[26.458s][info][gc] GC(15) Garbage Collection (Proactive) 912M(20%)->96M(2%)
[27.458s][info][gc] GC(16) Garbage Collection (Proactive) 796M(17%)->102M(2%)
[28.359s][info][gc] GC(17) Garbage Collection (Proactive) 722M(16%)->104M(2%)
[29.258s][info][gc] GC(18) Garbage Collection (Proactive) 1012M(22%)->112M(2%)
[30.182s][info][gc] GC(19) Garbage Collection (Proactive) 2356M(51%)->162M(4%)
[31.759s][info][gc] GC(20) Garbage Collection (Allocation Rate) 3822M(83%)->360M(8%)
[33.358s][info][gc] GC(21) Garbage Collection (Allocation Rate) 3416M(74%)->86M(2%)
[36.485s][info][gc] GC(22) Garbage Collection (Proactive) 4174M(91%)->148M(3%)
[39.846s][info][gc] GC(23) Garbage Collection (Allocation Rate) 4172M(91%)->218M(5%)
[42.774s][info][gc] GC(24) Garbage Collection (Proactive) 3760M(82%)->130M(3%)
[45.159s][info][gc] GC(25) Garbage Collection (Proactive) 2988M(65%)->88M(2%)
[47.475s][info][gc] GC(26) Garbage Collection (Proactive) 3076M(67%)->136M(3%)
[49.084s][info][gc] GC(27) Garbage Collection (Allocation Rate) 3836M(83%)->200M(4%)
[50.258s][info][gc] GC(28) Garbage Collection (Allocation Rate) 3874M(84%)->482M(10%)
[51.396s][info][gc] GC(29) Garbage Collection (Allocation Rate) 3908M(85%)->598M(13%)
[52.373s][info][gc] GC(30) Garbage Collection (Allocation Rate) 3500M(76%)->276M(6%)
[52.859s][info][gc] GC(31) Garbage Collection (Allocation Rate) 868M(19%)->104M(2%)
[55.031s][info][gc] GC(32) Garbage Collection (Allocation Rate) 4070M(88%)->226M(5%)
[57.327s][info][gc] GC(33) Garbage Collection (Allocation Rate) 4034M(88%)->254M(6%)
[59.610s][info][gc] GC(34) Garbage Collection (Allocation Rate) 4030M(87%)->218M(5%)
[61.381s][info][gc] GC(35) Garbage Collection (Allocation Rate) 3970M(86%)->208M(5%)
[62.441s][info][gc] GC(36) Garbage Collection (Allocation Rate) 3550M(77%)->428M(9%)
[63.576s][info][gc] GC(37) Garbage Collection (Allocation Rate) 3822M(83%)->602M(13%)
[64.582s][info][gc] GC(38) Garbage Collection (Allocation Rate) 3604M(78%)->610M(13%)
[65.466s][info][gc] GC(39) Garbage Collection (Allocation Rate) 2452M(53%)->136M(3%)
[67.023s][info][gc] GC(40) Garbage Collection (Allocation Rate) 3768M(82%)->224M(5%)
[68.620s][info][gc] GC(41) Garbage Collection (Allocation Rate) 3596M(78%)->288M(6%)
[70.406s][info][gc] GC(42) Garbage Collection (Allocation Rate) 4066M(88%)->238M(5%)
[72.006s][info][gc] GC(43) Garbage Collection (Allocation Rate) 3954M(86%)->292M(6%)
[72.383s][info][gc] GC(44) Garbage Collection (Allocation Rate) 1448M(31%)->216M(5%)
[73.552s][info][gc] GC(45) Garbage Collection (Allocation Rate) 3892M(84%)->440M(10%)
[74.670s][info][gc] GC(46) Garbage Collection (Allocation Rate) 3838M(83%)->556M(12%)
[75.669s][info][gc] GC(47) Garbage Collection (Allocation Rate) 3568M(77%)->268M(6%)
[77.030s][info][gc] GC(48) Garbage Collection (Allocation Rate) 3774M(82%)->348M(8%)
[78.506s][info][gc] GC(49) Garbage Collection (Allocation Rate) 3974M(86%)->294M(6%)
[79.899s][info][gc] GC(50) Garbage Collection (Allocation Rate) 3708M(80%)->256M(6%)
[81.269s][info][gc] GC(51) Garbage Collection (Allocation Rate) 3658M(79%)->182M(4%)
[82.349s][info][gc] GC(52) Garbage Collection (Allocation Rate) 3534M(77%)->466M(10%)
[83.366s][info][gc] GC(53) Garbage Collection (Allocation Rate) 3538M(77%)->534M(12%)
[84.375s][info][gc] GC(54) Garbage Collection (Allocation Rate) 3562M(77%)->584M(13%)
[85.471s][info][gc] GC(55) Garbage Collection (Allocation Rate) 3624M(79%)->234M(5%)
[86.638s][info][gc] GC(56) Garbage Collection (Allocation Rate) 3642M(79%)->414M(9%)
[87.922s][info][gc] GC(57) Garbage Collection (Allocation Rate) 3716M(81%)->350M(8%)
[89.188s][info][gc] GC(58) Garbage Collection (Allocation Rate) 3672M(80%)->226M(5%)
[90.133s][info][gc] GC(59) Garbage Collection (Allocation Rate) 3202M(69%)->400M(9%)
[91.430s][info][gc] GC(60) Garbage Collection (Allocation Rate) 3654M(79%)->380M(8%)
[92.573s][info][gc] GC(61) Garbage Collection (Allocation Rate) 3864M(84%)->558M(12%)
[93.570s][info][gc] GC(62) Garbage Collection (Allocation Rate) 3574M(78%)->566M(12%)
[94.674s][info][gc] GC(63) Garbage Collection (Allocation Rate) 3890M(84%)->278M(6%)
[95.838s][info][gc] GC(64) Garbage Collection (Allocation Rate) 3636M(79%)->444M(10%)
[97.006s][info][gc] GC(65) Garbage Collection (Allocation Rate) 3552M(77%)->328M(7%)
[98.181s][info][gc] GC(66) Garbage Collection (Allocation Rate) 3598M(78%)->224M(5%)
[99.149s][info][gc] GC(67) Garbage Collection (Allocation Rate) 3498M(76%)->494M(11%)
[99.878s][info][gc] GC(68) Garbage Collection (Allocation Rate) 2012M(44%)->186M(4%)
[100.939s][info][gc] GC(69) Garbage Collection (Allocation Rate) 3430M(74%)->394M(9%)
[102.078s][info][gc] GC(70) Garbage Collection (Allocation Rate) 3782M(82%)->558M(12%)
[103.199s][info][gc] GC(71) Garbage Collection (Allocation Rate) 3802M(83%)->630M(14%)
[104.301s][info][gc] GC(72) Garbage Collection (Allocation Rate) 3800M(82%)->682M(15%)
[105.706s][info][gc] GC(73) Garbage Collection (Allocation Rate) 3758M(82%)->236M(5%)
[107.344s][info][gc] GC(74) Garbage Collection (Allocation Rate) 3966M(86%)->352M(8%)
[108.959s][info][gc] GC(75) Garbage Collection (Allocation Rate) 4038M(88%)->424M(9%)
[109.652s][info][gc] GC(76) Garbage Collection (Allocation Rate) 1036M(22%)->70M(2%)
[112.863s][info][gc] GC(77) Garbage Collection (Proactive) 2116M(46%)->90M(2%)
[115.163s][info][gc] GC(78) Garbage Collection (Proactive) 1562M(34%)->98M(2%)
[116.963s][info][gc] GC(79) Garbage Collection (Proactive) 1236M(27%)->110M(2%)
[118.351s][info][gc] GC(80) Garbage Collection (Proactive) 920M(20%)->72M(2%)
[119.856s][info][gc] GC(81) Garbage Collection (Proactive) 1024M(22%)->80M(2%)
[121.056s][info][gc] GC(82) Garbage Collection (Proactive) 840M(18%)->88M(2%)
[122.055s][info][gc] GC(83) Garbage Collection (Proactive) 712M(15%)->94M(2%)
[122.855s][info][gc] GC(84) Garbage Collection (Proactive) 594M(13%)->94M(2%)
[123.656s][info][gc] GC(85) Garbage Collection (Proactive) 598M(13%)->100M(2%)
[124.458s][info][gc] GC(86) Garbage Collection (Proactive) 602M(13%)->104M(2%)
[125.358s][info][gc] GC(87) Garbage Collection (Proactive) 668M(14%)->110M(2%)
[126.158s][info][gc] GC(88) Garbage Collection (Proactive) 612M(13%)->112M(2%)
[127.050s][info][gc] GC(89) Garbage Collection (Proactive) 628M(14%)->70M(2%)
[128.155s][info][gc] GC(90) Garbage Collection (Proactive) 758M(16%)->82M(2%)
[129.054s][info][gc] GC(91) Garbage Collection (Proactive) 648M(14%)->84M(2%)
[129.854s][info][gc] GC(92) Garbage Collection (Proactive) 590M(13%)->86M(2%)
[130.658s][info][gc] GC(93) Garbage Collection (Proactive) 596M(13%)->92M(2%)
[131.656s][info][gc] GC(94) Garbage Collection (Proactive) 722M(16%)->100M(2%)
[132.456s][info][gc] GC(95) Garbage Collection (Proactive) 600M(13%)->102M(2%)
[133.257s][info][gc] GC(96) Garbage Collection (Proactive) 616M(13%)->102M(2%)
[134.059s][info][gc] GC(97) Garbage Collection (Proactive) 602M(13%)->112M(2%)
[134.959s][info][gc] GC(98) Garbage Collection (Proactive) 672M(15%)->114M(2%)
[135.850s][info][gc] GC(99) Garbage Collection (Proactive) 630M(14%)->68M(1%)
[136.955s][info][gc] GC(100) Garbage Collection (Proactive) 772M(17%)->78M(2%)
[137.957s][info][gc] GC(101) Garbage Collection (Proactive) 708M(15%)->76M(2%)
[138.955s][info][gc] GC(102) Garbage Collection (Proactive) 696M(15%)->84M(2%)
[139.756s][info][gc] GC(103) Garbage Collection (Proactive) 590M(13%)->90M(2%)
[140.552s][info][gc] GC(104) Garbage Collection (Proactive) 596M(13%)->100M(2%)
[141.458s][info][gc] GC(105) Garbage Collection (Proactive) 662M(14%)->104M(2%)
[142.358s][info][gc] GC(106) Garbage Collection (Proactive) 668M(14%)->108M(2%)
[143.259s][info][gc] GC(107) Garbage Collection (Proactive) 674M(15%)->110M(2%)
[144.160s][info][gc] GC(108) Garbage Collection (Proactive) 682M(15%)->120M(3%)
[145.153s][info][gc] GC(109) Garbage Collection (Proactive) 684M(15%)->78M(2%)
[146.256s][info][gc] GC(110) Garbage Collection (Proactive) 782M(17%)->78M(2%)
[147.155s][info][gc] GC(111) Garbage Collection (Proactive) 652M(14%)->80M(2%)
[147.955s][info][gc] GC(112) Garbage Collection (Proactive) 590M(13%)->90M(2%)
[148.752s][info][gc] GC(113) Garbage Collection (Proactive) 588M(13%)->94M(2%)
[149.556s][info][gc] GC(114) Garbage Collection (Proactive) 600M(13%)->98M(2%)
[150.359s][info][gc] GC(115) Garbage Collection (Proactive) 610M(13%)->98M(2%)
[151.258s][info][gc] GC(116) Garbage Collection (Proactive) 668M(14%)->112M(2%)
[152.159s][info][gc] GC(117) Garbage Collection (Proactive) 682M(15%)->110M(2%)
[153.152s][info][gc] GC(118) Garbage Collection (Proactive) 688M(15%)->70M(2%)
[154.279s][info][gc] GC(119) Garbage Collection (Proactive) 2748M(60%)->182M(4%)
[155.945s][info][gc] GC(120) Garbage Collection (Allocation Rate) 4026M(87%)->356M(8%)
[157.558s][info][gc] GC(121) Garbage Collection (Allocation Rate) 4040M(88%)->422M(9%)
[159.219s][info][gc] GC(122) Garbage Collection (Allocation Rate) 3948M(86%)->260M(6%)
[160.845s][info][gc] GC(123) Garbage Collection (Allocation Rate) 3934M(85%)->362M(8%)
[162.458s][info][gc] GC(124) Garbage Collection (Allocation Rate) 4048M(88%)->198M(4%)
[162.957s][info][gc] GC(125) Garbage Collection (Allocation Rate) 734M(16%)->82M(2%)
[166.081s][info][gc] GC(126) Garbage Collection (Proactive) 3994M(87%)->146M(3%)
[169.507s][info][gc] GC(127) Garbage Collection (Allocation Rate) 4202M(91%)->160M(3%)
[172.053s][info][gc] GC(128) Garbage Collection (Proactive) 3136M(68%)->78M(2%)
[174.170s][info][gc] GC(129) Garbage Collection (Proactive) 2692M(58%)->122M(3%)
[176.552s][info][gc] GC(130) Garbage Collection (Proactive) 2922M(63%)->80M(2%)
[178.463s][info][gc] GC(131) Garbage Collection (Proactive) 2458M(53%)->120M(3%)
[180.673s][info][gc] GC(132) Garbage Collection (Proactive) 2824M(61%)->108M(2%)
[182.970s][info][gc] GC(133) Garbage Collection (Proactive) 2832M(61%)->118M(3%)
[184.866s][info][gc] GC(134) Garbage Collection (Proactive) 2466M(54%)->134M(3%)
[186.563s][info][gc] GC(135) Garbage Collection (Proactive) 2098M(46%)->92M(2%)
[188.471s][info][gc] GC(136) Garbage Collection (Proactive) 2478M(54%)->132M(3%)
[190.369s][info][gc] GC(137) Garbage Collection (Proactive) 3336M(72%)->150M(3%)
[191.553s][info][gc] GC(138) Garbage Collection (Allocation Rate) 3706M(80%)->448M(10%)
[192.671s][info][gc] GC(139) Garbage Collection (Allocation Rate) 3722M(81%)->500M(11%)
[193.793s][info][gc] GC(140) Garbage Collection (Allocation Rate) 3758M(82%)->618M(13%)
[194.885s][info][gc] GC(141) Garbage Collection (Allocation Rate) 3826M(83%)->586M(13%)
[196.411s][info][gc] GC(142) Garbage Collection (Allocation Rate) 3892M(84%)->264M(6%)
[198.047s][info][gc] GC(143) Garbage Collection (Allocation Rate) 4032M(88%)->362M(8%)
[199.658s][info][gc] GC(144) Garbage Collection (Allocation Rate) 4042M(88%)->192M(4%)
[202.030s][info][gc] GC(145) Garbage Collection (Allocation Rate) 4270M(93%)->248M(5%)
[204.298s][info][gc] GC(146) Garbage Collection (Allocation Rate) 3950M(86%)->186M(4%)
[206.559s][info][gc] GC(147) Garbage Collection (Proactive) 3930M(85%)->104M(2%)
[208.382s][info][gc] GC(148) Garbage Collection (Proactive) 3410M(74%)->146M(3%)
[210.698s][info][gc] GC(149) Garbage Collection (Allocation Rate) 3942M(86%)->178M(4%)
[213.069s][info][gc] GC(150) Garbage Collection (Allocation Rate) 4132M(90%)->134M(3%)
[215.084s][info][gc] GC(151) Garbage Collection (Proactive) 3798M(82%)->178M(4%)
[216.489s][info][gc] GC(152) Garbage Collection (Allocation Rate) 3716M(81%)->244M(5%)
[217.326s][info][gc] GC(153) Garbage Collection (Allocation Rate) 3252M(71%)->420M(9%)
[218.190s][info][gc] GC(154) Garbage Collection (Allocation Rate) 3278M(71%)->696M(15%)
[219.118s][info][gc] GC(155) Garbage Collection (Allocation Rate) 3710M(81%)->802M(17%)
[219.936s][info][gc] GC(156) Garbage Collection (Allocation Rate) 3284M(71%)->918M(20%)
[220.713s][info][gc] GC(157) Garbage Collection (Allocation Rate) 3308M(72%)->858M(19%)
[221.510s][info][gc] GC(158) Garbage Collection (Allocation Rate) 3354M(73%)->660M(14%)
[221.958s][info][gc] GC(159) Garbage Collection (Allocation Rate) 1146M(25%)->94M(2%)
[225.229s][info][gc] GC(160) Garbage Collection (Allocation Rate) 4064M(88%)->202M(4%)
[226.876s][info][gc] GC(161) Garbage Collection (Allocation Rate) 2814M(61%)->160M(3%)
[228.532s][info][gc] GC(162) Garbage Collection (Allocation Rate) 4026M(87%)->136M(3%)
[230.226s][info][gc] GC(163) Garbage Collection (Allocation Rate) 3866M(84%)->286M(6%)
[231.998s][info][gc] GC(164) Garbage Collection (Allocation Rate) 4092M(89%)->208M(5%)
[233.769s][info][gc] GC(165) Garbage Collection (Allocation Rate) 3998M(87%)->132M(3%)
[235.536s][info][gc] GC(166) Garbage Collection (Allocation Rate) 4240M(92%)->322M(7%)
[237.205s][info][gc] GC(167) Garbage Collection (Allocation Rate) 3848M(84%)->254M(6%)
[238.803s][info][gc] GC(168) Garbage Collection (Allocation Rate) 4312M(94%)->280M(6%)
[239.522s][info][gc] GC(169) Garbage Collection (Allocation Rate) 3134M(68%)->434M(9%)
[240.084s][info][gc] GC(170) Garbage Collection (Allocation Rate) 2316M(50%)->720M(16%)
[240.978s][info][gc] GC(171) Garbage Collection (Allocation Rate) 3376M(73%)->1030M(22%)
[241.520s][info][gc] GC(172) Garbage Collection (Allocation Rate) 2588M(56%)->902M(20%)
[242.142s][info][gc] GC(173) Garbage Collection (Allocation Rate) 2766M(60%)->1024M(22%)
[242.860s][info][gc] GC(174) Garbage Collection (Allocation Rate) 3194M(69%)->1134M(25%)
[243.460s][info][gc] GC(175) Garbage Collection (Allocation Rate) 2830M(61%)->1128M(24%)
[244.194s][info][gc] GC(176) Garbage Collection (Allocation Rate) 3230M(70%)->1322M(29%)
[244.813s][info][gc] GC(177) Garbage Collection (Allocation Rate) 2804M(61%)->1412M(31%)
[245.275s][info][gc] GC(178) Garbage Collection (Allocation Rate) 2144M(47%)->168M(4%)
[245.467s][info][gc] GC(179) Garbage Collection (Allocation Rate) 676M(15%)->144M(3%)
[246.628s][info][gc] GC(180) Garbage Collection (Allocation Rate) 3206M(70%)->332M(7%)
[247.999s][info][gc] GC(181) Garbage Collection (Allocation Rate) 3782M(82%)->236M(5%)
[249.368s][info][gc] GC(182) Garbage Collection (Allocation Rate) 3772M(82%)->126M(3%)
[250.631s][info][gc] GC(183) Garbage Collection (Allocation Rate) 3682M(80%)->352M(8%)
[251.997s][info][gc] GC(184) Garbage Collection (Allocation Rate) 3752M(81%)->244M(5%)
[253.370s][info][gc] GC(185) Garbage Collection (Allocation Rate) 3772M(82%)->158M(3%)
[254.747s][info][gc] GC(186) Garbage Collection (Allocation Rate) 4006M(87%)->394M(9%)
[255.817s][info][gc] GC(187) Garbage Collection (Allocation Rate) 3452M(75%)->432M(9%)
[256.312s][info][gc] GC(188) Garbage Collection (Allocation Rate) 2282M(50%)->414M(9%)
[256.870s][info][gc] GC(189) Garbage Collection (Allocation Rate) 2318M(50%)->674M(15%)
[257.598s][info][gc] GC(190) Garbage Collection (Allocation Rate) 3218M(70%)->830M(18%)
[258.328s][info][gc] GC(191) Garbage Collection (Allocation Rate) 3296M(72%)->974M(21%)
[259.046s][info][gc] GC(192) Garbage Collection (Allocation Rate) 3272M(71%)->1054M(23%)
[259.635s][info][gc] GC(193) Garbage Collection (Allocation Rate) 2846M(62%)->1042M(23%)
[260.368s][info][gc] GC(194) Garbage Collection (Allocation Rate) 3342M(73%)->1196M(26%)
[260.980s][info][gc] GC(195) Garbage Collection (Allocation Rate) 2902M(63%)->1276M(28%)
[261.599s][info][gc] GC(196) Garbage Collection (Allocation Rate) 2878M(62%)->1242M(27%)
[262.078s][info][gc] GC(197) Garbage Collection (Allocation Rate) 2128M(46%)->200M(4%)
[262.166s][info][gc] GC(198) Garbage Collection (Allocation Rate) 412M(9%)->164M(4%)
[263.133s][info][gc] GC(199) Garbage Collection (Allocation Rate) 3116M(68%)->396M(9%)
[264.305s][info][gc] GC(200) Garbage Collection (Allocation Rate) 3528M(77%)->280M(6%)
[265.339s][info][gc] GC(201) Garbage Collection (Allocation Rate) 3416M(74%)->392M(9%)
[266.629s][info][gc] GC(202) Garbage Collection (Allocation Rate) 3824M(83%)->378M(8%)
[267.893s][info][gc] GC(203) Garbage Collection (Allocation Rate) 3758M(82%)->250M(5%)
[268.947s][info][gc] GC(204) Garbage Collection (Allocation Rate) 3432M(74%)->444M(10%)
[270.227s][info][gc] GC(205) Garbage Collection (Allocation Rate) 3908M(85%)->368M(8%)
[271.412s][info][gc] GC(206) Garbage Collection (Allocation Rate) 3750M(81%)->376M(8%)
[272.201s][info][gc] GC(207) Garbage Collection (Allocation Rate) 3186M(69%)->834M(18%)
[272.317s][info][gc] GC(208) Garbage Collection (Allocation Rate) 992M(22%)->458M(10%)
[272.994s][info][gc] GC(209) Garbage Collection (Allocation Rate) 2786M(60%)->800M(17%)
[273.739s][info][gc] GC(210) Garbage Collection (Allocation Rate) 3282M(71%)->1006M(22%)
[274.323s][info][gc] GC(211) Garbage Collection (Allocation Rate) 2798M(61%)->984M(21%)
[275.056s][info][gc] GC(212) Garbage Collection (Allocation Rate) 3308M(72%)->1164M(25%)
[275.646s][info][gc] GC(213) Garbage Collection (Allocation Rate) 2890M(63%)->1106M(24%)
[276.307s][info][gc] GC(214) Garbage Collection (Allocation Rate) 2860M(62%)->1340M(29%)
[276.782s][info][gc] GC(215) Garbage Collection (Allocation Rate) 2350M(51%)->1292M(28%)
[277.371s][info][gc] GC(216) Garbage Collection (Allocation Rate) 2816M(61%)->1200M(26%)
[277.887s][info][gc] GC(217) Garbage Collection (Allocation Rate) 2286M(50%)->246M(5%)
[278.412s][info][gc] GC(218) Garbage Collection (Allocation Rate) 1926M(42%)->340M(7%)
[279.218s][info][gc] GC(219) Garbage Collection (Allocation Rate) 2926M(63%)->130M(3%)
[280.340s][info][gc] GC(220) Garbage Collection (Allocation Rate) 3550M(77%)->444M(10%)
[281.381s][info][gc] GC(221) Garbage Collection (Allocation Rate) 3336M(72%)->218M(5%)
[282.343s][info][gc] GC(222) Garbage Collection (Allocation Rate) 3394M(74%)->458M(10%)
[283.404s][info][gc] GC(223) Garbage Collection (Allocation Rate) 3428M(74%)->318M(7%)
[284.330s][info][gc] GC(224) Garbage Collection (Allocation Rate) 3398M(74%)->212M(5%)
[285.550s][info][gc] GC(225) Garbage Collection (Allocation Rate) 3876M(84%)->496M(11%)
[286.593s][info][gc] GC(226) Garbage Collection (Allocation Rate) 3410M(74%)->238M(5%)
[287.471s][info][gc] GC(227) Garbage Collection (Allocation Rate) 3078M(67%)->540M(12%)
[288.382s][info][gc] GC(228) Garbage Collection (Allocation Rate) 3478M(75%)->650M(14%)
[289.193s][info][gc] GC(229) Garbage Collection (Allocation Rate) 3200M(69%)->730M(16%)
[290.105s][info][gc] GC(230) Garbage Collection (Allocation Rate) 3632M(79%)->762M(17%)
[291.050s][info][gc] GC(231) Garbage Collection (Allocation Rate) 3614M(78%)->942M(20%)
[291.838s][info][gc] GC(232) Garbage Collection (Allocation Rate) 3214M(70%)->922M(20%)
[292.601s][info][gc] GC(233) Garbage Collection (Allocation Rate) 3266M(71%)->486M(11%)
[293.524s][info][gc] GC(234) Garbage Collection (Allocation Rate) 3178M(69%)->338M(7%)
[294.575s][info][gc] GC(235) Garbage Collection (Allocation Rate) 3296M(72%)->506M(11%)
[295.672s][info][gc] GC(236) Garbage Collection (Allocation Rate) 3618M(79%)->552M(12%)
[296.801s][info][gc] GC(237) Garbage Collection (Allocation Rate) 3718M(81%)->652M(14%)
[297.898s][info][gc] GC(238) Garbage Collection (Allocation Rate) 3704M(80%)->666M(14%)
[298.887s][info][gc] GC(239) Garbage Collection (Allocation Rate) 2458M(53%)->170M(4%)
[302.272s][info][gc] GC(240) Garbage Collection (Allocation Rate) 4204M(91%)->306M(7%)
[303.755s][info][gc] GC(241) Garbage Collection (Allocation Rate) 1674M(36%)->74M(2%)
[307.366s][info][gc] GC(242) Garbage Collection (Proactive) 2284M(50%)->96M(2%)
[309.966s][info][gc] GC(243) Garbage Collection (Proactive) 1718M(37%)->106M(2%)
[311.965s][info][gc] GC(244) Garbage Collection (Proactive) 1348M(29%)->118M(3%)
[313.551s][info][gc] GC(245) Garbage Collection (Proactive) 1074M(23%)->72M(2%)
[315.257s][info][gc] GC(246) Garbage Collection (Proactive) 1138M(25%)->82M(2%)
[316.557s][info][gc] GC(247) Garbage Collection (Proactive) 896M(19%)->94M(2%)
[317.656s][info][gc] GC(248) Garbage Collection (Proactive) 778M(17%)->98M(2%)
[318.556s][info][gc] GC(249) Garbage Collection (Proactive) 646M(14%)->92M(2%)
[319.357s][info][gc] GC(250) Garbage Collection (Proactive) 596M(13%)->100M(2%)
[320.157s][info][gc] GC(251) Garbage Collection (Proactive) 598M(13%)->110M(2%)
[320.959s][info][gc] GC(252) Garbage Collection (Proactive) 598M(13%)->116M(3%)
[321.858s][info][gc] GC(253) Garbage Collection (Proactive) 678M(15%)->118M(3%)
[322.750s][info][gc] GC(254) Garbage Collection (Proactive) 632M(14%)->68M(1%)
[323.854s][info][gc] GC(255) Garbage Collection (Proactive) 772M(17%)->80M(2%)
[324.754s][info][gc] GC(256) Garbage Collection (Proactive) 640M(14%)->82M(2%)
[325.554s][info][gc] GC(257) Garbage Collection (Proactive) 582M(13%)->86M(2%)
[326.354s][info][gc] GC(258) Garbage Collection (Proactive) 586M(13%)->90M(2%)
[327.156s][info][gc] GC(259) Garbage Collection (Proactive) 580M(13%)->100M(2%)
[327.956s][info][gc] GC(260) Garbage Collection (Proactive) 602M(13%)->100M(2%)
[328.757s][info][gc] GC(261) Garbage Collection (Proactive) 592M(13%)->104M(2%)
[329.557s][info][gc] GC(262) Garbage Collection (Proactive) 598M(13%)->112M(2%)
[330.357s][info][gc] GC(263) Garbage Collection (Proactive) 606M(13%)->118M(3%)
[331.158s][info][gc] GC(264) Garbage Collection (Proactive) 602M(13%)->122M(3%)
[331.960s][info][gc] GC(265) Garbage Collection (Proactive) 612M(13%)->126M(3%)
[332.952s][info][gc] GC(266) Garbage Collection (Proactive) 704M(15%)->72M(2%)
[334.056s][info][gc] GC(267) Garbage Collection (Proactive) 758M(16%)->82M(2%)
[335.055s][info][gc] GC(268) Garbage Collection (Proactive) 694M(15%)->88M(2%)
[335.855s][info][gc] GC(269) Garbage Collection (Proactive) 588M(13%)->88M(2%)
[336.655s][info][gc] GC(270) Garbage Collection (Proactive) 590M(13%)->90M(2%)
[337.460s][info][gc] GC(271) Garbage Collection (Proactive) 588M(13%)->104M(2%)
[338.560s][info][gc] GC(272) Garbage Collection (Proactive) 784M(17%)->106M(2%)
[339.659s][info][gc] GC(273) Garbage Collection (Proactive) 780M(17%)->112M(2%)
[340.659s][info][gc] GC(274) Garbage Collection (Proactive) 726M(16%)->116M(3%)
[341.560s][info][gc] GC(275) Garbage Collection (Proactive) 674M(15%)->122M(3%)
[342.552s][info][gc] GC(276) Garbage Collection (Proactive) 712M(15%)->68M(1%)
[343.655s][info][gc] GC(277) Garbage Collection (Proactive) 758M(16%)->80M(2%)
[344.554s][info][gc] GC(278) Garbage Collection (Proactive) 638M(14%)->84M(2%)
[345.355s][info][gc] GC(279) Garbage Collection (Proactive) 580M(13%)->92M(2%)
[346.156s][info][gc] GC(280) Garbage Collection (Proactive) 598M(13%)->88M(2%)
[346.957s][info][gc] GC(281) Garbage Collection (Proactive) 582M(13%)->100M(2%)
[347.756s][info][gc] GC(282) Garbage Collection (Proactive) 592M(13%)->102M(2%)
[348.557s][info][gc] GC(283) Garbage Collection (Proactive) 594M(13%)->110M(2%)
[349.358s][info][gc] GC(284) Garbage Collection (Proactive) 606M(13%)->114M(2%)
[350.258s][info][gc] GC(285) Garbage Collection (Proactive) 662M(14%)->114M(2%)
[351.158s][info][gc] GC(286) Garbage Collection (Proactive) 676M(15%)->118M(3%)
[352.052s][info][gc] GC(287) Garbage Collection (Proactive) 638M(14%)->70M(2%)
[353.154s][info][gc] GC(288) Garbage Collection (Proactive) 754M(16%)->80M(2%)
[354.054s][info][gc] GC(289) Garbage Collection (Proactive) 646M(14%)->80M(2%)
[354.852s][info][gc] GC(290) Garbage Collection (Proactive) 578M(13%)->86M(2%)
[355.655s][info][gc] GC(291) Garbage Collection (Proactive) 588M(13%)->92M(2%)
[356.460s][info][gc] GC(292) Garbage Collection (Proactive) 578M(13%)->100M(2%)
[357.559s][info][gc] GC(293) Garbage Collection (Proactive) 774M(17%)->106M(2%)
[358.659s][info][gc] GC(294) Garbage Collection (Proactive) 778M(17%)->110M(2%)
[359.658s][info][gc] GC(295) Garbage Collection (Proactive) 724M(16%)->116M(3%)
[360.558s][info][gc] GC(296) Garbage Collection (Proactive) 664M(14%)->120M(3%)
[361.451s][info][gc] GC(297) Garbage Collection (Proactive) 640M(14%)->68M(1%)
[362.554s][info][gc] GC(298) Garbage Collection (Proactive) 760M(16%)->82M(2%)
[363.456s][info][gc] GC(299) Garbage Collection (Proactive) 640M(14%)->86M(2%)
[364.355s][info][gc] GC(300) Garbage Collection (Proactive) 642M(14%)->88M(2%)
[365.156s][info][gc] GC(301) Garbage Collection (Proactive) 582M(13%)->92M(2%)
[365.956s][info][gc] GC(302) Garbage Collection (Proactive) 594M(13%)->100M(2%)
[366.757s][info][gc] GC(303) Garbage Collection (Proactive) 606M(13%)->102M(2%)
[367.559s][info][gc] GC(304) Garbage Collection (Proactive) 590M(13%)->110M(2%)
[368.560s][info][gc] GC(305) Garbage Collection (Proactive) 738M(16%)->118M(3%)
[369.559s][info][gc] GC(306) Garbage Collection (Proactive) 736M(16%)->126M(3%)
[370.460s][info][gc] GC(307) Garbage Collection (Proactive) 686M(15%)->124M(3%)
[371.353s][info][gc] GC(308) Garbage Collection (Proactive) 630M(14%)->74M(2%)
[372.456s][info][gc] GC(309) Garbage Collection (Proactive) 766M(17%)->78M(2%)
[373.354s][info][gc] GC(310) Garbage Collection (Proactive) 640M(14%)->84M(2%)
[374.158s][info][gc] GC(311) Garbage Collection (Proactive) 592M(13%)->84M(2%)
[375.056s][info][gc] GC(312) Garbage Collection (Proactive) 642M(14%)->90M(2%)
[375.856s][info][gc] GC(313) Garbage Collection (Proactive) 588M(13%)->100M(2%)
[376.657s][info][gc] GC(314) Garbage Collection (Proactive) 592M(13%)->104M(2%)
[377.459s][info][gc] GC(315) Garbage Collection (Proactive) 588M(13%)->112M(2%)
[378.459s][info][gc] GC(316) Garbage Collection (Proactive) 732M(16%)->106M(2%)
[379.359s][info][gc] GC(317) Garbage Collection (Proactive) 666M(14%)->114M(2%)
[380.252s][info][gc] GC(318) Garbage Collection (Proactive) 646M(14%)->70M(2%)
[381.383s][info][gc] GC(319) Garbage Collection (Proactive) 2680M(58%)->138M(3%)
[383.159s][info][gc] GC(320) Garbage Collection (Allocation Rate) 3970M(86%)->362M(8%)
[384.758s][info][gc] GC(321) Garbage Collection (Allocation Rate) 3846M(83%)->404M(9%)
[386.498s][info][gc] GC(322) Garbage Collection (Allocation Rate) 4164M(90%)->222M(5%)
[388.140s][info][gc] GC(323) Garbage Collection (Allocation Rate) 3942M(86%)->334M(7%)
[389.756s][info][gc] GC(324) Garbage Collection (Allocation Rate) 3972M(86%)->394M(9%)
[391.389s][info][gc] GC(325) Garbage Collection (Allocation Rate) 3978M(86%)->196M(4%)
[393.136s][info][gc] GC(326) Garbage Collection (Allocation Rate) 4146M(90%)->334M(7%)
[394.756s][info][gc] GC(327) Garbage Collection (Allocation Rate) 3964M(86%)->404M(9%)
[396.384s][info][gc] GC(328) Garbage Collection (Allocation Rate) 3974M(86%)->188M(4%)
[398.039s][info][gc] GC(329) Garbage Collection (Allocation Rate) 3952M(86%)->332M(7%)
[399.648s][info][gc] GC(330) Garbage Collection (Allocation Rate) 3966M(86%)->384M(8%)
[401.361s][info][gc] GC(331) Garbage Collection (Allocation Rate) 3572M(78%)->92M(2%)
[404.278s][info][gc] GC(332) Garbage Collection (Proactive) 3626M(79%)->144M(3%)
[407.364s][info][gc] GC(333) Garbage Collection (Proactive) 3812M(83%)->88M(2%)
[409.775s][info][gc] GC(334) Garbage Collection (Proactive) 3054M(66%)->140M(3%)
[412.164s][info][gc] GC(335) Garbage Collection (Proactive) 2974M(65%)->108M(2%)
[414.374s][info][gc] GC(336) Garbage Collection (Proactive) 2784M(60%)->132M(3%)
[416.559s][info][gc] GC(337) Garbage Collection (Proactive) 2668M(58%)->92M(2%)
[418.672s][info][gc] GC(338) Garbage Collection (Proactive) 2678M(58%)->108M(2%)
[420.952s][info][gc] GC(339) Garbage Collection (Proactive) 2782M(60%)->82M(2%)
[423.071s][info][gc] GC(340) Garbage Collection (Proactive) 2666M(58%)->112M(2%)
[425.579s][info][gc] GC(341) Garbage Collection (Proactive) 3126M(68%)->154M(3%)
[428.373s][info][gc] GC(342) Garbage Collection (Proactive) 3448M(75%)->124M(3%)
[430.574s][info][gc] GC(343) Garbage Collection (Proactive) 2812M(61%)->132M(3%)
[432.467s][info][gc] GC(344) Garbage Collection (Proactive) 2348M(51%)->106M(2%)
[434.370s][info][gc] GC(345) Garbage Collection (Proactive) 2438M(53%)->126M(3%)
[436.256s][info][gc] GC(346) Garbage Collection (Proactive) 2308M(50%)->88M(2%)
[438.472s][info][gc] GC(347) Garbage Collection (Proactive) 2798M(61%)->112M(2%)
[440.862s][info][gc] GC(348) Garbage Collection (Proactive) 3354M(73%)->106M(2%)
[442.154s][info][gc] GC(349) Garbage Collection (Allocation Rate) 3966M(86%)->448M(10%)
[443.264s][info][gc] GC(350) Garbage Collection (Allocation Rate) 3676M(80%)->504M(11%)
[444.390s][info][gc] GC(351) Garbage Collection (Allocation Rate) 3740M(81%)->608M(13%)
[445.509s][info][gc] GC(352) Garbage Collection (Allocation Rate) 3684M(80%)->676M(15%)
[446.573s][info][gc] GC(353) Garbage Collection (Allocation Rate) 3582M(78%)->162M(4%)
[447.741s][info][gc] GC(354) Garbage Collection (Allocation Rate) 3296M(72%)->376M(8%)
[448.950s][info][gc] GC(355) Garbage Collection (Allocation Rate) 3634M(79%)->410M(9%)
[450.261s][info][gc] GC(356) Garbage Collection (Allocation Rate) 3940M(86%)->474M(10%)
[451.577s][info][gc] GC(357) Garbage Collection (Allocation Rate) 3842M(83%)->428M(9%)
[452.861s][info][gc] GC(358) Garbage Collection (Allocation Rate) 3892M(84%)->458M(10%)
[454.192s][info][gc] GC(359) Garbage Collection (Allocation Rate) 3972M(86%)->570M(12%)
[455.480s][info][gc] GC(360) Garbage Collection (Allocation Rate) 3952M(86%)->554M(12%)
[456.783s][info][gc] GC(361) Garbage Collection (Allocation Rate) 3852M(84%)->250M(5%)
[457.263s][info][gc] GC(362) Garbage Collection (Allocation Rate) 1092M(24%)->112M(2%)
[459.533s][info][gc] GC(363) Garbage Collection (Allocation Rate) 4064M(88%)->264M(6%)
[461.805s][info][gc] GC(364) Garbage Collection (Allocation Rate) 3994M(87%)->208M(5%)
[464.058s][info][gc] GC(365) Garbage Collection (Proactive) 3996M(87%)->106M(2%)
[465.983s][info][gc] GC(366) Garbage Collection (Proactive) 3532M(77%)->178M(4%)
[468.291s][info][gc] GC(367) Garbage Collection (Allocation Rate) 3978M(86%)->162M(4%)
[470.629s][info][gc] GC(368) Garbage Collection (Allocation Rate) 4152M(90%)->118M(3%)
[473.034s][info][gc] GC(369) Garbage Collection (Allocation Rate) 4250M(92%)->254M(6%)
[475.270s][info][gc] GC(370) Garbage Collection (Proactive) 4032M(88%)->138M(3%)
[477.288s][info][gc] GC(371) Garbage Collection (Proactive) 3694M(80%)->190M(4%)
[479.720s][info][gc] GC(372) Garbage Collection (Allocation Rate) 4202M(91%)->230M(5%)
[482.089s][info][gc] GC(373) Garbage Collection (Allocation Rate) 4174M(91%)->156M(3%)
[484.437s][info][gc] GC(374) Garbage Collection (Allocation Rate) 4222M(92%)->160M(3%)
[485.092s][info][gc] GC(375) Garbage Collection (Allocation Rate) 2162M(47%)->264M(6%)
[486.059s][info][gc] GC(376) Garbage Collection (Allocation Rate) 3552M(77%)->534M(12%)
[486.994s][info][gc] GC(377) Garbage Collection (Allocation Rate) 3538M(77%)->672M(15%)
[487.902s][info][gc] GC(378) Garbage Collection (Allocation Rate) 3424M(74%)->726M(16%)
[488.825s][info][gc] GC(379) Garbage Collection (Allocation Rate) 3624M(79%)->880M(19%)
[489.621s][info][gc] GC(380) Garbage Collection (Allocation Rate) 3284M(71%)->860M(19%)
[490.432s][info][gc] GC(381) Garbage Collection (Allocation Rate) 3316M(72%)->918M(20%)
[491.176s][info][gc] GC(382) Garbage Collection (Allocation Rate) 3132M(68%)->186M(4%)
[492.129s][info][gc] GC(383) Garbage Collection (Allocation Rate) 3022M(66%)->372M(8%)
[493.264s][info][gc] GC(384) Garbage Collection (Allocation Rate) 3694M(80%)->504M(11%)
[494.391s][info][gc] GC(385) Garbage Collection (Allocation Rate) 3714M(81%)->610M(13%)
[495.510s][info][gc] GC(386) Garbage Collection (Allocation Rate) 3694M(80%)->634M(14%)
[496.588s][info][gc] GC(387) Garbage Collection (Allocation Rate) 3584M(78%)->518M(11%)
[497.285s][info][gc] GC(388) Garbage Collection (Allocation Rate) 1334M(29%)->172M(4%)
[500.679s][info][gc] GC(389) Garbage Collection (Allocation Rate) 4186M(91%)->318M(7%)
[502.175s][info][gc] GC(390) Garbage Collection (Allocation Rate) 2646M(57%)->150M(3%)
[503.838s][info][gc] GC(391) Garbage Collection (Allocation Rate) 3910M(85%)->328M(7%)
[505.512s][info][gc] GC(392) Garbage Collection (Allocation Rate) 3958M(86%)->256M(6%)
[507.174s][info][gc] GC(393) Garbage Collection (Allocation Rate) 3918M(85%)->160M(3%)
[508.941s][info][gc] GC(394) Garbage Collection (Allocation Rate) 4190M(91%)->332M(7%)
[510.607s][info][gc] GC(395) Garbage Collection (Allocation Rate) 3918M(85%)->254M(6%)
[512.266s][info][gc] GC(396) Garbage Collection (Allocation Rate) 3924M(85%)->114M(2%)
[514.037s][info][gc] GC(397) Garbage Collection (Allocation Rate) 4166M(90%)->324M(7%)
[515.700s][info][gc] GC(398) Garbage Collection (Allocation Rate) 3938M(85%)->222M(5%)
[517.469s][info][gc] GC(399) Garbage Collection (Allocation Rate) 4134M(90%)->120M(3%)
[519.238s][info][gc] GC(400) Garbage Collection (Allocation Rate) 4196M(91%)->338M(7%)
[520.904s][info][gc] GC(401) Garbage Collection (Allocation Rate) 3920M(85%)->212M(5%)
[522.600s][info][gc] GC(402) Garbage Collection (Allocation Rate) 3994M(87%)->366M(8%)
[523.105s][info][gc] GC(403) Garbage Collection (Allocation Rate) 2302M(50%)->342M(7%)
[523.727s][info][gc] GC(404) Garbage Collection (Allocation Rate) 2740M(59%)->464M(10%)
[524.274s][info][gc] GC(405) Garbage Collection (Allocation Rate) 2278M(49%)->690M(15%)
[525.013s][info][gc] GC(406) Garbage Collection (Allocation Rate) 3218M(70%)->888M(19%)
[525.739s][info][gc] GC(407) Garbage Collection (Allocation Rate) 3254M(71%)->1004M(22%)
[526.456s][info][gc] GC(408) Garbage Collection (Allocation Rate) 3184M(69%)->1094M(24%)
[527.082s][info][gc] GC(409) Garbage Collection (Allocation Rate) 2798M(61%)->1218M(26%)
[527.688s][info][gc] GC(410) Garbage Collection (Allocation Rate) 2832M(61%)->1268M(28%)
[528.261s][info][gc] GC(411) Garbage Collection (Allocation Rate) 2826M(61%)->1188M(26%)
[528.902s][info][gc] GC(412) Garbage Collection (Allocation Rate) 2888M(63%)->1374M(30%)
[529.469s][info][gc] GC(413) Garbage Collection (Allocation Rate) 2896M(63%)->906M(20%)
[529.983s][info][gc] GC(414) Garbage Collection (Allocation Rate) 2008M(44%)->164M(4%)
[530.066s][info][gc] GC(415) Garbage Collection (Allocation Rate) 314M(7%)->140M(3%)
[531.636s][info][gc] GC(416) Garbage Collection (Allocation Rate) 3694M(80%)->332M(7%)
[533.257s][info][gc] GC(417) Garbage Collection (Allocation Rate) 3982M(86%)->410M(9%)
[534.927s][info][gc] GC(418) Garbage Collection (Allocation Rate) 3786M(82%)->216M(5%)
[535.283s][info][gc] GC(419) Garbage Collection (Allocation Rate) 618M(13%)->168M(4%)
[537.379s][info][gc] GC(420) Garbage Collection (Proactive) 2714M(59%)->194M(4%)
[539.762s][info][gc] GC(421) Garbage Collection (Proactive) 3472M(75%)->130M(3%)
[540.933s][info][gc] GC(422) Garbage Collection (Allocation Rate) 3304M(72%)->348M(8%)
[542.298s][info][gc] GC(423) Garbage Collection (Allocation Rate) 3792M(82%)->236M(5%)
[543.656s][info][gc] GC(424) Garbage Collection (Allocation Rate) 3934M(85%)->438M(10%)
[544.920s][info][gc] GC(425) Garbage Collection (Allocation Rate) 3634M(79%)->318M(7%)
[546.274s][info][gc] GC(426) Garbage Collection (Allocation Rate) 3880M(84%)->170M(4%)
[547.532s][info][gc] GC(427) Garbage Collection (Allocation Rate) 3612M(78%)->360M(8%)
[548.898s][info][gc] GC(428) Garbage Collection (Allocation Rate) 3888M(84%)->236M(5%)
[550.235s][info][gc] GC(429) Garbage Collection (Allocation Rate) 3936M(85%)->182M(4%)
[551.635s][info][gc] GC(430) Garbage Collection (Allocation Rate) 3870M(84%)->362M(8%)
[552.994s][info][gc] GC(431) Garbage Collection (Allocation Rate) 3844M(83%)->216M(5%)
[554.339s][info][gc] GC(432) Garbage Collection (Allocation Rate) 3944M(86%)->366M(8%)
[555.731s][info][gc] GC(433) Garbage Collection (Allocation Rate) 3908M(85%)->356M(8%)
[557.019s][info][gc] GC(434) Garbage Collection (Allocation Rate) 3820M(83%)->430M(9%)
[557.745s][info][gc] GC(435) Garbage Collection (Allocation Rate) 3284M(71%)->566M(12%)
[558.242s][info][gc] GC(436) Garbage Collection (Allocation Rate) 2392M(52%)->522M(11%)
[558.915s][info][gc] GC(437) Garbage Collection (Allocation Rate) 2870M(62%)->858M(19%)
[559.522s][info][gc] GC(438) Garbage Collection (Allocation Rate) 2868M(62%)->914M(20%)
[560.246s][info][gc] GC(439) Garbage Collection (Allocation Rate) 3360M(73%)->1074M(23%)
[560.838s][info][gc] GC(440) Garbage Collection (Allocation Rate) 2932M(64%)->992M(22%)
[561.484s][info][gc] GC(441) Garbage Collection (Allocation Rate) 2874M(62%)->1144M(25%)
[562.068s][info][gc] GC(442) Garbage Collection (Allocation Rate) 2778M(60%)->1188M(26%)
[562.689s][info][gc] GC(443) Garbage Collection (Allocation Rate) 2930M(64%)->1192M(26%)
[563.309s][info][gc] GC(444) Garbage Collection (Allocation Rate) 2820M(61%)->1438M(31%)
[563.806s][info][gc] GC(445) Garbage Collection (Allocation Rate) 2504M(54%)->1412M(31%)
[564.319s][info][gc] GC(446) Garbage Collection (Allocation Rate) 2478M(54%)->1450M(31%)
[564.906s][info][gc] GC(447) Garbage Collection (Allocation Rate) 2880M(62%)->1348M(29%)
[565.374s][info][gc] GC(448) Garbage Collection (Allocation Rate) 2114M(46%)->140M(3%)
[565.454s][info][gc] GC(449) Garbage Collection (Allocation Rate) 258M(6%)->110M(2%)
[567.633s][info][gc] GC(450) Garbage Collection (Allocation Rate) 3922M(85%)->264M(6%)
[569.854s][info][gc] GC(451) Garbage Collection (Allocation Rate) 4108M(89%)->344M(7%)
[570.568s][info][gc] GC(452) Garbage Collection (Allocation Rate) 924M(20%)->112M(2%)
[573.270s][info][gc] GC(453) Garbage Collection (Proactive) 1796M(39%)->136M(3%)
[575.582s][info][gc] GC(454) Garbage Collection (Allocation Rate) 3602M(78%)->222M(5%)
[576.758s][info][gc] GC(455) Garbage Collection (Allocation Rate) 3544M(77%)->96M(2%)
[577.937s][info][gc] GC(456) Garbage Collection (Allocation Rate) 3698M(80%)->394M(9%)
[579.093s][info][gc] GC(457) Garbage Collection (Allocation Rate) 3596M(78%)->222M(5%)
[580.250s][info][gc] GC(458) Garbage Collection (Allocation Rate) 3698M(80%)->444M(10%)
[581.410s][info][gc] GC(459) Garbage Collection (Allocation Rate) 3594M(78%)->312M(7%)
[582.539s][info][gc] GC(460) Garbage Collection (Allocation Rate) 3722M(81%)->328M(7%)
[583.839s][info][gc] GC(461) Garbage Collection (Allocation Rate) 3904M(85%)->388M(8%)
[585.101s][info][gc] GC(462) Garbage Collection (Allocation Rate) 3852M(84%)->262M(6%)
[586.248s][info][gc] GC(463) Garbage Collection (Allocation Rate) 3710M(81%)->440M(10%)
[587.407s][info][gc] GC(464) Garbage Collection (Allocation Rate) 3602M(78%)->272M(6%)
[588.531s][info][gc] GC(465) Garbage Collection (Allocation Rate) 3674M(80%)->184M(4%)
[589.736s][info][gc] GC(466) Garbage Collection (Allocation Rate) 3668M(80%)->380M(8%)
[590.999s][info][gc] GC(467) Garbage Collection (Allocation Rate) 3954M(86%)->294M(6%)
[592.058s][info][gc] GC(468) Garbage Collection (Allocation Rate) 3604M(78%)->514M(11%)
[593.090s][info][gc] GC(469) Garbage Collection (Allocation Rate) 3680M(80%)->650M(14%)
[594.104s][info][gc] GC(470) Garbage Collection (Allocation Rate) 3674M(80%)->712M(15%)
[595.010s][info][gc] GC(471) Garbage Collection (Allocation Rate) 3388M(74%)->768M(17%)
[595.918s][info][gc] GC(472) Garbage Collection (Allocation Rate) 3400M(74%)->800M(17%)
[596.861s][info][gc] GC(473) Garbage Collection (Allocation Rate) 3414M(74%)->996M(22%)
[597.749s][info][gc] GC(474) Garbage Collection (Allocation Rate) 3430M(74%)->972M(21%)
[598.675s][info][gc] GC(475) Garbage Collection (Allocation Rate) 3486M(76%)->1078M(23%)
[599.613s][info][gc] GC(476) Garbage Collection (Allocation Rate) 3464M(75%)->1264M(27%)
[600.393s][info][gc] GC(477) Garbage Collection (Allocation Rate) 3158M(69%)->1186M(26%)
[601.206s][info][gc] GC(478) Garbage Collection (Allocation Rate) 3168M(69%)->1246M(27%)
[602.015s][info][gc] GC(479) Garbage Collection (Allocation Rate) 3156M(68%)->1324M(29%)
[602.661s][info][gc] GC(480) Garbage Collection (Allocation Rate) 3072M(67%)->88M(2%)
[602.955s][info][gc] GC(481) Garbage Collection (Allocation Rate) 266M(6%)->88M(2%)
[607.673s][info][gc] GC(482) Garbage Collection (Proactive) 3034M(66%)->118M(3%)
[611.271s][info][gc] GC(483) Garbage Collection (Proactive) 2366M(51%)->142M(3%)
[612.984s][info][gc] GC(484) Garbage Collection (Allocation Rate) 3524M(76%)->228M(5%)
[613.834s][info][gc] GC(485) Garbage Collection (Allocation Rate) 2960M(64%)->360M(8%)
[615.044s][info][gc] GC(486) Garbage Collection (Allocation Rate) 3904M(85%)->456M(10%)
[616.096s][info][gc] GC(487) Garbage Collection (Allocation Rate) 3484M(76%)->246M(5%)
[617.145s][info][gc] GC(488) Garbage Collection (Allocation Rate) 3672M(80%)->444M(10%)
[618.200s][info][gc] GC(489) Garbage Collection (Allocation Rate) 3388M(74%)->272M(6%)
[619.258s][info][gc] GC(490) Garbage Collection (Allocation Rate) 3580M(78%)->512M(11%)
[620.333s][info][gc] GC(491) Garbage Collection (Allocation Rate) 3456M(75%)->396M(9%)
[621.247s][info][gc] GC(492) Garbage Collection (Allocation Rate) 3306M(72%)->392M(9%)
[622.438s][info][gc] GC(493) Garbage Collection (Allocation Rate) 3866M(84%)->446M(10%)
[623.589s][info][gc] GC(494) Garbage Collection (Allocation Rate) 3842M(83%)->248M(5%)
[624.554s][info][gc] GC(495) Garbage Collection (Allocation Rate) 3340M(72%)->488M(11%)
[625.602s][info][gc] GC(496) Garbage Collection (Allocation Rate) 3568M(77%)->308M(7%)
[626.658s][info][gc] GC(497) Garbage Collection (Allocation Rate) 3648M(79%)->512M(11%)
[627.816s][info][gc] GC(498) Garbage Collection (Allocation Rate) 3566M(77%)->312M(7%)
[629.069s][info][gc] GC(499) Garbage Collection (Allocation Rate) 4032M(88%)->496M(11%)
[630.196s][info][gc] GC(500) Garbage Collection (Allocation Rate) 3674M(80%)->618M(13%)
[631.271s][info][gc] GC(501) Garbage Collection (Allocation Rate) 3714M(81%)->554M(12%)
[632.412s][info][gc] GC(502) Garbage Collection (Allocation Rate) 3748M(81%)->714M(15%)
[633.487s][info][gc] GC(503) Garbage Collection (Allocation Rate) 3678M(80%)->644M(14%)
[634.613s][info][gc] GC(504) Garbage Collection (Allocation Rate) 3794M(82%)->732M(16%)
[635.732s][info][gc] GC(505) Garbage Collection (Allocation Rate) 3784M(82%)->834M(18%)
[636.740s][info][gc] GC(506) Garbage Collection (Allocation Rate) 3474M(75%)->848M(18%)
[637.745s][info][gc] GC(507) Garbage Collection (Allocation Rate) 3476M(75%)->928M(20%)
[638.682s][info][gc] GC(508) Garbage Collection (Allocation Rate) 3596M(78%)->182M(4%)
[639.832s][info][gc] GC(509) Garbage Collection (Allocation Rate) 3310M(72%)->326M(7%)
[641.069s][info][gc] GC(510) Garbage Collection (Allocation Rate) 3602M(78%)->480M(10%)
[642.264s][info][gc] GC(511) Garbage Collection (Allocation Rate) 3644M(79%)->468M(10%)
[643.597s][info][gc] GC(512) Garbage Collection (Allocation Rate) 3958M(86%)->602M(13%)
[645.582s][info][gc] GC(513) Garbage Collection (Allocation Rate) 4036M(88%)->400M(9%)
[647.827s][info][gc] GC(514) Garbage Collection (Allocation Rate) 4114M(89%)->514M(11%)
[649.352s][info][gc] GC(515) Garbage Collection (Allocation Rate) 2514M(55%)->64M(1%)
[654.372s][info][gc] GC(516) Garbage Collection (Proactive) 3204M(70%)->98M(2%)
[657.969s][info][gc] GC(517) Garbage Collection (Proactive) 2330M(51%)->120M(3%)
[660.757s][info][gc] GC(518) Garbage Collection (Proactive) 1816M(39%)->76M(2%)
[663.063s][info][gc] GC(519) Garbage Collection (Proactive) 1518M(33%)->94M(2%)
[664.861s][info][gc] GC(520) Garbage Collection (Proactive) 1202M(26%)->102M(2%)
[666.260s][info][gc] GC(521) Garbage Collection (Proactive) 972M(21%)->106M(2%)
[667.459s][info][gc] GC(522) Garbage Collection (Proactive) 854M(19%)->116M(3%)
[668.456s][info][gc] GC(523) Garbage Collection (Proactive) 712M(15%)->118M(3%)
[669.452s][info][gc] GC(524) Garbage Collection (Proactive) 706M(15%)->68M(1%)
[670.655s][info][gc] GC(525) Garbage Collection (Proactive) 820M(18%)->80M(2%)
[671.554s][info][gc] GC(526) Garbage Collection (Proactive) 642M(14%)->80M(2%)
[672.354s][info][gc] GC(527) Garbage Collection (Proactive) 572M(12%)->86M(2%)
[673.156s][info][gc] GC(528) Garbage Collection (Proactive) 590M(13%)->92M(2%)
[673.956s][info][gc] GC(529) Garbage Collection (Proactive) 588M(13%)->98M(2%)
[674.757s][info][gc] GC(530) Garbage Collection (Proactive) 588M(13%)->96M(2%)
[675.558s][info][gc] GC(531) Garbage Collection (Proactive) 592M(13%)->106M(2%)
[676.358s][info][gc] GC(532) Garbage Collection (Proactive) 594M(13%)->110M(2%)
[677.260s][info][gc] GC(533) Garbage Collection (Proactive) 666M(14%)->120M(3%)
[678.261s][info][gc] GC(534) Garbage Collection (Proactive) 740M(16%)->126M(3%)
[679.353s][info][gc] GC(535) Garbage Collection (Proactive) 766M(17%)->74M(2%)
[680.551s][info][gc] GC(536) Garbage Collection (Proactive) 816M(18%)->82M(2%)
[681.555s][info][gc] GC(537) Garbage Collection (Proactive) 696M(15%)->80M(2%)
[682.355s][info][gc] GC(538) Garbage Collection (Proactive) 578M(13%)->88M(2%)
[683.155s][info][gc] GC(539) Garbage Collection (Proactive) 584M(13%)->90M(2%)
[683.956s][info][gc] GC(540) Garbage Collection (Proactive) 592M(13%)->100M(2%)
[684.756s][info][gc] GC(541) Garbage Collection (Proactive) 586M(13%)->104M(2%)
[685.557s][info][gc] GC(542) Garbage Collection (Proactive) 600M(13%)->108M(2%)
[686.357s][info][gc] GC(543) Garbage Collection (Proactive) 594M(13%)->116M(3%)
[687.158s][info][gc] GC(544) Garbage Collection (Proactive) 602M(13%)->120M(3%)
[687.959s][info][gc] GC(545) Garbage Collection (Proactive) 614M(13%)->124M(3%)
[688.850s][info][gc] GC(546) Garbage Collection (Proactive) 650M(14%)->70M(2%)
[689.952s][info][gc] GC(547) Garbage Collection (Proactive) 740M(16%)->78M(2%)
[690.853s][info][gc] GC(548) Garbage Collection (Proactive) 634M(14%)->74M(2%)
[691.654s][info][gc] GC(549) Garbage Collection (Proactive) 572M(12%)->86M(2%)
[692.454s][info][gc] GC(550) Garbage Collection (Proactive) 582M(13%)->92M(2%)
[693.252s][info][gc] GC(551) Garbage Collection (Proactive) 586M(13%)->98M(2%)
[694.057s][info][gc] GC(552) Garbage Collection (Proactive) 596M(13%)->102M(2%)
[694.858s][info][gc] GC(553) Garbage Collection (Proactive) 596M(13%)->102M(2%)
[695.758s][info][gc] GC(554) Garbage Collection (Proactive) 656M(14%)->112M(2%)
[696.660s][info][gc] GC(555) Garbage Collection (Proactive) 670M(15%)->116M(3%)
[697.662s][info][gc] GC(556) Garbage Collection (Proactive) 726M(16%)->124M(3%)
[698.851s][info][gc] GC(557) Garbage Collection (Proactive) 828M(18%)->72M(2%)
[700.257s][info][gc] GC(558) Garbage Collection (Proactive) 930M(20%)->82M(2%)
[701.457s][info][gc] GC(559) Garbage Collection (Proactive) 820M(18%)->88M(2%)
[702.456s][info][gc] GC(560) Garbage Collection (Proactive) 710M(15%)->88M(2%)
[703.255s][info][gc] GC(561) Garbage Collection (Proactive) 580M(13%)->94M(2%)
[704.057s][info][gc] GC(562) Garbage Collection (Proactive) 584M(13%)->94M(2%)
[704.857s][info][gc] GC(563) Garbage Collection (Proactive) 590M(13%)->104M(2%)
[705.657s][info][gc] GC(564) Garbage Collection (Proactive) 604M(13%)->108M(2%)
[706.458s][info][gc] GC(565) Garbage Collection (Proactive) 602M(13%)->114M(2%)
[707.259s][info][gc] GC(566) Garbage Collection (Proactive) 610M(13%)->118M(3%)
[708.260s][info][gc] GC(567) Garbage Collection (Proactive) 734M(16%)->124M(3%)
[709.253s][info][gc] GC(568) Garbage Collection (Proactive) 718M(16%)->76M(2%)
[710.355s][info][gc] GC(569) Garbage Collection (Proactive) 750M(16%)->84M(2%)
[711.258s][info][gc] GC(570) Garbage Collection (Proactive) 626M(14%)->84M(2%)
[712.155s][info][gc] GC(571) Garbage Collection (Proactive) 642M(14%)->92M(2%)
[712.955s][info][gc] GC(572) Garbage Collection (Proactive) 578M(13%)->94M(2%)
[713.756s][info][gc] GC(573) Garbage Collection (Proactive) 584M(13%)->98M(2%)
[714.556s][info][gc] GC(574) Garbage Collection (Proactive) 588M(13%)->102M(2%)
[715.356s][info][gc] GC(575) Garbage Collection (Proactive) 588M(13%)->106M(2%)
[716.157s][info][gc] GC(576) Garbage Collection (Proactive) 600M(13%)->114M(2%)
[716.957s][info][gc] GC(577) Garbage Collection (Proactive) 608M(13%)->118M(3%)
[717.758s][info][gc] GC(578) Garbage Collection (Proactive) 612M(13%)->124M(3%)
[718.651s][info][gc] GC(579) Garbage Collection (Proactive) 646M(14%)->72M(2%)
[719.750s][info][gc] GC(580) Garbage Collection (Proactive) 756M(16%)->76M(2%)
[720.654s][info][gc] GC(581) Garbage Collection (Proactive) 632M(14%)->82M(2%)
[721.454s][info][gc] GC(582) Garbage Collection (Proactive) 570M(12%)->84M(2%)
[722.255s][info][gc] GC(583) Garbage Collection (Proactive) 578M(13%)->92M(2%)
[723.056s][info][gc] GC(584) Garbage Collection (Proactive) 592M(13%)->96M(2%)
[723.851s][info][gc] GC(585) Garbage Collection (Proactive) 584M(13%)->102M(2%)
[724.657s][info][gc] GC(586) Garbage Collection (Proactive) 604M(13%)->100M(2%)
[725.457s][info][gc] GC(587) Garbage Collection (Proactive) 594M(13%)->104M(2%)
[726.258s][info][gc] GC(588) Garbage Collection (Proactive) 602M(13%)->114M(2%)
[727.058s][info][gc] GC(589) Garbage Collection (Proactive) 598M(13%)->120M(3%)
[727.859s][info][gc] GC(590) Garbage Collection (Proactive) 620M(13%)->118M(3%)
[728.751s][info][gc] GC(591) Garbage Collection (Proactive) 636M(14%)->72M(2%)
[729.857s][info][gc] GC(592) Garbage Collection (Proactive) 738M(16%)->84M(2%)
[730.856s][info][gc] GC(593) Garbage Collection (Proactive) 710M(15%)->82M(2%)
[731.755s][info][gc] GC(594) Garbage Collection (Proactive) 626M(14%)->92M(2%)
[732.555s][info][gc] GC(595) Garbage Collection (Proactive) 578M(13%)->92M(2%)
[733.355s][info][gc] GC(596) Garbage Collection (Proactive) 588M(13%)->98M(2%)
[734.158s][info][gc] GC(597) Garbage Collection (Proactive) 586M(13%)->104M(2%)
[735.158s][info][gc] GC(598) Garbage Collection (Proactive) 726M(16%)->114M(2%)
[736.058s][info][gc] GC(599) Garbage Collection (Proactive) 672M(15%)->112M(2%)
[736.959s][info][gc] GC(600) Garbage Collection (Proactive) 662M(14%)->118M(3%)
[737.859s][info][gc] GC(601) Garbage Collection (Proactive) 658M(14%)->124M(3%)
[738.752s][info][gc] GC(602) Garbage Collection (Proactive) 638M(14%)->68M(1%)
[739.855s][info][gc] GC(603) Garbage Collection (Proactive) 762M(17%)->84M(2%)
[740.754s][info][gc] GC(604) Garbage Collection (Proactive) 638M(14%)->78M(2%)
[741.550s][info][gc] GC(605) Garbage Collection (Proactive) 566M(12%)->86M(2%)
[742.355s][info][gc] GC(606) Garbage Collection (Proactive) 576M(12%)->92M(2%)
[743.156s][info][gc] GC(607) Garbage Collection (Proactive) 588M(13%)->100M(2%)
[743.954s][info][gc] GC(608) Garbage Collection (Proactive) 594M(13%)->98M(2%)
[744.757s][info][gc] GC(609) Garbage Collection (Proactive) 604M(13%)->106M(2%)
[745.560s][info][gc] GC(610) Garbage Collection (Proactive) 606M(13%)->114M(2%)
[746.661s][info][gc] GC(611) Garbage Collection (Proactive) 790M(17%)->116M(3%)
[747.861s][info][gc] GC(612) Garbage Collection (Proactive) 860M(19%)->128M(3%)
[748.974s][info][gc] GC(613) Garbage Collection (Proactive) 2400M(52%)->132M(3%)
[750.740s][info][gc] GC(614) Garbage Collection (Allocation Rate) 4150M(90%)->344M(7%)
[752.359s][info][gc] GC(615) Garbage Collection (Allocation Rate) 3964M(86%)->406M(9%)
[753.988s][info][gc] GC(616) Garbage Collection (Allocation Rate) 4000M(87%)->190M(4%)
[755.637s][info][gc] GC(617) Garbage Collection (Allocation Rate) 3930M(85%)->338M(7%)
[757.252s][info][gc] GC(618) Garbage Collection (Allocation Rate) 3934M(85%)->380M(8%)
[758.872s][info][gc] GC(619) Garbage Collection (Allocation Rate) 4002M(87%)->138M(3%)
[760.533s][info][gc] GC(620) Garbage Collection (Allocation Rate) 3906M(85%)->308M(7%)
[762.152s][info][gc] GC(621) Garbage Collection (Allocation Rate) 3944M(86%)->380M(8%)
[763.760s][info][gc] GC(622) Garbage Collection (Allocation Rate) 3906M(85%)->254M(6%)
[765.424s][info][gc] GC(623) Garbage Collection (Allocation Rate) 4028M(87%)->290M(6%)
[767.153s][info][gc] GC(624) Garbage Collection (Allocation Rate) 4174M(91%)->378M(8%)
[768.765s][info][gc] GC(625) Garbage Collection (Allocation Rate) 3948M(86%)->434M(9%)
[770.417s][info][gc] GC(626) Garbage Collection (Allocation Rate) 4002M(87%)->260M(6%)
[772.190s][info][gc] GC(627) Garbage Collection (Allocation Rate) 4122M(89%)->366M(8%)
[773.759s][info][gc] GC(628) Garbage Collection (Allocation Rate) 3670M(80%)->412M(9%)
[774.960s][info][gc] GC(629) Garbage Collection (Allocation Rate) 2316M(50%)->84M(2%)
[778.433s][info][gc] GC(630) Garbage Collection (Allocation Rate) 4262M(92%)->200M(4%)
[781.367s][info][gc] GC(631) Garbage Collection (Proactive) 3670M(80%)->112M(2%)
[783.577s][info][gc] GC(632) Garbage Collection (Proactive) 2764M(60%)->138M(3%)
[786.064s][info][gc] GC(633) Garbage Collection (Proactive) 3044M(66%)->102M(2%)
[788.376s][info][gc] GC(634) Garbage Collection (Proactive) 2908M(63%)->126M(3%)
[790.760s][info][gc] GC(635) Garbage Collection (Proactive) 2940M(64%)->96M(2%)
[792.974s][info][gc] GC(636) Garbage Collection (Proactive) 2776M(60%)->124M(3%)
[795.354s][info][gc] GC(637) Garbage Collection (Proactive) 2910M(63%)->82M(2%)
[797.471s][info][gc] GC(638) Garbage Collection (Proactive) 2630M(57%)->134M(3%)
[799.876s][info][gc] GC(639) Garbage Collection (Proactive) 3034M(66%)->160M(3%)
[802.472s][info][gc] GC(640) Garbage Collection (Proactive) 3204M(70%)->126M(3%)
[804.575s][info][gc] GC(641) Garbage Collection (Proactive) 2676M(58%)->150M(3%)
[806.464s][info][gc] GC(642) Garbage Collection (Proactive) 2324M(50%)->104M(2%)
[808.674s][info][gc] GC(643) Garbage Collection (Proactive) 2770M(60%)->138M(3%)
[810.857s][info][gc] GC(644) Garbage Collection (Proactive) 2716M(59%)->84M(2%)
[812.972s][info][gc] GC(645) Garbage Collection (Proactive) 2656M(58%)->126M(3%)
[815.273s][info][gc] GC(646) Garbage Collection (Proactive) 2854M(62%)->112M(2%)
[817.470s][info][gc] GC(647) Garbage Collection (Proactive) 2764M(60%)->118M(3%)
[819.272s][info][gc] GC(648) Garbage Collection (Proactive) 2316M(50%)->132M(3%)
[820.953s][info][gc] GC(649) Garbage Collection (Proactive) 2066M(45%)->84M(2%)
[823.173s][info][gc] GC(650) Garbage Collection (Proactive) 2794M(61%)->130M(3%)
[825.664s][info][gc] GC(651) Garbage Collection (Proactive) 3424M(74%)->146M(3%)
[826.900s][info][gc] GC(652) Garbage Collection (Allocation Rate) 3948M(86%)->286M(6%)
[827.974s][info][gc] GC(653) Garbage Collection (Allocation Rate) 3396M(74%)->514M(11%)
[829.079s][info][gc] GC(654) Garbage Collection (Allocation Rate) 3710M(81%)->562M(12%)
[830.199s][info][gc] GC(655) Garbage Collection (Allocation Rate) 3732M(81%)->668M(14%)
[831.283s][info][gc] GC(656) Garbage Collection (Allocation Rate) 3714M(81%)->350M(8%)
[832.527s][info][gc] GC(657) Garbage Collection (Allocation Rate) 3744M(81%)->308M(7%)
[833.761s][info][gc] GC(658) Garbage Collection (Allocation Rate) 3622M(79%)->444M(10%)
[835.088s][info][gc] GC(659) Garbage Collection (Allocation Rate) 3946M(86%)->562M(12%)
[836.288s][info][gc] GC(660) Garbage Collection (Allocation Rate) 3676M(80%)->550M(12%)
[837.649s][info][gc] GC(661) Garbage Collection (Allocation Rate) 4008M(87%)->402M(9%)
[838.982s][info][gc] GC(662) Garbage Collection (Allocation Rate) 3928M(85%)->528M(11%)
[840.284s][info][gc] GC(663) Garbage Collection (Allocation Rate) 3940M(86%)->560M(12%)
[841.592s][info][gc] GC(664) Garbage Collection (Allocation Rate) 3958M(86%)->614M(13%)
[843.003s][info][gc] GC(665) Garbage Collection (Allocation Rate) 3900M(85%)->220M(5%)
[844.644s][info][gc] GC(666) Garbage Collection (Allocation Rate) 3936M(85%)->350M(8%)
[846.259s][info][gc] GC(667) Garbage Collection (Allocation Rate) 3968M(86%)->422M(9%)
[848.086s][info][gc] GC(668) Garbage Collection (Allocation Rate) 3910M(85%)->162M(4%)
[850.335s][info][gc] GC(669) Garbage Collection (Allocation Rate) 4066M(88%)->278M(6%)
[852.718s][info][gc] GC(670) Garbage Collection (Allocation Rate) 4198M(91%)->226M(5%)
[854.759s][info][gc] GC(671) Garbage Collection (Proactive) 3606M(78%)->112M(2%)
[856.785s][info][gc] GC(672) Garbage Collection (Proactive) 3694M(80%)->176M(4%)
[859.095s][info][gc] GC(673) Garbage Collection (Allocation Rate) 4008M(87%)->170M(4%)
[861.433s][info][gc] GC(674) Garbage Collection (Allocation Rate) 4058M(88%)->132M(3%)
[863.727s][info][gc] GC(675) Garbage Collection (Allocation Rate) 4142M(90%)->244M(5%)
[865.764s][info][gc] GC(676) Garbage Collection (Proactive) 3626M(79%)->126M(3%)
[867.785s][info][gc] GC(677) Garbage Collection (Proactive) 3698M(80%)->186M(4%)
[870.105s][info][gc] GC(678) Garbage Collection (Allocation Rate) 4014M(87%)->192M(4%)
[872.470s][info][gc] GC(679) Garbage Collection (Allocation Rate) 4154M(90%)->130M(3%)
[874.835s][info][gc] GC(680) Garbage Collection (Allocation Rate) 4224M(92%)->266M(6%)
[877.101s][info][gc] GC(681) Garbage Collection (Allocation Rate) 4002M(87%)->186M(4%)
[879.249s][info][gc] GC(682) Garbage Collection (Proactive) 3810M(83%)->90M(2%)
[881.079s][info][gc] GC(683) Garbage Collection (Proactive) 3324M(72%)->162M(4%)
[883.078s][info][gc] GC(684) Garbage Collection (Allocation Rate) 4108M(89%)->200M(4%)
[883.914s][info][gc] GC(685) Garbage Collection (Allocation Rate) 3186M(69%)->334M(7%)
[884.769s][info][gc] GC(686) Garbage Collection (Allocation Rate) 3190M(69%)->578M(13%)
[885.689s][info][gc] GC(687) Garbage Collection (Allocation Rate) 3564M(77%)->696M(15%)
[886.601s][info][gc] GC(688) Garbage Collection (Allocation Rate) 3626M(79%)->762M(17%)
[887.531s][info][gc] GC(689) Garbage Collection (Allocation Rate) 3652M(79%)->890M(19%)
[888.345s][info][gc] GC(690) Garbage Collection (Allocation Rate) 3266M(71%)->952M(21%)
[889.134s][info][gc] GC(691) Garbage Collection (Allocation Rate) 3282M(71%)->918M(20%)
[889.925s][info][gc] GC(692) Garbage Collection (Allocation Rate) 3216M(70%)->360M(8%)
[890.866s][info][gc] GC(693) Garbage Collection (Allocation Rate) 3252M(71%)->534M(12%)
[891.874s][info][gc] GC(694) Garbage Collection (Allocation Rate) 3636M(79%)->572M(12%)
[892.910s][info][gc] GC(695) Garbage Collection (Allocation Rate) 3664M(80%)->752M(16%)
[893.802s][info][gc] GC(696) Garbage Collection (Allocation Rate) 3388M(74%)->726M(16%)
[894.820s][info][gc] GC(697) Garbage Collection (Allocation Rate) 3716M(81%)->836M(18%)
[895.720s][info][gc] GC(698) Garbage Collection (Allocation Rate) 3408M(74%)->332M(7%)
[896.950s][info][gc] GC(699) Garbage Collection (Allocation Rate) 3636M(79%)->416M(9%)
[898.270s][info][gc] GC(700) Garbage Collection (Allocation Rate) 3946M(86%)->500M(11%)
[899.580s][info][gc] GC(701) Garbage Collection (Allocation Rate) 3976M(86%)->558M(12%)
[900.843s][info][gc] GC(702) Garbage Collection (Allocation Rate) 3698M(80%)->252M(5%)
[902.430s][info][gc] GC(703) Garbage Collection (Allocation Rate) 3862M(84%)->292M(6%)
[904.187s][info][gc] GC(704) Garbage Collection (Allocation Rate) 4102M(89%)->188M(4%)
[905.942s][info][gc] GC(705) Garbage Collection (Allocation Rate) 4158M(90%)->334M(7%)
[907.613s][info][gc] GC(706) Garbage Collection (Allocation Rate) 3940M(86%)->290M(6%)
[909.277s][info][gc] GC(707) Garbage Collection (Allocation Rate) 3962M(86%)->146M(3%)
[911.039s][info][gc] GC(708) Garbage Collection (Allocation Rate) 4164M(90%)->324M(7%)
[912.708s][info][gc] GC(709) Garbage Collection (Allocation Rate) 3916M(85%)->232M(5%)
[914.471s][info][gc] GC(710) Garbage Collection (Allocation Rate) 4164M(90%)->142M(3%)
[916.230s][info][gc] GC(711) Garbage Collection (Allocation Rate) 4150M(90%)->320M(7%)
[917.903s][info][gc] GC(712) Garbage Collection (Allocation Rate) 3978M(86%)->216M(5%)
[919.663s][info][gc] GC(713) Garbage Collection (Allocation Rate) 4152M(90%)->132M(3%)
[921.441s][info][gc] GC(714) Garbage Collection (Allocation Rate) 4164M(90%)->304M(7%)
[923.200s][info][gc] GC(715) Garbage Collection (Allocation Rate) 4124M(89%)->216M(5%)
[924.934s][info][gc] GC(716) Garbage Collection (Allocation Rate) 4014M(87%)->146M(3%)
[926.524s][info][gc] GC(717) Garbage Collection (Allocation Rate) 3800M(82%)->280M(6%)
[928.006s][info][gc] GC(718) Garbage Collection (Allocation Rate) 4164M(90%)->384M(8%)
[928.721s][info][gc] GC(719) Garbage Collection (Allocation Rate) 3098M(67%)->442M(10%)
[929.389s][info][gc] GC(720) Garbage Collection (Allocation Rate) 2732M(59%)->730M(16%)
[930.102s][info][gc] GC(721) Garbage Collection (Allocation Rate) 3140M(68%)->844M(18%)
[930.825s][info][gc] GC(722) Garbage Collection (Allocation Rate) 3214M(70%)->954M(21%)
[931.538s][info][gc] GC(723) Garbage Collection (Allocation Rate) 3194M(69%)->988M(21%)
[932.267s][info][gc] GC(724) Garbage Collection (Allocation Rate) 3218M(70%)->1146M(25%)
[932.869s][info][gc] GC(725) Garbage Collection (Allocation Rate) 2796M(61%)->1174M(25%)
[933.617s][info][gc] GC(726) Garbage Collection (Allocation Rate) 3228M(70%)->1366M(30%)
[934.210s][info][gc] GC(727) Garbage Collection (Allocation Rate) 2752M(60%)->1404M(30%)
[934.793s][info][gc] GC(728) Garbage Collection (Allocation Rate) 2838M(62%)->1258M(27%)
[935.290s][info][gc] GC(729) Garbage Collection (Allocation Rate) 2482M(54%)->230M(5%)
[935.805s][info][gc] GC(730) Garbage Collection (Allocation Rate) 1718M(37%)->280M(6%)
[936.855s][info][gc] GC(731) Garbage Collection (Allocation Rate) 3352M(73%)->462M(10%)
[937.984s][info][gc] GC(732) Garbage Collection (Allocation Rate) 3682M(80%)->594M(13%)
[939.097s][info][gc] GC(733) Garbage Collection (Allocation Rate) 3730M(81%)->658M(14%)
[940.198s][info][gc] GC(734) Garbage Collection (Allocation Rate) 3744M(81%)->688M(15%)
[941.365s][info][gc] GC(735) Garbage Collection (Allocation Rate) 3480M(76%)->504M(11%)
[942.999s][info][gc] GC(736) Garbage Collection (Allocation Rate) 4062M(88%)->602M(13%)
[944.607s][info][gc] GC(737) Garbage Collection (Allocation Rate) 4044M(88%)->662M(14%)
[946.076s][info][gc] GC(738) Garbage Collection (Allocation Rate) 3766M(82%)->176M(4%)
[947.127s][info][gc] GC(739) Garbage Collection (Allocation Rate) 3048M(66%)->328M(7%)
[948.380s][info][gc] GC(740) Garbage Collection (Allocation Rate) 3602M(78%)->180M(4%)
[949.745s][info][gc] GC(741) Garbage Collection (Allocation Rate) 3908M(85%)->378M(8%)
[951.107s][info][gc] GC(742) Garbage Collection (Allocation Rate) 3886M(84%)->252M(5%)
[952.451s][info][gc] GC(743) Garbage Collection (Allocation Rate) 3894M(85%)->402M(9%)
[953.725s][info][gc] GC(744) Garbage Collection (Allocation Rate) 3624M(79%)->312M(7%)
[955.076s][info][gc] GC(745) Garbage Collection (Allocation Rate) 3880M(84%)->190M(4%)
[956.452s][info][gc] GC(746) Garbage Collection (Allocation Rate) 3928M(85%)->418M(9%)
[957.704s][info][gc] GC(747) Garbage Collection (Allocation Rate) 3626M(79%)->268M(6%)
[959.040s][info][gc] GC(748) Garbage Collection (Allocation Rate) 3928M(85%)->376M(8%)
[960.426s][info][gc] GC(749) Garbage Collection (Allocation Rate) 3910M(85%)->328M(7%)
[961.781s][info][gc] GC(750) Garbage Collection (Allocation Rate) 3898M(85%)->192M(4%)
[963.149s][info][gc] GC(751) Garbage Collection (Allocation Rate) 3926M(85%)->404M(9%)
[964.503s][info][gc] GC(752) Garbage Collection (Allocation Rate) 3898M(85%)->268M(6%)
[965.866s][info][gc] GC(753) Garbage Collection (Allocation Rate) 3888M(84%)->152M(3%)
[967.233s][info][gc] GC(754) Garbage Collection (Allocation Rate) 3914M(85%)->370M(8%)
[968.417s][info][gc] GC(755) Garbage Collection (Allocation Rate) 3950M(86%)->440M(10%)
[969.052s][info][gc] GC(756) Garbage Collection (Allocation Rate) 2830M(61%)->574M(12%)
[969.654s][info][gc] GC(757) Garbage Collection (Allocation Rate) 2826M(61%)->556M(12%)
[970.320s][info][gc] GC(758) Garbage Collection (Allocation Rate) 2630M(57%)->872M(19%)
[970.918s][info][gc] GC(759) Garbage Collection (Allocation Rate) 2792M(61%)->902M(20%)
[971.534s][info][gc] GC(760) Garbage Collection (Allocation Rate) 2838M(62%)->960M(21%)
[972.256s][info][gc] GC(761) Garbage Collection (Allocation Rate) 3258M(71%)->1068M(23%)
[972.881s][info][gc] GC(762) Garbage Collection (Allocation Rate) 2844M(62%)->1262M(27%)
[973.458s][info][gc] GC(763) Garbage Collection (Allocation Rate) 2878M(62%)->1104M(24%)
[974.099s][info][gc] GC(764) Garbage Collection (Allocation Rate) 2830M(61%)->1276M(28%)
[974.714s][info][gc] GC(765) Garbage Collection (Allocation Rate) 2778M(60%)->1392M(30%)
[975.314s][info][gc] GC(766) Garbage Collection (Allocation Rate) 2836M(62%)->1376M(30%)
[975.924s][info][gc] GC(767) Garbage Collection (Allocation Rate) 2836M(62%)->1484M(32%)
[976.493s][info][gc] GC(768) Garbage Collection (Allocation Rate) 2904M(63%)->1264M(27%)
[976.997s][info][gc] GC(769) Garbage Collection (Allocation Rate) 2400M(52%)->228M(5%)
[977.376s][info][gc] GC(770) Garbage Collection (Allocation Rate) 1218M(26%)->186M(4%)
[978.651s][info][gc] GC(771) Garbage Collection (Allocation Rate) 3612M(78%)->424M(9%)
[979.859s][info][gc] GC(772) Garbage Collection (Allocation Rate) 3644M(79%)->454M(10%)
[981.201s][info][gc] GC(773) Garbage Collection (Allocation Rate) 3936M(85%)->600M(13%)
[982.453s][info][gc] GC(774) Garbage Collection (Allocation Rate) 3466M(75%)->346M(8%)
[984.706s][info][gc] GC(775) Garbage Collection (Allocation Rate) 4104M(89%)->486M(11%)
[986.785s][info][gc] GC(776) Garbage Collection (Allocation Rate) 3974M(86%)->458M(10%)
[987.884s][info][gc] GC(777) Garbage Collection (Allocation Rate) 3222M(70%)->216M(5%)
[989.042s][info][gc] GC(778) Garbage Collection (Allocation Rate) 3602M(78%)->422M(9%)
[990.303s][info][gc] GC(779) Garbage Collection (Allocation Rate) 3982M(86%)->280M(6%)
[991.486s][info][gc] GC(780) Garbage Collection (Allocation Rate) 3534M(77%)->206M(4%)
[992.540s][info][gc] GC(781) Garbage Collection (Allocation Rate) 3352M(73%)->406M(9%)
[993.690s][info][gc] GC(782) Garbage Collection (Allocation Rate) 3600M(78%)->242M(5%)
[994.847s][info][gc] GC(783) Garbage Collection (Allocation Rate) 3696M(80%)->418M(9%)
[996.003s][info][gc] GC(784) Garbage Collection (Allocation Rate) 3548M(77%)->262M(6%)
[997.150s][info][gc] GC(785) Garbage Collection (Allocation Rate) 3652M(79%)->432M(9%)
[998.318s][info][gc] GC(786) Garbage Collection (Allocation Rate) 3640M(79%)->322M(7%)
[999.589s][info][gc] GC(787) Garbage Collection (Allocation Rate) 3922M(85%)->222M(5%)
[1000.738s][info][gc] GC(788) Garbage Collection (Allocation Rate) 3678M(80%)->390M(8%)
[1001.997s][info][gc] GC(789) Garbage Collection (Allocation Rate) 3862M(84%)->278M(6%)
[1003.148s][info][gc] GC(790) Garbage Collection (Allocation Rate) 3706M(80%)->448M(10%)
[1004.402s][info][gc] GC(791) Garbage Collection (Allocation Rate) 3968M(86%)->286M(6%)
[1005.581s][info][gc] GC(792) Garbage Collection (Allocation Rate) 3554M(77%)->202M(4%)
[1006.741s][info][gc] GC(793) Garbage Collection (Allocation Rate) 3682M(80%)->420M(9%)
[1007.910s][info][gc] GC(794) Garbage Collection (Allocation Rate) 3712M(81%)->336M(7%)
[1008.958s][info][gc] GC(795) Garbage Collection (Allocation Rate) 3680M(80%)->504M(11%)
[1009.977s][info][gc] GC(796) Garbage Collection (Allocation Rate) 3670M(80%)->596M(13%)
[1011.010s][info][gc] GC(797) Garbage Collection (Allocation Rate) 3694M(80%)->738M(16%)
[1012.007s][info][gc] GC(798) Garbage Collection (Allocation Rate) 3674M(80%)->772M(17%)
[1012.922s][info][gc] GC(799) Garbage Collection (Allocation Rate) 3412M(74%)->812M(18%)
[1013.952s][info][gc] GC(800) Garbage Collection (Allocation Rate) 3756M(82%)->958M(21%)
[1014.866s][info][gc] GC(801) Garbage Collection (Allocation Rate) 3428M(74%)->1036M(22%)
[1015.773s][info][gc] GC(802) Garbage Collection (Allocation Rate) 3456M(75%)->1078M(23%)
[1016.685s][info][gc] GC(803) Garbage Collection (Allocation Rate) 3502M(76%)->1116M(24%)
[1017.586s][info][gc] GC(804) Garbage Collection (Allocation Rate) 3478M(75%)->1172M(25%)
[1018.519s][info][gc] GC(805) Garbage Collection (Allocation Rate) 3520M(76%)->1284M(28%)
[1019.313s][info][gc] GC(806) Garbage Collection (Allocation Rate) 3136M(68%)->1274M(28%)
[1019.969s][info][gc] GC(807) Garbage Collection (Allocation Rate) 3004M(65%)->142M(3%)
[1020.465s][info][gc] GC(808) Garbage Collection (Allocation Rate) 992M(22%)->128M(3%)
[1022.637s][info][gc] GC(809) Garbage Collection (Allocation Rate) 3886M(84%)->296M(6%)
[1024.857s][info][gc] GC(810) Garbage Collection (Allocation Rate) 4108M(89%)->358M(8%)
[1027.071s][info][gc] GC(811) Garbage Collection (Allocation Rate) 4144M(90%)->404M(9%)
[1029.286s][info][gc] GC(812) Garbage Collection (Allocation Rate) 4160M(90%)->458M(10%)
[1030.588s][info][gc] GC(813) Garbage Collection (Allocation Rate) 3514M(76%)->256M(6%)
[1031.436s][info][gc] GC(814) Garbage Collection (Allocation Rate) 2970M(64%)->444M(10%)
[1032.509s][info][gc] GC(815) Garbage Collection (Allocation Rate) 3480M(76%)->332M(7%)
[1033.561s][info][gc] GC(816) Garbage Collection (Allocation Rate) 3646M(79%)->514M(11%)
[1034.634s][info][gc] GC(817) Garbage Collection (Allocation Rate) 3620M(79%)->404M(9%)
[1035.777s][info][gc] GC(818) Garbage Collection (Allocation Rate) 3884M(84%)->188M(4%)
[1036.845s][info][gc] GC(819) Garbage Collection (Allocation Rate) 3668M(80%)->442M(10%)
[1037.894s][info][gc] GC(820) Garbage Collection (Allocation Rate) 3530M(77%)->252M(5%)
[1038.948s][info][gc] GC(821) Garbage Collection (Allocation Rate) 3672M(80%)->476M(10%)
[1040.014s][info][gc] GC(822) Garbage Collection (Allocation Rate) 3528M(77%)->318M(7%)
[1041.043s][info][gc] GC(823) Garbage Collection (Allocation Rate) 3618M(79%)->458M(10%)
[1042.240s][info][gc] GC(824) Garbage Collection (Allocation Rate) 3884M(84%)->418M(9%)
[1043.386s][info][gc] GC(825) Garbage Collection (Allocation Rate) 3878M(84%)->220M(5%)
[1044.438s][info][gc] GC(826) Garbage Collection (Allocation Rate) 3660M(79%)->450M(10%)
[1045.504s][info][gc] GC(827) Garbage Collection (Allocation Rate) 3562M(77%)->266M(6%)
[1046.543s][info][gc] GC(828) Garbage Collection (Allocation Rate) 3646M(79%)->454M(10%)
[1047.626s][info][gc] GC(829) Garbage Collection (Allocation Rate) 3530M(77%)->378M(8%)
[1048.634s][info][gc] GC(830) Garbage Collection (Allocation Rate) 3666M(80%)->240M(5%)
[1049.156s][info][gc] GC(831) Garbage Collection (Allocation Rate) 658M(14%)->120M(3%)
[1051.951s][info][gc] GC(832) Garbage Collection (Proactive) 608M(13%)->124M(3%)
[1055.952s][info][gc] GC(833) Garbage Collection (Proactive) 612M(13%)->128M(3%)
[1065.152s][info][gc] GC(834) Garbage Collection (Proactive) 590M(13%)->96M(2%)
[1081.152s][info][gc] GC(835) Garbage Collection (Proactive) 564M(12%)->94M(2%)
[1087.951s][info][gc] GC(836) Garbage Collection (Proactive) 564M(12%)->96M(2%)
[1109.850s][info][gc] GC(837) Garbage Collection (Proactive) 566M(12%)->92M(2%)
[1116.550s][info][gc] GC(838) Garbage Collection (Proactive) 564M(12%)->94M(2%)
[1138.750s][info][gc] GC(839) Garbage Collection (Proactive) 564M(12%)->90M(2%)
[1145.450s][info][gc] GC(840) Garbage Collection (Proactive) 562M(12%)->96M(2%)
[1167.451s][info][gc] GC(841) Garbage Collection (Proactive) 566M(12%)->92M(2%)
[1173.951s][info][gc] GC(842) Garbage Collection (Proactive) 564M(12%)->94M(2%)
[1195.653s][info][gc] GC(843) Garbage Collection (Proactive) 704M(15%)->120M(3%)
[1198.251s][info][gc] GC(844) Garbage Collection (Proactive) 592M(13%)->124M(3%)
[1202.051s][info][gc] GC(845) Garbage Collection (Proactive) 596M(13%)->128M(3%)
[1205.853s][info][gc] GC(846) Garbage Collection (Proactive) 598M(13%)->130M(3%)
[1226.851s][info][gc] GC(847) Garbage Collection (Proactive) 604M(13%)->92M(2%)
[1233.552s][info][gc] GC(848) Garbage Collection (Proactive) 564M(12%)->98M(2%)
[1254.557s][info][gc] GC(849) Garbage Collection (Proactive) 848M(18%)->152M(3%)
[1256.652s][info][gc] GC(850) Garbage Collection (Proactive) 640M(14%)->156M(3%)
[1258.553s][info][gc] GC(851) Garbage Collection (Proactive) 644M(14%)->160M(3%)
[1261.454s][info][gc] GC(852) Garbage Collection (Proactive) 648M(14%)->164M(4%)
[1264.056s][info][gc] GC(853) Garbage Collection (Proactive) 636M(14%)->166M(4%)
[1285.457s][info][gc] GC(854) Garbage Collection (Proactive) 940M(20%)->302M(7%)
[1287.555s][info][gc] GC(855) Garbage Collection (Proactive) 774M(17%)->158M(3%)
[1289.454s][info][gc] GC(856) Garbage Collection (Proactive) 646M(14%)->162M(4%)
[1292.255s][info][gc] GC(857) Garbage Collection (Proactive) 634M(14%)->162M(4%)
[1294.855s][info][gc] GC(858) Garbage Collection (Proactive) 634M(14%)->168M(4%)
[1316.458s][info][gc] GC(859) Garbage Collection (Proactive) 1188M(26%)->152M(3%)
[1318.554s][info][gc] GC(860) Garbage Collection (Proactive) 624M(14%)->174M(4%)
[1320.555s][info][gc] GC(861) Garbage Collection (Proactive) 662M(14%)->160M(3%)
[1323.355s][info][gc] GC(862) Garbage Collection (Proactive) 630M(14%)->166M(4%)
[1325.959s][info][gc] GC(863) Garbage Collection (Proactive) 654M(14%)->170M(4%)
[1347.656s][info][gc] GC(864) Garbage Collection (Proactive) 1158M(25%)->154M(3%)
[1349.754s][info][gc] GC(865) Garbage Collection (Proactive) 642M(14%)->158M(3%)
[1351.655s][info][gc] GC(866) Garbage Collection (Proactive) 630M(14%)->178M(4%)
[1354.455s][info][gc] GC(867) Garbage Collection (Proactive) 650M(14%)->168M(4%)
[1357.055s][info][gc] GC(868) Garbage Collection (Proactive) 656M(14%)->172M(4%)
[1378.654s][info][gc] GC(869) Garbage Collection (Proactive) 1160M(25%)->158M(3%)
[1380.755s][info][gc] GC(870) Garbage Collection (Proactive) 646M(14%)->162M(4%)
[1382.655s][info][gc] GC(871) Garbage Collection (Proactive) 634M(14%)->166M(4%)
[1385.555s][info][gc] GC(872) Garbage Collection (Proactive) 654M(14%)->182M(4%)
[1388.156s][info][gc] GC(873) Garbage Collection (Proactive) 654M(14%)->172M(4%)
[1409.760s][info][gc] GC(874) Garbage Collection (Proactive) 1262M(27%)->158M(3%)
[1412.554s][info][gc] GC(875) Garbage Collection (Proactive) 632M(14%)->162M(4%)
[1415.354s][info][gc] GC(876) Garbage Collection (Proactive) 652M(14%)->166M(4%)
[1419.457s][info][gc] GC(877) Garbage Collection (Proactive) 654M(14%)->168M(4%)
[1423.256s][info][gc] GC(878) Garbage Collection (Proactive) 640M(14%)->174M(4%)
[1438.359s][info][gc] GC(879) Garbage Collection (Proactive) 732M(16%)->150M(3%)
[1440.653s][info][gc] GC(880) Garbage Collection (Proactive) 620M(13%)->128M(3%)
[1444.951s][info][gc] GC(881) Garbage Collection (Proactive) 602M(13%)->132M(3%)
[1450.453s][info][gc] GC(882) Garbage Collection (Proactive) 604M(13%)->136M(3%)
[1466.450s][info][gc] GC(883) Garbage Collection (Proactive) 688M(15%)->92M(2%)
[1475.350s][info][gc] GC(884) Garbage Collection (Proactive) 564M(12%)->96M(2%)
[1493.851s][info][gc] GC(885) Garbage Collection (Proactive) 604M(13%)->94M(2%)
[1502.451s][info][gc] GC(886) Garbage Collection (Proactive) 566M(12%)->96M(2%)
[1520.750s][info][gc] GC(887) Garbage Collection (Proactive) 604M(13%)->94M(2%)
[1529.450s][info][gc] GC(888) Garbage Collection (Proactive) 566M(12%)->96M(2%)
[1548.151s][info][gc] GC(889) Garbage Collection (Proactive) 604M(13%)->94M(2%)
[1556.950s][info][gc] GC(890) Garbage Collection (Proactive) 566M(12%)->96M(2%)
[1575.350s][info][gc] GC(891) Garbage Collection (Proactive) 588M(13%)->96M(2%)
[1584.050s][info][gc] GC(892) Garbage Collection (Proactive) 568M(12%)->100M(2%)
[1602.451s][info][gc] GC(893) Garbage Collection (Proactive) 832M(18%)->126M(3%)
[1606.151s][info][gc] GC(894) Garbage Collection (Proactive) 598M(13%)->146M(3%)
[1611.552s][info][gc] GC(895) Garbage Collection (Proactive) 618M(13%)->132M(3%)
[1617.252s][info][gc] GC(896) Garbage Collection (Proactive) 604M(13%)->136M(3%)
[1630.653s][info][gc] GC(897) Garbage Collection (Proactive) 698M(15%)->126M(3%)
[1634.152s][info][gc] GC(898) Garbage Collection (Proactive) 600M(13%)->130M(3%)
[1639.653s][info][gc] GC(899) Garbage Collection (Proactive) 602M(13%)->134M(3%)
[1646.352s][info][gc] GC(900) Garbage Collection (Proactive) 596M(13%)->106M(2%)
[1660.952s][info][gc] GC(901) Garbage Collection (Proactive) 570M(12%)->96M(2%)
[1670.650s][info][gc] GC(902) Garbage Collection (Proactive) 568M(12%)->100M(2%)
[1685.259s][info][gc] GC(903) Garbage Collection (Proactive) 686M(15%)->302M(7%)
[1688.155s][info][gc] GC(904) Garbage Collection (Proactive) 790M(17%)->166M(4%)
[1690.956s][info][gc] GC(905) Garbage Collection (Proactive) 640M(14%)->170M(4%)
[1694.955s][info][gc] GC(906) Garbage Collection (Proactive) 642M(14%)->172M(4%)
[1698.756s][info][gc] GC(907) Garbage Collection (Proactive) 644M(14%)->178M(4%)
[1713.759s][info][gc] GC(908) Garbage Collection (Proactive) 768M(17%)->148M(3%)
[1716.252s][info][gc] GC(909) Garbage Collection (Proactive) 620M(13%)->132M(3%)
[1720.552s][info][gc] GC(910) Garbage Collection (Proactive) 606M(13%)->134M(3%)
[1726.052s][info][gc] GC(911) Garbage Collection (Proactive) 606M(13%)->138M(3%)
[1742.170s][info][gc] GC(912) Garbage Collection (Proactive) 1358M(29%)->194M(4%)
[1744.661s][info][gc] GC(913) Garbage Collection (Proactive) 732M(16%)->196M(4%)
[1746.458s][info][gc] GC(914) Garbage Collection (Proactive) 718M(16%)->202M(4%)
[1749.663s][info][gc] GC(915) Garbage Collection (Proactive) 708M(15%)->204M(4%)
[1752.561s][info][gc] GC(916) Garbage Collection (Proactive) 676M(15%)->240M(5%)
[1755.763s][info][gc] GC(917) Garbage Collection (Proactive) 730M(16%)->230M(5%)
[1770.964s][info][gc] GC(918) Garbage Collection (Proactive) 908M(20%)->178M(4%)
[1779.251s][info][gc] GC(919) Garbage Collection (Proactive) 642M(14%)->104M(2%)
[1798.174s][info][gc] GC(920) Garbage Collection (Proactive) 1522M(33%)->228M(5%)
[1800.964s][info][gc] GC(921) Garbage Collection (Proactive) 964M(21%)->250M(5%)
[1802.959s][info][gc] GC(922) Garbage Collection (Proactive) 888M(19%)->238M(5%)
[1805.459s][info][gc] GC(923) Garbage Collection (Proactive) 728M(16%)->244M(5%)
[1807.862s][info][gc] GC(924) Garbage Collection (Proactive) 716M(16%)->262M(6%)
[1810.365s][info][gc] GC(925) Garbage Collection (Proactive) 734M(16%)->250M(5%)
[1812.461s][info][gc] GC(926) Garbage Collection (Proactive) 740M(16%)->252M(5%)
[1827.669s][info][gc] GC(927) Garbage Collection (Proactive) 714M(15%)->176M(4%)
[1829.268s][info][gc] GC(928) Garbage Collection (Proactive) 1464M(32%)->244M(5%)
[1830.962s][info][gc] GC(929) Garbage Collection (Proactive) 716M(16%)->234M(5%)
[1832.662s][info][gc] GC(930) Garbage Collection (Proactive) 822M(18%)->238M(5%)
[1834.961s][info][gc] GC(931) Garbage Collection (Proactive) 712M(15%)->244M(5%)
[1837.266s][info][gc] GC(932) Garbage Collection (Proactive) 732M(16%)->248M(5%)
[1839.563s][info][gc] GC(933) Garbage Collection (Proactive) 720M(16%)->252M(5%)
[1842.265s][info][gc] GC(934) Garbage Collection (Proactive) 726M(16%)->288M(6%)
[1848.163s][info][gc] GC(935) Garbage Collection (Proactive) 750M(16%)->178M(4%)
[1858.975s][info][gc] GC(936) Garbage Collection (Proactive) 1448M(31%)->228M(5%)
[1861.258s][info][gc] GC(937) Garbage Collection (Proactive) 866M(19%)->234M(5%)
[1863.260s][info][gc] GC(938) Garbage Collection (Proactive) 920M(20%)->240M(5%)
[1865.861s][info][gc] GC(939) Garbage Collection (Proactive) 714M(15%)->246M(5%)
[1868.169s][info][gc] GC(940) Garbage Collection (Proactive) 718M(16%)->248M(5%)
[1870.359s][info][gc] GC(941) Garbage Collection (Proactive) 720M(16%)->254M(6%)
[1873.064s][info][gc] GC(942) Garbage Collection (Proactive) 760M(16%)->256M(6%)
[1883.569s][info][gc] GC(943) Garbage Collection (Proactive) 718M(16%)->178M(4%)
[1890.064s][info][gc] GC(944) Garbage Collection (Proactive) 1240M(27%)->196M(4%)
[1892.559s][info][gc] GC(945) Garbage Collection (Proactive) 670M(15%)->200M(4%)
[1894.560s][info][gc] GC(946) Garbage Collection (Proactive) 706M(15%)->204M(4%)
[1898.059s][info][gc] GC(947) Garbage Collection (Proactive) 678M(15%)->208M(5%)
[1901.763s][info][gc] GC(948) Garbage Collection (Proactive) 682M(15%)->212M(5%)
[1905.362s][info][gc] GC(949) Garbage Collection (Proactive) 686M(15%)->216M(5%)
[1909.062s][info][gc] GC(950) Garbage Collection (Proactive) 690M(15%)->220M(5%)
[1918.566s][info][gc] GC(951) Garbage Collection (Proactive) 828M(18%)->232M(5%)
[1919.963s][info][gc] GC(952) Garbage Collection (Proactive) 866M(19%)->196M(4%)
[1922.358s][info][gc] GC(953) Garbage Collection (Proactive) 670M(15%)->220M(5%)
[1924.761s][info][gc] GC(954) Garbage Collection (Proactive) 710M(15%)->206M(4%)
[1928.561s][info][gc] GC(955) Garbage Collection (Proactive) 696M(15%)->210M(5%)
[1932.462s][info][gc] GC(956) Garbage Collection (Proactive) 684M(15%)->216M(5%)
[1936.062s][info][gc] GC(957) Garbage Collection (Proactive) 690M(15%)->220M(5%)
[1947.750s][info][gc] GC(958) Garbage Collection (Proactive) 780M(17%)->96M(2%)
[1958.450s][info][gc] GC(959) Garbage Collection (Proactive) 570M(12%)->98M(2%)
[1974.051s][info][gc] GC(960) Garbage Collection (Proactive) 610M(13%)->98M(2%)
[1984.550s][info][gc] GC(961) Garbage Collection (Proactive) 572M(12%)->98M(2%)
[2000.551s][info][gc] GC(962) Garbage Collection (Proactive) 610M(13%)->96M(2%)
[2011.251s][info][gc] GC(963) Garbage Collection (Proactive) 570M(12%)->100M(2%)
[2027.451s][info][gc] GC(964) Garbage Collection (Proactive) 612M(13%)->96M(2%)
[2037.751s][info][gc] GC(965) Garbage Collection (Proactive) 570M(12%)->100M(2%)
[2053.551s][info][gc] GC(966) Garbage Collection (Proactive) 612M(13%)->96M(2%)
[2064.250s][info][gc] GC(967) Garbage Collection (Proactive) 570M(12%)->100M(2%)
[2080.647s][info][gc] GC(968) Garbage Collection (Proactive) 614M(13%)->96M(2%)
[2091.750s][info][gc] GC(969) Garbage Collection (Proactive) 570M(12%)->100M(2%)
[2107.451s][info][gc] GC(970) Garbage Collection (Proactive) 612M(13%)->96M(2%)
[2118.847s][info][gc] GC(971) Garbage Collection (Proactive) 570M(12%)->100M(2%)
[2134.751s][info][gc] GC(972) Garbage Collection (Proactive) 612M(13%)->98M(2%)
[2145.651s][info][gc] GC(973) Garbage Collection (Proactive) 572M(12%)->100M(2%)
[2161.751s][info][gc] GC(974) Garbage Collection (Proactive) 856M(19%)->126M(3%)
[2166.052s][info][gc] GC(975) Garbage Collection (Proactive) 600M(13%)->132M(3%)
[2173.053s][info][gc] GC(976) Garbage Collection (Proactive) 606M(13%)->138M(3%)
[2180.053s][info][gc] GC(977) Garbage Collection (Proactive) 610M(13%)->142M(3%)
[2189.855s][info][gc] GC(978) Garbage Collection (Proactive) 676M(15%)->160M(3%)
[2194.152s][info][gc] GC(979) Garbage Collection (Proactive) 634M(14%)->136M(3%)
[2200.952s][info][gc] GC(980) Garbage Collection (Proactive) 610M(13%)->138M(3%)
[2209.252s][info][gc] GC(981) Garbage Collection (Proactive) 600M(13%)->110M(2%)
[2217.551s][info][gc] GC(982) Garbage Collection (Proactive) 658M(14%)->130M(3%)
[2221.751s][info][gc] GC(983) Garbage Collection (Proactive) 604M(13%)->132M(3%)
[2228.652s][info][gc] GC(984) Garbage Collection (Proactive) 606M(13%)->136M(3%)
[2235.754s][info][gc] GC(985) Garbage Collection (Proactive) 608M(13%)->140M(3%)
[2245.050s][info][gc] GC(986) Garbage Collection (Proactive) 694M(15%)->130M(3%)
[2249.251s][info][gc] GC(987) Garbage Collection (Proactive) 604M(13%)->136M(3%)
[2256.352s][info][gc] GC(988) Garbage Collection (Proactive) 610M(13%)->138M(3%)
[2263.053s][info][gc] GC(989) Garbage Collection (Proactive) 610M(13%)->144M(3%)
[2272.262s][info][gc] GC(990) Garbage Collection (Proactive) 924M(20%)->164M(4%)
[2275.556s][info][gc] GC(991) Garbage Collection (Proactive) 638M(14%)->170M(4%)
[2278.655s][info][gc] GC(992) Garbage Collection (Proactive) 644M(14%)->172M(4%)
[2283.556s][info][gc] GC(993) Garbage Collection (Proactive) 646M(14%)->176M(4%)
[2288.657s][info][gc] GC(994) Garbage Collection (Proactive) 650M(14%)->182M(4%)
[2300.261s][info][gc] GC(995) Garbage Collection (Proactive) 658M(14%)->220M(5%)
[2301.460s][info][gc] GC(996) Garbage Collection (Proactive) 838M(18%)->180M(4%)
[2304.356s][info][gc] GC(997) Garbage Collection (Proactive) 654M(14%)->170M(4%)
[2308.057s][info][gc] GC(998) Garbage Collection (Proactive) 644M(14%)->174M(4%)
[2312.957s][info][gc] GC(999) Garbage Collection (Proactive) 648M(14%)->178M(4%)
[2317.856s][info][gc] GC(1000) Garbage Collection (Proactive) 652M(14%)->184M(4%)
[2328.560s][info][gc] GC(1001) Garbage Collection (Proactive) 650M(14%)->150M(3%)
[2330.950s][info][gc] GC(1002) Garbage Collection (Proactive) 622M(13%)->134M(3%)
[2336.053s][info][gc] GC(1003) Garbage Collection (Proactive) 608M(13%)->138M(3%)
[2343.552s][info][gc] GC(1004) Garbage Collection (Proactive) 628M(14%)->140M(3%)
[2355.970s][info][gc] GC(1005) Garbage Collection (Proactive) 1392M(30%)->196M(4%)
[2358.657s][info][gc] GC(1006) Garbage Collection (Proactive) 670M(15%)->204M(4%)
[2360.459s][info][gc] GC(1007) Garbage Collection (Proactive) 678M(15%)->208M(5%)
[2363.561s][info][gc] GC(1008) Garbage Collection (Proactive) 682M(15%)->212M(5%)
[2367.464s][info][gc] GC(1009) Garbage Collection (Proactive) 686M(15%)->216M(5%)
[2371.060s][info][gc] GC(1010) Garbage Collection (Proactive) 690M(15%)->220M(5%)
[2374.561s][info][gc] GC(1011) Garbage Collection (Proactive) 694M(15%)->224M(5%)
[2384.565s][info][gc] GC(1012) Garbage Collection (Proactive) 730M(16%)->282M(6%)
[2386.463s][info][gc] GC(1013) Garbage Collection (Proactive) 1096M(24%)->202M(4%)
[2388.660s][info][gc] GC(1014) Garbage Collection (Proactive) 678M(15%)->224M(5%)
[2391.257s][info][gc] GC(1015) Garbage Collection (Proactive) 698M(15%)->214M(5%)
[2395.062s][info][gc] GC(1016) Garbage Collection (Proactive) 688M(15%)->216M(5%)
[2398.963s][info][gc] GC(1017) Garbage Collection (Proactive) 690M(15%)->222M(5%)
[2402.267s][info][gc] GC(1018) Garbage Collection (Proactive) 696M(15%)->226M(5%)
[2413.464s][info][gc] GC(1019) Garbage Collection (Proactive) 1082M(23%)->494M(11%)
[2414.766s][info][gc] GC(1020) Garbage Collection (Proactive) 1004M(22%)->254M(6%)
[2416.962s][info][gc] GC(1021) Garbage Collection (Proactive) 728M(16%)->260M(6%)
[2418.562s][info][gc] GC(1022) Garbage Collection (Proactive) 760M(16%)->246M(5%)
[2421.264s][info][gc] GC(1023) Garbage Collection (Proactive) 720M(16%)->252M(5%)
[2424.167s][info][gc] GC(1024) Garbage Collection (Proactive) 742M(16%)->254M(6%)
[2427.270s][info][gc] GC(1025) Garbage Collection (Proactive) 744M(16%)->260M(6%)
[2430.967s][info][gc] GC(1026) Garbage Collection (Proactive) 750M(16%)->280M(6%)
[2442.568s][info][gc] GC(1027) Garbage Collection (Proactive) 818M(18%)->326M(7%)
[2443.962s][info][gc] GC(1028) Garbage Collection (Proactive) 962M(21%)->166M(4%)
[2446.855s][info][gc] GC(1029) Garbage Collection (Proactive) 658M(14%)->172M(4%)
[2450.756s][info][gc] GC(1030) Garbage Collection (Proactive) 646M(14%)->178M(4%)
[2455.657s][info][gc] GC(1031) Garbage Collection (Proactive) 652M(14%)->180M(4%)
[2460.458s][info][gc] GC(1032) Garbage Collection (Proactive) 670M(15%)->186M(4%)
[2471.584s][info][gc] GC(1033) Garbage Collection (Proactive) 1534M(33%)->426M(9%)
[2475.171s][info][gc] GC(1034) Garbage Collection (Proactive) 1324M(29%)->280M(6%)
[2477.767s][info][gc] GC(1035) Garbage Collection (Proactive) 1066M(23%)->290M(6%)
[2480.167s][info][gc] GC(1036) Garbage Collection (Proactive) 764M(17%)->308M(7%)
[2482.867s][info][gc] GC(1037) Garbage Collection (Proactive) 782M(17%)->296M(6%)
[2485.662s][info][gc] GC(1038) Garbage Collection (Proactive) 770M(17%)->300M(7%)
[2488.676s][info][gc] GC(1039) Garbage Collection (Proactive) 774M(17%)->306M(7%)
[2491.272s][info][gc] GC(1040) Garbage Collection (Proactive) 780M(17%)->326M(7%)
[2503.573s][info][gc] GC(1041) Garbage Collection (Proactive) 910M(20%)->272M(6%)
[2506.056s][info][gc] GC(1042) Garbage Collection (Proactive) 734M(16%)->138M(3%)
[2510.953s][info][gc] GC(1043) Garbage Collection (Proactive) 612M(13%)->144M(3%)
[2518.653s][info][gc] GC(1044) Garbage Collection (Proactive) 616M(13%)->146M(3%)
[2531.670s][info][gc] GC(1045) Garbage Collection (Proactive) 1360M(30%)->812M(18%)
[2534.078s][info][gc] GC(1046) Garbage Collection (Proactive) 1544M(34%)->326M(7%)
[2537.373s][info][gc] GC(1047) Garbage Collection (Proactive) 1488M(32%)->336M(7%)
[2539.874s][info][gc] GC(1048) Garbage Collection (Proactive) 876M(19%)->340M(7%)
[2542.174s][info][gc] GC(1049) Garbage Collection (Proactive) 830M(18%)->348M(8%)
[2545.274s][info][gc] GC(1050) Garbage Collection (Proactive) 838M(18%)->336M(7%)
[2547.371s][info][gc] GC(1051) Garbage Collection (Proactive) 826M(18%)->340M(7%)
[2550.677s][info][gc] GC(1052) Garbage Collection (Proactive) 814M(18%)->344M(7%)
[2552.976s][info][gc] GC(1053) Garbage Collection (Proactive) 932M(20%)->352M(8%)
[2565.275s][info][gc] GC(1054) Garbage Collection (Proactive) 902M(20%)->268M(6%)
[2575.152s][info][gc] GC(1055) Garbage Collection (Proactive) 732M(16%)->108M(2%)
[2591.974s][info][gc] GC(1056) Garbage Collection (Proactive) 1642M(36%)->230M(5%)
[2594.761s][info][gc] GC(1057) Garbage Collection (Proactive) 820M(18%)->238M(5%)
[2596.864s][info][gc] GC(1058) Garbage Collection (Proactive) 860M(19%)->244M(5%)
[2599.862s][info][gc] GC(1059) Garbage Collection (Proactive) 734M(16%)->246M(5%)
[2603.564s][info][gc] GC(1060) Garbage Collection (Proactive) 720M(16%)->266M(6%)
[2606.861s][info][gc] GC(1061) Garbage Collection (Proactive) 740M(16%)->256M(6%)
[2610.668s][info][gc] GC(1062) Garbage Collection (Proactive) 730M(16%)->258M(6%)
[2614.266s][info][gc] GC(1063) Garbage Collection (Proactive) 720M(16%)->182M(4%)
[2621.576s][info][gc] GC(1064) Garbage Collection (Proactive) 746M(16%)->204M(4%)
[2623.769s][info][gc] GC(1065) Garbage Collection (Proactive) 1376M(30%)->234M(5%)
[2625.761s][info][gc] GC(1066) Garbage Collection (Proactive) 760M(16%)->242M(5%)
[2627.964s][info][gc] GC(1067) Garbage Collection (Proactive) 732M(16%)->244M(5%)
[2631.159s][info][gc] GC(1068) Garbage Collection (Proactive) 734M(16%)->250M(5%)
[2635.063s][info][gc] GC(1069) Garbage Collection (Proactive) 724M(16%)->254M(6%)
[2638.567s][info][gc] GC(1070) Garbage Collection (Proactive) 744M(16%)->262M(6%)
[2641.365s][info][gc] GC(1071) Garbage Collection (Proactive) 736M(16%)->264M(6%)
[2651.751s][info][gc] GC(1072) Garbage Collection (Proactive) 848M(18%)->96M(2%)
[2663.350s][info][gc] GC(1073) Garbage Collection (Proactive) 570M(12%)->98M(2%)
[2678.451s][info][gc] GC(1074) Garbage Collection (Proactive) 612M(13%)->96M(2%)
[2690.250s][info][gc] GC(1075) Garbage Collection (Proactive) 570M(12%)->100M(2%)
[2705.151s][info][gc] GC(1076) Garbage Collection (Proactive) 614M(13%)->96M(2%)
[2717.051s][info][gc] GC(1077) Garbage Collection (Proactive) 570M(12%)->100M(2%)
[2731.951s][info][gc] GC(1078) Garbage Collection (Proactive) 614M(13%)->96M(2%)
[2743.951s][info][gc] GC(1079) Garbage Collection (Proactive) 570M(12%)->100M(2%)
[2759.249s][info][gc] GC(1080) Garbage Collection (Proactive) 614M(13%)->96M(2%)
[2771.546s][info][gc] GC(1081) Garbage Collection (Proactive) 570M(12%)->100M(2%)
[2787.151s][info][gc] GC(1082) Garbage Collection (Proactive) 614M(13%)->98M(2%)
[2799.450s][info][gc] GC(1083) Garbage Collection (Proactive) 572M(12%)->100M(2%)
[2814.651s][info][gc] GC(1084) Garbage Collection (Proactive) 614M(13%)->98M(2%)
[2826.551s][info][gc] GC(1085) Garbage Collection (Proactive) 572M(12%)->102M(2%)
[2842.051s][info][gc] GC(1086) Garbage Collection (Proactive) 616M(13%)->98M(2%)
[2853.850s][info][gc] GC(1087) Garbage Collection (Proactive) 572M(12%)->102M(2%)
[2868.849s][info][gc] GC(1088) Garbage Collection (Proactive) 616M(13%)->98M(2%)
[2880.950s][info][gc] GC(1089) Garbage Collection (Proactive) 572M(12%)->102M(2%)
[2896.050s][info][gc] GC(1090) Garbage Collection (Proactive) 616M(13%)->98M(2%)
[2907.950s][info][gc] GC(1091) Garbage Collection (Proactive) 572M(12%)->100M(2%)
[2922.754s][info][gc] GC(1092) Garbage Collection (Proactive) 864M(19%)->128M(3%)
[2927.152s][info][gc] GC(1093) Garbage Collection (Proactive) 618M(13%)->134M(3%)
[2935.153s][info][gc] GC(1094) Garbage Collection (Proactive) 608M(13%)->152M(3%)
[2944.053s][info][gc] GC(1095) Garbage Collection (Proactive) 614M(13%)->108M(2%)
[2950.655s][info][gc] GC(1096) Garbage Collection (Proactive) 668M(14%)->130M(3%)
[2955.153s][info][gc] GC(1097) Garbage Collection (Proactive) 604M(13%)->136M(3%)
[2963.252s][info][gc] GC(1098) Garbage Collection (Proactive) 610M(13%)->138M(3%)
[2971.552s][info][gc] GC(1099) Garbage Collection (Proactive) 600M(13%)->110M(2%)
[2978.054s][info][gc] GC(1100) Garbage Collection (Proactive) 662M(14%)->130M(3%)
[2982.552s][info][gc] GC(1101) Garbage Collection (Proactive) 604M(13%)->136M(3%)
[2990.553s][info][gc] GC(1102) Garbage Collection (Proactive) 610M(13%)->140M(3%)
[2998.554s][info][gc] GC(1103) Garbage Collection (Proactive) 614M(13%)->126M(3%)
[3006.053s][info][gc] GC(1104) Garbage Collection (Proactive) 698M(15%)->132M(3%)
[3010.452s][info][gc] GC(1105) Garbage Collection (Proactive) 606M(13%)->134M(3%)
[3018.749s][info][gc] GC(1106) Garbage Collection (Proactive) 624M(14%)->140M(3%)
[3030.053s][info][gc] GC(1107) Garbage Collection (Proactive) 602M(13%)->110M(2%)
[3033.655s][info][gc] GC(1108) Garbage Collection (Proactive) 644M(14%)->130M(3%)
[3038.152s][info][gc] GC(1109) Garbage Collection (Proactive) 604M(13%)->136M(3%)
[3046.052s][info][gc] GC(1110) Garbage Collection (Proactive) 610M(13%)->138M(3%)
[3053.754s][info][gc] GC(1111) Garbage Collection (Proactive) 612M(13%)->144M(3%)
[3061.466s][info][gc] GC(1112) Garbage Collection (Proactive) 932M(20%)->162M(4%)
[3064.957s][info][gc] GC(1113) Garbage Collection (Proactive) 652M(14%)->168M(4%)
[3068.456s][info][gc] GC(1114) Garbage Collection (Proactive) 658M(14%)->176M(4%)
[3074.558s][info][gc] GC(1115) Garbage Collection (Proactive) 650M(14%)->180M(4%)
[3079.758s][info][gc] GC(1116) Garbage Collection (Proactive) 654M(14%)->184M(4%)
[3089.459s][info][gc] GC(1117) Garbage Collection (Proactive) 720M(16%)->158M(3%)
[3090.358s][info][gc] GC(1118) Garbage Collection (Proactive) 726M(16%)->166M(4%)
[3093.756s][info][gc] GC(1119) Garbage Collection (Proactive) 640M(14%)->170M(4%)
[3097.455s][info][gc] GC(1120) Garbage Collection (Proactive) 644M(14%)->178M(4%)
[3103.356s][info][gc] GC(1121) Garbage Collection (Proactive) 652M(14%)->182M(4%)
[3108.654s][info][gc] GC(1122) Garbage Collection (Proactive) 672M(15%)->186M(4%)
[3118.458s][info][gc] GC(1123) Garbage Collection (Proactive) 674M(15%)->148M(3%)
[3119.357s][info][gc] GC(1124) Garbage Collection (Proactive) 714M(15%)->164M(4%)
[3122.656s][info][gc] GC(1125) Garbage Collection (Proactive) 638M(14%)->172M(4%)
[3126.456s][info][gc] GC(1126) Garbage Collection (Proactive) 662M(14%)->174M(4%)
[3132.154s][info][gc] GC(1127) Garbage Collection (Proactive) 648M(14%)->180M(4%)
[3137.858s][info][gc] GC(1128) Garbage Collection (Proactive) 654M(14%)->186M(4%)
[3147.362s][info][gc] GC(1129) Garbage Collection (Proactive) 674M(15%)->146M(3%)
[3159.352s][info][gc] GC(1130) Garbage Collection (Proactive) 624M(14%)->104M(2%)
[3174.172s][info][gc] GC(1131) Garbage Collection (Proactive) 1366M(30%)->202M(4%)
[3177.058s][info][gc] GC(1132) Garbage Collection (Proactive) 710M(15%)->204M(4%)
[3179.056s][info][gc] GC(1133) Garbage Collection (Proactive) 678M(15%)->210M(5%)
[3182.960s][info][gc] GC(1134) Garbage Collection (Proactive) 684M(15%)->216M(5%)
[3187.457s][info][gc] GC(1135) Garbage Collection (Proactive) 706M(15%)->218M(5%)
[3191.562s][info][gc] GC(1136) Garbage Collection (Proactive) 692M(15%)->224M(5%)
[3196.062s][info][gc] GC(1137) Garbage Collection (Proactive) 686M(15%)->178M(4%)
[3202.970s][info][gc] GC(1138) Garbage Collection (Proactive) 754M(16%)->180M(4%)
[3204.764s][info][gc] GC(1139) Garbage Collection (Proactive) 958M(21%)->204M(4%)
[3207.161s][info][gc] GC(1140) Garbage Collection (Proactive) 696M(15%)->208M(5%)
[3209.760s][info][gc] GC(1141) Garbage Collection (Proactive) 682M(15%)->210M(5%)
[3213.962s][info][gc] GC(1142) Garbage Collection (Proactive) 684M(15%)->218M(5%)
[3217.863s][info][gc] GC(1143) Garbage Collection (Proactive) 692M(15%)->220M(5%)
[3222.263s][info][gc] GC(1144) Garbage Collection (Proactive) 726M(16%)->226M(5%)
[3231.866s][info][gc] GC(1145) Garbage Collection (Proactive) 736M(16%)->178M(4%)
[3234.354s][info][gc] GC(1146) Garbage Collection (Proactive) 640M(14%)->136M(3%)
[3239.553s][info][gc] GC(1147) Garbage Collection (Proactive) 610M(13%)->138M(3%)
[3247.953s][info][gc] GC(1148) Garbage Collection (Proactive) 612M(13%)->144M(3%)
[3259.758s][info][gc] GC(1149) Garbage Collection (Proactive) 696M(15%)->474M(10%)
[3260.872s][info][gc] GC(1150) Garbage Collection (Proactive) 1300M(28%)->240M(5%)
[3263.763s][info][gc] GC(1151) Garbage Collection (Proactive) 910M(20%)->246M(5%)
[3265.863s][info][gc] GC(1152) Garbage Collection (Proactive) 770M(17%)->250M(5%)
[3268.962s][info][gc] GC(1153) Garbage Collection (Proactive) 724M(16%)->254M(6%)
[3272.966s][info][gc] GC(1154) Garbage Collection (Proactive) 728M(16%)->258M(6%)
[3276.164s][info][gc] GC(1155) Garbage Collection (Proactive) 732M(16%)->264M(6%)
[3278.969s][info][gc] GC(1156) Garbage Collection (Proactive) 738M(16%)->268M(6%)
[3289.168s][info][gc] GC(1157) Garbage Collection (Proactive) 914M(20%)->222M(5%)
[3290.670s][info][gc] GC(1158) Garbage Collection (Proactive) 1492M(32%)->238M(5%)
[3292.958s][info][gc] GC(1159) Garbage Collection (Proactive) 728M(16%)->244M(5%)
[3294.859s][info][gc] GC(1160) Garbage Collection (Proactive) 800M(17%)->268M(6%)
[3298.563s][info][gc] GC(1161) Garbage Collection (Proactive) 774M(17%)->254M(6%)
[3302.364s][info][gc] GC(1162) Garbage Collection (Proactive) 728M(16%)->260M(6%)
[3305.865s][info][gc] GC(1163) Garbage Collection (Proactive) 734M(16%)->262M(6%)
[3308.771s][info][gc] GC(1164) Garbage Collection (Proactive) 752M(16%)->266M(6%)
[3320.778s][info][gc] GC(1165) Garbage Collection (Proactive) 738M(16%)->424M(9%)
[3323.099s][info][gc] GC(1166) Garbage Collection (Proactive) 2004M(43%)->274M(6%)
[3328.067s][info][gc] GC(1167) Garbage Collection (Proactive) 1566M(34%)->306M(7%)
[3331.971s][info][gc] GC(1168) Garbage Collection (Proactive) 944M(20%)->294M(6%)
[3335.673s][info][gc] GC(1169) Garbage Collection (Proactive) 800M(17%)->300M(7%)
[3338.965s][info][gc] GC(1170) Garbage Collection (Proactive) 774M(17%)->302M(7%)
[3341.665s][info][gc] GC(1171) Garbage Collection (Proactive) 776M(17%)->306M(7%)
[3347.167s][info][gc] GC(1172) Garbage Collection (Proactive) 768M(17%)->214M(5%)
[3352.982s][info][gc] GC(1173) Garbage Collection (Proactive) 676M(15%)->368M(8%)
[3355.769s][info][gc] GC(1174) Garbage Collection (Proactive) 1328M(29%)->208M(5%)
[3358.165s][info][gc] GC(1175) Garbage Collection (Proactive) 748M(16%)->212M(5%)
[3362.060s][info][gc] GC(1176) Garbage Collection (Proactive) 686M(15%)->218M(5%)
[3366.462s][info][gc] GC(1177) Garbage Collection (Proactive) 708M(15%)->222M(5%)
[3370.862s][info][gc] GC(1178) Garbage Collection (Proactive) 696M(15%)->226M(5%)
[3377.963s][info][gc] GC(1179) Garbage Collection (Proactive) 688M(15%)->164M(4%)
[3382.494s][info][gc] GC(1180) Garbage Collection (Proactive) 1684M(37%)->466M(10%)
[3386.880s][info][gc] GC(1181) Garbage Collection (Proactive) 1626M(35%)->322M(7%)
[3390.272s][info][gc] GC(1182) Garbage Collection (Proactive) 1288M(28%)->332M(7%)
[3393.173s][info][gc] GC(1183) Garbage Collection (Proactive) 822M(18%)->336M(7%)
[3395.977s][info][gc] GC(1184) Garbage Collection (Proactive) 828M(18%)->342M(7%)
[3398.971s][info][gc] GC(1185) Garbage Collection (Proactive) 850M(18%)->344M(7%)
[3402.173s][info][gc] GC(1186) Garbage Collection (Proactive) 818M(18%)->348M(8%)
[3404.574s][info][gc] GC(1187) Garbage Collection (Proactive) 822M(18%)->354M(8%)
[3407.481s][info][gc] GC(1188) Garbage Collection (Proactive) 830M(18%)->322M(7%)
[3416.787s][info][gc] GC(1189) Garbage Collection (Proactive) 806M(17%)->426M(9%)
[3419.860s][info][gc] GC(1190) Garbage Collection (Proactive) 1072M(23%)->176M(4%)
[3423.158s][info][gc] GC(1191) Garbage Collection (Proactive) 668M(14%)->182M(4%)
[3428.752s][info][gc] GC(1192) Garbage Collection (Proactive) 672M(15%)->186M(4%)
[3434.358s][info][gc] GC(1193) Garbage Collection (Proactive) 660M(14%)->190M(4%)
