[0.004s][info][gc] Using G1
[0.078s][info][gc] GC(0) Pause Young (Normal) (G1 Evacuation Pause) 16M->3M(290M) 0.856ms
[0.087s][info][gc] GC(1) Pause Young (Normal) (G1 Evacuation Pause) 17M->4M(290M) 0.980ms
[0.099s][info][gc] GC(2) Pause Young (Normal) (G1 Evacuation Pause) 27M->5M(290M) 0.697ms
[0.126s][info][gc] GC(3) Pause Young (Normal) (G1 Evacuation Pause) 57M->9M(290M) 1.013ms
[0.155s][info][gc] GC(4) Pause Young (Normal) (G1 Evacuation Pause) 73M->14M(290M) 1.498ms
[0.184s][info][gc] GC(5) Pause Young (Normal) (G1 Evacuation Pause) 80M->19M(290M) 1.675ms
[0.396s][info][gc] GC(6) Pause Young (Normal) (G1 Evacuation Pause) 96M->26M(336M) 2.641ms
[0.505s][info][gc] GC(7) Pause Young (Normal) (G1 Evacuation Pause) 120M->30M(336M) 1.843ms
[0.568s][info][gc] GC(8) Pause Young (Normal) (G1 Evacuation Pause) 138M->31M(336M) 1.693ms
[0.672s][info][gc] GC(9) Pause Young (Normal) (G1 Evacuation Pause) 227M->32M(336M) 1.390ms
[0.771s][info][gc] GC(10) Pause Young (Normal) (G1 Evacuation Pause) 227M->34M(336M) 1.342ms
[0.866s][info][gc] GC(11) Pause Young (Normal) (G1 Evacuation Pause) 227M->35M(336M) 1.362ms
[0.977s][info][gc] GC(12) Pause Young (Normal) (G1 Evacuation Pause) 226M->37M(336M) 1.389ms
[1.072s][info][gc] GC(13) Pause Young (Normal) (G1 Evacuation Pause) 226M->39M(336M) 1.496ms
[1.166s][info][gc] GC(14) Pause Young (Normal) (G1 Evacuation Pause) 227M->40M(336M) 1.686ms
[1.262s][info][gc] GC(15) Pause Young (Normal) (G1 Evacuation Pause) 227M->41M(336M) 1.936ms
[1.353s][info][gc] GC(16) Pause Young (Normal) (G1 Evacuation Pause) 226M->43M(336M) 1.820ms
[1.445s][info][gc] GC(17) Pause Young (Normal) (G1 Evacuation Pause) 228M->44M(336M) 1.754ms
[1.544s][info][gc] GC(18) Pause Young (Normal) (G1 Evacuation Pause) 229M->46M(336M) 1.924ms
[1.638s][info][gc] GC(19) Pause Young (Normal) (G1 Evacuation Pause) 232M->48M(336M) 1.709ms
[1.729s][info][gc] GC(20) Pause Young (Normal) (G1 Evacuation Pause) 233M->49M(336M) 1.890ms
[1.822s][info][gc] GC(21) Pause Young (Normal) (G1 Evacuation Pause) 235M->51M(336M) 1.630ms
[1.914s][info][gc] GC(22) Pause Young (Normal) (G1 Evacuation Pause) 236M->53M(336M) 1.560ms
[2.004s][info][gc] GC(23) Pause Young (Normal) (G1 Evacuation Pause) 238M->54M(336M) 1.566ms
[2.093s][info][gc] GC(24) Pause Young (Normal) (G1 Evacuation Pause) 239M->55M(336M) 1.665ms
[2.191s][info][gc] GC(25) Pause Young (Normal) (G1 Evacuation Pause) 241M->57M(336M) 1.596ms
[2.282s][info][gc] GC(26) Pause Young (Normal) (G1 Evacuation Pause) 241M->59M(336M) 1.806ms
[2.374s][info][gc] GC(27) Pause Young (Normal) (G1 Evacuation Pause) 244M->60M(336M) 1.648ms
[2.466s][info][gc] GC(28) Pause Young (Normal) (G1 Evacuation Pause) 246M->62M(336M) 1.648ms
[2.557s][info][gc] GC(29) Pause Young (Normal) (G1 Evacuation Pause) 247M->64M(336M) 1.571ms
[2.650s][info][gc] GC(30) Pause Young (Normal) (G1 Evacuation Pause) 249M->66M(336M) 1.701ms
[2.746s][info][gc] GC(31) Pause Young (Normal) (G1 Evacuation Pause) 251M->66M(336M) 1.780ms
[2.841s][info][gc] GC(32) Pause Young (Normal) (G1 Evacuation Pause) 252M->69M(336M) 1.634ms
[2.929s][info][gc] GC(33) Pause Young (Normal) (G1 Evacuation Pause) 254M->70M(336M) 1.638ms
[3.024s][info][gc] GC(34) Pause Young (Normal) (G1 Evacuation Pause) 256M->71M(336M) 1.685ms
[3.118s][info][gc] GC(35) Pause Young (Normal) (G1 Evacuation Pause) 257M->74M(336M) 1.684ms
[3.208s][info][gc] GC(36) Pause Young (Normal) (G1 Evacuation Pause) 259M->75M(336M) 1.621ms
[3.306s][info][gc] GC(37) Pause Young (Normal) (G1 Evacuation Pause) 261M->76M(336M) 1.666ms
[3.407s][info][gc] GC(38) Pause Young (Normal) (G1 Evacuation Pause) 262M->79M(336M) 1.586ms
[3.497s][info][gc] GC(39) Pause Young (Normal) (G1 Evacuation Pause) 264M->79M(336M) 1.720ms
[3.588s][info][gc] GC(40) Pause Young (Normal) (G1 Evacuation Pause) 265M->81M(336M) 1.674ms
[3.680s][info][gc] GC(41) Pause Young (Normal) (G1 Evacuation Pause) 267M->83M(336M) 1.564ms
[3.769s][info][gc] GC(42) Pause Young (Normal) (G1 Evacuation Pause) 268M->85M(336M) 1.808ms
[3.858s][info][gc] GC(43) Pause Young (Normal) (G1 Evacuation Pause) 270M->86M(336M) 1.605ms
[3.956s][info][gc] GC(44) Pause Young (Normal) (G1 Evacuation Pause) 271M->87M(336M) 1.599ms
[4.048s][info][gc] GC(45) Pause Young (Normal) (G1 Evacuation Pause) 273M->90M(336M) 1.720ms
[4.138s][info][gc] GC(46) Pause Young (Normal) (G1 Evacuation Pause) 275M->91M(336M) 1.660ms
[4.231s][info][gc] GC(47) Pause Young (Normal) (G1 Evacuation Pause) 277M->93M(336M) 1.726ms
[4.320s][info][gc] GC(48) Pause Young (Normal) (G1 Evacuation Pause) 278M->94M(336M) 1.639ms
[4.410s][info][gc] GC(49) Pause Young (Normal) (G1 Evacuation Pause) 280M->96M(336M) 1.806ms
[4.528s][info][gc] GC(50) Pause Young (Normal) (G1 Evacuation Pause) 281M->94M(336M) 1.740ms
[4.868s][info][gc] GC(51) Pause Young (Normal) (G1 Evacuation Pause) 282M->99M(336M) 1.633ms
[5.039s][info][gc] GC(52) Pause Young (Normal) (G1 Evacuation Pause) 282M->101M(336M) 1.673ms
[5.212s][info][gc] GC(53) Pause Young (Normal) (G1 Evacuation Pause) 286M->102M(336M) 1.659ms
[5.391s][info][gc] GC(54) Pause Young (Normal) (G1 Evacuation Pause) 288M->104M(336M) 1.694ms
[5.564s][info][gc] GC(55) Pause Young (Normal) (G1 Evacuation Pause) 289M->105M(336M) 1.611ms
[5.740s][info][gc] GC(56) Pause Young (Normal) (G1 Evacuation Pause) 291M->107M(336M) 1.627ms
[5.920s][info][gc] GC(57) Pause Young (Normal) (G1 Evacuation Pause) 293M->109M(336M) 1.735ms
[6.097s][info][gc] GC(58) Pause Young (Normal) (G1 Evacuation Pause) 294M->110M(336M) 1.751ms
[6.271s][info][gc] GC(59) Pause Young (Normal) (G1 Evacuation Pause) 296M->112M(336M) 1.765ms
[6.453s][info][gc] GC(60) Pause Young (Normal) (G1 Evacuation Pause) 299M->113M(336M) 1.552ms
[6.626s][info][gc] GC(61) Pause Young (Normal) (G1 Evacuation Pause) 299M->115M(336M) 1.715ms
[6.797s][info][gc] GC(62) Pause Young (Normal) (G1 Evacuation Pause) 300M->117M(336M) 1.697ms
[6.979s][info][gc] GC(63) Pause Young (Normal) (G1 Evacuation Pause) 300M->118M(336M) 1.742ms
[7.155s][info][gc] GC(64) Pause Young (Normal) (G1 Evacuation Pause) 302M->120M(336M) 1.591ms
[7.325s][info][gc] GC(65) Pause Young (Normal) (G1 Evacuation Pause) 300M->121M(336M) 1.570ms
[7.493s][info][gc] GC(66) Pause Young (Normal) (G1 Evacuation Pause) 302M->123M(336M) 1.553ms
[7.666s][info][gc] GC(67) Pause Young (Normal) (G1 Evacuation Pause) 302M->125M(336M) 1.503ms
[7.835s][info][gc] GC(68) Pause Young (Normal) (G1 Evacuation Pause) 300M->127M(336M) 1.797ms
[7.999s][info][gc] GC(69) Pause Young (Normal) (G1 Evacuation Pause) 301M->128M(336M) 1.466ms
[8.164s][info][gc] GC(70) Pause Young (Normal) (G1 Evacuation Pause) 302M->129M(336M) 1.553ms
[8.328s][info][gc] GC(71) Pause Young (Normal) (G1 Evacuation Pause) 302M->131M(336M) 1.725ms
[8.487s][info][gc] GC(72) Pause Young (Normal) (G1 Evacuation Pause) 302M->132M(336M) 1.406ms
[8.904s][info][gc] GC(73) Pause Young (Normal) (G1 Evacuation Pause) 303M->134M(336M) 1.568ms
[9.208s][info][gc] GC(74) Pause Young (Normal) (G1 Evacuation Pause) 302M->136M(336M) 1.522ms
[9.514s][info][gc] GC(75) Pause Young (Normal) (G1 Evacuation Pause) 303M->137M(336M) 1.499ms
[9.827s][info][gc] GC(76) Pause Young (Normal) (G1 Evacuation Pause) 302M->139M(336M) 1.613ms
[10.126s][info][gc] GC(77) Pause Young (Normal) (G1 Evacuation Pause) 302M->140M(336M) 1.529ms
[10.426s][info][gc] GC(78) Pause Young (Normal) (G1 Evacuation Pause) 302M->141M(336M) 1.454ms
[10.722s][info][gc] GC(79) Pause Young (Normal) (G1 Evacuation Pause) 304M->143M(336M) 1.364ms
[11.012s][info][gc] GC(80) Pause Young (Normal) (G1 Evacuation Pause) 302M->144M(336M) 1.586ms
[11.304s][info][gc] GC(81) Pause Young (Normal) (G1 Evacuation Pause) 301M->145M(336M) 1.396ms
[11.601s][info][gc] GC(82) Pause Young (Normal) (G1 Evacuation Pause) 304M->147M(336M) 1.336ms
[11.887s][info][gc] GC(83) Pause Young (Normal) (G1 Evacuation Pause) 302M->148M(336M) 1.379ms
[12.169s][info][gc] GC(84) Pause Young (Normal) (G1 Evacuation Pause) 301M->149M(336M) 1.440ms
[12.467s][info][gc] GC(85) Pause Young (Normal) (G1 Evacuation Pause) 304M->151M(336M) 1.316ms
[12.748s][info][gc] GC(86) Pause Young (Normal) (G1 Evacuation Pause) 304M->152M(336M) 1.439ms
[13.025s][info][gc] GC(87) Pause Young (Normal) (G1 Evacuation Pause) 303M->153M(336M) 1.343ms
[13.300s][info][gc] GC(88) Pause Young (Normal) (G1 Evacuation Pause) 303M->154M(336M) 1.511ms
[13.568s][info][gc] GC(89) Pause Young (Normal) (G1 Evacuation Pause) 302M->156M(336M) 1.502ms
[13.846s][info][gc] GC(90) Pause Young (Normal) (G1 Evacuation Pause) 303M->157M(336M) 1.275ms
[14.119s][info][gc] GC(91) Pause Young (Normal) (G1 Evacuation Pause) 303M->157M(336M) 1.311ms
[14.387s][info][gc] GC(92) Pause Young (Normal) (G1 Evacuation Pause) 303M->160M(336M) 1.371ms
[14.656s][info][gc] GC(93) Pause Young (Normal) (G1 Evacuation Pause) 303M->161M(336M) 1.264ms
[14.929s][info][gc] GC(94) Pause Young (Normal) (G1 Evacuation Pause) 303M->162M(336M) 1.247ms
[15.188s][info][gc] GC(95) Pause Young (Concurrent Start) (G1 Evacuation Pause) 304M->163M(336M) 1.306ms
[15.188s][info][gc] GC(96) Concurrent Mark Cycle
[15.196s][info][gc] GC(96) Pause Remark 167M->70M(227M) 1.071ms
[15.201s][info][gc] GC(96) Pause Cleanup 74M->74M(227M) 0.052ms
[15.201s][info][gc] GC(96) Concurrent Mark Cycle 12.769ms
[15.451s][info][gc] GC(97) Pause Young (Prepare Mixed) (G1 Evacuation Pause) 207M->68M(227M) 1.451ms
[15.683s][info][gc] GC(98) Pause Young (Mixed) (G1 Evacuation Pause) 191M->65M(227M) 1.326ms
[15.919s][info][gc] GC(99) Pause Young (Normal) (G1 Evacuation Pause) 192M->66M(227M) 1.390ms
[16.146s][info][gc] GC(100) Pause Young (Normal) (G1 Evacuation Pause) 192M->67M(227M) 1.145ms
[16.517s][info][gc] GC(101) Pause Young (Normal) (G1 Evacuation Pause) 193M->69M(227M) 1.245ms
[16.746s][info][gc] GC(102) Pause Young (Normal) (G1 Evacuation Pause) 194M->70M(227M) 1.230ms
[16.986s][info][gc] GC(103) Pause Young (Normal) (G1 Evacuation Pause) 195M->71M(227M) 1.381ms
[17.208s][info][gc] GC(104) Pause Young (Normal) (G1 Evacuation Pause) 196M->72M(227M) 1.200ms
[17.445s][info][gc] GC(105) Pause Young (Normal) (G1 Evacuation Pause) 198M->73M(227M) 1.235ms
[17.671s][info][gc] GC(106) Pause Young (Normal) (G1 Evacuation Pause) 199M->74M(227M) 1.402ms
[17.907s][info][gc] GC(107) Pause Young (Normal) (G1 Evacuation Pause) 200M->75M(227M) 1.179ms
[18.143s][info][gc] GC(108) Pause Young (Normal) (G1 Evacuation Pause) 201M->77M(227M) 1.254ms
[18.373s][info][gc] GC(109) Pause Young (Normal) (G1 Evacuation Pause) 203M->78M(227M) 1.216ms
[18.600s][info][gc] GC(110) Pause Young (Normal) (G1 Evacuation Pause) 202M->79M(227M) 1.086ms
[18.834s][info][gc] GC(111) Pause Young (Normal) (G1 Evacuation Pause) 201M->79M(227M) 1.110ms
[19.055s][info][gc] GC(112) Pause Young (Normal) (G1 Evacuation Pause) 202M->80M(227M) 1.136ms
[19.282s][info][gc] GC(113) Pause Young (Normal) (G1 Evacuation Pause) 202M->81M(227M) 1.120ms
[19.509s][info][gc] GC(114) Pause Young (Normal) (G1 Evacuation Pause) 202M->83M(227M) 1.154ms
[19.725s][info][gc] GC(115) Pause Young (Normal) (G1 Evacuation Pause) 203M->84M(227M) 1.135ms
[19.941s][info][gc] GC(116) Pause Young (Normal) (G1 Evacuation Pause) 203M->85M(227M) 1.164ms
[20.161s][info][gc] GC(117) Pause Young (Normal) (G1 Evacuation Pause) 203M->86M(227M) 1.128ms
[20.380s][info][gc] GC(118) Pause Young (Normal) (G1 Evacuation Pause) 204M->87M(227M) 1.110ms
[20.598s][info][gc] GC(119) Pause Young (Normal) (G1 Evacuation Pause) 204M->88M(227M) 1.178ms
[20.812s][info][gc] GC(120) Pause Young (Normal) (G1 Evacuation Pause) 204M->89M(227M) 1.048ms
[21.023s][info][gc] GC(121) Pause Young (Normal) (G1 Evacuation Pause) 204M->90M(227M) 1.065ms
[21.244s][info][gc] GC(122) Pause Young (Normal) (G1 Evacuation Pause) 203M->91M(227M) 1.133ms
[21.447s][info][gc] GC(123) Pause Young (Normal) (G1 Evacuation Pause) 204M->92M(227M) 1.129ms
[21.647s][info][gc] GC(124) Pause Young (Normal) (G1 Evacuation Pause) 204M->92M(227M) 0.999ms
[21.860s][info][gc] GC(125) Pause Young (Normal) (G1 Evacuation Pause) 204M->94M(227M) 1.249ms
[22.063s][info][gc] GC(126) Pause Young (Normal) (G1 Evacuation Pause) 202M->95M(227M) 1.162ms
[22.259s][info][gc] GC(127) Pause Young (Normal) (G1 Evacuation Pause) 204M->96M(227M) 1.087ms
[22.449s][info][gc] GC(128) Pause Young (Normal) (G1 Evacuation Pause) 203M->97M(227M) 1.146ms
[22.650s][info][gc] GC(129) Pause Young (Normal) (G1 Evacuation Pause) 203M->97M(227M) 1.091ms
[22.847s][info][gc] GC(130) Pause Young (Normal) (G1 Evacuation Pause) 204M->98M(227M) 1.165ms
[23.045s][info][gc] GC(131) Pause Young (Normal) (G1 Evacuation Pause) 203M->99M(227M) 1.054ms
[23.242s][info][gc] GC(132) Pause Young (Normal) (G1 Evacuation Pause) 204M->100M(227M) 1.109ms
[23.431s][info][gc] GC(133) Pause Young (Normal) (G1 Evacuation Pause) 204M->101M(227M) 1.196ms
[23.621s][info][gc] GC(134) Pause Young (Normal) (G1 Evacuation Pause) 204M->102M(227M) 1.061ms
[23.808s][info][gc] GC(135) Pause Young (Normal) (G1 Evacuation Pause) 205M->103M(227M) 0.983ms
[24.140s][info][gc] GC(136) Pause Young (Normal) (G1 Evacuation Pause) 205M->105M(227M) 1.047ms
[24.321s][info][gc] GC(137) Pause Young (Normal) (G1 Evacuation Pause) 204M->105M(227M) 1.047ms
[24.507s][info][gc] GC(138) Pause Young (Normal) (G1 Evacuation Pause) 203M->106M(227M) 1.059ms
[24.681s][info][gc] GC(139) Pause Young (Normal) (G1 Evacuation Pause) 203M->107M(227M) 1.159ms
[24.867s][info][gc] GC(140) Pause Young (Normal) (G1 Evacuation Pause) 204M->108M(227M) 1.016ms
[25.041s][info][gc] GC(141) Pause Young (Normal) (G1 Evacuation Pause) 203M->109M(227M) 1.028ms
[25.212s][info][gc] GC(142) Pause Young (Concurrent Start) (G1 Evacuation Pause) 205M->109M(227M) 1.148ms
[25.212s][info][gc] GC(143) Concurrent Mark Cycle
[25.216s][info][gc] GC(143) Pause Remark 112M->49M(164M) 0.537ms
[25.217s][info][gc] GC(143) Pause Cleanup 49M->49M(164M) 0.030ms
[25.217s][info][gc] GC(143) Concurrent Mark Cycle 4.962ms
[25.399s][info][gc] GC(144) Pause Young (Prepare Mixed) (G1 Evacuation Pause) 142M->47M(164M) 1.218ms
[25.564s][info][gc] GC(145) Pause Young (Mixed) (G1 Evacuation Pause) 138M->40M(164M) 1.253ms
[25.723s][info][gc] GC(146) Pause Young (Normal) (G1 Evacuation Pause) 131M->41M(164M) 1.150ms
[25.900s][info][gc] GC(147) Pause Young (Normal) (G1 Evacuation Pause) 132M->42M(164M) 1.178ms
[26.067s][info][gc] GC(148) Pause Young (Normal) (G1 Evacuation Pause) 132M->43M(164M) 1.318ms
[26.234s][info][gc] GC(149) Pause Young (Normal) (G1 Evacuation Pause) 133M->44M(164M) 1.285ms
[26.412s][info][gc] GC(150) Pause Young (Normal) (G1 Evacuation Pause) 134M->44M(164M) 1.252ms
[26.572s][info][gc] GC(151) Pause Young (Normal) (G1 Evacuation Pause) 134M->45M(164M) 1.260ms
[26.741s][info][gc] GC(152) Pause Young (Normal) (G1 Evacuation Pause) 135M->46M(164M) 1.226ms
[26.907s][info][gc] GC(153) Pause Young (Normal) (G1 Evacuation Pause) 136M->47M(164M) 1.237ms
[27.076s][info][gc] GC(154) Pause Young (Normal) (G1 Evacuation Pause) 137M->48M(164M) 1.228ms
[27.244s][info][gc] GC(155) Pause Young (Normal) (G1 Evacuation Pause) 138M->48M(164M) 1.256ms
[27.412s][info][gc] GC(156) Pause Young (Normal) (G1 Evacuation Pause) 138M->49M(164M) 1.277ms
[27.572s][info][gc] GC(157) Pause Young (Normal) (G1 Evacuation Pause) 139M->49M(164M) 1.234ms
[27.740s][info][gc] GC(158) Pause Young (Normal) (G1 Evacuation Pause) 139M->50M(164M) 1.182ms
[27.912s][info][gc] GC(159) Pause Young (Normal) (G1 Evacuation Pause) 141M->51M(164M) 1.247ms
[28.069s][info][gc] GC(160) Pause Young (Normal) (G1 Evacuation Pause) 141M->52M(164M) 1.310ms
[28.240s][info][gc] GC(161) Pause Young (Normal) (G1 Evacuation Pause) 142M->53M(164M) 1.245ms
[28.413s][info][gc] GC(162) Pause Young (Normal) (G1 Evacuation Pause) 143M->53M(164M) 1.197ms
[28.580s][info][gc] GC(163) Pause Young (Normal) (G1 Evacuation Pause) 143M->54M(164M) 1.287ms
[28.741s][info][gc] GC(164) Pause Young (Normal) (G1 Evacuation Pause) 144M->55M(164M) 1.251ms
[28.906s][info][gc] GC(165) Pause Young (Normal) (G1 Evacuation Pause) 145M->56M(164M) 1.253ms
[29.071s][info][gc] GC(166) Pause Young (Normal) (G1 Evacuation Pause) 146M->56M(164M) 1.193ms
[29.236s][info][gc] GC(167) Pause Young (Normal) (G1 Evacuation Pause) 145M->57M(164M) 1.311ms
[29.404s][info][gc] GC(168) Pause Young (Normal) (G1 Evacuation Pause) 145M->58M(164M) 1.216ms
[29.565s][info][gc] GC(169) Pause Young (Normal) (G1 Evacuation Pause) 147M->59M(164M) 1.191ms
[29.730s][info][gc] GC(170) Pause Young (Normal) (G1 Evacuation Pause) 147M->60M(164M) 1.121ms
[29.901s][info][gc] GC(171) Pause Young (Normal) (G1 Evacuation Pause) 147M->60M(164M) 1.141ms
[30.065s][info][gc] GC(172) Pause Young (Normal) (G1 Evacuation Pause) 146M->61M(164M) 1.256ms
[30.225s][info][gc] GC(173) Pause Young (Normal) (G1 Evacuation Pause) 146M->62M(164M) 1.157ms
[30.382s][info][gc] GC(174) Pause Young (Normal) (G1 Evacuation Pause) 147M->63M(164M) 1.176ms
[30.540s][info][gc] GC(175) Pause Young (Normal) (G1 Evacuation Pause) 147M->64M(164M) 1.120ms
[30.695s][info][gc] GC(176) Pause Young (Normal) (G1 Evacuation Pause) 147M->64M(164M) 1.180ms
[30.850s][info][gc] GC(177) Pause Young (Normal) (G1 Evacuation Pause) 145M->65M(164M) 1.171ms
[31.000s][info][gc] GC(178) Pause Young (Normal) (G1 Evacuation Pause) 147M->65M(164M) 1.114ms
[31.150s][info][gc] GC(179) Pause Young (Normal) (G1 Evacuation Pause) 147M->66M(164M) 1.119ms
[31.298s][info][gc] GC(180) Pause Young (Normal) (G1 Evacuation Pause) 147M->67M(164M) 1.160ms
[31.442s][info][gc] GC(181) Pause Young (Normal) (G1 Evacuation Pause) 146M->67M(164M) 1.070ms
[31.693s][info][gc] GC(182) Pause Young (Normal) (G1 Evacuation Pause) 148M->72M(164M) 1.348ms
[31.725s][info][gc] GC(183) Pause Young (Normal) (G1 Evacuation Pause) 142M->73M(164M) 1.201ms
[31.767s][info][gc] GC(184) Pause Young (Normal) (G1 Evacuation Pause) 146M->74M(164M) 1.099ms
[31.800s][info][gc] GC(185) Pause Young (Normal) (G1 Evacuation Pause) 148M->74M(164M) 0.848ms
[31.835s][info][gc] GC(186) Pause Young (Normal) (G1 Evacuation Pause) 148M->73M(164M) 0.840ms
[31.875s][info][gc] GC(187) Pause Young (Normal) (G1 Evacuation Pause) 149M->76M(164M) 0.927ms
[31.906s][info][gc] GC(188) Pause Young (Normal) (G1 Evacuation Pause) 148M->75M(164M) 0.900ms
[31.947s][info][gc] GC(189) Pause Young (Normal) (G1 Evacuation Pause) 147M->76M(164M) 0.916ms
[31.980s][info][gc] GC(190) Pause Young (Normal) (G1 Evacuation Pause) 146M->77M(164M) 0.890ms
[32.022s][info][gc] GC(191) Pause Young (Normal) (G1 Evacuation Pause) 147M->78M(197M) 0.955ms
[32.066s][info][gc] GC(192) Pause Young (Normal) (G1 Evacuation Pause) 177M->78M(197M) 1.041ms
[32.121s][info][gc] GC(193) Pause Young (Normal) (G1 Evacuation Pause) 177M->79M(197M) 1.113ms
[32.171s][info][gc] GC(194) Pause Young (Normal) (G1 Evacuation Pause) 176M->80M(197M) 1.081ms
[32.215s][info][gc] GC(195) Pause Young (Normal) (G1 Evacuation Pause) 177M->81M(197M) 1.071ms
[32.265s][info][gc] GC(196) Pause Young (Normal) (G1 Evacuation Pause) 175M->82M(197M) 1.085ms
[32.308s][info][gc] GC(197) Pause Young (Normal) (G1 Evacuation Pause) 176M->83M(197M) 1.125ms
[32.357s][info][gc] GC(198) Pause Young (Normal) (G1 Evacuation Pause) 177M->83M(197M) 1.032ms
[32.401s][info][gc] GC(199) Pause Young (Normal) (G1 Evacuation Pause) 176M->83M(197M) 1.019ms
[32.450s][info][gc] GC(200) Pause Young (Normal) (G1 Evacuation Pause) 177M->85M(197M) 1.104ms
[32.497s][info][gc] GC(201) Pause Young (Normal) (G1 Evacuation Pause) 175M->86M(197M) 1.128ms
[32.538s][info][gc] GC(202) Pause Young (Normal) (G1 Evacuation Pause) 176M->87M(197M) 1.050ms
[32.586s][info][gc] GC(203) Pause Young (Normal) (G1 Evacuation Pause) 177M->87M(197M) 1.084ms
[32.627s][info][gc] GC(204) Pause Young (Normal) (G1 Evacuation Pause) 176M->88M(197M) 1.019ms
[32.673s][info][gc] GC(205) Pause Young (Normal) (G1 Evacuation Pause) 176M->88M(197M) 1.015ms
[32.713s][info][gc] GC(206) Pause Young (Normal) (G1 Evacuation Pause) 177M->89M(197M) 0.985ms
[32.758s][info][gc] GC(207) Pause Young (Normal) (G1 Evacuation Pause) 177M->90M(197M) 1.006ms
[32.800s][info][gc] GC(208) Pause Young (Normal) (G1 Evacuation Pause) 176M->91M(197M) 1.002ms
[32.844s][info][gc] GC(209) Pause Young (Normal) (G1 Evacuation Pause) 178M->92M(197M) 1.143ms
[32.884s][info][gc] GC(210) Pause Young (Normal) (G1 Evacuation Pause) 176M->92M(197M) 1.012ms
[32.927s][info][gc] GC(211) Pause Young (Normal) (G1 Evacuation Pause) 177M->93M(197M) 1.014ms
[32.967s][info][gc] GC(212) Pause Young (Normal) (G1 Evacuation Pause) 176M->93M(197M) 0.981ms
[33.011s][info][gc] GC(213) Pause Young (Normal) (G1 Evacuation Pause) 179M->94M(197M) 0.990ms
[33.049s][info][gc] GC(214) Pause Young (Normal) (G1 Evacuation Pause) 176M->94M(197M) 1.064ms
[33.094s][info][gc] GC(215) Pause Young (Concurrent Start) (G1 Evacuation Pause) 178M->96M(197M) 1.169ms
[33.094s][info][gc] GC(216) Concurrent Mark Cycle
[33.103s][info][gc] GC(216) Pause Remark 118M->80M(197M) 0.448ms
[33.108s][info][gc] GC(216) Pause Cleanup 89M->89M(197M) 0.056ms
[33.108s][info][gc] GC(216) Concurrent Mark Cycle 13.808ms
[33.136s][info][gc] GC(217) Pause Young (Prepare Mixed) (G1 Evacuation Pause) 138M->59M(197M) 1.173ms
[33.191s][info][gc] GC(218) Pause Young (Mixed) (G1 Evacuation Pause) 171M->58M(197M) 1.127ms
[33.247s][info][gc] GC(219) Pause Young (Normal) (G1 Evacuation Pause) 169M->59M(197M) 1.053ms
[33.305s][info][gc] GC(220) Pause Young (Concurrent Start) (G1 Evacuation Pause) 169M->60M(197M) 1.170ms
[33.305s][info][gc] GC(221) Concurrent Mark Cycle
[33.312s][info][gc] GC(221) Pause Remark 70M->70M(197M) 0.412ms
[33.317s][info][gc] GC(221) Pause Cleanup 82M->82M(197M) 0.057ms
[33.317s][info][gc] GC(221) Concurrent Mark Cycle 12.730ms
[33.359s][info][gc] GC(222) Pause Young (Prepare Mixed) (G1 Evacuation Pause) 169M->60M(197M) 1.149ms
[33.416s][info][gc] GC(223) Pause Young (Mixed) (G1 Evacuation Pause) 169M->60M(197M) 1.137ms
[33.475s][info][gc] GC(224) Pause Young (Normal) (G1 Evacuation Pause) 167M->61M(197M) 1.279ms
[33.523s][info][gc] GC(225) Pause Young (Normal) (G1 Evacuation Pause) 169M->61M(197M) 1.095ms
[33.582s][info][gc] GC(226) Pause Young (Normal) (G1 Evacuation Pause) 170M->62M(197M) 1.163ms
[33.638s][info][gc] GC(227) Pause Young (Concurrent Start) (G1 Evacuation Pause) 171M->63M(197M) 1.169ms
[33.638s][info][gc] GC(228) Concurrent Mark Cycle
[33.646s][info][gc] GC(228) Pause Remark 80M->80M(197M) 0.376ms
[33.653s][info][gc] GC(228) Pause Cleanup 90M->90M(197M) 0.060ms
[33.654s][info][gc] GC(228) Concurrent Mark Cycle 15.688ms
[33.690s][info][gc] GC(229) Pause Young (Prepare Mixed) (G1 Evacuation Pause) 171M->64M(197M) 1.272ms
[33.747s][info][gc] GC(230) Pause Young (Mixed) (G1 Evacuation Pause) 173M->64M(197M) 1.250ms
[33.802s][info][gc] GC(231) Pause Young (Concurrent Start) (G1 Evacuation Pause) 172M->65M(197M) 1.348ms
[33.802s][info][gc] GC(232) Concurrent Mark Cycle
[33.811s][info][gc] GC(232) Pause Remark 84M->84M(197M) 0.377ms
[33.820s][info][gc] GC(232) Pause Cleanup 102M->102M(197M) 0.055ms
[33.820s][info][gc] GC(232) Concurrent Mark Cycle 17.799ms
[33.855s][info][gc] GC(233) Pause Young (Prepare Mixed) (G1 Evacuation Pause) 174M->66M(197M) 1.169ms
[33.911s][info][gc] GC(234) Pause Young (Mixed) (G1 Evacuation Pause) 175M->67M(197M) 1.212ms
[33.965s][info][gc] GC(235) Pause Young (Concurrent Start) (G1 Evacuation Pause) 174M->68M(197M) 1.192ms
[33.965s][info][gc] GC(236) Concurrent Mark Cycle
[33.973s][info][gc] GC(236) Pause Remark 80M->80M(197M) 0.376ms
[33.980s][info][gc] GC(236) Pause Cleanup 96M->96M(197M) 0.053ms
[33.981s][info][gc] GC(236) Concurrent Mark Cycle 15.785ms
[34.019s][info][gc] GC(237) Pause Young (Prepare Mixed) (G1 Evacuation Pause) 176M->68M(197M) 1.176ms
[34.074s][info][gc] GC(238) Pause Young (Mixed) (G1 Evacuation Pause) 176M->69M(197M) 1.171ms
[34.126s][info][gc] GC(239) Pause Young (Concurrent Start) (G1 Evacuation Pause) 174M->70M(197M) 1.293ms
[34.126s][info][gc] GC(240) Concurrent Mark Cycle
[34.137s][info][gc] GC(240) Pause Remark 91M->91M(197M) 0.373ms
[34.148s][info][gc] GC(240) Pause Cleanup 117M->117M(197M) 0.046ms
[34.148s][info][gc] GC(240) Concurrent Mark Cycle 22.338ms
[34.177s][info][gc] GC(241) Pause Young (Prepare Mixed) (G1 Evacuation Pause) 175M->71M(197M) 1.059ms
[34.234s][info][gc] GC(242) Pause Young (Mixed) (G1 Evacuation Pause) 176M->72M(197M) 1.283ms
[34.284s][info][gc] GC(243) Pause Young (Concurrent Start) (G1 Evacuation Pause) 174M->73M(197M) 1.101ms
[34.284s][info][gc] GC(244) Concurrent Mark Cycle
[34.294s][info][gc] GC(244) Pause Remark 88M->88M(197M) 0.373ms
[34.304s][info][gc] GC(244) Pause Cleanup 111M->111M(197M) 0.052ms
[34.304s][info][gc] GC(244) Concurrent Mark Cycle 20.182ms
[34.334s][info][gc] GC(245) Pause Young (Prepare Mixed) (G1 Evacuation Pause) 175M->73M(197M) 1.063ms
[34.383s][info][gc] GC(246) Pause Young (Mixed) (G1 Evacuation Pause) 176M->74M(197M) 1.105ms
[34.433s][info][gc] GC(247) Pause Young (Concurrent Start) (G1 Evacuation Pause) 176M->75M(197M) 1.079ms
[34.433s][info][gc] GC(248) Concurrent Mark Cycle
[34.443s][info][gc] GC(248) Pause Remark 87M->87M(197M) 0.432ms
[34.452s][info][gc] GC(248) Pause Cleanup 104M->104M(197M) 0.054ms
[34.453s][info][gc] GC(248) Concurrent Mark Cycle 19.825ms
[34.486s][info][gc] GC(249) Pause Young (Prepare Mixed) (G1 Evacuation Pause) 176M->76M(197M) 1.216ms
[34.540s][info][gc] GC(250) Pause Young (Mixed) (G1 Evacuation Pause) 176M->77M(197M) 1.192ms
[34.586s][info][gc] GC(251) Pause Young (Concurrent Start) (G1 Evacuation Pause) 176M->78M(197M) 1.235ms
[34.586s][info][gc] GC(252) Concurrent Mark Cycle
[34.599s][info][gc] GC(252) Pause Remark 97M->97M(197M) 0.404ms
[34.610s][info][gc] GC(252) Pause Cleanup 112M->112M(197M) 0.051ms
[34.610s][info][gc] GC(252) Concurrent Mark Cycle 23.664ms
[34.642s][info][gc] GC(253) Pause Young (Prepare Mixed) (G1 Evacuation Pause) 177M->79M(197M) 1.144ms
[34.690s][info][gc] GC(254) Pause Young (Mixed) (G1 Evacuation Pause) 176M->79M(197M) 1.158ms
[34.736s][info][gc] GC(255) Pause Young (Concurrent Start) (G1 Evacuation Pause) 177M->79M(197M) 1.040ms
[34.736s][info][gc] GC(256) Concurrent Mark Cycle
[34.748s][info][gc] GC(256) Pause Remark 101M->101M(197M) 0.377ms
[34.758s][info][gc] GC(256) Pause Cleanup 120M->120M(197M) 0.049ms
[34.758s][info][gc] GC(256) Concurrent Mark Cycle 21.548ms
[34.789s][info][gc] GC(257) Pause Young (Prepare Mixed) (G1 Evacuation Pause) 177M->81M(197M) 1.104ms
[34.833s][info][gc] GC(258) Pause Young (Mixed) (G1 Evacuation Pause) 176M->82M(197M) 1.256ms
[34.880s][info][gc] GC(259) Pause Young (Concurrent Start) (G1 Evacuation Pause) 177M->82M(197M) 1.089ms
[34.880s][info][gc] GC(260) Concurrent Mark Cycle
[34.891s][info][gc] GC(260) Pause Remark 104M->104M(197M) 0.375ms
[34.901s][info][gc] GC(260) Pause Cleanup 123M->123M(197M) 0.065ms
[34.901s][info][gc] GC(260) Concurrent Mark Cycle 21.068ms
[34.930s][info][gc] GC(261) Pause Young (Prepare Mixed) (G1 Evacuation Pause) 176M->83M(197M) 1.155ms
[34.973s][info][gc] GC(262) Pause Young (Mixed) (G1 Evacuation Pause) 176M->84M(231M) 1.098ms
[35.038s][info][gc] GC(263) Pause Young (Normal) (G1 Evacuation Pause) 209M->84M(231M) 1.168ms
[35.098s][info][gc] GC(264) Pause Young (Normal) (G1 Evacuation Pause) 207M->86M(231M) 1.174ms
[35.154s][info][gc] GC(265) Pause Young (Concurrent Start) (G1 Evacuation Pause) 207M->86M(231M) 1.155ms
[35.154s][info][gc] GC(266) Concurrent Mark Cycle
[35.165s][info][gc] GC(266) Pause Remark 108M->108M(231M) 0.429ms
[35.175s][info][gc] GC(266) Pause Cleanup 119M->119M(231M) 0.053ms
[35.175s][info][gc] GC(266) Concurrent Mark Cycle 21.161ms
[35.219s][info][gc] GC(267) Pause Young (Prepare Mixed) (G1 Evacuation Pause) 207M->88M(231M) 1.467ms
[35.281s][info][gc] GC(268) Pause Young (Mixed) (G1 Evacuation Pause) 204M->88M(231M) 1.397ms
[35.336s][info][gc] GC(269) Pause Young (Concurrent Start) (G1 Evacuation Pause) 206M->89M(231M) 1.318ms
[35.336s][info][gc] GC(270) Concurrent Mark Cycle
[35.348s][info][gc] GC(270) Pause Remark 105M->105M(231M) 0.411ms
[35.358s][info][gc] GC(270) Pause Cleanup 121M->121M(231M) 0.040ms
[35.358s][info][gc] GC(270) Concurrent Mark Cycle 22.000ms
[35.398s][info][gc] GC(271) Pause Young (Prepare Mixed) (G1 Evacuation Pause) 208M->91M(231M) 1.250ms
[35.456s][info][gc] GC(272) Pause Young (Mixed) (G1 Evacuation Pause) 206M->92M(231M) 1.288ms
[35.514s][info][gc] GC(273) Pause Young (Concurrent Start) (G1 Evacuation Pause) 207M->92M(231M) 1.314ms
[35.514s][info][gc] GC(274) Concurrent Mark Cycle
[35.527s][info][gc] GC(274) Pause Remark 115M->115M(231M) 0.367ms
[35.539s][info][gc] GC(274) Pause Cleanup 142M->142M(231M) 0.053ms
[35.539s][info][gc] GC(274) Concurrent Mark Cycle 24.445ms
[35.573s][info][gc] GC(275) Pause Young (Prepare Mixed) (G1 Evacuation Pause) 206M->94M(231M) 1.136ms
[35.627s][info][gc] GC(276) Pause Young (Mixed) (G1 Evacuation Pause) 207M->94M(231M) 1.211ms
[35.684s][info][gc] GC(277) Pause Young (Concurrent Start) (G1 Evacuation Pause) 208M->95M(231M) 1.276ms
[35.684s][info][gc] GC(278) Concurrent Mark Cycle
[35.697s][info][gc] GC(278) Pause Remark 120M->120M(231M) 0.390ms
[35.709s][info][gc] GC(278) Pause Cleanup 145M->145M(231M) 0.061ms
[35.709s][info][gc] GC(278) Concurrent Mark Cycle 24.517ms
[35.787s][info][gc] GC(279) Pause Young (Prepare Mixed) (G1 Evacuation Pause) 206M->94M(231M) 0.970ms
[36.020s][info][gc] GC(280) Pause Young (Mixed) (G1 Evacuation Pause) 208M->97M(231M) 1.391ms
[36.118s][info][gc] GC(281) Pause Young (Concurrent Start) (G1 Evacuation Pause) 205M->98M(231M) 1.211ms
[36.118s][info][gc] GC(282) Concurrent Mark Cycle
[36.122s][info][gc] GC(282) Pause Remark 101M->53M(170M) 0.420ms
[36.123s][info][gc] GC(282) Pause Cleanup 54M->54M(170M) 0.073ms
[36.123s][info][gc] GC(282) Concurrent Mark Cycle 5.574ms
[36.231s][info][gc] GC(283) Pause Young (Prepare Mixed) (G1 Evacuation Pause) 161M->51M(172M) 1.233ms
[36.316s][info][gc] GC(284) Pause Young (Mixed) (G1 Evacuation Pause) 144M->44M(172M) 1.105ms
[36.407s][info][gc] GC(285) Pause Young (Normal) (G1 Evacuation Pause) 139M->45M(172M) 1.013ms
[36.494s][info][gc] GC(286) Pause Young (Normal) (G1 Evacuation Pause) 139M->46M(172M) 1.103ms
[36.583s][info][gc] GC(287) Pause Young (Normal) (G1 Evacuation Pause) 141M->46M(172M) 1.129ms
[36.680s][info][gc] GC(288) Pause Young (Normal) (G1 Evacuation Pause) 143M->47M(172M) 0.892ms
[36.769s][info][gc] GC(289) Pause Young (Normal) (G1 Evacuation Pause) 142M->48M(172M) 1.158ms
[36.858s][info][gc] GC(290) Pause Young (Normal) (G1 Evacuation Pause) 143M->49M(172M) 1.015ms
[36.947s][info][gc] GC(291) Pause Young (Normal) (G1 Evacuation Pause) 144M->50M(172M) 0.982ms
[37.034s][info][gc] GC(292) Pause Young (Normal) (G1 Evacuation Pause) 145M->49M(172M) 1.023ms
[37.133s][info][gc] GC(293) Pause Young (Normal) (G1 Evacuation Pause) 145M->51M(172M) 1.160ms
[37.222s][info][gc] GC(294) Pause Young (Normal) (G1 Evacuation Pause) 145M->52M(172M) 1.071ms
[37.311s][info][gc] GC(295) Pause Young (Normal) (G1 Evacuation Pause) 147M->53M(172M) 0.940ms
[37.402s][info][gc] GC(296) Pause Young (Normal) (G1 Evacuation Pause) 148M->54M(172M) 1.205ms
[37.489s][info][gc] GC(297) Pause Young (Normal) (G1 Evacuation Pause) 149M->54M(172M) 0.978ms
[37.584s][info][gc] GC(298) Pause Young (Normal) (G1 Evacuation Pause) 149M->55M(172M) 1.100ms
[37.673s][info][gc] GC(299) Pause Young (Normal) (G1 Evacuation Pause) 150M->56M(172M) 0.981ms
[37.763s][info][gc] GC(300) Pause Young (Normal) (G1 Evacuation Pause) 151M->57M(172M) 0.973ms
[37.850s][info][gc] GC(301) Pause Young (Normal) (G1 Evacuation Pause) 152M->58M(172M) 1.064ms
[37.940s][info][gc] GC(302) Pause Young (Normal) (G1 Evacuation Pause) 153M->59M(172M) 1.033ms
[38.027s][info][gc] GC(303) Pause Young (Normal) (G1 Evacuation Pause) 153M->59M(172M) 0.939ms
[38.123s][info][gc] GC(304) Pause Young (Normal) (G1 Evacuation Pause) 152M->60M(172M) 1.125ms
[38.211s][info][gc] GC(305) Pause Young (Normal) (G1 Evacuation Pause) 151M->61M(172M) 1.037ms
[38.299s][info][gc] GC(306) Pause Young (Normal) (G1 Evacuation Pause) 153M->62M(172M) 1.088ms
[38.383s][info][gc] GC(307) Pause Young (Concurrent Start) (G1 Evacuation Pause) 151M->63M(172M) 1.011ms
[38.383s][info][gc] GC(308) Concurrent Mark Cycle
[38.390s][info][gc] GC(308) Pause Remark 70M->65M(172M) 0.414ms
[38.394s][info][gc] GC(308) Pause Cleanup 71M->71M(172M) 0.048ms
[38.394s][info][gc] GC(308) Concurrent Mark Cycle 11.032ms
[38.468s][info][gc] GC(309) Pause Young (Prepare Mixed) (G1 Evacuation Pause) 148M->59M(172M) 1.149ms
[38.554s][info][gc] GC(310) Pause Young (Mixed) (G1 Evacuation Pause) 153M->57M(172M) 1.023ms
[38.648s][info][gc] GC(311) Pause Young (Normal) (G1 Evacuation Pause) 152M->58M(172M) 1.042ms
[38.739s][info][gc] GC(312) Pause Young (Normal) (G1 Evacuation Pause) 153M->59M(172M) 1.006ms
[38.823s][info][gc] GC(313) Pause Young (Normal) (G1 Evacuation Pause) 151M->60M(172M) 0.945ms
[38.912s][info][gc] GC(314) Pause Young (Normal) (G1 Evacuation Pause) 151M->60M(172M) 1.074ms
[39.000s][info][gc] GC(315) Pause Young (Normal) (G1 Evacuation Pause) 153M->61M(172M) 0.991ms
[39.086s][info][gc] GC(316) Pause Young (Concurrent Start) (G1 Evacuation Pause) 152M->62M(172M) 0.969ms
[39.086s][info][gc] GC(317) Concurrent Mark Cycle
[39.094s][info][gc] GC(317) Pause Remark 71M->71M(172M) 0.469ms
[39.099s][info][gc] GC(317) Pause Cleanup 75M->75M(172M) 0.049ms
[39.099s][info][gc] GC(317) Concurrent Mark Cycle 12.469ms
[39.177s][info][gc] GC(318) Pause Young (Prepare Mixed) (G1 Evacuation Pause) 153M->62M(172M) 1.032ms
[39.268s][info][gc] GC(319) Pause Young (Mixed) (G1 Evacuation Pause) 153M->61M(172M) 1.143ms
[39.355s][info][gc] GC(320) Pause Young (Normal) (G1 Evacuation Pause) 153M->62M(172M) 0.964ms
[39.440s][info][gc] GC(321) Pause Young (Normal) (G1 Evacuation Pause) 153M->63M(172M) 1.030ms
[39.526s][info][gc] GC(322) Pause Young (Concurrent Start) (G1 Evacuation Pause) 153M->64M(172M) 1.030ms
[39.526s][info][gc] GC(323) Concurrent Mark Cycle
[39.534s][info][gc] GC(323) Pause Remark 73M->73M(172M) 0.486ms
[39.539s][info][gc] GC(323) Pause Cleanup 79M->79M(172M) 0.037ms
[39.539s][info][gc] GC(323) Concurrent Mark Cycle 13.730ms
[39.610s][info][gc] GC(324) Pause Young (Prepare Mixed) (G1 Evacuation Pause) 153M->65M(172M) 1.017ms
[39.692s][info][gc] GC(325) Pause Young (Mixed) (G1 Evacuation Pause) 153M->63M(172M) 1.051ms
[39.777s][info][gc] GC(326) Pause Young (Concurrent Start) (G1 Evacuation Pause) 154M->63M(172M) 0.971ms
[39.777s][info][gc] GC(327) Concurrent Mark Cycle
[39.786s][info][gc] GC(327) Pause Remark 69M->69M(172M) 0.521ms
[39.791s][info][gc] GC(327) Pause Cleanup 71M->71M(172M) 0.069ms
[39.791s][info][gc] GC(327) Concurrent Mark Cycle 14.462ms
[40.055s][info][gc] GC(328) Pause Young (Prepare Mixed) (G1 Evacuation Pause) 154M->66M(172M) 1.155ms
[40.134s][info][gc] GC(329) Pause Young (Mixed) (G1 Evacuation Pause) 151M->66M(172M) 1.321ms
[40.215s][info][gc] GC(330) Pause Young (Concurrent Start) (G1 Evacuation Pause) 152M->66M(172M) 1.365ms
[40.215s][info][gc] GC(331) Concurrent Mark Cycle
[40.219s][info][gc] GC(331) Pause Remark 69M->44M(140M) 0.458ms
[40.220s][info][gc] GC(331) Pause Cleanup 46M->46M(140M) 0.028ms
[40.220s][info][gc] GC(331) Concurrent Mark Cycle 5.268ms
[40.299s][info][gc] GC(332) Pause Young (Prepare Mixed) (G1 Evacuation Pause) 129M->42M(140M) 1.062ms
[40.371s][info][gc] GC(333) Pause Young (Mixed) (G1 Evacuation Pause) 118M->39M(140M) 1.000ms
[40.445s][info][gc] GC(334) Pause Young (Normal) (G1 Evacuation Pause) 116M->40M(140M) 0.883ms
[40.520s][info][gc] GC(335) Pause Young (Normal) (G1 Evacuation Pause) 119M->41M(140M) 0.770ms
[40.595s][info][gc] GC(336) Pause Young (Normal) (G1 Evacuation Pause) 119M->41M(140M) 0.820ms
[40.669s][info][gc] GC(337) Pause Young (Normal) (G1 Evacuation Pause) 119M->42M(140M) 1.069ms
[40.739s][info][gc] GC(338) Pause Young (Normal) (G1 Evacuation Pause) 119M->42M(140M) 0.856ms
[40.814s][info][gc] GC(339) Pause Young (Normal) (G1 Evacuation Pause) 120M->43M(140M) 0.926ms
[40.891s][info][gc] GC(340) Pause Young (Normal) (G1 Evacuation Pause) 120M->44M(140M) 0.897ms
[40.962s][info][gc] GC(341) Pause Young (Normal) (G1 Evacuation Pause) 121M->44M(140M) 0.861ms
[41.037s][info][gc] GC(342) Pause Young (Normal) (G1 Evacuation Pause) 122M->46M(140M) 0.874ms
[41.107s][info][gc] GC(343) Pause Young (Normal) (G1 Evacuation Pause) 123M->46M(140M) 0.859ms
[41.184s][info][gc] GC(344) Pause Young (Normal) (G1 Evacuation Pause) 124M->47M(140M) 0.926ms
[41.257s][info][gc] GC(345) Pause Young (Normal) (G1 Evacuation Pause) 124M->47M(140M) 0.831ms
[41.330s][info][gc] GC(346) Pause Young (Normal) (G1 Evacuation Pause) 125M->48M(140M) 0.822ms
[41.406s][info][gc] GC(347) Pause Young (Normal) (G1 Evacuation Pause) 125M->49M(140M) 0.897ms
[41.478s][info][gc] GC(348) Pause Young (Normal) (G1 Evacuation Pause) 125M->49M(140M) 0.963ms
[41.549s][info][gc] GC(349) Pause Young (Normal) (G1 Evacuation Pause) 124M->50M(140M) 0.834ms
[41.619s][info][gc] GC(350) Pause Young (Normal) (G1 Evacuation Pause) 125M->50M(140M) 0.838ms
[41.688s][info][gc] GC(351) Pause Young (Concurrent Start) (G1 Evacuation Pause) 124M->51M(140M) 0.832ms
[41.688s][info][gc] GC(352) Concurrent Mark Cycle
[41.695s][info][gc] GC(352) Pause Remark 55M->54M(140M) 1.823ms
[41.701s][info][gc] GC(352) Pause Cleanup 58M->58M(140M) 0.076ms
[41.701s][info][gc] GC(352) Concurrent Mark Cycle 13.109ms
[41.763s][info][gc] GC(353) Pause Young (Prepare Mixed) (G1 Evacuation Pause) 125M->50M(140M) 0.931ms
[41.836s][info][gc] GC(354) Pause Young (Mixed) (G1 Evacuation Pause) 126M->48M(140M) 0.858ms
[41.908s][info][gc] GC(355) Pause Young (Normal) (G1 Evacuation Pause) 125M->48M(140M) 0.860ms
[41.982s][info][gc] GC(356) Pause Young (Normal) (G1 Evacuation Pause) 124M->50M(140M) 0.895ms
[42.051s][info][gc] GC(357) Pause Young (Normal) (G1 Evacuation Pause) 123M->51M(140M) 0.886ms
[42.123s][info][gc] GC(358) Pause Young (Concurrent Start) (G1 Evacuation Pause) 125M->51M(140M) 0.879ms
[42.123s][info][gc] GC(359) Concurrent Mark Cycle
[42.128s][info][gc] GC(359) Pause Remark 59M->59M(140M) 0.433ms
[42.132s][info][gc] GC(359) Pause Cleanup 62M->62M(140M) 0.029ms
[42.132s][info][gc] GC(359) Concurrent Mark Cycle 9.411ms
[42.190s][info][gc] GC(360) Pause Young (Prepare Mixed) (G1 Evacuation Pause) 124M->52M(140M) 0.900ms
[42.258s][info][gc] GC(361) Pause Young (Mixed) (G1 Evacuation Pause) 126M->51M(140M) 0.876ms
[42.327s][info][gc] GC(362) Pause Young (Concurrent Start) (G1 Evacuation Pause) 126M->51M(140M) 0.999ms
[42.327s][info][gc] GC(363) Concurrent Mark Cycle
[42.332s][info][gc] GC(363) Pause Remark 54M->54M(140M) 0.413ms
[42.335s][info][gc] GC(363) Pause Cleanup 55M->55M(140M) 0.031ms
[42.335s][info][gc] GC(363) Concurrent Mark Cycle 8.559ms
[42.399s][info][gc] GC(364) Pause Young (Prepare Mixed) (G1 Evacuation Pause) 124M->52M(140M) 1.015ms
[42.467s][info][gc] GC(365) Pause Young (Mixed) (G1 Evacuation Pause) 124M->51M(140M) 0.962ms
[42.541s][info][gc] GC(366) Pause Young (Concurrent Start) (G1 Evacuation Pause) 126M->52M(140M) 0.861ms
[42.541s][info][gc] GC(367) Concurrent Mark Cycle
[42.547s][info][gc] GC(367) Pause Remark 57M->57M(140M) 0.381ms
[42.551s][info][gc] GC(367) Pause Cleanup 61M->61M(140M) 0.043ms
[42.551s][info][gc] GC(367) Concurrent Mark Cycle 9.654ms
[42.611s][info][gc] GC(368) Pause Young (Prepare Mixed) (G1 Evacuation Pause) 125M->52M(140M) 0.960ms
[42.676s][info][gc] GC(369) Pause Young (Mixed) (G1 Evacuation Pause) 126M->52M(140M) 1.035ms
[42.747s][info][gc] GC(370) Pause Young (Concurrent Start) (G1 Evacuation Pause) 125M->53M(140M) 0.797ms
[42.747s][info][gc] GC(371) Concurrent Mark Cycle
[42.753s][info][gc] GC(371) Pause Remark 57M->57M(140M) 0.380ms
[42.756s][info][gc] GC(371) Pause Cleanup 61M->61M(140M) 0.030ms
[42.756s][info][gc] GC(371) Concurrent Mark Cycle 9.877ms
[42.817s][info][gc] GC(372) Pause Young (Prepare Mixed) (G1 Evacuation Pause) 126M->54M(140M) 0.876ms
[42.889s][info][gc] GC(373) Pause Young (Mixed) (G1 Evacuation Pause) 125M->54M(140M) 0.929ms
[42.958s][info][gc] GC(374) Pause Young (Concurrent Start) (G1 Evacuation Pause) 126M->54M(140M) 0.873ms
[42.958s][info][gc] GC(375) Concurrent Mark Cycle
[42.965s][info][gc] GC(375) Pause Remark 62M->62M(140M) 0.338ms
[42.969s][info][gc] GC(375) Pause Cleanup 68M->68M(140M) 0.054ms
[42.969s][info][gc] GC(375) Concurrent Mark Cycle 10.744ms
[43.028s][info][gc] GC(376) Pause Young (Prepare Mixed) (G1 Evacuation Pause) 125M->55M(140M) 0.963ms
[43.098s][info][gc] GC(377) Pause Young (Mixed) (G1 Evacuation Pause) 126M->56M(140M) 0.992ms
[43.165s][info][gc] GC(378) Pause Young (Concurrent Start) (G1 Evacuation Pause) 126M->56M(140M) 0.881ms
[43.165s][info][gc] GC(379) Concurrent Mark Cycle
[43.171s][info][gc] GC(379) Pause Remark 63M->63M(140M) 0.338ms
[43.175s][info][gc] GC(379) Pause Cleanup 68M->68M(140M) 0.037ms
[43.176s][info][gc] GC(379) Concurrent Mark Cycle 11.000ms
[43.232s][info][gc] GC(380) Pause Young (Prepare Mixed) (G1 Evacuation Pause) 126M->57M(140M) 0.881ms
[43.300s][info][gc] GC(381) Pause Young (Mixed) (G1 Evacuation Pause) 125M->57M(140M) 1.006ms
[43.357s][info][gc] GC(382) Pause Young (Concurrent Start) (G1 Evacuation Pause) 124M->57M(140M) 0.855ms
[43.357s][info][gc] GC(383) Concurrent Mark Cycle
[43.364s][info][gc] GC(383) Pause Remark 65M->65M(140M) 0.312ms
[43.368s][info][gc] GC(383) Pause Cleanup 66M->66M(140M) 0.074ms
[43.368s][info][gc] GC(383) Concurrent Mark Cycle 11.262ms
[43.425s][info][gc] GC(384) Pause Young (Prepare Mixed) (G1 Evacuation Pause) 126M->58M(140M) 0.844ms
[43.494s][info][gc] GC(385) Pause Young (Mixed) (G1 Evacuation Pause) 126M->58M(140M) 1.076ms
[43.556s][info][gc] GC(386) Pause Young (Concurrent Start) (G1 Evacuation Pause) 124M->59M(140M) 0.827ms
[43.556s][info][gc] GC(387) Concurrent Mark Cycle
[43.563s][info][gc] GC(387) Pause Remark 67M->67M(140M) 0.318ms
[43.567s][info][gc] GC(387) Pause Cleanup 70M->70M(140M) 0.028ms
[43.567s][info][gc] GC(387) Concurrent Mark Cycle 11.725ms
[43.621s][info][gc] GC(388) Pause Young (Prepare Mixed) (G1 Evacuation Pause) 126M->59M(140M) 0.818ms
[43.689s][info][gc] GC(389) Pause Young (Mixed) (G1 Evacuation Pause) 126M->60M(140M) 0.886ms
[43.741s][info][gc] GC(390) Pause Young (Concurrent Start) (G1 Evacuation Pause) 124M->60M(140M) 0.812ms
[43.741s][info][gc] GC(391) Concurrent Mark Cycle
[43.749s][info][gc] GC(391) Pause Remark 68M->68M(140M) 0.367ms
[43.753s][info][gc] GC(391) Pause Cleanup 69M->69M(140M) 0.042ms
[43.753s][info][gc] GC(391) Concurrent Mark Cycle 12.244ms
[43.809s][info][gc] GC(392) Pause Young (Prepare Mixed) (G1 Evacuation Pause) 125M->61M(140M) 0.915ms
[44.051s][info][gc] GC(393) Pause Young (Mixed) (G1 Evacuation Pause) 126M->61M(140M) 1.070ms
[44.110s][info][gc] GC(394) Pause Young (Concurrent Start) (G1 Evacuation Pause) 126M->62M(140M) 1.093ms
[44.110s][info][gc] GC(395) Concurrent Mark Cycle
[44.114s][info][gc] GC(395) Pause Remark 66M->50M(140M) 0.403ms
[44.115s][info][gc] GC(395) Pause Cleanup 51M->51M(140M) 0.038ms
[44.116s][info][gc] GC(395) Concurrent Mark Cycle 5.131ms
[44.177s][info][gc] GC(396) Pause Young (Prepare Mixed) (G1 Evacuation Pause) 110M->46M(140M) 1.048ms
[44.252s][info][gc] GC(397) Pause Young (Mixed) (G1 Evacuation Pause) 124M->39M(140M) 1.080ms
[44.326s][info][gc] GC(398) Pause Young (Normal) (G1 Evacuation Pause) 116M->39M(140M) 0.959ms
[44.400s][info][gc] GC(399) Pause Young (Normal) (G1 Evacuation Pause) 117M->40M(140M) 0.930ms
[44.469s][info][gc] GC(400) Pause Young (Normal) (G1 Evacuation Pause) 118M->41M(140M) 0.929ms
[44.542s][info][gc] GC(401) Pause Young (Normal) (G1 Evacuation Pause) 119M->42M(140M) 0.911ms
[44.618s][info][gc] GC(402) Pause Young (Normal) (G1 Evacuation Pause) 120M->42M(140M) 0.807ms
[44.691s][info][gc] GC(403) Pause Young (Normal) (G1 Evacuation Pause) 119M->43M(140M) 0.863ms
[44.765s][info][gc] GC(404) Pause Young (Normal) (G1 Evacuation Pause) 120M->44M(140M) 0.947ms
[44.838s][info][gc] GC(405) Pause Young (Normal) (G1 Evacuation Pause) 121M->44M(140M) 0.869ms
[44.913s][info][gc] GC(406) Pause Young (Normal) (G1 Evacuation Pause) 121M->45M(140M) 0.986ms
[44.983s][info][gc] GC(407) Pause Young (Normal) (G1 Evacuation Pause) 122M->45M(140M) 0.846ms
[45.057s][info][gc] GC(408) Pause Young (Normal) (G1 Evacuation Pause) 122M->46M(140M) 0.859ms
[45.131s][info][gc] GC(409) Pause Young (Normal) (G1 Evacuation Pause) 123M->47M(140M) 0.985ms
[45.205s][info][gc] GC(410) Pause Young (Normal) (G1 Evacuation Pause) 124M->47M(140M) 0.895ms
[45.279s][info][gc] GC(411) Pause Young (Normal) (G1 Evacuation Pause) 124M->48M(140M) 0.989ms
[45.346s][info][gc] GC(412) Pause Young (Normal) (G1 Evacuation Pause) 124M->49M(140M) 0.825ms
[45.418s][info][gc] GC(413) Pause Young (Normal) (G1 Evacuation Pause) 125M->49M(140M) 0.847ms
[45.491s][info][gc] GC(414) Pause Young (Normal) (G1 Evacuation Pause) 124M->50M(140M) 0.862ms
[45.560s][info][gc] GC(415) Pause Young (Normal) (G1 Evacuation Pause) 124M->51M(140M) 1.001ms
[45.629s][info][gc] GC(416) Pause Young (Normal) (G1 Evacuation Pause) 125M->51M(140M) 0.880ms
[45.700s][info][gc] GC(417) Pause Young (Concurrent Start) (G1 Evacuation Pause) 124M->52M(140M) 0.975ms
[45.701s][info][gc] GC(418) Concurrent Mark Cycle
[45.706s][info][gc] GC(418) Pause Remark 58M->56M(140M) 0.344ms
[45.709s][info][gc] GC(418) Pause Cleanup 59M->59M(140M) 0.065ms
[45.709s][info][gc] GC(418) Concurrent Mark Cycle 8.088ms
[45.773s][info][gc] GC(419) Pause Young (Prepare Mixed) (G1 Evacuation Pause) 124M->51M(140M) 0.934ms
[45.844s][info][gc] GC(420) Pause Young (Mixed) (G1 Evacuation Pause) 126M->50M(140M) 1.109ms
[45.915s][info][gc] GC(421) Pause Young (Normal) (G1 Evacuation Pause) 125M->51M(140M) 0.859ms
[45.983s][info][gc] GC(422) Pause Young (Normal) (G1 Evacuation Pause) 125M->51M(140M) 0.874ms
[46.057s][info][gc] GC(423) Pause Young (Concurrent Start) (G1 Evacuation Pause) 124M->51M(140M) 0.913ms
[46.057s][info][gc] GC(424) Concurrent Mark Cycle
[46.063s][info][gc] GC(424) Pause Remark 57M->57M(140M) 0.326ms
[46.066s][info][gc] GC(424) Pause Cleanup 61M->61M(140M) 0.051ms
[46.066s][info][gc] GC(424) Concurrent Mark Cycle 9.184ms
[46.132s][info][gc] GC(425) Pause Young (Prepare Mixed) (G1 Evacuation Pause) 125M->52M(140M) 0.997ms
[46.196s][info][gc] GC(426) Pause Young (Mixed) (G1 Evacuation Pause) 125M->52M(140M) 0.990ms
[46.261s][info][gc] GC(427) Pause Young (Concurrent Start) (G1 Evacuation Pause) 125M->53M(140M) 1.050ms
[46.261s][info][gc] GC(428) Concurrent Mark Cycle
[46.266s][info][gc] GC(428) Pause Remark 58M->58M(140M) 0.341ms
[46.269s][info][gc] GC(428) Pause Cleanup 59M->59M(140M) 0.040ms
[46.270s][info][gc] GC(428) Concurrent Mark Cycle 8.836ms
[46.331s][info][gc] GC(429) Pause Young (Prepare Mixed) (G1 Evacuation Pause) 124M->54M(140M) 0.954ms
[46.401s][info][gc] GC(430) Pause Young (Mixed) (G1 Evacuation Pause) 126M->54M(140M) 0.967ms
[46.472s][info][gc] GC(431) Pause Young (Concurrent Start) (G1 Evacuation Pause) 126M->54M(140M) 0.823ms
[46.472s][info][gc] GC(432) Concurrent Mark Cycle
[46.478s][info][gc] GC(432) Pause Remark 61M->61M(140M) 0.328ms
[46.482s][info][gc] GC(432) Pause Cleanup 68M->68M(140M) 0.058ms
[46.482s][info][gc] GC(432) Concurrent Mark Cycle 9.909ms
[46.545s][info][gc] GC(433) Pause Young (Prepare Mixed) (G1 Evacuation Pause) 126M->55M(140M) 0.837ms
[46.611s][info][gc] GC(434) Pause Young (Mixed) (G1 Evacuation Pause) 126M->54M(140M) 1.166ms
[46.678s][info][gc] GC(435) Pause Young (Concurrent Start) (G1 Evacuation Pause) 126M->55M(140M) 0.936ms
[46.678s][info][gc] GC(436) Concurrent Mark Cycle
[46.685s][info][gc] GC(436) Pause Remark 63M->63M(140M) 0.367ms
[46.688s][info][gc] GC(436) Pause Cleanup 66M->66M(140M) 0.032ms
[46.688s][info][gc] GC(436) Concurrent Mark Cycle 10.125ms
[46.749s][info][gc] GC(437) Pause Young (Prepare Mixed) (G1 Evacuation Pause) 126M->56M(140M) 0.896ms
[46.808s][info][gc] GC(438) Pause Young (Mixed) (G1 Evacuation Pause) 126M->54M(140M) 0.843ms
[46.881s][info][gc] GC(439) Pause Young (Concurrent Start) (G1 Evacuation Pause) 127M->56M(140M) 1.104ms
[46.881s][info][gc] GC(440) Concurrent Mark Cycle
[46.888s][info][gc] GC(440) Pause Remark 63M->63M(140M) 0.346ms
[46.891s][info][gc] GC(440) Pause Cleanup 64M->64M(140M) 0.028ms
[46.891s][info][gc] GC(440) Concurrent Mark Cycle 10.270ms
[46.948s][info][gc] GC(441) Pause Young (Prepare Mixed) (G1 Evacuation Pause) 125M->56M(140M) 0.914ms
[47.012s][info][gc] GC(442) Pause Young (Mixed) (G1 Evacuation Pause) 125M->56M(140M) 0.935ms
[47.078s][info][gc] GC(443) Pause Young (Concurrent Start) (G1 Evacuation Pause) 124M->57M(140M) 0.860ms
[47.078s][info][gc] GC(444) Concurrent Mark Cycle
[47.085s][info][gc] GC(444) Pause Remark 66M->66M(140M) 0.343ms
[47.088s][info][gc] GC(444) Pause Cleanup 70M->70M(140M) 0.054ms
[47.089s][info][gc] GC(444) Concurrent Mark Cycle 10.839ms
[47.141s][info][gc] GC(445) Pause Young (Prepare Mixed) (G1 Evacuation Pause) 124M->57M(140M) 0.840ms
[47.205s][info][gc] GC(446) Pause Young (Mixed) (G1 Evacuation Pause) 125M->57M(140M) 0.824ms
[47.264s][info][gc] GC(447) Pause Young (Concurrent Start) (G1 Evacuation Pause) 126M->58M(140M) 0.872ms
[47.264s][info][gc] GC(448) Concurrent Mark Cycle
[47.271s][info][gc] GC(448) Pause Remark 65M->65M(140M) 0.362ms
[47.275s][info][gc] GC(448) Pause Cleanup 66M->66M(140M) 0.057ms
[47.275s][info][gc] GC(448) Concurrent Mark Cycle 11.197ms
[47.332s][info][gc] GC(449) Pause Young (Prepare Mixed) (G1 Evacuation Pause) 126M->59M(140M) 0.935ms
[47.395s][info][gc] GC(450) Pause Young (Mixed) (G1 Evacuation Pause) 126M->59M(140M) 0.882ms
[47.457s][info][gc] GC(451) Pause Young (Concurrent Start) (G1 Evacuation Pause) 126M->60M(140M) 0.820ms
[47.457s][info][gc] GC(452) Concurrent Mark Cycle
[47.464s][info][gc] GC(452) Pause Remark 68M->68M(140M) 0.377ms
[47.468s][info][gc] GC(452) Pause Cleanup 71M->71M(140M) 0.059ms
[47.468s][info][gc] GC(452) Concurrent Mark Cycle 11.779ms
[47.521s][info][gc] GC(453) Pause Young (Prepare Mixed) (G1 Evacuation Pause) 126M->60M(140M) 0.843ms
[47.578s][info][gc] GC(454) Pause Young (Mixed) (G1 Evacuation Pause) 125M->60M(140M) 0.779ms
[47.641s][info][gc] GC(455) Pause Young (Concurrent Start) (G1 Evacuation Pause) 126M->60M(140M) 0.842ms
[47.641s][info][gc] GC(456) Concurrent Mark Cycle
[47.648s][info][gc] GC(456) Pause Remark 68M->68M(140M) 0.340ms
[47.653s][info][gc] GC(456) Pause Cleanup 71M->71M(140M) 0.042ms
[47.653s][info][gc] GC(456) Concurrent Mark Cycle 11.858ms
[47.708s][info][gc] GC(457) Pause Young (Prepare Mixed) (G1 Evacuation Pause) 126M->61M(140M) 0.856ms
[47.768s][info][gc] GC(458) Pause Young (Mixed) (G1 Evacuation Pause) 125M->61M(140M) 0.851ms
[47.828s][info][gc] GC(459) Pause Young (Concurrent Start) (G1 Evacuation Pause) 125M->62M(140M) 0.794ms
[47.828s][info][gc] GC(460) Concurrent Mark Cycle
[47.835s][info][gc] GC(460) Pause Remark 67M->67M(140M) 0.479ms
[47.840s][info][gc] GC(460) Pause Cleanup 73M->73M(140M) 0.029ms
[47.841s][info][gc] GC(460) Concurrent Mark Cycle 12.660ms
[47.928s][info][gc] GC(461) Pause Young (Prepare Mixed) (G1 Evacuation Pause) 126M->61M(140M) 0.719ms
[48.131s][info][gc] GC(462) Pause Young (Mixed) (G1 Evacuation Pause) 126M->63M(140M) 0.985ms
[48.195s][info][gc] GC(463) Pause Young (Concurrent Start) (G1 Evacuation Pause) 124M->64M(140M) 1.075ms
[48.195s][info][gc] GC(464) Concurrent Mark Cycle
[48.199s][info][gc] GC(464) Pause Remark 70M->49M(140M) 0.361ms
[48.201s][info][gc] GC(464) Pause Cleanup 49M->49M(140M) 0.027ms
[48.201s][info][gc] GC(464) Concurrent Mark Cycle 5.380ms
[48.247s][info][gc] GC(465) Pause Young (Prepare Mixed) (G1 Evacuation Pause) 105M->44M(140M) 0.907ms
[48.320s][info][gc] GC(466) Pause Young (Mixed) (G1 Evacuation Pause) 122M->40M(140M) 0.966ms
[48.394s][info][gc] GC(467) Pause Young (Normal) (G1 Evacuation Pause) 118M->40M(140M) 1.021ms
[48.469s][info][gc] GC(468) Pause Young (Normal) (G1 Evacuation Pause) 118M->41M(140M) 0.895ms
[48.543s][info][gc] GC(469) Pause Young (Normal) (G1 Evacuation Pause) 118M->42M(140M) 1.106ms
[48.617s][info][gc] GC(470) Pause Young (Normal) (G1 Evacuation Pause) 119M->42M(140M) 0.974ms
[48.691s][info][gc] GC(471) Pause Young (Normal) (G1 Evacuation Pause) 120M->43M(140M) 0.796ms
[48.763s][info][gc] GC(472) Pause Young (Normal) (G1 Evacuation Pause) 120M->43M(140M) 0.937ms
[48.838s][info][gc] GC(473) Pause Young (Normal) (G1 Evacuation Pause) 120M->44M(140M) 0.839ms
[48.911s][info][gc] GC(474) Pause Young (Normal) (G1 Evacuation Pause) 121M->45M(140M) 1.016ms
[48.982s][info][gc] GC(475) Pause Young (Normal) (G1 Evacuation Pause) 122M->46M(140M) 0.926ms
[49.055s][info][gc] GC(476) Pause Young (Normal) (G1 Evacuation Pause) 123M->46M(140M) 0.848ms
[49.132s][info][gc] GC(477) Pause Young (Normal) (G1 Evacuation Pause) 123M->47M(140M) 0.909ms
[49.203s][info][gc] GC(478) Pause Young (Normal) (G1 Evacuation Pause) 124M->47M(140M) 0.883ms
[49.277s][info][gc] GC(479) Pause Young (Normal) (G1 Evacuation Pause) 124M->49M(140M) 1.071ms
[49.350s][info][gc] GC(480) Pause Young (Normal) (G1 Evacuation Pause) 125M->49M(140M) 0.891ms
[49.419s][info][gc] GC(481) Pause Young (Normal) (G1 Evacuation Pause) 125M->50M(140M) 0.878ms
[49.494s][info][gc] GC(482) Pause Young (Normal) (G1 Evacuation Pause) 125M->51M(140M) 0.879ms
[49.568s][info][gc] GC(483) Pause Young (Normal) (G1 Evacuation Pause) 125M->51M(140M) 0.995ms
[49.638s][info][gc] GC(484) Pause Young (Normal) (G1 Evacuation Pause) 125M->52M(140M) 1.064ms
[49.703s][info][gc] GC(485) Pause Young (Concurrent Start) (G1 Evacuation Pause) 125M->52M(140M) 0.837ms
[49.703s][info][gc] GC(486) Concurrent Mark Cycle
[49.708s][info][gc] GC(486) Pause Remark 55M->52M(140M) 0.374ms
[49.711s][info][gc] GC(486) Pause Cleanup 54M->54M(140M) 0.039ms
[49.711s][info][gc] GC(486) Concurrent Mark Cycle 7.677ms
[49.770s][info][gc] GC(487) Pause Young (Prepare Mixed) (G1 Evacuation Pause) 123M->50M(140M) 0.886ms
[49.843s][info][gc] GC(488) Pause Young (Mixed) (G1 Evacuation Pause) 125M->49M(140M) 1.035ms
[49.914s][info][gc] GC(489) Pause Young (Normal) (G1 Evacuation Pause) 124M->50M(140M) 0.919ms
[49.985s][info][gc] GC(490) Pause Young (Normal) (G1 Evacuation Pause) 124M->50M(140M) 0.840ms
[50.059s][info][gc] GC(491) Pause Young (Normal) (G1 Evacuation Pause) 126M->51M(140M) 0.898ms
[50.125s][info][gc] GC(492) Pause Young (Concurrent Start) (G1 Evacuation Pause) 124M->52M(140M) 0.897ms
[50.125s][info][gc] GC(493) Concurrent Mark Cycle
[50.131s][info][gc] GC(493) Pause Remark 59M->59M(140M) 0.348ms
[50.134s][info][gc] GC(493) Pause Cleanup 61M->61M(140M) 0.030ms
[50.134s][info][gc] GC(493) Concurrent Mark Cycle 9.133ms
[50.196s][info][gc] GC(494) Pause Young (Prepare Mixed) (G1 Evacuation Pause) 126M->53M(140M) 0.811ms
[50.268s][info][gc] GC(495) Pause Young (Mixed) (G1 Evacuation Pause) 126M->52M(140M) 0.917ms
[50.341s][info][gc] GC(496) Pause Young (Concurrent Start) (G1 Evacuation Pause) 126M->53M(140M) 0.816ms
[50.341s][info][gc] GC(497) Concurrent Mark Cycle
[50.348s][info][gc] GC(497) Pause Remark 62M->62M(140M) 0.318ms
[50.351s][info][gc] GC(497) Pause Cleanup 65M->65M(140M) 0.044ms
[50.351s][info][gc] GC(497) Concurrent Mark Cycle 9.868ms
[50.412s][info][gc] GC(498) Pause Young (Prepare Mixed) (G1 Evacuation Pause) 126M->54M(140M) 0.832ms
[50.480s][info][gc] GC(499) Pause Young (Mixed) (G1 Evacuation Pause) 126M->53M(140M) 0.909ms
[50.545s][info][gc] GC(500) Pause Young (Concurrent Start) (G1 Evacuation Pause) 126M->53M(140M) 0.749ms
[50.545s][info][gc] GC(501) Concurrent Mark Cycle
[50.551s][info][gc] GC(501) Pause Remark 55M->55M(140M) 0.385ms
[50.554s][info][gc] GC(501) Pause Cleanup 56M->56M(140M) 0.053ms
[50.554s][info][gc] GC(501) Concurrent Mark Cycle 9.176ms
[50.614s][info][gc] GC(502) Pause Young (Prepare Mixed) (G1 Evacuation Pause) 127M->54M(140M) 0.960ms
[50.685s][info][gc] GC(503) Pause Young (Mixed) (G1 Evacuation Pause) 126M->54M(140M) 0.928ms
[50.752s][info][gc] GC(504) Pause Young (Concurrent Start) (G1 Evacuation Pause) 124M->55M(140M) 0.871ms
[50.752s][info][gc] GC(505) Concurrent Mark Cycle
[50.759s][info][gc] GC(505) Pause Remark 63M->63M(140M) 0.392ms
[50.763s][info][gc] GC(505) Pause Cleanup 67M->67M(140M) 0.044ms
[50.763s][info][gc] GC(505) Concurrent Mark Cycle 10.897ms
[50.822s][info][gc] GC(506) Pause Young (Prepare Mixed) (G1 Evacuation Pause) 126M->55M(140M) 0.809ms
[50.888s][info][gc] GC(507) Pause Young (Mixed) (G1 Evacuation Pause) 125M->55M(140M) 0.897ms
[50.955s][info][gc] GC(508) Pause Young (Concurrent Start) (G1 Evacuation Pause) 126M->56M(140M) 0.800ms
[50.955s][info][gc] GC(509) Concurrent Mark Cycle
[50.962s][info][gc] GC(509) Pause Remark 62M->62M(140M) 0.326ms
[50.965s][info][gc] GC(509) Pause Cleanup 64M->64M(140M) 0.027ms
[50.966s][info][gc] GC(509) Concurrent Mark Cycle 10.555ms
[51.028s][info][gc] GC(510) Pause Young (Prepare Mixed) (G1 Evacuation Pause) 126M->56M(140M) 2.200ms
[51.097s][info][gc] GC(511) Pause Young (Mixed) (G1 Evacuation Pause) 125M->56M(140M) 1.081ms
[51.164s][info][gc] GC(512) Pause Young (Concurrent Start) (G1 Evacuation Pause) 125M->56M(140M) 0.964ms
[51.164s][info][gc] GC(513) Concurrent Mark Cycle
[51.172s][info][gc] GC(513) Pause Remark 62M->62M(140M) 0.341ms
[51.176s][info][gc] GC(513) Pause Cleanup 64M->64M(140M) 0.031ms
[51.176s][info][gc] GC(513) Concurrent Mark Cycle 12.185ms
[51.234s][info][gc] GC(514) Pause Young (Prepare Mixed) (G1 Evacuation Pause) 125M->57M(140M) 0.909ms
[51.302s][info][gc] GC(515) Pause Young (Mixed) (G1 Evacuation Pause) 126M->57M(140M) 0.982ms
[51.370s][info][gc] GC(516) Pause Young (Concurrent Start) (G1 Evacuation Pause) 126M->58M(140M) 0.846ms
[51.370s][info][gc] GC(517) Concurrent Mark Cycle
[51.377s][info][gc] GC(517) Pause Remark 67M->67M(140M) 0.410ms
[51.382s][info][gc] GC(517) Pause Cleanup 73M->73M(140M) 0.030ms
[51.382s][info][gc] GC(517) Concurrent Mark Cycle 11.675ms
[51.435s][info][gc] GC(518) Pause Young (Prepare Mixed) (G1 Evacuation Pause) 125M->59M(140M) 0.816ms
[51.500s][info][gc] GC(519) Pause Young (Mixed) (G1 Evacuation Pause) 124M->59M(140M) 0.875ms
[51.560s][info][gc] GC(520) Pause Young (Concurrent Start) (G1 Evacuation Pause) 126M->59M(140M) 0.918ms
[51.560s][info][gc] GC(521) Concurrent Mark Cycle
[51.568s][info][gc] GC(521) Pause Remark 65M->65M(140M) 0.347ms
[51.572s][info][gc] GC(521) Pause Cleanup 69M->69M(140M) 0.032ms
[51.572s][info][gc] GC(521) Concurrent Mark Cycle 11.625ms
[51.624s][info][gc] GC(522) Pause Young (Prepare Mixed) (G1 Evacuation Pause) 126M->59M(140M) 0.803ms
[51.688s][info][gc] GC(523) Pause Young (Mixed) (G1 Evacuation Pause) 125M->60M(140M) 0.860ms
[51.751s][info][gc] GC(524) Pause Young (Concurrent Start) (G1 Evacuation Pause) 126M->61M(140M) 0.888ms
[51.751s][info][gc] GC(525) Concurrent Mark Cycle
[51.759s][info][gc] GC(525) Pause Remark 70M->70M(140M) 0.393ms
[51.763s][info][gc] GC(525) Pause Cleanup 75M->75M(140M) 0.037ms
[51.763s][info][gc] GC(525) Concurrent Mark Cycle 12.238ms
[51.814s][info][gc] GC(526) Pause Young (Prepare Mixed) (G1 Evacuation Pause) 126M->61M(140M) 0.821ms
[51.870s][info][gc] GC(527) Pause Young (Mixed) (G1 Evacuation Pause) 125M->60M(140M) 0.811ms
[51.938s][info][gc] GC(528) Pause Young (Concurrent Start) (G1 Evacuation Pause) 126M->61M(140M) 0.739ms
[51.938s][info][gc] GC(529) Concurrent Mark Cycle
[51.945s][info][gc] GC(529) Pause Remark 63M->63M(140M) 0.607ms
[51.950s][info][gc] GC(529) Pause Cleanup 63M->63M(140M) 0.026ms
[51.950s][info][gc] GC(529) Concurrent Mark Cycle 11.729ms
[52.178s][info][gc] GC(530) Pause Young (Prepare Mixed) (G1 Evacuation Pause) 125M->67M(140M) 1.638ms
[52.201s][info][gc] GC(531) Pause Young (Mixed) (G1 Evacuation Pause) 123M->69M(140M) 1.481ms
[52.225s][info][gc] GC(532) Pause Young (Concurrent Start) (G1 Evacuation Pause) 129M->69M(140M) 0.824ms
[52.225s][info][gc] GC(533) Concurrent Mark Cycle
[52.233s][info][gc] GC(533) Pause Remark 83M->61M(140M) 0.406ms
[52.238s][info][gc] GC(533) Pause Cleanup 76M->76M(140M) 0.060ms
[52.239s][info][gc] GC(533) Concurrent Mark Cycle 13.370ms
[52.248s][info][gc] GC(534) Pause Young (Prepare Mixed) (G1 Evacuation Pause) 105M->47M(140M) 0.695ms
[52.287s][info][gc] GC(535) Pause Young (Mixed) (G1 Evacuation Pause) 127M->43M(140M) 1.226ms
[52.318s][info][gc] GC(536) Pause Young (Normal) (G1 Evacuation Pause) 121M->45M(140M) 1.072ms
[52.341s][info][gc] GC(537) Pause Young (Normal) (G1 Evacuation Pause) 121M->45M(192M) 1.113ms
[52.390s][info][gc] GC(538) Pause Young (Normal) (G1 Evacuation Pause) 153M->47M(192M) 1.061ms
[52.425s][info][gc] GC(539) Pause Young (Normal) (G1 Evacuation Pause) 154M->47M(192M) 1.109ms
[52.469s][info][gc] GC(540) Pause Young (Normal) (G1 Evacuation Pause) 154M->48M(192M) 1.107ms
[52.505s][info][gc] GC(541) Pause Young (Normal) (G1 Evacuation Pause) 154M->49M(192M) 1.154ms
[52.539s][info][gc] GC(542) Pause Young (Normal) (G1 Evacuation Pause) 154M->49M(192M) 1.183ms
[52.584s][info][gc] GC(543) Pause Young (Normal) (G1 Evacuation Pause) 156M->51M(226M) 1.205ms
[52.627s][info][gc] GC(544) Pause Young (Normal) (G1 Evacuation Pause) 176M->51M(226M) 1.403ms
[52.679s][info][gc] GC(545) Pause Young (Normal) (G1 Evacuation Pause) 176M->53M(226M) 1.286ms
[52.719s][info][gc] GC(546) Pause Young (Normal) (G1 Evacuation Pause) 177M->54M(226M) 1.257ms
[52.772s][info][gc] GC(547) Pause Young (Normal) (G1 Evacuation Pause) 179M->55M(226M) 1.253ms
[52.813s][info][gc] GC(548) Pause Young (Normal) (G1 Evacuation Pause) 179M->55M(226M) 1.228ms
[52.864s][info][gc] GC(549) Pause Young (Normal) (G1 Evacuation Pause) 182M->56M(226M) 1.211ms
[52.906s][info][gc] GC(550) Pause Young (Normal) (G1 Evacuation Pause) 181M->57M(226M) 1.238ms
[52.959s][info][gc] GC(551) Pause Young (Normal) (G1 Evacuation Pause) 182M->60M(226M) 1.278ms
[53.005s][info][gc] GC(552) Pause Young (Normal) (G1 Evacuation Pause) 183M->59M(226M) 1.242ms
[53.052s][info][gc] GC(553) Pause Young (Normal) (G1 Evacuation Pause) 184M->61M(226M) 1.239ms
[53.098s][info][gc] GC(554) Pause Young (Normal) (G1 Evacuation Pause) 184M->61M(226M) 1.358ms
[53.144s][info][gc] GC(555) Pause Young (Normal) (G1 Evacuation Pause) 186M->63M(226M) 1.414ms
[53.192s][info][gc] GC(556) Pause Young (Normal) (G1 Evacuation Pause) 187M->64M(226M) 1.316ms
[53.237s][info][gc] GC(557) Pause Young (Normal) (G1 Evacuation Pause) 189M->65M(226M) 1.257ms
[53.286s][info][gc] GC(558) Pause Young (Normal) (G1 Evacuation Pause) 189M->66M(226M) 1.253ms
[53.329s][info][gc] GC(559) Pause Young (Normal) (G1 Evacuation Pause) 191M->67M(226M) 1.252ms
[53.380s][info][gc] GC(560) Pause Young (Normal) (G1 Evacuation Pause) 192M->68M(226M) 1.272ms
[53.422s][info][gc] GC(561) Pause Young (Normal) (G1 Evacuation Pause) 192M->70M(226M) 1.255ms
[53.471s][info][gc] GC(562) Pause Young (Normal) (G1 Evacuation Pause) 194M->70M(226M) 1.240ms
[53.515s][info][gc] GC(563) Pause Young (Normal) (G1 Evacuation Pause) 195M->72M(226M) 1.363ms
[53.564s][info][gc] GC(564) Pause Young (Normal) (G1 Evacuation Pause) 196M->73M(226M) 1.359ms
[53.606s][info][gc] GC(565) Pause Young (Normal) (G1 Evacuation Pause) 197M->73M(226M) 1.202ms
[53.657s][info][gc] GC(566) Pause Young (Normal) (G1 Evacuation Pause) 198M->75M(226M) 1.261ms
[53.699s][info][gc] GC(567) Pause Young (Normal) (G1 Evacuation Pause) 199M->76M(226M) 1.235ms
[53.748s][info][gc] GC(568) Pause Young (Normal) (G1 Evacuation Pause) 200M->76M(226M) 1.388ms
[53.791s][info][gc] GC(569) Pause Young (Normal) (G1 Evacuation Pause) 201M->77M(226M) 1.185ms
[53.840s][info][gc] GC(570) Pause Young (Normal) (G1 Evacuation Pause) 203M->79M(226M) 1.272ms
[53.882s][info][gc] GC(571) Pause Young (Normal) (G1 Evacuation Pause) 202M->80M(226M) 1.537ms
[53.933s][info][gc] GC(572) Pause Young (Normal) (G1 Evacuation Pause) 203M->81M(226M) 1.185ms
[53.975s][info][gc] GC(573) Pause Young (Normal) (G1 Evacuation Pause) 203M->82M(226M) 1.252ms
[54.024s][info][gc] GC(574) Pause Young (Normal) (G1 Evacuation Pause) 203M->84M(226M) 1.315ms
[54.067s][info][gc] GC(575) Pause Young (Concurrent Start) (G1 Evacuation Pause) 202M->84M(226M) 1.266ms
[54.067s][info][gc] GC(576) Concurrent Mark Cycle
[54.082s][info][gc] GC(576) Pause Remark 117M->117M(226M) 0.460ms
[54.096s][info][gc] GC(576) Pause Cleanup 151M->151M(226M) 0.063ms
[54.096s][info][gc] GC(576) Concurrent Mark Cycle 28.816ms
[54.117s][info][gc] GC(577) Pause Young (Prepare Mixed) (G1 Evacuation Pause) 203M->86M(226M) 1.396ms
[54.157s][info][gc] GC(578) Pause Young (Mixed) (G1 Evacuation Pause) 201M->84M(226M) 1.323ms
[54.201s][info][gc] GC(579) Pause Young (Concurrent Start) (G1 Evacuation Pause) 204M->85M(226M) 1.269ms
[54.201s][info][gc] GC(580) Concurrent Mark Cycle
[54.215s][info][gc] GC(580) Pause Remark 119M->119M(226M) 0.384ms
[54.227s][info][gc] GC(580) Pause Cleanup 145M->145M(226M) 0.056ms
[54.227s][info][gc] GC(580) Concurrent Mark Cycle 25.728ms
[54.247s][info][gc] GC(581) Pause Young (Prepare Mixed) (G1 Evacuation Pause) 203M->85M(226M) 1.235ms
[54.294s][info][gc] GC(582) Pause Young (Mixed) (G1 Evacuation Pause) 204M->87M(226M) 1.478ms
[54.336s][info][gc] GC(583) Pause Young (Concurrent Start) (G1 Evacuation Pause) 201M->88M(226M) 1.281ms
[54.336s][info][gc] GC(584) Concurrent Mark Cycle
[54.348s][info][gc] GC(584) Pause Remark 111M->111M(226M) 0.471ms
[54.366s][info][gc] GC(584) Pause Cleanup 146M->146M(226M) 0.050ms
[54.366s][info][gc] GC(584) Concurrent Mark Cycle 30.534ms
[54.389s][info][gc] GC(585) Pause Young (Prepare Mixed) (G1 Evacuation Pause) 204M->89M(226M) 1.230ms
[54.431s][info][gc] GC(586) Pause Young (Mixed) (G1 Evacuation Pause) 203M->88M(226M) 1.420ms
[54.478s][info][gc] GC(587) Pause Young (Concurrent Start) (G1 Evacuation Pause) 204M->89M(226M) 1.466ms
[54.478s][info][gc] GC(588) Concurrent Mark Cycle
[54.493s][info][gc] GC(588) Pause Remark 131M->131M(226M) 0.497ms
[54.511s][info][gc] GC(588) Pause Cleanup 172M->172M(226M) 0.064ms
[54.511s][info][gc] GC(588) Concurrent Mark Cycle 33.039ms
[54.523s][info][gc] GC(589) Pause Young (Prepare Mixed) (G1 Evacuation Pause) 203M->90M(226M) 1.323ms
[54.567s][info][gc] GC(590) Pause Young (Mixed) (G1 Evacuation Pause) 203M->90M(226M) 1.300ms
[54.609s][info][gc] GC(591) Pause Young (Concurrent Start) (G1 Evacuation Pause) 204M->91M(226M) 1.291ms
[54.609s][info][gc] GC(592) Concurrent Mark Cycle
[54.626s][info][gc] GC(592) Pause Remark 129M->129M(226M) 0.484ms
[54.643s][info][gc] GC(592) Pause Cleanup 172M->172M(226M) 0.079ms
[54.643s][info][gc] GC(592) Concurrent Mark Cycle 34.061ms
[54.659s][info][gc] GC(593) Pause Young (Prepare Mixed) (G1 Evacuation Pause) 203M->91M(226M) 1.243ms
[54.700s][info][gc] GC(594) Pause Young (Mixed) (G1 Evacuation Pause) 204M->92M(226M) 1.418ms
[54.738s][info][gc] GC(595) Pause Young (Concurrent Start) (G1 Evacuation Pause) 202M->92M(293M) 1.260ms
[54.738s][info][gc] GC(596) Concurrent Mark Cycle
[54.756s][info][gc] GC(596) Pause Remark 120M->120M(293M) 0.418ms
[54.778s][info][gc] GC(596) Pause Cleanup 161M->161M(293M) 0.069ms
[54.778s][info][gc] GC(596) Concurrent Mark Cycle 39.623ms
[54.812s][info][gc] GC(597) Pause Young (Prepare Mixed) (G1 Evacuation Pause) 259M->94M(293M) 1.485ms
[54.876s][info][gc] GC(598) Pause Young (Mixed) (G1 Evacuation Pause) 259M->96M(293M) 1.647ms
[54.934s][info][gc] GC(599) Pause Young (Normal) (G1 Evacuation Pause) 259M->96M(293M) 1.514ms
[55.006s][info][gc] GC(600) Pause Young (Normal) (G1 Evacuation Pause) 259M->99M(293M) 1.727ms
[55.076s][info][gc] GC(601) Pause Young (Normal) (G1 Evacuation Pause) 259M->101M(293M) 1.849ms
[55.142s][info][gc] GC(602) Pause Young (Normal) (G1 Evacuation Pause) 262M->101M(293M) 1.598ms
[55.204s][info][gc] GC(603) Pause Young (Normal) (G1 Evacuation Pause) 263M->102M(293M) 1.474ms
[55.266s][info][gc] GC(604) Pause Young (Normal) (G1 Evacuation Pause) 263M->104M(293M) 1.615ms
[55.323s][info][gc] GC(605) Pause Young (Normal) (G1 Evacuation Pause) 262M->105M(293M) 1.456ms
[55.383s][info][gc] GC(606) Pause Young (Normal) (G1 Evacuation Pause) 264M->105M(293M) 1.579ms
[55.445s][info][gc] GC(607) Pause Young (Normal) (G1 Evacuation Pause) 262M->108M(293M) 1.556ms
[55.502s][info][gc] GC(608) Pause Young (Normal) (G1 Evacuation Pause) 261M->109M(293M) 1.516ms
[55.557s][info][gc] GC(609) Pause Young (Normal) (G1 Evacuation Pause) 262M->111M(293M) 1.450ms
[55.617s][info][gc] GC(610) Pause Young (Concurrent Start) (G1 Evacuation Pause) 262M->112M(293M) 1.469ms
[55.617s][info][gc] GC(611) Concurrent Mark Cycle
[55.635s][info][gc] GC(611) Pause Remark 164M->164M(293M) 0.406ms
[55.655s][info][gc] GC(611) Pause Cleanup 221M->221M(293M) 0.039ms
[55.656s][info][gc] GC(611) Concurrent Mark Cycle 38.635ms
[55.674s][info][gc] GC(612) Pause Young (Prepare Mixed) (G1 Evacuation Pause) 264M->113M(293M) 1.440ms
[55.733s][info][gc] GC(613) Pause Young (Mixed) (G1 Evacuation Pause) 264M->114M(293M) 1.558ms
[55.791s][info][gc] GC(614) Pause Young (Concurrent Start) (G1 Evacuation Pause) 263M->115M(293M) 1.444ms
[55.791s][info][gc] GC(615) Concurrent Mark Cycle
[55.816s][info][gc] GC(615) Pause Remark 177M->177M(293M) 0.406ms
[55.836s][info][gc] GC(615) Pause Cleanup 226M->226M(293M) 0.052ms
[55.836s][info][gc] GC(615) Concurrent Mark Cycle 45.642ms
[55.848s][info][gc] GC(616) Pause Young (Prepare Mixed) (G1 Evacuation Pause) 263M->117M(293M) 1.451ms
[55.912s][info][gc] GC(617) Pause Young (Mixed) (G1 Evacuation Pause) 264M->118M(293M) 1.560ms
[55.963s][info][gc] GC(618) Pause Young (Concurrent Start) (G1 Evacuation Pause) 264M->118M(293M) 1.355ms
[55.963s][info][gc] GC(619) Concurrent Mark Cycle
[55.991s][info][gc] GC(619) Pause Remark 178M->178M(293M) 0.427ms
[56.010s][info][gc] GC(619) Pause Cleanup 222M->222M(293M) 0.053ms
[56.010s][info][gc] GC(619) Concurrent Mark Cycle 47.076ms
[56.025s][info][gc] GC(620) Pause Young (Prepare Mixed) (G1 Evacuation Pause) 265M->120M(293M) 1.407ms
[56.084s][info][gc] GC(621) Pause Young (Mixed) (G1 Evacuation Pause) 263M->121M(293M) 1.523ms
[56.132s][info][gc] GC(622) Pause Young (Concurrent Start) (G1 Evacuation Pause) 264M->122M(293M) 1.449ms
[56.132s][info][gc] GC(623) Concurrent Mark Cycle
[56.156s][info][gc] GC(623) Pause Remark 181M->181M(293M) 0.390ms
[56.182s][info][gc] GC(623) Pause Cleanup 232M->232M(293M) 0.066ms
[56.182s][info][gc] GC(623) Concurrent Mark Cycle 50.085ms
[56.194s][info][gc] GC(624) Pause Young (Prepare Mixed) (G1 Evacuation Pause) 263M->122M(293M) 1.687ms
[56.245s][info][gc] GC(625) Pause Young (Mixed) (G1 Evacuation Pause) 264M->124M(406M) 1.885ms
[56.331s][info][gc] GC(626) Pause Young (Normal) (G1 Evacuation Pause) 353M->125M(406M) 1.717ms
[56.418s][info][gc] GC(627) Pause Young (Normal) (G1 Evacuation Pause) 354M->127M(406M) 1.759ms
[56.499s][info][gc] GC(628) Pause Young (Normal) (G1 Evacuation Pause) 354M->129M(406M) 1.726ms
[56.585s][info][gc] GC(629) Pause Young (Normal) (G1 Evacuation Pause) 354M->131M(406M) 1.831ms
[56.669s][info][gc] GC(630) Pause Young (Normal) (G1 Evacuation Pause) 355M->133M(406M) 1.837ms
[56.751s][info][gc] GC(631) Pause Young (Normal) (G1 Evacuation Pause) 357M->134M(406M) 1.864ms
[56.958s][info][gc] GC(632) Pause Young (Normal) (G1 Evacuation Pause) 359M->133M(406M) 1.519ms
[57.226s][info][gc] GC(633) Pause Young (Normal) (G1 Evacuation Pause) 361M->138M(406M) 2.029ms
[57.370s][info][gc] GC(634) Pause Young (Normal) (G1 Evacuation Pause) 361M->141M(406M) 1.924ms
[57.515s][info][gc] GC(635) Pause Young (Normal) (G1 Evacuation Pause) 366M->142M(406M) 2.021ms
[57.661s][info][gc] GC(636) Pause Young (Normal) (G1 Evacuation Pause) 367M->144M(406M) 2.182ms
[57.796s][info][gc] GC(637) Pause Young (Normal) (G1 Evacuation Pause) 365M->146M(406M) 1.995ms
[57.937s][info][gc] GC(638) Pause Young (Normal) (G1 Evacuation Pause) 365M->148M(406M) 1.730ms
[58.081s][info][gc] GC(639) Pause Young (Normal) (G1 Evacuation Pause) 367M->150M(406M) 1.924ms
[58.220s][info][gc] GC(640) Pause Young (Normal) (G1 Evacuation Pause) 367M->152M(406M) 1.781ms
[58.363s][info][gc] GC(641) Pause Young (Normal) (G1 Evacuation Pause) 367M->154M(406M) 1.641ms
[58.492s][info][gc] GC(642) Pause Young (Normal) (G1 Evacuation Pause) 367M->154M(406M) 1.635ms
[58.629s][info][gc] GC(643) Pause Young (Concurrent Start) (G1 Evacuation Pause) 368M->157M(406M) 1.794ms
[58.630s][info][gc] GC(644) Concurrent Mark Cycle
[58.636s][info][gc] GC(644) Pause Remark 171M->88M(250M) 0.435ms
[58.639s][info][gc] GC(644) Pause Cleanup 91M->91M(250M) 0.073ms
[58.639s][info][gc] GC(644) Concurrent Mark Cycle 9.292ms
[58.745s][info][gc] GC(645) Pause Young (Prepare Mixed) (G1 Evacuation Pause) 249M->76M(271M) 2.240ms
[58.838s][info][gc] GC(646) Pause Young (Mixed) (G1 Evacuation Pause) 221M->65M(271M) 1.631ms
[58.933s][info][gc] GC(647) Pause Young (Normal) (G1 Evacuation Pause) 214M->65M(271M) 1.405ms
[59.028s][info][gc] GC(648) Pause Young (Normal) (G1 Evacuation Pause) 216M->67M(271M) 1.407ms
[59.131s][info][gc] GC(649) Pause Young (Normal) (G1 Evacuation Pause) 216M->69M(271M) 1.412ms
[59.227s][info][gc] GC(650) Pause Young (Normal) (G1 Evacuation Pause) 218M->70M(271M) 1.641ms
[59.323s][info][gc] GC(651) Pause Young (Normal) (G1 Evacuation Pause) 219M->71M(271M) 1.301ms
[59.416s][info][gc] GC(652) Pause Young (Normal) (G1 Evacuation Pause) 221M->71M(271M) 1.350ms
[59.522s][info][gc] GC(653) Pause Young (Normal) (G1 Evacuation Pause) 221M->74M(271M) 1.450ms
[59.619s][info][gc] GC(654) Pause Young (Normal) (G1 Evacuation Pause) 223M->74M(271M) 1.440ms
[59.943s][info][gc] GC(655) Pause Young (Normal) (G1 Evacuation Pause) 223M->76M(271M) 1.470ms
[60.045s][info][gc] GC(656) Pause Young (Normal) (G1 Evacuation Pause) 225M->78M(271M) 1.530ms
[60.138s][info][gc] GC(657) Pause Young (Normal) (G1 Evacuation Pause) 226M->79M(271M) 1.378ms
[60.232s][info][gc] GC(658) Pause Young (Normal) (G1 Evacuation Pause) 229M->80M(271M) 1.437ms
[60.324s][info][gc] GC(659) Pause Young (Normal) (G1 Evacuation Pause) 230M->81M(271M) 1.369ms
[60.427s][info][gc] GC(660) Pause Young (Normal) (G1 Evacuation Pause) 231M->83M(271M) 1.381ms
[60.517s][info][gc] GC(661) Pause Young (Normal) (G1 Evacuation Pause) 231M->84M(271M) 1.392ms
[60.613s][info][gc] GC(662) Pause Young (Normal) (G1 Evacuation Pause) 234M->85M(271M) 1.330ms
[60.707s][info][gc] GC(663) Pause Young (Normal) (G1 Evacuation Pause) 236M->86M(271M) 1.377ms
[60.815s][info][gc] GC(664) Pause Young (Normal) (G1 Evacuation Pause) 236M->88M(271M) 1.501ms
[60.905s][info][gc] GC(665) Pause Young (Normal) (G1 Evacuation Pause) 237M->89M(271M) 1.435ms
[60.998s][info][gc] GC(666) Pause Young (Normal) (G1 Evacuation Pause) 238M->90M(271M) 1.428ms
[61.090s][info][gc] GC(667) Pause Young (Normal) (G1 Evacuation Pause) 240M->92M(271M) 1.369ms
[61.189s][info][gc] GC(668) Pause Young (Normal) (G1 Evacuation Pause) 241M->93M(271M) 1.359ms
[61.286s][info][gc] GC(669) Pause Young (Normal) (G1 Evacuation Pause) 243M->95M(271M) 1.590ms
[61.380s][info][gc] GC(670) Pause Young (Normal) (G1 Evacuation Pause) 242M->96M(271M) 1.382ms
[61.473s][info][gc] GC(671) Pause Young (Normal) (G1 Evacuation Pause) 244M->97M(271M) 1.285ms
[61.565s][info][gc] GC(672) Pause Young (Normal) (G1 Evacuation Pause) 241M->98M(271M) 1.400ms
[61.661s][info][gc] GC(673) Pause Young (Normal) (G1 Evacuation Pause) 244M->99M(271M) 1.218ms
[61.753s][info][gc] GC(674) Pause Young (Normal) (G1 Evacuation Pause) 243M->100M(271M) 1.326ms
[61.842s][info][gc] GC(675) Pause Young (Normal) (G1 Evacuation Pause) 242M->101M(271M) 1.296ms
[61.928s][info][gc] GC(676) Pause Young (Normal) (G1 Evacuation Pause) 242M->103M(271M) 1.325ms
[62.015s][info][gc] GC(677) Pause Young (Concurrent Start) (G1 Evacuation Pause) 243M->104M(271M) 1.341ms
[62.015s][info][gc] GC(678) Concurrent Mark Cycle
[62.023s][info][gc] GC(678) Pause Remark 118M->89M(254M) 0.415ms
[62.028s][info][gc] GC(678) Pause Cleanup 94M->94M(254M) 0.054ms
[62.028s][info][gc] GC(678) Concurrent Mark Cycle 12.570ms
[62.105s][info][gc] GC(679) Pause Young (Prepare Mixed) (G1 Evacuation Pause) 215M->76M(254M) 1.164ms
[62.195s][info][gc] GC(680) Pause Young (Mixed) (G1 Evacuation Pause) 216M->71M(254M) 1.291ms
[62.283s][info][gc] GC(681) Pause Young (Normal) (G1 Evacuation Pause) 211M->73M(254M) 1.409ms
[62.371s][info][gc] GC(682) Pause Young (Normal) (G1 Evacuation Pause) 213M->74M(254M) 1.259ms
[62.460s][info][gc] GC(683) Pause Young (Normal) (G1 Evacuation Pause) 215M->75M(254M) 1.266ms
[62.764s][info][gc] GC(684) Pause Young (Normal) (G1 Evacuation Pause) 216M->77M(254M) 1.349ms
[62.851s][info][gc] GC(685) Pause Young (Normal) (G1 Evacuation Pause) 216M->79M(254M) 1.351ms
[62.939s][info][gc] GC(686) Pause Young (Normal) (G1 Evacuation Pause) 219M->80M(254M) 1.320ms
[63.028s][info][gc] GC(687) Pause Young (Normal) (G1 Evacuation Pause) 220M->80M(254M) 1.362ms
[63.116s][info][gc] GC(688) Pause Young (Normal) (G1 Evacuation Pause) 221M->82M(254M) 1.477ms
[63.202s][info][gc] GC(689) Pause Young (Normal) (G1 Evacuation Pause) 222M->82M(254M) 1.279ms
[63.300s][info][gc] GC(690) Pause Young (Normal) (G1 Evacuation Pause) 223M->84M(254M) 1.434ms
[63.388s][info][gc] GC(691) Pause Young (Normal) (G1 Evacuation Pause) 224M->87M(254M) 1.375ms
[63.476s][info][gc] GC(692) Pause Young (Normal) (G1 Evacuation Pause) 227M->87M(254M) 1.262ms
[63.566s][info][gc] GC(693) Pause Young (Normal) (G1 Evacuation Pause) 228M->88M(254M) 1.331ms
[63.652s][info][gc] GC(694) Pause Young (Normal) (G1 Evacuation Pause) 227M->90M(254M) 1.265ms
[63.738s][info][gc] GC(695) Pause Young (Normal) (G1 Evacuation Pause) 227M->90M(254M) 1.241ms
[63.828s][info][gc] GC(696) Pause Young (Normal) (G1 Evacuation Pause) 228M->91M(254M) 1.385ms
[63.918s][info][gc] GC(697) Pause Young (Normal) (G1 Evacuation Pause) 226M->93M(254M) 1.226ms
[63.998s][info][gc] GC(698) Pause Young (Normal) (G1 Evacuation Pause) 227M->94M(254M) 1.388ms
[64.085s][info][gc] GC(699) Pause Young (Normal) (G1 Evacuation Pause) 227M->95M(254M) 1.292ms
[64.166s][info][gc] GC(700) Pause Young (Normal) (G1 Evacuation Pause) 227M->95M(254M) 1.463ms
[64.253s][info][gc] GC(701) Pause Young (Concurrent Start) (G1 Evacuation Pause) 228M->97M(254M) 1.209ms
[64.253s][info][gc] GC(702) Concurrent Mark Cycle
[64.259s][info][gc] GC(702) Pause Remark 106M->73M(217M) 0.374ms
[64.262s][info][gc] GC(702) Pause Cleanup 79M->79M(217M) 0.059ms
[64.263s][info][gc] GC(702) Concurrent Mark Cycle 9.242ms
[64.338s][info][gc] GC(703) Pause Young (Prepare Mixed) (G1 Evacuation Pause) 195M->66M(217M) 1.273ms
[64.412s][info][gc] GC(704) Pause Young (Mixed) (G1 Evacuation Pause) 184M->63M(217M) 1.220ms
[64.488s][info][gc] GC(705) Pause Young (Normal) (G1 Evacuation Pause) 183M->64M(217M) 1.166ms
[64.562s][info][gc] GC(706) Pause Young (Normal) (G1 Evacuation Pause) 184M->65M(217M) 1.153ms
[64.640s][info][gc] GC(707) Pause Young (Normal) (G1 Evacuation Pause) 185M->66M(217M) 1.225ms
[64.717s][info][gc] GC(708) Pause Young (Normal) (G1 Evacuation Pause) 186M->67M(217M) 1.278ms
[64.797s][info][gc] GC(709) Pause Young (Normal) (G1 Evacuation Pause) 186M->69M(217M) 1.332ms
[64.873s][info][gc] GC(710) Pause Young (Normal) (G1 Evacuation Pause) 189M->69M(217M) 1.171ms
[64.951s][info][gc] GC(711) Pause Young (Normal) (G1 Evacuation Pause) 189M->70M(217M) 1.143ms
[65.028s][info][gc] GC(712) Pause Young (Normal) (G1 Evacuation Pause) 189M->71M(217M) 1.166ms
[65.103s][info][gc] GC(713) Pause Young (Normal) (G1 Evacuation Pause) 190M->72M(217M) 1.214ms
[65.181s][info][gc] GC(714) Pause Young (Normal) (G1 Evacuation Pause) 192M->73M(217M) 1.408ms
[65.258s][info][gc] GC(715) Pause Young (Normal) (G1 Evacuation Pause) 192M->74M(217M) 1.329ms
[65.538s][info][gc] GC(716) Pause Young (Normal) (G1 Evacuation Pause) 193M->73M(217M) 1.074ms
[65.630s][info][gc] GC(717) Pause Young (Normal) (G1 Evacuation Pause) 194M->80M(217M) 2.185ms
[65.668s][info][gc] GC(718) Pause Young (Normal) (G1 Evacuation Pause) 187M->81M(217M) 1.615ms
[65.716s][info][gc] GC(719) Pause Young (Normal) (G1 Evacuation Pause) 194M->83M(217M) 1.368ms
[65.753s][info][gc] GC(720) Pause Young (Concurrent Start) (G1 Evacuation Pause) 194M->84M(217M) 1.379ms
[65.753s][info][gc] GC(721) Concurrent Mark Cycle
[65.761s][info][gc] GC(721) Pause Remark 111M->80M(180M) 0.436ms
[65.765s][info][gc] GC(721) Pause Cleanup 87M->87M(180M) 0.062ms
[65.765s][info][gc] GC(721) Concurrent Mark Cycle 11.784ms
[65.799s][info][gc] GC(722) Pause Young (Prepare Mixed) (G1 Evacuation Pause) 166M->53M(180M) 1.170ms
[65.836s][info][gc] GC(723) Pause Young (Mixed) (G1 Evacuation Pause) 153M->49M(180M) 1.210ms
[65.874s][info][gc] GC(724) Pause Young (Normal) (G1 Evacuation Pause) 148M->49M(180M) 1.140ms
[65.908s][info][gc] GC(725) Pause Young (Normal) (G1 Evacuation Pause) 149M->51M(214M) 1.179ms
[65.948s][info][gc] GC(726) Pause Young (Normal) (G1 Evacuation Pause) 170M->51M(214M) 1.264ms
[65.997s][info][gc] GC(727) Pause Young (Normal) (G1 Evacuation Pause) 171M->52M(214M) 1.182ms
[66.035s][info][gc] GC(728) Pause Young (Normal) (G1 Evacuation Pause) 170M->53M(214M) 1.336ms
[66.083s][info][gc] GC(729) Pause Young (Normal) (G1 Evacuation Pause) 172M->54M(214M) 1.255ms
[66.125s][info][gc] GC(730) Pause Young (Normal) (G1 Evacuation Pause) 171M->55M(214M) 1.282ms
[66.173s][info][gc] GC(731) Pause Young (Normal) (G1 Evacuation Pause) 174M->56M(214M) 1.189ms
[66.216s][info][gc] GC(732) Pause Young (Normal) (G1 Evacuation Pause) 173M->57M(214M) 1.238ms
[66.263s][info][gc] GC(733) Pause Young (Normal) (G1 Evacuation Pause) 176M->58M(214M) 1.299ms
[66.303s][info][gc] GC(734) Pause Young (Normal) (G1 Evacuation Pause) 177M->59M(214M) 1.184ms
[66.350s][info][gc] GC(735) Pause Young (Normal) (G1 Evacuation Pause) 177M->60M(214M) 1.222ms
[66.392s][info][gc] GC(736) Pause Young (Normal) (G1 Evacuation Pause) 178M->61M(214M) 1.290ms
[66.440s][info][gc] GC(737) Pause Young (Normal) (G1 Evacuation Pause) 179M->62M(214M) 1.237ms
[66.481s][info][gc] GC(738) Pause Young (Normal) (G1 Evacuation Pause) 180M->63M(214M) 1.304ms
[66.527s][info][gc] GC(739) Pause Young (Normal) (G1 Evacuation Pause) 181M->64M(214M) 1.301ms
[66.577s][info][gc] GC(740) Pause Young (Normal) (G1 Evacuation Pause) 182M->65M(214M) 1.376ms
[66.622s][info][gc] GC(741) Pause Young (Normal) (G1 Evacuation Pause) 183M->66M(214M) 1.249ms
[66.665s][info][gc] GC(742) Pause Young (Normal) (G1 Evacuation Pause) 184M->67M(214M) 1.257ms
[66.711s][info][gc] GC(743) Pause Young (Normal) (G1 Evacuation Pause) 185M->67M(214M) 1.246ms
[66.754s][info][gc] GC(744) Pause Young (Normal) (G1 Evacuation Pause) 185M->69M(214M) 1.210ms
[66.798s][info][gc] GC(745) Pause Young (Normal) (G1 Evacuation Pause) 187M->69M(214M) 1.327ms
[66.842s][info][gc] GC(746) Pause Young (Normal) (G1 Evacuation Pause) 188M->70M(214M) 1.232ms
[66.886s][info][gc] GC(747) Pause Young (Normal) (G1 Evacuation Pause) 188M->72M(214M) 1.360ms
[66.928s][info][gc] GC(748) Pause Young (Normal) (G1 Evacuation Pause) 190M->73M(214M) 1.202ms
[66.972s][info][gc] GC(749) Pause Young (Normal) (G1 Evacuation Pause) 191M->74M(214M) 1.236ms
[67.017s][info][gc] GC(750) Pause Young (Normal) (G1 Evacuation Pause) 191M->75M(214M) 1.235ms
[67.061s][info][gc] GC(751) Pause Young (Normal) (G1 Evacuation Pause) 191M->76M(214M) 1.227ms
[67.103s][info][gc] GC(752) Pause Young (Normal) (G1 Evacuation Pause) 191M->77M(214M) 1.318ms
[67.147s][info][gc] GC(753) Pause Young (Normal) (G1 Evacuation Pause) 192M->78M(214M) 1.302ms
[67.190s][info][gc] GC(754) Pause Young (Concurrent Start) (G1 Evacuation Pause) 191M->78M(214M) 1.175ms
[67.190s][info][gc] GC(755) Concurrent Mark Cycle
[67.202s][info][gc] GC(755) Pause Remark 105M->105M(214M) 0.405ms
[67.209s][info][gc] GC(755) Pause Cleanup 123M->123M(214M) 0.062ms
[67.209s][info][gc] GC(755) Concurrent Mark Cycle 19.303ms
[67.239s][info][gc] GC(756) Pause Young (Prepare Mixed) (G1 Evacuation Pause) 193M->80M(214M) 1.213ms
[67.276s][info][gc] GC(757) Pause Young (Mixed) (G1 Evacuation Pause) 191M->79M(214M) 1.300ms
[67.319s][info][gc] GC(758) Pause Young (Concurrent Start) (G1 Evacuation Pause) 192M->80M(214M) 1.314ms
[67.319s][info][gc] GC(759) Concurrent Mark Cycle
[67.332s][info][gc] GC(759) Pause Remark 109M->109M(214M) 0.375ms
[67.339s][info][gc] GC(759) Pause Cleanup 128M->128M(214M) 0.053ms
[67.340s][info][gc] GC(759) Concurrent Mark Cycle 20.786ms
[67.362s][info][gc] GC(760) Pause Young (Prepare Mixed) (G1 Evacuation Pause) 191M->80M(214M) 1.252ms
[67.405s][info][gc] GC(761) Pause Young (Mixed) (G1 Evacuation Pause) 192M->80M(214M) 1.198ms
[67.445s][info][gc] GC(762) Pause Young (Concurrent Start) (G1 Evacuation Pause) 192M->81M(214M) 1.194ms
[67.445s][info][gc] GC(763) Concurrent Mark Cycle
[67.457s][info][gc] GC(763) Pause Remark 114M->114M(214M) 0.384ms
[67.467s][info][gc] GC(763) Pause Cleanup 128M->128M(214M) 0.058ms
[67.468s][info][gc] GC(763) Concurrent Mark Cycle 22.533ms
[67.490s][info][gc] GC(764) Pause Young (Prepare Mixed) (G1 Evacuation Pause) 189M->83M(214M) 1.275ms
[67.531s][info][gc] GC(765) Pause Young (Mixed) (G1 Evacuation Pause) 191M->82M(247M) 1.384ms
[67.583s][info][gc] GC(766) Pause Young (Normal) (G1 Evacuation Pause) 221M->83M(247M) 1.220ms
[67.632s][info][gc] GC(767) Pause Young (Normal) (G1 Evacuation Pause) 221M->84M(247M) 1.420ms
[67.685s][info][gc] GC(768) Pause Young (Normal) (G1 Evacuation Pause) 221M->85M(247M) 1.449ms
[67.735s][info][gc] GC(769) Pause Young (Normal) (G1 Evacuation Pause) 221M->85M(247M) 1.511ms
[67.790s][info][gc] GC(770) Pause Young (Normal) (G1 Evacuation Pause) 223M->88M(247M) 1.319ms
[67.839s][info][gc] GC(771) Pause Young (Normal) (G1 Evacuation Pause) 220M->89M(247M) 1.405ms
[67.883s][info][gc] GC(772) Pause Young (Normal) (G1 Evacuation Pause) 220M->89M(247M) 1.367ms
[67.938s][info][gc] GC(773) Pause Young (Normal) (G1 Evacuation Pause) 221M->91M(247M) 1.322ms
[67.983s][info][gc] GC(774) Pause Young (Normal) (G1 Evacuation Pause) 222M->91M(247M) 1.395ms
[68.034s][info][gc] GC(775) Pause Young (Concurrent Start) (G1 Evacuation Pause) 223M->93M(247M) 1.495ms
[68.034s][info][gc] GC(776) Concurrent Mark Cycle
[68.051s][info][gc] GC(776) Pause Remark 135M->135M(247M) 0.457ms
[68.062s][info][gc] GC(776) Pause Cleanup 169M->169M(247M) 0.056ms
[68.062s][info][gc] GC(776) Concurrent Mark Cycle 28.681ms
[68.082s][info][gc] GC(777) Pause Young (Prepare Mixed) (G1 Evacuation Pause) 221M->94M(247M) 1.304ms
[68.131s][info][gc] GC(778) Pause Young (Mixed) (G1 Evacuation Pause) 221M->95M(247M) 1.404ms
[68.176s][info][gc] GC(779) Pause Young (Concurrent Start) (G1 Evacuation Pause) 222M->96M(247M) 1.411ms
[68.176s][info][gc] GC(780) Concurrent Mark Cycle
[68.192s][info][gc] GC(780) Pause Remark 130M->130M(247M) 0.384ms
[68.200s][info][gc] GC(780) Pause Cleanup 147M->147M(247M) 0.054ms
[68.201s][info][gc] GC(780) Concurrent Mark Cycle 24.320ms
[68.230s][info][gc] GC(781) Pause Young (Prepare Mixed) (G1 Evacuation Pause) 222M->97M(247M) 1.395ms
[68.274s][info][gc] GC(782) Pause Young (Mixed) (G1 Evacuation Pause) 221M->96M(247M) 1.268ms
[68.322s][info][gc] GC(783) Pause Young (Concurrent Start) (G1 Evacuation Pause) 223M->98M(247M) 1.202ms
[68.322s][info][gc] GC(784) Concurrent Mark Cycle
[68.344s][info][gc] GC(784) Pause Remark 164M->164M(247M) 0.412ms
[68.356s][info][gc] GC(784) Pause Cleanup 194M->194M(247M) 0.051ms
[68.357s][info][gc] GC(784) Concurrent Mark Cycle 34.732ms
[68.373s][info][gc] GC(785) Pause Young (Prepare Mixed) (G1 Evacuation Pause) 223M->100M(247M) 1.281ms
[68.414s][info][gc] GC(786) Pause Young (Mixed) (G1 Evacuation Pause) 222M->99M(247M) 1.345ms
[68.461s][info][gc] GC(787) Pause Young (Concurrent Start) (G1 Evacuation Pause) 223M->101M(247M) 1.420ms
[68.461s][info][gc] GC(788) Concurrent Mark Cycle
[68.479s][info][gc] GC(788) Pause Remark 149M->149M(247M) 0.396ms
[68.491s][info][gc] GC(788) Pause Cleanup 179M->179M(247M) 0.059ms
[68.492s][info][gc] GC(788) Concurrent Mark Cycle 31.016ms
[68.507s][info][gc] GC(789) Pause Young (Prepare Mixed) (G1 Evacuation Pause) 221M->102M(247M) 1.255ms
[68.552s][info][gc] GC(790) Pause Young (Mixed) (G1 Evacuation Pause) 221M->102M(305M) 1.388ms
[68.613s][info][gc] GC(791) Pause Young (Normal) (G1 Evacuation Pause) 275M->104M(305M) 1.424ms
[68.679s][info][gc] GC(792) Pause Young (Normal) (G1 Evacuation Pause) 275M->105M(305M) 1.394ms
[68.738s][info][gc] GC(793) Pause Young (Normal) (G1 Evacuation Pause) 275M->106M(305M) 1.399ms
[68.798s][info][gc] GC(794) Pause Young (Normal) (G1 Evacuation Pause) 275M->108M(305M) 1.573ms
[68.859s][info][gc] GC(795) Pause Young (Normal) (G1 Evacuation Pause) 274M->109M(305M) 1.529ms
[68.919s][info][gc] GC(796) Pause Young (Normal) (G1 Evacuation Pause) 274M->111M(305M) 1.523ms
[68.977s][info][gc] GC(797) Pause Young (Normal) (G1 Evacuation Pause) 275M->112M(305M) 1.478ms
[69.037s][info][gc] GC(798) Pause Young (Normal) (G1 Evacuation Pause) 273M->115M(305M) 1.506ms
[69.095s][info][gc] GC(799) Pause Young (Normal) (G1 Evacuation Pause) 273M->115M(305M) 1.616ms
[69.151s][info][gc] GC(800) Pause Young (Concurrent Start) (G1 Evacuation Pause) 276M->117M(305M) 1.390ms
[69.151s][info][gc] GC(801) Concurrent Mark Cycle
[69.171s][info][gc] GC(801) Pause Remark 176M->176M(305M) 0.396ms
[69.186s][info][gc] GC(801) Pause Cleanup 200M->200M(305M) 0.059ms
[69.186s][info][gc] GC(801) Concurrent Mark Cycle 35.133ms
[69.213s][info][gc] GC(802) Pause Young (Prepare Mixed) (G1 Evacuation Pause) 274M->118M(305M) 1.675ms
[69.267s][info][gc] GC(803) Pause Young (Mixed) (G1 Evacuation Pause) 273M->118M(305M) 1.462ms
[69.327s][info][gc] GC(804) Pause Young (Concurrent Start) (G1 Evacuation Pause) 275M->121M(305M) 1.427ms
[69.327s][info][gc] GC(805) Concurrent Mark Cycle
[69.346s][info][gc] GC(805) Pause Remark 171M->171M(305M) 0.371ms
[69.361s][info][gc] GC(805) Pause Cleanup 209M->209M(305M) 0.051ms
[69.361s][info][gc] GC(805) Concurrent Mark Cycle 34.823ms
[69.387s][info][gc] GC(806) Pause Young (Prepare Mixed) (G1 Evacuation Pause) 274M->121M(305M) 1.544ms
[69.443s][info][gc] GC(807) Pause Young (Mixed) (G1 Evacuation Pause) 276M->123M(305M) 1.440ms
[69.499s][info][gc] GC(808) Pause Young (Concurrent Start) (G1 Evacuation Pause) 274M->123M(305M) 1.550ms
[69.499s][info][gc] GC(809) Concurrent Mark Cycle
[69.523s][info][gc] GC(809) Pause Remark 187M->187M(305M) 0.400ms
[69.540s][info][gc] GC(809) Pause Cleanup 233M->233M(305M) 0.066ms
[69.540s][info][gc] GC(809) Concurrent Mark Cycle 41.156ms
[69.558s][info][gc] GC(810) Pause Young (Prepare Mixed) (G1 Evacuation Pause) 275M->125M(305M) 1.441ms
[69.611s][info][gc] GC(811) Pause Young (Mixed) (G1 Evacuation Pause) 275M->126M(305M) 1.548ms
[69.664s][info][gc] GC(812) Pause Young (Concurrent Start) (G1 Evacuation Pause) 275M->128M(305M) 1.507ms
[69.664s][info][gc] GC(813) Concurrent Mark Cycle
[69.688s][info][gc] GC(813) Pause Remark 187M->187M(305M) 0.395ms
[69.704s][info][gc] GC(813) Pause Cleanup 226M->226M(305M) 0.051ms
[69.704s][info][gc] GC(813) Concurrent Mark Cycle 40.474ms
[69.720s][info][gc] GC(814) Pause Young (Prepare Mixed) (G1 Evacuation Pause) 274M->128M(305M) 1.440ms
[69.774s][info][gc] GC(815) Pause Young (Mixed) (G1 Evacuation Pause) 277M->129M(354M) 1.438ms
[69.843s][info][gc] GC(816) Pause Young (Normal) (G1 Evacuation Pause) 320M->131M(354M) 1.446ms
[69.913s][info][gc] GC(817) Pause Young (Normal) (G1 Evacuation Pause) 318M->133M(354M) 1.520ms
[69.975s][info][gc] GC(818) Pause Young (Normal) (G1 Evacuation Pause) 318M->134M(354M) 1.585ms
[70.046s][info][gc] GC(819) Pause Young (Concurrent Start) (G1 Evacuation Pause) 319M->135M(354M) 1.536ms
[70.046s][info][gc] GC(820) Concurrent Mark Cycle
[70.069s][info][gc] GC(820) Pause Remark 182M->182M(354M) 0.389ms
[70.086s][info][gc] GC(820) Pause Cleanup 208M->208M(354M) 0.052ms
[70.086s][info][gc] GC(820) Concurrent Mark Cycle 40.607ms
[70.184s][info][gc] GC(821) Pause Young (Prepare Mixed) (G1 Evacuation Pause) 320M->134M(354M) 1.334ms
[70.426s][info][gc] GC(822) Pause Young (Mixed) (G1 Evacuation Pause) 322M->139M(354M) 1.622ms
[70.512s][info][gc] GC(823) Pause Young (Concurrent Start) (G1 Evacuation Pause) 317M->141M(354M) 1.866ms
[70.512s][info][gc] GC(824) Concurrent Mark Cycle
[70.518s][info][gc] GC(824) Pause Remark 155M->86M(244M) 0.403ms
[70.520s][info][gc] GC(824) Pause Cleanup 90M->90M(244M) 0.054ms
[70.520s][info][gc] GC(824) Concurrent Mark Cycle 8.602ms
[70.595s][info][gc] GC(825) Pause Young (Prepare Mixed) (G1 Evacuation Pause) 243M->73M(261M) 1.823ms
[70.666s][info][gc] GC(826) Pause Young (Mixed) (G1 Evacuation Pause) 214M->63M(261M) 1.691ms
[70.734s][info][gc] GC(827) Pause Young (Normal) (G1 Evacuation Pause) 207M->65M(261M) 1.354ms
[70.807s][info][gc] GC(828) Pause Young (Normal) (G1 Evacuation Pause) 209M->66M(261M) 1.327ms
[70.876s][info][gc] GC(829) Pause Young (Normal) (G1 Evacuation Pause) 212M->67M(261M) 1.277ms
[70.946s][info][gc] GC(830) Pause Young (Normal) (G1 Evacuation Pause) 212M->68M(261M) 1.388ms
[71.016s][info][gc] GC(831) Pause Young (Normal) (G1 Evacuation Pause) 212M->69M(261M) 1.440ms
[71.087s][info][gc] GC(832) Pause Young (Normal) (G1 Evacuation Pause) 213M->70M(261M) 1.358ms
[71.153s][info][gc] GC(833) Pause Young (Normal) (G1 Evacuation Pause) 215M->70M(261M) 1.324ms
[71.221s][info][gc] GC(834) Pause Young (Normal) (G1 Evacuation Pause) 216M->72M(261M) 1.295ms
[71.291s][info][gc] GC(835) Pause Young (Normal) (G1 Evacuation Pause) 216M->74M(261M) 1.387ms
[71.362s][info][gc] GC(836) Pause Young (Normal) (G1 Evacuation Pause) 217M->76M(261M) 1.347ms
[71.432s][info][gc] GC(837) Pause Young (Normal) (G1 Evacuation Pause) 220M->76M(261M) 1.287ms
[71.499s][info][gc] GC(838) Pause Young (Normal) (G1 Evacuation Pause) 219M->78M(261M) 1.321ms
[71.568s][info][gc] GC(839) Pause Young (Normal) (G1 Evacuation Pause) 222M->78M(261M) 1.286ms
[71.638s][info][gc] GC(840) Pause Young (Normal) (G1 Evacuation Pause) 223M->81M(261M) 1.356ms
[71.710s][info][gc] GC(841) Pause Young (Normal) (G1 Evacuation Pause) 225M->82M(261M) 1.340ms
[71.779s][info][gc] GC(842) Pause Young (Normal) (G1 Evacuation Pause) 226M->82M(261M) 1.378ms
[71.848s][info][gc] GC(843) Pause Young (Normal) (G1 Evacuation Pause) 227M->83M(261M) 1.253ms
[71.915s][info][gc] GC(844) Pause Young (Normal) (G1 Evacuation Pause) 227M->84M(261M) 1.353ms
[71.989s][info][gc] GC(845) Pause Young (Normal) (G1 Evacuation Pause) 228M->87M(261M) 1.423ms
[72.060s][info][gc] GC(846) Pause Young (Normal) (G1 Evacuation Pause) 230M->87M(261M) 1.384ms
[72.133s][info][gc] GC(847) Pause Young (Normal) (G1 Evacuation Pause) 231M->89M(261M) 1.328ms
[72.201s][info][gc] GC(848) Pause Young (Normal) (G1 Evacuation Pause) 233M->90M(261M) 1.217ms
[72.272s][info][gc] GC(849) Pause Young (Normal) (G1 Evacuation Pause) 235M->92M(261M) 1.278ms
[72.535s][info][gc] GC(850) Pause Young (Normal) (G1 Evacuation Pause) 233M->94M(261M) 1.397ms
[72.595s][info][gc] GC(851) Pause Young (Normal) (G1 Evacuation Pause) 233M->94M(261M) 1.470ms
[72.665s][info][gc] GC(852) Pause Young (Normal) (G1 Evacuation Pause) 235M->96M(261M) 1.399ms
[72.731s][info][gc] GC(853) Pause Young (Normal) (G1 Evacuation Pause) 235M->97M(261M) 1.293ms
[72.798s][info][gc] GC(854) Pause Young (Normal) (G1 Evacuation Pause) 235M->98M(261M) 1.451ms
[72.867s][info][gc] GC(855) Pause Young (Concurrent Start) (G1 Evacuation Pause) 235M->99M(261M) 1.490ms
[72.867s][info][gc] GC(856) Concurrent Mark Cycle
[72.873s][info][gc] GC(856) Pause Remark 113M->70M(190M) 0.416ms
[72.875s][info][gc] GC(856) Pause Cleanup 75M->75M(190M) 0.052ms
[72.875s][info][gc] GC(856) Concurrent Mark Cycle 8.493ms
[72.932s][info][gc] GC(857) Pause Young (Prepare Mixed) (G1 Evacuation Pause) 189M->57M(203M) 1.491ms
[72.982s][info][gc] GC(858) Pause Young (Mixed) (G1 Evacuation Pause) 168M->53M(203M) 1.302ms
[73.039s][info][gc] GC(859) Pause Young (Normal) (G1 Evacuation Pause) 164M->54M(203M) 1.181ms
[73.093s][info][gc] GC(860) Pause Young (Normal) (G1 Evacuation Pause) 165M->55M(203M) 1.116ms
[73.141s][info][gc] GC(861) Pause Young (Normal) (G1 Evacuation Pause) 166M->55M(203M) 1.058ms
[73.198s][info][gc] GC(862) Pause Young (Normal) (G1 Evacuation Pause) 166M->56M(203M) 1.245ms
[73.252s][info][gc] GC(863) Pause Young (Normal) (G1 Evacuation Pause) 167M->57M(203M) 1.112ms
[73.303s][info][gc] GC(864) Pause Young (Normal) (G1 Evacuation Pause) 169M->58M(203M) 1.130ms
[73.359s][info][gc] GC(865) Pause Young (Normal) (G1 Evacuation Pause) 170M->60M(203M) 1.176ms
[73.413s][info][gc] GC(866) Pause Young (Normal) (G1 Evacuation Pause) 170M->60M(203M) 1.192ms
[73.468s][info][gc] GC(867) Pause Young (Normal) (G1 Evacuation Pause) 171M->62M(203M) 1.074ms
[73.518s][info][gc] GC(868) Pause Young (Normal) (G1 Evacuation Pause) 173M->62M(203M) 1.076ms
[73.575s][info][gc] GC(869) Pause Young (Normal) (G1 Evacuation Pause) 173M->63M(203M) 1.199ms
[73.629s][info][gc] GC(870) Pause Young (Normal) (G1 Evacuation Pause) 175M->64M(203M) 1.172ms
[73.679s][info][gc] GC(871) Pause Young (Normal) (G1 Evacuation Pause) 175M->66M(203M) 1.254ms
[73.735s][info][gc] GC(872) Pause Young (Normal) (G1 Evacuation Pause) 177M->67M(203M) 1.130ms
[73.791s][info][gc] GC(873) Pause Young (Normal) (G1 Evacuation Pause) 178M->67M(203M) 1.129ms
[73.839s][info][gc] GC(874) Pause Young (Normal) (G1 Evacuation Pause) 178M->68M(203M) 1.098ms
[73.895s][info][gc] GC(875) Pause Young (Normal) (G1 Evacuation Pause) 180M->69M(203M) 1.205ms
[73.950s][info][gc] GC(876) Pause Young (Normal) (G1 Evacuation Pause) 179M->70M(203M) 1.171ms
[73.997s][info][gc] GC(877) Pause Young (Normal) (G1 Evacuation Pause) 180M->71M(203M) 1.095ms
[74.053s][info][gc] GC(878) Pause Young (Normal) (G1 Evacuation Pause) 183M->72M(203M) 1.131ms
[74.109s][info][gc] GC(879) Pause Young (Normal) (G1 Evacuation Pause) 180M->73M(203M) 1.182ms
[74.152s][info][gc] GC(880) Pause Young (Normal) (G1 Evacuation Pause) 180M->73M(203M) 1.004ms
[74.210s][info][gc] GC(881) Pause Young (Normal) (G1 Evacuation Pause) 182M->75M(203M) 1.089ms
[74.261s][info][gc] GC(882) Pause Young (Normal) (G1 Evacuation Pause) 180M->75M(203M) 1.064ms
[74.306s][info][gc] GC(883) Pause Young (Concurrent Start) (G1 Evacuation Pause) 182M->76M(203M) 1.121ms
[74.306s][info][gc] GC(884) Concurrent Mark Cycle
[74.314s][info][gc] GC(884) Pause Remark 89M->88M(203M) 0.449ms
[74.320s][info][gc] GC(884) Pause Cleanup 98M->98M(203M) 0.053ms
[74.321s][info][gc] GC(884) Concurrent Mark Cycle 14.441ms
[74.364s][info][gc] GC(885) Pause Young (Prepare Mixed) (G1 Evacuation Pause) 181M->77M(203M) 1.146ms
[74.415s][info][gc] GC(886) Pause Young (Mixed) (G1 Evacuation Pause) 180M->75M(203M) 1.186ms
[74.462s][info][gc] GC(887) Pause Young (Concurrent Start) (G1 Evacuation Pause) 181M->76M(203M) 1.081ms
[74.462s][info][gc] GC(888) Concurrent Mark Cycle
[74.470s][info][gc] GC(888) Pause Remark 91M->91M(203M) 0.399ms
[74.477s][info][gc] GC(888) Pause Cleanup 96M->96M(203M) 0.058ms
[74.477s][info][gc] GC(888) Concurrent Mark Cycle 15.088ms
[74.719s][info][gc] GC(889) Pause Young (Prepare Mixed) (G1 Evacuation Pause) 182M->77M(203M) 1.174ms
[74.765s][info][gc] GC(890) Pause Young (Mixed) (G1 Evacuation Pause) 180M->77M(203M) 1.353ms
[74.820s][info][gc] GC(891) Pause Young (Concurrent Start) (G1 Evacuation Pause) 180M->78M(203M) 1.262ms
[74.820s][info][gc] GC(892) Concurrent Mark Cycle
[74.829s][info][gc] GC(892) Pause Remark 97M->70M(174M) 0.414ms
[74.831s][info][gc] GC(892) Pause Cleanup 77M->77M(174M) 0.061ms
[74.831s][info][gc] GC(892) Concurrent Mark Cycle 11.112ms
[74.877s][info][gc] GC(893) Pause Young (Prepare Mixed) (G1 Evacuation Pause) 155M->52M(174M) 1.462ms
[74.919s][info][gc] GC(894) Pause Young (Mixed) (G1 Evacuation Pause) 147M->50M(174M) 1.255ms
[74.969s][info][gc] GC(895) Pause Young (Normal) (G1 Evacuation Pause) 147M->51M(174M) 1.110ms
[75.010s][info][gc] GC(896) Pause Young (Normal) (G1 Evacuation Pause) 147M->51M(174M) 0.951ms
[75.063s][info][gc] GC(897) Pause Young (Normal) (G1 Evacuation Pause) 147M->52M(174M) 1.009ms
[75.111s][info][gc] GC(898) Pause Young (Normal) (G1 Evacuation Pause) 148M->54M(174M) 0.982ms
[75.153s][info][gc] GC(899) Pause Young (Normal) (G1 Evacuation Pause) 150M->54M(174M) 1.030ms
[75.201s][info][gc] GC(900) Pause Young (Normal) (G1 Evacuation Pause) 150M->55M(174M) 1.033ms
[75.243s][info][gc] GC(901) Pause Young (Normal) (G1 Evacuation Pause) 151M->55M(174M) 0.975ms
[75.295s][info][gc] GC(902) Pause Young (Normal) (G1 Evacuation Pause) 152M->56M(174M) 1.080ms
[75.345s][info][gc] GC(903) Pause Young (Normal) (G1 Evacuation Pause) 151M->57M(174M) 1.152ms
[75.387s][info][gc] GC(904) Pause Young (Normal) (G1 Evacuation Pause) 153M->58M(174M) 1.058ms
[75.436s][info][gc] GC(905) Pause Young (Normal) (G1 Evacuation Pause) 154M->58M(174M) 1.039ms
[75.477s][info][gc] GC(906) Pause Young (Normal) (G1 Evacuation Pause) 153M->59M(174M) 1.053ms
[75.527s][info][gc] GC(907) Pause Young (Normal) (G1 Evacuation Pause) 154M->61M(174M) 0.995ms
[75.573s][info][gc] GC(908) Pause Young (Normal) (G1 Evacuation Pause) 155M->61M(174M) 1.024ms
[75.617s][info][gc] GC(909) Pause Young (Normal) (G1 Evacuation Pause) 156M->62M(174M) 0.990ms
[75.662s][info][gc] GC(910) Pause Young (Normal) (G1 Evacuation Pause) 155M->63M(174M) 1.080ms
[75.705s][info][gc] GC(911) Pause Young (Normal) (G1 Evacuation Pause) 154M->64M(174M) 1.018ms
[75.751s][info][gc] GC(912) Pause Young (Concurrent Start) (G1 Evacuation Pause) 154M->65M(174M) 1.112ms
[75.752s][info][gc] GC(913) Concurrent Mark Cycle
[75.762s][info][gc] GC(913) Pause Remark 91M->88M(174M) 0.430ms
[75.769s][info][gc] GC(913) Pause Cleanup 99M->99M(174M) 0.046ms
[75.769s][info][gc] GC(913) Concurrent Mark Cycle 17.453ms
[75.792s][info][gc] GC(914) Pause Young (Prepare Mixed) (G1 Evacuation Pause) 152M->62M(174M) 0.967ms
[75.844s][info][gc] GC(915) Pause Young (Mixed) (G1 Evacuation Pause) 154M->62M(174M) 1.153ms
[75.890s][info][gc] GC(916) Pause Young (Normal) (G1 Evacuation Pause) 154M->62M(174M) 1.075ms
[75.934s][info][gc] GC(917) Pause Young (Normal) (G1 Evacuation Pause) 156M->63M(174M) 1.092ms
[75.982s][info][gc] GC(918) Pause Young (Normal) (G1 Evacuation Pause) 155M->64M(174M) 1.175ms
[76.023s][info][gc] GC(919) Pause Young (Normal) (G1 Evacuation Pause) 155M->64M(174M) 1.062ms
[76.069s][info][gc] GC(920) Pause Young (Concurrent Start) (G1 Evacuation Pause) 154M->65M(174M) 1.150ms
[76.069s][info][gc] GC(921) Concurrent Mark Cycle
[76.079s][info][gc] GC(921) Pause Remark 84M->84M(174M) 0.414ms
[76.086s][info][gc] GC(921) Pause Cleanup 98M->98M(174M) 0.060ms
[76.086s][info][gc] GC(921) Concurrent Mark Cycle 17.379ms
[76.112s][info][gc] GC(922) Pause Young (Prepare Mixed) (G1 Evacuation Pause) 154M->66M(174M) 1.061ms
[76.161s][info][gc] GC(923) Pause Young (Mixed) (G1 Evacuation Pause) 155M->65M(174M) 1.380ms
[76.204s][info][gc] GC(924) Pause Young (Concurrent Start) (G1 Evacuation Pause) 155M->66M(174M) 1.083ms
[76.204s][info][gc] GC(925) Concurrent Mark Cycle
[76.214s][info][gc] GC(925) Pause Remark 76M->76M(174M) 0.411ms
[76.220s][info][gc] GC(925) Pause Cleanup 83M->83M(174M) 0.058ms
[76.221s][info][gc] GC(925) Concurrent Mark Cycle 16.339ms
[76.254s][info][gc] GC(926) Pause Young (Prepare Mixed) (G1 Evacuation Pause) 155M->67M(174M) 1.038ms
[76.305s][info][gc] GC(927) Pause Young (Mixed) (G1 Evacuation Pause) 155M->66M(208M) 1.226ms
[76.358s][info][gc] GC(928) Pause Young (Normal) (G1 Evacuation Pause) 182M->67M(208M) 1.105ms
[76.419s][info][gc] GC(929) Pause Young (Normal) (G1 Evacuation Pause) 183M->67M(208M) 1.209ms
[76.478s][info][gc] GC(930) Pause Young (Normal) (G1 Evacuation Pause) 182M->69M(208M) 1.131ms
[76.529s][info][gc] GC(931) Pause Young (Normal) (G1 Evacuation Pause) 183M->69M(208M) 1.176ms
[76.588s][info][gc] GC(932) Pause Young (Normal) (G1 Evacuation Pause) 184M->71M(208M) 1.241ms
[76.643s][info][gc] GC(933) Pause Young (Normal) (G1 Evacuation Pause) 184M->71M(208M) 1.416ms
[76.820s][info][gc] GC(934) Pause Young (Normal) (G1 Evacuation Pause) 186M->71M(208M) 0.927ms
[76.950s][info][gc] GC(935) Pause Young (Normal) (G1 Evacuation Pause) 187M->78M(208M) 1.619ms
[76.986s][info][gc] GC(936) Pause Young (Normal) (G1 Evacuation Pause) 181M->79M(208M) 1.563ms
[77.029s][info][gc] GC(937) Pause Young (Concurrent Start) (G1 Evacuation Pause) 187M->80M(208M) 1.404ms
[77.029s][info][gc] GC(938) Concurrent Mark Cycle
[77.035s][info][gc] GC(938) Pause Remark 94M->68M(184M) 0.395ms
[77.039s][info][gc] GC(938) Pause Cleanup 75M->75M(184M) 0.061ms
[77.039s][info][gc] GC(938) Concurrent Mark Cycle 10.323ms
[77.069s][info][gc] GC(939) Pause Young (Prepare Mixed) (G1 Evacuation Pause) 164M->55M(184M) 1.068ms
[77.107s][info][gc] GC(940) Pause Young (Mixed) (G1 Evacuation Pause) 158M->50M(184M) 0.978ms
[77.144s][info][gc] GC(941) Pause Young (Normal) (G1 Evacuation Pause) 153M->51M(184M) 1.088ms
[77.176s][info][gc] GC(942) Pause Young (Normal) (G1 Evacuation Pause) 152M->51M(184M) 1.102ms
[77.218s][info][gc] GC(943) Pause Young (Normal) (G1 Evacuation Pause) 153M->52M(218M) 1.189ms
[77.259s][info][gc] GC(944) Pause Young (Normal) (G1 Evacuation Pause) 173M->54M(218M) 1.257ms
[77.308s][info][gc] GC(945) Pause Young (Normal) (G1 Evacuation Pause) 173M->56M(218M) 1.273ms
[77.346s][info][gc] GC(946) Pause Young (Normal) (G1 Evacuation Pause) 175M->56M(218M) 1.212ms
[77.393s][info][gc] GC(947) Pause Young (Normal) (G1 Evacuation Pause) 176M->57M(218M) 1.203ms
[77.434s][info][gc] GC(948) Pause Young (Normal) (G1 Evacuation Pause) 176M->57M(218M) 1.213ms
[77.479s][info][gc] GC(949) Pause Young (Normal) (G1 Evacuation Pause) 177M->59M(218M) 1.250ms
[77.521s][info][gc] GC(950) Pause Young (Normal) (G1 Evacuation Pause) 178M->60M(218M) 1.202ms
[77.566s][info][gc] GC(951) Pause Young (Normal) (G1 Evacuation Pause) 180M->61M(218M) 1.325ms
[77.608s][info][gc] GC(952) Pause Young (Normal) (G1 Evacuation Pause) 181M->62M(218M) 1.222ms
[77.653s][info][gc] GC(953) Pause Young (Normal) (G1 Evacuation Pause) 182M->62M(218M) 1.231ms
[77.697s][info][gc] GC(954) Pause Young (Normal) (G1 Evacuation Pause) 183M->64M(218M) 1.276ms
[77.740s][info][gc] GC(955) Pause Young (Normal) (G1 Evacuation Pause) 183M->65M(218M) 1.194ms
[77.784s][info][gc] GC(956) Pause Young (Normal) (G1 Evacuation Pause) 184M->65M(218M) 1.223ms
[77.827s][info][gc] GC(957) Pause Young (Normal) (G1 Evacuation Pause) 185M->67M(218M) 1.234ms
[77.869s][info][gc] GC(958) Pause Young (Normal) (G1 Evacuation Pause) 186M->68M(218M) 1.241ms
[77.913s][info][gc] GC(959) Pause Young (Normal) (G1 Evacuation Pause) 188M->69M(218M) 1.200ms
[77.955s][info][gc] GC(960) Pause Young (Normal) (G1 Evacuation Pause) 189M->70M(218M) 1.227ms
[78.002s][info][gc] GC(961) Pause Young (Normal) (G1 Evacuation Pause) 190M->71M(218M) 1.217ms
[78.043s][info][gc] GC(962) Pause Young (Normal) (G1 Evacuation Pause) 190M->72M(218M) 1.225ms
[78.088s][info][gc] GC(963) Pause Young (Normal) (G1 Evacuation Pause) 192M->73M(218M) 1.243ms
[78.128s][info][gc] GC(964) Pause Young (Normal) (G1 Evacuation Pause) 193M->74M(218M) 1.274ms
[78.174s][info][gc] GC(965) Pause Young (Normal) (G1 Evacuation Pause) 194M->75M(218M) 1.260ms
[78.215s][info][gc] GC(966) Pause Young (Normal) (G1 Evacuation Pause) 193M->76M(218M) 1.304ms
[78.257s][info][gc] GC(967) Pause Young (Normal) (G1 Evacuation Pause) 192M->77M(218M) 1.250ms
[78.300s][info][gc] GC(968) Pause Young (Normal) (G1 Evacuation Pause) 195M->78M(218M) 1.244ms
[78.342s][info][gc] GC(969) Pause Young (Normal) (G1 Evacuation Pause) 194M->79M(218M) 1.212ms
[78.385s][info][gc] GC(970) Pause Young (Concurrent Start) (G1 Evacuation Pause) 193M->80M(218M) 1.229ms
[78.385s][info][gc] GC(971) Concurrent Mark Cycle
[78.396s][info][gc] GC(971) Pause Remark 112M->112M(218M) 0.449ms
[78.403s][info][gc] GC(971) Pause Cleanup 129M->129M(218M) 0.052ms
[78.404s][info][gc] GC(971) Concurrent Mark Cycle 18.282ms
[78.430s][info][gc] GC(972) Pause Young (Prepare Mixed) (G1 Evacuation Pause) 194M->81M(218M) 1.326ms
[78.473s][info][gc] GC(973) Pause Young (Mixed) (G1 Evacuation Pause) 196M->80M(218M) 1.218ms
[78.512s][info][gc] GC(974) Pause Young (Concurrent Start) (G1 Evacuation Pause) 195M->81M(218M) 1.240ms
[78.512s][info][gc] GC(975) Concurrent Mark Cycle
[78.525s][info][gc] GC(975) Pause Remark 111M->111M(218M) 0.385ms
[78.532s][info][gc] GC(975) Pause Cleanup 128M->128M(218M) 0.062ms
[78.533s][info][gc] GC(975) Concurrent Mark Cycle 20.395ms
[78.561s][info][gc] GC(976) Pause Young (Prepare Mixed) (G1 Evacuation Pause) 195M->82M(218M) 1.375ms
[78.598s][info][gc] GC(977) Pause Young (Mixed) (G1 Evacuation Pause) 195M->81M(218M) 1.330ms
[78.640s][info][gc] GC(978) Pause Young (Concurrent Start) (G1 Evacuation Pause) 195M->82M(218M) 1.156ms
[78.640s][info][gc] GC(979) Concurrent Mark Cycle
[78.652s][info][gc] GC(979) Pause Remark 107M->107M(218M) 0.377ms
[78.660s][info][gc] GC(979) Pause Cleanup 129M->129M(218M) 0.049ms
[78.660s][info][gc] GC(979) Concurrent Mark Cycle 20.345ms
[78.684s][info][gc] GC(980) Pause Young (Prepare Mixed) (G1 Evacuation Pause) 194M->84M(218M) 1.212ms
[78.725s][info][gc] GC(981) Pause Young (Mixed) (G1 Evacuation Pause) 195M->83M(251M) 1.361ms
[78.774s][info][gc] GC(982) Pause Young (Normal) (G1 Evacuation Pause) 224M->84M(251M) 1.263ms
[78.828s][info][gc] GC(983) Pause Young (Normal) (G1 Evacuation Pause) 224M->85M(251M) 1.372ms
[78.873s][info][gc] GC(984) Pause Young (Normal) (G1 Evacuation Pause) 224M->86M(251M) 1.325ms
[78.928s][info][gc] GC(985) Pause Young (Normal) (G1 Evacuation Pause) 225M->87M(251M) 1.372ms
[78.981s][info][gc] GC(986) Pause Young (Normal) (G1 Evacuation Pause) 225M->90M(251M) 1.411ms
[79.028s][info][gc] GC(987) Pause Young (Normal) (G1 Evacuation Pause) 223M->90M(251M) 1.365ms
[79.075s][info][gc] GC(988) Pause Young (Normal) (G1 Evacuation Pause) 225M->91M(251M) 1.302ms
[79.126s][info][gc] GC(989) Pause Young (Normal) (G1 Evacuation Pause) 225M->93M(251M) 1.480ms
[79.174s][info][gc] GC(990) Pause Young (Normal) (G1 Evacuation Pause) 223M->94M(251M) 1.337ms
[79.219s][info][gc] GC(991) Pause Young (Concurrent Start) (G1 Evacuation Pause) 225M->94M(251M) 1.288ms
[79.219s][info][gc] GC(992) Concurrent Mark Cycle
[79.239s][info][gc] GC(992) Pause Remark 145M->145M(251M) 0.399ms
[79.249s][info][gc] GC(992) Pause Cleanup 158M->158M(251M) 0.066ms
[79.249s][info][gc] GC(992) Concurrent Mark Cycle 30.782ms
[79.270s][info][gc] GC(993) Pause Young (Prepare Mixed) (G1 Evacuation Pause) 224M->96M(251M) 1.328ms
[79.317s][info][gc] GC(994) Pause Young (Mixed) (G1 Evacuation Pause) 225M->97M(251M) 1.452ms
[79.366s][info][gc] GC(995) Pause Young (Concurrent Start) (G1 Evacuation Pause) 225M->97M(251M) 1.337ms
[79.366s][info][gc] GC(996) Concurrent Mark Cycle
[79.382s][info][gc] GC(996) Pause Remark 133M->133M(251M) 0.452ms
[79.395s][info][gc] GC(996) Pause Cleanup 172M->172M(251M) 0.051ms
[79.395s][info][gc] GC(996) Concurrent Mark Cycle 28.863ms
[79.416s][info][gc] GC(997) Pause Young (Prepare Mixed) (G1 Evacuation Pause) 224M->98M(251M) 1.247ms
[79.463s][info][gc] GC(998) Pause Young (Mixed) (G1 Evacuation Pause) 226M->99M(251M) 1.507ms
[79.508s][info][gc] GC(999) Pause Young (Concurrent Start) (G1 Evacuation Pause) 224M->99M(251M) 1.338ms
[79.508s][info][gc] GC(1000) Concurrent Mark Cycle
[79.525s][info][gc] GC(1000) Pause Remark 146M->146M(251M) 0.375ms
[79.536s][info][gc] GC(1000) Pause Cleanup 174M->174M(251M) 0.051ms
[79.537s][info][gc] GC(1000) Concurrent Mark Cycle 28.304ms
[79.556s][info][gc] GC(1001) Pause Young (Prepare Mixed) (G1 Evacuation Pause) 225M->100M(251M) 1.282ms
[79.604s][info][gc] GC(1002) Pause Young (Mixed) (G1 Evacuation Pause) 225M->101M(251M) 1.474ms
[79.645s][info][gc] GC(1003) Pause Young (Concurrent Start) (G1 Evacuation Pause) 224M->103M(251M) 1.466ms
[79.645s][info][gc] GC(1004) Concurrent Mark Cycle
[79.661s][info][gc] GC(1004) Pause Remark 144M->144M(251M) 0.412ms
[79.672s][info][gc] GC(1004) Pause Cleanup 168M->168M(251M) 0.049ms
[79.672s][info][gc] GC(1004) Concurrent Mark Cycle 27.247ms
[79.696s][info][gc] GC(1005) Pause Young (Prepare Mixed) (G1 Evacuation Pause) 226M->103M(251M) 1.298ms
[79.737s][info][gc] GC(1006) Pause Young (Mixed) (G1 Evacuation Pause) 224M->104M(295M) 1.291ms
[79.798s][info][gc] GC(1007) Pause Young (Normal) (G1 Evacuation Pause) 267M->105M(295M) 1.416ms
[79.859s][info][gc] GC(1008) Pause Young (Normal) (G1 Evacuation Pause) 267M->107M(295M) 1.442ms
[79.914s][info][gc] GC(1009) Pause Young (Normal) (G1 Evacuation Pause) 263M->108M(295M) 1.496ms
[79.975s][info][gc] GC(1010) Pause Young (Normal) (G1 Evacuation Pause) 266M->109M(295M) 1.435ms
[80.031s][info][gc] GC(1011) Pause Young (Normal) (G1 Evacuation Pause) 265M->111M(295M) 1.456ms
[80.085s][info][gc] GC(1012) Pause Young (Concurrent Start) (G1 Evacuation Pause) 265M->112M(295M) 1.470ms
[80.085s][info][gc] GC(1013) Concurrent Mark Cycle
[80.104s][info][gc] GC(1013) Pause Remark 160M->160M(295M) 0.409ms
[80.116s][info][gc] GC(1013) Pause Cleanup 191M->191M(295M) 0.060ms
[80.117s][info][gc] GC(1013) Concurrent Mark Cycle 31.904ms
[80.141s][info][gc] GC(1014) Pause Young (Prepare Mixed) (G1 Evacuation Pause) 266M->113M(295M) 1.333ms
[80.199s][info][gc] GC(1015) Pause Young (Mixed) (G1 Evacuation Pause) 266M->115M(295M) 1.535ms
[80.249s][info][gc] GC(1016) Pause Young (Concurrent Start) (G1 Evacuation Pause) 264M->116M(295M) 1.569ms
[80.249s][info][gc] GC(1017) Concurrent Mark Cycle
[80.267s][info][gc] GC(1017) Pause Remark 162M->162M(295M) 0.390ms
[80.281s][info][gc] GC(1017) Pause Cleanup 185M->185M(295M) 0.066ms
[80.281s][info][gc] GC(1017) Concurrent Mark Cycle 32.487ms
[80.307s][info][gc] GC(1018) Pause Young (Prepare Mixed) (G1 Evacuation Pause) 266M->117M(295M) 1.358ms
[80.362s][info][gc] GC(1019) Pause Young (Mixed) (G1 Evacuation Pause) 265M->117M(295M) 1.507ms
[80.419s][info][gc] GC(1020) Pause Young (Concurrent Start) (G1 Evacuation Pause) 266M->120M(295M) 1.480ms
[80.419s][info][gc] GC(1021) Concurrent Mark Cycle
[80.446s][info][gc] GC(1021) Pause Remark 197M->197M(295M) 0.444ms
[80.457s][info][gc] GC(1021) Pause Cleanup 217M->217M(295M) 0.052ms
[80.457s][info][gc] GC(1021) Concurrent Mark Cycle 37.594ms
[80.474s][info][gc] GC(1022) Pause Young (Prepare Mixed) (G1 Evacuation Pause) 264M->121M(295M) 1.430ms
[80.527s][info][gc] GC(1023) Pause Young (Mixed) (G1 Evacuation Pause) 266M->122M(295M) 1.481ms
[80.579s][info][gc] GC(1024) Pause Young (Concurrent Start) (G1 Evacuation Pause) 265M->123M(295M) 1.463ms
[80.579s][info][gc] GC(1025) Concurrent Mark Cycle
[80.601s][info][gc] GC(1025) Pause Remark 173M->173M(295M) 0.390ms
[80.618s][info][gc] GC(1025) Pause Cleanup 221M->221M(295M) 0.051ms
[80.619s][info][gc] GC(1025) Concurrent Mark Cycle 39.211ms
[80.637s][info][gc] GC(1026) Pause Young (Prepare Mixed) (G1 Evacuation Pause) 266M->124M(295M) 1.462ms
[80.688s][info][gc] GC(1027) Pause Young (Mixed) (G1 Evacuation Pause) 265M->125M(337M) 1.496ms
[80.751s][info][gc] GC(1028) Pause Young (Normal) (G1 Evacuation Pause) 305M->126M(337M) 1.474ms
[80.816s][info][gc] GC(1029) Pause Young (Normal) (G1 Evacuation Pause) 304M->128M(337M) 1.670ms
[80.877s][info][gc] GC(1030) Pause Young (Concurrent Start) (G1 Evacuation Pause) 302M->129M(337M) 1.600ms
[80.877s][info][gc] GC(1031) Concurrent Mark Cycle
[80.899s][info][gc] GC(1031) Pause Remark 177M->177M(337M) 0.391ms
[80.914s][info][gc] GC(1031) Pause Cleanup 214M->214M(337M) 0.057ms
[80.914s][info][gc] GC(1031) Concurrent Mark Cycle 37.033ms
[80.950s][info][gc] GC(1032) Pause Young (Prepare Mixed) (G1 Evacuation Pause) 304M->130M(337M) 1.659ms
[81.012s][info][gc] GC(1033) Pause Young (Mixed) (G1 Evacuation Pause) 302M->132M(337M) 1.642ms
[81.076s][info][gc] GC(1034) Pause Young (Concurrent Start) (G1 Evacuation Pause) 301M->133M(337M) 1.526ms
[81.076s][info][gc] GC(1035) Concurrent Mark Cycle
[81.096s][info][gc] GC(1035) Pause Remark 175M->175M(337M) 0.424ms
[81.112s][info][gc] GC(1035) Pause Cleanup 217M->217M(337M) 0.056ms
[81.112s][info][gc] GC(1035) Concurrent Mark Cycle 35.786ms
[81.148s][info][gc] GC(1036) Pause Young (Prepare Mixed) (G1 Evacuation Pause) 304M->136M(337M) 1.643ms
[81.208s][info][gc] GC(1037) Pause Young (Mixed) (G1 Evacuation Pause) 303M->137M(337M) 1.537ms
[81.276s][info][gc] GC(1038) Pause Young (Concurrent Start) (G1 Evacuation Pause) 306M->138M(337M) 1.648ms
[81.276s][info][gc] GC(1039) Concurrent Mark Cycle
[81.304s][info][gc] GC(1039) Pause Remark 218M->218M(337M) 0.423ms
[81.323s][info][gc] GC(1039) Pause Cleanup 247M->247M(337M) 0.060ms
[81.323s][info][gc] GC(1039) Concurrent Mark Cycle 46.903ms
[81.347s][info][gc] GC(1040) Pause Young (Prepare Mixed) (G1 Evacuation Pause) 305M->138M(337M) 1.562ms
[81.480s][info][gc] GC(1041) Pause Young (Mixed) (G1 Evacuation Pause) 303M->137M(337M) 1.352ms
[81.704s][info][gc] GC(1042) Pause Young (Concurrent Start) (G1 Evacuation Pause) 307M->142M(337M) 1.700ms
[81.704s][info][gc] GC(1043) Concurrent Mark Cycle
[81.709s][info][gc] GC(1043) Pause Remark 152M->84M(254M) 0.395ms
[81.712s][info][gc] GC(1043) Pause Cleanup 92M->92M(254M) 0.051ms
[81.712s][info][gc] GC(1043) Concurrent Mark Cycle 8.918ms
[81.778s][info][gc] GC(1044) Pause Young (Prepare Mixed) (G1 Evacuation Pause) 232M->77M(254M) 1.815ms
[81.831s][info][gc] GC(1045) Pause Young (Mixed) (G1 Evacuation Pause) 216M->61M(254M) 1.546ms
[81.897s][info][gc] GC(1046) Pause Young (Normal) (G1 Evacuation Pause) 202M->62M(254M) 1.314ms
[81.960s][info][gc] GC(1047) Pause Young (Normal) (G1 Evacuation Pause) 203M->63M(254M) 1.622ms
[82.022s][info][gc] GC(1048) Pause Young (Normal) (G1 Evacuation Pause) 204M->64M(254M) 1.340ms
[82.086s][info][gc] GC(1049) Pause Young (Normal) (G1 Evacuation Pause) 207M->65M(254M) 1.266ms
[82.153s][info][gc] GC(1050) Pause Young (Normal) (G1 Evacuation Pause) 206M->67M(254M) 1.561ms
[82.212s][info][gc] GC(1051) Pause Young (Normal) (G1 Evacuation Pause) 207M->67M(254M) 1.381ms
[82.264s][info][gc] GC(1052) Pause Young (Normal) (G1 Evacuation Pause) 209M->68M(254M) 1.360ms
[82.326s][info][gc] GC(1053) Pause Young (Normal) (G1 Evacuation Pause) 209M->70M(254M) 1.411ms
[82.389s][info][gc] GC(1054) Pause Young (Normal) (G1 Evacuation Pause) 210M->71M(254M) 1.322ms
[82.443s][info][gc] GC(1055) Pause Young (Normal) (G1 Evacuation Pause) 213M->72M(254M) 1.381ms
[82.502s][info][gc] GC(1056) Pause Young (Normal) (G1 Evacuation Pause) 212M->74M(254M) 1.523ms
[82.561s][info][gc] GC(1057) Pause Young (Normal) (G1 Evacuation Pause) 214M->75M(254M) 1.409ms
[82.625s][info][gc] GC(1058) Pause Young (Normal) (G1 Evacuation Pause) 216M->75M(254M) 1.277ms
[82.680s][info][gc] GC(1059) Pause Young (Normal) (G1 Evacuation Pause) 216M->77M(254M) 1.365ms
[82.739s][info][gc] GC(1060) Pause Young (Normal) (G1 Evacuation Pause) 217M->78M(254M) 1.411ms
[82.801s][info][gc] GC(1061) Pause Young (Normal) (G1 Evacuation Pause) 218M->80M(254M) 1.507ms
[82.851s][info][gc] GC(1062) Pause Young (Normal) (G1 Evacuation Pause) 220M->81M(254M) 1.398ms
[82.912s][info][gc] GC(1063) Pause Young (Normal) (G1 Evacuation Pause) 222M->82M(254M) 1.447ms
[82.972s][info][gc] GC(1064) Pause Young (Normal) (G1 Evacuation Pause) 222M->83M(254M) 1.262ms
[83.026s][info][gc] GC(1065) Pause Young (Normal) (G1 Evacuation Pause) 223M->84M(254M) 1.367ms
[83.088s][info][gc] GC(1066) Pause Young (Normal) (G1 Evacuation Pause) 225M->85M(254M) 1.276ms
[83.146s][info][gc] GC(1067) Pause Young (Normal) (G1 Evacuation Pause) 225M->87M(254M) 1.405ms
[83.200s][info][gc] GC(1068) Pause Young (Normal) (G1 Evacuation Pause) 228M->87M(254M) 1.215ms
[83.254s][info][gc] GC(1069) Pause Young (Normal) (G1 Evacuation Pause) 228M->89M(254M) 1.348ms
[83.313s][info][gc] GC(1070) Pause Young (Normal) (G1 Evacuation Pause) 226M->90M(254M) 1.476ms
[83.508s][info][gc] GC(1071) Pause Young (Normal) (G1 Evacuation Pause) 226M->88M(254M) 1.149ms
[83.629s][info][gc] GC(1072) Pause Young (Normal) (G1 Evacuation Pause) 229M->93M(254M) 1.447ms
[83.684s][info][gc] GC(1073) Pause Young (Normal) (G1 Evacuation Pause) 224M->94M(254M) 1.554ms
[83.731s][info][gc] GC(1074) Pause Young (Normal) (G1 Evacuation Pause) 226M->95M(254M) 1.523ms
[83.788s][info][gc] GC(1075) Pause Young (Concurrent Start) (G1 Evacuation Pause) 227M->96M(254M) 1.436ms
[83.788s][info][gc] GC(1076) Concurrent Mark Cycle
[83.795s][info][gc] GC(1076) Pause Remark 115M->81M(210M) 0.411ms
[83.799s][info][gc] GC(1076) Pause Cleanup 84M->84M(210M) 0.071ms
[83.799s][info][gc] GC(1076) Concurrent Mark Cycle 11.074ms
[83.840s][info][gc] GC(1077) Pause Young (Prepare Mixed) (G1 Evacuation Pause) 178M->63M(210M) 1.317ms
[83.883s][info][gc] GC(1078) Pause Young (Mixed) (G1 Evacuation Pause) 179M->56M(210M) 1.442ms
[83.931s][info][gc] GC(1079) Pause Young (Normal) (G1 Evacuation Pause) 173M->56M(210M) 1.213ms
[83.974s][info][gc] GC(1080) Pause Young (Normal) (G1 Evacuation Pause) 172M->58M(210M) 1.204ms
[84.024s][info][gc] GC(1081) Pause Young (Normal) (G1 Evacuation Pause) 174M->59M(210M) 1.273ms
[84.068s][info][gc] GC(1082) Pause Young (Normal) (G1 Evacuation Pause) 175M->59M(210M) 1.107ms
[84.116s][info][gc] GC(1083) Pause Young (Normal) (G1 Evacuation Pause) 177M->61M(210M) 1.323ms
[84.164s][info][gc] GC(1084) Pause Young (Normal) (G1 Evacuation Pause) 176M->62M(210M) 1.282ms
[84.206s][info][gc] GC(1085) Pause Young (Normal) (G1 Evacuation Pause) 178M->63M(210M) 1.216ms
[84.253s][info][gc] GC(1086) Pause Young (Normal) (G1 Evacuation Pause) 180M->63M(210M) 1.151ms
[84.296s][info][gc] GC(1087) Pause Young (Normal) (G1 Evacuation Pause) 180M->65M(210M) 1.139ms
[84.347s][info][gc] GC(1088) Pause Young (Normal) (G1 Evacuation Pause) 181M->66M(210M) 1.249ms
[84.394s][info][gc] GC(1089) Pause Young (Normal) (G1 Evacuation Pause) 182M->66M(210M) 1.132ms
[84.441s][info][gc] GC(1090) Pause Young (Normal) (G1 Evacuation Pause) 183M->68M(210M) 1.256ms
[84.492s][info][gc] GC(1091) Pause Young (Normal) (G1 Evacuation Pause) 183M->69M(210M) 1.325ms
[84.538s][info][gc] GC(1092) Pause Young (Normal) (G1 Evacuation Pause) 185M->70M(210M) 1.266ms
[84.593s][info][gc] GC(1093) Pause Young (Normal) (G1 Evacuation Pause) 186M->71M(210M) 1.278ms
[84.641s][info][gc] GC(1094) Pause Young (Normal) (G1 Evacuation Pause) 187M->71M(210M) 1.151ms
[84.693s][info][gc] GC(1095) Pause Young (Normal) (G1 Evacuation Pause) 188M->73M(210M) 1.237ms
[84.737s][info][gc] GC(1096) Pause Young (Normal) (G1 Evacuation Pause) 186M->73M(210M) 1.090ms
[84.781s][info][gc] GC(1097) Pause Young (Normal) (G1 Evacuation Pause) 188M->74M(210M) 1.260ms
[84.831s][info][gc] GC(1098) Pause Young (Normal) (G1 Evacuation Pause) 187M->75M(210M) 1.299ms
[84.870s][info][gc] GC(1099) Pause Young (Normal) (G1 Evacuation Pause) 185M->76M(210M) 1.273ms
[84.920s][info][gc] GC(1100) Pause Young (Normal) (G1 Evacuation Pause) 188M->78M(210M) 1.232ms
[84.958s][info][gc] GC(1101) Pause Young (Concurrent Start) (G1 Evacuation Pause) 186M->78M(210M) 1.269ms
[84.958s][info][gc] GC(1102) Concurrent Mark Cycle
[84.969s][info][gc] GC(1102) Pause Remark 103M->100M(210M) 0.402ms
[84.976s][info][gc] GC(1102) Pause Cleanup 116M->116M(210M) 0.055ms
[84.976s][info][gc] GC(1102) Concurrent Mark Cycle 17.737ms
[85.009s][info][gc] GC(1103) Pause Young (Prepare Mixed) (G1 Evacuation Pause) 184M->77M(210M) 1.255ms
[85.049s][info][gc] GC(1104) Pause Young (Mixed) (G1 Evacuation Pause) 189M->75M(210M) 1.184ms
[85.100s][info][gc] GC(1105) Pause Young (Normal) (G1 Evacuation Pause) 188M->77M(210M) 1.293ms
[85.141s][info][gc] GC(1106) Pause Young (Normal) (G1 Evacuation Pause) 188M->77M(210M) 1.141ms
[85.189s][info][gc] GC(1107) Pause Young (Concurrent Start) (G1 Evacuation Pause) 188M->78M(210M) 1.167ms
[85.190s][info][gc] GC(1108) Concurrent Mark Cycle
[85.207s][info][gc] GC(1108) Pause Remark 126M->126M(210M) 0.381ms
[85.214s][info][gc] GC(1108) Pause Cleanup 149M->149M(210M) 0.052ms
[85.214s][info][gc] GC(1108) Concurrent Mark Cycle 24.693ms
[85.302s][info][gc] GC(1109) Pause Young (Prepare Mixed) (G1 Evacuation Pause) 187M->77M(210M) 0.957ms
[85.475s][info][gc] GC(1110) Pause Young (Mixed) (G1 Evacuation Pause) 191M->79M(210M) 1.279ms
[85.512s][info][gc] GC(1111) Pause Young (Concurrent Start) (G1 Evacuation Pause) 186M->80M(210M) 1.243ms
[85.512s][info][gc] GC(1112) Concurrent Mark Cycle
[85.519s][info][gc] GC(1112) Pause Remark 94M->69M(187M) 0.389ms
[85.524s][info][gc] GC(1112) Pause Cleanup 72M->72M(187M) 0.071ms
[85.524s][info][gc] GC(1112) Concurrent Mark Cycle 11.485ms
[85.561s][info][gc] GC(1113) Pause Young (Prepare Mixed) (G1 Evacuation Pause) 164M->56M(187M) 1.180ms
[85.598s][info][gc] GC(1114) Pause Young (Mixed) (G1 Evacuation Pause) 159M->53M(187M) 1.232ms
[85.648s][info][gc] GC(1115) Pause Young (Normal) (G1 Evacuation Pause) 158M->56M(187M) 1.284ms
[85.688s][info][gc] GC(1116) Pause Young (Normal) (G1 Evacuation Pause) 158M->56M(187M) 1.189ms
[85.730s][info][gc] GC(1117) Pause Young (Normal) (G1 Evacuation Pause) 160M->58M(187M) 1.181ms
[85.772s][info][gc] GC(1118) Pause Young (Normal) (G1 Evacuation Pause) 161M->58M(187M) 1.061ms
[85.812s][info][gc] GC(1119) Pause Young (Normal) (G1 Evacuation Pause) 161M->59M(187M) 1.138ms
[85.855s][info][gc] GC(1120) Pause Young (Normal) (G1 Evacuation Pause) 162M->60M(187M) 1.108ms
[85.895s][info][gc] GC(1121) Pause Young (Normal) (G1 Evacuation Pause) 164M->61M(187M) 1.228ms
[85.938s][info][gc] GC(1122) Pause Young (Normal) (G1 Evacuation Pause) 164M->62M(187M) 1.135ms
[85.977s][info][gc] GC(1123) Pause Young (Normal) (G1 Evacuation Pause) 165M->63M(187M) 1.221ms
[86.019s][info][gc] GC(1124) Pause Young (Normal) (G1 Evacuation Pause) 166M->63M(221M) 1.114ms
[86.068s][info][gc] GC(1125) Pause Young (Normal) (G1 Evacuation Pause) 187M->65M(221M) 1.102ms
[86.120s][info][gc] GC(1126) Pause Young (Normal) (G1 Evacuation Pause) 187M->66M(221M) 1.204ms
[86.166s][info][gc] GC(1127) Pause Young (Normal) (G1 Evacuation Pause) 188M->66M(221M) 1.301ms
[86.216s][info][gc] GC(1128) Pause Young (Normal) (G1 Evacuation Pause) 188M->68M(221M) 1.127ms
[86.265s][info][gc] GC(1129) Pause Young (Normal) (G1 Evacuation Pause) 189M->68M(221M) 1.219ms
[86.310s][info][gc] GC(1130) Pause Young (Normal) (G1 Evacuation Pause) 190M->70M(221M) 1.316ms
[86.363s][info][gc] GC(1131) Pause Young (Normal) (G1 Evacuation Pause) 192M->71M(221M) 1.269ms
[86.410s][info][gc] GC(1132) Pause Young (Normal) (G1 Evacuation Pause) 192M->72M(221M) 1.224ms
[86.459s][info][gc] GC(1133) Pause Young (Normal) (G1 Evacuation Pause) 194M->73M(221M) 1.275ms
[86.510s][info][gc] GC(1134) Pause Young (Normal) (G1 Evacuation Pause) 194M->74M(221M) 1.226ms
[86.557s][info][gc] GC(1135) Pause Young (Normal) (G1 Evacuation Pause) 196M->75M(221M) 1.246ms
[86.607s][info][gc] GC(1136) Pause Young (Normal) (G1 Evacuation Pause) 197M->77M(221M) 1.313ms
[86.654s][info][gc] GC(1137) Pause Young (Normal) (G1 Evacuation Pause) 197M->77M(221M) 1.229ms
[86.703s][info][gc] GC(1138) Pause Young (Normal) (G1 Evacuation Pause) 196M->78M(221M) 1.367ms
[86.754s][info][gc] GC(1139) Pause Young (Normal) (G1 Evacuation Pause) 196M->79M(221M) 1.243ms
[86.800s][info][gc] GC(1140) Pause Young (Normal) (G1 Evacuation Pause) 199M->80M(221M) 1.202ms
[86.852s][info][gc] GC(1141) Pause Young (Normal) (G1 Evacuation Pause) 196M->82M(221M) 1.268ms
[86.894s][info][gc] GC(1142) Pause Young (Normal) (G1 Evacuation Pause) 196M->82M(221M) 1.314ms
[86.941s][info][gc] GC(1143) Pause Young (Concurrent Start) (G1 Evacuation Pause) 197M->83M(221M) 1.274ms
[86.941s][info][gc] GC(1144) Concurrent Mark Cycle
[86.951s][info][gc] GC(1144) Pause Remark 101M->97M(221M) 0.373ms
[86.963s][info][gc] GC(1144) Pause Cleanup 128M->128M(221M) 0.065ms
[86.963s][info][gc] GC(1144) Concurrent Mark Cycle 21.848ms
[86.992s][info][gc] GC(1145) Pause Young (Prepare Mixed) (G1 Evacuation Pause) 194M->81M(221M) 1.168ms
[87.036s][info][gc] GC(1146) Pause Young (Mixed) (G1 Evacuation Pause) 198M->79M(221M) 1.236ms
[87.290s][info][gc] GC(1147) Pause Young (Normal) (G1 Evacuation Pause) 198M->80M(221M) 1.358ms
[87.343s][info][gc] GC(1148) Pause Young (Normal) (G1 Evacuation Pause) 197M->84M(221M) 1.433ms
[87.378s][info][gc] GC(1149) Pause Young (Normal) (G1 Evacuation Pause) 196M->85M(221M) 1.486ms
[87.426s][info][gc] GC(1150) Pause Young (Concurrent Start) (G1 Evacuation Pause) 202M->86M(221M) 1.150ms
[87.426s][info][gc] GC(1151) Concurrent Mark Cycle
[87.435s][info][gc] GC(1151) Pause Remark 107M->79M(194M) 0.383ms
[87.439s][info][gc] GC(1151) Pause Cleanup 88M->88M(194M) 0.059ms
[87.439s][info][gc] GC(1151) Concurrent Mark Cycle 13.391ms
[87.465s][info][gc] GC(1152) Pause Young (Prepare Mixed) (G1 Evacuation Pause) 173M->58M(194M) 1.258ms
[87.510s][info][gc] GC(1153) Pause Young (Mixed) (G1 Evacuation Pause) 166M->54M(194M) 1.231ms
[87.546s][info][gc] GC(1154) Pause Young (Normal) (G1 Evacuation Pause) 161M->55M(194M) 1.165ms
[87.588s][info][gc] GC(1155) Pause Young (Normal) (G1 Evacuation Pause) 162M->56M(228M) 1.197ms
[87.630s][info][gc] GC(1156) Pause Young (Normal) (G1 Evacuation Pause) 183M->57M(228M) 1.300ms
[87.682s][info][gc] GC(1157) Pause Young (Normal) (G1 Evacuation Pause) 183M->58M(228M) 1.482ms
[87.722s][info][gc] GC(1158) Pause Young (Normal) (G1 Evacuation Pause) 183M->59M(228M) 1.215ms
[87.770s][info][gc] GC(1159) Pause Young (Normal) (G1 Evacuation Pause) 185M->60M(228M) 1.248ms
[87.814s][info][gc] GC(1160) Pause Young (Normal) (G1 Evacuation Pause) 186M->61M(228M) 1.317ms
[87.863s][info][gc] GC(1161) Pause Young (Normal) (G1 Evacuation Pause) 187M->63M(228M) 1.309ms
[87.908s][info][gc] GC(1162) Pause Young (Normal) (G1 Evacuation Pause) 188M->63M(228M) 1.336ms
[87.957s][info][gc] GC(1163) Pause Young (Normal) (G1 Evacuation Pause) 188M->64M(228M) 1.298ms
[88.003s][info][gc] GC(1164) Pause Young (Normal) (G1 Evacuation Pause) 190M->66M(228M) 1.344ms
[88.050s][info][gc] GC(1165) Pause Young (Normal) (G1 Evacuation Pause) 191M->66M(228M) 1.358ms
[88.093s][info][gc] GC(1166) Pause Young (Normal) (G1 Evacuation Pause) 191M->68M(228M) 1.238ms
[88.140s][info][gc] GC(1167) Pause Young (Normal) (G1 Evacuation Pause) 193M->69M(228M) 1.255ms
[88.184s][info][gc] GC(1168) Pause Young (Normal) (G1 Evacuation Pause) 194M->70M(228M) 1.233ms
[88.230s][info][gc] GC(1169) Pause Young (Normal) (G1 Evacuation Pause) 195M->71M(228M) 1.359ms
[88.275s][info][gc] GC(1170) Pause Young (Normal) (G1 Evacuation Pause) 196M->72M(228M) 1.234ms
[88.323s][info][gc] GC(1171) Pause Young (Normal) (G1 Evacuation Pause) 197M->73M(228M) 1.315ms
[88.367s][info][gc] GC(1172) Pause Young (Normal) (G1 Evacuation Pause) 198M->74M(228M) 1.257ms
[88.412s][info][gc] GC(1173) Pause Young (Normal) (G1 Evacuation Pause) 200M->75M(228M) 1.136ms
[88.458s][info][gc] GC(1174) Pause Young (Normal) (G1 Evacuation Pause) 200M->76M(228M) 1.290ms
[88.501s][info][gc] GC(1175) Pause Young (Normal) (G1 Evacuation Pause) 201M->77M(228M) 1.221ms
[88.546s][info][gc] GC(1176) Pause Young (Normal) (G1 Evacuation Pause) 203M->78M(228M) 1.365ms
[88.590s][info][gc] GC(1177) Pause Young (Normal) (G1 Evacuation Pause) 204M->79M(228M) 1.377ms
[88.636s][info][gc] GC(1178) Pause Young (Normal) (G1 Evacuation Pause) 203M->80M(228M) 1.275ms
[88.683s][info][gc] GC(1179) Pause Young (Normal) (G1 Evacuation Pause) 205M->82M(228M) 1.365ms
[88.729s][info][gc] GC(1180) Pause Young (Normal) (G1 Evacuation Pause) 204M->83M(228M) 1.320ms
[88.769s][info][gc] GC(1181) Pause Young (Normal) (G1 Evacuation Pause) 204M->84M(228M) 1.294ms
[88.814s][info][gc] GC(1182) Pause Young (Normal) (G1 Evacuation Pause) 204M->84M(228M) 1.348ms
[88.856s][info][gc] GC(1183) Pause Young (Normal) (G1 Evacuation Pause) 205M->86M(228M) 1.273ms
[88.903s][info][gc] GC(1184) Pause Young (Concurrent Start) (G1 Evacuation Pause) 205M->87M(228M) 1.259ms
[88.903s][info][gc] GC(1185) Concurrent Mark Cycle
[88.917s][info][gc] GC(1185) Pause Remark 125M->125M(228M) 0.388ms
[88.930s][info][gc] GC(1185) Pause Cleanup 156M->156M(228M) 0.068ms
[88.930s][info][gc] GC(1185) Concurrent Mark Cycle 27.495ms
[88.947s][info][gc] GC(1186) Pause Young (Prepare Mixed) (G1 Evacuation Pause) 205M->88M(228M) 1.363ms
[88.991s][info][gc] GC(1187) Pause Young (Mixed) (G1 Evacuation Pause) 205M->87M(228M) 1.353ms
[89.033s][info][gc] GC(1188) Pause Young (Concurrent Start) (G1 Evacuation Pause) 206M->88M(228M) 1.268ms
[89.033s][info][gc] GC(1189) Concurrent Mark Cycle
[89.046s][info][gc] GC(1189) Pause Remark 123M->123M(228M) 0.376ms
[89.059s][info][gc] GC(1189) Pause Cleanup 164M->164M(228M) 0.055ms
[89.059s][info][gc] GC(1189) Concurrent Mark Cycle 26.582ms
[89.082s][info][gc] GC(1190) Pause Young (Prepare Mixed) (G1 Evacuation Pause) 203M->89M(228M) 1.331ms
[89.121s][info][gc] GC(1191) Pause Young (Mixed) (G1 Evacuation Pause) 206M->88M(228M) 1.280ms
[89.167s][info][gc] GC(1192) Pause Young (Concurrent Start) (G1 Evacuation Pause) 206M->89M(228M) 1.280ms
[89.167s][info][gc] GC(1193) Concurrent Mark Cycle
[89.185s][info][gc] GC(1193) Pause Remark 140M->140M(228M) 0.377ms
[89.193s][info][gc] GC(1193) Pause Cleanup 163M->163M(228M) 0.049ms
[89.193s][info][gc] GC(1193) Concurrent Mark Cycle 26.423ms
[89.211s][info][gc] GC(1194) Pause Young (Prepare Mixed) (G1 Evacuation Pause) 205M->91M(228M) 1.272ms
[89.253s][info][gc] GC(1195) Pause Young (Mixed) (G1 Evacuation Pause) 204M->90M(228M) 1.305ms
[89.293s][info][gc] GC(1196) Pause Young (Concurrent Start) (G1 Evacuation Pause) 206M->91M(228M) 1.136ms
[89.293s][info][gc] GC(1197) Concurrent Mark Cycle
[89.307s][info][gc] GC(1197) Pause Remark 125M->125M(228M) 0.365ms
[89.320s][info][gc] GC(1197) Pause Cleanup 163M->163M(228M) 0.054ms
[89.320s][info][gc] GC(1197) Concurrent Mark Cycle 27.081ms
[89.339s][info][gc] GC(1198) Pause Young (Prepare Mixed) (G1 Evacuation Pause) 205M->91M(228M) 1.189ms
[89.380s][info][gc] GC(1199) Pause Young (Mixed) (G1 Evacuation Pause) 204M->92M(295M) 1.488ms
[89.443s][info][gc] GC(1200) Pause Young (Normal) (G1 Evacuation Pause) 259M->94M(295M) 1.422ms
[89.497s][info][gc] GC(1201) Pause Young (Normal) (G1 Evacuation Pause) 259M->95M(295M) 1.447ms
[89.563s][info][gc] GC(1202) Pause Young (Normal) (G1 Evacuation Pause) 260M->96M(295M) 1.520ms
[89.628s][info][gc] GC(1203) Pause Young (Normal) (G1 Evacuation Pause) 259M->97M(295M) 1.952ms
[89.691s][info][gc] GC(1204) Pause Young (Normal) (G1 Evacuation Pause) 260M->98M(295M) 1.518ms
[89.749s][info][gc] GC(1205) Pause Young (Normal) (G1 Evacuation Pause) 262M->100M(295M) 1.695ms
[89.810s][info][gc] GC(1206) Pause Young (Normal) (G1 Evacuation Pause) 263M->103M(295M) 1.527ms
[89.867s][info][gc] GC(1207) Pause Young (Normal) (G1 Evacuation Pause) 263M->104M(295M) 1.488ms
[89.924s][info][gc] GC(1208) Pause Young (Normal) (G1 Evacuation Pause) 265M->105M(295M) 1.412ms
[89.985s][info][gc] GC(1209) Pause Young (Normal) (G1 Evacuation Pause) 264M->106M(295M) 1.539ms
[90.039s][info][gc] GC(1210) Pause Young (Normal) (G1 Evacuation Pause) 263M->107M(295M) 1.503ms
[90.094s][info][gc] GC(1211) Pause Young (Normal) (G1 Evacuation Pause) 263M->109M(295M) 1.553ms
[90.154s][info][gc] GC(1212) Pause Young (Normal) (G1 Evacuation Pause) 265M->111M(295M) 1.513ms
[90.207s][info][gc] GC(1213) Pause Young (Normal) (G1 Evacuation Pause) 264M->112M(295M) 1.455ms
[90.262s][info][gc] GC(1214) Pause Young (Concurrent Start) (G1 Evacuation Pause) 266M->113M(295M) 1.540ms
[90.262s][info][gc] GC(1215) Concurrent Mark Cycle
[90.283s][info][gc] GC(1215) Pause Remark 162M->162M(295M) 0.416ms
[90.298s][info][gc] GC(1215) Pause Cleanup 196M->196M(295M) 0.056ms
[90.299s][info][gc] GC(1215) Concurrent Mark Cycle 36.812ms
[90.327s][info][gc] GC(1216) Pause Young (Prepare Mixed) (G1 Evacuation Pause) 265M->114M(295M) 1.417ms
[90.377s][info][gc] GC(1217) Pause Young (Mixed) (G1 Evacuation Pause) 266M->114M(295M) 1.539ms
[90.434s][info][gc] GC(1218) Pause Young (Concurrent Start) (G1 Evacuation Pause) 265M->117M(295M) 1.559ms
[90.434s][info][gc] GC(1219) Concurrent Mark Cycle
[90.456s][info][gc] GC(1219) Pause Remark 181M->181M(295M) 0.361ms
[90.476s][info][gc] GC(1219) Pause Cleanup 236M->236M(295M) 0.052ms
[90.477s][info][gc] GC(1219) Concurrent Mark Cycle 42.385ms
[90.487s][info][gc] GC(1220) Pause Young (Prepare Mixed) (G1 Evacuation Pause) 264M->117M(295M) 1.391ms
[90.543s][info][gc] GC(1221) Pause Young (Mixed) (G1 Evacuation Pause) 266M->118M(295M) 1.360ms
[90.598s][info][gc] GC(1222) Pause Young (Concurrent Start) (G1 Evacuation Pause) 266M->119M(295M) 1.430ms
[90.598s][info][gc] GC(1223) Concurrent Mark Cycle
[90.617s][info][gc] GC(1223) Pause Remark 162M->162M(295M) 0.370ms
[90.634s][info][gc] GC(1223) Pause Cleanup 210M->210M(295M) 0.055ms
[90.634s][info][gc] GC(1223) Concurrent Mark Cycle 36.337ms
[90.658s][info][gc] GC(1224) Pause Young (Prepare Mixed) (G1 Evacuation Pause) 266M->121M(295M) 1.478ms
[90.710s][info][gc] GC(1225) Pause Young (Mixed) (G1 Evacuation Pause) 265M->122M(295M) 1.493ms
[90.767s][info][gc] GC(1226) Pause Young (Concurrent Start) (G1 Evacuation Pause) 266M->124M(295M) 1.477ms
[90.767s][info][gc] GC(1227) Concurrent Mark Cycle
[90.791s][info][gc] GC(1227) Pause Remark 179M->179M(295M) 0.396ms
[90.807s][info][gc] GC(1227) Pause Cleanup 211M->211M(295M) 0.061ms
[90.807s][info][gc] GC(1227) Concurrent Mark Cycle 40.573ms
[90.828s][info][gc] GC(1228) Pause Young (Prepare Mixed) (G1 Evacuation Pause) 266M->125M(295M) 1.536ms
[90.881s][info][gc] GC(1229) Pause Young (Mixed) (G1 Evacuation Pause) 266M->124M(356M) 1.637ms
[90.961s][info][gc] GC(1230) Pause Young (Normal) (G1 Evacuation Pause) 326M->127M(356M) 1.759ms
[91.039s][info][gc] GC(1231) Pause Young (Normal) (G1 Evacuation Pause) 323M->129M(356M) 1.686ms
[91.106s][info][gc] GC(1232) Pause Young (Normal) (G1 Evacuation Pause) 321M->130M(356M) 1.601ms
[91.179s][info][gc] GC(1233) Pause Young (Normal) (G1 Evacuation Pause) 321M->132M(356M) 1.831ms
[91.249s][info][gc] GC(1234) Pause Young (Normal) (G1 Evacuation Pause) 321M->133M(356M) 1.692ms
[91.320s][info][gc] GC(1235) Pause Young (Normal) (G1 Evacuation Pause) 321M->135M(356M) 1.652ms
[91.387s][info][gc] GC(1236) Pause Young (Normal) (G1 Evacuation Pause) 320M->137M(356M) 1.611ms
[91.457s][info][gc] GC(1237) Pause Young (Concurrent Start) (G1 Evacuation Pause) 321M->138M(356M) 1.635ms
[91.457s][info][gc] GC(1238) Concurrent Mark Cycle
[91.479s][info][gc] GC(1238) Pause Remark 184M->184M(356M) 0.462ms
[91.498s][info][gc] GC(1238) Pause Cleanup 228M->228M(356M) 0.057ms
[91.499s][info][gc] GC(1238) Concurrent Mark Cycle 41.703ms
[91.533s][info][gc] GC(1239) Pause Young (Prepare Mixed) (G1 Evacuation Pause) 321M->141M(356M) 1.677ms
[91.599s][info][gc] GC(1240) Pause Young (Mixed) (G1 Evacuation Pause) 320M->141M(356M) 1.794ms
[91.672s][info][gc] GC(1241) Pause Young (Concurrent Start) (G1 Evacuation Pause) 320M->143M(356M) 1.668ms
[91.672s][info][gc] GC(1242) Concurrent Mark Cycle
[91.705s][info][gc] GC(1242) Pause Remark 222M->222M(356M) 0.434ms
[91.732s][info][gc] GC(1242) Pause Cleanup 289M->289M(356M) 0.067ms
[91.732s][info][gc] GC(1242) Concurrent Mark Cycle 60.762ms
[91.746s][info][gc] GC(1243) Pause Young (Prepare Mixed) (G1 Evacuation Pause) 321M->145M(356M) 1.844ms
[91.858s][info][gc] GC(1244) Pause Young (Mixed) (G1 Evacuation Pause) 321M->142M(356M) 1.367ms
[92.118s][info][gc] GC(1245) Pause Young (Concurrent Start) (G1 Evacuation Pause) 325M->149M(356M) 1.810ms
[92.118s][info][gc] GC(1246) Concurrent Mark Cycle
[92.126s][info][gc] GC(1246) Pause Remark 171M->98M(260M) 0.503ms
[92.129s][info][gc] GC(1246) Pause Cleanup 106M->106M(260M) 0.072ms
[92.129s][info][gc] GC(1246) Concurrent Mark Cycle 11.523ms
[92.175s][info][gc] GC(1247) Pause Young (Prepare Mixed) (G1 Evacuation Pause) 239M->76M(260M) 1.538ms
[92.229s][info][gc] GC(1248) Pause Young (Mixed) (G1 Evacuation Pause) 220M->65M(260M) 1.500ms
[92.285s][info][gc] GC(1249) Pause Young (Normal) (G1 Evacuation Pause) 208M->66M(260M) 1.527ms
[92.333s][info][gc] GC(1250) Pause Young (Normal) (G1 Evacuation Pause) 209M->67M(260M) 1.518ms
[92.389s][info][gc] GC(1251) Pause Young (Normal) (G1 Evacuation Pause) 211M->69M(260M) 1.501ms
[92.438s][info][gc] GC(1252) Pause Young (Normal) (G1 Evacuation Pause) 214M->68M(260M) 1.265ms
[92.495s][info][gc] GC(1253) Pause Young (Normal) (G1 Evacuation Pause) 214M->71M(260M) 1.355ms
[92.550s][info][gc] GC(1254) Pause Young (Normal) (G1 Evacuation Pause) 214M->73M(260M) 1.590ms
[92.596s][info][gc] GC(1255) Pause Young (Normal) (G1 Evacuation Pause) 215M->73M(260M) 1.389ms
[92.650s][info][gc] GC(1256) Pause Young (Normal) (G1 Evacuation Pause) 218M->74M(260M) 1.444ms
[92.701s][info][gc] GC(1257) Pause Young (Normal) (G1 Evacuation Pause) 218M->75M(260M) 1.378ms
[92.756s][info][gc] GC(1258) Pause Young (Normal) (G1 Evacuation Pause) 220M->77M(260M) 1.352ms
[92.809s][info][gc] GC(1259) Pause Young (Normal) (G1 Evacuation Pause) 220M->78M(260M) 1.402ms
[92.857s][info][gc] GC(1260) Pause Young (Normal) (G1 Evacuation Pause) 222M->79M(260M) 1.326ms
[92.910s][info][gc] GC(1261) Pause Young (Normal) (G1 Evacuation Pause) 223M->81M(260M) 1.426ms
[92.958s][info][gc] GC(1262) Pause Young (Normal) (G1 Evacuation Pause) 224M->81M(260M) 1.294ms
[93.010s][info][gc] GC(1263) Pause Young (Normal) (G1 Evacuation Pause) 226M->83M(260M) 1.321ms
[93.065s][info][gc] GC(1264) Pause Young (Normal) (G1 Evacuation Pause) 226M->84M(260M) 1.563ms
[93.114s][info][gc] GC(1265) Pause Young (Normal) (G1 Evacuation Pause) 228M->85M(260M) 1.456ms
[93.168s][info][gc] GC(1266) Pause Young (Normal) (G1 Evacuation Pause) 230M->86M(260M) 1.372ms
[93.220s][info][gc] GC(1267) Pause Young (Normal) (G1 Evacuation Pause) 229M->87M(260M) 1.496ms
[93.274s][info][gc] GC(1268) Pause Young (Normal) (G1 Evacuation Pause) 230M->89M(260M) 1.417ms
[93.327s][info][gc] GC(1269) Pause Young (Normal) (G1 Evacuation Pause) 232M->90M(260M) 1.393ms
[93.376s][info][gc] GC(1270) Pause Young (Normal) (G1 Evacuation Pause) 235M->91M(260M) 1.282ms
[93.433s][info][gc] GC(1271) Pause Young (Normal) (G1 Evacuation Pause) 234M->93M(260M) 1.579ms
[93.482s][info][gc] GC(1272) Pause Young (Normal) (G1 Evacuation Pause) 231M->93M(260M) 1.361ms
[93.537s][info][gc] GC(1273) Pause Young (Normal) (G1 Evacuation Pause) 235M->94M(260M) 1.231ms
[93.793s][info][gc] GC(1274) Pause Young (Normal) (G1 Evacuation Pause) 234M->97M(260M) 1.487ms
[93.838s][info][gc] GC(1275) Pause Young (Normal) (G1 Evacuation Pause) 233M->98M(260M) 1.449ms
[93.888s][info][gc] GC(1276) Pause Young (Concurrent Start) (G1 Evacuation Pause) 235M->99M(260M) 1.300ms
[93.888s][info][gc] GC(1277) Concurrent Mark Cycle
[93.897s][info][gc] GC(1277) Pause Remark 118M->86M(230M) 0.485ms
[93.901s][info][gc] GC(1277) Pause Cleanup 93M->93M(230M) 0.059ms
[93.901s][info][gc] GC(1277) Concurrent Mark Cycle 12.539ms
[93.935s][info][gc] GC(1278) Pause Young (Prepare Mixed) (G1 Evacuation Pause) 202M->68M(230M) 1.306ms
[93.985s][info][gc] GC(1279) Pause Young (Mixed) (G1 Evacuation Pause) 194M->61M(230M) 1.425ms
[94.026s][info][gc] GC(1280) Pause Young (Normal) (G1 Evacuation Pause) 188M->62M(230M) 1.226ms
[94.076s][info][gc] GC(1281) Pause Young (Normal) (G1 Evacuation Pause) 191M->64M(230M) 1.145ms
[94.120s][info][gc] GC(1282) Pause Young (Normal) (G1 Evacuation Pause) 191M->63M(230M) 1.190ms
[94.170s][info][gc] GC(1283) Pause Young (Normal) (G1 Evacuation Pause) 192M->66M(230M) 1.309ms
[94.216s][info][gc] GC(1284) Pause Young (Normal) (G1 Evacuation Pause) 192M->66M(230M) 1.354ms
[94.260s][info][gc] GC(1285) Pause Young (Normal) (G1 Evacuation Pause) 194M->68M(230M) 1.269ms
[94.307s][info][gc] GC(1286) Pause Young (Normal) (G1 Evacuation Pause) 194M->70M(230M) 1.316ms
[94.350s][info][gc] GC(1287) Pause Young (Normal) (G1 Evacuation Pause) 197M->70M(230M) 1.291ms
[94.396s][info][gc] GC(1288) Pause Young (Normal) (G1 Evacuation Pause) 197M->71M(230M) 1.267ms
[94.441s][info][gc] GC(1289) Pause Young (Normal) (G1 Evacuation Pause) 199M->73M(230M) 1.296ms
[94.488s][info][gc] GC(1290) Pause Young (Normal) (G1 Evacuation Pause) 199M->73M(230M) 1.281ms
[94.530s][info][gc] GC(1291) Pause Young (Normal) (G1 Evacuation Pause) 200M->74M(230M) 1.250ms
[94.580s][info][gc] GC(1292) Pause Young (Normal) (G1 Evacuation Pause) 202M->75M(230M) 1.286ms
[94.622s][info][gc] GC(1293) Pause Young (Normal) (G1 Evacuation Pause) 201M->76M(230M) 1.297ms
[94.673s][info][gc] GC(1294) Pause Young (Normal) (G1 Evacuation Pause) 203M->77M(230M) 1.351ms
[94.715s][info][gc] GC(1295) Pause Young (Normal) (G1 Evacuation Pause) 203M->79M(230M) 1.383ms
[94.764s][info][gc] GC(1296) Pause Young (Normal) (G1 Evacuation Pause) 206M->79M(230M) 1.382ms
[94.805s][info][gc] GC(1297) Pause Young (Normal) (G1 Evacuation Pause) 206M->80M(230M) 1.294ms
[94.855s][info][gc] GC(1298) Pause Young (Normal) (G1 Evacuation Pause) 207M->82M(230M) 1.218ms
[94.894s][info][gc] GC(1299) Pause Young (Normal) (G1 Evacuation Pause) 205M->82M(230M) 1.439ms
[94.943s][info][gc] GC(1300) Pause Young (Normal) (G1 Evacuation Pause) 208M->84M(230M) 1.239ms
[94.983s][info][gc] GC(1301) Pause Young (Normal) (G1 Evacuation Pause) 206M->84M(230M) 1.276ms
[95.030s][info][gc] GC(1302) Pause Young (Normal) (G1 Evacuation Pause) 207M->86M(230M) 1.327ms
[95.069s][info][gc] GC(1303) Pause Young (Concurrent Start) (G1 Evacuation Pause) 206M->86M(230M) 1.185ms
[95.069s][info][gc] GC(1304) Concurrent Mark Cycle
[95.084s][info][gc] GC(1304) Pause Remark 126M->122M(230M) 0.380ms
[95.097s][info][gc] GC(1304) Pause Cleanup 145M->145M(230M) 0.072ms
[95.097s][info][gc] GC(1304) Concurrent Mark Cycle 28.072ms
[95.120s][info][gc] GC(1305) Pause Young (Prepare Mixed) (G1 Evacuation Pause) 202M->85M(230M) 1.308ms
[95.160s][info][gc] GC(1306) Pause Young (Mixed) (G1 Evacuation Pause) 205M->81M(230M) 1.293ms
[95.213s][info][gc] GC(1307) Pause Young (Normal) (G1 Evacuation Pause) 207M->81M(230M) 1.142ms
[95.468s][info][gc] GC(1308) Pause Young (Normal) (G1 Evacuation Pause) 208M->85M(230M) 1.280ms
[95.506s][info][gc] GC(1309) Pause Young (Normal) (G1 Evacuation Pause) 204M->86M(230M) 1.344ms
[95.550s][info][gc] GC(1310) Pause Young (Concurrent Start) (G1 Evacuation Pause) 206M->85M(230M) 1.283ms
[95.550s][info][gc] GC(1311) Concurrent Mark Cycle
[95.558s][info][gc] GC(1311) Pause Remark 99M->74M(207M) 0.419ms
[95.561s][info][gc] GC(1311) Pause Cleanup 79M->79M(207M) 0.054ms
[95.561s][info][gc] GC(1311) Concurrent Mark Cycle 11.444ms
[95.596s][info][gc] GC(1312) Pause Young (Prepare Mixed) (G1 Evacuation Pause) 182M->62M(207M) 1.351ms
[95.634s][info][gc] GC(1313) Pause Young (Mixed) (G1 Evacuation Pause) 175M->58M(207M) 1.274ms
[95.680s][info][gc] GC(1314) Pause Young (Normal) (G1 Evacuation Pause) 174M->61M(207M) 1.380ms
[95.717s][info][gc] GC(1315) Pause Young (Normal) (G1 Evacuation Pause) 173M->61M(207M) 1.189ms
[95.763s][info][gc] GC(1316) Pause Young (Normal) (G1 Evacuation Pause) 176M->63M(207M) 1.348ms
[95.799s][info][gc] GC(1317) Pause Young (Normal) (G1 Evacuation Pause) 176M->62M(207M) 1.167ms
[95.848s][info][gc] GC(1318) Pause Young (Normal) (G1 Evacuation Pause) 178M->64M(207M) 1.298ms
[95.886s][info][gc] GC(1319) Pause Young (Normal) (G1 Evacuation Pause) 178M->65M(207M) 1.294ms
[95.930s][info][gc] GC(1320) Pause Young (Normal) (G1 Evacuation Pause) 179M->66M(240M) 1.292ms
[95.978s][info][gc] GC(1321) Pause Young (Normal) (G1 Evacuation Pause) 200M->67M(240M) 1.262ms
[96.030s][info][gc] GC(1322) Pause Young (Normal) (G1 Evacuation Pause) 201M->69M(240M) 1.395ms
[96.078s][info][gc] GC(1323) Pause Young (Normal) (G1 Evacuation Pause) 201M->69M(240M) 1.333ms
[96.127s][info][gc] GC(1324) Pause Young (Normal) (G1 Evacuation Pause) 202M->70M(240M) 1.396ms
[96.178s][info][gc] GC(1325) Pause Young (Normal) (G1 Evacuation Pause) 203M->72M(240M) 1.472ms
[96.224s][info][gc] GC(1326) Pause Young (Normal) (G1 Evacuation Pause) 204M->73M(240M) 1.342ms
[96.276s][info][gc] GC(1327) Pause Young (Normal) (G1 Evacuation Pause) 206M->74M(240M) 1.393ms
[96.322s][info][gc] GC(1328) Pause Young (Normal) (G1 Evacuation Pause) 207M->75M(240M) 1.258ms
[96.375s][info][gc] GC(1329) Pause Young (Normal) (G1 Evacuation Pause) 208M->76M(240M) 1.354ms
[96.420s][info][gc] GC(1330) Pause Young (Normal) (G1 Evacuation Pause) 209M->77M(240M) 1.285ms
[96.473s][info][gc] GC(1331) Pause Young (Normal) (G1 Evacuation Pause) 210M->79M(240M) 1.348ms
[96.518s][info][gc] GC(1332) Pause Young (Normal) (G1 Evacuation Pause) 212M->78M(240M) 1.306ms
[96.570s][info][gc] GC(1333) Pause Young (Normal) (G1 Evacuation Pause) 212M->80M(240M) 1.332ms
[96.619s][info][gc] GC(1334) Pause Young (Normal) (G1 Evacuation Pause) 212M->81M(240M) 1.261ms
[96.669s][info][gc] GC(1335) Pause Young (Normal) (G1 Evacuation Pause) 214M->83M(240M) 1.359ms
[96.719s][info][gc] GC(1336) Pause Young (Normal) (G1 Evacuation Pause) 216M->84M(240M) 1.318ms
[96.767s][info][gc] GC(1337) Pause Young (Normal) (G1 Evacuation Pause) 216M->85M(240M) 1.311ms
[96.817s][info][gc] GC(1338) Pause Young (Normal) (G1 Evacuation Pause) 215M->86M(240M) 1.237ms
[96.862s][info][gc] GC(1339) Pause Young (Normal) (G1 Evacuation Pause) 217M->87M(240M) 1.320ms
[96.912s][info][gc] GC(1340) Pause Young (Normal) (G1 Evacuation Pause) 214M->88M(240M) 1.342ms
[97.159s][info][gc] GC(1341) Pause Young (Normal) (G1 Evacuation Pause) 217M->89M(240M) 1.276ms
[97.217s][info][gc] GC(1342) Pause Young (Normal) (G1 Evacuation Pause) 214M->94M(240M) 1.718ms
[97.258s][info][gc] GC(1343) Pause Young (Concurrent Start) (G1 Evacuation Pause) 213M->93M(240M) 1.533ms
[97.258s][info][gc] GC(1344) Concurrent Mark Cycle
[97.267s][info][gc] GC(1344) Pause Remark 105M->76M(220M) 0.380ms
[97.270s][info][gc] GC(1344) Pause Cleanup 79M->79M(220M) 0.051ms
[97.270s][info][gc] GC(1344) Concurrent Mark Cycle 11.986ms
[97.312s][info][gc] GC(1345) Pause Young (Prepare Mixed) (G1 Evacuation Pause) 188M->67M(220M) 1.495ms
[97.356s][info][gc] GC(1346) Pause Young (Mixed) (G1 Evacuation Pause) 188M->62M(220M) 1.385ms
[97.403s][info][gc] GC(1347) Pause Young (Normal) (G1 Evacuation Pause) 186M->64M(220M) 1.309ms
[97.448s][info][gc] GC(1348) Pause Young (Normal) (G1 Evacuation Pause) 186M->64M(220M) 1.266ms
[97.493s][info][gc] GC(1349) Pause Young (Normal) (G1 Evacuation Pause) 187M->66M(220M) 1.534ms
[97.534s][info][gc] GC(1350) Pause Young (Normal) (G1 Evacuation Pause) 187M->65M(220M) 1.263ms
[97.583s][info][gc] GC(1351) Pause Young (Normal) (G1 Evacuation Pause) 188M->68M(220M) 1.534ms
[97.626s][info][gc] GC(1352) Pause Young (Normal) (G1 Evacuation Pause) 188M->68M(220M) 1.245ms
[97.674s][info][gc] GC(1353) Pause Young (Normal) (G1 Evacuation Pause) 191M->70M(220M) 1.291ms
[97.719s][info][gc] GC(1354) Pause Young (Normal) (G1 Evacuation Pause) 190M->70M(220M) 1.345ms
[97.761s][info][gc] GC(1355) Pause Young (Normal) (G1 Evacuation Pause) 192M->72M(220M) 1.249ms
[97.809s][info][gc] GC(1356) Pause Young (Normal) (G1 Evacuation Pause) 193M->73M(220M) 1.387ms
[97.854s][info][gc] GC(1357) Pause Young (Normal) (G1 Evacuation Pause) 195M->74M(220M) 1.272ms
[97.903s][info][gc] GC(1358) Pause Young (Normal) (G1 Evacuation Pause) 196M->75M(220M) 1.235ms
[97.948s][info][gc] GC(1359) Pause Young (Normal) (G1 Evacuation Pause) 197M->77M(220M) 1.354ms
[97.999s][info][gc] GC(1360) Pause Young (Normal) (G1 Evacuation Pause) 197M->77M(220M) 1.251ms
[98.042s][info][gc] GC(1361) Pause Young (Normal) (G1 Evacuation Pause) 198M->78M(220M) 1.277ms
[98.091s][info][gc] GC(1362) Pause Young (Normal) (G1 Evacuation Pause) 198M->79M(220M) 1.326ms
[98.132s][info][gc] GC(1363) Pause Young (Normal) (G1 Evacuation Pause) 198M->80M(220M) 1.236ms
[98.179s][info][gc] GC(1364) Pause Young (Normal) (G1 Evacuation Pause) 198M->81M(220M) 1.330ms
[98.218s][info][gc] GC(1365) Pause Young (Concurrent Start) (G1 Evacuation Pause) 197M->82M(220M) 1.314ms
[98.218s][info][gc] GC(1366) Concurrent Mark Cycle
[98.231s][info][gc] GC(1366) Pause Remark 113M->107M(220M) 0.450ms
[98.237s][info][gc] GC(1366) Pause Cleanup 122M->122M(220M) 0.064ms
[98.237s][info][gc] GC(1366) Concurrent Mark Cycle 18.768ms
[98.266s][info][gc] GC(1367) Pause Young (Prepare Mixed) (G1 Evacuation Pause) 191M->77M(220M) 1.213ms
[98.309s][info][gc] GC(1368) Pause Young (Mixed) (G1 Evacuation Pause) 197M->75M(220M) 1.275ms
[98.357s][info][gc] GC(1369) Pause Young (Normal) (G1 Evacuation Pause) 198M->77M(220M) 1.234ms
[98.400s][info][gc] GC(1370) Pause Young (Normal) (G1 Evacuation Pause) 197M->78M(220M) 1.321ms
[98.446s][info][gc] GC(1371) Pause Young (Normal) (G1 Evacuation Pause) 198M->79M(220M) 1.347ms
[98.490s][info][gc] GC(1372) Pause Young (Normal) (G1 Evacuation Pause) 198M->80M(220M) 1.262ms
[98.534s][info][gc] GC(1373) Pause Young (Normal) (G1 Evacuation Pause) 198M->81M(220M) 1.296ms
[98.585s][info][gc] GC(1374) Pause Young (Concurrent Start) (G1 Evacuation Pause) 199M->81M(220M) 1.329ms
[98.585s][info][gc] GC(1375) Concurrent Mark Cycle
[98.598s][info][gc] GC(1375) Pause Remark 120M->120M(220M) 0.375ms
[98.606s][info][gc] GC(1375) Pause Cleanup 144M->144M(220M) 0.066ms
[98.606s][info][gc] GC(1375) Concurrent Mark Cycle 21.081ms
[98.628s][info][gc] GC(1376) Pause Young (Prepare Mixed) (G1 Evacuation Pause) 197M->82M(220M) 1.197ms
[98.673s][info][gc] GC(1377) Pause Young (Mixed) (G1 Evacuation Pause) 200M->82M(220M) 1.210ms
[98.712s][info][gc] GC(1378) Pause Young (Concurrent Start) (G1 Evacuation Pause) 198M->82M(220M) 1.377ms
[98.712s][info][gc] GC(1379) Concurrent Mark Cycle
[98.725s][info][gc] GC(1379) Pause Remark 107M->107M(220M) 0.396ms
[98.734s][info][gc] GC(1379) Pause Cleanup 125M->125M(220M) 0.058ms
[98.734s][info][gc] GC(1379) Concurrent Mark Cycle 21.417ms
[98.763s][info][gc] GC(1380) Pause Young (Prepare Mixed) (G1 Evacuation Pause) 197M->84M(220M) 1.323ms
[98.798s][info][gc] GC(1381) Pause Young (Mixed) (G1 Evacuation Pause) 196M->82M(220M) 1.185ms
[98.846s][info][gc] GC(1382) Pause Young (Concurrent Start) (G1 Evacuation Pause) 200M->84M(220M) 1.278ms
[98.846s][info][gc] GC(1383) Concurrent Mark Cycle
[98.862s][info][gc] GC(1383) Pause Remark 121M->121M(220M) 0.433ms
[98.871s][info][gc] GC(1383) Pause Cleanup 148M->148M(220M) 0.056ms
[98.871s][info][gc] GC(1383) Concurrent Mark Cycle 24.607ms
[98.887s][info][gc] GC(1384) Pause Young (Prepare Mixed) (G1 Evacuation Pause) 198M->85M(220M) 1.202ms
[98.935s][info][gc] GC(1385) Pause Young (Mixed) (G1 Evacuation Pause) 198M->86M(220M) 1.302ms
[98.969s][info][gc] GC(1386) Pause Young (Concurrent Start) (G1 Evacuation Pause) 198M->87M(220M) 1.232ms
[98.970s][info][gc] GC(1387) Concurrent Mark Cycle
[98.983s][info][gc] GC(1387) Pause Remark 122M->122M(220M) 0.393ms
[98.990s][info][gc] GC(1387) Pause Cleanup 130M->130M(220M) 0.056ms
[98.990s][info][gc] GC(1387) Concurrent Mark Cycle 20.213ms
[99.018s][info][gc] GC(1388) Pause Young (Prepare Mixed) (G1 Evacuation Pause) 197M->87M(220M) 1.164ms
[99.056s][info][gc] GC(1389) Pause Young (Mixed) (G1 Evacuation Pause) 198M->88M(220M) 1.285ms
[99.100s][info][gc] GC(1390) Pause Young (Concurrent Start) (G1 Evacuation Pause) 198M->89M(253M) 1.333ms
[99.100s][info][gc] GC(1391) Concurrent Mark Cycle
[99.116s][info][gc] GC(1391) Pause Remark 132M->132M(253M) 0.389ms
[99.124s][info][gc] GC(1391) Pause Cleanup 150M->150M(253M) 0.048ms
[99.125s][info][gc] GC(1391) Concurrent Mark Cycle 24.787ms
[99.150s][info][gc] GC(1392) Pause Young (Prepare Mixed) (G1 Evacuation Pause) 229M->90M(253M) 1.173ms
[99.202s][info][gc] GC(1393) Pause Young (Mixed) (G1 Evacuation Pause) 228M->91M(253M) 1.416ms
[99.247s][info][gc] GC(1394) Pause Young (Normal) (G1 Evacuation Pause) 225M->92M(253M) 1.261ms
[99.300s][info][gc] GC(1395) Pause Young (Normal) (G1 Evacuation Pause) 227M->93M(253M) 1.306ms
[99.343s][info][gc] GC(1396) Pause Young (Normal) (G1 Evacuation Pause) 225M->93M(253M) 1.238ms
[99.396s][info][gc] GC(1397) Pause Young (Normal) (G1 Evacuation Pause) 229M->96M(253M) 1.689ms
[99.444s][info][gc] GC(1398) Pause Young (Concurrent Start) (G1 Evacuation Pause) 226M->97M(253M) 1.368ms
[99.444s][info][gc] GC(1399) Concurrent Mark Cycle
[99.460s][info][gc] GC(1399) Pause Remark 139M->139M(253M) 0.374ms
[99.468s][info][gc] GC(1399) Pause Cleanup 161M->161M(253M) 0.049ms
[99.468s][info][gc] GC(1399) Concurrent Mark Cycle 23.875ms
[99.493s][info][gc] GC(1400) Pause Young (Prepare Mixed) (G1 Evacuation Pause) 227M->98M(253M) 1.348ms
[99.541s][info][gc] GC(1401) Pause Young (Mixed) (G1 Evacuation Pause) 227M->99M(253M) 1.414ms
[99.585s][info][gc] GC(1402) Pause Young (Concurrent Start) (G1 Evacuation Pause) 227M->100M(253M) 1.320ms
[99.585s][info][gc] GC(1403) Concurrent Mark Cycle
[99.610s][info][gc] GC(1403) Pause Remark 173M->173M(253M) 0.378ms
[99.621s][info][gc] GC(1403) Pause Cleanup 191M->191M(253M) 0.049ms
[99.621s][info][gc] GC(1403) Concurrent Mark Cycle 36.176ms
[99.638s][info][gc] GC(1404) Pause Young (Prepare Mixed) (G1 Evacuation Pause) 227M->101M(253M) 1.299ms
[99.681s][info][gc] GC(1405) Pause Young (Mixed) (G1 Evacuation Pause) 226M->103M(253M) 1.494ms
[99.728s][info][gc] GC(1406) Pause Young (Concurrent Start) (G1 Evacuation Pause) 227M->103M(253M) 1.367ms
[99.728s][info][gc] GC(1407) Concurrent Mark Cycle
[99.746s][info][gc] GC(1407) Pause Remark 143M->143M(253M) 0.418ms
[99.757s][info][gc] GC(1407) Pause Cleanup 168M->168M(253M) 0.064ms
[99.757s][info][gc] GC(1407) Concurrent Mark Cycle 28.827ms
[99.777s][info][gc] GC(1408) Pause Young (Prepare Mixed) (G1 Evacuation Pause) 229M->105M(253M) 1.254ms
[99.825s][info][gc] GC(1409) Pause Young (Mixed) (G1 Evacuation Pause) 227M->105M(253M) 1.312ms
[99.867s][info][gc] GC(1410) Pause Young (Concurrent Start) (G1 Evacuation Pause) 229M->106M(253M) 1.238ms
[99.867s][info][gc] GC(1411) Concurrent Mark Cycle
[99.888s][info][gc] GC(1411) Pause Remark 160M->160M(253M) 0.383ms
[99.899s][info][gc] GC(1411) Pause Cleanup 187M->187M(253M) 0.053ms
[99.900s][info][gc] GC(1411) Concurrent Mark Cycle 32.119ms
[99.919s][info][gc] GC(1412) Pause Young (Prepare Mixed) (G1 Evacuation Pause) 226M->107M(253M) 1.282ms
[99.961s][info][gc] GC(1413) Pause Young (Mixed) (G1 Evacuation Pause) 226M->108M(253M) 1.432ms
[100.007s][info][gc] GC(1414) Pause Young (Concurrent Start) (G1 Evacuation Pause) 228M->109M(253M) 1.278ms
[100.007s][info][gc] GC(1415) Concurrent Mark Cycle
[100.026s][info][gc] GC(1415) Pause Remark 160M->160M(253M) 0.375ms
[100.038s][info][gc] GC(1415) Pause Cleanup 194M->194M(253M) 0.056ms
[100.038s][info][gc] GC(1415) Concurrent Mark Cycle 30.445ms
[100.054s][info][gc] GC(1416) Pause Young (Prepare Mixed) (G1 Evacuation Pause) 228M->110M(253M) 1.289ms
[100.097s][info][gc] GC(1417) Pause Young (Mixed) (G1 Evacuation Pause) 226M->111M(253M) 1.453ms
[100.137s][info][gc] GC(1418) Pause Young (Concurrent Start) (G1 Evacuation Pause) 227M->112M(253M) 1.226ms
[100.137s][info][gc] GC(1419) Concurrent Mark Cycle
[100.157s][info][gc] GC(1419) Pause Remark 168M->168M(253M) 0.387ms
[100.170s][info][gc] GC(1419) Pause Cleanup 200M->200M(253M) 0.054ms
[100.170s][info][gc] GC(1419) Concurrent Mark Cycle 33.186ms
[100.183s][info][gc] GC(1420) Pause Young (Prepare Mixed) (G1 Evacuation Pause) 228M->112M(253M) 1.224ms
[100.228s][info][gc] GC(1421) Pause Young (Mixed) (G1 Evacuation Pause) 228M->114M(326M) 1.393ms
[100.290s][info][gc] GC(1422) Pause Young (Normal) (G1 Evacuation Pause) 297M->114M(326M) 1.318ms
[100.358s][info][gc] GC(1423) Pause Young (Normal) (G1 Evacuation Pause) 297M->116M(326M) 1.460ms
[100.421s][info][gc] GC(1424) Pause Young (Normal) (G1 Evacuation Pause) 295M->117M(326M) 1.478ms
[100.488s][info][gc] GC(1425) Pause Young (Normal) (G1 Evacuation Pause) 294M->120M(326M) 1.520ms
[100.549s][info][gc] GC(1426) Pause Young (Normal) (G1 Evacuation Pause) 293M->120M(326M) 1.626ms
[100.615s][info][gc] GC(1427) Pause Young (Normal) (G1 Evacuation Pause) 294M->123M(326M) 1.661ms
[100.672s][info][gc] GC(1428) Pause Young (Normal) (G1 Evacuation Pause) 292M->123M(326M) 1.520ms
[100.735s][info][gc] GC(1429) Pause Young (Concurrent Start) (G1 Evacuation Pause) 294M->126M(326M) 1.529ms
[100.735s][info][gc] GC(1430) Concurrent Mark Cycle
[100.765s][info][gc] GC(1430) Pause Remark 209M->209M(326M) 0.391ms
[100.779s][info][gc] GC(1430) Pause Cleanup 237M->237M(326M) 0.053ms
[100.779s][info][gc] GC(1430) Concurrent Mark Cycle 44.575ms
[100.800s][info][gc] GC(1431) Pause Young (Prepare Mixed) (G1 Evacuation Pause) 293M->127M(326M) 1.553ms
[100.858s][info][gc] GC(1432) Pause Young (Mixed) (G1 Evacuation Pause) 295M->128M(326M) 1.414ms
[100.923s][info][gc] GC(1433) Pause Young (Concurrent Start) (G1 Evacuation Pause) 294M->130M(326M) 1.485ms
[100.923s][info][gc] GC(1434) Concurrent Mark Cycle
[100.948s][info][gc] GC(1434) Pause Remark 196M->196M(326M) 0.380ms
[100.959s][info][gc] GC(1434) Pause Cleanup 223M->223M(326M) 0.058ms
[100.960s][info][gc] GC(1434) Concurrent Mark Cycle 36.706ms
[100.985s][info][gc] GC(1435) Pause Young (Prepare Mixed) (G1 Evacuation Pause) 294M->131M(326M) 1.565ms
[101.046s][info][gc] GC(1436) Pause Young (Mixed) (G1 Evacuation Pause) 294M->132M(326M) 1.476ms
[101.106s][info][gc] GC(1437) Pause Young (Concurrent Start) (G1 Evacuation Pause) 294M->133M(326M) 1.517ms
[101.106s][info][gc] GC(1438) Concurrent Mark Cycle
[101.133s][info][gc] GC(1438) Pause Remark 204M->204M(326M) 0.407ms
[101.146s][info][gc] GC(1438) Pause Cleanup 228M->228M(326M) 0.057ms
[101.146s][info][gc] GC(1438) Concurrent Mark Cycle 40.305ms
[101.171s][info][gc] GC(1439) Pause Young (Prepare Mixed) (G1 Evacuation Pause) 293M->136M(326M) 1.506ms
[101.228s][info][gc] GC(1440) Pause Young (Mixed) (G1 Evacuation Pause) 295M->136M(326M) 1.562ms
[101.289s][info][gc] GC(1441) Pause Young (Concurrent Start) (G1 Evacuation Pause) 296M->138M(326M) 1.406ms
[101.289s][info][gc] GC(1442) Concurrent Mark Cycle
[101.313s][info][gc] GC(1442) Pause Remark 194M->194M(326M) 0.372ms
[101.327s][info][gc] GC(1442) Pause Cleanup 230M->230M(326M) 0.057ms
[101.327s][info][gc] GC(1442) Concurrent Mark Cycle 38.684ms
[101.357s][info][gc] GC(1443) Pause Young (Prepare Mixed) (G1 Evacuation Pause) 294M->139M(326M) 1.496ms
[101.411s][info][gc] GC(1444) Pause Young (Mixed) (G1 Evacuation Pause) 293M->139M(326M) 1.700ms
[101.470s][info][gc] GC(1445) Pause Young (Concurrent Start) (G1 Evacuation Pause) 295M->142M(326M) 1.432ms
[101.470s][info][gc] GC(1446) Concurrent Mark Cycle
[101.494s][info][gc] GC(1446) Pause Remark 203M->203M(326M) 0.384ms
[101.508s][info][gc] GC(1446) Pause Cleanup 234M->234M(326M) 0.068ms
[101.509s][info][gc] GC(1446) Concurrent Mark Cycle 38.931ms
[101.534s][info][gc] GC(1447) Pause Young (Prepare Mixed) (G1 Evacuation Pause) 294M->143M(326M) 1.560ms
[101.588s][info][gc] GC(1448) Pause Young (Mixed) (G1 Evacuation Pause) 296M->143M(326M) 1.378ms
[101.645s][info][gc] GC(1449) Pause Young (Concurrent Start) (G1 Evacuation Pause) 296M->144M(326M) 1.492ms
[101.645s][info][gc] GC(1450) Concurrent Mark Cycle
[101.674s][info][gc] GC(1450) Pause Remark 214M->214M(326M) 0.382ms
[101.689s][info][gc] GC(1450) Pause Cleanup 252M->252M(326M) 0.055ms
[101.689s][info][gc] GC(1450) Concurrent Mark Cycle 43.975ms
[101.723s][info][gc] GC(1451) Pause Young (Prepare Mixed) (G1 Evacuation Pause) 295M->143M(326M) 1.233ms
[101.997s][info][gc] GC(1452) Pause Young (Mixed) (G1 Evacuation Pause) 296M->149M(326M) 2.012ms
[102.041s][info][gc] GC(1453) Pause Young (Concurrent Start) (G1 Evacuation Pause) 291M->151M(326M) 1.595ms
[102.041s][info][gc] GC(1454) Concurrent Mark Cycle
[102.050s][info][gc] GC(1454) Pause Remark 177M->107M(274M) 0.451ms
[102.055s][info][gc] GC(1454) Pause Cleanup 123M->123M(274M) 0.065ms
[102.055s][info][gc] GC(1454) Concurrent Mark Cycle 14.068ms
[102.099s][info][gc] GC(1455) Pause Young (Prepare Mixed) (G1 Evacuation Pause) 228M->83M(274M) 1.492ms
[102.143s][info][gc] GC(1456) Pause Young (Mixed) (G1 Evacuation Pause) 234M->70M(274M) 1.329ms
[102.200s][info][gc] GC(1457) Pause Young (Normal) (G1 Evacuation Pause) 222M->72M(274M) 1.750ms
[102.249s][info][gc] GC(1458) Pause Young (Normal) (G1 Evacuation Pause) 222M->72M(274M) 1.735ms
[102.307s][info][gc] GC(1459) Pause Young (Normal) (G1 Evacuation Pause) 225M->74M(274M) 1.468ms
[102.357s][info][gc] GC(1460) Pause Young (Normal) (G1 Evacuation Pause) 226M->75M(274M) 1.564ms
[102.419s][info][gc] GC(1461) Pause Young (Normal) (G1 Evacuation Pause) 227M->77M(274M) 1.488ms
[102.465s][info][gc] GC(1462) Pause Young (Normal) (G1 Evacuation Pause) 228M->77M(274M) 1.310ms
[102.521s][info][gc] GC(1463) Pause Young (Normal) (G1 Evacuation Pause) 229M->78M(274M) 1.407ms
[102.569s][info][gc] GC(1464) Pause Young (Normal) (G1 Evacuation Pause) 229M->79M(274M) 1.523ms
[102.626s][info][gc] GC(1465) Pause Young (Normal) (G1 Evacuation Pause) 232M->82M(274M) 1.599ms
[102.677s][info][gc] GC(1466) Pause Young (Normal) (G1 Evacuation Pause) 232M->82M(274M) 1.436ms
[102.728s][info][gc] GC(1467) Pause Young (Normal) (G1 Evacuation Pause) 234M->84M(274M) 1.409ms
[102.778s][info][gc] GC(1468) Pause Young (Normal) (G1 Evacuation Pause) 234M->85M(274M) 1.552ms
[102.828s][info][gc] GC(1469) Pause Young (Normal) (G1 Evacuation Pause) 237M->87M(274M) 1.434ms
[102.881s][info][gc] GC(1470) Pause Young (Normal) (G1 Evacuation Pause) 238M->88M(274M) 1.624ms
[102.929s][info][gc] GC(1471) Pause Young (Normal) (G1 Evacuation Pause) 239M->89M(274M) 1.497ms
[102.983s][info][gc] GC(1472) Pause Young (Normal) (G1 Evacuation Pause) 240M->89M(274M) 1.392ms
[103.032s][info][gc] GC(1473) Pause Young (Normal) (G1 Evacuation Pause) 241M->91M(274M) 1.541ms
[103.087s][info][gc] GC(1474) Pause Young (Normal) (G1 Evacuation Pause) 242M->93M(274M) 1.485ms
[103.134s][info][gc] GC(1475) Pause Young (Normal) (G1 Evacuation Pause) 243M->93M(274M) 1.447ms
[103.189s][info][gc] GC(1476) Pause Young (Normal) (G1 Evacuation Pause) 244M->95M(274M) 1.413ms
[103.236s][info][gc] GC(1477) Pause Young (Normal) (G1 Evacuation Pause) 244M->96M(274M) 1.445ms
[103.292s][info][gc] GC(1478) Pause Young (Normal) (G1 Evacuation Pause) 247M->98M(274M) 1.452ms
[103.337s][info][gc] GC(1479) Pause Young (Normal) (G1 Evacuation Pause) 243M->98M(274M) 1.425ms
[103.627s][info][gc] GC(1480) Pause Young (Normal) (G1 Evacuation Pause) 247M->101M(274M) 1.528ms
[103.671s][info][gc] GC(1481) Pause Young (Normal) (G1 Evacuation Pause) 242M->102M(274M) 1.426ms
[103.721s][info][gc] GC(1482) Pause Young (Concurrent Start) (G1 Evacuation Pause) 244M->104M(274M) 1.410ms
[103.721s][info][gc] GC(1483) Concurrent Mark Cycle
[103.730s][info][gc] GC(1483) Pause Remark 135M->100M(234M) 0.449ms
[103.734s][info][gc] GC(1483) Pause Cleanup 114M->114M(234M) 0.058ms
[103.735s][info][gc] GC(1483) Concurrent Mark Cycle 13.196ms
[103.768s][info][gc] GC(1484) Pause Young (Prepare Mixed) (G1 Evacuation Pause) 210M->70M(234M) 1.535ms
[103.809s][info][gc] GC(1485) Pause Young (Mixed) (G1 Evacuation Pause) 198M->64M(234M) 1.413ms
[103.856s][info][gc] GC(1486) Pause Young (Normal) (G1 Evacuation Pause) 196M->66M(234M) 1.244ms
[103.903s][info][gc] GC(1487) Pause Young (Normal) (G1 Evacuation Pause) 195M->66M(234M) 1.410ms
[103.950s][info][gc] GC(1488) Pause Young (Normal) (G1 Evacuation Pause) 196M->67M(234M) 1.263ms
[103.991s][info][gc] GC(1489) Pause Young (Normal) (G1 Evacuation Pause) 196M->69M(234M) 1.297ms
[104.039s][info][gc] GC(1490) Pause Young (Normal) (G1 Evacuation Pause) 198M->70M(234M) 1.328ms
[104.078s][info][gc] GC(1491) Pause Young (Normal) (G1 Evacuation Pause) 199M->72M(234M) 1.401ms
[104.124s][info][gc] GC(1492) Pause Young (Normal) (G1 Evacuation Pause) 200M->72M(234M) 1.256ms
[104.165s][info][gc] GC(1493) Pause Young (Normal) (G1 Evacuation Pause) 201M->74M(234M) 1.302ms
[104.211s][info][gc] GC(1494) Pause Young (Normal) (G1 Evacuation Pause) 203M->75M(234M) 1.337ms
[104.254s][info][gc] GC(1495) Pause Young (Normal) (G1 Evacuation Pause) 204M->77M(234M) 1.303ms
[104.299s][info][gc] GC(1496) Pause Young (Normal) (G1 Evacuation Pause) 205M->77M(234M) 1.420ms
[104.343s][info][gc] GC(1497) Pause Young (Normal) (G1 Evacuation Pause) 207M->78M(234M) 1.367ms
[104.385s][info][gc] GC(1498) Pause Young (Normal) (G1 Evacuation Pause) 207M->79M(234M) 1.467ms
[104.431s][info][gc] GC(1499) Pause Young (Normal) (G1 Evacuation Pause) 208M->80M(234M) 1.436ms
[104.472s][info][gc] GC(1500) Pause Young (Normal) (G1 Evacuation Pause) 208M->81M(234M) 1.253ms
[104.518s][info][gc] GC(1501) Pause Young (Normal) (G1 Evacuation Pause) 209M->83M(234M) 1.388ms
[104.557s][info][gc] GC(1502) Pause Young (Normal) (G1 Evacuation Pause) 207M->84M(234M) 1.284ms
[104.602s][info][gc] GC(1503) Pause Young (Normal) (G1 Evacuation Pause) 210M->84M(234M) 1.375ms
[104.643s][info][gc] GC(1504) Pause Young (Concurrent Start) (G1 Evacuation Pause) 208M->86M(234M) 1.412ms
[104.643s][info][gc] GC(1505) Concurrent Mark Cycle
[104.656s][info][gc] GC(1505) Pause Remark 127M->123M(234M) 0.399ms
[104.663s][info][gc] GC(1505) Pause Cleanup 142M->142M(234M) 0.062ms
[104.663s][info][gc] GC(1505) Concurrent Mark Cycle 20.104ms
[104.684s][info][gc] GC(1506) Pause Young (Prepare Mixed) (G1 Evacuation Pause) 203M->83M(234M) 1.290ms
[104.729s][info][gc] GC(1507) Pause Young (Mixed) (G1 Evacuation Pause) 209M->81M(234M) 1.404ms
[104.768s][info][gc] GC(1508) Pause Young (Normal) (G1 Evacuation Pause) 209M->81M(234M) 1.404ms
[104.814s][info][gc] GC(1509) Pause Young (Normal) (G1 Evacuation Pause) 208M->82M(234M) 1.350ms
[104.854s][info][gc] GC(1510) Pause Young (Normal) (G1 Evacuation Pause) 208M->84M(234M) 1.309ms
[104.896s][info][gc] GC(1511) Pause Young (Normal) (G1 Evacuation Pause) 209M->85M(234M) 1.343ms
[104.939s][info][gc] GC(1512) Pause Young (Normal) (G1 Evacuation Pause) 209M->86M(234M) 1.297ms
[104.984s][info][gc] GC(1513) Pause Young (Concurrent Start) (G1 Evacuation Pause) 210M->85M(234M) 1.083ms
[104.984s][info][gc] GC(1514) Concurrent Mark Cycle
[104.994s][info][gc] GC(1514) Pause Remark 96M->96M(234M) 0.383ms
[105.001s][info][gc] GC(1514) Pause Cleanup 104M->104M(234M) 0.051ms
[105.001s][info][gc] GC(1514) Concurrent Mark Cycle 17.053ms
[105.257s][info][gc] GC(1515) Pause Young (Prepare Mixed) (G1 Evacuation Pause) 212M->89M(234M) 1.371ms
[105.293s][info][gc] GC(1516) Pause Young (Mixed) (G1 Evacuation Pause) 208M->87M(234M) 1.397ms
[105.332s][info][gc] GC(1517) Pause Young (Concurrent Start) (G1 Evacuation Pause) 209M->88M(234M) 1.277ms
[105.332s][info][gc] GC(1518) Concurrent Mark Cycle
[105.339s][info][gc] GC(1518) Pause Remark 100M->71M(200M) 0.417ms
[105.343s][info][gc] GC(1518) Pause Cleanup 76M->76M(200M) 0.065ms
[105.343s][info][gc] GC(1518) Concurrent Mark Cycle 10.874ms
[105.379s][info][gc] GC(1519) Pause Young (Prepare Mixed) (G1 Evacuation Pause) 182M->61M(200M) 1.338ms
[105.411s][info][gc] GC(1520) Pause Young (Mixed) (G1 Evacuation Pause) 170M->59M(200M) 1.468ms
[105.452s][info][gc] GC(1521) Pause Young (Normal) (G1 Evacuation Pause) 170M->61M(200M) 1.158ms
[105.488s][info][gc] GC(1522) Pause Young (Normal) (G1 Evacuation Pause) 172M->61M(200M) 1.215ms
[105.526s][info][gc] GC(1523) Pause Young (Normal) (G1 Evacuation Pause) 171M->61M(200M) 1.184ms
[105.563s][info][gc] GC(1524) Pause Young (Normal) (G1 Evacuation Pause) 173M->63M(200M) 1.227ms
[105.595s][info][gc] GC(1525) Pause Young (Normal) (G1 Evacuation Pause) 173M->63M(233M) 1.216ms
[105.646s][info][gc] GC(1526) Pause Young (Normal) (G1 Evacuation Pause) 194M->65M(233M) 1.226ms
[105.684s][info][gc] GC(1527) Pause Young (Normal) (G1 Evacuation Pause) 194M->65M(233M) 1.277ms
[105.730s][info][gc] GC(1528) Pause Young (Normal) (G1 Evacuation Pause) 194M->66M(233M) 1.261ms
[105.771s][info][gc] GC(1529) Pause Young (Normal) (G1 Evacuation Pause) 195M->68M(233M) 1.281ms
[105.817s][info][gc] GC(1530) Pause Young (Normal) (G1 Evacuation Pause) 196M->69M(233M) 1.292ms
[105.857s][info][gc] GC(1531) Pause Young (Normal) (G1 Evacuation Pause) 197M->70M(233M) 1.315ms
[105.902s][info][gc] GC(1532) Pause Young (Normal) (G1 Evacuation Pause) 198M->70M(233M) 1.270ms
[105.945s][info][gc] GC(1533) Pause Young (Normal) (G1 Evacuation Pause) 199M->73M(233M) 1.369ms
[105.984s][info][gc] GC(1534) Pause Young (Normal) (G1 Evacuation Pause) 200M->73M(233M) 1.319ms
[106.033s][info][gc] GC(1535) Pause Young (Normal) (G1 Evacuation Pause) 203M->74M(233M) 1.350ms
[106.073s][info][gc] GC(1536) Pause Young (Normal) (G1 Evacuation Pause) 202M->75M(233M) 1.302ms
[106.119s][info][gc] GC(1537) Pause Young (Normal) (G1 Evacuation Pause) 203M->77M(233M) 1.372ms
[106.161s][info][gc] GC(1538) Pause Young (Normal) (G1 Evacuation Pause) 205M->77M(233M) 1.276ms
[106.209s][info][gc] GC(1539) Pause Young (Normal) (G1 Evacuation Pause) 206M->79M(233M) 1.397ms
[106.250s][info][gc] GC(1540) Pause Young (Normal) (G1 Evacuation Pause) 207M->80M(233M) 1.372ms
[106.299s][info][gc] GC(1541) Pause Young (Normal) (G1 Evacuation Pause) 209M->82M(233M) 1.319ms
[106.338s][info][gc] GC(1542) Pause Young (Normal) (G1 Evacuation Pause) 207M->82M(233M) 1.333ms
[106.387s][info][gc] GC(1543) Pause Young (Normal) (G1 Evacuation Pause) 209M->83M(233M) 1.272ms
[106.428s][info][gc] GC(1544) Pause Young (Normal) (G1 Evacuation Pause) 208M->84M(233M) 1.336ms
[106.470s][info][gc] GC(1545) Pause Young (Normal) (G1 Evacuation Pause) 208M->84M(233M) 1.202ms
[106.513s][info][gc] GC(1546) Pause Young (Concurrent Start) (G1 Evacuation Pause) 209M->86M(233M) 1.288ms
[106.513s][info][gc] GC(1547) Concurrent Mark Cycle
[106.529s][info][gc] GC(1547) Pause Remark 127M->126M(233M) 0.447ms
[106.542s][info][gc] GC(1547) Pause Cleanup 166M->166M(233M) 0.071ms
[106.543s][info][gc] GC(1547) Concurrent Mark Cycle 29.257ms
[106.555s][info][gc] GC(1548) Pause Young (Prepare Mixed) (G1 Evacuation Pause) 206M->85M(233M) 1.213ms
[106.614s][info][gc] GC(1549) Pause Young (Mixed) (G1 Evacuation Pause) 210M->82M(233M) 1.079ms
[106.886s][info][gc] GC(1550) Pause Young (Normal) (G1 Evacuation Pause) 211M->89M(233M) 1.605ms
[106.926s][info][gc] GC(1551) Pause Young (Normal) (G1 Evacuation Pause) 202M->90M(233M) 1.603ms
[106.968s][info][gc] GC(1552) Pause Young (Concurrent Start) (G1 Evacuation Pause) 207M->89M(233M) 1.451ms
[106.968s][info][gc] GC(1553) Concurrent Mark Cycle
[106.973s][info][gc] GC(1553) Pause Remark 96M->63M(194M) 0.446ms
[106.977s][info][gc] GC(1553) Pause Cleanup 67M->67M(194M) 0.073ms
[106.978s][info][gc] GC(1553) Concurrent Mark Cycle 9.189ms
[107.021s][info][gc] GC(1554) Pause Young (Prepare Mixed) (G1 Evacuation Pause) 180M->60M(194M) 1.200ms
[107.059s][info][gc] GC(1555) Pause Young (Mixed) (G1 Evacuation Pause) 168M->46M(194M) 1.380ms
[107.110s][info][gc] GC(1556) Pause Young (Normal) (G1 Evacuation Pause) 153M->47M(194M) 1.422ms
[107.150s][info][gc] GC(1557) Pause Young (Normal) (G1 Evacuation Pause) 154M->48M(194M) 1.264ms
[107.183s][info][gc] GC(1558) Pause Young (Normal) (G1 Evacuation Pause) 155M->47M(241M) 1.163ms
[107.241s][info][gc] GC(1559) Pause Young (Normal) (G1 Evacuation Pause) 183M->49M(241M) 1.292ms
[107.286s][info][gc] GC(1560) Pause Young (Normal) (G1 Evacuation Pause) 184M->50M(241M) 1.230ms
[107.342s][info][gc] GC(1561) Pause Young (Normal) (G1 Evacuation Pause) 184M->52M(241M) 1.364ms
[107.388s][info][gc] GC(1562) Pause Young (Normal) (G1 Evacuation Pause) 184M->52M(241M) 1.358ms
[107.446s][info][gc] GC(1563) Pause Young (Normal) (G1 Evacuation Pause) 186M->55M(241M) 1.631ms
[107.487s][info][gc] GC(1564) Pause Young (Normal) (G1 Evacuation Pause) 187M->55M(241M) 1.350ms
[107.539s][info][gc] GC(1565) Pause Young (Normal) (G1 Evacuation Pause) 189M->56M(241M) 1.357ms
[107.587s][info][gc] GC(1566) Pause Young (Normal) (G1 Evacuation Pause) 188M->57M(241M) 1.421ms
[107.643s][info][gc] GC(1567) Pause Young (Normal) (G1 Evacuation Pause) 190M->58M(241M) 1.443ms
[107.690s][info][gc] GC(1568) Pause Young (Normal) (G1 Evacuation Pause) 191M->60M(241M) 1.467ms
[107.738s][info][gc] GC(1569) Pause Young (Normal) (G1 Evacuation Pause) 192M->59M(241M) 1.265ms
[107.789s][info][gc] GC(1570) Pause Young (Normal) (G1 Evacuation Pause) 194M->61M(241M) 1.307ms
[107.837s][info][gc] GC(1571) Pause Young (Normal) (G1 Evacuation Pause) 194M->62M(241M) 1.331ms
[107.890s][info][gc] GC(1572) Pause Young (Normal) (G1 Evacuation Pause) 195M->64M(241M) 1.419ms
[107.938s][info][gc] GC(1573) Pause Young (Normal) (G1 Evacuation Pause) 197M->65M(241M) 1.338ms
[107.994s][info][gc] GC(1574) Pause Young (Normal) (G1 Evacuation Pause) 199M->67M(241M) 1.467ms
[108.040s][info][gc] GC(1575) Pause Young (Normal) (G1 Evacuation Pause) 200M->67M(241M) 1.270ms
[108.095s][info][gc] GC(1576) Pause Young (Normal) (G1 Evacuation Pause) 201M->69M(241M) 1.402ms
[108.141s][info][gc] GC(1577) Pause Young (Normal) (G1 Evacuation Pause) 202M->69M(241M) 1.321ms
[108.196s][info][gc] GC(1578) Pause Young (Normal) (G1 Evacuation Pause) 203M->70M(241M) 1.429ms
[108.244s][info][gc] GC(1579) Pause Young (Normal) (G1 Evacuation Pause) 203M->72M(241M) 1.421ms
[108.298s][info][gc] GC(1580) Pause Young (Normal) (G1 Evacuation Pause) 206M->73M(241M) 1.382ms
[108.348s][info][gc] GC(1581) Pause Young (Normal) (G1 Evacuation Pause) 206M->74M(241M) 1.659ms
[108.400s][info][gc] GC(1582) Pause Young (Normal) (G1 Evacuation Pause) 206M->75M(241M) 1.517ms
[108.449s][info][gc] GC(1583) Pause Young (Normal) (G1 Evacuation Pause) 209M->76M(241M) 1.509ms
[108.494s][info][gc] GC(1584) Pause Young (Normal) (G1 Evacuation Pause) 209M->75M(241M) 1.398ms
[108.549s][info][gc] GC(1585) Pause Young (Normal) (G1 Evacuation Pause) 209M->78M(241M) 1.409ms
[108.596s][info][gc] GC(1586) Pause Young (Normal) (G1 Evacuation Pause) 210M->79M(241M) 1.702ms
[108.651s][info][gc] GC(1587) Pause Young (Normal) (G1 Evacuation Pause) 211M->81M(241M) 1.430ms
[108.700s][info][gc] GC(1588) Pause Young (Normal) (G1 Evacuation Pause) 213M->82M(241M) 1.392ms
[108.752s][info][gc] GC(1589) Pause Young (Normal) (G1 Evacuation Pause) 215M->83M(241M) 1.377ms
[108.801s][info][gc] GC(1590) Pause Young (Normal) (G1 Evacuation Pause) 215M->85M(241M) 1.383ms
[108.858s][info][gc] GC(1591) Pause Young (Normal) (G1 Evacuation Pause) 215M->86M(241M) 1.375ms
[108.907s][info][gc] GC(1592) Pause Young (Normal) (G1 Evacuation Pause) 216M->86M(241M) 1.289ms
[108.960s][info][gc] GC(1593) Pause Young (Normal) (G1 Evacuation Pause) 217M->87M(241M) 1.240ms
[109.007s][info][gc] GC(1594) Pause Young (Normal) (G1 Evacuation Pause) 214M->89M(241M) 1.423ms
[109.050s][info][gc] GC(1595) Pause Young (Normal) (G1 Evacuation Pause) 214M->88M(241M) 1.248ms
[109.106s][info][gc] GC(1596) Pause Young (Concurrent Start) (G1 Evacuation Pause) 217M->91M(241M) 1.488ms
[109.106s][info][gc] GC(1597) Concurrent Mark Cycle
[109.122s][info][gc] GC(1597) Pause Remark 135M->134M(241M) 0.416ms
[109.132s][info][gc] GC(1597) Pause Cleanup 161M->161M(241M) 0.079ms
[109.132s][info][gc] GC(1597) Concurrent Mark Cycle 26.150ms
[109.150s][info][gc] GC(1598) Pause Young (Prepare Mixed) (G1 Evacuation Pause) 213M->90M(241M) 1.269ms
[109.205s][info][gc] GC(1599) Pause Young (Mixed) (G1 Evacuation Pause) 216M->90M(241M) 1.400ms
[109.253s][info][gc] GC(1600) Pause Young (Concurrent Start) (G1 Evacuation Pause) 216M->90M(241M) 1.382ms
[109.253s][info][gc] GC(1601) Concurrent Mark Cycle
[109.268s][info][gc] GC(1601) Pause Remark 129M->129M(241M) 0.445ms
[109.279s][info][gc] GC(1601) Pause Cleanup 156M->156M(241M) 0.065ms
[109.279s][info][gc] GC(1601) Concurrent Mark Cycle 26.270ms
[109.308s][info][gc] GC(1602) Pause Young (Prepare Mixed) (G1 Evacuation Pause) 216M->91M(241M) 1.223ms
[109.357s][info][gc] GC(1603) Pause Young (Mixed) (G1 Evacuation Pause) 218M->91M(241M) 1.406ms
[109.402s][info][gc] GC(1604) Pause Young (Concurrent Start) (G1 Evacuation Pause) 216M->91M(241M) 1.317ms
[109.402s][info][gc] GC(1605) Concurrent Mark Cycle
[109.418s][info][gc] GC(1605) Pause Remark 116M->116M(241M) 0.481ms
[109.426s][info][gc] GC(1605) Pause Cleanup 132M->132M(241M) 0.049ms
[109.426s][info][gc] GC(1605) Concurrent Mark Cycle 24.241ms
[109.457s][info][gc] GC(1606) Pause Young (Prepare Mixed) (G1 Evacuation Pause) 218M->93M(241M) 1.297ms
[109.500s][info][gc] GC(1607) Pause Young (Mixed) (G1 Evacuation Pause) 216M->91M(241M) 1.348ms
[109.550s][info][gc] GC(1608) Pause Young (Concurrent Start) (G1 Evacuation Pause) 216M->92M(241M) 1.336ms
[109.550s][info][gc] GC(1609) Concurrent Mark Cycle
[109.568s][info][gc] GC(1609) Pause Remark 142M->142M(241M) 0.381ms
[109.576s][info][gc] GC(1609) Pause Cleanup 164M->164M(241M) 0.048ms
[109.576s][info][gc] GC(1609) Concurrent Mark Cycle 26.587ms
[109.598s][info][gc] GC(1610) Pause Young (Prepare Mixed) (G1 Evacuation Pause) 215M->93M(241M) 1.386ms
[109.652s][info][gc] GC(1611) Pause Young (Mixed) (G1 Evacuation Pause) 218M->93M(276M) 1.431ms
[109.706s][info][gc] GC(1612) Pause Young (Normal) (G1 Evacuation Pause) 248M->95M(276M) 1.336ms
[109.764s][info][gc] GC(1613) Pause Young (Normal) (G1 Evacuation Pause) 249M->95M(276M) 1.393ms
[109.819s][info][gc] GC(1614) Pause Young (Normal) (G1 Evacuation Pause) 247M->97M(276M) 1.467ms
[109.881s][info][gc] GC(1615) Pause Young (Normal) (G1 Evacuation Pause) 245M->99M(276M) 1.673ms
[109.933s][info][gc] GC(1616) Pause Young (Normal) (G1 Evacuation Pause) 245M->100M(276M) 1.587ms
[109.991s][info][gc] GC(1617) Pause Young (Normal) (G1 Evacuation Pause) 249M->102M(276M) 1.390ms
[110.044s][info][gc] GC(1618) Pause Young (Normal) (G1 Evacuation Pause) 247M->102M(276M) 1.523ms
[110.102s][info][gc] GC(1619) Pause Young (Normal) (G1 Evacuation Pause) 248M->103M(276M) 1.387ms
[110.155s][info][gc] GC(1620) Pause Young (Normal) (G1 Evacuation Pause) 248M->105M(276M) 1.405ms
[110.211s][info][gc] GC(1621) Pause Young (Concurrent Start) (G1 Evacuation Pause) 248M->106M(276M) 1.508ms
[110.211s][info][gc] GC(1622) Concurrent Mark Cycle
[110.229s][info][gc] GC(1622) Pause Remark 147M->147M(276M) 0.424ms
[110.238s][info][gc] GC(1622) Pause Cleanup 167M->167M(276M) 0.052ms
[110.239s][info][gc] GC(1622) Concurrent Mark Cycle 28.126ms
[110.267s][info][gc] GC(1623) Pause Young (Prepare Mixed) (G1 Evacuation Pause) 248M->107M(276M) 1.394ms
[110.324s][info][gc] GC(1624) Pause Young (Mixed) (G1 Evacuation Pause) 248M->107M(276M) 1.549ms
[110.375s][info][gc] GC(1625) Pause Young (Concurrent Start) (G1 Evacuation Pause) 247M->108M(276M) 1.443ms
[110.375s][info][gc] GC(1626) Concurrent Mark Cycle
[110.394s][info][gc] GC(1626) Pause Remark 151M->151M(276M) 0.439ms
[110.406s][info][gc] GC(1626) Pause Cleanup 185M->185M(276M) 0.065ms
[110.406s][info][gc] GC(1626) Concurrent Mark Cycle 31.310ms
[110.436s][info][gc] GC(1627) Pause Young (Prepare Mixed) (G1 Evacuation Pause) 247M->110M(276M) 1.404ms
[110.486s][info][gc] GC(1628) Pause Young (Mixed) (G1 Evacuation Pause) 248M->110M(276M) 1.387ms
[110.538s][info][gc] GC(1629) Pause Young (Concurrent Start) (G1 Evacuation Pause) 249M->111M(276M) 1.444ms
[110.538s][info][gc] GC(1630) Concurrent Mark Cycle
[110.555s][info][gc] GC(1630) Pause Remark 148M->148M(276M) 0.402ms
[110.580s][info][gc] GC(1630) Pause Cleanup 221M->221M(276M) 0.075ms
[110.580s][info][gc] GC(1630) Concurrent Mark Cycle 42.332ms
[110.592s][info][gc] GC(1631) Pause Young (Prepare Mixed) (G1 Evacuation Pause) 247M->112M(276M) 1.366ms
[110.643s][info][gc] GC(1632) Pause Young (Mixed) (G1 Evacuation Pause) 249M->112M(276M) 1.363ms
[110.694s][info][gc] GC(1633) Pause Young (Concurrent Start) (G1 Evacuation Pause) 248M->115M(276M) 1.422ms
[110.694s][info][gc] GC(1634) Concurrent Mark Cycle
[110.714s][info][gc] GC(1634) Pause Remark 158M->158M(276M) 0.455ms
[110.739s][info][gc] GC(1634) Pause Cleanup 216M->216M(276M) 0.056ms
[110.739s][info][gc] GC(1634) Concurrent Mark Cycle 44.656ms
[110.751s][info][gc] GC(1635) Pause Young (Prepare Mixed) (G1 Evacuation Pause) 248M->115M(276M) 1.339ms
[110.801s][info][gc] GC(1636) Pause Young (Mixed) (G1 Evacuation Pause) 249M->116M(351M) 1.607ms
[110.879s][info][gc] GC(1637) Pause Young (Normal) (G1 Evacuation Pause) 314M->118M(351M) 1.608ms
[110.949s][info][gc] GC(1638) Pause Young (Normal) (G1 Evacuation Pause) 314M->119M(351M) 1.470ms
[111.026s][info][gc] GC(1639) Pause Young (Normal) (G1 Evacuation Pause) 314M->121M(351M) 1.720ms
[111.100s][info][gc] GC(1640) Pause Young (Normal) (G1 Evacuation Pause) 313M->123M(351M) 1.700ms
[111.171s][info][gc] GC(1641) Pause Young (Normal) (G1 Evacuation Pause) 315M->124M(351M) 1.584ms
[111.244s][info][gc] GC(1642) Pause Young (Normal) (G1 Evacuation Pause) 316M->126M(351M) 1.589ms
[111.319s][info][gc] GC(1643) Pause Young (Normal) (G1 Evacuation Pause) 314M->128M(351M) 1.760ms
[111.387s][info][gc] GC(1644) Pause Young (Normal) (G1 Evacuation Pause) 313M->129M(351M) 1.637ms
[111.457s][info][gc] GC(1645) Pause Young (Normal) (G1 Evacuation Pause) 317M->130M(351M) 1.571ms
[111.532s][info][gc] GC(1646) Pause Young (Normal) (G1 Evacuation Pause) 316M->132M(351M) 1.669ms
[111.594s][info][gc] GC(1647) Pause Young (Normal) (G1 Evacuation Pause) 314M->133M(351M) 1.618ms
[111.666s][info][gc] GC(1648) Pause Young (Concurrent Start) (G1 Evacuation Pause) 318M->135M(351M) 1.597ms
[111.666s][info][gc] GC(1649) Concurrent Mark Cycle
[111.691s][info][gc] GC(1649) Pause Remark 194M->194M(351M) 0.431ms
[111.712s][info][gc] GC(1649) Pause Cleanup 249M->249M(351M) 0.054ms
[111.712s][info][gc] GC(1649) Concurrent Mark Cycle 45.580ms
[111.743s][info][gc] GC(1650) Pause Young (Prepare Mixed) (G1 Evacuation Pause) 314M->137M(351M) 1.614ms
[111.806s][info][gc] GC(1651) Pause Young (Mixed) (G1 Evacuation Pause) 315M->138M(351M) 1.681ms
[111.874s][info][gc] GC(1652) Pause Young (Concurrent Start) (G1 Evacuation Pause) 314M->140M(351M) 1.667ms
[111.874s][info][gc] GC(1653) Concurrent Mark Cycle
[111.898s][info][gc] GC(1653) Pause Remark 199M->199M(351M) 0.399ms
[111.931s][info][gc] GC(1653) Pause Cleanup 278M->278M(351M) 0.066ms
[111.931s][info][gc] GC(1653) Concurrent Mark Cycle 57.197ms
[111.948s][info][gc] GC(1654) Pause Young (Prepare Mixed) (G1 Evacuation Pause) 315M->142M(351M) 1.506ms
[112.010s][info][gc] GC(1655) Pause Young (Mixed) (G1 Evacuation Pause) 317M->142M(351M) 1.607ms
[112.078s][info][gc] GC(1656) Pause Young (Concurrent Start) (G1 Evacuation Pause) 315M->144M(351M) 1.717ms
[112.078s][info][gc] GC(1657) Concurrent Mark Cycle
[112.102s][info][gc] GC(1657) Pause Remark 199M->199M(351M) 0.409ms
[112.137s][info][gc] GC(1657) Pause Cleanup 291M->291M(351M) 0.055ms
[112.137s][info][gc] GC(1657) Concurrent Mark Cycle 59.516ms
[112.149s][info][gc] GC(1658) Pause Young (Prepare Mixed) (G1 Evacuation Pause) 316M->145M(351M) 1.676ms
[112.215s][info][gc] GC(1659) Pause Young (Mixed) (G1 Evacuation Pause) 315M->146M(351M) 1.641ms
[112.278s][info][gc] GC(1660) Pause Young (Concurrent Start) (G1 Evacuation Pause) 315M->148M(351M) 1.653ms
[112.278s][info][gc] GC(1661) Concurrent Mark Cycle
[112.301s][info][gc] GC(1661) Pause Remark 205M->205M(351M) 0.375ms
[112.327s][info][gc] GC(1661) Pause Cleanup 256M->256M(351M) 0.056ms
[112.327s][info][gc] GC(1661) Concurrent Mark Cycle 49.295ms
[112.356s][info][gc] GC(1662) Pause Young (Prepare Mixed) (G1 Evacuation Pause) 316M->147M(351M) 1.292ms
[112.543s][info][gc] GC(1663) Pause Young (Mixed) (G1 Evacuation Pause) 319M->151M(351M) 1.784ms
[112.621s][info][gc] GC(1664) Pause Young (Concurrent Start) (G1 Evacuation Pause) 313M->153M(351M) 1.620ms
[112.621s][info][gc] GC(1665) Concurrent Mark Cycle
[112.627s][info][gc] GC(1665) Pause Remark 164M->70M(200M) 0.406ms
[112.631s][info][gc] GC(1665) Pause Cleanup 79M->79M(200M) 0.057ms
[112.631s][info][gc] GC(1665) Concurrent Mark Cycle 10.030ms
[112.676s][info][gc] GC(1666) Pause Young (Prepare Mixed) (G1 Evacuation Pause) 178M->59M(200M) 1.377ms
[112.739s][info][gc] GC(1667) Pause Young (Mixed) (G1 Evacuation Pause) 169M->54M(200M) 1.367ms
[112.790s][info][gc] GC(1668) Pause Young (Normal) (G1 Evacuation Pause) 163M->54M(200M) 1.248ms
[112.847s][info][gc] GC(1669) Pause Young (Normal) (G1 Evacuation Pause) 166M->55M(200M) 1.222ms
[112.901s][info][gc] GC(1670) Pause Young (Normal) (G1 Evacuation Pause) 166M->55M(200M) 1.103ms
[112.958s][info][gc] GC(1671) Pause Young (Normal) (G1 Evacuation Pause) 168M->56M(200M) 1.168ms
[113.018s][info][gc] GC(1672) Pause Young (Normal) (G1 Evacuation Pause) 167M->57M(200M) 1.192ms
[113.074s][info][gc] GC(1673) Pause Young (Normal) (G1 Evacuation Pause) 167M->59M(200M) 1.147ms
[113.126s][info][gc] GC(1674) Pause Young (Normal) (G1 Evacuation Pause) 169M->59M(200M) 1.172ms
[113.182s][info][gc] GC(1675) Pause Young (Normal) (G1 Evacuation Pause) 170M->60M(200M) 1.150ms
[113.238s][info][gc] GC(1676) Pause Young (Normal) (G1 Evacuation Pause) 171M->61M(200M) 1.173ms
[113.294s][info][gc] GC(1677) Pause Young (Normal) (G1 Evacuation Pause) 171M->62M(200M) 1.319ms
[113.346s][info][gc] GC(1678) Pause Young (Normal) (G1 Evacuation Pause) 173M->62M(200M) 1.290ms
[113.406s][info][gc] GC(1679) Pause Young (Normal) (G1 Evacuation Pause) 174M->64M(200M) 1.266ms
[113.464s][info][gc] GC(1680) Pause Young (Normal) (G1 Evacuation Pause) 174M->65M(200M) 1.315ms
[113.518s][info][gc] GC(1681) Pause Young (Normal) (G1 Evacuation Pause) 176M->66M(200M) 1.152ms
[113.573s][info][gc] GC(1682) Pause Young (Normal) (G1 Evacuation Pause) 177M->66M(200M) 1.064ms
[113.628s][info][gc] GC(1683) Pause Young (Normal) (G1 Evacuation Pause) 177M->68M(200M) 1.168ms
[113.685s][info][gc] GC(1684) Pause Young (Normal) (G1 Evacuation Pause) 178M->69M(200M) 1.208ms
[113.741s][info][gc] GC(1685) Pause Young (Normal) (G1 Evacuation Pause) 179M->70M(200M) 1.165ms
[113.795s][info][gc] GC(1686) Pause Young (Normal) (G1 Evacuation Pause) 179M->70M(200M) 1.156ms
[113.850s][info][gc] GC(1687) Pause Young (Normal) (G1 Evacuation Pause) 179M->71M(200M) 1.100ms
[113.904s][info][gc] GC(1688) Pause Young (Normal) (G1 Evacuation Pause) 178M->73M(200M) 1.182ms
[113.960s][info][gc] GC(1689) Pause Young (Normal) (G1 Evacuation Pause) 178M->73M(200M) 1.311ms
[114.007s][info][gc] GC(1690) Pause Young (Concurrent Start) (G1 Evacuation Pause) 179M->74M(200M) 1.093ms
[114.007s][info][gc] GC(1691) Concurrent Mark Cycle
[114.016s][info][gc] GC(1691) Pause Remark 91M->79M(200M) 0.378ms
[114.020s][info][gc] GC(1691) Pause Cleanup 87M->87M(200M) 0.055ms
[114.020s][info][gc] GC(1691) Concurrent Mark Cycle 12.925ms
[114.067s][info][gc] GC(1692) Pause Young (Prepare Mixed) (G1 Evacuation Pause) 168M->64M(200M) 1.127ms
[114.117s][info][gc] GC(1693) Pause Young (Mixed) (G1 Evacuation Pause) 174M->62M(200M) 1.180ms
[114.179s][info][gc] GC(1694) Pause Young (Normal) (G1 Evacuation Pause) 173M->64M(200M) 1.241ms
[114.235s][info][gc] GC(1695) Pause Young (Normal) (G1 Evacuation Pause) 174M->64M(200M) 1.177ms
[114.286s][info][gc] GC(1696) Pause Young (Normal) (G1 Evacuation Pause) 175M->65M(200M) 1.146ms
[114.345s][info][gc] GC(1697) Pause Young (Normal) (G1 Evacuation Pause) 176M->66M(200M) 1.158ms
[114.397s][info][gc] GC(1698) Pause Young (Normal) (G1 Evacuation Pause) 176M->67M(200M) 1.228ms
[114.455s][info][gc] GC(1699) Pause Young (Normal) (G1 Evacuation Pause) 178M->69M(200M) 1.057ms
[114.508s][info][gc] GC(1700) Pause Young (Normal) (G1 Evacuation Pause) 180M->68M(200M) 1.133ms
[114.565s][info][gc] GC(1701) Pause Young (Normal) (G1 Evacuation Pause) 180M->70M(200M) 1.226ms
[114.625s][info][gc] GC(1702) Pause Young (Normal) (G1 Evacuation Pause) 179M->71M(200M) 1.210ms
[114.683s][info][gc] GC(1703) Pause Young (Normal) (G1 Evacuation Pause) 180M->72M(200M) 1.333ms
[114.745s][info][gc] GC(1704) Pause Young (Normal) (G1 Evacuation Pause) 178M->73M(200M) 1.387ms
[114.804s][info][gc] GC(1705) Pause Young (Normal) (G1 Evacuation Pause) 180M->74M(200M) 1.197ms
[114.860s][info][gc] GC(1706) Pause Young (Normal) (G1 Evacuation Pause) 180M->75M(200M) 1.134ms
[114.910s][info][gc] GC(1707) Pause Young (Concurrent Start) (G1 Evacuation Pause) 180M->75M(200M) 1.044ms
[114.910s][info][gc] GC(1708) Concurrent Mark Cycle
[114.920s][info][gc] GC(1708) Pause Remark 94M->94M(200M) 0.391ms
[114.928s][info][gc] GC(1708) Pause Cleanup 102M->102M(200M) 0.055ms
[114.928s][info][gc] GC(1708) Concurrent Mark Cycle 18.311ms
[114.967s][info][gc] GC(1709) Pause Young (Prepare Mixed) (G1 Evacuation Pause) 180M->76M(200M) 1.224ms
[115.014s][info][gc] GC(1710) Pause Young (Mixed) (G1 Evacuation Pause) 178M->74M(200M) 1.150ms
[115.070s][info][gc] GC(1711) Pause Young (Concurrent Start) (G1 Evacuation Pause) 180M->76M(200M) 1.183ms
[115.070s][info][gc] GC(1712) Concurrent Mark Cycle
[115.081s][info][gc] GC(1712) Pause Remark 99M->99M(200M) 0.427ms
[115.087s][info][gc] GC(1712) Pause Cleanup 114M->114M(200M) 0.053ms
[115.087s][info][gc] GC(1712) Concurrent Mark Cycle 17.715ms
[115.125s][info][gc] GC(1713) Pause Young (Prepare Mixed) (G1 Evacuation Pause) 180M->77M(200M) 1.158ms
[115.175s][info][gc] GC(1714) Pause Young (Mixed) (G1 Evacuation Pause) 181M->77M(200M) 1.191ms
[115.229s][info][gc] GC(1715) Pause Young (Concurrent Start) (G1 Evacuation Pause) 180M->78M(200M) 1.358ms
[115.229s][info][gc] GC(1716) Concurrent Mark Cycle
[115.242s][info][gc] GC(1716) Pause Remark 103M->103M(200M) 0.406ms
[115.249s][info][gc] GC(1716) Pause Cleanup 116M->116M(200M) 0.051ms
[115.249s][info][gc] GC(1716) Concurrent Mark Cycle 19.991ms
[115.280s][info][gc] GC(1717) Pause Young (Prepare Mixed) (G1 Evacuation Pause) 181M->78M(200M) 1.139ms
[115.337s][info][gc] GC(1718) Pause Young (Mixed) (G1 Evacuation Pause) 179M->78M(200M) 1.136ms
[115.382s][info][gc] GC(1719) Pause Young (Concurrent Start) (G1 Evacuation Pause) 180M->78M(200M) 1.130ms
[115.382s][info][gc] GC(1720) Concurrent Mark Cycle
[115.396s][info][gc] GC(1720) Pause Remark 111M->111M(200M) 0.442ms
[115.403s][info][gc] GC(1720) Pause Cleanup 115M->115M(200M) 0.061ms
[115.403s][info][gc] GC(1720) Concurrent Mark Cycle 20.495ms
[115.439s][info][gc] GC(1721) Pause Young (Prepare Mixed) (G1 Evacuation Pause) 179M->79M(200M) 1.196ms
[115.485s][info][gc] GC(1722) Pause Young (Mixed) (G1 Evacuation Pause) 181M->79M(233M) 1.218ms
[115.555s][info][gc] GC(1723) Pause Young (Normal) (G1 Evacuation Pause) 209M->81M(233M) 1.208ms
[115.622s][info][gc] GC(1724) Pause Young (Normal) (G1 Evacuation Pause) 209M->82M(233M) 1.302ms
[115.677s][info][gc] GC(1725) Pause Young (Normal) (G1 Evacuation Pause) 208M->82M(233M) 1.254ms
[115.746s][info][gc] GC(1726) Pause Young (Normal) (G1 Evacuation Pause) 207M->83M(233M) 1.389ms
[115.813s][info][gc] GC(1727) Pause Young (Normal) (G1 Evacuation Pause) 208M->85M(233M) 1.338ms
[115.869s][info][gc] GC(1728) Pause Young (Normal) (G1 Evacuation Pause) 208M->86M(233M) 1.262ms
[115.936s][info][gc] GC(1729) Pause Young (Normal) (G1 Evacuation Pause) 209M->87M(233M) 1.184ms
[116.002s][info][gc] GC(1730) Pause Young (Normal) (G1 Evacuation Pause) 209M->88M(233M) 1.148ms
[116.055s][info][gc] GC(1731) Pause Young (Normal) (G1 Evacuation Pause) 208M->88M(233M) 1.202ms
[116.121s][info][gc] GC(1732) Pause Young (Concurrent Start) (G1 Evacuation Pause) 210M->89M(233M) 1.191ms
[116.121s][info][gc] GC(1733) Concurrent Mark Cycle
[116.134s][info][gc] GC(1733) Pause Remark 109M->109M(233M) 0.428ms
[116.142s][info][gc] GC(1733) Pause Cleanup 126M->126M(233M) 0.049ms
[116.142s][info][gc] GC(1733) Concurrent Mark Cycle 21.120ms
[116.189s][info][gc] GC(1734) Pause Young (Prepare Mixed) (G1 Evacuation Pause) 209M->91M(233M) 1.342ms
[116.243s][info][gc] GC(1735) Pause Young (Mixed) (G1 Evacuation Pause) 208M->92M(233M) 1.334ms
[116.305s][info][gc] GC(1736) Pause Young (Concurrent Start) (G1 Evacuation Pause) 209M->92M(233M) 1.250ms
[116.305s][info][gc] GC(1737) Concurrent Mark Cycle
[116.318s][info][gc] GC(1737) Pause Remark 117M->117M(233M) 0.383ms
[116.326s][info][gc] GC(1737) Pause Cleanup 129M->129M(233M) 0.049ms
[116.326s][info][gc] GC(1737) Concurrent Mark Cycle 21.524ms
[116.362s][info][gc] GC(1738) Pause Young (Prepare Mixed) (G1 Evacuation Pause) 210M->93M(233M) 1.274ms
[116.425s][info][gc] GC(1739) Pause Young (Mixed) (G1 Evacuation Pause) 210M->94M(233M) 1.192ms
[116.488s][info][gc] GC(1740) Pause Young (Concurrent Start) (G1 Evacuation Pause) 210M->96M(233M) 1.208ms
[116.488s][info][gc] GC(1741) Concurrent Mark Cycle
[116.503s][info][gc] GC(1741) Pause Remark 128M->128M(233M) 0.413ms
[116.511s][info][gc] GC(1741) Pause Cleanup 148M->148M(233M) 0.054ms
[116.511s][info][gc] GC(1741) Concurrent Mark Cycle 23.343ms
[116.541s][info][gc] GC(1742) Pause Young (Prepare Mixed) (G1 Evacuation Pause) 208M->96M(233M) 1.228ms
[116.602s][info][gc] GC(1743) Pause Young (Mixed) (G1 Evacuation Pause) 210M->98M(233M) 1.326ms
[116.651s][info][gc] GC(1744) Pause Young (Concurrent Start) (G1 Evacuation Pause) 209M->98M(233M) 1.171ms
[116.651s][info][gc] GC(1745) Concurrent Mark Cycle
[116.668s][info][gc] GC(1745) Pause Remark 117M->117M(233M) 0.399ms
[116.677s][info][gc] GC(1745) Pause Cleanup 124M->124M(233M) 0.056ms
[116.677s][info][gc] GC(1745) Concurrent Mark Cycle 25.947ms
[116.717s][info][gc] GC(1746) Pause Young (Prepare Mixed) (G1 Evacuation Pause) 210M->99M(233M) 1.228ms
[116.777s][info][gc] GC(1747) Pause Young (Mixed) (G1 Evacuation Pause) 207M->99M(233M) 1.303ms
[116.828s][info][gc] GC(1748) Pause Young (Concurrent Start) (G1 Evacuation Pause) 209M->101M(233M) 1.213ms
[116.828s][info][gc] GC(1749) Concurrent Mark Cycle
[116.843s][info][gc] GC(1749) Pause Remark 128M->128M(233M) 0.394ms
[116.853s][info][gc] GC(1749) Pause Cleanup 151M->151M(233M) 0.049ms
[116.853s][info][gc] GC(1749) Concurrent Mark Cycle 25.091ms
[116.891s][info][gc] GC(1750) Pause Young (Prepare Mixed) (G1 Evacuation Pause) 210M->101M(233M) 1.156ms
[116.942s][info][gc] GC(1751) Pause Young (Mixed) (G1 Evacuation Pause) 209M->102M(233M) 1.238ms
[117.001s][info][gc] GC(1752) Pause Young (Concurrent Start) (G1 Evacuation Pause) 210M->103M(233M) 1.456ms
[117.001s][info][gc] GC(1753) Concurrent Mark Cycle
[117.014s][info][gc] GC(1753) Pause Remark 127M->127M(233M) 0.438ms
[117.024s][info][gc] GC(1753) Pause Cleanup 145M->145M(233M) 0.051ms
[117.024s][info][gc] GC(1753) Concurrent Mark Cycle 23.066ms
[117.053s][info][gc] GC(1754) Pause Young (Prepare Mixed) (G1 Evacuation Pause) 210M->103M(233M) 1.106ms
[117.112s][info][gc] GC(1755) Pause Young (Mixed) (G1 Evacuation Pause) 211M->104M(233M) 1.164ms
[117.168s][info][gc] GC(1756) Pause Young (Concurrent Start) (G1 Evacuation Pause) 208M->105M(233M) 1.167ms
[117.168s][info][gc] GC(1757) Concurrent Mark Cycle
[117.182s][info][gc] GC(1757) Pause Remark 128M->128M(233M) 0.458ms
[117.192s][info][gc] GC(1757) Pause Cleanup 147M->147M(233M) 0.050ms
[117.193s][info][gc] GC(1757) Concurrent Mark Cycle 24.761ms
[117.219s][info][gc] GC(1758) Pause Young (Prepare Mixed) (G1 Evacuation Pause) 209M->106M(233M) 1.191ms
[117.274s][info][gc] GC(1759) Pause Young (Mixed) (G1 Evacuation Pause) 208M->106M(233M) 1.208ms
[117.326s][info][gc] GC(1760) Pause Young (Concurrent Start) (G1 Evacuation Pause) 210M->108M(233M) 1.335ms
[117.327s][info][gc] GC(1761) Concurrent Mark Cycle
[117.343s][info][gc] GC(1761) Pause Remark 144M->144M(233M) 0.441ms
[117.353s][info][gc] GC(1761) Pause Cleanup 152M->152M(233M) 0.050ms
[117.353s][info][gc] GC(1761) Concurrent Mark Cycle 26.220ms
[117.523s][info][gc] GC(1762) Pause Young (Prepare Mixed) (G1 Evacuation Pause) 210M->108M(233M) 1.027ms
[117.724s][info][gc] GC(1763) Pause Young (Mixed) (G1 Evacuation Pause) 211M->109M(233M) 1.148ms
[117.918s][info][gc] GC(1764) Pause Young (Concurrent Start) (G1 Evacuation Pause) 210M->109M(233M) 1.104ms
[117.918s][info][gc] GC(1765) Concurrent Mark Cycle
[117.921s][info][gc] GC(1765) Pause Remark 112M->48M(154M) 0.350ms
[117.922s][info][gc] GC(1765) Pause Cleanup 49M->49M(154M) 0.031ms
[117.923s][info][gc] GC(1765) Concurrent Mark Cycle 4.691ms
[118.074s][info][gc] GC(1766) Pause Young (Prepare Mixed) (G1 Evacuation Pause) 129M->46M(154M) 1.128ms
[118.237s][info][gc] GC(1767) Pause Young (Mixed) (G1 Evacuation Pause) 132M->40M(154M) 1.198ms
[118.403s][info][gc] GC(1768) Pause Young (Normal) (G1 Evacuation Pause) 126M->41M(154M) 1.248ms
[118.565s][info][gc] GC(1769) Pause Young (Normal) (G1 Evacuation Pause) 126M->42M(154M) 1.363ms
[118.722s][info][gc] GC(1770) Pause Young (Normal) (G1 Evacuation Pause) 127M->43M(154M) 1.312ms
[118.883s][info][gc] GC(1771) Pause Young (Normal) (G1 Evacuation Pause) 128M->44M(154M) 1.156ms
[119.040s][info][gc] GC(1772) Pause Young (Normal) (G1 Evacuation Pause) 129M->44M(154M) 1.168ms
[119.209s][info][gc] GC(1773) Pause Young (Normal) (G1 Evacuation Pause) 129M->45M(154M) 1.156ms
[119.374s][info][gc] GC(1774) Pause Young (Normal) (G1 Evacuation Pause) 130M->46M(154M) 1.185ms
[119.541s][info][gc] GC(1775) Pause Young (Normal) (G1 Evacuation Pause) 130M->46M(154M) 1.203ms
[119.705s][info][gc] GC(1776) Pause Young (Normal) (G1 Evacuation Pause) 131M->47M(154M) 1.127ms
[119.856s][info][gc] GC(1777) Pause Young (Normal) (G1 Evacuation Pause) 132M->48M(154M) 1.217ms
[120.025s][info][gc] GC(1778) Pause Young (Normal) (G1 Evacuation Pause) 132M->48M(154M) 1.199ms
[120.190s][info][gc] GC(1779) Pause Young (Normal) (G1 Evacuation Pause) 133M->49M(154M) 1.178ms
[120.353s][info][gc] GC(1780) Pause Young (Normal) (G1 Evacuation Pause) 134M->50M(154M) 1.221ms
[120.501s][info][gc] GC(1781) Pause Young (Normal) (G1 Evacuation Pause) 134M->51M(154M) 1.099ms
[120.666s][info][gc] GC(1782) Pause Young (Normal) (G1 Evacuation Pause) 136M->51M(154M) 1.177ms
[120.829s][info][gc] GC(1783) Pause Young (Normal) (G1 Evacuation Pause) 136M->52M(154M) 1.201ms
[120.989s][info][gc] GC(1784) Pause Young (Normal) (G1 Evacuation Pause) 137M->53M(154M) 1.193ms
[121.147s][info][gc] GC(1785) Pause Young (Normal) (G1 Evacuation Pause) 136M->54M(154M) 1.059ms
[121.304s][info][gc] GC(1786) Pause Young (Normal) (G1 Evacuation Pause) 137M->54M(154M) 1.169ms
[121.456s][info][gc] GC(1787) Pause Young (Normal) (G1 Evacuation Pause) 137M->55M(154M) 1.163ms
[121.617s][info][gc] GC(1788) Pause Young (Normal) (G1 Evacuation Pause) 137M->56M(154M) 1.191ms
[121.765s][info][gc] GC(1789) Pause Young (Normal) (G1 Evacuation Pause) 137M->56M(154M) 1.195ms
[121.925s][info][gc] GC(1790) Pause Young (Normal) (G1 Evacuation Pause) 138M->57M(154M) 1.121ms
[122.082s][info][gc] GC(1791) Pause Young (Concurrent Start) (G1 Evacuation Pause) 136M->57M(154M) 1.155ms
[122.082s][info][gc] GC(1792) Concurrent Mark Cycle
[122.088s][info][gc] GC(1792) Pause Remark 62M->57M(154M) 0.435ms
[122.092s][info][gc] GC(1792) Pause Cleanup 59M->59M(154M) 0.026ms
[122.092s][info][gc] GC(1792) Concurrent Mark Cycle 9.986ms
[122.235s][info][gc] GC(1793) Pause Young (Prepare Mixed) (G1 Evacuation Pause) 133M->53M(154M) 1.111ms
[122.390s][info][gc] GC(1794) Pause Young (Mixed) (G1 Evacuation Pause) 138M->53M(154M) 1.275ms
[122.555s][info][gc] GC(1795) Pause Young (Normal) (G1 Evacuation Pause) 137M->53M(154M) 1.197ms
[122.707s][info][gc] GC(1796) Pause Young (Normal) (G1 Evacuation Pause) 137M->54M(154M) 1.138ms
[122.871s][info][gc] GC(1797) Pause Young (Normal) (G1 Evacuation Pause) 137M->55M(154M) 1.172ms
[123.019s][info][gc] GC(1798) Pause Young (Normal) (G1 Evacuation Pause) 137M->55M(154M) 1.132ms
[123.177s][info][gc] GC(1799) Pause Young (Normal) (G1 Evacuation Pause) 137M->56M(154M) 1.177ms
[123.327s][info][gc] GC(1800) Pause Young (Normal) (G1 Evacuation Pause) 137M->57M(154M) 1.161ms
[123.491s][info][gc] GC(1801) Pause Young (Normal) (G1 Evacuation Pause) 137M->58M(154M) 1.102ms
[123.635s][info][gc] GC(1802) Pause Young (Normal) (G1 Evacuation Pause) 137M->58M(154M) 1.077ms
[123.786s][info][gc] GC(1803) Pause Young (Concurrent Start) (G1 Evacuation Pause) 138M->59M(154M) 1.154ms
[123.786s][info][gc] GC(1804) Concurrent Mark Cycle
[123.793s][info][gc] GC(1804) Pause Remark 63M->63M(154M) 0.417ms
[123.798s][info][gc] GC(1804) Pause Cleanup 64M->64M(154M) 0.026ms
[123.798s][info][gc] GC(1804) Concurrent Mark Cycle 12.025ms
[123.940s][info][gc] GC(1805) Pause Young (Prepare Mixed) (G1 Evacuation Pause) 138M->59M(154M) 1.103ms
[124.085s][info][gc] GC(1806) Pause Young (Mixed) (G1 Evacuation Pause) 138M->59M(154M) 1.243ms
[124.237s][info][gc] GC(1807) Pause Young (Concurrent Start) (G1 Evacuation Pause) 139M->59M(154M) 1.126ms
[124.237s][info][gc] GC(1808) Concurrent Mark Cycle
[124.245s][info][gc] GC(1808) Pause Remark 64M->64M(154M) 0.417ms
[124.250s][info][gc] GC(1808) Pause Cleanup 67M->67M(154M) 0.023ms
[124.250s][info][gc] GC(1808) Concurrent Mark Cycle 12.621ms
[124.390s][info][gc] GC(1809) Pause Young (Prepare Mixed) (G1 Evacuation Pause) 138M->60M(154M) 1.100ms
[124.529s][info][gc] GC(1810) Pause Young (Mixed) (G1 Evacuation Pause) 138M->59M(154M) 1.241ms
[124.686s][info][gc] GC(1811) Pause Young (Concurrent Start) (G1 Evacuation Pause) 138M->60M(154M) 1.109ms
[124.686s][info][gc] GC(1812) Concurrent Mark Cycle
[124.694s][info][gc] GC(1812) Pause Remark 64M->64M(154M) 0.446ms
[124.699s][info][gc] GC(1812) Pause Cleanup 67M->67M(154M) 0.023ms
[124.699s][info][gc] GC(1812) Concurrent Mark Cycle 13.290ms
[124.844s][info][gc] GC(1813) Pause Young (Prepare Mixed) (G1 Evacuation Pause) 138M->60M(154M) 1.093ms
[124.992s][info][gc] GC(1814) Pause Young (Mixed) (G1 Evacuation Pause) 138M->60M(154M) 1.322ms
[125.140s][info][gc] GC(1815) Pause Young (Concurrent Start) (G1 Evacuation Pause) 138M->61M(154M) 1.098ms
[125.140s][info][gc] GC(1816) Concurrent Mark Cycle
[125.148s][info][gc] GC(1816) Pause Remark 64M->64M(154M) 0.430ms
[125.153s][info][gc] GC(1816) Pause Cleanup 65M->65M(154M) 0.029ms
[125.153s][info][gc] GC(1816) Concurrent Mark Cycle 13.651ms
[125.300s][info][gc] GC(1817) Pause Young (Prepare Mixed) (G1 Evacuation Pause) 138M->61M(154M) 1.080ms
[125.443s][info][gc] GC(1818) Pause Young (Mixed) (G1 Evacuation Pause) 138M->62M(154M) 1.168ms
[125.588s][info][gc] GC(1819) Pause Young (Concurrent Start) (G1 Evacuation Pause) 139M->62M(154M) 1.097ms
[125.588s][info][gc] GC(1820) Concurrent Mark Cycle
[125.597s][info][gc] GC(1820) Pause Remark 66M->66M(154M) 0.431ms
[125.602s][info][gc] GC(1820) Pause Cleanup 67M->67M(154M) 0.023ms
[125.603s][info][gc] GC(1820) Concurrent Mark Cycle 14.127ms
[125.731s][info][gc] GC(1821) Pause Young (Prepare Mixed) (G1 Evacuation Pause) 137M->63M(154M) 1.386ms
[125.889s][info][gc] GC(1822) Pause Young (Mixed) (G1 Evacuation Pause) 138M->63M(154M) 1.230ms
[126.039s][info][gc] GC(1823) Pause Young (Concurrent Start) (G1 Evacuation Pause) 138M->64M(154M) 1.067ms
[126.039s][info][gc] GC(1824) Concurrent Mark Cycle
[126.049s][info][gc] GC(1824) Pause Remark 68M->68M(154M) 0.493ms
[126.055s][info][gc] GC(1824) Pause Cleanup 71M->71M(154M) 0.025ms
[126.055s][info][gc] GC(1824) Concurrent Mark Cycle 15.608ms
[126.188s][info][gc] GC(1825) Pause Young (Prepare Mixed) (G1 Evacuation Pause) 138M->64M(154M) 1.072ms
[126.336s][info][gc] GC(1826) Pause Young (Mixed) (G1 Evacuation Pause) 138M->65M(154M) 1.155ms
[126.471s][info][gc] GC(1827) Pause Young (Concurrent Start) (G1 Evacuation Pause) 138M->65M(154M) 1.152ms
[126.471s][info][gc] GC(1828) Concurrent Mark Cycle
[126.481s][info][gc] GC(1828) Pause Remark 70M->70M(154M) 0.428ms
[126.487s][info][gc] GC(1828) Pause Cleanup 74M->74M(154M) 0.030ms
[126.487s][info][gc] GC(1828) Concurrent Mark Cycle 15.404ms
[126.681s][info][gc] GC(1829) Pause Young (Prepare Mixed) (G1 Evacuation Pause) 138M->65M(154M) 0.928ms
[126.845s][info][gc] GC(1830) Pause Young (Mixed) (G1 Evacuation Pause) 139M->67M(154M) 1.309ms
[126.979s][info][gc] GC(1831) Pause Young (Concurrent Start) (G1 Evacuation Pause) 137M->68M(154M) 1.212ms
[126.979s][info][gc] GC(1832) Concurrent Mark Cycle
[126.982s][info][gc] GC(1832) Pause Remark 70M->46M(150M) 0.427ms
[126.984s][info][gc] GC(1832) Pause Cleanup 47M->47M(150M) 0.025ms
[126.984s][info][gc] GC(1832) Concurrent Mark Cycle 4.911ms
[127.122s][info][gc] GC(1833) Pause Young (Prepare Mixed) (G1 Evacuation Pause) 115M->44M(150M) 1.099ms
[127.281s][info][gc] GC(1834) Pause Young (Mixed) (G1 Evacuation Pause) 128M->39M(150M) 1.331ms
[127.435s][info][gc] GC(1835) Pause Young (Normal) (G1 Evacuation Pause) 122M->40M(150M) 1.192ms
[127.595s][info][gc] GC(1836) Pause Young (Normal) (G1 Evacuation Pause) 122M->41M(150M) 1.270ms
[127.749s][info][gc] GC(1837) Pause Young (Normal) (G1 Evacuation Pause) 124M->42M(150M) 1.203ms
[127.914s][info][gc] GC(1838) Pause Young (Normal) (G1 Evacuation Pause) 125M->43M(150M) 1.271ms
[128.063s][info][gc] GC(1839) Pause Young (Normal) (G1 Evacuation Pause) 126M->43M(150M) 1.268ms
[128.227s][info][gc] GC(1840) Pause Young (Normal) (G1 Evacuation Pause) 126M->44M(150M) 1.145ms
[128.387s][info][gc] GC(1841) Pause Young (Normal) (G1 Evacuation Pause) 127M->45M(150M) 1.152ms
[128.540s][info][gc] GC(1842) Pause Young (Normal) (G1 Evacuation Pause) 128M->45M(150M) 1.142ms
[128.694s][info][gc] GC(1843) Pause Young (Normal) (G1 Evacuation Pause) 128M->46M(150M) 1.196ms
[128.853s][info][gc] GC(1844) Pause Young (Normal) (G1 Evacuation Pause) 129M->46M(150M) 1.189ms
[129.015s][info][gc] GC(1845) Pause Young (Normal) (G1 Evacuation Pause) 129M->47M(150M) 1.221ms
[129.176s][info][gc] GC(1846) Pause Young (Normal) (G1 Evacuation Pause) 130M->48M(150M) 1.214ms
[129.335s][info][gc] GC(1847) Pause Young (Normal) (G1 Evacuation Pause) 131M->48M(150M) 1.163ms
[129.495s][info][gc] GC(1848) Pause Young (Normal) (G1 Evacuation Pause) 131M->49M(150M) 1.291ms
[129.661s][info][gc] GC(1849) Pause Young (Normal) (G1 Evacuation Pause) 132M->50M(150M) 1.172ms
[129.830s][info][gc] GC(1850) Pause Young (Normal) (G1 Evacuation Pause) 133M->51M(150M) 1.175ms
[129.992s][info][gc] GC(1851) Pause Young (Normal) (G1 Evacuation Pause) 133M->51M(150M) 1.131ms
[130.148s][info][gc] GC(1852) Pause Young (Normal) (G1 Evacuation Pause) 133M->52M(150M) 1.766ms
[130.322s][info][gc] GC(1853) Pause Young (Normal) (G1 Evacuation Pause) 134M->53M(150M) 1.135ms
[130.482s][info][gc] GC(1854) Pause Young (Normal) (G1 Evacuation Pause) 134M->54M(150M) 1.199ms
[130.630s][info][gc] GC(1855) Pause Young (Normal) (G1 Evacuation Pause) 134M->54M(150M) 1.120ms
[130.796s][info][gc] GC(1856) Pause Young (Normal) (G1 Evacuation Pause) 135M->54M(150M) 1.084ms
[130.946s][info][gc] GC(1857) Pause Young (Normal) (G1 Evacuation Pause) 135M->55M(150M) 1.064ms
[131.105s][info][gc] GC(1858) Pause Young (Normal) (G1 Evacuation Pause) 135M->56M(150M) 1.076ms
[131.248s][info][gc] GC(1859) Pause Young (Concurrent Start) (G1 Evacuation Pause) 135M->56M(150M) 1.088ms
[131.248s][info][gc] GC(1860) Concurrent Mark Cycle
[131.253s][info][gc] GC(1860) Pause Remark 59M->55M(150M) 0.451ms
[131.256s][info][gc] GC(1860) Pause Cleanup 58M->58M(150M) 0.026ms
[131.256s][info][gc] GC(1860) Concurrent Mark Cycle 7.895ms
[131.402s][info][gc] GC(1861) Pause Young (Prepare Mixed) (G1 Evacuation Pause) 131M->53M(150M) 1.105ms
[131.559s][info][gc] GC(1862) Pause Young (Mixed) (G1 Evacuation Pause) 134M->52M(150M) 1.207ms
[131.711s][info][gc] GC(1863) Pause Young (Normal) (G1 Evacuation Pause) 135M->53M(150M) 1.074ms
[131.877s][info][gc] GC(1864) Pause Young (Normal) (G1 Evacuation Pause) 134M->54M(150M) 1.171ms
[132.027s][info][gc] GC(1865) Pause Young (Normal) (G1 Evacuation Pause) 134M->55M(150M) 1.068ms
[132.168s][info][gc] GC(1866) Pause Young (Normal) (G1 Evacuation Pause) 134M->55M(150M) 1.012ms
[132.327s][info][gc] GC(1867) Pause Young (Normal) (G1 Evacuation Pause) 135M->56M(150M) 1.082ms
[132.480s][info][gc] GC(1868) Pause Young (Normal) (G1 Evacuation Pause) 134M->56M(150M) 1.129ms
[132.629s][info][gc] GC(1869) Pause Young (Concurrent Start) (G1 Evacuation Pause) 135M->57M(150M) 1.095ms
[132.629s][info][gc] GC(1870) Concurrent Mark Cycle
[132.635s][info][gc] GC(1870) Pause Remark 60M->60M(150M) 0.431ms
[132.639s][info][gc] GC(1870) Pause Cleanup 63M->63M(150M) 0.028ms
[132.639s][info][gc] GC(1870) Concurrent Mark Cycle 9.342ms
[132.778s][info][gc] GC(1871) Pause Young (Prepare Mixed) (G1 Evacuation Pause) 135M->58M(150M) 1.099ms
[132.934s][info][gc] GC(1872) Pause Young (Mixed) (G1 Evacuation Pause) 135M->57M(150M) 1.193ms
[133.090s][info][gc] GC(1873) Pause Young (Concurrent Start) (G1 Evacuation Pause) 135M->57M(150M) 1.119ms
[133.090s][info][gc] GC(1874) Concurrent Mark Cycle
[133.096s][info][gc] GC(1874) Pause Remark 60M->60M(150M) 0.417ms
[133.099s][info][gc] GC(1874) Pause Cleanup 63M->63M(150M) 0.027ms
[133.100s][info][gc] GC(1874) Concurrent Mark Cycle 9.732ms
[133.227s][info][gc] GC(1875) Pause Young (Prepare Mixed) (G1 Evacuation Pause) 135M->58M(150M) 1.132ms
[133.378s][info][gc] GC(1876) Pause Young (Mixed) (G1 Evacuation Pause) 135M->57M(150M) 1.253ms
[133.517s][info][gc] GC(1877) Pause Young (Concurrent Start) (G1 Evacuation Pause) 135M->58M(150M) 1.099ms
[133.517s][info][gc] GC(1878) Concurrent Mark Cycle
[133.524s][info][gc] GC(1878) Pause Remark 60M->60M(150M) 0.437ms
[133.528s][info][gc] GC(1878) Pause Cleanup 61M->61M(150M) 0.025ms
[133.528s][info][gc] GC(1878) Concurrent Mark Cycle 10.767ms
[133.667s][info][gc] GC(1879) Pause Young (Prepare Mixed) (G1 Evacuation Pause) 134M->59M(150M) 1.134ms
[133.814s][info][gc] GC(1880) Pause Young (Mixed) (G1 Evacuation Pause) 134M->58M(150M) 1.270ms
[133.953s][info][gc] GC(1881) Pause Young (Concurrent Start) (G1 Evacuation Pause) 134M->59M(150M) 1.149ms
[133.953s][info][gc] GC(1882) Concurrent Mark Cycle
[133.959s][info][gc] GC(1882) Pause Remark 63M->63M(150M) 0.426ms
[133.963s][info][gc] GC(1882) Pause Cleanup 66M->66M(150M) 0.022ms
[133.963s][info][gc] GC(1882) Concurrent Mark Cycle 10.250ms
[134.099s][info][gc] GC(1883) Pause Young (Prepare Mixed) (G1 Evacuation Pause) 134M->59M(150M) 1.142ms
[134.236s][info][gc] GC(1884) Pause Young (Mixed) (G1 Evacuation Pause) 133M->59M(150M) 1.144ms
[134.382s][info][gc] GC(1885) Pause Young (Concurrent Start) (G1 Evacuation Pause) 135M->59M(150M) 1.115ms
[134.382s][info][gc] GC(1886) Concurrent Mark Cycle
[134.389s][info][gc] GC(1886) Pause Remark 63M->63M(150M) 0.419ms
[134.393s][info][gc] GC(1886) Pause Cleanup 64M->64M(150M) 0.022ms
[134.393s][info][gc] GC(1886) Concurrent Mark Cycle 10.556ms
[134.532s][info][gc] GC(1887) Pause Young (Prepare Mixed) (G1 Evacuation Pause) 135M->61M(150M) 1.121ms
[134.664s][info][gc] GC(1888) Pause Young (Mixed) (G1 Evacuation Pause) 134M->61M(150M) 1.229ms
[134.809s][info][gc] GC(1889) Pause Young (Concurrent Start) (G1 Evacuation Pause) 135M->61M(150M) 1.043ms
[134.809s][info][gc] GC(1890) Concurrent Mark Cycle
[134.816s][info][gc] GC(1890) Pause Remark 63M->63M(150M) 0.432ms
[134.820s][info][gc] GC(1890) Pause Cleanup 65M->65M(150M) 0.021ms
[134.820s][info][gc] GC(1890) Concurrent Mark Cycle 10.967ms
[134.944s][info][gc] GC(1891) Pause Young (Prepare Mixed) (G1 Evacuation Pause) 135M->62M(150M) 1.018ms
[135.091s][info][gc] GC(1892) Pause Young (Mixed) (G1 Evacuation Pause) 135M->62M(150M) 1.134ms
[135.230s][info][gc] GC(1893) Pause Young (Concurrent Start) (G1 Evacuation Pause) 135M->63M(150M) 1.016ms
[135.230s][info][gc] GC(1894) Concurrent Mark Cycle
[135.237s][info][gc] GC(1894) Pause Remark 65M->65M(150M) 0.422ms
[135.242s][info][gc] GC(1894) Pause Cleanup 68M->68M(150M) 0.022ms
[135.242s][info][gc] GC(1894) Concurrent Mark Cycle 11.530ms
[135.365s][info][gc] GC(1895) Pause Young (Prepare Mixed) (G1 Evacuation Pause) 135M->63M(150M) 1.043ms
[135.502s][info][gc] GC(1896) Pause Young (Mixed) (G1 Evacuation Pause) 135M->64M(150M) 1.078ms
[135.632s][info][gc] GC(1897) Pause Young (Concurrent Start) (G1 Evacuation Pause) 135M->64M(150M) 1.109ms
[135.632s][info][gc] GC(1898) Concurrent Mark Cycle
[135.640s][info][gc] GC(1898) Pause Remark 68M->68M(150M) 0.440ms
[135.645s][info][gc] GC(1898) Pause Cleanup 72M->72M(150M) 0.023ms
[135.645s][info][gc] GC(1898) Concurrent Mark Cycle 12.330ms
[135.784s][info][gc] GC(1899) Pause Young (Prepare Mixed) (G1 Evacuation Pause) 135M->65M(150M) 0.868ms
[135.990s][info][gc] GC(1900) Pause Young (Mixed) (G1 Evacuation Pause) 135M->67M(150M) 1.181ms
[136.119s][info][gc] GC(1901) Pause Young (Concurrent Start) (G1 Evacuation Pause) 133M->67M(150M) 1.198ms
[136.119s][info][gc] GC(1902) Concurrent Mark Cycle
[136.122s][info][gc] GC(1902) Pause Remark 67M->43M(147M) 0.466ms
[136.124s][info][gc] GC(1902) Pause Cleanup 44M->44M(147M) 0.023ms
[136.124s][info][gc] GC(1902) Concurrent Mark Cycle 5.194ms
[136.244s][info][gc] GC(1903) Pause Young (Prepare Mixed) (G1 Evacuation Pause) 111M->43M(147M) 1.046ms
[136.406s][info][gc] GC(1904) Pause Young (Mixed) (G1 Evacuation Pause) 125M->39M(147M) 1.314ms
[136.564s][info][gc] GC(1905) Pause Young (Normal) (G1 Evacuation Pause) 120M->40M(147M) 1.184ms
[136.707s][info][gc] GC(1906) Pause Young (Normal) (G1 Evacuation Pause) 121M->39M(147M) 1.117ms
[136.864s][info][gc] GC(1907) Pause Young (Normal) (G1 Evacuation Pause) 121M->41M(147M) 1.175ms
[137.024s][info][gc] GC(1908) Pause Young (Normal) (G1 Evacuation Pause) 122M->42M(147M) 1.195ms
[137.182s][info][gc] GC(1909) Pause Young (Normal) (G1 Evacuation Pause) 123M->42M(147M) 1.266ms
[137.326s][info][gc] GC(1910) Pause Young (Normal) (G1 Evacuation Pause) 124M->43M(147M) 1.065ms
[137.485s][info][gc] GC(1911) Pause Young (Normal) (G1 Evacuation Pause) 125M->44M(147M) 1.114ms
[137.637s][info][gc] GC(1912) Pause Young (Normal) (G1 Evacuation Pause) 125M->44M(147M) 1.136ms
[137.798s][info][gc] GC(1913) Pause Young (Normal) (G1 Evacuation Pause) 126M->45M(147M) 1.129ms
[137.944s][info][gc] GC(1914) Pause Young (Normal) (G1 Evacuation Pause) 126M->45M(147M) 1.096ms
[138.099s][info][gc] GC(1915) Pause Young (Normal) (G1 Evacuation Pause) 127M->46M(147M) 1.089ms
[138.258s][info][gc] GC(1916) Pause Young (Normal) (G1 Evacuation Pause) 128M->47M(147M) 1.110ms
[138.416s][info][gc] GC(1917) Pause Young (Normal) (G1 Evacuation Pause) 129M->47M(147M) 1.091ms
[138.562s][info][gc] GC(1918) Pause Young (Normal) (G1 Evacuation Pause) 129M->48M(147M) 1.076ms
[138.725s][info][gc] GC(1919) Pause Young (Normal) (G1 Evacuation Pause) 130M->49M(147M) 1.080ms
[138.876s][info][gc] GC(1920) Pause Young (Normal) (G1 Evacuation Pause) 131M->49M(147M) 1.053ms
[139.038s][info][gc] GC(1921) Pause Young (Normal) (G1 Evacuation Pause) 131M->50M(147M) 1.122ms
[139.188s][info][gc] GC(1922) Pause Young (Normal) (G1 Evacuation Pause) 131M->51M(147M) 1.113ms
[139.346s][info][gc] GC(1923) Pause Young (Normal) (G1 Evacuation Pause) 131M->52M(147M) 1.104ms
[139.507s][info][gc] GC(1924) Pause Young (Normal) (G1 Evacuation Pause) 132M->52M(147M) 1.157ms
[139.652s][info][gc] GC(1925) Pause Young (Normal) (G1 Evacuation Pause) 131M->53M(147M) 1.326ms
[139.805s][info][gc] GC(1926) Pause Young (Normal) (G1 Evacuation Pause) 131M->54M(147M) 1.113ms
[139.948s][info][gc] GC(1927) Pause Young (Normal) (G1 Evacuation Pause) 132M->54M(147M) 1.123ms
[140.108s][info][gc] GC(1928) Pause Young (Normal) (G1 Evacuation Pause) 131M->55M(147M) 1.111ms
[140.257s][info][gc] GC(1929) Pause Young (Concurrent Start) (G1 Evacuation Pause) 131M->56M(147M) 1.119ms
[140.257s][info][gc] GC(1930) Concurrent Mark Cycle
[140.262s][info][gc] GC(1930) Pause Remark 59M->55M(147M) 0.427ms
[140.264s][info][gc] GC(1930) Pause Cleanup 57M->57M(147M) 0.024ms
[140.265s][info][gc] GC(1930) Concurrent Mark Cycle 7.682ms
[140.400s][info][gc] GC(1931) Pause Young (Prepare Mixed) (G1 Evacuation Pause) 128M->53M(147M) 1.087ms
[140.554s][info][gc] GC(1932) Pause Young (Mixed) (G1 Evacuation Pause) 132M->52M(147M) 1.158ms
[140.703s][info][gc] GC(1933) Pause Young (Normal) (G1 Evacuation Pause) 130M->53M(147M) 1.119ms
[140.852s][info][gc] GC(1934) Pause Young (Normal) (G1 Evacuation Pause) 131M->54M(147M) 1.197ms
[141.003s][info][gc] GC(1935) Pause Young (Normal) (G1 Evacuation Pause) 131M->54M(147M) 1.123ms
[141.163s][info][gc] GC(1936) Pause Young (Normal) (G1 Evacuation Pause) 132M->55M(147M) 1.083ms
[141.302s][info][gc] GC(1937) Pause Young (Normal) (G1 Evacuation Pause) 131M->55M(147M) 1.153ms
[141.454s][info][gc] GC(1938) Pause Young (Normal) (G1 Evacuation Pause) 132M->56M(147M) 1.087ms
[141.593s][info][gc] GC(1939) Pause Young (Concurrent Start) (G1 Evacuation Pause) 131M->57M(147M) 1.134ms
[141.594s][info][gc] GC(1940) Concurrent Mark Cycle
[141.599s][info][gc] GC(1940) Pause Remark 60M->60M(147M) 0.446ms
[141.602s][info][gc] GC(1940) Pause Cleanup 61M->61M(147M) 0.032ms
[141.603s][info][gc] GC(1940) Concurrent Mark Cycle 9.055ms
[141.737s][info][gc] GC(1941) Pause Young (Prepare Mixed) (G1 Evacuation Pause) 131M->58M(147M) 1.100ms
[141.879s][info][gc] GC(1942) Pause Young (Mixed) (G1 Evacuation Pause) 131M->57M(147M) 1.246ms
[142.015s][info][gc] GC(1943) Pause Young (Concurrent Start) (G1 Evacuation Pause) 132M->58M(147M) 1.079ms
[142.015s][info][gc] GC(1944) Concurrent Mark Cycle
[142.021s][info][gc] GC(1944) Pause Remark 61M->61M(147M) 0.423ms
[142.025s][info][gc] GC(1944) Pause Cleanup 63M->63M(147M) 0.024ms
[142.025s][info][gc] GC(1944) Concurrent Mark Cycle 9.625ms
[142.154s][info][gc] GC(1945) Pause Young (Prepare Mixed) (G1 Evacuation Pause) 131M->58M(147M) 1.139ms
[142.287s][info][gc] GC(1946) Pause Young (Mixed) (G1 Evacuation Pause) 132M->57M(147M) 1.219ms
[142.430s][info][gc] GC(1947) Pause Young (Concurrent Start) (G1 Evacuation Pause) 132M->58M(147M) 1.060ms
[142.430s][info][gc] GC(1948) Concurrent Mark Cycle
[142.436s][info][gc] GC(1948) Pause Remark 61M->61M(147M) 0.425ms
[142.440s][info][gc] GC(1948) Pause Cleanup 64M->64M(147M) 0.023ms
[142.440s][info][gc] GC(1948) Concurrent Mark Cycle 9.915ms
[142.568s][info][gc] GC(1949) Pause Young (Prepare Mixed) (G1 Evacuation Pause) 131M->58M(147M) 1.123ms
[142.709s][info][gc] GC(1950) Pause Young (Mixed) (G1 Evacuation Pause) 131M->58M(147M) 1.134ms
[142.841s][info][gc] GC(1951) Pause Young (Concurrent Start) (G1 Evacuation Pause) 132M->59M(147M) 1.064ms
[142.841s][info][gc] GC(1952) Concurrent Mark Cycle
[142.848s][info][gc] GC(1952) Pause Remark 62M->62M(147M) 0.442ms
[142.852s][info][gc] GC(1952) Pause Cleanup 65M->65M(147M) 0.024ms
[142.852s][info][gc] GC(1952) Concurrent Mark Cycle 10.372ms
[142.991s][info][gc] GC(1953) Pause Young (Prepare Mixed) (G1 Evacuation Pause) 132M->59M(147M) 1.033ms
[143.124s][info][gc] GC(1954) Pause Young (Mixed) (G1 Evacuation Pause) 132M->58M(147M) 1.193ms
[143.268s][info][gc] GC(1955) Pause Young (Concurrent Start) (G1 Evacuation Pause) 132M->59M(147M) 1.100ms
[143.268s][info][gc] GC(1956) Concurrent Mark Cycle
[143.276s][info][gc] GC(1956) Pause Remark 63M->63M(147M) 0.426ms
[143.280s][info][gc] GC(1956) Pause Cleanup 65M->65M(147M) 0.023ms
[143.280s][info][gc] GC(1956) Concurrent Mark Cycle 12.143ms
[143.412s][info][gc] GC(1957) Pause Young (Prepare Mixed) (G1 Evacuation Pause) 131M->60M(147M) 1.094ms
[143.544s][info][gc] GC(1958) Pause Young (Mixed) (G1 Evacuation Pause) 132M->59M(147M) 1.176ms
[143.684s][info][gc] GC(1959) Pause Young (Concurrent Start) (G1 Evacuation Pause) 131M->60M(147M) 1.026ms
[143.684s][info][gc] GC(1960) Concurrent Mark Cycle
[143.692s][info][gc] GC(1960) Pause Remark 64M->64M(147M) 0.433ms
[143.696s][info][gc] GC(1960) Pause Cleanup 65M->65M(147M) 0.022ms
[143.696s][info][gc] GC(1960) Concurrent Mark Cycle 12.451ms
[143.814s][info][gc] GC(1961) Pause Young (Prepare Mixed) (G1 Evacuation Pause) 132M->61M(147M) 1.006ms
[143.954s][info][gc] GC(1962) Pause Young (Mixed) (G1 Evacuation Pause) 132M->61M(147M) 1.058ms
[144.093s][info][gc] GC(1963) Pause Young (Concurrent Start) (G1 Evacuation Pause) 132M->61M(147M) 1.031ms
[144.093s][info][gc] GC(1964) Concurrent Mark Cycle
[144.102s][info][gc] GC(1964) Pause Remark 67M->67M(147M) 0.433ms
[144.106s][info][gc] GC(1964) Pause Cleanup 70M->70M(147M) 0.023ms
[144.106s][info][gc] GC(1964) Concurrent Mark Cycle 13.131ms
[144.235s][info][gc] GC(1965) Pause Young (Prepare Mixed) (G1 Evacuation Pause) 132M->62M(147M) 1.074ms
[144.365s][info][gc] GC(1966) Pause Young (Mixed) (G1 Evacuation Pause) 132M->63M(147M) 1.146ms
[144.502s][info][gc] GC(1967) Pause Young (Concurrent Start) (G1 Evacuation Pause) 132M->64M(147M) 1.064ms
[144.502s][info][gc] GC(1968) Concurrent Mark Cycle
[144.511s][info][gc] GC(1968) Pause Remark 68M->68M(147M) 0.429ms
[144.515s][info][gc] GC(1968) Pause Cleanup 72M->72M(147M) 0.022ms
[144.516s][info][gc] GC(1968) Concurrent Mark Cycle 13.507ms
[144.628s][info][gc] GC(1969) Pause Young (Prepare Mixed) (G1 Evacuation Pause) 133M->64M(147M) 0.990ms
[144.762s][info][gc] GC(1970) Pause Young (Mixed) (G1 Evacuation Pause) 132M->64M(147M) 1.051ms
[144.895s][info][gc] GC(1971) Pause Young (Concurrent Start) (G1 Evacuation Pause) 131M->65M(147M) 0.988ms
[144.895s][info][gc] GC(1972) Concurrent Mark Cycle
[144.905s][info][gc] GC(1972) Pause Remark 67M->67M(147M) 0.417ms
[144.910s][info][gc] GC(1972) Pause Cleanup 71M->71M(147M) 0.020ms
[144.910s][info][gc] GC(1972) Concurrent Mark Cycle 14.699ms
[145.121s][info][gc] GC(1973) Pause Young (Prepare Mixed) (G1 Evacuation Pause) 132M->66M(147M) 1.103ms
[145.238s][info][gc] GC(1974) Pause Young (Mixed) (G1 Evacuation Pause) 131M->66M(147M) 1.308ms
[145.371s][info][gc] GC(1975) Pause Young (Concurrent Start) (G1 Evacuation Pause) 133M->67M(147M) 1.031ms
[145.371s][info][gc] GC(1976) Concurrent Mark Cycle
[145.374s][info][gc] GC(1976) Pause Remark 69M->44M(144M) 0.429ms
[145.376s][info][gc] GC(1976) Pause Cleanup 44M->44M(144M) 0.023ms
[145.376s][info][gc] GC(1976) Concurrent Mark Cycle 4.549ms
[145.493s][info][gc] GC(1977) Pause Young (Prepare Mixed) (G1 Evacuation Pause) 108M->42M(144M) 1.041ms
[145.658s][info][gc] GC(1978) Pause Young (Mixed) (G1 Evacuation Pause) 123M->37M(144M) 1.300ms
[145.811s][info][gc] GC(1979) Pause Young (Normal) (G1 Evacuation Pause) 117M->37M(144M) 1.117ms
[145.957s][info][gc] GC(1980) Pause Young (Normal) (G1 Evacuation Pause) 117M->38M(144M) 1.177ms
[146.113s][info][gc] GC(1981) Pause Young (Normal) (G1 Evacuation Pause) 117M->39M(144M) 1.190ms
[146.263s][info][gc] GC(1982) Pause Young (Normal) (G1 Evacuation Pause) 118M->40M(144M) 1.223ms
[146.408s][info][gc] GC(1983) Pause Young (Normal) (G1 Evacuation Pause) 120M->40M(144M) 1.019ms
[146.564s][info][gc] GC(1984) Pause Young (Normal) (G1 Evacuation Pause) 120M->41M(144M) 1.164ms
[146.719s][info][gc] GC(1985) Pause Young (Normal) (G1 Evacuation Pause) 120M->42M(144M) 1.118ms
[146.863s][info][gc] GC(1986) Pause Young (Normal) (G1 Evacuation Pause) 121M->42M(144M) 1.102ms
[147.021s][info][gc] GC(1987) Pause Young (Normal) (G1 Evacuation Pause) 122M->43M(144M) 1.072ms
[147.170s][info][gc] GC(1988) Pause Young (Normal) (G1 Evacuation Pause) 123M->43M(144M) 1.063ms
[147.333s][info][gc] GC(1989) Pause Young (Normal) (G1 Evacuation Pause) 123M->44M(144M) 1.079ms
[147.481s][info][gc] GC(1990) Pause Young (Normal) (G1 Evacuation Pause) 124M->45M(144M) 1.069ms
[147.640s][info][gc] GC(1991) Pause Young (Normal) (G1 Evacuation Pause) 125M->45M(144M) 1.107ms
[147.797s][info][gc] GC(1992) Pause Young (Normal) (G1 Evacuation Pause) 125M->46M(144M) 1.065ms
[147.943s][info][gc] GC(1993) Pause Young (Normal) (G1 Evacuation Pause) 126M->47M(144M) 1.083ms
[148.103s][info][gc] GC(1994) Pause Young (Normal) (G1 Evacuation Pause) 127M->48M(144M) 1.105ms
[148.257s][info][gc] GC(1995) Pause Young (Normal) (G1 Evacuation Pause) 128M->48M(144M) 1.091ms
[148.409s][info][gc] GC(1996) Pause Young (Normal) (G1 Evacuation Pause) 128M->49M(144M) 1.021ms
[148.563s][info][gc] GC(1997) Pause Young (Normal) (G1 Evacuation Pause) 129M->50M(144M) 1.085ms
[148.713s][info][gc] GC(1998) Pause Young (Normal) (G1 Evacuation Pause) 128M->50M(144M) 1.048ms
[148.865s][info][gc] GC(1999) Pause Young (Normal) (G1 Evacuation Pause) 128M->51M(144M) 1.046ms
[149.008s][info][gc] GC(2000) Pause Young (Normal) (G1 Evacuation Pause) 127M->52M(144M) 1.152ms
[149.150s][info][gc] GC(2001) Pause Young (Normal) (G1 Evacuation Pause) 129M->52M(144M) 1.041ms
[149.291s][info][gc] GC(2002) Pause Young (Normal) (G1 Evacuation Pause) 128M->53M(144M) 1.049ms
[149.434s][info][gc] GC(2003) Pause Young (Normal) (G1 Evacuation Pause) 127M->53M(144M) 1.074ms
[149.574s][info][gc] GC(2004) Pause Young (Normal) (G1 Evacuation Pause) 127M->54M(144M) 1.148ms
[149.722s][info][gc] GC(2005) Pause Young (Normal) (G1 Evacuation Pause) 127M->55M(144M) 1.097ms
[149.859s][info][gc] GC(2006) Pause Young (Concurrent Start) (G1 Evacuation Pause) 129M->56M(144M) 1.028ms
[149.859s][info][gc] GC(2007) Concurrent Mark Cycle
[149.865s][info][gc] GC(2007) Pause Remark 58M->56M(144M) 0.444ms
[149.869s][info][gc] GC(2007) Pause Cleanup 59M->59M(144M) 0.026ms
[149.869s][info][gc] GC(2007) Concurrent Mark Cycle 10.546ms
[149.995s][info][gc] GC(2008) Pause Young (Prepare Mixed) (G1 Evacuation Pause) 127M->54M(144M) 1.017ms
[150.145s][info][gc] GC(2009) Pause Young (Mixed) (G1 Evacuation Pause) 128M->54M(144M) 1.167ms
[150.295s][info][gc] GC(2010) Pause Young (Normal) (G1 Evacuation Pause) 129M->54M(144M) 1.023ms
[150.442s][info][gc] GC(2011) Pause Young (Normal) (G1 Evacuation Pause) 127M->55M(144M) 1.104ms
[150.575s][info][gc] GC(2012) Pause Young (Concurrent Start) (G1 Evacuation Pause) 129M->56M(144M) 1.068ms
[150.575s][info][gc] GC(2013) Concurrent Mark Cycle
[150.582s][info][gc] GC(2013) Pause Remark 61M->61M(144M) 0.455ms
[150.587s][info][gc] GC(2013) Pause Cleanup 62M->62M(144M) 0.027ms
[150.587s][info][gc] GC(2013) Concurrent Mark Cycle 12.235ms
[150.723s][info][gc] GC(2014) Pause Young (Prepare Mixed) (G1 Evacuation Pause) 129M->56M(144M) 1.050ms
[150.864s][info][gc] GC(2015) Pause Young (Mixed) (G1 Evacuation Pause) 129M->55M(144M) 1.405ms
[151.017s][info][gc] GC(2016) Pause Young (Concurrent Start) (G1 Evacuation Pause) 129M->56M(144M) 1.167ms
[151.018s][info][gc] GC(2017) Concurrent Mark Cycle
[151.025s][info][gc] GC(2017) Pause Remark 61M->61M(144M) 0.420ms
[151.030s][info][gc] GC(2017) Pause Cleanup 62M->62M(144M) 0.028ms
[151.030s][info][gc] GC(2017) Concurrent Mark Cycle 12.695ms
[151.166s][info][gc] GC(2018) Pause Young (Prepare Mixed) (G1 Evacuation Pause) 129M->57M(144M) 1.035ms
[151.301s][info][gc] GC(2019) Pause Young (Mixed) (G1 Evacuation Pause) 129M->56M(144M) 1.255ms
[151.445s][info][gc] GC(2020) Pause Young (Concurrent Start) (G1 Evacuation Pause) 129M->57M(144M) 1.080ms
[151.445s][info][gc] GC(2021) Concurrent Mark Cycle
[151.452s][info][gc] GC(2021) Pause Remark 61M->61M(144M) 0.421ms
[151.457s][info][gc] GC(2021) Pause Cleanup 65M->65M(144M) 0.047ms
[151.457s][info][gc] GC(2021) Concurrent Mark Cycle 12.485ms
[151.584s][info][gc] GC(2022) Pause Young (Prepare Mixed) (G1 Evacuation Pause) 129M->57M(144M) 1.062ms
[151.726s][info][gc] GC(2023) Pause Young (Mixed) (G1 Evacuation Pause) 129M->57M(144M) 1.269ms
[151.862s][info][gc] GC(2024) Pause Young (Concurrent Start) (G1 Evacuation Pause) 129M->58M(144M) 1.045ms
[151.862s][info][gc] GC(2025) Concurrent Mark Cycle
[151.870s][info][gc] GC(2025) Pause Remark 62M->62M(144M) 0.414ms
[151.875s][info][gc] GC(2025) Pause Cleanup 66M->66M(144M) 0.024ms
[151.875s][info][gc] GC(2025) Concurrent Mark Cycle 12.599ms
[152.007s][info][gc] GC(2026) Pause Young (Prepare Mixed) (G1 Evacuation Pause) 129M->58M(144M) 1.037ms
[152.140s][info][gc] GC(2027) Pause Young (Mixed) (G1 Evacuation Pause) 129M->58M(144M) 1.108ms
[152.281s][info][gc] GC(2028) Pause Young (Concurrent Start) (G1 Evacuation Pause) 129M->59M(144M) 1.037ms
[152.281s][info][gc] GC(2029) Concurrent Mark Cycle
[152.288s][info][gc] GC(2029) Pause Remark 64M->64M(144M) 0.424ms
[152.294s][info][gc] GC(2029) Pause Cleanup 67M->67M(144M) 0.028ms
[152.294s][info][gc] GC(2029) Concurrent Mark Cycle 13.669ms
[152.414s][info][gc] GC(2030) Pause Young (Prepare Mixed) (G1 Evacuation Pause) 129M->59M(144M) 1.001ms
[152.550s][info][gc] GC(2031) Pause Young (Mixed) (G1 Evacuation Pause) 128M->60M(144M) 1.130ms
[152.673s][info][gc] GC(2032) Pause Young (Concurrent Start) (G1 Evacuation Pause) 129M->60M(144M) 1.085ms
[152.673s][info][gc] GC(2033) Concurrent Mark Cycle
[152.681s][info][gc] GC(2033) Pause Remark 66M->66M(144M) 0.435ms
[152.687s][info][gc] GC(2033) Pause Cleanup 70M->70M(144M) 0.023ms
[152.687s][info][gc] GC(2033) Concurrent Mark Cycle 13.979ms
[152.809s][info][gc] GC(2034) Pause Young (Prepare Mixed) (G1 Evacuation Pause) 129M->61M(144M) 0.997ms
[152.939s][info][gc] GC(2035) Pause Young (Mixed) (G1 Evacuation Pause) 129M->61M(144M) 1.083ms
[153.064s][info][gc] GC(2036) Pause Young (Concurrent Start) (G1 Evacuation Pause) 129M->61M(144M) 0.901ms
[153.064s][info][gc] GC(2037) Concurrent Mark Cycle
[153.072s][info][gc] GC(2037) Pause Remark 62M->62M(144M) 0.412ms
[153.078s][info][gc] GC(2037) Pause Cleanup 63M->63M(144M) 0.024ms
[153.078s][info][gc] GC(2037) Concurrent Mark Cycle 13.652ms
[153.200s][info][gc] GC(2038) Pause Young (Prepare Mixed) (G1 Evacuation Pause) 129M->62M(144M) 1.018ms
[153.325s][info][gc] GC(2039) Pause Young (Mixed) (G1 Evacuation Pause) 129M->62M(144M) 1.090ms
[153.459s][info][gc] GC(2040) Pause Young (Concurrent Start) (G1 Evacuation Pause) 129M->63M(144M) 1.010ms
[153.459s][info][gc] GC(2041) Concurrent Mark Cycle
[153.467s][info][gc] GC(2041) Pause Remark 68M->68M(144M) 0.429ms
[153.473s][info][gc] GC(2041) Pause Cleanup 72M->72M(144M) 0.022ms
[153.473s][info][gc] GC(2041) Concurrent Mark Cycle 14.520ms
[153.583s][info][gc] GC(2042) Pause Young (Prepare Mixed) (G1 Evacuation Pause) 129M->63M(144M) 1.026ms
[153.700s][info][gc] GC(2043) Pause Young (Mixed) (G1 Evacuation Pause) 128M->64M(144M) 1.017ms
[153.827s][info][gc] GC(2044) Pause Young (Concurrent Start) (G1 Evacuation Pause) 129M->64M(144M) 1.076ms
[153.828s][info][gc] GC(2045) Concurrent Mark Cycle
[153.837s][info][gc] GC(2045) Pause Remark 70M->70M(144M) 0.503ms
[153.844s][info][gc] GC(2045) Pause Cleanup 75M->75M(144M) 0.038ms
[153.844s][info][gc] GC(2045) Concurrent Mark Cycle 16.384ms
[153.950s][info][gc] GC(2046) Pause Young (Prepare Mixed) (G1 Evacuation Pause) 129M->64M(144M) 1.020ms
[154.085s][info][gc] GC(2047) Pause Young (Mixed) (G1 Evacuation Pause) 130M->65M(144M) 1.083ms
[154.281s][info][gc] GC(2048) Pause Young (Concurrent Start) (G1 Evacuation Pause) 128M->66M(144M) 1.141ms
[154.281s][info][gc] GC(2049) Concurrent Mark Cycle
[154.284s][info][gc] GC(2049) Pause Remark 67M->45M(144M) 0.458ms
[154.286s][info][gc] GC(2049) Pause Cleanup 45M->45M(144M) 0.025ms
[154.286s][info][gc] GC(2049) Concurrent Mark Cycle 4.809ms
[154.401s][info][gc] GC(2050) Pause Young (Prepare Mixed) (G1 Evacuation Pause) 107M->45M(144M) 1.110ms
[154.548s][info][gc] GC(2051) Pause Young (Mixed) (G1 Evacuation Pause) 125M->36M(144M) 0.942ms
[154.707s][info][gc] GC(2052) Pause Young (Normal) (G1 Evacuation Pause) 119M->37M(144M) 0.864ms
[154.862s][info][gc] GC(2053) Pause Young (Normal) (G1 Evacuation Pause) 119M->38M(144M) 0.940ms
[155.028s][info][gc] GC(2054) Pause Young (Normal) (G1 Evacuation Pause) 119M->39M(144M) 1.091ms
[155.173s][info][gc] GC(2055) Pause Young (Normal) (G1 Evacuation Pause) 118M->39M(144M) 1.080ms
[155.327s][info][gc] GC(2056) Pause Young (Normal) (G1 Evacuation Pause) 119M->39M(144M) 1.172ms
[155.480s][info][gc] GC(2057) Pause Young (Normal) (G1 Evacuation Pause) 119M->40M(144M) 1.189ms
[155.635s][info][gc] GC(2058) Pause Young (Normal) (G1 Evacuation Pause) 120M->41M(144M) 1.139ms
[155.773s][info][gc] GC(2059) Pause Young (Normal) (G1 Evacuation Pause) 120M->41M(144M) 1.162ms
[155.930s][info][gc] GC(2060) Pause Young (Normal) (G1 Evacuation Pause) 121M->42M(144M) 1.068ms
[156.082s][info][gc] GC(2061) Pause Young (Normal) (G1 Evacuation Pause) 122M->43M(144M) 1.102ms
[156.228s][info][gc] GC(2062) Pause Young (Normal) (G1 Evacuation Pause) 122M->43M(144M) 1.101ms
[156.390s][info][gc] GC(2063) Pause Young (Normal) (G1 Evacuation Pause) 123M->44M(144M) 1.081ms
[156.541s][info][gc] GC(2064) Pause Young (Normal) (G1 Evacuation Pause) 124M->45M(144M) 1.060ms
[156.689s][info][gc] GC(2065) Pause Young (Normal) (G1 Evacuation Pause) 125M->45M(144M) 0.971ms
[156.843s][info][gc] GC(2066) Pause Young (Normal) (G1 Evacuation Pause) 125M->46M(144M) 1.062ms
[156.998s][info][gc] GC(2067) Pause Young (Normal) (G1 Evacuation Pause) 125M->47M(144M) 1.173ms
[157.151s][info][gc] GC(2068) Pause Young (Normal) (G1 Evacuation Pause) 127M->47M(144M) 1.077ms
[157.298s][info][gc] GC(2069) Pause Young (Normal) (G1 Evacuation Pause) 127M->48M(144M) 1.166ms
[157.457s][info][gc] GC(2070) Pause Young (Normal) (G1 Evacuation Pause) 128M->49M(144M) 1.064ms
[157.608s][info][gc] GC(2071) Pause Young (Normal) (G1 Evacuation Pause) 129M->49M(144M) 1.054ms
[157.753s][info][gc] GC(2072) Pause Young (Normal) (G1 Evacuation Pause) 129M->50M(144M) 1.074ms
[157.901s][info][gc] GC(2073) Pause Young (Normal) (G1 Evacuation Pause) 129M->51M(144M) 1.013ms
[158.055s][info][gc] GC(2074) Pause Young (Normal) (G1 Evacuation Pause) 129M->52M(144M) 1.024ms
[158.197s][info][gc] GC(2075) Pause Young (Normal) (G1 Evacuation Pause) 128M->52M(144M) 1.119ms
[158.348s][info][gc] GC(2076) Pause Young (Normal) (G1 Evacuation Pause) 129M->53M(144M) 1.034ms
[158.484s][info][gc] GC(2077) Pause Young (Normal) (G1 Evacuation Pause) 129M->53M(144M) 1.030ms
[158.626s][info][gc] GC(2078) Pause Young (Normal) (G1 Evacuation Pause) 127M->54M(144M) 1.138ms
[158.767s][info][gc] GC(2079) Pause Young (Normal) (G1 Evacuation Pause) 128M->55M(144M) 1.075ms
[158.900s][info][gc] GC(2080) Pause Young (Concurrent Start) (G1 Evacuation Pause) 129M->55M(144M) 1.067ms
[158.900s][info][gc] GC(2081) Concurrent Mark Cycle
[158.906s][info][gc] GC(2081) Pause Remark 59M->57M(144M) 0.430ms
[158.909s][info][gc] GC(2081) Pause Cleanup 57M->57M(144M) 0.024ms
[158.909s][info][gc] GC(2081) Concurrent Mark Cycle 9.098ms
[159.043s][info][gc] GC(2082) Pause Young (Prepare Mixed) (G1 Evacuation Pause) 127M->54M(144M) 1.049ms
[159.182s][info][gc] GC(2083) Pause Young (Mixed) (G1 Evacuation Pause) 129M->52M(144M) 1.118ms
[159.334s][info][gc] GC(2084) Pause Young (Normal) (G1 Evacuation Pause) 129M->53M(144M) 1.111ms
[159.475s][info][gc] GC(2085) Pause Young (Normal) (G1 Evacuation Pause) 127M->54M(144M) 1.069ms
[159.612s][info][gc] GC(2086) Pause Young (Normal) (G1 Evacuation Pause) 129M->54M(144M) 1.090ms
[159.753s][info][gc] GC(2087) Pause Young (Normal) (G1 Evacuation Pause) 129M->56M(144M) 1.077ms
[159.884s][info][gc] GC(2088) Pause Young (Concurrent Start) (G1 Evacuation Pause) 128M->56M(144M) 1.109ms
[159.884s][info][gc] GC(2089) Concurrent Mark Cycle
[159.890s][info][gc] GC(2089) Pause Remark 60M->60M(144M) 0.424ms
[159.893s][info][gc] GC(2089) Pause Cleanup 62M->62M(144M) 0.023ms
[159.893s][info][gc] GC(2089) Concurrent Mark Cycle 9.017ms
[160.027s][info][gc] GC(2090) Pause Young (Prepare Mixed) (G1 Evacuation Pause) 129M->57M(144M) 1.055ms
[160.156s][info][gc] GC(2091) Pause Young (Mixed) (G1 Evacuation Pause) 129M->56M(144M) 1.111ms
[160.297s][info][gc] GC(2092) Pause Young (Concurrent Start) (G1 Evacuation Pause) 129M->56M(144M) 1.073ms
[160.297s][info][gc] GC(2093) Concurrent Mark Cycle
[160.303s][info][gc] GC(2093) Pause Remark 58M->58M(144M) 0.422ms
[160.307s][info][gc] GC(2093) Pause Cleanup 60M->60M(144M) 0.023ms
[160.307s][info][gc] GC(2093) Concurrent Mark Cycle 9.747ms
[160.429s][info][gc] GC(2094) Pause Young (Prepare Mixed) (G1 Evacuation Pause) 128M->57M(144M) 1.029ms
[160.574s][info][gc] GC(2095) Pause Young (Mixed) (G1 Evacuation Pause) 129M->56M(144M) 1.189ms
[160.702s][info][gc] GC(2096) Pause Young (Concurrent Start) (G1 Evacuation Pause) 128M->57M(144M) 1.058ms
[160.702s][info][gc] GC(2097) Concurrent Mark Cycle
[160.708s][info][gc] GC(2097) Pause Remark 59M->59M(144M) 0.425ms
[160.712s][info][gc] GC(2097) Pause Cleanup 60M->60M(144M) 0.029ms
[160.712s][info][gc] GC(2097) Concurrent Mark Cycle 10.071ms
[160.841s][info][gc] GC(2098) Pause Young (Prepare Mixed) (G1 Evacuation Pause) 129M->58M(144M) 0.992ms
[160.973s][info][gc] GC(2099) Pause Young (Mixed) (G1 Evacuation Pause) 129M->57M(144M) 1.206ms
[161.117s][info][gc] GC(2100) Pause Young (Concurrent Start) (G1 Evacuation Pause) 129M->58M(144M) 1.150ms
[161.117s][info][gc] GC(2101) Concurrent Mark Cycle
[161.124s][info][gc] GC(2101) Pause Remark 63M->63M(144M) 0.453ms
[161.129s][info][gc] GC(2101) Pause Cleanup 66M->66M(144M) 0.029ms
[161.129s][info][gc] GC(2101) Concurrent Mark Cycle 11.622ms
[161.250s][info][gc] GC(2102) Pause Young (Prepare Mixed) (G1 Evacuation Pause) 129M->58M(144M) 1.016ms
[161.395s][info][gc] GC(2103) Pause Young (Mixed) (G1 Evacuation Pause) 128M->58M(144M) 1.212ms
[161.524s][info][gc] GC(2104) Pause Young (Concurrent Start) (G1 Evacuation Pause) 128M->59M(144M) 1.057ms
[161.524s][info][gc] GC(2105) Concurrent Mark Cycle
[161.531s][info][gc] GC(2105) Pause Remark 63M->63M(144M) 0.467ms
[161.536s][info][gc] GC(2105) Pause Cleanup 63M->63M(144M) 0.030ms
[161.536s][info][gc] GC(2105) Concurrent Mark Cycle 11.651ms
[161.674s][info][gc] GC(2106) Pause Young (Prepare Mixed) (G1 Evacuation Pause) 129M->60M(144M) 1.160ms
[161.797s][info][gc] GC(2107) Pause Young (Mixed) (G1 Evacuation Pause) 128M->60M(144M) 1.227ms
[161.940s][info][gc] GC(2108) Pause Young (Concurrent Start) (G1 Evacuation Pause) 129M->60M(144M) 1.003ms
[161.940s][info][gc] GC(2109) Concurrent Mark Cycle
[161.947s][info][gc] GC(2109) Pause Remark 64M->64M(144M) 0.435ms
[161.952s][info][gc] GC(2109) Pause Cleanup 67M->67M(144M) 0.030ms
[161.952s][info][gc] GC(2109) Concurrent Mark Cycle 12.199ms
[162.066s][info][gc] GC(2110) Pause Young (Prepare Mixed) (G1 Evacuation Pause) 128M->61M(144M) 1.048ms
[162.199s][info][gc] GC(2111) Pause Young (Mixed) (G1 Evacuation Pause) 129M->61M(144M) 1.196ms
[162.327s][info][gc] GC(2112) Pause Young (Concurrent Start) (G1 Evacuation Pause) 129M->62M(144M) 1.128ms
[162.327s][info][gc] GC(2113) Concurrent Mark Cycle
[162.334s][info][gc] GC(2113) Pause Remark 66M->66M(144M) 0.471ms
[162.340s][info][gc] GC(2113) Pause Cleanup 68M->68M(144M) 0.024ms
[162.340s][info][gc] GC(2113) Concurrent Mark Cycle 12.534ms
[162.462s][info][gc] GC(2114) Pause Young (Prepare Mixed) (G1 Evacuation Pause) 129M->62M(144M) 1.037ms
[162.587s][info][gc] GC(2115) Pause Young (Mixed) (G1 Evacuation Pause) 129M->63M(144M) 1.104ms
[162.715s][info][gc] GC(2116) Pause Young (Concurrent Start) (G1 Evacuation Pause) 129M->63M(144M) 1.068ms
[162.715s][info][gc] GC(2117) Concurrent Mark Cycle
[162.723s][info][gc] GC(2117) Pause Remark 68M->68M(144M) 0.421ms
[162.728s][info][gc] GC(2117) Pause Cleanup 69M->69M(144M) 0.025ms
[162.728s][info][gc] GC(2117) Concurrent Mark Cycle 13.031ms
[162.850s][info][gc] GC(2118) Pause Young (Prepare Mixed) (G1 Evacuation Pause) 130M->64M(144M) 0.969ms
[162.972s][info][gc] GC(2119) Pause Young (Mixed) (G1 Evacuation Pause) 128M->64M(144M) 1.026ms
[163.101s][info][gc] GC(2120) Pause Young (Concurrent Start) (G1 Evacuation Pause) 130M->65M(144M) 0.976ms
[163.101s][info][gc] GC(2121) Concurrent Mark Cycle
[163.108s][info][gc] GC(2121) Pause Remark 69M->69M(144M) 0.418ms
[163.114s][info][gc] GC(2121) Pause Cleanup 73M->73M(144M) 0.023ms
[163.114s][info][gc] GC(2121) Concurrent Mark Cycle 13.416ms
[163.220s][info][gc] GC(2122) Pause Young (Prepare Mixed) (G1 Evacuation Pause) 128M->65M(144M) 0.957ms
[163.410s][info][gc] GC(2123) Pause Young (Mixed) (G1 Evacuation Pause) 130M->70M(144M) 1.416ms
[163.434s][info][gc] GC(2124) Pause Young (Concurrent Start) (G1 Evacuation Pause) 126M->72M(144M) 1.383ms
[163.434s][info][gc] GC(2125) Concurrent Mark Cycle
[163.439s][info][gc] GC(2125) Pause Remark 86M->60M(144M) 0.391ms
[163.444s][info][gc] GC(2125) Pause Cleanup 69M->69M(144M) 0.055ms
[163.444s][info][gc] GC(2125) Concurrent Mark Cycle 10.206ms
[163.459s][info][gc] GC(2126) Pause Young (Prepare Mixed) (G1 Evacuation Pause) 107M->45M(144M) 0.547ms
[163.509s][info][gc] GC(2127) Pause Young (Mixed) (G1 Evacuation Pause) 129M->44M(144M) 0.997ms
[163.543s][info][gc] GC(2128) Pause Young (Concurrent Start) (G1 Evacuation Pause) 125M->45M(144M) 0.920ms
[163.543s][info][gc] GC(2129) Concurrent Mark Cycle
[163.548s][info][gc] GC(2129) Pause Remark 52M->52M(144M) 0.415ms
[163.551s][info][gc] GC(2129) Pause Cleanup 58M->58M(144M) 0.053ms
[163.551s][info][gc] GC(2129) Concurrent Mark Cycle 8.411ms
[163.580s][info][gc] GC(2130) Pause Young (Prepare Mixed) (G1 Evacuation Pause) 125M->45M(144M) 1.028ms
[163.629s][info][gc] GC(2131) Pause Young (Mixed) (G1 Evacuation Pause) 125M->39M(144M) 1.200ms
[163.663s][info][gc] GC(2132) Pause Young (Normal) (G1 Evacuation Pause) 117M->39M(144M) 0.969ms
[163.708s][info][gc] GC(2133) Pause Young (Normal) (G1 Evacuation Pause) 118M->40M(173M) 1.002ms
[163.754s][info][gc] GC(2134) Pause Young (Normal) (G1 Evacuation Pause) 136M->41M(173M) 0.995ms
[163.805s][info][gc] GC(2135) Pause Young (Normal) (G1 Evacuation Pause) 136M->42M(173M) 1.058ms
[163.849s][info][gc] GC(2136) Pause Young (Normal) (G1 Evacuation Pause) 137M->42M(173M) 1.056ms
[163.900s][info][gc] GC(2137) Pause Young (Normal) (G1 Evacuation Pause) 137M->43M(173M) 1.018ms
[163.944s][info][gc] GC(2138) Pause Young (Normal) (G1 Evacuation Pause) 138M->45M(173M) 1.189ms
[163.994s][info][gc] GC(2139) Pause Young (Normal) (G1 Evacuation Pause) 139M->45M(173M) 1.046ms
[164.039s][info][gc] GC(2140) Pause Young (Normal) (G1 Evacuation Pause) 140M->46M(173M) 1.033ms
[164.090s][info][gc] GC(2141) Pause Young (Normal) (G1 Evacuation Pause) 141M->46M(173M) 1.044ms
[164.137s][info][gc] GC(2142) Pause Young (Normal) (G1 Evacuation Pause) 141M->48M(173M) 1.081ms
[164.186s][info][gc] GC(2143) Pause Young (Normal) (G1 Evacuation Pause) 142M->49M(173M) 1.128ms
[164.230s][info][gc] GC(2144) Pause Young (Normal) (G1 Evacuation Pause) 144M->49M(173M) 1.124ms
[164.279s][info][gc] GC(2145) Pause Young (Normal) (G1 Evacuation Pause) 144M->50M(173M) 1.035ms
[164.325s][info][gc] GC(2146) Pause Young (Normal) (G1 Evacuation Pause) 145M->50M(173M) 1.096ms
[164.374s][info][gc] GC(2147) Pause Young (Normal) (G1 Evacuation Pause) 145M->51M(173M) 1.076ms
[164.420s][info][gc] GC(2148) Pause Young (Normal) (G1 Evacuation Pause) 146M->52M(173M) 1.020ms
[164.474s][info][gc] GC(2149) Pause Young (Normal) (G1 Evacuation Pause) 147M->53M(173M) 1.096ms
[164.517s][info][gc] GC(2150) Pause Young (Normal) (G1 Evacuation Pause) 148M->54M(173M) 1.111ms
[164.569s][info][gc] GC(2151) Pause Young (Normal) (G1 Evacuation Pause) 149M->55M(173M) 1.076ms
[164.612s][info][gc] GC(2152) Pause Young (Normal) (G1 Evacuation Pause) 150M->55M(173M) 1.088ms
[164.663s][info][gc] GC(2153) Pause Young (Normal) (G1 Evacuation Pause) 150M->56M(173M) 1.136ms
[164.708s][info][gc] GC(2154) Pause Young (Normal) (G1 Evacuation Pause) 151M->56M(173M) 1.013ms
[164.759s][info][gc] GC(2155) Pause Young (Normal) (G1 Evacuation Pause) 151M->58M(173M) 1.043ms
[164.803s][info][gc] GC(2156) Pause Young (Concurrent Start) (G1 Evacuation Pause) 152M->58M(173M) 1.156ms
[164.803s][info][gc] GC(2157) Concurrent Mark Cycle
[164.812s][info][gc] GC(2157) Pause Remark 71M->71M(173M) 0.441ms
[164.817s][info][gc] GC(2157) Pause Cleanup 79M->79M(173M) 0.047ms
[164.817s][info][gc] GC(2157) Concurrent Mark Cycle 13.407ms
[164.857s][info][gc] GC(2158) Pause Young (Prepare Mixed) (G1 Evacuation Pause) 153M->60M(173M) 1.216ms
[164.903s][info][gc] GC(2159) Pause Young (Mixed) (G1 Evacuation Pause) 153M->58M(173M) 1.276ms
[164.959s][info][gc] GC(2160) Pause Young (Concurrent Start) (G1 Evacuation Pause) 153M->59M(173M) 1.152ms
[164.959s][info][gc] GC(2161) Concurrent Mark Cycle
[164.967s][info][gc] GC(2161) Pause Remark 75M->75M(173M) 0.393ms
[164.972s][info][gc] GC(2161) Pause Cleanup 85M->85M(173M) 0.054ms
[164.972s][info][gc] GC(2161) Concurrent Mark Cycle 12.532ms
[165.002s][info][gc] GC(2162) Pause Young (Prepare Mixed) (G1 Evacuation Pause) 154M->60M(173M) 1.066ms
[165.052s][info][gc] GC(2163) Pause Young (Mixed) (G1 Evacuation Pause) 153M->60M(173M) 1.152ms
[165.095s][info][gc] GC(2164) Pause Young (Concurrent Start) (G1 Evacuation Pause) 153M->61M(173M) 1.103ms
[165.095s][info][gc] GC(2165) Concurrent Mark Cycle
[165.103s][info][gc] GC(2165) Pause Remark 74M->74M(173M) 0.398ms
[165.110s][info][gc] GC(2165) Pause Cleanup 89M->89M(173M) 0.046ms
[165.110s][info][gc] GC(2165) Concurrent Mark Cycle 14.514ms
[165.148s][info][gc] GC(2166) Pause Young (Prepare Mixed) (G1 Evacuation Pause) 154M->61M(173M) 1.070ms
[165.193s][info][gc] GC(2167) Pause Young (Mixed) (G1 Evacuation Pause) 154M->61M(208M) 1.341ms
[165.254s][info][gc] GC(2168) Pause Young (Normal) (G1 Evacuation Pause) 177M->62M(208M) 1.188ms
[165.310s][info][gc] GC(2169) Pause Young (Normal) (G1 Evacuation Pause) 177M->62M(208M) 1.238ms
[165.373s][info][gc] GC(2170) Pause Young (Normal) (G1 Evacuation Pause) 177M->64M(208M) 1.256ms
[165.425s][info][gc] GC(2171) Pause Young (Normal) (G1 Evacuation Pause) 177M->64M(208M) 1.177ms
[165.485s][info][gc] GC(2172) Pause Young (Normal) (G1 Evacuation Pause) 179M->65M(208M) 1.261ms
[165.547s][info][gc] GC(2173) Pause Young (Normal) (G1 Evacuation Pause) 178M->66M(208M) 1.375ms
[165.600s][info][gc] GC(2174) Pause Young (Normal) (G1 Evacuation Pause) 180M->67M(208M) 1.265ms
[165.660s][info][gc] GC(2175) Pause Young (Normal) (G1 Evacuation Pause) 181M->68M(208M) 1.204ms
[165.720s][info][gc] GC(2176) Pause Young (Normal) (G1 Evacuation Pause) 182M->69M(208M) 1.212ms
[165.779s][info][gc] GC(2177) Pause Young (Normal) (G1 Evacuation Pause) 183M->70M(208M) 1.157ms
[165.838s][info][gc] GC(2178) Pause Young (Normal) (G1 Evacuation Pause) 184M->71M(208M) 1.179ms
[165.892s][info][gc] GC(2179) Pause Young (Normal) (G1 Evacuation Pause) 185M->72M(208M) 1.233ms
[165.955s][info][gc] GC(2180) Pause Young (Normal) (G1 Evacuation Pause) 186M->73M(208M) 1.251ms
[166.010s][info][gc] GC(2181) Pause Young (Normal) (G1 Evacuation Pause) 186M->73M(208M) 1.420ms
[166.070s][info][gc] GC(2182) Pause Young (Normal) (G1 Evacuation Pause) 187M->75M(208M) 1.217ms
[166.127s][info][gc] GC(2183) Pause Young (Concurrent Start) (G1 Evacuation Pause) 186M->76M(208M) 1.271ms
[166.127s][info][gc] GC(2184) Concurrent Mark Cycle
[166.138s][info][gc] GC(2184) Pause Remark 97M->97M(208M) 0.376ms
[166.146s][info][gc] GC(2184) Pause Cleanup 108M->108M(208M) 0.049ms
[166.146s][info][gc] GC(2184) Concurrent Mark Cycle 19.252ms
[166.182s][info][gc] GC(2185) Pause Young (Prepare Mixed) (G1 Evacuation Pause) 186M->78M(208M) 1.410ms
[166.241s][info][gc] GC(2186) Pause Young (Mixed) (G1 Evacuation Pause) 186M->78M(208M) 1.288ms
[166.291s][info][gc] GC(2187) Pause Young (Concurrent Start) (G1 Evacuation Pause) 187M->78M(208M) 1.102ms
[166.291s][info][gc] GC(2188) Concurrent Mark Cycle
[166.302s][info][gc] GC(2188) Pause Remark 92M->92M(208M) 0.414ms
[166.311s][info][gc] GC(2188) Pause Cleanup 107M->107M(208M) 0.051ms
[166.311s][info][gc] GC(2188) Concurrent Mark Cycle 20.336ms
[166.353s][info][gc] GC(2189) Pause Young (Prepare Mixed) (G1 Evacuation Pause) 188M->79M(208M) 1.214ms
[166.406s][info][gc] GC(2190) Pause Young (Mixed) (G1 Evacuation Pause) 185M->79M(208M) 1.259ms
[166.463s][info][gc] GC(2191) Pause Young (Concurrent Start) (G1 Evacuation Pause) 186M->81M(208M) 1.140ms
[166.463s][info][gc] GC(2192) Concurrent Mark Cycle
[166.474s][info][gc] GC(2192) Pause Remark 110M->110M(208M) 0.394ms
[166.481s][info][gc] GC(2192) Pause Cleanup 126M->126M(208M) 0.049ms
[166.482s][info][gc] GC(2192) Concurrent Mark Cycle 18.843ms
[166.517s][info][gc] GC(2193) Pause Young (Prepare Mixed) (G1 Evacuation Pause) 184M->81M(208M) 1.203ms
[166.569s][info][gc] GC(2194) Pause Young (Mixed) (G1 Evacuation Pause) 186M->81M(208M) 1.289ms
[166.627s][info][gc] GC(2195) Pause Young (Concurrent Start) (G1 Evacuation Pause) 185M->83M(208M) 1.271ms
[166.627s][info][gc] GC(2196) Concurrent Mark Cycle
[166.638s][info][gc] GC(2196) Pause Remark 108M->108M(208M) 0.434ms
[166.646s][info][gc] GC(2196) Pause Cleanup 122M->122M(208M) 0.050ms
[166.646s][info][gc] GC(2196) Concurrent Mark Cycle 19.263ms
[166.677s][info][gc] GC(2197) Pause Young (Prepare Mixed) (G1 Evacuation Pause) 187M->83M(208M) 1.148ms
[166.739s][info][gc] GC(2198) Pause Young (Mixed) (G1 Evacuation Pause) 188M->84M(208M) 1.224ms
[166.783s][info][gc] GC(2199) Pause Young (Concurrent Start) (G1 Evacuation Pause) 185M->85M(208M) 1.232ms
[166.783s][info][gc] GC(2200) Concurrent Mark Cycle
[166.794s][info][gc] GC(2200) Pause Remark 105M->105M(208M) 0.385ms
[166.803s][info][gc] GC(2200) Pause Cleanup 117M->117M(208M) 0.055ms
[166.804s][info][gc] GC(2200) Concurrent Mark Cycle 20.662ms
[166.844s][info][gc] GC(2201) Pause Young (Prepare Mixed) (G1 Evacuation Pause) 188M->86M(208M) 1.384ms
[166.890s][info][gc] GC(2202) Pause Young (Mixed) (G1 Evacuation Pause) 187M->85M(208M) 1.109ms
[166.946s][info][gc] GC(2203) Pause Young (Concurrent Start) (G1 Evacuation Pause) 187M->87M(208M) 1.226ms
[166.946s][info][gc] GC(2204) Concurrent Mark Cycle
[166.959s][info][gc] GC(2204) Pause Remark 102M->102M(208M) 0.480ms
[166.968s][info][gc] GC(2204) Pause Cleanup 121M->121M(208M) 0.053ms
[166.968s][info][gc] GC(2204) Concurrent Mark Cycle 21.585ms
[167.001s][info][gc] GC(2205) Pause Young (Prepare Mixed) (G1 Evacuation Pause) 187M->88M(208M) 1.348ms
[167.055s][info][gc] GC(2206) Pause Young (Mixed) (G1 Evacuation Pause) 188M->88M(208M) 1.209ms
[167.104s][info][gc] GC(2207) Pause Young (Concurrent Start) (G1 Evacuation Pause) 186M->89M(208M) 1.082ms
[167.104s][info][gc] GC(2208) Concurrent Mark Cycle
[167.118s][info][gc] GC(2208) Pause Remark 104M->104M(208M) 0.522ms
[167.125s][info][gc] GC(2208) Pause Cleanup 116M->116M(208M) 0.056ms
[167.125s][info][gc] GC(2208) Concurrent Mark Cycle 21.251ms
[167.160s][info][gc] GC(2209) Pause Young (Prepare Mixed) (G1 Evacuation Pause) 188M->90M(208M) 1.187ms
[167.210s][info][gc] GC(2210) Pause Young (Mixed) (G1 Evacuation Pause) 187M->89M(208M) 1.183ms
[167.263s][info][gc] GC(2211) Pause Young (Concurrent Start) (G1 Evacuation Pause) 187M->91M(208M) 1.254ms
[167.263s][info][gc] GC(2212) Concurrent Mark Cycle
[167.277s][info][gc] GC(2212) Pause Remark 119M->119M(208M) 0.446ms
[167.285s][info][gc] GC(2212) Pause Cleanup 132M->132M(208M) 0.040ms
[167.285s][info][gc] GC(2212) Concurrent Mark Cycle 21.964ms
[167.313s][info][gc] GC(2213) Pause Young (Prepare Mixed) (G1 Evacuation Pause) 187M->91M(208M) 1.147ms
[167.364s][info][gc] GC(2214) Pause Young (Mixed) (G1 Evacuation Pause) 187M->92M(241M) 1.222ms
[167.432s][info][gc] GC(2215) Pause Young (Normal) (G1 Evacuation Pause) 219M->94M(241M) 1.331ms
[167.490s][info][gc] GC(2216) Pause Young (Normal) (G1 Evacuation Pause) 217M->94M(241M) 1.219ms
[167.556s][info][gc] GC(2217) Pause Young (Concurrent Start) (G1 Evacuation Pause) 217M->96M(241M) 1.302ms
[167.556s][info][gc] GC(2218) Concurrent Mark Cycle
[167.572s][info][gc] GC(2218) Pause Remark 123M->123M(241M) 0.417ms
[167.582s][info][gc] GC(2218) Pause Cleanup 139M->139M(241M) 0.044ms
[167.582s][info][gc] GC(2218) Concurrent Mark Cycle 25.944ms
[167.628s][info][gc] GC(2219) Pause Young (Prepare Mixed) (G1 Evacuation Pause) 216M->96M(241M) 1.319ms
[167.687s][info][gc] GC(2220) Pause Young (Mixed) (G1 Evacuation Pause) 216M->98M(241M) 1.282ms
[167.748s][info][gc] GC(2221) Pause Young (Concurrent Start) (G1 Evacuation Pause) 215M->98M(241M) 1.275ms
[167.748s][info][gc] GC(2222) Concurrent Mark Cycle
[167.761s][info][gc] GC(2222) Pause Remark 118M->118M(241M) 0.421ms
[167.770s][info][gc] GC(2222) Pause Cleanup 138M->138M(241M) 0.050ms
[167.770s][info][gc] GC(2222) Concurrent Mark Cycle 22.158ms
[167.812s][info][gc] GC(2223) Pause Young (Prepare Mixed) (G1 Evacuation Pause) 218M->99M(241M) 1.312ms
[167.875s][info][gc] GC(2224) Pause Young (Mixed) (G1 Evacuation Pause) 217M->100M(241M) 1.392ms
[167.941s][info][gc] GC(2225) Pause Young (Concurrent Start) (G1 Evacuation Pause) 215M->102M(241M) 1.415ms
[167.941s][info][gc] GC(2226) Concurrent Mark Cycle
[167.957s][info][gc] GC(2226) Pause Remark 130M->130M(241M) 0.395ms
[167.968s][info][gc] GC(2226) Pause Cleanup 155M->155M(241M) 0.052ms
[167.968s][info][gc] GC(2226) Concurrent Mark Cycle 26.680ms
[167.998s][info][gc] GC(2227) Pause Young (Prepare Mixed) (G1 Evacuation Pause) 217M->102M(241M) 1.254ms
[168.063s][info][gc] GC(2228) Pause Young (Mixed) (G1 Evacuation Pause) 218M->103M(241M) 1.325ms
[168.122s][info][gc] GC(2229) Pause Young (Concurrent Start) (G1 Evacuation Pause) 217M->103M(241M) 1.193ms
[168.122s][info][gc] GC(2230) Concurrent Mark Cycle
[168.137s][info][gc] GC(2230) Pause Remark 124M->124M(241M) 0.386ms
[168.148s][info][gc] GC(2230) Pause Cleanup 147M->147M(241M) 0.050ms
[168.149s][info][gc] GC(2230) Concurrent Mark Cycle 26.826ms
[168.183s][info][gc] GC(2231) Pause Young (Prepare Mixed) (G1 Evacuation Pause) 219M->105M(241M) 1.248ms
[168.244s][info][gc] GC(2232) Pause Young (Mixed) (G1 Evacuation Pause) 215M->106M(241M) 1.463ms
[168.298s][info][gc] GC(2233) Pause Young (Concurrent Start) (G1 Evacuation Pause) 218M->106M(241M) 1.228ms
[168.298s][info][gc] GC(2234) Concurrent Mark Cycle
[168.311s][info][gc] GC(2234) Pause Remark 129M->129M(241M) 0.398ms
[168.321s][info][gc] GC(2234) Pause Cleanup 133M->133M(241M) 0.066ms
[168.321s][info][gc] GC(2234) Concurrent Mark Cycle 23.529ms
[168.478s][info][gc] GC(2235) Pause Young (Prepare Mixed) (G1 Evacuation Pause) 217M->110M(241M) 1.242ms
[168.531s][info][gc] GC(2236) Pause Young (Mixed) (G1 Evacuation Pause) 215M->110M(241M) 1.674ms
[168.587s][info][gc] GC(2237) Pause Young (Concurrent Start) (G1 Evacuation Pause) 217M->111M(241M) 1.326ms
[168.587s][info][gc] GC(2238) Concurrent Mark Cycle
[168.592s][info][gc] GC(2238) Pause Remark 120M->63M(184M) 0.461ms
[168.594s][info][gc] GC(2238) Pause Cleanup 67M->67M(184M) 0.046ms
[168.595s][info][gc] GC(2238) Concurrent Mark Cycle 7.355ms
[168.637s][info][gc] GC(2239) Pause Young (Prepare Mixed) (G1 Evacuation Pause) 161M->55M(184M) 1.330ms
[168.695s][info][gc] GC(2240) Pause Young (Mixed) (G1 Evacuation Pause) 156M->44M(184M) 1.418ms
[168.743s][info][gc] GC(2241) Pause Young (Normal) (G1 Evacuation Pause) 147M->44M(184M) 1.047ms
[168.799s][info][gc] GC(2242) Pause Young (Normal) (G1 Evacuation Pause) 146M->45M(184M) 1.106ms
[168.848s][info][gc] GC(2243) Pause Young (Normal) (G1 Evacuation Pause) 146M->45M(184M) 1.072ms
[168.906s][info][gc] GC(2244) Pause Young (Normal) (G1 Evacuation Pause) 148M->47M(184M) 1.125ms
[168.958s][info][gc] GC(2245) Pause Young (Normal) (G1 Evacuation Pause) 147M->47M(184M) 1.156ms
[169.009s][info][gc] GC(2246) Pause Young (Normal) (G1 Evacuation Pause) 149M->48M(184M) 1.248ms
[169.067s][info][gc] GC(2247) Pause Young (Normal) (G1 Evacuation Pause) 149M->49M(184M) 1.291ms
[169.113s][info][gc] GC(2248) Pause Young (Normal) (G1 Evacuation Pause) 150M->50M(184M) 1.147ms
[169.170s][info][gc] GC(2249) Pause Young (Normal) (G1 Evacuation Pause) 152M->51M(184M) 1.170ms
[169.217s][info][gc] GC(2250) Pause Young (Normal) (G1 Evacuation Pause) 152M->52M(184M) 1.123ms
[169.273s][info][gc] GC(2251) Pause Young (Normal) (G1 Evacuation Pause) 154M->53M(184M) 1.102ms
[169.320s][info][gc] GC(2252) Pause Young (Normal) (G1 Evacuation Pause) 154M->54M(184M) 1.131ms
[169.374s][info][gc] GC(2253) Pause Young (Normal) (G1 Evacuation Pause) 155M->55M(184M) 1.103ms
[169.423s][info][gc] GC(2254) Pause Young (Normal) (G1 Evacuation Pause) 157M->56M(184M) 1.084ms
[169.480s][info][gc] GC(2255) Pause Young (Normal) (G1 Evacuation Pause) 157M->56M(184M) 1.204ms
[169.525s][info][gc] GC(2256) Pause Young (Normal) (G1 Evacuation Pause) 157M->57M(184M) 1.025ms
[169.585s][info][gc] GC(2257) Pause Young (Normal) (G1 Evacuation Pause) 159M->58M(184M) 1.288ms
[169.632s][info][gc] GC(2258) Pause Young (Normal) (G1 Evacuation Pause) 158M->58M(184M) 1.169ms
[169.687s][info][gc] GC(2259) Pause Young (Normal) (G1 Evacuation Pause) 161M->60M(184M) 1.089ms
[169.747s][info][gc] GC(2260) Pause Young (Normal) (G1 Evacuation Pause) 161M->60M(184M) 1.312ms
[169.794s][info][gc] GC(2261) Pause Young (Normal) (G1 Evacuation Pause) 162M->61M(184M) 1.175ms
[169.848s][info][gc] GC(2262) Pause Young (Normal) (G1 Evacuation Pause) 162M->62M(184M) 1.072ms
[169.899s][info][gc] GC(2263) Pause Young (Normal) (G1 Evacuation Pause) 164M->63M(184M) 1.103ms
[169.957s][info][gc] GC(2264) Pause Young (Normal) (G1 Evacuation Pause) 163M->64M(184M) 1.131ms
[170.003s][info][gc] GC(2265) Pause Young (Normal) (G1 Evacuation Pause) 163M->65M(184M) 1.103ms
[170.055s][info][gc] GC(2266) Pause Young (Normal) (G1 Evacuation Pause) 163M->66M(184M) 1.197ms
[170.103s][info][gc] GC(2267) Pause Young (Normal) (G1 Evacuation Pause) 164M->66M(184M) 1.125ms
[170.157s][info][gc] GC(2268) Pause Young (Normal) (G1 Evacuation Pause) 165M->67M(184M) 1.116ms
[170.205s][info][gc] GC(2269) Pause Young (Concurrent Start) (G1 Evacuation Pause) 165M->68M(184M) 1.092ms
[170.205s][info][gc] GC(2270) Concurrent Mark Cycle
[170.216s][info][gc] GC(2270) Pause Remark 92M->91M(184M) 0.411ms
[170.221s][info][gc] GC(2270) Pause Cleanup 97M->97M(184M) 0.052ms
[170.221s][info][gc] GC(2270) Concurrent Mark Cycle 16.350ms
[170.261s][info][gc] GC(2271) Pause Young (Prepare Mixed) (G1 Evacuation Pause) 162M->67M(184M) 1.043ms
[170.305s][info][gc] GC(2272) Pause Young (Mixed) (G1 Evacuation Pause) 164M->65M(184M) 1.032ms
[170.361s][info][gc] GC(2273) Pause Young (Normal) (G1 Evacuation Pause) 164M->66M(184M) 1.168ms
[170.408s][info][gc] GC(2274) Pause Young (Normal) (G1 Evacuation Pause) 163M->67M(184M) 1.104ms
[170.461s][info][gc] GC(2275) Pause Young (Normal) (G1 Evacuation Pause) 165M->68M(184M) 1.054ms
[170.504s][info][gc] GC(2276) Pause Young (Concurrent Start) (G1 Evacuation Pause) 164M->69M(184M) 1.154ms
[170.504s][info][gc] GC(2277) Concurrent Mark Cycle
[170.516s][info][gc] GC(2277) Pause Remark 89M->89M(184M) 0.403ms
[170.522s][info][gc] GC(2277) Pause Cleanup 97M->97M(184M) 0.054ms
[170.522s][info][gc] GC(2277) Concurrent Mark Cycle 17.867ms
[170.559s][info][gc] GC(2278) Pause Young (Prepare Mixed) (G1 Evacuation Pause) 165M->70M(184M) 1.086ms
[170.606s][info][gc] GC(2279) Pause Young (Mixed) (G1 Evacuation Pause) 165M->69M(184M) 1.157ms
[170.659s][info][gc] GC(2280) Pause Young (Concurrent Start) (G1 Evacuation Pause) 163M->70M(184M) 1.185ms
[170.659s][info][gc] GC(2281) Concurrent Mark Cycle
[170.671s][info][gc] GC(2281) Pause Remark 96M->96M(184M) 0.398ms
[170.678s][info][gc] GC(2281) Pause Cleanup 103M->103M(184M) 0.052ms
[170.678s][info][gc] GC(2281) Concurrent Mark Cycle 18.579ms
[170.706s][info][gc] GC(2282) Pause Young (Prepare Mixed) (G1 Evacuation Pause) 165M->70M(184M) 1.158ms
[170.757s][info][gc] GC(2283) Pause Young (Mixed) (G1 Evacuation Pause) 164M->70M(184M) 1.144ms
[170.805s][info][gc] GC(2284) Pause Young (Concurrent Start) (G1 Evacuation Pause) 165M->71M(184M) 1.095ms
[170.805s][info][gc] GC(2285) Concurrent Mark Cycle
[170.819s][info][gc] GC(2285) Pause Remark 105M->105M(184M) 0.387ms
[170.826s][info][gc] GC(2285) Pause Cleanup 110M->110M(184M) 0.055ms
[170.826s][info][gc] GC(2285) Concurrent Mark Cycle 21.447ms
[170.857s][info][gc] GC(2286) Pause Young (Prepare Mixed) (G1 Evacuation Pause) 163M->72M(184M) 1.102ms
[170.902s][info][gc] GC(2287) Pause Young (Mixed) (G1 Evacuation Pause) 165M->71M(184M) 1.242ms
[170.955s][info][gc] GC(2288) Pause Young (Concurrent Start) (G1 Evacuation Pause) 165M->72M(184M) 1.113ms
[170.955s][info][gc] GC(2289) Concurrent Mark Cycle
[170.966s][info][gc] GC(2289) Pause Remark 95M->95M(184M) 0.404ms
[170.973s][info][gc] GC(2289) Pause Cleanup 110M->110M(184M) 0.053ms
[170.973s][info][gc] GC(2289) Concurrent Mark Cycle 18.249ms
[171.002s][info][gc] GC(2290) Pause Young (Prepare Mixed) (G1 Evacuation Pause) 165M->72M(184M) 1.215ms
[171.051s][info][gc] GC(2291) Pause Young (Mixed) (G1 Evacuation Pause) 164M->72M(218M) 1.375ms
[171.109s][info][gc] GC(2292) Pause Young (Normal) (G1 Evacuation Pause) 194M->74M(218M) 1.219ms
[171.177s][info][gc] GC(2293) Pause Young (Normal) (G1 Evacuation Pause) 195M->74M(218M) 1.343ms
[171.242s][info][gc] GC(2294) Pause Young (Normal) (G1 Evacuation Pause) 194M->75M(218M) 1.278ms
[171.300s][info][gc] GC(2295) Pause Young (Normal) (G1 Evacuation Pause) 195M->77M(218M) 1.214ms
[171.366s][info][gc] GC(2296) Pause Young (Normal) (G1 Evacuation Pause) 194M->77M(218M) 1.285ms
[171.419s][info][gc] GC(2297) Pause Young (Normal) (G1 Evacuation Pause) 194M->77M(218M) 1.102ms
[171.487s][info][gc] GC(2298) Pause Young (Normal) (G1 Evacuation Pause) 197M->79M(218M) 1.228ms
[171.550s][info][gc] GC(2299) Pause Young (Normal) (G1 Evacuation Pause) 195M->80M(218M) 1.255ms
[171.607s][info][gc] GC(2300) Pause Young (Normal) (G1 Evacuation Pause) 196M->81M(218M) 1.192ms
[171.672s][info][gc] GC(2301) Pause Young (Normal) (G1 Evacuation Pause) 195M->83M(218M) 1.343ms
[171.733s][info][gc] GC(2302) Pause Young (Concurrent Start) (G1 Evacuation Pause) 195M->83M(218M) 1.220ms
[171.733s][info][gc] GC(2303) Concurrent Mark Cycle
[171.748s][info][gc] GC(2303) Pause Remark 110M->110M(218M) 0.465ms
[171.755s][info][gc] GC(2303) Pause Cleanup 126M->126M(218M) 0.050ms
[171.755s][info][gc] GC(2303) Concurrent Mark Cycle 22.005ms
[171.792s][info][gc] GC(2304) Pause Young (Prepare Mixed) (G1 Evacuation Pause) 196M->84M(218M) 1.323ms
[171.850s][info][gc] GC(2305) Pause Young (Mixed) (G1 Evacuation Pause) 195M->85M(218M) 1.309ms
[171.902s][info][gc] GC(2306) Pause Young (Concurrent Start) (G1 Evacuation Pause) 197M->85M(218M) 1.297ms
[171.902s][info][gc] GC(2307) Concurrent Mark Cycle
[171.917s][info][gc] GC(2307) Pause Remark 113M->113M(218M) 0.437ms
[171.926s][info][gc] GC(2307) Pause Cleanup 124M->124M(218M) 0.054ms
[171.927s][info][gc] GC(2307) Concurrent Mark Cycle 25.063ms
[171.965s][info][gc] GC(2308) Pause Young (Prepare Mixed) (G1 Evacuation Pause) 196M->86M(218M) 1.176ms
[172.020s][info][gc] GC(2309) Pause Young (Mixed) (G1 Evacuation Pause) 196M->86M(218M) 1.222ms
[172.083s][info][gc] GC(2310) Pause Young (Concurrent Start) (G1 Evacuation Pause) 196M->88M(218M) 1.384ms
[172.083s][info][gc] GC(2311) Concurrent Mark Cycle
[172.099s][info][gc] GC(2311) Pause Remark 117M->117M(218M) 0.426ms
[172.109s][info][gc] GC(2311) Pause Cleanup 135M->135M(218M) 0.049ms
[172.109s][info][gc] GC(2311) Concurrent Mark Cycle 26.355ms
[172.148s][info][gc] GC(2312) Pause Young (Prepare Mixed) (G1 Evacuation Pause) 195M->89M(218M) 1.299ms
[172.202s][info][gc] GC(2313) Pause Young (Mixed) (G1 Evacuation Pause) 196M->89M(218M) 1.220ms
[172.260s][info][gc] GC(2314) Pause Young (Concurrent Start) (G1 Evacuation Pause) 196M->90M(218M) 1.207ms
[172.261s][info][gc] GC(2315) Concurrent Mark Cycle
[172.277s][info][gc] GC(2315) Pause Remark 125M->125M(218M) 0.453ms
[172.289s][info][gc] GC(2315) Pause Cleanup 144M->144M(218M) 0.058ms
[172.289s][info][gc] GC(2315) Concurrent Mark Cycle 28.301ms
[172.315s][info][gc] GC(2316) Pause Young (Prepare Mixed) (G1 Evacuation Pause) 196M->91M(218M) 1.127ms
[172.376s][info][gc] GC(2317) Pause Young (Mixed) (G1 Evacuation Pause) 196M->92M(218M) 1.405ms
[172.424s][info][gc] GC(2318) Pause Young (Concurrent Start) (G1 Evacuation Pause) 196M->92M(218M) 1.229ms
[172.424s][info][gc] GC(2319) Concurrent Mark Cycle
[172.441s][info][gc] GC(2319) Pause Remark 113M->113M(218M) 0.398ms
[172.450s][info][gc] GC(2319) Pause Cleanup 123M->123M(218M) 0.051ms
[172.450s][info][gc] GC(2319) Concurrent Mark Cycle 25.909ms
[172.489s][info][gc] GC(2320) Pause Young (Prepare Mixed) (G1 Evacuation Pause) 197M->94M(218M) 1.321ms
[172.537s][info][gc] GC(2321) Pause Young (Mixed) (G1 Evacuation Pause) 195M->93M(218M) 1.171ms
[172.590s][info][gc] GC(2322) Pause Young (Concurrent Start) (G1 Evacuation Pause) 197M->95M(218M) 1.133ms
[172.590s][info][gc] GC(2323) Concurrent Mark Cycle
[172.605s][info][gc] GC(2323) Pause Remark 122M->122M(218M) 0.470ms
[172.622s][info][gc] GC(2323) Pause Cleanup 157M->157M(218M) 0.054ms
[172.623s][info][gc] GC(2323) Concurrent Mark Cycle 32.155ms
[172.649s][info][gc] GC(2324) Pause Young (Prepare Mixed) (G1 Evacuation Pause) 195M->95M(218M) 1.114ms
[172.701s][info][gc] GC(2325) Pause Young (Mixed) (G1 Evacuation Pause) 197M->96M(218M) 1.172ms
[172.754s][info][gc] GC(2326) Pause Young (Concurrent Start) (G1 Evacuation Pause) 196M->97M(218M) 1.305ms
[172.754s][info][gc] GC(2327) Concurrent Mark Cycle
[172.771s][info][gc] GC(2327) Pause Remark 117M->117M(218M) 0.449ms
[172.785s][info][gc] GC(2327) Pause Cleanup 145M->145M(218M) 0.054ms
[172.785s][info][gc] GC(2327) Concurrent Mark Cycle 31.373ms
[172.810s][info][gc] GC(2328) Pause Young (Prepare Mixed) (G1 Evacuation Pause) 195M->99M(218M) 1.389ms
[172.865s][info][gc] GC(2329) Pause Young (Mixed) (G1 Evacuation Pause) 196M->99M(218M) 1.261ms
[172.911s][info][gc] GC(2330) Pause Young (Concurrent Start) (G1 Evacuation Pause) 197M->100M(218M) 1.236ms
[172.911s][info][gc] GC(2331) Concurrent Mark Cycle
[172.924s][info][gc] GC(2331) Pause Remark 121M->121M(218M) 0.405ms
[172.940s][info][gc] GC(2331) Pause Cleanup 153M->153M(218M) 0.048ms
[172.940s][info][gc] GC(2331) Concurrent Mark Cycle 29.012ms
[172.970s][info][gc] GC(2332) Pause Young (Prepare Mixed) (G1 Evacuation Pause) 197M->100M(218M) 1.157ms
[173.021s][info][gc] GC(2333) Pause Young (Mixed) (G1 Evacuation Pause) 197M->101M(218M) 1.652ms
[173.076s][info][gc] GC(2334) Pause Young (Concurrent Start) (G1 Evacuation Pause) 196M->102M(218M) 1.287ms
[173.076s][info][gc] GC(2335) Concurrent Mark Cycle
[173.091s][info][gc] GC(2335) Pause Remark 133M->133M(218M) 0.412ms
[173.107s][info][gc] GC(2335) Pause Cleanup 166M->166M(218M) 0.048ms
[173.107s][info][gc] GC(2335) Concurrent Mark Cycle 31.438ms
[173.124s][info][gc] GC(2336) Pause Young (Prepare Mixed) (G1 Evacuation Pause) 196M->103M(218M) 1.146ms
[173.178s][info][gc] GC(2337) Pause Young (Mixed) (G1 Evacuation Pause) 198M->104M(255M) 1.449ms
[173.236s][info][gc] GC(2338) Pause Young (Normal) (G1 Evacuation Pause) 232M->105M(255M) 1.301ms
[173.308s][info][gc] GC(2339) Pause Young (Normal) (G1 Evacuation Pause) 231M->106M(255M) 1.337ms
[173.376s][info][gc] GC(2340) Pause Young (Concurrent Start) (G1 Evacuation Pause) 230M->106M(255M) 1.326ms
[173.376s][info][gc] GC(2341) Concurrent Mark Cycle
[173.391s][info][gc] GC(2341) Pause Remark 135M->135M(255M) 0.407ms
[173.408s][info][gc] GC(2341) Pause Cleanup 166M->166M(255M) 0.049ms
[173.409s][info][gc] GC(2341) Concurrent Mark Cycle 32.702ms
[173.439s][info][gc] GC(2342) Pause Young (Prepare Mixed) (G1 Evacuation Pause) 230M->108M(255M) 1.356ms
[173.640s][info][gc] GC(2343) Pause Young (Mixed) (G1 Evacuation Pause) 229M->109M(255M) 1.433ms
[173.754s][info][gc] GC(2344) Pause Young (Concurrent Start) (G1 Evacuation Pause) 230M->109M(255M) 1.194ms
[173.754s][info][gc] GC(2345) Concurrent Mark Cycle
[173.758s][info][gc] GC(2345) Pause Remark 113M->56M(180M) 0.398ms
[173.759s][info][gc] GC(2345) Pause Cleanup 57M->57M(180M) 0.046ms
[173.759s][info][gc] GC(2345) Concurrent Mark Cycle 5.274ms
[173.850s][info][gc] GC(2346) Pause Young (Prepare Mixed) (G1 Evacuation Pause) 150M->53M(180M) 1.132ms
[173.947s][info][gc] GC(2347) Pause Young (Mixed) (G1 Evacuation Pause) 153M->44M(180M) 1.189ms
[174.046s][info][gc] GC(2348) Pause Young (Normal) (G1 Evacuation Pause) 143M->45M(180M) 1.257ms
[174.143s][info][gc] GC(2349) Pause Young (Normal) (G1 Evacuation Pause) 145M->45M(180M) 1.225ms
[174.249s][info][gc] GC(2350) Pause Young (Normal) (G1 Evacuation Pause) 145M->46M(180M) 1.211ms
[174.346s][info][gc] GC(2351) Pause Young (Normal) (G1 Evacuation Pause) 145M->47M(180M) 1.268ms
[174.442s][info][gc] GC(2352) Pause Young (Normal) (G1 Evacuation Pause) 147M->48M(180M) 1.026ms
[174.534s][info][gc] GC(2353) Pause Young (Normal) (G1 Evacuation Pause) 147M->49M(180M) 1.015ms
[174.624s][info][gc] GC(2354) Pause Young (Normal) (G1 Evacuation Pause) 148M->50M(180M) 1.047ms
[174.719s][info][gc] GC(2355) Pause Young (Normal) (G1 Evacuation Pause) 149M->51M(180M) 1.066ms
[174.815s][info][gc] GC(2356) Pause Young (Normal) (G1 Evacuation Pause) 150M->51M(180M) 1.199ms
[174.910s][info][gc] GC(2357) Pause Young (Normal) (G1 Evacuation Pause) 150M->52M(180M) 1.038ms
[175.007s][info][gc] GC(2358) Pause Young (Normal) (G1 Evacuation Pause) 151M->53M(180M) 1.087ms
[175.101s][info][gc] GC(2359) Pause Young (Normal) (G1 Evacuation Pause) 152M->54M(180M) 1.013ms
[175.197s][info][gc] GC(2360) Pause Young (Normal) (G1 Evacuation Pause) 153M->55M(180M) 1.097ms
[175.291s][info][gc] GC(2361) Pause Young (Normal) (G1 Evacuation Pause) 154M->55M(180M) 1.061ms
[175.388s][info][gc] GC(2362) Pause Young (Normal) (G1 Evacuation Pause) 155M->57M(180M) 1.087ms
[175.487s][info][gc] GC(2363) Pause Young (Normal) (G1 Evacuation Pause) 156M->58M(180M) 1.050ms
[175.580s][info][gc] GC(2364) Pause Young (Normal) (G1 Evacuation Pause) 157M->58M(180M) 1.133ms
[175.676s][info][gc] GC(2365) Pause Young (Normal) (G1 Evacuation Pause) 157M->59M(180M) 1.048ms
[175.771s][info][gc] GC(2366) Pause Young (Normal) (G1 Evacuation Pause) 158M->60M(180M) 1.056ms
[175.867s][info][gc] GC(2367) Pause Young (Normal) (G1 Evacuation Pause) 159M->60M(180M) 0.993ms
[175.961s][info][gc] GC(2368) Pause Young (Normal) (G1 Evacuation Pause) 159M->61M(180M) 1.021ms
[176.057s][info][gc] GC(2369) Pause Young (Normal) (G1 Evacuation Pause) 161M->61M(180M) 1.027ms
[176.161s][info][gc] GC(2370) Pause Young (Normal) (G1 Evacuation Pause) 160M->62M(180M) 0.980ms
[176.257s][info][gc] GC(2371) Pause Young (Normal) (G1 Evacuation Pause) 159M->64M(180M) 1.127ms
[176.352s][info][gc] GC(2372) Pause Young (Normal) (G1 Evacuation Pause) 160M->65M(180M) 1.241ms
[176.441s][info][gc] GC(2373) Pause Young (Normal) (G1 Evacuation Pause) 160M->65M(180M) 1.047ms
[176.539s][info][gc] GC(2374) Pause Young (Normal) (G1 Evacuation Pause) 160M->66M(180M) 1.025ms
[176.630s][info][gc] GC(2375) Pause Young (Normal) (G1 Evacuation Pause) 161M->67M(180M) 1.125ms
[176.724s][info][gc] GC(2376) Pause Young (Concurrent Start) (G1 Evacuation Pause) 161M->68M(180M) 1.140ms
[176.724s][info][gc] GC(2377) Concurrent Mark Cycle
[176.733s][info][gc] GC(2377) Pause Remark 74M->69M(180M) 0.475ms
[176.738s][info][gc] GC(2377) Pause Cleanup 75M->75M(180M) 0.058ms
[176.739s][info][gc] GC(2377) Concurrent Mark Cycle 14.398ms
[176.823s][info][gc] GC(2378) Pause Young (Prepare Mixed) (G1 Evacuation Pause) 156M->63M(180M) 1.116ms
[176.919s][info][gc] GC(2379) Pause Young (Mixed) (G1 Evacuation Pause) 161M->63M(180M) 1.118ms
[177.010s][info][gc] GC(2380) Pause Young (Normal) (G1 Evacuation Pause) 160M->63M(180M) 1.006ms
[177.106s][info][gc] GC(2381) Pause Young (Normal) (G1 Evacuation Pause) 162M->65M(180M) 1.071ms
[177.197s][info][gc] GC(2382) Pause Young (Normal) (G1 Evacuation Pause) 161M->66M(180M) 1.121ms
[177.286s][info][gc] GC(2383) Pause Young (Normal) (G1 Evacuation Pause) 161M->66M(180M) 1.034ms
[177.379s][info][gc] GC(2384) Pause Young (Normal) (G1 Evacuation Pause) 161M->67M(180M) 1.090ms
[177.468s][info][gc] GC(2385) Pause Young (Normal) (G1 Evacuation Pause) 160M->67M(180M) 0.949ms
[177.562s][info][gc] GC(2386) Pause Young (Normal) (G1 Evacuation Pause) 162M->69M(180M) 1.019ms
[177.651s][info][gc] GC(2387) Pause Young (Concurrent Start) (G1 Evacuation Pause) 161M->69M(180M) 1.066ms
[177.651s][info][gc] GC(2388) Concurrent Mark Cycle
[177.658s][info][gc] GC(2388) Pause Remark 78M->78M(180M) 0.397ms
[177.664s][info][gc] GC(2388) Pause Cleanup 85M->85M(180M) 0.052ms
[177.664s][info][gc] GC(2388) Concurrent Mark Cycle 13.289ms
[177.741s][info][gc] GC(2389) Pause Young (Prepare Mixed) (G1 Evacuation Pause) 161M->70M(180M) 1.003ms
[177.826s][info][gc] GC(2390) Pause Young (Mixed) (G1 Evacuation Pause) 161M->68M(180M) 0.971ms
[177.918s][info][gc] GC(2391) Pause Young (Concurrent Start) (G1 Evacuation Pause) 161M->70M(180M) 1.168ms
[177.918s][info][gc] GC(2392) Concurrent Mark Cycle
[177.925s][info][gc] GC(2392) Pause Remark 76M->76M(180M) 0.431ms
[177.932s][info][gc] GC(2392) Pause Cleanup 84M->84M(180M) 0.048ms
[177.932s][info][gc] GC(2392) Concurrent Mark Cycle 13.592ms
[178.008s][info][gc] GC(2393) Pause Young (Prepare Mixed) (G1 Evacuation Pause) 162M->70M(180M) 0.981ms
[178.094s][info][gc] GC(2394) Pause Young (Mixed) (G1 Evacuation Pause) 162M->69M(180M) 1.002ms
[178.212s][info][gc] GC(2395) Pause Young (Concurrent Start) (G1 Evacuation Pause) 161M->69M(180M) 0.854ms
[178.212s][info][gc] GC(2396) Concurrent Mark Cycle
[178.220s][info][gc] GC(2396) Pause Remark 70M->70M(180M) 0.368ms
[178.227s][info][gc] GC(2396) Pause Cleanup 71M->71M(180M) 0.059ms
[178.227s][info][gc] GC(2396) Concurrent Mark Cycle 14.824ms
[178.392s][info][gc] GC(2397) Pause Young (Prepare Mixed) (G1 Evacuation Pause) 162M->73M(180M) 1.311ms
[178.475s][info][gc] GC(2398) Pause Young (Mixed) (G1 Evacuation Pause) 158M->73M(180M) 1.288ms
[178.563s][info][gc] GC(2399) Pause Young (Concurrent Start) (G1 Evacuation Pause) 162M->73M(180M) 1.005ms
[178.563s][info][gc] GC(2400) Concurrent Mark Cycle
[178.566s][info][gc] GC(2400) Pause Remark 77M->44M(137M) 0.374ms
[178.567s][info][gc] GC(2400) Pause Cleanup 44M->44M(137M) 0.039ms
[178.568s][info][gc] GC(2400) Concurrent Mark Cycle 4.523ms
[178.641s][info][gc] GC(2401) Pause Young (Prepare Mixed) (G1 Evacuation Pause) 114M->41M(137M) 1.165ms
[178.722s][info][gc] GC(2402) Pause Young (Mixed) (G1 Evacuation Pause) 116M->39M(137M) 1.380ms
[178.799s][info][gc] GC(2403) Pause Young (Normal) (G1 Evacuation Pause) 114M->39M(137M) 1.599ms
[178.879s][info][gc] GC(2404) Pause Young (Normal) (G1 Evacuation Pause) 116M->40M(137M) 0.920ms
[178.955s][info][gc] GC(2405) Pause Young (Normal) (G1 Evacuation Pause) 116M->40M(137M) 0.838ms
[179.030s][info][gc] GC(2406) Pause Young (Normal) (G1 Evacuation Pause) 116M->41M(137M) 0.922ms
[179.104s][info][gc] GC(2407) Pause Young (Normal) (G1 Evacuation Pause) 116M->42M(137M) 0.928ms
[179.172s][info][gc] GC(2408) Pause Young (Normal) (G1 Evacuation Pause) 118M->43M(137M) 0.837ms
[179.246s][info][gc] GC(2409) Pause Young (Normal) (G1 Evacuation Pause) 118M->43M(137M) 0.977ms
[179.320s][info][gc] GC(2410) Pause Young (Normal) (G1 Evacuation Pause) 118M->44M(137M) 0.856ms
[179.396s][info][gc] GC(2411) Pause Young (Normal) (G1 Evacuation Pause) 119M->44M(137M) 0.906ms
[179.472s][info][gc] GC(2412) Pause Young (Normal) (G1 Evacuation Pause) 119M->45M(137M) 1.088ms
[179.537s][info][gc] GC(2413) Pause Young (Normal) (G1 Evacuation Pause) 120M->45M(137M) 1.057ms
[179.617s][info][gc] GC(2414) Pause Young (Normal) (G1 Evacuation Pause) 120M->46M(137M) 1.004ms
[179.694s][info][gc] GC(2415) Pause Young (Normal) (G1 Evacuation Pause) 120M->46M(137M) 0.949ms
[179.769s][info][gc] GC(2416) Pause Young (Normal) (G1 Evacuation Pause) 121M->47M(137M) 0.828ms
[179.832s][info][gc] GC(2417) Pause Young (Normal) (G1 Evacuation Pause) 120M->47M(137M) 0.865ms
[179.904s][info][gc] GC(2418) Pause Young (Normal) (G1 Evacuation Pause) 121M->49M(137M) 0.848ms
[179.977s][info][gc] GC(2419) Pause Young (Normal) (G1 Evacuation Pause) 121M->49M(137M) 0.984ms
[180.047s][info][gc] GC(2420) Pause Young (Normal) (G1 Evacuation Pause) 122M->50M(137M) 0.833ms
[180.113s][info][gc] GC(2421) Pause Young (Normal) (G1 Evacuation Pause) 122M->50M(137M) 0.768ms
[180.182s][info][gc] GC(2422) Pause Young (Concurrent Start) (G1 Evacuation Pause) 121M->51M(137M) 0.869ms
[180.182s][info][gc] GC(2423) Concurrent Mark Cycle
[180.187s][info][gc] GC(2423) Pause Remark 58M->57M(137M) 0.354ms
[180.191s][info][gc] GC(2423) Pause Cleanup 61M->61M(137M) 0.040ms
[180.191s][info][gc] GC(2423) Concurrent Mark Cycle 8.645ms
[180.254s][info][gc] GC(2424) Pause Young (Prepare Mixed) (G1 Evacuation Pause) 119M->51M(137M) 0.859ms
[180.324s][info][gc] GC(2425) Pause Young (Mixed) (G1 Evacuation Pause) 122M->50M(137M) 0.860ms
[180.385s][info][gc] GC(2426) Pause Young (Normal) (G1 Evacuation Pause) 122M->50M(137M) 0.847ms
[180.458s][info][gc] GC(2427) Pause Young (Concurrent Start) (G1 Evacuation Pause) 121M->51M(137M) 0.968ms
[180.458s][info][gc] GC(2428) Concurrent Mark Cycle
[180.464s][info][gc] GC(2428) Pause Remark 58M->58M(137M) 0.379ms
[180.468s][info][gc] GC(2428) Pause Cleanup 63M->63M(137M) 0.034ms
[180.468s][info][gc] GC(2428) Concurrent Mark Cycle 9.849ms
[180.529s][info][gc] GC(2429) Pause Young (Prepare Mixed) (G1 Evacuation Pause) 120M->51M(137M) 0.868ms
[180.596s][info][gc] GC(2430) Pause Young (Mixed) (G1 Evacuation Pause) 121M->50M(137M) 0.906ms
[180.658s][info][gc] GC(2431) Pause Young (Concurrent Start) (G1 Evacuation Pause) 121M->51M(137M) 0.984ms
[180.658s][info][gc] GC(2432) Concurrent Mark Cycle
[180.665s][info][gc] GC(2432) Pause Remark 55M->55M(137M) 0.492ms
[180.669s][info][gc] GC(2432) Pause Cleanup 57M->57M(137M) 0.058ms
[180.669s][info][gc] GC(2432) Concurrent Mark Cycle 11.267ms
[180.735s][info][gc] GC(2433) Pause Young (Prepare Mixed) (G1 Evacuation Pause) 122M->52M(137M) 0.903ms
[180.803s][info][gc] GC(2434) Pause Young (Mixed) (G1 Evacuation Pause) 121M->51M(137M) 0.967ms
[180.874s][info][gc] GC(2435) Pause Young (Concurrent Start) (G1 Evacuation Pause) 122M->52M(137M) 0.876ms
[180.874s][info][gc] GC(2436) Concurrent Mark Cycle
[180.881s][info][gc] GC(2436) Pause Remark 59M->59M(137M) 0.384ms
[180.885s][info][gc] GC(2436) Pause Cleanup 65M->65M(137M) 0.026ms
[180.886s][info][gc] GC(2436) Concurrent Mark Cycle 11.222ms
[180.938s][info][gc] GC(2437) Pause Young (Prepare Mixed) (G1 Evacuation Pause) 122M->53M(137M) 0.839ms
[181.007s][info][gc] GC(2438) Pause Young (Mixed) (G1 Evacuation Pause) 122M->52M(137M) 0.942ms
[181.079s][info][gc] GC(2439) Pause Young (Concurrent Start) (G1 Evacuation Pause) 122M->53M(137M) 0.823ms
[181.079s][info][gc] GC(2440) Concurrent Mark Cycle
[181.086s][info][gc] GC(2440) Pause Remark 62M->62M(137M) 0.356ms
[181.091s][info][gc] GC(2440) Pause Cleanup 69M->69M(137M) 0.042ms
[181.091s][info][gc] GC(2440) Concurrent Mark Cycle 11.815ms
[181.151s][info][gc] GC(2441) Pause Young (Prepare Mixed) (G1 Evacuation Pause) 122M->53M(137M) 0.845ms
[181.210s][info][gc] GC(2442) Pause Young (Mixed) (G1 Evacuation Pause) 122M->53M(137M) 0.930ms
[181.277s][info][gc] GC(2443) Pause Young (Concurrent Start) (G1 Evacuation Pause) 121M->54M(137M) 0.934ms
[181.277s][info][gc] GC(2444) Concurrent Mark Cycle
[181.282s][info][gc] GC(2444) Pause Remark 62M->62M(137M) 0.367ms
[181.288s][info][gc] GC(2444) Pause Cleanup 66M->66M(137M) 0.038ms
[181.288s][info][gc] GC(2444) Concurrent Mark Cycle 11.396ms
[181.345s][info][gc] GC(2445) Pause Young (Prepare Mixed) (G1 Evacuation Pause) 122M->54M(137M) 0.916ms
[181.406s][info][gc] GC(2446) Pause Young (Mixed) (G1 Evacuation Pause) 121M->54M(137M) 0.842ms
[181.479s][info][gc] GC(2447) Pause Young (Concurrent Start) (G1 Evacuation Pause) 122M->55M(137M) 0.917ms
[181.479s][info][gc] GC(2448) Concurrent Mark Cycle
[181.485s][info][gc] GC(2448) Pause Remark 63M->63M(137M) 0.368ms
[181.491s][info][gc] GC(2448) Pause Cleanup 68M->68M(137M) 0.034ms
[181.491s][info][gc] GC(2448) Concurrent Mark Cycle 11.758ms
[181.546s][info][gc] GC(2449) Pause Young (Prepare Mixed) (G1 Evacuation Pause) 122M->56M(137M) 1.003ms
[181.616s][info][gc] GC(2450) Pause Young (Mixed) (G1 Evacuation Pause) 121M->56M(137M) 0.948ms
[181.671s][info][gc] GC(2451) Pause Young (Concurrent Start) (G1 Evacuation Pause) 121M->56M(137M) 0.743ms
[181.671s][info][gc] GC(2452) Concurrent Mark Cycle
[181.679s][info][gc] GC(2452) Pause Remark 66M->66M(137M) 0.472ms
[181.685s][info][gc] GC(2452) Pause Cleanup 73M->73M(137M) 0.034ms
[181.685s][info][gc] GC(2452) Concurrent Mark Cycle 14.148ms
[181.737s][info][gc] GC(2453) Pause Young (Prepare Mixed) (G1 Evacuation Pause) 123M->57M(137M) 0.873ms
[181.806s][info][gc] GC(2454) Pause Young (Mixed) (G1 Evacuation Pause) 122M->57M(137M) 0.915ms
[181.860s][info][gc] GC(2455) Pause Young (Concurrent Start) (G1 Evacuation Pause) 121M->58M(137M) 0.894ms
[181.860s][info][gc] GC(2456) Concurrent Mark Cycle
[181.868s][info][gc] GC(2456) Pause Remark 68M->68M(137M) 0.370ms
[181.874s][info][gc] GC(2456) Pause Cleanup 71M->71M(137M) 0.040ms
[181.874s][info][gc] GC(2456) Concurrent Mark Cycle 13.992ms
[181.928s][info][gc] GC(2457) Pause Young (Prepare Mixed) (G1 Evacuation Pause) 123M->58M(137M) 0.802ms
[181.995s][info][gc] GC(2458) Pause Young (Mixed) (G1 Evacuation Pause) 123M->59M(137M) 0.838ms
[182.049s][info][gc] GC(2459) Pause Young (Concurrent Start) (G1 Evacuation Pause) 122M->59M(137M) 0.780ms
[182.049s][info][gc] GC(2460) Concurrent Mark Cycle
[182.057s][info][gc] GC(2460) Pause Remark 70M->70M(137M) 0.427ms
[182.064s][info][gc] GC(2460) Pause Cleanup 71M->71M(137M) 0.046ms
[182.064s][info][gc] GC(2460) Concurrent Mark Cycle 15.028ms
[182.117s][info][gc] GC(2461) Pause Young (Prepare Mixed) (G1 Evacuation Pause) 123M->59M(137M) 0.754ms
[182.187s][info][gc] GC(2462) Pause Young (Mixed) (G1 Evacuation Pause) 121M->61M(137M) 0.880ms
[182.237s][info][gc] GC(2463) Pause Young (Concurrent Start) (G1 Evacuation Pause) 122M->61M(137M) 0.813ms
[182.237s][info][gc] GC(2464) Concurrent Mark Cycle
[182.246s][info][gc] GC(2464) Pause Remark 72M->72M(137M) 0.354ms
[182.253s][info][gc] GC(2464) Pause Cleanup 75M->75M(137M) 0.034ms
[182.253s][info][gc] GC(2464) Concurrent Mark Cycle 15.333ms
[182.302s][info][gc] GC(2465) Pause Young (Prepare Mixed) (G1 Evacuation Pause) 123M->61M(137M) 0.742ms
[182.363s][info][gc] GC(2466) Pause Young (Mixed) (G1 Evacuation Pause) 121M->62M(137M) 0.864ms
[182.415s][info][gc] GC(2467) Pause Young (Concurrent Start) (G1 Evacuation Pause) 122M->62M(137M) 0.768ms
[182.415s][info][gc] GC(2468) Concurrent Mark Cycle
[182.422s][info][gc] GC(2468) Pause Remark 70M->70M(137M) 0.371ms
[182.430s][info][gc] GC(2468) Pause Cleanup 78M->78M(137M) 0.042ms
[182.430s][info][gc] GC(2468) Concurrent Mark Cycle 14.388ms
[182.475s][info][gc] GC(2469) Pause Young (Prepare Mixed) (G1 Evacuation Pause) 123M->62M(137M) 0.932ms
[182.544s][info][gc] GC(2470) Pause Young (Mixed) (G1 Evacuation Pause) 121M->62M(137M) 2.180ms
[182.598s][info][gc] GC(2471) Pause Young (Concurrent Start) (G1 Evacuation Pause) 123M->62M(137M) 0.858ms
[182.598s][info][gc] GC(2472) Concurrent Mark Cycle
[182.605s][info][gc] GC(2472) Pause Remark 72M->72M(137M) 0.423ms
[182.610s][info][gc] GC(2472) Pause Cleanup 76M->76M(137M) 0.040ms
[182.610s][info][gc] GC(2472) Concurrent Mark Cycle 12.381ms
[182.657s][info][gc] GC(2473) Pause Young (Normal) (G1 Evacuation Pause) 121M->63M(137M) 0.802ms
[182.713s][info][gc] GC(2474) Pause Young (Concurrent Start) (G1 Evacuation Pause) 123M->63M(137M) 0.844ms
[182.713s][info][gc] GC(2475) Concurrent Mark Cycle
[182.721s][info][gc] GC(2475) Pause Remark 72M->72M(137M) 0.409ms
[182.725s][info][gc] GC(2475) Pause Cleanup 73M->73M(137M) 0.040ms
[182.725s][info][gc] GC(2475) Concurrent Mark Cycle 12.265ms
[182.778s][info][gc] GC(2476) Pause Young (Normal) (G1 Evacuation Pause) 122M->64M(137M) 0.894ms
[182.840s][info][gc] GC(2477) Pause Young (Concurrent Start) (G1 Evacuation Pause) 122M->65M(137M) 0.893ms
[182.840s][info][gc] GC(2478) Concurrent Mark Cycle
[182.849s][info][gc] GC(2478) Pause Remark 77M->77M(137M) 0.432ms
[182.854s][info][gc] GC(2478) Pause Cleanup 83M->83M(137M) 0.039ms
[182.854s][info][gc] GC(2478) Concurrent Mark Cycle 14.356ms
[182.897s][info][gc] GC(2479) Pause Young (Normal) (G1 Evacuation Pause) 123M->66M(137M) 0.825ms
[182.957s][info][gc] GC(2480) Pause Young (Concurrent Start) (G1 Evacuation Pause) 123M->66M(137M) 0.789ms
[182.957s][info][gc] GC(2481) Concurrent Mark Cycle
[182.965s][info][gc] GC(2481) Pause Remark 77M->77M(137M) 0.396ms
[182.970s][info][gc] GC(2481) Pause Cleanup 84M->84M(137M) 0.036ms
[182.970s][info][gc] GC(2481) Concurrent Mark Cycle 13.144ms
[183.010s][info][gc] GC(2482) Pause Young (Prepare Mixed) (G1 Evacuation Pause) 123M->65M(137M) 0.627ms
[183.176s][info][gc] GC(2483) Pause Young (Mixed) (G1 Evacuation Pause) 123M->68M(137M) 0.996ms
[183.225s][info][gc] GC(2484) Pause Young (Concurrent Start) (G1 Evacuation Pause) 122M->68M(137M) 0.859ms
[183.225s][info][gc] GC(2485) Concurrent Mark Cycle
[183.228s][info][gc] GC(2485) Pause Remark 73M->50M(137M) 0.363ms
[183.230s][info][gc] GC(2485) Pause Cleanup 52M->52M(137M) 0.039ms
[183.230s][info][gc] GC(2485) Concurrent Mark Cycle 5.008ms
[183.284s][info][gc] GC(2486) Pause Young (Prepare Mixed) (G1 Evacuation Pause) 100M->46M(137M) 0.835ms
[183.359s][info][gc] GC(2487) Pause Young (Mixed) (G1 Evacuation Pause) 121M->38M(137M) 0.963ms
[183.432s][info][gc] GC(2488) Pause Young (Normal) (G1 Evacuation Pause) 114M->39M(137M) 0.907ms
[183.501s][info][gc] GC(2489) Pause Young (Normal) (G1 Evacuation Pause) 115M->40M(137M) 0.909ms
[183.578s][info][gc] GC(2490) Pause Young (Normal) (G1 Evacuation Pause) 115M->41M(137M) 0.995ms
[183.649s][info][gc] GC(2491) Pause Young (Normal) (G1 Evacuation Pause) 116M->41M(137M) 0.945ms
[183.727s][info][gc] GC(2492) Pause Young (Normal) (G1 Evacuation Pause) 117M->41M(137M) 0.803ms
[183.802s][info][gc] GC(2493) Pause Young (Normal) (G1 Evacuation Pause) 117M->42M(137M) 0.835ms
[183.868s][info][gc] GC(2494) Pause Young (Normal) (G1 Evacuation Pause) 117M->43M(137M) 0.933ms
[183.948s][info][gc] GC(2495) Pause Young (Normal) (G1 Evacuation Pause) 118M->44M(137M) 0.904ms
[184.022s][info][gc] GC(2496) Pause Young (Normal) (G1 Evacuation Pause) 119M->45M(137M) 0.865ms
[184.096s][info][gc] GC(2497) Pause Young (Normal) (G1 Evacuation Pause) 120M->45M(137M) 0.879ms
[184.168s][info][gc] GC(2498) Pause Young (Normal) (G1 Evacuation Pause) 120M->45M(137M) 0.843ms
[184.236s][info][gc] GC(2499) Pause Young (Normal) (G1 Evacuation Pause) 120M->46M(137M) 0.909ms
[184.311s][info][gc] GC(2500) Pause Young (Normal) (G1 Evacuation Pause) 121M->47M(137M) 1.036ms
[184.383s][info][gc] GC(2501) Pause Young (Normal) (G1 Evacuation Pause) 121M->47M(137M) 0.884ms
[184.456s][info][gc] GC(2502) Pause Young (Normal) (G1 Evacuation Pause) 122M->48M(137M) 0.814ms
[184.523s][info][gc] GC(2503) Pause Young (Normal) (G1 Evacuation Pause) 121M->48M(137M) 1.084ms
[184.596s][info][gc] GC(2504) Pause Young (Normal) (G1 Evacuation Pause) 121M->50M(137M) 0.851ms
[184.666s][info][gc] GC(2505) Pause Young (Normal) (G1 Evacuation Pause) 121M->50M(137M) 0.847ms
[184.739s][info][gc] GC(2506) Pause Young (Normal) (G1 Evacuation Pause) 122M->50M(137M) 0.917ms
[184.808s][info][gc] GC(2507) Pause Young (Normal) (G1 Evacuation Pause) 122M->50M(137M) 0.730ms
[184.877s][info][gc] GC(2508) Pause Young (Concurrent Start) (G1 Evacuation Pause) 123M->51M(137M) 0.959ms
[184.877s][info][gc] GC(2509) Concurrent Mark Cycle
[184.883s][info][gc] GC(2509) Pause Remark 56M->54M(137M) 0.386ms
[184.886s][info][gc] GC(2509) Pause Cleanup 58M->58M(137M) 0.038ms
[184.886s][info][gc] GC(2509) Concurrent Mark Cycle 9.118ms
[184.952s][info][gc] GC(2510) Pause Young (Prepare Mixed) (G1 Evacuation Pause) 118M->50M(137M) 0.864ms
[185.025s][info][gc] GC(2511) Pause Young (Mixed) (G1 Evacuation Pause) 122M->49M(137M) 0.951ms
[185.096s][info][gc] GC(2512) Pause Young (Normal) (G1 Evacuation Pause) 122M->50M(137M) 0.807ms
[185.162s][info][gc] GC(2513) Pause Young (Normal) (G1 Evacuation Pause) 122M->50M(137M) 0.818ms
[185.235s][info][gc] GC(2514) Pause Young (Concurrent Start) (G1 Evacuation Pause) 121M->51M(137M) 0.843ms
[185.236s][info][gc] GC(2515) Concurrent Mark Cycle
[185.241s][info][gc] GC(2515) Pause Remark 58M->58M(137M) 0.375ms
[185.245s][info][gc] GC(2515) Pause Cleanup 60M->60M(137M) 0.040ms
[185.245s][info][gc] GC(2515) Concurrent Mark Cycle 9.351ms
[185.304s][info][gc] GC(2516) Pause Young (Prepare Mixed) (G1 Evacuation Pause) 122M->51M(137M) 0.821ms
[185.376s][info][gc] GC(2517) Pause Young (Mixed) (G1 Evacuation Pause) 121M->51M(137M) 0.956ms
[185.438s][info][gc] GC(2518) Pause Young (Concurrent Start) (G1 Evacuation Pause) 122M->51M(137M) 0.856ms
[185.438s][info][gc] GC(2519) Concurrent Mark Cycle
[185.444s][info][gc] GC(2519) Pause Remark 58M->58M(137M) 0.347ms
[185.448s][info][gc] GC(2519) Pause Cleanup 64M->64M(137M) 0.039ms
[185.449s][info][gc] GC(2519) Concurrent Mark Cycle 10.131ms
[185.512s][info][gc] GC(2520) Pause Young (Prepare Mixed) (G1 Evacuation Pause) 122M->52M(137M) 0.841ms
[185.579s][info][gc] GC(2521) Pause Young (Mixed) (G1 Evacuation Pause) 122M->51M(137M) 1.050ms
[185.653s][info][gc] GC(2522) Pause Young (Concurrent Start) (G1 Evacuation Pause) 122M->52M(137M) 0.892ms
[185.653s][info][gc] GC(2523) Concurrent Mark Cycle
[185.660s][info][gc] GC(2523) Pause Remark 60M->60M(137M) 0.360ms
[185.664s][info][gc] GC(2523) Pause Cleanup 63M->63M(137M) 0.040ms
[185.664s][info][gc] GC(2523) Concurrent Mark Cycle 10.855ms
[185.717s][info][gc] GC(2524) Pause Young (Prepare Mixed) (G1 Evacuation Pause) 122M->53M(137M) 0.830ms
[185.789s][info][gc] GC(2525) Pause Young (Mixed) (G1 Evacuation Pause) 122M->52M(137M) 0.978ms
[185.855s][info][gc] GC(2526) Pause Young (Concurrent Start) (G1 Evacuation Pause) 120M->53M(137M) 0.868ms
[185.855s][info][gc] GC(2527) Concurrent Mark Cycle
[185.861s][info][gc] GC(2527) Pause Remark 59M->59M(137M) 0.403ms
[185.866s][info][gc] GC(2527) Pause Cleanup 66M->66M(137M) 0.040ms
[185.866s][info][gc] GC(2527) Concurrent Mark Cycle 11.206ms
[185.914s][info][gc] GC(2528) Pause Young (Prepare Mixed) (G1 Evacuation Pause) 122M->53M(137M) 0.810ms
[185.987s][info][gc] GC(2529) Pause Young (Mixed) (G1 Evacuation Pause) 121M->53M(137M) 0.890ms
[186.058s][info][gc] GC(2530) Pause Young (Concurrent Start) (G1 Evacuation Pause) 122M->54M(137M) 0.962ms
[186.058s][info][gc] GC(2531) Concurrent Mark Cycle
[186.064s][info][gc] GC(2531) Pause Remark 62M->62M(137M) 0.357ms
[186.069s][info][gc] GC(2531) Pause Cleanup 68M->68M(137M) 0.033ms
[186.069s][info][gc] GC(2531) Concurrent Mark Cycle 11.879ms
[186.126s][info][gc] GC(2532) Pause Young (Prepare Mixed) (G1 Evacuation Pause) 122M->55M(137M) 0.879ms
[186.187s][info][gc] GC(2533) Pause Young (Mixed) (G1 Evacuation Pause) 122M->55M(137M) 0.902ms
[186.255s][info][gc] GC(2534) Pause Young (Concurrent Start) (G1 Evacuation Pause) 120M->55M(137M) 0.836ms
[186.255s][info][gc] GC(2535) Concurrent Mark Cycle
[186.262s][info][gc] GC(2535) Pause Remark 61M->61M(137M) 0.383ms
[186.267s][info][gc] GC(2535) Pause Cleanup 69M->69M(137M) 0.045ms
[186.267s][info][gc] GC(2535) Concurrent Mark Cycle 12.420ms
[186.330s][info][gc] GC(2536) Pause Young (Prepare Mixed) (G1 Evacuation Pause) 123M->56M(137M) 0.773ms
[186.387s][info][gc] GC(2537) Pause Young (Mixed) (G1 Evacuation Pause) 122M->55M(137M) 0.875ms
[186.456s][info][gc] GC(2538) Pause Young (Concurrent Start) (G1 Evacuation Pause) 124M->57M(137M) 0.944ms
[186.456s][info][gc] GC(2539) Concurrent Mark Cycle
[186.464s][info][gc] GC(2539) Pause Remark 65M->65M(137M) 0.386ms
[186.469s][info][gc] GC(2539) Pause Cleanup 71M->71M(137M) 0.038ms
[186.469s][info][gc] GC(2539) Concurrent Mark Cycle 12.977ms
[186.524s][info][gc] GC(2540) Pause Young (Prepare Mixed) (G1 Evacuation Pause) 122M->57M(137M) 0.929ms
[186.593s][info][gc] GC(2541) Pause Young (Mixed) (G1 Evacuation Pause) 123M->57M(137M) 0.852ms
[186.650s][info][gc] GC(2542) Pause Young (Concurrent Start) (G1 Evacuation Pause) 123M->58M(137M) 0.774ms
[186.650s][info][gc] GC(2543) Concurrent Mark Cycle
[186.657s][info][gc] GC(2543) Pause Remark 68M->68M(137M) 0.362ms
[186.662s][info][gc] GC(2543) Pause Cleanup 73M->73M(137M) 0.028ms
[186.663s][info][gc] GC(2543) Concurrent Mark Cycle 12.793ms
[186.714s][info][gc] GC(2544) Pause Young (Prepare Mixed) (G1 Evacuation Pause) 122M->58M(137M) 0.793ms
[186.778s][info][gc] GC(2545) Pause Young (Mixed) (G1 Evacuation Pause) 121M->58M(137M) 0.850ms
[186.835s][info][gc] GC(2546) Pause Young (Concurrent Start) (G1 Evacuation Pause) 121M->59M(137M) 0.835ms
[186.835s][info][gc] GC(2547) Concurrent Mark Cycle
[186.844s][info][gc] GC(2547) Pause Remark 69M->69M(137M) 0.391ms
[186.849s][info][gc] GC(2547) Pause Cleanup 77M->77M(137M) 0.037ms
[186.849s][info][gc] GC(2547) Concurrent Mark Cycle 13.757ms
[186.899s][info][gc] GC(2548) Pause Young (Prepare Mixed) (G1 Evacuation Pause) 121M->60M(137M) 0.811ms
[186.962s][info][gc] GC(2549) Pause Young (Mixed) (G1 Evacuation Pause) 122M->61M(137M) 0.866ms
[187.017s][info][gc] GC(2550) Pause Young (Concurrent Start) (G1 Evacuation Pause) 122M->61M(137M) 0.802ms
[187.017s][info][gc] GC(2551) Concurrent Mark Cycle
[187.025s][info][gc] GC(2551) Pause Remark 70M->70M(137M) 0.401ms
[187.031s][info][gc] GC(2551) Pause Cleanup 78M->78M(137M) 0.033ms
[187.031s][info][gc] GC(2551) Concurrent Mark Cycle 13.849ms
[187.077s][info][gc] GC(2552) Pause Young (Prepare Mixed) (G1 Evacuation Pause) 122M->61M(137M) 0.793ms
[187.145s][info][gc] GC(2553) Pause Young (Mixed) (G1 Evacuation Pause) 123M->62M(137M) 0.882ms
[187.195s][info][gc] GC(2554) Pause Young (Concurrent Start) (G1 Evacuation Pause) 122M->63M(137M) 0.773ms
[187.195s][info][gc] GC(2555) Concurrent Mark Cycle
[187.204s][info][gc] GC(2555) Pause Remark 73M->73M(137M) 0.358ms
[187.209s][info][gc] GC(2555) Pause Cleanup 80M->80M(137M) 0.044ms
[187.209s][info][gc] GC(2555) Concurrent Mark Cycle 13.902ms
[187.255s][info][gc] GC(2556) Pause Young (Prepare Mixed) (G1 Evacuation Pause) 122M->63M(137M) 0.770ms
[187.307s][info][gc] GC(2557) Pause Young (Mixed) (G1 Evacuation Pause) 122M->63M(137M) 0.771ms
[187.368s][info][gc] GC(2558) Pause Young (Concurrent Start) (G1 Evacuation Pause) 123M->63M(137M) 0.821ms
[187.368s][info][gc] GC(2559) Concurrent Mark Cycle
[187.377s][info][gc] GC(2559) Pause Remark 71M->71M(137M) 0.366ms
[187.383s][info][gc] GC(2559) Pause Cleanup 77M->77M(137M) 0.040ms
[187.383s][info][gc] GC(2559) Concurrent Mark Cycle 14.441ms
[187.433s][info][gc] GC(2560) Pause Young (Prepare Mixed) (G1 Evacuation Pause) 121M->64M(137M) 0.796ms
[187.481s][info][gc] GC(2561) Pause Young (Mixed) (G1 Evacuation Pause) 121M->64M(137M) 1.364ms
[187.541s][info][gc] GC(2562) Pause Young (Concurrent Start) (G1 Evacuation Pause) 123M->64M(137M) 0.743ms
[187.541s][info][gc] GC(2563) Concurrent Mark Cycle
[187.549s][info][gc] GC(2563) Pause Remark 70M->70M(137M) 0.402ms
[187.553s][info][gc] GC(2563) Pause Cleanup 75M->75M(137M) 0.035ms
[187.553s][info][gc] GC(2563) Concurrent Mark Cycle 12.526ms
[187.604s][info][gc] GC(2564) Pause Young (Normal) (G1 Evacuation Pause) 123M->65M(137M) 0.828ms
[187.654s][info][gc] GC(2565) Pause Young (Concurrent Start) (G1 Evacuation Pause) 123M->66M(137M) 0.746ms
[187.654s][info][gc] GC(2566) Concurrent Mark Cycle
[187.661s][info][gc] GC(2566) Pause Remark 77M->77M(137M) 0.389ms
[187.666s][info][gc] GC(2566) Pause Cleanup 81M->81M(137M) 0.032ms
[187.666s][info][gc] GC(2566) Concurrent Mark Cycle 12.818ms
[187.711s][info][gc] GC(2567) Pause Young (Normal) (G1 Evacuation Pause) 123M->66M(137M) 0.704ms
[187.761s][info][gc] GC(2568) Pause Young (Concurrent Start) (G1 Evacuation Pause) 123M->66M(137M) 0.754ms
[187.761s][info][gc] GC(2569) Concurrent Mark Cycle
[187.769s][info][gc] GC(2569) Pause Remark 75M->75M(137M) 0.370ms
[187.773s][info][gc] GC(2569) Pause Cleanup 77M->77M(137M) 0.004ms
[187.773s][info][gc] GC(2569) Concurrent Mark Cycle 11.274ms
[187.929s][info][gc] GC(2570) Pause Young (Normal) (G1 Evacuation Pause) 123M->68M(137M) 0.842ms
[187.980s][info][gc] GC(2571) Pause Young (Concurrent Start) (G1 Evacuation Pause) 122M->68M(137M) 0.833ms
[187.980s][info][gc] GC(2572) Concurrent Mark Cycle
[187.983s][info][gc] GC(2572) Pause Remark 72M->54M(137M) 0.410ms
[187.985s][info][gc] GC(2572) Pause Cleanup 56M->56M(137M) 0.041ms
[187.985s][info][gc] GC(2572) Concurrent Mark Cycle 5.200ms
[188.037s][info][gc] GC(2573) Pause Young (Prepare Mixed) (G1 Evacuation Pause) 105M->51M(137M) 0.849ms
[188.108s][info][gc] GC(2574) Pause Young (Mixed) (G1 Evacuation Pause) 123M->39M(137M) 1.016ms
[188.176s][info][gc] GC(2575) Pause Young (Mixed) (G1 Evacuation Pause) 115M->39M(137M) 0.883ms
[188.252s][info][gc] GC(2576) Pause Young (Normal) (G1 Evacuation Pause) 115M->40M(137M) 0.941ms
[188.325s][info][gc] GC(2577) Pause Young (Normal) (G1 Evacuation Pause) 115M->40M(137M) 0.955ms
[188.396s][info][gc] GC(2578) Pause Young (Normal) (G1 Evacuation Pause) 115M->40M(137M) 0.928ms
[188.478s][info][gc] GC(2579) Pause Young (Normal) (G1 Evacuation Pause) 116M->41M(137M) 0.838ms
[188.542s][info][gc] GC(2580) Pause Young (Normal) (G1 Evacuation Pause) 116M->42M(137M) 0.843ms
[188.615s][info][gc] GC(2581) Pause Young (Normal) (G1 Evacuation Pause) 117M->43M(137M) 0.976ms
[188.687s][info][gc] GC(2582) Pause Young (Normal) (G1 Evacuation Pause) 118M->43M(137M) 0.986ms
[188.758s][info][gc] GC(2583) Pause Young (Normal) (G1 Evacuation Pause) 118M->43M(137M) 0.855ms
[188.828s][info][gc] GC(2584) Pause Young (Normal) (G1 Evacuation Pause) 118M->43M(137M) 0.803ms
[188.902s][info][gc] GC(2585) Pause Young (Normal) (G1 Evacuation Pause) 119M->45M(137M) 0.838ms
[188.979s][info][gc] GC(2586) Pause Young (Normal) (G1 Evacuation Pause) 119M->46M(137M) 0.911ms
[189.053s][info][gc] GC(2587) Pause Young (Normal) (G1 Evacuation Pause) 121M->46M(137M) 0.960ms
[189.129s][info][gc] GC(2588) Pause Young (Normal) (G1 Evacuation Pause) 122M->47M(137M) 0.838ms
[189.198s][info][gc] GC(2589) Pause Young (Normal) (G1 Evacuation Pause) 121M->47M(137M) 0.977ms
[189.265s][info][gc] GC(2590) Pause Young (Normal) (G1 Evacuation Pause) 122M->48M(137M) 1.062ms
[189.344s][info][gc] GC(2591) Pause Young (Normal) (G1 Evacuation Pause) 121M->49M(137M) 0.922ms
[189.413s][info][gc] GC(2592) Pause Young (Normal) (G1 Evacuation Pause) 120M->49M(137M) 0.832ms
[189.485s][info][gc] GC(2593) Pause Young (Normal) (G1 Evacuation Pause) 122M->50M(137M) 0.976ms
[189.548s][info][gc] GC(2594) Pause Young (Normal) (G1 Evacuation Pause) 122M->50M(137M) 0.930ms
[189.619s][info][gc] GC(2595) Pause Young (Normal) (G1 Evacuation Pause) 121M->51M(137M) 0.832ms
[189.690s][info][gc] GC(2596) Pause Young (Normal) (G1 Evacuation Pause) 122M->52M(137M) 0.849ms
[189.758s][info][gc] GC(2597) Pause Young (Concurrent Start) (G1 Evacuation Pause) 122M->52M(137M) 0.831ms
[189.758s][info][gc] GC(2598) Concurrent Mark Cycle
[189.763s][info][gc] GC(2598) Pause Remark 56M->54M(137M) 0.357ms
[189.766s][info][gc] GC(2598) Pause Cleanup 56M->56M(137M) 0.041ms
[189.766s][info][gc] GC(2598) Concurrent Mark Cycle 8.145ms
[189.821s][info][gc] GC(2599) Pause Young (Prepare Mixed) (G1 Evacuation Pause) 120M->51M(137M) 0.825ms
[189.891s][info][gc] GC(2600) Pause Young (Mixed) (G1 Evacuation Pause) 121M->50M(137M) 0.917ms
[189.964s][info][gc] GC(2601) Pause Young (Normal) (G1 Evacuation Pause) 122M->50M(137M) 0.827ms
[190.031s][info][gc] GC(2602) Pause Young (Normal) (G1 Evacuation Pause) 122M->50M(137M) 0.747ms
[190.097s][info][gc] GC(2603) Pause Young (Normal) (G1 Evacuation Pause) 121M->51M(137M) 0.817ms
[190.167s][info][gc] GC(2604) Pause Young (Normal) (G1 Evacuation Pause) 122M->52M(137M) 0.872ms
[190.237s][info][gc] GC(2605) Pause Young (Concurrent Start) (G1 Evacuation Pause) 122M->53M(137M) 0.840ms
[190.237s][info][gc] GC(2606) Concurrent Mark Cycle
[190.243s][info][gc] GC(2606) Pause Remark 60M->60M(137M) 0.383ms
[190.246s][info][gc] GC(2606) Pause Cleanup 64M->64M(137M) 0.037ms
[190.246s][info][gc] GC(2606) Concurrent Mark Cycle 8.631ms
[190.297s][info][gc] GC(2607) Pause Young (Prepare Mixed) (G1 Evacuation Pause) 122M->52M(137M) 0.708ms
[190.366s][info][gc] GC(2608) Pause Young (Mixed) (G1 Evacuation Pause) 123M->52M(137M) 0.966ms
[190.437s][info][gc] GC(2609) Pause Young (Concurrent Start) (G1 Evacuation Pause) 122M->53M(137M) 0.868ms
[190.437s][info][gc] GC(2610) Concurrent Mark Cycle
[190.443s][info][gc] GC(2610) Pause Remark 60M->60M(137M) 0.383ms
[190.446s][info][gc] GC(2610) Pause Cleanup 62M->62M(137M) 0.038ms
[190.446s][info][gc] GC(2610) Concurrent Mark Cycle 8.883ms
[190.504s][info][gc] GC(2611) Pause Young (Prepare Mixed) (G1 Evacuation Pause) 120M->54M(137M) 0.810ms
[190.567s][info][gc] GC(2612) Pause Young (Mixed) (G1 Evacuation Pause) 122M->53M(137M) 1.039ms
[190.637s][info][gc] GC(2613) Pause Young (Concurrent Start) (G1 Evacuation Pause) 121M->54M(137M) 0.917ms
[190.637s][info][gc] GC(2614) Concurrent Mark Cycle
[190.643s][info][gc] GC(2614) Pause Remark 61M->61M(137M) 0.364ms
[190.647s][info][gc] GC(2614) Pause Cleanup 66M->66M(137M) 0.045ms
[190.647s][info][gc] GC(2614) Concurrent Mark Cycle 10.120ms
[190.704s][info][gc] GC(2615) Pause Young (Prepare Mixed) (G1 Evacuation Pause) 122M->54M(137M) 0.852ms
[190.772s][info][gc] GC(2616) Pause Young (Mixed) (G1 Evacuation Pause) 121M->54M(137M) 0.894ms
[190.834s][info][gc] GC(2617) Pause Young (Concurrent Start) (G1 Evacuation Pause) 121M->55M(137M) 0.865ms
[190.834s][info][gc] GC(2618) Concurrent Mark Cycle
[190.840s][info][gc] GC(2618) Pause Remark 64M->64M(137M) 0.348ms
[190.844s][info][gc] GC(2618) Pause Cleanup 68M->68M(137M) 0.050ms
[190.844s][info][gc] GC(2618) Concurrent Mark Cycle 10.517ms
[190.897s][info][gc] GC(2619) Pause Young (Prepare Mixed) (G1 Evacuation Pause) 120M->56M(137M) 0.925ms
[190.964s][info][gc] GC(2620) Pause Young (Mixed) (G1 Evacuation Pause) 121M->56M(137M) 0.890ms
[191.020s][info][gc] GC(2621) Pause Young (Concurrent Start) (G1 Evacuation Pause) 122M->56M(137M) 0.807ms
[191.020s][info][gc] GC(2622) Concurrent Mark Cycle
[191.027s][info][gc] GC(2622) Pause Remark 64M->64M(137M) 0.392ms
[191.030s][info][gc] GC(2622) Pause Cleanup 67M->67M(137M) 0.039ms
[191.031s][info][gc] GC(2622) Concurrent Mark Cycle 10.593ms
[191.087s][info][gc] GC(2623) Pause Young (Prepare Mixed) (G1 Evacuation Pause) 123M->57M(137M) 0.758ms
[191.149s][info][gc] GC(2624) Pause Young (Mixed) (G1 Evacuation Pause) 122M->57M(137M) 0.841ms
[191.207s][info][gc] GC(2625) Pause Young (Concurrent Start) (G1 Evacuation Pause) 123M->57M(137M) 0.784ms
[191.207s][info][gc] GC(2626) Concurrent Mark Cycle
[191.214s][info][gc] GC(2626) Pause Remark 64M->64M(137M) 0.370ms
[191.218s][info][gc] GC(2626) Pause Cleanup 67M->67M(137M) 0.068ms
[191.218s][info][gc] GC(2626) Concurrent Mark Cycle 11.103ms
[191.273s][info][gc] GC(2627) Pause Young (Prepare Mixed) (G1 Evacuation Pause) 121M->58M(137M) 0.847ms
[191.337s][info][gc] GC(2628) Pause Young (Mixed) (G1 Evacuation Pause) 122M->58M(137M) 0.845ms
[191.397s][info][gc] GC(2629) Pause Young (Concurrent Start) (G1 Evacuation Pause) 122M->58M(137M) 0.951ms
[191.397s][info][gc] GC(2630) Concurrent Mark Cycle
[191.406s][info][gc] GC(2630) Pause Remark 67M->67M(137M) 0.408ms
[191.410s][info][gc] GC(2630) Pause Cleanup 68M->68M(137M) 0.054ms
[191.410s][info][gc] GC(2630) Concurrent Mark Cycle 13.260ms
[191.468s][info][gc] GC(2631) Pause Young (Prepare Mixed) (G1 Evacuation Pause) 121M->59M(137M) 0.991ms
[191.530s][info][gc] GC(2632) Pause Young (Mixed) (G1 Evacuation Pause) 121M->59M(137M) 0.947ms
[191.588s][info][gc] GC(2633) Pause Young (Concurrent Start) (G1 Evacuation Pause) 123M->59M(137M) 0.962ms
[191.588s][info][gc] GC(2634) Concurrent Mark Cycle
[191.596s][info][gc] GC(2634) Pause Remark 68M->68M(137M) 0.387ms
[191.600s][info][gc] GC(2634) Pause Cleanup 69M->69M(137M) 0.063ms
[191.600s][info][gc] GC(2634) Concurrent Mark Cycle 11.966ms
[191.658s][info][gc] GC(2635) Pause Young (Prepare Mixed) (G1 Evacuation Pause) 123M->60M(137M) 0.772ms
[191.719s][info][gc] GC(2636) Pause Young (Mixed) (G1 Evacuation Pause) 123M->61M(137M) 0.990ms
[191.775s][info][gc] GC(2637) Pause Young (Concurrent Start) (G1 Evacuation Pause) 122M->61M(137M) 0.781ms
[191.775s][info][gc] GC(2638) Concurrent Mark Cycle
[191.782s][info][gc] GC(2638) Pause Remark 71M->71M(137M) 0.367ms
[191.787s][info][gc] GC(2638) Pause Cleanup 72M->72M(137M) 0.038ms
[191.787s][info][gc] GC(2638) Concurrent Mark Cycle 12.271ms
[191.840s][info][gc] GC(2639) Pause Young (Prepare Mixed) (G1 Evacuation Pause) 123M->62M(137M) 0.834ms
[191.901s][info][gc] GC(2640) Pause Young (Mixed) (G1 Evacuation Pause) 122M->62M(137M) 0.931ms
[191.955s][info][gc] GC(2641) Pause Young (Concurrent Start) (G1 Evacuation Pause) 123M->63M(137M) 0.793ms
[191.955s][info][gc] GC(2642) Concurrent Mark Cycle
[191.963s][info][gc] GC(2642) Pause Remark 73M->73M(137M) 0.344ms
[191.968s][info][gc] GC(2642) Pause Cleanup 79M->79M(137M) 0.025ms
[191.968s][info][gc] GC(2642) Concurrent Mark Cycle 12.800ms
[192.017s][info][gc] GC(2643) Pause Young (Prepare Mixed) (G1 Evacuation Pause) 122M->63M(137M) 0.949ms
[192.080s][info][gc] GC(2644) Pause Young (Mixed) (G1 Evacuation Pause) 123M->64M(137M) 0.877ms
[192.135s][info][gc] GC(2645) Pause Young (Concurrent Start) (G1 Evacuation Pause) 123M->64M(137M) 0.854ms
[192.135s][info][gc] GC(2646) Concurrent Mark Cycle
[192.143s][info][gc] GC(2646) Pause Remark 73M->73M(137M) 0.397ms
[192.148s][info][gc] GC(2646) Pause Cleanup 80M->80M(137M) 0.036ms
[192.148s][info][gc] GC(2646) Concurrent Mark Cycle 13.149ms
[192.195s][info][gc] GC(2647) Pause Young (Prepare Mixed) (G1 Evacuation Pause) 122M->65M(137M) 0.724ms
[192.247s][info][gc] GC(2648) Pause Young (Mixed) (G1 Evacuation Pause) 123M->65M(137M) 0.767ms
[192.310s][info][gc] GC(2649) Pause Young (Concurrent Start) (G1 Evacuation Pause) 124M->66M(137M) 0.903ms
[192.311s][info][gc] GC(2650) Concurrent Mark Cycle
[192.319s][info][gc] GC(2650) Pause Remark 76M->76M(137M) 0.348ms
[192.325s][info][gc] GC(2650) Pause Cleanup 81M->81M(137M) 0.043ms
[192.325s][info][gc] GC(2650) Concurrent Mark Cycle 14.175ms
[192.369s][info][gc] GC(2651) Pause Young (Prepare Mixed) (G1 Evacuation Pause) 121M->66M(137M) 1.017ms
[192.421s][info][gc] GC(2652) Pause Young (Mixed) (G1 Evacuation Pause) 123M->66M(137M) 0.839ms
[192.481s][info][gc] GC(2653) Pause Young (Concurrent Start) (G1 Evacuation Pause) 122M->67M(137M) 0.928ms
[192.481s][info][gc] GC(2654) Concurrent Mark Cycle
[192.490s][info][gc] GC(2654) Pause Remark 77M->77M(137M) 0.406ms
[192.495s][info][gc] GC(2654) Pause Cleanup 82M->82M(137M) 0.039ms
[192.495s][info][gc] GC(2654) Concurrent Mark Cycle 14.820ms
[192.539s][info][gc] GC(2655) Pause Young (Prepare Mixed) (G1 Evacuation Pause) 123M->66M(137M) 0.597ms
[192.703s][info][gc] GC(2656) Pause Young (Mixed) (G1 Evacuation Pause) 124M->68M(137M) 1.089ms
[192.748s][info][gc] GC(2657) Pause Young (Concurrent Start) (G1 Evacuation Pause) 120M->69M(137M) 0.901ms
[192.748s][info][gc] GC(2658) Concurrent Mark Cycle
[192.751s][info][gc] GC(2658) Pause Remark 74M->52M(137M) 0.398ms
[192.753s][info][gc] GC(2658) Pause Cleanup 54M->54M(137M) 0.041ms
[192.753s][info][gc] GC(2658) Concurrent Mark Cycle 5.531ms
[192.802s][info][gc] GC(2659) Pause Young (Prepare Mixed) (G1 Evacuation Pause) 101M->47M(137M) 0.951ms
[192.873s][info][gc] GC(2660) Pause Young (Mixed) (G1 Evacuation Pause) 122M->39M(137M) 1.030ms
[192.952s][info][gc] GC(2661) Pause Young (Normal) (G1 Evacuation Pause) 115M->40M(137M) 0.844ms
[193.023s][info][gc] GC(2662) Pause Young (Normal) (G1 Evacuation Pause) 116M->41M(137M) 0.925ms
[193.100s][info][gc] GC(2663) Pause Young (Normal) (G1 Evacuation Pause) 116M->41M(137M) 1.051ms
[193.173s][info][gc] GC(2664) Pause Young (Normal) (G1 Evacuation Pause) 116M->42M(137M) 0.928ms
[193.254s][info][gc] GC(2665) Pause Young (Normal) (G1 Evacuation Pause) 118M->43M(137M) 0.908ms
[193.334s][info][gc] GC(2666) Pause Young (Normal) (G1 Evacuation Pause) 118M->44M(137M) 1.007ms
[193.397s][info][gc] GC(2667) Pause Young (Normal) (G1 Evacuation Pause) 119M->44M(137M) 0.881ms
[193.475s][info][gc] GC(2668) Pause Young (Normal) (G1 Evacuation Pause) 120M->45M(137M) 0.863ms
[193.551s][info][gc] GC(2669) Pause Young (Normal) (G1 Evacuation Pause) 120M->45M(137M) 1.013ms
[193.624s][info][gc] GC(2670) Pause Young (Normal) (G1 Evacuation Pause) 120M->46M(137M) 0.871ms
[193.697s][info][gc] GC(2671) Pause Young (Normal) (G1 Evacuation Pause) 121M->46M(137M) 0.892ms
[193.763s][info][gc] GC(2672) Pause Young (Normal) (G1 Evacuation Pause) 120M->47M(137M) 0.850ms
[193.837s][info][gc] GC(2673) Pause Young (Normal) (G1 Evacuation Pause) 121M->48M(137M) 0.865ms
[193.912s][info][gc] GC(2674) Pause Young (Normal) (G1 Evacuation Pause) 121M->49M(137M) 0.880ms
[193.981s][info][gc] GC(2675) Pause Young (Normal) (G1 Evacuation Pause) 121M->49M(137M) 0.986ms
[194.048s][info][gc] GC(2676) Pause Young (Normal) (G1 Evacuation Pause) 122M->49M(137M) 0.921ms
[194.124s][info][gc] GC(2677) Pause Young (Normal) (G1 Evacuation Pause) 121M->50M(137M) 0.821ms
[194.196s][info][gc] GC(2678) Pause Young (Normal) (G1 Evacuation Pause) 122M->51M(137M) 0.862ms
[194.265s][info][gc] GC(2679) Pause Young (Normal) (G1 Evacuation Pause) 122M->51M(137M) 0.839ms
[194.331s][info][gc] GC(2680) Pause Young (Normal) (G1 Evacuation Pause) 122M->51M(137M) 0.851ms
[194.401s][info][gc] GC(2681) Pause Young (Concurrent Start) (G1 Evacuation Pause) 121M->53M(137M) 0.948ms
[194.401s][info][gc] GC(2682) Concurrent Mark Cycle
[194.407s][info][gc] GC(2682) Pause Remark 58M->54M(137M) 0.363ms
[194.410s][info][gc] GC(2682) Pause Cleanup 59M->59M(137M) 0.024ms
[194.410s][info][gc] GC(2682) Concurrent Mark Cycle 8.661ms
[194.472s][info][gc] GC(2683) Pause Young (Prepare Mixed) (G1 Evacuation Pause) 117M->49M(137M) 0.892ms
[194.545s][info][gc] GC(2684) Pause Young (Mixed) (G1 Evacuation Pause) 122M->48M(137M) 0.884ms
[194.610s][info][gc] GC(2685) Pause Young (Normal) (G1 Evacuation Pause) 122M->48M(137M) 0.787ms
[194.686s][info][gc] GC(2686) Pause Young (Normal) (G1 Evacuation Pause) 123M->50M(137M) 1.008ms
[194.761s][info][gc] GC(2687) Pause Young (Normal) (G1 Evacuation Pause) 121M->50M(137M) 0.839ms
[194.828s][info][gc] GC(2688) Pause Young (Normal) (G1 Evacuation Pause) 122M->51M(137M) 0.821ms
[194.893s][info][gc] GC(2689) Pause Young (Normal) (G1 Evacuation Pause) 122M->51M(137M) 0.836ms
[194.969s][info][gc] GC(2690) Pause Young (Normal) (G1 Evacuation Pause) 122M->52M(137M) 0.870ms
[195.037s][info][gc] GC(2691) Pause Young (Normal) (G1 Evacuation Pause) 121M->52M(137M) 0.919ms
[195.104s][info][gc] GC(2692) Pause Young (Concurrent Start) (G1 Evacuation Pause) 121M->53M(137M) 0.824ms
[195.104s][info][gc] GC(2693) Concurrent Mark Cycle
[195.110s][info][gc] GC(2693) Pause Remark 61M->61M(137M) 0.382ms
[195.114s][info][gc] GC(2693) Pause Cleanup 64M->64M(137M) 0.041ms
[195.114s][info][gc] GC(2693) Concurrent Mark Cycle 10.300ms
[195.163s][info][gc] GC(2694) Pause Young (Prepare Mixed) (G1 Evacuation Pause) 120M->54M(137M) 0.855ms
[195.233s][info][gc] GC(2695) Pause Young (Mixed) (G1 Evacuation Pause) 122M->53M(137M) 0.918ms
[195.301s][info][gc] GC(2696) Pause Young (Concurrent Start) (G1 Evacuation Pause) 122M->53M(137M) 0.828ms
[195.301s][info][gc] GC(2697) Concurrent Mark Cycle
[195.308s][info][gc] GC(2697) Pause Remark 61M->61M(137M) 0.363ms
[195.312s][info][gc] GC(2697) Pause Cleanup 67M->67M(137M) 0.065ms
[195.312s][info][gc] GC(2697) Concurrent Mark Cycle 11.255ms
[195.373s][info][gc] GC(2698) Pause Young (Prepare Mixed) (G1 Evacuation Pause) 121M->54M(137M) 0.819ms
[195.433s][info][gc] GC(2699) Pause Young (Mixed) (G1 Evacuation Pause) 122M->54M(137M) 0.810ms
[195.503s][info][gc] GC(2700) Pause Young (Concurrent Start) (G1 Evacuation Pause) 122M->54M(137M) 0.836ms
[195.503s][info][gc] GC(2701) Concurrent Mark Cycle
[195.510s][info][gc] GC(2701) Pause Remark 61M->61M(137M) 0.364ms
[195.515s][info][gc] GC(2701) Pause Cleanup 68M->68M(137M) 0.039ms
[195.515s][info][gc] GC(2701) Concurrent Mark Cycle 11.839ms
[195.569s][info][gc] GC(2702) Pause Young (Prepare Mixed) (G1 Evacuation Pause) 122M->55M(137M) 0.909ms
[195.629s][info][gc] GC(2703) Pause Young (Mixed) (G1 Evacuation Pause) 122M->55M(137M) 0.945ms
[195.698s][info][gc] GC(2704) Pause Young (Concurrent Start) (G1 Evacuation Pause) 122M->56M(137M) 0.979ms
[195.698s][info][gc] GC(2705) Concurrent Mark Cycle
[195.705s][info][gc] GC(2705) Pause Remark 63M->63M(137M) 0.409ms
[195.710s][info][gc] GC(2705) Pause Cleanup 69M->69M(137M) 0.045ms
[195.711s][info][gc] GC(2705) Concurrent Mark Cycle 12.584ms
[195.767s][info][gc] GC(2706) Pause Young (Prepare Mixed) (G1 Evacuation Pause) 122M->56M(137M) 0.807ms
[195.835s][info][gc] GC(2707) Pause Young (Mixed) (G1 Evacuation Pause) 123M->56M(137M) 0.830ms
[195.895s][info][gc] GC(2708) Pause Young (Concurrent Start) (G1 Evacuation Pause) 123M->57M(137M) 0.805ms
[195.895s][info][gc] GC(2709) Concurrent Mark Cycle
[195.902s][info][gc] GC(2709) Pause Remark 65M->65M(137M) 0.341ms
[195.908s][info][gc] GC(2709) Pause Cleanup 72M->72M(137M) 0.037ms
[195.908s][info][gc] GC(2709) Concurrent Mark Cycle 13.418ms
[195.966s][info][gc] GC(2710) Pause Young (Prepare Mixed) (G1 Evacuation Pause) 122M->58M(137M) 0.802ms
[196.030s][info][gc] GC(2711) Pause Young (Mixed) (G1 Evacuation Pause) 122M->58M(137M) 1.054ms
[196.089s][info][gc] GC(2712) Pause Young (Concurrent Start) (G1 Evacuation Pause) 123M->58M(137M) 0.857ms
[196.089s][info][gc] GC(2713) Concurrent Mark Cycle
[196.097s][info][gc] GC(2713) Pause Remark 68M->68M(137M) 0.359ms
[196.102s][info][gc] GC(2713) Pause Cleanup 77M->77M(137M) 0.030ms
[196.102s][info][gc] GC(2713) Concurrent Mark Cycle 13.543ms
[196.157s][info][gc] GC(2714) Pause Young (Prepare Mixed) (G1 Evacuation Pause) 121M->59M(137M) 0.813ms
[196.219s][info][gc] GC(2715) Pause Young (Mixed) (G1 Evacuation Pause) 122M->59M(137M) 0.908ms
[196.276s][info][gc] GC(2716) Pause Young (Concurrent Start) (G1 Evacuation Pause) 122M->60M(137M) 0.865ms
[196.276s][info][gc] GC(2717) Concurrent Mark Cycle
[196.284s][info][gc] GC(2717) Pause Remark 69M->69M(137M) 0.378ms
[196.290s][info][gc] GC(2717) Pause Cleanup 76M->76M(137M) 0.035ms
[196.290s][info][gc] GC(2717) Concurrent Mark Cycle 14.086ms
[196.337s][info][gc] GC(2718) Pause Young (Prepare Mixed) (G1 Evacuation Pause) 121M->60M(137M) 0.761ms
[196.401s][info][gc] GC(2719) Pause Young (Mixed) (G1 Evacuation Pause) 121M->60M(137M) 0.834ms
[196.457s][info][gc] GC(2720) Pause Young (Concurrent Start) (G1 Evacuation Pause) 123M->61M(137M) 0.797ms
[196.457s][info][gc] GC(2721) Concurrent Mark Cycle
[196.466s][info][gc] GC(2721) Pause Remark 69M->69M(137M) 0.361ms
[196.472s][info][gc] GC(2721) Pause Cleanup 77M->77M(137M) 0.041ms
[196.472s][info][gc] GC(2721) Concurrent Mark Cycle 14.508ms
[196.521s][info][gc] GC(2722) Pause Young (Prepare Mixed) (G1 Evacuation Pause) 122M->61M(137M) 0.892ms
[196.574s][info][gc] GC(2723) Pause Young (Mixed) (G1 Evacuation Pause) 121M->61M(137M) 0.932ms
[196.638s][info][gc] GC(2724) Pause Young (Concurrent Start) (G1 Evacuation Pause) 123M->62M(137M) 0.870ms
[196.638s][info][gc] GC(2725) Concurrent Mark Cycle
[196.647s][info][gc] GC(2725) Pause Remark 72M->72M(137M) 0.363ms
[196.653s][info][gc] GC(2725) Pause Cleanup 79M->79M(137M) 0.031ms
[196.653s][info][gc] GC(2725) Concurrent Mark Cycle 14.936ms
[196.702s][info][gc] GC(2726) Pause Young (Prepare Mixed) (G1 Evacuation Pause) 122M->63M(137M) 0.865ms
[196.753s][info][gc] GC(2727) Pause Young (Mixed) (G1 Evacuation Pause) 121M->63M(137M) 0.835ms
[196.815s][info][gc] GC(2728) Pause Young (Concurrent Start) (G1 Evacuation Pause) 123M->63M(137M) 0.766ms
[196.815s][info][gc] GC(2729) Concurrent Mark Cycle
[196.824s][info][gc] GC(2729) Pause Remark 74M->74M(137M) 0.382ms
[196.831s][info][gc] GC(2729) Pause Cleanup 79M->79M(137M) 0.040ms
[196.831s][info][gc] GC(2729) Concurrent Mark Cycle 15.286ms
[196.874s][info][gc] GC(2730) Pause Young (Prepare Mixed) (G1 Evacuation Pause) 123M->64M(137M) 0.759ms
[196.928s][info][gc] GC(2731) Pause Young (Mixed) (G1 Evacuation Pause) 121M->65M(137M) 0.954ms
[196.987s][info][gc] GC(2732) Pause Young (Concurrent Start) (G1 Evacuation Pause) 123M->65M(137M) 0.731ms
[196.987s][info][gc] GC(2733) Concurrent Mark Cycle
[196.996s][info][gc] GC(2733) Pause Remark 76M->76M(137M) 0.352ms
[197.003s][info][gc] GC(2733) Pause Cleanup 80M->80M(137M) 0.036ms
[197.003s][info][gc] GC(2733) Concurrent Mark Cycle 15.635ms
[197.042s][info][gc] GC(2734) Pause Young (Prepare Mixed) (G1 Evacuation Pause) 123M->65M(137M) 0.763ms
[197.095s][info][gc] GC(2735) Pause Young (Mixed) (G1 Evacuation Pause) 122M->65M(137M) 0.753ms
[197.153s][info][gc] GC(2736) Pause Young (Concurrent Start) (G1 Evacuation Pause) 122M->66M(137M) 0.771ms
[197.154s][info][gc] GC(2737) Concurrent Mark Cycle
[197.163s][info][gc] GC(2737) Pause Remark 76M->76M(137M) 0.369ms
[197.169s][info][gc] GC(2737) Pause Cleanup 85M->85M(137M) 0.052ms
[197.170s][info][gc] GC(2737) Concurrent Mark Cycle 16.035ms
[197.204s][info][gc] GC(2738) Pause Young (Prepare Mixed) (G1 Evacuation Pause) 123M->67M(137M) 0.736ms
[197.261s][info][gc] GC(2739) Pause Young (Mixed) (G1 Evacuation Pause) 123M->67M(137M) 0.808ms
[197.318s][info][gc] GC(2740) Pause Young (Concurrent Start) (G1 Evacuation Pause) 123M->66M(137M) 0.618ms
[197.318s][info][gc] GC(2741) Concurrent Mark Cycle
[197.327s][info][gc] GC(2741) Pause Remark 68M->68M(137M) 0.675ms
[197.334s][info][gc] GC(2741) Pause Cleanup 69M->69M(137M) 0.026ms
[197.334s][info][gc] GC(2741) Concurrent Mark Cycle 16.354ms
[197.490s][info][gc] GC(2742) Pause Young (Prepare Mixed) (G1 Evacuation Pause) 123M->69M(137M) 0.879ms
[197.534s][info][gc] GC(2743) Pause Young (Mixed) (G1 Evacuation Pause) 120M->69M(137M) 1.547ms
[197.592s][info][gc] GC(2744) Pause Young (Concurrent Start) (G1 Evacuation Pause) 123M->69M(137M) 0.922ms
[197.592s][info][gc] GC(2745) Concurrent Mark Cycle
[197.596s][info][gc] GC(2745) Pause Remark 72M->47M(137M) 0.352ms
[197.597s][info][gc] GC(2745) Pause Cleanup 49M->49M(137M) 0.037ms
[197.597s][info][gc] GC(2745) Concurrent Mark Cycle 4.756ms
[197.636s][info][gc] GC(2746) Pause Young (Prepare Mixed) (G1 Evacuation Pause) 98M->44M(137M) 0.711ms
[197.713s][info][gc] GC(2747) Pause Young (Mixed) (G1 Evacuation Pause) 121M->38M(137M) 0.948ms
[197.791s][info][gc] GC(2748) Pause Young (Normal) (G1 Evacuation Pause) 115M->39M(137M) 0.969ms
[197.871s][info][gc] GC(2749) Pause Young (Normal) (G1 Evacuation Pause) 115M->40M(137M) 0.915ms
[197.943s][info][gc] GC(2750) Pause Young (Normal) (G1 Evacuation Pause) 115M->40M(137M) 1.064ms
[198.013s][info][gc] GC(2751) Pause Young (Normal) (G1 Evacuation Pause) 116M->40M(137M) 0.719ms
[198.086s][info][gc] GC(2752) Pause Young (Normal) (G1 Evacuation Pause) 116M->42M(137M) 0.872ms
[198.160s][info][gc] GC(2753) Pause Young (Normal) (G1 Evacuation Pause) 117M->42M(137M) 0.991ms
[198.235s][info][gc] GC(2754) Pause Young (Normal) (G1 Evacuation Pause) 117M->43M(137M) 0.917ms
[198.308s][info][gc] GC(2755) Pause Young (Normal) (G1 Evacuation Pause) 118M->43M(137M) 0.906ms
[198.378s][info][gc] GC(2756) Pause Young (Normal) (G1 Evacuation Pause) 118M->43M(137M) 0.908ms
[198.444s][info][gc] GC(2757) Pause Young (Normal) (G1 Evacuation Pause) 119M->44M(137M) 1.032ms
[198.521s][info][gc] GC(2758) Pause Young (Normal) (G1 Evacuation Pause) 119M->45M(137M) 0.915ms
[198.589s][info][gc] GC(2759) Pause Young (Normal) (G1 Evacuation Pause) 120M->45M(137M) 0.851ms
[198.668s][info][gc] GC(2760) Pause Young (Normal) (G1 Evacuation Pause) 120M->47M(137M) 0.919ms
[198.738s][info][gc] GC(2761) Pause Young (Normal) (G1 Evacuation Pause) 121M->47M(137M) 0.818ms
[198.809s][info][gc] GC(2762) Pause Young (Normal) (G1 Evacuation Pause) 122M->48M(137M) 0.859ms
[198.881s][info][gc] GC(2763) Pause Young (Normal) (G1 Evacuation Pause) 121M->48M(137M) 0.954ms
[198.954s][info][gc] GC(2764) Pause Young (Normal) (G1 Evacuation Pause) 120M->49M(137M) 0.929ms
[199.027s][info][gc] GC(2765) Pause Young (Normal) (G1 Evacuation Pause) 122M->49M(137M) 0.842ms
[199.092s][info][gc] GC(2766) Pause Young (Normal) (G1 Evacuation Pause) 122M->50M(137M) 0.864ms
[199.164s][info][gc] GC(2767) Pause Young (Normal) (G1 Evacuation Pause) 122M->51M(137M) 0.833ms
[199.232s][info][gc] GC(2768) Pause Young (Normal) (G1 Evacuation Pause) 122M->51M(137M) 0.808ms
[199.307s][info][gc] GC(2769) Pause Young (Normal) (G1 Evacuation Pause) 122M->52M(137M) 0.835ms
[199.371s][info][gc] GC(2770) Pause Young (Concurrent Start) (G1 Evacuation Pause) 122M->52M(137M) 0.874ms
[199.371s][info][gc] GC(2771) Concurrent Mark Cycle
[199.376s][info][gc] GC(2771) Pause Remark 59M->58M(137M) 0.372ms
[199.380s][info][gc] GC(2771) Pause Cleanup 63M->63M(137M) 0.040ms
[199.380s][info][gc] GC(2771) Concurrent Mark Cycle 8.557ms
[199.444s][info][gc] GC(2772) Pause Young (Prepare Mixed) (G1 Evacuation Pause) 121M->52M(137M) 0.846ms
[199.515s][info][gc] GC(2773) Pause Young (Mixed) (G1 Evacuation Pause) 122M->51M(137M) 0.870ms
[199.584s][info][gc] GC(2774) Pause Young (Normal) (G1 Evacuation Pause) 122M->51M(137M) 0.889ms
[199.648s][info][gc] GC(2775) Pause Young (Concurrent Start) (G1 Evacuation Pause) 121M->52M(137M) 0.854ms
[199.648s][info][gc] GC(2776) Concurrent Mark Cycle
[199.653s][info][gc] GC(2776) Pause Remark 59M->59M(137M) 0.358ms
[199.657s][info][gc] GC(2776) Pause Cleanup 65M->65M(137M) 0.035ms
[199.657s][info][gc] GC(2776) Concurrent Mark Cycle 9.575ms
[199.714s][info][gc] GC(2777) Pause Young (Prepare Mixed) (G1 Evacuation Pause) 120M->53M(137M) 0.837ms
[199.783s][info][gc] GC(2778) Pause Young (Mixed) (G1 Evacuation Pause) 122M->52M(137M) 0.933ms
[199.847s][info][gc] GC(2779) Pause Young (Concurrent Start) (G1 Evacuation Pause) 122M->52M(137M) 0.889ms
[199.847s][info][gc] GC(2780) Concurrent Mark Cycle
[199.853s][info][gc] GC(2780) Pause Remark 54M->54M(137M) 0.445ms
[199.858s][info][gc] GC(2780) Pause Cleanup 55M->55M(137M) 0.040ms
[199.858s][info][gc] GC(2780) Concurrent Mark Cycle 10.337ms
[199.921s][info][gc] GC(2781) Pause Young (Prepare Mixed) (G1 Evacuation Pause) 123M->53M(137M) 0.821ms
[199.987s][info][gc] GC(2782) Pause Young (Mixed) (G1 Evacuation Pause) 120M->52M(137M) 1.006ms
[200.054s][info][gc] GC(2783) Pause Young (Concurrent Start) (G1 Evacuation Pause) 121M->53M(137M) 0.834ms
[200.054s][info][gc] GC(2784) Concurrent Mark Cycle
[200.060s][info][gc] GC(2784) Pause Remark 58M->58M(137M) 0.372ms
[200.064s][info][gc] GC(2784) Pause Cleanup 62M->62M(137M) 0.047ms
[200.065s][info][gc] GC(2784) Concurrent Mark Cycle 10.096ms
[200.119s][info][gc] GC(2785) Pause Young (Prepare Mixed) (G1 Evacuation Pause) 122M->54M(137M) 0.951ms
[200.187s][info][gc] GC(2786) Pause Young (Mixed) (G1 Evacuation Pause) 122M->54M(137M) 0.872ms
[200.257s][info][gc] GC(2787) Pause Young (Concurrent Start) (G1 Evacuation Pause) 122M->54M(137M) 0.883ms
[200.257s][info][gc] GC(2788) Concurrent Mark Cycle
[200.263s][info][gc] GC(2788) Pause Remark 62M->62M(137M) 0.367ms
[200.268s][info][gc] GC(2788) Pause Cleanup 69M->69M(137M) 0.061ms
[200.268s][info][gc] GC(2788) Concurrent Mark Cycle 11.008ms
[200.320s][info][gc] GC(2789) Pause Young (Prepare Mixed) (G1 Evacuation Pause) 121M->55M(137M) 0.782ms
[200.380s][info][gc] GC(2790) Pause Young (Mixed) (G1 Evacuation Pause) 122M->55M(137M) 0.869ms
[200.445s][info][gc] GC(2791) Pause Young (Concurrent Start) (G1 Evacuation Pause) 120M->55M(137M) 0.877ms
[200.445s][info][gc] GC(2792) Concurrent Mark Cycle
[200.451s][info][gc] GC(2792) Pause Remark 60M->60M(137M) 0.393ms
[200.456s][info][gc] GC(2792) Pause Cleanup 67M->67M(137M) 0.045ms
[200.456s][info][gc] GC(2792) Concurrent Mark Cycle 11.428ms
[200.514s][info][gc] GC(2793) Pause Young (Prepare Mixed) (G1 Evacuation Pause) 123M->56M(137M) 0.826ms
[200.570s][info][gc] GC(2794) Pause Young (Mixed) (G1 Evacuation Pause) 122M->56M(137M) 0.810ms
[200.642s][info][gc] GC(2795) Pause Young (Concurrent Start) (G1 Evacuation Pause) 123M->57M(137M) 0.764ms
[200.642s][info][gc] GC(2796) Concurrent Mark Cycle
[200.648s][info][gc] GC(2796) Pause Remark 64M->64M(137M) 0.367ms
[200.654s][info][gc] GC(2796) Pause Cleanup 73M->73M(137M) 0.043ms
[200.654s][info][gc] GC(2796) Concurrent Mark Cycle 12.369ms
[200.706s][info][gc] GC(2797) Pause Young (Prepare Mixed) (G1 Evacuation Pause) 122M->57M(137M) 0.808ms
[200.759s][info][gc] GC(2798) Pause Young (Mixed) (G1 Evacuation Pause) 121M->57M(137M) 0.812ms
[200.827s][info][gc] GC(2799) Pause Young (Concurrent Start) (G1 Evacuation Pause) 123M->58M(137M) 0.878ms
[200.827s][info][gc] GC(2800) Concurrent Mark Cycle
[200.835s][info][gc] GC(2800) Pause Remark 64M->64M(137M) 0.414ms
[200.841s][info][gc] GC(2800) Pause Cleanup 71M->71M(137M) 0.040ms
[200.841s][info][gc] GC(2800) Concurrent Mark Cycle 13.624ms
[200.895s][info][gc] GC(2801) Pause Young (Prepare Mixed) (G1 Evacuation Pause) 122M->59M(137M) 0.873ms
[200.950s][info][gc] GC(2802) Pause Young (Mixed) (G1 Evacuation Pause) 122M->58M(137M) 0.826ms
[201.016s][info][gc] GC(2803) Pause Young (Concurrent Start) (G1 Evacuation Pause) 123M->59M(137M) 0.853ms
[201.016s][info][gc] GC(2804) Concurrent Mark Cycle
[201.023s][info][gc] GC(2804) Pause Remark 68M->68M(137M) 0.356ms
[201.029s][info][gc] GC(2804) Pause Cleanup 76M->76M(137M) 0.038ms
[201.030s][info][gc] GC(2804) Concurrent Mark Cycle 13.417ms
[201.081s][info][gc] GC(2805) Pause Young (Prepare Mixed) (G1 Evacuation Pause) 122M->60M(137M) 0.867ms
[201.136s][info][gc] GC(2806) Pause Young (Mixed) (G1 Evacuation Pause) 122M->60M(137M) 1.008ms
[201.202s][info][gc] GC(2807) Pause Young (Concurrent Start) (G1 Evacuation Pause) 123M->61M(137M) 0.915ms
[201.203s][info][gc] GC(2808) Concurrent Mark Cycle
[201.210s][info][gc] GC(2808) Pause Remark 70M->70M(137M) 0.373ms
[201.216s][info][gc] GC(2808) Pause Cleanup 76M->76M(137M) 0.033ms
[201.217s][info][gc] GC(2808) Concurrent Mark Cycle 14.050ms
[201.264s][info][gc] GC(2809) Pause Young (Prepare Mixed) (G1 Evacuation Pause) 122M->61M(137M) 0.766ms
[201.320s][info][gc] GC(2810) Pause Young (Mixed) (G1 Evacuation Pause) 121M->61M(137M) 0.884ms
[201.385s][info][gc] GC(2811) Pause Young (Concurrent Start) (G1 Evacuation Pause) 123M->62M(137M) 0.977ms
[201.385s][info][gc] GC(2812) Concurrent Mark Cycle
[201.393s][info][gc] GC(2812) Pause Remark 72M->72M(137M) 0.371ms
[201.400s][info][gc] GC(2812) Pause Cleanup 78M->78M(137M) 0.042ms
[201.400s][info][gc] GC(2812) Concurrent Mark Cycle 14.465ms
[201.447s][info][gc] GC(2813) Pause Young (Prepare Mixed) (G1 Evacuation Pause) 122M->63M(137M) 0.826ms
[201.496s][info][gc] GC(2814) Pause Young (Mixed) (G1 Evacuation Pause) 122M->62M(137M) 0.815ms
[201.557s][info][gc] GC(2815) Pause Young (Concurrent Start) (G1 Evacuation Pause) 123M->63M(137M) 0.769ms
[201.557s][info][gc] GC(2816) Concurrent Mark Cycle
[201.565s][info][gc] GC(2816) Pause Remark 68M->68M(137M) 0.428ms
[201.572s][info][gc] GC(2816) Pause Cleanup 77M->77M(137M) 0.038ms
[201.572s][info][gc] GC(2816) Concurrent Mark Cycle 14.987ms
[201.624s][info][gc] GC(2817) Pause Young (Prepare Mixed) (G1 Evacuation Pause) 123M->64M(137M) 0.782ms
[201.673s][info][gc] GC(2818) Pause Young (Mixed) (G1 Evacuation Pause) 121M->64M(137M) 0.842ms
[201.733s][info][gc] GC(2819) Pause Young (Concurrent Start) (G1 Evacuation Pause) 123M->65M(137M) 0.901ms
[201.733s][info][gc] GC(2820) Concurrent Mark Cycle
[201.741s][info][gc] GC(2820) Pause Remark 75M->75M(137M) 0.369ms
[201.749s][info][gc] GC(2820) Pause Cleanup 83M->83M(137M) 0.040ms
[201.749s][info][gc] GC(2820) Concurrent Mark Cycle 15.831ms
[201.785s][info][gc] GC(2821) Pause Young (Prepare Mixed) (G1 Evacuation Pause) 123M->65M(137M) 0.790ms
[201.849s][info][gc] GC(2822) Pause Young (Mixed) (G1 Evacuation Pause) 123M->66M(137M) 2.015ms
[201.908s][info][gc] GC(2823) Pause Young (Concurrent Start) (G1 Evacuation Pause) 123M->66M(137M) 0.771ms
[201.908s][info][gc] GC(2824) Concurrent Mark Cycle
[201.916s][info][gc] GC(2824) Pause Remark 73M->73M(137M) 0.359ms
[201.921s][info][gc] GC(2824) Pause Cleanup 80M->80M(137M) 0.033ms
[201.921s][info][gc] GC(2824) Concurrent Mark Cycle 12.637ms
[201.957s][info][gc] GC(2825) Pause Young (Normal) (G1 Evacuation Pause) 123M->66M(137M) 0.750ms
[202.015s][info][gc] GC(2826) Pause Young (Concurrent Start) (G1 Evacuation Pause) 122M->67M(137M) 0.735ms
[202.015s][info][gc] GC(2827) Concurrent Mark Cycle
[202.023s][info][gc] GC(2827) Pause Remark 73M->73M(137M) 0.363ms
[202.028s][info][gc] GC(2827) Pause Cleanup 80M->80M(137M) 0.039ms
[202.028s][info][gc] GC(2827) Concurrent Mark Cycle 12.852ms
[202.085s][info][gc] GC(2828) Pause Young (Normal) (G1 Evacuation Pause) 123M->66M(137M) 0.602ms
[202.221s][info][gc] GC(2829) Pause Young (Concurrent Start) (G1 Evacuation Pause) 124M->72M(137M) 1.365ms
[202.221s][info][gc] GC(2830) Concurrent Mark Cycle
[202.229s][info][gc] GC(2830) Pause Remark 96M->78M(137M) 0.405ms
[202.231s][info][gc] GC(2830) Pause Cleanup 83M->83M(137M) 0.043ms
[202.232s][info][gc] GC(2830) Concurrent Mark Cycle 10.721ms
[202.239s][info][gc] GC(2831) Pause Young (Prepare Mixed) (G1 Evacuation Pause) 102M->56M(137M) 1.210ms
[202.266s][info][gc] GC(2832) Pause Young (Mixed) (G1 Evacuation Pause) 126M->45M(137M) 0.935ms
[202.293s][info][gc] GC(2833) Pause Young (Normal) (G1 Evacuation Pause) 124M->46M(208M) 0.821ms
[202.345s][info][gc] GC(2834) Pause Young (Normal) (G1 Evacuation Pause) 166M->49M(208M) 1.176ms
[202.384s][info][gc] GC(2835) Pause Young (Normal) (G1 Evacuation Pause) 166M->51M(208M) 1.254ms
[202.427s][info][gc] GC(2836) Pause Young (Normal) (G1 Evacuation Pause) 166M->50M(208M) 1.114ms
[202.475s][info][gc] GC(2837) Pause Young (Normal) (G1 Evacuation Pause) 166M->53M(208M) 1.232ms
[202.516s][info][gc] GC(2838) Pause Young (Normal) (G1 Evacuation Pause) 166M->54M(208M) 1.387ms
[202.569s][info][gc] GC(2839) Pause Young (Normal) (G1 Evacuation Pause) 168M->55M(208M) 1.416ms
[202.611s][info][gc] GC(2840) Pause Young (Normal) (G1 Evacuation Pause) 169M->56M(208M) 1.294ms
[202.651s][info][gc] GC(2841) Pause Young (Normal) (G1 Evacuation Pause) 170M->56M(208M) 1.443ms
[202.698s][info][gc] GC(2842) Pause Young (Normal) (G1 Evacuation Pause) 171M->57M(208M) 1.262ms
[202.736s][info][gc] GC(2843) Pause Young (Normal) (G1 Evacuation Pause) 170M->57M(208M) 1.197ms
[202.786s][info][gc] GC(2844) Pause Young (Normal) (G1 Evacuation Pause) 172M->59M(208M) 1.294ms
[202.826s][info][gc] GC(2845) Pause Young (Normal) (G1 Evacuation Pause) 173M->60M(208M) 1.340ms
[202.869s][info][gc] GC(2846) Pause Young (Normal) (G1 Evacuation Pause) 174M->60M(208M) 1.296ms
[202.916s][info][gc] GC(2847) Pause Young (Normal) (G1 Evacuation Pause) 175M->62M(208M) 1.484ms
[202.958s][info][gc] GC(2848) Pause Young (Normal) (G1 Evacuation Pause) 175M->62M(208M) 1.263ms
[203.012s][info][gc] GC(2849) Pause Young (Normal) (G1 Evacuation Pause) 177M->64M(208M) 1.231ms
[203.053s][info][gc] GC(2850) Pause Young (Normal) (G1 Evacuation Pause) 178M->65M(208M) 1.318ms
[203.095s][info][gc] GC(2851) Pause Young (Normal) (G1 Evacuation Pause) 179M->66M(208M) 1.152ms
[203.143s][info][gc] GC(2852) Pause Young (Normal) (G1 Evacuation Pause) 181M->68M(208M) 1.286ms
[203.181s][info][gc] GC(2853) Pause Young (Normal) (G1 Evacuation Pause) 181M->67M(208M) 1.263ms
[203.230s][info][gc] GC(2854) Pause Young (Normal) (G1 Evacuation Pause) 182M->68M(208M) 1.379ms
[203.271s][info][gc] GC(2855) Pause Young (Normal) (G1 Evacuation Pause) 183M->70M(208M) 1.360ms
[203.311s][info][gc] GC(2856) Pause Young (Normal) (G1 Evacuation Pause) 184M->71M(208M) 1.237ms
[203.357s][info][gc] GC(2857) Pause Young (Normal) (G1 Evacuation Pause) 185M->72M(208M) 1.245ms
[203.400s][info][gc] GC(2858) Pause Young (Normal) (G1 Evacuation Pause) 186M->73M(208M) 1.338ms
[203.447s][info][gc] GC(2859) Pause Young (Normal) (G1 Evacuation Pause) 186M->73M(208M) 1.265ms
[203.492s][info][gc] GC(2860) Pause Young (Normal) (G1 Evacuation Pause) 187M->74M(208M) 1.261ms
[203.534s][info][gc] GC(2861) Pause Young (Normal) (G1 Evacuation Pause) 186M->75M(208M) 1.367ms
[203.582s][info][gc] GC(2862) Pause Young (Normal) (G1 Evacuation Pause) 186M->77M(208M) 1.396ms
[203.623s][info][gc] GC(2863) Pause Young (Normal) (G1 Evacuation Pause) 185M->77M(208M) 1.247ms
[203.668s][info][gc] GC(2864) Pause Young (Concurrent Start) (G1 Evacuation Pause) 188M->78M(208M) 1.232ms
[203.668s][info][gc] GC(2865) Concurrent Mark Cycle
[203.682s][info][gc] GC(2865) Pause Remark 99M->99M(208M) 0.492ms
[203.691s][info][gc] GC(2865) Pause Cleanup 115M->115M(208M) 0.067ms
[203.692s][info][gc] GC(2865) Concurrent Mark Cycle 24.068ms
[203.719s][info][gc] GC(2866) Pause Young (Prepare Mixed) (G1 Evacuation Pause) 187M->79M(208M) 1.481ms
[203.759s][info][gc] GC(2867) Pause Young (Mixed) (G1 Evacuation Pause) 184M->75M(208M) 1.385ms
[203.807s][info][gc] GC(2868) Pause Young (Concurrent Start) (G1 Evacuation Pause) 188M->75M(208M) 1.225ms
[203.807s][info][gc] GC(2869) Concurrent Mark Cycle
[203.819s][info][gc] GC(2869) Pause Remark 103M->103M(208M) 0.451ms
[203.830s][info][gc] GC(2869) Pause Cleanup 129M->129M(208M) 0.059ms
[203.830s][info][gc] GC(2869) Concurrent Mark Cycle 23.098ms
[203.852s][info][gc] GC(2870) Pause Young (Prepare Mixed) (G1 Evacuation Pause) 186M->76M(208M) 1.440ms
[203.893s][info][gc] GC(2871) Pause Young (Mixed) (G1 Evacuation Pause) 186M->74M(241M) 1.225ms
[203.950s][info][gc] GC(2872) Pause Young (Normal) (G1 Evacuation Pause) 210M->77M(241M) 1.411ms
[204.000s][info][gc] GC(2873) Pause Young (Normal) (G1 Evacuation Pause) 210M->78M(241M) 1.420ms
[204.056s][info][gc] GC(2874) Pause Young (Normal) (G1 Evacuation Pause) 211M->80M(241M) 1.377ms
[204.109s][info][gc] GC(2875) Pause Young (Normal) (G1 Evacuation Pause) 213M->80M(241M) 1.427ms
[204.163s][info][gc] GC(2876) Pause Young (Normal) (G1 Evacuation Pause) 213M->82M(241M) 1.530ms
[204.214s][info][gc] GC(2877) Pause Young (Normal) (G1 Evacuation Pause) 214M->83M(241M) 1.652ms
[204.273s][info][gc] GC(2878) Pause Young (Normal) (G1 Evacuation Pause) 216M->84M(241M) 1.410ms
[204.323s][info][gc] GC(2879) Pause Young (Normal) (G1 Evacuation Pause) 215M->84M(241M) 1.383ms
[204.376s][info][gc] GC(2880) Pause Young (Normal) (G1 Evacuation Pause) 216M->85M(241M) 1.399ms
[204.421s][info][gc] GC(2881) Pause Young (Normal) (G1 Evacuation Pause) 215M->85M(241M) 1.271ms
[204.474s][info][gc] GC(2882) Pause Young (Normal) (G1 Evacuation Pause) 216M->87M(241M) 1.364ms
[204.524s][info][gc] GC(2883) Pause Young (Normal) (G1 Evacuation Pause) 214M->89M(241M) 1.436ms
[204.571s][info][gc] GC(2884) Pause Young (Normal) (G1 Evacuation Pause) 214M->90M(241M) 1.463ms
[204.624s][info][gc] GC(2885) Pause Young (Concurrent Start) (G1 Evacuation Pause) 217M->91M(241M) 1.378ms
[204.624s][info][gc] GC(2886) Concurrent Mark Cycle
[204.642s][info][gc] GC(2886) Pause Remark 144M->144M(241M) 0.416ms
[204.654s][info][gc] GC(2886) Pause Cleanup 166M->166M(241M) 0.057ms
[204.654s][info][gc] GC(2886) Concurrent Mark Cycle 30.376ms
[204.674s][info][gc] GC(2887) Pause Young (Prepare Mixed) (G1 Evacuation Pause) 214M->92M(241M) 1.344ms
[204.727s][info][gc] GC(2888) Pause Young (Mixed) (G1 Evacuation Pause) 217M->92M(241M) 1.410ms
[204.768s][info][gc] GC(2889) Pause Young (Concurrent Start) (G1 Evacuation Pause) 216M->91M(241M) 1.406ms
[204.768s][info][gc] GC(2890) Concurrent Mark Cycle
[204.789s][info][gc] GC(2890) Pause Remark 135M->135M(241M) 0.395ms
[204.805s][info][gc] GC(2890) Pause Cleanup 181M->181M(241M) 0.056ms
[204.805s][info][gc] GC(2890) Concurrent Mark Cycle 36.725ms
[204.825s][info][gc] GC(2891) Pause Young (Prepare Mixed) (G1 Evacuation Pause) 217M->93M(241M) 1.264ms
[204.869s][info][gc] GC(2892) Pause Young (Mixed) (G1 Evacuation Pause) 215M->95M(241M) 1.572ms
[204.916s][info][gc] GC(2893) Pause Young (Concurrent Start) (G1 Evacuation Pause) 215M->94M(241M) 1.398ms
[204.916s][info][gc] GC(2894) Concurrent Mark Cycle
[204.935s][info][gc] GC(2894) Pause Remark 133M->133M(241M) 0.394ms
[204.953s][info][gc] GC(2894) Pause Cleanup 166M->166M(241M) 0.059ms
[204.953s][info][gc] GC(2894) Concurrent Mark Cycle 36.616ms
[204.971s][info][gc] GC(2895) Pause Young (Prepare Mixed) (G1 Evacuation Pause) 217M->96M(241M) 1.459ms
[205.019s][info][gc] GC(2896) Pause Young (Mixed) (G1 Evacuation Pause) 217M->96M(241M) 1.467ms
[205.069s][info][gc] GC(2897) Pause Young (Concurrent Start) (G1 Evacuation Pause) 217M->98M(241M) 1.518ms
[205.069s][info][gc] GC(2898) Concurrent Mark Cycle
[205.089s][info][gc] GC(2898) Pause Remark 150M->150M(241M) 0.426ms
[205.107s][info][gc] GC(2898) Pause Cleanup 204M->204M(241M) 0.068ms
[205.107s][info][gc] GC(2898) Concurrent Mark Cycle 38.196ms
[205.115s][info][gc] GC(2899) Pause Young (Prepare Mixed) (G1 Evacuation Pause) 216M->97M(241M) 1.245ms
[205.164s][info][gc] GC(2900) Pause Young (Mixed) (G1 Evacuation Pause) 218M->98M(350M) 1.526ms
[205.248s][info][gc] GC(2901) Pause Young (Normal) (G1 Evacuation Pause) 298M->100M(350M) 1.788ms
[205.325s][info][gc] GC(2902) Pause Young (Normal) (G1 Evacuation Pause) 297M->102M(350M) 1.603ms
[205.403s][info][gc] GC(2903) Pause Young (Normal) (G1 Evacuation Pause) 298M->103M(350M) 1.645ms
[205.477s][info][gc] GC(2904) Pause Young (Normal) (G1 Evacuation Pause) 297M->105M(350M) 1.815ms
[205.554s][info][gc] GC(2905) Pause Young (Normal) (G1 Evacuation Pause) 299M->106M(350M) 1.724ms
[205.633s][info][gc] GC(2906) Pause Young (Normal) (G1 Evacuation Pause) 300M->107M(350M) 1.903ms
[205.706s][info][gc] GC(2907) Pause Young (Normal) (G1 Evacuation Pause) 302M->109M(350M) 1.709ms
[205.776s][info][gc] GC(2908) Pause Young (Normal) (G1 Evacuation Pause) 303M->110M(350M) 1.690ms
[205.853s][info][gc] GC(2909) Pause Young (Normal) (G1 Evacuation Pause) 305M->113M(350M) 1.846ms
[205.925s][info][gc] GC(2910) Pause Young (Normal) (G1 Evacuation Pause) 307M->114M(350M) 1.694ms
[206.001s][info][gc] GC(2911) Pause Young (Normal) (G1 Evacuation Pause) 308M->116M(350M) 1.775ms
[206.077s][info][gc] GC(2912) Pause Young (Normal) (G1 Evacuation Pause) 310M->118M(350M) 1.657ms
[206.152s][info][gc] GC(2913) Pause Young (Normal) (G1 Evacuation Pause) 312M->120M(350M) 1.792ms
[206.228s][info][gc] GC(2914) Pause Young (Normal) (G1 Evacuation Pause) 313M->121M(350M) 1.728ms
[206.298s][info][gc] GC(2915) Pause Young (Normal) (G1 Evacuation Pause) 315M->122M(350M) 1.706ms
[206.375s][info][gc] GC(2916) Pause Young (Normal) (G1 Evacuation Pause) 316M->125M(350M) 1.749ms
[206.448s][info][gc] GC(2917) Pause Young (Normal) (G1 Evacuation Pause) 315M->126M(350M) 1.909ms
[206.519s][info][gc] GC(2918) Pause Young (Normal) (G1 Evacuation Pause) 315M->128M(350M) 1.687ms
[206.591s][info][gc] GC(2919) Pause Young (Normal) (G1 Evacuation Pause) 315M->129M(350M) 1.656ms
[206.662s][info][gc] GC(2920) Pause Young (Normal) (G1 Evacuation Pause) 315M->131M(350M) 1.911ms
[206.732s][info][gc] GC(2921) Pause Young (Normal) (G1 Evacuation Pause) 315M->133M(350M) 1.839ms
[206.801s][info][gc] GC(2922) Pause Young (Concurrent Start) (G1 Evacuation Pause) 316M->135M(350M) 1.660ms
[206.801s][info][gc] GC(2923) Concurrent Mark Cycle
[206.826s][info][gc] GC(2923) Pause Remark 193M->193M(350M) 0.413ms
[206.851s][info][gc] GC(2923) Pause Cleanup 251M->251M(350M) 0.058ms
[206.851s][info][gc] GC(2923) Concurrent Mark Cycle 50.439ms
[206.876s][info][gc] GC(2924) Pause Young (Prepare Mixed) (G1 Evacuation Pause) 316M->135M(350M) 1.579ms
[206.947s][info][gc] GC(2925) Pause Young (Mixed) (G1 Evacuation Pause) 314M->136M(350M) 1.997ms
[207.021s][info][gc] GC(2926) Pause Young (Concurrent Start) (G1 Evacuation Pause) 314M->139M(350M) 1.728ms
[207.021s][info][gc] GC(2927) Concurrent Mark Cycle
[207.050s][info][gc] GC(2927) Pause Remark 212M->212M(350M) 0.411ms
[207.073s][info][gc] GC(2927) Pause Cleanup 267M->267M(350M) 0.055ms
[207.074s][info][gc] GC(2927) Concurrent Mark Cycle 52.806ms
[207.093s][info][gc] GC(2928) Pause Young (Prepare Mixed) (G1 Evacuation Pause) 315M->140M(350M) 1.672ms
[207.161s][info][gc] GC(2929) Pause Young (Mixed) (G1 Evacuation Pause) 317M->140M(350M) 1.582ms
[207.225s][info][gc] GC(2930) Pause Young (Concurrent Start) (G1 Evacuation Pause) 316M->141M(350M) 1.487ms
[207.225s][info][gc] GC(2931) Concurrent Mark Cycle
[207.252s][info][gc] GC(2931) Pause Remark 195M->195M(350M) 0.409ms
[207.279s][info][gc] GC(2931) Pause Cleanup 258M->258M(350M) 0.056ms
[207.279s][info][gc] GC(2931) Concurrent Mark Cycle 54.275ms
[207.300s][info][gc] GC(2932) Pause Young (Prepare Mixed) (G1 Evacuation Pause) 317M->143M(350M) 1.679ms
[207.368s][info][gc] GC(2933) Pause Young (Mixed) (G1 Evacuation Pause) 315M->144M(350M) 1.633ms
[207.433s][info][gc] GC(2934) Pause Young (Concurrent Start) (G1 Evacuation Pause) 315M->147M(350M) 1.746ms
[207.433s][info][gc] GC(2935) Concurrent Mark Cycle
[207.464s][info][gc] GC(2935) Pause Remark 227M->227M(350M) 0.443ms
[207.492s][info][gc] GC(2935) Pause Cleanup 284M->284M(350M) 0.060ms
[207.492s][info][gc] GC(2935) Concurrent Mark Cycle 59.516ms
[207.504s][info][gc] GC(2936) Pause Young (Prepare Mixed) (G1 Evacuation Pause) 314M->148M(350M) 1.504ms
[207.565s][info][gc] GC(2937) Pause Young (Mixed) (G1 Evacuation Pause) 316M->149M(410M) 1.680ms
[207.654s][info][gc] GC(2938) Pause Young (Normal) (G1 Evacuation Pause) 373M->151M(410M) 1.722ms
[207.734s][info][gc] GC(2939) Pause Young (Normal) (G1 Evacuation Pause) 371M->152M(410M) 1.802ms
[207.868s][info][gc] GC(2940) Pause Young (Normal) (G1 Evacuation Pause) 372M->152M(410M) 1.531ms
[208.041s][info][gc] GC(2941) Pause Young (Normal) (G1 Evacuation Pause) 373M->157M(410M) 1.914ms
[208.147s][info][gc] GC(2942) Pause Young (Normal) (G1 Evacuation Pause) 368M->157M(410M) 2.082ms
[208.264s][info][gc] GC(2943) Pause Young (Concurrent Start) (G1 Evacuation Pause) 372M->160M(410M) 2.030ms
[208.264s][info][gc] GC(2944) Concurrent Mark Cycle
[208.270s][info][gc] GC(2944) Pause Remark 176M->83M(227M) 0.414ms
[208.272s][info][gc] GC(2944) Pause Cleanup 86M->86M(227M) 0.051ms
[208.272s][info][gc] GC(2944) Concurrent Mark Cycle 8.343ms
[208.321s][info][gc] GC(2945) Pause Young (Prepare Mixed) (G1 Evacuation Pause) 184M->69M(227M) 1.669ms
[208.392s][info][gc] GC(2946) Pause Young (Mixed) (G1 Evacuation Pause) 196M->59M(227M) 1.298ms
[208.458s][info][gc] GC(2947) Pause Young (Normal) (G1 Evacuation Pause) 186M->60M(227M) 1.163ms
[208.518s][info][gc] GC(2948) Pause Young (Normal) (G1 Evacuation Pause) 186M->62M(227M) 1.404ms
[208.585s][info][gc] GC(2949) Pause Young (Normal) (G1 Evacuation Pause) 188M->62M(227M) 1.417ms
[208.657s][info][gc] GC(2950) Pause Young (Normal) (G1 Evacuation Pause) 188M->63M(227M) 1.551ms
[208.714s][info][gc] GC(2951) Pause Young (Normal) (G1 Evacuation Pause) 189M->65M(227M) 1.285ms
[208.783s][info][gc] GC(2952) Pause Young (Normal) (G1 Evacuation Pause) 191M->66M(227M) 1.283ms
[208.850s][info][gc] GC(2953) Pause Young (Normal) (G1 Evacuation Pause) 192M->67M(227M) 1.292ms
[208.907s][info][gc] GC(2954) Pause Young (Normal) (G1 Evacuation Pause) 193M->68M(227M) 1.360ms
[208.973s][info][gc] GC(2955) Pause Young (Normal) (G1 Evacuation Pause) 194M->69M(227M) 1.236ms
[209.038s][info][gc] GC(2956) Pause Young (Normal) (G1 Evacuation Pause) 195M->70M(227M) 1.224ms
[209.098s][info][gc] GC(2957) Pause Young (Normal) (G1 Evacuation Pause) 196M->71M(227M) 1.228ms
[209.162s][info][gc] GC(2958) Pause Young (Normal) (G1 Evacuation Pause) 197M->72M(227M) 1.188ms
[209.229s][info][gc] GC(2959) Pause Young (Normal) (G1 Evacuation Pause) 198M->73M(227M) 1.237ms
[209.288s][info][gc] GC(2960) Pause Young (Normal) (G1 Evacuation Pause) 198M->74M(227M) 1.364ms
[209.355s][info][gc] GC(2961) Pause Young (Normal) (G1 Evacuation Pause) 199M->74M(227M) 1.394ms
[209.430s][info][gc] GC(2962) Pause Young (Normal) (G1 Evacuation Pause) 200M->77M(227M) 1.384ms
[209.490s][info][gc] GC(2963) Pause Young (Normal) (G1 Evacuation Pause) 201M->77M(227M) 1.315ms
[209.559s][info][gc] GC(2964) Pause Young (Normal) (G1 Evacuation Pause) 204M->78M(227M) 1.292ms
[209.629s][info][gc] GC(2965) Pause Young (Normal) (G1 Evacuation Pause) 204M->79M(227M) 1.332ms
[209.693s][info][gc] GC(2966) Pause Young (Normal) (G1 Evacuation Pause) 204M->80M(227M) 1.306ms
[209.757s][info][gc] GC(2967) Pause Young (Normal) (G1 Evacuation Pause) 202M->81M(227M) 1.285ms
[209.819s][info][gc] GC(2968) Pause Young (Normal) (G1 Evacuation Pause) 203M->81M(227M) 1.153ms
[209.879s][info][gc] GC(2969) Pause Young (Normal) (G1 Evacuation Pause) 203M->83M(227M) 1.262ms
[209.944s][info][gc] GC(2970) Pause Young (Normal) (G1 Evacuation Pause) 202M->84M(227M) 1.239ms
[209.998s][info][gc] GC(2971) Pause Young (Concurrent Start) (G1 Evacuation Pause) 203M->84M(227M) 1.192ms
[209.998s][info][gc] GC(2972) Concurrent Mark Cycle
[210.009s][info][gc] GC(2972) Pause Remark 96M->92M(227M) 0.410ms
[210.015s][info][gc] GC(2972) Pause Cleanup 99M->99M(227M) 0.062ms
[210.016s][info][gc] GC(2972) Concurrent Mark Cycle 17.219ms
[210.066s][info][gc] GC(2973) Pause Young (Prepare Mixed) (G1 Evacuation Pause) 199M->82M(227M) 1.353ms
[210.130s][info][gc] GC(2974) Pause Young (Mixed) (G1 Evacuation Pause) 201M->77M(227M) 1.434ms
[210.188s][info][gc] GC(2975) Pause Young (Normal) (G1 Evacuation Pause) 202M->79M(227M) 1.289ms
[210.258s][info][gc] GC(2976) Pause Young (Normal) (G1 Evacuation Pause) 203M->80M(227M) 1.282ms
[210.319s][info][gc] GC(2977) Pause Young (Normal) (G1 Evacuation Pause) 203M->80M(227M) 1.263ms
[210.376s][info][gc] GC(2978) Pause Young (Normal) (G1 Evacuation Pause) 203M->81M(227M) 1.156ms
[210.438s][info][gc] GC(2979) Pause Young (Normal) (G1 Evacuation Pause) 202M->82M(227M) 1.251ms
[210.498s][info][gc] GC(2980) Pause Young (Normal) (G1 Evacuation Pause) 204M->82M(227M) 1.347ms
[210.557s][info][gc] GC(2981) Pause Young (Normal) (G1 Evacuation Pause) 203M->84M(227M) 1.265ms
[210.621s][info][gc] GC(2982) Pause Young (Normal) (G1 Evacuation Pause) 202M->85M(227M) 1.392ms
[210.679s][info][gc] GC(2983) Pause Young (Concurrent Start) (G1 Evacuation Pause) 202M->86M(227M) 1.316ms
[210.680s][info][gc] GC(2984) Concurrent Mark Cycle
[210.692s][info][gc] GC(2984) Pause Remark 105M->105M(227M) 0.386ms
[210.705s][info][gc] GC(2984) Pause Cleanup 123M->123M(227M) 0.061ms
[210.705s][info][gc] GC(2984) Concurrent Mark Cycle 25.230ms
[210.750s][info][gc] GC(2985) Pause Young (Prepare Mixed) (G1 Evacuation Pause) 205M->87M(227M) 1.350ms
[210.817s][info][gc] GC(2986) Pause Young (Mixed) (G1 Evacuation Pause) 204M->87M(227M) 1.346ms
[210.871s][info][gc] GC(2987) Pause Young (Concurrent Start) (G1 Evacuation Pause) 204M->87M(227M) 1.163ms
[210.871s][info][gc] GC(2988) Concurrent Mark Cycle
[210.885s][info][gc] GC(2988) Pause Remark 108M->108M(227M) 0.400ms
[210.898s][info][gc] GC(2988) Pause Cleanup 133M->133M(227M) 0.057ms
[210.899s][info][gc] GC(2988) Concurrent Mark Cycle 27.965ms
[210.937s][info][gc] GC(2989) Pause Young (Prepare Mixed) (G1 Evacuation Pause) 205M->88M(227M) 1.210ms
[210.993s][info][gc] GC(2990) Pause Young (Mixed) (G1 Evacuation Pause) 202M->87M(227M) 1.296ms
[211.054s][info][gc] GC(2991) Pause Young (Concurrent Start) (G1 Evacuation Pause) 205M->89M(227M) 1.208ms
[211.054s][info][gc] GC(2992) Concurrent Mark Cycle
[211.069s][info][gc] GC(2992) Pause Remark 120M->120M(227M) 0.413ms
[211.079s][info][gc] GC(2992) Pause Cleanup 137M->137M(227M) 0.058ms
[211.079s][info][gc] GC(2992) Concurrent Mark Cycle 25.792ms
[211.119s][info][gc] GC(2993) Pause Young (Prepare Mixed) (G1 Evacuation Pause) 204M->90M(227M) 1.315ms
[211.172s][info][gc] GC(2994) Pause Young (Mixed) (G1 Evacuation Pause) 204M->88M(227M) 1.303ms
[211.234s][info][gc] GC(2995) Pause Young (Concurrent Start) (G1 Evacuation Pause) 204M->90M(227M) 1.305ms
[211.234s][info][gc] GC(2996) Concurrent Mark Cycle
[211.250s][info][gc] GC(2996) Pause Remark 122M->122M(227M) 0.394ms
[211.261s][info][gc] GC(2996) Pause Cleanup 142M->142M(227M) 0.055ms
[211.261s][info][gc] GC(2996) Concurrent Mark Cycle 27.203ms
[211.295s][info][gc] GC(2997) Pause Young (Prepare Mixed) (G1 Evacuation Pause) 204M->91M(227M) 1.224ms
[211.354s][info][gc] GC(2998) Pause Young (Mixed) (G1 Evacuation Pause) 204M->91M(227M) 1.461ms
[211.412s][info][gc] GC(2999) Pause Young (Concurrent Start) (G1 Evacuation Pause) 204M->91M(227M) 1.255ms
[211.412s][info][gc] GC(3000) Concurrent Mark Cycle
[211.427s][info][gc] GC(3000) Pause Remark 120M->120M(227M) 0.394ms
[211.444s][info][gc] GC(3000) Pause Cleanup 153M->153M(227M) 0.063ms
[211.444s][info][gc] GC(3000) Concurrent Mark Cycle 32.086ms
[211.471s][info][gc] GC(3001) Pause Young (Prepare Mixed) (G1 Evacuation Pause) 204M->92M(227M) 1.109ms
[211.527s][info][gc] GC(3002) Pause Young (Mixed) (G1 Evacuation Pause) 205M->93M(227M) 1.334ms
[211.584s][info][gc] GC(3003) Pause Young (Concurrent Start) (G1 Evacuation Pause) 204M->93M(227M) 1.347ms
[211.584s][info][gc] GC(3004) Concurrent Mark Cycle
[211.601s][info][gc] GC(3004) Pause Remark 124M->124M(227M) 0.414ms
[211.616s][info][gc] GC(3004) Pause Cleanup 151M->151M(227M) 0.055ms
[211.616s][info][gc] GC(3004) Concurrent Mark Cycle 31.571ms
[211.644s][info][gc] GC(3005) Pause Young (Prepare Mixed) (G1 Evacuation Pause) 204M->95M(227M) 1.161ms
[211.701s][info][gc] GC(3006) Pause Young (Mixed) (G1 Evacuation Pause) 205M->95M(227M) 1.362ms
[211.750s][info][gc] GC(3007) Pause Young (Concurrent Start) (G1 Evacuation Pause) 205M->95M(227M) 1.170ms
[211.750s][info][gc] GC(3008) Concurrent Mark Cycle
[211.764s][info][gc] GC(3008) Pause Remark 116M->116M(227M) 0.397ms
[211.777s][info][gc] GC(3008) Pause Cleanup 134M->134M(227M) 0.055ms
[211.777s][info][gc] GC(3008) Concurrent Mark Cycle 26.463ms
[211.812s][info][gc] GC(3009) Pause Young (Prepare Mixed) (G1 Evacuation Pause) 204M->97M(227M) 1.191ms
[211.865s][info][gc] GC(3010) Pause Young (Mixed) (G1 Evacuation Pause) 204M->97M(227M) 1.284ms
[211.917s][info][gc] GC(3011) Pause Young (Concurrent Start) (G1 Evacuation Pause) 204M->98M(227M) 1.153ms
[211.917s][info][gc] GC(3012) Concurrent Mark Cycle
[211.939s][info][gc] GC(3012) Pause Remark 144M->144M(227M) 0.426ms
[211.956s][info][gc] GC(3012) Pause Cleanup 173M->173M(227M) 0.051ms
[211.956s][info][gc] GC(3012) Concurrent Mark Cycle 38.662ms
[211.973s][info][gc] GC(3013) Pause Young (Prepare Mixed) (G1 Evacuation Pause) 204M->99M(227M) 1.140ms
[212.026s][info][gc] GC(3014) Pause Young (Mixed) (G1 Evacuation Pause) 204M->100M(227M) 1.261ms
[212.078s][info][gc] GC(3015) Pause Young (Concurrent Start) (G1 Evacuation Pause) 204M->101M(227M) 1.155ms
[212.078s][info][gc] GC(3016) Concurrent Mark Cycle
[212.100s][info][gc] GC(3016) Pause Remark 140M->140M(227M) 0.458ms
[212.115s][info][gc] GC(3016) Pause Cleanup 169M->169M(227M) 0.050ms
[212.115s][info][gc] GC(3016) Concurrent Mark Cycle 37.258ms
[212.131s][info][gc] GC(3017) Pause Young (Prepare Mixed) (G1 Evacuation Pause) 205M->101M(227M) 1.233ms
[212.185s][info][gc] GC(3018) Pause Young (Mixed) (G1 Evacuation Pause) 203M->102M(227M) 1.368ms
[212.234s][info][gc] GC(3019) Pause Young (Concurrent Start) (G1 Evacuation Pause) 206M->102M(227M) 1.147ms
[212.234s][info][gc] GC(3020) Concurrent Mark Cycle
[212.251s][info][gc] GC(3020) Pause Remark 123M->123M(227M) 0.444ms
[212.269s][info][gc] GC(3020) Pause Cleanup 162M->162M(227M) 0.052ms
[212.269s][info][gc] GC(3020) Concurrent Mark Cycle 34.658ms
[212.294s][info][gc] GC(3021) Pause Young (Prepare Mixed) (G1 Evacuation Pause) 205M->104M(227M) 1.103ms
[212.343s][info][gc] GC(3022) Pause Young (Mixed) (G1 Evacuation Pause) 206M->104M(227M) 1.123ms
[212.394s][info][gc] GC(3023) Pause Young (Concurrent Start) (G1 Evacuation Pause) 206M->106M(227M) 1.117ms
[212.394s][info][gc] GC(3024) Concurrent Mark Cycle
[212.413s][info][gc] GC(3024) Pause Remark 143M->143M(227M) 0.380ms
[212.428s][info][gc] GC(3024) Pause Cleanup 170M->170M(227M) 0.052ms
[212.428s][info][gc] GC(3024) Concurrent Mark Cycle 33.335ms
[212.448s][info][gc] GC(3025) Pause Young (Prepare Mixed) (G1 Evacuation Pause) 204M->106M(227M) 1.160ms
[212.499s][info][gc] GC(3026) Pause Young (Mixed) (G1 Evacuation Pause) 204M->107M(280M) 1.284ms
[212.570s][info][gc] GC(3027) Pause Young (Normal) (G1 Evacuation Pause) 255M->108M(280M) 1.249ms
[212.647s][info][gc] GC(3028) Pause Young (Normal) (G1 Evacuation Pause) 256M->110M(280M) 1.264ms
[212.713s][info][gc] GC(3029) Pause Young (Normal) (G1 Evacuation Pause) 254M->111M(280M) 1.302ms
[212.788s][info][gc] GC(3030) Pause Young (Normal) (G1 Evacuation Pause) 251M->111M(280M) 1.344ms
[213.002s][info][gc] GC(3031) Pause Young (Concurrent Start) (G1 Evacuation Pause) 252M->111M(280M) 1.238ms
[213.002s][info][gc] GC(3032) Concurrent Mark Cycle
[213.005s][info][gc] GC(3032) Pause Remark 117M->60M(184M) 0.394ms
[213.007s][info][gc] GC(3032) Pause Cleanup 60M->60M(184M) 0.040ms
[213.007s][info][gc] GC(3032) Concurrent Mark Cycle 5.684ms
[213.074s][info][gc] GC(3033) Pause Young (Prepare Mixed) (G1 Evacuation Pause) 154M->58M(184M) 1.456ms
[213.144s][info][gc] GC(3034) Pause Young (Mixed) (G1 Evacuation Pause) 156M->51M(184M) 1.336ms
[213.211s][info][gc] GC(3035) Pause Young (Normal) (G1 Evacuation Pause) 153M->51M(184M) 1.094ms
[213.277s][info][gc] GC(3036) Pause Young (Normal) (G1 Evacuation Pause) 152M->53M(184M) 1.200ms
[213.346s][info][gc] GC(3037) Pause Young (Normal) (G1 Evacuation Pause) 154M->53M(184M) 1.133ms
[213.414s][info][gc] GC(3038) Pause Young (Normal) (G1 Evacuation Pause) 155M->54M(184M) 1.106ms
[213.473s][info][gc] GC(3039) Pause Young (Normal) (G1 Evacuation Pause) 155M->55M(184M) 1.125ms
[213.545s][info][gc] GC(3040) Pause Young (Normal) (G1 Evacuation Pause) 157M->56M(184M) 1.046ms
[213.614s][info][gc] GC(3041) Pause Young (Normal) (G1 Evacuation Pause) 157M->56M(184M) 1.293ms
[213.682s][info][gc] GC(3042) Pause Young (Normal) (G1 Evacuation Pause) 157M->57M(184M) 1.130ms
[213.744s][info][gc] GC(3043) Pause Young (Normal) (G1 Evacuation Pause) 159M->58M(184M) 1.049ms
[213.813s][info][gc] GC(3044) Pause Young (Normal) (G1 Evacuation Pause) 159M->59M(184M) 1.124ms
[213.878s][info][gc] GC(3045) Pause Young (Normal) (G1 Evacuation Pause) 160M->60M(184M) 1.114ms
[213.943s][info][gc] GC(3046) Pause Young (Normal) (G1 Evacuation Pause) 161M->60M(184M) 1.043ms
[214.012s][info][gc] GC(3047) Pause Young (Normal) (G1 Evacuation Pause) 162M->62M(184M) 1.089ms
[214.080s][info][gc] GC(3048) Pause Young (Normal) (G1 Evacuation Pause) 163M->63M(184M) 1.034ms
[214.141s][info][gc] GC(3049) Pause Young (Normal) (G1 Evacuation Pause) 164M->63M(184M) 1.000ms
[214.210s][info][gc] GC(3050) Pause Young (Normal) (G1 Evacuation Pause) 165M->65M(184M) 1.149ms
[214.279s][info][gc] GC(3051) Pause Young (Normal) (G1 Evacuation Pause) 164M->65M(184M) 1.099ms
[214.344s][info][gc] GC(3052) Pause Young (Normal) (G1 Evacuation Pause) 164M->65M(184M) 0.953ms
[214.408s][info][gc] GC(3053) Pause Young (Normal) (G1 Evacuation Pause) 164M->67M(184M) 1.171ms
[214.478s][info][gc] GC(3054) Pause Young (Normal) (G1 Evacuation Pause) 163M->68M(184M) 1.154ms
[214.545s][info][gc] GC(3055) Pause Young (Normal) (G1 Evacuation Pause) 164M->68M(184M) 1.311ms
[214.603s][info][gc] GC(3056) Pause Young (Normal) (G1 Evacuation Pause) 163M->69M(184M) 1.265ms
[214.670s][info][gc] GC(3057) Pause Young (Concurrent Start) (G1 Evacuation Pause) 164M->70M(184M) 1.056ms
[214.670s][info][gc] GC(3058) Concurrent Mark Cycle
[214.676s][info][gc] GC(3058) Pause Remark 79M->71M(184M) 0.462ms
[214.681s][info][gc] GC(3058) Pause Cleanup 81M->81M(184M) 0.078ms
[214.681s][info][gc] GC(3058) Concurrent Mark Cycle 10.959ms
[214.738s][info][gc] GC(3059) Pause Young (Prepare Mixed) (G1 Evacuation Pause) 157M->63M(184M) 1.146ms
[214.802s][info][gc] GC(3060) Pause Young (Mixed) (G1 Evacuation Pause) 165M->61M(184M) 1.142ms
[214.872s][info][gc] GC(3061) Pause Young (Normal) (G1 Evacuation Pause) 162M->61M(184M) 1.401ms
[214.946s][info][gc] GC(3062) Pause Young (Normal) (G1 Evacuation Pause) 163M->62M(184M) 1.049ms
[215.005s][info][gc] GC(3063) Pause Young (Normal) (G1 Evacuation Pause) 164M->62M(184M) 0.940ms
[215.079s][info][gc] GC(3064) Pause Young (Normal) (G1 Evacuation Pause) 165M->65M(184M) 1.120ms
[215.146s][info][gc] GC(3065) Pause Young (Normal) (G1 Evacuation Pause) 163M->65M(184M) 1.119ms
[215.213s][info][gc] GC(3066) Pause Young (Normal) (G1 Evacuation Pause) 163M->66M(184M) 1.050ms
[215.272s][info][gc] GC(3067) Pause Young (Normal) (G1 Evacuation Pause) 164M->67M(184M) 1.062ms
[215.337s][info][gc] GC(3068) Pause Young (Normal) (G1 Evacuation Pause) 164M->67M(184M) 1.144ms
[215.407s][info][gc] GC(3069) Pause Young (Normal) (G1 Evacuation Pause) 165M->69M(184M) 1.171ms
[215.464s][info][gc] GC(3070) Pause Young (Normal) (G1 Evacuation Pause) 164M->69M(184M) 1.133ms
[215.531s][info][gc] GC(3071) Pause Young (Concurrent Start) (G1 Evacuation Pause) 164M->70M(184M) 1.134ms
[215.531s][info][gc] GC(3072) Concurrent Mark Cycle
[215.539s][info][gc] GC(3072) Pause Remark 80M->80M(184M) 0.396ms
[215.546s][info][gc] GC(3072) Pause Cleanup 92M->92M(184M) 0.048ms
[215.546s][info][gc] GC(3072) Concurrent Mark Cycle 15.307ms
[215.603s][info][gc] GC(3073) Pause Young (Prepare Mixed) (G1 Evacuation Pause) 164M->71M(184M) 1.071ms
[215.657s][info][gc] GC(3074) Pause Young (Mixed) (G1 Evacuation Pause) 164M->69M(184M) 1.077ms
[215.723s][info][gc] GC(3075) Pause Young (Normal) (G1 Evacuation Pause) 164M->69M(184M) 1.064ms
[215.791s][info][gc] GC(3076) Pause Young (Concurrent Start) (G1 Evacuation Pause) 165M->71M(184M) 1.130ms
[215.791s][info][gc] GC(3077) Concurrent Mark Cycle
[215.799s][info][gc] GC(3077) Pause Remark 84M->84M(184M) 0.415ms
[215.807s][info][gc] GC(3077) Pause Cleanup 97M->97M(184M) 0.083ms
[215.807s][info][gc] GC(3077) Concurrent Mark Cycle 16.275ms
[215.851s][info][gc] GC(3078) Pause Young (Prepare Mixed) (G1 Evacuation Pause) 165M->72M(184M) 1.061ms
[215.920s][info][gc] GC(3079) Pause Young (Mixed) (G1 Evacuation Pause) 165M->72M(184M) 1.344ms
[215.980s][info][gc] GC(3080) Pause Young (Concurrent Start) (G1 Evacuation Pause) 164M->72M(184M) 1.152ms
[215.981s][info][gc] GC(3081) Concurrent Mark Cycle
[215.989s][info][gc] GC(3081) Pause Remark 82M->82M(184M) 0.374ms
[215.998s][info][gc] GC(3081) Pause Cleanup 95M->95M(184M) 0.049ms
[215.998s][info][gc] GC(3081) Concurrent Mark Cycle 17.386ms
[216.045s][info][gc] GC(3082) Pause Young (Prepare Mixed) (G1 Evacuation Pause) 165M->73M(184M) 1.045ms
[216.108s][info][gc] GC(3083) Pause Young (Mixed) (G1 Evacuation Pause) 163M->72M(184M) 1.022ms
[216.175s][info][gc] GC(3084) Pause Young (Concurrent Start) (G1 Evacuation Pause) 164M->72M(184M) 0.910ms
[216.175s][info][gc] GC(3085) Concurrent Mark Cycle
[216.183s][info][gc] GC(3085) Pause Remark 76M->76M(184M) 0.419ms
[216.191s][info][gc] GC(3085) Pause Cleanup 83M->83M(184M) 0.065ms
[216.191s][info][gc] GC(3085) Concurrent Mark Cycle 16.364ms
[216.407s][info][gc] GC(3086) Pause Young (Prepare Mixed) (G1 Evacuation Pause) 166M->75M(184M) 1.139ms
[216.463s][info][gc] GC(3087) Pause Young (Mixed) (G1 Evacuation Pause) 163M->74M(184M) 1.295ms
[216.526s][info][gc] GC(3088) Pause Young (Concurrent Start) (G1 Evacuation Pause) 165M->75M(184M) 1.064ms
[216.526s][info][gc] GC(3089) Concurrent Mark Cycle
[216.530s][info][gc] GC(3089) Pause Remark 81M->53M(160M) 0.391ms
[216.531s][info][gc] GC(3089) Pause Cleanup 56M->56M(160M) 0.049ms
[216.531s][info][gc] GC(3089) Concurrent Mark Cycle 5.843ms
[216.583s][info][gc] GC(3090) Pause Young (Prepare Mixed) (G1 Evacuation Pause) 135M->47M(160M) 0.991ms
[216.643s][info][gc] GC(3091) Pause Young (Mixed) (G1 Evacuation Pause) 137M->45M(160M) 1.007ms
[216.702s][info][gc] GC(3092) Pause Young (Normal) (G1 Evacuation Pause) 133M->45M(160M) 1.103ms
[216.756s][info][gc] GC(3093) Pause Young (Normal) (G1 Evacuation Pause) 134M->46M(160M) 0.952ms
[216.821s][info][gc] GC(3094) Pause Young (Normal) (G1 Evacuation Pause) 135M->47M(160M) 1.012ms
[216.881s][info][gc] GC(3095) Pause Young (Normal) (G1 Evacuation Pause) 135M->48M(160M) 1.132ms
[216.936s][info][gc] GC(3096) Pause Young (Normal) (G1 Evacuation Pause) 137M->49M(160M) 1.075ms
[216.996s][info][gc] GC(3097) Pause Young (Normal) (G1 Evacuation Pause) 137M->49M(160M) 0.926ms
[217.056s][info][gc] GC(3098) Pause Young (Normal) (G1 Evacuation Pause) 138M->49M(160M) 0.905ms
[217.109s][info][gc] GC(3099) Pause Young (Normal) (G1 Evacuation Pause) 138M->50M(160M) 0.993ms
[217.169s][info][gc] GC(3100) Pause Young (Normal) (G1 Evacuation Pause) 138M->51M(160M) 0.961ms
[217.225s][info][gc] GC(3101) Pause Young (Normal) (G1 Evacuation Pause) 139M->53M(160M) 1.072ms
[217.288s][info][gc] GC(3102) Pause Young (Normal) (G1 Evacuation Pause) 141M->53M(160M) 1.028ms
[217.347s][info][gc] GC(3103) Pause Young (Normal) (G1 Evacuation Pause) 142M->53M(160M) 1.042ms
[217.402s][info][gc] GC(3104) Pause Young (Normal) (G1 Evacuation Pause) 142M->54M(160M) 1.077ms
[217.464s][info][gc] GC(3105) Pause Young (Normal) (G1 Evacuation Pause) 142M->55M(160M) 1.045ms
[217.522s][info][gc] GC(3106) Pause Young (Normal) (G1 Evacuation Pause) 144M->55M(160M) 0.914ms
[217.585s][info][gc] GC(3107) Pause Young (Normal) (G1 Evacuation Pause) 145M->56M(160M) 1.041ms
[217.645s][info][gc] GC(3108) Pause Young (Normal) (G1 Evacuation Pause) 142M->57M(160M) 0.994ms
[217.696s][info][gc] GC(3109) Pause Young (Normal) (G1 Evacuation Pause) 142M->58M(160M) 0.955ms
[217.757s][info][gc] GC(3110) Pause Young (Normal) (G1 Evacuation Pause) 144M->58M(160M) 0.943ms
[217.816s][info][gc] GC(3111) Pause Young (Normal) (G1 Evacuation Pause) 143M->59M(160M) 0.928ms
[217.869s][info][gc] GC(3112) Pause Young (Normal) (G1 Evacuation Pause) 142M->60M(160M) 1.060ms
[217.925s][info][gc] GC(3113) Pause Young (Concurrent Start) (G1 Evacuation Pause) 142M->61M(160M) 1.008ms
[217.925s][info][gc] GC(3114) Concurrent Mark Cycle
[217.931s][info][gc] GC(3114) Pause Remark 73M->69M(160M) 0.366ms
[217.936s][info][gc] GC(3114) Pause Cleanup 75M->75M(160M) 0.050ms
[217.936s][info][gc] GC(3114) Concurrent Mark Cycle 11.094ms
[217.977s][info][gc] GC(3115) Pause Young (Prepare Mixed) (G1 Evacuation Pause) 140M->58M(160M) 0.941ms
[218.033s][info][gc] GC(3116) Pause Young (Mixed) (G1 Evacuation Pause) 143M->57M(160M) 1.097ms
[218.088s][info][gc] GC(3117) Pause Young (Normal) (G1 Evacuation Pause) 144M->56M(160M) 0.820ms
[218.151s][info][gc] GC(3118) Pause Young (Normal) (G1 Evacuation Pause) 145M->58M(160M) 0.986ms
[218.212s][info][gc] GC(3119) Pause Young (Normal) (G1 Evacuation Pause) 143M->59M(160M) 1.043ms
[218.261s][info][gc] GC(3120) Pause Young (Normal) (G1 Evacuation Pause) 144M->59M(160M) 0.927ms
[218.322s][info][gc] GC(3121) Pause Young (Concurrent Start) (G1 Evacuation Pause) 143M->61M(160M) 1.017ms
[218.322s][info][gc] GC(3122) Concurrent Mark Cycle
[218.329s][info][gc] GC(3122) Pause Remark 72M->72M(160M) 0.376ms
[218.336s][info][gc] GC(3122) Pause Cleanup 82M->82M(160M) 0.044ms
[218.336s][info][gc] GC(3122) Concurrent Mark Cycle 13.523ms
[218.373s][info][gc] GC(3123) Pause Young (Prepare Mixed) (G1 Evacuation Pause) 143M->60M(160M) 0.969ms
[218.429s][info][gc] GC(3124) Pause Young (Mixed) (G1 Evacuation Pause) 145M->60M(160M) 0.945ms
[218.492s][info][gc] GC(3125) Pause Young (Concurrent Start) (G1 Evacuation Pause) 144M->62M(160M) 0.985ms
[218.492s][info][gc] GC(3126) Concurrent Mark Cycle
[218.499s][info][gc] GC(3126) Pause Remark 74M->74M(160M) 0.368ms
[218.506s][info][gc] GC(3126) Pause Cleanup 85M->85M(160M) 0.049ms
[218.506s][info][gc] GC(3126) Concurrent Mark Cycle 14.562ms
[218.540s][info][gc] GC(3127) Pause Young (Prepare Mixed) (G1 Evacuation Pause) 143M->62M(160M) 0.952ms
[218.599s][info][gc] GC(3128) Pause Young (Mixed) (G1 Evacuation Pause) 144M->62M(160M) 1.038ms
[218.646s][info][gc] GC(3129) Pause Young (Concurrent Start) (G1 Evacuation Pause) 142M->62M(160M) 0.953ms
[218.646s][info][gc] GC(3130) Concurrent Mark Cycle
[218.655s][info][gc] GC(3130) Pause Remark 76M->76M(160M) 0.364ms
[218.661s][info][gc] GC(3130) Pause Cleanup 80M->80M(160M) 0.065ms
[218.661s][info][gc] GC(3130) Concurrent Mark Cycle 14.957ms
[218.702s][info][gc] GC(3131) Pause Young (Prepare Mixed) (G1 Evacuation Pause) 143M->63M(160M) 1.049ms
[218.760s][info][gc] GC(3132) Pause Young (Mixed) (G1 Evacuation Pause) 143M->63M(160M) 0.965ms
[218.811s][info][gc] GC(3133) Pause Young (Concurrent Start) (G1 Evacuation Pause) 145M->64M(160M) 0.970ms
[218.811s][info][gc] GC(3134) Concurrent Mark Cycle
[218.820s][info][gc] GC(3134) Pause Remark 77M->77M(160M) 0.361ms
[218.827s][info][gc] GC(3134) Pause Cleanup 91M->91M(160M) 0.069ms
[218.827s][info][gc] GC(3134) Concurrent Mark Cycle 15.408ms
[218.867s][info][gc] GC(3135) Pause Young (Prepare Mixed) (G1 Evacuation Pause) 143M->65M(160M) 1.144ms
[218.915s][info][gc] GC(3136) Pause Young (Mixed) (G1 Evacuation Pause) 144M->65M(192M) 1.065ms
[218.989s][info][gc] GC(3137) Pause Young (Normal) (G1 Evacuation Pause) 173M->66M(192M) 1.014ms
[219.061s][info][gc] GC(3138) Pause Young (Normal) (G1 Evacuation Pause) 172M->67M(192M) 1.059ms
[219.123s][info][gc] GC(3139) Pause Young (Normal) (G1 Evacuation Pause) 171M->66M(192M) 0.995ms
[219.197s][info][gc] GC(3140) Pause Young (Normal) (G1 Evacuation Pause) 172M->68M(192M) 1.095ms
[219.268s][info][gc] GC(3141) Pause Young (Normal) (G1 Evacuation Pause) 170M->69M(192M) 1.301ms
[219.336s][info][gc] GC(3142) Pause Young (Normal) (G1 Evacuation Pause) 171M->70M(192M) 1.039ms
[219.396s][info][gc] GC(3143) Pause Young (Normal) (G1 Evacuation Pause) 172M->71M(192M) 0.977ms
[219.465s][info][gc] GC(3144) Pause Young (Normal) (G1 Evacuation Pause) 171M->72M(192M) 1.061ms
[219.578s][info][gc] GC(3145) Pause Young (Normal) (G1 Evacuation Pause) 171M->71M(192M) 0.977ms
[219.768s][info][gc] GC(3146) Pause Young (Concurrent Start) (G1 Evacuation Pause) 171M->75M(192M) 1.292ms
[219.768s][info][gc] GC(3147) Concurrent Mark Cycle
[219.772s][info][gc] GC(3147) Pause Remark 81M->55M(167M) 0.374ms
[219.774s][info][gc] GC(3147) Pause Cleanup 57M->57M(167M) 0.048ms
[219.774s][info][gc] GC(3147) Concurrent Mark Cycle 6.066ms
[219.829s][info][gc] GC(3148) Pause Young (Prepare Mixed) (G1 Evacuation Pause) 138M->49M(167M) 1.175ms
[219.885s][info][gc] GC(3149) Pause Young (Mixed) (G1 Evacuation Pause) 141M->47M(167M) 1.122ms
[219.945s][info][gc] GC(3150) Pause Young (Normal) (G1 Evacuation Pause) 139M->48M(167M) 1.021ms
[220.006s][info][gc] GC(3151) Pause Young (Normal) (G1 Evacuation Pause) 140M->48M(167M) 1.115ms
[220.066s][info][gc] GC(3152) Pause Young (Normal) (G1 Evacuation Pause) 141M->50M(167M) 1.148ms
[220.132s][info][gc] GC(3153) Pause Young (Normal) (G1 Evacuation Pause) 141M->50M(167M) 1.260ms
[220.183s][info][gc] GC(3154) Pause Young (Normal) (G1 Evacuation Pause) 142M->50M(167M) 0.917ms
[220.249s][info][gc] GC(3155) Pause Young (Normal) (G1 Evacuation Pause) 143M->51M(167M) 1.105ms
[220.309s][info][gc] GC(3156) Pause Young (Normal) (G1 Evacuation Pause) 142M->52M(167M) 1.045ms
[220.366s][info][gc] GC(3157) Pause Young (Normal) (G1 Evacuation Pause) 144M->53M(167M) 1.078ms
[220.432s][info][gc] GC(3158) Pause Young (Normal) (G1 Evacuation Pause) 145M->54M(167M) 1.037ms
[220.495s][info][gc] GC(3159) Pause Young (Normal) (G1 Evacuation Pause) 146M->55M(167M) 1.040ms
[220.549s][info][gc] GC(3160) Pause Young (Normal) (G1 Evacuation Pause) 147M->55M(167M) 1.011ms
[220.614s][info][gc] GC(3161) Pause Young (Normal) (G1 Evacuation Pause) 147M->57M(167M) 1.056ms
[220.679s][info][gc] GC(3162) Pause Young (Normal) (G1 Evacuation Pause) 149M->57M(167M) 0.993ms
[220.733s][info][gc] GC(3163) Pause Young (Normal) (G1 Evacuation Pause) 148M->58M(167M) 1.030ms
[220.792s][info][gc] GC(3164) Pause Young (Normal) (G1 Evacuation Pause) 148M->59M(167M) 0.938ms
[220.859s][info][gc] GC(3165) Pause Young (Normal) (G1 Evacuation Pause) 150M->59M(167M) 1.021ms
[220.913s][info][gc] GC(3166) Pause Young (Normal) (G1 Evacuation Pause) 148M->60M(167M) 1.022ms
[220.973s][info][gc] GC(3167) Pause Young (Normal) (G1 Evacuation Pause) 148M->61M(167M) 0.968ms
[221.026s][info][gc] GC(3168) Pause Young (Normal) (G1 Evacuation Pause) 150M->62M(167M) 0.976ms
[221.090s][info][gc] GC(3169) Pause Young (Concurrent Start) (G1 Evacuation Pause) 150M->63M(167M) 1.089ms
[221.090s][info][gc] GC(3170) Concurrent Mark Cycle
[221.098s][info][gc] GC(3170) Pause Remark 77M->72M(167M) 0.444ms
[221.102s][info][gc] GC(3170) Pause Cleanup 80M->80M(167M) 0.045ms
[221.102s][info][gc] GC(3170) Concurrent Mark Cycle 12.083ms
[221.153s][info][gc] GC(3171) Pause Young (Prepare Mixed) (G1 Evacuation Pause) 144M->58M(167M) 1.083ms
[221.209s][info][gc] GC(3172) Pause Young (Mixed) (G1 Evacuation Pause) 150M->56M(167M) 1.103ms
[221.276s][info][gc] GC(3173) Pause Young (Normal) (G1 Evacuation Pause) 148M->57M(167M) 1.226ms
[221.340s][info][gc] GC(3174) Pause Young (Normal) (G1 Evacuation Pause) 149M->57M(167M) 1.126ms
[221.393s][info][gc] GC(3175) Pause Young (Normal) (G1 Evacuation Pause) 148M->59M(167M) 1.006ms
[221.459s][info][gc] GC(3176) Pause Young (Normal) (G1 Evacuation Pause) 149M->60M(167M) 1.116ms
[221.513s][info][gc] GC(3177) Pause Young (Normal) (G1 Evacuation Pause) 150M->60M(167M) 1.196ms
[221.578s][info][gc] GC(3178) Pause Young (Normal) (G1 Evacuation Pause) 149M->61M(167M) 1.109ms
[221.639s][info][gc] GC(3179) Pause Young (Normal) (G1 Evacuation Pause) 149M->61M(167M) 1.002ms
[221.695s][info][gc] GC(3180) Pause Young (Normal) (G1 Evacuation Pause) 150M->62M(167M) 1.054ms
[221.756s][info][gc] GC(3181) Pause Young (Normal) (G1 Evacuation Pause) 150M->63M(167M) 0.934ms
[221.817s][info][gc] GC(3182) Pause Young (Concurrent Start) (G1 Evacuation Pause) 150M->64M(167M) 0.974ms
[221.817s][info][gc] GC(3183) Concurrent Mark Cycle
[221.824s][info][gc] GC(3183) Pause Remark 73M->73M(167M) 0.422ms
[221.831s][info][gc] GC(3183) Pause Cleanup 86M->86M(167M) 0.053ms
[221.831s][info][gc] GC(3183) Concurrent Mark Cycle 14.077ms
[221.869s][info][gc] GC(3184) Pause Young (Prepare Mixed) (G1 Evacuation Pause) 148M->64M(167M) 0.938ms
[221.928s][info][gc] GC(3185) Pause Young (Mixed) (G1 Evacuation Pause) 149M->64M(167M) 0.981ms
[221.978s][info][gc] GC(3186) Pause Young (Concurrent Start) (G1 Evacuation Pause) 148M->64M(167M) 1.111ms
[221.978s][info][gc] GC(3187) Concurrent Mark Cycle
[221.986s][info][gc] GC(3187) Pause Remark 79M->79M(167M) 0.381ms
[221.992s][info][gc] GC(3187) Pause Cleanup 89M->89M(167M) 0.053ms
[221.992s][info][gc] GC(3187) Concurrent Mark Cycle 13.963ms
[222.040s][info][gc] GC(3188) Pause Young (Prepare Mixed) (G1 Evacuation Pause) 150M->65M(167M) 0.922ms
[222.094s][info][gc] GC(3189) Pause Young (Mixed) (G1 Evacuation Pause) 149M->63M(167M) 1.076ms
[222.156s][info][gc] GC(3190) Pause Young (Concurrent Start) (G1 Evacuation Pause) 150M->65M(167M) 1.021ms
[222.156s][info][gc] GC(3191) Concurrent Mark Cycle
[222.166s][info][gc] GC(3191) Pause Remark 82M->82M(167M) 0.373ms
[222.172s][info][gc] GC(3191) Pause Cleanup 94M->94M(167M) 0.049ms
[222.172s][info][gc] GC(3191) Concurrent Mark Cycle 16.029ms
[222.214s][info][gc] GC(3192) Pause Young (Prepare Mixed) (G1 Evacuation Pause) 148M->66M(167M) 1.043ms
[222.267s][info][gc] GC(3193) Pause Young (Mixed) (G1 Evacuation Pause) 150M->65M(167M) 1.094ms
[222.328s][info][gc] GC(3194) Pause Young (Normal) (G1 Evacuation Pause) 148M->66M(167M) 1.161ms
[222.375s][info][gc] GC(3195) Pause Young (Concurrent Start) (G1 Evacuation Pause) 148M->66M(167M) 0.967ms
[222.375s][info][gc] GC(3196) Concurrent Mark Cycle
[222.384s][info][gc] GC(3196) Pause Remark 75M->75M(167M) 0.438ms
[222.391s][info][gc] GC(3196) Pause Cleanup 78M->78M(167M) 0.045ms
[222.391s][info][gc] GC(3196) Concurrent Mark Cycle 16.142ms
[222.440s][info][gc] GC(3197) Pause Young (Prepare Mixed) (G1 Evacuation Pause) 151M->67M(167M) 1.083ms
[222.497s][info][gc] GC(3198) Pause Young (Mixed) (G1 Evacuation Pause) 148M->67M(167M) 1.246ms
[222.550s][info][gc] GC(3199) Pause Young (Concurrent Start) (G1 Evacuation Pause) 150M->69M(167M) 1.025ms
[222.550s][info][gc] GC(3200) Concurrent Mark Cycle
[222.558s][info][gc] GC(3200) Pause Remark 82M->82M(167M) 0.410ms
[222.566s][info][gc] GC(3200) Pause Cleanup 96M->96M(167M) 0.072ms
[222.566s][info][gc] GC(3200) Concurrent Mark Cycle 16.116ms
[222.609s][info][gc] GC(3201) Pause Young (Prepare Mixed) (G1 Evacuation Pause) 149M->69M(167M) 1.082ms
[222.661s][info][gc] GC(3202) Pause Young (Mixed) (G1 Evacuation Pause) 149M->70M(167M) 1.156ms
[222.718s][info][gc] GC(3203) Pause Young (Concurrent Start) (G1 Evacuation Pause) 150M->70M(167M) 0.960ms
[222.718s][info][gc] GC(3204) Concurrent Mark Cycle
[222.728s][info][gc] GC(3204) Pause Remark 79M->79M(167M) 0.421ms
[222.741s][info][gc] GC(3204) Pause Cleanup 102M->102M(167M) 0.043ms
[222.741s][info][gc] GC(3204) Concurrent Mark Cycle 22.868ms
[222.768s][info][gc] GC(3205) Pause Young (Prepare Mixed) (G1 Evacuation Pause) 150M->70M(167M) 0.919ms
[222.827s][info][gc] GC(3206) Pause Young (Mixed) (G1 Evacuation Pause) 151M->71M(167M) 1.130ms
[222.904s][info][gc] GC(3207) Pause Young (Concurrent Start) (G1 Evacuation Pause) 150M->70M(167M) 0.955ms
[222.904s][info][gc] GC(3208) Concurrent Mark Cycle
[222.912s][info][gc] GC(3208) Pause Remark 73M->73M(167M) 0.474ms
[222.920s][info][gc] GC(3208) Pause Cleanup 78M->78M(167M) 0.050ms
[222.920s][info][gc] GC(3208) Concurrent Mark Cycle 16.062ms
[223.111s][info][gc] GC(3209) Pause Young (Prepare Mixed) (G1 Evacuation Pause) 152M->73M(167M) 1.075ms
[223.161s][info][gc] GC(3210) Pause Young (Mixed) (G1 Evacuation Pause) 149M->74M(167M) 1.155ms
[223.211s][info][gc] GC(3211) Pause Young (Concurrent Start) (G1 Evacuation Pause) 150M->74M(167M) 0.968ms
[223.211s][info][gc] GC(3212) Concurrent Mark Cycle
[223.216s][info][gc] GC(3212) Pause Remark 79M->51M(160M) 0.393ms
[223.217s][info][gc] GC(3212) Pause Cleanup 53M->53M(160M) 0.044ms
[223.218s][info][gc] GC(3212) Concurrent Mark Cycle 6.476ms
[223.262s][info][gc] GC(3213) Pause Young (Prepare Mixed) (G1 Evacuation Pause) 121M->47M(160M) 1.119ms
[223.324s][info][gc] GC(3214) Pause Young (Mixed) (G1 Evacuation Pause) 136M->44M(160M) 1.194ms
[223.385s][info][gc] GC(3215) Pause Young (Normal) (G1 Evacuation Pause) 133M->44M(160M) 1.039ms
[223.444s][info][gc] GC(3216) Pause Young (Normal) (G1 Evacuation Pause) 134M->45M(160M) 1.061ms
[223.507s][info][gc] GC(3217) Pause Young (Normal) (G1 Evacuation Pause) 134M->46M(160M) 0.951ms
[223.558s][info][gc] GC(3218) Pause Young (Normal) (G1 Evacuation Pause) 134M->46M(160M) 1.071ms
[223.624s][info][gc] GC(3219) Pause Young (Normal) (G1 Evacuation Pause) 135M->47M(160M) 0.943ms
[223.685s][info][gc] GC(3220) Pause Young (Normal) (G1 Evacuation Pause) 136M->48M(160M) 1.051ms
[223.740s][info][gc] GC(3221) Pause Young (Normal) (G1 Evacuation Pause) 137M->49M(160M) 0.986ms
[223.804s][info][gc] GC(3222) Pause Young (Normal) (G1 Evacuation Pause) 138M->49M(160M) 1.070ms
[223.864s][info][gc] GC(3223) Pause Young (Normal) (G1 Evacuation Pause) 138M->50M(160M) 0.963ms
[223.922s][info][gc] GC(3224) Pause Young (Normal) (G1 Evacuation Pause) 139M->51M(160M) 1.016ms
[223.983s][info][gc] GC(3225) Pause Young (Normal) (G1 Evacuation Pause) 139M->52M(160M) 1.027ms
[224.036s][info][gc] GC(3226) Pause Young (Normal) (G1 Evacuation Pause) 141M->52M(160M) 0.942ms
[224.102s][info][gc] GC(3227) Pause Young (Normal) (G1 Evacuation Pause) 141M->53M(160M) 0.964ms
[224.160s][info][gc] GC(3228) Pause Young (Normal) (G1 Evacuation Pause) 141M->53M(160M) 0.949ms
[224.218s][info][gc] GC(3229) Pause Young (Normal) (G1 Evacuation Pause) 142M->56M(160M) 1.024ms
[224.279s][info][gc] GC(3230) Pause Young (Normal) (G1 Evacuation Pause) 141M->56M(160M) 0.991ms
[224.339s][info][gc] GC(3231) Pause Young (Normal) (G1 Evacuation Pause) 144M->56M(160M) 1.051ms
[224.392s][info][gc] GC(3232) Pause Young (Normal) (G1 Evacuation Pause) 143M->57M(160M) 1.065ms
[224.450s][info][gc] GC(3233) Pause Young (Normal) (G1 Evacuation Pause) 142M->57M(160M) 0.913ms
[224.501s][info][gc] GC(3234) Pause Young (Normal) (G1 Evacuation Pause) 142M->58M(160M) 0.951ms
[224.563s][info][gc] GC(3235) Pause Young (Normal) (G1 Evacuation Pause) 141M->59M(160M) 0.996ms
[224.612s][info][gc] GC(3236) Pause Young (Concurrent Start) (G1 Evacuation Pause) 143M->59M(160M) 0.937ms
[224.612s][info][gc] GC(3237) Concurrent Mark Cycle
[224.619s][info][gc] GC(3237) Pause Remark 61M->59M(160M) 0.401ms
[224.623s][info][gc] GC(3237) Pause Cleanup 61M->61M(160M) 0.051ms
[224.623s][info][gc] GC(3237) Concurrent Mark Cycle 11.032ms
[224.674s][info][gc] GC(3238) Pause Young (Prepare Mixed) (G1 Evacuation Pause) 141M->58M(160M) 0.957ms
[224.729s][info][gc] GC(3239) Pause Young (Mixed) (G1 Evacuation Pause) 142M->57M(160M) 1.023ms
[224.782s][info][gc] GC(3240) Pause Young (Normal) (G1 Evacuation Pause) 144M->57M(160M) 0.980ms
[224.842s][info][gc] GC(3241) Pause Young (Normal) (G1 Evacuation Pause) 142M->58M(160M) 0.975ms
[224.892s][info][gc] GC(3242) Pause Young (Normal) (G1 Evacuation Pause) 144M->57M(160M) 0.936ms
[224.952s][info][gc] GC(3243) Pause Young (Normal) (G1 Evacuation Pause) 145M->60M(160M) 0.996ms
[225.014s][info][gc] GC(3244) Pause Young (Normal) (G1 Evacuation Pause) 142M->60M(160M) 1.157ms
[225.067s][info][gc] GC(3245) Pause Young (Concurrent Start) (G1 Evacuation Pause) 144M->61M(160M) 1.036ms
[225.067s][info][gc] GC(3246) Concurrent Mark Cycle
[225.075s][info][gc] GC(3246) Pause Remark 74M->74M(160M) 0.435ms
[225.081s][info][gc] GC(3246) Pause Cleanup 83M->83M(160M) 0.055ms
[225.081s][info][gc] GC(3246) Concurrent Mark Cycle 13.933ms
[225.127s][info][gc] GC(3247) Pause Young (Prepare Mixed) (G1 Evacuation Pause) 144M->62M(160M) 1.009ms
[225.178s][info][gc] GC(3248) Pause Young (Mixed) (G1 Evacuation Pause) 143M->60M(160M) 1.028ms
[225.235s][info][gc] GC(3249) Pause Young (Concurrent Start) (G1 Evacuation Pause) 143M->61M(160M) 0.976ms
[225.235s][info][gc] GC(3250) Concurrent Mark Cycle
[225.241s][info][gc] GC(3250) Pause Remark 66M->66M(160M) 0.438ms
[225.248s][info][gc] GC(3250) Pause Cleanup 77M->77M(160M) 0.051ms
[225.248s][info][gc] GC(3250) Concurrent Mark Cycle 13.613ms
[225.292s][info][gc] GC(3251) Pause Young (Prepare Mixed) (G1 Evacuation Pause) 144M->62M(160M) 1.083ms
[225.348s][info][gc] GC(3252) Pause Young (Mixed) (G1 Evacuation Pause) 144M->61M(160M) 1.188ms
[225.405s][info][gc] GC(3253) Pause Young (Concurrent Start) (G1 Evacuation Pause) 142M->63M(160M) 1.097ms
[225.405s][info][gc] GC(3254) Concurrent Mark Cycle
[225.412s][info][gc] GC(3254) Pause Remark 77M->77M(160M) 0.390ms
[225.418s][info][gc] GC(3254) Pause Cleanup 86M->86M(160M) 0.069ms
[225.418s][info][gc] GC(3254) Concurrent Mark Cycle 13.123ms
[225.456s][info][gc] GC(3255) Pause Young (Prepare Mixed) (G1 Evacuation Pause) 143M->63M(160M) 1.047ms
[225.516s][info][gc] GC(3256) Pause Young (Mixed) (G1 Evacuation Pause) 143M->63M(160M) 1.068ms
[225.571s][info][gc] GC(3257) Pause Young (Concurrent Start) (G1 Evacuation Pause) 144M->64M(160M) 1.026ms
[225.571s][info][gc] GC(3258) Concurrent Mark Cycle
[225.582s][info][gc] GC(3258) Pause Remark 80M->80M(160M) 0.432ms
[225.589s][info][gc] GC(3258) Pause Cleanup 87M->87M(160M) 0.049ms
[225.589s][info][gc] GC(3258) Concurrent Mark Cycle 18.034ms
[225.628s][info][gc] GC(3259) Pause Young (Prepare Mixed) (G1 Evacuation Pause) 144M->64M(160M) 1.040ms
[225.680s][info][gc] GC(3260) Pause Young (Mixed) (G1 Evacuation Pause) 143M->63M(160M) 1.000ms
[225.737s][info][gc] GC(3261) Pause Young (Concurrent Start) (G1 Evacuation Pause) 144M->65M(160M) 1.016ms
[225.737s][info][gc] GC(3262) Concurrent Mark Cycle
[225.746s][info][gc] GC(3262) Pause Remark 80M->80M(160M) 0.489ms
[225.753s][info][gc] GC(3262) Pause Cleanup 89M->89M(160M) 0.047ms
[225.753s][info][gc] GC(3262) Concurrent Mark Cycle 16.219ms
[225.794s][info][gc] GC(3263) Pause Young (Prepare Mixed) (G1 Evacuation Pause) 144M->66M(160M) 1.037ms
[225.844s][info][gc] GC(3264) Pause Young (Mixed) (G1 Evacuation Pause) 144M->66M(160M) 1.061ms
[225.900s][info][gc] GC(3265) Pause Young (Concurrent Start) (G1 Evacuation Pause) 143M->67M(160M) 1.085ms
[225.900s][info][gc] GC(3266) Concurrent Mark Cycle
[225.908s][info][gc] GC(3266) Pause Remark 81M->81M(160M) 0.448ms
[225.917s][info][gc] GC(3266) Pause Cleanup 94M->94M(160M) 0.049ms
[225.917s][info][gc] GC(3266) Concurrent Mark Cycle 16.452ms
[225.950s][info][gc] GC(3267) Pause Young (Prepare Mixed) (G1 Evacuation Pause) 144M->67M(160M) 0.894ms
[226.004s][info][gc] GC(3268) Pause Young (Mixed) (G1 Evacuation Pause) 145M->68M(192M) 1.075ms
[226.075s][info][gc] GC(3269) Pause Young (Normal) (G1 Evacuation Pause) 173M->68M(192M) 1.088ms
[226.142s][info][gc] GC(3270) Pause Young (Normal) (G1 Evacuation Pause) 173M->70M(192M) 1.213ms
[226.207s][info][gc] GC(3271) Pause Young (Normal) (G1 Evacuation Pause) 171M->70M(192M) 1.107ms
[226.305s][info][gc] GC(3272) Pause Young (Normal) (G1 Evacuation Pause) 171M->70M(192M) 0.965ms
[226.508s][info][gc] GC(3273) Pause Young (Normal) (G1 Evacuation Pause) 173M->73M(192M) 1.298ms
[226.574s][info][gc] GC(3274) Pause Young (Normal) (G1 Evacuation Pause) 170M->74M(192M) 1.211ms
[226.634s][info][gc] GC(3275) Pause Young (Concurrent Start) (G1 Evacuation Pause) 172M->74M(192M) 1.239ms
[226.634s][info][gc] GC(3276) Concurrent Mark Cycle
[226.638s][info][gc] GC(3276) Pause Remark 82M->56M(164M) 0.399ms
[226.639s][info][gc] GC(3276) Pause Cleanup 58M->58M(164M) 0.045ms
[226.640s][info][gc] GC(3276) Concurrent Mark Cycle 5.804ms
[226.701s][info][gc] GC(3277) Pause Young (Prepare Mixed) (G1 Evacuation Pause) 138M->49M(164M) 1.287ms
[226.764s][info][gc] GC(3278) Pause Young (Mixed) (G1 Evacuation Pause) 139M->45M(164M) 1.155ms
[226.822s][info][gc] GC(3279) Pause Young (Normal) (G1 Evacuation Pause) 136M->46M(164M) 1.093ms
[226.882s][info][gc] GC(3280) Pause Young (Normal) (G1 Evacuation Pause) 136M->47M(164M) 1.176ms
[226.940s][info][gc] GC(3281) Pause Young (Normal) (G1 Evacuation Pause) 138M->47M(164M) 0.911ms
[227.003s][info][gc] GC(3282) Pause Young (Normal) (G1 Evacuation Pause) 138M->48M(164M) 1.065ms
[227.065s][info][gc] GC(3283) Pause Young (Normal) (G1 Evacuation Pause) 137M->49M(164M) 1.186ms
[227.118s][info][gc] GC(3284) Pause Young (Normal) (G1 Evacuation Pause) 139M->49M(164M) 1.002ms
[227.183s][info][gc] GC(3285) Pause Young (Normal) (G1 Evacuation Pause) 140M->51M(164M) 1.098ms
[227.241s][info][gc] GC(3286) Pause Young (Normal) (G1 Evacuation Pause) 140M->51M(164M) 1.027ms
[227.296s][info][gc] GC(3287) Pause Young (Normal) (G1 Evacuation Pause) 141M->52M(164M) 1.079ms
[227.358s][info][gc] GC(3288) Pause Young (Normal) (G1 Evacuation Pause) 142M->52M(164M) 0.956ms
[227.422s][info][gc] GC(3289) Pause Young (Normal) (G1 Evacuation Pause) 142M->53M(164M) 1.028ms
[227.474s][info][gc] GC(3290) Pause Young (Normal) (G1 Evacuation Pause) 143M->54M(164M) 0.969ms
[227.534s][info][gc] GC(3291) Pause Young (Normal) (G1 Evacuation Pause) 144M->55M(164M) 0.950ms
[227.592s][info][gc] GC(3292) Pause Young (Normal) (G1 Evacuation Pause) 145M->55M(164M) 0.962ms
[227.653s][info][gc] GC(3293) Pause Young (Normal) (G1 Evacuation Pause) 146M->56M(164M) 1.018ms
[227.713s][info][gc] GC(3294) Pause Young (Normal) (G1 Evacuation Pause) 144M->57M(164M) 1.100ms
[227.767s][info][gc] GC(3295) Pause Young (Normal) (G1 Evacuation Pause) 145M->58M(164M) 0.977ms
[227.827s][info][gc] GC(3296) Pause Young (Normal) (G1 Evacuation Pause) 147M->59M(164M) 0.928ms
[227.890s][info][gc] GC(3297) Pause Young (Normal) (G1 Evacuation Pause) 147M->59M(164M) 0.954ms
[227.944s][info][gc] GC(3298) Pause Young (Normal) (G1 Evacuation Pause) 146M->60M(164M) 0.951ms
[228.000s][info][gc] GC(3299) Pause Young (Normal) (G1 Evacuation Pause) 145M->61M(164M) 1.013ms
[228.051s][info][gc] GC(3300) Pause Young (Normal) (G1 Evacuation Pause) 147M->61M(164M) 0.985ms
[228.110s][info][gc] GC(3301) Pause Young (Concurrent Start) (G1 Evacuation Pause) 146M->63M(164M) 0.991ms
[228.110s][info][gc] GC(3302) Concurrent Mark Cycle
[228.117s][info][gc] GC(3302) Pause Remark 74M->72M(164M) 0.472ms
[228.121s][info][gc] GC(3302) Pause Cleanup 79M->79M(164M) 0.047ms
[228.121s][info][gc] GC(3302) Concurrent Mark Cycle 10.770ms
[228.169s][info][gc] GC(3303) Pause Young (Prepare Mixed) (G1 Evacuation Pause) 144M->61M(164M) 1.017ms
[228.222s][info][gc] GC(3304) Pause Young (Mixed) (G1 Evacuation Pause) 146M->60M(164M) 1.014ms
[228.279s][info][gc] GC(3305) Pause Young (Normal) (G1 Evacuation Pause) 146M->60M(164M) 0.979ms
[228.332s][info][gc] GC(3306) Pause Young (Normal) (G1 Evacuation Pause) 146M->60M(164M) 0.910ms
[228.390s][info][gc] GC(3307) Pause Young (Normal) (G1 Evacuation Pause) 146M->62M(164M) 0.954ms
[228.444s][info][gc] GC(3308) Pause Young (Normal) (G1 Evacuation Pause) 146M->62M(164M) 0.960ms
[228.500s][info][gc] GC(3309) Pause Young (Concurrent Start) (G1 Evacuation Pause) 148M->63M(164M) 1.078ms
[228.500s][info][gc] GC(3310) Concurrent Mark Cycle
[228.508s][info][gc] GC(3310) Pause Remark 79M->79M(164M) 0.379ms
[228.512s][info][gc] GC(3310) Pause Cleanup 86M->86M(164M) 0.034ms
[228.512s][info][gc] GC(3310) Concurrent Mark Cycle 12.141ms
[228.561s][info][gc] GC(3311) Pause Young (Prepare Mixed) (G1 Evacuation Pause) 145M->64M(164M) 1.021ms
[228.607s][info][gc] GC(3312) Pause Young (Mixed) (G1 Evacuation Pause) 146M->63M(164M) 1.366ms
[228.669s][info][gc] GC(3313) Pause Young (Concurrent Start) (G1 Evacuation Pause) 147M->63M(164M) 0.992ms
[228.669s][info][gc] GC(3314) Concurrent Mark Cycle
[228.679s][info][gc] GC(3314) Pause Remark 74M->74M(164M) 0.413ms
[228.685s][info][gc] GC(3314) Pause Cleanup 83M->83M(164M) 0.053ms
[228.685s][info][gc] GC(3314) Concurrent Mark Cycle 15.796ms
[228.731s][info][gc] GC(3315) Pause Young (Prepare Mixed) (G1 Evacuation Pause) 147M->64M(164M) 0.989ms
[228.783s][info][gc] GC(3316) Pause Young (Mixed) (G1 Evacuation Pause) 147M->64M(164M) 1.019ms
[228.842s][info][gc] GC(3317) Pause Young (Concurrent Start) (G1 Evacuation Pause) 146M->65M(164M) 1.079ms
[228.842s][info][gc] GC(3318) Concurrent Mark Cycle
[228.852s][info][gc] GC(3318) Pause Remark 81M->81M(164M) 0.534ms
[228.858s][info][gc] GC(3318) Pause Cleanup 92M->92M(164M) 0.060ms
[228.858s][info][gc] GC(3318) Concurrent Mark Cycle 15.846ms
[228.893s][info][gc] GC(3319) Pause Young (Prepare Mixed) (G1 Evacuation Pause) 146M->65M(164M) 1.108ms
[228.954s][info][gc] GC(3320) Pause Young (Mixed) (G1 Evacuation Pause) 147M->66M(164M) 1.179ms
[229.000s][info][gc] GC(3321) Pause Young (Concurrent Start) (G1 Evacuation Pause) 146M->65M(164M) 1.025ms
[229.000s][info][gc] GC(3322) Concurrent Mark Cycle
[229.009s][info][gc] GC(3322) Pause Remark 76M->76M(164M) 0.397ms
[229.014s][info][gc] GC(3322) Pause Cleanup 80M->80M(164M) 0.037ms
[229.014s][info][gc] GC(3322) Concurrent Mark Cycle 14.428ms
[229.062s][info][gc] GC(3323) Pause Young (Prepare Mixed) (G1 Evacuation Pause) 147M->66M(164M) 0.915ms
[229.116s][info][gc] GC(3324) Pause Young (Mixed) (G1 Evacuation Pause) 146M->66M(164M) 0.926ms
[229.169s][info][gc] GC(3325) Pause Young (Concurrent Start) (G1 Evacuation Pause) 148M->67M(164M) 0.928ms
[229.169s][info][gc] GC(3326) Concurrent Mark Cycle
[229.178s][info][gc] GC(3326) Pause Remark 82M->82M(164M) 0.378ms
[229.183s][info][gc] GC(3326) Pause Cleanup 90M->90M(164M) 0.044ms
[229.183s][info][gc] GC(3326) Concurrent Mark Cycle 14.095ms
[229.225s][info][gc] GC(3327) Pause Young (Prepare Mixed) (G1 Evacuation Pause) 145M->68M(164M) 1.155ms
[229.273s][info][gc] GC(3328) Pause Young (Mixed) (G1 Evacuation Pause) 147M->68M(164M) 1.078ms
[229.328s][info][gc] GC(3329) Pause Young (Concurrent Start) (G1 Evacuation Pause) 146M->69M(164M) 0.937ms
[229.328s][info][gc] GC(3330) Concurrent Mark Cycle
[229.338s][info][gc] GC(3330) Pause Remark 84M->84M(164M) 0.447ms
[229.344s][info][gc] GC(3330) Pause Cleanup 90M->90M(164M) 0.039ms
[229.344s][info][gc] GC(3330) Concurrent Mark Cycle 15.731ms
[229.378s][info][gc] GC(3331) Pause Young (Prepare Mixed) (G1 Evacuation Pause) 147M->69M(164M) 0.950ms
[229.433s][info][gc] GC(3332) Pause Young (Mixed) (G1 Evacuation Pause) 146M->70M(164M) 0.943ms
[229.481s][info][gc] GC(3333) Pause Young (Concurrent Start) (G1 Evacuation Pause) 146M->70M(164M) 0.935ms
[229.481s][info][gc] GC(3334) Concurrent Mark Cycle
[229.492s][info][gc] GC(3334) Pause Remark 82M->82M(164M) 0.463ms
[229.497s][info][gc] GC(3334) Pause Cleanup 89M->89M(164M) 0.069ms
[229.497s][info][gc] GC(3334) Concurrent Mark Cycle 15.590ms
[229.539s][info][gc] GC(3335) Pause Young (Prepare Mixed) (G1 Evacuation Pause) 146M->71M(164M) 1.064ms
[229.590s][info][gc] GC(3336) Pause Young (Mixed) (G1 Evacuation Pause) 147M->71M(164M) 1.066ms
[229.796s][info][gc] GC(3337) Pause Young (Concurrent Start) (G1 Evacuation Pause) 148M->74M(164M) 1.109ms
[229.796s][info][gc] GC(3338) Concurrent Mark Cycle
[229.803s][info][gc] GC(3338) Pause Remark 85M->60M(164M) 0.400ms
[229.805s][info][gc] GC(3338) Pause Cleanup 60M->60M(164M) 0.052ms
[229.806s][info][gc] GC(3338) Concurrent Mark Cycle 9.116ms
[229.838s][info][gc] GC(3339) Pause Young (Prepare Mixed) (G1 Evacuation Pause) 120M->55M(164M) 1.667ms
[229.862s][info][gc] GC(3340) Pause Young (Mixed) (G1 Evacuation Pause) 143M->52M(164M) 1.454ms
[229.890s][info][gc] GC(3341) Pause Young (Normal) (G1 Evacuation Pause) 143M->53M(197M) 1.176ms
[229.922s][info][gc] GC(3342) Pause Young (Normal) (G1 Evacuation Pause) 163M->53M(197M) 1.104ms
[229.966s][info][gc] GC(3343) Pause Young (Normal) (G1 Evacuation Pause) 163M->56M(197M) 1.334ms
[229.999s][info][gc] GC(3344) Pause Young (Normal) (G1 Evacuation Pause) 163M->57M(197M) 1.478ms
[230.031s][info][gc] GC(3345) Pause Young (Normal) (G1 Evacuation Pause) 165M->57M(231M) 1.291ms
[230.083s][info][gc] GC(3346) Pause Young (Normal) (G1 Evacuation Pause) 187M->59M(231M) 1.440ms
[230.120s][info][gc] GC(3347) Pause Young (Normal) (G1 Evacuation Pause) 186M->60M(231M) 1.335ms
[230.157s][info][gc] GC(3348) Pause Young (Normal) (G1 Evacuation Pause) 187M->60M(231M) 1.352ms
[230.201s][info][gc] GC(3349) Pause Young (Normal) (G1 Evacuation Pause) 188M->61M(231M) 1.360ms
[230.243s][info][gc] GC(3350) Pause Young (Normal) (G1 Evacuation Pause) 188M->62M(231M) 1.526ms
[230.281s][info][gc] GC(3351) Pause Young (Normal) (G1 Evacuation Pause) 188M->64M(263M) 1.555ms
[230.335s][info][gc] GC(3352) Pause Young (Normal) (G1 Evacuation Pause) 209M->64M(263M) 1.500ms
[230.381s][info][gc] GC(3353) Pause Young (Normal) (G1 Evacuation Pause) 210M->66M(263M) 1.634ms
[230.425s][info][gc] GC(3354) Pause Young (Normal) (G1 Evacuation Pause) 209M->66M(263M) 1.670ms
[230.481s][info][gc] GC(3355) Pause Young (Normal) (G1 Evacuation Pause) 212M->68M(263M) 1.590ms
[230.527s][info][gc] GC(3356) Pause Young (Normal) (G1 Evacuation Pause) 212M->70M(263M) 1.544ms
[230.574s][info][gc] GC(3357) Pause Young (Normal) (G1 Evacuation Pause) 214M->70M(263M) 1.508ms
[230.625s][info][gc] GC(3358) Pause Young (Normal) (G1 Evacuation Pause) 216M->72M(263M) 1.403ms
[230.672s][info][gc] GC(3359) Pause Young (Normal) (G1 Evacuation Pause) 215M->73M(263M) 1.554ms
[230.723s][info][gc] GC(3360) Pause Young (Normal) (G1 Evacuation Pause) 218M->74M(263M) 1.508ms
[230.769s][info][gc] GC(3361) Pause Young (Normal) (G1 Evacuation Pause) 219M->76M(263M) 1.607ms
[230.818s][info][gc] GC(3362) Pause Young (Normal) (G1 Evacuation Pause) 220M->77M(263M) 1.579ms
[230.866s][info][gc] GC(3363) Pause Young (Normal) (G1 Evacuation Pause) 221M->77M(263M) 1.607ms
[230.911s][info][gc] GC(3364) Pause Young (Normal) (G1 Evacuation Pause) 223M->78M(263M) 1.355ms
[230.960s][info][gc] GC(3365) Pause Young (Normal) (G1 Evacuation Pause) 223M->80M(263M) 1.410ms
[231.009s][info][gc] GC(3366) Pause Young (Normal) (G1 Evacuation Pause) 224M->81M(263M) 1.461ms
[231.059s][info][gc] GC(3367) Pause Young (Normal) (G1 Evacuation Pause) 226M->83M(263M) 1.447ms
[231.110s][info][gc] GC(3368) Pause Young (Normal) (G1 Evacuation Pause) 227M->83M(263M) 1.483ms
[231.153s][info][gc] GC(3369) Pause Young (Normal) (G1 Evacuation Pause) 228M->85M(263M) 1.366ms
[231.204s][info][gc] GC(3370) Pause Young (Normal) (G1 Evacuation Pause) 230M->86M(263M) 1.568ms
[231.254s][info][gc] GC(3371) Pause Young (Normal) (G1 Evacuation Pause) 231M->88M(263M) 1.601ms
[231.296s][info][gc] GC(3372) Pause Young (Normal) (G1 Evacuation Pause) 232M->88M(263M) 1.329ms
[231.350s][info][gc] GC(3373) Pause Young (Normal) (G1 Evacuation Pause) 234M->89M(263M) 1.435ms
[231.398s][info][gc] GC(3374) Pause Young (Normal) (G1 Evacuation Pause) 234M->92M(263M) 1.626ms
[231.447s][info][gc] GC(3375) Pause Young (Normal) (G1 Evacuation Pause) 235M->92M(263M) 1.550ms
[231.497s][info][gc] GC(3376) Pause Young (Normal) (G1 Evacuation Pause) 236M->94M(263M) 1.587ms
[231.538s][info][gc] GC(3377) Pause Young (Normal) (G1 Evacuation Pause) 234M->94M(263M) 1.562ms
[231.590s][info][gc] GC(3378) Pause Young (Normal) (G1 Evacuation Pause) 237M->96M(263M) 1.496ms
[231.638s][info][gc] GC(3379) Pause Young (Normal) (G1 Evacuation Pause) 235M->97M(263M) 1.836ms
[231.682s][info][gc] GC(3380) Pause Young (Normal) (G1 Evacuation Pause) 237M->98M(263M) 1.306ms
[231.730s][info][gc] GC(3381) Pause Young (Concurrent Start) (G1 Evacuation Pause) 238M->98M(263M) 1.564ms
[231.730s][info][gc] GC(3382) Concurrent Mark Cycle
[231.754s][info][gc] GC(3382) Pause Remark 160M->159M(263M) 0.561ms
[231.769s][info][gc] GC(3382) Pause Cleanup 210M->210M(263M) 0.067ms
[231.769s][info][gc] GC(3382) Concurrent Mark Cycle 39.524ms
[231.779s][info][gc] GC(3383) Pause Young (Prepare Mixed) (G1 Evacuation Pause) 235M->101M(263M) 1.590ms
[231.823s][info][gc] GC(3384) Pause Young (Mixed) (G1 Evacuation Pause) 235M->97M(263M) 1.418ms
[231.876s][info][gc] GC(3385) Pause Young (Normal) (G1 Evacuation Pause) 236M->99M(263M) 1.400ms
[231.922s][info][gc] GC(3386) Pause Young (Normal) (G1 Evacuation Pause) 234M->100M(263M) 1.690ms
[231.966s][info][gc] GC(3387) Pause Young (Concurrent Start) (G1 Evacuation Pause) 237M->100M(263M) 1.344ms
[231.966s][info][gc] GC(3388) Concurrent Mark Cycle
[231.984s][info][gc] GC(3388) Pause Remark 142M->142M(263M) 0.429ms
[232.001s][info][gc] GC(3388) Pause Cleanup 186M->186M(263M) 0.061ms
[232.001s][info][gc] GC(3388) Concurrent Mark Cycle 35.276ms
[232.018s][info][gc] GC(3389) Pause Young (Prepare Mixed) (G1 Evacuation Pause) 238M->102M(263M) 1.537ms
[232.060s][info][gc] GC(3390) Pause Young (Mixed) (G1 Evacuation Pause) 236M->101M(263M) 1.483ms
[232.105s][info][gc] GC(3391) Pause Young (Concurrent Start) (G1 Evacuation Pause) 237M->100M(263M) 1.506ms
[232.105s][info][gc] GC(3392) Concurrent Mark Cycle
[232.128s][info][gc] GC(3392) Pause Remark 155M->155M(263M) 0.403ms
[232.145s][info][gc] GC(3392) Pause Cleanup 208M->208M(263M) 0.059ms
[232.145s][info][gc] GC(3392) Concurrent Mark Cycle 40.209ms
[232.157s][info][gc] GC(3393) Pause Young (Prepare Mixed) (G1 Evacuation Pause) 236M->102M(263M) 1.415ms
[232.198s][info][gc] GC(3394) Pause Young (Mixed) (G1 Evacuation Pause) 234M->102M(263M) 1.530ms
[232.247s][info][gc] GC(3395) Pause Young (Concurrent Start) (G1 Evacuation Pause) 236M->103M(263M) 1.504ms
[232.247s][info][gc] GC(3396) Concurrent Mark Cycle
[232.271s][info][gc] GC(3396) Pause Remark 169M->169M(263M) 0.524ms
[232.287s][info][gc] GC(3396) Pause Cleanup 216M->216M(263M) 0.063ms
[232.287s][info][gc] GC(3396) Concurrent Mark Cycle 40.486ms
[232.296s][info][gc] GC(3397) Pause Young (Prepare Mixed) (G1 Evacuation Pause) 236M->105M(263M) 1.468ms
[232.333s][info][gc] GC(3398) Pause Young (Mixed) (G1 Evacuation Pause) 235M->102M(263M) 1.426ms
[232.383s][info][gc] GC(3399) Pause Young (Concurrent Start) (G1 Evacuation Pause) 239M->105M(263M) 1.458ms
[232.383s][info][gc] GC(3400) Concurrent Mark Cycle
[232.409s][info][gc] GC(3400) Pause Remark 182M->182M(263M) 0.417ms
[232.428s][info][gc] GC(3401) Pause Young (Normal) (G1 Evacuation Pause) 236M->106M(263M) 1.455ms
[232.428s][info][gc] GC(3400) Pause Cleanup 109M->109M(263M) 0.062ms
[232.428s][info][gc] GC(3400) Concurrent Mark Cycle 45.364ms
[232.470s][info][gc] GC(3402) Pause Young (Prepare Mixed) (G1 Evacuation Pause) 237M->106M(263M) 1.445ms
[232.516s][info][gc] GC(3403) Pause Young (Mixed) (G1 Evacuation Pause) 237M->106M(263M) 1.439ms
[232.559s][info][gc] GC(3404) Pause Young (Concurrent Start) (G1 Evacuation Pause) 236M->109M(263M) 1.546ms
[232.559s][info][gc] GC(3405) Concurrent Mark Cycle
[232.584s][info][gc] GC(3405) Pause Remark 178M->178M(263M) 0.518ms
[232.600s][info][gc] GC(3405) Pause Cleanup 225M->225M(263M) 0.064ms
[232.600s][info][gc] GC(3405) Concurrent Mark Cycle 41.084ms
[232.605s][info][gc] GC(3406) Pause Young (Prepare Mixed) (G1 Evacuation Pause) 236M->108M(263M) 1.543ms
[232.652s][info][gc] GC(3407) Pause Young (Mixed) (G1 Evacuation Pause) 239M->111M(263M) 1.604ms
[232.692s][info][gc] GC(3408) Pause Young (Concurrent Start) (G1 Evacuation Pause) 236M->112M(263M) 1.451ms
[232.692s][info][gc] GC(3409) Concurrent Mark Cycle
[232.711s][info][gc] GC(3409) Pause Remark 169M->169M(263M) 0.432ms
[232.730s][info][gc] GC(3409) Pause Cleanup 226M->226M(263M) 0.060ms
[232.731s][info][gc] GC(3409) Concurrent Mark Cycle 38.692ms
[232.736s][info][gc] GC(3410) Pause Young (Prepare Mixed) (G1 Evacuation Pause) 236M->112M(263M) 1.316ms
[232.789s][info][gc] GC(3411) Pause Young (Mixed) (G1 Evacuation Pause) 238M->112M(294M) 1.761ms
[232.842s][info][gc] GC(3412) Pause Young (Normal) (G1 Evacuation Pause) 266M->114M(294M) 1.433ms
[232.892s][info][gc] GC(3413) Pause Young (Normal) (G1 Evacuation Pause) 266M->115M(294M) 1.478ms
[232.945s][info][gc] GC(3414) Pause Young (Concurrent Start) (G1 Evacuation Pause) 263M->117M(294M) 1.601ms
[232.945s][info][gc] GC(3415) Concurrent Mark Cycle
[232.977s][info][gc] GC(3415) Pause Remark 217M->217M(294M) 0.411ms
[232.993s][info][gc] GC(3416) Pause Young (Normal) (G1 Evacuation Pause) 262M->117M(294M) 1.513ms
[233.000s][info][gc] GC(3415) Pause Cleanup 139M->139M(294M) 0.066ms
[233.000s][info][gc] GC(3415) Concurrent Mark Cycle 55.248ms
[233.043s][info][gc] GC(3417) Pause Young (Prepare Mixed) (G1 Evacuation Pause) 264M->119M(294M) 1.446ms
[233.089s][info][gc] GC(3418) Pause Young (Mixed) (G1 Evacuation Pause) 265M->119M(294M) 1.478ms
[233.140s][info][gc] GC(3419) Pause Young (Concurrent Start) (G1 Evacuation Pause) 266M->121M(294M) 1.458ms
[233.140s][info][gc] GC(3420) Concurrent Mark Cycle
[233.169s][info][gc] GC(3420) Pause Remark 203M->203M(294M) 0.478ms
[233.188s][info][gc] GC(3420) Pause Cleanup 254M->254M(294M) 0.057ms
[233.189s][info][gc] GC(3420) Concurrent Mark Cycle 48.727ms
[233.193s][info][gc] GC(3421) Pause Young (Prepare Mixed) (G1 Evacuation Pause) 264M->122M(294M) 1.516ms
[233.240s][info][gc] GC(3422) Pause Young (Mixed) (G1 Evacuation Pause) 265M->124M(294M) 1.601ms
[233.289s][info][gc] GC(3423) Pause Young (Concurrent Start) (G1 Evacuation Pause) 264M->124M(294M) 1.748ms
[233.289s][info][gc] GC(3424) Concurrent Mark Cycle
[233.316s][info][gc] GC(3424) Pause Remark 194M->194M(294M) 0.457ms
[233.336s][info][gc] GC(3424) Pause Cleanup 257M->257M(294M) 0.065ms
[233.336s][info][gc] GC(3424) Concurrent Mark Cycle 47.867ms
[233.341s][info][gc] GC(3425) Pause Young (Prepare Mixed) (G1 Evacuation Pause) 265M->125M(294M) 1.622ms
[233.390s][info][gc] GC(3426) Pause Young (Mixed) (G1 Evacuation Pause) 264M->126M(294M) 1.496ms
[233.435s][info][gc] GC(3427) Pause Young (Concurrent Start) (G1 Evacuation Pause) 264M->127M(294M) 1.471ms
[233.435s][info][gc] GC(3428) Concurrent Mark Cycle
[233.467s][info][gc] GC(3428) Pause Remark 203M->203M(294M) 0.569ms
[233.485s][info][gc] GC(3428) Pause Cleanup 257M->257M(294M) 0.060ms
[233.486s][info][gc] GC(3428) Concurrent Mark Cycle 50.714ms
[233.489s][info][gc] GC(3429) Pause Young (Prepare Mixed) (G1 Evacuation Pause) 266M->129M(294M) 1.574ms
[233.535s][info][gc] GC(3430) Pause Young (Mixed) (G1 Evacuation Pause) 267M->130M(294M) 1.696ms
[233.582s][info][gc] GC(3431) Pause Young (Concurrent Start) (G1 Evacuation Pause) 265M->132M(294M) 1.523ms
[233.582s][info][gc] GC(3432) Concurrent Mark Cycle
[233.615s][info][gc] GC(3432) Pause Remark 227M->227M(294M) 0.373ms
[233.634s][info][gc] GC(3433) Pause Young (Normal) (G1 Evacuation Pause) 266M->132M(294M) 1.763ms
[233.641s][info][gc] GC(3432) Pause Cleanup 142M->142M(294M) 0.080ms
[233.643s][info][gc] GC(3432) Concurrent Mark Cycle 59.982ms
[233.680s][info][gc] GC(3434) Pause Young (Prepare Mixed) (G1 Evacuation Pause) 267M->134M(294M) 1.517ms
[233.726s][info][gc] GC(3435) Pause Young (Mixed) (G1 Evacuation Pause) 265M->135M(294M) 1.627ms
[233.771s][info][gc] GC(3436) Pause Young (Concurrent Start) (G1 Evacuation Pause) 266M->135M(294M) 1.371ms
[233.771s][info][gc] GC(3437) Concurrent Mark Cycle
[233.799s][info][gc] GC(3437) Pause Remark 215M->215M(294M) 0.418ms
[233.818s][info][gc] GC(3438) Pause Young (Normal) (G1 Evacuation Pause) 267M->136M(294M) 1.395ms
[233.819s][info][gc] GC(3437) Pause Cleanup 139M->139M(294M) 0.064ms
[233.819s][info][gc] GC(3437) Concurrent Mark Cycle 48.588ms
[233.864s][info][gc] GC(3439) Pause Young (Prepare Mixed) (G1 Evacuation Pause) 266M->139M(294M) 1.510ms
[233.909s][info][gc] GC(3440) Pause Young (Mixed) (G1 Evacuation Pause) 266M->138M(294M) 1.698ms
[233.947s][info][gc] GC(3441) Pause Young (Concurrent Start) (G1 Evacuation Pause) 265M->139M(294M) 1.477ms
[233.947s][info][gc] GC(3442) Concurrent Mark Cycle
[233.975s][info][gc] GC(3442) Pause Remark 211M->211M(294M) 0.489ms
[233.996s][info][gc] GC(3443) Pause Young (Normal) (G1 Evacuation Pause) 267M->141M(294M) 1.488ms
[234.002s][info][gc] GC(3442) Pause Cleanup 164M->164M(294M) 0.065ms
[234.002s][info][gc] GC(3442) Concurrent Mark Cycle 55.155ms
[234.039s][info][gc] GC(3444) Pause Young (Prepare Mixed) (G1 Evacuation Pause) 265M->141M(294M) 1.400ms
[234.078s][info][gc] GC(3445) Pause Young (Mixed) (G1 Evacuation Pause) 267M->142M(294M) 1.322ms
[234.122s][info][gc] GC(3446) Pause Young (Concurrent Start) (G1 Evacuation Pause) 267M->144M(294M) 1.346ms
[234.122s][info][gc] GC(3447) Concurrent Mark Cycle
[234.152s][info][gc] GC(3447) Pause Remark 226M->226M(294M) 0.405ms
[234.167s][info][gc] GC(3448) Pause Young (Normal) (G1 Evacuation Pause) 266M->144M(294M) 1.380ms
[234.181s][info][gc] GC(3447) Pause Cleanup 186M->186M(294M) 0.057ms
[234.182s][info][gc] GC(3447) Concurrent Mark Cycle 60.039ms
[234.206s][info][gc] GC(3449) Pause Young (Prepare Mixed) (G1 Evacuation Pause) 267M->145M(294M) 1.508ms
[234.247s][info][gc] GC(3450) Pause Young (Mixed) (G1 Evacuation Pause) 267M->146M(294M) 1.434ms
[234.291s][info][gc] GC(3451) Pause Young (Concurrent Start) (G1 Evacuation Pause) 267M->147M(294M) 1.372ms
[234.291s][info][gc] GC(3452) Concurrent Mark Cycle
[234.325s][info][gc] GC(3452) Pause Remark 238M->238M(294M) 0.451ms
[234.337s][info][gc] GC(3453) Pause Young (Normal) (G1 Evacuation Pause) 267M->148M(294M) 1.413ms
[234.352s][info][gc] GC(3452) Pause Cleanup 186M->186M(294M) 0.064ms
[234.352s][info][gc] GC(3452) Concurrent Mark Cycle 61.537ms
[234.387s][info][gc] GC(3454) Pause Young (Prepare Mixed) (G1 Evacuation Pause) 267M->149M(294M) 1.456ms
[234.426s][info][gc] GC(3455) Pause Young (Mixed) (G1 Evacuation Pause) 267M->150M(294M) 1.768ms
[234.466s][info][gc] GC(3456) Pause Young (Concurrent Start) (G1 Evacuation Pause) 268M->151M(294M) 1.463ms
[234.466s][info][gc] GC(3457) Concurrent Mark Cycle
[234.505s][info][gc] GC(3457) Pause Remark 251M->251M(294M) 0.422ms
[234.515s][info][gc] GC(3458) Pause Young (Normal) (G1 Evacuation Pause) 267M->152M(294M) 1.370ms
[234.536s][info][gc] GC(3457) Pause Cleanup 201M->201M(294M) 0.065ms
[234.537s][info][gc] GC(3457) Concurrent Mark Cycle 70.375ms
[234.562s][info][gc] GC(3459) Pause Young (Prepare Mixed) (G1 Evacuation Pause) 267M->153M(294M) 1.492ms
[234.600s][info][gc] GC(3460) Pause Young (Mixed) (G1 Evacuation Pause) 267M->153M(294M) 1.408ms
[234.637s][info][gc] GC(3461) Pause Young (Concurrent Start) (G1 Evacuation Pause) 266M->155M(294M) 1.500ms
[234.637s][info][gc] GC(3462) Concurrent Mark Cycle
[234.679s][info][gc] GC(3462) Pause Remark 244M->244M(294M) 0.452ms
[234.688s][info][gc] GC(3463) Pause Young (Normal) (G1 Evacuation Pause) 267M->156M(294M) 1.266ms
[234.710s][info][gc] GC(3462) Pause Cleanup 227M->227M(294M) 0.069ms
[234.710s][info][gc] GC(3462) Concurrent Mark Cycle 73.339ms
[234.725s][info][gc] GC(3464) Pause Young (Prepare Mixed) (G1 Evacuation Pause) 267M->156M(294M) 1.435ms
[234.765s][info][gc] GC(3465) Pause Young (Mixed) (G1 Evacuation Pause) 266M->158M(294M) 1.570ms
[234.800s][info][gc] GC(3466) Pause Young (Concurrent Start) (G1 Evacuation Pause) 266M->158M(294M) 1.400ms
[234.800s][info][gc] GC(3467) Concurrent Mark Cycle
[234.832s][info][gc] GC(3467) Pause Remark 233M->233M(294M) 0.395ms
[234.843s][info][gc] GC(3468) Pause Young (Normal) (G1 Evacuation Pause) 269M->159M(294M) 1.247ms
[234.857s][info][gc] GC(3467) Pause Cleanup 199M->199M(294M) 0.052ms
[234.857s][info][gc] GC(3467) Concurrent Mark Cycle 57.359ms
[234.880s][info][gc] GC(3469) Pause Young (Prepare Mixed) (G1 Evacuation Pause) 266M->160M(294M) 1.331ms
[234.916s][info][gc] GC(3470) Pause Young (Mixed) (G1 Evacuation Pause) 266M->161M(294M) 1.307ms
[234.954s][info][gc] GC(3471) Pause Young (Concurrent Start) (G1 Evacuation Pause) 267M->162M(294M) 1.319ms
[234.954s][info][gc] GC(3472) Concurrent Mark Cycle
[234.992s][info][gc] GC(3473) Pause Young (Normal) (G1 Evacuation Pause) 267M->164M(294M) 1.423ms
[234.993s][info][gc] GC(3472) Pause Remark 167M->167M(294M) 0.500ms
[235.016s][info][gc] GC(3472) Pause Cleanup 237M->237M(294M) 0.054ms
[235.017s][info][gc] GC(3472) Concurrent Mark Cycle 62.075ms
[235.027s][info][gc] GC(3474) Pause Young (Prepare Mixed) (G1 Evacuation Pause) 268M->164M(294M) 1.194ms
[235.061s][info][gc] GC(3475) Pause Young (Mixed) (G1 Evacuation Pause) 269M->164M(294M) 1.173ms
[235.100s][info][gc] GC(3476) Pause Young (Concurrent Start) (G1 Evacuation Pause) 269M->167M(294M) 1.410ms
[235.100s][info][gc] GC(3477) Concurrent Mark Cycle
[235.134s][info][gc] GC(3478) Pause Young (Normal) (G1 Evacuation Pause) 266M->168M(294M) 1.452ms
[235.144s][info][gc] GC(3477) Pause Remark 208M->208M(294M) 0.401ms
[235.170s][info][gc] GC(3477) Pause Cleanup 262M->262M(294M) 0.054ms
[235.170s][info][gc] GC(3477) Concurrent Mark Cycle 70.270ms
[235.173s][info][gc] GC(3479) Pause Young (Prepare Mixed) (G1 Evacuation Pause) 267M->169M(294M) 1.211ms
[235.209s][info][gc] GC(3480) Pause Young (Mixed) (G1 Evacuation Pause) 269M->170M(294M) 1.393ms
[235.242s][info][gc] GC(3481) Pause Young (Concurrent Start) (G1 Evacuation Pause) 267M->170M(294M) 1.414ms
[235.242s][info][gc] GC(3482) Concurrent Mark Cycle
[235.273s][info][gc] GC(3483) Pause Young (Normal) (G1 Evacuation Pause) 267M->171M(294M) 1.194ms
[235.282s][info][gc] GC(3482) Pause Remark 202M->202M(294M) 0.397ms
[235.307s][info][gc] GC(3484) Pause Young (Normal) (G1 Evacuation Pause) 268M->172M(294M) 1.122ms
[235.317s][info][gc] GC(3482) Pause Cleanup 198M->198M(294M) 0.071ms
[235.317s][info][gc] GC(3482) Concurrent Mark Cycle 75.030ms
[235.343s][info][gc] GC(3485) Pause Young (Prepare Mixed) (G1 Evacuation Pause) 269M->173M(294M) 1.161ms
[235.376s][info][gc] GC(3486) Pause Young (Mixed) (G1 Evacuation Pause) 267M->174M(294M) 1.481ms
[235.405s][info][gc] GC(3487) Pause Young (Concurrent Start) (G1 Evacuation Pause) 267M->174M(294M) 1.312ms
[235.405s][info][gc] GC(3488) Concurrent Mark Cycle
[235.439s][info][gc] GC(3489) Pause Young (Normal) (G1 Evacuation Pause) 268M->176M(294M) 1.216ms
[235.449s][info][gc] GC(3488) Pause Remark 204M->204M(295M) 0.462ms
[235.475s][info][gc] GC(3490) Pause Young (Normal) (G1 Evacuation Pause) 270M->178M(295M) 1.317ms
[235.482s][info][gc] GC(3488) Pause Cleanup 198M->198M(295M) 0.055ms
[235.482s][info][gc] GC(3488) Concurrent Mark Cycle 76.888ms
[235.511s][info][gc] GC(3491) Pause Young (Prepare Mixed) (G1 Evacuation Pause) 269M->179M(295M) 1.208ms
[235.539s][info][gc] GC(3492) Pause Young (Mixed) (G1 Evacuation Pause) 269M->179M(295M) 1.286ms
[235.566s][info][gc] GC(3493) Pause Young (Concurrent Start) (G1 Evacuation Pause) 269M->180M(295M) 1.176ms
[235.566s][info][gc] GC(3494) Concurrent Mark Cycle
[235.604s][info][gc] GC(3495) Pause Young (Normal) (G1 Evacuation Pause) 271M->181M(295M) 1.144ms
[235.617s][info][gc] GC(3494) Pause Remark 214M->214M(304M) 0.527ms
[235.642s][info][gc] GC(3496) Pause Young (Normal) (G1 Evacuation Pause) 270M->182M(304M) 1.340ms
[235.649s][info][gc] GC(3494) Pause Cleanup 196M->196M(304M) 0.053ms
[235.649s][info][gc] GC(3494) Concurrent Mark Cycle 83.115ms
[235.676s][info][gc] GC(3497) Pause Young (Prepare Mixed) (G1 Evacuation Pause) 279M->184M(304M) 1.318ms
[235.707s][info][gc] GC(3498) Pause Young (Mixed) (G1 Evacuation Pause) 276M->182M(304M) 1.235ms
[235.741s][info][gc] GC(3499) Pause Young (Concurrent Start) (G1 Evacuation Pause) 280M->184M(304M) 1.406ms
[235.741s][info][gc] GC(3500) Concurrent Mark Cycle
[235.777s][info][gc] GC(3501) Pause Young (Normal) (G1 Evacuation Pause) 276M->184M(304M) 1.369ms
[235.797s][info][gc] GC(3500) Pause Remark 229M->229M(309M) 0.475ms
[235.817s][info][gc] GC(3502) Pause Young (Normal) (G1 Evacuation Pause) 279M->185M(309M) 1.368ms
[235.830s][info][gc] GC(3500) Pause Cleanup 221M->221M(309M) 0.060ms
[235.830s][info][gc] GC(3500) Concurrent Mark Cycle 88.887ms
[235.854s][info][gc] GC(3503) Pause Young (Prepare Mixed) (G1 Evacuation Pause) 282M->186M(309M) 1.303ms
[235.886s][info][gc] GC(3504) Pause Young (Mixed) (G1 Evacuation Pause) 282M->186M(309M) 1.421ms
[235.920s][info][gc] GC(3505) Pause Young (Concurrent Start) (G1 Evacuation Pause) 281M->186M(309M) 1.302ms
[235.920s][info][gc] GC(3506) Concurrent Mark Cycle
[235.959s][info][gc] GC(3507) Pause Young (Normal) (G1 Evacuation Pause) 282M->187M(309M) 1.377ms
[235.965s][info][gc] GC(3506) Pause Remark 198M->198M(314M) 0.487ms
[235.998s][info][gc] GC(3508) Pause Young (Normal) (G1 Evacuation Pause) 283M->188M(314M) 1.271ms
[236.002s][info][gc] GC(3506) Pause Cleanup 198M->198M(314M) 0.076ms
[236.002s][info][gc] GC(3506) Concurrent Mark Cycle 82.039ms
[236.034s][info][gc] GC(3509) Pause Young (Prepare Mixed) (G1 Evacuation Pause) 287M->189M(314M) 1.437ms
[236.066s][info][gc] GC(3510) Pause Young (Mixed) (G1 Evacuation Pause) 285M->189M(314M) 1.472ms
[236.100s][info][gc] GC(3511) Pause Young (Concurrent Start) (G1 Evacuation Pause) 288M->190M(314M) 1.362ms
[236.100s][info][gc] GC(3512) Concurrent Mark Cycle
[236.141s][info][gc] GC(3513) Pause Young (Normal) (G1 Evacuation Pause) 287M->191M(314M) 1.328ms
[236.149s][info][gc] GC(3512) Pause Remark 212M->212M(320M) 0.475ms
[236.177s][info][gc] GC(3514) Pause Young (Normal) (G1 Evacuation Pause) 287M->191M(320M) 1.261ms
[236.189s][info][gc] GC(3512) Pause Cleanup 222M->222M(320M) 0.062ms
[236.189s][info][gc] GC(3512) Concurrent Mark Cycle 89.506ms
[236.216s][info][gc] GC(3515) Pause Young (Prepare Mixed) (G1 Evacuation Pause) 293M->193M(320M) 1.452ms
[236.252s][info][gc] GC(3516) Pause Young (Mixed) (G1 Evacuation Pause) 294M->193M(349M) 1.498ms
[236.297s][info][gc] GC(3517) Pause Young (Normal) (G1 Evacuation Pause) 322M->194M(349M) 1.464ms
[236.342s][info][gc] GC(3518) Pause Young (Normal) (G1 Evacuation Pause) 321M->195M(349M) 1.628ms
[236.384s][info][gc] GC(3519) Pause Young (Concurrent Start) (G1 Evacuation Pause) 320M->195M(349M) 1.535ms
[236.384s][info][gc] GC(3520) Concurrent Mark Cycle
[236.423s][info][gc] GC(3520) Pause Remark 272M->272M(349M) 0.668ms
[236.454s][info][gc] GC(3520) Pause Cleanup 316M->316M(349M) 0.067ms
[236.454s][info][gc] GC(3520) Concurrent Mark Cycle 70.007ms
[236.460s][info][gc] GC(3521) Pause Young (Prepare Mixed) (G1 Evacuation Pause) 319M->194M(349M) 1.300ms
[236.611s][info][gc] GC(3522) Pause Young (Mixed) (G1 Evacuation Pause) 321M->195M(349M) 1.245ms
[236.725s][info][gc] GC(3523) Pause Young (Concurrent Start) (G1 Evacuation Pause) 321M->196M(349M) 1.437ms
[236.725s][info][gc] GC(3524) Concurrent Mark Cycle
[236.731s][info][gc] GC(3524) Pause Remark 204M->74M(227M) 0.425ms
[236.733s][info][gc] GC(3524) Pause Cleanup 76M->76M(227M) 0.061ms
[236.733s][info][gc] GC(3524) Concurrent Mark Cycle 7.629ms
[236.847s][info][gc] GC(3525) Pause Young (Prepare Mixed) (G1 Evacuation Pause) 191M->67M(227M) 1.405ms
[236.982s][info][gc] GC(3526) Pause Young (Mixed) (G1 Evacuation Pause) 194M->52M(227M) 1.396ms
[237.100s][info][gc] GC(3527) Pause Young (Normal) (G1 Evacuation Pause) 177M->53M(227M) 1.297ms
[237.219s][info][gc] GC(3528) Pause Young (Normal) (G1 Evacuation Pause) 179M->55M(227M) 1.176ms
[237.348s][info][gc] GC(3529) Pause Young (Normal) (G1 Evacuation Pause) 180M->55M(227M) 1.493ms
[237.462s][info][gc] GC(3530) Pause Young (Normal) (G1 Evacuation Pause) 180M->57M(227M) 1.310ms
[237.579s][info][gc] GC(3531) Pause Young (Normal) (G1 Evacuation Pause) 183M->57M(227M) 1.233ms
[237.706s][info][gc] GC(3532) Pause Young (Normal) (G1 Evacuation Pause) 183M->59M(227M) 1.192ms
[237.822s][info][gc] GC(3533) Pause Young (Normal) (G1 Evacuation Pause) 184M->60M(227M) 1.203ms
[237.942s][info][gc] GC(3534) Pause Young (Normal) (G1 Evacuation Pause) 185M->61M(227M) 1.169ms
[238.067s][info][gc] GC(3535) Pause Young (Normal) (G1 Evacuation Pause) 186M->61M(227M) 1.187ms
[238.188s][info][gc] GC(3536) Pause Young (Normal) (G1 Evacuation Pause) 187M->63M(227M) 1.207ms
[238.305s][info][gc] GC(3537) Pause Young (Normal) (G1 Evacuation Pause) 188M->64M(227M) 1.175ms
[238.430s][info][gc] GC(3538) Pause Young (Normal) (G1 Evacuation Pause) 190M->65M(227M) 1.320ms
[238.549s][info][gc] GC(3539) Pause Young (Normal) (G1 Evacuation Pause) 190M->66M(227M) 1.206ms
[238.671s][info][gc] GC(3540) Pause Young (Normal) (G1 Evacuation Pause) 191M->67M(227M) 1.198ms
[238.795s][info][gc] GC(3541) Pause Young (Normal) (G1 Evacuation Pause) 193M->68M(227M) 1.197ms
[238.910s][info][gc] GC(3542) Pause Young (Normal) (G1 Evacuation Pause) 193M->69M(227M) 1.297ms
[239.030s][info][gc] GC(3543) Pause Young (Normal) (G1 Evacuation Pause) 195M->70M(227M) 1.273ms
[239.154s][info][gc] GC(3544) Pause Young (Normal) (G1 Evacuation Pause) 196M->71M(227M) 1.188ms
[239.274s][info][gc] GC(3545) Pause Young (Normal) (G1 Evacuation Pause) 197M->72M(227M) 1.189ms
[239.394s][info][gc] GC(3546) Pause Young (Normal) (G1 Evacuation Pause) 198M->73M(227M) 1.243ms
[239.518s][info][gc] GC(3547) Pause Young (Normal) (G1 Evacuation Pause) 199M->74M(227M) 1.150ms
[239.640s][info][gc] GC(3548) Pause Young (Normal) (G1 Evacuation Pause) 200M->75M(227M) 1.331ms
[239.761s][info][gc] GC(3549) Pause Young (Normal) (G1 Evacuation Pause) 201M->77M(227M) 1.229ms
[239.887s][info][gc] GC(3550) Pause Young (Normal) (G1 Evacuation Pause) 202M->78M(227M) 1.199ms
[240.001s][info][gc] GC(3551) Pause Young (Normal) (G1 Evacuation Pause) 202M->79M(227M) 1.284ms
[240.118s][info][gc] GC(3552) Pause Young (Normal) (G1 Evacuation Pause) 202M->80M(227M) 1.169ms
[240.231s][info][gc] GC(3553) Pause Young (Normal) (G1 Evacuation Pause) 202M->81M(227M) 1.286ms
[240.355s][info][gc] GC(3554) Pause Young (Normal) (G1 Evacuation Pause) 204M->82M(227M) 1.167ms
[240.471s][info][gc] GC(3555) Pause Young (Normal) (G1 Evacuation Pause) 204M->83M(227M) 1.202ms
[240.582s][info][gc] GC(3556) Pause Young (Normal) (G1 Evacuation Pause) 202M->84M(227M) 1.279ms
[240.705s][info][gc] GC(3557) Pause Young (Normal) (G1 Evacuation Pause) 204M->85M(227M) 1.315ms
[240.822s][info][gc] GC(3558) Pause Young (Normal) (G1 Evacuation Pause) 204M->86M(227M) 1.203ms
[240.937s][info][gc] GC(3559) Pause Young (Normal) (G1 Evacuation Pause) 204M->87M(227M) 1.161ms
[241.047s][info][gc] GC(3560) Pause Young (Concurrent Start) (G1 Evacuation Pause) 204M->88M(227M) 1.255ms
[241.047s][info][gc] GC(3561) Concurrent Mark Cycle
[241.055s][info][gc] GC(3561) Pause Remark 99M->95M(227M) 0.418ms
[241.060s][info][gc] GC(3561) Pause Cleanup 99M->99M(227M) 0.063ms
[241.061s][info][gc] GC(3561) Concurrent Mark Cycle 13.882ms
[241.212s][info][gc] GC(3562) Pause Young (Prepare Mixed) (G1 Evacuation Pause) 200M->83M(227M) 1.005ms
[241.347s][info][gc] GC(3563) Pause Young (Mixed) (G1 Evacuation Pause) 204M->86M(227M) 1.520ms
[241.406s][info][gc] GC(3564) Pause Young (Normal) (G1 Evacuation Pause) 200M->87M(227M) 1.440ms
[241.462s][info][gc] GC(3565) Pause Young (Concurrent Start) (G1 Evacuation Pause) 204M->88M(227M) 1.388ms
[241.462s][info][gc] GC(3566) Concurrent Mark Cycle
[241.468s][info][gc] GC(3566) Pause Remark 98M->64M(184M) 0.445ms
[241.471s][info][gc] GC(3566) Pause Cleanup 71M->71M(184M) 0.056ms
[241.471s][info][gc] GC(3566) Concurrent Mark Cycle 8.398ms
[241.519s][info][gc] GC(3567) Pause Young (Prepare Mixed) (G1 Evacuation Pause) 154M->54M(184M) 1.253ms
[241.564s][info][gc] GC(3568) Pause Young (Mixed) (G1 Evacuation Pause) 156M->50M(184M) 1.170ms
[241.618s][info][gc] GC(3569) Pause Young (Normal) (G1 Evacuation Pause) 152M->51M(184M) 1.023ms
[241.664s][info][gc] GC(3570) Pause Young (Normal) (G1 Evacuation Pause) 153M->52M(184M) 1.135ms
[241.720s][info][gc] GC(3571) Pause Young (Normal) (G1 Evacuation Pause) 153M->53M(184M) 1.139ms
[241.765s][info][gc] GC(3572) Pause Young (Normal) (G1 Evacuation Pause) 154M->53M(184M) 1.252ms
[241.820s][info][gc] GC(3573) Pause Young (Normal) (G1 Evacuation Pause) 154M->54M(184M) 1.095ms
[241.867s][info][gc] GC(3574) Pause Young (Normal) (G1 Evacuation Pause) 155M->54M(184M) 0.998ms
[241.923s][info][gc] GC(3575) Pause Young (Normal) (G1 Evacuation Pause) 157M->56M(184M) 1.069ms
[241.971s][info][gc] GC(3576) Pause Young (Normal) (G1 Evacuation Pause) 156M->56M(184M) 1.058ms
[242.024s][info][gc] GC(3577) Pause Young (Normal) (G1 Evacuation Pause) 158M->58M(184M) 1.144ms
[242.076s][info][gc] GC(3578) Pause Young (Normal) (G1 Evacuation Pause) 158M->58M(184M) 1.223ms
[242.123s][info][gc] GC(3579) Pause Young (Normal) (G1 Evacuation Pause) 159M->59M(184M) 1.104ms
[242.176s][info][gc] GC(3580) Pause Young (Normal) (G1 Evacuation Pause) 160M->60M(184M) 1.109ms
[242.225s][info][gc] GC(3581) Pause Young (Normal) (G1 Evacuation Pause) 161M->61M(184M) 1.114ms
[242.279s][info][gc] GC(3582) Pause Young (Normal) (G1 Evacuation Pause) 162M->62M(184M) 1.164ms
[242.325s][info][gc] GC(3583) Pause Young (Normal) (G1 Evacuation Pause) 164M->62M(184M) 1.013ms
[242.378s][info][gc] GC(3584) Pause Young (Normal) (G1 Evacuation Pause) 164M->63M(184M) 1.077ms
[242.427s][info][gc] GC(3585) Pause Young (Normal) (G1 Evacuation Pause) 165M->64M(184M) 1.094ms
[242.480s][info][gc] GC(3586) Pause Young (Normal) (G1 Evacuation Pause) 165M->65M(184M) 1.198ms
[242.524s][info][gc] GC(3587) Pause Young (Normal) (G1 Evacuation Pause) 163M->66M(184M) 1.160ms
[242.587s][info][gc] GC(3588) Pause Young (Normal) (G1 Evacuation Pause) 165M->67M(184M) 1.369ms
[242.641s][info][gc] GC(3589) Pause Young (Normal) (G1 Evacuation Pause) 163M->68M(184M) 1.206ms
[242.702s][info][gc] GC(3590) Pause Young (Normal) (G1 Evacuation Pause) 164M->69M(184M) 1.123ms
[242.744s][info][gc] GC(3591) Pause Young (Normal) (G1 Evacuation Pause) 164M->69M(184M) 1.083ms
[242.797s][info][gc] GC(3592) Pause Young (Concurrent Start) (G1 Evacuation Pause) 164M->70M(184M) 1.157ms
[242.797s][info][gc] GC(3593) Concurrent Mark Cycle
[242.806s][info][gc] GC(3593) Pause Remark 90M->88M(184M) 0.409ms
[242.812s][info][gc] GC(3593) Pause Cleanup 97M->97M(184M) 0.054ms
[242.812s][info][gc] GC(3593) Concurrent Mark Cycle 15.161ms
[242.843s][info][gc] GC(3594) Pause Young (Prepare Mixed) (G1 Evacuation Pause) 163M->69M(184M) 1.184ms
[242.898s][info][gc] GC(3595) Pause Young (Mixed) (G1 Evacuation Pause) 165M->67M(184M) 1.081ms
[242.942s][info][gc] GC(3596) Pause Young (Normal) (G1 Evacuation Pause) 165M->67M(184M) 1.162ms
[242.997s][info][gc] GC(3597) Pause Young (Normal) (G1 Evacuation Pause) 164M->69M(184M) 1.279ms
[243.040s][info][gc] GC(3598) Pause Young (Normal) (G1 Evacuation Pause) 164M->69M(184M) 1.079ms
[243.094s][info][gc] GC(3599) Pause Young (Concurrent Start) (G1 Evacuation Pause) 164M->70M(184M) 1.224ms
[243.094s][info][gc] GC(3600) Concurrent Mark Cycle
[243.104s][info][gc] GC(3600) Pause Remark 87M->87M(184M) 0.414ms
[243.112s][info][gc] GC(3600) Pause Cleanup 102M->102M(184M) 0.056ms
[243.112s][info][gc] GC(3600) Concurrent Mark Cycle 18.150ms
[243.139s][info][gc] GC(3601) Pause Young (Prepare Mixed) (G1 Evacuation Pause) 165M->71M(184M) 1.151ms
[243.194s][info][gc] GC(3602) Pause Young (Mixed) (G1 Evacuation Pause) 165M->70M(184M) 1.060ms
[243.237s][info][gc] GC(3603) Pause Young (Concurrent Start) (G1 Evacuation Pause) 165M->70M(184M) 1.058ms
[243.237s][info][gc] GC(3604) Concurrent Mark Cycle
[243.249s][info][gc] GC(3604) Pause Remark 89M->89M(184M) 0.400ms
[243.258s][info][gc] GC(3604) Pause Cleanup 95M->95M(184M) 0.060ms
[243.259s][info][gc] GC(3604) Concurrent Mark Cycle 21.996ms
[243.294s][info][gc] GC(3605) Pause Young (Prepare Mixed) (G1 Evacuation Pause) 164M->72M(184M) 1.162ms
[243.338s][info][gc] GC(3606) Pause Young (Mixed) (G1 Evacuation Pause) 164M->71M(184M) 1.080ms
[243.389s][info][gc] GC(3607) Pause Young (Concurrent Start) (G1 Evacuation Pause) 165M->72M(184M) 1.114ms
[243.389s][info][gc] GC(3608) Concurrent Mark Cycle
[243.400s][info][gc] GC(3608) Pause Remark 85M->85M(184M) 0.455ms
[243.406s][info][gc] GC(3608) Pause Cleanup 93M->93M(184M) 0.050ms
[243.406s][info][gc] GC(3608) Concurrent Mark Cycle 17.064ms
[243.437s][info][gc] GC(3609) Pause Young (Prepare Mixed) (G1 Evacuation Pause) 165M->72M(184M) 1.012ms
[243.487s][info][gc] GC(3610) Pause Young (Mixed) (G1 Evacuation Pause) 164M->72M(184M) 1.081ms
[243.531s][info][gc] GC(3611) Pause Young (Concurrent Start) (G1 Evacuation Pause) 165M->73M(184M) 1.095ms
[243.531s][info][gc] GC(3612) Concurrent Mark Cycle
[243.542s][info][gc] GC(3612) Pause Remark 98M->98M(184M) 0.509ms
[243.551s][info][gc] GC(3612) Pause Cleanup 109M->109M(184M) 0.050ms
[243.551s][info][gc] GC(3612) Concurrent Mark Cycle 19.739ms
[243.584s][info][gc] GC(3613) Pause Young (Prepare Mixed) (G1 Evacuation Pause) 165M->74M(184M) 1.227ms
[243.629s][info][gc] GC(3614) Pause Young (Mixed) (G1 Evacuation Pause) 165M->73M(184M) 1.059ms
[243.679s][info][gc] GC(3615) Pause Young (Concurrent Start) (G1 Evacuation Pause) 164M->75M(184M) 1.265ms
[243.679s][info][gc] GC(3616) Concurrent Mark Cycle
[243.691s][info][gc] GC(3616) Pause Remark 96M->96M(184M) 0.440ms
[243.699s][info][gc] GC(3616) Pause Cleanup 110M->110M(184M) 0.053ms
[243.699s][info][gc] GC(3616) Concurrent Mark Cycle 20.747ms
[243.725s][info][gc] GC(3617) Pause Young (Prepare Mixed) (G1 Evacuation Pause) 164M->75M(184M) 1.259ms
[243.902s][info][gc] GC(3618) Pause Young (Mixed) (G1 Evacuation Pause) 165M->76M(184M) 1.167ms
[243.944s][info][gc] GC(3619) Pause Young (Concurrent Start) (G1 Evacuation Pause) 165M->77M(184M) 1.104ms
[243.944s][info][gc] GC(3620) Concurrent Mark Cycle
[243.949s][info][gc] GC(3620) Pause Remark 88M->61M(174M) 0.412ms
[243.951s][info][gc] GC(3620) Pause Cleanup 64M->64M(174M) 0.057ms
[243.952s][info][gc] GC(3620) Concurrent Mark Cycle 8.019ms
[243.986s][info][gc] GC(3621) Pause Young (Prepare Mixed) (G1 Evacuation Pause) 137M->49M(174M) 0.990ms
[244.041s][info][gc] GC(3622) Pause Young (Mixed) (G1 Evacuation Pause) 147M->49M(208M) 1.193ms
[244.102s][info][gc] GC(3623) Pause Young (Normal) (G1 Evacuation Pause) 165M->49M(208M) 1.153ms
[244.156s][info][gc] GC(3624) Pause Young (Normal) (G1 Evacuation Pause) 164M->51M(208M) 1.192ms
[244.217s][info][gc] GC(3625) Pause Young (Normal) (G1 Evacuation Pause) 165M->51M(208M) 1.421ms
[244.270s][info][gc] GC(3626) Pause Young (Normal) (G1 Evacuation Pause) 167M->52M(208M) 1.181ms
[244.335s][info][gc] GC(3627) Pause Young (Normal) (G1 Evacuation Pause) 167M->54M(208M) 1.163ms
[244.397s][info][gc] GC(3628) Pause Young (Normal) (G1 Evacuation Pause) 168M->54M(208M) 1.311ms
[244.450s][info][gc] GC(3629) Pause Young (Normal) (G1 Evacuation Pause) 168M->55M(208M) 1.286ms
[244.509s][info][gc] GC(3630) Pause Young (Normal) (G1 Evacuation Pause) 170M->56M(208M) 1.322ms
[244.563s][info][gc] GC(3631) Pause Young (Normal) (G1 Evacuation Pause) 170M->56M(208M) 1.163ms
[244.629s][info][gc] GC(3632) Pause Young (Normal) (G1 Evacuation Pause) 171M->58M(208M) 1.191ms
[244.689s][info][gc] GC(3633) Pause Young (Normal) (G1 Evacuation Pause) 171M->59M(208M) 1.209ms
[244.744s][info][gc] GC(3634) Pause Young (Normal) (G1 Evacuation Pause) 173M->60M(208M) 1.108ms
[244.807s][info][gc] GC(3635) Pause Young (Normal) (G1 Evacuation Pause) 175M->61M(208M) 1.180ms
[244.863s][info][gc] GC(3636) Pause Young (Normal) (G1 Evacuation Pause) 176M->61M(208M) 1.115ms
[244.925s][info][gc] GC(3637) Pause Young (Normal) (G1 Evacuation Pause) 176M->63M(208M) 1.403ms
[244.989s][info][gc] GC(3638) Pause Young (Normal) (G1 Evacuation Pause) 177M->64M(208M) 1.252ms
[245.046s][info][gc] GC(3639) Pause Young (Normal) (G1 Evacuation Pause) 178M->65M(208M) 1.307ms
[245.106s][info][gc] GC(3640) Pause Young (Normal) (G1 Evacuation Pause) 180M->66M(208M) 1.168ms
[245.162s][info][gc] GC(3641) Pause Young (Normal) (G1 Evacuation Pause) 181M->66M(208M) 1.164ms
[245.225s][info][gc] GC(3642) Pause Young (Normal) (G1 Evacuation Pause) 181M->67M(208M) 1.397ms
[245.286s][info][gc] GC(3643) Pause Young (Normal) (G1 Evacuation Pause) 180M->68M(208M) 1.277ms
[245.339s][info][gc] GC(3644) Pause Young (Normal) (G1 Evacuation Pause) 183M->69M(208M) 1.137ms
[245.403s][info][gc] GC(3645) Pause Young (Normal) (G1 Evacuation Pause) 184M->71M(208M) 1.194ms
[245.456s][info][gc] GC(3646) Pause Young (Normal) (G1 Evacuation Pause) 184M->70M(208M) 1.098ms
[245.516s][info][gc] GC(3647) Pause Young (Normal) (G1 Evacuation Pause) 186M->72M(208M) 1.249ms
[245.581s][info][gc] GC(3648) Pause Young (Normal) (G1 Evacuation Pause) 185M->73M(208M) 1.182ms
[245.629s][info][gc] GC(3649) Pause Young (Normal) (G1 Evacuation Pause) 183M->74M(208M) 1.230ms
[245.692s][info][gc] GC(3650) Pause Young (Normal) (G1 Evacuation Pause) 186M->75M(208M) 1.321ms
[245.746s][info][gc] GC(3651) Pause Young (Normal) (G1 Evacuation Pause) 185M->75M(208M) 1.343ms
[245.807s][info][gc] GC(3652) Pause Young (Normal) (G1 Evacuation Pause) 185M->77M(208M) 1.198ms
[245.865s][info][gc] GC(3653) Pause Young (Normal) (G1 Evacuation Pause) 185M->77M(208M) 1.352ms
[245.917s][info][gc] GC(3654) Pause Young (Concurrent Start) (G1 Evacuation Pause) 186M->78M(208M) 1.179ms
[245.917s][info][gc] GC(3655) Concurrent Mark Cycle
[245.929s][info][gc] GC(3655) Pause Remark 106M->104M(208M) 0.423ms
[245.939s][info][gc] GC(3655) Pause Cleanup 119M->119M(208M) 0.060ms
[245.939s][info][gc] GC(3655) Concurrent Mark Cycle 22.289ms
[245.981s][info][gc] GC(3656) Pause Young (Prepare Mixed) (G1 Evacuation Pause) 184M->77M(208M) 1.364ms
[246.031s][info][gc] GC(3657) Pause Young (Mixed) (G1 Evacuation Pause) 187M->76M(208M) 1.302ms
[246.096s][info][gc] GC(3658) Pause Young (Normal) (G1 Evacuation Pause) 187M->77M(208M) 1.380ms
[246.153s][info][gc] GC(3659) Pause Young (Normal) (G1 Evacuation Pause) 186M->77M(208M) 1.177ms
[246.209s][info][gc] GC(3660) Pause Young (Concurrent Start) (G1 Evacuation Pause) 186M->78M(208M) 1.352ms
[246.209s][info][gc] GC(3661) Concurrent Mark Cycle
[246.221s][info][gc] GC(3661) Pause Remark 101M->101M(208M) 0.399ms
[246.231s][info][gc] GC(3661) Pause Cleanup 121M->121M(208M) 0.054ms
[246.231s][info][gc] GC(3661) Concurrent Mark Cycle 21.991ms
[246.271s][info][gc] GC(3662) Pause Young (Prepare Mixed) (G1 Evacuation Pause) 185M->79M(208M) 1.154ms
[246.319s][info][gc] GC(3663) Pause Young (Mixed) (G1 Evacuation Pause) 187M->78M(208M) 1.113ms
[246.512s][info][gc] GC(3664) Pause Young (Concurrent Start) (G1 Evacuation Pause) 187M->79M(208M) 1.385ms
[246.513s][info][gc] GC(3665) Concurrent Mark Cycle
[246.519s][info][gc] GC(3665) Pause Remark 93M->64M(170M) 0.423ms
[246.520s][info][gc] GC(3665) Pause Cleanup 67M->67M(170M) 0.048ms
[246.521s][info][gc] GC(3665) Concurrent Mark Cycle 7.992ms
[246.567s][info][gc] GC(3666) Pause Young (Prepare Mixed) (G1 Evacuation Pause) 157M->52M(170M) 1.438ms
[246.618s][info][gc] GC(3667) Pause Young (Mixed) (G1 Evacuation Pause) 144M->50M(170M) 1.209ms
[246.663s][info][gc] GC(3668) Pause Young (Normal) (G1 Evacuation Pause) 144M->50M(170M) 1.216ms
[246.714s][info][gc] GC(3669) Pause Young (Normal) (G1 Evacuation Pause) 144M->51M(204M) 1.085ms
[246.769s][info][gc] GC(3670) Pause Young (Normal) (G1 Evacuation Pause) 165M->52M(204M) 1.167ms
[246.831s][info][gc] GC(3671) Pause Young (Normal) (G1 Evacuation Pause) 164M->54M(204M) 1.424ms
[246.882s][info][gc] GC(3672) Pause Young (Normal) (G1 Evacuation Pause) 167M->54M(204M) 1.318ms
[246.946s][info][gc] GC(3673) Pause Young (Normal) (G1 Evacuation Pause) 167M->55M(204M) 1.274ms
[247.007s][info][gc] GC(3674) Pause Young (Normal) (G1 Evacuation Pause) 166M->56M(204M) 1.263ms
[247.057s][info][gc] GC(3675) Pause Young (Normal) (G1 Evacuation Pause) 167M->57M(204M) 1.195ms
[247.117s][info][gc] GC(3676) Pause Young (Normal) (G1 Evacuation Pause) 169M->58M(204M) 1.292ms
[247.170s][info][gc] GC(3677) Pause Young (Normal) (G1 Evacuation Pause) 170M->58M(204M) 1.092ms
[247.231s][info][gc] GC(3678) Pause Young (Normal) (G1 Evacuation Pause) 171M->59M(204M) 1.245ms
[247.292s][info][gc] GC(3679) Pause Young (Normal) (G1 Evacuation Pause) 170M->60M(204M) 1.215ms
[247.345s][info][gc] GC(3680) Pause Young (Normal) (G1 Evacuation Pause) 172M->61M(204M) 1.318ms
[247.405s][info][gc] GC(3681) Pause Young (Normal) (G1 Evacuation Pause) 173M->63M(204M) 1.174ms
[247.458s][info][gc] GC(3682) Pause Young (Normal) (G1 Evacuation Pause) 175M->63M(204M) 1.200ms
[247.518s][info][gc] GC(3683) Pause Young (Normal) (G1 Evacuation Pause) 176M->64M(204M) 1.176ms
[247.573s][info][gc] GC(3684) Pause Young (Normal) (G1 Evacuation Pause) 176M->65M(204M) 1.149ms
[247.628s][info][gc] GC(3685) Pause Young (Normal) (G1 Evacuation Pause) 177M->66M(204M) 1.189ms
[247.692s][info][gc] GC(3686) Pause Young (Normal) (G1 Evacuation Pause) 178M->67M(204M) 1.334ms
[247.742s][info][gc] GC(3687) Pause Young (Normal) (G1 Evacuation Pause) 179M->67M(204M) 1.232ms
[247.807s][info][gc] GC(3688) Pause Young (Normal) (G1 Evacuation Pause) 180M->69M(204M) 1.255ms
[247.861s][info][gc] GC(3689) Pause Young (Normal) (G1 Evacuation Pause) 180M->69M(204M) 1.179ms
[247.921s][info][gc] GC(3690) Pause Young (Normal) (G1 Evacuation Pause) 182M->71M(204M) 1.215ms
[247.978s][info][gc] GC(3691) Pause Young (Normal) (G1 Evacuation Pause) 182M->71M(204M) 1.171ms
[248.034s][info][gc] GC(3692) Pause Young (Normal) (G1 Evacuation Pause) 184M->72M(204M) 1.181ms
[248.096s][info][gc] GC(3693) Pause Young (Normal) (G1 Evacuation Pause) 181M->73M(204M) 1.272ms
[248.147s][info][gc] GC(3694) Pause Young (Normal) (G1 Evacuation Pause) 182M->74M(204M) 1.127ms
[248.202s][info][gc] GC(3695) Pause Young (Normal) (G1 Evacuation Pause) 183M->75M(204M) 1.149ms
[248.256s][info][gc] GC(3696) Pause Young (Normal) (G1 Evacuation Pause) 183M->76M(204M) 1.154ms
[248.309s][info][gc] GC(3697) Pause Young (Normal) (G1 Evacuation Pause) 183M->76M(204M) 1.245ms
[248.364s][info][gc] GC(3698) Pause Young (Concurrent Start) (G1 Evacuation Pause) 182M->77M(204M) 1.093ms
[248.364s][info][gc] GC(3699) Concurrent Mark Cycle
[248.374s][info][gc] GC(3699) Pause Remark 92M->89M(204M) 0.425ms
[248.380s][info][gc] GC(3699) Pause Cleanup 100M->100M(204M) 0.057ms
[248.380s][info][gc] GC(3699) Concurrent Mark Cycle 15.848ms
[248.422s][info][gc] GC(3700) Pause Young (Prepare Mixed) (G1 Evacuation Pause) 180M->76M(204M) 1.160ms
[248.478s][info][gc] GC(3701) Pause Young (Mixed) (G1 Evacuation Pause) 182M->74M(204M) 1.166ms
[248.532s][info][gc] GC(3702) Pause Young (Normal) (G1 Evacuation Pause) 183M->74M(204M) 1.053ms
[248.590s][info][gc] GC(3703) Pause Young (Normal) (G1 Evacuation Pause) 183M->75M(204M) 1.116ms
[248.643s][info][gc] GC(3704) Pause Young (Normal) (G1 Evacuation Pause) 181M->76M(204M) 1.242ms
[248.697s][info][gc] GC(3705) Pause Young (Normal) (G1 Evacuation Pause) 181M->78M(204M) 1.225ms
[248.752s][info][gc] GC(3706) Pause Young (Concurrent Start) (G1 Evacuation Pause) 183M->78M(204M) 1.119ms
[248.752s][info][gc] GC(3707) Concurrent Mark Cycle
[248.765s][info][gc] GC(3707) Pause Remark 99M->99M(204M) 0.384ms
[248.771s][info][gc] GC(3707) Pause Cleanup 105M->105M(204M) 0.054ms
[248.771s][info][gc] GC(3707) Concurrent Mark Cycle 18.985ms
[248.809s][info][gc] GC(3708) Pause Young (Prepare Mixed) (G1 Evacuation Pause) 182M->79M(204M) 1.281ms
[248.863s][info][gc] GC(3709) Pause Young (Mixed) (G1 Evacuation Pause) 181M->78M(204M) 1.101ms
[248.915s][info][gc] GC(3710) Pause Young (Concurrent Start) (G1 Evacuation Pause) 184M->79M(204M) 1.180ms
[248.915s][info][gc] GC(3711) Concurrent Mark Cycle
[248.926s][info][gc] GC(3711) Pause Remark 95M->95M(204M) 0.476ms
[248.931s][info][gc] GC(3711) Pause Cleanup 99M->99M(204M) 0.039ms
[248.931s][info][gc] GC(3711) Concurrent Mark Cycle 16.623ms
[249.110s][info][gc] GC(3712) Pause Young (Prepare Mixed) (G1 Evacuation Pause) 183M->81M(204M) 1.251ms
[249.157s][info][gc] GC(3713) Pause Young (Mixed) (G1 Evacuation Pause) 182M->81M(204M) 1.227ms
[249.209s][info][gc] GC(3714) Pause Young (Concurrent Start) (G1 Evacuation Pause) 183M->81M(204M) 1.163ms
[249.209s][info][gc] GC(3715) Concurrent Mark Cycle
[249.214s][info][gc] GC(3715) Pause Remark 92M->61M(174M) 0.402ms
[249.217s][info][gc] GC(3715) Pause Cleanup 66M->66M(174M) 0.057ms
[249.217s][info][gc] GC(3715) Concurrent Mark Cycle 8.259ms
[249.261s][info][gc] GC(3716) Pause Young (Prepare Mixed) (G1 Evacuation Pause) 151M->51M(174M) 1.236ms
[249.312s][info][gc] GC(3717) Pause Young (Mixed) (G1 Evacuation Pause) 146M->49M(174M) 1.228ms
[249.358s][info][gc] GC(3718) Pause Young (Normal) (G1 Evacuation Pause) 146M->50M(174M) 0.952ms
[249.412s][info][gc] GC(3719) Pause Young (Normal) (G1 Evacuation Pause) 146M->51M(174M) 1.242ms
[249.454s][info][gc] GC(3720) Pause Young (Normal) (G1 Evacuation Pause) 147M->51M(174M) 1.062ms
[249.507s][info][gc] GC(3721) Pause Young (Normal) (G1 Evacuation Pause) 148M->53M(174M) 1.067ms
[249.551s][info][gc] GC(3722) Pause Young (Normal) (G1 Evacuation Pause) 148M->53M(174M) 1.081ms
[249.604s][info][gc] GC(3723) Pause Young (Normal) (G1 Evacuation Pause) 150M->54M(174M) 1.047ms
[249.647s][info][gc] GC(3724) Pause Young (Normal) (G1 Evacuation Pause) 149M->55M(174M) 1.161ms
[249.700s][info][gc] GC(3725) Pause Young (Normal) (G1 Evacuation Pause) 151M->56M(174M) 1.036ms
[249.743s][info][gc] GC(3726) Pause Young (Normal) (G1 Evacuation Pause) 151M->56M(174M) 1.145ms
[249.797s][info][gc] GC(3727) Pause Young (Normal) (G1 Evacuation Pause) 153M->57M(174M) 1.228ms
[249.842s][info][gc] GC(3728) Pause Young (Normal) (G1 Evacuation Pause) 153M->58M(174M) 1.066ms
[249.894s][info][gc] GC(3729) Pause Young (Normal) (G1 Evacuation Pause) 154M->59M(174M) 1.232ms
[249.940s][info][gc] GC(3730) Pause Young (Normal) (G1 Evacuation Pause) 155M->60M(174M) 1.129ms
[249.991s][info][gc] GC(3731) Pause Young (Normal) (G1 Evacuation Pause) 155M->60M(174M) 1.030ms
[250.035s][info][gc] GC(3732) Pause Young (Normal) (G1 Evacuation Pause) 154M->60M(174M) 1.000ms
[250.086s][info][gc] GC(3733) Pause Young (Normal) (G1 Evacuation Pause) 155M->62M(174M) 1.077ms
[250.128s][info][gc] GC(3734) Pause Young (Normal) (G1 Evacuation Pause) 153M->63M(174M) 1.123ms
[250.176s][info][gc] GC(3735) Pause Young (Normal) (G1 Evacuation Pause) 155M->63M(174M) 1.059ms
[250.221s][info][gc] GC(3736) Pause Young (Normal) (G1 Evacuation Pause) 154M->64M(174M) 1.030ms
[250.269s][info][gc] GC(3737) Pause Young (Concurrent Start) (G1 Evacuation Pause) 154M->64M(174M) 1.079ms
[250.269s][info][gc] GC(3738) Concurrent Mark Cycle
[250.277s][info][gc] GC(3738) Pause Remark 83M->82M(174M) 0.432ms
[250.283s][info][gc] GC(3738) Pause Cleanup 92M->92M(174M) 0.052ms
[250.283s][info][gc] GC(3738) Concurrent Mark Cycle 13.973ms
[250.314s][info][gc] GC(3739) Pause Young (Prepare Mixed) (G1 Evacuation Pause) 154M->64M(174M) 1.023ms
[250.360s][info][gc] GC(3740) Pause Young (Mixed) (G1 Evacuation Pause) 154M->62M(174M) 1.146ms
[250.406s][info][gc] GC(3741) Pause Young (Normal) (G1 Evacuation Pause) 154M->64M(174M) 1.076ms
[250.455s][info][gc] GC(3742) Pause Young (Normal) (G1 Evacuation Pause) 155M->64M(174M) 1.043ms
[250.497s][info][gc] GC(3743) Pause Young (Concurrent Start) (G1 Evacuation Pause) 156M->64M(174M) 0.993ms
[250.497s][info][gc] GC(3744) Concurrent Mark Cycle
[250.506s][info][gc] GC(3744) Pause Remark 79M->79M(174M) 0.400ms
[250.514s][info][gc] GC(3744) Pause Cleanup 100M->100M(174M) 0.064ms
[250.514s][info][gc] GC(3744) Concurrent Mark Cycle 17.784ms
[250.549s][info][gc] GC(3745) Pause Young (Prepare Mixed) (G1 Evacuation Pause) 154M->65M(174M) 1.099ms
[250.590s][info][gc] GC(3746) Pause Young (Mixed) (G1 Evacuation Pause) 154M->65M(174M) 1.121ms
[250.642s][info][gc] GC(3747) Pause Young (Concurrent Start) (G1 Evacuation Pause) 155M->66M(174M) 1.092ms
[250.642s][info][gc] GC(3748) Concurrent Mark Cycle
[250.652s][info][gc] GC(3748) Pause Remark 87M->87M(174M) 0.422ms
[250.661s][info][gc] GC(3748) Pause Cleanup 105M->105M(174M) 0.052ms
[250.661s][info][gc] GC(3748) Concurrent Mark Cycle 18.831ms
[250.684s][info][gc] GC(3749) Pause Young (Prepare Mixed) (G1 Evacuation Pause) 155M->66M(174M) 1.083ms
[250.726s][info][gc] GC(3750) Pause Young (Mixed) (G1 Evacuation Pause) 154M->64M(208M) 1.032ms
[250.788s][info][gc] GC(3751) Pause Young (Normal) (G1 Evacuation Pause) 182M->67M(208M) 1.055ms
[250.848s][info][gc] GC(3752) Pause Young (Normal) (G1 Evacuation Pause) 183M->67M(208M) 1.207ms
[250.904s][info][gc] GC(3753) Pause Young (Normal) (G1 Evacuation Pause) 182M->69M(208M) 1.148ms
[250.964s][info][gc] GC(3754) Pause Young (Normal) (G1 Evacuation Pause) 183M->70M(208M) 1.228ms
[251.027s][info][gc] GC(3755) Pause Young (Normal) (G1 Evacuation Pause) 184M->71M(208M) 1.216ms
[251.087s][info][gc] GC(3756) Pause Young (Normal) (G1 Evacuation Pause) 185M->72M(208M) 1.371ms
[251.151s][info][gc] GC(3757) Pause Young (Normal) (G1 Evacuation Pause) 186M->73M(208M) 1.498ms
[251.209s][info][gc] GC(3758) Pause Young (Normal) (G1 Evacuation Pause) 187M->74M(208M) 1.220ms
[251.274s][info][gc] GC(3759) Pause Young (Normal) (G1 Evacuation Pause) 186M->75M(208M) 1.260ms
[251.331s][info][gc] GC(3760) Pause Young (Normal) (G1 Evacuation Pause) 184M->75M(208M) 1.179ms
[251.389s][info][gc] GC(3761) Pause Young (Normal) (G1 Evacuation Pause) 186M->76M(208M) 1.229ms
[251.450s][info][gc] GC(3762) Pause Young (Normal) (G1 Evacuation Pause) 185M->77M(208M) 1.275ms
[251.500s][info][gc] GC(3763) Pause Young (Normal) (G1 Evacuation Pause) 186M->78M(208M) 1.282ms
[251.689s][info][gc] GC(3764) Pause Young (Concurrent Start) (G1 Evacuation Pause) 186M->80M(208M) 1.393ms
[251.689s][info][gc] GC(3765) Concurrent Mark Cycle
[251.697s][info][gc] GC(3765) Pause Remark 94M->63M(167M) 0.486ms
[251.700s][info][gc] GC(3765) Pause Cleanup 71M->71M(167M) 0.048ms
[251.700s][info][gc] GC(3765) Concurrent Mark Cycle 11.160ms
[251.738s][info][gc] GC(3766) Pause Young (Prepare Mixed) (G1 Evacuation Pause) 155M->50M(167M) 1.210ms
[251.791s][info][gc] GC(3767) Pause Young (Mixed) (G1 Evacuation Pause) 141M->49M(167M) 1.191ms
[251.832s][info][gc] GC(3768) Pause Young (Normal) (G1 Evacuation Pause) 141M->49M(167M) 1.086ms
[251.886s][info][gc] GC(3769) Pause Young (Normal) (G1 Evacuation Pause) 142M->51M(167M) 1.217ms
[251.930s][info][gc] GC(3770) Pause Young (Normal) (G1 Evacuation Pause) 142M->51M(167M) 1.225ms
[251.981s][info][gc] GC(3771) Pause Young (Normal) (G1 Evacuation Pause) 143M->52M(167M) 1.140ms
[252.023s][info][gc] GC(3772) Pause Young (Normal) (G1 Evacuation Pause) 144M->53M(167M) 1.064ms
[252.076s][info][gc] GC(3773) Pause Young (Normal) (G1 Evacuation Pause) 145M->54M(167M) 1.185ms
[252.117s][info][gc] GC(3774) Pause Young (Normal) (G1 Evacuation Pause) 146M->54M(167M) 1.220ms
[252.168s][info][gc] GC(3775) Pause Young (Normal) (G1 Evacuation Pause) 147M->55M(201M) 1.086ms
[252.221s][info][gc] GC(3776) Pause Young (Normal) (G1 Evacuation Pause) 167M->56M(201M) 1.105ms
[252.279s][info][gc] GC(3777) Pause Young (Normal) (G1 Evacuation Pause) 167M->57M(201M) 1.134ms
[252.331s][info][gc] GC(3778) Pause Young (Normal) (G1 Evacuation Pause) 168M->58M(201M) 1.276ms
[252.393s][info][gc] GC(3779) Pause Young (Normal) (G1 Evacuation Pause) 169M->59M(201M) 1.222ms
[252.450s][info][gc] GC(3780) Pause Young (Normal) (G1 Evacuation Pause) 169M->59M(201M) 1.299ms
[252.505s][info][gc] GC(3781) Pause Young (Normal) (G1 Evacuation Pause) 171M->61M(201M) 1.182ms
[252.564s][info][gc] GC(3782) Pause Young (Normal) (G1 Evacuation Pause) 171M->62M(201M) 1.323ms
[252.615s][info][gc] GC(3783) Pause Young (Normal) (G1 Evacuation Pause) 172M->62M(201M) 1.182ms
[252.673s][info][gc] GC(3784) Pause Young (Normal) (G1 Evacuation Pause) 173M->64M(201M) 1.168ms
[252.727s][info][gc] GC(3785) Pause Young (Normal) (G1 Evacuation Pause) 175M->63M(201M) 1.132ms
[252.791s][info][gc] GC(3786) Pause Young (Normal) (G1 Evacuation Pause) 175M->65M(201M) 1.121ms
[252.846s][info][gc] GC(3787) Pause Young (Normal) (G1 Evacuation Pause) 175M->66M(201M) 1.265ms
[252.898s][info][gc] GC(3788) Pause Young (Normal) (G1 Evacuation Pause) 177M->67M(201M) 1.095ms
[252.959s][info][gc] GC(3789) Pause Young (Normal) (G1 Evacuation Pause) 178M->68M(201M) 1.271ms
[253.008s][info][gc] GC(3790) Pause Young (Normal) (G1 Evacuation Pause) 178M->69M(201M) 1.194ms
[253.069s][info][gc] GC(3791) Pause Young (Normal) (G1 Evacuation Pause) 180M->69M(201M) 1.124ms
[253.128s][info][gc] GC(3792) Pause Young (Normal) (G1 Evacuation Pause) 179M->70M(201M) 1.119ms
[253.181s][info][gc] GC(3793) Pause Young (Normal) (G1 Evacuation Pause) 179M->72M(201M) 1.320ms
[253.239s][info][gc] GC(3794) Pause Young (Normal) (G1 Evacuation Pause) 179M->73M(201M) 1.346ms
[253.290s][info][gc] GC(3795) Pause Young (Normal) (G1 Evacuation Pause) 180M->73M(201M) 1.100ms
[253.348s][info][gc] GC(3796) Pause Young (Normal) (G1 Evacuation Pause) 179M->75M(201M) 1.097ms
[253.395s][info][gc] GC(3797) Pause Young (Normal) (G1 Evacuation Pause) 179M->75M(201M) 1.142ms
[253.452s][info][gc] GC(3798) Pause Young (Concurrent Start) (G1 Evacuation Pause) 179M->76M(201M) 1.160ms
[253.452s][info][gc] GC(3799) Concurrent Mark Cycle
[253.463s][info][gc] GC(3799) Pause Remark 99M->95M(201M) 0.424ms
[253.469s][info][gc] GC(3799) Pause Cleanup 105M->105M(201M) 0.055ms
[253.470s][info][gc] GC(3799) Concurrent Mark Cycle 17.483ms
[253.501s][info][gc] GC(3800) Pause Young (Prepare Mixed) (G1 Evacuation Pause) 175M->72M(201M) 1.112ms
[253.562s][info][gc] GC(3801) Pause Young (Mixed) (G1 Evacuation Pause) 180M->72M(201M) 1.171ms
[253.617s][info][gc] GC(3802) Pause Young (Normal) (G1 Evacuation Pause) 179M->72M(201M) 1.267ms
[253.670s][info][gc] GC(3803) Pause Young (Normal) (G1 Evacuation Pause) 181M->73M(201M) 1.108ms
[253.725s][info][gc] GC(3804) Pause Young (Normal) (G1 Evacuation Pause) 178M->75M(201M) 1.159ms
[253.772s][info][gc] GC(3805) Pause Young (Normal) (G1 Evacuation Pause) 180M->75M(201M) 1.080ms
[253.828s][info][gc] GC(3806) Pause Young (Concurrent Start) (G1 Evacuation Pause) 179M->76M(201M) 1.268ms
[253.828s][info][gc] GC(3807) Concurrent Mark Cycle
[253.839s][info][gc] GC(3807) Pause Remark 102M->102M(201M) 0.403ms
[253.851s][info][gc] GC(3807) Pause Cleanup 123M->123M(201M) 0.054ms
[253.851s][info][gc] GC(3807) Concurrent Mark Cycle 22.844ms
[253.877s][info][gc] GC(3808) Pause Young (Prepare Mixed) (G1 Evacuation Pause) 180M->77M(201M) 1.221ms
[253.932s][info][gc] GC(3809) Pause Young (Mixed) (G1 Evacuation Pause) 180M->76M(201M) 1.205ms
[253.980s][info][gc] GC(3810) Pause Young (Concurrent Start) (G1 Evacuation Pause) 179M->77M(201M) 1.191ms
[253.980s][info][gc] GC(3811) Concurrent Mark Cycle
[253.993s][info][gc] GC(3811) Pause Remark 96M->96M(201M) 0.432ms
[254.000s][info][gc] GC(3811) Pause Cleanup 100M->100M(201M) 0.048ms
[254.001s][info][gc] GC(3811) Concurrent Mark Cycle 20.791ms
[254.039s][info][gc] GC(3812) Pause Young (Prepare Mixed) (G1 Evacuation Pause) 179M->78M(201M) 1.132ms
[254.125s][info][gc] GC(3813) Pause Young (Mixed) (G1 Evacuation Pause) 180M->74M(201M) 0.929ms
[254.257s][info][gc] GC(3814) Pause Young (Concurrent Start) (G1 Evacuation Pause) 182M->86M(201M) 1.916ms
[254.257s][info][gc] GC(3815) Concurrent Mark Cycle
[254.275s][info][gc] GC(3815) Pause Remark 148M->119M(194M) 0.425ms
[254.283s][info][gc] GC(3816) Pause Young (Normal) (G1 Evacuation Pause) 145M->59M(194M) 1.914ms
[254.286s][info][gc] GC(3815) Pause Cleanup 67M->67M(194M) 0.059ms
[254.287s][info][gc] GC(3815) Concurrent Mark Cycle 29.387ms
[254.314s][info][gc] GC(3817) Pause Young (Prepare Mixed) (G1 Evacuation Pause) 171M->60M(194M) 1.327ms
[254.341s][info][gc] GC(3818) Pause Young (Mixed) (G1 Evacuation Pause) 171M->59M(194M) 0.901ms
[254.378s][info][gc] GC(3819) Pause Young (Concurrent Start) (G1 Evacuation Pause) 169M->61M(194M) 1.347ms
[254.378s][info][gc] GC(3820) Concurrent Mark Cycle
[254.415s][info][gc] GC(3820) Pause Remark 150M->148M(194M) 0.443ms
[254.426s][info][gc] GC(3821) Pause Young (Normal) (G1 Evacuation Pause) 167M->62M(194M) 1.558ms
[254.430s][info][gc] GC(3820) Pause Cleanup 73M->73M(194M) 0.063ms
[254.430s][info][gc] GC(3820) Concurrent Mark Cycle 52.106ms
[254.461s][info][gc] GC(3822) Pause Young (Prepare Mixed) (G1 Evacuation Pause) 167M->64M(194M) 1.878ms
[254.494s][info][gc] GC(3823) Pause Young (Mixed) (G1 Evacuation Pause) 173M->60M(194M) 1.263ms
[254.530s][info][gc] GC(3824) Pause Young (Normal) (G1 Evacuation Pause) 167M->62M(228M) 1.539ms
[254.577s][info][gc] GC(3825) Pause Young (Normal) (G1 Evacuation Pause) 188M->64M(228M) 1.802ms
[254.615s][info][gc] GC(3826) Pause Young (Normal) (G1 Evacuation Pause) 188M->67M(228M) 1.820ms
[254.651s][info][gc] GC(3827) Pause Young (Normal) (G1 Evacuation Pause) 191M->66M(228M) 1.600ms
[254.689s][info][gc] GC(3828) Pause Young (Normal) (G1 Evacuation Pause) 193M->67M(260M) 1.372ms
[254.739s][info][gc] GC(3829) Pause Young (Normal) (G1 Evacuation Pause) 213M->70M(260M) 1.501ms
[254.779s][info][gc] GC(3830) Pause Young (Normal) (G1 Evacuation Pause) 213M->71M(260M) 1.667ms
[254.821s][info][gc] GC(3831) Pause Young (Normal) (G1 Evacuation Pause) 215M->72M(260M) 1.484ms
[254.863s][info][gc] GC(3832) Pause Young (Normal) (G1 Evacuation Pause) 216M->73M(260M) 1.398ms
[254.907s][info][gc] GC(3833) Pause Young (Normal) (G1 Evacuation Pause) 218M->75M(260M) 1.558ms
[254.950s][info][gc] GC(3834) Pause Young (Normal) (G1 Evacuation Pause) 217M->76M(260M) 1.734ms
[254.993s][info][gc] GC(3835) Pause Young (Normal) (G1 Evacuation Pause) 220M->77M(260M) 1.515ms
[255.035s][info][gc] GC(3836) Pause Young (Normal) (G1 Evacuation Pause) 220M->78M(260M) 1.531ms
[255.072s][info][gc] GC(3837) Pause Young (Normal) (G1 Evacuation Pause) 222M->79M(260M) 1.423ms
[255.118s][info][gc] GC(3838) Pause Young (Normal) (G1 Evacuation Pause) 223M->80M(260M) 1.510ms
[255.164s][info][gc] GC(3839) Pause Young (Normal) (G1 Evacuation Pause) 224M->82M(260M) 1.680ms
[255.201s][info][gc] GC(3840) Pause Young (Normal) (G1 Evacuation Pause) 226M->84M(260M) 1.772ms
[255.244s][info][gc] GC(3841) Pause Young (Normal) (G1 Evacuation Pause) 229M->84M(260M) 1.475ms
[255.291s][info][gc] GC(3842) Pause Young (Normal) (G1 Evacuation Pause) 229M->86M(260M) 1.533ms
[255.333s][info][gc] GC(3843) Pause Young (Normal) (G1 Evacuation Pause) 228M->87M(260M) 1.744ms
[255.369s][info][gc] GC(3844) Pause Young (Normal) (G1 Evacuation Pause) 230M->87M(260M) 1.422ms
[255.421s][info][gc] GC(3845) Pause Young (Normal) (G1 Evacuation Pause) 234M->91M(260M) 1.443ms
[255.464s][info][gc] GC(3846) Pause Young (Normal) (G1 Evacuation Pause) 233M->92M(260M) 1.508ms
[255.501s][info][gc] GC(3847) Pause Young (Concurrent Start) (G1 Evacuation Pause) 232M->93M(260M) 1.627ms
[255.501s][info][gc] GC(3848) Concurrent Mark Cycle
[255.520s][info][gc] GC(3848) Pause Remark 148M->148M(260M) 0.411ms
[255.530s][info][gc] GC(3848) Pause Cleanup 175M->175M(260M) 0.065ms
[255.530s][info][gc] GC(3848) Concurrent Mark Cycle 29.156ms
[255.554s][info][gc] GC(3849) Pause Young (Prepare Mixed) (G1 Evacuation Pause) 234M->94M(260M) 1.393ms
[255.596s][info][gc] GC(3850) Pause Young (Mixed) (G1 Evacuation Pause) 233M->92M(260M) 1.750ms
[255.636s][info][gc] GC(3851) Pause Young (Concurrent Start) (G1 Evacuation Pause) 234M->93M(260M) 1.514ms
[255.636s][info][gc] GC(3852) Concurrent Mark Cycle
[255.669s][info][gc] GC(3852) Pause Remark 206M->206M(260M) 0.405ms
[255.680s][info][gc] GC(3853) Pause Young (Normal) (G1 Evacuation Pause) 234M->94M(260M) 1.592ms
[255.694s][info][gc] GC(3852) Pause Cleanup 135M->135M(260M) 0.080ms
[255.694s][info][gc] GC(3852) Concurrent Mark Cycle 58.352ms
[255.730s][info][gc] GC(3854) Pause Young (Prepare Mixed) (G1 Evacuation Pause) 234M->96M(260M) 1.675ms
[255.771s][info][gc] GC(3855) Pause Young (Mixed) (G1 Evacuation Pause) 233M->94M(291M) 1.718ms
[255.816s][info][gc] GC(3856) Pause Young (Normal) (G1 Evacuation Pause) 256M->94M(291M) 1.375ms
[255.871s][info][gc] GC(3857) Pause Young (Normal) (G1 Evacuation Pause) 256M->96M(291M) 1.492ms
[255.920s][info][gc] GC(3858) Pause Young (Normal) (G1 Evacuation Pause) 257M->98M(291M) 1.541ms
[255.964s][info][gc] GC(3859) Pause Young (Normal) (G1 Evacuation Pause) 258M->98M(291M) 1.603ms
[256.019s][info][gc] GC(3860) Pause Young (Normal) (G1 Evacuation Pause) 260M->101M(291M) 1.538ms
[256.064s][info][gc] GC(3861) Pause Young (Normal) (G1 Evacuation Pause) 259M->102M(291M) 1.562ms
[256.106s][info][gc] GC(3862) Pause Young (Normal) (G1 Evacuation Pause) 261M->102M(291M) 1.535ms
[256.162s][info][gc] GC(3863) Pause Young (Normal) (G1 Evacuation Pause) 262M->104M(291M) 1.578ms
[256.205s][info][gc] GC(3864) Pause Young (Normal) (G1 Evacuation Pause) 260M->105M(291M) 1.551ms
[256.247s][info][gc] GC(3865) Pause Young (Normal) (G1 Evacuation Pause) 260M->107M(291M) 1.858ms
[256.305s][info][gc] GC(3866) Pause Young (Concurrent Start) (G1 Evacuation Pause) 261M->109M(291M) 1.720ms
[256.305s][info][gc] GC(3867) Concurrent Mark Cycle
[256.339s][info][gc] GC(3867) Pause Remark 222M->222M(291M) 0.430ms
[256.355s][info][gc] GC(3868) Pause Young (Normal) (G1 Evacuation Pause) 261M->110M(291M) 1.603ms
[256.367s][info][gc] GC(3867) Pause Cleanup 147M->147M(291M) 0.073ms
[256.378s][info][gc] GC(3867) Concurrent Mark Cycle 72.823ms
[256.405s][info][gc] GC(3869) Pause Young (Prepare Mixed) (G1 Evacuation Pause) 261M->111M(291M) 1.750ms
[256.456s][info][gc] GC(3870) Pause Young (Mixed) (G1 Evacuation Pause) 261M->109M(291M) 1.643ms
[256.501s][info][gc] GC(3871) Pause Young (Concurrent Start) (G1 Evacuation Pause) 261M->112M(291M) 1.687ms
[256.501s][info][gc] GC(3872) Concurrent Mark Cycle
[256.532s][info][gc] GC(3872) Pause Remark 194M->194M(291M) 0.423ms
[256.550s][info][gc] GC(3872) Pause Cleanup 252M->252M(291M) 0.065ms
[256.551s][info][gc] GC(3872) Concurrent Mark Cycle 49.277ms
[256.554s][info][gc] GC(3873) Pause Young (Prepare Mixed) (G1 Evacuation Pause) 260M->113M(291M) 1.554ms
[256.596s][info][gc] GC(3874) Pause Young (Mixed) (G1 Evacuation Pause) 261M->112M(291M) 1.666ms
[256.650s][info][gc] GC(3875) Pause Young (Concurrent Start) (G1 Evacuation Pause) 262M->114M(291M) 1.949ms
[256.650s][info][gc] GC(3876) Concurrent Mark Cycle
[256.679s][info][gc] GC(3876) Pause Remark 202M->202M(291M) 0.509ms
[256.698s][info][gc] GC(3877) Pause Young (Normal) (G1 Evacuation Pause) 258M->114M(291M) 1.735ms
[256.701s][info][gc] GC(3876) Pause Cleanup 125M->125M(291M) 0.064ms
[256.701s][info][gc] GC(3876) Concurrent Mark Cycle 51.294ms
[256.741s][info][gc] GC(3878) Pause Young (Prepare Mixed) (G1 Evacuation Pause) 262M->115M(291M) 1.608ms
[256.797s][info][gc] GC(3879) Pause Young (Mixed) (G1 Evacuation Pause) 261M->115M(291M) 1.911ms
[256.840s][info][gc] GC(3880) Pause Young (Concurrent Start) (G1 Evacuation Pause) 261M->118M(291M) 1.691ms
[256.840s][info][gc] GC(3881) Concurrent Mark Cycle
[256.881s][info][gc] GC(3881) Pause Remark 254M->254M(291M) 0.420ms
[256.885s][info][gc] GC(3882) Pause Young (Normal) (G1 Evacuation Pause) 259M->119M(291M) 1.682ms
[256.907s][info][gc] GC(3881) Pause Cleanup 188M->188M(291M) 0.068ms
[256.913s][info][gc] GC(3881) Concurrent Mark Cycle 72.459ms
[256.938s][info][gc] GC(3883) Pause Young (Prepare Mixed) (G1 Evacuation Pause) 263M->119M(291M) 1.579ms
[256.982s][info][gc] GC(3884) Pause Young (Mixed) (G1 Evacuation Pause) 261M->121M(291M) 1.697ms
[257.023s][info][gc] GC(3885) Pause Young (Concurrent Start) (G1 Evacuation Pause) 261M->122M(291M) 1.607ms
[257.023s][info][gc] GC(3886) Concurrent Mark Cycle
[257.059s][info][gc] GC(3886) Pause Remark 237M->237M(291M) 0.490ms
[257.070s][info][gc] GC(3887) Pause Young (Normal) (G1 Evacuation Pause) 263M->121M(291M) 1.311ms
[257.084s][info][gc] GC(3886) Pause Cleanup 153M->153M(291M) 0.058ms
[257.084s][info][gc] GC(3886) Concurrent Mark Cycle 60.855ms
[257.122s][info][gc] GC(3888) Pause Young (Prepare Mixed) (G1 Evacuation Pause) 264M->125M(291M) 1.575ms
[257.158s][info][gc] GC(3889) Pause Young (Mixed) (G1 Evacuation Pause) 260M->125M(291M) 1.752ms
[257.196s][info][gc] GC(3890) Pause Young (Concurrent Start) (G1 Evacuation Pause) 262M->126M(291M) 1.456ms
[257.197s][info][gc] GC(3891) Concurrent Mark Cycle
[257.229s][info][gc] GC(3891) Pause Remark 212M->212M(291M) 0.503ms
[257.248s][info][gc] GC(3892) Pause Young (Normal) (G1 Evacuation Pause) 261M->127M(291M) 1.645ms
[257.261s][info][gc] GC(3891) Pause Cleanup 163M->163M(291M) 0.067ms
[257.261s][info][gc] GC(3891) Concurrent Mark Cycle 64.781ms
[257.290s][info][gc] GC(3893) Pause Young (Prepare Mixed) (G1 Evacuation Pause) 261M->129M(291M) 1.567ms
[257.327s][info][gc] GC(3894) Pause Young (Mixed) (G1 Evacuation Pause) 262M->129M(291M) 1.711ms
[257.373s][info][gc] GC(3895) Pause Young (Concurrent Start) (G1 Evacuation Pause) 262M->129M(321M) 1.526ms
[257.373s][info][gc] GC(3896) Concurrent Mark Cycle
[257.409s][info][gc] GC(3896) Pause Remark 215M->215M(321M) 0.437ms
[257.433s][info][gc] GC(3897) Pause Young (Normal) (G1 Evacuation Pause) 291M->132M(321M) 1.759ms
[257.445s][info][gc] GC(3896) Pause Cleanup 159M->159M(321M) 0.059ms
[257.461s][info][gc] GC(3896) Concurrent Mark Cycle 87.522ms
[257.498s][info][gc] GC(3898) Pause Young (Prepare Mixed) (G1 Evacuation Pause) 290M->133M(321M) 1.744ms
[257.547s][info][gc] GC(3899) Pause Young (Mixed) (G1 Evacuation Pause) 288M->133M(321M) 1.727ms
[257.599s][info][gc] GC(3900) Pause Young (Concurrent Start) (G1 Evacuation Pause) 290M->136M(321M) 1.759ms
[257.599s][info][gc] GC(3901) Concurrent Mark Cycle
[257.636s][info][gc] GC(3901) Pause Remark 246M->246M(321M) 0.419ms
[257.656s][info][gc] GC(3902) Pause Young (Normal) (G1 Evacuation Pause) 287M->136M(321M) 1.514ms
[257.670s][info][gc] GC(3901) Pause Cleanup 173M->173M(321M) 0.065ms
[257.670s][info][gc] GC(3901) Concurrent Mark Cycle 71.409ms
[257.703s][info][gc] GC(3903) Pause Young (Prepare Mixed) (G1 Evacuation Pause) 291M->136M(321M) 1.594ms
[257.747s][info][gc] GC(3904) Pause Young (Mixed) (G1 Evacuation Pause) 289M->138M(321M) 1.673ms
[257.792s][info][gc] GC(3905) Pause Young (Concurrent Start) (G1 Evacuation Pause) 289M->138M(321M) 1.540ms
[257.792s][info][gc] GC(3906) Concurrent Mark Cycle
[257.821s][info][gc] GC(3906) Pause Remark 223M->223M(321M) 0.412ms
[257.843s][info][gc] GC(3906) Pause Cleanup 285M->285M(321M) 0.070ms
[257.843s][info][gc] GC(3906) Concurrent Mark Cycle 51.284ms
[257.847s][info][gc] GC(3907) Pause Young (Prepare Mixed) (G1 Evacuation Pause) 289M->140M(321M) 1.813ms
[257.890s][info][gc] GC(3908) Pause Young (Mixed) (G1 Evacuation Pause) 290M->142M(321M) 1.668ms
[257.936s][info][gc] GC(3909) Pause Young (Concurrent Start) (G1 Evacuation Pause) 289M->143M(321M) 1.534ms
[257.936s][info][gc] GC(3910) Concurrent Mark Cycle
[257.980s][info][gc] GC(3910) Pause Remark 288M->288M(321M) 0.410ms
[257.982s][info][gc] GC(3911) Pause Young (Normal) (G1 Evacuation Pause) 291M->144M(321M) 1.435ms
[258.008s][info][gc] GC(3910) Pause Cleanup 206M->206M(321M) 0.068ms
[258.011s][info][gc] GC(3910) Concurrent Mark Cycle 75.011ms
[258.035s][info][gc] GC(3912) Pause Young (Prepare Mixed) (G1 Evacuation Pause) 291M->147M(321M) 1.633ms
[258.074s][info][gc] GC(3913) Pause Young (Mixed) (G1 Evacuation Pause) 290M->147M(321M) 1.607ms
[258.118s][info][gc] GC(3914) Pause Young (Concurrent Start) (G1 Evacuation Pause) 292M->148M(321M) 1.474ms
[258.118s][info][gc] GC(3915) Concurrent Mark Cycle
[258.164s][info][gc] GC(3915) Pause Remark 272M->272M(321M) 0.421ms
[258.171s][info][gc] GC(3916) Pause Young (Normal) (G1 Evacuation Pause) 291M->150M(321M) 1.487ms
[258.196s][info][gc] GC(3915) Pause Cleanup 223M->223M(321M) 0.058ms
[258.196s][info][gc] GC(3915) Concurrent Mark Cycle 78.177ms
[258.216s][info][gc] GC(3917) Pause Young (Prepare Mixed) (G1 Evacuation Pause) 289M->150M(321M) 1.485ms
[258.256s][info][gc] GC(3918) Pause Young (Mixed) (G1 Evacuation Pause) 290M->150M(321M) 1.529ms
[258.304s][info][gc] GC(3919) Pause Young (Concurrent Start) (G1 Evacuation Pause) 290M->152M(321M) 1.634ms
[258.304s][info][gc] GC(3920) Concurrent Mark Cycle
[258.346s][info][gc] GC(3921) Pause Young (Normal) (G1 Evacuation Pause) 291M->154M(321M) 1.501ms
[258.350s][info][gc] GC(3920) Pause Remark 164M->164M(321M) 0.473ms
[258.377s][info][gc] GC(3920) Pause Cleanup 243M->243M(321M) 0.060ms
[258.388s][info][gc] GC(3920) Concurrent Mark Cycle 83.555ms
[258.395s][info][gc] GC(3922) Pause Young (Prepare Mixed) (G1 Evacuation Pause) 292M->154M(321M) 1.630ms
[258.436s][info][gc] GC(3923) Pause Young (Mixed) (G1 Evacuation Pause) 290M->155M(321M) 1.609ms
[258.480s][info][gc] GC(3924) Pause Young (Concurrent Start) (G1 Evacuation Pause) 290M->157M(321M) 1.651ms
[258.481s][info][gc] GC(3925) Concurrent Mark Cycle
[258.520s][info][gc] GC(3926) Pause Young (Normal) (G1 Evacuation Pause) 289M->159M(321M) 1.541ms
[258.540s][info][gc] GC(3925) Pause Remark 222M->222M(321M) 0.414ms
[258.566s][info][gc] GC(3927) Pause Young (Normal) (G1 Evacuation Pause) 292M->159M(321M) 1.381ms
[258.577s][info][gc] GC(3925) Pause Cleanup 187M->187M(321M) 0.058ms
[258.577s][info][gc] GC(3925) Concurrent Mark Cycle 96.921ms
[258.609s][info][gc] GC(3928) Pause Young (Prepare Mixed) (G1 Evacuation Pause) 292M->161M(321M) 1.743ms
[258.651s][info][gc] GC(3929) Pause Young (Mixed) (G1 Evacuation Pause) 290M->162M(321M) 1.810ms
[258.690s][info][gc] GC(3930) Pause Young (Concurrent Start) (G1 Evacuation Pause) 291M->163M(321M) 1.523ms
[258.690s][info][gc] GC(3931) Concurrent Mark Cycle
[258.735s][info][gc] GC(3932) Pause Young (Normal) (G1 Evacuation Pause) 293M->165M(321M) 1.444ms
[258.738s][info][gc] GC(3931) Pause Remark 177M->177M(321M) 0.394ms
[258.778s][info][gc] GC(3933) Pause Young (Normal) (G1 Evacuation Pause) 291M->166M(321M) 1.534ms
[258.781s][info][gc] GC(3931) Pause Cleanup 174M->174M(321M) 0.059ms
[258.781s][info][gc] GC(3931) Concurrent Mark Cycle 91.205ms
[258.815s][info][gc] GC(3934) Pause Young (Prepare Mixed) (G1 Evacuation Pause) 291M->166M(321M) 1.583ms
[258.853s][info][gc] GC(3935) Pause Young (Mixed) (G1 Evacuation Pause) 292M->167M(321M) 1.504ms
[258.890s][info][gc] GC(3936) Pause Young (Concurrent Start) (G1 Evacuation Pause) 291M->168M(321M) 1.526ms
[258.890s][info][gc] GC(3937) Concurrent Mark Cycle
[258.935s][info][gc] GC(3938) Pause Young (Normal) (G1 Evacuation Pause) 293M->169M(321M) 1.343ms
[258.941s][info][gc] GC(3937) Pause Remark 185M->185M(321M) 0.483ms
[258.969s][info][gc] GC(3937) Pause Cleanup 267M->267M(321M) 0.056ms
[258.969s][info][gc] GC(3937) Concurrent Mark Cycle 78.792ms
[258.978s][info][gc] GC(3939) Pause Young (Prepare Mixed) (G1 Evacuation Pause) 292M->171M(321M) 1.374ms
[259.013s][info][gc] GC(3940) Pause Young (Mixed) (G1 Evacuation Pause) 292M->172M(321M) 1.709ms
[259.050s][info][gc] GC(3941) Pause Young (Concurrent Start) (G1 Evacuation Pause) 292M->173M(321M) 1.592ms
[259.050s][info][gc] GC(3942) Concurrent Mark Cycle
[259.086s][info][gc] GC(3942) Pause Remark 269M->269M(321M) 0.418ms
[259.096s][info][gc] GC(3943) Pause Young (Normal) (G1 Evacuation Pause) 290M->174M(321M) 1.479ms
[259.118s][info][gc] GC(3942) Pause Cleanup 233M->233M(321M) 0.061ms
[259.119s][info][gc] GC(3942) Concurrent Mark Cycle 68.299ms
[259.136s][info][gc] GC(3944) Pause Young (Prepare Mixed) (G1 Evacuation Pause) 292M->176M(321M) 1.479ms
[259.167s][info][gc] GC(3945) Pause Young (Mixed) (G1 Evacuation Pause) 291M->175M(321M) 1.576ms
[259.201s][info][gc] GC(3946) Pause Young (Concurrent Start) (G1 Evacuation Pause) 294M->177M(321M) 1.419ms
[259.201s][info][gc] GC(3947) Concurrent Mark Cycle
[259.245s][info][gc] GC(3947) Pause Remark 294M->294M(321M) 0.447ms
[259.247s][info][gc] GC(3948) Pause Young (Normal) (G1 Evacuation Pause) 295M->180M(321M) 1.448ms
[259.284s][info][gc] GC(3949) Pause Young (Normal) (G1 Evacuation Pause) 292M->181M(528M) 1.662ms
[259.289s][info][gc] GC(3947) Pause Cleanup 199M->199M(528M) 0.078ms
[259.292s][info][gc] GC(3947) Concurrent Mark Cycle 90.769ms
[259.378s][info][gc] GC(3950) Pause Young (Prepare Mixed) (G1 Evacuation Pause) 480M->184M(528M) 2.236ms
[259.465s][info][gc] GC(3951) Pause Young (Mixed) (G1 Evacuation Pause) 486M->185M(528M) 2.225ms
[259.553s][info][gc] GC(3952) Pause Young (Normal) (G1 Evacuation Pause) 484M->187M(528M) 1.885ms
[259.636s][info][gc] GC(3953) Pause Young (Normal) (G1 Evacuation Pause) 482M->189M(528M) 1.939ms
[259.722s][info][gc] GC(3954) Pause Young (Normal) (G1 Evacuation Pause) 480M->192M(528M) 2.163ms
[259.806s][info][gc] GC(3955) Pause Young (Normal) (G1 Evacuation Pause) 477M->195M(528M) 2.261ms
[259.884s][info][gc] GC(3956) Pause Young (Normal) (G1 Evacuation Pause) 476M->196M(528M) 2.437ms
[259.975s][info][gc] GC(3957) Pause Young (Normal) (G1 Evacuation Pause) 479M->200M(528M) 2.534ms
[260.052s][info][gc] GC(3958) Pause Young (Concurrent Start) (G1 Evacuation Pause) 478M->201M(528M) 2.123ms
[260.052s][info][gc] GC(3959) Concurrent Mark Cycle
[260.107s][info][gc] GC(3959) Pause Remark 354M->354M(528M) 0.414ms
[260.147s][info][gc] GC(3960) Pause Young (Normal) (G1 Evacuation Pause) 479M->205M(528M) 2.398ms
[260.153s][info][gc] GC(3959) Pause Cleanup 225M->225M(528M) 0.067ms
[260.153s][info][gc] GC(3959) Concurrent Mark Cycle 101.306ms
[260.230s][info][gc] GC(3961) Pause Young (Prepare Mixed) (G1 Evacuation Pause) 475M->206M(528M) 2.392ms
[260.308s][info][gc] GC(3962) Pause Young (Mixed) (G1 Evacuation Pause) 479M->206M(528M) 2.233ms
[260.390s][info][gc] GC(3963) Pause Young (Concurrent Start) (G1 Evacuation Pause) 479M->208M(528M) 2.059ms
[260.390s][info][gc] GC(3964) Concurrent Mark Cycle
[260.453s][info][gc] GC(3964) Pause Remark 411M->411M(528M) 0.439ms
[260.480s][info][gc] GC(3965) Pause Young (Normal) (G1 Evacuation Pause) 480M->210M(528M) 2.340ms
[260.510s][info][gc] GC(3964) Pause Cleanup 309M->309M(528M) 0.065ms
[260.511s][info][gc] GC(3964) Concurrent Mark Cycle 120.794ms
[260.564s][info][gc] GC(3966) Pause Young (Prepare Mixed) (G1 Evacuation Pause) 478M->213M(528M) 2.543ms
[260.637s][info][gc] GC(3967) Pause Young (Mixed) (G1 Evacuation Pause) 479M->214M(528M) 2.226ms
[260.717s][info][gc] GC(3968) Pause Young (Concurrent Start) (G1 Evacuation Pause) 480M->218M(528M) 2.372ms
[260.717s][info][gc] GC(3969) Concurrent Mark Cycle
[260.775s][info][gc] GC(3969) Pause Remark 391M->391M(528M) 0.513ms
[260.805s][info][gc] GC(3970) Pause Young (Normal) (G1 Evacuation Pause) 479M->219M(528M) 2.080ms
[260.822s][info][gc] GC(3969) Pause Cleanup 263M->263M(528M) 0.078ms
[260.823s][info][gc] GC(3969) Concurrent Mark Cycle 105.215ms
[260.889s][info][gc] GC(3971) Pause Young (Prepare Mixed) (G1 Evacuation Pause) 480M->222M(528M) 2.216ms
[260.959s][info][gc] GC(3972) Pause Young (Mixed) (G1 Evacuation Pause) 479M->223M(528M) 2.318ms
[261.038s][info][gc] GC(3973) Pause Young (Concurrent Start) (G1 Evacuation Pause) 480M->225M(528M) 2.056ms
[261.038s][info][gc] GC(3974) Concurrent Mark Cycle
[261.086s][info][gc] GC(3974) Pause Remark 357M->357M(528M) 0.407ms
[261.129s][info][gc] GC(3974) Pause Cleanup 473M->473M(528M) 0.073ms
[261.129s][info][gc] GC(3974) Concurrent Mark Cycle 90.933ms
[261.135s][info][gc] GC(3975) Pause Young (Prepare Mixed) (G1 Evacuation Pause) 480M->226M(528M) 1.986ms
[261.211s][info][gc] GC(3976) Pause Young (Mixed) (G1 Evacuation Pause) 480M->230M(528M) 2.492ms
[261.281s][info][gc] GC(3977) Pause Young (Concurrent Start) (G1 Evacuation Pause) 477M->230M(528M) 2.207ms
[261.281s][info][gc] GC(3978) Concurrent Mark Cycle
[261.328s][info][gc] GC(3978) Pause Remark 346M->346M(528M) 0.472ms
[261.363s][info][gc] GC(3978) Pause Cleanup 455M->455M(528M) 0.060ms
[261.364s][info][gc] GC(3978) Concurrent Mark Cycle 82.977ms
[261.371s][info][gc] GC(3979) Pause Young (Prepare Mixed) (G1 Evacuation Pause) 481M->233M(528M) 1.978ms
[261.449s][info][gc] GC(3980) Pause Young (Mixed) (G1 Evacuation Pause) 478M->235M(528M) 2.300ms
[261.515s][info][gc] GC(3981) Pause Young (Concurrent Start) (G1 Evacuation Pause) 480M->237M(528M) 2.233ms
[261.515s][info][gc] GC(3982) Concurrent Mark Cycle
[261.583s][info][gc] GC(3982) Pause Remark 443M->443M(528M) 0.498ms
[261.600s][info][gc] GC(3983) Pause Young (Normal) (G1 Evacuation Pause) 480M->238M(528M) 2.106ms
[261.638s][info][gc] GC(3982) Pause Cleanup 359M->359M(528M) 0.065ms
[261.638s][info][gc] GC(3982) Concurrent Mark Cycle 122.899ms
[261.677s][info][gc] GC(3984) Pause Young (Prepare Mixed) (G1 Evacuation Pause) 481M->239M(528M) 2.074ms
[261.930s][info][gc] GC(3985) Pause Young (Mixed) (G1 Evacuation Pause) 483M->241M(528M) 2.183ms
[262.031s][info][gc] GC(3986) Pause Young (Concurrent Start) (G1 Evacuation Pause) 480M->244M(528M) 2.337ms
[262.031s][info][gc] GC(3987) Concurrent Mark Cycle
[262.041s][info][gc] GC(3987) Pause Remark 269M->119M(317M) 0.530ms
[262.044s][info][gc] GC(3987) Pause Cleanup 127M->127M(317M) 0.067ms
[262.044s][info][gc] GC(3987) Concurrent Mark Cycle 13.390ms
[262.100s][info][gc] GC(3988) Pause Young (Prepare Mixed) (G1 Evacuation Pause) 263M->95M(317M) 1.954ms
[262.174s][info][gc] GC(3989) Pause Young (Mixed) (G1 Evacuation Pause) 271M->73M(317M) 1.568ms
[262.247s][info][gc] GC(3990) Pause Young (Normal) (G1 Evacuation Pause) 251M->75M(317M) 1.666ms
[262.321s][info][gc] GC(3991) Pause Young (Normal) (G1 Evacuation Pause) 251M->76M(317M) 1.578ms
[262.390s][info][gc] GC(3992) Pause Young (Normal) (G1 Evacuation Pause) 255M->78M(317M) 1.471ms
[262.469s][info][gc] GC(3993) Pause Young (Normal) (G1 Evacuation Pause) 254M->80M(317M) 1.558ms
[262.542s][info][gc] GC(3994) Pause Young (Normal) (G1 Evacuation Pause) 257M->80M(317M) 1.494ms
[262.609s][info][gc] GC(3995) Pause Young (Normal) (G1 Evacuation Pause) 256M->81M(317M) 1.489ms
[262.683s][info][gc] GC(3996) Pause Young (Normal) (G1 Evacuation Pause) 257M->85M(317M) 1.611ms
[262.756s][info][gc] GC(3997) Pause Young (Normal) (G1 Evacuation Pause) 258M->85M(317M) 1.596ms
[262.832s][info][gc] GC(3998) Pause Young (Normal) (G1 Evacuation Pause) 262M->87M(317M) 1.538ms
[262.895s][info][gc] GC(3999) Pause Young (Normal) (G1 Evacuation Pause) 262M->87M(317M) 1.442ms
[262.972s][info][gc] GC(4000) Pause Young (Normal) (G1 Evacuation Pause) 263M->90M(317M) 1.550ms
[263.045s][info][gc] GC(4001) Pause Young (Normal) (G1 Evacuation Pause) 264M->92M(317M) 1.626ms
[263.122s][info][gc] GC(4002) Pause Young (Normal) (G1 Evacuation Pause) 267M->92M(317M) 1.527ms
[263.186s][info][gc] GC(4003) Pause Young (Normal) (G1 Evacuation Pause) 268M->94M(317M) 1.483ms
[263.261s][info][gc] GC(4004) Pause Young (Normal) (G1 Evacuation Pause) 270M->95M(317M) 1.605ms
[263.335s][info][gc] GC(4005) Pause Young (Normal) (G1 Evacuation Pause) 271M->97M(317M) 1.584ms
[263.410s][info][gc] GC(4006) Pause Young (Normal) (G1 Evacuation Pause) 273M->98M(317M) 1.592ms
[263.477s][info][gc] GC(4007) Pause Young (Normal) (G1 Evacuation Pause) 274M->100M(317M) 1.622ms
[263.552s][info][gc] GC(4008) Pause Young (Normal) (G1 Evacuation Pause) 275M->102M(317M) 1.553ms
[263.626s][info][gc] GC(4009) Pause Young (Normal) (G1 Evacuation Pause) 277M->103M(317M) 1.602ms
[263.704s][info][gc] GC(4010) Pause Young (Normal) (G1 Evacuation Pause) 279M->104M(317M) 1.554ms
[263.768s][info][gc] GC(4011) Pause Young (Normal) (G1 Evacuation Pause) 279M->106M(317M) 1.555ms
[263.843s][info][gc] GC(4012) Pause Young (Normal) (G1 Evacuation Pause) 282M->107M(317M) 1.577ms
[264.049s][info][gc] GC(4013) Pause Young (Normal) (G1 Evacuation Pause) 283M->110M(317M) 1.610ms
[264.114s][info][gc] GC(4014) Pause Young (Normal) (G1 Evacuation Pause) 282M->112M(317M) 1.589ms
[264.191s][info][gc] GC(4015) Pause Young (Normal) (G1 Evacuation Pause) 285M->113M(317M) 1.552ms
[264.262s][info][gc] GC(4016) Pause Young (Normal) (G1 Evacuation Pause) 285M->114M(317M) 1.558ms
[264.335s][info][gc] GC(4017) Pause Young (Normal) (G1 Evacuation Pause) 284M->116M(317M) 1.547ms
[264.400s][info][gc] GC(4018) Pause Young (Normal) (G1 Evacuation Pause) 285M->117M(317M) 1.542ms
[264.471s][info][gc] GC(4019) Pause Young (Concurrent Start) (G1 Evacuation Pause) 286M->119M(317M) 1.527ms
[264.471s][info][gc] GC(4020) Concurrent Mark Cycle
[264.480s][info][gc] GC(4020) Pause Remark 139M->86M(224M) 0.438ms
[264.484s][info][gc] GC(4020) Pause Cleanup 99M->99M(224M) 0.052ms
[264.484s][info][gc] GC(4020) Concurrent Mark Cycle 13.034ms
[264.527s][info][gc] GC(4021) Pause Young (Prepare Mixed) (G1 Evacuation Pause) 196M->66M(224M) 1.326ms
[264.577s][info][gc] GC(4022) Pause Young (Mixed) (G1 Evacuation Pause) 190M->62M(224M) 1.298ms
[264.628s][info][gc] GC(4023) Pause Young (Normal) (G1 Evacuation Pause) 184M->62M(224M) 1.325ms
[264.679s][info][gc] GC(4024) Pause Young (Normal) (G1 Evacuation Pause) 186M->64M(224M) 1.265ms
[264.733s][info][gc] GC(4025) Pause Young (Normal) (G1 Evacuation Pause) 187M->64M(224M) 1.249ms
[264.783s][info][gc] GC(4026) Pause Young (Normal) (G1 Evacuation Pause) 189M->66M(224M) 1.217ms
[264.838s][info][gc] GC(4027) Pause Young (Normal) (G1 Evacuation Pause) 190M->67M(224M) 1.332ms
[264.885s][info][gc] GC(4028) Pause Young (Normal) (G1 Evacuation Pause) 191M->68M(224M) 1.461ms
[264.945s][info][gc] GC(4029) Pause Young (Normal) (G1 Evacuation Pause) 191M->69M(224M) 1.405ms
[264.996s][info][gc] GC(4030) Pause Young (Normal) (G1 Evacuation Pause) 192M->70M(224M) 1.439ms
[265.057s][info][gc] GC(4031) Pause Young (Normal) (G1 Evacuation Pause) 193M->71M(224M) 1.340ms
[265.104s][info][gc] GC(4032) Pause Young (Normal) (G1 Evacuation Pause) 194M->71M(224M) 1.324ms
[265.160s][info][gc] GC(4033) Pause Young (Normal) (G1 Evacuation Pause) 195M->73M(224M) 1.273ms
[265.208s][info][gc] GC(4034) Pause Young (Normal) (G1 Evacuation Pause) 196M->73M(224M) 1.259ms
[265.267s][info][gc] GC(4035) Pause Young (Normal) (G1 Evacuation Pause) 197M->75M(224M) 1.374ms
[265.312s][info][gc] GC(4036) Pause Young (Normal) (G1 Evacuation Pause) 197M->75M(224M) 1.286ms
[265.369s][info][gc] GC(4037) Pause Young (Normal) (G1 Evacuation Pause) 199M->77M(224M) 1.231ms
[265.417s][info][gc] GC(4038) Pause Young (Normal) (G1 Evacuation Pause) 200M->77M(224M) 1.291ms
[265.470s][info][gc] GC(4039) Pause Young (Normal) (G1 Evacuation Pause) 200M->80M(224M) 1.262ms
[265.515s][info][gc] GC(4040) Pause Young (Normal) (G1 Evacuation Pause) 199M->80M(224M) 1.280ms
[265.566s][info][gc] GC(4041) Pause Young (Normal) (G1 Evacuation Pause) 201M->81M(224M) 1.200ms
[265.616s][info][gc] GC(4042) Pause Young (Normal) (G1 Evacuation Pause) 201M->82M(224M) 1.197ms
[265.668s][info][gc] GC(4043) Pause Young (Concurrent Start) (G1 Evacuation Pause) 201M->83M(224M) 1.300ms
[265.668s][info][gc] GC(4044) Concurrent Mark Cycle
[265.680s][info][gc] GC(4044) Pause Remark 115M->114M(224M) 0.437ms
[265.689s][info][gc] GC(4044) Pause Cleanup 136M->136M(224M) 0.055ms
[265.689s][info][gc] GC(4044) Concurrent Mark Cycle 21.495ms
[265.716s][info][gc] GC(4045) Pause Young (Prepare Mixed) (G1 Evacuation Pause) 198M->83M(224M) 1.178ms
[265.768s][info][gc] GC(4046) Pause Young (Mixed) (G1 Evacuation Pause) 201M->82M(224M) 1.255ms
[265.815s][info][gc] GC(4047) Pause Young (Concurrent Start) (G1 Evacuation Pause) 199M->82M(224M) 1.319ms
[265.815s][info][gc] GC(4048) Concurrent Mark Cycle
[265.823s][info][gc] GC(4048) Pause Remark 100M->100M(224M) 0.397ms
[265.838s][info][gc] GC(4048) Pause Cleanup 132M->132M(224M) 0.057ms
[265.839s][info][gc] GC(4048) Concurrent Mark Cycle 23.982ms
[265.871s][info][gc] GC(4049) Pause Young (Prepare Mixed) (G1 Evacuation Pause) 201M->83M(224M) 1.253ms
[265.915s][info][gc] GC(4050) Pause Young (Mixed) (G1 Evacuation Pause) 200M->81M(224M) 1.316ms
[265.968s][info][gc] GC(4051) Pause Young (Concurrent Start) (G1 Evacuation Pause) 202M->82M(224M) 1.247ms
[265.968s][info][gc] GC(4052) Concurrent Mark Cycle
[265.984s][info][gc] GC(4052) Pause Remark 126M->126M(224M) 0.393ms
[265.995s][info][gc] GC(4052) Pause Cleanup 150M->150M(224M) 0.065ms
[265.995s][info][gc] GC(4052) Concurrent Mark Cycle 27.108ms
[266.021s][info][gc] GC(4053) Pause Young (Prepare Mixed) (G1 Evacuation Pause) 201M->82M(224M) 1.142ms
[266.205s][info][gc] GC(4054) Pause Young (Mixed) (G1 Evacuation Pause) 202M->83M(224M) 1.315ms
[266.251s][info][gc] GC(4055) Pause Young (Concurrent Start) (G1 Evacuation Pause) 198M->84M(224M) 1.324ms
[266.251s][info][gc] GC(4056) Concurrent Mark Cycle
[266.261s][info][gc] GC(4056) Pause Remark 115M->86M(190M) 0.449ms
[266.265s][info][gc] GC(4056) Pause Cleanup 98M->98M(190M) 0.059ms
[266.265s][info][gc] GC(4056) Concurrent Mark Cycle 14.274ms
[266.303s][info][gc] GC(4057) Pause Young (Prepare Mixed) (G1 Evacuation Pause) 171M->57M(190M) 1.361ms
[266.343s][info][gc] GC(4058) Pause Young (Mixed) (G1 Evacuation Pause) 160M->55M(224M) 1.257ms
[266.401s][info][gc] GC(4059) Pause Young (Normal) (G1 Evacuation Pause) 180M->56M(224M) 1.256ms
[266.449s][info][gc] GC(4060) Pause Young (Normal) (G1 Evacuation Pause) 180M->56M(224M) 1.317ms
[266.504s][info][gc] GC(4061) Pause Young (Normal) (G1 Evacuation Pause) 181M->58M(224M) 1.223ms
[266.555s][info][gc] GC(4062) Pause Young (Normal) (G1 Evacuation Pause) 181M->59M(224M) 1.365ms
[266.609s][info][gc] GC(4063) Pause Young (Normal) (G1 Evacuation Pause) 182M->60M(224M) 1.495ms
[266.658s][info][gc] GC(4064) Pause Young (Normal) (G1 Evacuation Pause) 184M->61M(224M) 1.374ms
[266.720s][info][gc] GC(4065) Pause Young (Normal) (G1 Evacuation Pause) 184M->62M(224M) 1.331ms
[266.768s][info][gc] GC(4066) Pause Young (Normal) (G1 Evacuation Pause) 185M->62M(224M) 1.237ms
[266.827s][info][gc] GC(4067) Pause Young (Normal) (G1 Evacuation Pause) 186M->65M(224M) 1.374ms
[266.877s][info][gc] GC(4068) Pause Young (Normal) (G1 Evacuation Pause) 187M->64M(224M) 1.251ms
[266.936s][info][gc] GC(4069) Pause Young (Normal) (G1 Evacuation Pause) 188M->66M(224M) 1.321ms
[266.987s][info][gc] GC(4070) Pause Young (Normal) (G1 Evacuation Pause) 189M->66M(224M) 1.297ms
[267.043s][info][gc] GC(4071) Pause Young (Normal) (G1 Evacuation Pause) 190M->68M(224M) 1.446ms
[267.094s][info][gc] GC(4072) Pause Young (Normal) (G1 Evacuation Pause) 190M->68M(224M) 1.327ms
[267.152s][info][gc] GC(4073) Pause Young (Normal) (G1 Evacuation Pause) 193M->70M(224M) 1.356ms
[267.204s][info][gc] GC(4074) Pause Young (Normal) (G1 Evacuation Pause) 193M->70M(224M) 1.306ms
[267.262s][info][gc] GC(4075) Pause Young (Normal) (G1 Evacuation Pause) 195M->72M(224M) 1.317ms
[267.318s][info][gc] GC(4076) Pause Young (Normal) (G1 Evacuation Pause) 194M->73M(224M) 1.444ms
[267.369s][info][gc] GC(4077) Pause Young (Normal) (G1 Evacuation Pause) 197M->74M(224M) 1.296ms
[267.423s][info][gc] GC(4078) Pause Young (Normal) (G1 Evacuation Pause) 197M->74M(224M) 1.285ms
[267.475s][info][gc] GC(4079) Pause Young (Normal) (G1 Evacuation Pause) 198M->76M(224M) 1.395ms
[267.529s][info][gc] GC(4080) Pause Young (Normal) (G1 Evacuation Pause) 200M->77M(224M) 1.334ms
[267.580s][info][gc] GC(4081) Pause Young (Normal) (G1 Evacuation Pause) 200M->78M(224M) 1.227ms
[267.630s][info][gc] GC(4082) Pause Young (Normal) (G1 Evacuation Pause) 200M->79M(224M) 1.224ms
[267.680s][info][gc] GC(4083) Pause Young (Normal) (G1 Evacuation Pause) 200M->80M(224M) 1.340ms
[267.734s][info][gc] GC(4084) Pause Young (Normal) (G1 Evacuation Pause) 200M->81M(224M) 1.234ms
[267.784s][info][gc] GC(4085) Pause Young (Normal) (G1 Evacuation Pause) 200M->83M(224M) 1.308ms
[267.833s][info][gc] GC(4086) Pause Young (Concurrent Start) (G1 Evacuation Pause) 199M->83M(224M) 1.361ms
[267.833s][info][gc] GC(4087) Concurrent Mark Cycle
[267.846s][info][gc] GC(4087) Pause Remark 111M->108M(224M) 0.443ms
[267.855s][info][gc] GC(4087) Pause Cleanup 125M->125M(224M) 0.057ms
[267.855s][info][gc] GC(4087) Concurrent Mark Cycle 21.750ms
[267.885s][info][gc] GC(4088) Pause Young (Prepare Mixed) (G1 Evacuation Pause) 198M->80M(224M) 1.217ms
[267.937s][info][gc] GC(4089) Pause Young (Mixed) (G1 Evacuation Pause) 200M->79M(224M) 1.218ms
[267.987s][info][gc] GC(4090) Pause Young (Normal) (G1 Evacuation Pause) 201M->80M(224M) 1.225ms
[268.040s][info][gc] GC(4091) Pause Young (Normal) (G1 Evacuation Pause) 200M->81M(224M) 1.249ms
[268.088s][info][gc] GC(4092) Pause Young (Normal) (G1 Evacuation Pause) 199M->82M(224M) 1.232ms
[268.141s][info][gc] GC(4093) Pause Young (Normal) (G1 Evacuation Pause) 201M->84M(224M) 1.298ms
[268.187s][info][gc] GC(4094) Pause Young (Concurrent Start) (G1 Evacuation Pause) 200M->84M(224M) 1.200ms
[268.187s][info][gc] GC(4095) Concurrent Mark Cycle
[268.199s][info][gc] GC(4095) Pause Remark 114M->114M(224M) 0.399ms
[268.206s][info][gc] GC(4095) Pause Cleanup 130M->130M(224M) 0.049ms
[268.206s][info][gc] GC(4095) Concurrent Mark Cycle 19.758ms
[268.387s][info][gc] GC(4096) Pause Young (Prepare Mixed) (G1 Evacuation Pause) 202M->83M(224M) 1.158ms
[268.439s][info][gc] GC(4097) Pause Young (Mixed) (G1 Evacuation Pause) 201M->84M(224M) 1.297ms
[268.480s][info][gc] GC(4098) Pause Young (Concurrent Start) (G1 Evacuation Pause) 198M->84M(224M) 1.368ms
[268.480s][info][gc] GC(4099) Concurrent Mark Cycle
[268.487s][info][gc] GC(4099) Pause Remark 90M->58M(177M) 0.412ms
[268.491s][info][gc] GC(4099) Pause Cleanup 62M->62M(177M) 0.052ms
[268.491s][info][gc] GC(4099) Concurrent Mark Cycle 11.065ms
[268.536s][info][gc] GC(4100) Pause Young (Prepare Mixed) (G1 Evacuation Pause) 170M->55M(182M) 1.264ms
[268.573s][info][gc] GC(4101) Pause Young (Mixed) (G1 Evacuation Pause) 153M->53M(182M) 1.283ms
[268.621s][info][gc] GC(4102) Pause Young (Normal) (G1 Evacuation Pause) 154M->54M(182M) 1.105ms
[268.659s][info][gc] GC(4103) Pause Young (Normal) (G1 Evacuation Pause) 154M->55M(182M) 1.135ms
[268.707s][info][gc] GC(4104) Pause Young (Normal) (G1 Evacuation Pause) 155M->56M(182M) 1.161ms
[268.745s][info][gc] GC(4105) Pause Young (Normal) (G1 Evacuation Pause) 156M->57M(182M) 1.131ms
[268.784s][info][gc] GC(4106) Pause Young (Normal) (G1 Evacuation Pause) 157M->55M(182M) 0.936ms
[268.829s][info][gc] GC(4107) Pause Young (Normal) (G1 Evacuation Pause) 157M->58M(182M) 1.172ms
[268.866s][info][gc] GC(4108) Pause Young (Normal) (G1 Evacuation Pause) 158M->59M(182M) 1.129ms
[268.915s][info][gc] GC(4109) Pause Young (Normal) (G1 Evacuation Pause) 160M->60M(216M) 1.245ms
[268.961s][info][gc] GC(4110) Pause Young (Normal) (G1 Evacuation Pause) 179M->61M(216M) 1.243ms
[269.014s][info][gc] GC(4111) Pause Young (Normal) (G1 Evacuation Pause) 180M->62M(216M) 1.260ms
[269.062s][info][gc] GC(4112) Pause Young (Normal) (G1 Evacuation Pause) 181M->63M(216M) 1.354ms
[269.113s][info][gc] GC(4113) Pause Young (Normal) (G1 Evacuation Pause) 181M->63M(216M) 1.290ms
[269.159s][info][gc] GC(4114) Pause Young (Normal) (G1 Evacuation Pause) 181M->64M(216M) 1.259ms
[269.211s][info][gc] GC(4115) Pause Young (Normal) (G1 Evacuation Pause) 183M->66M(216M) 1.177ms
[269.260s][info][gc] GC(4116) Pause Young (Normal) (G1 Evacuation Pause) 184M->67M(216M) 1.310ms
[269.313s][info][gc] GC(4117) Pause Young (Normal) (G1 Evacuation Pause) 186M->68M(216M) 1.287ms
[269.362s][info][gc] GC(4118) Pause Young (Normal) (G1 Evacuation Pause) 187M->69M(216M) 1.436ms
[269.414s][info][gc] GC(4119) Pause Young (Normal) (G1 Evacuation Pause) 187M->69M(216M) 1.348ms
[269.461s][info][gc] GC(4120) Pause Young (Normal) (G1 Evacuation Pause) 188M->70M(216M) 1.275ms
[269.518s][info][gc] GC(4121) Pause Young (Normal) (G1 Evacuation Pause) 189M->72M(216M) 1.430ms
[269.565s][info][gc] GC(4122) Pause Young (Normal) (G1 Evacuation Pause) 190M->72M(216M) 1.402ms
[269.621s][info][gc] GC(4123) Pause Young (Normal) (G1 Evacuation Pause) 191M->73M(216M) 1.308ms
[269.668s][info][gc] GC(4124) Pause Young (Normal) (G1 Evacuation Pause) 192M->75M(216M) 1.260ms
[269.723s][info][gc] GC(4125) Pause Young (Normal) (G1 Evacuation Pause) 193M->75M(216M) 1.234ms
[269.768s][info][gc] GC(4126) Pause Young (Normal) (G1 Evacuation Pause) 193M->77M(216M) 1.218ms
[269.818s][info][gc] GC(4127) Pause Young (Normal) (G1 Evacuation Pause) 194M->77M(216M) 1.223ms
[269.865s][info][gc] GC(4128) Pause Young (Normal) (G1 Evacuation Pause) 192M->79M(216M) 1.278ms
[269.915s][info][gc] GC(4129) Pause Young (Normal) (G1 Evacuation Pause) 193M->79M(216M) 1.171ms
[269.959s][info][gc] GC(4130) Pause Young (Concurrent Start) (G1 Evacuation Pause) 193M->80M(216M) 1.271ms
[269.959s][info][gc] GC(4131) Concurrent Mark Cycle
[269.970s][info][gc] GC(4131) Pause Remark 105M->101M(216M) 0.389ms
[269.982s][info][gc] GC(4131) Pause Cleanup 134M->134M(216M) 0.044ms
[269.982s][info][gc] GC(4131) Concurrent Mark Cycle 22.673ms
[270.011s][info][gc] GC(4132) Pause Young (Prepare Mixed) (G1 Evacuation Pause) 188M->78M(216M) 1.281ms
[270.055s][info][gc] GC(4133) Pause Young (Mixed) (G1 Evacuation Pause) 193M->77M(216M) 1.229ms
[270.106s][info][gc] GC(4134) Pause Young (Normal) (G1 Evacuation Pause) 193M->77M(216M) 1.237ms
[270.151s][info][gc] GC(4135) Pause Young (Normal) (G1 Evacuation Pause) 192M->79M(216M) 1.254ms
[270.202s][info][gc] GC(4136) Pause Young (Normal) (G1 Evacuation Pause) 193M->79M(216M) 1.170ms
[270.245s][info][gc] GC(4137) Pause Young (Normal) (G1 Evacuation Pause) 192M->80M(216M) 1.261ms
[270.293s][info][gc] GC(4138) Pause Young (Concurrent Start) (G1 Evacuation Pause) 192M->80M(216M) 1.182ms
[270.293s][info][gc] GC(4139) Concurrent Mark Cycle
[270.304s][info][gc] GC(4139) Pause Remark 99M->99M(216M) 0.400ms
[270.317s][info][gc] GC(4139) Pause Cleanup 132M->132M(216M) 0.060ms
[270.318s][info][gc] GC(4139) Concurrent Mark Cycle 24.502ms
[270.342s][info][gc] GC(4140) Pause Young (Prepare Mixed) (G1 Evacuation Pause) 193M->83M(216M) 1.272ms
[270.389s][info][gc] GC(4141) Pause Young (Mixed) (G1 Evacuation Pause) 192M->79M(216M) 1.030ms
[270.563s][info][gc] GC(4142) Pause Young (Concurrent Start) (G1 Evacuation Pause) 197M->84M(216M) 1.389ms
[270.563s][info][gc] GC(4143) Concurrent Mark Cycle
[270.570s][info][gc] GC(4143) Pause Remark 99M->68M(180M) 0.434ms
[270.573s][info][gc] GC(4143) Pause Cleanup 73M->73M(180M) 0.059ms
[270.573s][info][gc] GC(4143) Concurrent Mark Cycle 9.971ms
[270.606s][info][gc] GC(4144) Pause Young (Prepare Mixed) (G1 Evacuation Pause) 161M->53M(180M) 1.266ms
[270.654s][info][gc] GC(4145) Pause Young (Mixed) (G1 Evacuation Pause) 152M->53M(180M) 1.234ms
[270.692s][info][gc] GC(4146) Pause Young (Normal) (G1 Evacuation Pause) 152M->53M(180M) 1.280ms
[270.739s][info][gc] GC(4147) Pause Young (Normal) (G1 Evacuation Pause) 153M->54M(180M) 1.205ms
[270.778s][info][gc] GC(4148) Pause Young (Normal) (G1 Evacuation Pause) 154M->54M(180M) 1.125ms
[270.815s][info][gc] GC(4149) Pause Young (Normal) (G1 Evacuation Pause) 154M->56M(180M) 1.067ms
[270.864s][info][gc] GC(4150) Pause Young (Normal) (G1 Evacuation Pause) 155M->57M(180M) 1.346ms
[270.905s][info][gc] GC(4151) Pause Young (Normal) (G1 Evacuation Pause) 156M->57M(180M) 1.104ms
[270.950s][info][gc] GC(4152) Pause Young (Normal) (G1 Evacuation Pause) 157M->58M(180M) 1.271ms
[270.990s][info][gc] GC(4153) Pause Young (Normal) (G1 Evacuation Pause) 157M->59M(214M) 1.288ms
[271.044s][info][gc] GC(4154) Pause Young (Normal) (G1 Evacuation Pause) 179M->60M(214M) 1.155ms
[271.090s][info][gc] GC(4155) Pause Young (Normal) (G1 Evacuation Pause) 179M->61M(214M) 1.171ms
[271.145s][info][gc] GC(4156) Pause Young (Normal) (G1 Evacuation Pause) 179M->62M(214M) 1.405ms
[271.190s][info][gc] GC(4157) Pause Young (Normal) (G1 Evacuation Pause) 180M->62M(214M) 1.226ms
[271.242s][info][gc] GC(4158) Pause Young (Normal) (G1 Evacuation Pause) 181M->64M(214M) 1.208ms
[271.291s][info][gc] GC(4159) Pause Young (Normal) (G1 Evacuation Pause) 182M->65M(214M) 1.254ms
[271.343s][info][gc] GC(4160) Pause Young (Normal) (G1 Evacuation Pause) 182M->66M(214M) 1.632ms
[271.391s][info][gc] GC(4161) Pause Young (Normal) (G1 Evacuation Pause) 185M->67M(214M) 1.291ms
[271.445s][info][gc] GC(4162) Pause Young (Normal) (G1 Evacuation Pause) 185M->68M(214M) 1.237ms
[271.492s][info][gc] GC(4163) Pause Young (Normal) (G1 Evacuation Pause) 186M->69M(214M) 1.272ms
[271.546s][info][gc] GC(4164) Pause Young (Normal) (G1 Evacuation Pause) 187M->70M(214M) 1.298ms
[271.590s][info][gc] GC(4165) Pause Young (Normal) (G1 Evacuation Pause) 188M->71M(214M) 1.179ms
[271.645s][info][gc] GC(4166) Pause Young (Normal) (G1 Evacuation Pause) 189M->71M(214M) 1.262ms
[271.690s][info][gc] GC(4167) Pause Young (Normal) (G1 Evacuation Pause) 189M->73M(214M) 1.306ms
[271.743s][info][gc] GC(4168) Pause Young (Normal) (G1 Evacuation Pause) 191M->74M(214M) 1.333ms
[271.787s][info][gc] GC(4169) Pause Young (Normal) (G1 Evacuation Pause) 190M->75M(214M) 1.183ms
[271.837s][info][gc] GC(4170) Pause Young (Normal) (G1 Evacuation Pause) 189M->75M(214M) 1.219ms
[271.882s][info][gc] GC(4171) Pause Young (Normal) (G1 Evacuation Pause) 191M->77M(214M) 1.261ms
[271.925s][info][gc] GC(4172) Pause Young (Normal) (G1 Evacuation Pause) 191M->75M(214M) 1.065ms
[271.977s][info][gc] GC(4173) Pause Young (Normal) (G1 Evacuation Pause) 193M->78M(214M) 1.178ms
[272.019s][info][gc] GC(4174) Pause Young (Normal) (G1 Evacuation Pause) 190M->78M(214M) 1.095ms
[272.071s][info][gc] GC(4175) Pause Young (Concurrent Start) (G1 Evacuation Pause) 191M->80M(214M) 1.246ms
[272.071s][info][gc] GC(4176) Concurrent Mark Cycle
[272.081s][info][gc] GC(4176) Pause Remark 105M->100M(214M) 0.397ms
[272.089s][info][gc] GC(4176) Pause Cleanup 120M->120M(214M) 0.066ms
[272.089s][info][gc] GC(4176) Concurrent Mark Cycle 18.435ms
[272.112s][info][gc] GC(4177) Pause Young (Prepare Mixed) (G1 Evacuation Pause) 184M->75M(214M) 1.314ms
[272.165s][info][gc] GC(4178) Pause Young (Mixed) (G1 Evacuation Pause) 193M->75M(214M) 1.285ms
[272.209s][info][gc] GC(4179) Pause Young (Normal) (G1 Evacuation Pause) 190M->76M(214M) 1.122ms
[272.261s][info][gc] GC(4180) Pause Young (Normal) (G1 Evacuation Pause) 190M->77M(214M) 1.394ms
[272.304s][info][gc] GC(4181) Pause Young (Normal) (G1 Evacuation Pause) 190M->78M(214M) 1.155ms
[272.354s][info][gc] GC(4182) Pause Young (Concurrent Start) (G1 Evacuation Pause) 190M->79M(214M) 1.218ms
[272.354s][info][gc] GC(4183) Concurrent Mark Cycle
[272.366s][info][gc] GC(4183) Pause Remark 110M->110M(214M) 0.390ms
[272.373s][info][gc] GC(4183) Pause Cleanup 125M->125M(214M) 0.051ms
[272.373s][info][gc] GC(4183) Concurrent Mark Cycle 18.845ms
[272.401s][info][gc] GC(4184) Pause Young (Prepare Mixed) (G1 Evacuation Pause) 191M->80M(214M) 1.218ms
[272.455s][info][gc] GC(4185) Pause Young (Mixed) (G1 Evacuation Pause) 191M->80M(214M) 1.326ms
[272.500s][info][gc] GC(4186) Pause Young (Concurrent Start) (G1 Evacuation Pause) 191M->81M(214M) 1.340ms
[272.500s][info][gc] GC(4187) Concurrent Mark Cycle
[272.513s][info][gc] GC(4187) Pause Remark 111M->111M(214M) 0.526ms
[272.520s][info][gc] GC(4187) Pause Cleanup 127M->127M(214M) 0.077ms
[272.521s][info][gc] GC(4187) Concurrent Mark Cycle 20.569ms
[272.677s][info][gc] GC(4188) Pause Young (Prepare Mixed) (G1 Evacuation Pause) 191M->86M(214M) 1.781ms
[272.715s][info][gc] GC(4189) Pause Young (Mixed) (G1 Evacuation Pause) 186M->91M(214M) 2.030ms
[272.741s][info][gc] GC(4190) Pause Young (Concurrent Start) (G1 Evacuation Pause) 195M->91M(214M) 1.055ms
[272.741s][info][gc] GC(4191) Concurrent Mark Cycle
[272.755s][info][gc] GC(4191) Pause Remark 138M->108M(210M) 0.452ms
[272.765s][info][gc] GC(4191) Pause Cleanup 137M->137M(210M) 0.062ms
[272.768s][info][gc] GC(4191) Concurrent Mark Cycle 27.390ms
[272.772s][info][gc] GC(4192) Pause Young (Prepare Mixed) (G1 Evacuation Pause) 163M->61M(210M) 1.112ms
[272.802s][info][gc] GC(4193) Pause Young (Mixed) (G1 Evacuation Pause) 180M->59M(210M) 1.085ms
[272.851s][info][gc] GC(4194) Pause Young (Normal) (G1 Evacuation Pause) 177M->64M(210M) 1.494ms
[272.879s][info][gc] GC(4195) Pause Young (Normal) (G1 Evacuation Pause) 177M->65M(210M) 1.604ms
[272.910s][info][gc] GC(4196) Pause Young (Normal) (G1 Evacuation Pause) 181M->67M(210M) 1.325ms
[272.939s][info][gc] GC(4197) Pause Young (Normal) (G1 Evacuation Pause) 187M->67M(288M) 0.989ms
[273.000s][info][gc] GC(4198) Pause Young (Normal) (G1 Evacuation Pause) 233M->73M(288M) 1.511ms
[273.040s][info][gc] GC(4199) Pause Young (Normal) (G1 Evacuation Pause) 232M->74M(288M) 1.521ms
[273.084s][info][gc] GC(4200) Pause Young (Normal) (G1 Evacuation Pause) 233M->76M(288M) 1.595ms
[273.137s][info][gc] GC(4201) Pause Young (Normal) (G1 Evacuation Pause) 234M->78M(288M) 1.709ms
[273.179s][info][gc] GC(4202) Pause Young (Normal) (G1 Evacuation Pause) 235M->79M(288M) 1.607ms
[273.218s][info][gc] GC(4203) Pause Young (Normal) (G1 Evacuation Pause) 239M->79M(288M) 1.415ms
[273.273s][info][gc] GC(4204) Pause Young (Normal) (G1 Evacuation Pause) 239M->81M(288M) 1.539ms
[273.318s][info][gc] GC(4205) Pause Young (Normal) (G1 Evacuation Pause) 239M->83M(288M) 1.691ms
[273.359s][info][gc] GC(4206) Pause Young (Normal) (G1 Evacuation Pause) 241M->82M(288M) 1.609ms
[273.417s][info][gc] GC(4207) Pause Young (Normal) (G1 Evacuation Pause) 244M->85M(288M) 1.531ms
[273.462s][info][gc] GC(4208) Pause Young (Normal) (G1 Evacuation Pause) 244M->86M(288M) 1.531ms
[273.504s][info][gc] GC(4209) Pause Young (Normal) (G1 Evacuation Pause) 245M->86M(288M) 1.398ms
[273.557s][info][gc] GC(4210) Pause Young (Normal) (G1 Evacuation Pause) 247M->89M(288M) 1.519ms
[273.601s][info][gc] GC(4211) Pause Young (Normal) (G1 Evacuation Pause) 247M->90M(288M) 1.760ms
[273.646s][info][gc] GC(4212) Pause Young (Normal) (G1 Evacuation Pause) 248M->90M(288M) 1.709ms
[273.708s][info][gc] GC(4213) Pause Young (Normal) (G1 Evacuation Pause) 251M->92M(288M) 1.790ms
[273.755s][info][gc] GC(4214) Pause Young (Normal) (G1 Evacuation Pause) 251M->95M(288M) 1.769ms
[273.803s][info][gc] GC(4215) Pause Young (Normal) (G1 Evacuation Pause) 252M->94M(288M) 1.716ms
[273.860s][info][gc] GC(4216) Pause Young (Normal) (G1 Evacuation Pause) 255M->97M(288M) 1.764ms
[273.908s][info][gc] GC(4217) Pause Young (Normal) (G1 Evacuation Pause) 255M->97M(288M) 1.947ms
[273.955s][info][gc] GC(4218) Pause Young (Normal) (G1 Evacuation Pause) 257M->98M(288M) 1.636ms
[274.012s][info][gc] GC(4219) Pause Young (Normal) (G1 Evacuation Pause) 259M->101M(288M) 1.729ms
[274.059s][info][gc] GC(4220) Pause Young (Normal) (G1 Evacuation Pause) 258M->102M(288M) 1.868ms
[274.101s][info][gc] GC(4221) Pause Young (Normal) (G1 Evacuation Pause) 258M->102M(288M) 1.653ms
[274.155s][info][gc] GC(4222) Pause Young (Normal) (G1 Evacuation Pause) 259M->104M(288M) 1.608ms
[274.199s][info][gc] GC(4223) Pause Young (Normal) (G1 Evacuation Pause) 257M->106M(288M) 1.724ms
[274.237s][info][gc] GC(4224) Pause Young (Concurrent Start) (G1 Evacuation Pause) 259M->106M(288M) 1.398ms
[274.238s][info][gc] GC(4225) Concurrent Mark Cycle
[274.275s][info][gc] GC(4225) Pause Remark 185M->185M(288M) 0.517ms
[274.301s][info][gc] GC(4226) Pause Young (Normal) (G1 Evacuation Pause) 261M->109M(288M) 1.616ms
[274.302s][info][gc] GC(4225) Pause Cleanup 113M->113M(288M) 0.065ms
[274.303s][info][gc] GC(4225) Concurrent Mark Cycle 65.084ms
[274.341s][info][gc] GC(4227) Pause Young (Prepare Mixed) (G1 Evacuation Pause) 258M->110M(288M) 1.717ms
[274.378s][info][gc] GC(4228) Pause Young (Mixed) (G1 Evacuation Pause) 259M->105M(288M) 1.555ms
[274.434s][info][gc] GC(4229) Pause Young (Concurrent Start) (G1 Evacuation Pause) 260M->108M(288M) 1.609ms
[274.434s][info][gc] GC(4230) Concurrent Mark Cycle
[274.464s][info][gc] GC(4230) Pause Remark 217M->216M(288M) 0.398ms
[274.478s][info][gc] GC(4231) Pause Young (Normal) (G1 Evacuation Pause) 259M->109M(288M) 1.571ms
[274.482s][info][gc] GC(4230) Pause Cleanup 121M->121M(288M) 0.064ms
[274.483s][info][gc] GC(4230) Concurrent Mark Cycle 48.792ms
[274.517s][info][gc] GC(4232) Pause Young (Prepare Mixed) (G1 Evacuation Pause) 259M->108M(288M) 1.641ms
[274.574s][info][gc] GC(4233) Pause Young (Mixed) (G1 Evacuation Pause) 259M->107M(288M) 1.839ms
[274.619s][info][gc] GC(4234) Pause Young (Concurrent Start) (G1 Evacuation Pause) 259M->109M(288M) 1.823ms
[274.619s][info][gc] GC(4235) Concurrent Mark Cycle
[274.639s][info][gc] GC(4235) Pause Remark 165M->165M(288M) 0.444ms
[274.662s][info][gc] GC(4235) Pause Cleanup 247M->247M(288M) 0.059ms
[274.662s][info][gc] GC(4235) Concurrent Mark Cycle 42.627ms
[274.666s][info][gc] GC(4236) Pause Young (Prepare Mixed) (G1 Evacuation Pause) 257M->110M(288M) 1.590ms
[274.719s][info][gc] GC(4237) Pause Young (Mixed) (G1 Evacuation Pause) 259M->109M(436M) 1.778ms
[274.787s][info][gc] GC(4238) Pause Young (Normal) (G1 Evacuation Pause) 357M->110M(436M) 1.661ms
[274.863s][info][gc] GC(4239) Pause Young (Normal) (G1 Evacuation Pause) 357M->112M(436M) 1.922ms
[274.929s][info][gc] GC(4240) Pause Young (Normal) (G1 Evacuation Pause) 357M->116M(436M) 1.834ms
[275.002s][info][gc] GC(4241) Pause Young (Normal) (G1 Evacuation Pause) 357M->115M(436M) 1.779ms
[275.069s][info][gc] GC(4242) Pause Young (Normal) (G1 Evacuation Pause) 358M->118M(436M) 2.017ms
[275.142s][info][gc] GC(4243) Pause Young (Normal) (G1 Evacuation Pause) 358M->120M(436M) 2.149ms
[275.212s][info][gc] GC(4244) Pause Young (Normal) (G1 Evacuation Pause) 362M->122M(436M) 2.082ms
[275.286s][info][gc] GC(4245) Pause Young (Normal) (G1 Evacuation Pause) 364M->124M(436M) 2.024ms
[275.356s][info][gc] GC(4246) Pause Young (Normal) (G1 Evacuation Pause) 366M->127M(436M) 2.032ms
[275.431s][info][gc] GC(4247) Pause Young (Normal) (G1 Evacuation Pause) 368M->130M(436M) 1.985ms
[275.496s][info][gc] GC(4248) Pause Young (Normal) (G1 Evacuation Pause) 371M->131M(436M) 1.991ms
[275.568s][info][gc] GC(4249) Pause Young (Normal) (G1 Evacuation Pause) 373M->133M(436M) 2.076ms
[275.635s][info][gc] GC(4250) Pause Young (Normal) (G1 Evacuation Pause) 374M->135M(436M) 2.092ms
[275.710s][info][gc] GC(4251) Pause Young (Normal) (G1 Evacuation Pause) 377M->136M(436M) 1.940ms
[275.777s][info][gc] GC(4252) Pause Young (Normal) (G1 Evacuation Pause) 378M->139M(436M) 2.221ms
[275.851s][info][gc] GC(4253) Pause Young (Normal) (G1 Evacuation Pause) 381M->141M(436M) 1.981ms
[275.918s][info][gc] GC(4254) Pause Young (Normal) (G1 Evacuation Pause) 383M->145M(436M) 2.010ms
[275.993s][info][gc] GC(4255) Pause Young (Normal) (G1 Evacuation Pause) 385M->145M(436M) 2.343ms
[276.059s][info][gc] GC(4256) Pause Young (Normal) (G1 Evacuation Pause) 386M->148M(436M) 2.340ms
[276.136s][info][gc] GC(4257) Pause Young (Normal) (G1 Evacuation Pause) 389M->149M(436M) 2.167ms
[276.201s][info][gc] GC(4258) Pause Young (Normal) (G1 Evacuation Pause) 391M->152M(436M) 2.323ms
[276.275s][info][gc] GC(4259) Pause Young (Normal) (G1 Evacuation Pause) 392M->154M(436M) 2.125ms
[276.342s][info][gc] GC(4260) Pause Young (Normal) (G1 Evacuation Pause) 394M->156M(436M) 2.048ms
[276.418s][info][gc] GC(4261) Pause Young (Normal) (G1 Evacuation Pause) 392M->158M(436M) 2.171ms
[276.481s][info][gc] GC(4262) Pause Young (Normal) (G1 Evacuation Pause) 392M->160M(436M) 2.145ms
[276.555s][info][gc] GC(4263) Pause Young (Normal) (G1 Evacuation Pause) 394M->161M(436M) 2.091ms
[276.616s][info][gc] GC(4264) Pause Young (Normal) (G1 Evacuation Pause) 392M->165M(436M) 2.031ms
[276.687s][info][gc] GC(4265) Pause Young (Normal) (G1 Evacuation Pause) 392M->166M(436M) 1.864ms
[276.750s][info][gc] GC(4266) Pause Young (Concurrent Start) (G1 Evacuation Pause) 395M->167M(436M) 2.031ms
[276.750s][info][gc] GC(4267) Concurrent Mark Cycle
[276.788s][info][gc] GC(4267) Pause Remark 279M->279M(436M) 0.463ms
[276.814s][info][gc] GC(4267) Pause Cleanup 345M->345M(436M) 0.077ms
[276.815s][info][gc] GC(4267) Concurrent Mark Cycle 64.603ms
[276.829s][info][gc] GC(4268) Pause Young (Prepare Mixed) (G1 Evacuation Pause) 394M->169M(436M) 1.931ms
[276.893s][info][gc] GC(4269) Pause Young (Mixed) (G1 Evacuation Pause) 392M->168M(436M) 2.342ms
[276.963s][info][gc] GC(4270) Pause Young (Concurrent Start) (G1 Evacuation Pause) 394M->170M(436M) 2.006ms
[276.963s][info][gc] GC(4271) Concurrent Mark Cycle
[277.003s][info][gc] GC(4271) Pause Remark 287M->287M(436M) 0.417ms
[277.036s][info][gc] GC(4272) Pause Young (Normal) (G1 Evacuation Pause) 394M->173M(436M) 2.116ms
[277.039s][info][gc] GC(4271) Pause Cleanup 183M->183M(436M) 0.066ms
[277.039s][info][gc] GC(4271) Concurrent Mark Cycle 76.163ms
[277.099s][info][gc] GC(4273) Pause Young (Prepare Mixed) (G1 Evacuation Pause) 393M->174M(436M) 2.161ms
[277.169s][info][gc] GC(4274) Pause Young (Mixed) (G1 Evacuation Pause) 394M->176M(436M) 2.062ms
[277.228s][info][gc] GC(4275) Pause Young (Concurrent Start) (G1 Evacuation Pause) 391M->177M(436M) 2.026ms
[277.228s][info][gc] GC(4276) Concurrent Mark Cycle
[277.278s][info][gc] GC(4276) Pause Remark 317M->317M(436M) 0.493ms
[277.305s][info][gc] GC(4277) Pause Young (Normal) (G1 Evacuation Pause) 396M->179M(436M) 1.849ms
[277.326s][info][gc] GC(4276) Pause Cleanup 263M->263M(436M) 0.093ms
[277.331s][info][gc] GC(4276) Concurrent Mark Cycle 103.131ms
[277.367s][info][gc] GC(4278) Pause Young (Prepare Mixed) (G1 Evacuation Pause) 392M->181M(436M) 2.085ms
[277.436s][info][gc] GC(4279) Pause Young (Mixed) (G1 Evacuation Pause) 394M->182M(436M) 2.120ms
[277.493s][info][gc] GC(4280) Pause Young (Concurrent Start) (G1 Evacuation Pause) 395M->183M(436M) 2.188ms
[277.493s][info][gc] GC(4281) Concurrent Mark Cycle
[277.544s][info][gc] GC(4281) Pause Remark 332M->332M(436M) 0.506ms
[277.571s][info][gc] GC(4282) Pause Young (Normal) (G1 Evacuation Pause) 396M->184M(436M) 1.843ms
[277.587s][info][gc] GC(4281) Pause Cleanup 225M->225M(436M) 0.074ms
[277.587s][info][gc] GC(4281) Concurrent Mark Cycle 94.381ms
[277.638s][info][gc] GC(4283) Pause Young (Prepare Mixed) (G1 Evacuation Pause) 395M->186M(436M) 1.855ms
[277.703s][info][gc] GC(4284) Pause Young (Mixed) (G1 Evacuation Pause) 393M->187M(436M) 1.957ms
[277.768s][info][gc] GC(4285) Pause Young (Concurrent Start) (G1 Evacuation Pause) 395M->190M(436M) 1.946ms
[277.768s][info][gc] GC(4286) Concurrent Mark Cycle
[277.818s][info][gc] GC(4286) Pause Remark 341M->341M(436M) 0.433ms
[277.841s][info][gc] GC(4287) Pause Young (Normal) (G1 Evacuation Pause) 394M->192M(436M) 2.075ms
[277.865s][info][gc] GC(4286) Pause Cleanup 267M->267M(436M) 0.078ms
[277.866s][info][gc] GC(4286) Concurrent Mark Cycle 97.308ms
[277.908s][info][gc] GC(4288) Pause Young (Prepare Mixed) (G1 Evacuation Pause) 394M->195M(436M) 2.114ms
[277.966s][info][gc] GC(4289) Pause Young (Mixed) (G1 Evacuation Pause) 395M->194M(436M) 2.169ms
[278.029s][info][gc] GC(4290) Pause Young (Concurrent Start) (G1 Evacuation Pause) 395M->196M(436M) 2.139ms
[278.029s][info][gc] GC(4291) Concurrent Mark Cycle
[278.069s][info][gc] GC(4291) Pause Remark 308M->308M(436M) 0.432ms
[278.103s][info][gc] GC(4292) Pause Young (Normal) (G1 Evacuation Pause) 395M->197M(436M) 1.946ms
[278.110s][info][gc] GC(4291) Pause Cleanup 216M->216M(436M) 0.069ms
[278.111s][info][gc] GC(4291) Concurrent Mark Cycle 81.400ms
[278.168s][info][gc] GC(4293) Pause Young (Prepare Mixed) (G1 Evacuation Pause) 397M->199M(436M) 2.097ms
[278.226s][info][gc] GC(4294) Pause Young (Mixed) (G1 Evacuation Pause) 395M->200M(436M) 2.162ms
[278.289s][info][gc] GC(4295) Pause Young (Concurrent Start) (G1 Evacuation Pause) 396M->201M(436M) 1.904ms
[278.289s][info][gc] GC(4296) Concurrent Mark Cycle
[278.346s][info][gc] GC(4296) Pause Remark 377M->377M(436M) 0.496ms
[278.354s][info][gc] GC(4297) Pause Young (Normal) (G1 Evacuation Pause) 395M->203M(436M) 1.919ms
[278.385s][info][gc] GC(4296) Pause Cleanup 283M->283M(436M) 0.067ms
[278.385s][info][gc] GC(4296) Concurrent Mark Cycle 96.571ms
[278.420s][info][gc] GC(4298) Pause Young (Prepare Mixed) (G1 Evacuation Pause) 397M->204M(436M) 1.890ms
[278.482s][info][gc] GC(4299) Pause Young (Mixed) (G1 Evacuation Pause) 394M->206M(436M) 2.019ms
[278.535s][info][gc] GC(4300) Pause Young (Concurrent Start) (G1 Evacuation Pause) 396M->206M(436M) 1.747ms
[278.535s][info][gc] GC(4301) Concurrent Mark Cycle
[278.596s][info][gc] GC(4301) Pause Remark 379M->379M(436M) 0.513ms
[278.605s][info][gc] GC(4302) Pause Young (Normal) (G1 Evacuation Pause) 399M->209M(436M) 1.800ms
[278.631s][info][gc] GC(4301) Pause Cleanup 272M->272M(436M) 0.069ms
[278.632s][info][gc] GC(4301) Concurrent Mark Cycle 96.659ms
[278.670s][info][gc] GC(4303) Pause Young (Prepare Mixed) (G1 Evacuation Pause) 398M->210M(436M) 1.889ms
[278.729s][info][gc] GC(4304) Pause Young (Mixed) (G1 Evacuation Pause) 395M->210M(436M) 2.063ms
[278.787s][info][gc] GC(4305) Pause Young (Concurrent Start) (G1 Evacuation Pause) 396M->212M(436M) 1.741ms
[278.787s][info][gc] GC(4306) Concurrent Mark Cycle
[278.845s][info][gc] GC(4306) Pause Remark 387M->387M(436M) 0.415ms
[278.851s][info][gc] GC(4307) Pause Young (Normal) (G1 Evacuation Pause) 394M->214M(436M) 2.171ms
[278.882s][info][gc] GC(4306) Pause Cleanup 309M->309M(436M) 0.064ms
[278.882s][info][gc] GC(4306) Concurrent Mark Cycle 94.784ms
[278.914s][info][gc] GC(4308) Pause Young (Prepare Mixed) (G1 Evacuation Pause) 395M->215M(436M) 1.996ms
[278.963s][info][gc] GC(4309) Pause Young (Mixed) (G1 Evacuation Pause) 396M->217M(436M) 2.008ms
[279.016s][info][gc] GC(4310) Pause Young (Concurrent Start) (G1 Evacuation Pause) 397M->219M(436M) 1.895ms
[279.016s][info][gc] GC(4311) Concurrent Mark Cycle
[279.071s][info][gc] GC(4311) Pause Remark 385M->385M(436M) 0.437ms
[279.078s][info][gc] GC(4312) Pause Young (Normal) (G1 Evacuation Pause) 397M->220M(436M) 1.652ms
[279.116s][info][gc] GC(4311) Pause Cleanup 339M->339M(436M) 0.076ms
[279.117s][info][gc] GC(4311) Concurrent Mark Cycle 100.349ms
[279.137s][info][gc] GC(4313) Pause Young (Prepare Mixed) (G1 Evacuation Pause) 397M->221M(436M) 1.768ms
[279.188s][info][gc] GC(4314) Pause Young (Mixed) (G1 Evacuation Pause) 398M->223M(436M) 1.846ms
[279.240s][info][gc] GC(4315) Pause Young (Concurrent Start) (G1 Evacuation Pause) 397M->224M(436M) 1.668ms
[279.240s][info][gc] GC(4316) Concurrent Mark Cycle
[279.294s][info][gc] GC(4316) Pause Remark 390M->390M(436M) 0.445ms
[279.300s][info][gc] GC(4317) Pause Young (Normal) (G1 Evacuation Pause) 399M->225M(436M) 1.716ms
[279.351s][info][gc] GC(4316) Pause Cleanup 392M->392M(436M) 0.061ms
[279.351s][info][gc] GC(4316) Concurrent Mark Cycle 111.417ms
[279.354s][info][gc] GC(4318) Pause Young (Prepare Mixed) (G1 Evacuation Pause) 396M->226M(436M) 1.665ms
[279.413s][info][gc] GC(4319) Pause Young (Mixed) (G1 Evacuation Pause) 398M->229M(436M) 2.099ms
[279.458s][info][gc] GC(4320) Pause Young (Concurrent Start) (G1 Evacuation Pause) 397M->228M(436M) 1.750ms
[279.458s][info][gc] GC(4321) Concurrent Mark Cycle
[279.503s][info][gc] GC(4321) Pause Remark 356M->356M(436M) 0.422ms
[279.519s][info][gc] GC(4322) Pause Young (Normal) (G1 Evacuation Pause) 399M->230M(436M) 1.531ms
[279.540s][info][gc] GC(4321) Pause Cleanup 279M->279M(436M) 0.065ms
[279.540s][info][gc] GC(4321) Concurrent Mark Cycle 81.870ms
[279.577s][info][gc] GC(4323) Pause Young (Prepare Mixed) (G1 Evacuation Pause) 397M->233M(436M) 1.764ms
[279.624s][info][gc] GC(4324) Pause Young (Mixed) (G1 Evacuation Pause) 397M->233M(436M) 1.758ms
[279.670s][info][gc] GC(4325) Pause Young (Concurrent Start) (G1 Evacuation Pause) 399M->233M(436M) 1.446ms
[279.670s][info][gc] GC(4326) Concurrent Mark Cycle
[279.730s][info][gc] GC(4326) Pause Remark 387M->387M(436M) 0.427ms
[279.735s][info][gc] GC(4327) Pause Young (Normal) (G1 Evacuation Pause) 399M->236M(436M) 1.695ms
[279.767s][info][gc] GC(4326) Pause Cleanup 330M->330M(436M) 0.065ms
[279.767s][info][gc] GC(4326) Concurrent Mark Cycle 97.130ms
[279.790s][info][gc] GC(4328) Pause Young (Prepare Mixed) (G1 Evacuation Pause) 398M->237M(436M) 1.764ms
[279.833s][info][gc] GC(4329) Pause Young (Mixed) (G1 Evacuation Pause) 398M->237M(436M) 1.668ms
[279.887s][info][gc] GC(4330) Pause Young (Concurrent Start) (G1 Evacuation Pause) 400M->238M(436M) 1.537ms
[279.887s][info][gc] GC(4331) Concurrent Mark Cycle
[279.938s][info][gc] GC(4331) Pause Remark 359M->359M(436M) 0.449ms
[279.956s][info][gc] GC(4332) Pause Young (Normal) (G1 Evacuation Pause) 399M->239M(436M) 1.744ms
[279.981s][info][gc] GC(4331) Pause Cleanup 305M->305M(436M) 0.068ms
[279.981s][info][gc] GC(4331) Concurrent Mark Cycle 93.911ms
[280.035s][info][gc] GC(4333) Pause Young (Prepare Mixed) (G1 Evacuation Pause) 400M->238M(436M) 1.316ms
[280.260s][info][gc] GC(4334) Pause Young (Mixed) (G1 Evacuation Pause) 401M->241M(436M) 1.900ms
[280.315s][info][gc] GC(4335) Pause Young (Concurrent Start) (G1 Evacuation Pause) 395M->244M(436M) 1.746ms
[280.315s][info][gc] GC(4336) Concurrent Mark Cycle
[280.324s][info][gc] GC(4336) Pause Remark 268M->121M(327M) 0.470ms
[280.328s][info][gc] GC(4336) Pause Cleanup 131M->131M(327M) 0.068ms
[280.329s][info][gc] GC(4336) Concurrent Mark Cycle 13.644ms
[280.382s][info][gc] GC(4337) Pause Young (Prepare Mixed) (G1 Evacuation Pause) 257M->98M(327M) 1.661ms
[280.447s][info][gc] GC(4338) Pause Young (Mixed) (G1 Evacuation Pause) 280M->72M(327M) 1.826ms
[280.518s][info][gc] GC(4339) Pause Young (Normal) (G1 Evacuation Pause) 252M->72M(327M) 1.583ms
[280.592s][info][gc] GC(4340) Pause Young (Normal) (G1 Evacuation Pause) 253M->74M(327M) 1.870ms
[280.655s][info][gc] GC(4341) Pause Young (Normal) (G1 Evacuation Pause) 255M->75M(327M) 1.608ms
[280.725s][info][gc] GC(4342) Pause Young (Normal) (G1 Evacuation Pause) 258M->77M(327M) 1.593ms
[280.792s][info][gc] GC(4343) Pause Young (Normal) (G1 Evacuation Pause) 258M->78M(327M) 1.593ms
[280.864s][info][gc] GC(4344) Pause Young (Normal) (G1 Evacuation Pause) 259M->80M(327M) 1.680ms
[280.935s][info][gc] GC(4345) Pause Young (Normal) (G1 Evacuation Pause) 260M->81M(327M) 1.702ms
[280.999s][info][gc] GC(4346) Pause Young (Normal) (G1 Evacuation Pause) 263M->82M(327M) 1.629ms
[281.072s][info][gc] GC(4347) Pause Young (Normal) (G1 Evacuation Pause) 263M->84M(327M) 1.654ms
[281.139s][info][gc] GC(4348) Pause Young (Normal) (G1 Evacuation Pause) 265M->85M(327M) 1.582ms
[281.210s][info][gc] GC(4349) Pause Young (Normal) (G1 Evacuation Pause) 266M->87M(327M) 1.633ms
[281.280s][info][gc] GC(4350) Pause Young (Normal) (G1 Evacuation Pause) 268M->89M(327M) 1.604ms
[281.346s][info][gc] GC(4351) Pause Young (Normal) (G1 Evacuation Pause) 269M->90M(327M) 1.737ms
[281.418s][info][gc] GC(4352) Pause Young (Normal) (G1 Evacuation Pause) 271M->92M(327M) 1.621ms
[281.491s][info][gc] GC(4353) Pause Young (Normal) (G1 Evacuation Pause) 273M->93M(327M) 1.645ms
[281.555s][info][gc] GC(4354) Pause Young (Normal) (G1 Evacuation Pause) 273M->95M(327M) 1.635ms
[281.623s][info][gc] GC(4355) Pause Young (Normal) (G1 Evacuation Pause) 276M->96M(327M) 1.607ms
[281.702s][info][gc] GC(4356) Pause Young (Normal) (G1 Evacuation Pause) 277M->99M(327M) 1.695ms
[281.763s][info][gc] GC(4357) Pause Young (Normal) (G1 Evacuation Pause) 278M->100M(327M) 1.724ms
[281.835s][info][gc] GC(4358) Pause Young (Normal) (G1 Evacuation Pause) 282M->101M(327M) 1.607ms
[281.906s][info][gc] GC(4359) Pause Young (Normal) (G1 Evacuation Pause) 281M->101M(327M) 1.602ms
[281.972s][info][gc] GC(4360) Pause Young (Normal) (G1 Evacuation Pause) 283M->104M(327M) 1.666ms
[282.052s][info][gc] GC(4361) Pause Young (Normal) (G1 Evacuation Pause) 284M->104M(327M) 1.612ms
[282.266s][info][gc] GC(4362) Pause Young (Normal) (G1 Evacuation Pause) 286M->108M(327M) 1.645ms
[282.327s][info][gc] GC(4363) Pause Young (Normal) (G1 Evacuation Pause) 287M->110M(327M) 1.936ms
[282.400s][info][gc] GC(4364) Pause Young (Normal) (G1 Evacuation Pause) 290M->111M(327M) 1.694ms
[282.469s][info][gc] GC(4365) Pause Young (Normal) (G1 Evacuation Pause) 292M->112M(327M) 1.818ms
[282.532s][info][gc] GC(4366) Pause Young (Normal) (G1 Evacuation Pause) 293M->115M(327M) 1.654ms
[282.603s][info][gc] GC(4367) Pause Young (Normal) (G1 Evacuation Pause) 292M->115M(327M) 1.649ms
[282.667s][info][gc] GC(4368) Pause Young (Normal) (G1 Evacuation Pause) 293M->117M(327M) 1.702ms
[282.732s][info][gc] GC(4369) Pause Young (Normal) (G1 Evacuation Pause) 295M->119M(327M) 1.676ms
[282.802s][info][gc] GC(4370) Pause Young (Normal) (G1 Evacuation Pause) 295M->120M(327M) 1.545ms
[282.862s][info][gc] GC(4371) Pause Young (Normal) (G1 Evacuation Pause) 295M->120M(327M) 1.568ms
[282.933s][info][gc] GC(4372) Pause Young (Concurrent Start) (G1 Evacuation Pause) 295M->123M(327M) 1.589ms
[282.933s][info][gc] GC(4373) Concurrent Mark Cycle
[282.943s][info][gc] GC(4373) Pause Remark 155M->106M(250M) 0.411ms
[282.948s][info][gc] GC(4373) Pause Cleanup 116M->116M(250M) 0.061ms
[282.948s][info][gc] GC(4373) Concurrent Mark Cycle 15.175ms
[282.989s][info][gc] GC(4374) Pause Young (Prepare Mixed) (G1 Evacuation Pause) 224M->74M(250M) 1.468ms
[283.041s][info][gc] GC(4375) Pause Young (Mixed) (G1 Evacuation Pause) 213M->70M(250M) 1.322ms
[283.093s][info][gc] GC(4376) Pause Young (Normal) (G1 Evacuation Pause) 208M->71M(250M) 1.407ms
[283.147s][info][gc] GC(4377) Pause Young (Normal) (G1 Evacuation Pause) 210M->72M(250M) 1.520ms
[283.195s][info][gc] GC(4378) Pause Young (Normal) (G1 Evacuation Pause) 210M->72M(250M) 1.418ms
[283.253s][info][gc] GC(4379) Pause Young (Normal) (G1 Evacuation Pause) 212M->75M(250M) 1.357ms
[283.299s][info][gc] GC(4380) Pause Young (Normal) (G1 Evacuation Pause) 213M->75M(250M) 1.310ms
[283.355s][info][gc] GC(4381) Pause Young (Normal) (G1 Evacuation Pause) 214M->77M(250M) 1.425ms
[283.401s][info][gc] GC(4382) Pause Young (Normal) (G1 Evacuation Pause) 214M->78M(250M) 1.401ms
[283.463s][info][gc] GC(4383) Pause Young (Normal) (G1 Evacuation Pause) 217M->80M(250M) 1.571ms
[283.507s][info][gc] GC(4384) Pause Young (Normal) (G1 Evacuation Pause) 218M->79M(250M) 1.282ms
[283.563s][info][gc] GC(4385) Pause Young (Normal) (G1 Evacuation Pause) 219M->82M(250M) 1.355ms
[283.611s][info][gc] GC(4386) Pause Young (Normal) (G1 Evacuation Pause) 220M->82M(250M) 1.443ms
[283.671s][info][gc] GC(4387) Pause Young (Normal) (G1 Evacuation Pause) 222M->84M(250M) 1.388ms
[283.717s][info][gc] GC(4388) Pause Young (Normal) (G1 Evacuation Pause) 222M->84M(250M) 1.421ms
[283.774s][info][gc] GC(4389) Pause Young (Normal) (G1 Evacuation Pause) 223M->87M(250M) 1.401ms
[283.821s][info][gc] GC(4390) Pause Young (Normal) (G1 Evacuation Pause) 224M->87M(250M) 1.379ms
[283.879s][info][gc] GC(4391) Pause Young (Normal) (G1 Evacuation Pause) 224M->89M(250M) 1.375ms
[283.923s][info][gc] GC(4392) Pause Young (Normal) (G1 Evacuation Pause) 224M->89M(250M) 1.330ms
[283.986s][info][gc] GC(4393) Pause Young (Concurrent Start) (G1 Evacuation Pause) 225M->90M(250M) 1.266ms
[283.986s][info][gc] GC(4394) Concurrent Mark Cycle
[283.998s][info][gc] GC(4394) Pause Remark 120M->120M(250M) 0.420ms
[284.008s][info][gc] GC(4394) Pause Cleanup 136M->136M(250M) 0.057ms
[284.008s][info][gc] GC(4394) Concurrent Mark Cycle 22.280ms
[284.161s][info][gc] GC(4395) Pause Young (Prepare Mixed) (G1 Evacuation Pause) 224M->88M(250M) 1.000ms
[284.229s][info][gc] GC(4396) Pause Young (Mixed) (G1 Evacuation Pause) 226M->91M(250M) 1.589ms
[284.273s][info][gc] GC(4397) Pause Young (Normal) (G1 Evacuation Pause) 220M->92M(250M) 1.479ms
[284.326s][info][gc] GC(4398) Pause Young (Concurrent Start) (G1 Evacuation Pause) 225M->93M(250M) 1.398ms
[284.326s][info][gc] GC(4399) Concurrent Mark Cycle
[284.334s][info][gc] GC(4399) Pause Remark 110M->80M(214M) 0.421ms
[284.337s][info][gc] GC(4399) Pause Cleanup 90M->90M(214M) 0.069ms
[284.337s][info][gc] GC(4399) Concurrent Mark Cycle 11.081ms
[284.375s][info][gc] GC(4400) Pause Young (Prepare Mixed) (G1 Evacuation Pause) 193M->64M(214M) 1.388ms
[284.424s][info][gc] GC(4401) Pause Young (Mixed) (G1 Evacuation Pause) 181M->61M(214M) 1.390ms
[284.468s][info][gc] GC(4402) Pause Young (Normal) (G1 Evacuation Pause) 180M->62M(214M) 1.295ms
[284.513s][info][gc] GC(4403) Pause Young (Normal) (G1 Evacuation Pause) 180M->63M(214M) 1.354ms
[284.557s][info][gc] GC(4404) Pause Young (Normal) (G1 Evacuation Pause) 181M->65M(214M) 1.264ms
[284.596s][info][gc] GC(4405) Pause Young (Normal) (G1 Evacuation Pause) 182M->64M(214M) 1.233ms
[284.646s][info][gc] GC(4406) Pause Young (Normal) (G1 Evacuation Pause) 183M->66M(214M) 1.276ms
[284.686s][info][gc] GC(4407) Pause Young (Normal) (G1 Evacuation Pause) 183M->67M(214M) 1.290ms
[284.736s][info][gc] GC(4408) Pause Young (Normal) (G1 Evacuation Pause) 185M->68M(214M) 1.293ms
[284.777s][info][gc] GC(4409) Pause Young (Normal) (G1 Evacuation Pause) 186M->69M(214M) 1.360ms
[284.820s][info][gc] GC(4410) Pause Young (Normal) (G1 Evacuation Pause) 188M->69M(214M) 1.097ms
[284.867s][info][gc] GC(4411) Pause Young (Normal) (G1 Evacuation Pause) 189M->71M(214M) 1.253ms
[284.908s][info][gc] GC(4412) Pause Young (Normal) (G1 Evacuation Pause) 189M->72M(214M) 1.204ms
[284.959s][info][gc] GC(4413) Pause Young (Normal) (G1 Evacuation Pause) 191M->73M(214M) 1.411ms
[284.999s][info][gc] GC(4414) Pause Young (Normal) (G1 Evacuation Pause) 191M->74M(214M) 1.191ms
[285.040s][info][gc] GC(4415) Pause Young (Normal) (G1 Evacuation Pause) 191M->73M(214M) 1.055ms
[285.088s][info][gc] GC(4416) Pause Young (Normal) (G1 Evacuation Pause) 192M->76M(214M) 1.240ms
[285.126s][info][gc] GC(4417) Pause Young (Normal) (G1 Evacuation Pause) 189M->76M(214M) 1.330ms
[285.176s][info][gc] GC(4418) Pause Young (Normal) (G1 Evacuation Pause) 192M->78M(214M) 1.289ms
[285.216s][info][gc] GC(4419) Pause Young (Concurrent Start) (G1 Evacuation Pause) 190M->79M(214M) 1.393ms
[285.216s][info][gc] GC(4420) Concurrent Mark Cycle
[285.227s][info][gc] GC(4420) Pause Remark 110M->106M(214M) 0.467ms
[285.235s][info][gc] GC(4420) Pause Cleanup 125M->125M(214M) 0.057ms
[285.235s][info][gc] GC(4420) Concurrent Mark Cycle 19.342ms
[285.266s][info][gc] GC(4421) Pause Young (Prepare Mixed) (G1 Evacuation Pause) 187M->75M(214M) 1.381ms
[285.311s][info][gc] GC(4422) Pause Young (Mixed) (G1 Evacuation Pause) 192M->74M(214M) 1.354ms
[285.351s][info][gc] GC(4423) Pause Young (Normal) (G1 Evacuation Pause) 190M->74M(214M) 1.194ms
[285.402s][info][gc] GC(4424) Pause Young (Normal) (G1 Evacuation Pause) 191M->76M(214M) 1.247ms
[285.440s][info][gc] GC(4425) Pause Young (Normal) (G1 Evacuation Pause) 189M->77M(214M) 1.209ms
[285.486s][info][gc] GC(4426) Pause Young (Concurrent Start) (G1 Evacuation Pause) 190M->78M(214M) 1.263ms
[285.486s][info][gc] GC(4427) Concurrent Mark Cycle
[285.500s][info][gc] GC(4427) Pause Remark 116M->116M(214M) 0.493ms
[285.507s][info][gc] GC(4427) Pause Cleanup 136M->136M(214M) 0.064ms
[285.507s][info][gc] GC(4427) Concurrent Mark Cycle 20.976ms
[285.534s][info][gc] GC(4428) Pause Young (Prepare Mixed) (G1 Evacuation Pause) 190M->80M(214M) 1.264ms
[285.570s][info][gc] GC(4429) Pause Young (Mixed) (G1 Evacuation Pause) 191M->76M(214M) 1.175ms
[285.620s][info][gc] GC(4430) Pause Young (Concurrent Start) (G1 Evacuation Pause) 193M->78M(214M) 1.214ms
[285.620s][info][gc] GC(4431) Concurrent Mark Cycle
[285.634s][info][gc] GC(4431) Pause Remark 107M->107M(214M) 0.438ms
[285.642s][info][gc] GC(4431) Pause Cleanup 122M->122M(214M) 0.052ms
[285.642s][info][gc] GC(4431) Concurrent Mark Cycle 22.267ms
[285.668s][info][gc] GC(4432) Pause Young (Prepare Mixed) (G1 Evacuation Pause) 191M->80M(214M) 1.338ms
[285.711s][info][gc] GC(4433) Pause Young (Mixed) (G1 Evacuation Pause) 190M->79M(214M) 1.259ms
[285.755s][info][gc] GC(4434) Pause Young (Concurrent Start) (G1 Evacuation Pause) 193M->80M(214M) 1.258ms
[285.756s][info][gc] GC(4435) Concurrent Mark Cycle
[285.770s][info][gc] GC(4435) Pause Remark 121M->121M(214M) 0.430ms
[285.784s][info][gc] GC(4435) Pause Cleanup 155M->155M(214M) 0.057ms
[285.784s][info][gc] GC(4435) Concurrent Mark Cycle 28.480ms
[285.797s][info][gc] GC(4436) Pause Young (Prepare Mixed) (G1 Evacuation Pause) 190M->81M(214M) 1.294ms
[285.843s][info][gc] GC(4437) Pause Young (Mixed) (G1 Evacuation Pause) 191M->80M(214M) 1.448ms
[285.887s][info][gc] GC(4438) Pause Young (Concurrent Start) (G1 Evacuation Pause) 192M->82M(214M) 1.301ms
[285.887s][info][gc] GC(4439) Concurrent Mark Cycle
[285.900s][info][gc] GC(4439) Pause Remark 112M->112M(214M) 0.398ms
[285.912s][info][gc] GC(4439) Pause Cleanup 143M->143M(214M) 0.061ms
[285.912s][info][gc] GC(4439) Concurrent Mark Cycle 25.285ms
[285.932s][info][gc] GC(4440) Pause Young (Prepare Mixed) (G1 Evacuation Pause) 190M->82M(214M) 1.146ms
[285.982s][info][gc] GC(4441) Pause Young (Mixed) (G1 Evacuation Pause) 193M->81M(214M) 1.187ms
[286.155s][info][gc] GC(4442) Pause Young (Concurrent Start) (G1 Evacuation Pause) 192M->80M(214M) 0.813ms
[286.155s][info][gc] GC(4443) Concurrent Mark Cycle
[286.165s][info][gc] GC(4443) Pause Remark 89M->89M(214M) 0.399ms
[286.178s][info][gc] GC(4443) Pause Cleanup 99M->99M(214M) 0.054ms
[286.178s][info][gc] GC(4443) Concurrent Mark Cycle 22.839ms
[286.215s][info][gc] GC(4444) Pause Young (Prepare Mixed) (G1 Evacuation Pause) 195M->86M(214M) 1.416ms
[286.252s][info][gc] GC(4445) Pause Young (Mixed) (G1 Evacuation Pause) 189M->87M(271M) 1.566ms
[286.311s][info][gc] GC(4446) Pause Young (Normal) (G1 Evacuation Pause) 233M->87M(271M) 1.324ms
[286.364s][info][gc] GC(4447) Pause Young (Normal) (G1 Evacuation Pause) 235M->89M(271M) 1.518ms
[286.426s][info][gc] GC(4448) Pause Young (Normal) (G1 Evacuation Pause) 240M->90M(271M) 1.455ms
[286.478s][info][gc] GC(4449) Pause Young (Normal) (G1 Evacuation Pause) 239M->91M(271M) 1.449ms
[286.540s][info][gc] GC(4450) Pause Young (Normal) (G1 Evacuation Pause) 240M->92M(271M) 1.478ms
[286.591s][info][gc] GC(4451) Pause Young (Normal) (G1 Evacuation Pause) 242M->93M(271M) 1.568ms
[286.654s][info][gc] GC(4452) Pause Young (Normal) (G1 Evacuation Pause) 243M->95M(271M) 1.512ms
[286.705s][info][gc] GC(4453) Pause Young (Normal) (G1 Evacuation Pause) 241M->95M(271M) 1.347ms
[286.768s][info][gc] GC(4454) Pause Young (Normal) (G1 Evacuation Pause) 243M->98M(271M) 1.384ms
[286.821s][info][gc] GC(4455) Pause Young (Normal) (G1 Evacuation Pause) 242M->98M(271M) 1.378ms
[286.883s][info][gc] GC(4456) Pause Young (Normal) (G1 Evacuation Pause) 243M->101M(271M) 1.682ms
[286.930s][info][gc] GC(4457) Pause Young (Normal) (G1 Evacuation Pause) 241M->99M(271M) 1.472ms
[286.990s][info][gc] GC(4458) Pause Young (Concurrent Start) (G1 Evacuation Pause) 244M->102M(271M) 1.378ms
[286.990s][info][gc] GC(4459) Concurrent Mark Cycle
[287.001s][info][gc] GC(4459) Pause Remark 121M->95M(257M) 0.410ms
[287.008s][info][gc] GC(4459) Pause Cleanup 113M->113M(257M) 0.061ms
[287.008s][info][gc] GC(4459) Concurrent Mark Cycle 18.074ms
[287.041s][info][gc] GC(4460) Pause Young (Prepare Mixed) (G1 Evacuation Pause) 217M->77M(257M) 1.409ms
[287.100s][info][gc] GC(4461) Pause Young (Mixed) (G1 Evacuation Pause) 219M->73M(257M) 1.422ms
[287.149s][info][gc] GC(4462) Pause Young (Normal) (G1 Evacuation Pause) 214M->74M(257M) 1.418ms
[287.211s][info][gc] GC(4463) Pause Young (Normal) (G1 Evacuation Pause) 217M->76M(257M) 1.433ms
[287.259s][info][gc] GC(4464) Pause Young (Normal) (G1 Evacuation Pause) 216M->76M(257M) 1.550ms
[287.321s][info][gc] GC(4465) Pause Young (Normal) (G1 Evacuation Pause) 219M->78M(257M) 1.413ms
[287.370s][info][gc] GC(4466) Pause Young (Normal) (G1 Evacuation Pause) 219M->79M(257M) 1.435ms
[287.427s][info][gc] GC(4467) Pause Young (Normal) (G1 Evacuation Pause) 221M->80M(257M) 1.471ms
[287.480s][info][gc] GC(4468) Pause Young (Normal) (G1 Evacuation Pause) 221M->81M(257M) 1.511ms
[287.537s][info][gc] GC(4469) Pause Young (Normal) (G1 Evacuation Pause) 223M->83M(257M) 1.369ms
[287.589s][info][gc] GC(4470) Pause Young (Normal) (G1 Evacuation Pause) 224M->83M(257M) 1.374ms
[287.648s][info][gc] GC(4471) Pause Young (Normal) (G1 Evacuation Pause) 225M->85M(257M) 1.499ms
[287.697s][info][gc] GC(4472) Pause Young (Normal) (G1 Evacuation Pause) 226M->85M(257M) 1.420ms
[287.757s][info][gc] GC(4473) Pause Young (Normal) (G1 Evacuation Pause) 228M->87M(257M) 1.467ms
[287.809s][info][gc] GC(4474) Pause Young (Normal) (G1 Evacuation Pause) 229M->88M(257M) 1.541ms
[287.871s][info][gc] GC(4475) Pause Young (Normal) (G1 Evacuation Pause) 229M->90M(257M) 1.449ms
[287.920s][info][gc] GC(4476) Pause Young (Normal) (G1 Evacuation Pause) 230M->90M(257M) 1.510ms
[287.985s][info][gc] GC(4477) Pause Young (Normal) (G1 Evacuation Pause) 231M->90M(257M) 1.227ms
[288.193s][info][gc] GC(4478) Pause Young (Normal) (G1 Evacuation Pause) 231M->94M(257M) 1.668ms
[288.240s][info][gc] GC(4479) Pause Young (Normal) (G1 Evacuation Pause) 225M->95M(257M) 1.632ms
[288.291s][info][gc] GC(4480) Pause Young (Concurrent Start) (G1 Evacuation Pause) 229M->94M(257M) 1.343ms
[288.291s][info][gc] GC(4481) Concurrent Mark Cycle
[288.299s][info][gc] GC(4481) Pause Remark 100M->71M(220M) 0.511ms
[288.302s][info][gc] GC(4481) Pause Cleanup 73M->73M(220M) 0.065ms
[288.302s][info][gc] GC(4481) Concurrent Mark Cycle 11.253ms
[288.345s][info][gc] GC(4482) Pause Young (Prepare Mixed) (G1 Evacuation Pause) 187M->68M(220M) 1.564ms
[288.389s][info][gc] GC(4483) Pause Young (Mixed) (G1 Evacuation Pause) 187M->62M(220M) 1.464ms
[288.445s][info][gc] GC(4484) Pause Young (Normal) (G1 Evacuation Pause) 185M->64M(220M) 1.507ms
[288.489s][info][gc] GC(4485) Pause Young (Normal) (G1 Evacuation Pause) 185M->65M(220M) 1.289ms
[288.539s][info][gc] GC(4486) Pause Young (Normal) (G1 Evacuation Pause) 186M->66M(220M) 1.263ms
[288.585s][info][gc] GC(4487) Pause Young (Normal) (G1 Evacuation Pause) 188M->67M(220M) 1.221ms
[288.629s][info][gc] GC(4488) Pause Young (Normal) (G1 Evacuation Pause) 189M->67M(220M) 1.260ms
[288.678s][info][gc] GC(4489) Pause Young (Normal) (G1 Evacuation Pause) 189M->69M(220M) 1.406ms
[288.719s][info][gc] GC(4490) Pause Young (Normal) (G1 Evacuation Pause) 190M->68M(220M) 1.249ms
[288.773s][info][gc] GC(4491) Pause Young (Normal) (G1 Evacuation Pause) 191M->71M(220M) 1.269ms
[288.815s][info][gc] GC(4492) Pause Young (Normal) (G1 Evacuation Pause) 192M->72M(220M) 1.350ms
[288.867s][info][gc] GC(4493) Pause Young (Normal) (G1 Evacuation Pause) 194M->73M(220M) 1.425ms
[288.910s][info][gc] GC(4494) Pause Young (Normal) (G1 Evacuation Pause) 194M->74M(220M) 1.318ms
[288.954s][info][gc] GC(4495) Pause Young (Normal) (G1 Evacuation Pause) 196M->74M(220M) 1.168ms
[289.006s][info][gc] GC(4496) Pause Young (Normal) (G1 Evacuation Pause) 197M->76M(220M) 1.255ms
[289.051s][info][gc] GC(4497) Pause Young (Normal) (G1 Evacuation Pause) 197M->76M(220M) 1.309ms
[289.100s][info][gc] GC(4498) Pause Young (Normal) (G1 Evacuation Pause) 197M->78M(220M) 1.437ms
[289.142s][info][gc] GC(4499) Pause Young (Normal) (G1 Evacuation Pause) 198M->79M(220M) 1.442ms
[289.191s][info][gc] GC(4500) Pause Young (Normal) (G1 Evacuation Pause) 198M->79M(220M) 1.308ms
[289.236s][info][gc] GC(4501) Pause Young (Normal) (G1 Evacuation Pause) 199M->81M(220M) 1.253ms
[289.277s][info][gc] GC(4502) Pause Young (Normal) (G1 Evacuation Pause) 197M->81M(220M) 1.241ms
[289.327s][info][gc] GC(4503) Pause Young (Concurrent Start) (G1 Evacuation Pause) 199M->83M(220M) 1.403ms
[289.327s][info][gc] GC(4504) Concurrent Mark Cycle
[289.339s][info][gc] GC(4504) Pause Remark 116M->112M(220M) 0.414ms
[289.347s][info][gc] GC(4504) Pause Cleanup 134M->134M(220M) 0.073ms
[289.347s][info][gc] GC(4504) Concurrent Mark Cycle 20.271ms
[289.370s][info][gc] GC(4505) Pause Young (Prepare Mixed) (G1 Evacuation Pause) 193M->80M(220M) 1.290ms
[289.420s][info][gc] GC(4506) Pause Young (Mixed) (G1 Evacuation Pause) 199M->78M(220M) 1.185ms
[289.461s][info][gc] GC(4507) Pause Young (Normal) (G1 Evacuation Pause) 198M->78M(220M) 1.224ms
[289.507s][info][gc] GC(4508) Pause Young (Normal) (G1 Evacuation Pause) 197M->79M(220M) 1.244ms
[289.553s][info][gc] GC(4509) Pause Young (Normal) (G1 Evacuation Pause) 198M->81M(220M) 1.278ms
[289.595s][info][gc] GC(4510) Pause Young (Normal) (G1 Evacuation Pause) 197M->81M(220M) 1.397ms
[289.645s][info][gc] GC(4511) Pause Young (Concurrent Start) (G1 Evacuation Pause) 197M->83M(220M) 1.313ms
[289.645s][info][gc] GC(4512) Concurrent Mark Cycle
[289.658s][info][gc] GC(4512) Pause Remark 116M->116M(220M) 0.388ms
[289.669s][info][gc] GC(4512) Pause Cleanup 145M->145M(220M) 0.055ms
[289.669s][info][gc] GC(4512) Concurrent Mark Cycle 24.085ms
[289.688s][info][gc] GC(4513) Pause Young (Prepare Mixed) (G1 Evacuation Pause) 198M->83M(220M) 1.228ms
[289.735s][info][gc] GC(4514) Pause Young (Mixed) (G1 Evacuation Pause) 197M->81M(220M) 1.150ms
[289.780s][info][gc] GC(4515) Pause Young (Concurrent Start) (G1 Evacuation Pause) 199M->83M(220M) 1.391ms
[289.780s][info][gc] GC(4516) Concurrent Mark Cycle
[289.792s][info][gc] GC(4516) Pause Remark 115M->115M(220M) 0.395ms
[289.804s][info][gc] GC(4516) Pause Cleanup 152M->152M(220M) 0.060ms
[289.805s][info][gc] GC(4516) Concurrent Mark Cycle 24.218ms
[289.822s][info][gc] GC(4517) Pause Young (Prepare Mixed) (G1 Evacuation Pause) 197M->83M(220M) 1.348ms
[289.870s][info][gc] GC(4518) Pause Young (Mixed) (G1 Evacuation Pause) 199M->83M(220M) 1.188ms
[289.914s][info][gc] GC(4519) Pause Young (Concurrent Start) (G1 Evacuation Pause) 199M->84M(220M) 1.391ms
[289.914s][info][gc] GC(4520) Concurrent Mark Cycle
[289.926s][info][gc] GC(4520) Pause Remark 110M->110M(220M) 0.441ms
[289.936s][info][gc] GC(4520) Pause Cleanup 134M->134M(220M) 0.060ms
[289.936s][info][gc] GC(4520) Concurrent Mark Cycle 22.423ms
[289.966s][info][gc] GC(4521) Pause Young (Prepare Mixed) (G1 Evacuation Pause) 196M->85M(220M) 1.428ms
[290.016s][info][gc] GC(4522) Pause Young (Mixed) (G1 Evacuation Pause) 197M->83M(220M) 1.344ms
[290.207s][info][gc] GC(4523) Pause Young (Concurrent Start) (G1 Evacuation Pause) 199M->91M(220M) 1.899ms
[290.207s][info][gc] GC(4524) Concurrent Mark Cycle
[290.222s][info][gc] GC(4524) Pause Remark 131M->105M(220M) 0.432ms
[290.229s][info][gc] GC(4524) Pause Cleanup 135M->135M(220M) 0.065ms
[290.230s][info][gc] GC(4524) Concurrent Mark Cycle 22.140ms
[290.239s][info][gc] GC(4525) Pause Young (Prepare Mixed) (G1 Evacuation Pause) 166M->70M(220M) 1.933ms
[290.270s][info][gc] GC(4526) Pause Young (Mixed) (G1 Evacuation Pause) 197M->67M(346M) 0.911ms
[290.325s][info][gc] GC(4527) Pause Young (Normal) (G1 Evacuation Pause) 270M->70M(346M) 1.222ms
[290.394s][info][gc] GC(4528) Pause Young (Normal) (G1 Evacuation Pause) 270M->77M(346M) 1.810ms
[290.441s][info][gc] GC(4529) Pause Young (Normal) (G1 Evacuation Pause) 271M->79M(346M) 1.663ms
[290.503s][info][gc] GC(4530) Pause Young (Normal) (G1 Evacuation Pause) 271M->79M(346M) 1.710ms
[290.560s][info][gc] GC(4531) Pause Young (Normal) (G1 Evacuation Pause) 271M->82M(346M) 1.843ms
[290.619s][info][gc] GC(4532) Pause Young (Normal) (G1 Evacuation Pause) 272M->82M(346M) 1.705ms
[290.679s][info][gc] GC(4533) Pause Young (Normal) (G1 Evacuation Pause) 276M->85M(346M) 2.109ms
[290.731s][info][gc] GC(4534) Pause Young (Normal) (G1 Evacuation Pause) 276M->86M(346M) 1.774ms
[290.791s][info][gc] GC(4535) Pause Young (Normal) (G1 Evacuation Pause) 278M->87M(346M) 1.705ms
[290.845s][info][gc] GC(4536) Pause Young (Normal) (G1 Evacuation Pause) 277M->90M(346M) 1.843ms
[290.901s][info][gc] GC(4537) Pause Young (Normal) (G1 Evacuation Pause) 281M->89M(346M) 1.837ms
[290.960s][info][gc] GC(4538) Pause Young (Normal) (G1 Evacuation Pause) 282M->92M(346M) 1.731ms
[291.013s][info][gc] GC(4539) Pause Young (Normal) (G1 Evacuation Pause) 282M->94M(346M) 1.808ms
[291.069s][info][gc] GC(4540) Pause Young (Normal) (G1 Evacuation Pause) 285M->96M(346M) 1.821ms
[291.127s][info][gc] GC(4541) Pause Young (Normal) (G1 Evacuation Pause) 287M->98M(346M) 1.852ms
[291.180s][info][gc] GC(4542) Pause Young (Normal) (G1 Evacuation Pause) 289M->98M(346M) 1.792ms
[291.241s][info][gc] GC(4543) Pause Young (Normal) (G1 Evacuation Pause) 290M->102M(346M) 1.990ms
[291.294s][info][gc] GC(4544) Pause Young (Normal) (G1 Evacuation Pause) 291M->103M(346M) 1.901ms
[291.352s][info][gc] GC(4545) Pause Young (Normal) (G1 Evacuation Pause) 294M->103M(346M) 2.083ms
[291.408s][info][gc] GC(4546) Pause Young (Normal) (G1 Evacuation Pause) 295M->105M(346M) 1.891ms
[291.461s][info][gc] GC(4547) Pause Young (Normal) (G1 Evacuation Pause) 297M->106M(346M) 1.708ms
[291.519s][info][gc] GC(4548) Pause Young (Normal) (G1 Evacuation Pause) 298M->109M(346M) 1.789ms
[291.574s][info][gc] GC(4549) Pause Young (Normal) (G1 Evacuation Pause) 298M->110M(346M) 1.932ms
[291.632s][info][gc] GC(4550) Pause Young (Normal) (G1 Evacuation Pause) 301M->111M(346M) 1.963ms
[291.686s][info][gc] GC(4551) Pause Young (Normal) (G1 Evacuation Pause) 303M->113M(346M) 1.756ms
[291.743s][info][gc] GC(4552) Pause Young (Normal) (G1 Evacuation Pause) 305M->113M(346M) 1.737ms
[291.800s][info][gc] GC(4553) Pause Young (Normal) (G1 Evacuation Pause) 306M->117M(346M) 1.958ms
[291.855s][info][gc] GC(4554) Pause Young (Normal) (G1 Evacuation Pause) 306M->118M(346M) 1.895ms
[291.913s][info][gc] GC(4555) Pause Young (Normal) (G1 Evacuation Pause) 309M->119M(346M) 1.822ms
[291.965s][info][gc] GC(4556) Pause Young (Normal) (G1 Evacuation Pause) 311M->120M(346M) 1.824ms
[292.023s][info][gc] GC(4557) Pause Young (Normal) (G1 Evacuation Pause) 313M->122M(346M) 1.641ms
[292.078s][info][gc] GC(4558) Pause Young (Normal) (G1 Evacuation Pause) 311M->125M(346M) 1.716ms
[292.131s][info][gc] GC(4559) Pause Young (Normal) (G1 Evacuation Pause) 308M->126M(346M) 2.063ms
[292.191s][info][gc] GC(4560) Pause Young (Normal) (G1 Evacuation Pause) 312M->128M(346M) 1.825ms
[292.243s][info][gc] GC(4561) Pause Young (Concurrent Start) (G1 Evacuation Pause) 310M->130M(346M) 1.784ms
[292.243s][info][gc] GC(4562) Concurrent Mark Cycle
[292.280s][info][gc] GC(4562) Pause Remark 251M->246M(346M) 0.427ms
[292.298s][info][gc] GC(4562) Pause Cleanup 300M->300M(346M) 0.077ms
[292.300s][info][gc] GC(4562) Concurrent Mark Cycle 57.325ms
[292.302s][info][gc] GC(4563) Pause Young (Prepare Mixed) (G1 Evacuation Pause) 305M->126M(346M) 1.667ms
[292.358s][info][gc] GC(4564) Pause Young (Mixed) (G1 Evacuation Pause) 310M->122M(346M) 1.937ms
[292.410s][info][gc] GC(4565) Pause Young (Normal) (G1 Evacuation Pause) 312M->123M(346M) 2.024ms
[292.470s][info][gc] GC(4566) Pause Young (Normal) (G1 Evacuation Pause) 313M->125M(346M) 1.695ms
[292.523s][info][gc] GC(4567) Pause Young (Normal) (G1 Evacuation Pause) 311M->126M(346M) 1.761ms
[292.571s][info][gc] GC(4568) Pause Young (Normal) (G1 Evacuation Pause) 311M->128M(346M) 1.735ms
[292.631s][info][gc] GC(4569) Pause Young (Concurrent Start) (G1 Evacuation Pause) 312M->131M(346M) 1.806ms
[292.631s][info][gc] GC(4570) Concurrent Mark Cycle
[292.685s][info][gc] GC(4570) Pause Remark 303M->303M(346M) 0.430ms
[292.690s][info][gc] GC(4571) Pause Young (Normal) (G1 Evacuation Pause) 311M->132M(346M) 1.705ms
[292.707s][info][gc] GC(4570) Pause Cleanup 190M->190M(346M) 0.076ms
[292.708s][info][gc] GC(4570) Concurrent Mark Cycle 77.126ms
[292.744s][info][gc] GC(4572) Pause Young (Prepare Mixed) (G1 Evacuation Pause) 313M->133M(346M) 1.671ms
[292.802s][info][gc] GC(4573) Pause Young (Mixed) (G1 Evacuation Pause) 312M->131M(346M) 1.805ms
[292.850s][info][gc] GC(4574) Pause Young (Concurrent Start) (G1 Evacuation Pause) 312M->133M(346M) 2.060ms
[292.850s][info][gc] GC(4575) Concurrent Mark Cycle
[292.885s][info][gc] GC(4575) Pause Remark 244M->244M(346M) 0.415ms
[292.914s][info][gc] GC(4576) Pause Young (Normal) (G1 Evacuation Pause) 312M->133M(346M) 1.628ms
[292.918s][info][gc] GC(4575) Pause Cleanup 144M->144M(346M) 0.074ms
[292.918s][info][gc] GC(4575) Concurrent Mark Cycle 67.692ms
[292.966s][info][gc] GC(4577) Pause Young (Prepare Mixed) (G1 Evacuation Pause) 313M->136M(346M) 1.789ms
[293.018s][info][gc] GC(4578) Pause Young (Mixed) (G1 Evacuation Pause) 310M->134M(346M) 2.039ms
[293.074s][info][gc] GC(4579) Pause Young (Concurrent Start) (G1 Evacuation Pause) 314M->135M(346M) 1.722ms
[293.074s][info][gc] GC(4580) Concurrent Mark Cycle
[293.113s][info][gc] GC(4580) Pause Remark 271M->271M(346M) 0.453ms
[293.130s][info][gc] GC(4581) Pause Young (Normal) (G1 Evacuation Pause) 313M->136M(346M) 1.705ms
[293.139s][info][gc] GC(4580) Pause Cleanup 157M->157M(346M) 0.078ms
[293.139s][info][gc] GC(4580) Concurrent Mark Cycle 65.139ms
[293.183s][info][gc] GC(4582) Pause Young (Prepare Mixed) (G1 Evacuation Pause) 312M->139M(346M) 1.786ms
[293.236s][info][gc] GC(4583) Pause Young (Mixed) (G1 Evacuation Pause) 312M->137M(346M) 1.732ms
[293.285s][info][gc] GC(4584) Pause Young (Concurrent Start) (G1 Evacuation Pause) 312M->140M(346M) 1.745ms
[293.285s][info][gc] GC(4585) Concurrent Mark Cycle
[293.327s][info][gc] GC(4585) Pause Remark 275M->275M(346M) 0.430ms
[293.341s][info][gc] GC(4586) Pause Young (Normal) (G1 Evacuation Pause) 312M->142M(346M) 1.773ms
[293.355s][info][gc] GC(4585) Pause Cleanup 192M->192M(346M) 0.070ms
[293.356s][info][gc] GC(4585) Concurrent Mark Cycle 70.308ms
[293.399s][info][gc] GC(4587) Pause Young (Prepare Mixed) (G1 Evacuation Pause) 313M->143M(346M) 1.927ms
[293.448s][info][gc] GC(4588) Pause Young (Mixed) (G1 Evacuation Pause) 314M->144M(346M) 1.785ms
[293.491s][info][gc] GC(4589) Pause Young (Concurrent Start) (G1 Evacuation Pause) 313M->145M(346M) 1.799ms
[293.491s][info][gc] GC(4590) Concurrent Mark Cycle
[293.532s][info][gc] GC(4590) Pause Remark 251M->251M(346M) 0.407ms
[293.554s][info][gc] GC(4591) Pause Young (Normal) (G1 Evacuation Pause) 314M->146M(346M) 1.626ms
[293.570s][info][gc] GC(4590) Pause Cleanup 193M->193M(346M) 0.068ms
[293.570s][info][gc] GC(4590) Concurrent Mark Cycle 79.060ms
[293.604s][info][gc] GC(4592) Pause Young (Prepare Mixed) (G1 Evacuation Pause) 311M->148M(346M) 1.659ms
[293.654s][info][gc] GC(4593) Pause Young (Mixed) (G1 Evacuation Pause) 312M->147M(346M) 1.622ms
[293.704s][info][gc] GC(4594) Pause Young (Concurrent Start) (G1 Evacuation Pause) 314M->150M(346M) 1.511ms
[293.704s][info][gc] GC(4595) Concurrent Mark Cycle
[293.746s][info][gc] GC(4595) Pause Remark 281M->281M(346M) 0.428ms
[293.756s][info][gc] GC(4596) Pause Young (Normal) (G1 Evacuation Pause) 313M->152M(346M) 1.667ms
[293.779s][info][gc] GC(4595) Pause Cleanup 223M->223M(346M) 0.058ms
[293.779s][info][gc] GC(4595) Concurrent Mark Cycle 75.610ms
[293.808s][info][gc] GC(4597) Pause Young (Prepare Mixed) (G1 Evacuation Pause) 312M->152M(346M) 1.653ms
[293.861s][info][gc] GC(4598) Pause Young (Mixed) (G1 Evacuation Pause) 315M->154M(346M) 1.836ms
[293.907s][info][gc] GC(4599) Pause Young (Concurrent Start) (G1 Evacuation Pause) 312M->155M(346M) 1.607ms
[293.907s][info][gc] GC(4600) Concurrent Mark Cycle
[293.953s][info][gc] GC(4600) Pause Remark 306M->306M(346M) 0.443ms
[293.956s][info][gc] GC(4601) Pause Young (Normal) (G1 Evacuation Pause) 314M->156M(346M) 1.525ms
[293.986s][info][gc] GC(4600) Pause Cleanup 236M->236M(346M) 0.068ms
[293.987s][info][gc] GC(4600) Concurrent Mark Cycle 80.037ms
[294.015s][info][gc] GC(4602) Pause Young (Prepare Mixed) (G1 Evacuation Pause) 313M->158M(346M) 1.622ms
[294.059s][info][gc] GC(4603) Pause Young (Mixed) (G1 Evacuation Pause) 314M->159M(346M) 1.858ms
[294.098s][info][gc] GC(4604) Pause Young (Concurrent Start) (G1 Evacuation Pause) 314M->159M(346M) 1.572ms
[294.098s][info][gc] GC(4605) Concurrent Mark Cycle
[294.128s][info][gc] GC(4605) Pause Remark 228M->228M(346M) 0.409ms
[294.154s][info][gc] GC(4605) Pause Cleanup 285M->285M(346M) 0.063ms
[294.154s][info][gc] GC(4605) Concurrent Mark Cycle 56.223ms
[294.166s][info][gc] GC(4606) Pause Young (Prepare Mixed) (G1 Evacuation Pause) 315M->161M(346M) 1.602ms
[294.208s][info][gc] GC(4607) Pause Young (Mixed) (G1 Evacuation Pause) 313M->162M(346M) 1.776ms
[294.252s][info][gc] GC(4608) Pause Young (Concurrent Start) (G1 Evacuation Pause) 315M->163M(346M) 1.594ms
[294.252s][info][gc] GC(4609) Concurrent Mark Cycle
[294.298s][info][gc] GC(4609) Pause Remark 291M->291M(346M) 0.463ms
[294.312s][info][gc] GC(4610) Pause Young (Normal) (G1 Evacuation Pause) 315M->165M(346M) 1.727ms
[294.336s][info][gc] GC(4609) Pause Cleanup 256M->256M(346M) 0.068ms
[294.336s][info][gc] GC(4609) Concurrent Mark Cycle 83.819ms
[294.354s][info][gc] GC(4611) Pause Young (Prepare Mixed) (G1 Evacuation Pause) 313M->166M(346M) 1.603ms
[294.394s][info][gc] GC(4612) Pause Young (Mixed) (G1 Evacuation Pause) 313M->166M(346M) 1.699ms
[294.443s][info][gc] GC(4613) Pause Young (Concurrent Start) (G1 Evacuation Pause) 315M->168M(346M) 1.651ms
[294.443s][info][gc] GC(4614) Concurrent Mark Cycle
[294.492s][info][gc] GC(4615) Pause Young (Normal) (G1 Evacuation Pause) 315M->171M(346M) 1.757ms
[294.493s][info][gc] GC(4614) Pause Remark 175M->175M(346M) 0.397ms
[294.522s][info][gc] GC(4614) Pause Cleanup 270M->270M(346M) 0.062ms
[294.522s][info][gc] GC(4614) Concurrent Mark Cycle 79.090ms
[294.536s][info][gc] GC(4616) Pause Young (Prepare Mixed) (G1 Evacuation Pause) 313M->171M(346M) 1.504ms
[294.578s][info][gc] GC(4617) Pause Young (Mixed) (G1 Evacuation Pause) 316M->171M(346M) 1.625ms
[294.628s][info][gc] GC(4618) Pause Young (Concurrent Start) (G1 Evacuation Pause) 316M->174M(346M) 1.685ms
[294.628s][info][gc] GC(4619) Concurrent Mark Cycle
[294.670s][info][gc] GC(4620) Pause Young (Normal) (G1 Evacuation Pause) 314M->174M(346M) 1.484ms
[294.676s][info][gc] GC(4619) Pause Remark 192M->192M(346M) 0.596ms
[294.711s][info][gc] GC(4619) Pause Cleanup 315M->315M(346M) 0.074ms
[294.712s][info][gc] GC(4619) Concurrent Mark Cycle 83.785ms
[294.713s][info][gc] GC(4621) Pause Young (Prepare Mixed) (G1 Evacuation Pause) 316M->174M(346M) 1.448ms
[294.761s][info][gc] GC(4622) Pause Young (Mixed) (G1 Evacuation Pause) 318M->177M(346M) 1.739ms
[294.801s][info][gc] GC(4623) Pause Young (Concurrent Start) (G1 Evacuation Pause) 313M->179M(346M) 1.727ms
[294.801s][info][gc] GC(4624) Concurrent Mark Cycle
[294.840s][info][gc] GC(4625) Pause Young (Normal) (G1 Evacuation Pause) 314M->180M(346M) 1.478ms
[294.860s][info][gc] GC(4624) Pause Remark 249M->249M(346M) 0.408ms
[294.886s][info][gc] GC(4624) Pause Cleanup 311M->311M(346M) 0.060ms
[294.887s][info][gc] GC(4624) Concurrent Mark Cycle 85.651ms
[294.889s][info][gc] GC(4626) Pause Young (Prepare Mixed) (G1 Evacuation Pause) 316M->180M(346M) 1.350ms
[294.933s][info][gc] GC(4627) Pause Young (Mixed) (G1 Evacuation Pause) 316M->181M(346M) 1.629ms
[294.972s][info][gc] GC(4628) Pause Young (Concurrent Start) (G1 Evacuation Pause) 315M->184M(346M) 1.530ms
[294.972s][info][gc] GC(4629) Concurrent Mark Cycle
[295.011s][info][gc] GC(4629) Pause Remark 311M->311M(346M) 0.393ms
[295.014s][info][gc] GC(4630) Pause Young (Normal) (G1 Evacuation Pause) 314M->183M(346M) 1.524ms
[295.040s][info][gc] GC(4629) Pause Cleanup 252M->252M(346M) 0.066ms
[295.040s][info][gc] GC(4629) Concurrent Mark Cycle 68.102ms
[295.063s][info][gc] GC(4631) Pause Young (Prepare Mixed) (G1 Evacuation Pause) 318M->185M(346M) 1.685ms
[295.103s][info][gc] GC(4632) Pause Young (Mixed) (G1 Evacuation Pause) 316M->186M(346M) 1.704ms
[295.137s][info][gc] GC(4633) Pause Young (Concurrent Start) (G1 Evacuation Pause) 315M->187M(346M) 1.470ms
[295.137s][info][gc] GC(4634) Concurrent Mark Cycle
[295.180s][info][gc] GC(4635) Pause Young (Normal) (G1 Evacuation Pause) 317M->188M(346M) 1.495ms
[295.203s][info][gc] GC(4634) Pause Remark 253M->253M(346M) 0.416ms
[295.226s][info][gc] GC(4636) Pause Young (Normal) (G1 Evacuation Pause) 316M->189M(346M) 1.443ms
[295.240s][info][gc] GC(4634) Pause Cleanup 228M->228M(346M) 0.066ms
[295.241s][info][gc] GC(4634) Concurrent Mark Cycle 104.056ms
[295.267s][info][gc] GC(4637) Pause Young (Prepare Mixed) (G1 Evacuation Pause) 314M->191M(346M) 1.706ms
[295.299s][info][gc] GC(4638) Pause Young (Mixed) (G1 Evacuation Pause) 315M->190M(346M) 1.425ms
[295.338s][info][gc] GC(4639) Pause Young (Concurrent Start) (G1 Evacuation Pause) 318M->192M(346M) 1.349ms
[295.338s][info][gc] GC(4640) Concurrent Mark Cycle
[295.386s][info][gc] GC(4641) Pause Young (Normal) (G1 Evacuation Pause) 316M->192M(346M) 1.427ms
[295.386s][info][gc] GC(4640) Pause Remark 193M->193M(346M) 0.402ms
[295.417s][info][gc] GC(4640) Pause Cleanup 263M->263M(346M) 0.076ms
[295.417s][info][gc] GC(4640) Concurrent Mark Cycle 78.649ms
[295.432s][info][gc] GC(4642) Pause Young (Prepare Mixed) (G1 Evacuation Pause) 317M->195M(346M) 1.603ms
[295.464s][info][gc] GC(4643) Pause Young (Mixed) (G1 Evacuation Pause) 315M->194M(346M) 1.586ms
[295.502s][info][gc] GC(4644) Pause Young (Concurrent Start) (G1 Evacuation Pause) 318M->196M(346M) 1.461ms
[295.502s][info][gc] GC(4645) Concurrent Mark Cycle
[295.538s][info][gc] GC(4646) Pause Young (Normal) (G1 Evacuation Pause) 316M->196M(346M) 1.297ms
[295.570s][info][gc] GC(4645) Pause Remark 280M->280M(346M) 0.420ms
[295.584s][info][gc] GC(4647) Pause Young (Normal) (G1 Evacuation Pause) 317M->198M(346M) 1.619ms
[295.614s][info][gc] GC(4645) Pause Cleanup 305M->305M(346M) 0.068ms
[295.615s][info][gc] GC(4645) Concurrent Mark Cycle 112.301ms
[295.619s][info][gc] GC(4648) Pause Young (Prepare Mixed) (G1 Evacuation Pause) 316M->198M(346M) 1.491ms
[295.661s][info][gc] GC(4649) Pause Young (Mixed) (G1 Evacuation Pause) 317M->200M(346M) 1.576ms
[295.692s][info][gc] GC(4650) Pause Young (Concurrent Start) (G1 Evacuation Pause) 314M->200M(346M) 1.767ms
[295.692s][info][gc] GC(4651) Concurrent Mark Cycle
[295.731s][info][gc] GC(4651) Pause Remark 298M->298M(346M) 0.430ms
[295.739s][info][gc] GC(4652) Pause Young (Normal) (G1 Evacuation Pause) 318M->202M(346M) 1.409ms
[295.765s][info][gc] GC(4651) Pause Cleanup 273M->273M(346M) 0.065ms
[295.766s][info][gc] GC(4651) Concurrent Mark Cycle 73.640ms
[295.778s][info][gc] GC(4653) Pause Young (Prepare Mixed) (G1 Evacuation Pause) 316M->204M(346M) 1.511ms
[295.814s][info][gc] GC(4654) Pause Young (Mixed) (G1 Evacuation Pause) 317M->206M(346M) 1.624ms
[295.846s][info][gc] GC(4655) Pause Young (Concurrent Start) (G1 Evacuation Pause) 316M->207M(346M) 1.471ms
[295.846s][info][gc] GC(4656) Concurrent Mark Cycle
[295.897s][info][gc] GC(4656) Pause Remark 314M->314M(347M) 0.473ms
[295.900s][info][gc] GC(4657) Pause Young (Normal) (G1 Evacuation Pause) 317M->210M(347M) 1.890ms
[295.931s][info][gc] GC(4656) Pause Cleanup 288M->288M(347M) 0.066ms
[295.932s][info][gc] GC(4656) Concurrent Mark Cycle 85.808ms
[295.943s][info][gc] GC(4658) Pause Young (Prepare Mixed) (G1 Evacuation Pause) 318M->211M(347M) 1.535ms
[295.980s][info][gc] GC(4659) Pause Young (Mixed) (G1 Evacuation Pause) 318M->210M(347M) 1.575ms
[296.017s][info][gc] GC(4660) Pause Young (Concurrent Start) (G1 Evacuation Pause) 318M->212M(347M) 1.763ms
[296.017s][info][gc] GC(4661) Concurrent Mark Cycle
[296.065s][info][gc] GC(4662) Pause Young (Normal) (G1 Evacuation Pause) 318M->214M(347M) 1.555ms
[296.072s][info][gc] GC(4661) Pause Remark 234M->234M(359M) 0.471ms
[296.104s][info][gc] GC(4663) Pause Young (Normal) (G1 Evacuation Pause) 317M->215M(359M) 1.429ms
[296.121s][info][gc] GC(4661) Pause Cleanup 268M->268M(359M) 0.063ms
[296.121s][info][gc] GC(4661) Concurrent Mark Cycle 103.851ms
[296.142s][info][gc] GC(4664) Pause Young (Prepare Mixed) (G1 Evacuation Pause) 330M->216M(359M) 1.527ms
[296.183s][info][gc] GC(4665) Pause Young (Mixed) (G1 Evacuation Pause) 329M->215M(359M) 1.496ms
[296.217s][info][gc] GC(4666) Pause Young (Concurrent Start) (G1 Evacuation Pause) 328M->217M(359M) 1.697ms
[296.217s][info][gc] GC(4667) Concurrent Mark Cycle
[296.256s][info][gc] GC(4667) Pause Remark 317M->317M(364M) 0.462ms
[296.263s][info][gc] GC(4668) Pause Young (Normal) (G1 Evacuation Pause) 328M->218M(364M) 1.692ms
[296.294s][info][gc] GC(4667) Pause Cleanup 318M->318M(364M) 0.069ms
[296.295s][info][gc] GC(4667) Concurrent Mark Cycle 77.468ms
[296.301s][info][gc] GC(4669) Pause Young (Prepare Mixed) (G1 Evacuation Pause) 335M->219M(364M) 1.504ms
[296.344s][info][gc] GC(4670) Pause Young (Mixed) (G1 Evacuation Pause) 335M->220M(474M) 1.548ms
[296.408s][info][gc] GC(4671) Pause Young (Normal) (G1 Evacuation Pause) 437M->222M(474M) 1.698ms
[296.470s][info][gc] GC(4672) Pause Young (Normal) (G1 Evacuation Pause) 435M->223M(474M) 1.531ms
[296.530s][info][gc] GC(4673) Pause Young (Concurrent Start) (G1 Evacuation Pause) 434M->226M(474M) 1.871ms
[296.530s][info][gc] GC(4674) Concurrent Mark Cycle
[296.588s][info][gc] GC(4674) Pause Remark 386M->386M(474M) 0.449ms
[296.603s][info][gc] GC(4675) Pause Young (Normal) (G1 Evacuation Pause) 431M->227M(474M) 1.782ms
[296.628s][info][gc] GC(4674) Pause Cleanup 297M->297M(474M) 0.070ms
[296.628s][info][gc] GC(4674) Concurrent Mark Cycle 98.612ms
[296.670s][info][gc] GC(4676) Pause Young (Prepare Mixed) (G1 Evacuation Pause) 431M->230M(474M) 1.845ms
[296.723s][info][gc] GC(4677) Pause Young (Mixed) (G1 Evacuation Pause) 430M->227M(474M) 1.770ms
[296.791s][info][gc] GC(4678) Pause Young (Concurrent Start) (G1 Evacuation Pause) 433M->230M(474M) 1.895ms
[296.791s][info][gc] GC(4679) Concurrent Mark Cycle
[296.854s][info][gc] GC(4680) Pause Young (Normal) (G1 Evacuation Pause) 430M->231M(474M) 1.852ms
[296.857s][info][gc] GC(4679) Pause Remark 242M->242M(474M) 0.463ms
[296.893s][info][gc] GC(4679) Pause Cleanup 338M->338M(474M) 0.078ms
[296.893s][info][gc] GC(4679) Concurrent Mark Cycle 101.993ms
[296.924s][info][gc] GC(4681) Pause Young (Prepare Mixed) (G1 Evacuation Pause) 432M->232M(474M) 1.694ms
[296.985s][info][gc] GC(4682) Pause Young (Mixed) (G1 Evacuation Pause) 433M->232M(474M) 2.033ms
[297.044s][info][gc] GC(4683) Pause Young (Concurrent Start) (G1 Evacuation Pause) 431M->235M(474M) 1.893ms
[297.045s][info][gc] GC(4684) Concurrent Mark Cycle
[297.110s][info][gc] GC(4685) Pause Young (Normal) (G1 Evacuation Pause) 432M->237M(474M) 1.971ms
[297.111s][info][gc] GC(4684) Pause Remark 241M->241M(474M) 0.451ms
[297.173s][info][gc] GC(4686) Pause Young (Normal) (G1 Evacuation Pause) 432M->237M(474M) 1.669ms
[297.175s][info][gc] GC(4684) Pause Cleanup 244M->244M(474M) 0.064ms
[297.175s][info][gc] GC(4684) Concurrent Mark Cycle 130.569ms
[297.233s][info][gc] GC(4687) Pause Young (Prepare Mixed) (G1 Evacuation Pause) 432M->240M(474M) 1.957ms
[297.286s][info][gc] GC(4688) Pause Young (Mixed) (G1 Evacuation Pause) 431M->240M(474M) 1.871ms
[297.342s][info][gc] GC(4689) Pause Young (Concurrent Start) (G1 Evacuation Pause) 433M->241M(474M) 1.846ms
[297.342s][info][gc] GC(4690) Concurrent Mark Cycle
[297.394s][info][gc] GC(4690) Pause Remark 383M->383M(474M) 0.438ms
[297.414s][info][gc] GC(4691) Pause Young (Normal) (G1 Evacuation Pause) 432M->244M(474M) 2.115ms
[297.447s][info][gc] GC(4690) Pause Cleanup 330M->330M(474M) 0.070ms
[297.447s][info][gc] GC(4690) Concurrent Mark Cycle 104.526ms
[297.476s][info][gc] GC(4692) Pause Young (Prepare Mixed) (G1 Evacuation Pause) 433M->246M(474M) 2.154ms
[297.530s][info][gc] GC(4693) Pause Young (Mixed) (G1 Evacuation Pause) 431M->246M(474M) 2.014ms
[297.590s][info][gc] GC(4694) Pause Young (Concurrent Start) (G1 Evacuation Pause) 433M->245M(474M) 1.508ms
[297.590s][info][gc] GC(4695) Concurrent Mark Cycle
[297.638s][info][gc] GC(4695) Pause Remark 324M->324M(474M) 0.429ms
[297.684s][info][gc] GC(4695) Pause Cleanup 357M->357M(474M) 0.073ms
[297.684s][info][gc] GC(4695) Concurrent Mark Cycle 93.879ms
[297.821s][info][gc] GC(4696) Pause Young (Prepare Mixed) (G1 Evacuation Pause) 434M->246M(474M) 1.592ms
[297.896s][info][gc] GC(4697) Pause Young (Mixed) (G1 Evacuation Pause) 433M->250M(474M) 2.179ms
[297.966s][info][gc] GC(4698) Pause Young (Concurrent Start) (G1 Evacuation Pause) 428M->252M(474M) 1.855ms
[297.966s][info][gc] GC(4699) Concurrent Mark Cycle
[297.974s][info][gc] GC(4699) Pause Remark 276M->120M(324M) 0.521ms
[297.979s][info][gc] GC(4699) Pause Cleanup 138M->138M(324M) 0.073ms
[297.979s][info][gc] GC(4699) Concurrent Mark Cycle 13.440ms
[298.026s][info][gc] GC(4700) Pause Young (Prepare Mixed) (G1 Evacuation Pause) 274M->98M(324M) 1.835ms
[298.092s][info][gc] GC(4701) Pause Young (Mixed) (G1 Evacuation Pause) 277M->77M(324M) 1.845ms
[298.150s][info][gc] GC(4702) Pause Young (Normal) (G1 Evacuation Pause) 256M->80M(324M) 1.869ms
[298.218s][info][gc] GC(4703) Pause Young (Normal) (G1 Evacuation Pause) 260M->80M(324M) 1.583ms
[298.274s][info][gc] GC(4704) Pause Young (Normal) (G1 Evacuation Pause) 259M->81M(324M) 1.665ms
[298.342s][info][gc] GC(4705) Pause Young (Normal) (G1 Evacuation Pause) 261M->84M(324M) 1.820ms
[298.398s][info][gc] GC(4706) Pause Young (Normal) (G1 Evacuation Pause) 263M->84M(324M) 1.656ms
[298.466s][info][gc] GC(4707) Pause Young (Normal) (G1 Evacuation Pause) 264M->87M(324M) 1.646ms
[298.524s][info][gc] GC(4708) Pause Young (Normal) (G1 Evacuation Pause) 264M->87M(324M) 1.714ms
[298.594s][info][gc] GC(4709) Pause Young (Normal) (G1 Evacuation Pause) 267M->89M(324M) 1.637ms
[298.654s][info][gc] GC(4710) Pause Young (Normal) (G1 Evacuation Pause) 268M->89M(324M) 1.438ms
[298.722s][info][gc] GC(4711) Pause Young (Normal) (G1 Evacuation Pause) 270M->92M(324M) 1.644ms
[298.789s][info][gc] GC(4712) Pause Young (Normal) (G1 Evacuation Pause) 270M->93M(324M) 1.963ms
[298.853s][info][gc] GC(4713) Pause Young (Normal) (G1 Evacuation Pause) 273M->95M(324M) 1.688ms
[298.918s][info][gc] GC(4714) Pause Young (Normal) (G1 Evacuation Pause) 274M->96M(324M) 1.669ms
[298.980s][info][gc] GC(4715) Pause Young (Normal) (G1 Evacuation Pause) 276M->98M(324M) 1.597ms
[299.047s][info][gc] GC(4716) Pause Young (Normal) (G1 Evacuation Pause) 277M->99M(324M) 1.837ms
[299.107s][info][gc] GC(4717) Pause Young (Normal) (G1 Evacuation Pause) 279M->100M(324M) 1.589ms
[299.180s][info][gc] GC(4718) Pause Young (Normal) (G1 Evacuation Pause) 278M->103M(324M) 1.938ms
[299.236s][info][gc] GC(4719) Pause Young (Normal) (G1 Evacuation Pause) 282M->103M(324M) 1.520ms
[299.309s][info][gc] GC(4720) Pause Young (Normal) (G1 Evacuation Pause) 284M->105M(324M) 1.726ms
[299.369s][info][gc] GC(4721) Pause Young (Normal) (G1 Evacuation Pause) 283M->107M(324M) 1.691ms
[299.439s][info][gc] GC(4722) Pause Young (Normal) (G1 Evacuation Pause) 287M->108M(324M) 1.618ms
[299.501s][info][gc] GC(4723) Pause Young (Normal) (G1 Evacuation Pause) 286M->109M(324M) 1.647ms
[299.743s][info][gc] GC(4724) Pause Young (Normal) (G1 Evacuation Pause) 289M->113M(324M) 1.667ms
[299.801s][info][gc] GC(4725) Pause Young (Normal) (G1 Evacuation Pause) 288M->113M(324M) 1.720ms
[299.866s][info][gc] GC(4726) Pause Young (Normal) (G1 Evacuation Pause) 291M->115M(324M) 1.697ms
[299.925s][info][gc] GC(4727) Pause Young (Normal) (G1 Evacuation Pause) 292M->117M(324M) 1.717ms
[299.989s][info][gc] GC(4728) Pause Young (Normal) (G1 Evacuation Pause) 292M->118M(324M) 1.591ms
[300.047s][info][gc] GC(4729) Pause Young (Normal) (G1 Evacuation Pause) 292M->119M(324M) 1.714ms
[300.110s][info][gc] GC(4730) Pause Young (Normal) (G1 Evacuation Pause) 291M->121M(324M) 1.621ms
[300.167s][info][gc] GC(4731) Pause Young (Concurrent Start) (G1 Evacuation Pause) 290M->123M(324M) 1.863ms
[300.167s][info][gc] GC(4732) Concurrent Mark Cycle
[300.177s][info][gc] GC(4732) Pause Remark 155M->104M(244M) 0.428ms
[300.179s][info][gc] GC(4732) Pause Cleanup 110M->110M(244M) 0.056ms
[300.180s][info][gc] GC(4732) Concurrent Mark Cycle 12.627ms
[300.219s][info][gc] GC(4733) Pause Young (Prepare Mixed) (G1 Evacuation Pause) 205M->73M(244M) 1.472ms
[300.265s][info][gc] GC(4734) Pause Young (Mixed) (G1 Evacuation Pause) 208M->70M(244M) 1.441ms
[300.317s][info][gc] GC(4735) Pause Young (Normal) (G1 Evacuation Pause) 204M->71M(244M) 1.830ms
[300.363s][info][gc] GC(4736) Pause Young (Normal) (G1 Evacuation Pause) 205M->72M(244M) 1.477ms
[300.405s][info][gc] GC(4737) Pause Young (Normal) (G1 Evacuation Pause) 206M->72M(244M) 1.375ms
[300.459s][info][gc] GC(4738) Pause Young (Normal) (G1 Evacuation Pause) 208M->75M(244M) 1.436ms
[300.504s][info][gc] GC(4739) Pause Young (Normal) (G1 Evacuation Pause) 208M->75M(244M) 1.370ms
[300.555s][info][gc] GC(4740) Pause Young (Normal) (G1 Evacuation Pause) 210M->76M(244M) 1.372ms
[300.600s][info][gc] GC(4741) Pause Young (Normal) (G1 Evacuation Pause) 211M->78M(244M) 1.627ms
[300.645s][info][gc] GC(4742) Pause Young (Normal) (G1 Evacuation Pause) 213M->78M(244M) 1.312ms
[300.699s][info][gc] GC(4743) Pause Young (Normal) (G1 Evacuation Pause) 214M->80M(244M) 1.538ms
[300.748s][info][gc] GC(4744) Pause Young (Normal) (G1 Evacuation Pause) 214M->81M(244M) 1.670ms
[300.799s][info][gc] GC(4745) Pause Young (Normal) (G1 Evacuation Pause) 215M->82M(244M) 1.786ms
[300.850s][info][gc] GC(4746) Pause Young (Normal) (G1 Evacuation Pause) 217M->84M(244M) 1.704ms
[300.896s][info][gc] GC(4747) Pause Young (Normal) (G1 Evacuation Pause) 217M->83M(244M) 1.483ms
[300.951s][info][gc] GC(4748) Pause Young (Normal) (G1 Evacuation Pause) 219M->86M(244M) 1.611ms
[300.994s][info][gc] GC(4749) Pause Young (Normal) (G1 Evacuation Pause) 216M->87M(244M) 1.404ms
[301.043s][info][gc] GC(4750) Pause Young (Normal) (G1 Evacuation Pause) 219M->88M(244M) 1.481ms
[301.092s][info][gc] GC(4751) Pause Young (Normal) (G1 Evacuation Pause) 219M->90M(244M) 1.549ms
[301.133s][info][gc] GC(4752) Pause Young (Normal) (G1 Evacuation Pause) 218M->91M(244M) 1.522ms
[301.187s][info][gc] GC(4753) Pause Young (Concurrent Start) (G1 Evacuation Pause) 220M->92M(244M) 1.430ms
[301.187s][info][gc] GC(4754) Concurrent Mark Cycle
[301.199s][info][gc] GC(4754) Pause Remark 128M->128M(244M) 0.432ms
[301.207s][info][gc] GC(4754) Pause Cleanup 149M->149M(244M) 0.055ms
[301.207s][info][gc] GC(4754) Concurrent Mark Cycle 20.295ms
[301.234s][info][gc] GC(4755) Pause Young (Prepare Mixed) (G1 Evacuation Pause) 217M->92M(244M) 1.465ms
[301.284s][info][gc] GC(4756) Pause Young (Mixed) (G1 Evacuation Pause) 218M->91M(244M) 1.547ms
[301.327s][info][gc] GC(4757) Pause Young (Concurrent Start) (G1 Evacuation Pause) 219M->92M(244M) 1.335ms
[301.327s][info][gc] GC(4758) Concurrent Mark Cycle
[301.340s][info][gc] GC(4758) Pause Remark 121M->121M(244M) 0.445ms
[301.353s][info][gc] GC(4758) Pause Cleanup 156M->156M(244M) 0.063ms
[301.353s][info][gc] GC(4758) Concurrent Mark Cycle 26.478ms
[301.374s][info][gc] GC(4759) Pause Young (Prepare Mixed) (G1 Evacuation Pause) 219M->93M(244M) 1.429ms
[301.428s][info][gc] GC(4760) Pause Young (Mixed) (G1 Evacuation Pause) 219M->88M(244M) 1.139ms
[301.640s][info][gc] GC(4761) Pause Young (Concurrent Start) (G1 Evacuation Pause) 222M->93M(244M) 1.460ms
[301.640s][info][gc] GC(4762) Concurrent Mark Cycle
[301.650s][info][gc] GC(4762) Pause Remark 122M->93M(217M) 0.441ms
[301.654s][info][gc] GC(4762) Pause Cleanup 105M->105M(217M) 0.056ms
[301.654s][info][gc] GC(4762) Concurrent Mark Cycle 13.572ms
[301.684s][info][gc] GC(4763) Pause Young (Prepare Mixed) (G1 Evacuation Pause) 188M->65M(217M) 1.432ms
[301.720s][info][gc] GC(4764) Pause Young (Mixed) (G1 Evacuation Pause) 184M->62M(217M) 1.342ms
[301.771s][info][gc] GC(4765) Pause Young (Normal) (G1 Evacuation Pause) 183M->65M(255M) 1.422ms
[301.818s][info][gc] GC(4766) Pause Young (Normal) (G1 Evacuation Pause) 207M->65M(255M) 1.859ms
[301.871s][info][gc] GC(4767) Pause Young (Normal) (G1 Evacuation Pause) 206M->66M(255M) 1.397ms
[301.920s][info][gc] GC(4768) Pause Young (Normal) (G1 Evacuation Pause) 209M->68M(255M) 1.446ms
[301.962s][info][gc] GC(4769) Pause Young (Normal) (G1 Evacuation Pause) 208M->68M(255M) 1.398ms
[302.021s][info][gc] GC(4770) Pause Young (Normal) (G1 Evacuation Pause) 211M->70M(255M) 1.476ms
[302.064s][info][gc] GC(4771) Pause Young (Normal) (G1 Evacuation Pause) 210M->71M(255M) 1.432ms
[302.122s][info][gc] GC(4772) Pause Young (Normal) (G1 Evacuation Pause) 213M->73M(255M) 1.415ms
[302.168s][info][gc] GC(4773) Pause Young (Normal) (G1 Evacuation Pause) 214M->73M(255M) 1.521ms
[302.219s][info][gc] GC(4774) Pause Young (Normal) (G1 Evacuation Pause) 215M->74M(255M) 1.431ms
[302.267s][info][gc] GC(4775) Pause Young (Normal) (G1 Evacuation Pause) 216M->76M(255M) 1.570ms
[302.316s][info][gc] GC(4776) Pause Young (Normal) (G1 Evacuation Pause) 216M->76M(255M) 1.546ms
[302.368s][info][gc] GC(4777) Pause Young (Normal) (G1 Evacuation Pause) 218M->78M(255M) 1.422ms
[302.414s][info][gc] GC(4778) Pause Young (Normal) (G1 Evacuation Pause) 218M->79M(255M) 1.481ms
[302.470s][info][gc] GC(4779) Pause Young (Normal) (G1 Evacuation Pause) 221M->80M(255M) 1.364ms
[302.514s][info][gc] GC(4780) Pause Young (Normal) (G1 Evacuation Pause) 221M->82M(255M) 1.458ms
[302.563s][info][gc] GC(4781) Pause Young (Normal) (G1 Evacuation Pause) 222M->82M(255M) 1.509ms
[302.617s][info][gc] GC(4782) Pause Young (Normal) (G1 Evacuation Pause) 224M->84M(255M) 1.585ms
[302.663s][info][gc] GC(4783) Pause Young (Normal) (G1 Evacuation Pause) 224M->84M(255M) 1.494ms
[302.717s][info][gc] GC(4784) Pause Young (Normal) (G1 Evacuation Pause) 226M->86M(255M) 1.556ms
[302.764s][info][gc] GC(4785) Pause Young (Normal) (G1 Evacuation Pause) 226M->88M(255M) 1.451ms
[302.811s][info][gc] GC(4786) Pause Young (Normal) (G1 Evacuation Pause) 228M->88M(255M) 1.356ms
[302.860s][info][gc] GC(4787) Pause Young (Normal) (G1 Evacuation Pause) 228M->89M(255M) 1.341ms
[302.909s][info][gc] GC(4788) Pause Young (Normal) (G1 Evacuation Pause) 227M->91M(255M) 1.506ms
[302.961s][info][gc] GC(4789) Pause Young (Normal) (G1 Evacuation Pause) 229M->92M(255M) 1.437ms
[303.007s][info][gc] GC(4790) Pause Young (Normal) (G1 Evacuation Pause) 227M->93M(255M) 1.410ms
[303.058s][info][gc] GC(4791) Pause Young (Normal) (G1 Evacuation Pause) 229M->94M(255M) 1.559ms
[303.102s][info][gc] GC(4792) Pause Young (Concurrent Start) (G1 Evacuation Pause) 228M->95M(255M) 1.424ms
[303.102s][info][gc] GC(4793) Concurrent Mark Cycle
[303.117s][info][gc] GC(4793) Pause Remark 129M->124M(255M) 0.466ms
[303.132s][info][gc] GC(4793) Pause Cleanup 165M->165M(255M) 0.063ms
[303.133s][info][gc] GC(4793) Concurrent Mark Cycle 30.429ms
[303.154s][info][gc] GC(4794) Pause Young (Prepare Mixed) (G1 Evacuation Pause) 223M->92M(255M) 1.338ms
[303.206s][info][gc] GC(4795) Pause Young (Mixed) (G1 Evacuation Pause) 229M->90M(255M) 1.415ms
[303.252s][info][gc] GC(4796) Pause Young (Normal) (G1 Evacuation Pause) 226M->91M(255M) 1.463ms
[303.326s][info][gc] GC(4797) Pause Young (Normal) (G1 Evacuation Pause) 229M->88M(255M) 1.079ms
[303.515s][info][gc] GC(4798) Pause Young (Normal) (G1 Evacuation Pause) 232M->94M(255M) 1.518ms
[303.559s][info][gc] GC(4799) Pause Young (Normal) (G1 Evacuation Pause) 226M->96M(255M) 1.662ms
[303.607s][info][gc] GC(4800) Pause Young (Concurrent Start) (G1 Evacuation Pause) 227M->96M(255M) 1.343ms
[303.608s][info][gc] GC(4801) Concurrent Mark Cycle
[303.619s][info][gc] GC(4801) Pause Remark 124M->90M(210M) 0.428ms
[303.625s][info][gc] GC(4801) Pause Cleanup 109M->109M(210M) 0.059ms
[303.625s][info][gc] GC(4801) Concurrent Mark Cycle 17.401ms
[303.654s][info][gc] GC(4802) Pause Young (Prepare Mixed) (G1 Evacuation Pause) 197M->64M(210M) 1.347ms
[303.690s][info][gc] GC(4803) Pause Young (Mixed) (G1 Evacuation Pause) 179M->61M(210M) 1.285ms
[303.738s][info][gc] GC(4804) Pause Young (Normal) (G1 Evacuation Pause) 178M->63M(210M) 1.286ms
[303.775s][info][gc] GC(4805) Pause Young (Normal) (G1 Evacuation Pause) 178M->64M(210M) 1.347ms
[303.812s][info][gc] GC(4806) Pause Young (Normal) (G1 Evacuation Pause) 180M->64M(243M) 1.494ms
[303.868s][info][gc] GC(4807) Pause Young (Normal) (G1 Evacuation Pause) 200M->66M(243M) 1.446ms
[303.909s][info][gc] GC(4808) Pause Young (Normal) (G1 Evacuation Pause) 200M->66M(243M) 1.337ms
[303.960s][info][gc] GC(4809) Pause Young (Normal) (G1 Evacuation Pause) 201M->67M(243M) 1.388ms
[304.007s][info][gc] GC(4810) Pause Young (Normal) (G1 Evacuation Pause) 201M->69M(243M) 1.473ms
[304.054s][info][gc] GC(4811) Pause Young (Normal) (G1 Evacuation Pause) 202M->69M(243M) 1.312ms
[304.105s][info][gc] GC(4812) Pause Young (Normal) (G1 Evacuation Pause) 204M->71M(243M) 1.377ms
[304.147s][info][gc] GC(4813) Pause Young (Normal) (G1 Evacuation Pause) 204M->72M(243M) 1.569ms
[304.197s][info][gc] GC(4814) Pause Young (Normal) (G1 Evacuation Pause) 206M->73M(243M) 1.343ms
[304.244s][info][gc] GC(4815) Pause Young (Normal) (G1 Evacuation Pause) 207M->75M(243M) 1.420ms
[304.290s][info][gc] GC(4816) Pause Young (Normal) (G1 Evacuation Pause) 207M->75M(243M) 1.369ms
[304.340s][info][gc] GC(4817) Pause Young (Normal) (G1 Evacuation Pause) 209M->76M(243M) 1.331ms
[304.385s][info][gc] GC(4818) Pause Young (Normal) (G1 Evacuation Pause) 209M->78M(243M) 1.706ms
[304.433s][info][gc] GC(4819) Pause Young (Normal) (G1 Evacuation Pause) 210M->78M(243M) 1.549ms
[304.482s][info][gc] GC(4820) Pause Young (Normal) (G1 Evacuation Pause) 213M->80M(243M) 1.451ms
[304.527s][info][gc] GC(4821) Pause Young (Normal) (G1 Evacuation Pause) 212M->80M(243M) 1.398ms
[304.578s][info][gc] GC(4822) Pause Young (Normal) (G1 Evacuation Pause) 214M->83M(243M) 1.423ms
[304.622s][info][gc] GC(4823) Pause Young (Normal) (G1 Evacuation Pause) 215M->83M(243M) 1.394ms
[304.670s][info][gc] GC(4824) Pause Young (Normal) (G1 Evacuation Pause) 217M->83M(243M) 1.316ms
[304.720s][info][gc] GC(4825) Pause Young (Normal) (G1 Evacuation Pause) 218M->86M(243M) 1.409ms
[304.764s][info][gc] GC(4826) Pause Young (Normal) (G1 Evacuation Pause) 216M->85M(243M) 1.499ms
[304.813s][info][gc] GC(4827) Pause Young (Normal) (G1 Evacuation Pause) 219M->88M(243M) 1.377ms
[304.854s][info][gc] GC(4828) Pause Young (Normal) (G1 Evacuation Pause) 216M->89M(243M) 1.342ms
[304.902s][info][gc] GC(4829) Pause Young (Normal) (G1 Evacuation Pause) 218M->89M(243M) 1.333ms
[304.949s][info][gc] GC(4830) Pause Young (Concurrent Start) (G1 Evacuation Pause) 219M->90M(243M) 1.505ms
[304.949s][info][gc] GC(4831) Concurrent Mark Cycle
[304.966s][info][gc] GC(4831) Pause Remark 137M->133M(243M) 0.484ms
[304.974s][info][gc] GC(4831) Pause Cleanup 161M->161M(243M) 0.065ms
[304.974s][info][gc] GC(4831) Concurrent Mark Cycle 24.808ms
[304.995s][info][gc] GC(4832) Pause Young (Prepare Mixed) (G1 Evacuation Pause) 213M->87M(243M) 1.339ms
[305.052s][info][gc] GC(4833) Pause Young (Mixed) (G1 Evacuation Pause) 219M->87M(243M) 1.437ms
[305.094s][info][gc] GC(4834) Pause Young (Normal) (G1 Evacuation Pause) 217M->88M(243M) 1.452ms
[305.148s][info][gc] GC(4835) Pause Young (Normal) (G1 Evacuation Pause) 218M->87M(243M) 1.310ms
[305.364s][info][gc] GC(4836) Pause Young (Normal) (G1 Evacuation Pause) 220M->91M(243M) 1.580ms
[305.403s][info][gc] GC(4837) Pause Young (Normal) (G1 Evacuation Pause) 216M->93M(243M) 1.572ms
[305.439s][info][gc] GC(4838) Pause Young (Concurrent Start) (G1 Evacuation Pause) 216M->93M(243M) 1.378ms
[305.439s][info][gc] GC(4839) Concurrent Mark Cycle
[305.451s][info][gc] GC(4839) Pause Remark 130M->97M(207M) 0.440ms
[305.455s][info][gc] GC(4839) Pause Cleanup 107M->107M(207M) 0.062ms
[305.456s][info][gc] GC(4839) Concurrent Mark Cycle 16.481ms
[305.491s][info][gc] GC(4840) Pause Young (Prepare Mixed) (G1 Evacuation Pause) 185M->61M(207M) 1.301ms
[305.528s][info][gc] GC(4841) Pause Young (Mixed) (G1 Evacuation Pause) 175M->60M(207M) 1.293ms
[305.563s][info][gc] GC(4842) Pause Young (Normal) (G1 Evacuation Pause) 175M->61M(240M) 1.376ms
[305.618s][info][gc] GC(4843) Pause Young (Normal) (G1 Evacuation Pause) 196M->63M(240M) 1.366ms
[305.659s][info][gc] GC(4844) Pause Young (Normal) (G1 Evacuation Pause) 196M->64M(240M) 1.475ms
[305.706s][info][gc] GC(4845) Pause Young (Normal) (G1 Evacuation Pause) 197M->64M(240M) 1.338ms
[305.753s][info][gc] GC(4846) Pause Young (Normal) (G1 Evacuation Pause) 198M->66M(240M) 1.354ms
[305.793s][info][gc] GC(4847) Pause Young (Normal) (G1 Evacuation Pause) 198M->66M(240M) 1.357ms
[305.845s][info][gc] GC(4848) Pause Young (Normal) (G1 Evacuation Pause) 200M->68M(240M) 1.384ms
[305.887s][info][gc] GC(4849) Pause Young (Normal) (G1 Evacuation Pause) 200M->69M(240M) 1.391ms
[305.939s][info][gc] GC(4850) Pause Young (Normal) (G1 Evacuation Pause) 202M->70M(240M) 1.405ms
[305.984s][info][gc] GC(4851) Pause Young (Normal) (G1 Evacuation Pause) 203M->71M(240M) 1.430ms
[306.031s][info][gc] GC(4852) Pause Young (Normal) (G1 Evacuation Pause) 204M->72M(240M) 1.475ms
[306.078s][info][gc] GC(4853) Pause Young (Normal) (G1 Evacuation Pause) 205M->74M(240M) 1.356ms
[306.124s][info][gc] GC(4854) Pause Young (Normal) (G1 Evacuation Pause) 207M->75M(240M) 1.497ms
[306.178s][info][gc] GC(4855) Pause Young (Normal) (G1 Evacuation Pause) 208M->76M(240M) 1.553ms
[306.224s][info][gc] GC(4856) Pause Young (Normal) (G1 Evacuation Pause) 209M->77M(240M) 1.567ms
[306.277s][info][gc] GC(4857) Pause Young (Normal) (G1 Evacuation Pause) 210M->78M(240M) 2.884ms
[306.339s][info][gc] GC(4858) Pause Young (Normal) (G1 Evacuation Pause) 211M->80M(240M) 1.495ms
[306.399s][info][gc] GC(4859) Pause Young (Normal) (G1 Evacuation Pause) 212M->81M(240M) 2.086ms
[306.461s][info][gc] GC(4860) Pause Young (Normal) (G1 Evacuation Pause) 214M->82M(240M) 1.476ms
[306.505s][info][gc] GC(4861) Pause Young (Normal) (G1 Evacuation Pause) 215M->83M(240M) 1.402ms
[306.552s][info][gc] GC(4862) Pause Young (Normal) (G1 Evacuation Pause) 216M->83M(240M) 1.476ms
[306.609s][info][gc] GC(4863) Pause Young (Normal) (G1 Evacuation Pause) 217M->85M(240M) 1.521ms
[306.651s][info][gc] GC(4864) Pause Young (Normal) (G1 Evacuation Pause) 213M->85M(240M) 1.513ms
[306.702s][info][gc] GC(4865) Pause Young (Normal) (G1 Evacuation Pause) 217M->87M(240M) 1.453ms
[306.746s][info][gc] GC(4866) Pause Young (Normal) (G1 Evacuation Pause) 216M->89M(240M) 1.493ms
[306.792s][info][gc] GC(4867) Pause Young (Normal) (G1 Evacuation Pause) 217M->89M(240M) 1.354ms
[306.838s][info][gc] GC(4868) Pause Young (Concurrent Start) (G1 Evacuation Pause) 215M->91M(240M) 1.457ms
[306.839s][info][gc] GC(4869) Concurrent Mark Cycle
[306.858s][info][gc] GC(4869) Pause Remark 154M->151M(240M) 0.466ms
[306.872s][info][gc] GC(4869) Pause Cleanup 197M->197M(240M) 0.073ms
[306.873s][info][gc] GC(4869) Concurrent Mark Cycle 34.154ms
[306.880s][info][gc] GC(4870) Pause Young (Prepare Mixed) (G1 Evacuation Pause) 211M->88M(240M) 1.403ms
[306.931s][info][gc] GC(4871) Pause Young (Mixed) (G1 Evacuation Pause) 218M->88M(240M) 1.357ms
[306.973s][info][gc] GC(4872) Pause Young (Concurrent Start) (G1 Evacuation Pause) 215M->89M(240M) 1.367ms
[306.973s][info][gc] GC(4873) Concurrent Mark Cycle
[306.990s][info][gc] GC(4873) Pause Remark 135M->135M(240M) 0.460ms
[307.004s][info][gc] GC(4873) Pause Cleanup 173M->173M(240M) 0.063ms
[307.004s][info][gc] GC(4873) Concurrent Mark Cycle 30.481ms
[307.020s][info][gc] GC(4874) Pause Young (Prepare Mixed) (G1 Evacuation Pause) 217M->89M(240M) 1.284ms
[307.087s][info][gc] GC(4875) Pause Young (Mixed) (G1 Evacuation Pause) 216M->88M(240M) 1.181ms
[307.292s][info][gc] GC(4876) Pause Young (Concurrent Start) (G1 Evacuation Pause) 218M->97M(240M) 1.834ms
[307.292s][info][gc] GC(4877) Concurrent Mark Cycle
[307.304s][info][gc] GC(4877) Pause Remark 136M->103M(214M) 0.440ms
[307.306s][info][gc] GC(4877) Pause Cleanup 112M->112M(214M) 0.059ms
[307.306s][info][gc] GC(4877) Concurrent Mark Cycle 14.114ms
[307.328s][info][gc] GC(4878) Pause Young (Prepare Mixed) (G1 Evacuation Pause) 175M->65M(214M) 2.099ms
[307.366s][info][gc] GC(4879) Pause Young (Mixed) (G1 Evacuation Pause) 189M->55M(214M) 1.071ms
[307.402s][info][gc] GC(4880) Pause Young (Normal) (G1 Evacuation Pause) 179M->57M(214M) 1.065ms
[307.452s][info][gc] GC(4881) Pause Young (Normal) (G1 Evacuation Pause) 179M->61M(214M) 1.306ms
[307.492s][info][gc] GC(4882) Pause Young (Normal) (G1 Evacuation Pause) 179M->64M(214M) 1.555ms
[307.526s][info][gc] GC(4883) Pause Young (Normal) (G1 Evacuation Pause) 181M->64M(247M) 1.318ms
[307.584s][info][gc] GC(4884) Pause Young (Normal) (G1 Evacuation Pause) 203M->66M(247M) 1.537ms
[307.626s][info][gc] GC(4885) Pause Young (Normal) (G1 Evacuation Pause) 203M->67M(247M) 1.467ms
[307.669s][info][gc] GC(4886) Pause Young (Normal) (G1 Evacuation Pause) 204M->69M(247M) 1.408ms
[307.723s][info][gc] GC(4887) Pause Young (Normal) (G1 Evacuation Pause) 205M->70M(247M) 1.534ms
[307.766s][info][gc] GC(4888) Pause Young (Normal) (G1 Evacuation Pause) 206M->72M(247M) 1.615ms
[307.806s][info][gc] GC(4889) Pause Young (Normal) (G1 Evacuation Pause) 208M->71M(247M) 1.448ms
[307.863s][info][gc] GC(4890) Pause Young (Normal) (G1 Evacuation Pause) 210M->73M(247M) 1.485ms
[307.906s][info][gc] GC(4891) Pause Young (Normal) (G1 Evacuation Pause) 210M->75M(247M) 1.495ms
[307.947s][info][gc] GC(4892) Pause Young (Normal) (G1 Evacuation Pause) 211M->75M(247M) 1.450ms
[308.003s][info][gc] GC(4893) Pause Young (Normal) (G1 Evacuation Pause) 213M->77M(247M) 1.484ms
[308.047s][info][gc] GC(4894) Pause Young (Normal) (G1 Evacuation Pause) 214M->78M(247M) 1.451ms
[308.085s][info][gc] GC(4895) Pause Young (Normal) (G1 Evacuation Pause) 214M->78M(247M) 1.322ms
[308.142s][info][gc] GC(4896) Pause Young (Normal) (G1 Evacuation Pause) 216M->79M(247M) 1.549ms
[308.185s][info][gc] GC(4897) Pause Young (Normal) (G1 Evacuation Pause) 215M->81M(247M) 1.429ms
[308.227s][info][gc] GC(4898) Pause Young (Normal) (G1 Evacuation Pause) 218M->81M(247M) 1.333ms
[308.281s][info][gc] GC(4899) Pause Young (Normal) (G1 Evacuation Pause) 219M->83M(247M) 1.497ms
[308.325s][info][gc] GC(4900) Pause Young (Normal) (G1 Evacuation Pause) 219M->85M(247M) 1.620ms
[308.367s][info][gc] GC(4901) Pause Young (Normal) (G1 Evacuation Pause) 220M->84M(247M) 1.721ms
[308.422s][info][gc] GC(4902) Pause Young (Normal) (G1 Evacuation Pause) 222M->85M(247M) 1.497ms
[308.466s][info][gc] GC(4903) Pause Young (Normal) (G1 Evacuation Pause) 222M->88M(247M) 1.587ms
[308.508s][info][gc] GC(4904) Pause Young (Normal) (G1 Evacuation Pause) 219M->87M(247M) 1.520ms
[308.556s][info][gc] GC(4905) Pause Young (Concurrent Start) (G1 Evacuation Pause) 223M->89M(247M) 1.464ms
[308.557s][info][gc] GC(4906) Concurrent Mark Cycle
[308.570s][info][gc] GC(4906) Pause Remark 129M->122M(247M) 0.435ms
[308.580s][info][gc] GC(4906) Pause Cleanup 153M->153M(247M) 0.064ms
[308.581s][info][gc] GC(4906) Concurrent Mark Cycle 24.068ms
[308.602s][info][gc] GC(4907) Pause Young (Prepare Mixed) (G1 Evacuation Pause) 214M->84M(247M) 1.453ms
[308.644s][info][gc] GC(4908) Pause Young (Mixed) (G1 Evacuation Pause) 221M->76M(247M) 1.392ms
[308.698s][info][gc] GC(4909) Pause Young (Normal) (G1 Evacuation Pause) 214M->77M(247M) 1.571ms
[308.744s][info][gc] GC(4910) Pause Young (Normal) (G1 Evacuation Pause) 213M->79M(247M) 1.513ms
[308.783s][info][gc] GC(4911) Pause Young (Normal) (G1 Evacuation Pause) 214M->79M(247M) 1.583ms
[308.839s][info][gc] GC(4912) Pause Young (Normal) (G1 Evacuation Pause) 217M->81M(247M) 1.540ms
[308.881s][info][gc] GC(4913) Pause Young (Normal) (G1 Evacuation Pause) 217M->82M(247M) 1.670ms
[308.922s][info][gc] GC(4914) Pause Young (Normal) (G1 Evacuation Pause) 219M->82M(247M) 1.487ms
[308.974s][info][gc] GC(4915) Pause Young (Normal) (G1 Evacuation Pause) 220M->83M(247M) 1.412ms
[309.021s][info][gc] GC(4916) Pause Young (Normal) (G1 Evacuation Pause) 220M->86M(247M) 1.451ms
[309.061s][info][gc] GC(4917) Pause Young (Normal) (G1 Evacuation Pause) 219M->86M(247M) 1.537ms
[309.116s][info][gc] GC(4918) Pause Young (Normal) (G1 Evacuation Pause) 223M->88M(247M) 1.517ms
[309.159s][info][gc] GC(4919) Pause Young (Normal) (G1 Evacuation Pause) 221M->89M(247M) 1.564ms
[309.198s][info][gc] GC(4920) Pause Young (Normal) (G1 Evacuation Pause) 221M->90M(247M) 1.446ms
[309.254s][info][gc] GC(4921) Pause Young (Concurrent Start) (G1 Evacuation Pause) 222M->92M(247M) 1.512ms
[309.254s][info][gc] GC(4922) Concurrent Mark Cycle
[309.273s][info][gc] GC(4922) Pause Remark 159M->159M(247M) 0.425ms
[309.288s][info][gc] GC(4922) Pause Cleanup 198M->198M(247M) 0.063ms
[309.288s][info][gc] GC(4922) Concurrent Mark Cycle 34.389ms
[309.296s][info][gc] GC(4923) Pause Young (Prepare Mixed) (G1 Evacuation Pause) 221M->92M(247M) 1.538ms
[309.337s][info][gc] GC(4924) Pause Young (Mixed) (G1 Evacuation Pause) 222M->91M(247M) 1.543ms
[309.390s][info][gc] GC(4925) Pause Young (Concurrent Start) (G1 Evacuation Pause) 220M->91M(247M) 1.322ms
[309.390s][info][gc] GC(4926) Concurrent Mark Cycle
[309.409s][info][gc] GC(4926) Pause Remark 145M->145M(247M) 0.412ms
[309.425s][info][gc] GC(4926) Pause Cleanup 197M->197M(247M) 0.062ms
[309.425s][info][gc] GC(4926) Concurrent Mark Cycle 35.114ms
[309.437s][info][gc] GC(4927) Pause Young (Prepare Mixed) (G1 Evacuation Pause) 223M->92M(247M) 1.369ms
[309.480s][info][gc] GC(4928) Pause Young (Mixed) (G1 Evacuation Pause) 222M->92M(247M) 1.764ms
[309.527s][info][gc] GC(4929) Pause Young (Concurrent Start) (G1 Evacuation Pause) 222M->91M(247M) 1.374ms
[309.527s][info][gc] GC(4930) Concurrent Mark Cycle
[309.547s][info][gc] GC(4930) Pause Remark 131M->131M(247M) 0.521ms
[309.566s][info][gc] GC(4930) Pause Cleanup 177M->177M(247M) 0.074ms
[309.566s][info][gc] GC(4930) Concurrent Mark Cycle 39.237ms
[309.582s][info][gc] GC(4931) Pause Young (Prepare Mixed) (G1 Evacuation Pause) 224M->95M(247M) 1.524ms
[309.622s][info][gc] GC(4932) Pause Young (Mixed) (G1 Evacuation Pause) 220M->94M(247M) 1.687ms
[309.668s][info][gc] GC(4933) Pause Young (Concurrent Start) (G1 Evacuation Pause) 224M->93M(314M) 1.357ms
[309.668s][info][gc] GC(4934) Concurrent Mark Cycle
[309.687s][info][gc] GC(4934) Pause Remark 133M->133M(314M) 0.436ms
[309.706s][info][gc] GC(4934) Pause Cleanup 170M->170M(314M) 0.063ms
[309.706s][info][gc] GC(4934) Concurrent Mark Cycle 38.369ms
[309.742s][info][gc] GC(4935) Pause Young (Prepare Mixed) (G1 Evacuation Pause) 271M->95M(314M) 1.862ms
[309.796s][info][gc] GC(4936) Pause Young (Mixed) (G1 Evacuation Pause) 271M->96M(314M) 1.804ms
[309.866s][info][gc] GC(4937) Pause Young (Normal) (G1 Evacuation Pause) 271M->98M(314M) 1.885ms
[309.922s][info][gc] GC(4938) Pause Young (Normal) (G1 Evacuation Pause) 271M->99M(314M) 1.745ms
[309.984s][info][gc] GC(4939) Pause Young (Normal) (G1 Evacuation Pause) 272M->99M(314M) 1.844ms
[310.048s][info][gc] GC(4940) Pause Young (Normal) (G1 Evacuation Pause) 274M->102M(314M) 1.621ms
[310.109s][info][gc] GC(4941) Pause Young (Normal) (G1 Evacuation Pause) 274M->103M(314M) 1.933ms
[310.170s][info][gc] GC(4942) Pause Young (Normal) (G1 Evacuation Pause) 277M->104M(314M) 1.843ms
[310.227s][info][gc] GC(4943) Pause Young (Normal) (G1 Evacuation Pause) 277M->105M(314M) 1.585ms
[310.296s][info][gc] GC(4944) Pause Young (Normal) (G1 Evacuation Pause) 280M->107M(314M) 1.898ms
[310.352s][info][gc] GC(4945) Pause Young (Normal) (G1 Evacuation Pause) 280M->107M(314M) 1.658ms
[310.414s][info][gc] GC(4946) Pause Young (Normal) (G1 Evacuation Pause) 281M->110M(314M) 1.685ms
[310.476s][info][gc] GC(4947) Pause Young (Normal) (G1 Evacuation Pause) 281M->113M(314M) 1.927ms
[310.526s][info][gc] GC(4948) Pause Young (Normal) (G1 Evacuation Pause) 281M->112M(314M) 1.555ms
[310.588s][info][gc] GC(4949) Pause Young (Normal) (G1 Evacuation Pause) 283M->114M(314M) 1.610ms
[310.639s][info][gc] GC(4950) Pause Young (Normal) (G1 Evacuation Pause) 281M->115M(314M) 1.520ms
[310.696s][info][gc] GC(4951) Pause Young (Normal) (G1 Evacuation Pause) 283M->117M(314M) 1.525ms
[310.754s][info][gc] GC(4952) Pause Young (Concurrent Start) (G1 Evacuation Pause) 281M->118M(314M) 1.574ms
[310.754s][info][gc] GC(4953) Concurrent Mark Cycle
[310.780s][info][gc] GC(4953) Pause Remark 184M->184M(314M) 0.450ms
[310.800s][info][gc] GC(4953) Pause Cleanup 244M->244M(314M) 0.066ms
[310.800s][info][gc] GC(4953) Concurrent Mark Cycle 45.979ms
[310.815s][info][gc] GC(4954) Pause Young (Prepare Mixed) (G1 Evacuation Pause) 281M->119M(314M) 1.558ms
[310.870s][info][gc] GC(4955) Pause Young (Mixed) (G1 Evacuation Pause) 282M->120M(314M) 1.579ms
[310.928s][info][gc] GC(4956) Pause Young (Concurrent Start) (G1 Evacuation Pause) 282M->123M(314M) 1.619ms
[310.928s][info][gc] GC(4957) Concurrent Mark Cycle
[310.968s][info][gc] GC(4957) Pause Remark 248M->248M(314M) 0.432ms
[310.983s][info][gc] GC(4958) Pause Young (Normal) (G1 Evacuation Pause) 282M->124M(314M) 1.787ms
[310.994s][info][gc] GC(4957) Pause Cleanup 159M->159M(314M) 0.058ms
[310.995s][info][gc] GC(4957) Concurrent Mark Cycle 66.341ms
[311.037s][info][gc] GC(4959) Pause Young (Prepare Mixed) (G1 Evacuation Pause) 284M->124M(314M) 1.500ms
[311.090s][info][gc] GC(4960) Pause Young (Mixed) (G1 Evacuation Pause) 284M->126M(314M) 1.626ms
[311.148s][info][gc] GC(4961) Pause Young (Concurrent Start) (G1 Evacuation Pause) 282M->127M(314M) 1.624ms
[311.148s][info][gc] GC(4962) Concurrent Mark Cycle
[311.180s][info][gc] GC(4962) Pause Remark 231M->231M(314M) 0.414ms
[311.204s][info][gc] GC(4963) Pause Young (Normal) (G1 Evacuation Pause) 283M->128M(314M) 1.577ms
[311.210s][info][gc] GC(4962) Pause Cleanup 148M->148M(314M) 0.055ms
[311.211s][info][gc] GC(4962) Concurrent Mark Cycle 62.241ms
[311.254s][info][gc] GC(4964) Pause Young (Prepare Mixed) (G1 Evacuation Pause) 282M->130M(314M) 1.548ms
[311.307s][info][gc] GC(4965) Pause Young (Mixed) (G1 Evacuation Pause) 283M->131M(314M) 1.610ms
[311.360s][info][gc] GC(4966) Pause Young (Concurrent Start) (G1 Evacuation Pause) 283M->133M(314M) 1.626ms
[311.360s][info][gc] GC(4967) Concurrent Mark Cycle
[311.386s][info][gc] GC(4967) Pause Remark 210M->210M(314M) 0.404ms
[311.415s][info][gc] GC(4968) Pause Young (Normal) (G1 Evacuation Pause) 284M->133M(314M) 1.557ms
[311.417s][info][gc] GC(4967) Pause Cleanup 138M->138M(314M) 0.053ms
[311.418s][info][gc] GC(4967) Concurrent Mark Cycle 57.513ms
[311.468s][info][gc] GC(4969) Pause Young (Prepare Mixed) (G1 Evacuation Pause) 285M->135M(314M) 1.707ms
[311.516s][info][gc] GC(4970) Pause Young (Mixed) (G1 Evacuation Pause) 283M->135M(314M) 1.875ms
[311.573s][info][gc] GC(4971) Pause Young (Concurrent Start) (G1 Evacuation Pause) 283M->137M(314M) 1.572ms
[311.573s][info][gc] GC(4972) Concurrent Mark Cycle
[311.603s][info][gc] GC(4972) Pause Remark 238M->238M(314M) 0.429ms
[311.621s][info][gc] GC(4973) Pause Young (Normal) (G1 Evacuation Pause) 284M->137M(314M) 1.495ms
[311.634s][info][gc] GC(4972) Pause Cleanup 167M->167M(314M) 0.058ms
[311.635s][info][gc] GC(4972) Concurrent Mark Cycle 61.470ms
[311.673s][info][gc] GC(4974) Pause Young (Prepare Mixed) (G1 Evacuation Pause) 285M->139M(314M) 1.569ms
[311.729s][info][gc] GC(4975) Pause Young (Mixed) (G1 Evacuation Pause) 283M->140M(314M) 1.597ms
[311.773s][info][gc] GC(4976) Pause Young (Concurrent Start) (G1 Evacuation Pause) 283M->140M(314M) 1.398ms
[311.773s][info][gc] GC(4977) Concurrent Mark Cycle
[311.797s][info][gc] GC(4977) Pause Remark 195M->195M(314M) 0.440ms
[311.828s][info][gc] GC(4978) Pause Young (Normal) (G1 Evacuation Pause) 283M->142M(314M) 1.427ms
[311.830s][info][gc] GC(4977) Pause Cleanup 151M->151M(314M) 0.053ms
[311.830s][info][gc] GC(4977) Concurrent Mark Cycle 57.152ms
[311.880s][info][gc] GC(4979) Pause Young (Prepare Mixed) (G1 Evacuation Pause) 284M->143M(314M) 1.611ms
[311.929s][info][gc] GC(4980) Pause Young (Mixed) (G1 Evacuation Pause) 284M->144M(314M) 1.736ms
[311.977s][info][gc] GC(4981) Pause Young (Concurrent Start) (G1 Evacuation Pause) 282M->145M(314M) 1.592ms
[311.977s][info][gc] GC(4982) Concurrent Mark Cycle
[312.004s][info][gc] GC(4982) Pause Remark 204M->204M(314M) 0.433ms
[312.036s][info][gc] GC(4983) Pause Young (Normal) (G1 Evacuation Pause) 285M->146M(314M) 1.473ms
[312.040s][info][gc] GC(4982) Pause Cleanup 158M->158M(314M) 0.054ms
[312.040s][info][gc] GC(4982) Concurrent Mark Cycle 62.600ms
[312.081s][info][gc] GC(4984) Pause Young (Prepare Mixed) (G1 Evacuation Pause) 282M->147M(314M) 1.586ms
[312.127s][info][gc] GC(4985) Pause Young (Mixed) (G1 Evacuation Pause) 285M->148M(314M) 1.450ms
[312.177s][info][gc] GC(4986) Pause Young (Concurrent Start) (G1 Evacuation Pause) 285M->149M(314M) 1.586ms
[312.177s][info][gc] GC(4987) Concurrent Mark Cycle
[312.203s][info][gc] GC(4987) Pause Remark 223M->223M(314M) 0.423ms
[312.227s][info][gc] GC(4988) Pause Young (Normal) (G1 Evacuation Pause) 284M->150M(314M) 1.413ms
[312.241s][info][gc] GC(4987) Pause Cleanup 190M->190M(314M) 0.059ms
[312.242s][info][gc] GC(4987) Concurrent Mark Cycle 64.821ms
[312.271s][info][gc] GC(4989) Pause Young (Prepare Mixed) (G1 Evacuation Pause) 284M->151M(314M) 1.312ms
[312.323s][info][gc] GC(4990) Pause Young (Mixed) (G1 Evacuation Pause) 284M->153M(314M) 1.529ms
[312.359s][info][gc] GC(4991) Pause Young (Concurrent Start) (G1 Evacuation Pause) 285M->154M(314M) 1.368ms
[312.359s][info][gc] GC(4992) Concurrent Mark Cycle
[312.392s][info][gc] GC(4992) Pause Remark 240M->240M(314M) 0.416ms
[312.414s][info][gc] GC(4993) Pause Young (Normal) (G1 Evacuation Pause) 285M->155M(314M) 1.519ms
[312.423s][info][gc] GC(4992) Pause Cleanup 182M->182M(314M) 0.055ms
[312.424s][info][gc] GC(4992) Concurrent Mark Cycle 64.558ms
[312.462s][info][gc] GC(4994) Pause Young (Prepare Mixed) (G1 Evacuation Pause) 285M->156M(314M) 1.571ms
[312.502s][info][gc] GC(4995) Pause Young (Mixed) (G1 Evacuation Pause) 284M->157M(314M) 1.466ms
[312.545s][info][gc] GC(4996) Pause Young (Concurrent Start) (G1 Evacuation Pause) 285M->157M(314M) 1.473ms
[312.545s][info][gc] GC(4997) Concurrent Mark Cycle
[312.575s][info][gc] GC(4997) Pause Remark 230M->230M(314M) 0.405ms
[312.596s][info][gc] GC(4998) Pause Young (Normal) (G1 Evacuation Pause) 286M->159M(314M) 1.561ms
[312.608s][info][gc] GC(4997) Pause Cleanup 193M->193M(314M) 0.055ms
[312.608s][info][gc] GC(4997) Concurrent Mark Cycle 62.990ms
[312.640s][info][gc] GC(4999) Pause Young (Prepare Mixed) (G1 Evacuation Pause) 284M->160M(314M) 1.444ms
[312.683s][info][gc] GC(5000) Pause Young (Mixed) (G1 Evacuation Pause) 285M->161M(314M) 1.452ms
[312.726s][info][gc] GC(5001) Pause Young (Concurrent Start) (G1 Evacuation Pause) 285M->162M(314M) 1.503ms
[312.726s][info][gc] GC(5002) Concurrent Mark Cycle
[312.755s][info][gc] GC(5002) Pause Remark 240M->240M(314M) 0.421ms
[312.770s][info][gc] GC(5003) Pause Young (Normal) (G1 Evacuation Pause) 284M->163M(314M) 1.455ms
[312.794s][info][gc] GC(5002) Pause Cleanup 225M->225M(314M) 0.058ms
[312.794s][info][gc] GC(5002) Concurrent Mark Cycle 68.397ms
[312.816s][info][gc] GC(5004) Pause Young (Prepare Mixed) (G1 Evacuation Pause) 286M->165M(314M) 1.561ms
[312.857s][info][gc] GC(5005) Pause Young (Mixed) (G1 Evacuation Pause) 285M->165M(314M) 1.433ms
[312.902s][info][gc] GC(5006) Pause Young (Concurrent Start) (G1 Evacuation Pause) 286M->167M(314M) 1.407ms
[312.902s][info][gc] GC(5007) Concurrent Mark Cycle
[312.933s][info][gc] GC(5007) Pause Remark 266M->266M(314M) 0.499ms
[312.942s][info][gc] GC(5008) Pause Young (Normal) (G1 Evacuation Pause) 286M->168M(314M) 1.458ms
[312.966s][info][gc] GC(5007) Pause Cleanup 226M->226M(314M) 0.066ms
[312.967s][info][gc] GC(5007) Concurrent Mark Cycle 64.756ms
[312.986s][info][gc] GC(5009) Pause Young (Prepare Mixed) (G1 Evacuation Pause) 286M->169M(314M) 1.358ms
[313.020s][info][gc] GC(5010) Pause Young (Mixed) (G1 Evacuation Pause) 284M->168M(314M) 1.335ms
[313.068s][info][gc] GC(5011) Pause Young (Concurrent Start) (G1 Evacuation Pause) 287M->172M(314M) 1.514ms
[313.069s][info][gc] GC(5012) Concurrent Mark Cycle
[313.103s][info][gc] GC(5012) Pause Remark 267M->267M(314M) 0.427ms
[313.111s][info][gc] GC(5013) Pause Young (Normal) (G1 Evacuation Pause) 283M->171M(314M) 1.440ms
[313.143s][info][gc] GC(5012) Pause Cleanup 265M->265M(314M) 0.060ms
[313.143s][info][gc] GC(5012) Concurrent Mark Cycle 74.817ms
[313.151s][info][gc] GC(5014) Pause Young (Prepare Mixed) (G1 Evacuation Pause) 287M->172M(314M) 1.359ms
[313.190s][info][gc] GC(5015) Pause Young (Mixed) (G1 Evacuation Pause) 286M->173M(314M) 1.461ms
[313.227s][info][gc] GC(5016) Pause Young (Concurrent Start) (G1 Evacuation Pause) 286M->173M(314M) 1.385ms
[313.227s][info][gc] GC(5017) Concurrent Mark Cycle
[313.260s][info][gc] GC(5017) Pause Remark 254M->254M(314M) 0.400ms
[313.275s][info][gc] GC(5018) Pause Young (Normal) (G1 Evacuation Pause) 285M->175M(314M) 1.524ms
[313.291s][info][gc] GC(5017) Pause Cleanup 233M->233M(314M) 0.056ms
[313.291s][info][gc] GC(5017) Concurrent Mark Cycle 64.377ms
[313.310s][info][gc] GC(5019) Pause Young (Prepare Mixed) (G1 Evacuation Pause) 284M->175M(314M) 1.288ms
[313.353s][info][gc] GC(5020) Pause Young (Mixed) (G1 Evacuation Pause) 287M->178M(314M) 1.522ms
[313.388s][info][gc] GC(5021) Pause Young (Concurrent Start) (G1 Evacuation Pause) 285M->179M(314M) 1.413ms
[313.388s][info][gc] GC(5022) Concurrent Mark Cycle
[313.426s][info][gc] GC(5022) Pause Remark 286M->286M(314M) 0.410ms
[313.427s][info][gc] GC(5023) Pause Young (Normal) (G1 Evacuation Pause) 287M->180M(314M) 1.261ms
[313.463s][info][gc] GC(5022) Pause Cleanup 278M->278M(314M) 0.071ms
[313.463s][info][gc] GC(5022) Concurrent Mark Cycle 75.261ms
[313.470s][info][gc] GC(5024) Pause Young (Prepare Mixed) (G1 Evacuation Pause) 288M->180M(314M) 1.290ms
[313.508s][info][gc] GC(5025) Pause Young (Mixed) (G1 Evacuation Pause) 286M->182M(314M) 1.534ms
[313.544s][info][gc] GC(5026) Pause Young (Concurrent Start) (G1 Evacuation Pause) 285M->183M(314M) 1.458ms
[313.544s][info][gc] GC(5027) Concurrent Mark Cycle
[313.572s][info][gc] GC(5027) Pause Remark 258M->258M(314M) 0.423ms
[313.583s][info][gc] GC(5028) Pause Young (Normal) (G1 Evacuation Pause) 287M->184M(314M) 1.425ms
[313.615s][info][gc] GC(5027) Pause Cleanup 261M->261M(314M) 0.055ms
[313.615s][info][gc] GC(5027) Concurrent Mark Cycle 71.470ms
[313.626s][info][gc] GC(5029) Pause Young (Prepare Mixed) (G1 Evacuation Pause) 287M->187M(314M) 1.300ms
[313.659s][info][gc] GC(5030) Pause Young (Mixed) (G1 Evacuation Pause) 286M->187M(314M) 1.573ms
[313.694s][info][gc] GC(5031) Pause Young (Concurrent Start) (G1 Evacuation Pause) 288M->188M(314M) 1.234ms
[313.694s][info][gc] GC(5032) Concurrent Mark Cycle
[313.732s][info][gc] GC(5033) Pause Young (Normal) (G1 Evacuation Pause) 285M->188M(314M) 1.439ms
[313.738s][info][gc] GC(5032) Pause Remark 199M->199M(315M) 0.434ms
[313.768s][info][gc] GC(5034) Pause Young (Normal) (G1 Evacuation Pause) 287M->189M(315M) 1.292ms
[313.781s][info][gc] GC(5032) Pause Cleanup 213M->213M(315M) 0.069ms
[313.781s][info][gc] GC(5032) Concurrent Mark Cycle 87.428ms
[313.805s][info][gc] GC(5035) Pause Young (Prepare Mixed) (G1 Evacuation Pause) 287M->191M(315M) 1.338ms
[313.838s][info][gc] GC(5036) Pause Young (Mixed) (G1 Evacuation Pause) 287M->190M(315M) 1.387ms
[313.871s][info][gc] GC(5037) Pause Young (Concurrent Start) (G1 Evacuation Pause) 289M->191M(315M) 1.210ms
[313.871s][info][gc] GC(5038) Concurrent Mark Cycle
[313.907s][info][gc] GC(5039) Pause Young (Normal) (G1 Evacuation Pause) 288M->193M(315M) 1.398ms
[313.917s][info][gc] GC(5038) Pause Remark 215M->215M(325M) 0.518ms
[313.943s][info][gc] GC(5040) Pause Young (Normal) (G1 Evacuation Pause) 286M->193M(325M) 1.268ms
[313.959s][info][gc] GC(5038) Pause Cleanup 235M->235M(325M) 0.059ms
[313.959s][info][gc] GC(5038) Concurrent Mark Cycle 88.690ms
[313.982s][info][gc] GC(5041) Pause Young (Prepare Mixed) (G1 Evacuation Pause) 299M->196M(325M) 1.428ms
[314.012s][info][gc] GC(5042) Pause Young (Mixed) (G1 Evacuation Pause) 296M->195M(353M) 1.550ms
[314.062s][info][gc] GC(5043) Pause Young (Normal) (G1 Evacuation Pause) 325M->197M(353M) 1.442ms
[314.102s][info][gc] GC(5044) Pause Young (Normal) (G1 Evacuation Pause) 323M->198M(353M) 1.403ms
[314.143s][info][gc] GC(5045) Pause Young (Concurrent Start) (G1 Evacuation Pause) 323M->200M(353M) 1.416ms
[314.143s][info][gc] GC(5046) Concurrent Mark Cycle
[314.175s][info][gc] GC(5046) Pause Remark 276M->276M(353M) 0.435ms
[314.195s][info][gc] GC(5047) Pause Young (Normal) (G1 Evacuation Pause) 321M->200M(353M) 1.587ms
[314.222s][info][gc] GC(5046) Pause Cleanup 276M->276M(353M) 0.074ms
[314.222s][info][gc] GC(5046) Concurrent Mark Cycle 78.530ms
[314.238s][info][gc] GC(5048) Pause Young (Prepare Mixed) (G1 Evacuation Pause) 324M->201M(353M) 1.406ms
[314.280s][info][gc] GC(5049) Pause Young (Mixed) (G1 Evacuation Pause) 321M->201M(353M) 1.480ms
[314.314s][info][gc] GC(5050) Pause Young (Concurrent Start) (G1 Evacuation Pause) 322M->200M(353M) 1.391ms
[314.314s][info][gc] GC(5051) Concurrent Mark Cycle
[314.354s][info][gc] GC(5051) Pause Remark 280M->280M(353M) 0.418ms
[314.370s][info][gc] GC(5052) Pause Young (Normal) (G1 Evacuation Pause) 325M->202M(353M) 1.327ms
[314.394s][info][gc] GC(5051) Pause Cleanup 266M->266M(353M) 0.067ms
[314.394s][info][gc] GC(5051) Concurrent Mark Cycle 80.073ms
[314.413s][info][gc] GC(5053) Pause Young (Prepare Mixed) (G1 Evacuation Pause) 323M->203M(353M) 1.469ms
[314.453s][info][gc] GC(5054) Pause Young (Mixed) (G1 Evacuation Pause) 322M->203M(353M) 1.475ms
[314.522s][info][gc] GC(5055) Pause Young (Concurrent Start) (G1 Evacuation Pause) 323M->200M(353M) 0.988ms
[314.522s][info][gc] GC(5056) Concurrent Mark Cycle
[314.553s][info][gc] GC(5056) Pause Remark 227M->227M(353M) 0.409ms
[314.585s][info][gc] GC(5056) Pause Cleanup 251M->251M(353M) 0.066ms
[314.585s][info][gc] GC(5056) Concurrent Mark Cycle 63.267ms
[314.632s][info][gc] GC(5057) Pause Young (Prepare Mixed) (G1 Evacuation Pause) 327M->206M(353M) 1.495ms
[314.681s][info][gc] GC(5058) Pause Young (Mixed) (G1 Evacuation Pause) 321M->207M(353M) 1.719ms
[314.729s][info][gc] GC(5059) Pause Young (Concurrent Start) (G1 Evacuation Pause) 322M->209M(353M) 1.666ms
[314.729s][info][gc] GC(5060) Concurrent Mark Cycle
[314.735s][info][gc] GC(5060) Pause Remark 220M->77M(224M) 0.440ms
[314.741s][info][gc] GC(5060) Pause Cleanup 86M->86M(224M) 0.072ms
[314.741s][info][gc] GC(5060) Concurrent Mark Cycle 12.132ms
[314.778s][info][gc] GC(5061) Pause Young (Prepare Mixed) (G1 Evacuation Pause) 183M->67M(224M) 1.192ms
[314.824s][info][gc] GC(5062) Pause Young (Mixed) (G1 Evacuation Pause) 192M->51M(224M) 1.464ms
[314.879s][info][gc] GC(5063) Pause Young (Normal) (G1 Evacuation Pause) 175M->52M(224M) 1.525ms
[314.923s][info][gc] GC(5064) Pause Young (Normal) (G1 Evacuation Pause) 176M->54M(224M) 1.410ms
[314.976s][info][gc] GC(5065) Pause Young (Normal) (G1 Evacuation Pause) 178M->54M(224M) 1.225ms
[315.021s][info][gc] GC(5066) Pause Young (Normal) (G1 Evacuation Pause) 178M->55M(224M) 1.345ms
[315.067s][info][gc] GC(5067) Pause Young (Normal) (G1 Evacuation Pause) 178M->56M(224M) 1.552ms
[315.123s][info][gc] GC(5068) Pause Young (Normal) (G1 Evacuation Pause) 180M->57M(224M) 1.335ms
[315.167s][info][gc] GC(5069) Pause Young (Normal) (G1 Evacuation Pause) 180M->59M(224M) 1.359ms
[315.217s][info][gc] GC(5070) Pause Young (Normal) (G1 Evacuation Pause) 182M->58M(224M) 1.349ms
[315.271s][info][gc] GC(5071) Pause Young (Normal) (G1 Evacuation Pause) 183M->61M(224M) 1.466ms
[315.316s][info][gc] GC(5072) Pause Young (Normal) (G1 Evacuation Pause) 183M->61M(224M) 1.507ms
[315.371s][info][gc] GC(5073) Pause Young (Normal) (G1 Evacuation Pause) 186M->63M(224M) 1.310ms
[315.417s][info][gc] GC(5074) Pause Young (Normal) (G1 Evacuation Pause) 186M->63M(224M) 1.314ms
[315.465s][info][gc] GC(5075) Pause Young (Normal) (G1 Evacuation Pause) 187M->64M(224M) 1.386ms
[315.516s][info][gc] GC(5076) Pause Young (Normal) (G1 Evacuation Pause) 188M->66M(224M) 1.439ms
[315.563s][info][gc] GC(5077) Pause Young (Normal) (G1 Evacuation Pause) 189M->66M(224M) 1.375ms
[315.614s][info][gc] GC(5078) Pause Young (Normal) (G1 Evacuation Pause) 190M->67M(224M) 1.489ms
[315.659s][info][gc] GC(5079) Pause Young (Normal) (G1 Evacuation Pause) 190M->69M(224M) 1.409ms
[315.708s][info][gc] GC(5080) Pause Young (Normal) (G1 Evacuation Pause) 192M->69M(224M) 1.284ms
[315.758s][info][gc] GC(5081) Pause Young (Normal) (G1 Evacuation Pause) 193M->70M(224M) 1.297ms
[315.809s][info][gc] GC(5082) Pause Young (Normal) (G1 Evacuation Pause) 194M->71M(224M) 1.386ms
[315.860s][info][gc] GC(5083) Pause Young (Normal) (G1 Evacuation Pause) 195M->73M(224M) 1.427ms
[315.905s][info][gc] GC(5084) Pause Young (Normal) (G1 Evacuation Pause) 196M->73M(224M) 1.334ms
[315.954s][info][gc] GC(5085) Pause Young (Normal) (G1 Evacuation Pause) 197M->74M(224M) 1.332ms
[316.005s][info][gc] GC(5086) Pause Young (Normal) (G1 Evacuation Pause) 198M->76M(224M) 1.286ms
[316.053s][info][gc] GC(5087) Pause Young (Normal) (G1 Evacuation Pause) 200M->77M(224M) 1.315ms
[316.104s][info][gc] GC(5088) Pause Young (Normal) (G1 Evacuation Pause) 201M->77M(224M) 1.266ms
[316.154s][info][gc] GC(5089) Pause Young (Normal) (G1 Evacuation Pause) 200M->78M(224M) 1.221ms
[316.203s][info][gc] GC(5090) Pause Young (Normal) (G1 Evacuation Pause) 201M->80M(224M) 1.405ms
[316.253s][info][gc] GC(5091) Pause Young (Normal) (G1 Evacuation Pause) 200M->80M(224M) 1.352ms
[316.298s][info][gc] GC(5092) Pause Young (Normal) (G1 Evacuation Pause) 200M->81M(224M) 1.304ms
[316.349s][info][gc] GC(5093) Pause Young (Normal) (G1 Evacuation Pause) 200M->83M(224M) 1.323ms
[316.390s][info][gc] GC(5094) Pause Young (Normal) (G1 Evacuation Pause) 201M->84M(224M) 1.404ms
[316.436s][info][gc] GC(5095) Pause Young (Concurrent Start) (G1 Evacuation Pause) 201M->84M(224M) 1.320ms
[316.436s][info][gc] GC(5096) Concurrent Mark Cycle
[316.447s][info][gc] GC(5096) Pause Remark 108M->104M(224M) 0.496ms
[316.459s][info][gc] GC(5096) Pause Cleanup 125M->125M(224M) 0.056ms
[316.459s][info][gc] GC(5096) Concurrent Mark Cycle 23.292ms
[316.490s][info][gc] GC(5097) Pause Young (Prepare Mixed) (G1 Evacuation Pause) 197M->82M(224M) 1.283ms
[316.536s][info][gc] GC(5098) Pause Young (Mixed) (G1 Evacuation Pause) 201M->79M(224M) 1.300ms
[316.580s][info][gc] GC(5099) Pause Young (Normal) (G1 Evacuation Pause) 201M->81M(224M) 1.222ms
[316.631s][info][gc] GC(5100) Pause Young (Normal) (G1 Evacuation Pause) 201M->83M(224M) 1.493ms
[316.675s][info][gc] GC(5101) Pause Young (Normal) (G1 Evacuation Pause) 199M->83M(224M) 1.317ms
[316.723s][info][gc] GC(5102) Pause Young (Concurrent Start) (G1 Evacuation Pause) 202M->84M(224M) 1.261ms
[316.723s][info][gc] GC(5103) Concurrent Mark Cycle
[316.736s][info][gc] GC(5103) Pause Remark 112M->112M(224M) 0.423ms
[316.745s][info][gc] GC(5103) Pause Cleanup 134M->134M(224M) 0.059ms
[316.745s][info][gc] GC(5103) Concurrent Mark Cycle 22.238ms
[316.771s][info][gc] GC(5104) Pause Young (Prepare Mixed) (G1 Evacuation Pause) 201M->84M(224M) 1.302ms
[316.816s][info][gc] GC(5105) Pause Young (Mixed) (G1 Evacuation Pause) 200M->83M(224M) 1.485ms
[316.865s][info][gc] GC(5106) Pause Young (Concurrent Start) (G1 Evacuation Pause) 200M->85M(224M) 1.335ms
[316.865s][info][gc] GC(5107) Concurrent Mark Cycle
[316.877s][info][gc] GC(5107) Pause Remark 111M->111M(224M) 0.417ms
[316.886s][info][gc] GC(5107) Pause Cleanup 133M->133M(224M) 0.053ms
[316.886s][info][gc] GC(5107) Concurrent Mark Cycle 21.030ms
[316.913s][info][gc] GC(5108) Pause Young (Prepare Mixed) (G1 Evacuation Pause) 201M->85M(224M) 1.232ms
[316.960s][info][gc] GC(5109) Pause Young (Mixed) (G1 Evacuation Pause) 201M->85M(224M) 1.360ms
[317.004s][info][gc] GC(5110) Pause Young (Concurrent Start) (G1 Evacuation Pause) 199M->85M(224M) 1.208ms
[317.004s][info][gc] GC(5111) Concurrent Mark Cycle
[317.019s][info][gc] GC(5111) Pause Remark 123M->123M(224M) 0.439ms
[317.032s][info][gc] GC(5111) Pause Cleanup 150M->150M(224M) 0.064ms
[317.033s][info][gc] GC(5111) Concurrent Mark Cycle 28.778ms
[317.054s][info][gc] GC(5112) Pause Young (Prepare Mixed) (G1 Evacuation Pause) 202M->85M(224M) 1.225ms
[317.102s][info][gc] GC(5113) Pause Young (Mixed) (G1 Evacuation Pause) 202M->85M(224M) 1.456ms
[317.147s][info][gc] GC(5114) Pause Young (Concurrent Start) (G1 Evacuation Pause) 199M->87M(224M) 1.429ms
[317.148s][info][gc] GC(5115) Concurrent Mark Cycle
[317.162s][info][gc] GC(5115) Pause Remark 126M->126M(224M) 0.420ms
[317.175s][info][gc] GC(5115) Pause Cleanup 155M->155M(224M) 0.056ms
[317.176s][info][gc] GC(5115) Concurrent Mark Cycle 28.112ms
[317.194s][info][gc] GC(5116) Pause Young (Prepare Mixed) (G1 Evacuation Pause) 199M->88M(224M) 1.327ms
[317.243s][info][gc] GC(5117) Pause Young (Mixed) (G1 Evacuation Pause) 201M->88M(224M) 1.530ms
[317.288s][info][gc] GC(5118) Pause Young (Concurrent Start) (G1 Evacuation Pause) 201M->89M(224M) 1.399ms
[317.288s][info][gc] GC(5119) Concurrent Mark Cycle
[317.302s][info][gc] GC(5119) Pause Remark 128M->128M(224M) 0.445ms
[317.317s][info][gc] GC(5119) Pause Cleanup 153M->153M(224M) 0.040ms
[317.317s][info][gc] GC(5119) Concurrent Mark Cycle 28.915ms
[317.334s][info][gc] GC(5120) Pause Young (Prepare Mixed) (G1 Evacuation Pause) 201M->90M(224M) 1.286ms
[317.380s][info][gc] GC(5121) Pause Young (Mixed) (G1 Evacuation Pause) 202M->90M(224M) 1.371ms
[317.419s][info][gc] GC(5122) Pause Young (Concurrent Start) (G1 Evacuation Pause) 200M->91M(224M) 1.303ms
[317.419s][info][gc] GC(5123) Concurrent Mark Cycle
[317.435s][info][gc] GC(5123) Pause Remark 122M->122M(224M) 0.449ms
[317.447s][info][gc] GC(5123) Pause Cleanup 141M->141M(224M) 0.042ms
[317.447s][info][gc] GC(5123) Concurrent Mark Cycle 28.152ms
[317.471s][info][gc] GC(5124) Pause Young (Prepare Mixed) (G1 Evacuation Pause) 201M->92M(224M) 1.212ms
[317.516s][info][gc] GC(5125) Pause Young (Mixed) (G1 Evacuation Pause) 200M->93M(281M) 1.635ms
[317.576s][info][gc] GC(5126) Pause Young (Normal) (G1 Evacuation Pause) 251M->94M(281M) 1.441ms
[317.641s][info][gc] GC(5127) Pause Young (Normal) (G1 Evacuation Pause) 251M->95M(281M) 1.444ms
[317.702s][info][gc] GC(5128) Pause Young (Normal) (G1 Evacuation Pause) 251M->97M(281M) 1.474ms
[317.763s][info][gc] GC(5129) Pause Young (Normal) (G1 Evacuation Pause) 251M->98M(281M) 1.628ms
[317.823s][info][gc] GC(5130) Pause Young (Normal) (G1 Evacuation Pause) 252M->99M(281M) 1.516ms
[317.885s][info][gc] GC(5131) Pause Young (Normal) (G1 Evacuation Pause) 252M->101M(281M) 1.692ms
[317.939s][info][gc] GC(5132) Pause Young (Normal) (G1 Evacuation Pause) 250M->101M(281M) 1.364ms
[318.005s][info][gc] GC(5133) Pause Young (Normal) (G1 Evacuation Pause) 254M->103M(281M) 1.494ms
[318.058s][info][gc] GC(5134) Pause Young (Normal) (G1 Evacuation Pause) 252M->104M(281M) 1.512ms
[318.118s][info][gc] GC(5135) Pause Young (Normal) (G1 Evacuation Pause) 251M->105M(281M) 1.514ms
[318.175s][info][gc] GC(5136) Pause Young (Normal) (G1 Evacuation Pause) 251M->106M(281M) 1.723ms
[318.240s][info][gc] GC(5137) Pause Young (Concurrent Start) (G1 Evacuation Pause) 254M->108M(281M) 1.549ms
[318.240s][info][gc] GC(5138) Concurrent Mark Cycle
[318.259s][info][gc] GC(5138) Pause Remark 154M->154M(281M) 0.425ms
[318.278s][info][gc] GC(5138) Pause Cleanup 201M->201M(281M) 0.055ms
[318.278s][info][gc] GC(5138) Concurrent Mark Cycle 37.573ms
[318.298s][info][gc] GC(5139) Pause Young (Prepare Mixed) (G1 Evacuation Pause) 252M->109M(281M) 1.546ms
[318.359s][info][gc] GC(5140) Pause Young (Mixed) (G1 Evacuation Pause) 254M->110M(281M) 1.430ms
[318.414s][info][gc] GC(5141) Pause Young (Concurrent Start) (G1 Evacuation Pause) 254M->112M(281M) 1.612ms
[318.414s][info][gc] GC(5142) Concurrent Mark Cycle
[318.435s][info][gc] GC(5142) Pause Remark 170M->170M(281M) 0.420ms
[318.452s][info][gc] GC(5142) Pause Cleanup 196M->196M(281M) 0.036ms
[318.452s][info][gc] GC(5142) Concurrent Mark Cycle 37.694ms
[318.475s][info][gc] GC(5143) Pause Young (Prepare Mixed) (G1 Evacuation Pause) 252M->112M(281M) 1.468ms
[318.532s][info][gc] GC(5144) Pause Young (Mixed) (G1 Evacuation Pause) 254M->114M(281M) 1.657ms
[318.587s][info][gc] GC(5145) Pause Young (Concurrent Start) (G1 Evacuation Pause) 252M->114M(281M) 1.382ms
[318.587s][info][gc] GC(5146) Concurrent Mark Cycle
[318.606s][info][gc] GC(5146) Pause Remark 153M->153M(281M) 0.402ms
[318.624s][info][gc] GC(5146) Pause Cleanup 196M->196M(281M) 0.054ms
[318.624s][info][gc] GC(5146) Concurrent Mark Cycle 37.219ms
[318.647s][info][gc] GC(5147) Pause Young (Prepare Mixed) (G1 Evacuation Pause) 254M->115M(281M) 1.516ms
[318.700s][info][gc] GC(5148) Pause Young (Mixed) (G1 Evacuation Pause) 253M->115M(281M) 1.577ms
[318.759s][info][gc] GC(5149) Pause Young (Concurrent Start) (G1 Evacuation Pause) 254M->118M(281M) 1.419ms
[318.759s][info][gc] GC(5150) Concurrent Mark Cycle
[318.779s][info][gc] GC(5150) Pause Remark 175M->175M(281M) 0.445ms
[318.803s][info][gc] GC(5150) Pause Cleanup 228M->228M(281M) 0.053ms
[318.803s][info][gc] GC(5150) Concurrent Mark Cycle 43.381ms
[318.812s][info][gc] GC(5151) Pause Young (Prepare Mixed) (G1 Evacuation Pause) 251M->118M(281M) 1.544ms
[318.867s][info][gc] GC(5152) Pause Young (Mixed) (G1 Evacuation Pause) 253M->118M(370M) 1.475ms
[318.948s][info][gc] GC(5153) Pause Young (Normal) (G1 Evacuation Pause) 329M->121M(370M) 1.589ms
[319.032s][info][gc] GC(5154) Pause Young (Normal) (G1 Evacuation Pause) 330M->123M(370M) 1.661ms
[319.116s][info][gc] GC(5155) Pause Young (Normal) (G1 Evacuation Pause) 330M->126M(370M) 1.875ms
[319.190s][info][gc] GC(5156) Pause Young (Normal) (G1 Evacuation Pause) 330M->125M(370M) 1.685ms
[319.273s][info][gc] GC(5157) Pause Young (Normal) (G1 Evacuation Pause) 332M->128M(370M) 1.832ms
[319.359s][info][gc] GC(5158) Pause Young (Normal) (G1 Evacuation Pause) 330M->130M(370M) 1.947ms
[319.429s][info][gc] GC(5159) Pause Young (Normal) (G1 Evacuation Pause) 331M->130M(370M) 1.863ms
[319.511s][info][gc] GC(5160) Pause Young (Normal) (G1 Evacuation Pause) 334M->132M(370M) 1.720ms
[319.595s][info][gc] GC(5161) Pause Young (Normal) (G1 Evacuation Pause) 332M->135M(370M) 1.920ms
[319.667s][info][gc] GC(5162) Pause Young (Normal) (G1 Evacuation Pause) 333M->136M(370M) 1.820ms
[319.746s][info][gc] GC(5163) Pause Young (Normal) (G1 Evacuation Pause) 333M->138M(370M) 1.831ms
[319.825s][info][gc] GC(5164) Pause Young (Normal) (G1 Evacuation Pause) 333M->139M(370M) 1.925ms
[319.900s][info][gc] GC(5165) Pause Young (Normal) (G1 Evacuation Pause) 334M->141M(370M) 1.847ms
[319.980s][info][gc] GC(5166) Pause Young (Concurrent Start) (G1 Evacuation Pause) 334M->143M(370M) 1.862ms
[319.980s][info][gc] GC(5167) Concurrent Mark Cycle
[320.006s][info][gc] GC(5167) Pause Remark 203M->203M(370M) 0.429ms
[320.024s][info][gc] GC(5167) Pause Cleanup 250M->250M(370M) 0.057ms
[320.024s][info][gc] GC(5167) Concurrent Mark Cycle 43.648ms
[320.060s][info][gc] GC(5168) Pause Young (Prepare Mixed) (G1 Evacuation Pause) 334M->144M(370M) 1.798ms
[320.135s][info][gc] GC(5169) Pause Young (Mixed) (G1 Evacuation Pause) 334M->146M(370M) 1.867ms
[320.213s][info][gc] GC(5170) Pause Young (Concurrent Start) (G1 Evacuation Pause) 332M->148M(370M) 1.857ms
[320.213s][info][gc] GC(5171) Concurrent Mark Cycle
[320.239s][info][gc] GC(5171) Pause Remark 213M->213M(370M) 0.423ms
[320.269s][info][gc] GC(5171) Pause Cleanup 287M->287M(370M) 0.054ms
[320.269s][info][gc] GC(5171) Concurrent Mark Cycle 55.601ms
[320.291s][info][gc] GC(5172) Pause Young (Prepare Mixed) (G1 Evacuation Pause) 335M->148M(370M) 1.522ms
[320.365s][info][gc] GC(5173) Pause Young (Mixed) (G1 Evacuation Pause) 333M->151M(370M) 1.791ms
[320.435s][info][gc] GC(5174) Pause Young (Concurrent Start) (G1 Evacuation Pause) 333M->151M(370M) 1.624ms
[320.435s][info][gc] GC(5175) Concurrent Mark Cycle
[320.464s][info][gc] GC(5175) Pause Remark 214M->214M(370M) 0.405ms
[320.492s][info][gc] GC(5175) Pause Cleanup 272M->272M(370M) 0.056ms
[320.493s][info][gc] GC(5175) Concurrent Mark Cycle 57.106ms
[320.518s][info][gc] GC(5176) Pause Young (Prepare Mixed) (G1 Evacuation Pause) 335M->154M(370M) 1.693ms
[320.595s][info][gc] GC(5177) Pause Young (Mixed) (G1 Evacuation Pause) 332M->155M(370M) 2.116ms
[320.664s][info][gc] GC(5178) Pause Young (Concurrent Start) (G1 Evacuation Pause) 335M->156M(370M) 1.711ms
[320.664s][info][gc] GC(5179) Concurrent Mark Cycle
[320.696s][info][gc] GC(5179) Pause Remark 231M->231M(370M) 0.477ms
[320.725s][info][gc] GC(5179) Pause Cleanup 297M->297M(370M) 0.059ms
[320.725s][info][gc] GC(5179) Concurrent Mark Cycle 60.986ms
[320.748s][info][gc] GC(5180) Pause Young (Prepare Mixed) (G1 Evacuation Pause) 336M->157M(370M) 1.705ms
[320.846s][info][gc] GC(5181) Pause Young (Mixed) (G1 Evacuation Pause) 335M->156M(370M) 1.584ms
[321.019s][info][gc] GC(5182) Pause Young (Concurrent Start) (G1 Evacuation Pause) 338M->158M(370M) 1.494ms
[321.019s][info][gc] GC(5183) Concurrent Mark Cycle
[321.029s][info][gc] GC(5183) Pause Remark 167M->164M(370M) 0.564ms
[321.038s][info][gc] GC(5183) Pause Cleanup 173M->173M(370M) 0.114ms
[321.038s][info][gc] GC(5183) Concurrent Mark Cycle 19.263ms
[321.195s][info][gc] GC(5184) Pause Young (Prepare Mixed) (G1 Evacuation Pause) 333M->156M(370M) 1.540ms
[321.384s][info][gc] GC(5185) Pause Young (Mixed) (G1 Evacuation Pause) 336M->125M(370M) 1.987ms
[321.590s][info][gc] GC(5186) Pause Young (Mixed) (G1 Evacuation Pause) 334M->102M(370M) 1.947ms
[321.798s][info][gc] GC(5187) Pause Young (Mixed) (G1 Evacuation Pause) 310M->100M(370M) 1.718ms
[322.002s][info][gc] GC(5188) Pause Young (Normal) (G1 Evacuation Pause) 306M->102M(370M) 1.819ms
[322.198s][info][gc] GC(5189) Pause Young (Normal) (G1 Evacuation Pause) 306M->102M(370M) 1.801ms
[322.398s][info][gc] GC(5190) Pause Young (Normal) (G1 Evacuation Pause) 307M->105M(370M) 1.686ms
[322.605s][info][gc] GC(5191) Pause Young (Normal) (G1 Evacuation Pause) 310M->107M(370M) 1.818ms
[322.815s][info][gc] GC(5192) Pause Young (Normal) (G1 Evacuation Pause) 312M->108M(370M) 1.694ms
[323.014s][info][gc] GC(5193) Pause Young (Normal) (G1 Evacuation Pause) 313M->110M(370M) 1.623ms
[323.214s][info][gc] GC(5194) Pause Young (Normal) (G1 Evacuation Pause) 316M->111M(370M) 1.533ms
[323.419s][info][gc] GC(5195) Pause Young (Normal) (G1 Evacuation Pause) 316M->113M(370M) 1.682ms
[323.623s][info][gc] GC(5196) Pause Young (Normal) (G1 Evacuation Pause) 319M->115M(370M) 1.647ms
[323.823s][info][gc] GC(5197) Pause Young (Normal) (G1 Evacuation Pause) 321M->116M(370M) 1.589ms
[324.022s][info][gc] GC(5198) Pause Young (Normal) (G1 Evacuation Pause) 322M->118M(370M) 1.553ms
[324.225s][info][gc] GC(5199) Pause Young (Normal) (G1 Evacuation Pause) 323M->120M(370M) 1.715ms
[324.425s][info][gc] GC(5200) Pause Young (Normal) (G1 Evacuation Pause) 324M->122M(370M) 1.741ms
[324.625s][info][gc] GC(5201) Pause Young (Normal) (G1 Evacuation Pause) 328M->124M(370M) 1.621ms
[324.831s][info][gc] GC(5202) Pause Young (Normal) (G1 Evacuation Pause) 330M->126M(370M) 1.590ms
[325.027s][info][gc] GC(5203) Pause Young (Normal) (G1 Evacuation Pause) 329M->127M(370M) 1.634ms
[325.232s][info][gc] GC(5204) Pause Young (Normal) (G1 Evacuation Pause) 332M->129M(370M) 1.601ms
[325.432s][info][gc] GC(5205) Pause Young (Normal) (G1 Evacuation Pause) 334M->130M(370M) 1.631ms
[325.626s][info][gc] GC(5206) Pause Young (Normal) (G1 Evacuation Pause) 334M->132M(370M) 1.623ms
[325.827s][info][gc] GC(5207) Pause Young (Normal) (G1 Evacuation Pause) 334M->134M(370M) 1.493ms
[326.164s][info][gc] GC(5208) Pause Young (Normal) (G1 Evacuation Pause) 332M->135M(370M) 1.667ms
[326.547s][info][gc] GC(5209) Pause Young (Normal) (G1 Evacuation Pause) 333M->138M(370M) 1.600ms
[326.930s][info][gc] GC(5210) Pause Young (Normal) (G1 Evacuation Pause) 333M->139M(370M) 1.681ms
[327.312s][info][gc] GC(5211) Pause Young (Normal) (G1 Evacuation Pause) 334M->140M(370M) 1.717ms
[327.692s][info][gc] GC(5212) Pause Young (Normal) (G1 Evacuation Pause) 333M->142M(370M) 1.699ms
[328.069s][info][gc] GC(5213) Pause Young (Concurrent Start) (G1 Evacuation Pause) 334M->144M(370M) 1.715ms
[328.069s][info][gc] GC(5214) Concurrent Mark Cycle
[328.073s][info][gc] GC(5214) Pause Remark 145M->64M(214M) 0.429ms
[328.074s][info][gc] GC(5214) Pause Cleanup 64M->64M(214M) 0.044ms
[328.075s][info][gc] GC(5214) Concurrent Mark Cycle 5.948ms
[328.294s][info][gc] GC(5215) Pause Young (Prepare Mixed) (G1 Evacuation Pause) 175M->64M(214M) 1.558ms
[328.517s][info][gc] GC(5216) Pause Young (Mixed) (G1 Evacuation Pause) 183M->53M(214M) 1.093ms
[328.747s][info][gc] GC(5217) Pause Young (Normal) (G1 Evacuation Pause) 171M->53M(214M) 1.029ms
[328.984s][info][gc] GC(5218) Pause Young (Normal) (G1 Evacuation Pause) 173M->54M(214M) 1.059ms
[329.214s][info][gc] GC(5219) Pause Young (Normal) (G1 Evacuation Pause) 172M->55M(214M) 1.107ms
[329.438s][info][gc] GC(5220) Pause Young (Normal) (G1 Evacuation Pause) 174M->56M(214M) 1.173ms
[329.677s][info][gc] GC(5221) Pause Young (Normal) (G1 Evacuation Pause) 176M->58M(214M) 1.031ms
[329.910s][info][gc] GC(5222) Pause Young (Normal) (G1 Evacuation Pause) 176M->59M(214M) 1.125ms
[330.129s][info][gc] GC(5223) Pause Young (Normal) (G1 Evacuation Pause) 177M->60M(214M) 1.055ms
[330.364s][info][gc] GC(5224) Pause Young (Normal) (G1 Evacuation Pause) 179M->61M(214M) 1.056ms
[330.595s][info][gc] GC(5225) Pause Young (Normal) (G1 Evacuation Pause) 180M->62M(214M) 1.048ms
[330.819s][info][gc] GC(5226) Pause Young (Normal) (G1 Evacuation Pause) 181M->63M(214M) 1.282ms
[331.055s][info][gc] GC(5227) Pause Young (Normal) (G1 Evacuation Pause) 181M->64M(214M) 1.299ms
[331.296s][info][gc] GC(5228) Pause Young (Normal) (G1 Evacuation Pause) 183M->65M(214M) 1.107ms
[331.526s][info][gc] GC(5229) Pause Young (Normal) (G1 Evacuation Pause) 184M->65M(214M) 1.222ms
[331.756s][info][gc] GC(5230) Pause Young (Normal) (G1 Evacuation Pause) 184M->67M(214M) 1.075ms
[331.980s][info][gc] GC(5231) Pause Young (Normal) (G1 Evacuation Pause) 185M->68M(214M) 1.165ms
[332.206s][info][gc] GC(5232) Pause Young (Normal) (G1 Evacuation Pause) 187M->68M(214M) 1.040ms
[332.438s][info][gc] GC(5233) Pause Young (Normal) (G1 Evacuation Pause) 187M->70M(214M) 1.141ms
[332.667s][info][gc] GC(5234) Pause Young (Normal) (G1 Evacuation Pause) 188M->70M(214M) 1.107ms
[332.887s][info][gc] GC(5235) Pause Young (Normal) (G1 Evacuation Pause) 188M->72M(214M) 1.278ms
[333.121s][info][gc] GC(5236) Pause Young (Normal) (G1 Evacuation Pause) 190M->73M(214M) 1.179ms
[333.350s][info][gc] GC(5237) Pause Young (Normal) (G1 Evacuation Pause) 192M->74M(214M) 1.059ms
[333.576s][info][gc] GC(5238) Pause Young (Normal) (G1 Evacuation Pause) 191M->74M(214M) 1.111ms
[333.794s][info][gc] GC(5239) Pause Young (Normal) (G1 Evacuation Pause) 191M->76M(214M) 1.098ms
[334.026s][info][gc] GC(5240) Pause Young (Normal) (G1 Evacuation Pause) 192M->76M(214M) 1.057ms
[334.249s][info][gc] GC(5241) Pause Young (Normal) (G1 Evacuation Pause) 191M->78M(214M) 1.045ms
[334.466s][info][gc] GC(5242) Pause Young (Normal) (G1 Evacuation Pause) 191M->78M(214M) 1.295ms
[334.683s][info][gc] GC(5243) Pause Young (Normal) (G1 Evacuation Pause) 190M->79M(214M) 1.261ms
[334.904s][info][gc] GC(5244) Pause Young (Normal) (G1 Evacuation Pause) 191M->79M(214M) 1.132ms
[335.127s][info][gc] GC(5245) Pause Young (Normal) (G1 Evacuation Pause) 191M->81M(214M) 1.096ms
[335.337s][info][gc] GC(5246) Pause Young (Normal) (G1 Evacuation Pause) 190M->82M(214M) 1.111ms
[335.552s][info][gc] GC(5247) Pause Young (Concurrent Start) (G1 Evacuation Pause) 191M->82M(214M) 1.025ms
[335.552s][info][gc] GC(5248) Concurrent Mark Cycle
[335.561s][info][gc] GC(5248) Pause Remark 88M->80M(214M) 0.371ms
[335.569s][info][gc] GC(5248) Pause Cleanup 85M->85M(214M) 0.042ms
[335.569s][info][gc] GC(5248) Concurrent Mark Cycle 16.658ms
[335.762s][info][gc] GC(5249) Pause Young (Prepare Mixed) (G1 Evacuation Pause) 185M->76M(214M) 1.076ms
[335.974s][info][gc] GC(5250) Pause Young (Mixed) (G1 Evacuation Pause) 190M->75M(214M) 1.165ms
[336.248s][info][gc] GC(5251) Pause Young (Normal) (G1 Evacuation Pause) 191M->76M(214M) 1.189ms
[336.478s][info][gc] GC(5252) Pause Young (Normal) (G1 Evacuation Pause) 191M->77M(214M) 1.172ms
[336.686s][info][gc] GC(5253) Pause Young (Normal) (G1 Evacuation Pause) 190M->78M(214M) 1.107ms
[336.899s][info][gc] GC(5254) Pause Young (Normal) (G1 Evacuation Pause) 190M->79M(214M) 1.127ms
[337.115s][info][gc] GC(5255) Pause Young (Normal) (G1 Evacuation Pause) 190M->80M(214M) 1.106ms
[337.327s][info][gc] GC(5256) Pause Young (Normal) (G1 Evacuation Pause) 190M->81M(214M) 1.114ms
[337.540s][info][gc] GC(5257) Pause Young (Normal) (G1 Evacuation Pause) 192M->81M(214M) 1.088ms
[337.759s][info][gc] GC(5258) Pause Young (Concurrent Start) (G1 Evacuation Pause) 193M->82M(214M) 1.190ms
[337.759s][info][gc] GC(5259) Concurrent Mark Cycle
[337.762s][info][gc] GC(5259) Pause Remark 85M->47M(150M) 0.373ms
[337.763s][info][gc] GC(5259) Pause Cleanup 47M->47M(150M) 0.025ms
[337.763s][info][gc] GC(5259) Concurrent Mark Cycle 4.715ms
[337.910s][info][gc] GC(5260) Pause Young (Prepare Mixed) (G1 Evacuation Pause) 125M->46M(150M) 1.323ms
[338.071s][info][gc] GC(5261) Pause Young (Mixed) (G1 Evacuation Pause) 128M->41M(150M) 1.341ms
[338.225s][info][gc] GC(5262) Pause Young (Normal) (G1 Evacuation Pause) 124M->41M(150M) 1.158ms
[338.390s][info][gc] GC(5263) Pause Young (Normal) (G1 Evacuation Pause) 124M->42M(150M) 1.179ms
[338.554s][info][gc] GC(5264) Pause Young (Normal) (G1 Evacuation Pause) 125M->43M(150M) 1.128ms
[338.710s][info][gc] GC(5265) Pause Young (Normal) (G1 Evacuation Pause) 126M->44M(150M) 1.222ms
[338.875s][info][gc] GC(5266) Pause Young (Normal) (G1 Evacuation Pause) 126M->45M(150M) 1.192ms
[339.024s][info][gc] GC(5267) Pause Young (Normal) (G1 Evacuation Pause) 127M->44M(150M) 0.989ms
[339.191s][info][gc] GC(5268) Pause Young (Normal) (G1 Evacuation Pause) 128M->45M(150M) 1.099ms
[339.356s][info][gc] GC(5269) Pause Young (Normal) (G1 Evacuation Pause) 128M->46M(150M) 1.192ms
[339.508s][info][gc] GC(5270) Pause Young (Normal) (G1 Evacuation Pause) 129M->47M(150M) 1.151ms
[339.669s][info][gc] GC(5271) Pause Young (Normal) (G1 Evacuation Pause) 130M->47M(150M) 1.159ms
[339.837s][info][gc] GC(5272) Pause Young (Normal) (G1 Evacuation Pause) 130M->48M(150M) 1.200ms
[339.989s][info][gc] GC(5273) Pause Young (Normal) (G1 Evacuation Pause) 131M->49M(150M) 1.167ms
[340.146s][info][gc] GC(5274) Pause Young (Normal) (G1 Evacuation Pause) 132M->50M(150M) 1.161ms
[340.299s][info][gc] GC(5275) Pause Young (Normal) (G1 Evacuation Pause) 133M->50M(150M) 1.134ms
[340.466s][info][gc] GC(5276) Pause Young (Normal) (G1 Evacuation Pause) 133M->51M(150M) 1.216ms
[340.623s][info][gc] GC(5277) Pause Young (Normal) (G1 Evacuation Pause) 132M->52M(150M) 1.178ms
[340.776s][info][gc] GC(5278) Pause Young (Normal) (G1 Evacuation Pause) 134M->52M(150M) 1.106ms
[340.933s][info][gc] GC(5279) Pause Young (Normal) (G1 Evacuation Pause) 134M->53M(150M) 1.153ms
[341.086s][info][gc] GC(5280) Pause Young (Normal) (G1 Evacuation Pause) 134M->53M(150M) 1.133ms
[341.247s][info][gc] GC(5281) Pause Young (Normal) (G1 Evacuation Pause) 135M->54M(150M) 1.091ms
[341.396s][info][gc] GC(5282) Pause Young (Normal) (G1 Evacuation Pause) 135M->55M(150M) 0.996ms
[341.553s][info][gc] GC(5283) Pause Young (Normal) (G1 Evacuation Pause) 135M->56M(150M) 1.119ms
[341.714s][info][gc] GC(5284) Pause Young (Normal) (G1 Evacuation Pause) 134M->56M(150M) 1.202ms
[341.868s][info][gc] GC(5285) Pause Young (Concurrent Start) (G1 Evacuation Pause) 135M->57M(150M) 1.187ms
[341.868s][info][gc] GC(5286) Concurrent Mark Cycle
[341.875s][info][gc] GC(5286) Pause Remark 62M->61M(150M) 0.464ms
[341.879s][info][gc] GC(5286) Pause Cleanup 62M->62M(150M) 0.034ms
[341.879s][info][gc] GC(5286) Concurrent Mark Cycle 11.096ms
[342.029s][info][gc] GC(5287) Pause Young (Prepare Mixed) (G1 Evacuation Pause) 134M->56M(150M) 1.104ms
[342.171s][info][gc] GC(5288) Pause Young (Mixed) (G1 Evacuation Pause) 135M->55M(150M) 1.166ms
[342.331s][info][gc] GC(5289) Pause Young (Normal) (G1 Evacuation Pause) 135M->56M(150M) 1.104ms
[342.475s][info][gc] GC(5290) Pause Young (Concurrent Start) (G1 Evacuation Pause) 135M->57M(150M) 1.113ms
[342.475s][info][gc] GC(5291) Concurrent Mark Cycle
[342.482s][info][gc] GC(5291) Pause Remark 61M->61M(150M) 0.453ms
[342.485s][info][gc] GC(5291) Pause Cleanup 63M->63M(150M) 0.025ms
[342.486s][info][gc] GC(5291) Concurrent Mark Cycle 11.042ms
[342.633s][info][gc] GC(5292) Pause Young (Prepare Mixed) (G1 Evacuation Pause) 135M->57M(150M) 1.140ms
[342.780s][info][gc] GC(5293) Pause Young (Mixed) (G1 Evacuation Pause) 135M->57M(150M) 1.233ms
[342.940s][info][gc] GC(5294) Pause Young (Concurrent Start) (G1 Evacuation Pause) 136M->57M(150M) 1.137ms
[342.940s][info][gc] GC(5295) Concurrent Mark Cycle
[342.948s][info][gc] GC(5295) Pause Remark 62M->62M(150M) 0.443ms
[342.952s][info][gc] GC(5295) Pause Cleanup 65M->65M(150M) 0.025ms
[342.952s][info][gc] GC(5295) Concurrent Mark Cycle 11.638ms
[343.083s][info][gc] GC(5296) Pause Young (Prepare Mixed) (G1 Evacuation Pause) 135M->58M(150M) 1.056ms
[343.234s][info][gc] GC(5297) Pause Young (Mixed) (G1 Evacuation Pause) 135M->58M(150M) 1.175ms
[343.385s][info][gc] GC(5298) Pause Young (Concurrent Start) (G1 Evacuation Pause) 134M->58M(150M) 1.211ms
[343.385s][info][gc] GC(5299) Concurrent Mark Cycle
[343.393s][info][gc] GC(5299) Pause Remark 65M->65M(150M) 0.451ms
[343.397s][info][gc] GC(5299) Pause Cleanup 66M->66M(150M) 0.024ms
[343.397s][info][gc] GC(5299) Concurrent Mark Cycle 12.336ms
[343.536s][info][gc] GC(5300) Pause Young (Prepare Mixed) (G1 Evacuation Pause) 135M->59M(150M) 1.062ms
[343.678s][info][gc] GC(5301) Pause Young (Mixed) (G1 Evacuation Pause) 134M->59M(150M) 1.165ms
[343.822s][info][gc] GC(5302) Pause Young (Concurrent Start) (G1 Evacuation Pause) 134M->59M(150M) 1.145ms
[343.822s][info][gc] GC(5303) Concurrent Mark Cycle
[343.830s][info][gc] GC(5303) Pause Remark 65M->65M(150M) 0.456ms
[343.834s][info][gc] GC(5303) Pause Cleanup 65M->65M(150M) 0.024ms
[343.834s][info][gc] GC(5303) Concurrent Mark Cycle 12.435ms
[343.965s][info][gc] GC(5304) Pause Young (Prepare Mixed) (G1 Evacuation Pause) 133M->60M(150M) 1.124ms
[344.118s][info][gc] GC(5305) Pause Young (Mixed) (G1 Evacuation Pause) 133M->61M(150M) 1.292ms
[344.258s][info][gc] GC(5306) Pause Young (Concurrent Start) (G1 Evacuation Pause) 135M->61M(150M) 1.098ms
[344.258s][info][gc] GC(5307) Concurrent Mark Cycle
[344.266s][info][gc] GC(5307) Pause Remark 66M->66M(150M) 0.444ms
[344.270s][info][gc] GC(5307) Pause Cleanup 69M->69M(150M) 0.022ms
[344.271s][info][gc] GC(5307) Concurrent Mark Cycle 12.765ms
[344.407s][info][gc] GC(5308) Pause Young (Prepare Mixed) (G1 Evacuation Pause) 135M->62M(150M) 1.084ms
[344.534s][info][gc] GC(5309) Pause Young (Mixed) (G1 Evacuation Pause) 135M->62M(150M) 1.228ms
[344.671s][info][gc] GC(5310) Pause Young (Concurrent Start) (G1 Evacuation Pause) 135M->63M(150M) 1.082ms
[344.671s][info][gc] GC(5311) Concurrent Mark Cycle
[344.680s][info][gc] GC(5311) Pause Remark 69M->69M(150M) 0.445ms
[344.684s][info][gc] GC(5311) Pause Cleanup 72M->72M(150M) 0.023ms
[344.685s][info][gc] GC(5311) Concurrent Mark Cycle 13.363ms
[344.816s][info][gc] GC(5312) Pause Young (Prepare Mixed) (G1 Evacuation Pause) 135M->64M(150M) 1.015ms
[344.954s][info][gc] GC(5313) Pause Young (Mixed) (G1 Evacuation Pause) 135M->64M(150M) 1.112ms
[345.091s][info][gc] GC(5314) Pause Young (Concurrent Start) (G1 Evacuation Pause) 135M->64M(150M) 0.954ms
[345.091s][info][gc] GC(5315) Concurrent Mark Cycle
[345.100s][info][gc] GC(5315) Pause Remark 66M->66M(150M) 0.438ms
[345.104s][info][gc] GC(5315) Pause Cleanup 67M->67M(150M) 0.021ms
[345.104s][info][gc] GC(5315) Concurrent Mark Cycle 13.848ms
[345.223s][info][gc] GC(5316) Pause Young (Prepare Mixed) (G1 Evacuation Pause) 134M->65M(150M) 1.046ms
[345.358s][info][gc] GC(5317) Pause Young (Mixed) (G1 Evacuation Pause) 135M->65M(150M) 1.253ms
[345.502s][info][gc] GC(5318) Pause Young (Concurrent Start) (G1 Evacuation Pause) 134M->66M(150M) 1.068ms
[345.502s][info][gc] GC(5319) Concurrent Mark Cycle
[345.511s][info][gc] GC(5319) Pause Remark 72M->72M(150M) 0.450ms
[345.516s][info][gc] GC(5319) Pause Cleanup 75M->75M(150M) 0.020ms
[345.516s][info][gc] GC(5319) Concurrent Mark Cycle 14.459ms
[345.632s][info][gc] GC(5320) Pause Young (Prepare Mixed) (G1 Evacuation Pause) 135M->67M(150M) 1.026ms
[345.759s][info][gc] GC(5321) Pause Young (Mixed) (G1 Evacuation Pause) 135M->67M(150M) 1.159ms
[345.896s][info][gc] GC(5322) Pause Young (Concurrent Start) (G1 Evacuation Pause) 134M->68M(150M) 1.062ms
[345.896s][info][gc] GC(5323) Concurrent Mark Cycle
[345.906s][info][gc] GC(5323) Pause Remark 73M->73M(150M) 0.446ms
[345.911s][info][gc] GC(5323) Pause Cleanup 75M->75M(150M) 0.022ms
[345.911s][info][gc] GC(5323) Concurrent Mark Cycle 15.046ms
[346.078s][info][gc] GC(5324) Pause Young (Prepare Mixed) (G1 Evacuation Pause) 135M->69M(150M) 1.179ms
[346.196s][info][gc] GC(5325) Pause Young (Mixed) (G1 Evacuation Pause) 133M->70M(150M) 1.219ms
[346.316s][info][gc] GC(5326) Pause Young (Concurrent Start) (G1 Evacuation Pause) 135M->70M(150M) 1.096ms
[346.316s][info][gc] GC(5327) Concurrent Mark Cycle
[346.319s][info][gc] GC(5327) Pause Remark 73M->48M(150M) 0.444ms
[346.321s][info][gc] GC(5327) Pause Cleanup 48M->48M(150M) 0.029ms
[346.321s][info][gc] GC(5327) Concurrent Mark Cycle 4.557ms
[346.432s][info][gc] GC(5328) Pause Young (Prepare Mixed) (G1 Evacuation Pause) 109M->46M(150M) 1.039ms
[346.597s][info][gc] GC(5329) Pause Young (Mixed) (G1 Evacuation Pause) 131M->37M(150M) 1.278ms
[346.750s][info][gc] GC(5330) Pause Young (Normal) (G1 Evacuation Pause) 121M->38M(150M) 1.070ms
[346.909s][info][gc] GC(5331) Pause Young (Normal) (G1 Evacuation Pause) 121M->39M(150M) 1.186ms
[347.069s][info][gc] GC(5332) Pause Young (Normal) (G1 Evacuation Pause) 121M->40M(150M) 1.261ms
[347.223s][info][gc] GC(5333) Pause Young (Normal) (G1 Evacuation Pause) 123M->40M(150M) 1.216ms
[347.386s][info][gc] GC(5334) Pause Young (Normal) (G1 Evacuation Pause) 124M->41M(150M) 1.121ms
[347.545s][info][gc] GC(5335) Pause Young (Normal) (G1 Evacuation Pause) 124M->41M(150M) 1.123ms
[347.696s][info][gc] GC(5336) Pause Young (Normal) (G1 Evacuation Pause) 124M->42M(150M) 1.146ms
[347.864s][info][gc] GC(5337) Pause Young (Normal) (G1 Evacuation Pause) 125M->43M(150M) 1.180ms
[348.015s][info][gc] GC(5338) Pause Young (Normal) (G1 Evacuation Pause) 126M->43M(150M) 1.167ms
[348.181s][info][gc] GC(5339) Pause Young (Normal) (G1 Evacuation Pause) 126M->45M(150M) 1.187ms
[348.331s][info][gc] GC(5340) Pause Young (Normal) (G1 Evacuation Pause) 127M->45M(150M) 1.199ms
[348.486s][info][gc] GC(5341) Pause Young (Normal) (G1 Evacuation Pause) 128M->46M(150M) 1.163ms
[348.646s][info][gc] GC(5342) Pause Young (Normal) (G1 Evacuation Pause) 128M->47M(150M) 1.192ms
[348.803s][info][gc] GC(5343) Pause Young (Normal) (G1 Evacuation Pause) 129M->47M(150M) 1.168ms
[348.960s][info][gc] GC(5344) Pause Young (Normal) (G1 Evacuation Pause) 129M->48M(150M) 1.154ms
[349.120s][info][gc] GC(5345) Pause Young (Normal) (G1 Evacuation Pause) 130M->48M(150M) 1.138ms
[349.286s][info][gc] GC(5346) Pause Young (Normal) (G1 Evacuation Pause) 131M->49M(150M) 1.184ms
[349.444s][info][gc] GC(5347) Pause Young (Normal) (G1 Evacuation Pause) 132M->50M(150M) 1.160ms
[349.601s][info][gc] GC(5348) Pause Young (Normal) (G1 Evacuation Pause) 133M->51M(150M) 1.187ms
[349.765s][info][gc] GC(5349) Pause Young (Normal) (G1 Evacuation Pause) 133M->51M(150M) 1.143ms
[349.930s][info][gc] GC(5350) Pause Young (Normal) (G1 Evacuation Pause) 134M->52M(150M) 1.169ms
[350.079s][info][gc] GC(5351) Pause Young (Normal) (G1 Evacuation Pause) 134M->53M(150M) 1.149ms
[350.239s][info][gc] GC(5352) Pause Young (Normal) (G1 Evacuation Pause) 133M->53M(150M) 1.157ms
[350.395s][info][gc] GC(5353) Pause Young (Normal) (G1 Evacuation Pause) 135M->54M(150M) 1.094ms
[350.550s][info][gc] GC(5354) Pause Young (Normal) (G1 Evacuation Pause) 133M->54M(150M) 1.070ms
[350.712s][info][gc] GC(5355) Pause Young (Normal) (G1 Evacuation Pause) 135M->55M(150M) 1.106ms
[350.864s][info][gc] GC(5356) Pause Young (Normal) (G1 Evacuation Pause) 135M->56M(150M) 1.106ms
[351.019s][info][gc] GC(5357) Pause Young (Normal) (G1 Evacuation Pause) 135M->56M(150M) 1.080ms
[351.171s][info][gc] GC(5358) Pause Young (Normal) (G1 Evacuation Pause) 135M->57M(150M) 1.235ms
[351.320s][info][gc] GC(5359) Pause Young (Concurrent Start) (G1 Evacuation Pause) 135M->58M(150M) 1.118ms
[351.320s][info][gc] GC(5360) Concurrent Mark Cycle
[351.326s][info][gc] GC(5360) Pause Remark 61M->59M(150M) 0.451ms
[351.329s][info][gc] GC(5360) Pause Cleanup 61M->61M(150M) 0.025ms
[351.329s][info][gc] GC(5360) Concurrent Mark Cycle 8.941ms
[351.464s][info][gc] GC(5361) Pause Young (Prepare Mixed) (G1 Evacuation Pause) 133M->56M(150M) 1.071ms
[351.619s][info][gc] GC(5362) Pause Young (Mixed) (G1 Evacuation Pause) 133M->56M(150M) 1.208ms
[351.762s][info][gc] GC(5363) Pause Young (Normal) (G1 Evacuation Pause) 134M->56M(150M) 1.117ms
[351.914s][info][gc] GC(5364) Pause Young (Normal) (G1 Evacuation Pause) 133M->56M(150M) 1.125ms
[352.059s][info][gc] GC(5365) Pause Young (Normal) (G1 Evacuation Pause) 135M->57M(150M) 1.115ms
[352.214s][info][gc] GC(5366) Pause Young (Concurrent Start) (G1 Evacuation Pause) 135M->58M(150M) 1.088ms
[352.214s][info][gc] GC(5367) Concurrent Mark Cycle
[352.221s][info][gc] GC(5367) Pause Remark 63M->63M(150M) 0.458ms
[352.225s][info][gc] GC(5367) Pause Cleanup 63M->63M(150M) 0.024ms
[352.225s][info][gc] GC(5367) Concurrent Mark Cycle 10.768ms
[352.362s][info][gc] GC(5368) Pause Young (Prepare Mixed) (G1 Evacuation Pause) 134M->58M(150M) 1.201ms
[352.516s][info][gc] GC(5369) Pause Young (Mixed) (G1 Evacuation Pause) 135M->57M(150M) 1.173ms
[352.667s][info][gc] GC(5370) Pause Young (Concurrent Start) (G1 Evacuation Pause) 135M->58M(150M) 1.051ms
[352.667s][info][gc] GC(5371) Concurrent Mark Cycle
[352.674s][info][gc] GC(5371) Pause Remark 62M->62M(150M) 0.453ms
[352.678s][info][gc] GC(5371) Pause Cleanup 64M->64M(150M) 0.027ms
[352.678s][info][gc] GC(5371) Concurrent Mark Cycle 11.334ms
[352.818s][info][gc] GC(5372) Pause Young (Prepare Mixed) (G1 Evacuation Pause) 134M->59M(150M) 1.142ms
[352.961s][info][gc] GC(5373) Pause Young (Mixed) (G1 Evacuation Pause) 134M->58M(150M) 1.298ms
[353.108s][info][gc] GC(5374) Pause Young (Concurrent Start) (G1 Evacuation Pause) 134M->58M(150M) 1.192ms
[353.108s][info][gc] GC(5375) Concurrent Mark Cycle
[353.115s][info][gc] GC(5375) Pause Remark 64M->64M(150M) 0.440ms
[353.119s][info][gc] GC(5375) Pause Cleanup 65M->65M(150M) 0.025ms
[353.119s][info][gc] GC(5375) Concurrent Mark Cycle 11.856ms
[353.254s][info][gc] GC(5376) Pause Young (Prepare Mixed) (G1 Evacuation Pause) 135M->59M(150M) 1.122ms
[353.402s][info][gc] GC(5377) Pause Young (Mixed) (G1 Evacuation Pause) 135M->58M(150M) 1.217ms
[353.547s][info][gc] GC(5378) Pause Young (Concurrent Start) (G1 Evacuation Pause) 135M->59M(150M) 1.108ms
[353.547s][info][gc] GC(5379) Concurrent Mark Cycle
[353.556s][info][gc] GC(5379) Pause Remark 62M->62M(150M) 0.449ms
[353.560s][info][gc] GC(5379) Pause Cleanup 65M->65M(150M) 0.027ms
[353.560s][info][gc] GC(5379) Concurrent Mark Cycle 12.925ms
[353.699s][info][gc] GC(5380) Pause Young (Prepare Mixed) (G1 Evacuation Pause) 134M->59M(150M) 1.208ms
[353.846s][info][gc] GC(5381) Pause Young (Mixed) (G1 Evacuation Pause) 135M->59M(150M) 1.213ms
[354.002s][info][gc] GC(5382) Pause Young (Concurrent Start) (G1 Evacuation Pause) 135M->60M(150M) 1.118ms
[354.002s][info][gc] GC(5383) Concurrent Mark Cycle
[354.011s][info][gc] GC(5383) Pause Remark 65M->65M(150M) 0.441ms
[354.016s][info][gc] GC(5383) Pause Cleanup 68M->68M(150M) 0.025ms
[354.016s][info][gc] GC(5383) Concurrent Mark Cycle 13.222ms
[354.150s][info][gc] GC(5384) Pause Young (Prepare Mixed) (G1 Evacuation Pause) 135M->61M(150M) 1.208ms
[354.297s][info][gc] GC(5385) Pause Young (Mixed) (G1 Evacuation Pause) 134M->61M(150M) 1.216ms
[354.446s][info][gc] GC(5386) Pause Young (Concurrent Start) (G1 Evacuation Pause) 135M->62M(150M) 1.074ms
[354.446s][info][gc] GC(5387) Concurrent Mark Cycle
[354.455s][info][gc] GC(5387) Pause Remark 67M->67M(150M) 0.462ms
[354.460s][info][gc] GC(5387) Pause Cleanup 71M->71M(150M) 0.028ms
[354.460s][info][gc] GC(5387) Concurrent Mark Cycle 14.490ms
[354.583s][info][gc] GC(5388) Pause Young (Prepare Mixed) (G1 Evacuation Pause) 135M->63M(150M) 1.126ms
[354.739s][info][gc] GC(5389) Pause Young (Mixed) (G1 Evacuation Pause) 135M->63M(150M) 1.109ms
[354.873s][info][gc] GC(5390) Pause Young (Concurrent Start) (G1 Evacuation Pause) 135M->64M(150M) 1.041ms
[354.873s][info][gc] GC(5391) Concurrent Mark Cycle
[354.882s][info][gc] GC(5391) Pause Remark 68M->68M(150M) 0.480ms
[354.888s][info][gc] GC(5391) Pause Cleanup 72M->72M(150M) 0.027ms
[354.888s][info][gc] GC(5391) Concurrent Mark Cycle 14.772ms
[355.019s][info][gc] GC(5392) Pause Young (Prepare Mixed) (G1 Evacuation Pause) 135M->64M(150M) 1.028ms
[355.155s][info][gc] GC(5393) Pause Young (Mixed) (G1 Evacuation Pause) 134M->65M(150M) 1.137ms
[355.288s][info][gc] GC(5394) Pause Young (Concurrent Start) (G1 Evacuation Pause) 135M->65M(150M) 1.069ms
[355.288s][info][gc] GC(5395) Concurrent Mark Cycle
[355.296s][info][gc] GC(5395) Pause Remark 70M->70M(150M) 0.461ms
[355.302s][info][gc] GC(5395) Pause Cleanup 71M->71M(150M) 0.026ms
[355.302s][info][gc] GC(5395) Concurrent Mark Cycle 14.105ms
[355.430s][info][gc] GC(5396) Pause Young (Prepare Mixed) (G1 Evacuation Pause) 134M->66M(150M) 1.022ms
[355.573s][info][gc] GC(5397) Pause Young (Mixed) (G1 Evacuation Pause) 135M->67M(150M) 1.166ms
[355.702s][info][gc] GC(5398) Pause Young (Concurrent Start) (G1 Evacuation Pause) 135M->67M(150M) 1.139ms
[355.702s][info][gc] GC(5399) Concurrent Mark Cycle
[355.711s][info][gc] GC(5399) Pause Remark 71M->71M(150M) 0.445ms
[355.718s][info][gc] GC(5399) Pause Cleanup 72M->72M(150M) 0.029ms
[355.718s][info][gc] GC(5399) Concurrent Mark Cycle 15.905ms
[355.841s][info][gc] GC(5400) Pause Young (Prepare Mixed) (G1 Evacuation Pause) 135M->67M(150M) 1.018ms
[355.971s][info][gc] GC(5401) Pause Young (Mixed) (G1 Evacuation Pause) 135M->68M(150M) 1.187ms
[356.156s][info][gc] GC(5402) Pause Young (Concurrent Start) (G1 Evacuation Pause) 135M->69M(150M) 1.150ms
[356.156s][info][gc] GC(5403) Concurrent Mark Cycle
[356.160s][info][gc] GC(5403) Pause Remark 71M->44M(144M) 0.470ms
[356.161s][info][gc] GC(5403) Pause Cleanup 45M->45M(144M) 0.027ms
[356.161s][info][gc] GC(5403) Concurrent Mark Cycle 5.273ms
[356.286s][info][gc] GC(5404) Pause Young (Prepare Mixed) (G1 Evacuation Pause) 108M->43M(144M) 1.183ms
[356.454s][info][gc] GC(5405) Pause Young (Mixed) (G1 Evacuation Pause) 124M->38M(144M) 1.296ms
[356.605s][info][gc] GC(5406) Pause Young (Normal) (G1 Evacuation Pause) 118M->38M(144M) 1.067ms
[356.767s][info][gc] GC(5407) Pause Young (Normal) (G1 Evacuation Pause) 118M->40M(144M) 1.683ms
[356.930s][info][gc] GC(5408) Pause Young (Normal) (G1 Evacuation Pause) 118M->40M(144M) 1.252ms
[357.084s][info][gc] GC(5409) Pause Young (Normal) (G1 Evacuation Pause) 120M->40M(144M) 1.163ms
[357.241s][info][gc] GC(5410) Pause Young (Normal) (G1 Evacuation Pause) 120M->41M(144M) 1.154ms
[357.398s][info][gc] GC(5411) Pause Young (Normal) (G1 Evacuation Pause) 122M->42M(144M) 1.016ms
[357.561s][info][gc] GC(5412) Pause Young (Normal) (G1 Evacuation Pause) 122M->43M(144M) 1.089ms
[357.706s][info][gc] GC(5413) Pause Young (Normal) (G1 Evacuation Pause) 122M->43M(144M) 1.156ms
[357.869s][info][gc] GC(5414) Pause Young (Normal) (G1 Evacuation Pause) 123M->44M(144M) 1.068ms
[358.031s][info][gc] GC(5415) Pause Young (Normal) (G1 Evacuation Pause) 123M->45M(144M) 1.065ms
[358.188s][info][gc] GC(5416) Pause Young (Normal) (G1 Evacuation Pause) 125M->45M(144M) 1.116ms
[358.349s][info][gc] GC(5417) Pause Young (Normal) (G1 Evacuation Pause) 125M->46M(144M) 1.121ms
[358.498s][info][gc] GC(5418) Pause Young (Normal) (G1 Evacuation Pause) 126M->47M(144M) 1.037ms
[358.668s][info][gc] GC(5419) Pause Young (Normal) (G1 Evacuation Pause) 127M->48M(144M) 1.095ms
[358.812s][info][gc] GC(5420) Pause Young (Normal) (G1 Evacuation Pause) 127M->48M(144M) 1.066ms
[358.976s][info][gc] GC(5421) Pause Young (Normal) (G1 Evacuation Pause) 128M->49M(144M) 1.078ms
[359.145s][info][gc] GC(5422) Pause Young (Normal) (G1 Evacuation Pause) 128M->49M(144M) 1.470ms
[359.295s][info][gc] GC(5423) Pause Young (Normal) (G1 Evacuation Pause) 128M->50M(144M) 1.151ms
[359.463s][info][gc] GC(5424) Pause Young (Normal) (G1 Evacuation Pause) 129M->51M(144M) 1.086ms
[359.611s][info][gc] GC(5425) Pause Young (Normal) (G1 Evacuation Pause) 129M->51M(144M) 1.081ms
[359.764s][info][gc] GC(5426) Pause Young (Normal) (G1 Evacuation Pause) 128M->52M(144M) 1.036ms
[359.909s][info][gc] GC(5427) Pause Young (Normal) (G1 Evacuation Pause) 129M->52M(144M) 1.028ms
[360.063s][info][gc] GC(5428) Pause Young (Normal) (G1 Evacuation Pause) 127M->53M(144M) 1.144ms
[360.204s][info][gc] GC(5429) Pause Young (Normal) (G1 Evacuation Pause) 127M->54M(144M) 1.173ms
[360.353s][info][gc] GC(5430) Pause Young (Normal) (G1 Evacuation Pause) 129M->55M(144M) 1.084ms
[360.492s][info][gc] GC(5431) Pause Young (Concurrent Start) (G1 Evacuation Pause) 129M->55M(144M) 1.144ms
[360.492s][info][gc] GC(5432) Concurrent Mark Cycle
[360.498s][info][gc] GC(5432) Pause Remark 59M->56M(144M) 0.448ms
[360.501s][info][gc] GC(5432) Pause Cleanup 56M->56M(144M) 0.024ms
[360.501s][info][gc] GC(5432) Concurrent Mark Cycle 9.608ms
[360.628s][info][gc] GC(5433) Pause Young (Prepare Mixed) (G1 Evacuation Pause) 125M->52M(144M) 1.060ms
[360.794s][info][gc] GC(5434) Pause Young (Mixed) (G1 Evacuation Pause) 129M->51M(144M) 1.152ms
[360.940s][info][gc] GC(5435) Pause Young (Normal) (G1 Evacuation Pause) 127M->52M(144M) 1.125ms
[361.104s][info][gc] GC(5436) Pause Young (Normal) (G1 Evacuation Pause) 128M->53M(144M) 1.179ms
[361.246s][info][gc] GC(5437) Pause Young (Normal) (G1 Evacuation Pause) 128M->53M(144M) 1.116ms
[361.405s][info][gc] GC(5438) Pause Young (Normal) (G1 Evacuation Pause) 129M->54M(144M) 1.164ms
[361.545s][info][gc] GC(5439) Pause Young (Normal) (G1 Evacuation Pause) 128M->54M(144M) 1.095ms
[361.696s][info][gc] GC(5440) Pause Young (Normal) (G1 Evacuation Pause) 127M->55M(144M) 1.125ms
[361.836s][info][gc] GC(5441) Pause Young (Concurrent Start) (G1 Evacuation Pause) 129M->56M(144M) 1.086ms
[361.836s][info][gc] GC(5442) Concurrent Mark Cycle
[361.842s][info][gc] GC(5442) Pause Remark 60M->60M(144M) 0.444ms
[361.847s][info][gc] GC(5442) Pause Cleanup 63M->63M(144M) 0.029ms
[361.847s][info][gc] GC(5442) Concurrent Mark Cycle 11.488ms
[361.982s][info][gc] GC(5443) Pause Young (Prepare Mixed) (G1 Evacuation Pause) 129M->56M(144M) 1.083ms
[362.126s][info][gc] GC(5444) Pause Young (Mixed) (G1 Evacuation Pause) 129M->55M(144M) 1.163ms
[362.282s][info][gc] GC(5445) Pause Young (Concurrent Start) (G1 Evacuation Pause) 129M->56M(144M) 1.088ms
[362.282s][info][gc] GC(5446) Concurrent Mark Cycle
[362.288s][info][gc] GC(5446) Pause Remark 60M->60M(144M) 0.451ms
[362.293s][info][gc] GC(5446) Pause Cleanup 64M->64M(144M) 0.025ms
[362.293s][info][gc] GC(5446) Concurrent Mark Cycle 11.211ms
[362.416s][info][gc] GC(5447) Pause Young (Prepare Mixed) (G1 Evacuation Pause) 129M->57M(144M) 1.035ms
[362.549s][info][gc] GC(5448) Pause Young (Mixed) (G1 Evacuation Pause) 129M->55M(144M) 1.076ms
[362.709s][info][gc] GC(5449) Pause Young (Concurrent Start) (G1 Evacuation Pause) 130M->56M(144M) 1.233ms
[362.709s][info][gc] GC(5450) Concurrent Mark Cycle
[362.716s][info][gc] GC(5450) Pause Remark 61M->61M(144M) 0.453ms
[362.722s][info][gc] GC(5450) Pause Cleanup 65M->65M(144M) 0.028ms
[362.722s][info][gc] GC(5450) Concurrent Mark Cycle 12.886ms
[362.845s][info][gc] GC(5451) Pause Young (Prepare Mixed) (G1 Evacuation Pause) 127M->57M(144M) 1.134ms
[362.993s][info][gc] GC(5452) Pause Young (Mixed) (G1 Evacuation Pause) 129M->56M(144M) 1.283ms
[363.139s][info][gc] GC(5453) Pause Young (Concurrent Start) (G1 Evacuation Pause) 129M->57M(144M) 1.054ms
[363.139s][info][gc] GC(5454) Concurrent Mark Cycle
[363.145s][info][gc] GC(5454) Pause Remark 62M->62M(144M) 0.442ms
[363.151s][info][gc] GC(5454) Pause Cleanup 64M->64M(144M) 0.027ms
[363.151s][info][gc] GC(5454) Concurrent Mark Cycle 12.461ms
[363.286s][info][gc] GC(5455) Pause Young (Prepare Mixed) (G1 Evacuation Pause) 129M->57M(144M) 1.039ms
[363.423s][info][gc] GC(5456) Pause Young (Mixed) (G1 Evacuation Pause) 128M->57M(144M) 1.324ms
[363.555s][info][gc] GC(5457) Pause Young (Concurrent Start) (G1 Evacuation Pause) 129M->58M(144M) 1.072ms
[363.555s][info][gc] GC(5458) Concurrent Mark Cycle
[363.563s][info][gc] GC(5458) Pause Remark 64M->64M(144M) 0.437ms
[363.569s][info][gc] GC(5458) Pause Cleanup 64M->64M(144M) 0.039ms
[363.569s][info][gc] GC(5458) Concurrent Mark Cycle 13.599ms
[363.700s][info][gc] GC(5459) Pause Young (Prepare Mixed) (G1 Evacuation Pause) 129M->58M(144M) 1.064ms
[363.835s][info][gc] GC(5460) Pause Young (Mixed) (G1 Evacuation Pause) 128M->59M(144M) 1.144ms
[363.980s][info][gc] GC(5461) Pause Young (Concurrent Start) (G1 Evacuation Pause) 129M->59M(144M) 1.087ms
[363.980s][info][gc] GC(5462) Concurrent Mark Cycle
[363.988s][info][gc] GC(5462) Pause Remark 63M->63M(144M) 0.457ms
[363.994s][info][gc] GC(5462) Pause Cleanup 67M->67M(144M) 0.024ms
[363.994s][info][gc] GC(5462) Concurrent Mark Cycle 13.687ms
[364.114s][info][gc] GC(5463) Pause Young (Prepare Mixed) (G1 Evacuation Pause) 128M->60M(144M) 1.024ms
[364.248s][info][gc] GC(5464) Pause Young (Mixed) (G1 Evacuation Pause) 129M->61M(144M) 1.136ms
[364.385s][info][gc] GC(5465) Pause Young (Concurrent Start) (G1 Evacuation Pause) 129M->61M(144M) 1.029ms
[364.386s][info][gc] GC(5466) Concurrent Mark Cycle
[364.393s][info][gc] GC(5466) Pause Remark 66M->66M(144M) 0.455ms
[364.399s][info][gc] GC(5466) Pause Cleanup 70M->70M(144M) 0.023ms
[364.400s][info][gc] GC(5466) Concurrent Mark Cycle 14.000ms
[364.516s][info][gc] GC(5467) Pause Young (Prepare Mixed) (G1 Evacuation Pause) 128M->62M(144M) 1.012ms
[364.646s][info][gc] GC(5468) Pause Young (Mixed) (G1 Evacuation Pause) 129M->62M(144M) 1.059ms
[364.789s][info][gc] GC(5469) Pause Young (Concurrent Start) (G1 Evacuation Pause) 128M->63M(144M) 1.082ms
[364.789s][info][gc] GC(5470) Concurrent Mark Cycle
[364.797s][info][gc] GC(5470) Pause Remark 68M->68M(144M) 0.456ms
[364.804s][info][gc] GC(5470) Pause Cleanup 73M->73M(144M) 0.041ms
[364.804s][info][gc] GC(5470) Concurrent Mark Cycle 15.159ms
[364.910s][info][gc] GC(5471) Pause Young (Prepare Mixed) (G1 Evacuation Pause) 129M->63M(144M) 1.015ms
[365.038s][info][gc] GC(5472) Pause Young (Mixed) (G1 Evacuation Pause) 129M->64M(144M) 1.034ms
[365.167s][info][gc] GC(5473) Pause Young (Concurrent Start) (G1 Evacuation Pause) 129M->65M(144M) 1.100ms
[365.167s][info][gc] GC(5474) Concurrent Mark Cycle
[365.176s][info][gc] GC(5474) Pause Remark 71M->71M(144M) 0.571ms
[365.183s][info][gc] GC(5474) Pause Cleanup 71M->71M(144M) 0.026ms
[365.183s][info][gc] GC(5474) Concurrent Mark Cycle 15.782ms
[365.300s][info][gc] GC(5475) Pause Young (Prepare Mixed) (G1 Evacuation Pause) 129M->65M(144M) 1.071ms
[365.423s][info][gc] GC(5476) Pause Young (Mixed) (G1 Evacuation Pause) 128M->66M(144M) 1.109ms
[365.547s][info][gc] GC(5477) Pause Young (Concurrent Start) (G1 Evacuation Pause) 129M->66M(144M) 0.982ms
[365.547s][info][gc] GC(5478) Concurrent Mark Cycle
[365.556s][info][gc] GC(5478) Pause Remark 71M->71M(144M) 0.469ms
[365.564s][info][gc] GC(5478) Pause Cleanup 73M->73M(144M) 0.025ms
[365.564s][info][gc] GC(5478) Concurrent Mark Cycle 16.247ms
[365.671s][info][gc] GC(5479) Pause Young (Prepare Mixed) (G1 Evacuation Pause) 130M->67M(144M) 0.977ms
[365.799s][info][gc] GC(5480) Pause Young (Mixed) (G1 Evacuation Pause) 129M->67M(144M) 0.963ms
[365.923s][info][gc] GC(5481) Pause Young (Concurrent Start) (G1 Evacuation Pause) 131M->68M(144M) 1.021ms
[365.923s][info][gc] GC(5482) Concurrent Mark Cycle
[365.932s][info][gc] GC(5482) Pause Remark 73M->73M(144M) 0.460ms
[365.939s][info][gc] GC(5482) Pause Cleanup 77M->77M(144M) 0.025ms
[365.939s][info][gc] GC(5482) Concurrent Mark Cycle 16.554ms
[366.043s][info][gc] GC(5483) Pause Young (Prepare Mixed) (G1 Evacuation Pause) 130M->68M(144M) 1.032ms
[366.159s][info][gc] GC(5484) Pause Young (Mixed) (G1 Evacuation Pause) 128M->68M(144M) 1.009ms
[366.329s][info][gc] GC(5485) Pause Young (Concurrent Start) (G1 Evacuation Pause) 130M->70M(144M) 1.125ms
[366.329s][info][gc] GC(5486) Concurrent Mark Cycle
[366.332s][info][gc] GC(5486) Pause Remark 72M->41M(134M) 0.455ms
[366.333s][info][gc] GC(5486) Pause Cleanup 41M->41M(134M) 0.023ms
[366.333s][info][gc] GC(5486) Concurrent Mark Cycle 4.832ms
[366.445s][info][gc] GC(5487) Pause Young (Prepare Mixed) (G1 Evacuation Pause) 98M->39M(134M) 1.088ms
[366.593s][info][gc] GC(5488) Pause Young (Mixed) (G1 Evacuation Pause) 113M->38M(134M) 1.106ms
[366.738s][info][gc] GC(5489) Pause Young (Normal) (G1 Evacuation Pause) 112M->38M(134M) 1.107ms
[366.874s][info][gc] GC(5490) Pause Young (Normal) (G1 Evacuation Pause) 112M->39M(134M) 1.128ms
[367.028s][info][gc] GC(5491) Pause Young (Normal) (G1 Evacuation Pause) 113M->40M(134M) 1.163ms
[367.172s][info][gc] GC(5492) Pause Young (Normal) (G1 Evacuation Pause) 114M->40M(134M) 1.122ms
[367.319s][info][gc] GC(5493) Pause Young (Normal) (G1 Evacuation Pause) 114M->41M(134M) 1.125ms
[367.475s][info][gc] GC(5494) Pause Young (Normal) (G1 Evacuation Pause) 116M->42M(134M) 1.136ms
[367.630s][info][gc] GC(5495) Pause Young (Normal) (G1 Evacuation Pause) 116M->42M(134M) 1.045ms
[367.765s][info][gc] GC(5496) Pause Young (Normal) (G1 Evacuation Pause) 116M->43M(134M) 1.040ms
[367.912s][info][gc] GC(5497) Pause Young (Normal) (G1 Evacuation Pause) 117M->43M(134M) 1.158ms
[368.055s][info][gc] GC(5498) Pause Young (Normal) (G1 Evacuation Pause) 117M->44M(134M) 1.050ms
[368.204s][info][gc] GC(5499) Pause Young (Normal) (G1 Evacuation Pause) 118M->44M(134M) 1.049ms
[368.348s][info][gc] GC(5500) Pause Young (Normal) (G1 Evacuation Pause) 118M->45M(134M) 1.027ms
[368.481s][info][gc] GC(5501) Pause Young (Normal) (G1 Evacuation Pause) 119M->46M(134M) 1.024ms
[368.633s][info][gc] GC(5502) Pause Young (Normal) (G1 Evacuation Pause) 119M->46M(134M) 1.045ms
[368.771s][info][gc] GC(5503) Pause Young (Normal) (G1 Evacuation Pause) 119M->47M(134M) 1.076ms
[368.916s][info][gc] GC(5504) Pause Young (Normal) (G1 Evacuation Pause) 119M->48M(134M) 1.056ms
[369.056s][info][gc] GC(5505) Pause Young (Normal) (G1 Evacuation Pause) 119M->48M(134M) 1.040ms
[369.203s][info][gc] GC(5506) Pause Young (Normal) (G1 Evacuation Pause) 119M->48M(134M) 1.431ms
[369.351s][info][gc] GC(5507) Pause Young (Normal) (G1 Evacuation Pause) 120M->49M(134M) 1.007ms
[369.489s][info][gc] GC(5508) Pause Young (Normal) (G1 Evacuation Pause) 119M->50M(134M) 1.072ms
[369.631s][info][gc] GC(5509) Pause Young (Normal) (G1 Evacuation Pause) 119M->51M(134M) 1.045ms
[369.764s][info][gc] GC(5510) Pause Young (Concurrent Start) (G1 Evacuation Pause) 119M->51M(134M) 1.073ms
[369.764s][info][gc] GC(5511) Concurrent Mark Cycle
[369.768s][info][gc] GC(5511) Pause Remark 54M->50M(134M) 0.452ms
[369.772s][info][gc] GC(5511) Pause Cleanup 53M->53M(134M) 0.024ms
[369.772s][info][gc] GC(5511) Concurrent Mark Cycle 7.675ms
[369.894s][info][gc] GC(5512) Pause Young (Prepare Mixed) (G1 Evacuation Pause) 115M->48M(134M) 1.049ms
[370.037s][info][gc] GC(5513) Pause Young (Mixed) (G1 Evacuation Pause) 119M->46M(134M) 1.087ms
[370.172s][info][gc] GC(5514) Pause Young (Normal) (G1 Evacuation Pause) 119M->47M(134M) 1.085ms
[370.310s][info][gc] GC(5515) Pause Young (Normal) (G1 Evacuation Pause) 119M->48M(134M) 1.022ms
[370.458s][info][gc] GC(5516) Pause Young (Normal) (G1 Evacuation Pause) 119M->48M(134M) 1.030ms
[370.593s][info][gc] GC(5517) Pause Young (Normal) (G1 Evacuation Pause) 118M->49M(134M) 1.006ms
[370.731s][info][gc] GC(5518) Pause Young (Normal) (G1 Evacuation Pause) 119M->50M(134M) 1.005ms
[370.864s][info][gc] GC(5519) Pause Young (Normal) (G1 Evacuation Pause) 119M->50M(134M) 1.030ms
[370.997s][info][gc] GC(5520) Pause Young (Normal) (G1 Evacuation Pause) 119M->51M(134M) 1.040ms
[371.137s][info][gc] GC(5521) Pause Young (Concurrent Start) (G1 Evacuation Pause) 119M->51M(134M) 1.006ms
[371.137s][info][gc] GC(5522) Concurrent Mark Cycle
[371.143s][info][gc] GC(5522) Pause Remark 54M->54M(134M) 0.442ms
[371.147s][info][gc] GC(5522) Pause Cleanup 56M->56M(134M) 0.022ms
[371.147s][info][gc] GC(5522) Concurrent Mark Cycle 9.927ms
[371.268s][info][gc] GC(5523) Pause Young (Prepare Mixed) (G1 Evacuation Pause) 120M->52M(134M) 1.029ms
[371.394s][info][gc] GC(5524) Pause Young (Mixed) (G1 Evacuation Pause) 119M->51M(134M) 1.159ms
[371.532s][info][gc] GC(5525) Pause Young (Concurrent Start) (G1 Evacuation Pause) 119M->51M(134M) 1.033ms
[371.533s][info][gc] GC(5526) Concurrent Mark Cycle
[371.539s][info][gc] GC(5526) Pause Remark 56M->56M(134M) 0.459ms
[371.543s][info][gc] GC(5526) Pause Cleanup 59M->59M(134M) 0.022ms
[371.543s][info][gc] GC(5526) Concurrent Mark Cycle 10.716ms
[371.659s][info][gc] GC(5527) Pause Young (Prepare Mixed) (G1 Evacuation Pause) 119M->52M(134M) 1.050ms
[371.792s][info][gc] GC(5528) Pause Young (Mixed) (G1 Evacuation Pause) 119M->51M(134M) 1.175ms
[371.931s][info][gc] GC(5529) Pause Young (Concurrent Start) (G1 Evacuation Pause) 119M->52M(134M) 1.095ms
[371.931s][info][gc] GC(5530) Concurrent Mark Cycle
[371.937s][info][gc] GC(5530) Pause Remark 56M->56M(134M) 0.465ms
[371.941s][info][gc] GC(5530) Pause Cleanup 58M->58M(134M) 0.021ms
[371.941s][info][gc] GC(5530) Concurrent Mark Cycle 10.223ms
[372.063s][info][gc] GC(5531) Pause Young (Prepare Mixed) (G1 Evacuation Pause) 119M->52M(134M) 1.083ms
[372.189s][info][gc] GC(5532) Pause Young (Mixed) (G1 Evacuation Pause) 119M->52M(134M) 1.170ms
[372.324s][info][gc] GC(5533) Pause Young (Concurrent Start) (G1 Evacuation Pause) 119M->52M(134M) 0.975ms
[372.324s][info][gc] GC(5534) Concurrent Mark Cycle
[372.329s][info][gc] GC(5534) Pause Remark 53M->53M(134M) 0.514ms
[372.335s][info][gc] GC(5534) Pause Cleanup 57M->57M(134M) 0.026ms
[372.335s][info][gc] GC(5534) Concurrent Mark Cycle 10.786ms
[372.456s][info][gc] GC(5535) Pause Young (Prepare Mixed) (G1 Evacuation Pause) 118M->53M(134M) 1.024ms
[372.590s][info][gc] GC(5536) Pause Young (Mixed) (G1 Evacuation Pause) 119M->53M(134M) 1.138ms
[372.721s][info][gc] GC(5537) Pause Young (Concurrent Start) (G1 Evacuation Pause) 120M->53M(134M) 1.012ms
[372.721s][info][gc] GC(5538) Concurrent Mark Cycle
[372.727s][info][gc] GC(5538) Pause Remark 57M->57M(134M) 0.445ms
[372.732s][info][gc] GC(5538) Pause Cleanup 58M->58M(134M) 0.024ms
[372.732s][info][gc] GC(5538) Concurrent Mark Cycle 10.892ms
[372.863s][info][gc] GC(5539) Pause Young (Prepare Mixed) (G1 Evacuation Pause) 120M->54M(134M) 0.966ms
[372.985s][info][gc] GC(5540) Pause Young (Mixed) (G1 Evacuation Pause) 118M->54M(134M) 1.098ms
[373.108s][info][gc] GC(5541) Pause Young (Concurrent Start) (G1 Evacuation Pause) 118M->55M(134M) 1.072ms
[373.108s][info][gc] GC(5542) Concurrent Mark Cycle
[373.114s][info][gc] GC(5542) Pause Remark 58M->58M(134M) 0.500ms
[373.120s][info][gc] GC(5542) Pause Cleanup 62M->62M(134M) 0.026ms
[373.120s][info][gc] GC(5542) Concurrent Mark Cycle 12.078ms
[373.235s][info][gc] GC(5543) Pause Young (Prepare Mixed) (G1 Evacuation Pause) 118M->55M(134M) 0.954ms
[373.366s][info][gc] GC(5544) Pause Young (Mixed) (G1 Evacuation Pause) 120M->56M(134M) 1.206ms
[373.492s][info][gc] GC(5545) Pause Young (Concurrent Start) (G1 Evacuation Pause) 119M->56M(134M) 1.043ms
[373.493s][info][gc] GC(5546) Concurrent Mark Cycle
[373.499s][info][gc] GC(5546) Pause Remark 60M->60M(134M) 0.531ms
[373.505s][info][gc] GC(5546) Pause Cleanup 64M->64M(134M) 0.027ms
[373.505s][info][gc] GC(5546) Concurrent Mark Cycle 12.684ms
[373.619s][info][gc] GC(5547) Pause Young (Prepare Mixed) (G1 Evacuation Pause) 120M->57M(134M) 1.005ms
[373.732s][info][gc] GC(5548) Pause Young (Mixed) (G1 Evacuation Pause) 118M->57M(134M) 0.976ms
[373.868s][info][gc] GC(5549) Pause Young (Concurrent Start) (G1 Evacuation Pause) 120M->58M(134M) 1.049ms
[373.868s][info][gc] GC(5550) Concurrent Mark Cycle
[373.875s][info][gc] GC(5550) Pause Remark 62M->62M(134M) 0.443ms
[373.880s][info][gc] GC(5550) Pause Cleanup 65M->65M(134M) 0.022ms
[373.880s][info][gc] GC(5550) Concurrent Mark Cycle 12.146ms
[373.987s][info][gc] GC(5551) Pause Young (Prepare Mixed) (G1 Evacuation Pause) 119M->58M(134M) 1.019ms
[374.107s][info][gc] GC(5552) Pause Young (Mixed) (G1 Evacuation Pause) 120M->59M(134M) 1.169ms
[374.218s][info][gc] GC(5553) Pause Young (Concurrent Start) (G1 Evacuation Pause) 120M->59M(134M) 0.928ms
[374.218s][info][gc] GC(5554) Concurrent Mark Cycle
[374.225s][info][gc] GC(5554) Pause Remark 63M->63M(134M) 0.508ms
[374.231s][info][gc] GC(5554) Pause Cleanup 65M->65M(134M) 0.024ms
[374.231s][info][gc] GC(5554) Concurrent Mark Cycle 13.113ms
[374.351s][info][gc] GC(5555) Pause Young (Prepare Mixed) (G1 Evacuation Pause) 120M->60M(134M) 0.949ms
[374.472s][info][gc] GC(5556) Pause Young (Mixed) (G1 Evacuation Pause) 119M->61M(134M) 1.219ms
[374.580s][info][gc] GC(5557) Pause Young (Concurrent Start) (G1 Evacuation Pause) 119M->61M(134M) 0.928ms
[374.580s][info][gc] GC(5558) Concurrent Mark Cycle
[374.587s][info][gc] GC(5558) Pause Remark 65M->65M(134M) 0.452ms
[374.593s][info][gc] GC(5558) Pause Cleanup 66M->66M(134M) 0.024ms
[374.593s][info][gc] GC(5558) Concurrent Mark Cycle 12.948ms
[374.696s][info][gc] GC(5559) Pause Young (Prepare Mixed) (G1 Evacuation Pause) 120M->61M(134M) 0.898ms
[374.808s][info][gc] GC(5560) Pause Young (Mixed) (G1 Evacuation Pause) 120M->62M(134M) 1.028ms
[374.921s][info][gc] GC(5561) Pause Young (Concurrent Start) (G1 Evacuation Pause) 120M->62M(134M) 0.912ms
[374.921s][info][gc] GC(5562) Concurrent Mark Cycle
[374.928s][info][gc] GC(5562) Pause Remark 67M->67M(134M) 0.453ms
[374.934s][info][gc] GC(5562) Pause Cleanup 70M->70M(134M) 0.021ms
[374.934s][info][gc] GC(5562) Concurrent Mark Cycle 13.314ms
[375.033s][info][gc] GC(5563) Pause Young (Prepare Mixed) (G1 Evacuation Pause) 120M->62M(134M) 0.931ms
[375.154s][info][gc] GC(5564) Pause Young (Mixed) (G1 Evacuation Pause) 119M->63M(134M) 0.945ms
[375.268s][info][gc] GC(5565) Pause Young (Concurrent Start) (G1 Evacuation Pause) 120M->63M(134M) 0.923ms
[375.268s][info][gc] GC(5566) Concurrent Mark Cycle
[375.276s][info][gc] GC(5566) Pause Remark 66M->66M(134M) 0.462ms
[375.282s][info][gc] GC(5566) Pause Cleanup 68M->68M(134M) 0.020ms
[375.282s][info][gc] GC(5566) Concurrent Mark Cycle 13.782ms
[375.378s][info][gc] GC(5567) Pause Young (Prepare Mixed) (G1 Evacuation Pause) 119M->64M(134M) 0.923ms
[375.490s][info][gc] GC(5568) Pause Young (Mixed) (G1 Evacuation Pause) 120M->65M(134M) 2.189ms
[375.594s][info][gc] GC(5569) Pause Young (Concurrent Start) (G1 Evacuation Pause) 121M->65M(134M) 0.956ms
[375.594s][info][gc] GC(5570) Concurrent Mark Cycle
[375.602s][info][gc] GC(5570) Pause Remark 67M->67M(134M) 0.461ms
[375.607s][info][gc] GC(5570) Pause Cleanup 68M->68M(134M) 0.022ms
[375.607s][info][gc] GC(5570) Concurrent Mark Cycle 12.452ms
[375.708s][info][gc] GC(5571) Pause Young (Normal) (G1 Evacuation Pause) 120M->65M(134M) 0.872ms
[375.807s][info][gc] GC(5572) Pause Young (Concurrent Start) (G1 Evacuation Pause) 119M->66M(134M) 0.910ms
[375.807s][info][gc] GC(5573) Concurrent Mark Cycle
[375.815s][info][gc] GC(5573) Pause Remark 68M->68M(134M) 0.491ms
[375.820s][info][gc] GC(5573) Pause Cleanup 72M->72M(134M) 0.023ms
[375.820s][info][gc] GC(5573) Concurrent Mark Cycle 12.833ms
[375.919s][info][gc] GC(5574) Pause Young (Normal) (G1 Evacuation Pause) 120M->66M(134M) 0.905ms
[376.025s][info][gc] GC(5575) Pause Young (Concurrent Start) (G1 Evacuation Pause) 119M->67M(134M) 0.904ms
[376.025s][info][gc] GC(5576) Concurrent Mark Cycle
[376.033s][info][gc] GC(5576) Pause Remark 70M->70M(134M) 0.453ms
[376.038s][info][gc] GC(5576) Pause Cleanup 74M->74M(134M) 0.024ms
[376.039s][info][gc] GC(5576) Concurrent Mark Cycle 13.581ms
[376.132s][info][gc] GC(5577) Pause Young (Normal) (G1 Evacuation Pause) 120M->67M(134M) 0.929ms
[376.236s][info][gc] GC(5578) Pause Young (Concurrent Start) (G1 Evacuation Pause) 120M->68M(134M) 0.903ms
[376.236s][info][gc] GC(5579) Concurrent Mark Cycle
[376.244s][info][gc] GC(5579) Pause Remark 73M->73M(134M) 0.461ms
[376.249s][info][gc] GC(5579) Pause Cleanup 77M->77M(134M) 0.023ms
[376.249s][info][gc] GC(5579) Concurrent Mark Cycle 13.494ms
[376.342s][info][gc] GC(5580) Pause Young (Normal) (G1 Evacuation Pause) 120M->68M(134M) 1.018ms
[376.499s][info][gc] GC(5581) Pause Young (Concurrent Start) (G1 Evacuation Pause) 120M->69M(134M) 1.129ms
[376.499s][info][gc] GC(5582) Concurrent Mark Cycle
[376.503s][info][gc] GC(5582) Pause Remark 71M->46M(134M) 0.442ms
[376.504s][info][gc] GC(5582) Pause Cleanup 47M->47M(134M) 0.022ms
[376.504s][info][gc] GC(5582) Concurrent Mark Cycle 4.496ms
[376.600s][info][gc] GC(5583) Pause Young (Prepare Mixed) (G1 Evacuation Pause) 95M->45M(134M) 0.999ms
[376.744s][info][gc] GC(5584) Pause Young (Mixed) (G1 Evacuation Pause) 121M->36M(134M) 1.123ms
[376.899s][info][gc] GC(5585) Pause Young (Normal) (G1 Evacuation Pause) 112M->38M(134M) 1.016ms
[377.041s][info][gc] GC(5586) Pause Young (Normal) (G1 Evacuation Pause) 112M->38M(134M) 1.137ms
[377.185s][info][gc] GC(5587) Pause Young (Normal) (G1 Evacuation Pause) 112M->38M(134M) 1.107ms
[377.326s][info][gc] GC(5588) Pause Young (Normal) (G1 Evacuation Pause) 112M->39M(134M) 1.125ms
[377.475s][info][gc] GC(5589) Pause Young (Normal) (G1 Evacuation Pause) 113M->40M(134M) 1.233ms
[377.621s][info][gc] GC(5590) Pause Young (Normal) (G1 Evacuation Pause) 115M->41M(134M) 0.910ms
[377.774s][info][gc] GC(5591) Pause Young (Normal) (G1 Evacuation Pause) 115M->41M(134M) 1.084ms
[377.914s][info][gc] GC(5592) Pause Young (Normal) (G1 Evacuation Pause) 115M->42M(134M) 1.093ms
[378.069s][info][gc] GC(5593) Pause Young (Normal) (G1 Evacuation Pause) 116M->42M(134M) 1.057ms
[378.215s][info][gc] GC(5594) Pause Young (Normal) (G1 Evacuation Pause) 116M->43M(134M) 1.080ms
[378.361s][info][gc] GC(5595) Pause Young (Normal) (G1 Evacuation Pause) 117M->44M(134M) 1.030ms
[378.507s][info][gc] GC(5596) Pause Young (Normal) (G1 Evacuation Pause) 118M->44M(134M) 1.121ms
[378.642s][info][gc] GC(5597) Pause Young (Normal) (G1 Evacuation Pause) 118M->44M(134M) 1.028ms
[378.793s][info][gc] GC(5598) Pause Young (Normal) (G1 Evacuation Pause) 119M->45M(134M) 1.008ms
[378.933s][info][gc] GC(5599) Pause Young (Normal) (G1 Evacuation Pause) 119M->46M(134M) 1.042ms
[379.082s][info][gc] GC(5600) Pause Young (Normal) (G1 Evacuation Pause) 119M->47M(134M) 1.062ms
[379.220s][info][gc] GC(5601) Pause Young (Normal) (G1 Evacuation Pause) 119M->47M(134M) 0.992ms
[379.362s][info][gc] GC(5602) Pause Young (Normal) (G1 Evacuation Pause) 119M->48M(134M) 1.056ms
[379.502s][info][gc] GC(5603) Pause Young (Normal) (G1 Evacuation Pause) 119M->49M(134M) 1.102ms
[379.628s][info][gc] GC(5604) Pause Young (Normal) (G1 Evacuation Pause) 117M->49M(134M) 1.019ms
[379.779s][info][gc] GC(5605) Pause Young (Normal) (G1 Evacuation Pause) 120M->50M(134M) 0.999ms
[379.899s][info][gc] GC(5606) Pause Young (Normal) (G1 Evacuation Pause) 119M->50M(134M) 0.991ms
[380.032s][info][gc] GC(5607) Pause Young (Normal) (G1 Evacuation Pause) 119M->51M(134M) 1.035ms
[380.170s][info][gc] GC(5608) Pause Young (Concurrent Start) (G1 Evacuation Pause) 119M->51M(134M) 1.008ms
[380.170s][info][gc] GC(5609) Concurrent Mark Cycle
[380.175s][info][gc] GC(5609) Pause Remark 55M->53M(134M) 0.513ms
[380.179s][info][gc] GC(5609) Pause Cleanup 54M->54M(134M) 0.031ms
[380.179s][info][gc] GC(5609) Concurrent Mark Cycle 8.474ms
[380.305s][info][gc] GC(5610) Pause Young (Prepare Mixed) (G1 Evacuation Pause) 116M->50M(134M) 1.018ms
[380.436s][info][gc] GC(5611) Pause Young (Mixed) (G1 Evacuation Pause) 119M->48M(134M) 1.111ms
[380.581s][info][gc] GC(5612) Pause Young (Normal) (G1 Evacuation Pause) 119M->49M(134M) 0.986ms
[380.707s][info][gc] GC(5613) Pause Young (Normal) (G1 Evacuation Pause) 118M->49M(134M) 0.999ms
[380.841s][info][gc] GC(5614) Pause Young (Normal) (G1 Evacuation Pause) 119M->50M(134M) 1.155ms
[380.982s][info][gc] GC(5615) Pause Young (Normal) (G1 Evacuation Pause) 119M->50M(134M) 1.022ms
[381.115s][info][gc] GC(5616) Pause Young (Normal) (G1 Evacuation Pause) 119M->51M(134M) 1.040ms
[381.239s][info][gc] GC(5617) Pause Young (Concurrent Start) (G1 Evacuation Pause) 119M->51M(134M) 0.956ms
[381.239s][info][gc] GC(5618) Concurrent Mark Cycle
[381.244s][info][gc] GC(5618) Pause Remark 52M->52M(134M) 0.449ms
[381.248s][info][gc] GC(5618) Pause Cleanup 52M->52M(134M) 0.025ms
[381.248s][info][gc] GC(5618) Concurrent Mark Cycle 9.132ms
[381.389s][info][gc] GC(5619) Pause Young (Prepare Mixed) (G1 Evacuation Pause) 120M->52M(134M) 1.009ms
[381.515s][info][gc] GC(5620) Pause Young (Mixed) (G1 Evacuation Pause) 119M->51M(134M) 1.200ms
[381.646s][info][gc] GC(5621) Pause Young (Concurrent Start) (G1 Evacuation Pause) 118M->52M(134M) 1.026ms
[381.646s][info][gc] GC(5622) Concurrent Mark Cycle
[381.652s][info][gc] GC(5622) Pause Remark 54M->54M(134M) 0.446ms
[381.656s][info][gc] GC(5622) Pause Cleanup 54M->54M(134M) 0.041ms
[381.656s][info][gc] GC(5622) Concurrent Mark Cycle 9.468ms
[381.788s][info][gc] GC(5623) Pause Young (Prepare Mixed) (G1 Evacuation Pause) 119M->52M(134M) 1.043ms
[381.915s][info][gc] GC(5624) Pause Young (Mixed) (G1 Evacuation Pause) 119M->52M(134M) 1.270ms
[382.045s][info][gc] GC(5625) Pause Young (Concurrent Start) (G1 Evacuation Pause) 119M->52M(134M) 1.053ms
[382.045s][info][gc] GC(5626) Concurrent Mark Cycle
[382.051s][info][gc] GC(5626) Pause Remark 55M->55M(134M) 0.457ms
[382.055s][info][gc] GC(5626) Pause Cleanup 55M->55M(134M) 0.024ms
[382.055s][info][gc] GC(5626) Concurrent Mark Cycle 9.889ms
[382.186s][info][gc] GC(5627) Pause Young (Prepare Mixed) (G1 Evacuation Pause) 119M->53M(134M) 1.041ms
[382.314s][info][gc] GC(5628) Pause Young (Mixed) (G1 Evacuation Pause) 119M->52M(134M) 1.293ms
[382.436s][info][gc] GC(5629) Pause Young (Concurrent Start) (G1 Evacuation Pause) 118M->53M(134M) 0.984ms
[382.436s][info][gc] GC(5630) Concurrent Mark Cycle
[382.442s][info][gc] GC(5630) Pause Remark 56M->56M(134M) 0.537ms
[382.447s][info][gc] GC(5630) Pause Cleanup 59M->59M(134M) 0.027ms
[382.447s][info][gc] GC(5630) Concurrent Mark Cycle 11.289ms
[382.580s][info][gc] GC(5631) Pause Young (Prepare Mixed) (G1 Evacuation Pause) 120M->53M(134M) 0.966ms
[382.701s][info][gc] GC(5632) Pause Young (Mixed) (G1 Evacuation Pause) 118M->54M(134M) 1.121ms
[382.820s][info][gc] GC(5633) Pause Young (Concurrent Start) (G1 Evacuation Pause) 119M->53M(134M) 0.946ms
[382.820s][info][gc] GC(5634) Concurrent Mark Cycle
[382.826s][info][gc] GC(5634) Pause Remark 54M->54M(134M) 0.465ms
[382.831s][info][gc] GC(5634) Pause Cleanup 58M->58M(134M) 0.028ms
[382.831s][info][gc] GC(5634) Concurrent Mark Cycle 11.344ms
[382.951s][info][gc] GC(5635) Pause Young (Prepare Mixed) (G1 Evacuation Pause) 120M->54M(134M) 0.979ms
[383.079s][info][gc] GC(5636) Pause Young (Mixed) (G1 Evacuation Pause) 118M->54M(134M) 1.143ms
[383.211s][info][gc] GC(5637) Pause Young (Concurrent Start) (G1 Evacuation Pause) 120M->56M(134M) 1.017ms
[383.211s][info][gc] GC(5638) Concurrent Mark Cycle
[383.217s][info][gc] GC(5638) Pause Remark 60M->60M(134M) 0.462ms
[383.222s][info][gc] GC(5638) Pause Cleanup 63M->63M(134M) 0.023ms
[383.222s][info][gc] GC(5638) Concurrent Mark Cycle 11.914ms
[383.333s][info][gc] GC(5639) Pause Young (Prepare Mixed) (G1 Evacuation Pause) 119M->56M(134M) 0.957ms
[383.454s][info][gc] GC(5640) Pause Young (Mixed) (G1 Evacuation Pause) 119M->56M(134M) 1.151ms
[383.586s][info][gc] GC(5641) Pause Young (Concurrent Start) (G1 Evacuation Pause) 120M->56M(134M) 0.990ms
[383.586s][info][gc] GC(5642) Concurrent Mark Cycle
[383.592s][info][gc] GC(5642) Pause Remark 60M->60M(134M) 0.470ms
[383.598s][info][gc] GC(5642) Pause Cleanup 64M->64M(134M) 0.026ms
[383.598s][info][gc] GC(5642) Concurrent Mark Cycle 12.643ms
[383.715s][info][gc] GC(5643) Pause Young (Prepare Mixed) (G1 Evacuation Pause) 120M->57M(134M) 1.002ms
[383.836s][info][gc] GC(5644) Pause Young (Mixed) (G1 Evacuation Pause) 118M->57M(134M) 1.026ms
[383.961s][info][gc] GC(5645) Pause Young (Concurrent Start) (G1 Evacuation Pause) 120M->58M(134M) 1.065ms
[383.961s][info][gc] GC(5646) Concurrent Mark Cycle
[383.968s][info][gc] GC(5646) Pause Remark 62M->62M(134M) 0.572ms
[383.975s][info][gc] GC(5646) Pause Cleanup 66M->66M(134M) 0.027ms
[383.975s][info][gc] GC(5646) Concurrent Mark Cycle 13.461ms
[384.087s][info][gc] GC(5647) Pause Young (Prepare Mixed) (G1 Evacuation Pause) 118M->58M(134M) 0.912ms
[384.219s][info][gc] GC(5648) Pause Young (Mixed) (G1 Evacuation Pause) 120M->59M(134M) 1.156ms
[384.332s][info][gc] GC(5649) Pause Young (Concurrent Start) (G1 Evacuation Pause) 119M->60M(134M) 1.062ms
[384.332s][info][gc] GC(5650) Concurrent Mark Cycle
[384.339s][info][gc] GC(5650) Pause Remark 63M->63M(134M) 0.454ms
[384.346s][info][gc] GC(5650) Pause Cleanup 68M->68M(134M) 0.029ms
[384.346s][info][gc] GC(5650) Concurrent Mark Cycle 13.528ms
[384.450s][info][gc] GC(5651) Pause Young (Prepare Mixed) (G1 Evacuation Pause) 119M->60M(134M) 0.961ms
[384.567s][info][gc] GC(5652) Pause Young (Mixed) (G1 Evacuation Pause) 120M->60M(134M) 0.989ms
[384.682s][info][gc] GC(5653) Pause Young (Concurrent Start) (G1 Evacuation Pause) 120M->61M(134M) 0.968ms
[384.683s][info][gc] GC(5654) Concurrent Mark Cycle
[384.690s][info][gc] GC(5654) Pause Remark 67M->67M(134M) 0.455ms
[384.696s][info][gc] GC(5654) Pause Cleanup 67M->67M(134M) 0.024ms
[384.696s][info][gc] GC(5654) Concurrent Mark Cycle 13.986ms
[384.797s][info][gc] GC(5655) Pause Young (Prepare Mixed) (G1 Evacuation Pause) 119M->61M(134M) 0.919ms
[384.919s][info][gc] GC(5656) Pause Young (Mixed) (G1 Evacuation Pause) 121M->62M(134M) 1.025ms
[385.031s][info][gc] GC(5657) Pause Young (Concurrent Start) (G1 Evacuation Pause) 120M->62M(134M) 0.958ms
[385.031s][info][gc] GC(5658) Concurrent Mark Cycle
[385.039s][info][gc] GC(5658) Pause Remark 67M->67M(134M) 0.460ms
[385.046s][info][gc] GC(5658) Pause Cleanup 69M->69M(134M) 0.024ms
[385.046s][info][gc] GC(5658) Concurrent Mark Cycle 14.880ms
[385.145s][info][gc] GC(5659) Pause Young (Prepare Mixed) (G1 Evacuation Pause) 120M->63M(134M) 0.900ms
[385.264s][info][gc] GC(5660) Pause Young (Mixed) (G1 Evacuation Pause) 120M->63M(134M) 1.065ms
[385.371s][info][gc] GC(5661) Pause Young (Concurrent Start) (G1 Evacuation Pause) 120M->64M(134M) 0.908ms
[385.371s][info][gc] GC(5662) Concurrent Mark Cycle
[385.379s][info][gc] GC(5662) Pause Remark 68M->68M(134M) 0.447ms
[385.387s][info][gc] GC(5662) Pause Cleanup 72M->72M(134M) 0.025ms
[385.387s][info][gc] GC(5662) Concurrent Mark Cycle 15.486ms
[385.481s][info][gc] GC(5663) Pause Young (Prepare Mixed) (G1 Evacuation Pause) 120M->64M(134M) 0.840ms
[385.588s][info][gc] GC(5664) Pause Young (Mixed) (G1 Evacuation Pause) 120M->64M(134M) 0.937ms
[385.708s][info][gc] GC(5665) Pause Young (Concurrent Start) (G1 Evacuation Pause) 120M->65M(134M) 0.989ms
[385.708s][info][gc] GC(5666) Concurrent Mark Cycle
[385.717s][info][gc] GC(5666) Pause Remark 71M->71M(134M) 0.451ms
[385.724s][info][gc] GC(5666) Pause Cleanup 75M->75M(134M) 0.028ms
[385.724s][info][gc] GC(5666) Concurrent Mark Cycle 15.835ms
[385.817s][info][gc] GC(5667) Pause Young (Prepare Mixed) (G1 Evacuation Pause) 120M->65M(134M) 0.906ms
[385.922s][info][gc] GC(5668) Pause Young (Mixed) (G1 Evacuation Pause) 120M->66M(134M) 2.966ms
[386.031s][info][gc] GC(5669) Pause Young (Concurrent Start) (G1 Evacuation Pause) 120M->66M(134M) 1.006ms
[386.031s][info][gc] GC(5670) Concurrent Mark Cycle
[386.038s][info][gc] GC(5670) Pause Remark 69M->69M(134M) 0.460ms
[386.043s][info][gc] GC(5670) Pause Cleanup 73M->73M(134M) 0.027ms
[386.043s][info][gc] GC(5670) Concurrent Mark Cycle 12.677ms
[386.135s][info][gc] GC(5671) Pause Young (Normal) (G1 Evacuation Pause) 120M->66M(134M) 0.920ms
[386.244s][info][gc] GC(5672) Pause Young (Concurrent Start) (G1 Evacuation Pause) 119M->67M(134M) 0.920ms
[386.244s][info][gc] GC(5673) Concurrent Mark Cycle
[386.252s][info][gc] GC(5673) Pause Remark 73M->73M(134M) 0.449ms
[386.257s][info][gc] GC(5673) Pause Cleanup 76M->76M(134M) 0.018ms
[386.257s][info][gc] GC(5673) Concurrent Mark Cycle 13.181ms
[386.350s][info][gc] GC(5674) Pause Young (Prepare Mixed) (G1 Evacuation Pause) 120M->67M(134M) 0.919ms
[386.447s][info][gc] GC(5675) Pause Young (Mixed) (G1 Evacuation Pause) 119M->67M(134M) 0.944ms
[386.616s][info][gc] GC(5676) Pause Young (Concurrent Start) (G1 Evacuation Pause) 119M->69M(134M) 1.093ms
[386.616s][info][gc] GC(5677) Concurrent Mark Cycle
[386.619s][info][gc] GC(5677) Pause Remark 70M->49M(134M) 0.450ms
[386.620s][info][gc] GC(5677) Pause Cleanup 49M->49M(134M) 0.027ms
[386.620s][info][gc] GC(5677) Concurrent Mark Cycle 4.685ms
[386.715s][info][gc] GC(5678) Pause Young (Prepare Mixed) (G1 Evacuation Pause) 97M->48M(134M) 1.109ms
[386.851s][info][gc] GC(5679) Pause Young (Mixed) (G1 Evacuation Pause) 121M->36M(134M) 1.331ms
[387.004s][info][gc] GC(5680) Pause Young (Normal) (G1 Evacuation Pause) 112M->36M(134M) 0.832ms
[387.155s][info][gc] GC(5681) Pause Young (Normal) (G1 Evacuation Pause) 112M->37M(134M) 0.898ms
[387.314s][info][gc] GC(5682) Pause Young (Normal) (G1 Evacuation Pause) 112M->38M(134M) 1.028ms
[387.444s][info][gc] GC(5683) Pause Young (Normal) (G1 Evacuation Pause) 112M->38M(134M) 1.056ms
[387.588s][info][gc] GC(5684) Pause Young (Normal) (G1 Evacuation Pause) 112M->39M(134M) 1.125ms
[387.735s][info][gc] GC(5685) Pause Young (Normal) (G1 Evacuation Pause) 113M->39M(134M) 1.160ms
[387.877s][info][gc] GC(5686) Pause Young (Normal) (G1 Evacuation Pause) 113M->40M(134M) 1.008ms
[388.027s][info][gc] GC(5687) Pause Young (Normal) (G1 Evacuation Pause) 114M->41M(134M) 1.042ms
[388.168s][info][gc] GC(5688) Pause Young (Normal) (G1 Evacuation Pause) 115M->41M(134M) 1.099ms
[388.312s][info][gc] GC(5689) Pause Young (Normal) (G1 Evacuation Pause) 115M->42M(134M) 1.028ms
[388.454s][info][gc] GC(5690) Pause Young (Normal) (G1 Evacuation Pause) 116M->42M(134M) 1.089ms
[388.592s][info][gc] GC(5691) Pause Young (Normal) (G1 Evacuation Pause) 116M->42M(134M) 0.899ms
[388.751s][info][gc] GC(5692) Pause Young (Normal) (G1 Evacuation Pause) 117M->44M(134M) 1.047ms
[388.883s][info][gc] GC(5693) Pause Young (Normal) (G1 Evacuation Pause) 117M->44M(134M) 1.226ms
[389.032s][info][gc] GC(5694) Pause Young (Normal) (G1 Evacuation Pause) 118M->45M(134M) 1.087ms
[389.178s][info][gc] GC(5695) Pause Young (Normal) (G1 Evacuation Pause) 119M->46M(134M) 1.057ms
[389.326s][info][gc] GC(5696) Pause Young (Normal) (G1 Evacuation Pause) 119M->46M(134M) 1.070ms
[389.468s][info][gc] GC(5697) Pause Young (Normal) (G1 Evacuation Pause) 119M->47M(134M) 1.070ms
[389.619s][info][gc] GC(5698) Pause Young (Normal) (G1 Evacuation Pause) 119M->48M(134M) 1.096ms
[389.750s][info][gc] GC(5699) Pause Young (Normal) (G1 Evacuation Pause) 119M->48M(134M) 1.063ms
[389.884s][info][gc] GC(5700) Pause Young (Normal) (G1 Evacuation Pause) 119M->49M(134M) 0.997ms
[390.024s][info][gc] GC(5701) Pause Young (Normal) (G1 Evacuation Pause) 119M->49M(134M) 0.980ms
[390.162s][info][gc] GC(5702) Pause Young (Normal) (G1 Evacuation Pause) 119M->50M(134M) 1.164ms
[390.292s][info][gc] GC(5703) Pause Young (Normal) (G1 Evacuation Pause) 119M->51M(134M) 1.024ms
[390.432s][info][gc] GC(5704) Pause Young (Concurrent Start) (G1 Evacuation Pause) 119M->51M(134M) 1.063ms
[390.432s][info][gc] GC(5705) Concurrent Mark Cycle
[390.437s][info][gc] GC(5705) Pause Remark 55M->52M(134M) 0.450ms
[390.440s][info][gc] GC(5705) Pause Cleanup 52M->52M(134M) 0.023ms
[390.440s][info][gc] GC(5705) Concurrent Mark Cycle 8.510ms
[390.564s][info][gc] GC(5706) Pause Young (Prepare Mixed) (G1 Evacuation Pause) 116M->48M(134M) 1.026ms
[390.695s][info][gc] GC(5707) Pause Young (Mixed) (G1 Evacuation Pause) 118M->48M(134M) 1.181ms
[390.844s][info][gc] GC(5708) Pause Young (Normal) (G1 Evacuation Pause) 119M->48M(134M) 1.006ms
[390.980s][info][gc] GC(5709) Pause Young (Normal) (G1 Evacuation Pause) 119M->48M(134M) 1.095ms
[391.130s][info][gc] GC(5710) Pause Young (Normal) (G1 Evacuation Pause) 118M->49M(134M) 0.971ms
[391.256s][info][gc] GC(5711) Pause Young (Normal) (G1 Evacuation Pause) 119M->50M(134M) 1.089ms
[391.392s][info][gc] GC(5712) Pause Young (Normal) (G1 Evacuation Pause) 119M->50M(134M) 1.025ms
[391.519s][info][gc] GC(5713) Pause Young (Normal) (G1 Evacuation Pause) 119M->51M(134M) 1.030ms
[391.659s][info][gc] GC(5714) Pause Young (Concurrent Start) (G1 Evacuation Pause) 119M->52M(134M) 1.118ms
[391.659s][info][gc] GC(5715) Concurrent Mark Cycle
[391.665s][info][gc] GC(5715) Pause Remark 56M->56M(134M) 0.472ms
[391.670s][info][gc] GC(5715) Pause Cleanup 58M->58M(134M) 0.027ms
[391.670s][info][gc] GC(5715) Concurrent Mark Cycle 11.106ms
[391.786s][info][gc] GC(5716) Pause Young (Prepare Mixed) (G1 Evacuation Pause) 118M->52M(134M) 1.093ms
[391.906s][info][gc] GC(5717) Pause Young (Mixed) (G1 Evacuation Pause) 118M->51M(134M) 1.132ms
[392.053s][info][gc] GC(5718) Pause Young (Concurrent Start) (G1 Evacuation Pause) 120M->52M(134M) 0.991ms
[392.053s][info][gc] GC(5719) Concurrent Mark Cycle
[392.060s][info][gc] GC(5719) Pause Remark 57M->57M(134M) 0.460ms
[392.064s][info][gc] GC(5719) Pause Cleanup 61M->61M(134M) 0.024ms
[392.064s][info][gc] GC(5719) Concurrent Mark Cycle 11.191ms
[392.184s][info][gc] GC(5720) Pause Young (Prepare Mixed) (G1 Evacuation Pause) 119M->52M(134M) 1.005ms
[392.310s][info][gc] GC(5721) Pause Young (Mixed) (G1 Evacuation Pause) 118M->52M(134M) 1.205ms
[392.443s][info][gc] GC(5722) Pause Young (Concurrent Start) (G1 Evacuation Pause) 119M->52M(134M) 1.009ms
[392.443s][info][gc] GC(5723) Concurrent Mark Cycle
[392.450s][info][gc] GC(5723) Pause Remark 57M->57M(134M) 0.512ms
[392.455s][info][gc] GC(5723) Pause Cleanup 61M->61M(134M) 0.022ms
[392.455s][info][gc] GC(5723) Concurrent Mark Cycle 12.123ms
[392.569s][info][gc] GC(5724) Pause Young (Prepare Mixed) (G1 Evacuation Pause) 119M->53M(134M) 1.043ms
[392.699s][info][gc] GC(5725) Pause Young (Mixed) (G1 Evacuation Pause) 119M->53M(134M) 1.233ms
[392.824s][info][gc] GC(5726) Pause Young (Concurrent Start) (G1 Evacuation Pause) 118M->53M(134M) 0.982ms
[392.824s][info][gc] GC(5727) Concurrent Mark Cycle
[392.831s][info][gc] GC(5727) Pause Remark 58M->58M(134M) 0.462ms
[392.837s][info][gc] GC(5727) Pause Cleanup 61M->61M(134M) 0.028ms
[392.837s][info][gc] GC(5727) Concurrent Mark Cycle 12.464ms
[392.956s][info][gc] GC(5728) Pause Young (Prepare Mixed) (G1 Evacuation Pause) 118M->54M(134M) 1.011ms
[393.080s][info][gc] GC(5729) Pause Young (Mixed) (G1 Evacuation Pause) 118M->54M(134M) 1.068ms
[393.207s][info][gc] GC(5730) Pause Young (Concurrent Start) (G1 Evacuation Pause) 120M->55M(134M) 1.043ms
[393.207s][info][gc] GC(5731) Concurrent Mark Cycle
[393.214s][info][gc] GC(5731) Pause Remark 60M->60M(134M) 0.450ms
[393.219s][info][gc] GC(5731) Pause Cleanup 64M->64M(134M) 0.026ms
[393.220s][info][gc] GC(5731) Concurrent Mark Cycle 12.985ms
[393.330s][info][gc] GC(5732) Pause Young (Prepare Mixed) (G1 Evacuation Pause) 119M->55M(134M) 0.953ms
[393.473s][info][gc] GC(5733) Pause Young (Mixed) (G1 Evacuation Pause) 120M->56M(134M) 1.082ms
[393.592s][info][gc] GC(5734) Pause Young (Concurrent Start) (G1 Evacuation Pause) 119M->56M(134M) 1.053ms
[393.592s][info][gc] GC(5735) Concurrent Mark Cycle
[393.600s][info][gc] GC(5735) Pause Remark 61M->61M(134M) 0.492ms
[393.606s][info][gc] GC(5735) Pause Cleanup 65M->65M(134M) 0.023ms
[393.606s][info][gc] GC(5735) Concurrent Mark Cycle 13.762ms
[393.718s][info][gc] GC(5736) Pause Young (Prepare Mixed) (G1 Evacuation Pause) 120M->57M(134M) 0.986ms
[393.833s][info][gc] GC(5737) Pause Young (Mixed) (G1 Evacuation Pause) 119M->57M(134M) 1.130ms
[393.960s][info][gc] GC(5738) Pause Young (Concurrent Start) (G1 Evacuation Pause) 118M->57M(134M) 0.978ms
[393.960s][info][gc] GC(5739) Concurrent Mark Cycle
[393.968s][info][gc] GC(5739) Pause Remark 62M->62M(134M) 0.449ms
[393.974s][info][gc] GC(5739) Pause Cleanup 64M->64M(134M) 0.024ms
[393.974s][info][gc] GC(5739) Concurrent Mark Cycle 14.028ms
[394.076s][info][gc] GC(5740) Pause Young (Prepare Mixed) (G1 Evacuation Pause) 120M->58M(134M) 0.934ms
[394.206s][info][gc] GC(5741) Pause Young (Mixed) (G1 Evacuation Pause) 120M->58M(134M) 1.100ms
[394.322s][info][gc] GC(5742) Pause Young (Concurrent Start) (G1 Evacuation Pause) 118M->59M(134M) 1.026ms
[394.322s][info][gc] GC(5743) Concurrent Mark Cycle
[394.330s][info][gc] GC(5743) Pause Remark 63M->63M(134M) 0.477ms
[394.336s][info][gc] GC(5743) Pause Cleanup 67M->67M(134M) 0.030ms
[394.336s][info][gc] GC(5743) Concurrent Mark Cycle 14.438ms
[394.441s][info][gc] GC(5744) Pause Young (Prepare Mixed) (G1 Evacuation Pause) 118M->59M(134M) 0.979ms
[394.570s][info][gc] GC(5745) Pause Young (Mixed) (G1 Evacuation Pause) 120M->60M(134M) 1.089ms
[394.690s][info][gc] GC(5746) Pause Young (Concurrent Start) (G1 Evacuation Pause) 120M->60M(134M) 1.010ms
[394.690s][info][gc] GC(5747) Concurrent Mark Cycle
[394.699s][info][gc] GC(5747) Pause Remark 66M->66M(134M) 0.531ms
[394.706s][info][gc] GC(5747) Pause Cleanup 72M->72M(134M) 0.026ms
[394.706s][info][gc] GC(5747) Concurrent Mark Cycle 15.500ms
[394.802s][info][gc] GC(5748) Pause Young (Prepare Mixed) (G1 Evacuation Pause) 120M->61M(134M) 0.948ms
[394.921s][info][gc] GC(5749) Pause Young (Mixed) (G1 Evacuation Pause) 120M->61M(134M) 1.095ms
[395.033s][info][gc] GC(5750) Pause Young (Concurrent Start) (G1 Evacuation Pause) 120M->62M(134M) 1.052ms
[395.033s][info][gc] GC(5751) Concurrent Mark Cycle
[395.042s][info][gc] GC(5751) Pause Remark 65M->65M(134M) 0.449ms
[395.049s][info][gc] GC(5751) Pause Cleanup 70M->70M(134M) 0.035ms
[395.049s][info][gc] GC(5751) Concurrent Mark Cycle 15.743ms
[395.147s][info][gc] GC(5752) Pause Young (Prepare Mixed) (G1 Evacuation Pause) 120M->62M(134M) 0.909ms
[395.259s][info][gc] GC(5753) Pause Young (Mixed) (G1 Evacuation Pause) 121M->63M(134M) 0.924ms
[395.368s][info][gc] GC(5754) Pause Young (Concurrent Start) (G1 Evacuation Pause) 120M->62M(134M) 0.872ms
[395.368s][info][gc] GC(5755) Concurrent Mark Cycle
[395.376s][info][gc] GC(5755) Pause Remark 63M->63M(134M) 0.445ms
[395.383s][info][gc] GC(5755) Pause Cleanup 64M->64M(134M) 0.032ms
[395.383s][info][gc] GC(5755) Concurrent Mark Cycle 15.669ms
[395.500s][info][gc] GC(5756) Pause Young (Prepare Mixed) (G1 Evacuation Pause) 121M->64M(134M) 0.945ms
[395.607s][info][gc] GC(5757) Pause Young (Mixed) (G1 Evacuation Pause) 119M->64M(134M) 1.066ms
[395.712s][info][gc] GC(5758) Pause Young (Concurrent Start) (G1 Evacuation Pause) 120M->64M(134M) 0.861ms
[395.712s][info][gc] GC(5759) Concurrent Mark Cycle
[395.721s][info][gc] GC(5759) Pause Remark 70M->70M(134M) 0.459ms
[395.729s][info][gc] GC(5759) Pause Cleanup 74M->74M(134M) 0.024ms
[395.729s][info][gc] GC(5759) Concurrent Mark Cycle 17.182ms
[395.820s][info][gc] GC(5760) Pause Young (Prepare Mixed) (G1 Evacuation Pause) 120M->64M(134M) 0.874ms
[395.934s][info][gc] GC(5761) Pause Young (Mixed) (G1 Evacuation Pause) 119M->65M(134M) 0.940ms
[396.041s][info][gc] GC(5762) Pause Young (Concurrent Start) (G1 Evacuation Pause) 120M->65M(134M) 0.880ms
[396.041s][info][gc] GC(5763) Concurrent Mark Cycle
[396.050s][info][gc] GC(5763) Pause Remark 71M->71M(134M) 0.509ms
[396.058s][info][gc] GC(5763) Pause Cleanup 76M->76M(134M) 0.023ms
[396.058s][info][gc] GC(5763) Concurrent Mark Cycle 17.593ms
[396.143s][info][gc] GC(5764) Pause Young (Prepare Mixed) (G1 Evacuation Pause) 119M->66M(134M) 0.874ms
[396.252s][info][gc] GC(5765) Pause Young (Mixed) (G1 Evacuation Pause) 120M->66M(134M) 1.003ms
[396.357s][info][gc] GC(5766) Pause Young (Concurrent Start) (G1 Evacuation Pause) 119M->67M(134M) 0.960ms
[396.357s][info][gc] GC(5767) Concurrent Mark Cycle
[396.367s][info][gc] GC(5767) Pause Remark 73M->73M(134M) 0.490ms
[396.375s][info][gc] GC(5767) Pause Cleanup 78M->78M(134M) 0.025ms
[396.375s][info][gc] GC(5767) Concurrent Mark Cycle 18.121ms
[396.462s][info][gc] GC(5768) Pause Young (Prepare Mixed) (G1 Evacuation Pause) 120M->68M(134M) 0.944ms
[396.561s][info][gc] GC(5769) Pause Young (Mixed) (G1 Evacuation Pause) 120M->67M(134M) 1.009ms
[396.667s][info][gc] GC(5770) Pause Young (Concurrent Start) (G1 Evacuation Pause) 121M->68M(134M) 0.971ms
[396.667s][info][gc] GC(5771) Concurrent Mark Cycle
[396.677s][info][gc] GC(5771) Pause Remark 72M->72M(134M) 0.458ms
[396.685s][info][gc] GC(5771) Pause Cleanup 73M->73M(134M) 0.027ms
[396.685s][info][gc] GC(5771) Concurrent Mark Cycle 18.241ms
[396.829s][info][gc] GC(5772) Pause Young (Prepare Mixed) (G1 Evacuation Pause) 120M->69M(134M) 1.067ms
[396.930s][info][gc] GC(5773) Pause Young (Mixed) (G1 Evacuation Pause) 120M->67M(134M) 3.043ms
[397.038s][info][gc] GC(5774) Pause Young (Concurrent Start) (G1 Evacuation Pause) 122M->67M(134M) 0.747ms
[397.038s][info][gc] GC(5775) Concurrent Mark Cycle
[397.041s][info][gc] GC(5775) Pause Remark 68M->41M(134M) 0.450ms
[397.042s][info][gc] GC(5775) Pause Cleanup 42M->42M(134M) 0.024ms
[397.042s][info][gc] GC(5775) Concurrent Mark Cycle 4.425ms
[397.145s][info][gc] GC(5776) Pause Young (Prepare Mixed) (G1 Evacuation Pause) 95M->40M(134M) 0.797ms
[397.302s][info][gc] GC(5777) Pause Young (Mixed) (G1 Evacuation Pause) 116M->34M(134M) 1.050ms
[397.450s][info][gc] GC(5778) Pause Young (Normal) (G1 Evacuation Pause) 110M->35M(134M) 1.011ms
[397.602s][info][gc] GC(5779) Pause Young (Normal) (G1 Evacuation Pause) 110M->36M(134M) 1.015ms
[397.741s][info][gc] GC(5780) Pause Young (Normal) (G1 Evacuation Pause) 110M->36M(134M) 1.068ms
[397.886s][info][gc] GC(5781) Pause Young (Normal) (G1 Evacuation Pause) 110M->37M(134M) 1.135ms
[398.035s][info][gc] GC(5782) Pause Young (Normal) (G1 Evacuation Pause) 111M->37M(134M) 1.012ms
[398.179s][info][gc] GC(5783) Pause Young (Normal) (G1 Evacuation Pause) 111M->38M(134M) 1.062ms
[398.321s][info][gc] GC(5784) Pause Young (Normal) (G1 Evacuation Pause) 112M->38M(134M) 1.024ms
[398.468s][info][gc] GC(5785) Pause Young (Normal) (G1 Evacuation Pause) 112M->39M(134M) 1.035ms
[398.608s][info][gc] GC(5786) Pause Young (Normal) (G1 Evacuation Pause) 113M->40M(134M) 1.055ms
[398.746s][info][gc] GC(5787) Pause Young (Normal) (G1 Evacuation Pause) 114M->41M(134M) 1.009ms
[398.899s][info][gc] GC(5788) Pause Young (Normal) (G1 Evacuation Pause) 115M->41M(134M) 1.156ms
[399.038s][info][gc] GC(5789) Pause Young (Normal) (G1 Evacuation Pause) 115M->42M(134M) 1.023ms
[399.191s][info][gc] GC(5790) Pause Young (Normal) (G1 Evacuation Pause) 116M->42M(134M) 1.049ms
[399.332s][info][gc] GC(5791) Pause Young (Normal) (G1 Evacuation Pause) 116M->43M(134M) 1.032ms
[399.481s][info][gc] GC(5792) Pause Young (Normal) (G1 Evacuation Pause) 117M->44M(134M) 1.044ms
[399.625s][info][gc] GC(5793) Pause Young (Normal) (G1 Evacuation Pause) 118M->44M(134M) 1.050ms
[399.764s][info][gc] GC(5794) Pause Young (Normal) (G1 Evacuation Pause) 118M->45M(134M) 1.014ms
[399.915s][info][gc] GC(5795) Pause Young (Normal) (G1 Evacuation Pause) 119M->46M(134M) 1.045ms
[400.058s][info][gc] GC(5796) Pause Young (Normal) (G1 Evacuation Pause) 119M->46M(134M) 1.055ms
[400.196s][info][gc] GC(5797) Pause Young (Normal) (G1 Evacuation Pause) 119M->47M(134M) 1.062ms
[400.328s][info][gc] GC(5798) Pause Young (Normal) (G1 Evacuation Pause) 119M->47M(134M) 1.003ms
[400.471s][info][gc] GC(5799) Pause Young (Normal) (G1 Evacuation Pause) 119M->48M(134M) 1.031ms
[400.605s][info][gc] GC(5800) Pause Young (Normal) (G1 Evacuation Pause) 119M->49M(134M) 1.026ms
[400.735s][info][gc] GC(5801) Pause Young (Normal) (G1 Evacuation Pause) 119M->49M(134M) 1.012ms
[400.887s][info][gc] GC(5802) Pause Young (Normal) (G1 Evacuation Pause) 119M->50M(134M) 1.023ms
[401.020s][info][gc] GC(5803) Pause Young (Normal) (G1 Evacuation Pause) 119M->51M(134M) 1.026ms
[401.167s][info][gc] GC(5804) Pause Young (Normal) (G1 Evacuation Pause) 120M->51M(134M) 1.032ms
[401.297s][info][gc] GC(5805) Pause Young (Normal) (G1 Evacuation Pause) 119M->51M(134M) 1.032ms
[401.422s][info][gc] GC(5806) Pause Young (Concurrent Start) (G1 Evacuation Pause) 118M->52M(134M) 1.034ms
[401.423s][info][gc] GC(5807) Concurrent Mark Cycle
[401.428s][info][gc] GC(5807) Pause Remark 56M->56M(134M) 0.445ms
[401.431s][info][gc] GC(5807) Pause Cleanup 57M->57M(134M) 0.027ms
[401.431s][info][gc] GC(5807) Concurrent Mark Cycle 8.156ms
[401.547s][info][gc] GC(5808) Pause Young (Prepare Mixed) (G1 Evacuation Pause) 119M->52M(134M) 0.933ms
[401.686s][info][gc] GC(5809) Pause Young (Mixed) (G1 Evacuation Pause) 118M->52M(134M) 1.100ms
[401.811s][info][gc] GC(5810) Pause Young (Concurrent Start) (G1 Evacuation Pause) 119M->52M(134M) 0.990ms
[401.811s][info][gc] GC(5811) Concurrent Mark Cycle
[401.816s][info][gc] GC(5811) Pause Remark 53M->53M(134M) 0.532ms
[401.820s][info][gc] GC(5811) Pause Cleanup 55M->55M(134M) 0.026ms
[401.820s][info][gc] GC(5811) Concurrent Mark Cycle 8.946ms
[401.944s][info][gc] GC(5812) Pause Young (Prepare Mixed) (G1 Evacuation Pause) 119M->53M(134M) 1.037ms
[402.081s][info][gc] GC(5813) Pause Young (Mixed) (G1 Evacuation Pause) 119M->52M(134M) 1.189ms
[402.212s][info][gc] GC(5814) Pause Young (Concurrent Start) (G1 Evacuation Pause) 118M->52M(134M) 1.039ms
[402.212s][info][gc] GC(5815) Concurrent Mark Cycle
[402.217s][info][gc] GC(5815) Pause Remark 55M->55M(134M) 0.454ms
[402.221s][info][gc] GC(5815) Pause Cleanup 57M->57M(134M) 0.024ms
[402.221s][info][gc] GC(5815) Concurrent Mark Cycle 9.314ms
[402.342s][info][gc] GC(5816) Pause Young (Prepare Mixed) (G1 Evacuation Pause) 120M->53M(134M) 0.987ms
[402.480s][info][gc] GC(5817) Pause Young (Mixed) (G1 Evacuation Pause) 119M->53M(134M) 1.246ms
[402.602s][info][gc] GC(5818) Pause Young (Concurrent Start) (G1 Evacuation Pause) 118M->54M(134M) 1.006ms
[402.602s][info][gc] GC(5819) Concurrent Mark Cycle
[402.607s][info][gc] GC(5819) Pause Remark 58M->58M(134M) 0.457ms
[402.611s][info][gc] GC(5819) Pause Cleanup 58M->58M(134M) 0.022ms
[402.611s][info][gc] GC(5819) Concurrent Mark Cycle 9.123ms
[402.732s][info][gc] GC(5820) Pause Young (Prepare Mixed) (G1 Evacuation Pause) 119M->54M(134M) 1.047ms
[402.855s][info][gc] GC(5821) Pause Young (Mixed) (G1 Evacuation Pause) 120M->54M(134M) 1.080ms
[402.992s][info][gc] GC(5822) Pause Young (Concurrent Start) (G1 Evacuation Pause) 120M->54M(134M) 1.028ms
[402.992s][info][gc] GC(5823) Concurrent Mark Cycle
[402.998s][info][gc] GC(5823) Pause Remark 58M->58M(134M) 0.457ms
[403.002s][info][gc] GC(5823) Pause Cleanup 58M->58M(134M) 0.028ms
[403.002s][info][gc] GC(5823) Concurrent Mark Cycle 9.752ms
[403.121s][info][gc] GC(5824) Pause Young (Prepare Mixed) (G1 Evacuation Pause) 120M->55M(134M) 0.950ms
[403.241s][info][gc] GC(5825) Pause Young (Mixed) (G1 Evacuation Pause) 120M->55M(134M) 1.088ms
[403.363s][info][gc] GC(5826) Pause Young (Concurrent Start) (G1 Evacuation Pause) 118M->56M(134M) 1.041ms
[403.363s][info][gc] GC(5827) Concurrent Mark Cycle
[403.369s][info][gc] GC(5827) Pause Remark 58M->58M(134M) 0.462ms
[403.373s][info][gc] GC(5827) Pause Cleanup 59M->59M(134M) 0.024ms
[403.373s][info][gc] GC(5827) Concurrent Mark Cycle 10.179ms
[403.505s][info][gc] GC(5828) Pause Young (Prepare Mixed) (G1 Evacuation Pause) 120M->56M(134M) 0.977ms
[403.625s][info][gc] GC(5829) Pause Young (Mixed) (G1 Evacuation Pause) 118M->57M(134M) 1.040ms
[403.748s][info][gc] GC(5830) Pause Young (Concurrent Start) (G1 Evacuation Pause) 119M->57M(134M) 0.981ms
[403.748s][info][gc] GC(5831) Concurrent Mark Cycle
[403.754s][info][gc] GC(5831) Pause Remark 60M->60M(134M) 0.470ms
[403.758s][info][gc] GC(5831) Pause Cleanup 62M->62M(134M) 0.022ms
[403.758s][info][gc] GC(5831) Concurrent Mark Cycle 10.424ms
[403.868s][info][gc] GC(5832) Pause Young (Prepare Mixed) (G1 Evacuation Pause) 120M->57M(134M) 0.934ms
[403.998s][info][gc] GC(5833) Pause Young (Mixed) (G1 Evacuation Pause) 120M->57M(134M) 1.123ms
[404.123s][info][gc] GC(5834) Pause Young (Concurrent Start) (G1 Evacuation Pause) 120M->58M(134M) 1.017ms
[404.123s][info][gc] GC(5835) Concurrent Mark Cycle
[404.130s][info][gc] GC(5835) Pause Remark 62M->62M(134M) 0.451ms
[404.134s][info][gc] GC(5835) Pause Cleanup 65M->65M(134M) 0.027ms
[404.134s][info][gc] GC(5835) Concurrent Mark Cycle 10.709ms
[404.244s][info][gc] GC(5836) Pause Young (Prepare Mixed) (G1 Evacuation Pause) 120M->58M(134M) 0.925ms
[404.366s][info][gc] GC(5837) Pause Young (Mixed) (G1 Evacuation Pause) 119M->59M(134M) 1.129ms
[404.493s][info][gc] GC(5838) Pause Young (Concurrent Start) (G1 Evacuation Pause) 120M->59M(134M) 0.955ms
[404.493s][info][gc] GC(5839) Concurrent Mark Cycle
[404.500s][info][gc] GC(5839) Pause Remark 63M->63M(134M) 0.496ms
[404.504s][info][gc] GC(5839) Pause Cleanup 67M->67M(134M) 0.026ms
[404.504s][info][gc] GC(5839) Concurrent Mark Cycle 11.390ms
[404.603s][info][gc] GC(5840) Pause Young (Prepare Mixed) (G1 Evacuation Pause) 118M->60M(134M) 0.936ms
[404.735s][info][gc] GC(5841) Pause Young (Mixed) (G1 Evacuation Pause) 120M->60M(134M) 1.110ms
[404.845s][info][gc] GC(5842) Pause Young (Concurrent Start) (G1 Evacuation Pause) 119M->60M(134M) 0.991ms
[404.845s][info][gc] GC(5843) Concurrent Mark Cycle
[404.852s][info][gc] GC(5843) Pause Remark 62M->62M(134M) 0.471ms
[404.856s][info][gc] GC(5843) Pause Cleanup 64M->64M(134M) 0.022ms
[404.856s][info][gc] GC(5843) Concurrent Mark Cycle 11.494ms
[404.964s][info][gc] GC(5844) Pause Young (Prepare Mixed) (G1 Evacuation Pause) 120M->61M(134M) 1.005ms
[405.078s][info][gc] GC(5845) Pause Young (Mixed) (G1 Evacuation Pause) 119M->62M(134M) 1.136ms
[405.194s][info][gc] GC(5846) Pause Young (Concurrent Start) (G1 Evacuation Pause) 120M->62M(134M) 0.857ms
[405.194s][info][gc] GC(5847) Concurrent Mark Cycle
[405.201s][info][gc] GC(5847) Pause Remark 66M->66M(134M) 0.454ms
[405.205s][info][gc] GC(5847) Pause Cleanup 67M->67M(134M) 0.025ms
[405.205s][info][gc] GC(5847) Concurrent Mark Cycle 11.470ms
[405.319s][info][gc] GC(5848) Pause Young (Prepare Mixed) (G1 Evacuation Pause) 120M->62M(134M) 0.923ms
[405.432s][info][gc] GC(5849) Pause Young (Mixed) (G1 Evacuation Pause) 120M->63M(134M) 1.038ms
[405.542s][info][gc] GC(5850) Pause Young (Concurrent Start) (G1 Evacuation Pause) 120M->63M(134M) 0.939ms
[405.542s][info][gc] GC(5851) Concurrent Mark Cycle
[405.549s][info][gc] GC(5851) Pause Remark 69M->69M(134M) 0.495ms
[405.554s][info][gc] GC(5851) Pause Cleanup 70M->70M(134M) 0.024ms
[405.554s][info][gc] GC(5851) Concurrent Mark Cycle 12.336ms
[405.659s][info][gc] GC(5852) Pause Young (Prepare Mixed) (G1 Evacuation Pause) 120M->64M(134M) 0.926ms
[405.760s][info][gc] GC(5853) Pause Young (Mixed) (G1 Evacuation Pause) 120M->64M(134M) 0.980ms
[405.875s][info][gc] GC(5854) Pause Young (Concurrent Start) (G1 Evacuation Pause) 121M->65M(134M) 0.967ms
[405.875s][info][gc] GC(5855) Concurrent Mark Cycle
[405.882s][info][gc] GC(5855) Pause Remark 70M->70M(134M) 0.561ms
[405.888s][info][gc] GC(5855) Pause Cleanup 73M->73M(134M) 0.025ms
[405.888s][info][gc] GC(5855) Concurrent Mark Cycle 12.934ms
[405.978s][info][gc] GC(5856) Pause Young (Prepare Mixed) (G1 Evacuation Pause) 120M->65M(134M) 0.887ms
[406.091s][info][gc] GC(5857) Pause Young (Mixed) (G1 Evacuation Pause) 120M->65M(134M) 0.985ms
[406.194s][info][gc] GC(5858) Pause Young (Concurrent Start) (G1 Evacuation Pause) 120M->66M(134M) 0.928ms
[406.194s][info][gc] GC(5859) Concurrent Mark Cycle
[406.202s][info][gc] GC(5859) Pause Remark 70M->70M(134M) 0.490ms
[406.207s][info][gc] GC(5859) Pause Cleanup 74M->74M(134M) 0.022ms
[406.207s][info][gc] GC(5859) Concurrent Mark Cycle 13.021ms
[406.301s][info][gc] GC(5860) Pause Young (Prepare Mixed) (G1 Evacuation Pause) 120M->66M(134M) 0.849ms
[406.403s][info][gc] GC(5861) Pause Young (Mixed) (G1 Evacuation Pause) 120M->67M(134M) 1.037ms
[406.507s][info][gc] GC(5862) Pause Young (Concurrent Start) (G1 Evacuation Pause) 120M->66M(134M) 0.813ms
[406.507s][info][gc] GC(5863) Concurrent Mark Cycle
[406.514s][info][gc] GC(5863) Pause Remark 67M->67M(134M) 0.452ms
[406.519s][info][gc] GC(5863) Pause Cleanup 69M->69M(134M) 0.022ms
[406.519s][info][gc] GC(5863) Concurrent Mark Cycle 12.536ms
[406.627s][info][gc] GC(5864) Pause Young (Normal) (G1 Evacuation Pause) 121M->68M(134M) 0.899ms
[406.724s][info][gc] GC(5865) Pause Young (Concurrent Start) (G1 Evacuation Pause) 119M->68M(134M) 0.917ms
[406.724s][info][gc] GC(5866) Concurrent Mark Cycle
[406.731s][info][gc] GC(5866) Pause Remark 73M->73M(134M) 0.488ms
[406.737s][info][gc] GC(5866) Pause Cleanup 76M->76M(134M) 0.024ms
[406.737s][info][gc] GC(5866) Concurrent Mark Cycle 13.135ms
[406.843s][info][gc] GC(5867) Pause Young (Prepare Mixed) (G1 Evacuation Pause) 120M->68M(134M) 0.695ms
[406.926s][info][gc] GC(5868) Pause Young (Mixed) (G1 Evacuation Pause) 121M->72M(134M) 1.232ms
[406.948s][info][gc] GC(5869) Pause Young (Concurrent Start) (G1 Evacuation Pause) 117M->73M(134M) 1.499ms
[406.948s][info][gc] GC(5870) Concurrent Mark Cycle
[406.954s][info][gc] GC(5870) Pause Remark 79M->55M(134M) 0.417ms
[406.959s][info][gc] GC(5870) Pause Cleanup 60M->60M(134M) 0.054ms
[406.959s][info][gc] GC(5870) Concurrent Mark Cycle 10.830ms
[406.977s][info][gc] GC(5871) Pause Young (Prepare Mixed) (G1 Evacuation Pause) 98M->50M(134M) 0.685ms
[407.009s][info][gc] GC(5872) Pause Young (Mixed) (G1 Evacuation Pause) 123M->41M(134M) 0.946ms
[407.054s][info][gc] GC(5873) Pause Young (Concurrent Start) (G1 Evacuation Pause) 118M->43M(134M) 0.985ms
[407.055s][info][gc] GC(5874) Concurrent Mark Cycle
[407.058s][info][gc] GC(5874) Pause Remark 50M->50M(134M) 0.406ms
[407.062s][info][gc] GC(5874) Pause Cleanup 55M->55M(134M) 0.063ms
[407.062s][info][gc] GC(5874) Concurrent Mark Cycle 7.368ms
[407.096s][info][gc] GC(5875) Pause Young (Prepare Mixed) (G1 Evacuation Pause) 118M->44M(134M) 1.048ms
[407.140s][info][gc] GC(5876) Pause Young (Mixed) (G1 Evacuation Pause) 117M->38M(134M) 1.256ms
[407.172s][info][gc] GC(5877) Pause Young (Concurrent Start) (G1 Evacuation Pause) 112M->38M(161M) 1.020ms
[407.172s][info][gc] GC(5878) Concurrent Mark Cycle
[407.177s][info][gc] GC(5878) Pause Remark 45M->45M(134M) 0.405ms
[407.180s][info][gc] GC(5878) Pause Cleanup 48M->48M(134M) 0.038ms
[407.180s][info][gc] GC(5878) Concurrent Mark Cycle 8.020ms
[407.219s][info][gc] GC(5879) Pause Young (Prepare Mixed) (G1 Evacuation Pause) 128M->39M(137M) 0.995ms
[407.263s][info][gc] GC(5880) Pause Young (Mixed) (G1 Evacuation Pause) 114M->39M(137M) 1.051ms
[407.301s][info][gc] GC(5881) Pause Young (Normal) (G1 Evacuation Pause) 114M->40M(137M) 0.979ms
[407.334s][info][gc] GC(5882) Pause Young (Normal) (G1 Evacuation Pause) 115M->40M(137M) 1.016ms
[407.384s][info][gc] GC(5883) Pause Young (Concurrent Start) (G1 Evacuation Pause) 116M->41M(165M) 1.264ms
[407.384s][info][gc] GC(5884) Concurrent Mark Cycle
[407.390s][info][gc] GC(5884) Pause Remark 55M->55M(144M) 0.409ms
[407.394s][info][gc] GC(5884) Pause Cleanup 65M->65M(144M) 0.049ms
[407.394s][info][gc] GC(5884) Concurrent Mark Cycle 10.279ms
[407.424s][info][gc] GC(5885) Pause Young (Prepare Mixed) (G1 Evacuation Pause) 132M->41M(144M) 1.011ms
[407.473s][info][gc] GC(5886) Pause Young (Mixed) (G1 Evacuation Pause) 120M->42M(144M) 1.151ms
[407.508s][info][gc] GC(5887) Pause Young (Normal) (G1 Evacuation Pause) 121M->42M(144M) 0.991ms
[407.547s][info][gc] GC(5888) Pause Young (Normal) (G1 Evacuation Pause) 122M->43M(144M) 1.030ms
[407.594s][info][gc] GC(5889) Pause Young (Normal) (G1 Evacuation Pause) 122M->44M(173M) 1.083ms
[407.641s][info][gc] GC(5890) Pause Young (Normal) (G1 Evacuation Pause) 140M->44M(173M) 1.093ms
[407.695s][info][gc] GC(5891) Pause Young (Normal) (G1 Evacuation Pause) 139M->45M(173M) 1.231ms
[407.741s][info][gc] GC(5892) Pause Young (Normal) (G1 Evacuation Pause) 140M->46M(173M) 1.133ms
[407.797s][info][gc] GC(5893) Pause Young (Normal) (G1 Evacuation Pause) 141M->47M(173M) 1.232ms
[407.841s][info][gc] GC(5894) Pause Young (Normal) (G1 Evacuation Pause) 142M->48M(173M) 1.236ms
[407.893s][info][gc] GC(5895) Pause Young (Normal) (G1 Evacuation Pause) 143M->48M(173M) 1.164ms
[407.945s][info][gc] GC(5896) Pause Young (Normal) (G1 Evacuation Pause) 144M->49M(173M) 1.090ms
[407.989s][info][gc] GC(5897) Pause Young (Normal) (G1 Evacuation Pause) 143M->48M(173M) 1.062ms
[408.047s][info][gc] GC(5898) Pause Young (Normal) (G1 Evacuation Pause) 145M->51M(173M) 1.092ms
[408.090s][info][gc] GC(5899) Pause Young (Normal) (G1 Evacuation Pause) 145M->51M(173M) 1.100ms
[408.147s][info][gc] GC(5900) Pause Young (Normal) (G1 Evacuation Pause) 146M->52M(173M) 1.068ms
[408.191s][info][gc] GC(5901) Pause Young (Normal) (G1 Evacuation Pause) 146M->53M(173M) 1.083ms
[408.248s][info][gc] GC(5902) Pause Young (Normal) (G1 Evacuation Pause) 148M->54M(173M) 1.181ms
[408.296s][info][gc] GC(5903) Pause Young (Normal) (G1 Evacuation Pause) 148M->55M(173M) 1.255ms
[408.349s][info][gc] GC(5904) Pause Young (Normal) (G1 Evacuation Pause) 150M->55M(173M) 1.276ms
[408.393s][info][gc] GC(5905) Pause Young (Normal) (G1 Evacuation Pause) 150M->56M(173M) 1.050ms
[408.445s][info][gc] GC(5906) Pause Young (Normal) (G1 Evacuation Pause) 151M->56M(173M) 1.093ms
[408.493s][info][gc] GC(5907) Pause Young (Normal) (G1 Evacuation Pause) 151M->57M(173M) 1.087ms
[408.543s][info][gc] GC(5908) Pause Young (Normal) (G1 Evacuation Pause) 152M->57M(173M) 1.105ms
[408.595s][info][gc] GC(5909) Pause Young (Normal) (G1 Evacuation Pause) 153M->59M(173M) 1.212ms
[408.637s][info][gc] GC(5910) Pause Young (Normal) (G1 Evacuation Pause) 152M->59M(173M) 1.100ms
[408.691s][info][gc] GC(5911) Pause Young (Concurrent Start) (G1 Evacuation Pause) 155M->60M(173M) 1.124ms
[408.691s][info][gc] GC(5912) Concurrent Mark Cycle
[408.700s][info][gc] GC(5912) Pause Remark 73M->73M(173M) 0.403ms
[408.711s][info][gc] GC(5912) Pause Cleanup 94M->94M(173M) 0.050ms
[408.712s][info][gc] GC(5912) Concurrent Mark Cycle 20.452ms
[408.739s][info][gc] GC(5913) Pause Young (Prepare Mixed) (G1 Evacuation Pause) 154M->61M(173M) 1.132ms
[408.790s][info][gc] GC(5914) Pause Young (Mixed) (G1 Evacuation Pause) 153M->61M(173M) 1.179ms
[408.837s][info][gc] GC(5915) Pause Young (Concurrent Start) (G1 Evacuation Pause) 154M->62M(173M) 1.114ms
[408.837s][info][gc] GC(5916) Concurrent Mark Cycle
[408.848s][info][gc] GC(5916) Pause Remark 83M->83M(173M) 0.461ms
[408.855s][info][gc] GC(5916) Pause Cleanup 95M->95M(173M) 0.052ms
[408.855s][info][gc] GC(5916) Concurrent Mark Cycle 17.802ms
[408.892s][info][gc] GC(5917) Pause Young (Prepare Mixed) (G1 Evacuation Pause) 154M->63M(173M) 1.155ms
[408.937s][info][gc] GC(5918) Pause Young (Mixed) (G1 Evacuation Pause) 153M->63M(173M) 1.162ms
[408.988s][info][gc] GC(5919) Pause Young (Concurrent Start) (G1 Evacuation Pause) 153M->63M(173M) 1.096ms
[408.988s][info][gc] GC(5920) Concurrent Mark Cycle
[408.997s][info][gc] GC(5920) Pause Remark 77M->77M(173M) 0.402ms
[409.005s][info][gc] GC(5920) Pause Cleanup 97M->97M(173M) 0.049ms
[409.005s][info][gc] GC(5920) Concurrent Mark Cycle 16.757ms
[409.037s][info][gc] GC(5921) Pause Young (Prepare Mixed) (G1 Evacuation Pause) 155M->65M(173M) 1.176ms
[409.079s][info][gc] GC(5922) Pause Young (Mixed) (G1 Evacuation Pause) 153M->63M(173M) 1.095ms
[409.132s][info][gc] GC(5923) Pause Young (Concurrent Start) (G1 Evacuation Pause) 156M->65M(173M) 1.336ms
[409.132s][info][gc] GC(5924) Concurrent Mark Cycle
[409.141s][info][gc] GC(5924) Pause Remark 81M->81M(173M) 0.451ms
[409.150s][info][gc] GC(5924) Pause Cleanup 97M->97M(173M) 0.049ms
[409.150s][info][gc] GC(5924) Concurrent Mark Cycle 17.773ms
[409.177s][info][gc] GC(5925) Pause Young (Prepare Mixed) (G1 Evacuation Pause) 154M->66M(173M) 1.094ms
[409.228s][info][gc] GC(5926) Pause Young (Mixed) (G1 Evacuation Pause) 155M->67M(208M) 1.262ms
[409.283s][info][gc] GC(5927) Pause Young (Normal) (G1 Evacuation Pause) 183M->66M(208M) 1.213ms
[409.346s][info][gc] GC(5928) Pause Young (Normal) (G1 Evacuation Pause) 182M->68M(208M) 1.178ms
[409.404s][info][gc] GC(5929) Pause Young (Normal) (G1 Evacuation Pause) 183M->68M(208M) 1.069ms
[409.465s][info][gc] GC(5930) Pause Young (Normal) (G1 Evacuation Pause) 183M->70M(208M) 1.331ms
[409.525s][info][gc] GC(5931) Pause Young (Normal) (G1 Evacuation Pause) 184M->71M(208M) 1.232ms
[409.585s][info][gc] GC(5932) Pause Young (Normal) (G1 Evacuation Pause) 185M->71M(208M) 1.219ms
[409.646s][info][gc] GC(5933) Pause Young (Normal) (G1 Evacuation Pause) 185M->73M(208M) 1.209ms
[409.701s][info][gc] GC(5934) Pause Young (Normal) (G1 Evacuation Pause) 185M->74M(208M) 1.229ms
[409.762s][info][gc] GC(5935) Pause Young (Normal) (G1 Evacuation Pause) 185M->75M(208M) 1.372ms
[409.814s][info][gc] GC(5936) Pause Young (Normal) (G1 Evacuation Pause) 185M->76M(208M) 1.162ms
[409.878s][info][gc] GC(5937) Pause Young (Concurrent Start) (G1 Evacuation Pause) 187M->77M(208M) 1.217ms
[409.878s][info][gc] GC(5938) Concurrent Mark Cycle
[409.889s][info][gc] GC(5938) Pause Remark 102M->102M(208M) 0.436ms
[409.902s][info][gc] GC(5938) Pause Cleanup 123M->123M(208M) 0.049ms
[409.902s][info][gc] GC(5938) Concurrent Mark Cycle 24.186ms
[409.931s][info][gc] GC(5939) Pause Young (Prepare Mixed) (G1 Evacuation Pause) 185M->77M(208M) 1.213ms
[409.993s][info][gc] GC(5940) Pause Young (Mixed) (G1 Evacuation Pause) 187M->78M(208M) 1.309ms
[410.042s][info][gc] GC(5941) Pause Young (Concurrent Start) (G1 Evacuation Pause) 185M->79M(208M) 1.185ms
[410.042s][info][gc] GC(5942) Concurrent Mark Cycle
[410.053s][info][gc] GC(5942) Pause Remark 97M->97M(208M) 0.455ms
[410.067s][info][gc] GC(5942) Pause Cleanup 109M->109M(208M) 0.048ms
[410.068s][info][gc] GC(5942) Concurrent Mark Cycle 25.572ms
[410.109s][info][gc] GC(5943) Pause Young (Prepare Mixed) (G1 Evacuation Pause) 187M->80M(208M) 1.165ms
[410.161s][info][gc] GC(5944) Pause Young (Mixed) (G1 Evacuation Pause) 187M->79M(208M) 1.405ms
[410.220s][info][gc] GC(5945) Pause Young (Concurrent Start) (G1 Evacuation Pause) 186M->81M(208M) 1.187ms
[410.220s][info][gc] GC(5946) Concurrent Mark Cycle
[410.233s][info][gc] GC(5946) Pause Remark 105M->105M(208M) 0.507ms
[410.249s][info][gc] GC(5946) Pause Cleanup 136M->136M(208M) 0.053ms
[410.249s][info][gc] GC(5946) Concurrent Mark Cycle 29.290ms
[410.277s][info][gc] GC(5947) Pause Young (Prepare Mixed) (G1 Evacuation Pause) 186M->81M(208M) 1.191ms
[410.337s][info][gc] GC(5948) Pause Young (Mixed) (G1 Evacuation Pause) 188M->82M(208M) 1.365ms
[410.391s][info][gc] GC(5949) Pause Young (Concurrent Start) (G1 Evacuation Pause) 186M->82M(208M) 1.195ms
[410.391s][info][gc] GC(5950) Concurrent Mark Cycle
[410.405s][info][gc] GC(5950) Pause Remark 104M->104M(208M) 0.420ms
[410.418s][info][gc] GC(5950) Pause Cleanup 124M->124M(208M) 0.047ms
[410.418s][info][gc] GC(5950) Concurrent Mark Cycle 26.580ms
[410.447s][info][gc] GC(5951) Pause Young (Prepare Mixed) (G1 Evacuation Pause) 186M->84M(208M) 1.181ms
[410.500s][info][gc] GC(5952) Pause Young (Mixed) (G1 Evacuation Pause) 186M->84M(208M) 1.261ms
[410.554s][info][gc] GC(5953) Pause Young (Concurrent Start) (G1 Evacuation Pause) 188M->86M(208M) 1.271ms
[410.554s][info][gc] GC(5954) Concurrent Mark Cycle
[410.568s][info][gc] GC(5954) Pause Remark 111M->111M(208M) 0.414ms
[410.581s][info][gc] GC(5954) Pause Cleanup 133M->133M(208M) 0.051ms
[410.581s][info][gc] GC(5954) Concurrent Mark Cycle 26.498ms
[410.608s][info][gc] GC(5955) Pause Young (Prepare Mixed) (G1 Evacuation Pause) 186M->85M(208M) 1.176ms
[410.665s][info][gc] GC(5956) Pause Young (Mixed) (G1 Evacuation Pause) 189M->87M(208M) 1.303ms
[410.717s][info][gc] GC(5957) Pause Young (Concurrent Start) (G1 Evacuation Pause) 187M->88M(208M) 1.335ms
[410.717s][info][gc] GC(5958) Concurrent Mark Cycle
[410.730s][info][gc] GC(5958) Pause Remark 109M->109M(208M) 0.424ms
[410.743s][info][gc] GC(5958) Pause Cleanup 127M->127M(208M) 0.058ms
[410.743s][info][gc] GC(5958) Concurrent Mark Cycle 26.354ms
[410.773s][info][gc] GC(5959) Pause Young (Prepare Mixed) (G1 Evacuation Pause) 188M->89M(208M) 1.197ms
[410.821s][info][gc] GC(5960) Pause Young (Mixed) (G1 Evacuation Pause) 187M->89M(208M) 1.232ms
[410.876s][info][gc] GC(5961) Pause Young (Concurrent Start) (G1 Evacuation Pause) 188M->90M(208M) 1.137ms
[410.876s][info][gc] GC(5962) Concurrent Mark Cycle
[410.890s][info][gc] GC(5962) Pause Remark 116M->116M(208M) 0.471ms
[410.904s][info][gc] GC(5962) Pause Cleanup 141M->141M(208M) 0.047ms
[410.904s][info][gc] GC(5962) Concurrent Mark Cycle 27.751ms
[410.925s][info][gc] GC(5963) Pause Young (Prepare Mixed) (G1 Evacuation Pause) 185M->91M(208M) 1.102ms
[410.981s][info][gc] GC(5964) Pause Young (Mixed) (G1 Evacuation Pause) 188M->92M(208M) 1.139ms
[411.026s][info][gc] GC(5965) Pause Young (Concurrent Start) (G1 Evacuation Pause) 187M->92M(208M) 1.111ms
[411.026s][info][gc] GC(5966) Concurrent Mark Cycle
[411.042s][info][gc] GC(5966) Pause Remark 117M->117M(208M) 0.457ms
[411.058s][info][gc] GC(5966) Pause Cleanup 142M->142M(208M) 0.049ms
[411.058s][info][gc] GC(5966) Concurrent Mark Cycle 32.587ms
[411.088s][info][gc] GC(5967) Pause Young (Prepare Mixed) (G1 Evacuation Pause) 187M->93M(208M) 1.174ms
[411.132s][info][gc] GC(5968) Pause Young (Mixed) (G1 Evacuation Pause) 187M->94M(241M) 1.297ms
[411.200s][info][gc] GC(5969) Pause Young (Normal) (G1 Evacuation Pause) 218M->95M(241M) 1.331ms
[411.261s][info][gc] GC(5970) Pause Young (Normal) (G1 Evacuation Pause) 217M->95M(241M) 1.111ms
[411.328s][info][gc] GC(5971) Pause Young (Concurrent Start) (G1 Evacuation Pause) 217M->97M(241M) 1.424ms
[411.328s][info][gc] GC(5972) Concurrent Mark Cycle
[411.343s][info][gc] GC(5972) Pause Remark 124M->124M(241M) 0.390ms
[411.359s][info][gc] GC(5972) Pause Cleanup 159M->159M(241M) 0.045ms
[411.359s][info][gc] GC(5972) Concurrent Mark Cycle 31.135ms
[411.391s][info][gc] GC(5973) Pause Young (Prepare Mixed) (G1 Evacuation Pause) 215M->97M(241M) 1.208ms
[411.457s][info][gc] GC(5974) Pause Young (Mixed) (G1 Evacuation Pause) 216M->99M(241M) 1.429ms
[411.523s][info][gc] GC(5975) Pause Young (Concurrent Start) (G1 Evacuation Pause) 214M->100M(241M) 1.391ms
[411.523s][info][gc] GC(5976) Concurrent Mark Cycle
[411.541s][info][gc] GC(5976) Pause Remark 133M->133M(241M) 0.454ms
[411.559s][info][gc] GC(5976) Pause Cleanup 164M->164M(241M) 0.055ms
[411.559s][info][gc] GC(5976) Concurrent Mark Cycle 36.047ms
[411.586s][info][gc] GC(5977) Pause Young (Prepare Mixed) (G1 Evacuation Pause) 217M->101M(241M) 1.342ms
[411.652s][info][gc] GC(5978) Pause Young (Mixed) (G1 Evacuation Pause) 217M->102M(241M) 1.357ms
[411.707s][info][gc] GC(5979) Pause Young (Concurrent Start) (G1 Evacuation Pause) 217M->102M(241M) 1.278ms
[411.707s][info][gc] GC(5980) Concurrent Mark Cycle
[411.720s][info][gc] GC(5980) Pause Remark 122M->122M(241M) 0.409ms
[411.740s][info][gc] GC(5980) Pause Cleanup 149M->149M(241M) 0.049ms
[411.740s][info][gc] GC(5980) Concurrent Mark Cycle 33.514ms
[411.776s][info][gc] GC(5981) Pause Young (Prepare Mixed) (G1 Evacuation Pause) 218M->104M(241M) 1.269ms
[411.833s][info][gc] GC(5982) Pause Young (Mixed) (G1 Evacuation Pause) 216M->104M(241M) 1.543ms
[411.895s][info][gc] GC(5983) Pause Young (Concurrent Start) (G1 Evacuation Pause) 218M->105M(241M) 1.376ms
[411.895s][info][gc] GC(5984) Concurrent Mark Cycle
[411.910s][info][gc] GC(5984) Pause Remark 129M->129M(241M) 0.475ms
[411.927s][info][gc] GC(5984) Pause Cleanup 165M->165M(241M) 0.048ms
[411.927s][info][gc] GC(5984) Concurrent Mark Cycle 32.000ms
[411.961s][info][gc] GC(5985) Pause Young (Prepare Mixed) (G1 Evacuation Pause) 215M->106M(241M) 1.318ms
[412.018s][info][gc] GC(5986) Pause Young (Mixed) (G1 Evacuation Pause) 218M->107M(241M) 3.472ms
[412.077s][info][gc] GC(5987) Pause Young (Concurrent Start) (G1 Evacuation Pause) 217M->108M(273M) 1.378ms
[412.077s][info][gc] GC(5988) Concurrent Mark Cycle
[412.092s][info][gc] GC(5988) Pause Remark 133M->133M(273M) 0.468ms
[412.107s][info][gc] GC(5988) Pause Cleanup 163M->163M(273M) 0.051ms
[412.107s][info][gc] GC(5988) Concurrent Mark Cycle 30.147ms
[412.148s][info][gc] GC(5989) Pause Young (Prepare Mixed) (G1 Evacuation Pause) 248M->108M(273M) 1.262ms
[412.225s][info][gc] GC(5990) Pause Young (Mixed) (G1 Evacuation Pause) 246M->110M(273M) 3.358ms
[412.296s][info][gc] GC(5991) Pause Young (Concurrent Start) (G1 Evacuation Pause) 245M->110M(273M) 1.546ms
[412.296s][info][gc] GC(5992) Concurrent Mark Cycle
[412.315s][info][gc] GC(5992) Pause Remark 140M->140M(273M) 0.459ms
[412.324s][info][gc] GC(5992) Pause Cleanup 160M->160M(273M) 0.043ms
[412.325s][info][gc] GC(5992) Concurrent Mark Cycle 28.117ms
[412.368s][info][gc] GC(5993) Pause Young (Normal) (G1 Evacuation Pause) 247M->112M(273M) 1.386ms
[412.521s][info][gc] GC(5994) Pause Young (Concurrent Start) (G1 Evacuation Pause) 245M->115M(273M) 1.662ms
[412.521s][info][gc] GC(5995) Concurrent Mark Cycle
[412.526s][info][gc] GC(5995) Pause Remark 130M->75M(207M) 0.458ms
[412.529s][info][gc] GC(5995) Pause Cleanup 79M->79M(207M) 0.067ms
[412.529s][info][gc] GC(5995) Concurrent Mark Cycle 8.267ms
[412.577s][info][gc] GC(5996) Pause Young (Prepare Mixed) (G1 Evacuation Pause) 182M->61M(207M) 1.414ms
[412.644s][info][gc] GC(5997) Pause Young (Mixed) (G1 Evacuation Pause) 175M->49M(207M) 1.428ms
[412.694s][info][gc] GC(5998) Pause Young (Normal) (G1 Evacuation Pause) 163M->49M(207M) 1.363ms
[412.759s][info][gc] GC(5999) Pause Young (Normal) (G1 Evacuation Pause) 164M->51M(207M) 1.421ms
[412.819s][info][gc] GC(6000) Pause Young (Normal) (G1 Evacuation Pause) 164M->51M(207M) 1.307ms
[412.876s][info][gc] GC(6001) Pause Young (Normal) (G1 Evacuation Pause) 167M->53M(207M) 1.132ms
[412.943s][info][gc] GC(6002) Pause Young (Normal) (G1 Evacuation Pause) 168M->54M(207M) 1.326ms
[412.995s][info][gc] GC(6003) Pause Young (Normal) (G1 Evacuation Pause) 168M->55M(207M) 1.299ms
[413.058s][info][gc] GC(6004) Pause Young (Normal) (G1 Evacuation Pause) 169M->56M(207M) 1.240ms
[413.113s][info][gc] GC(6005) Pause Young (Normal) (G1 Evacuation Pause) 170M->57M(207M) 1.280ms
[413.178s][info][gc] GC(6006) Pause Young (Normal) (G1 Evacuation Pause) 172M->58M(207M) 1.298ms
[413.229s][info][gc] GC(6007) Pause Young (Normal) (G1 Evacuation Pause) 172M->58M(207M) 1.225ms
[413.299s][info][gc] GC(6008) Pause Young (Normal) (G1 Evacuation Pause) 173M->60M(207M) 1.481ms
[413.357s][info][gc] GC(6009) Pause Young (Normal) (G1 Evacuation Pause) 173M->59M(207M) 1.167ms
[413.416s][info][gc] GC(6010) Pause Young (Normal) (G1 Evacuation Pause) 175M->61M(207M) 1.317ms
[413.481s][info][gc] GC(6011) Pause Young (Normal) (G1 Evacuation Pause) 175M->63M(207M) 1.283ms
[413.535s][info][gc] GC(6012) Pause Young (Normal) (G1 Evacuation Pause) 176M->64M(207M) 1.229ms
[413.597s][info][gc] GC(6013) Pause Young (Normal) (G1 Evacuation Pause) 178M->64M(207M) 1.257ms
[413.654s][info][gc] GC(6014) Pause Young (Normal) (G1 Evacuation Pause) 179M->65M(207M) 1.277ms
[413.715s][info][gc] GC(6015) Pause Young (Normal) (G1 Evacuation Pause) 179M->66M(207M) 1.316ms
[413.768s][info][gc] GC(6016) Pause Young (Normal) (G1 Evacuation Pause) 180M->66M(207M) 1.151ms
[413.835s][info][gc] GC(6017) Pause Young (Normal) (G1 Evacuation Pause) 182M->69M(207M) 1.282ms
[413.896s][info][gc] GC(6018) Pause Young (Normal) (G1 Evacuation Pause) 182M->68M(207M) 1.254ms
[413.955s][info][gc] GC(6019) Pause Young (Normal) (G1 Evacuation Pause) 183M->70M(207M) 1.174ms
[414.017s][info][gc] GC(6020) Pause Young (Normal) (G1 Evacuation Pause) 184M->71M(207M) 1.358ms
[414.073s][info][gc] GC(6021) Pause Young (Normal) (G1 Evacuation Pause) 186M->72M(207M) 1.189ms
[414.133s][info][gc] GC(6022) Pause Young (Normal) (G1 Evacuation Pause) 186M->73M(207M) 1.386ms
[414.190s][info][gc] GC(6023) Pause Young (Normal) (G1 Evacuation Pause) 186M->74M(207M) 1.312ms
[414.251s][info][gc] GC(6024) Pause Young (Normal) (G1 Evacuation Pause) 183M->75M(207M) 1.241ms
[414.304s][info][gc] GC(6025) Pause Young (Normal) (G1 Evacuation Pause) 185M->75M(207M) 1.157ms
[414.367s][info][gc] GC(6026) Pause Young (Concurrent Start) (G1 Evacuation Pause) 185M->76M(207M) 1.264ms
[414.367s][info][gc] GC(6027) Concurrent Mark Cycle
[414.378s][info][gc] GC(6027) Pause Remark 100M->93M(207M) 0.406ms
[414.385s][info][gc] GC(6027) Pause Cleanup 107M->107M(207M) 0.056ms
[414.385s][info][gc] GC(6027) Concurrent Mark Cycle 17.803ms
[414.420s][info][gc] GC(6028) Pause Young (Prepare Mixed) (G1 Evacuation Pause) 179M->70M(207M) 1.132ms
[414.483s][info][gc] GC(6029) Pause Young (Mixed) (G1 Evacuation Pause) 186M->69M(207M) 1.337ms
[414.544s][info][gc] GC(6030) Pause Young (Normal) (G1 Evacuation Pause) 183M->69M(207M) 1.208ms
[414.601s][info][gc] GC(6031) Pause Young (Normal) (G1 Evacuation Pause) 183M->72M(207M) 1.292ms
[414.664s][info][gc] GC(6032) Pause Young (Normal) (G1 Evacuation Pause) 184M->72M(207M) 1.282ms
[414.718s][info][gc] GC(6033) Pause Young (Normal) (G1 Evacuation Pause) 186M->73M(207M) 1.222ms
[414.779s][info][gc] GC(6034) Pause Young (Normal) (G1 Evacuation Pause) 184M->74M(207M) 1.265ms
[414.832s][info][gc] GC(6035) Pause Young (Normal) (G1 Evacuation Pause) 184M->75M(207M) 1.277ms
[414.892s][info][gc] GC(6036) Pause Young (Normal) (G1 Evacuation Pause) 184M->75M(207M) 1.180ms
[414.946s][info][gc] GC(6037) Pause Young (Normal) (G1 Evacuation Pause) 185M->77M(207M) 1.236ms
[415.008s][info][gc] GC(6038) Pause Young (Concurrent Start) (G1 Evacuation Pause) 186M->77M(207M) 1.339ms
[415.008s][info][gc] GC(6039) Concurrent Mark Cycle
[415.021s][info][gc] GC(6039) Pause Remark 107M->107M(207M) 0.409ms
[415.027s][info][gc] GC(6039) Pause Cleanup 116M->116M(207M) 0.060ms
[415.027s][info][gc] GC(6039) Concurrent Mark Cycle 18.811ms
[415.062s][info][gc] GC(6040) Pause Young (Prepare Mixed) (G1 Evacuation Pause) 186M->78M(207M) 1.290ms
[415.124s][info][gc] GC(6041) Pause Young (Mixed) (G1 Evacuation Pause) 186M->76M(207M) 1.265ms
[415.175s][info][gc] GC(6042) Pause Young (Concurrent Start) (G1 Evacuation Pause) 185M->76M(207M) 1.103ms
[415.175s][info][gc] GC(6043) Concurrent Mark Cycle
[415.188s][info][gc] GC(6043) Pause Remark 87M->87M(207M) 0.406ms
[415.195s][info][gc] GC(6043) Pause Cleanup 97M->97M(207M) 0.057ms
[415.196s][info][gc] GC(6043) Concurrent Mark Cycle 20.790ms
[415.242s][info][gc] GC(6044) Pause Young (Prepare Mixed) (G1 Evacuation Pause) 188M->78M(207M) 1.222ms
[415.306s][info][gc] GC(6045) Pause Young (Mixed) (G1 Evacuation Pause) 184M->78M(207M) 1.304ms
[415.359s][info][gc] GC(6046) Pause Young (Concurrent Start) (G1 Evacuation Pause) 184M->78M(207M) 1.261ms
[415.359s][info][gc] GC(6047) Concurrent Mark Cycle
[415.374s][info][gc] GC(6047) Pause Remark 112M->112M(207M) 0.467ms
[415.381s][info][gc] GC(6047) Pause Cleanup 126M->126M(207M) 0.058ms
[415.381s][info][gc] GC(6047) Concurrent Mark Cycle 22.289ms
[415.420s][info][gc] GC(6048) Pause Young (Prepare Mixed) (G1 Evacuation Pause) 185M->80M(207M) 1.309ms
[415.471s][info][gc] GC(6049) Pause Young (Mixed) (G1 Evacuation Pause) 186M->79M(207M) 1.242ms
[415.536s][info][gc] GC(6050) Pause Young (Concurrent Start) (G1 Evacuation Pause) 185M->81M(207M) 1.302ms
[415.536s][info][gc] GC(6051) Concurrent Mark Cycle
[415.550s][info][gc] GC(6051) Pause Remark 111M->111M(207M) 0.419ms
[415.560s][info][gc] GC(6051) Pause Cleanup 136M->136M(207M) 0.053ms
[415.560s][info][gc] GC(6051) Concurrent Mark Cycle 23.616ms
[415.584s][info][gc] GC(6052) Pause Young (Prepare Mixed) (G1 Evacuation Pause) 185M->81M(207M) 1.273ms
[415.645s][info][gc] GC(6053) Pause Young (Mixed) (G1 Evacuation Pause) 187M->81M(207M) 1.312ms
[415.698s][info][gc] GC(6054) Pause Young (Concurrent Start) (G1 Evacuation Pause) 186M->82M(207M) 1.223ms
[415.698s][info][gc] GC(6055) Concurrent Mark Cycle
[415.711s][info][gc] GC(6055) Pause Remark 108M->108M(207M) 0.468ms
[415.719s][info][gc] GC(6055) Pause Cleanup 125M->125M(207M) 0.056ms
[415.720s][info][gc] GC(6055) Concurrent Mark Cycle 21.677ms
[415.763s][info][gc] GC(6056) Pause Young (Prepare Mixed) (G1 Evacuation Pause) 186M->84M(207M) 1.195ms
[415.807s][info][gc] GC(6057) Pause Young (Mixed) (G1 Evacuation Pause) 185M->83M(207M) 1.530ms
[415.869s][info][gc] GC(6058) Pause Young (Concurrent Start) (G1 Evacuation Pause) 187M->84M(207M) 1.139ms
[415.869s][info][gc] GC(6059) Concurrent Mark Cycle
[415.883s][info][gc] GC(6059) Pause Remark 117M->117M(207M) 0.587ms
[415.890s][info][gc] GC(6059) Pause Cleanup 132M->132M(207M) 0.050ms
[415.891s][info][gc] GC(6059) Concurrent Mark Cycle 21.536ms
[415.924s][info][gc] GC(6060) Pause Young (Prepare Mixed) (G1 Evacuation Pause) 187M->85M(207M) 1.150ms
[415.982s][info][gc] GC(6061) Pause Young (Mixed) (G1 Evacuation Pause) 184M->84M(207M) 1.538ms
[416.028s][info][gc] GC(6062) Pause Young (Concurrent Start) (G1 Evacuation Pause) 187M->85M(207M) 1.205ms
[416.028s][info][gc] GC(6063) Concurrent Mark Cycle
[416.040s][info][gc] GC(6063) Pause Remark 109M->109M(207M) 0.481ms
[416.049s][info][gc] GC(6063) Pause Cleanup 123M->123M(207M) 0.052ms
[416.050s][info][gc] GC(6063) Concurrent Mark Cycle 21.330ms
[416.093s][info][gc] GC(6064) Pause Young (Prepare Mixed) (G1 Evacuation Pause) 187M->87M(207M) 1.277ms
[416.138s][info][gc] GC(6065) Pause Young (Mixed) (G1 Evacuation Pause) 185M->87M(207M) 1.329ms
[416.189s][info][gc] GC(6066) Pause Young (Concurrent Start) (G1 Evacuation Pause) 185M->86M(207M) 1.059ms
[416.189s][info][gc] GC(6067) Concurrent Mark Cycle
[416.202s][info][gc] GC(6067) Pause Remark 97M->97M(207M) 0.415ms
[416.210s][info][gc] GC(6067) Pause Cleanup 116M->116M(207M) 0.047ms
[416.211s][info][gc] GC(6067) Concurrent Mark Cycle 21.203ms
[416.246s][info][gc] GC(6068) Pause Young (Prepare Mixed) (G1 Evacuation Pause) 187M->88M(207M) 1.067ms
[416.290s][info][gc] GC(6069) Pause Young (Mixed) (G1 Evacuation Pause) 185M->88M(207M) 1.067ms
[416.350s][info][gc] GC(6070) Pause Young (Concurrent Start) (G1 Evacuation Pause) 187M->90M(207M) 1.404ms
[416.350s][info][gc] GC(6071) Concurrent Mark Cycle
[416.364s][info][gc] GC(6071) Pause Remark 120M->120M(207M) 0.414ms
[416.374s][info][gc] GC(6071) Pause Cleanup 142M->142M(207M) 0.040ms
[416.374s][info][gc] GC(6071) Concurrent Mark Cycle 24.122ms
[416.395s][info][gc] GC(6072) Pause Young (Prepare Mixed) (G1 Evacuation Pause) 185M->90M(207M) 1.233ms
[416.453s][info][gc] GC(6073) Pause Young (Mixed) (G1 Evacuation Pause) 188M->91M(207M) 1.056ms
[416.499s][info][gc] GC(6074) Pause Young (Concurrent Start) (G1 Evacuation Pause) 187M->92M(207M) 1.279ms
[416.499s][info][gc] GC(6075) Concurrent Mark Cycle
[416.511s][info][gc] GC(6075) Pause Remark 116M->116M(207M) 0.395ms
[416.521s][info][gc] GC(6075) Pause Cleanup 123M->123M(207M) 0.053ms
[416.521s][info][gc] GC(6075) Concurrent Mark Cycle 22.214ms
[416.556s][info][gc] GC(6076) Pause Young (Prepare Mixed) (G1 Evacuation Pause) 185M->93M(207M) 1.132ms
[416.601s][info][gc] GC(6077) Pause Young (Mixed) (G1 Evacuation Pause) 187M->93M(207M) 1.079ms
[416.654s][info][gc] GC(6078) Pause Young (Concurrent Start) (G1 Evacuation Pause) 186M->94M(207M) 1.161ms
[416.654s][info][gc] GC(6079) Concurrent Mark Cycle
[416.669s][info][gc] GC(6079) Pause Remark 122M->122M(207M) 0.409ms
[416.678s][info][gc] GC(6079) Pause Cleanup 134M->134M(207M) 0.056ms
[416.678s][info][gc] GC(6079) Concurrent Mark Cycle 24.904ms
[416.703s][info][gc] GC(6080) Pause Young (Prepare Mixed) (G1 Evacuation Pause) 187M->95M(207M) 1.188ms
[416.754s][info][gc] GC(6081) Pause Young (Mixed) (G1 Evacuation Pause) 185M->96M(207M) 1.166ms
[416.800s][info][gc] GC(6082) Pause Young (Concurrent Start) (G1 Evacuation Pause) 187M->96M(207M) 1.121ms
[416.800s][info][gc] GC(6083) Concurrent Mark Cycle
[416.814s][info][gc] GC(6083) Pause Remark 123M->123M(207M) 0.416ms
[416.823s][info][gc] GC(6083) Pause Cleanup 140M->140M(207M) 0.049ms
[416.823s][info][gc] GC(6083) Concurrent Mark Cycle 23.349ms
[416.854s][info][gc] GC(6084) Pause Young (Prepare Mixed) (G1 Evacuation Pause) 187M->97M(207M) 1.141ms
[416.900s][info][gc] GC(6085) Pause Young (Mixed) (G1 Evacuation Pause) 188M->98M(240M) 1.200ms
[416.967s][info][gc] GC(6086) Pause Young (Normal) (G1 Evacuation Pause) 217M->99M(240M) 1.156ms
[417.026s][info][gc] GC(6087) Pause Young (Normal) (G1 Evacuation Pause) 218M->99M(240M) 1.208ms
[417.092s][info][gc] GC(6088) Pause Young (Concurrent Start) (G1 Evacuation Pause) 216M->101M(240M) 1.303ms
[417.092s][info][gc] GC(6089) Concurrent Mark Cycle
[417.106s][info][gc] GC(6089) Pause Remark 132M->132M(240M) 0.390ms
[417.118s][info][gc] GC(6089) Pause Cleanup 155M->155M(240M) 0.050ms
[417.118s][info][gc] GC(6089) Concurrent Mark Cycle 25.642ms
[417.149s][info][gc] GC(6090) Pause Young (Prepare Mixed) (G1 Evacuation Pause) 217M->101M(240M) 1.344ms
[417.217s][info][gc] GC(6091) Pause Young (Mixed) (G1 Evacuation Pause) 218M->103M(240M) 1.339ms
[417.269s][info][gc] GC(6092) Pause Young (Concurrent Start) (G1 Evacuation Pause) 218M->103M(240M) 1.215ms
[417.269s][info][gc] GC(6093) Concurrent Mark Cycle
[417.284s][info][gc] GC(6093) Pause Remark 123M->123M(240M) 0.404ms
[417.293s][info][gc] GC(6093) Pause Cleanup 127M->127M(240M) 0.066ms
[417.293s][info][gc] GC(6093) Concurrent Mark Cycle 24.501ms
[417.337s][info][gc] GC(6094) Pause Young (Prepare Mixed) (G1 Evacuation Pause) 218M->104M(240M) 1.213ms
[417.401s][info][gc] GC(6095) Pause Young (Mixed) (G1 Evacuation Pause) 217M->104M(240M) 1.220ms
[417.457s][info][gc] GC(6096) Pause Young (Concurrent Start) (G1 Evacuation Pause) 217M->106M(240M) 1.266ms
[417.457s][info][gc] GC(6097) Concurrent Mark Cycle
[417.473s][info][gc] GC(6097) Pause Remark 139M->139M(240M) 0.428ms
[417.484s][info][gc] GC(6097) Pause Cleanup 161M->161M(240M) 0.051ms
[417.484s][info][gc] GC(6097) Concurrent Mark Cycle 27.512ms
[417.523s][info][gc] GC(6098) Pause Young (Prepare Mixed) (G1 Evacuation Pause) 217M->107M(240M) 1.340ms
[417.575s][info][gc] GC(6099) Pause Young (Mixed) (G1 Evacuation Pause) 216M->108M(240M) 1.268ms
[417.639s][info][gc] GC(6100) Pause Young (Concurrent Start) (G1 Evacuation Pause) 219M->109M(240M) 1.233ms
[417.639s][info][gc] GC(6101) Concurrent Mark Cycle
[417.655s][info][gc] GC(6101) Pause Remark 143M->143M(240M) 0.420ms
[417.666s][info][gc] GC(6101) Pause Cleanup 163M->163M(240M) 0.054ms
[417.667s][info][gc] GC(6101) Concurrent Mark Cycle 27.361ms
[417.696s][info][gc] GC(6102) Pause Young (Prepare Mixed) (G1 Evacuation Pause) 216M->110M(240M) 1.364ms
[417.756s][info][gc] GC(6103) Pause Young (Mixed) (G1 Evacuation Pause) 218M->111M(240M) 1.219ms
[417.806s][info][gc] GC(6104) Pause Young (Concurrent Start) (G1 Evacuation Pause) 218M->112M(240M) 1.204ms
[417.806s][info][gc] GC(6105) Concurrent Mark Cycle
[417.824s][info][gc] GC(6105) Pause Remark 144M->144M(240M) 0.406ms
[417.834s][info][gc] GC(6105) Pause Cleanup 165M->165M(240M) 0.047ms
[417.834s][info][gc] GC(6105) Concurrent Mark Cycle 28.206ms
[417.869s][info][gc] GC(6106) Pause Young (Prepare Mixed) (G1 Evacuation Pause) 217M->112M(240M) 1.180ms
[417.921s][info][gc] GC(6107) Pause Young (Mixed) (G1 Evacuation Pause) 218M->113M(240M) 1.229ms
[418.053s][info][gc] GC(6108) Pause Young (Concurrent Start) (G1 Evacuation Pause) 218M->116M(240M) 1.358ms
[418.053s][info][gc] GC(6109) Concurrent Mark Cycle
[418.059s][info][gc] GC(6109) Pause Remark 127M->66M(187M) 0.469ms
[418.062s][info][gc] GC(6109) Pause Cleanup 74M->74M(187M) 0.060ms
[418.062s][info][gc] GC(6109) Concurrent Mark Cycle 8.692ms
[418.102s][info][gc] GC(6110) Pause Young (Prepare Mixed) (G1 Evacuation Pause) 155M->55M(187M) 1.406ms
[418.164s][info][gc] GC(6111) Pause Young (Mixed) (G1 Evacuation Pause) 158M->46M(187M) 1.497ms
[418.212s][info][gc] GC(6112) Pause Young (Normal) (G1 Evacuation Pause) 150M->47M(187M) 1.277ms
[418.274s][info][gc] GC(6113) Pause Young (Normal) (G1 Evacuation Pause) 153M->48M(187M) 1.133ms
[418.323s][info][gc] GC(6114) Pause Young (Normal) (G1 Evacuation Pause) 153M->49M(187M) 1.123ms
[418.382s][info][gc] GC(6115) Pause Young (Normal) (G1 Evacuation Pause) 153M->50M(187M) 1.239ms
[418.430s][info][gc] GC(6116) Pause Young (Normal) (G1 Evacuation Pause) 154M->51M(187M) 1.205ms
[418.490s][info][gc] GC(6117) Pause Young (Normal) (G1 Evacuation Pause) 154M->52M(187M) 1.266ms
[418.539s][info][gc] GC(6118) Pause Young (Normal) (G1 Evacuation Pause) 156M->53M(187M) 1.128ms
[418.597s][info][gc] GC(6119) Pause Young (Normal) (G1 Evacuation Pause) 157M->53M(187M) 1.187ms
[418.650s][info][gc] GC(6120) Pause Young (Normal) (G1 Evacuation Pause) 157M->55M(187M) 1.181ms
[418.711s][info][gc] GC(6121) Pause Young (Normal) (G1 Evacuation Pause) 158M->56M(187M) 1.256ms
[418.759s][info][gc] GC(6122) Pause Young (Normal) (G1 Evacuation Pause) 159M->56M(187M) 1.216ms
[418.818s][info][gc] GC(6123) Pause Young (Normal) (G1 Evacuation Pause) 160M->57M(187M) 1.156ms
[418.862s][info][gc] GC(6124) Pause Young (Normal) (G1 Evacuation Pause) 159M->58M(187M) 1.157ms
[418.922s][info][gc] GC(6125) Pause Young (Normal) (G1 Evacuation Pause) 162M->58M(187M) 1.130ms
[418.973s][info][gc] GC(6126) Pause Young (Normal) (G1 Evacuation Pause) 161M->59M(187M) 1.255ms
[419.028s][info][gc] GC(6127) Pause Young (Normal) (G1 Evacuation Pause) 162M->60M(187M) 1.231ms
[419.079s][info][gc] GC(6128) Pause Young (Normal) (G1 Evacuation Pause) 164M->61M(187M) 1.157ms
[419.139s][info][gc] GC(6129) Pause Young (Normal) (G1 Evacuation Pause) 164M->62M(187M) 1.179ms
[419.188s][info][gc] GC(6130) Pause Young (Normal) (G1 Evacuation Pause) 165M->63M(187M) 1.255ms
[419.245s][info][gc] GC(6131) Pause Young (Normal) (G1 Evacuation Pause) 166M->64M(187M) 1.189ms
[419.296s][info][gc] GC(6132) Pause Young (Normal) (G1 Evacuation Pause) 168M->65M(187M) 1.286ms
[419.350s][info][gc] GC(6133) Pause Young (Normal) (G1 Evacuation Pause) 167M->65M(187M) 1.156ms
[419.399s][info][gc] GC(6134) Pause Young (Normal) (G1 Evacuation Pause) 167M->66M(187M) 1.230ms
[419.458s][info][gc] GC(6135) Pause Young (Normal) (G1 Evacuation Pause) 166M->67M(187M) 1.278ms
[419.507s][info][gc] GC(6136) Pause Young (Normal) (G1 Evacuation Pause) 166M->68M(187M) 1.260ms
[419.565s][info][gc] GC(6137) Pause Young (Normal) (G1 Evacuation Pause) 166M->68M(187M) 1.291ms
[419.614s][info][gc] GC(6138) Pause Young (Normal) (G1 Evacuation Pause) 167M->69M(187M) 1.097ms
[419.666s][info][gc] GC(6139) Pause Young (Normal) (G1 Evacuation Pause) 168M->69M(187M) 1.244ms
[419.720s][info][gc] GC(6140) Pause Young (Concurrent Start) (G1 Evacuation Pause) 167M->71M(187M) 1.163ms
[419.720s][info][gc] GC(6141) Concurrent Mark Cycle
[419.728s][info][gc] GC(6141) Pause Remark 87M->81M(187M) 0.450ms
[419.734s][info][gc] GC(6141) Pause Cleanup 96M->96M(187M) 0.046ms
[419.734s][info][gc] GC(6141) Concurrent Mark Cycle 14.443ms
[419.763s][info][gc] GC(6142) Pause Young (Prepare Mixed) (G1 Evacuation Pause) 160M->65M(187M) 1.109ms
[419.826s][info][gc] GC(6143) Pause Young (Mixed) (G1 Evacuation Pause) 168M->64M(187M) 1.270ms
[419.871s][info][gc] GC(6144) Pause Young (Normal) (G1 Evacuation Pause) 166M->65M(187M) 1.139ms
[419.930s][info][gc] GC(6145) Pause Young (Normal) (G1 Evacuation Pause) 168M->66M(187M) 1.264ms
[419.976s][info][gc] GC(6146) Pause Young (Normal) (G1 Evacuation Pause) 165M->66M(187M) 1.041ms
[420.035s][info][gc] GC(6147) Pause Young (Normal) (G1 Evacuation Pause) 168M->68M(187M) 1.182ms
[420.079s][info][gc] GC(6148) Pause Young (Normal) (G1 Evacuation Pause) 166M->68M(187M) 1.277ms
[420.137s][info][gc] GC(6149) Pause Young (Normal) (G1 Evacuation Pause) 166M->69M(187M) 1.103ms
[420.184s][info][gc] GC(6150) Pause Young (Concurrent Start) (G1 Evacuation Pause) 166M->70M(187M) 1.117ms
[420.184s][info][gc] GC(6151) Concurrent Mark Cycle
[420.196s][info][gc] GC(6151) Pause Remark 100M->100M(187M) 0.409ms
[420.204s][info][gc] GC(6151) Pause Cleanup 109M->109M(187M) 0.056ms
[420.204s][info][gc] GC(6151) Concurrent Mark Cycle 19.628ms
[420.242s][info][gc] GC(6152) Pause Young (Prepare Mixed) (G1 Evacuation Pause) 166M->71M(187M) 1.231ms
[420.288s][info][gc] GC(6153) Pause Young (Mixed) (G1 Evacuation Pause) 166M->70M(187M) 1.196ms
[420.340s][info][gc] GC(6154) Pause Young (Concurrent Start) (G1 Evacuation Pause) 168M->70M(187M) 1.149ms
[420.341s][info][gc] GC(6155) Concurrent Mark Cycle
[420.351s][info][gc] GC(6155) Pause Remark 87M->87M(187M) 0.445ms
[420.360s][info][gc] GC(6155) Pause Cleanup 107M->107M(187M) 0.052ms
[420.361s][info][gc] GC(6155) Concurrent Mark Cycle 20.123ms
[420.390s][info][gc] GC(6156) Pause Young (Prepare Mixed) (G1 Evacuation Pause) 166M->71M(187M) 1.169ms
[420.446s][info][gc] GC(6157) Pause Young (Mixed) (G1 Evacuation Pause) 168M->70M(187M) 1.211ms
[420.490s][info][gc] GC(6158) Pause Young (Concurrent Start) (G1 Evacuation Pause) 166M->71M(187M) 1.196ms
[420.490s][info][gc] GC(6159) Concurrent Mark Cycle
[420.500s][info][gc] GC(6159) Pause Remark 92M->92M(187M) 0.431ms
[420.509s][info][gc] GC(6159) Pause Cleanup 109M->109M(187M) 0.056ms
[420.509s][info][gc] GC(6159) Concurrent Mark Cycle 19.728ms
[420.548s][info][gc] GC(6160) Pause Young (Prepare Mixed) (G1 Evacuation Pause) 168M->72M(187M) 1.162ms
[420.598s][info][gc] GC(6161) Pause Young (Mixed) (G1 Evacuation Pause) 168M->72M(187M) 1.279ms
[420.646s][info][gc] GC(6162) Pause Young (Concurrent Start) (G1 Evacuation Pause) 166M->72M(187M) 1.107ms
[420.646s][info][gc] GC(6163) Concurrent Mark Cycle
[420.659s][info][gc] GC(6163) Pause Remark 92M->92M(187M) 0.432ms
[420.670s][info][gc] GC(6163) Pause Cleanup 115M->115M(187M) 0.060ms
[420.670s][info][gc] GC(6163) Concurrent Mark Cycle 23.974ms
[420.700s][info][gc] GC(6164) Pause Young (Prepare Mixed) (G1 Evacuation Pause) 170M->73M(187M) 1.290ms
[420.745s][info][gc] GC(6165) Pause Young (Mixed) (G1 Evacuation Pause) 167M->72M(187M) 1.351ms
[420.802s][info][gc] GC(6166) Pause Young (Concurrent Start) (G1 Evacuation Pause) 168M->73M(221M) 1.208ms
[420.802s][info][gc] GC(6167) Concurrent Mark Cycle
[420.813s][info][gc] GC(6167) Pause Remark 88M->88M(221M) 0.399ms
[420.821s][info][gc] GC(6167) Pause Cleanup 103M->103M(221M) 0.053ms
[420.822s][info][gc] GC(6167) Concurrent Mark Cycle 19.408ms
[420.872s][info][gc] GC(6168) Pause Young (Prepare Mixed) (G1 Evacuation Pause) 197M->74M(221M) 1.126ms
[420.934s][info][gc] GC(6169) Pause Young (Mixed) (G1 Evacuation Pause) 197M->76M(221M) 1.364ms
[421.005s][info][gc] GC(6170) Pause Young (Normal) (G1 Evacuation Pause) 197M->77M(221M) 1.374ms
[421.065s][info][gc] GC(6171) Pause Young (Normal) (G1 Evacuation Pause) 197M->77M(221M) 1.432ms
[421.135s][info][gc] GC(6172) Pause Young (Normal) (G1 Evacuation Pause) 197M->79M(221M) 1.400ms
[421.195s][info][gc] GC(6173) Pause Young (Normal) (G1 Evacuation Pause) 198M->79M(221M) 1.315ms
[421.261s][info][gc] GC(6174) Pause Young (Normal) (G1 Evacuation Pause) 197M->80M(221M) 1.328ms
[421.327s][info][gc] GC(6175) Pause Young (Normal) (G1 Evacuation Pause) 196M->81M(221M) 1.265ms
[421.386s][info][gc] GC(6176) Pause Young (Normal) (G1 Evacuation Pause) 199M->83M(221M) 1.276ms
[421.448s][info][gc] GC(6177) Pause Young (Normal) (G1 Evacuation Pause) 198M->84M(221M) 1.330ms
[421.504s][info][gc] GC(6178) Pause Young (Concurrent Start) (G1 Evacuation Pause) 198M->85M(221M) 1.234ms
[421.504s][info][gc] GC(6179) Concurrent Mark Cycle
[421.517s][info][gc] GC(6179) Pause Remark 108M->108M(221M) 0.401ms
[421.527s][info][gc] GC(6179) Pause Cleanup 130M->130M(221M) 0.054ms
[421.527s][info][gc] GC(6179) Concurrent Mark Cycle 23.480ms
[421.569s][info][gc] GC(6180) Pause Young (Prepare Mixed) (G1 Evacuation Pause) 198M->86M(221M) 1.195ms
[421.623s][info][gc] GC(6181) Pause Young (Mixed) (G1 Evacuation Pause) 198M->86M(221M) 1.289ms
[421.685s][info][gc] GC(6182) Pause Young (Concurrent Start) (G1 Evacuation Pause) 199M->87M(221M) 1.214ms
[421.685s][info][gc] GC(6183) Concurrent Mark Cycle
[421.699s][info][gc] GC(6183) Pause Remark 113M->113M(221M) 0.457ms
[421.708s][info][gc] GC(6183) Pause Cleanup 129M->129M(221M) 0.045ms
[421.708s][info][gc] GC(6183) Concurrent Mark Cycle 22.909ms
[421.740s][info][gc] GC(6184) Pause Young (Prepare Mixed) (G1 Evacuation Pause) 196M->87M(221M) 1.243ms
[421.803s][info][gc] GC(6185) Pause Young (Mixed) (G1 Evacuation Pause) 198M->88M(221M) 1.245ms
[421.855s][info][gc] GC(6186) Pause Young (Concurrent Start) (G1 Evacuation Pause) 197M->89M(221M) 1.235ms
[421.855s][info][gc] GC(6187) Concurrent Mark Cycle
[421.870s][info][gc] GC(6187) Pause Remark 108M->108M(221M) 0.400ms
[421.883s][info][gc] GC(6187) Pause Cleanup 126M->126M(221M) 0.071ms
[421.883s][info][gc] GC(6187) Concurrent Mark Cycle 28.671ms
[421.917s][info][gc] GC(6188) Pause Young (Prepare Mixed) (G1 Evacuation Pause) 200M->90M(221M) 1.338ms
[421.977s][info][gc] GC(6189) Pause Young (Mixed) (G1 Evacuation Pause) 197M->91M(221M) 1.242ms
[422.030s][info][gc] GC(6190) Pause Young (Concurrent Start) (G1 Evacuation Pause) 199M->92M(221M) 1.232ms
[422.030s][info][gc] GC(6191) Concurrent Mark Cycle
[422.044s][info][gc] GC(6191) Pause Remark 118M->118M(221M) 0.407ms
[422.055s][info][gc] GC(6191) Pause Cleanup 138M->138M(221M) 0.054ms
[422.055s][info][gc] GC(6191) Concurrent Mark Cycle 24.659ms
[422.093s][info][gc] GC(6192) Pause Young (Prepare Mixed) (G1 Evacuation Pause) 199M->93M(221M) 1.157ms
[422.144s][info][gc] GC(6193) Pause Young (Mixed) (G1 Evacuation Pause) 199M->94M(221M) 1.359ms
[422.204s][info][gc] GC(6194) Pause Young (Concurrent Start) (G1 Evacuation Pause) 199M->95M(221M) 1.172ms
[422.204s][info][gc] GC(6195) Concurrent Mark Cycle
[422.220s][info][gc] GC(6195) Pause Remark 123M->123M(221M) 0.420ms
[422.233s][info][gc] GC(6195) Pause Cleanup 144M->144M(221M) 0.056ms
[422.233s][info][gc] GC(6195) Concurrent Mark Cycle 29.072ms
[422.259s][info][gc] GC(6196) Pause Young (Prepare Mixed) (G1 Evacuation Pause) 200M->95M(221M) 1.156ms
[422.319s][info][gc] GC(6197) Pause Young (Mixed) (G1 Evacuation Pause) 198M->96M(221M) 1.276ms
[422.368s][info][gc] GC(6198) Pause Young (Concurrent Start) (G1 Evacuation Pause) 200M->98M(221M) 1.259ms
[422.368s][info][gc] GC(6199) Concurrent Mark Cycle
[422.388s][info][gc] GC(6199) Pause Remark 139M->139M(221M) 0.421ms
[422.398s][info][gc] GC(6199) Pause Cleanup 152M->152M(221M) 0.060ms
[422.398s][info][gc] GC(6199) Concurrent Mark Cycle 29.603ms
[422.433s][info][gc] GC(6200) Pause Young (Prepare Mixed) (G1 Evacuation Pause) 199M->98M(221M) 1.332ms
[422.481s][info][gc] GC(6201) Pause Young (Mixed) (G1 Evacuation Pause) 200M->99M(221M) 1.196ms
[422.539s][info][gc] GC(6202) Pause Young (Concurrent Start) (G1 Evacuation Pause) 200M->99M(221M) 1.234ms
[422.539s][info][gc] GC(6203) Concurrent Mark Cycle
[422.555s][info][gc] GC(6203) Pause Remark 131M->131M(221M) 0.420ms
[422.566s][info][gc] GC(6203) Pause Cleanup 149M->149M(221M) 0.057ms
[422.566s][info][gc] GC(6203) Concurrent Mark Cycle 27.262ms
[422.592s][info][gc] GC(6204) Pause Young (Prepare Mixed) (G1 Evacuation Pause) 200M->100M(221M) 1.076ms
[422.649s][info][gc] GC(6205) Pause Young (Mixed) (G1 Evacuation Pause) 198M->101M(221M) 1.328ms
[422.698s][info][gc] GC(6206) Pause Young (Concurrent Start) (G1 Evacuation Pause) 198M->102M(221M) 1.246ms
[422.698s][info][gc] GC(6207) Concurrent Mark Cycle
[422.715s][info][gc] GC(6207) Pause Remark 137M->137M(221M) 0.487ms
[422.726s][info][gc] GC(6207) Pause Cleanup 160M->160M(221M) 0.049ms
[422.726s][info][gc] GC(6207) Concurrent Mark Cycle 28.182ms
[422.753s][info][gc] GC(6208) Pause Young (Prepare Mixed) (G1 Evacuation Pause) 198M->102M(221M) 1.144ms
[422.807s][info][gc] GC(6209) Pause Young (Mixed) (G1 Evacuation Pause) 201M->104M(221M) 1.350ms
[422.851s][info][gc] GC(6210) Pause Young (Concurrent Start) (G1 Evacuation Pause) 199M->104M(221M) 1.131ms
[422.851s][info][gc] GC(6211) Concurrent Mark Cycle
[422.869s][info][gc] GC(6211) Pause Remark 126M->126M(221M) 0.460ms
[422.885s][info][gc] GC(6211) Pause Cleanup 161M->161M(221M) 0.053ms
[422.885s][info][gc] GC(6211) Concurrent Mark Cycle 33.761ms
[422.907s][info][gc] GC(6212) Pause Young (Prepare Mixed) (G1 Evacuation Pause) 199M->105M(221M) 1.119ms
[422.953s][info][gc] GC(6213) Pause Young (Mixed) (G1 Evacuation Pause) 198M->105M(254M) 1.113ms
[423.020s][info][gc] GC(6214) Pause Young (Normal) (G1 Evacuation Pause) 232M->107M(254M) 1.261ms
[423.087s][info][gc] GC(6215) Pause Young (Normal) (G1 Evacuation Pause) 230M->108M(254M) 1.155ms
[423.146s][info][gc] GC(6216) Pause Young (Concurrent Start) (G1 Evacuation Pause) 229M->109M(254M) 1.199ms
[423.146s][info][gc] GC(6217) Concurrent Mark Cycle
[423.167s][info][gc] GC(6217) Pause Remark 148M->148M(254M) 0.408ms
[423.177s][info][gc] GC(6217) Pause Cleanup 160M->160M(254M) 0.056ms
[423.178s][info][gc] GC(6217) Concurrent Mark Cycle 31.486ms
[423.218s][info][gc] GC(6218) Pause Young (Prepare Mixed) (G1 Evacuation Pause) 228M->109M(254M) 1.380ms
[423.273s][info][gc] GC(6219) Pause Young (Mixed) (G1 Evacuation Pause) 228M->110M(254M) 1.255ms
[423.344s][info][gc] GC(6220) Pause Young (Concurrent Start) (G1 Evacuation Pause) 228M->112M(254M) 1.414ms
[423.344s][info][gc] GC(6221) Concurrent Mark Cycle
[423.364s][info][gc] GC(6221) Pause Remark 153M->153M(254M) 0.495ms
[423.377s][info][gc] GC(6221) Pause Cleanup 176M->176M(254M) 0.047ms
[423.377s][info][gc] GC(6221) Concurrent Mark Cycle 33.223ms
[423.411s][info][gc] GC(6222) Pause Young (Prepare Mixed) (G1 Evacuation Pause) 228M->112M(254M) 1.350ms
[423.473s][info][gc] GC(6223) Pause Young (Mixed) (G1 Evacuation Pause) 230M->114M(254M) 1.329ms
[423.612s][info][gc] GC(6224) Pause Young (Concurrent Start) (G1 Evacuation Pause) 228M->115M(254M) 1.538ms
[423.612s][info][gc] GC(6225) Concurrent Mark Cycle
[423.617s][info][gc] GC(6225) Pause Remark 118M->53M(170M) 0.430ms
[423.619s][info][gc] GC(6225) Pause Cleanup 54M->54M(170M) 0.052ms
[423.619s][info][gc] GC(6225) Concurrent Mark Cycle 7.816ms
[423.668s][info][gc] GC(6226) Pause Young (Prepare Mixed) (G1 Evacuation Pause) 152M->52M(170M) 1.508ms
[423.713s][info][gc] GC(6227) Pause Young (Mixed) (G1 Evacuation Pause) 144M->45M(170M) 1.289ms
[423.773s][info][gc] GC(6228) Pause Young (Normal) (G1 Evacuation Pause) 140M->47M(170M) 1.185ms
[423.817s][info][gc] GC(6229) Pause Young (Normal) (G1 Evacuation Pause) 140M->48M(170M) 1.317ms
[423.874s][info][gc] GC(6230) Pause Young (Normal) (G1 Evacuation Pause) 143M->49M(170M) 1.098ms
[423.922s][info][gc] GC(6231) Pause Young (Normal) (G1 Evacuation Pause) 143M->50M(170M) 1.136ms
[423.982s][info][gc] GC(6232) Pause Young (Normal) (G1 Evacuation Pause) 144M->51M(170M) 1.329ms
[424.027s][info][gc] GC(6233) Pause Young (Normal) (G1 Evacuation Pause) 144M->51M(170M) 1.153ms
[424.080s][info][gc] GC(6234) Pause Young (Normal) (G1 Evacuation Pause) 145M->51M(170M) 1.059ms
[424.129s][info][gc] GC(6235) Pause Young (Normal) (G1 Evacuation Pause) 145M->53M(170M) 1.131ms
[424.182s][info][gc] GC(6236) Pause Young (Normal) (G1 Evacuation Pause) 147M->53M(170M) 1.312ms
[424.231s][info][gc] GC(6237) Pause Young (Normal) (G1 Evacuation Pause) 148M->54M(170M) 1.196ms
[424.282s][info][gc] GC(6238) Pause Young (Normal) (G1 Evacuation Pause) 147M->54M(170M) 1.137ms
[424.332s][info][gc] GC(6239) Pause Young (Normal) (G1 Evacuation Pause) 149M->55M(170M) 1.157ms
[424.377s][info][gc] GC(6240) Pause Young (Normal) (G1 Evacuation Pause) 149M->56M(170M) 1.059ms
[424.432s][info][gc] GC(6241) Pause Young (Normal) (G1 Evacuation Pause) 150M->57M(170M) 1.277ms
[424.476s][info][gc] GC(6242) Pause Young (Normal) (G1 Evacuation Pause) 151M->58M(170M) 1.139ms
[424.532s][info][gc] GC(6243) Pause Young (Normal) (G1 Evacuation Pause) 152M->59M(170M) 1.105ms
[424.575s][info][gc] GC(6244) Pause Young (Normal) (G1 Evacuation Pause) 151M->60M(170M) 1.144ms
[424.636s][info][gc] GC(6245) Pause Young (Normal) (G1 Evacuation Pause) 151M->61M(170M) 1.578ms
[424.687s][info][gc] GC(6246) Pause Young (Normal) (G1 Evacuation Pause) 152M->61M(170M) 1.165ms
[424.740s][info][gc] GC(6247) Pause Young (Normal) (G1 Evacuation Pause) 151M->62M(170M) 1.233ms
[424.785s][info][gc] GC(6248) Pause Young (Normal) (G1 Evacuation Pause) 152M->63M(170M) 1.186ms
[424.825s][info][gc] GC(6249) Pause Young (Normal) (G1 Evacuation Pause) 152M->62M(170M) 1.016ms
[424.874s][info][gc] GC(6250) Pause Young (Concurrent Start) (G1 Evacuation Pause) 152M->63M(170M) 1.099ms
[424.874s][info][gc] GC(6251) Concurrent Mark Cycle
[424.883s][info][gc] GC(6251) Pause Remark 76M->71M(170M) 0.465ms
[424.890s][info][gc] GC(6251) Pause Cleanup 80M->80M(170M) 0.052ms
[424.890s][info][gc] GC(6251) Concurrent Mark Cycle 15.893ms
[424.920s][info][gc] GC(6252) Pause Young (Prepare Mixed) (G1 Evacuation Pause) 146M->59M(170M) 1.061ms
[424.971s][info][gc] GC(6253) Pause Young (Mixed) (G1 Evacuation Pause) 152M->57M(170M) 1.137ms
[425.020s][info][gc] GC(6254) Pause Young (Normal) (G1 Evacuation Pause) 151M->58M(170M) 1.134ms
[425.080s][info][gc] GC(6255) Pause Young (Normal) (G1 Evacuation Pause) 152M->59M(170M) 1.154ms
[425.126s][info][gc] GC(6256) Pause Young (Normal) (G1 Evacuation Pause) 150M->59M(170M) 1.115ms
[425.186s][info][gc] GC(6257) Pause Young (Normal) (G1 Evacuation Pause) 153M->60M(170M) 1.232ms
[425.236s][info][gc] GC(6258) Pause Young (Normal) (G1 Evacuation Pause) 152M->61M(170M) 1.237ms
[425.278s][info][gc] GC(6259) Pause Young (Normal) (G1 Evacuation Pause) 150M->60M(170M) 0.990ms
[425.330s][info][gc] GC(6260) Pause Young (Normal) (G1 Evacuation Pause) 154M->63M(170M) 1.050ms
[425.371s][info][gc] GC(6261) Pause Young (Normal) (G1 Evacuation Pause) 151M->63M(170M) 1.266ms
[425.423s][info][gc] GC(6262) Pause Young (Concurrent Start) (G1 Evacuation Pause) 153M->64M(170M) 1.102ms
[425.423s][info][gc] GC(6263) Concurrent Mark Cycle
[425.434s][info][gc] GC(6263) Pause Remark 84M->84M(170M) 0.453ms
[425.440s][info][gc] GC(6263) Pause Cleanup 96M->96M(170M) 0.058ms
[425.440s][info][gc] GC(6263) Concurrent Mark Cycle 16.955ms
[425.466s][info][gc] GC(6264) Pause Young (Prepare Mixed) (G1 Evacuation Pause) 150M->65M(170M) 1.127ms
[425.513s][info][gc] GC(6265) Pause Young (Mixed) (G1 Evacuation Pause) 152M->63M(170M) 1.118ms
[425.558s][info][gc] GC(6266) Pause Young (Concurrent Start) (G1 Evacuation Pause) 152M->65M(170M) 1.101ms
[425.558s][info][gc] GC(6267) Concurrent Mark Cycle
[425.568s][info][gc] GC(6267) Pause Remark 81M->81M(170M) 0.463ms
[425.574s][info][gc] GC(6267) Pause Cleanup 94M->94M(170M) 0.046ms
[425.574s][info][gc] GC(6267) Concurrent Mark Cycle 16.925ms
[425.604s][info][gc] GC(6268) Pause Young (Prepare Mixed) (G1 Evacuation Pause) 152M->64M(170M) 1.118ms
[425.652s][info][gc] GC(6269) Pause Young (Mixed) (G1 Evacuation Pause) 154M->65M(170M) 1.586ms
[425.700s][info][gc] GC(6270) Pause Young (Concurrent Start) (G1 Evacuation Pause) 152M->65M(204M) 1.301ms
[425.700s][info][gc] GC(6271) Concurrent Mark Cycle
[425.710s][info][gc] GC(6271) Pause Remark 84M->84M(204M) 0.413ms
[425.717s][info][gc] GC(6271) Pause Cleanup 89M->89M(204M) 0.054ms
[425.717s][info][gc] GC(6271) Concurrent Mark Cycle 16.986ms
[425.773s][info][gc] GC(6272) Pause Young (Prepare Mixed) (G1 Evacuation Pause) 180M->66M(204M) 1.411ms
[425.830s][info][gc] GC(6273) Pause Young (Mixed) (G1 Evacuation Pause) 180M->65M(204M) 1.080ms
[425.894s][info][gc] GC(6274) Pause Young (Normal) (G1 Evacuation Pause) 179M->67M(204M) 1.331ms
[425.960s][info][gc] GC(6275) Pause Young (Normal) (G1 Evacuation Pause) 178M->68M(204M) 1.417ms
[426.020s][info][gc] GC(6276) Pause Young (Normal) (G1 Evacuation Pause) 180M->69M(204M) 1.448ms
[426.087s][info][gc] GC(6277) Pause Young (Normal) (G1 Evacuation Pause) 180M->69M(204M) 1.318ms
[426.148s][info][gc] GC(6278) Pause Young (Normal) (G1 Evacuation Pause) 182M->71M(204M) 1.355ms
[426.211s][info][gc] GC(6279) Pause Young (Normal) (G1 Evacuation Pause) 182M->71M(204M) 1.201ms
[426.267s][info][gc] GC(6280) Pause Young (Normal) (G1 Evacuation Pause) 183M->72M(204M) 1.355ms
[426.327s][info][gc] GC(6281) Pause Young (Normal) (G1 Evacuation Pause) 182M->73M(204M) 1.192ms
[426.380s][info][gc] GC(6282) Pause Young (Normal) (G1 Evacuation Pause) 183M->74M(204M) 1.160ms
[426.445s][info][gc] GC(6283) Pause Young (Normal) (G1 Evacuation Pause) 183M->75M(204M) 1.237ms
[426.496s][info][gc] GC(6284) Pause Young (Normal) (G1 Evacuation Pause) 181M->76M(204M) 1.284ms
[426.555s][info][gc] GC(6285) Pause Young (Normal) (G1 Evacuation Pause) 183M->77M(204M) 1.135ms
[426.607s][info][gc] GC(6286) Pause Young (Concurrent Start) (G1 Evacuation Pause) 183M->78M(204M) 1.455ms
[426.607s][info][gc] GC(6287) Concurrent Mark Cycle
[426.624s][info][gc] GC(6287) Pause Remark 99M->99M(204M) 0.453ms
[426.634s][info][gc] GC(6287) Pause Cleanup 107M->107M(204M) 0.052ms
[426.634s][info][gc] GC(6287) Concurrent Mark Cycle 26.582ms
[426.675s][info][gc] GC(6288) Pause Young (Prepare Mixed) (G1 Evacuation Pause) 183M->78M(204M) 1.407ms
[426.725s][info][gc] GC(6289) Pause Young (Mixed) (G1 Evacuation Pause) 182M->78M(204M) 1.157ms
[426.787s][info][gc] GC(6290) Pause Young (Concurrent Start) (G1 Evacuation Pause) 184M->80M(204M) 1.339ms
[426.787s][info][gc] GC(6291) Concurrent Mark Cycle
[426.802s][info][gc] GC(6291) Pause Remark 111M->111M(204M) 0.457ms
[426.810s][info][gc] GC(6291) Pause Cleanup 127M->127M(204M) 0.041ms
[426.810s][info][gc] GC(6291) Concurrent Mark Cycle 23.543ms
[426.834s][info][gc] GC(6292) Pause Young (Prepare Mixed) (G1 Evacuation Pause) 182M->80M(204M) 1.364ms
[426.896s][info][gc] GC(6293) Pause Young (Mixed) (G1 Evacuation Pause) 185M->81M(204M) 1.132ms
[426.941s][info][gc] GC(6294) Pause Young (Concurrent Start) (G1 Evacuation Pause) 182M->82M(204M) 1.432ms
[426.941s][info][gc] GC(6295) Concurrent Mark Cycle
[426.958s][info][gc] GC(6295) Pause Remark 104M->104M(204M) 0.421ms
[426.967s][info][gc] GC(6295) Pause Cleanup 114M->114M(204M) 0.051ms
[426.967s][info][gc] GC(6295) Concurrent Mark Cycle 26.306ms
[427.007s][info][gc] GC(6296) Pause Young (Prepare Mixed) (G1 Evacuation Pause) 182M->83M(204M) 1.345ms
[427.054s][info][gc] GC(6297) Pause Young (Mixed) (G1 Evacuation Pause) 184M->83M(204M) 1.145ms
[427.113s][info][gc] GC(6298) Pause Young (Concurrent Start) (G1 Evacuation Pause) 183M->85M(204M) 1.128ms
[427.113s][info][gc] GC(6299) Concurrent Mark Cycle
[427.126s][info][gc] GC(6299) Pause Remark 115M->115M(204M) 0.410ms
[427.136s][info][gc] GC(6299) Pause Cleanup 127M->127M(204M) 0.051ms
[427.136s][info][gc] GC(6299) Concurrent Mark Cycle 22.746ms
[427.163s][info][gc] GC(6300) Pause Young (Prepare Mixed) (G1 Evacuation Pause) 183M->85M(204M) 1.167ms
[427.218s][info][gc] GC(6301) Pause Young (Mixed) (G1 Evacuation Pause) 182M->86M(237M) 1.423ms
[427.279s][info][gc] GC(6302) Pause Young (Normal) (G1 Evacuation Pause) 214M->86M(237M) 1.252ms
[427.351s][info][gc] GC(6303) Pause Young (Normal) (G1 Evacuation Pause) 214M->88M(237M) 1.243ms
[427.417s][info][gc] GC(6304) Pause Young (Normal) (G1 Evacuation Pause) 212M->88M(237M) 1.216ms
[427.477s][info][gc] GC(6305) Pause Young (Normal) (G1 Evacuation Pause) 212M->90M(237M) 1.262ms
[427.540s][info][gc] GC(6306) Pause Young (Concurrent Start) (G1 Evacuation Pause) 211M->91M(237M) 1.278ms
[427.540s][info][gc] GC(6307) Concurrent Mark Cycle
[427.556s][info][gc] GC(6307) Pause Remark 115M->115M(237M) 0.414ms
[427.567s][info][gc] GC(6307) Pause Cleanup 139M->139M(237M) 0.052ms
[427.567s][info][gc] GC(6307) Concurrent Mark Cycle 27.372ms
[427.599s][info][gc] GC(6308) Pause Young (Prepare Mixed) (G1 Evacuation Pause) 213M->91M(237M) 1.238ms
[427.667s][info][gc] GC(6309) Pause Young (Mixed) (G1 Evacuation Pause) 213M->93M(237M) 1.313ms
[427.730s][info][gc] GC(6310) Pause Young (Concurrent Start) (G1 Evacuation Pause) 212M->93M(237M) 1.241ms
[427.730s][info][gc] GC(6311) Concurrent Mark Cycle
[427.746s][info][gc] GC(6311) Pause Remark 118M->118M(237M) 0.420ms
[427.756s][info][gc] GC(6311) Pause Cleanup 139M->139M(237M) 0.048ms
[427.756s][info][gc] GC(6311) Concurrent Mark Cycle 26.000ms
[427.794s][info][gc] GC(6312) Pause Young (Prepare Mixed) (G1 Evacuation Pause) 214M->95M(237M) 1.217ms
[427.857s][info][gc] GC(6313) Pause Young (Mixed) (G1 Evacuation Pause) 212M->95M(237M) 1.376ms
[427.911s][info][gc] GC(6314) Pause Young (Concurrent Start) (G1 Evacuation Pause) 213M->96M(237M) 1.188ms
[427.911s][info][gc] GC(6315) Concurrent Mark Cycle
[427.926s][info][gc] GC(6315) Pause Remark 124M->124M(237M) 0.427ms
[427.940s][info][gc] GC(6315) Pause Cleanup 142M->142M(237M) 0.051ms
[427.940s][info][gc] GC(6315) Concurrent Mark Cycle 28.683ms
[427.978s][info][gc] GC(6316) Pause Young (Prepare Mixed) (G1 Evacuation Pause) 213M->97M(237M) 1.216ms
[428.034s][info][gc] GC(6317) Pause Young (Mixed) (G1 Evacuation Pause) 213M->97M(237M) 1.233ms
[428.096s][info][gc] GC(6318) Pause Young (Concurrent Start) (G1 Evacuation Pause) 214M->99M(237M) 1.242ms
[428.096s][info][gc] GC(6319) Concurrent Mark Cycle
[428.112s][info][gc] GC(6319) Pause Remark 125M->125M(237M) 0.414ms
[428.123s][info][gc] GC(6319) Pause Cleanup 144M->144M(237M) 0.051ms
[428.123s][info][gc] GC(6319) Concurrent Mark Cycle 27.082ms
[428.164s][info][gc] GC(6320) Pause Young (Prepare Mixed) (G1 Evacuation Pause) 212M->99M(237M) 1.317ms
[428.225s][info][gc] GC(6321) Pause Young (Mixed) (G1 Evacuation Pause) 214M->99M(237M) 1.405ms
[428.290s][info][gc] GC(6322) Pause Young (Concurrent Start) (G1 Evacuation Pause) 212M->101M(237M) 1.240ms
[428.290s][info][gc] GC(6323) Concurrent Mark Cycle
[428.303s][info][gc] GC(6323) Pause Remark 127M->127M(237M) 0.430ms
[428.316s][info][gc] GC(6323) Pause Cleanup 152M->152M(237M) 0.061ms
[428.316s][info][gc] GC(6323) Concurrent Mark Cycle 25.872ms
[428.346s][info][gc] GC(6324) Pause Young (Prepare Mixed) (G1 Evacuation Pause) 211M->102M(237M) 1.301ms
[428.405s][info][gc] GC(6325) Pause Young (Mixed) (G1 Evacuation Pause) 212M->103M(237M) 1.362ms
[428.457s][info][gc] GC(6326) Pause Young (Concurrent Start) (G1 Evacuation Pause) 215M->104M(237M) 1.241ms
[428.457s][info][gc] GC(6327) Concurrent Mark Cycle
[428.473s][info][gc] GC(6327) Pause Remark 133M->133M(237M) 0.395ms
[428.485s][info][gc] GC(6327) Pause Cleanup 155M->155M(237M) 0.050ms
[428.485s][info][gc] GC(6327) Concurrent Mark Cycle 28.541ms
[428.521s][info][gc] GC(6328) Pause Young (Prepare Mixed) (G1 Evacuation Pause) 212M->105M(237M) 1.394ms
[428.571s][info][gc] GC(6329) Pause Young (Mixed) (G1 Evacuation Pause) 213M->105M(237M) 1.274ms
[428.630s][info][gc] GC(6330) Pause Young (Concurrent Start) (G1 Evacuation Pause) 215M->106M(237M) 1.146ms
[428.630s][info][gc] GC(6331) Concurrent Mark Cycle
[428.646s][info][gc] GC(6331) Pause Remark 138M->138M(237M) 0.402ms
[428.660s][info][gc] GC(6331) Pause Cleanup 165M->165M(237M) 0.047ms
[428.660s][info][gc] GC(6331) Concurrent Mark Cycle 29.990ms
[428.685s][info][gc] GC(6332) Pause Young (Prepare Mixed) (G1 Evacuation Pause) 214M->107M(237M) 1.267ms
[428.747s][info][gc] GC(6333) Pause Young (Mixed) (G1 Evacuation Pause) 214M->109M(237M) 1.268ms
[428.795s][info][gc] GC(6334) Pause Young (Concurrent Start) (G1 Evacuation Pause) 213M->108M(237M) 1.114ms
[428.795s][info][gc] GC(6335) Concurrent Mark Cycle
[428.813s][info][gc] GC(6335) Pause Remark 137M->137M(237M) 0.415ms
[428.826s][info][gc] GC(6335) Pause Cleanup 155M->155M(237M) 0.052ms
[428.827s][info][gc] GC(6335) Concurrent Mark Cycle 31.035ms
[428.859s][info][gc] GC(6336) Pause Young (Prepare Mixed) (G1 Evacuation Pause) 214M->110M(237M) 1.319ms
[428.910s][info][gc] GC(6337) Pause Young (Mixed) (G1 Evacuation Pause) 214M->110M(269M) 1.189ms
[428.985s][info][gc] GC(6338) Pause Young (Normal) (G1 Evacuation Pause) 244M->112M(269M) 1.395ms
[429.055s][info][gc] GC(6339) Pause Young (Normal) (G1 Evacuation Pause) 244M->113M(269M) 1.328ms
[429.117s][info][gc] GC(6340) Pause Young (Concurrent Start) (G1 Evacuation Pause) 242M->113M(269M) 1.393ms
[429.117s][info][gc] GC(6341) Concurrent Mark Cycle
[429.133s][info][gc] GC(6341) Pause Remark 132M->132M(269M) 0.573ms
[429.144s][info][gc] GC(6341) Pause Cleanup 145M->145M(269M) 0.066ms
[429.144s][info][gc] GC(6341) Concurrent Mark Cycle 26.275ms
[429.309s][info][gc] GC(6342) Pause Young (Prepare Mixed) (G1 Evacuation Pause) 242M->115M(269M) 1.287ms
[429.428s][info][gc] GC(6343) Pause Young (Mixed) (G1 Evacuation Pause) 241M->116M(269M) 1.538ms
[429.557s][info][gc] GC(6344) Pause Young (Concurrent Start) (G1 Evacuation Pause) 243M->117M(269M) 1.300ms
[429.557s][info][gc] GC(6345) Concurrent Mark Cycle
[429.561s][info][gc] GC(6345) Pause Remark 121M->59M(187M) 0.416ms
[429.562s][info][gc] GC(6345) Pause Cleanup 60M->60M(187M) 0.029ms
[429.562s][info][gc] GC(6345) Concurrent Mark Cycle 5.161ms
[429.662s][info][gc] GC(6346) Pause Young (Prepare Mixed) (G1 Evacuation Pause) 156M->56M(187M) 1.437ms
[429.763s][info][gc] GC(6347) Pause Young (Mixed) (G1 Evacuation Pause) 159M->46M(187M) 1.095ms
[429.865s][info][gc] GC(6348) Pause Young (Normal) (G1 Evacuation Pause) 150M->47M(187M) 1.089ms
[429.967s][info][gc] GC(6349) Pause Young (Normal) (G1 Evacuation Pause) 150M->48M(187M) 1.267ms
[430.075s][info][gc] GC(6350) Pause Young (Normal) (G1 Evacuation Pause) 153M->49M(187M) 1.014ms
[430.177s][info][gc] GC(6351) Pause Young (Normal) (G1 Evacuation Pause) 153M->50M(187M) 1.053ms
[430.280s][info][gc] GC(6352) Pause Young (Normal) (G1 Evacuation Pause) 153M->51M(187M) 1.144ms
[430.387s][info][gc] GC(6353) Pause Young (Normal) (G1 Evacuation Pause) 155M->52M(187M) 1.086ms
[430.490s][info][gc] GC(6354) Pause Young (Normal) (G1 Evacuation Pause) 155M->52M(187M) 1.169ms
[430.593s][info][gc] GC(6355) Pause Young (Normal) (G1 Evacuation Pause) 156M->53M(187M) 1.089ms
[430.692s][info][gc] GC(6356) Pause Young (Normal) (G1 Evacuation Pause) 157M->54M(187M) 1.088ms
[430.803s][info][gc] GC(6357) Pause Young (Normal) (G1 Evacuation Pause) 157M->55M(187M) 1.089ms
[430.904s][info][gc] GC(6358) Pause Young (Normal) (G1 Evacuation Pause) 158M->55M(187M) 1.045ms
[431.012s][info][gc] GC(6359) Pause Young (Normal) (G1 Evacuation Pause) 159M->57M(187M) 1.187ms
[431.115s][info][gc] GC(6360) Pause Young (Normal) (G1 Evacuation Pause) 160M->57M(187M) 1.258ms
[431.214s][info][gc] GC(6361) Pause Young (Normal) (G1 Evacuation Pause) 161M->58M(187M) 0.992ms
[431.322s][info][gc] GC(6362) Pause Young (Normal) (G1 Evacuation Pause) 162M->59M(187M) 1.069ms
[431.424s][info][gc] GC(6363) Pause Young (Normal) (G1 Evacuation Pause) 162M->60M(187M) 1.122ms
[431.529s][info][gc] GC(6364) Pause Young (Normal) (G1 Evacuation Pause) 164M->60M(187M) 1.135ms
[431.632s][info][gc] GC(6365) Pause Young (Normal) (G1 Evacuation Pause) 163M->62M(187M) 1.192ms
[431.733s][info][gc] GC(6366) Pause Young (Normal) (G1 Evacuation Pause) 165M->63M(187M) 1.109ms
[431.842s][info][gc] GC(6367) Pause Young (Normal) (G1 Evacuation Pause) 166M->63M(187M) 1.152ms
[431.941s][info][gc] GC(6368) Pause Young (Normal) (G1 Evacuation Pause) 166M->64M(187M) 1.138ms
[432.047s][info][gc] GC(6369) Pause Young (Normal) (G1 Evacuation Pause) 168M->65M(187M) 1.043ms
[432.143s][info][gc] GC(6370) Pause Young (Normal) (G1 Evacuation Pause) 167M->66M(187M) 1.074ms
[432.240s][info][gc] GC(6371) Pause Young (Normal) (G1 Evacuation Pause) 165M->67M(187M) 1.190ms
[432.336s][info][gc] GC(6372) Pause Young (Normal) (G1 Evacuation Pause) 168M->68M(187M) 0.972ms
[432.441s][info][gc] GC(6373) Pause Young (Normal) (G1 Evacuation Pause) 168M->68M(187M) 1.187ms
[432.533s][info][gc] GC(6374) Pause Young (Normal) (G1 Evacuation Pause) 166M->69M(187M) 1.051ms
[432.634s][info][gc] GC(6375) Pause Young (Normal) (G1 Evacuation Pause) 166M->70M(187M) 1.050ms
[432.729s][info][gc] GC(6376) Pause Young (Normal) (G1 Evacuation Pause) 167M->71M(187M) 1.034ms
[432.820s][info][gc] GC(6377) Pause Young (Normal) (G1 Evacuation Pause) 167M->70M(187M) 1.011ms
[432.912s][info][gc] GC(6378) Pause Young (Concurrent Start) (G1 Evacuation Pause) 167M->72M(187M) 1.153ms
[432.912s][info][gc] GC(6379) Concurrent Mark Cycle
[432.920s][info][gc] GC(6379) Pause Remark 79M->73M(187M) 0.396ms
[432.928s][info][gc] GC(6379) Pause Cleanup 74M->74M(187M) 0.061ms
[432.928s][info][gc] GC(6379) Concurrent Mark Cycle 16.279ms
[433.020s][info][gc] GC(6380) Pause Young (Prepare Mixed) (G1 Evacuation Pause) 161M->67M(187M) 1.156ms
[433.120s][info][gc] GC(6381) Pause Young (Mixed) (G1 Evacuation Pause) 167M->66M(187M) 1.039ms
[433.219s][info][gc] GC(6382) Pause Young (Normal) (G1 Evacuation Pause) 167M->66M(187M) 1.032ms
[433.319s][info][gc] GC(6383) Pause Young (Normal) (G1 Evacuation Pause) 166M->67M(187M) 1.017ms
[433.425s][info][gc] GC(6384) Pause Young (Normal) (G1 Evacuation Pause) 168M->68M(187M) 1.054ms
[433.526s][info][gc] GC(6385) Pause Young (Normal) (G1 Evacuation Pause) 168M->69M(187M) 1.033ms
[433.621s][info][gc] GC(6386) Pause Young (Normal) (G1 Evacuation Pause) 166M->70M(187M) 1.050ms
[433.722s][info][gc] GC(6387) Pause Young (Normal) (G1 Evacuation Pause) 167M->71M(187M) 1.060ms
[433.819s][info][gc] GC(6388) Pause Young (Normal) (G1 Evacuation Pause) 167M->72M(187M) 1.128ms
[433.911s][info][gc] GC(6389) Pause Young (Concurrent Start) (G1 Evacuation Pause) 167M->72M(187M) 1.055ms
[433.911s][info][gc] GC(6390) Concurrent Mark Cycle
[433.918s][info][gc] GC(6390) Pause Remark 81M->81M(187M) 0.416ms
[433.925s][info][gc] GC(6390) Pause Cleanup 86M->86M(187M) 0.037ms
[433.925s][info][gc] GC(6390) Concurrent Mark Cycle 14.117ms
[434.008s][info][gc] GC(6391) Pause Young (Prepare Mixed) (G1 Evacuation Pause) 167M->74M(187M) 1.048ms
[434.100s][info][gc] GC(6392) Pause Young (Mixed) (G1 Evacuation Pause) 168M->72M(187M) 1.041ms
[434.193s][info][gc] GC(6393) Pause Young (Concurrent Start) (G1 Evacuation Pause) 167M->73M(187M) 0.945ms
[434.193s][info][gc] GC(6394) Concurrent Mark Cycle
[434.201s][info][gc] GC(6394) Pause Remark 78M->78M(187M) 0.375ms
[434.208s][info][gc] GC(6394) Pause Cleanup 84M->84M(187M) 0.064ms
[434.208s][info][gc] GC(6394) Concurrent Mark Cycle 14.880ms
[434.289s][info][gc] GC(6395) Pause Young (Prepare Mixed) (G1 Evacuation Pause) 169M->74M(187M) 0.980ms
[434.460s][info][gc] GC(6396) Pause Young (Mixed) (G1 Evacuation Pause) 167M->73M(187M) 1.049ms
[434.559s][info][gc] GC(6397) Pause Young (Concurrent Start) (G1 Evacuation Pause) 169M->75M(187M) 1.458ms
[434.559s][info][gc] GC(6398) Concurrent Mark Cycle
[434.564s][info][gc] GC(6398) Pause Remark 82M->48M(144M) 0.438ms
[434.566s][info][gc] GC(6398) Pause Cleanup 51M->51M(144M) 0.043ms
[434.566s][info][gc] GC(6398) Concurrent Mark Cycle 6.489ms
[434.643s][info][gc] GC(6399) Pause Young (Prepare Mixed) (G1 Evacuation Pause) 117M->42M(144M) 1.598ms
[434.731s][info][gc] GC(6400) Pause Young (Mixed) (G1 Evacuation Pause) 121M->41M(144M) 1.609ms
[434.823s][info][gc] GC(6401) Pause Young (Normal) (G1 Evacuation Pause) 120M->42M(144M) 1.383ms
[434.917s][info][gc] GC(6402) Pause Young (Normal) (G1 Evacuation Pause) 121M->41M(144M) 1.366ms
[435.021s][info][gc] GC(6403) Pause Young (Normal) (G1 Evacuation Pause) 121M->43M(144M) 1.398ms
[435.112s][info][gc] GC(6404) Pause Young (Normal) (G1 Evacuation Pause) 121M->44M(144M) 1.073ms
[435.191s][info][gc] GC(6405) Pause Young (Normal) (G1 Evacuation Pause) 123M->44M(144M) 1.137ms
[435.276s][info][gc] GC(6406) Pause Young (Normal) (G1 Evacuation Pause) 123M->45M(144M) 0.986ms
[435.345s][info][gc] GC(6407) Pause Young (Normal) (G1 Evacuation Pause) 124M->45M(144M) 0.941ms
[435.438s][info][gc] GC(6408) Pause Young (Normal) (G1 Evacuation Pause) 124M->46M(144M) 1.077ms
[435.524s][info][gc] GC(6409) Pause Young (Normal) (G1 Evacuation Pause) 125M->47M(144M) 1.594ms
[435.607s][info][gc] GC(6410) Pause Young (Normal) (G1 Evacuation Pause) 126M->48M(144M) 0.934ms
[435.683s][info][gc] GC(6411) Pause Young (Normal) (G1 Evacuation Pause) 127M->48M(144M) 0.898ms
[435.767s][info][gc] GC(6412) Pause Young (Normal) (G1 Evacuation Pause) 127M->49M(144M) 0.873ms
[435.852s][info][gc] GC(6413) Pause Young (Normal) (G1 Evacuation Pause) 127M->50M(144M) 1.175ms
[435.930s][info][gc] GC(6414) Pause Young (Normal) (G1 Evacuation Pause) 128M->50M(144M) 0.986ms
[436.008s][info][gc] GC(6415) Pause Young (Normal) (G1 Evacuation Pause) 129M->51M(144M) 0.881ms
[436.088s][info][gc] GC(6416) Pause Young (Normal) (G1 Evacuation Pause) 127M->52M(144M) 0.995ms
[436.168s][info][gc] GC(6417) Pause Young (Normal) (G1 Evacuation Pause) 128M->52M(144M) 0.937ms
[436.258s][info][gc] GC(6418) Pause Young (Normal) (G1 Evacuation Pause) 129M->53M(144M) 1.040ms
[436.322s][info][gc] GC(6419) Pause Young (Normal) (G1 Evacuation Pause) 126M->54M(144M) 1.047ms
[436.398s][info][gc] GC(6420) Pause Young (Normal) (G1 Evacuation Pause) 128M->54M(144M) 0.915ms
[436.474s][info][gc] GC(6421) Pause Young (Concurrent Start) (G1 Evacuation Pause) 127M->55M(144M) 1.017ms
[436.474s][info][gc] GC(6422) Concurrent Mark Cycle
[436.479s][info][gc] GC(6422) Pause Remark 60M->56M(144M) 0.401ms
[436.483s][info][gc] GC(6422) Pause Cleanup 61M->61M(144M) 0.063ms
[436.483s][info][gc] GC(6422) Concurrent Mark Cycle 9.277ms
[436.541s][info][gc] GC(6423) Pause Young (Prepare Mixed) (G1 Evacuation Pause) 124M->51M(144M) 0.774ms
[436.620s][info][gc] GC(6424) Pause Young (Mixed) (G1 Evacuation Pause) 128M->50M(144M) 1.036ms
[436.694s][info][gc] GC(6425) Pause Young (Normal) (G1 Evacuation Pause) 127M->51M(144M) 0.964ms
[436.782s][info][gc] GC(6426) Pause Young (Normal) (G1 Evacuation Pause) 128M->52M(144M) 0.976ms
[436.846s][info][gc] GC(6427) Pause Young (Normal) (G1 Evacuation Pause) 128M->52M(144M) 0.915ms
[436.927s][info][gc] GC(6428) Pause Young (Normal) (G1 Evacuation Pause) 127M->53M(144M) 0.990ms
[437.003s][info][gc] GC(6429) Pause Young (Normal) (G1 Evacuation Pause) 128M->53M(144M) 0.902ms
[437.079s][info][gc] GC(6430) Pause Young (Normal) (G1 Evacuation Pause) 129M->54M(144M) 0.891ms
[437.149s][info][gc] GC(6431) Pause Young (Concurrent Start) (G1 Evacuation Pause) 129M->55M(144M) 1.129ms
[437.149s][info][gc] GC(6432) Concurrent Mark Cycle
[437.155s][info][gc] GC(6432) Pause Remark 61M->61M(144M) 0.422ms
[437.160s][info][gc] GC(6432) Pause Cleanup 68M->68M(144M) 0.045ms
[437.161s][info][gc] GC(6432) Concurrent Mark Cycle 11.230ms
[437.232s][info][gc] GC(6433) Pause Young (Prepare Mixed) (G1 Evacuation Pause) 128M->55M(144M) 0.936ms
[437.304s][info][gc] GC(6434) Pause Young (Mixed) (G1 Evacuation Pause) 129M->54M(144M) 0.968ms
[437.373s][info][gc] GC(6435) Pause Young (Concurrent Start) (G1 Evacuation Pause) 128M->55M(144M) 0.818ms
[437.373s][info][gc] GC(6436) Concurrent Mark Cycle
[437.379s][info][gc] GC(6436) Pause Remark 58M->58M(144M) 0.429ms
[437.384s][info][gc] GC(6436) Pause Cleanup 60M->60M(144M) 0.051ms
[437.384s][info][gc] GC(6436) Concurrent Mark Cycle 10.622ms
[437.450s][info][gc] GC(6437) Pause Young (Prepare Mixed) (G1 Evacuation Pause) 129M->56M(144M) 0.890ms
[437.522s][info][gc] GC(6438) Pause Young (Mixed) (G1 Evacuation Pause) 128M->55M(144M) 1.016ms
[437.604s][info][gc] GC(6439) Pause Young (Concurrent Start) (G1 Evacuation Pause) 129M->56M(144M) 0.929ms
[437.604s][info][gc] GC(6440) Concurrent Mark Cycle
[437.610s][info][gc] GC(6440) Pause Remark 63M->63M(144M) 0.371ms
[437.616s][info][gc] GC(6440) Pause Cleanup 70M->70M(144M) 0.041ms
[437.616s][info][gc] GC(6440) Concurrent Mark Cycle 11.763ms
[437.668s][info][gc] GC(6441) Pause Young (Prepare Mixed) (G1 Evacuation Pause) 127M->57M(144M) 0.909ms
[437.743s][info][gc] GC(6442) Pause Young (Mixed) (G1 Evacuation Pause) 129M->57M(144M) 1.017ms
[437.818s][info][gc] GC(6443) Pause Young (Concurrent Start) (G1 Evacuation Pause) 129M->58M(144M) 0.863ms
[437.818s][info][gc] GC(6444) Concurrent Mark Cycle
[437.824s][info][gc] GC(6444) Pause Remark 64M->64M(144M) 0.514ms
[437.830s][info][gc] GC(6444) Pause Cleanup 72M->72M(144M) 0.043ms
[437.831s][info][gc] GC(6444) Concurrent Mark Cycle 12.908ms
[437.879s][info][gc] GC(6445) Pause Young (Prepare Mixed) (G1 Evacuation Pause) 128M->57M(144M) 0.850ms
[437.955s][info][gc] GC(6446) Pause Young (Mixed) (G1 Evacuation Pause) 128M->58M(144M) 0.985ms
[438.028s][info][gc] GC(6447) Pause Young (Concurrent Start) (G1 Evacuation Pause) 130M->58M(144M) 0.950ms
[438.028s][info][gc] GC(6448) Concurrent Mark Cycle
[438.034s][info][gc] GC(6448) Pause Remark 66M->66M(144M) 0.449ms
[438.041s][info][gc] GC(6448) Pause Cleanup 72M->72M(144M) 0.050ms
[438.041s][info][gc] GC(6448) Concurrent Mark Cycle 13.238ms
[438.092s][info][gc] GC(6449) Pause Young (Prepare Mixed) (G1 Evacuation Pause) 129M->58M(144M) 0.844ms
[438.167s][info][gc] GC(6450) Pause Young (Mixed) (G1 Evacuation Pause) 128M->59M(144M) 0.957ms
[438.238s][info][gc] GC(6451) Pause Young (Concurrent Start) (G1 Evacuation Pause) 126M->60M(144M) 0.988ms
[438.238s][info][gc] GC(6452) Concurrent Mark Cycle
[438.245s][info][gc] GC(6452) Pause Remark 70M->70M(144M) 0.406ms
[438.252s][info][gc] GC(6452) Pause Cleanup 79M->79M(144M) 0.033ms
[438.252s][info][gc] GC(6452) Concurrent Mark Cycle 13.601ms
[438.300s][info][gc] GC(6453) Pause Young (Prepare Mixed) (G1 Evacuation Pause) 129M->59M(144M) 0.915ms
[438.379s][info][gc] GC(6454) Pause Young (Mixed) (G1 Evacuation Pause) 128M->60M(144M) 1.048ms
[438.444s][info][gc] GC(6455) Pause Young (Concurrent Start) (G1 Evacuation Pause) 127M->61M(144M) 0.937ms
[438.444s][info][gc] GC(6456) Concurrent Mark Cycle
[438.451s][info][gc] GC(6456) Pause Remark 67M->67M(144M) 0.394ms
[438.458s][info][gc] GC(6456) Pause Cleanup 75M->75M(144M) 0.043ms
[438.458s][info][gc] GC(6456) Concurrent Mark Cycle 14.078ms
[438.508s][info][gc] GC(6457) Pause Young (Prepare Mixed) (G1 Evacuation Pause) 129M->61M(144M) 0.987ms
[438.583s][info][gc] GC(6458) Pause Young (Mixed) (G1 Evacuation Pause) 129M->62M(144M) 0.995ms
[438.649s][info][gc] GC(6459) Pause Young (Concurrent Start) (G1 Evacuation Pause) 128M->62M(144M) 1.156ms
[438.649s][info][gc] GC(6460) Concurrent Mark Cycle
[438.658s][info][gc] GC(6460) Pause Remark 70M->70M(144M) 0.534ms
[438.666s][info][gc] GC(6460) Pause Cleanup 76M->76M(144M) 0.036ms
[438.667s][info][gc] GC(6460) Concurrent Mark Cycle 17.572ms
[438.715s][info][gc] GC(6461) Pause Young (Prepare Mixed) (G1 Evacuation Pause) 129M->63M(144M) 0.850ms
[438.788s][info][gc] GC(6462) Pause Young (Mixed) (G1 Evacuation Pause) 128M->63M(144M) 0.968ms
[438.852s][info][gc] GC(6463) Pause Young (Concurrent Start) (G1 Evacuation Pause) 128M->64M(144M) 0.982ms
[438.853s][info][gc] GC(6464) Concurrent Mark Cycle
[438.861s][info][gc] GC(6464) Pause Remark 74M->74M(144M) 0.389ms
[438.868s][info][gc] GC(6464) Pause Cleanup 79M->79M(144M) 0.044ms
[438.869s][info][gc] GC(6464) Concurrent Mark Cycle 16.070ms
[438.918s][info][gc] GC(6465) Pause Young (Prepare Mixed) (G1 Evacuation Pause) 130M->65M(144M) 0.777ms
[438.981s][info][gc] GC(6466) Pause Young (Mixed) (G1 Evacuation Pause) 129M->65M(144M) 0.883ms
[439.038s][info][gc] GC(6467) Pause Young (Concurrent Start) (G1 Evacuation Pause) 128M->65M(144M) 0.780ms
[439.038s][info][gc] GC(6468) Concurrent Mark Cycle
[439.046s][info][gc] GC(6468) Pause Remark 69M->69M(144M) 0.458ms
[439.054s][info][gc] GC(6468) Pause Cleanup 76M->76M(144M) 0.030ms
[439.054s][info][gc] GC(6468) Concurrent Mark Cycle 16.261ms
[439.107s][info][gc] GC(6469) Pause Young (Prepare Mixed) (G1 Evacuation Pause) 130M->66M(144M) 0.821ms
[439.174s][info][gc] GC(6470) Pause Young (Mixed) (G1 Evacuation Pause) 129M->66M(144M) 0.999ms
[439.233s][info][gc] GC(6471) Pause Young (Concurrent Start) (G1 Evacuation Pause) 128M->67M(144M) 0.817ms
[439.233s][info][gc] GC(6472) Concurrent Mark Cycle
[439.241s][info][gc] GC(6472) Pause Remark 75M->75M(144M) 0.449ms
[439.249s][info][gc] GC(6472) Pause Cleanup 82M->82M(144M) 0.029ms
[439.249s][info][gc] GC(6472) Concurrent Mark Cycle 16.506ms
[439.299s][info][gc] GC(6473) Pause Young (Prepare Mixed) (G1 Evacuation Pause) 129M->67M(144M) 0.824ms
[439.361s][info][gc] GC(6474) Pause Young (Mixed) (G1 Evacuation Pause) 128M->67M(144M) 0.805ms
[439.419s][info][gc] GC(6475) Pause Young (Concurrent Start) (G1 Evacuation Pause) 130M->68M(144M) 0.822ms
[439.419s][info][gc] GC(6476) Concurrent Mark Cycle
[439.428s][info][gc] GC(6476) Pause Remark 79M->79M(144M) 0.372ms
[439.436s][info][gc] GC(6476) Pause Cleanup 89M->89M(144M) 0.033ms
[439.436s][info][gc] GC(6476) Concurrent Mark Cycle 16.793ms
[439.484s][info][gc] GC(6477) Pause Young (Prepare Mixed) (G1 Evacuation Pause) 128M->69M(144M) 0.880ms
[439.537s][info][gc] GC(6478) Pause Young (Mixed) (G1 Evacuation Pause) 129M->69M(144M) 0.977ms
[439.600s][info][gc] GC(6479) Pause Young (Concurrent Start) (G1 Evacuation Pause) 130M->69M(144M) 0.737ms
[439.600s][info][gc] GC(6480) Concurrent Mark Cycle
[439.608s][info][gc] GC(6480) Pause Remark 74M->74M(144M) 0.407ms
[439.616s][info][gc] GC(6480) Pause Cleanup 84M->84M(144M) 0.054ms
[439.616s][info][gc] GC(6480) Concurrent Mark Cycle 16.184ms
[439.665s][info][gc] GC(6481) Pause Young (Prepare Mixed) (G1 Evacuation Pause) 130M->70M(144M) 0.793ms
[439.720s][info][gc] GC(6482) Pause Young (Mixed) (G1 Evacuation Pause) 129M->70M(144M) 2.204ms
[439.853s][info][gc] GC(6483) Pause Young (Concurrent Start) (G1 Evacuation Pause) 129M->71M(144M) 0.930ms
[439.853s][info][gc] GC(6484) Concurrent Mark Cycle
[439.856s][info][gc] GC(6484) Pause Remark 72M->43M(144M) 0.400ms
[439.858s][info][gc] GC(6484) Pause Cleanup 43M->43M(144M) 0.036ms
[439.858s][info][gc] GC(6484) Concurrent Mark Cycle 4.701ms
[439.909s][info][gc] GC(6485) Pause Young (Prepare Mixed) (G1 Evacuation Pause) 100M->43M(144M) 1.123ms
[439.988s][info][gc] GC(6486) Pause Young (Mixed) (G1 Evacuation Pause) 123M->38M(144M) 0.864ms
[440.068s][info][gc] GC(6487) Pause Young (Normal) (G1 Evacuation Pause) 119M->39M(144M) 0.852ms
[440.138s][info][gc] GC(6488) Pause Young (Normal) (G1 Evacuation Pause) 119M->39M(144M) 0.937ms
[440.217s][info][gc] GC(6489) Pause Young (Normal) (G1 Evacuation Pause) 119M->40M(144M) 0.935ms
[440.300s][info][gc] GC(6490) Pause Young (Normal) (G1 Evacuation Pause) 119M->41M(144M) 0.989ms
[440.375s][info][gc] GC(6491) Pause Young (Normal) (G1 Evacuation Pause) 120M->41M(144M) 0.949ms
[440.444s][info][gc] GC(6492) Pause Young (Normal) (G1 Evacuation Pause) 120M->41M(144M) 0.871ms
[440.525s][info][gc] GC(6493) Pause Young (Normal) (G1 Evacuation Pause) 121M->42M(144M) 0.981ms
[440.605s][info][gc] GC(6494) Pause Young (Normal) (G1 Evacuation Pause) 121M->43M(144M) 0.959ms
[440.681s][info][gc] GC(6495) Pause Young (Normal) (G1 Evacuation Pause) 122M->44M(144M) 0.880ms
[440.753s][info][gc] GC(6496) Pause Young (Normal) (G1 Evacuation Pause) 123M->44M(144M) 0.831ms
[440.837s][info][gc] GC(6497) Pause Young (Normal) (G1 Evacuation Pause) 124M->45M(144M) 0.896ms
[440.919s][info][gc] GC(6498) Pause Young (Normal) (G1 Evacuation Pause) 124M->45M(144M) 0.945ms
[440.996s][info][gc] GC(6499) Pause Young (Normal) (G1 Evacuation Pause) 124M->46M(144M) 0.959ms
[441.069s][info][gc] GC(6500) Pause Young (Normal) (G1 Evacuation Pause) 125M->46M(144M) 0.924ms
[441.147s][info][gc] GC(6501) Pause Young (Normal) (G1 Evacuation Pause) 126M->48M(144M) 0.886ms
[441.231s][info][gc] GC(6502) Pause Young (Normal) (G1 Evacuation Pause) 126M->48M(144M) 0.974ms
[441.309s][info][gc] GC(6503) Pause Young (Normal) (G1 Evacuation Pause) 127M->49M(144M) 0.863ms
[441.388s][info][gc] GC(6504) Pause Young (Normal) (G1 Evacuation Pause) 127M->50M(144M) 0.912ms
[441.458s][info][gc] GC(6505) Pause Young (Normal) (G1 Evacuation Pause) 127M->50M(144M) 0.903ms
[441.540s][info][gc] GC(6506) Pause Young (Normal) (G1 Evacuation Pause) 127M->51M(144M) 0.897ms
[441.613s][info][gc] GC(6507) Pause Young (Normal) (G1 Evacuation Pause) 127M->52M(144M) 0.984ms
[441.684s][info][gc] GC(6508) Pause Young (Normal) (G1 Evacuation Pause) 127M->51M(144M) 1.029ms
[441.759s][info][gc] GC(6509) Pause Young (Normal) (G1 Evacuation Pause) 128M->53M(144M) 0.979ms
[441.837s][info][gc] GC(6510) Pause Young (Normal) (G1 Evacuation Pause) 128M->54M(144M) 0.923ms
[441.909s][info][gc] GC(6511) Pause Young (Normal) (G1 Evacuation Pause) 127M->54M(144M) 0.831ms
[441.979s][info][gc] GC(6512) Pause Young (Concurrent Start) (G1 Evacuation Pause) 128M->54M(144M) 0.883ms
[441.979s][info][gc] GC(6513) Concurrent Mark Cycle
[441.984s][info][gc] GC(6513) Pause Remark 59M->57M(144M) 0.392ms
[441.987s][info][gc] GC(6513) Pause Cleanup 58M->58M(144M) 0.037ms
[441.987s][info][gc] GC(6513) Concurrent Mark Cycle 8.128ms
[442.055s][info][gc] GC(6514) Pause Young (Prepare Mixed) (G1 Evacuation Pause) 127M->54M(144M) 0.848ms
[442.129s][info][gc] GC(6515) Pause Young (Mixed) (G1 Evacuation Pause) 129M->53M(144M) 0.859ms
[442.209s][info][gc] GC(6516) Pause Young (Normal) (G1 Evacuation Pause) 129M->54M(144M) 0.904ms
[442.274s][info][gc] GC(6517) Pause Young (Normal) (G1 Evacuation Pause) 128M->53M(144M) 0.966ms
[442.352s][info][gc] GC(6518) Pause Young (Concurrent Start) (G1 Evacuation Pause) 128M->54M(144M) 0.912ms
[442.352s][info][gc] GC(6519) Concurrent Mark Cycle
[442.358s][info][gc] GC(6519) Pause Remark 60M->60M(144M) 0.377ms
[442.361s][info][gc] GC(6519) Pause Cleanup 64M->64M(144M) 0.034ms
[442.361s][info][gc] GC(6519) Concurrent Mark Cycle 8.785ms
[442.426s][info][gc] GC(6520) Pause Young (Prepare Mixed) (G1 Evacuation Pause) 127M->55M(144M) 0.913ms
[442.502s][info][gc] GC(6521) Pause Young (Mixed) (G1 Evacuation Pause) 129M->54M(144M) 0.919ms
[442.567s][info][gc] GC(6522) Pause Young (Concurrent Start) (G1 Evacuation Pause) 129M->55M(144M) 0.865ms
[442.567s][info][gc] GC(6523) Concurrent Mark Cycle
[442.573s][info][gc] GC(6523) Pause Remark 63M->63M(144M) 0.371ms
[442.576s][info][gc] GC(6523) Pause Cleanup 69M->69M(144M) 0.039ms
[442.576s][info][gc] GC(6523) Concurrent Mark Cycle 9.239ms
[442.642s][info][gc] GC(6524) Pause Young (Prepare Mixed) (G1 Evacuation Pause) 128M->56M(144M) 0.894ms
[442.719s][info][gc] GC(6525) Pause Young (Mixed) (G1 Evacuation Pause) 128M->55M(144M) 0.985ms
[442.779s][info][gc] GC(6526) Pause Young (Concurrent Start) (G1 Evacuation Pause) 127M->55M(144M) 0.830ms
[442.779s][info][gc] GC(6527) Concurrent Mark Cycle
[442.785s][info][gc] GC(6527) Pause Remark 64M->64M(144M) 0.398ms
[442.789s][info][gc] GC(6527) Pause Cleanup 66M->66M(144M) 0.039ms
[442.789s][info][gc] GC(6527) Concurrent Mark Cycle 9.742ms
[442.855s][info][gc] GC(6528) Pause Young (Prepare Mixed) (G1 Evacuation Pause) 128M->56M(144M) 0.817ms
[442.928s][info][gc] GC(6529) Pause Young (Mixed) (G1 Evacuation Pause) 129M->56M(144M) 0.987ms
[442.988s][info][gc] GC(6530) Pause Young (Concurrent Start) (G1 Evacuation Pause) 127M->56M(144M) 0.761ms
[442.988s][info][gc] GC(6531) Concurrent Mark Cycle
[442.993s][info][gc] GC(6531) Pause Remark 57M->57M(144M) 0.384ms
[442.997s][info][gc] GC(6531) Pause Cleanup 59M->59M(144M) 0.025ms
[442.997s][info][gc] GC(6531) Concurrent Mark Cycle 9.626ms
[443.067s][info][gc] GC(6532) Pause Young (Prepare Mixed) (G1 Evacuation Pause) 130M->57M(144M) 0.845ms
[443.137s][info][gc] GC(6533) Pause Young (Mixed) (G1 Evacuation Pause) 127M->57M(144M) 1.026ms
[443.214s][info][gc] GC(6534) Pause Young (Concurrent Start) (G1 Evacuation Pause) 128M->58M(144M) 0.884ms
[443.214s][info][gc] GC(6535) Concurrent Mark Cycle
[443.221s][info][gc] GC(6535) Pause Remark 63M->63M(144M) 0.408ms
[443.225s][info][gc] GC(6535) Pause Cleanup 68M->68M(144M) 0.035ms
[443.225s][info][gc] GC(6535) Concurrent Mark Cycle 10.420ms
[443.276s][info][gc] GC(6536) Pause Young (Prepare Mixed) (G1 Evacuation Pause) 129M->59M(144M) 0.909ms
[443.346s][info][gc] GC(6537) Pause Young (Mixed) (G1 Evacuation Pause) 129M->59M(144M) 1.011ms
[443.416s][info][gc] GC(6538) Pause Young (Concurrent Start) (G1 Evacuation Pause) 129M->59M(144M) 0.863ms
[443.416s][info][gc] GC(6539) Concurrent Mark Cycle
[443.423s][info][gc] GC(6539) Pause Remark 67M->67M(144M) 0.379ms
[443.427s][info][gc] GC(6539) Pause Cleanup 73M->73M(144M) 0.027ms
[443.427s][info][gc] GC(6539) Concurrent Mark Cycle 11.043ms
[443.479s][info][gc] GC(6540) Pause Young (Prepare Mixed) (G1 Evacuation Pause) 128M->60M(144M) 0.886ms
[443.553s][info][gc] GC(6541) Pause Young (Mixed) (G1 Evacuation Pause) 129M->60M(144M) 0.908ms
[443.622s][info][gc] GC(6542) Pause Young (Concurrent Start) (G1 Evacuation Pause) 128M->61M(144M) 0.856ms
[443.622s][info][gc] GC(6543) Concurrent Mark Cycle
[443.629s][info][gc] GC(6543) Pause Remark 70M->70M(144M) 0.430ms
[443.633s][info][gc] GC(6543) Pause Cleanup 73M->73M(144M) 0.057ms
[443.634s][info][gc] GC(6543) Concurrent Mark Cycle 11.445ms
[443.683s][info][gc] GC(6544) Pause Young (Prepare Mixed) (G1 Evacuation Pause) 129M->62M(144M) 0.830ms
[443.754s][info][gc] GC(6545) Pause Young (Mixed) (G1 Evacuation Pause) 129M->61M(144M) 0.967ms
[443.822s][info][gc] GC(6546) Pause Young (Concurrent Start) (G1 Evacuation Pause) 128M->62M(144M) 0.834ms
[443.822s][info][gc] GC(6547) Concurrent Mark Cycle
[443.829s][info][gc] GC(6547) Pause Remark 72M->72M(144M) 0.373ms
[443.834s][info][gc] GC(6547) Pause Cleanup 76M->76M(144M) 0.049ms
[443.834s][info][gc] GC(6547) Concurrent Mark Cycle 11.510ms
[443.884s][info][gc] GC(6548) Pause Young (Prepare Mixed) (G1 Evacuation Pause) 129M->62M(144M) 0.858ms
[443.951s][info][gc] GC(6549) Pause Young (Mixed) (G1 Evacuation Pause) 128M->62M(144M) 0.877ms
[444.018s][info][gc] GC(6550) Pause Young (Concurrent Start) (G1 Evacuation Pause) 128M->63M(144M) 0.785ms
[444.018s][info][gc] GC(6551) Concurrent Mark Cycle
[444.025s][info][gc] GC(6551) Pause Remark 65M->65M(144M) 0.364ms
[444.030s][info][gc] GC(6551) Pause Cleanup 69M->69M(144M) 0.071ms
[444.030s][info][gc] GC(6551) Concurrent Mark Cycle 11.625ms
[444.084s][info][gc] GC(6552) Pause Young (Prepare Mixed) (G1 Evacuation Pause) 130M->64M(144M) 0.798ms
[444.149s][info][gc] GC(6553) Pause Young (Mixed) (G1 Evacuation Pause) 129M->64M(144M) 0.838ms
[444.207s][info][gc] GC(6554) Pause Young (Concurrent Start) (G1 Evacuation Pause) 128M->64M(144M) 0.746ms
[444.207s][info][gc] GC(6555) Concurrent Mark Cycle
[444.215s][info][gc] GC(6555) Pause Remark 69M->69M(144M) 0.358ms
[444.219s][info][gc] GC(6555) Pause Cleanup 71M->71M(144M) 0.062ms
[444.219s][info][gc] GC(6555) Concurrent Mark Cycle 12.014ms
[444.279s][info][gc] GC(6556) Pause Young (Prepare Mixed) (G1 Evacuation Pause) 129M->65M(144M) 0.899ms
[444.345s][info][gc] GC(6557) Pause Young (Mixed) (G1 Evacuation Pause) 128M->66M(144M) 1.008ms
[444.402s][info][gc] GC(6558) Pause Young (Concurrent Start) (G1 Evacuation Pause) 130M->66M(144M) 0.762ms
[444.402s][info][gc] GC(6559) Concurrent Mark Cycle
[444.410s][info][gc] GC(6559) Pause Remark 75M->75M(144M) 0.427ms
[444.416s][info][gc] GC(6559) Pause Cleanup 82M->82M(144M) 0.047ms
[444.416s][info][gc] GC(6559) Concurrent Mark Cycle 13.987ms
[444.471s][info][gc] GC(6560) Pause Young (Prepare Mixed) (G1 Evacuation Pause) 130M->67M(144M) 0.779ms
[444.538s][info][gc] GC(6561) Pause Young (Mixed) (G1 Evacuation Pause) 129M->67M(144M) 0.860ms
[444.592s][info][gc] GC(6562) Pause Young (Concurrent Start) (G1 Evacuation Pause) 128M->67M(144M) 0.798ms
[444.592s][info][gc] GC(6563) Concurrent Mark Cycle
[444.600s][info][gc] GC(6563) Pause Remark 73M->73M(144M) 0.366ms
[444.605s][info][gc] GC(6563) Pause Cleanup 81M->81M(144M) 0.036ms
[444.605s][info][gc] GC(6563) Concurrent Mark Cycle 13.093ms
[444.663s][info][gc] GC(6564) Pause Young (Prepare Mixed) (G1 Evacuation Pause) 130M->68M(144M) 0.835ms
[444.718s][info][gc] GC(6565) Pause Young (Mixed) (G1 Evacuation Pause) 128M->69M(144M) 0.937ms
[444.785s][info][gc] GC(6566) Pause Young (Concurrent Start) (G1 Evacuation Pause) 129M->70M(144M) 0.912ms
[444.785s][info][gc] GC(6567) Concurrent Mark Cycle
[444.794s][info][gc] GC(6567) Pause Remark 80M->80M(144M) 0.363ms
[444.799s][info][gc] GC(6567) Pause Cleanup 84M->84M(144M) 0.039ms
[444.799s][info][gc] GC(6567) Concurrent Mark Cycle 14.433ms
[444.838s][info][gc] GC(6568) Pause Young (Prepare Mixed) (G1 Evacuation Pause) 129M->69M(144M) 0.670ms
[444.905s][info][gc] GC(6569) Pause Young (Mixed) (G1 Evacuation Pause) 131M->70M(144M) 0.917ms
[445.027s][info][gc] GC(6570) Pause Young (Concurrent Start) (G1 Evacuation Pause) 128M->70M(144M) 0.733ms
[445.027s][info][gc] GC(6571) Concurrent Mark Cycle
[445.030s][info][gc] GC(6571) Pause Remark 72M->47M(144M) 0.398ms
[445.031s][info][gc] GC(6571) Pause Cleanup 47M->47M(144M) 0.036ms
[445.031s][info][gc] GC(6571) Concurrent Mark Cycle 4.841ms
[445.095s][info][gc] GC(6572) Pause Young (Prepare Mixed) (G1 Evacuation Pause) 104M->47M(144M) 1.104ms
[445.184s][info][gc] GC(6573) Pause Young (Mixed) (G1 Evacuation Pause) 126M->40M(144M) 1.075ms
[445.262s][info][gc] GC(6574) Pause Young (Normal) (G1 Evacuation Pause) 118M->40M(144M) 1.115ms
[445.335s][info][gc] GC(6575) Pause Young (Normal) (G1 Evacuation Pause) 120M->41M(144M) 0.930ms
[445.418s][info][gc] GC(6576) Pause Young (Normal) (G1 Evacuation Pause) 120M->41M(144M) 1.024ms
[445.502s][info][gc] GC(6577) Pause Young (Normal) (G1 Evacuation Pause) 120M->42M(144M) 0.976ms
[445.582s][info][gc] GC(6578) Pause Young (Normal) (G1 Evacuation Pause) 122M->43M(144M) 0.887ms
[445.658s][info][gc] GC(6579) Pause Young (Normal) (G1 Evacuation Pause) 122M->43M(144M) 0.938ms
[445.746s][info][gc] GC(6580) Pause Young (Normal) (G1 Evacuation Pause) 123M->44M(144M) 0.959ms
[445.831s][info][gc] GC(6581) Pause Young (Normal) (G1 Evacuation Pause) 123M->45M(144M) 0.927ms
[445.911s][info][gc] GC(6582) Pause Young (Normal) (G1 Evacuation Pause) 124M->46M(144M) 0.919ms
[445.997s][info][gc] GC(6583) Pause Young (Normal) (G1 Evacuation Pause) 125M->46M(144M) 0.880ms
[446.075s][info][gc] GC(6584) Pause Young (Normal) (G1 Evacuation Pause) 126M->47M(144M) 1.291ms
[446.162s][info][gc] GC(6585) Pause Young (Normal) (G1 Evacuation Pause) 126M->48M(144M) 1.004ms
[446.243s][info][gc] GC(6586) Pause Young (Normal) (G1 Evacuation Pause) 127M->48M(144M) 0.869ms
[446.326s][info][gc] GC(6587) Pause Young (Normal) (G1 Evacuation Pause) 128M->49M(144M) 0.983ms
[446.409s][info][gc] GC(6588) Pause Young (Normal) (G1 Evacuation Pause) 128M->49M(144M) 1.114ms
[446.483s][info][gc] GC(6589) Pause Young (Normal) (G1 Evacuation Pause) 127M->50M(144M) 0.844ms
[446.565s][info][gc] GC(6590) Pause Young (Normal) (G1 Evacuation Pause) 128M->51M(144M) 0.964ms
[446.639s][info][gc] GC(6591) Pause Young (Normal) (G1 Evacuation Pause) 128M->51M(144M) 0.875ms
[446.715s][info][gc] GC(6592) Pause Young (Normal) (G1 Evacuation Pause) 127M->51M(144M) 0.836ms
[446.792s][info][gc] GC(6593) Pause Young (Normal) (G1 Evacuation Pause) 129M->52M(144M) 0.865ms
[446.872s][info][gc] GC(6594) Pause Young (Normal) (G1 Evacuation Pause) 128M->53M(144M) 0.974ms
[446.946s][info][gc] GC(6595) Pause Young (Normal) (G1 Evacuation Pause) 129M->54M(144M) 0.908ms
[447.021s][info][gc] GC(6596) Pause Young (Normal) (G1 Evacuation Pause) 128M->54M(144M) 1.023ms
[447.086s][info][gc] GC(6597) Pause Young (Normal) (G1 Evacuation Pause) 129M->55M(144M) 0.912ms
[447.162s][info][gc] GC(6598) Pause Young (Normal) (G1 Evacuation Pause) 128M->55M(144M) 0.893ms
[447.235s][info][gc] GC(6599) Pause Young (Concurrent Start) (G1 Evacuation Pause) 129M->56M(144M) 0.865ms
[447.235s][info][gc] GC(6600) Concurrent Mark Cycle
[447.241s][info][gc] GC(6600) Pause Remark 62M->61M(144M) 0.508ms
[447.246s][info][gc] GC(6600) Pause Cleanup 67M->67M(144M) 0.033ms
[447.246s][info][gc] GC(6600) Concurrent Mark Cycle 10.366ms
[447.301s][info][gc] GC(6601) Pause Young (Prepare Mixed) (G1 Evacuation Pause) 128M->56M(144M) 0.954ms
[447.387s][info][gc] GC(6602) Pause Young (Mixed) (G1 Evacuation Pause) 129M->53M(144M) 1.126ms
[447.471s][info][gc] GC(6603) Pause Young (Normal) (G1 Evacuation Pause) 129M->54M(144M) 0.978ms
[447.549s][info][gc] GC(6604) Pause Young (Normal) (G1 Evacuation Pause) 128M->54M(144M) 0.962ms
[447.619s][info][gc] GC(6605) Pause Young (Normal) (G1 Evacuation Pause) 129M->55M(144M) 0.937ms
[447.699s][info][gc] GC(6606) Pause Young (Normal) (G1 Evacuation Pause) 128M->56M(144M) 1.144ms
[447.779s][info][gc] GC(6607) Pause Young (Concurrent Start) (G1 Evacuation Pause) 129M->56M(144M) 0.920ms
[447.779s][info][gc] GC(6608) Concurrent Mark Cycle
[447.786s][info][gc] GC(6608) Pause Remark 59M->59M(144M) 0.554ms
[447.791s][info][gc] GC(6608) Pause Cleanup 64M->64M(144M) 0.034ms
[447.791s][info][gc] GC(6608) Concurrent Mark Cycle 11.936ms
[447.848s][info][gc] GC(6609) Pause Young (Prepare Mixed) (G1 Evacuation Pause) 129M->57M(144M) 0.992ms
[447.928s][info][gc] GC(6610) Pause Young (Mixed) (G1 Evacuation Pause) 129M->56M(144M) 1.030ms
[448.004s][info][gc] GC(6611) Pause Young (Concurrent Start) (G1 Evacuation Pause) 129M->57M(144M) 1.010ms
[448.004s][info][gc] GC(6612) Concurrent Mark Cycle
[448.012s][info][gc] GC(6612) Pause Remark 65M->65M(144M) 0.504ms
[448.018s][info][gc] GC(6612) Pause Cleanup 67M->67M(144M) 0.044ms
[448.018s][info][gc] GC(6612) Concurrent Mark Cycle 13.593ms
[448.080s][info][gc] GC(6613) Pause Young (Prepare Mixed) (G1 Evacuation Pause) 129M->57M(144M) 0.920ms
[448.151s][info][gc] GC(6614) Pause Young (Mixed) (G1 Evacuation Pause) 129M->57M(144M) 1.062ms
[448.226s][info][gc] GC(6615) Pause Young (Concurrent Start) (G1 Evacuation Pause) 127M->58M(144M) 0.923ms
[448.226s][info][gc] GC(6616) Concurrent Mark Cycle
[448.234s][info][gc] GC(6616) Pause Remark 67M->67M(144M) 0.396ms
[448.239s][info][gc] GC(6616) Pause Cleanup 74M->74M(144M) 0.044ms
[448.239s][info][gc] GC(6616) Concurrent Mark Cycle 12.528ms
[448.299s][info][gc] GC(6617) Pause Young (Prepare Mixed) (G1 Evacuation Pause) 128M->58M(144M) 0.906ms
[448.365s][info][gc] GC(6618) Pause Young (Mixed) (G1 Evacuation Pause) 129M->57M(144M) 1.083ms
[448.437s][info][gc] GC(6619) Pause Young (Concurrent Start) (G1 Evacuation Pause) 128M->58M(144M) 0.935ms
[448.437s][info][gc] GC(6620) Concurrent Mark Cycle
[448.443s][info][gc] GC(6620) Pause Remark 68M->68M(144M) 0.384ms
[448.449s][info][gc] GC(6620) Pause Cleanup 70M->70M(144M) 0.050ms
[448.449s][info][gc] GC(6620) Concurrent Mark Cycle 12.415ms
[448.513s][info][gc] GC(6621) Pause Young (Prepare Mixed) (G1 Evacuation Pause) 129M->59M(144M) 0.885ms
[448.572s][info][gc] GC(6622) Pause Young (Mixed) (G1 Evacuation Pause) 129M->59M(144M) 1.026ms
[448.646s][info][gc] GC(6623) Pause Young (Concurrent Start) (G1 Evacuation Pause) 129M->60M(144M) 0.858ms
[448.646s][info][gc] GC(6624) Concurrent Mark Cycle
[448.654s][info][gc] GC(6624) Pause Remark 68M->68M(144M) 0.363ms
[448.660s][info][gc] GC(6624) Pause Cleanup 76M->76M(144M) 0.058ms
[448.660s][info][gc] GC(6624) Concurrent Mark Cycle 13.776ms
[448.714s][info][gc] GC(6625) Pause Young (Prepare Mixed) (G1 Evacuation Pause) 128M->60M(144M) 0.857ms
[448.776s][info][gc] GC(6626) Pause Young (Mixed) (G1 Evacuation Pause) 129M->60M(144M) 1.057ms
[448.850s][info][gc] GC(6627) Pause Young (Concurrent Start) (G1 Evacuation Pause) 129M->61M(144M) 0.813ms
[448.850s][info][gc] GC(6628) Concurrent Mark Cycle
[448.858s][info][gc] GC(6628) Pause Remark 69M->69M(144M) 0.400ms
[448.864s][info][gc] GC(6628) Pause Cleanup 76M->76M(144M) 0.054ms
[448.864s][info][gc] GC(6628) Concurrent Mark Cycle 13.963ms
[448.923s][info][gc] GC(6629) Pause Young (Prepare Mixed) (G1 Evacuation Pause) 129M->61M(144M) 0.863ms
[448.983s][info][gc] GC(6630) Pause Young (Mixed) (G1 Evacuation Pause) 129M->61M(144M) 0.879ms
[449.054s][info][gc] GC(6631) Pause Young (Concurrent Start) (G1 Evacuation Pause) 128M->62M(144M) 0.936ms
[449.054s][info][gc] GC(6632) Concurrent Mark Cycle
[449.062s][info][gc] GC(6632) Pause Remark 69M->69M(144M) 0.370ms
[449.069s][info][gc] GC(6632) Pause Cleanup 77M->77M(144M) 0.041ms
[449.069s][info][gc] GC(6632) Concurrent Mark Cycle 14.984ms
[449.122s][info][gc] GC(6633) Pause Young (Prepare Mixed) (G1 Evacuation Pause) 127M->62M(144M) 0.827ms
[449.182s][info][gc] GC(6634) Pause Young (Mixed) (G1 Evacuation Pause) 130M->63M(144M) 0.853ms
[449.252s][info][gc] GC(6635) Pause Young (Concurrent Start) (G1 Evacuation Pause) 129M->63M(144M) 0.919ms
[449.252s][info][gc] GC(6636) Concurrent Mark Cycle
[449.261s][info][gc] GC(6636) Pause Remark 73M->73M(144M) 0.382ms
[449.268s][info][gc] GC(6636) Pause Cleanup 83M->83M(144M) 0.037ms
[449.268s][info][gc] GC(6636) Concurrent Mark Cycle 15.822ms
[449.321s][info][gc] GC(6637) Pause Young (Prepare Mixed) (G1 Evacuation Pause) 128M->64M(144M) 0.806ms
[449.381s][info][gc] GC(6638) Pause Young (Mixed) (G1 Evacuation Pause) 130M->63M(144M) 0.933ms
[449.449s][info][gc] GC(6639) Pause Young (Concurrent Start) (G1 Evacuation Pause) 129M->64M(144M) 0.866ms
[449.449s][info][gc] GC(6640) Concurrent Mark Cycle
[449.457s][info][gc] GC(6640) Pause Remark 68M->68M(144M) 0.418ms
[449.464s][info][gc] GC(6640) Pause Cleanup 75M->75M(144M) 0.028ms
[449.465s][info][gc] GC(6640) Concurrent Mark Cycle 15.588ms
[449.522s][info][gc] GC(6641) Pause Young (Prepare Mixed) (G1 Evacuation Pause) 128M->65M(144M) 0.911ms
[449.580s][info][gc] GC(6642) Pause Young (Mixed) (G1 Evacuation Pause) 128M->65M(144M) 0.868ms
[449.646s][info][gc] GC(6643) Pause Young (Concurrent Start) (G1 Evacuation Pause) 130M->65M(144M) 0.757ms
[449.646s][info][gc] GC(6644) Concurrent Mark Cycle
[449.653s][info][gc] GC(6644) Pause Remark 75M->75M(144M) 0.379ms
[449.661s][info][gc] GC(6644) Pause Cleanup 81M->81M(144M) 0.029ms
[449.661s][info][gc] GC(6644) Concurrent Mark Cycle 15.603ms
[449.706s][info][gc] GC(6645) Pause Young (Prepare Mixed) (G1 Evacuation Pause) 129M->66M(144M) 0.769ms
[449.773s][info][gc] GC(6646) Pause Young (Mixed) (G1 Evacuation Pause) 130M->67M(144M) 0.961ms
[449.840s][info][gc] GC(6647) Pause Young (Concurrent Start) (G1 Evacuation Pause) 127M->67M(144M) 1.001ms
[449.840s][info][gc] GC(6648) Concurrent Mark Cycle
[449.848s][info][gc] GC(6648) Pause Remark 77M->77M(144M) 0.441ms
[449.856s][info][gc] GC(6648) Pause Cleanup 86M->86M(144M) 0.060ms
[449.857s][info][gc] GC(6648) Concurrent Mark Cycle 16.440ms
[449.900s][info][gc] GC(6649) Pause Young (Prepare Mixed) (G1 Evacuation Pause) 128M->68M(144M) 0.937ms
[449.962s][info][gc] GC(6650) Pause Young (Mixed) (G1 Evacuation Pause) 129M->68M(144M) 0.876ms
[450.020s][info][gc] GC(6651) Pause Young (Concurrent Start) (G1 Evacuation Pause) 130M->68M(144M) 0.842ms
[450.021s][info][gc] GC(6652) Concurrent Mark Cycle
[450.029s][info][gc] GC(6652) Pause Remark 73M->73M(144M) 0.417ms
[450.036s][info][gc] GC(6652) Pause Cleanup 76M->76M(144M) 0.040ms
[450.036s][info][gc] GC(6652) Concurrent Mark Cycle 15.854ms
[450.091s][info][gc] GC(6653) Pause Young (Prepare Mixed) (G1 Evacuation Pause) 130M->69M(144M) 0.817ms
[450.153s][info][gc] GC(6654) Pause Young (Mixed) (G1 Evacuation Pause) 127M->69M(144M) 0.982ms
[450.205s][info][gc] GC(6655) Pause Young (Concurrent Start) (G1 Evacuation Pause) 128M->70M(144M) 0.803ms
[450.205s][info][gc] GC(6656) Concurrent Mark Cycle
[450.213s][info][gc] GC(6656) Pause Remark 81M->81M(144M) 0.374ms
[450.221s][info][gc] GC(6656) Pause Cleanup 92M->92M(144M) 0.038ms
[450.221s][info][gc] GC(6656) Concurrent Mark Cycle 16.569ms
[450.333s][info][gc] GC(6657) Pause Young (Prepare Mixed) (G1 Evacuation Pause) 129M->71M(144M) 1.068ms
[450.390s][info][gc] GC(6658) Pause Young (Mixed) (G1 Evacuation Pause) 129M->72M(144M) 2.468ms
[450.449s][info][gc] GC(6659) Pause Young (Concurrent Start) (G1 Evacuation Pause) 129M->72M(144M) 0.849ms
[450.449s][info][gc] GC(6660) Concurrent Mark Cycle
[450.453s][info][gc] GC(6660) Pause Remark 74M->48M(144M) 0.381ms
[450.454s][info][gc] GC(6660) Pause Cleanup 49M->49M(144M) 0.057ms
[450.454s][info][gc] GC(6660) Concurrent Mark Cycle 4.881ms
[450.506s][info][gc] GC(6661) Pause Young (Prepare Mixed) (G1 Evacuation Pause) 104M->47M(144M) 0.836ms
[450.587s][info][gc] GC(6662) Pause Young (Mixed) (G1 Evacuation Pause) 128M->38M(144M) 1.176ms
[450.668s][info][gc] GC(6663) Pause Young (Normal) (G1 Evacuation Pause) 119M->38M(144M) 0.947ms
[450.756s][info][gc] GC(6664) Pause Young (Normal) (G1 Evacuation Pause) 118M->39M(144M) 1.053ms
[450.830s][info][gc] GC(6665) Pause Young (Normal) (G1 Evacuation Pause) 118M->40M(144M) 1.127ms
[450.916s][info][gc] GC(6666) Pause Young (Normal) (G1 Evacuation Pause) 120M->41M(144M) 1.191ms
[450.999s][info][gc] GC(6667) Pause Young (Normal) (G1 Evacuation Pause) 120M->41M(144M) 1.086ms
[451.079s][info][gc] GC(6668) Pause Young (Normal) (G1 Evacuation Pause) 120M->42M(144M) 0.982ms
[451.148s][info][gc] GC(6669) Pause Young (Normal) (G1 Evacuation Pause) 121M->41M(144M) 0.749ms
[451.233s][info][gc] GC(6670) Pause Young (Normal) (G1 Evacuation Pause) 122M->43M(144M) 0.892ms
[451.315s][info][gc] GC(6671) Pause Young (Normal) (G1 Evacuation Pause) 122M->44M(144M) 0.965ms
[451.393s][info][gc] GC(6672) Pause Young (Normal) (G1 Evacuation Pause) 123M->45M(144M) 0.889ms
[451.476s][info][gc] GC(6673) Pause Young (Normal) (G1 Evacuation Pause) 124M->45M(144M) 0.981ms
[451.546s][info][gc] GC(6674) Pause Young (Normal) (G1 Evacuation Pause) 124M->46M(144M) 0.870ms
[451.627s][info][gc] GC(6675) Pause Young (Normal) (G1 Evacuation Pause) 125M->47M(144M) 0.905ms
[451.705s][info][gc] GC(6676) Pause Young (Normal) (G1 Evacuation Pause) 126M->47M(144M) 1.284ms
[451.797s][info][gc] GC(6677) Pause Young (Normal) (G1 Evacuation Pause) 126M->48M(144M) 0.952ms
[451.866s][info][gc] GC(6678) Pause Young (Normal) (G1 Evacuation Pause) 127M->48M(144M) 0.940ms
[451.949s][info][gc] GC(6679) Pause Young (Normal) (G1 Evacuation Pause) 127M->49M(144M) 0.884ms
[452.028s][info][gc] GC(6680) Pause Young (Normal) (G1 Evacuation Pause) 127M->50M(144M) 0.889ms
[452.106s][info][gc] GC(6681) Pause Young (Normal) (G1 Evacuation Pause) 127M->51M(144M) 0.956ms
[452.174s][info][gc] GC(6682) Pause Young (Normal) (G1 Evacuation Pause) 128M->51M(144M) 0.845ms
[452.253s][info][gc] GC(6683) Pause Young (Normal) (G1 Evacuation Pause) 129M->52M(144M) 0.921ms
[452.328s][info][gc] GC(6684) Pause Young (Normal) (G1 Evacuation Pause) 128M->53M(144M) 0.884ms
[452.409s][info][gc] GC(6685) Pause Young (Normal) (G1 Evacuation Pause) 128M->53M(144M) 0.915ms
[452.471s][info][gc] GC(6686) Pause Young (Normal) (G1 Evacuation Pause) 127M->54M(144M) 0.911ms
[452.548s][info][gc] GC(6687) Pause Young (Normal) (G1 Evacuation Pause) 127M->54M(144M) 0.908ms
[452.619s][info][gc] GC(6688) Pause Young (Normal) (G1 Evacuation Pause) 129M->55M(144M) 0.927ms
[452.696s][info][gc] GC(6689) Pause Young (Concurrent Start) (G1 Evacuation Pause) 129M->55M(144M) 0.869ms
[452.696s][info][gc] GC(6690) Concurrent Mark Cycle
[452.702s][info][gc] GC(6690) Pause Remark 60M->59M(144M) 0.413ms
[452.705s][info][gc] GC(6690) Pause Cleanup 64M->64M(144M) 0.040ms
[452.705s][info][gc] GC(6690) Concurrent Mark Cycle 9.615ms
[452.766s][info][gc] GC(6691) Pause Young (Prepare Mixed) (G1 Evacuation Pause) 127M->56M(144M) 0.921ms
[452.839s][info][gc] GC(6692) Pause Young (Mixed) (G1 Evacuation Pause) 128M->54M(144M) 0.908ms
[452.913s][info][gc] GC(6693) Pause Young (Concurrent Start) (G1 Evacuation Pause) 128M->55M(144M) 0.872ms
[452.913s][info][gc] GC(6694) Concurrent Mark Cycle
[452.919s][info][gc] GC(6694) Pause Remark 62M->62M(144M) 0.418ms
[452.923s][info][gc] GC(6694) Pause Cleanup 68M->68M(144M) 0.055ms
[452.923s][info][gc] GC(6694) Concurrent Mark Cycle 10.184ms
[452.980s][info][gc] GC(6695) Pause Young (Prepare Mixed) (G1 Evacuation Pause) 129M->55M(144M) 0.813ms
[453.054s][info][gc] GC(6696) Pause Young (Mixed) (G1 Evacuation Pause) 127M->55M(144M) 1.001ms
[453.132s][info][gc] GC(6697) Pause Young (Concurrent Start) (G1 Evacuation Pause) 129M->55M(144M) 0.924ms
[453.132s][info][gc] GC(6698) Concurrent Mark Cycle
[453.139s][info][gc] GC(6698) Pause Remark 64M->64M(144M) 0.366ms
[453.142s][info][gc] GC(6698) Pause Cleanup 68M->68M(144M) 0.029ms
[453.142s][info][gc] GC(6698) Concurrent Mark Cycle 10.678ms
[453.205s][info][gc] GC(6699) Pause Young (Prepare Mixed) (G1 Evacuation Pause) 129M->56M(144M) 0.842ms
[453.275s][info][gc] GC(6700) Pause Young (Mixed) (G1 Evacuation Pause) 128M->56M(144M) 1.075ms
[453.345s][info][gc] GC(6701) Pause Young (Normal) (G1 Evacuation Pause) 128M->56M(144M) 0.847ms
[453.419s][info][gc] GC(6702) Pause Young (Concurrent Start) (G1 Evacuation Pause) 128M->57M(144M) 0.969ms
[453.419s][info][gc] GC(6703) Concurrent Mark Cycle
[453.426s][info][gc] GC(6703) Pause Remark 67M->67M(144M) 0.375ms
[453.430s][info][gc] GC(6703) Pause Cleanup 70M->70M(144M) 0.061ms
[453.430s][info][gc] GC(6703) Concurrent Mark Cycle 11.683ms
[453.491s][info][gc] GC(6704) Pause Young (Prepare Mixed) (G1 Evacuation Pause) 129M->57M(144M) 1.180ms
[453.568s][info][gc] GC(6705) Pause Young (Mixed) (G1 Evacuation Pause) 129M->57M(144M) 1.082ms
[453.644s][info][gc] GC(6706) Pause Young (Concurrent Start) (G1 Evacuation Pause) 129M->58M(144M) 0.873ms
[453.644s][info][gc] GC(6707) Concurrent Mark Cycle
[453.652s][info][gc] GC(6707) Pause Remark 68M->68M(144M) 0.384ms
[453.656s][info][gc] GC(6707) Pause Cleanup 73M->73M(144M) 0.039ms
[453.657s][info][gc] GC(6707) Concurrent Mark Cycle 12.411ms
[453.707s][info][gc] GC(6708) Pause Young (Prepare Mixed) (G1 Evacuation Pause) 129M->57M(144M) 0.991ms
[453.785s][info][gc] GC(6709) Pause Young (Mixed) (G1 Evacuation Pause) 128M->58M(144M) 1.033ms
[453.857s][info][gc] GC(6710) Pause Young (Concurrent Start) (G1 Evacuation Pause) 127M->59M(144M) 1.024ms
[453.857s][info][gc] GC(6711) Concurrent Mark Cycle
[453.865s][info][gc] GC(6711) Pause Remark 69M->69M(144M) 0.523ms
[453.870s][info][gc] GC(6711) Pause Cleanup 74M->74M(144M) 0.060ms
[453.870s][info][gc] GC(6711) Concurrent Mark Cycle 12.895ms
[453.931s][info][gc] GC(6712) Pause Young (Prepare Mixed) (G1 Evacuation Pause) 129M->60M(144M) 0.832ms
[453.993s][info][gc] GC(6713) Pause Young (Mixed) (G1 Evacuation Pause) 129M->61M(144M) 0.882ms
[454.060s][info][gc] GC(6714) Pause Young (Concurrent Start) (G1 Evacuation Pause) 128M->61M(144M) 0.842ms
[454.060s][info][gc] GC(6715) Concurrent Mark Cycle
[454.068s][info][gc] GC(6715) Pause Remark 72M->72M(144M) 0.407ms
[454.072s][info][gc] GC(6715) Pause Cleanup 76M->76M(144M) 0.028ms
[454.072s][info][gc] GC(6715) Concurrent Mark Cycle 12.707ms
[454.132s][info][gc] GC(6716) Pause Young (Prepare Mixed) (G1 Evacuation Pause) 129M->61M(144M) 1.112ms
[454.195s][info][gc] GC(6717) Pause Young (Mixed) (G1 Evacuation Pause) 129M->61M(144M) 0.880ms
[454.265s][info][gc] GC(6718) Pause Young (Concurrent Start) (G1 Evacuation Pause) 128M->62M(144M) 0.892ms
[454.265s][info][gc] GC(6719) Concurrent Mark Cycle
[454.273s][info][gc] GC(6719) Pause Remark 66M->66M(144M) 0.407ms
[454.279s][info][gc] GC(6719) Pause Cleanup 70M->70M(144M) 0.032ms
[454.279s][info][gc] GC(6719) Concurrent Mark Cycle 13.801ms
[454.341s][info][gc] GC(6720) Pause Young (Prepare Mixed) (G1 Evacuation Pause) 129M->63M(144M) 0.839ms
[454.399s][info][gc] GC(6721) Pause Young (Mixed) (G1 Evacuation Pause) 128M->63M(144M) 1.059ms
[454.468s][info][gc] GC(6722) Pause Young (Concurrent Start) (G1 Evacuation Pause) 128M->63M(144M) 0.891ms
[454.468s][info][gc] GC(6723) Concurrent Mark Cycle
[454.477s][info][gc] GC(6723) Pause Remark 68M->68M(144M) 0.371ms
[454.482s][info][gc] GC(6723) Pause Cleanup 75M->75M(144M) 0.055ms
[454.482s][info][gc] GC(6723) Concurrent Mark Cycle 13.597ms
[454.528s][info][gc] GC(6724) Pause Young (Prepare Mixed) (G1 Evacuation Pause) 130M->63M(144M) 0.703ms
[454.602s][info][gc] GC(6725) Pause Young (Mixed) (G1 Evacuation Pause) 131M->64M(144M) 0.943ms
[454.668s][info][gc] GC(6726) Pause Young (Concurrent Start) (G1 Evacuation Pause) 129M->65M(144M) 1.246ms
[454.668s][info][gc] GC(6727) Concurrent Mark Cycle
[454.678s][info][gc] GC(6727) Pause Remark 77M->77M(144M) 0.381ms
[454.683s][info][gc] GC(6727) Pause Cleanup 81M->81M(144M) 0.045ms
[454.683s][info][gc] GC(6727) Concurrent Mark Cycle 14.205ms
[454.727s][info][gc] GC(6728) Pause Young (Prepare Mixed) (G1 Evacuation Pause) 128M->65M(144M) 0.806ms
[454.797s][info][gc] GC(6729) Pause Young (Mixed) (G1 Evacuation Pause) 128M->66M(144M) 0.874ms
[454.858s][info][gc] GC(6730) Pause Young (Concurrent Start) (G1 Evacuation Pause) 129M->66M(144M) 0.807ms
[454.858s][info][gc] GC(6731) Concurrent Mark Cycle
[454.867s][info][gc] GC(6731) Pause Remark 73M->73M(144M) 0.417ms
[454.872s][info][gc] GC(6731) Pause Cleanup 81M->81M(144M) 0.031ms
[454.872s][info][gc] GC(6731) Concurrent Mark Cycle 14.421ms
[454.922s][info][gc] GC(6732) Pause Young (Prepare Mixed) (G1 Evacuation Pause) 130M->67M(144M) 0.796ms
[454.986s][info][gc] GC(6733) Pause Young (Mixed) (G1 Evacuation Pause) 129M->67M(144M) 0.840ms
[455.038s][info][gc] GC(6734) Pause Young (Concurrent Start) (G1 Evacuation Pause) 128M->67M(144M) 0.729ms
[455.038s][info][gc] GC(6735) Concurrent Mark Cycle
[455.048s][info][gc] GC(6735) Pause Remark 76M->76M(144M) 0.371ms
[455.053s][info][gc] GC(6735) Pause Cleanup 77M->77M(144M) 0.042ms
[455.053s][info][gc] GC(6735) Concurrent Mark Cycle 14.495ms
[455.109s][info][gc] GC(6736) Pause Young (Prepare Mixed) (G1 Evacuation Pause) 130M->68M(144M) 0.823ms
[455.167s][info][gc] GC(6737) Pause Young (Mixed) (G1 Evacuation Pause) 127M->68M(144M) 0.973ms
[455.224s][info][gc] GC(6738) Pause Young (Concurrent Start) (G1 Evacuation Pause) 128M->69M(144M) 0.869ms
[455.224s][info][gc] GC(6739) Concurrent Mark Cycle
[455.234s][info][gc] GC(6739) Pause Remark 81M->81M(144M) 0.358ms
[455.240s][info][gc] GC(6739) Pause Cleanup 88M->88M(144M) 0.038ms
[455.240s][info][gc] GC(6739) Concurrent Mark Cycle 15.892ms
[455.287s][info][gc] GC(6740) Pause Young (Prepare Mixed) (G1 Evacuation Pause) 128M->70M(144M) 0.770ms
[455.342s][info][gc] GC(6741) Pause Young (Mixed) (G1 Evacuation Pause) 129M->70M(144M) 0.833ms
[455.402s][info][gc] GC(6742) Pause Young (Concurrent Start) (G1 Evacuation Pause) 128M->71M(144M) 0.789ms
[455.402s][info][gc] GC(6743) Concurrent Mark Cycle
[455.412s][info][gc] GC(6743) Pause Remark 80M->80M(144M) 0.373ms
[455.417s][info][gc] GC(6743) Pause Cleanup 82M->82M(144M) 0.030ms
[455.417s][info][gc] GC(6743) Concurrent Mark Cycle 15.779ms
[455.473s][info][gc] GC(6744) Pause Young (Prepare Mixed) (G1 Evacuation Pause) 130M->70M(144M) 0.569ms
[455.590s][info][gc] GC(6745) Pause Young (Mixed) (G1 Evacuation Pause) 131M->72M(144M) 0.898ms
[455.637s][info][gc] GC(6746) Pause Young (Concurrent Start) (G1 Evacuation Pause) 127M->72M(144M) 0.789ms
[455.637s][info][gc] GC(6747) Concurrent Mark Cycle
[455.641s][info][gc] GC(6747) Pause Remark 73M->46M(144M) 0.392ms
[455.642s][info][gc] GC(6747) Pause Cleanup 46M->46M(144M) 0.063ms
[455.642s][info][gc] GC(6747) Concurrent Mark Cycle 5.044ms
[455.704s][info][gc] GC(6748) Pause Young (Prepare Mixed) (G1 Evacuation Pause) 104M->46M(144M) 0.857ms
[455.789s][info][gc] GC(6749) Pause Young (Mixed) (G1 Evacuation Pause) 127M->40M(144M) 1.088ms
[455.874s][info][gc] GC(6750) Pause Young (Normal) (G1 Evacuation Pause) 120M->40M(144M) 1.175ms
[455.947s][info][gc] GC(6751) Pause Young (Normal) (G1 Evacuation Pause) 119M->40M(144M) 0.928ms
[456.030s][info][gc] GC(6752) Pause Young (Normal) (G1 Evacuation Pause) 120M->41M(144M) 0.983ms
[456.112s][info][gc] GC(6753) Pause Young (Normal) (G1 Evacuation Pause) 119M->42M(144M) 1.002ms
[456.198s][info][gc] GC(6754) Pause Young (Normal) (G1 Evacuation Pause) 121M->43M(144M) 0.966ms
[456.269s][info][gc] GC(6755) Pause Young (Normal) (G1 Evacuation Pause) 122M->43M(144M) 1.088ms
[456.352s][info][gc] GC(6756) Pause Young (Normal) (G1 Evacuation Pause) 123M->44M(144M) 0.911ms
[456.437s][info][gc] GC(6757) Pause Young (Normal) (G1 Evacuation Pause) 124M->45M(144M) 1.008ms
[456.512s][info][gc] GC(6758) Pause Young (Normal) (G1 Evacuation Pause) 124M->45M(144M) 0.907ms
[456.593s][info][gc] GC(6759) Pause Young (Normal) (G1 Evacuation Pause) 124M->46M(144M) 0.911ms
[456.663s][info][gc] GC(6760) Pause Young (Normal) (G1 Evacuation Pause) 125M->46M(144M) 0.812ms
[456.747s][info][gc] GC(6761) Pause Young (Normal) (G1 Evacuation Pause) 126M->47M(144M) 0.917ms
[456.830s][info][gc] GC(6762) Pause Young (Normal) (G1 Evacuation Pause) 126M->48M(144M) 0.982ms
[456.920s][info][gc] GC(6763) Pause Young (Normal) (G1 Evacuation Pause) 128M->49M(144M) 1.105ms
[456.992s][info][gc] GC(6764) Pause Young (Normal) (G1 Evacuation Pause) 128M->49M(144M) 0.994ms
[457.073s][info][gc] GC(6765) Pause Young (Normal) (G1 Evacuation Pause) 129M->50M(144M) 1.019ms
[457.156s][info][gc] GC(6766) Pause Young (Normal) (G1 Evacuation Pause) 128M->51M(144M) 1.013ms
[457.237s][info][gc] GC(6767) Pause Young (Normal) (G1 Evacuation Pause) 128M->51M(144M) 0.899ms
[457.306s][info][gc] GC(6768) Pause Young (Normal) (G1 Evacuation Pause) 127M->52M(144M) 0.888ms
[457.380s][info][gc] GC(6769) Pause Young (Normal) (G1 Evacuation Pause) 129M->53M(144M) 0.863ms
[457.457s][info][gc] GC(6770) Pause Young (Normal) (G1 Evacuation Pause) 128M->53M(144M) 0.942ms
[457.538s][info][gc] GC(6771) Pause Young (Normal) (G1 Evacuation Pause) 127M->54M(144M) 0.900ms
[457.599s][info][gc] GC(6772) Pause Young (Concurrent Start) (G1 Evacuation Pause) 127M->54M(144M) 0.986ms
[457.599s][info][gc] GC(6773) Concurrent Mark Cycle
[457.605s][info][gc] GC(6773) Pause Remark 59M->58M(144M) 0.371ms
[457.609s][info][gc] GC(6773) Pause Cleanup 61M->61M(144M) 0.035ms
[457.609s][info][gc] GC(6773) Concurrent Mark Cycle 10.106ms
[457.681s][info][gc] GC(6774) Pause Young (Prepare Mixed) (G1 Evacuation Pause) 127M->54M(144M) 0.962ms
[457.757s][info][gc] GC(6775) Pause Young (Mixed) (G1 Evacuation Pause) 129M->52M(144M) 0.915ms
[457.838s][info][gc] GC(6776) Pause Young (Normal) (G1 Evacuation Pause) 128M->53M(144M) 0.931ms
[457.901s][info][gc] GC(6777) Pause Young (Normal) (G1 Evacuation Pause) 127M->53M(144M) 0.953ms
[457.983s][info][gc] GC(6778) Pause Young (Normal) (G1 Evacuation Pause) 129M->54M(144M) 0.951ms
[458.053s][info][gc] GC(6779) Pause Young (Normal) (G1 Evacuation Pause) 128M->55M(144M) 0.936ms
[458.122s][info][gc] GC(6780) Pause Young (Concurrent Start) (G1 Evacuation Pause) 127M->55M(144M) 0.839ms
[458.122s][info][gc] GC(6781) Concurrent Mark Cycle
[458.128s][info][gc] GC(6781) Pause Remark 58M->58M(144M) 0.405ms
[458.132s][info][gc] GC(6781) Pause Cleanup 61M->61M(144M) 0.052ms
[458.132s][info][gc] GC(6781) Concurrent Mark Cycle 9.878ms
[458.203s][info][gc] GC(6782) Pause Young (Prepare Mixed) (G1 Evacuation Pause) 129M->56M(144M) 1.048ms
[458.282s][info][gc] GC(6783) Pause Young (Mixed) (G1 Evacuation Pause) 129M->54M(144M) 1.019ms
[458.358s][info][gc] GC(6784) Pause Young (Concurrent Start) (G1 Evacuation Pause) 128M->55M(144M) 0.902ms
[458.358s][info][gc] GC(6785) Concurrent Mark Cycle
[458.364s][info][gc] GC(6785) Pause Remark 60M->60M(144M) 0.413ms
[458.369s][info][gc] GC(6785) Pause Cleanup 65M->65M(144M) 0.055ms
[458.369s][info][gc] GC(6785) Concurrent Mark Cycle 10.842ms
[458.429s][info][gc] GC(6786) Pause Young (Prepare Mixed) (G1 Evacuation Pause) 127M->56M(144M) 0.931ms
[458.502s][info][gc] GC(6787) Pause Young (Mixed) (G1 Evacuation Pause) 129M->55M(144M) 1.186ms
[458.581s][info][gc] GC(6788) Pause Young (Concurrent Start) (G1 Evacuation Pause) 129M->56M(144M) 0.991ms
[458.582s][info][gc] GC(6789) Concurrent Mark Cycle
[458.589s][info][gc] GC(6789) Pause Remark 61M->61M(144M) 0.386ms
[458.594s][info][gc] GC(6789) Pause Cleanup 67M->67M(144M) 0.055ms
[458.594s][info][gc] GC(6789) Concurrent Mark Cycle 12.277ms
[458.653s][info][gc] GC(6790) Pause Young (Prepare Mixed) (G1 Evacuation Pause) 129M->57M(144M) 1.465ms
[458.728s][info][gc] GC(6791) Pause Young (Mixed) (G1 Evacuation Pause) 128M->56M(144M) 0.996ms
[458.802s][info][gc] GC(6792) Pause Young (Concurrent Start) (G1 Evacuation Pause) 129M->57M(144M) 0.962ms
[458.802s][info][gc] GC(6793) Concurrent Mark Cycle
[458.809s][info][gc] GC(6793) Pause Remark 65M->65M(144M) 0.411ms
[458.814s][info][gc] GC(6793) Pause Cleanup 69M->69M(144M) 0.054ms
[458.814s][info][gc] GC(6793) Concurrent Mark Cycle 12.136ms
[458.870s][info][gc] GC(6794) Pause Young (Prepare Mixed) (G1 Evacuation Pause) 129M->57M(144M) 0.946ms
[458.943s][info][gc] GC(6795) Pause Young (Mixed) (G1 Evacuation Pause) 129M->58M(144M) 1.050ms
[459.015s][info][gc] GC(6796) Pause Young (Concurrent Start) (G1 Evacuation Pause) 128M->58M(144M) 0.892ms
[459.015s][info][gc] GC(6797) Concurrent Mark Cycle
[459.022s][info][gc] GC(6797) Pause Remark 67M->67M(144M) 0.420ms
[459.029s][info][gc] GC(6797) Pause Cleanup 72M->72M(144M) 0.043ms
[459.029s][info][gc] GC(6797) Concurrent Mark Cycle 13.519ms
[459.084s][info][gc] GC(6798) Pause Young (Prepare Mixed) (G1 Evacuation Pause) 129M->58M(144M) 1.003ms
[459.159s][info][gc] GC(6799) Pause Young (Mixed) (G1 Evacuation Pause) 130M->58M(144M) 1.015ms
[459.229s][info][gc] GC(6800) Pause Young (Concurrent Start) (G1 Evacuation Pause) 128M->60M(144M) 0.879ms
[459.229s][info][gc] GC(6801) Concurrent Mark Cycle
[459.237s][info][gc] GC(6801) Pause Remark 66M->66M(144M) 0.404ms
[459.244s][info][gc] GC(6801) Pause Cleanup 73M->73M(144M) 0.042ms
[459.244s][info][gc] GC(6801) Concurrent Mark Cycle 14.409ms
[459.302s][info][gc] GC(6802) Pause Young (Prepare Mixed) (G1 Evacuation Pause) 128M->60M(144M) 1.091ms
[459.374s][info][gc] GC(6803) Pause Young (Mixed) (G1 Evacuation Pause) 129M->60M(144M) 0.939ms
[459.444s][info][gc] GC(6804) Pause Young (Concurrent Start) (G1 Evacuation Pause) 129M->61M(144M) 0.892ms
[459.444s][info][gc] GC(6805) Concurrent Mark Cycle
[459.453s][info][gc] GC(6805) Pause Remark 73M->73M(144M) 0.509ms
[459.459s][info][gc] GC(6805) Pause Cleanup 80M->80M(144M) 0.046ms
[459.459s][info][gc] GC(6805) Concurrent Mark Cycle 15.596ms
[459.512s][info][gc] GC(6806) Pause Young (Prepare Mixed) (G1 Evacuation Pause) 128M->61M(144M) 0.887ms
[459.582s][info][gc] GC(6807) Pause Young (Mixed) (G1 Evacuation Pause) 129M->62M(144M) 1.018ms
[459.648s][info][gc] GC(6808) Pause Young (Concurrent Start) (G1 Evacuation Pause) 128M->62M(144M) 0.872ms
[459.648s][info][gc] GC(6809) Concurrent Mark Cycle
[459.656s][info][gc] GC(6809) Pause Remark 70M->70M(144M) 0.508ms
[459.663s][info][gc] GC(6809) Pause Cleanup 78M->78M(144M) 0.032ms
[459.663s][info][gc] GC(6809) Concurrent Mark Cycle 14.900ms
[459.721s][info][gc] GC(6810) Pause Young (Prepare Mixed) (G1 Evacuation Pause) 129M->63M(144M) 0.972ms
[459.780s][info][gc] GC(6811) Pause Young (Mixed) (G1 Evacuation Pause) 129M->63M(144M) 0.887ms
[459.850s][info][gc] GC(6812) Pause Young (Concurrent Start) (G1 Evacuation Pause) 130M->64M(144M) 0.883ms
[459.850s][info][gc] GC(6813) Concurrent Mark Cycle
[459.859s][info][gc] GC(6813) Pause Remark 74M->74M(144M) 0.376ms
[459.865s][info][gc] GC(6813) Pause Cleanup 83M->83M(144M) 0.034ms
[459.866s][info][gc] GC(6813) Concurrent Mark Cycle 15.140ms
[459.911s][info][gc] GC(6814) Pause Young (Prepare Mixed) (G1 Evacuation Pause) 129M->64M(144M) 0.841ms
[459.976s][info][gc] GC(6815) Pause Young (Mixed) (G1 Evacuation Pause) 128M->65M(144M) 0.970ms
[460.040s][info][gc] GC(6816) Pause Young (Concurrent Start) (G1 Evacuation Pause) 128M->65M(144M) 0.810ms
[460.040s][info][gc] GC(6817) Concurrent Mark Cycle
[460.049s][info][gc] GC(6817) Pause Remark 74M->74M(144M) 0.368ms
[460.056s][info][gc] GC(6817) Pause Cleanup 80M->80M(144M) 0.052ms
[460.056s][info][gc] GC(6817) Concurrent Mark Cycle 15.435ms
[460.106s][info][gc] GC(6818) Pause Young (Prepare Mixed) (G1 Evacuation Pause) 130M->66M(144M) 0.782ms
[460.166s][info][gc] GC(6819) Pause Young (Mixed) (G1 Evacuation Pause) 129M->66M(144M) 0.844ms
[460.231s][info][gc] GC(6820) Pause Young (Concurrent Start) (G1 Evacuation Pause) 128M->66M(144M) 0.796ms
[460.231s][info][gc] GC(6821) Concurrent Mark Cycle
[460.239s][info][gc] GC(6821) Pause Remark 70M->70M(144M) 0.363ms
[460.247s][info][gc] GC(6821) Pause Cleanup 80M->80M(144M) 0.049ms
[460.247s][info][gc] GC(6821) Concurrent Mark Cycle 15.922ms
[460.289s][info][gc] GC(6822) Pause Young (Prepare Mixed) (G1 Evacuation Pause) 128M->66M(144M) 0.806ms
[460.358s][info][gc] GC(6823) Pause Young (Mixed) (G1 Evacuation Pause) 129M->68M(144M) 0.891ms
[460.413s][info][gc] GC(6824) Pause Young (Concurrent Start) (G1 Evacuation Pause) 127M->68M(144M) 0.901ms
[460.413s][info][gc] GC(6825) Concurrent Mark Cycle
[460.422s][info][gc] GC(6825) Pause Remark 79M->79M(144M) 0.419ms
[460.429s][info][gc] GC(6825) Pause Cleanup 83M->83M(144M) 0.036ms
[460.430s][info][gc] GC(6825) Concurrent Mark Cycle 16.990ms
[460.476s][info][gc] GC(6826) Pause Young (Prepare Mixed) (G1 Evacuation Pause) 130M->69M(144M) 0.873ms
[460.535s][info][gc] GC(6827) Pause Young (Mixed) (G1 Evacuation Pause) 129M->69M(144M) 0.909ms
[460.592s][info][gc] GC(6828) Pause Young (Concurrent Start) (G1 Evacuation Pause) 130M->69M(144M) 0.785ms
[460.592s][info][gc] GC(6829) Concurrent Mark Cycle
[460.601s][info][gc] GC(6829) Pause Remark 73M->73M(144M) 0.377ms
[460.608s][info][gc] GC(6829) Pause Cleanup 79M->79M(144M) 0.028ms
[460.608s][info][gc] GC(6829) Concurrent Mark Cycle 16.674ms
[460.658s][info][gc] GC(6830) Pause Young (Prepare Mixed) (G1 Evacuation Pause) 130M->70M(144M) 0.811ms
[460.725s][info][gc] GC(6831) Pause Young (Mixed) (G1 Evacuation Pause) 129M->69M(144M) 0.938ms
[460.864s][info][gc] GC(6832) Pause Young (Concurrent Start) (G1 Evacuation Pause) 129M->72M(144M) 0.977ms
[460.864s][info][gc] GC(6833) Concurrent Mark Cycle
[460.867s][info][gc] GC(6833) Pause Remark 76M->50M(144M) 0.404ms
[460.869s][info][gc] GC(6833) Pause Cleanup 51M->51M(144M) 0.065ms
[460.869s][info][gc] GC(6833) Concurrent Mark Cycle 5.119ms
[460.913s][info][gc] GC(6834) Pause Young (Prepare Mixed) (G1 Evacuation Pause) 102M->46M(144M) 0.965ms
[461.000s][info][gc] GC(6835) Pause Young (Mixed) (G1 Evacuation Pause) 127M->41M(144M) 0.862ms
[461.081s][info][gc] GC(6836) Pause Young (Normal) (G1 Evacuation Pause) 121M->41M(144M) 0.942ms
[461.168s][info][gc] GC(6837) Pause Young (Normal) (G1 Evacuation Pause) 121M->42M(144M) 0.952ms
[461.247s][info][gc] GC(6838) Pause Young (Normal) (G1 Evacuation Pause) 121M->42M(144M) 0.910ms
[461.324s][info][gc] GC(6839) Pause Young (Normal) (G1 Evacuation Pause) 122M->43M(144M) 1.080ms
[461.408s][info][gc] GC(6840) Pause Young (Normal) (G1 Evacuation Pause) 122M->44M(144M) 0.982ms
[461.487s][info][gc] GC(6841) Pause Young (Normal) (G1 Evacuation Pause) 123M->45M(144M) 0.881ms
[461.564s][info][gc] GC(6842) Pause Young (Normal) (G1 Evacuation Pause) 124M->45M(144M) 0.908ms
[461.632s][info][gc] GC(6843) Pause Young (Normal) (G1 Evacuation Pause) 124M->45M(144M) 0.878ms
[461.717s][info][gc] GC(6844) Pause Young (Normal) (G1 Evacuation Pause) 125M->47M(144M) 0.880ms
[461.796s][info][gc] GC(6845) Pause Young (Normal) (G1 Evacuation Pause) 125M->47M(144M) 1.119ms
[461.873s][info][gc] GC(6846) Pause Young (Normal) (G1 Evacuation Pause) 126M->47M(144M) 0.903ms
[461.951s][info][gc] GC(6847) Pause Young (Normal) (G1 Evacuation Pause) 127M->48M(144M) 0.964ms
[462.030s][info][gc] GC(6848) Pause Young (Normal) (G1 Evacuation Pause) 127M->49M(144M) 0.967ms
[462.106s][info][gc] GC(6849) Pause Young (Normal) (G1 Evacuation Pause) 127M->49M(144M) 0.915ms
[462.189s][info][gc] GC(6850) Pause Young (Normal) (G1 Evacuation Pause) 129M->50M(144M) 1.054ms
[462.268s][info][gc] GC(6851) Pause Young (Normal) (G1 Evacuation Pause) 127M->51M(144M) 0.915ms
[462.344s][info][gc] GC(6852) Pause Young (Normal) (G1 Evacuation Pause) 129M->51M(144M) 0.801ms
[462.422s][info][gc] GC(6853) Pause Young (Normal) (G1 Evacuation Pause) 127M->52M(144M) 0.873ms
[462.499s][info][gc] GC(6854) Pause Young (Normal) (G1 Evacuation Pause) 128M->53M(144M) 1.075ms
[462.571s][info][gc] GC(6855) Pause Young (Normal) (G1 Evacuation Pause) 128M->53M(144M) 0.899ms
[462.646s][info][gc] GC(6856) Pause Young (Normal) (G1 Evacuation Pause) 129M->54M(144M) 0.868ms
[462.726s][info][gc] GC(6857) Pause Young (Normal) (G1 Evacuation Pause) 128M->55M(144M) 0.943ms
[462.799s][info][gc] GC(6858) Pause Young (Concurrent Start) (G1 Evacuation Pause) 127M->55M(144M) 0.919ms
[462.799s][info][gc] GC(6859) Concurrent Mark Cycle
[462.804s][info][gc] GC(6859) Pause Remark 60M->57M(144M) 0.359ms
[462.807s][info][gc] GC(6859) Pause Cleanup 60M->60M(144M) 0.047ms
[462.807s][info][gc] GC(6859) Concurrent Mark Cycle 8.156ms
[462.870s][info][gc] GC(6860) Pause Young (Prepare Mixed) (G1 Evacuation Pause) 125M->53M(144M) 0.904ms
[462.943s][info][gc] GC(6861) Pause Young (Mixed) (G1 Evacuation Pause) 129M->52M(144M) 0.890ms
[463.026s][info][gc] GC(6862) Pause Young (Normal) (G1 Evacuation Pause) 129M->53M(144M) 1.650ms
[463.098s][info][gc] GC(6863) Pause Young (Normal) (G1 Evacuation Pause) 128M->53M(144M) 0.864ms
[463.177s][info][gc] GC(6864) Pause Young (Normal) (G1 Evacuation Pause) 129M->53M(144M) 0.830ms
[463.252s][info][gc] GC(6865) Pause Young (Normal) (G1 Evacuation Pause) 129M->54M(144M) 1.091ms
[463.329s][info][gc] GC(6866) Pause Young (Concurrent Start) (G1 Evacuation Pause) 127M->55M(144M) 0.956ms
[463.329s][info][gc] GC(6867) Concurrent Mark Cycle
[463.334s][info][gc] GC(6867) Pause Remark 62M->62M(144M) 0.508ms
[463.338s][info][gc] GC(6867) Pause Cleanup 66M->66M(144M) 0.053ms
[463.338s][info][gc] GC(6867) Concurrent Mark Cycle 9.543ms
[463.400s][info][gc] GC(6868) Pause Young (Prepare Mixed) (G1 Evacuation Pause) 129M->56M(144M) 1.023ms
[463.477s][info][gc] GC(6869) Pause Young (Mixed) (G1 Evacuation Pause) 129M->55M(144M) 0.958ms
[463.549s][info][gc] GC(6870) Pause Young (Concurrent Start) (G1 Evacuation Pause) 129M->55M(144M) 0.907ms
[463.549s][info][gc] GC(6871) Concurrent Mark Cycle
[463.556s][info][gc] GC(6871) Pause Remark 59M->59M(144M) 0.451ms
[463.560s][info][gc] GC(6871) Pause Cleanup 60M->60M(144M) 0.040ms
[463.560s][info][gc] GC(6871) Concurrent Mark Cycle 10.851ms
[463.628s][info][gc] GC(6872) Pause Young (Prepare Mixed) (G1 Evacuation Pause) 130M->56M(144M) 0.843ms
[463.702s][info][gc] GC(6873) Pause Young (Mixed) (G1 Evacuation Pause) 129M->55M(144M) 1.196ms
[463.788s][info][gc] GC(6874) Pause Young (Concurrent Start) (G1 Evacuation Pause) 129M->56M(144M) 0.911ms
[463.788s][info][gc] GC(6875) Concurrent Mark Cycle
[463.794s][info][gc] GC(6875) Pause Remark 64M->64M(144M) 0.380ms
[463.798s][info][gc] GC(6875) Pause Cleanup 69M->69M(144M) 0.040ms
[463.798s][info][gc] GC(6875) Concurrent Mark Cycle 9.980ms
[463.861s][info][gc] GC(6876) Pause Young (Prepare Mixed) (G1 Evacuation Pause) 129M->57M(144M) 0.887ms
[463.929s][info][gc] GC(6877) Pause Young (Mixed) (G1 Evacuation Pause) 127M->56M(144M) 0.928ms
[464.010s][info][gc] GC(6878) Pause Young (Concurrent Start) (G1 Evacuation Pause) 129M->57M(144M) 0.938ms
[464.010s][info][gc] GC(6879) Concurrent Mark Cycle
[464.017s][info][gc] GC(6879) Pause Remark 66M->66M(144M) 0.497ms
[464.023s][info][gc] GC(6879) Pause Cleanup 70M->70M(144M) 0.039ms
[464.023s][info][gc] GC(6879) Concurrent Mark Cycle 12.717ms
[464.090s][info][gc] GC(6880) Pause Young (Prepare Mixed) (G1 Evacuation Pause) 129M->57M(144M) 1.642ms
[464.174s][info][gc] GC(6881) Pause Young (Mixed) (G1 Evacuation Pause) 128M->57M(144M) 1.709ms
[464.251s][info][gc] GC(6882) Pause Young (Concurrent Start) (G1 Evacuation Pause) 129M->58M(144M) 1.040ms
[464.251s][info][gc] GC(6883) Concurrent Mark Cycle
[464.258s][info][gc] GC(6883) Pause Remark 66M->66M(144M) 0.372ms
[464.262s][info][gc] GC(6883) Pause Cleanup 71M->71M(144M) 0.041ms
[464.262s][info][gc] GC(6883) Concurrent Mark Cycle 11.162ms
[464.330s][info][gc] GC(6884) Pause Young (Prepare Mixed) (G1 Evacuation Pause) 127M->58M(144M) 0.871ms
[464.415s][info][gc] GC(6885) Pause Young (Mixed) (G1 Evacuation Pause) 130M->58M(144M) 1.089ms
[464.480s][info][gc] GC(6886) Pause Young (Concurrent Start) (G1 Evacuation Pause) 128M->59M(144M) 0.919ms
[464.480s][info][gc] GC(6887) Concurrent Mark Cycle
[464.487s][info][gc] GC(6887) Pause Remark 68M->68M(144M) 0.376ms
[464.492s][info][gc] GC(6887) Pause Cleanup 73M->73M(144M) 0.062ms
[464.492s][info][gc] GC(6887) Concurrent Mark Cycle 11.772ms
[464.553s][info][gc] GC(6888) Pause Young (Prepare Mixed) (G1 Evacuation Pause) 127M->60M(144M) 0.940ms
[464.621s][info][gc] GC(6889) Pause Young (Mixed) (G1 Evacuation Pause) 129M->60M(144M) 1.001ms
[464.690s][info][gc] GC(6890) Pause Young (Concurrent Start) (G1 Evacuation Pause) 129M->60M(144M) 1.120ms
[464.690s][info][gc] GC(6891) Concurrent Mark Cycle
[464.698s][info][gc] GC(6891) Pause Remark 69M->69M(144M) 0.414ms
[464.703s][info][gc] GC(6891) Pause Cleanup 74M->74M(144M) 0.036ms
[464.703s][info][gc] GC(6891) Concurrent Mark Cycle 12.538ms
[464.771s][info][gc] GC(6892) Pause Young (Prepare Mixed) (G1 Evacuation Pause) 129M->61M(144M) 1.038ms
[464.845s][info][gc] GC(6893) Pause Young (Mixed) (G1 Evacuation Pause) 127M->61M(144M) 0.909ms
[464.910s][info][gc] GC(6894) Pause Young (Concurrent Start) (G1 Evacuation Pause) 128M->62M(144M) 0.911ms
[464.910s][info][gc] GC(6895) Concurrent Mark Cycle
[464.918s][info][gc] GC(6895) Pause Remark 72M->72M(144M) 0.545ms
[464.923s][info][gc] GC(6895) Pause Cleanup 78M->78M(144M) 0.041ms
[464.923s][info][gc] GC(6895) Concurrent Mark Cycle 12.712ms
[464.980s][info][gc] GC(6896) Pause Young (Prepare Mixed) (G1 Evacuation Pause) 127M->62M(144M) 1.212ms
[465.053s][info][gc] GC(6897) Pause Young (Mixed) (G1 Evacuation Pause) 130M->63M(144M) 0.962ms
[465.120s][info][gc] GC(6898) Pause Young (Concurrent Start) (G1 Evacuation Pause) 129M->64M(144M) 0.940ms
[465.120s][info][gc] GC(6899) Concurrent Mark Cycle
[465.128s][info][gc] GC(6899) Pause Remark 72M->72M(144M) 0.411ms
[465.133s][info][gc] GC(6899) Pause Cleanup 78M->78M(144M) 0.077ms
[465.133s][info][gc] GC(6899) Concurrent Mark Cycle 13.008ms
[465.189s][info][gc] GC(6900) Pause Young (Prepare Mixed) (G1 Evacuation Pause) 129M->64M(144M) 0.856ms
[465.245s][info][gc] GC(6901) Pause Young (Mixed) (G1 Evacuation Pause) 128M->64M(144M) 0.924ms
[465.314s][info][gc] GC(6902) Pause Young (Concurrent Start) (G1 Evacuation Pause) 129M->65M(144M) 0.811ms
[465.314s][info][gc] GC(6903) Concurrent Mark Cycle
[465.322s][info][gc] GC(6903) Pause Remark 74M->74M(144M) 0.378ms
[465.327s][info][gc] GC(6903) Pause Cleanup 81M->81M(144M) 0.025ms
[465.327s][info][gc] GC(6903) Concurrent Mark Cycle 13.213ms
[465.382s][info][gc] GC(6904) Pause Young (Prepare Mixed) (G1 Evacuation Pause) 128M->65M(144M) 0.891ms
[465.439s][info][gc] GC(6905) Pause Young (Mixed) (G1 Evacuation Pause) 129M->66M(144M) 0.938ms
[465.512s][info][gc] GC(6906) Pause Young (Concurrent Start) (G1 Evacuation Pause) 130M->66M(144M) 0.881ms
[465.512s][info][gc] GC(6907) Concurrent Mark Cycle
[465.520s][info][gc] GC(6907) Pause Remark 76M->76M(144M) 0.558ms
[465.526s][info][gc] GC(6907) Pause Cleanup 82M->82M(144M) 0.036ms
[465.526s][info][gc] GC(6907) Concurrent Mark Cycle 14.439ms
[465.575s][info][gc] GC(6908) Pause Young (Prepare Mixed) (G1 Evacuation Pause) 130M->67M(144M) 0.858ms
[465.637s][info][gc] GC(6909) Pause Young (Mixed) (G1 Evacuation Pause) 129M->67M(144M) 0.912ms
[465.705s][info][gc] GC(6910) Pause Young (Concurrent Start) (G1 Evacuation Pause) 128M->68M(144M) 0.909ms
[465.705s][info][gc] GC(6911) Concurrent Mark Cycle
[465.714s][info][gc] GC(6911) Pause Remark 78M->78M(144M) 0.394ms
[465.719s][info][gc] GC(6911) Pause Cleanup 82M->82M(144M) 0.037ms
[465.719s][info][gc] GC(6911) Concurrent Mark Cycle 14.070ms
[465.762s][info][gc] GC(6912) Pause Young (Prepare Mixed) (G1 Evacuation Pause) 129M->68M(144M) 0.787ms
[465.829s][info][gc] GC(6913) Pause Young (Mixed) (G1 Evacuation Pause) 129M->69M(144M) 0.862ms
[465.882s][info][gc] GC(6914) Pause Young (Concurrent Start) (G1 Evacuation Pause) 128M->69M(144M) 0.808ms
[465.882s][info][gc] GC(6915) Concurrent Mark Cycle
[465.891s][info][gc] GC(6915) Pause Remark 75M->75M(144M) 0.373ms
[465.896s][info][gc] GC(6915) Pause Cleanup 79M->79M(144M) 0.043ms
[465.896s][info][gc] GC(6915) Concurrent Mark Cycle 13.937ms
[465.949s][info][gc] GC(6916) Pause Young (Prepare Mixed) (G1 Evacuation Pause) 130M->70M(144M) 0.838ms
[466.009s][info][gc] GC(6917) Pause Young (Mixed) (G1 Evacuation Pause) 129M->70M(144M) 0.938ms
[466.064s][info][gc] GC(6918) Pause Young (Concurrent Start) (G1 Evacuation Pause) 128M->71M(144M) 0.839ms
[466.064s][info][gc] GC(6919) Concurrent Mark Cycle
[466.073s][info][gc] GC(6919) Pause Remark 81M->81M(144M) 0.446ms
[466.079s][info][gc] GC(6919) Pause Cleanup 88M->88M(144M) 0.028ms
[466.079s][info][gc] GC(6919) Concurrent Mark Cycle 14.754ms
[466.207s][info][gc] GC(6920) Pause Young (Normal) (G1 Evacuation Pause) 130M->72M(144M) 0.879ms
[466.259s][info][gc] GC(6921) Pause Young (Concurrent Start) (G1 Evacuation Pause) 128M->72M(144M) 0.907ms
[466.260s][info][gc] GC(6922) Concurrent Mark Cycle
[466.263s][info][gc] GC(6922) Pause Remark 75M->50M(144M) 0.387ms
[466.265s][info][gc] GC(6922) Pause Cleanup 52M->52M(144M) 0.040ms
[466.265s][info][gc] GC(6922) Concurrent Mark Cycle 5.355ms
[466.322s][info][gc] GC(6923) Pause Young (Prepare Mixed) (G1 Evacuation Pause) 104M->48M(144M) 1.034ms
[466.404s][info][gc] GC(6924) Pause Young (Mixed) (G1 Evacuation Pause) 129M->40M(144M) 0.936ms
[466.477s][info][gc] GC(6925) Pause Young (Normal) (G1 Evacuation Pause) 120M->40M(144M) 0.895ms
[466.562s][info][gc] GC(6926) Pause Young (Normal) (G1 Evacuation Pause) 119M->41M(144M) 0.927ms
[466.641s][info][gc] GC(6927) Pause Young (Normal) (G1 Evacuation Pause) 120M->42M(144M) 1.052ms
[466.722s][info][gc] GC(6928) Pause Young (Normal) (G1 Evacuation Pause) 122M->42M(144M) 0.835ms
[466.797s][info][gc] GC(6929) Pause Young (Normal) (G1 Evacuation Pause) 122M->43M(144M) 0.902ms
[466.880s][info][gc] GC(6930) Pause Young (Normal) (G1 Evacuation Pause) 122M->44M(144M) 0.932ms
[466.961s][info][gc] GC(6931) Pause Young (Normal) (G1 Evacuation Pause) 123M->44M(144M) 0.941ms
[467.040s][info][gc] GC(6932) Pause Young (Normal) (G1 Evacuation Pause) 123M->46M(144M) 0.932ms
[467.115s][info][gc] GC(6933) Pause Young (Normal) (G1 Evacuation Pause) 125M->45M(144M) 0.894ms
[467.189s][info][gc] GC(6934) Pause Young (Normal) (G1 Evacuation Pause) 125M->46M(144M) 0.869ms
[467.272s][info][gc] GC(6935) Pause Young (Normal) (G1 Evacuation Pause) 125M->47M(144M) 1.110ms
[467.344s][info][gc] GC(6936) Pause Young (Normal) (G1 Evacuation Pause) 126M->48M(144M) 0.894ms
[467.429s][info][gc] GC(6937) Pause Young (Normal) (G1 Evacuation Pause) 127M->48M(144M) 0.875ms
[467.501s][info][gc] GC(6938) Pause Young (Normal) (G1 Evacuation Pause) 128M->49M(144M) 0.948ms
[467.582s][info][gc] GC(6939) Pause Young (Normal) (G1 Evacuation Pause) 129M->50M(144M) 0.895ms
[467.662s][info][gc] GC(6940) Pause Young (Normal) (G1 Evacuation Pause) 128M->51M(144M) 0.965ms
[467.736s][info][gc] GC(6941) Pause Young (Normal) (G1 Evacuation Pause) 128M->51M(144M) 0.888ms
[467.811s][info][gc] GC(6942) Pause Young (Normal) (G1 Evacuation Pause) 129M->51M(144M) 0.820ms
[467.890s][info][gc] GC(6943) Pause Young (Normal) (G1 Evacuation Pause) 129M->52M(144M) 0.909ms
[467.962s][info][gc] GC(6944) Pause Young (Normal) (G1 Evacuation Pause) 126M->53M(144M) 0.959ms
[468.038s][info][gc] GC(6945) Pause Young (Normal) (G1 Evacuation Pause) 127M->54M(144M) 0.942ms
[468.100s][info][gc] GC(6946) Pause Young (Normal) (G1 Evacuation Pause) 128M->54M(144M) 0.866ms
[468.177s][info][gc] GC(6947) Pause Young (Concurrent Start) (G1 Evacuation Pause) 129M->55M(144M) 1.202ms
[468.177s][info][gc] GC(6948) Concurrent Mark Cycle
[468.183s][info][gc] GC(6948) Pause Remark 64M->62M(144M) 0.446ms
[468.188s][info][gc] GC(6948) Pause Cleanup 64M->64M(144M) 0.043ms
[468.188s][info][gc] GC(6948) Concurrent Mark Cycle 10.644ms
[468.255s][info][gc] GC(6949) Pause Young (Prepare Mixed) (G1 Evacuation Pause) 126M->53M(144M) 0.982ms
[468.346s][info][gc] GC(6950) Pause Young (Mixed) (G1 Evacuation Pause) 127M->52M(144M) 1.186ms
[468.411s][info][gc] GC(6951) Pause Young (Normal) (G1 Evacuation Pause) 128M->52M(144M) 0.843ms
[468.493s][info][gc] GC(6952) Pause Young (Normal) (G1 Evacuation Pause) 129M->53M(144M) 0.885ms
[468.567s][info][gc] GC(6953) Pause Young (Normal) (G1 Evacuation Pause) 128M->53M(144M) 1.005ms
[468.640s][info][gc] GC(6954) Pause Young (Normal) (G1 Evacuation Pause) 127M->53M(144M) 0.882ms
[468.715s][info][gc] GC(6955) Pause Young (Normal) (G1 Evacuation Pause) 129M->55M(144M) 0.907ms
[468.790s][info][gc] GC(6956) Pause Young (Concurrent Start) (G1 Evacuation Pause) 128M->55M(144M) 0.995ms
[468.790s][info][gc] GC(6957) Concurrent Mark Cycle
[468.797s][info][gc] GC(6957) Pause Remark 62M->62M(144M) 0.434ms
[468.802s][info][gc] GC(6957) Pause Cleanup 65M->65M(144M) 0.061ms
[468.802s][info][gc] GC(6957) Concurrent Mark Cycle 11.625ms
[468.871s][info][gc] GC(6958) Pause Young (Prepare Mixed) (G1 Evacuation Pause) 127M->56M(144M) 0.898ms
[468.938s][info][gc] GC(6959) Pause Young (Mixed) (G1 Evacuation Pause) 129M->55M(144M) 0.963ms
[469.015s][info][gc] GC(6960) Pause Young (Concurrent Start) (G1 Evacuation Pause) 127M->56M(144M) 1.005ms
[469.016s][info][gc] GC(6961) Concurrent Mark Cycle
[469.023s][info][gc] GC(6961) Pause Remark 64M->64M(144M) 0.432ms
[469.028s][info][gc] GC(6961) Pause Cleanup 68M->68M(144M) 0.041ms
[469.028s][info][gc] GC(6961) Concurrent Mark Cycle 12.737ms
[469.097s][info][gc] GC(6962) Pause Young (Prepare Mixed) (G1 Evacuation Pause) 129M->56M(144M) 0.908ms
[469.170s][info][gc] GC(6963) Pause Young (Mixed) (G1 Evacuation Pause) 129M->56M(144M) 1.048ms
[469.237s][info][gc] GC(6964) Pause Young (Concurrent Start) (G1 Evacuation Pause) 128M->57M(144M) 0.839ms
[469.237s][info][gc] GC(6965) Concurrent Mark Cycle
[469.245s][info][gc] GC(6965) Pause Remark 66M->66M(144M) 0.458ms
[469.251s][info][gc] GC(6965) Pause Cleanup 72M->72M(144M) 0.033ms
[469.251s][info][gc] GC(6965) Concurrent Mark Cycle 13.568ms
[469.311s][info][gc] GC(6966) Pause Young (Prepare Mixed) (G1 Evacuation Pause) 129M->57M(144M) 0.846ms
[469.391s][info][gc] GC(6967) Pause Young (Mixed) (G1 Evacuation Pause) 129M->57M(144M) 1.121ms
[469.457s][info][gc] GC(6968) Pause Young (Concurrent Start) (G1 Evacuation Pause) 129M->58M(144M) 0.911ms
[469.457s][info][gc] GC(6969) Concurrent Mark Cycle
[469.464s][info][gc] GC(6969) Pause Remark 64M->64M(144M) 0.381ms
[469.470s][info][gc] GC(6969) Pause Cleanup 72M->72M(144M) 0.048ms
[469.470s][info][gc] GC(6969) Concurrent Mark Cycle 13.318ms
[469.528s][info][gc] GC(6970) Pause Young (Prepare Mixed) (G1 Evacuation Pause) 129M->59M(144M) 0.857ms
[469.600s][info][gc] GC(6971) Pause Young (Mixed) (G1 Evacuation Pause) 127M->58M(144M) 1.059ms
[469.667s][info][gc] GC(6972) Pause Young (Concurrent Start) (G1 Evacuation Pause) 128M->59M(144M) 0.832ms
[469.667s][info][gc] GC(6973) Concurrent Mark Cycle
[469.675s][info][gc] GC(6973) Pause Remark 70M->70M(144M) 0.397ms
[469.681s][info][gc] GC(6973) Pause Cleanup 76M->76M(144M) 0.043ms
[469.681s][info][gc] GC(6973) Concurrent Mark Cycle 14.486ms
[469.743s][info][gc] GC(6974) Pause Young (Prepare Mixed) (G1 Evacuation Pause) 129M->59M(144M) 0.848ms
[469.812s][info][gc] GC(6975) Pause Young (Mixed) (G1 Evacuation Pause) 128M->59M(144M) 0.925ms
[469.876s][info][gc] GC(6976) Pause Young (Concurrent Start) (G1 Evacuation Pause) 128M->60M(144M) 0.857ms
[469.876s][info][gc] GC(6977) Concurrent Mark Cycle
[469.885s][info][gc] GC(6977) Pause Remark 71M->71M(144M) 0.405ms
[469.891s][info][gc] GC(6977) Pause Cleanup 73M->73M(144M) 0.054ms
[469.891s][info][gc] GC(6977) Concurrent Mark Cycle 14.353ms
[469.954s][info][gc] GC(6978) Pause Young (Prepare Mixed) (G1 Evacuation Pause) 129M->61M(144M) 0.857ms
[470.027s][info][gc] GC(6979) Pause Young (Mixed) (G1 Evacuation Pause) 129M->61M(144M) 0.879ms
[470.086s][info][gc] GC(6980) Pause Young (Concurrent Start) (G1 Evacuation Pause) 129M->62M(144M) 0.831ms
[470.086s][info][gc] GC(6981) Concurrent Mark Cycle
[470.094s][info][gc] GC(6981) Pause Remark 69M->69M(144M) 0.356ms
[470.101s][info][gc] GC(6981) Pause Cleanup 72M->72M(144M) 0.040ms
[470.101s][info][gc] GC(6981) Concurrent Mark Cycle 14.834ms
[470.160s][info][gc] GC(6982) Pause Young (Prepare Mixed) (G1 Evacuation Pause) 129M->62M(144M) 0.809ms
[470.224s][info][gc] GC(6983) Pause Young (Mixed) (G1 Evacuation Pause) 129M->62M(144M) 0.929ms
[470.288s][info][gc] GC(6984) Pause Young (Concurrent Start) (G1 Evacuation Pause) 128M->63M(144M) 0.879ms
[470.288s][info][gc] GC(6985) Concurrent Mark Cycle
[470.296s][info][gc] GC(6985) Pause Remark 69M->69M(144M) 0.385ms
[470.303s][info][gc] GC(6985) Pause Cleanup 75M->75M(144M) 0.039ms
[470.303s][info][gc] GC(6985) Concurrent Mark Cycle 14.909ms
[470.359s][info][gc] GC(6986) Pause Young (Prepare Mixed) (G1 Evacuation Pause) 129M->64M(144M) 0.824ms
[470.422s][info][gc] GC(6987) Pause Young (Mixed) (G1 Evacuation Pause) 129M->64M(144M) 1.054ms
[470.482s][info][gc] GC(6988) Pause Young (Concurrent Start) (G1 Evacuation Pause) 128M->65M(144M) 0.920ms
[470.482s][info][gc] GC(6989) Concurrent Mark Cycle
[470.491s][info][gc] GC(6989) Pause Remark 76M->76M(144M) 0.376ms
[470.498s][info][gc] GC(6989) Pause Cleanup 83M->83M(144M) 0.058ms
[470.499s][info][gc] GC(6989) Concurrent Mark Cycle 16.130ms
[470.547s][info][gc] GC(6990) Pause Young (Prepare Mixed) (G1 Evacuation Pause) 129M->65M(144M) 0.834ms
[470.611s][info][gc] GC(6991) Pause Young (Mixed) (G1 Evacuation Pause) 130M->65M(144M) 0.817ms
[470.673s][info][gc] GC(6992) Pause Young (Concurrent Start) (G1 Evacuation Pause) 128M->66M(144M) 0.804ms
[470.673s][info][gc] GC(6993) Concurrent Mark Cycle
[470.683s][info][gc] GC(6993) Pause Remark 76M->76M(144M) 0.373ms
[470.690s][info][gc] GC(6993) Pause Cleanup 85M->85M(144M) 0.042ms
[470.690s][info][gc] GC(6993) Concurrent Mark Cycle 17.114ms
[470.735s][info][gc] GC(6994) Pause Young (Prepare Mixed) (G1 Evacuation Pause) 128M->66M(144M) 0.775ms
[470.796s][info][gc] GC(6995) Pause Young (Mixed) (G1 Evacuation Pause) 130M->67M(144M) 1.122ms
[470.859s][info][gc] GC(6996) Pause Young (Concurrent Start) (G1 Evacuation Pause) 129M->67M(144M) 0.808ms
[470.859s][info][gc] GC(6997) Concurrent Mark Cycle
[470.869s][info][gc] GC(6997) Pause Remark 76M->76M(144M) 0.402ms
[470.877s][info][gc] GC(6997) Pause Cleanup 84M->84M(144M) 0.027ms
[470.877s][info][gc] GC(6997) Concurrent Mark Cycle 17.434ms
[470.922s][info][gc] GC(6998) Pause Young (Prepare Mixed) (G1 Evacuation Pause) 128M->68M(144M) 0.824ms
[470.982s][info][gc] GC(6999) Pause Young (Mixed) (G1 Evacuation Pause) 128M->69M(144M) 1.060ms
[471.042s][info][gc] GC(7000) Pause Young (Concurrent Start) (G1 Evacuation Pause) 129M->69M(144M) 0.808ms
[471.043s][info][gc] GC(7001) Concurrent Mark Cycle
[471.052s][info][gc] GC(7001) Pause Remark 80M->80M(144M) 0.401ms
[471.060s][info][gc] GC(7001) Pause Cleanup 89M->89M(144M) 0.029ms
[471.060s][info][gc] GC(7001) Concurrent Mark Cycle 17.760ms
[471.100s][info][gc] GC(7002) Pause Young (Prepare Mixed) (G1 Evacuation Pause) 130M->69M(144M) 0.767ms
[471.158s][info][gc] GC(7003) Pause Young (Mixed) (G1 Evacuation Pause) 128M->69M(144M) 0.808ms
[471.222s][info][gc] GC(7004) Pause Young (Concurrent Start) (G1 Evacuation Pause) 130M->70M(144M) 0.813ms
[471.222s][info][gc] GC(7005) Concurrent Mark Cycle
[471.232s][info][gc] GC(7005) Pause Remark 81M->81M(144M) 0.441ms
[471.240s][info][gc] GC(7005) Pause Cleanup 88M->88M(144M) 0.035ms
[471.240s][info][gc] GC(7005) Concurrent Mark Cycle 18.746ms
[471.282s][info][gc] GC(7006) Pause Young (Prepare Mixed) (G1 Evacuation Pause) 129M->71M(144M) 0.871ms
[471.407s][info][gc] GC(7007) Pause Young (Mixed) (G1 Evacuation Pause) 130M->70M(144M) 0.712ms
[471.454s][info][gc] GC(7008) Pause Young (Concurrent Start) (G1 Evacuation Pause) 131M->77M(144M) 1.402ms
[471.454s][info][gc] GC(7009) Concurrent Mark Cycle
[471.460s][info][gc] GC(7009) Pause Remark 94M->69M(144M) 0.412ms
[471.462s][info][gc] GC(7009) Pause Cleanup 75M->75M(144M) 0.047ms
[471.462s][info][gc] GC(7009) Concurrent Mark Cycle 8.719ms
[471.473s][info][gc] GC(7010) Pause Young (Prepare Mixed) (G1 Evacuation Pause) 101M->54M(144M) 1.351ms
[471.502s][info][gc] GC(7011) Pause Young (Mixed) (G1 Evacuation Pause) 131M->46M(144M) 0.923ms
[471.529s][info][gc] GC(7012) Pause Young (Concurrent Start) (G1 Evacuation Pause) 129M->47M(144M) 0.764ms
[471.529s][info][gc] GC(7013) Concurrent Mark Cycle
[471.536s][info][gc] GC(7013) Pause Remark 63M->63M(144M) 0.396ms
[471.542s][info][gc] GC(7013) Pause Cleanup 85M->85M(144M) 0.041ms
[471.542s][info][gc] GC(7013) Concurrent Mark Cycle 12.796ms
[471.569s][info][gc] GC(7014) Pause Young (Prepare Mixed) (G1 Evacuation Pause) 129M->50M(144M) 1.220ms
[471.596s][info][gc] GC(7015) Pause Young (Mixed) (G1 Evacuation Pause) 128M->46M(144M) 1.226ms
[471.625s][info][gc] GC(7016) Pause Young (Concurrent Start) (G1 Evacuation Pause) 125M->47M(219M) 1.168ms
[471.625s][info][gc] GC(7017) Concurrent Mark Cycle
[471.631s][info][gc] GC(7017) Pause Remark 60M->60M(160M) 0.496ms
[471.636s][info][gc] GC(7017) Pause Cleanup 72M->72M(160M) 0.045ms
[471.636s][info][gc] GC(7017) Concurrent Mark Cycle 11.053ms
[471.664s][info][gc] GC(7018) Pause Young (Prepare Mixed) (G1 Evacuation Pause) 159M->46M(167M) 1.142ms
[471.709s][info][gc] GC(7019) Pause Young (Mixed) (G1 Evacuation Pause) 139M->47M(167M) 1.195ms
[471.742s][info][gc] GC(7020) Pause Young (Normal) (G1 Evacuation Pause) 138M->48M(167M) 1.285ms
[471.774s][info][gc] GC(7021) Pause Young (Normal) (G1 Evacuation Pause) 140M->48M(167M) 1.177ms
[471.820s][info][gc] GC(7022) Pause Young (Normal) (G1 Evacuation Pause) 141M->50M(201M) 1.235ms
[471.863s][info][gc] GC(7023) Pause Young (Normal) (G1 Evacuation Pause) 161M->51M(201M) 1.264ms
[471.900s][info][gc] GC(7024) Pause Young (Normal) (G1 Evacuation Pause) 162M->51M(201M) 1.301ms
[471.950s][info][gc] GC(7025) Pause Young (Normal) (G1 Evacuation Pause) 162M->52M(201M) 1.342ms
[471.989s][info][gc] GC(7026) Pause Young (Normal) (G1 Evacuation Pause) 162M->53M(201M) 1.260ms
[472.025s][info][gc] GC(7027) Pause Young (Normal) (G1 Evacuation Pause) 164M->54M(201M) 1.174ms
[472.074s][info][gc] GC(7028) Pause Young (Normal) (G1 Evacuation Pause) 165M->55M(201M) 1.213ms
[472.115s][info][gc] GC(7029) Pause Young (Normal) (G1 Evacuation Pause) 166M->56M(201M) 1.330ms
[472.155s][info][gc] GC(7030) Pause Young (Normal) (G1 Evacuation Pause) 167M->55M(234M) 1.315ms
[472.212s][info][gc] GC(7031) Pause Young (Normal) (G1 Evacuation Pause) 188M->58M(234M) 1.302ms
[472.256s][info][gc] GC(7032) Pause Young (Normal) (G1 Evacuation Pause) 188M->59M(234M) 1.318ms
[472.313s][info][gc] GC(7033) Pause Young (Normal) (G1 Evacuation Pause) 188M->60M(234M) 1.385ms
[472.359s][info][gc] GC(7034) Pause Young (Normal) (G1 Evacuation Pause) 188M->61M(234M) 1.362ms
[472.414s][info][gc] GC(7035) Pause Young (Normal) (G1 Evacuation Pause) 190M->62M(234M) 1.305ms
[472.458s][info][gc] GC(7036) Pause Young (Normal) (G1 Evacuation Pause) 191M->63M(234M) 1.375ms
[472.501s][info][gc] GC(7037) Pause Young (Normal) (G1 Evacuation Pause) 192M->63M(234M) 1.198ms
[472.555s][info][gc] GC(7038) Pause Young (Normal) (G1 Evacuation Pause) 194M->66M(234M) 1.435ms
[472.601s][info][gc] GC(7039) Pause Young (Normal) (G1 Evacuation Pause) 194M->67M(234M) 1.352ms
[472.659s][info][gc] GC(7040) Pause Young (Normal) (G1 Evacuation Pause) 196M->68M(234M) 1.360ms
[472.705s][info][gc] GC(7041) Pause Young (Normal) (G1 Evacuation Pause) 197M->69M(234M) 1.317ms
[472.758s][info][gc] GC(7042) Pause Young (Normal) (G1 Evacuation Pause) 198M->69M(234M) 1.395ms
[472.809s][info][gc] GC(7043) Pause Young (Normal) (G1 Evacuation Pause) 199M->71M(234M) 1.365ms
[472.853s][info][gc] GC(7044) Pause Young (Normal) (G1 Evacuation Pause) 199M->71M(234M) 1.597ms
[472.908s][info][gc] GC(7045) Pause Young (Normal) (G1 Evacuation Pause) 201M->72M(234M) 1.358ms
[472.954s][info][gc] GC(7046) Pause Young (Normal) (G1 Evacuation Pause) 201M->74M(234M) 1.358ms
[473.007s][info][gc] GC(7047) Pause Young (Normal) (G1 Evacuation Pause) 204M->75M(234M) 1.323ms
[473.056s][info][gc] GC(7048) Pause Young (Normal) (G1 Evacuation Pause) 204M->76M(234M) 1.371ms
[473.101s][info][gc] GC(7049) Pause Young (Normal) (G1 Evacuation Pause) 204M->77M(234M) 1.335ms
[473.153s][info][gc] GC(7050) Pause Young (Normal) (G1 Evacuation Pause) 207M->78M(234M) 1.371ms
[473.197s][info][gc] GC(7051) Pause Young (Normal) (G1 Evacuation Pause) 206M->79M(234M) 1.475ms
[473.252s][info][gc] GC(7052) Pause Young (Normal) (G1 Evacuation Pause) 208M->81M(234M) 1.350ms
[473.298s][info][gc] GC(7053) Pause Young (Normal) (G1 Evacuation Pause) 209M->82M(234M) 1.450ms
[473.347s][info][gc] GC(7054) Pause Young (Normal) (G1 Evacuation Pause) 209M->82M(234M) 1.263ms
[473.394s][info][gc] GC(7055) Pause Young (Normal) (G1 Evacuation Pause) 210M->83M(234M) 1.301ms
[473.440s][info][gc] GC(7056) Pause Young (Normal) (G1 Evacuation Pause) 209M->84M(234M) 1.367ms
[473.493s][info][gc] GC(7057) Pause Young (Normal) (G1 Evacuation Pause) 210M->86M(234M) 1.390ms
[473.536s][info][gc] GC(7058) Pause Young (Normal) (G1 Evacuation Pause) 208M->87M(234M) 1.466ms
[473.583s][info][gc] GC(7059) Pause Young (Concurrent Start) (G1 Evacuation Pause) 210M->88M(234M) 1.247ms
[473.584s][info][gc] GC(7060) Concurrent Mark Cycle
[473.597s][info][gc] GC(7060) Pause Remark 121M->121M(234M) 0.393ms
[473.612s][info][gc] GC(7060) Pause Cleanup 159M->159M(234M) 0.062ms
[473.612s][info][gc] GC(7060) Concurrent Mark Cycle 28.900ms
[473.632s][info][gc] GC(7061) Pause Young (Prepare Mixed) (G1 Evacuation Pause) 212M->89M(234M) 1.442ms
[473.679s][info][gc] GC(7062) Pause Young (Mixed) (G1 Evacuation Pause) 209M->87M(234M) 1.334ms
[473.730s][info][gc] GC(7063) Pause Young (Concurrent Start) (G1 Evacuation Pause) 210M->89M(234M) 1.427ms
[473.730s][info][gc] GC(7064) Concurrent Mark Cycle
[473.743s][info][gc] GC(7064) Pause Remark 125M->125M(234M) 0.396ms
[473.757s][info][gc] GC(7064) Pause Cleanup 166M->166M(234M) 0.050ms
[473.757s][info][gc] GC(7064) Concurrent Mark Cycle 27.225ms
[473.774s][info][gc] GC(7065) Pause Young (Prepare Mixed) (G1 Evacuation Pause) 208M->89M(234M) 1.327ms
[473.823s][info][gc] GC(7066) Pause Young (Mixed) (G1 Evacuation Pause) 211M->89M(234M) 1.410ms
[473.868s][info][gc] GC(7067) Pause Young (Concurrent Start) (G1 Evacuation Pause) 208M->91M(234M) 1.450ms
[473.868s][info][gc] GC(7068) Concurrent Mark Cycle
[473.881s][info][gc] GC(7068) Pause Remark 126M->126M(234M) 0.465ms
[473.896s][info][gc] GC(7068) Pause Cleanup 166M->166M(234M) 0.051ms
[473.896s][info][gc] GC(7068) Concurrent Mark Cycle 27.842ms
[473.912s][info][gc] GC(7069) Pause Young (Prepare Mixed) (G1 Evacuation Pause) 209M->90M(234M) 1.259ms
[473.961s][info][gc] GC(7070) Pause Young (Mixed) (G1 Evacuation Pause) 212M->91M(234M) 1.270ms
[474.007s][info][gc] GC(7071) Pause Young (Concurrent Start) (G1 Evacuation Pause) 210M->92M(234M) 1.343ms
[474.008s][info][gc] GC(7072) Concurrent Mark Cycle
[474.027s][info][gc] GC(7072) Pause Remark 150M->150M(234M) 0.410ms
[474.046s][info][gc] GC(7072) Pause Cleanup 189M->189M(234M) 0.056ms
[474.046s][info][gc] GC(7072) Concurrent Mark Cycle 38.325ms
[474.057s][info][gc] GC(7073) Pause Young (Prepare Mixed) (G1 Evacuation Pause) 210M->93M(234M) 1.270ms
[474.101s][info][gc] GC(7074) Pause Young (Mixed) (G1 Evacuation Pause) 211M->93M(333M) 1.351ms
[474.177s][info][gc] GC(7075) Pause Young (Normal) (G1 Evacuation Pause) 282M->94M(333M) 1.666ms
[474.248s][info][gc] GC(7076) Pause Young (Normal) (G1 Evacuation Pause) 282M->97M(333M) 1.559ms
[474.319s][info][gc] GC(7077) Pause Young (Normal) (G1 Evacuation Pause) 282M->98M(333M) 1.635ms
[474.387s][info][gc] GC(7078) Pause Young (Normal) (G1 Evacuation Pause) 282M->98M(333M) 1.660ms
[474.463s][info][gc] GC(7079) Pause Young (Normal) (G1 Evacuation Pause) 282M->102M(333M) 1.752ms
[474.530s][info][gc] GC(7080) Pause Young (Normal) (G1 Evacuation Pause) 284M->103M(333M) 1.645ms
[474.598s][info][gc] GC(7081) Pause Young (Normal) (G1 Evacuation Pause) 287M->105M(333M) 1.607ms
[474.671s][info][gc] GC(7082) Pause Young (Normal) (G1 Evacuation Pause) 289M->106M(333M) 1.678ms
[474.743s][info][gc] GC(7083) Pause Young (Normal) (G1 Evacuation Pause) 291M->107M(333M) 1.980ms
[474.814s][info][gc] GC(7084) Pause Young (Normal) (G1 Evacuation Pause) 292M->109M(333M) 1.839ms
[474.883s][info][gc] GC(7085) Pause Young (Normal) (G1 Evacuation Pause) 293M->110M(333M) 1.669ms
[474.955s][info][gc] GC(7086) Pause Young (Normal) (G1 Evacuation Pause) 294M->112M(333M) 1.688ms
[475.030s][info][gc] GC(7087) Pause Young (Normal) (G1 Evacuation Pause) 296M->112M(333M) 1.678ms
[475.111s][info][gc] GC(7088) Pause Young (Normal) (G1 Evacuation Pause) 298M->115M(333M) 1.706ms
[475.194s][info][gc] GC(7089) Pause Young (Normal) (G1 Evacuation Pause) 298M->117M(333M) 1.764ms
[475.265s][info][gc] GC(7090) Pause Young (Normal) (G1 Evacuation Pause) 299M->118M(333M) 1.669ms
[475.334s][info][gc] GC(7091) Pause Young (Normal) (G1 Evacuation Pause) 298M->119M(333M) 1.752ms
[475.402s][info][gc] GC(7092) Pause Young (Normal) (G1 Evacuation Pause) 300M->121M(333M) 1.837ms
[475.470s][info][gc] GC(7093) Pause Young (Normal) (G1 Evacuation Pause) 298M->122M(333M) 1.706ms
[475.538s][info][gc] GC(7094) Pause Young (Normal) (G1 Evacuation Pause) 299M->124M(333M) 1.599ms
[475.602s][info][gc] GC(7095) Pause Young (Normal) (G1 Evacuation Pause) 300M->125M(333M) 1.577ms
[475.670s][info][gc] GC(7096) Pause Young (Concurrent Start) (G1 Evacuation Pause) 299M->127M(333M) 1.758ms
[475.670s][info][gc] GC(7097) Concurrent Mark Cycle
[475.691s][info][gc] GC(7097) Pause Remark 177M->177M(333M) 0.416ms
[475.714s][info][gc] GC(7097) Pause Cleanup 230M->230M(333M) 0.063ms
[475.714s][info][gc] GC(7097) Concurrent Mark Cycle 44.367ms
[475.744s][info][gc] GC(7098) Pause Young (Prepare Mixed) (G1 Evacuation Pause) 300M->128M(333M) 1.549ms
[475.812s][info][gc] GC(7099) Pause Young (Mixed) (G1 Evacuation Pause) 299M->129M(333M) 1.670ms
[475.875s][info][gc] GC(7100) Pause Young (Concurrent Start) (G1 Evacuation Pause) 299M->130M(333M) 1.564ms
[475.875s][info][gc] GC(7101) Concurrent Mark Cycle
[475.897s][info][gc] GC(7101) Pause Remark 172M->172M(333M) 0.456ms
[475.923s][info][gc] GC(7101) Pause Cleanup 225M->225M(333M) 0.060ms
[475.923s][info][gc] GC(7101) Concurrent Mark Cycle 48.387ms
[475.952s][info][gc] GC(7102) Pause Young (Prepare Mixed) (G1 Evacuation Pause) 301M->132M(333M) 1.757ms
[476.014s][info][gc] GC(7103) Pause Young (Mixed) (G1 Evacuation Pause) 299M->132M(333M) 1.637ms
[476.083s][info][gc] GC(7104) Pause Young (Concurrent Start) (G1 Evacuation Pause) 301M->134M(333M) 1.638ms
[476.083s][info][gc] GC(7105) Concurrent Mark Cycle
[476.103s][info][gc] GC(7105) Pause Remark 178M->178M(333M) 0.477ms
[476.130s][info][gc] GC(7105) Pause Cleanup 240M->240M(333M) 0.057ms
[476.130s][info][gc] GC(7105) Concurrent Mark Cycle 47.119ms
[476.159s][info][gc] GC(7106) Pause Young (Prepare Mixed) (G1 Evacuation Pause) 299M->136M(333M) 1.628ms
[476.220s][info][gc] GC(7107) Pause Young (Mixed) (G1 Evacuation Pause) 300M->136M(333M) 1.739ms
[476.289s][info][gc] GC(7108) Pause Young (Concurrent Start) (G1 Evacuation Pause) 301M->138M(333M) 1.592ms
[476.289s][info][gc] GC(7109) Concurrent Mark Cycle
[476.313s][info][gc] GC(7109) Pause Remark 197M->197M(333M) 0.396ms
[476.341s][info][gc] GC(7109) Pause Cleanup 274M->274M(333M) 0.059ms
[476.341s][info][gc] GC(7109) Concurrent Mark Cycle 52.156ms
[476.356s][info][gc] GC(7110) Pause Young (Prepare Mixed) (G1 Evacuation Pause) 302M->139M(333M) 1.623ms
[476.423s][info][gc] GC(7111) Pause Young (Mixed) (G1 Evacuation Pause) 301M->141M(365M) 1.673ms
[476.489s][info][gc] GC(7112) Pause Young (Normal) (G1 Evacuation Pause) 331M->141M(365M) 1.587ms
[476.562s][info][gc] GC(7113) Pause Young (Normal) (G1 Evacuation Pause) 329M->143M(365M) 1.657ms
[476.636s][info][gc] GC(7114) Pause Young (Concurrent Start) (G1 Evacuation Pause) 329M->145M(365M) 1.985ms
[476.636s][info][gc] GC(7115) Concurrent Mark Cycle
[476.662s][info][gc] GC(7115) Pause Remark 208M->208M(365M) 0.411ms
[476.694s][info][gc] GC(7115) Pause Cleanup 291M->291M(365M) 0.056ms
[476.695s][info][gc] GC(7115) Concurrent Mark Cycle 59.119ms
[476.708s][info][gc] GC(7116) Pause Young (Prepare Mixed) (G1 Evacuation Pause) 330M->146M(365M) 1.588ms
[476.780s][info][gc] GC(7117) Pause Young (Mixed) (G1 Evacuation Pause) 330M->147M(365M) 2.047ms
[476.846s][info][gc] GC(7118) Pause Young (Concurrent Start) (G1 Evacuation Pause) 330M->149M(365M) 1.579ms
[476.846s][info][gc] GC(7119) Concurrent Mark Cycle
[476.872s][info][gc] GC(7119) Pause Remark 210M->210M(365M) 0.414ms
[476.902s][info][gc] GC(7119) Pause Cleanup 268M->268M(365M) 0.054ms
[476.902s][info][gc] GC(7119) Concurrent Mark Cycle 55.578ms
[476.925s][info][gc] GC(7120) Pause Young (Prepare Mixed) (G1 Evacuation Pause) 330M->151M(365M) 1.721ms
[476.991s][info][gc] GC(7121) Pause Young (Mixed) (G1 Evacuation Pause) 329M->152M(365M) 1.706ms
[477.060s][info][gc] GC(7122) Pause Young (Concurrent Start) (G1 Evacuation Pause) 331M->154M(365M) 1.714ms
[477.060s][info][gc] GC(7123) Concurrent Mark Cycle
[477.089s][info][gc] GC(7123) Pause Remark 231M->231M(365M) 0.428ms
[477.126s][info][gc] GC(7123) Pause Cleanup 316M->316M(365M) 0.059ms
[477.126s][info][gc] GC(7123) Concurrent Mark Cycle 66.193ms
[477.134s][info][gc] GC(7124) Pause Young (Prepare Mixed) (G1 Evacuation Pause) 329M->154M(365M) 1.898ms
[477.203s][info][gc] GC(7125) Pause Young (Mixed) (G1 Evacuation Pause) 332M->156M(365M) 1.610ms
[477.272s][info][gc] GC(7126) Pause Young (Concurrent Start) (G1 Evacuation Pause) 330M->157M(365M) 1.690ms
[477.272s][info][gc] GC(7127) Concurrent Mark Cycle
[477.300s][info][gc] GC(7127) Pause Remark 226M->226M(365M) 0.450ms
[477.338s][info][gc] GC(7127) Pause Cleanup 318M->318M(365M) 0.064ms
[477.338s][info][gc] GC(7127) Concurrent Mark Cycle 65.501ms
[477.343s][info][gc] GC(7128) Pause Young (Prepare Mixed) (G1 Evacuation Pause) 329M->159M(365M) 1.616ms
[477.409s][info][gc] GC(7129) Pause Young (Mixed) (G1 Evacuation Pause) 330M->160M(502M) 1.782ms
[477.601s][info][gc] GC(7130) Pause Young (Normal) (G1 Evacuation Pause) 446M->163M(502M) 2.063ms
[477.722s][info][gc] GC(7131) Pause Young (Normal) (G1 Evacuation Pause) 446M->167M(502M) 2.148ms
[477.838s][info][gc] GC(7132) Pause Young (Normal) (G1 Evacuation Pause) 446M->169M(502M) 2.298ms
[477.958s][info][gc] GC(7133) Pause Young (Normal) (G1 Evacuation Pause) 449M->172M(502M) 2.363ms
[478.072s][info][gc] GC(7134) Pause Young (Normal) (G1 Evacuation Pause) 450M->174M(502M) 2.201ms
[478.190s][info][gc] GC(7135) Pause Young (Normal) (G1 Evacuation Pause) 452M->176M(502M) 2.205ms
[478.314s][info][gc] GC(7136) Pause Young (Normal) (G1 Evacuation Pause) 453M->179M(502M) 2.608ms
[478.429s][info][gc] GC(7137) Pause Young (Normal) (G1 Evacuation Pause) 452M->182M(502M) 2.283ms
[478.541s][info][gc] GC(7138) Pause Young (Normal) (G1 Evacuation Pause) 453M->183M(502M) 2.234ms
[478.659s][info][gc] GC(7139) Pause Young (Normal) (G1 Evacuation Pause) 455M->186M(502M) 2.030ms
[478.768s][info][gc] GC(7140) Pause Young (Normal) (G1 Evacuation Pause) 452M->188M(502M) 2.236ms
[478.877s][info][gc] GC(7141) Pause Young (Normal) (G1 Evacuation Pause) 451M->190M(502M) 2.009ms
[478.989s][info][gc] GC(7142) Pause Young (Normal) (G1 Evacuation Pause) 453M->191M(502M) 2.123ms
[479.101s][info][gc] GC(7143) Pause Young (Normal) (G1 Evacuation Pause) 454M->195M(502M) 2.344ms
[479.211s][info][gc] GC(7144) Pause Young (Concurrent Start) (G1 Evacuation Pause) 453M->197M(502M) 2.112ms
[479.211s][info][gc] GC(7145) Concurrent Mark Cycle
[479.221s][info][gc] GC(7145) Pause Remark 214M->99M(277M) 0.455ms
[479.228s][info][gc] GC(7145) Pause Cleanup 120M->120M(277M) 0.045ms
[479.228s][info][gc] GC(7145) Concurrent Mark Cycle 17.380ms
[479.277s][info][gc] GC(7146) Pause Young (Prepare Mixed) (G1 Evacuation Pause) 228M->83M(277M) 1.721ms
[479.341s][info][gc] GC(7147) Pause Young (Mixed) (G1 Evacuation Pause) 237M->81M(277M) 1.472ms
[479.405s][info][gc] GC(7148) Pause Young (Normal) (G1 Evacuation Pause) 233M->82M(277M) 1.610ms
[479.470s][info][gc] GC(7149) Pause Young (Normal) (G1 Evacuation Pause) 236M->84M(277M) 1.590ms
[479.542s][info][gc] GC(7150) Pause Young (Normal) (G1 Evacuation Pause) 238M->84M(277M) 1.600ms
[479.615s][info][gc] GC(7151) Pause Young (Normal) (G1 Evacuation Pause) 237M->86M(277M) 1.623ms
[479.688s][info][gc] GC(7152) Pause Young (Normal) (G1 Evacuation Pause) 240M->88M(277M) 1.542ms
[479.752s][info][gc] GC(7153) Pause Young (Normal) (G1 Evacuation Pause) 241M->88M(277M) 1.451ms
[479.816s][info][gc] GC(7154) Pause Young (Normal) (G1 Evacuation Pause) 242M->90M(277M) 1.540ms
[479.884s][info][gc] GC(7155) Pause Young (Normal) (G1 Evacuation Pause) 242M->91M(277M) 1.858ms
[479.947s][info][gc] GC(7156) Pause Young (Normal) (G1 Evacuation Pause) 245M->91M(277M) 1.531ms
[480.013s][info][gc] GC(7157) Pause Young (Normal) (G1 Evacuation Pause) 245M->93M(277M) 1.495ms
[480.079s][info][gc] GC(7158) Pause Young (Normal) (G1 Evacuation Pause) 246M->94M(277M) 1.484ms
[480.149s][info][gc] GC(7159) Pause Young (Normal) (G1 Evacuation Pause) 247M->96M(277M) 1.495ms
[480.215s][info][gc] GC(7160) Pause Young (Normal) (G1 Evacuation Pause) 246M->97M(277M) 1.750ms
[480.278s][info][gc] GC(7161) Pause Young (Normal) (G1 Evacuation Pause) 249M->98M(277M) 1.443ms
[480.346s][info][gc] GC(7162) Pause Young (Normal) (G1 Evacuation Pause) 248M->99M(277M) 1.517ms
[480.409s][info][gc] GC(7163) Pause Young (Normal) (G1 Evacuation Pause) 247M->100M(277M) 1.529ms
[480.469s][info][gc] GC(7164) Pause Young (Normal) (G1 Evacuation Pause) 247M->102M(277M) 1.439ms
[480.531s][info][gc] GC(7165) Pause Young (Normal) (G1 Evacuation Pause) 249M->103M(277M) 1.389ms
[480.593s][info][gc] GC(7166) Pause Young (Concurrent Start) (G1 Evacuation Pause) 248M->104M(277M) 1.638ms
[480.593s][info][gc] GC(7167) Concurrent Mark Cycle
[480.609s][info][gc] GC(7167) Pause Remark 141M->141M(277M) 0.421ms
[480.623s][info][gc] GC(7167) Pause Cleanup 173M->173M(277M) 0.065ms
[480.624s][info][gc] GC(7167) Concurrent Mark Cycle 30.217ms
[480.659s][info][gc] GC(7168) Pause Young (Prepare Mixed) (G1 Evacuation Pause) 248M->106M(277M) 1.393ms
[480.717s][info][gc] GC(7169) Pause Young (Mixed) (G1 Evacuation Pause) 248M->103M(277M) 1.516ms
[480.784s][info][gc] GC(7170) Pause Young (Concurrent Start) (G1 Evacuation Pause) 248M->104M(277M) 1.509ms
[480.784s][info][gc] GC(7171) Concurrent Mark Cycle
[480.802s][info][gc] GC(7171) Pause Remark 140M->140M(277M) 0.476ms
[480.815s][info][gc] GC(7171) Pause Cleanup 170M->170M(277M) 0.067ms
[480.815s][info][gc] GC(7171) Concurrent Mark Cycle 31.087ms
[480.852s][info][gc] GC(7172) Pause Young (Prepare Mixed) (G1 Evacuation Pause) 249M->105M(277M) 1.558ms
[480.920s][info][gc] GC(7173) Pause Young (Mixed) (G1 Evacuation Pause) 249M->104M(277M) 1.670ms
[480.982s][info][gc] GC(7174) Pause Young (Normal) (G1 Evacuation Pause) 248M->105M(277M) 1.502ms
[481.044s][info][gc] GC(7175) Pause Young (Concurrent Start) (G1 Evacuation Pause) 248M->106M(277M) 1.460ms
[481.044s][info][gc] GC(7176) Concurrent Mark Cycle
[481.061s][info][gc] GC(7176) Pause Remark 146M->146M(277M) 0.417ms
[481.075s][info][gc] GC(7176) Pause Cleanup 171M->171M(277M) 0.059ms
[481.075s][info][gc] GC(7176) Concurrent Mark Cycle 31.809ms
[481.108s][info][gc] GC(7177) Pause Young (Prepare Mixed) (G1 Evacuation Pause) 250M->107M(277M) 1.369ms
[481.171s][info][gc] GC(7178) Pause Young (Mixed) (G1 Evacuation Pause) 250M->106M(277M) 1.393ms
[481.235s][info][gc] GC(7179) Pause Young (Concurrent Start) (G1 Evacuation Pause) 249M->107M(277M) 1.471ms
[481.235s][info][gc] GC(7180) Concurrent Mark Cycle
[481.254s][info][gc] GC(7180) Pause Remark 145M->145M(277M) 0.405ms
[481.266s][info][gc] GC(7180) Pause Cleanup 167M->167M(277M) 0.062ms
[481.266s][info][gc] GC(7180) Concurrent Mark Cycle 30.879ms
[481.300s][info][gc] GC(7181) Pause Young (Prepare Mixed) (G1 Evacuation Pause) 249M->108M(277M) 1.592ms
[481.368s][info][gc] GC(7182) Pause Young (Mixed) (G1 Evacuation Pause) 249M->109M(277M) 1.641ms
[481.422s][info][gc] GC(7183) Pause Young (Concurrent Start) (G1 Evacuation Pause) 248M->110M(277M) 1.497ms
[481.422s][info][gc] GC(7184) Concurrent Mark Cycle
[481.440s][info][gc] GC(7184) Pause Remark 145M->145M(277M) 0.413ms
[481.457s][info][gc] GC(7184) Pause Cleanup 178M->178M(277M) 0.064ms
[481.457s][info][gc] GC(7184) Concurrent Mark Cycle 34.837ms
[481.489s][info][gc] GC(7185) Pause Young (Prepare Mixed) (G1 Evacuation Pause) 250M->111M(277M) 1.417ms
[481.544s][info][gc] GC(7186) Pause Young (Mixed) (G1 Evacuation Pause) 248M->112M(277M) 1.531ms
[481.603s][info][gc] GC(7187) Pause Young (Concurrent Start) (G1 Evacuation Pause) 249M->112M(277M) 1.364ms
[481.603s][info][gc] GC(7188) Concurrent Mark Cycle
[481.625s][info][gc] GC(7188) Pause Remark 170M->170M(277M) 0.407ms
[481.642s][info][gc] GC(7188) Pause Cleanup 201M->201M(277M) 0.055ms
[481.642s][info][gc] GC(7188) Concurrent Mark Cycle 38.856ms
[481.662s][info][gc] GC(7189) Pause Young (Prepare Mixed) (G1 Evacuation Pause) 250M->114M(277M) 1.350ms
[481.722s][info][gc] GC(7190) Pause Young (Mixed) (G1 Evacuation Pause) 250M->114M(277M) 1.464ms
[481.776s][info][gc] GC(7191) Pause Young (Concurrent Start) (G1 Evacuation Pause) 250M->116M(277M) 1.363ms
[481.776s][info][gc] GC(7192) Concurrent Mark Cycle
[481.800s][info][gc] GC(7192) Pause Remark 154M->154M(277M) 0.402ms
[481.815s][info][gc] GC(7192) Pause Cleanup 188M->188M(277M) 0.054ms
[481.815s][info][gc] GC(7192) Concurrent Mark Cycle 38.271ms
[481.837s][info][gc] GC(7193) Pause Young (Prepare Mixed) (G1 Evacuation Pause) 248M->117M(277M) 1.398ms
[481.893s][info][gc] GC(7194) Pause Young (Mixed) (G1 Evacuation Pause) 250M->116M(307M) 1.382ms
[481.967s][info][gc] GC(7195) Pause Young (Normal) (G1 Evacuation Pause) 279M->119M(307M) 1.474ms
[482.036s][info][gc] GC(7196) Pause Young (Normal) (G1 Evacuation Pause) 278M->121M(307M) 1.507ms
[482.097s][info][gc] GC(7197) Pause Young (Concurrent Start) (G1 Evacuation Pause) 274M->122M(307M) 1.536ms
[482.097s][info][gc] GC(7198) Concurrent Mark Cycle
[482.113s][info][gc] GC(7198) Pause Remark 161M->161M(307M) 0.402ms
[482.133s][info][gc] GC(7198) Pause Cleanup 193M->193M(307M) 0.057ms
[482.133s][info][gc] GC(7198) Concurrent Mark Cycle 35.971ms
[482.166s][info][gc] GC(7199) Pause Young (Prepare Mixed) (G1 Evacuation Pause) 278M->123M(307M) 1.448ms
[482.231s][info][gc] GC(7200) Pause Young (Mixed) (G1 Evacuation Pause) 277M->123M(307M) 1.512ms
[482.295s][info][gc] GC(7201) Pause Young (Concurrent Start) (G1 Evacuation Pause) 277M->125M(307M) 1.480ms
[482.295s][info][gc] GC(7202) Concurrent Mark Cycle
[482.316s][info][gc] GC(7202) Pause Remark 165M->165M(307M) 0.448ms
[482.332s][info][gc] GC(7202) Pause Cleanup 204M->204M(307M) 0.059ms
[482.333s][info][gc] GC(7202) Concurrent Mark Cycle 37.052ms
[482.368s][info][gc] GC(7203) Pause Young (Prepare Mixed) (G1 Evacuation Pause) 275M->127M(307M) 1.503ms
[482.429s][info][gc] GC(7204) Pause Young (Mixed) (G1 Evacuation Pause) 277M->128M(307M) 1.631ms
[482.496s][info][gc] GC(7205) Pause Young (Concurrent Start) (G1 Evacuation Pause) 277M->130M(307M) 1.840ms
[482.496s][info][gc] GC(7206) Concurrent Mark Cycle
[482.517s][info][gc] GC(7206) Pause Remark 171M->171M(307M) 0.430ms
[482.532s][info][gc] GC(7206) Pause Cleanup 210M->210M(307M) 0.055ms
[482.533s][info][gc] GC(7206) Concurrent Mark Cycle 36.554ms
[482.562s][info][gc] GC(7207) Pause Young (Prepare Mixed) (G1 Evacuation Pause) 277M->131M(307M) 1.419ms
[482.625s][info][gc] GC(7208) Pause Young (Mixed) (G1 Evacuation Pause) 277M->131M(307M) 1.657ms
[482.689s][info][gc] GC(7209) Pause Young (Concurrent Start) (G1 Evacuation Pause) 278M->132M(307M) 1.435ms
[482.690s][info][gc] GC(7210) Concurrent Mark Cycle
[482.710s][info][gc] GC(7210) Pause Remark 178M->178M(307M) 0.408ms
[482.731s][info][gc] GC(7210) Pause Cleanup 226M->226M(307M) 0.062ms
[482.732s][info][gc] GC(7210) Concurrent Mark Cycle 42.035ms
[482.756s][info][gc] GC(7211) Pause Young (Prepare Mixed) (G1 Evacuation Pause) 280M->133M(307M) 1.354ms
[482.817s][info][gc] GC(7212) Pause Young (Mixed) (G1 Evacuation Pause) 277M->134M(307M) 1.440ms
[482.877s][info][gc] GC(7213) Pause Young (Concurrent Start) (G1 Evacuation Pause) 277M->135M(307M) 1.417ms
[482.877s][info][gc] GC(7214) Concurrent Mark Cycle
[482.901s][info][gc] GC(7214) Pause Remark 179M->179M(307M) 0.462ms
[482.915s][info][gc] GC(7214) Pause Cleanup 203M->203M(307M) 0.061ms
[482.915s][info][gc] GC(7214) Concurrent Mark Cycle 38.098ms
[482.948s][info][gc] GC(7215) Pause Young (Prepare Mixed) (G1 Evacuation Pause) 276M->137M(307M) 1.498ms
[483.006s][info][gc] GC(7216) Pause Young (Mixed) (G1 Evacuation Pause) 275M->137M(307M) 1.494ms
[483.063s][info][gc] GC(7217) Pause Young (Concurrent Start) (G1 Evacuation Pause) 280M->139M(307M) 1.512ms
[483.063s][info][gc] GC(7218) Concurrent Mark Cycle
[483.083s][info][gc] GC(7218) Pause Remark 182M->182M(307M) 0.459ms
[483.100s][info][gc] GC(7218) Pause Cleanup 211M->211M(307M) 0.062ms
[483.100s][info][gc] GC(7218) Concurrent Mark Cycle 37.495ms
[483.148s][info][gc] GC(7219) Pause Young (Prepare Mixed) (G1 Evacuation Pause) 278M->137M(307M) 1.075ms
[483.254s][info][gc] GC(7220) Pause Young (Mixed) (G1 Evacuation Pause) 281M->143M(307M) 1.782ms
[483.305s][info][gc] GC(7221) Pause Young (Concurrent Start) (G1 Evacuation Pause) 275M->143M(307M) 1.543ms
[483.305s][info][gc] GC(7222) Concurrent Mark Cycle
[483.316s][info][gc] GC(7222) Pause Remark 162M->155M(307M) 0.427ms
[483.326s][info][gc] GC(7222) Pause Cleanup 179M->179M(307M) 0.083ms
[483.326s][info][gc] GC(7222) Concurrent Mark Cycle 21.694ms
[483.370s][info][gc] GC(7223) Pause Young (Prepare Mixed) (G1 Evacuation Pause) 273M->138M(307M) 1.592ms
[483.430s][info][gc] GC(7224) Pause Young (Mixed) (G1 Evacuation Pause) 278M->109M(307M) 1.736ms
[483.501s][info][gc] GC(7225) Pause Young (Mixed) (G1 Evacuation Pause) 280M->88M(307M) 1.984ms
[483.577s][info][gc] GC(7226) Pause Young (Mixed) (G1 Evacuation Pause) 259M->83M(307M) 1.727ms
[483.644s][info][gc] GC(7227) Pause Young (Normal) (G1 Evacuation Pause) 253M->84M(307M) 1.641ms
[483.713s][info][gc] GC(7228) Pause Young (Normal) (G1 Evacuation Pause) 256M->85M(307M) 1.518ms
[483.791s][info][gc] GC(7229) Pause Young (Normal) (G1 Evacuation Pause) 256M->87M(307M) 1.558ms
[483.861s][info][gc] GC(7230) Pause Young (Normal) (G1 Evacuation Pause) 257M->88M(307M) 1.586ms
[483.931s][info][gc] GC(7231) Pause Young (Normal) (G1 Evacuation Pause) 258M->90M(307M) 1.535ms
[484.005s][info][gc] GC(7232) Pause Young (Normal) (G1 Evacuation Pause) 259M->91M(307M) 1.618ms
[484.072s][info][gc] GC(7233) Pause Young (Normal) (G1 Evacuation Pause) 262M->92M(307M) 1.498ms
[484.145s][info][gc] GC(7234) Pause Young (Normal) (G1 Evacuation Pause) 264M->94M(307M) 1.529ms
[484.216s][info][gc] GC(7235) Pause Young (Normal) (G1 Evacuation Pause) 264M->95M(307M) 1.721ms
[484.288s][info][gc] GC(7236) Pause Young (Normal) (G1 Evacuation Pause) 266M->96M(307M) 1.424ms
[484.359s][info][gc] GC(7237) Pause Young (Normal) (G1 Evacuation Pause) 266M->98M(307M) 1.516ms
[484.433s][info][gc] GC(7238) Pause Young (Normal) (G1 Evacuation Pause) 267M->99M(307M) 1.601ms
[484.500s][info][gc] GC(7239) Pause Young (Normal) (G1 Evacuation Pause) 270M->100M(307M) 1.496ms
[484.573s][info][gc] GC(7240) Pause Young (Normal) (G1 Evacuation Pause) 271M->102M(307M) 1.580ms
[484.645s][info][gc] GC(7241) Pause Young (Normal) (G1 Evacuation Pause) 272M->103M(307M) 1.763ms
[484.716s][info][gc] GC(7242) Pause Young (Normal) (G1 Evacuation Pause) 273M->104M(307M) 1.695ms
[484.790s][info][gc] GC(7243) Pause Young (Normal) (G1 Evacuation Pause) 275M->107M(307M) 1.607ms
[484.864s][info][gc] GC(7244) Pause Young (Normal) (G1 Evacuation Pause) 276M->108M(307M) 1.657ms
[484.933s][info][gc] GC(7245) Pause Young (Normal) (G1 Evacuation Pause) 277M->109M(307M) 1.522ms
[485.003s][info][gc] GC(7246) Pause Young (Normal) (G1 Evacuation Pause) 276M->111M(307M) 1.552ms
[485.078s][info][gc] GC(7247) Pause Young (Normal) (G1 Evacuation Pause) 274M->113M(307M) 1.565ms
[485.139s][info][gc] GC(7248) Pause Young (Normal) (G1 Evacuation Pause) 275M->113M(307M) 1.490ms
[485.209s][info][gc] GC(7249) Pause Young (Normal) (G1 Evacuation Pause) 276M->115M(307M) 1.565ms
[485.279s][info][gc] GC(7250) Pause Young (Normal) (G1 Evacuation Pause) 274M->115M(307M) 1.571ms
[485.350s][info][gc] GC(7251) Pause Young (Concurrent Start) (G1 Evacuation Pause) 277M->117M(307M) 1.640ms
[485.350s][info][gc] GC(7252) Concurrent Mark Cycle
[485.365s][info][gc] GC(7252) Pause Remark 150M->147M(307M) 0.415ms
[485.376s][info][gc] GC(7252) Pause Cleanup 164M->164M(307M) 0.063ms
[485.376s][info][gc] GC(7252) Concurrent Mark Cycle 26.033ms
[485.423s][info][gc] GC(7253) Pause Young (Prepare Mixed) (G1 Evacuation Pause) 272M->115M(307M) 1.498ms
[485.491s][info][gc] GC(7254) Pause Young (Mixed) (G1 Evacuation Pause) 277M->112M(307M) 1.543ms
[485.558s][info][gc] GC(7255) Pause Young (Normal) (G1 Evacuation Pause) 277M->113M(307M) 1.582ms
[485.632s][info][gc] GC(7256) Pause Young (Normal) (G1 Evacuation Pause) 275M->115M(307M) 1.584ms
[485.695s][info][gc] GC(7257) Pause Young (Normal) (G1 Evacuation Pause) 276M->116M(307M) 1.760ms
[485.768s][info][gc] GC(7258) Pause Young (Concurrent Start) (G1 Evacuation Pause) 278M->118M(307M) 1.621ms
[485.768s][info][gc] GC(7259) Concurrent Mark Cycle
[485.785s][info][gc] GC(7259) Pause Remark 155M->155M(307M) 0.437ms
[485.797s][info][gc] GC(7259) Pause Cleanup 176M->176M(307M) 0.070ms
[485.798s][info][gc] GC(7259) Concurrent Mark Cycle 29.911ms
[485.840s][info][gc] GC(7260) Pause Young (Prepare Mixed) (G1 Evacuation Pause) 276M->118M(307M) 1.477ms
[485.909s][info][gc] GC(7261) Pause Young (Mixed) (G1 Evacuation Pause) 277M->117M(307M) 1.582ms
[485.981s][info][gc] GC(7262) Pause Young (Concurrent Start) (G1 Evacuation Pause) 275M->119M(307M) 1.542ms
[485.981s][info][gc] GC(7263) Concurrent Mark Cycle
[486.002s][info][gc] GC(7263) Pause Remark 165M->165M(307M) 0.481ms
[486.014s][info][gc] GC(7263) Pause Cleanup 191M->191M(307M) 0.074ms
[486.014s][info][gc] GC(7263) Concurrent Mark Cycle 33.301ms
[486.050s][info][gc] GC(7264) Pause Young (Prepare Mixed) (G1 Evacuation Pause) 276M->119M(307M) 1.481ms
[486.121s][info][gc] GC(7265) Pause Young (Mixed) (G1 Evacuation Pause) 279M->118M(307M) 1.518ms
[486.192s][info][gc] GC(7266) Pause Young (Concurrent Start) (G1 Evacuation Pause) 276M->121M(307M) 1.512ms
[486.192s][info][gc] GC(7267) Concurrent Mark Cycle
[486.215s][info][gc] GC(7267) Pause Remark 175M->175M(307M) 0.475ms
[486.229s][info][gc] GC(7267) Pause Cleanup 206M->206M(307M) 0.066ms
[486.230s][info][gc] GC(7267) Concurrent Mark Cycle 37.183ms
[486.261s][info][gc] GC(7268) Pause Young (Prepare Mixed) (G1 Evacuation Pause) 276M->122M(307M) 1.632ms
[486.333s][info][gc] GC(7269) Pause Young (Mixed) (G1 Evacuation Pause) 277M->122M(307M) 1.740ms
[486.399s][info][gc] GC(7270) Pause Young (Concurrent Start) (G1 Evacuation Pause) 277M->122M(307M) 1.468ms
[486.399s][info][gc] GC(7271) Concurrent Mark Cycle
[486.418s][info][gc] GC(7271) Pause Remark 160M->160M(307M) 0.417ms
[486.433s][info][gc] GC(7271) Pause Cleanup 188M->188M(307M) 0.063ms
[486.433s][info][gc] GC(7271) Concurrent Mark Cycle 34.702ms
[486.470s][info][gc] GC(7272) Pause Young (Prepare Mixed) (G1 Evacuation Pause) 278M->124M(307M) 1.426ms
[486.535s][info][gc] GC(7273) Pause Young (Mixed) (G1 Evacuation Pause) 278M->123M(307M) 1.609ms
[486.596s][info][gc] GC(7274) Pause Young (Concurrent Start) (G1 Evacuation Pause) 278M->124M(307M) 1.561ms
[486.596s][info][gc] GC(7275) Concurrent Mark Cycle
[486.616s][info][gc] GC(7275) Pause Remark 162M->162M(307M) 0.457ms
[486.630s][info][gc] GC(7275) Pause Cleanup 186M->186M(307M) 0.052ms
[486.630s][info][gc] GC(7275) Concurrent Mark Cycle 34.130ms
[486.671s][info][gc] GC(7276) Pause Young (Prepare Mixed) (G1 Evacuation Pause) 277M->126M(307M) 1.671ms
[486.735s][info][gc] GC(7277) Pause Young (Mixed) (G1 Evacuation Pause) 278M->125M(307M) 1.575ms
[486.801s][info][gc] GC(7278) Pause Young (Concurrent Start) (G1 Evacuation Pause) 277M->128M(307M) 1.496ms
[486.801s][info][gc] GC(7279) Concurrent Mark Cycle
[486.823s][info][gc] GC(7279) Pause Remark 180M->180M(307M) 0.414ms
[486.838s][info][gc] GC(7279) Pause Cleanup 213M->213M(307M) 0.057ms
[486.839s][info][gc] GC(7279) Concurrent Mark Cycle 37.700ms
[486.868s][info][gc] GC(7280) Pause Young (Prepare Mixed) (G1 Evacuation Pause) 276M->128M(307M) 1.494ms
[486.933s][info][gc] GC(7281) Pause Young (Mixed) (G1 Evacuation Pause) 278M->129M(307M) 1.746ms
[487.003s][info][gc] GC(7282) Pause Young (Concurrent Start) (G1 Evacuation Pause) 277M->130M(307M) 1.553ms
[487.003s][info][gc] GC(7283) Concurrent Mark Cycle
[487.026s][info][gc] GC(7283) Pause Remark 175M->175M(307M) 0.443ms
[487.046s][info][gc] GC(7283) Pause Cleanup 214M->214M(307M) 0.051ms
[487.046s][info][gc] GC(7283) Concurrent Mark Cycle 43.664ms
[487.072s][info][gc] GC(7284) Pause Young (Prepare Mixed) (G1 Evacuation Pause) 277M->131M(307M) 1.387ms
[487.151s][info][gc] GC(7285) Pause Young (Mixed) (G1 Evacuation Pause) 279M->132M(307M) 1.533ms
[487.211s][info][gc] GC(7286) Pause Young (Concurrent Start) (G1 Evacuation Pause) 278M->133M(307M) 1.353ms
[487.211s][info][gc] GC(7287) Concurrent Mark Cycle
[487.235s][info][gc] GC(7287) Pause Remark 177M->177M(307M) 0.495ms
[487.252s][info][gc] GC(7287) Pause Cleanup 198M->198M(307M) 0.044ms
[487.253s][info][gc] GC(7287) Concurrent Mark Cycle 41.680ms
[487.287s][info][gc] GC(7288) Pause Young (Prepare Mixed) (G1 Evacuation Pause) 277M->135M(307M) 1.412ms
[487.348s][info][gc] GC(7289) Pause Young (Mixed) (G1 Evacuation Pause) 275M->135M(307M) 1.813ms
[487.409s][info][gc] GC(7290) Pause Young (Concurrent Start) (G1 Evacuation Pause) 277M->137M(307M) 1.436ms
[487.409s][info][gc] GC(7291) Concurrent Mark Cycle
[487.433s][info][gc] GC(7291) Pause Remark 183M->183M(307M) 0.406ms
[487.449s][info][gc] GC(7291) Pause Cleanup 211M->211M(307M) 0.052ms
[487.449s][info][gc] GC(7291) Concurrent Mark Cycle 40.133ms
[487.480s][info][gc] GC(7292) Pause Young (Prepare Mixed) (G1 Evacuation Pause) 278M->137M(307M) 1.410ms
[487.535s][info][gc] GC(7293) Pause Young (Mixed) (G1 Evacuation Pause) 279M->139M(307M) 1.453ms
[487.599s][info][gc] GC(7294) Pause Young (Concurrent Start) (G1 Evacuation Pause) 277M->140M(307M) 1.557ms
[487.599s][info][gc] GC(7295) Concurrent Mark Cycle
[487.625s][info][gc] GC(7295) Pause Remark 206M->206M(307M) 0.415ms
[487.648s][info][gc] GC(7295) Pause Cleanup 260M->260M(307M) 0.057ms
[487.648s][info][gc] GC(7295) Concurrent Mark Cycle 49.605ms
[487.657s][info][gc] GC(7296) Pause Young (Prepare Mixed) (G1 Evacuation Pause) 278M->141M(307M) 1.384ms
[487.722s][info][gc] GC(7297) Pause Young (Mixed) (G1 Evacuation Pause) 279M->142M(307M) 1.614ms
[487.779s][info][gc] GC(7298) Pause Young (Concurrent Start) (G1 Evacuation Pause) 277M->143M(307M) 1.786ms
[487.779s][info][gc] GC(7299) Concurrent Mark Cycle
[487.804s][info][gc] GC(7299) Pause Remark 180M->180M(307M) 0.500ms
[487.824s][info][gc] GC(7299) Pause Cleanup 207M->207M(307M) 0.052ms
[487.824s][info][gc] GC(7299) Concurrent Mark Cycle 45.061ms
[487.854s][info][gc] GC(7300) Pause Young (Prepare Mixed) (G1 Evacuation Pause) 279M->144M(307M) 1.536ms
[487.913s][info][gc] GC(7301) Pause Young (Mixed) (G1 Evacuation Pause) 279M->144M(307M) 1.362ms
[487.979s][info][gc] GC(7302) Pause Young (Concurrent Start) (G1 Evacuation Pause) 278M->147M(307M) 1.396ms
[487.979s][info][gc] GC(7303) Concurrent Mark Cycle
[488.007s][info][gc] GC(7303) Pause Remark 209M->209M(307M) 0.441ms
[488.025s][info][gc] GC(7303) Pause Cleanup 246M->246M(307M) 0.041ms
[488.025s][info][gc] GC(7303) Concurrent Mark Cycle 45.848ms
[488.039s][info][gc] GC(7304) Pause Young (Prepare Mixed) (G1 Evacuation Pause) 277M->146M(307M) 1.332ms
[488.098s][info][gc] GC(7305) Pause Young (Mixed) (G1 Evacuation Pause) 281M->148M(307M) 1.433ms
[488.153s][info][gc] GC(7306) Pause Young (Concurrent Start) (G1 Evacuation Pause) 279M->149M(307M) 1.383ms
[488.153s][info][gc] GC(7307) Concurrent Mark Cycle
[488.180s][info][gc] GC(7307) Pause Remark 202M->202M(307M) 0.439ms
[488.205s][info][gc] GC(7307) Pause Cleanup 252M->252M(307M) 0.054ms
[488.205s][info][gc] GC(7307) Concurrent Mark Cycle 52.009ms
[488.215s][info][gc] GC(7308) Pause Young (Prepare Mixed) (G1 Evacuation Pause) 278M->151M(307M) 1.426ms
[488.266s][info][gc] GC(7309) Pause Young (Mixed) (G1 Evacuation Pause) 279M->151M(307M) 1.353ms
[488.323s][info][gc] GC(7310) Pause Young (Concurrent Start) (G1 Evacuation Pause) 279M->152M(307M) 1.456ms
[488.323s][info][gc] GC(7311) Concurrent Mark Cycle
[488.354s][info][gc] GC(7311) Pause Remark 229M->229M(307M) 0.491ms
[488.376s][info][gc] GC(7311) Pause Cleanup 274M->274M(307M) 0.059ms
[488.376s][info][gc] GC(7311) Concurrent Mark Cycle 52.736ms
[488.379s][info][gc] GC(7312) Pause Young (Prepare Mixed) (G1 Evacuation Pause) 278M->153M(307M) 1.339ms
[488.437s][info][gc] GC(7313) Pause Young (Mixed) (G1 Evacuation Pause) 278M->155M(467M) 1.721ms
[488.554s][info][gc] GC(7314) Pause Young (Normal) (G1 Evacuation Pause) 423M->156M(467M) 1.975ms
[488.675s][info][gc] GC(7315) Pause Young (Normal) (G1 Evacuation Pause) 423M->159M(467M) 1.844ms
[488.787s][info][gc] GC(7316) Pause Young (Normal) (G1 Evacuation Pause) 423M->160M(467M) 1.915ms
[489.014s][info][gc] GC(7317) Pause Young (Normal) (G1 Evacuation Pause) 423M->163M(467M) 1.959ms
[489.186s][info][gc] GC(7318) Pause Young (Normal) (G1 Evacuation Pause) 422M->165M(467M) 1.951ms
[489.354s][info][gc] GC(7319) Pause Young (Normal) (G1 Evacuation Pause) 422M->167M(467M) 1.990ms
[489.531s][info][gc] GC(7320) Pause Young (Normal) (G1 Evacuation Pause) 422M->169M(467M) 1.994ms
[489.705s][info][gc] GC(7321) Pause Young (Normal) (G1 Evacuation Pause) 421M->172M(467M) 2.208ms
[489.868s][info][gc] GC(7322) Pause Young (Normal) (G1 Evacuation Pause) 422M->173M(467M) 2.118ms
[490.039s][info][gc] GC(7323) Pause Young (Normal) (G1 Evacuation Pause) 424M->176M(467M) 2.201ms
[490.206s][info][gc] GC(7324) Pause Young (Normal) (G1 Evacuation Pause) 421M->177M(467M) 2.219ms
[490.369s][info][gc] GC(7325) Pause Young (Concurrent Start) (G1 Evacuation Pause) 425M->179M(467M) 2.102ms
[490.369s][info][gc] GC(7326) Concurrent Mark Cycle
[490.375s][info][gc] GC(7326) Pause Remark 189M->85M(254M) 0.494ms
[490.377s][info][gc] GC(7326) Pause Cleanup 88M->88M(254M) 0.053ms
[490.377s][info][gc] GC(7326) Concurrent Mark Cycle 7.947ms
[490.464s][info][gc] GC(7327) Pause Young (Prepare Mixed) (G1 Evacuation Pause) 208M->77M(254M) 1.704ms
[490.558s][info][gc] GC(7328) Pause Young (Mixed) (G1 Evacuation Pause) 219M->63M(254M) 1.345ms
[490.653s][info][gc] GC(7329) Pause Young (Normal) (G1 Evacuation Pause) 204M->65M(254M) 1.381ms
[490.754s][info][gc] GC(7330) Pause Young (Normal) (G1 Evacuation Pause) 206M->66M(254M) 1.540ms
[490.853s][info][gc] GC(7331) Pause Young (Normal) (G1 Evacuation Pause) 206M->67M(254M) 1.511ms
[490.949s][info][gc] GC(7332) Pause Young (Normal) (G1 Evacuation Pause) 208M->68M(254M) 1.577ms
[491.039s][info][gc] GC(7333) Pause Young (Normal) (G1 Evacuation Pause) 208M->69M(254M) 1.372ms
[491.134s][info][gc] GC(7334) Pause Young (Normal) (G1 Evacuation Pause) 210M->70M(254M) 1.349ms
[491.227s][info][gc] GC(7335) Pause Young (Normal) (G1 Evacuation Pause) 210M->70M(254M) 1.280ms
[491.322s][info][gc] GC(7336) Pause Young (Normal) (G1 Evacuation Pause) 211M->73M(254M) 1.392ms
[491.419s][info][gc] GC(7337) Pause Young (Normal) (G1 Evacuation Pause) 213M->74M(254M) 1.372ms
[491.516s][info][gc] GC(7338) Pause Young (Normal) (G1 Evacuation Pause) 215M->75M(254M) 1.292ms
[491.610s][info][gc] GC(7339) Pause Young (Normal) (G1 Evacuation Pause) 216M->76M(254M) 1.261ms
[491.706s][info][gc] GC(7340) Pause Young (Normal) (G1 Evacuation Pause) 217M->77M(254M) 1.485ms
[491.806s][info][gc] GC(7341) Pause Young (Normal) (G1 Evacuation Pause) 218M->78M(254M) 1.305ms
[491.903s][info][gc] GC(7342) Pause Young (Normal) (G1 Evacuation Pause) 219M->80M(254M) 1.359ms
[491.996s][info][gc] GC(7343) Pause Young (Normal) (G1 Evacuation Pause) 220M->80M(254M) 1.353ms
[492.096s][info][gc] GC(7344) Pause Young (Normal) (G1 Evacuation Pause) 221M->82M(254M) 1.253ms
[492.192s][info][gc] GC(7345) Pause Young (Normal) (G1 Evacuation Pause) 222M->83M(254M) 1.289ms
[492.285s][info][gc] GC(7346) Pause Young (Normal) (G1 Evacuation Pause) 223M->83M(254M) 1.424ms
[492.374s][info][gc] GC(7347) Pause Young (Normal) (G1 Evacuation Pause) 223M->85M(254M) 1.285ms
[492.619s][info][gc] GC(7348) Pause Young (Normal) (G1 Evacuation Pause) 225M->88M(254M) 1.542ms
[492.725s][info][gc] GC(7349) Pause Young (Normal) (G1 Evacuation Pause) 225M->89M(254M) 1.703ms
[492.821s][info][gc] GC(7350) Pause Young (Normal) (G1 Evacuation Pause) 226M->90M(254M) 1.345ms
[492.920s][info][gc] GC(7351) Pause Young (Normal) (G1 Evacuation Pause) 228M->90M(254M) 1.335ms
[493.017s][info][gc] GC(7352) Pause Young (Normal) (G1 Evacuation Pause) 228M->92M(254M) 1.836ms
[493.116s][info][gc] GC(7353) Pause Young (Normal) (G1 Evacuation Pause) 226M->93M(254M) 1.964ms
[493.215s][info][gc] GC(7354) Pause Young (Normal) (G1 Evacuation Pause) 227M->94M(254M) 1.553ms
[493.309s][info][gc] GC(7355) Pause Young (Normal) (G1 Evacuation Pause) 226M->95M(254M) 1.425ms
[493.400s][info][gc] GC(7356) Pause Young (Normal) (G1 Evacuation Pause) 227M->97M(254M) 1.286ms
[493.489s][info][gc] GC(7357) Pause Young (Concurrent Start) (G1 Evacuation Pause) 228M->97M(254M) 1.306ms
[493.489s][info][gc] GC(7358) Concurrent Mark Cycle
[493.494s][info][gc] GC(7358) Pause Remark 104M->64M(194M) 0.419ms
[493.496s][info][gc] GC(7358) Pause Cleanup 67M->67M(194M) 0.048ms
[493.496s][info][gc] GC(7358) Concurrent Mark Cycle 7.297ms
[493.554s][info][gc] GC(7359) Pause Young (Prepare Mixed) (G1 Evacuation Pause) 163M->59M(194M) 1.331ms
[493.632s][info][gc] GC(7360) Pause Young (Mixed) (G1 Evacuation Pause) 165M->52M(194M) 1.369ms
[493.704s][info][gc] GC(7361) Pause Young (Normal) (G1 Evacuation Pause) 159M->52M(194M) 1.231ms
[493.767s][info][gc] GC(7362) Pause Young (Normal) (G1 Evacuation Pause) 159M->53M(194M) 0.996ms
[493.846s][info][gc] GC(7363) Pause Young (Normal) (G1 Evacuation Pause) 161M->54M(194M) 1.085ms
[493.919s][info][gc] GC(7364) Pause Young (Normal) (G1 Evacuation Pause) 161M->55M(194M) 1.239ms
[493.993s][info][gc] GC(7365) Pause Young (Normal) (G1 Evacuation Pause) 163M->55M(194M) 1.000ms
[494.060s][info][gc] GC(7366) Pause Young (Normal) (G1 Evacuation Pause) 163M->57M(194M) 1.123ms
[494.136s][info][gc] GC(7367) Pause Young (Normal) (G1 Evacuation Pause) 164M->58M(194M) 1.214ms
[494.207s][info][gc] GC(7368) Pause Young (Normal) (G1 Evacuation Pause) 164M->59M(194M) 1.110ms
[494.274s][info][gc] GC(7369) Pause Young (Normal) (G1 Evacuation Pause) 167M->60M(194M) 1.099ms
[494.352s][info][gc] GC(7370) Pause Young (Normal) (G1 Evacuation Pause) 167M->61M(194M) 1.219ms
[494.429s][info][gc] GC(7371) Pause Young (Normal) (G1 Evacuation Pause) 168M->61M(194M) 1.105ms
[494.495s][info][gc] GC(7372) Pause Young (Normal) (G1 Evacuation Pause) 168M->62M(194M) 1.236ms
[494.574s][info][gc] GC(7373) Pause Young (Normal) (G1 Evacuation Pause) 170M->63M(194M) 1.233ms
[494.656s][info][gc] GC(7374) Pause Young (Normal) (G1 Evacuation Pause) 170M->65M(194M) 1.231ms
[494.726s][info][gc] GC(7375) Pause Young (Normal) (G1 Evacuation Pause) 171M->64M(194M) 1.210ms
[494.811s][info][gc] GC(7376) Pause Young (Normal) (G1 Evacuation Pause) 172M->66M(194M) 1.130ms
[494.886s][info][gc] GC(7377) Pause Young (Normal) (G1 Evacuation Pause) 173M->67M(194M) 1.344ms
[494.956s][info][gc] GC(7378) Pause Young (Normal) (G1 Evacuation Pause) 173M->67M(194M) 1.337ms
[495.040s][info][gc] GC(7379) Pause Young (Normal) (G1 Evacuation Pause) 172M->68M(194M) 1.507ms
[495.132s][info][gc] GC(7380) Pause Young (Normal) (G1 Evacuation Pause) 171M->69M(194M) 1.548ms
[495.208s][info][gc] GC(7381) Pause Young (Normal) (G1 Evacuation Pause) 172M->70M(194M) 1.263ms
[495.282s][info][gc] GC(7382) Pause Young (Normal) (G1 Evacuation Pause) 173M->71M(194M) 1.096ms
[495.352s][info][gc] GC(7383) Pause Young (Normal) (G1 Evacuation Pause) 172M->72M(194M) 1.049ms
[495.422s][info][gc] GC(7384) Pause Young (Normal) (G1 Evacuation Pause) 174M->72M(194M) 1.054ms
[495.493s][info][gc] GC(7385) Pause Young (Normal) (G1 Evacuation Pause) 172M->73M(194M) 1.075ms
[495.566s][info][gc] GC(7386) Pause Young (Concurrent Start) (G1 Evacuation Pause) 172M->74M(194M) 1.562ms
[495.566s][info][gc] GC(7387) Concurrent Mark Cycle
[495.575s][info][gc] GC(7387) Pause Remark 84M->84M(194M) 0.395ms
[495.584s][info][gc] GC(7387) Pause Cleanup 95M->95M(194M) 0.055ms
[495.584s][info][gc] GC(7387) Concurrent Mark Cycle 17.692ms
[495.638s][info][gc] GC(7388) Pause Young (Prepare Mixed) (G1 Evacuation Pause) 172M->74M(194M) 1.135ms
[495.710s][info][gc] GC(7389) Pause Young (Mixed) (G1 Evacuation Pause) 173M->73M(194M) 1.347ms
[495.789s][info][gc] GC(7390) Pause Young (Concurrent Start) (G1 Evacuation Pause) 172M->74M(194M) 1.189ms
[495.789s][info][gc] GC(7391) Concurrent Mark Cycle
[495.799s][info][gc] GC(7391) Pause Remark 89M->89M(194M) 0.723ms
[495.809s][info][gc] GC(7391) Pause Cleanup 102M->102M(194M) 0.060ms
[495.809s][info][gc] GC(7391) Concurrent Mark Cycle 19.763ms
[495.857s][info][gc] GC(7392) Pause Young (Prepare Mixed) (G1 Evacuation Pause) 172M->75M(194M) 1.236ms
[495.930s][info][gc] GC(7393) Pause Young (Mixed) (G1 Evacuation Pause) 172M->74M(194M) 1.109ms
[495.999s][info][gc] GC(7394) Pause Young (Concurrent Start) (G1 Evacuation Pause) 173M->75M(194M) 1.218ms
[496.000s][info][gc] GC(7395) Concurrent Mark Cycle
[496.009s][info][gc] GC(7395) Pause Remark 84M->84M(194M) 0.392ms
[496.018s][info][gc] GC(7395) Pause Cleanup 95M->95M(194M) 0.057ms
[496.018s][info][gc] GC(7395) Concurrent Mark Cycle 18.638ms
[496.067s][info][gc] GC(7396) Pause Young (Prepare Mixed) (G1 Evacuation Pause) 173M->76M(194M) 1.394ms
[496.137s][info][gc] GC(7397) Pause Young (Mixed) (G1 Evacuation Pause) 172M->76M(194M) 1.303ms
[496.211s][info][gc] GC(7398) Pause Young (Concurrent Start) (G1 Evacuation Pause) 174M->76M(194M) 1.074ms
[496.211s][info][gc] GC(7399) Concurrent Mark Cycle
[496.219s][info][gc] GC(7399) Pause Remark 83M->83M(194M) 0.417ms
[496.228s][info][gc] GC(7399) Pause Cleanup 86M->86M(194M) 0.062ms
[496.228s][info][gc] GC(7399) Concurrent Mark Cycle 16.866ms
[496.419s][info][gc] GC(7400) Pause Young (Prepare Mixed) (G1 Evacuation Pause) 173M->79M(194M) 1.469ms
[496.477s][info][gc] GC(7401) Pause Young (Mixed) (G1 Evacuation Pause) 170M->78M(194M) 1.451ms
[496.549s][info][gc] GC(7402) Pause Young (Concurrent Start) (G1 Evacuation Pause) 175M->79M(194M) 1.662ms
[496.549s][info][gc] GC(7403) Concurrent Mark Cycle
[496.554s][info][gc] GC(7403) Pause Remark 83M->52M(167M) 0.426ms
[496.556s][info][gc] GC(7403) Pause Cleanup 52M->52M(167M) 0.056ms
[496.556s][info][gc] GC(7403) Concurrent Mark Cycle 6.596ms
[496.612s][info][gc] GC(7404) Pause Young (Prepare Mixed) (G1 Evacuation Pause) 140M->48M(167M) 1.160ms
[496.689s][info][gc] GC(7405) Pause Young (Mixed) (G1 Evacuation Pause) 140M->44M(167M) 1.536ms
[496.773s][info][gc] GC(7406) Pause Young (Normal) (G1 Evacuation Pause) 135M->45M(167M) 1.455ms
[496.841s][info][gc] GC(7407) Pause Young (Normal) (G1 Evacuation Pause) 138M->45M(167M) 1.000ms
[496.911s][info][gc] GC(7408) Pause Young (Normal) (G1 Evacuation Pause) 138M->47M(167M) 1.159ms
[496.970s][info][gc] GC(7409) Pause Young (Normal) (G1 Evacuation Pause) 138M->47M(167M) 1.258ms
[497.041s][info][gc] GC(7410) Pause Young (Normal) (G1 Evacuation Pause) 139M->48M(167M) 1.261ms
[497.115s][info][gc] GC(7411) Pause Young (Normal) (G1 Evacuation Pause) 140M->49M(167M) 1.225ms
[497.176s][info][gc] GC(7412) Pause Young (Normal) (G1 Evacuation Pause) 141M->49M(167M) 1.048ms
[497.246s][info][gc] GC(7413) Pause Young (Normal) (G1 Evacuation Pause) 141M->50M(167M) 1.072ms
[497.305s][info][gc] GC(7414) Pause Young (Normal) (G1 Evacuation Pause) 142M->51M(167M) 1.020ms
[497.375s][info][gc] GC(7415) Pause Young (Normal) (G1 Evacuation Pause) 143M->51M(167M) 1.152ms
[497.452s][info][gc] GC(7416) Pause Young (Normal) (G1 Evacuation Pause) 143M->52M(167M) 1.255ms
[497.512s][info][gc] GC(7417) Pause Young (Normal) (G1 Evacuation Pause) 144M->53M(167M) 1.092ms
[497.580s][info][gc] GC(7418) Pause Young (Normal) (G1 Evacuation Pause) 145M->54M(167M) 1.050ms
[497.644s][info][gc] GC(7419) Pause Young (Normal) (G1 Evacuation Pause) 146M->55M(167M) 1.186ms
[497.716s][info][gc] GC(7420) Pause Young (Normal) (G1 Evacuation Pause) 147M->55M(167M) 1.459ms
[497.779s][info][gc] GC(7421) Pause Young (Normal) (G1 Evacuation Pause) 147M->55M(167M) 0.945ms
[497.847s][info][gc] GC(7422) Pause Young (Normal) (G1 Evacuation Pause) 148M->57M(167M) 1.090ms
[497.913s][info][gc] GC(7423) Pause Young (Normal) (G1 Evacuation Pause) 147M->58M(167M) 1.141ms
[497.971s][info][gc] GC(7424) Pause Young (Normal) (G1 Evacuation Pause) 150M->59M(167M) 1.007ms
[498.043s][info][gc] GC(7425) Pause Young (Normal) (G1 Evacuation Pause) 149M->59M(167M) 1.064ms
[498.105s][info][gc] GC(7426) Pause Young (Normal) (G1 Evacuation Pause) 148M->59M(167M) 1.025ms
[498.172s][info][gc] GC(7427) Pause Young (Normal) (G1 Evacuation Pause) 147M->60M(167M) 1.042ms
[498.243s][info][gc] GC(7428) Pause Young (Normal) (G1 Evacuation Pause) 147M->62M(167M) 1.056ms
[498.298s][info][gc] GC(7429) Pause Young (Normal) (G1 Evacuation Pause) 149M->63M(167M) 1.246ms
[498.365s][info][gc] GC(7430) Pause Young (Concurrent Start) (G1 Evacuation Pause) 148M->62M(167M) 1.138ms
[498.365s][info][gc] GC(7431) Concurrent Mark Cycle
[498.374s][info][gc] GC(7431) Pause Remark 68M->66M(167M) 0.515ms
[498.380s][info][gc] GC(7431) Pause Cleanup 77M->77M(167M) 0.074ms
[498.380s][info][gc] GC(7431) Concurrent Mark Cycle 14.622ms
[498.426s][info][gc] GC(7432) Pause Young (Prepare Mixed) (G1 Evacuation Pause) 146M->62M(167M) 0.974ms
[498.495s][info][gc] GC(7433) Pause Young (Mixed) (G1 Evacuation Pause) 149M->61M(167M) 1.248ms
[498.548s][info][gc] GC(7434) Pause Young (Normal) (G1 Evacuation Pause) 148M->61M(167M) 1.048ms
[498.618s][info][gc] GC(7435) Pause Young (Normal) (G1 Evacuation Pause) 151M->62M(167M) 1.062ms
[498.677s][info][gc] GC(7436) Pause Young (Concurrent Start) (G1 Evacuation Pause) 150M->62M(167M) 0.941ms
[498.677s][info][gc] GC(7437) Concurrent Mark Cycle
[498.686s][info][gc] GC(7437) Pause Remark 70M->70M(167M) 0.481ms
[498.693s][info][gc] GC(7437) Pause Cleanup 75M->75M(167M) 0.055ms
[498.693s][info][gc] GC(7437) Concurrent Mark Cycle 15.981ms
[498.739s][info][gc] GC(7438) Pause Young (Prepare Mixed) (G1 Evacuation Pause) 149M->64M(167M) 1.011ms
[498.800s][info][gc] GC(7439) Pause Young (Mixed) (G1 Evacuation Pause) 149M->63M(167M) 1.184ms
[498.856s][info][gc] GC(7440) Pause Young (Concurrent Start) (G1 Evacuation Pause) 150M->64M(167M) 1.088ms
[498.856s][info][gc] GC(7441) Concurrent Mark Cycle
[498.866s][info][gc] GC(7441) Pause Remark 81M->81M(167M) 0.426ms
[498.874s][info][gc] GC(7441) Pause Cleanup 95M->95M(167M) 0.064ms
[498.874s][info][gc] GC(7441) Concurrent Mark Cycle 18.488ms
[498.922s][info][gc] GC(7442) Pause Young (Prepare Mixed) (G1 Evacuation Pause) 148M->65M(167M) 1.171ms
[498.970s][info][gc] GC(7443) Pause Young (Mixed) (G1 Evacuation Pause) 148M->64M(167M) 1.249ms
[499.032s][info][gc] GC(7444) Pause Young (Concurrent Start) (G1 Evacuation Pause) 149M->65M(167M) 0.968ms
[499.032s][info][gc] GC(7445) Concurrent Mark Cycle
[499.040s][info][gc] GC(7445) Pause Remark 79M->79M(167M) 0.440ms
[499.047s][info][gc] GC(7445) Pause Cleanup 92M->92M(167M) 0.047ms
[499.047s][info][gc] GC(7445) Concurrent Mark Cycle 14.831ms
[499.085s][info][gc] GC(7446) Pause Young (Prepare Mixed) (G1 Evacuation Pause) 150M->66M(167M) 1.023ms
[499.147s][info][gc] GC(7447) Pause Young (Mixed) (G1 Evacuation Pause) 150M->66M(167M) 1.061ms
[499.197s][info][gc] GC(7448) Pause Young (Concurrent Start) (G1 Evacuation Pause) 150M->65M(167M) 0.950ms
[499.197s][info][gc] GC(7449) Concurrent Mark Cycle
[499.204s][info][gc] GC(7449) Pause Remark 71M->71M(167M) 0.455ms
[499.211s][info][gc] GC(7449) Pause Cleanup 78M->78M(167M) 0.032ms
[499.211s][info][gc] GC(7449) Concurrent Mark Cycle 14.318ms
[499.263s][info][gc] GC(7450) Pause Young (Prepare Mixed) (G1 Evacuation Pause) 151M->67M(167M) 0.960ms
[499.319s][info][gc] GC(7451) Pause Young (Mixed) (G1 Evacuation Pause) 149M->66M(167M) 1.166ms
[499.375s][info][gc] GC(7452) Pause Young (Concurrent Start) (G1 Evacuation Pause) 149M->67M(167M) 1.100ms
[499.375s][info][gc] GC(7453) Concurrent Mark Cycle
[499.385s][info][gc] GC(7453) Pause Remark 83M->83M(167M) 0.426ms
[499.393s][info][gc] GC(7453) Pause Cleanup 94M->94M(167M) 0.047ms
[499.393s][info][gc] GC(7453) Concurrent Mark Cycle 17.635ms
[499.436s][info][gc] GC(7454) Pause Young (Prepare Mixed) (G1 Evacuation Pause) 148M->68M(167M) 1.118ms
[499.493s][info][gc] GC(7455) Pause Young (Mixed) (G1 Evacuation Pause) 150M->68M(167M) 1.058ms
[499.555s][info][gc] GC(7456) Pause Young (Concurrent Start) (G1 Evacuation Pause) 148M->68M(167M) 1.020ms
[499.555s][info][gc] GC(7457) Concurrent Mark Cycle
[499.565s][info][gc] GC(7457) Pause Remark 82M->82M(167M) 0.436ms
[499.575s][info][gc] GC(7457) Pause Cleanup 97M->97M(167M) 0.065ms
[499.576s][info][gc] GC(7457) Concurrent Mark Cycle 21.057ms
[499.611s][info][gc] GC(7458) Pause Young (Prepare Mixed) (G1 Evacuation Pause) 149M->69M(167M) 0.973ms
[499.671s][info][gc] GC(7459) Pause Young (Mixed) (G1 Evacuation Pause) 149M->70M(167M) 1.197ms
[499.722s][info][gc] GC(7460) Pause Young (Concurrent Start) (G1 Evacuation Pause) 150M->71M(167M) 1.005ms
[499.722s][info][gc] GC(7461) Concurrent Mark Cycle
[499.732s][info][gc] GC(7461) Pause Remark 91M->91M(167M) 0.485ms
[499.742s][info][gc] GC(7461) Pause Cleanup 101M->101M(167M) 0.060ms
[499.742s][info][gc] GC(7461) Concurrent Mark Cycle 19.715ms
[499.780s][info][gc] GC(7462) Pause Young (Prepare Mixed) (G1 Evacuation Pause) 150M->71M(167M) 0.976ms
[499.830s][info][gc] GC(7463) Pause Young (Mixed) (G1 Evacuation Pause) 149M->71M(167M) 1.025ms
[499.892s][info][gc] GC(7464) Pause Young (Concurrent Start) (G1 Evacuation Pause) 149M->72M(167M) 1.257ms
[499.892s][info][gc] GC(7465) Concurrent Mark Cycle
[499.901s][info][gc] GC(7465) Pause Remark 82M->82M(167M) 0.495ms
[499.910s][info][gc] GC(7465) Pause Cleanup 93M->93M(167M) 0.074ms
[499.910s][info][gc] GC(7465) Concurrent Mark Cycle 18.417ms
[499.946s][info][gc] GC(7466) Pause Young (Prepare Mixed) (G1 Evacuation Pause) 149M->73M(167M) 1.051ms
[500.003s][info][gc] GC(7467) Pause Young (Mixed) (G1 Evacuation Pause) 150M->74M(167M) 1.017ms
[500.047s][info][gc] GC(7468) Pause Young (Concurrent Start) (G1 Evacuation Pause) 150M->74M(167M) 0.932ms
[500.047s][info][gc] GC(7469) Concurrent Mark Cycle
[500.058s][info][gc] GC(7469) Pause Remark 88M->88M(167M) 0.470ms
[500.067s][info][gc] GC(7469) Pause Cleanup 100M->100M(167M) 0.052ms
[500.067s][info][gc] GC(7469) Concurrent Mark Cycle 19.949ms
[500.141s][info][gc] GC(7470) Pause Young (Prepare Mixed) (G1 Evacuation Pause) 151M->73M(167M) 0.803ms
[500.284s][info][gc] GC(7471) Pause Young (Mixed) (G1 Evacuation Pause) 152M->76M(167M) 1.045ms
[500.328s][info][gc] GC(7472) Pause Young (Concurrent Start) (G1 Evacuation Pause) 149M->77M(167M) 1.053ms
[500.328s][info][gc] GC(7473) Concurrent Mark Cycle
[500.332s][info][gc] GC(7473) Pause Remark 84M->56M(167M) 0.388ms
[500.334s][info][gc] GC(7473) Pause Cleanup 60M->60M(167M) 0.044ms
[500.334s][info][gc] GC(7473) Concurrent Mark Cycle 6.076ms
[500.383s][info][gc] GC(7474) Pause Young (Prepare Mixed) (G1 Evacuation Pause) 122M->49M(167M) 1.043ms
[500.442s][info][gc] GC(7475) Pause Young (Mixed) (G1 Evacuation Pause) 143M->45M(167M) 1.039ms
[500.509s][info][gc] GC(7476) Pause Young (Normal) (G1 Evacuation Pause) 138M->46M(167M) 1.084ms
[500.575s][info][gc] GC(7477) Pause Young (Normal) (G1 Evacuation Pause) 138M->47M(167M) 1.111ms
[500.632s][info][gc] GC(7478) Pause Young (Normal) (G1 Evacuation Pause) 139M->47M(167M) 1.136ms
[500.700s][info][gc] GC(7479) Pause Young (Normal) (G1 Evacuation Pause) 140M->48M(167M) 1.329ms
[500.754s][info][gc] GC(7480) Pause Young (Normal) (G1 Evacuation Pause) 140M->48M(167M) 0.974ms
[500.822s][info][gc] GC(7481) Pause Young (Normal) (G1 Evacuation Pause) 140M->50M(167M) 1.044ms
[500.889s][info][gc] GC(7482) Pause Young (Normal) (G1 Evacuation Pause) 142M->50M(167M) 1.085ms
[500.951s][info][gc] GC(7483) Pause Young (Normal) (G1 Evacuation Pause) 142M->52M(167M) 1.096ms
[501.020s][info][gc] GC(7484) Pause Young (Normal) (G1 Evacuation Pause) 143M->52M(167M) 1.296ms
[501.074s][info][gc] GC(7485) Pause Young (Normal) (G1 Evacuation Pause) 144M->52M(167M) 1.132ms
[501.153s][info][gc] GC(7486) Pause Young (Normal) (G1 Evacuation Pause) 145M->53M(167M) 1.327ms
[501.224s][info][gc] GC(7487) Pause Young (Normal) (G1 Evacuation Pause) 145M->54M(167M) 1.298ms
[501.290s][info][gc] GC(7488) Pause Young (Normal) (G1 Evacuation Pause) 145M->55M(167M) 1.283ms
[501.362s][info][gc] GC(7489) Pause Young (Normal) (G1 Evacuation Pause) 147M->56M(167M) 1.010ms
[501.427s][info][gc] GC(7490) Pause Young (Normal) (G1 Evacuation Pause) 148M->56M(167M) 1.049ms
[501.505s][info][gc] GC(7491) Pause Young (Normal) (G1 Evacuation Pause) 148M->57M(167M) 1.051ms
[501.572s][info][gc] GC(7492) Pause Young (Normal) (G1 Evacuation Pause) 148M->57M(167M) 1.042ms
[501.636s][info][gc] GC(7493) Pause Young (Normal) (G1 Evacuation Pause) 148M->58M(167M) 1.170ms
[501.702s][info][gc] GC(7494) Pause Young (Normal) (G1 Evacuation Pause) 148M->59M(167M) 1.100ms
[501.760s][info][gc] GC(7495) Pause Young (Normal) (G1 Evacuation Pause) 146M->60M(167M) 1.051ms
[501.830s][info][gc] GC(7496) Pause Young (Normal) (G1 Evacuation Pause) 150M->61M(167M) 1.094ms
[501.890s][info][gc] GC(7497) Pause Young (Normal) (G1 Evacuation Pause) 149M->61M(167M) 1.122ms
[501.952s][info][gc] GC(7498) Pause Young (Normal) (G1 Evacuation Pause) 149M->62M(167M) 0.977ms
[502.014s][info][gc] GC(7499) Pause Young (Normal) (G1 Evacuation Pause) 148M->62M(167M) 1.041ms
[502.079s][info][gc] GC(7500) Pause Young (Concurrent Start) (G1 Evacuation Pause) 149M->63M(167M) 1.004ms
[502.079s][info][gc] GC(7501) Concurrent Mark Cycle
[502.085s][info][gc] GC(7501) Pause Remark 73M->67M(167M) 0.463ms
[502.090s][info][gc] GC(7501) Pause Cleanup 73M->73M(167M) 0.048ms
[502.090s][info][gc] GC(7501) Concurrent Mark Cycle 11.121ms
[502.143s][info][gc] GC(7502) Pause Young (Prepare Mixed) (G1 Evacuation Pause) 143M->59M(167M) 1.031ms
[502.202s][info][gc] GC(7503) Pause Young (Mixed) (G1 Evacuation Pause) 150M->58M(167M) 1.253ms
[502.276s][info][gc] GC(7504) Pause Young (Normal) (G1 Evacuation Pause) 148M->60M(167M) 1.087ms
[502.332s][info][gc] GC(7505) Pause Young (Normal) (G1 Evacuation Pause) 148M->59M(167M) 1.333ms
[502.402s][info][gc] GC(7506) Pause Young (Normal) (G1 Evacuation Pause) 149M->61M(167M) 1.085ms
[502.468s][info][gc] GC(7507) Pause Young (Normal) (G1 Evacuation Pause) 149M->61M(167M) 1.034ms
[502.523s][info][gc] GC(7508) Pause Young (Normal) (G1 Evacuation Pause) 150M->62M(167M) 1.091ms
[502.588s][info][gc] GC(7509) Pause Young (Concurrent Start) (G1 Evacuation Pause) 148M->63M(167M) 1.140ms
[502.588s][info][gc] GC(7510) Concurrent Mark Cycle
[502.595s][info][gc] GC(7510) Pause Remark 74M->74M(167M) 0.435ms
[502.599s][info][gc] GC(7510) Pause Cleanup 80M->80M(167M) 0.045ms
[502.599s][info][gc] GC(7510) Concurrent Mark Cycle 11.216ms
[502.640s][info][gc] GC(7511) Pause Young (Prepare Mixed) (G1 Evacuation Pause) 150M->63M(167M) 0.886ms
[502.704s][info][gc] GC(7512) Pause Young (Mixed) (G1 Evacuation Pause) 152M->63M(167M) 1.170ms
[502.761s][info][gc] GC(7513) Pause Young (Concurrent Start) (G1 Evacuation Pause) 149M->63M(167M) 0.979ms
[502.761s][info][gc] GC(7514) Concurrent Mark Cycle
[502.768s][info][gc] GC(7514) Pause Remark 72M->72M(167M) 0.397ms
[502.773s][info][gc] GC(7514) Pause Cleanup 80M->80M(167M) 0.055ms
[502.773s][info][gc] GC(7514) Concurrent Mark Cycle 12.088ms
[502.822s][info][gc] GC(7515) Pause Young (Prepare Mixed) (G1 Evacuation Pause) 149M->64M(167M) 0.984ms
[502.876s][info][gc] GC(7516) Pause Young (Mixed) (G1 Evacuation Pause) 148M->63M(167M) 1.070ms
[502.938s][info][gc] GC(7517) Pause Young (Concurrent Start) (G1 Evacuation Pause) 149M->65M(167M) 1.040ms
[502.938s][info][gc] GC(7518) Concurrent Mark Cycle
[502.949s][info][gc] GC(7518) Pause Remark 78M->78M(167M) 0.586ms
[502.956s][info][gc] GC(7518) Pause Cleanup 84M->84M(167M) 0.053ms
[502.956s][info][gc] GC(7518) Concurrent Mark Cycle 17.503ms
[503.009s][info][gc] GC(7519) Pause Young (Prepare Mixed) (G1 Evacuation Pause) 149M->65M(167M) 1.171ms
[503.073s][info][gc] GC(7520) Pause Young (Mixed) (G1 Evacuation Pause) 149M->66M(167M) 1.099ms
[503.140s][info][gc] GC(7521) Pause Young (Concurrent Start) (G1 Evacuation Pause) 149M->67M(167M) 1.124ms
[503.140s][info][gc] GC(7522) Concurrent Mark Cycle
[503.149s][info][gc] GC(7522) Pause Remark 79M->79M(167M) 0.579ms
[503.155s][info][gc] GC(7522) Pause Cleanup 87M->87M(167M) 0.031ms
[503.155s][info][gc] GC(7522) Concurrent Mark Cycle 14.682ms
[503.198s][info][gc] GC(7523) Pause Young (Prepare Mixed) (G1 Evacuation Pause) 150M->67M(167M) 1.081ms
[503.262s][info][gc] GC(7524) Pause Young (Mixed) (G1 Evacuation Pause) 148M->68M(167M) 1.066ms
[503.314s][info][gc] GC(7525) Pause Young (Concurrent Start) (G1 Evacuation Pause) 148M->67M(167M) 0.904ms
[503.314s][info][gc] GC(7526) Concurrent Mark Cycle
[503.323s][info][gc] GC(7526) Pause Remark 72M->72M(167M) 0.470ms
[503.328s][info][gc] GC(7526) Pause Cleanup 76M->76M(167M) 0.038ms
[503.329s][info][gc] GC(7526) Concurrent Mark Cycle 14.578ms
[503.386s][info][gc] GC(7527) Pause Young (Prepare Mixed) (G1 Evacuation Pause) 152M->69M(167M) 0.989ms
[503.441s][info][gc] GC(7528) Pause Young (Mixed) (G1 Evacuation Pause) 150M->69M(167M) 1.004ms
[503.501s][info][gc] GC(7529) Pause Young (Concurrent Start) (G1 Evacuation Pause) 150M->69M(167M) 1.126ms
[503.501s][info][gc] GC(7530) Concurrent Mark Cycle
[503.512s][info][gc] GC(7530) Pause Remark 88M->88M(167M) 0.403ms
[503.519s][info][gc] GC(7530) Pause Cleanup 97M->97M(167M) 0.051ms
[503.519s][info][gc] GC(7530) Concurrent Mark Cycle 17.928ms
[503.559s][info][gc] GC(7531) Pause Young (Prepare Mixed) (G1 Evacuation Pause) 149M->70M(167M) 0.940ms
[503.617s][info][gc] GC(7532) Pause Young (Mixed) (G1 Evacuation Pause) 149M->71M(167M) 1.556ms
[503.671s][info][gc] GC(7533) Pause Young (Concurrent Start) (G1 Evacuation Pause) 150M->71M(167M) 1.005ms
[503.671s][info][gc] GC(7534) Concurrent Mark Cycle
[503.683s][info][gc] GC(7534) Pause Remark 89M->89M(167M) 0.638ms
[503.689s][info][gc] GC(7534) Pause Cleanup 100M->100M(167M) 0.053ms
[503.690s][info][gc] GC(7534) Concurrent Mark Cycle 18.429ms
[503.729s][info][gc] GC(7535) Pause Young (Prepare Mixed) (G1 Evacuation Pause) 149M->72M(167M) 1.010ms
[503.786s][info][gc] GC(7536) Pause Young (Mixed) (G1 Evacuation Pause) 150M->73M(167M) 1.127ms
[503.841s][info][gc] GC(7537) Pause Young (Concurrent Start) (G1 Evacuation Pause) 150M->73M(167M) 1.202ms
[503.841s][info][gc] GC(7538) Concurrent Mark Cycle
[503.853s][info][gc] GC(7538) Pause Remark 94M->94M(167M) 0.391ms
[503.859s][info][gc] GC(7538) Pause Cleanup 105M->105M(167M) 0.043ms
[503.859s][info][gc] GC(7538) Concurrent Mark Cycle 18.688ms
[503.897s][info][gc] GC(7539) Pause Young (Prepare Mixed) (G1 Evacuation Pause) 149M->73M(167M) 1.029ms
[504.076s][info][gc] GC(7540) Pause Young (Mixed) (G1 Evacuation Pause) 150M->75M(167M) 1.121ms
[504.124s][info][gc] GC(7541) Pause Young (Concurrent Start) (G1 Evacuation Pause) 150M->76M(167M) 1.031ms
[504.124s][info][gc] GC(7542) Concurrent Mark Cycle
[504.129s][info][gc] GC(7542) Pause Remark 83M->53M(157M) 0.416ms
[504.131s][info][gc] GC(7542) Pause Cleanup 56M->56M(157M) 0.066ms
[504.131s][info][gc] GC(7542) Concurrent Mark Cycle 6.225ms
[504.170s][info][gc] GC(7543) Pause Young (Prepare Mixed) (G1 Evacuation Pause) 120M->45M(157M) 1.028ms
[504.239s][info][gc] GC(7544) Pause Young (Mixed) (G1 Evacuation Pause) 134M->44M(189M) 1.029ms
[504.314s][info][gc] GC(7545) Pause Young (Normal) (G1 Evacuation Pause) 150M->45M(189M) 1.087ms
[504.382s][info][gc] GC(7546) Pause Young (Normal) (G1 Evacuation Pause) 150M->46M(189M) 1.108ms
[504.459s][info][gc] GC(7547) Pause Young (Normal) (G1 Evacuation Pause) 151M->47M(189M) 1.183ms
[504.532s][info][gc] GC(7548) Pause Young (Normal) (G1 Evacuation Pause) 150M->49M(189M) 1.227ms
[504.592s][info][gc] GC(7549) Pause Young (Normal) (G1 Evacuation Pause) 153M->48M(189M) 1.048ms
[504.667s][info][gc] GC(7550) Pause Young (Normal) (G1 Evacuation Pause) 153M->50M(189M) 1.047ms
[504.735s][info][gc] GC(7551) Pause Young (Normal) (G1 Evacuation Pause) 154M->50M(189M) 1.128ms
[504.804s][info][gc] GC(7552) Pause Young (Normal) (G1 Evacuation Pause) 154M->51M(189M) 1.172ms
[504.878s][info][gc] GC(7553) Pause Young (Normal) (G1 Evacuation Pause) 156M->53M(189M) 1.150ms
[504.949s][info][gc] GC(7554) Pause Young (Normal) (G1 Evacuation Pause) 156M->53M(189M) 1.615ms
[505.027s][info][gc] GC(7555) Pause Young (Normal) (G1 Evacuation Pause) 157M->53M(189M) 1.431ms
[505.104s][info][gc] GC(7556) Pause Young (Normal) (G1 Evacuation Pause) 158M->55M(189M) 1.223ms
[505.181s][info][gc] GC(7557) Pause Young (Normal) (G1 Evacuation Pause) 158M->56M(189M) 1.201ms
[505.247s][info][gc] GC(7558) Pause Young (Normal) (G1 Evacuation Pause) 160M->56M(189M) 1.101ms
[505.325s][info][gc] GC(7559) Pause Young (Normal) (G1 Evacuation Pause) 161M->58M(189M) 1.192ms
[505.398s][info][gc] GC(7560) Pause Young (Normal) (G1 Evacuation Pause) 161M->59M(189M) 1.237ms
[505.462s][info][gc] GC(7561) Pause Young (Normal) (G1 Evacuation Pause) 163M->59M(189M) 1.044ms
[505.538s][info][gc] GC(7562) Pause Young (Normal) (G1 Evacuation Pause) 163M->60M(189M) 1.025ms
[505.611s][info][gc] GC(7563) Pause Young (Normal) (G1 Evacuation Pause) 163M->61M(189M) 1.292ms
[505.686s][info][gc] GC(7564) Pause Young (Normal) (G1 Evacuation Pause) 164M->61M(189M) 1.236ms
[505.767s][info][gc] GC(7565) Pause Young (Normal) (G1 Evacuation Pause) 166M->63M(189M) 1.299ms
[505.840s][info][gc] GC(7566) Pause Young (Normal) (G1 Evacuation Pause) 166M->64M(189M) 1.159ms
[505.908s][info][gc] GC(7567) Pause Young (Normal) (G1 Evacuation Pause) 168M->63M(189M) 1.009ms
[505.987s][info][gc] GC(7568) Pause Young (Normal) (G1 Evacuation Pause) 168M->65M(189M) 1.111ms
[506.065s][info][gc] GC(7569) Pause Young (Normal) (G1 Evacuation Pause) 169M->67M(189M) 1.307ms
[506.135s][info][gc] GC(7570) Pause Young (Normal) (G1 Evacuation Pause) 168M->66M(189M) 1.569ms
[506.208s][info][gc] GC(7571) Pause Young (Normal) (G1 Evacuation Pause) 170M->68M(189M) 0.997ms
[506.276s][info][gc] GC(7572) Pause Young (Normal) (G1 Evacuation Pause) 168M->68M(189M) 1.089ms
[506.346s][info][gc] GC(7573) Pause Young (Normal) (G1 Evacuation Pause) 169M->69M(189M) 0.975ms
[506.420s][info][gc] GC(7574) Pause Young (Normal) (G1 Evacuation Pause) 170M->70M(189M) 1.113ms
[506.494s][info][gc] GC(7575) Pause Young (Normal) (G1 Evacuation Pause) 169M->71M(189M) 1.184ms
[506.561s][info][gc] GC(7576) Pause Young (Concurrent Start) (G1 Evacuation Pause) 168M->72M(189M) 1.077ms
[506.561s][info][gc] GC(7577) Concurrent Mark Cycle
[506.571s][info][gc] GC(7577) Pause Remark 79M->76M(189M) 0.408ms
[506.577s][info][gc] GC(7577) Pause Cleanup 81M->81M(189M) 0.053ms
[506.577s][info][gc] GC(7577) Concurrent Mark Cycle 15.738ms
[506.632s][info][gc] GC(7578) Pause Young (Prepare Mixed) (G1 Evacuation Pause) 165M->70M(189M) 1.196ms
[506.705s][info][gc] GC(7579) Pause Young (Mixed) (G1 Evacuation Pause) 168M->68M(189M) 1.017ms
[506.777s][info][gc] GC(7580) Pause Young (Normal) (G1 Evacuation Pause) 170M->70M(189M) 1.113ms
[506.851s][info][gc] GC(7581) Pause Young (Normal) (G1 Evacuation Pause) 169M->70M(189M) 1.154ms
[506.926s][info][gc] GC(7582) Pause Young (Normal) (G1 Evacuation Pause) 170M->71M(189M) 1.208ms
[506.998s][info][gc] GC(7583) Pause Young (Concurrent Start) (G1 Evacuation Pause) 168M->72M(189M) 1.211ms
[506.998s][info][gc] GC(7584) Concurrent Mark Cycle
[507.009s][info][gc] GC(7584) Pause Remark 89M->89M(189M) 0.530ms
[507.017s][info][gc] GC(7584) Pause Cleanup 100M->100M(189M) 0.052ms
[507.017s][info][gc] GC(7584) Concurrent Mark Cycle 19.356ms
[507.067s][info][gc] GC(7585) Pause Young (Prepare Mixed) (G1 Evacuation Pause) 168M->72M(189M) 1.044ms
[507.136s][info][gc] GC(7586) Pause Young (Mixed) (G1 Evacuation Pause) 171M->72M(189M) 1.250ms
[507.201s][info][gc] GC(7587) Pause Young (Concurrent Start) (G1 Evacuation Pause) 170M->73M(189M) 1.164ms
[507.202s][info][gc] GC(7588) Concurrent Mark Cycle
[507.212s][info][gc] GC(7588) Pause Remark 90M->90M(189M) 0.408ms
[507.219s][info][gc] GC(7588) Pause Cleanup 106M->106M(189M) 0.046ms
[507.220s][info][gc] GC(7588) Concurrent Mark Cycle 18.068ms
[507.266s][info][gc] GC(7589) Pause Young (Prepare Mixed) (G1 Evacuation Pause) 168M->73M(189M) 1.088ms
[507.329s][info][gc] GC(7590) Pause Young (Mixed) (G1 Evacuation Pause) 171M->73M(189M) 1.036ms
[507.396s][info][gc] GC(7591) Pause Young (Concurrent Start) (G1 Evacuation Pause) 170M->74M(189M) 1.040ms
[507.396s][info][gc] GC(7592) Concurrent Mark Cycle
[507.406s][info][gc] GC(7592) Pause Remark 86M->86M(189M) 0.425ms
[507.413s][info][gc] GC(7592) Pause Cleanup 98M->98M(189M) 0.049ms
[507.414s][info][gc] GC(7592) Concurrent Mark Cycle 17.341ms
[507.462s][info][gc] GC(7593) Pause Young (Prepare Mixed) (G1 Evacuation Pause) 169M->76M(189M) 1.045ms
[507.523s][info][gc] GC(7594) Pause Young (Mixed) (G1 Evacuation Pause) 169M->75M(189M) 1.079ms
[507.586s][info][gc] GC(7595) Pause Young (Concurrent Start) (G1 Evacuation Pause) 169M->76M(189M) 1.072ms
[507.586s][info][gc] GC(7596) Concurrent Mark Cycle
[507.596s][info][gc] GC(7596) Pause Remark 95M->95M(189M) 0.411ms
[507.604s][info][gc] GC(7596) Pause Cleanup 104M->104M(189M) 0.063ms
[507.604s][info][gc] GC(7596) Concurrent Mark Cycle 18.271ms
[507.663s][info][gc] GC(7597) Pause Young (Prepare Mixed) (G1 Evacuation Pause) 169M->75M(189M) 0.900ms
[507.834s][info][gc] GC(7598) Pause Young (Mixed) (G1 Evacuation Pause) 172M->78M(189M) 1.324ms
[507.888s][info][gc] GC(7599) Pause Young (Concurrent Start) (G1 Evacuation Pause) 169M->79M(189M) 1.310ms
[507.888s][info][gc] GC(7600) Concurrent Mark Cycle
[507.892s][info][gc] GC(7600) Pause Remark 86M->55M(164M) 0.410ms
[507.894s][info][gc] GC(7600) Pause Cleanup 57M->57M(164M) 0.055ms
[507.894s][info][gc] GC(7600) Concurrent Mark Cycle 6.530ms
[507.954s][info][gc] GC(7601) Pause Young (Prepare Mixed) (G1 Evacuation Pause) 138M->48M(164M) 1.112ms
[508.020s][info][gc] GC(7602) Pause Young (Mixed) (G1 Evacuation Pause) 138M->46M(164M) 1.205ms
[508.072s][info][gc] GC(7603) Pause Young (Normal) (G1 Evacuation Pause) 136M->47M(164M) 1.099ms
[508.135s][info][gc] GC(7604) Pause Young (Normal) (G1 Evacuation Pause) 137M->48M(164M) 1.210ms
[508.192s][info][gc] GC(7605) Pause Young (Normal) (G1 Evacuation Pause) 138M->48M(164M) 1.068ms
[508.260s][info][gc] GC(7606) Pause Young (Normal) (G1 Evacuation Pause) 139M->49M(164M) 1.050ms
[508.324s][info][gc] GC(7607) Pause Young (Normal) (G1 Evacuation Pause) 139M->50M(164M) 1.032ms
[508.380s][info][gc] GC(7608) Pause Young (Normal) (G1 Evacuation Pause) 140M->51M(164M) 0.981ms
[508.444s][info][gc] GC(7609) Pause Young (Normal) (G1 Evacuation Pause) 141M->52M(164M) 1.051ms
[508.499s][info][gc] GC(7610) Pause Young (Normal) (G1 Evacuation Pause) 142M->53M(164M) 1.037ms
[508.563s][info][gc] GC(7611) Pause Young (Normal) (G1 Evacuation Pause) 143M->53M(164M) 1.028ms
[508.614s][info][gc] GC(7612) Pause Young (Normal) (G1 Evacuation Pause) 143M->53M(164M) 0.927ms
[508.680s][info][gc] GC(7613) Pause Young (Normal) (G1 Evacuation Pause) 144M->55M(164M) 1.023ms
[508.742s][info][gc] GC(7614) Pause Young (Normal) (G1 Evacuation Pause) 144M->55M(164M) 1.066ms
[508.798s][info][gc] GC(7615) Pause Young (Normal) (G1 Evacuation Pause) 145M->56M(164M) 1.048ms
[508.862s][info][gc] GC(7616) Pause Young (Normal) (G1 Evacuation Pause) 145M->57M(164M) 1.028ms
[508.918s][info][gc] GC(7617) Pause Young (Normal) (G1 Evacuation Pause) 146M->58M(164M) 1.088ms
[508.980s][info][gc] GC(7618) Pause Young (Normal) (G1 Evacuation Pause) 146M->58M(164M) 1.055ms
[509.037s][info][gc] GC(7619) Pause Young (Normal) (G1 Evacuation Pause) 146M->58M(164M) 0.988ms
[509.099s][info][gc] GC(7620) Pause Young (Normal) (G1 Evacuation Pause) 146M->60M(164M) 1.094ms
[509.156s][info][gc] GC(7621) Pause Young (Normal) (G1 Evacuation Pause) 146M->60M(164M) 1.007ms
[509.214s][info][gc] GC(7622) Pause Young (Concurrent Start) (G1 Evacuation Pause) 146M->61M(164M) 0.990ms
[509.214s][info][gc] GC(7623) Concurrent Mark Cycle
[509.221s][info][gc] GC(7623) Pause Remark 75M->73M(164M) 0.395ms
[509.226s][info][gc] GC(7623) Pause Cleanup 81M->81M(164M) 0.070ms
[509.226s][info][gc] GC(7623) Concurrent Mark Cycle 11.863ms
[509.273s][info][gc] GC(7624) Pause Young (Prepare Mixed) (G1 Evacuation Pause) 142M->59M(164M) 1.059ms
[509.325s][info][gc] GC(7625) Pause Young (Mixed) (G1 Evacuation Pause) 147M->57M(164M) 0.956ms
[509.389s][info][gc] GC(7626) Pause Young (Normal) (G1 Evacuation Pause) 147M->58M(164M) 1.072ms
[509.450s][info][gc] GC(7627) Pause Young (Normal) (G1 Evacuation Pause) 146M->58M(164M) 1.124ms
[509.507s][info][gc] GC(7628) Pause Young (Normal) (G1 Evacuation Pause) 146M->59M(164M) 1.019ms
[509.566s][info][gc] GC(7629) Pause Young (Normal) (G1 Evacuation Pause) 145M->60M(164M) 1.136ms
[509.624s][info][gc] GC(7630) Pause Young (Normal) (G1 Evacuation Pause) 145M->61M(164M) 0.995ms
[509.683s][info][gc] GC(7631) Pause Young (Concurrent Start) (G1 Evacuation Pause) 147M->61M(164M) 0.984ms
[509.683s][info][gc] GC(7632) Concurrent Mark Cycle
[509.691s][info][gc] GC(7632) Pause Remark 70M->70M(164M) 0.410ms
[509.697s][info][gc] GC(7632) Pause Cleanup 79M->79M(164M) 0.048ms
[509.697s][info][gc] GC(7632) Concurrent Mark Cycle 13.723ms
[509.738s][info][gc] GC(7633) Pause Young (Prepare Mixed) (G1 Evacuation Pause) 146M->62M(164M) 1.115ms
[509.798s][info][gc] GC(7634) Pause Young (Mixed) (G1 Evacuation Pause) 147M->61M(164M) 1.014ms
[509.850s][info][gc] GC(7635) Pause Young (Concurrent Start) (G1 Evacuation Pause) 147M->61M(164M) 0.818ms
[509.850s][info][gc] GC(7636) Concurrent Mark Cycle
[509.858s][info][gc] GC(7636) Pause Remark 67M->67M(164M) 0.412ms
[509.864s][info][gc] GC(7636) Pause Cleanup 72M->72M(164M) 0.075ms
[509.864s][info][gc] GC(7636) Concurrent Mark Cycle 13.762ms
[509.918s][info][gc] GC(7637) Pause Young (Prepare Mixed) (G1 Evacuation Pause) 148M->63M(164M) 1.429ms
[509.971s][info][gc] GC(7638) Pause Young (Mixed) (G1 Evacuation Pause) 146M->62M(164M) 1.121ms
[510.027s][info][gc] GC(7639) Pause Young (Concurrent Start) (G1 Evacuation Pause) 147M->63M(164M) 0.975ms
[510.028s][info][gc] GC(7640) Concurrent Mark Cycle
[510.035s][info][gc] GC(7640) Pause Remark 74M->74M(164M) 0.407ms
[510.042s][info][gc] GC(7640) Pause Cleanup 83M->83M(164M) 0.050ms
[510.042s][info][gc] GC(7640) Concurrent Mark Cycle 14.831ms
[510.087s][info][gc] GC(7641) Pause Young (Prepare Mixed) (G1 Evacuation Pause) 146M->64M(164M) 1.033ms
[510.147s][info][gc] GC(7642) Pause Young (Mixed) (G1 Evacuation Pause) 146M->64M(164M) 1.174ms
[510.207s][info][gc] GC(7643) Pause Young (Concurrent Start) (G1 Evacuation Pause) 146M->64M(164M) 1.244ms
[510.207s][info][gc] GC(7644) Concurrent Mark Cycle
[510.218s][info][gc] GC(7644) Pause Remark 77M->77M(164M) 0.425ms
[510.225s][info][gc] GC(7644) Pause Cleanup 87M->87M(164M) 0.047ms
[510.225s][info][gc] GC(7644) Concurrent Mark Cycle 18.319ms
[510.270s][info][gc] GC(7645) Pause Young (Prepare Mixed) (G1 Evacuation Pause) 147M->65M(164M) 1.103ms
[510.337s][info][gc] GC(7646) Pause Young (Mixed) (G1 Evacuation Pause) 146M->64M(164M) 1.211ms
[510.393s][info][gc] GC(7647) Pause Young (Concurrent Start) (G1 Evacuation Pause) 146M->65M(164M) 0.954ms
[510.393s][info][gc] GC(7648) Concurrent Mark Cycle
[510.404s][info][gc] GC(7648) Pause Remark 82M->82M(164M) 0.460ms
[510.411s][info][gc] GC(7648) Pause Cleanup 95M->95M(164M) 0.071ms
[510.412s][info][gc] GC(7648) Concurrent Mark Cycle 18.576ms
[510.454s][info][gc] GC(7649) Pause Young (Prepare Mixed) (G1 Evacuation Pause) 147M->65M(164M) 1.066ms
[510.514s][info][gc] GC(7650) Pause Young (Mixed) (G1 Evacuation Pause) 148M->66M(164M) 1.148ms
[510.577s][info][gc] GC(7651) Pause Young (Concurrent Start) (G1 Evacuation Pause) 145M->67M(164M) 1.040ms
[510.577s][info][gc] GC(7652) Concurrent Mark Cycle
[510.586s][info][gc] GC(7652) Pause Remark 84M->84M(164M) 0.499ms
[510.593s][info][gc] GC(7652) Pause Cleanup 93M->93M(164M) 0.050ms
[510.593s][info][gc] GC(7652) Concurrent Mark Cycle 16.709ms
[510.627s][info][gc] GC(7653) Pause Young (Prepare Mixed) (G1 Evacuation Pause) 146M->68M(164M) 0.938ms
[510.689s][info][gc] GC(7654) Pause Young (Mixed) (G1 Evacuation Pause) 149M->67M(164M) 1.083ms
[510.740s][info][gc] GC(7655) Pause Young (Concurrent Start) (G1 Evacuation Pause) 148M->69M(164M) 0.981ms
[510.740s][info][gc] GC(7656) Concurrent Mark Cycle
[510.750s][info][gc] GC(7656) Pause Remark 80M->80M(164M) 0.468ms
[510.757s][info][gc] GC(7656) Pause Cleanup 85M->85M(164M) 0.037ms
[510.757s][info][gc] GC(7656) Concurrent Mark Cycle 16.810ms
[510.800s][info][gc] GC(7657) Pause Young (Prepare Mixed) (G1 Evacuation Pause) 147M->69M(164M) 0.964ms
[510.848s][info][gc] GC(7658) Pause Young (Mixed) (G1 Evacuation Pause) 146M->69M(164M) 0.950ms
[510.910s][info][gc] GC(7659) Pause Young (Concurrent Start) (G1 Evacuation Pause) 148M->71M(164M) 0.981ms
[510.911s][info][gc] GC(7660) Concurrent Mark Cycle
[510.921s][info][gc] GC(7660) Pause Remark 90M->90M(164M) 0.402ms
[510.929s][info][gc] GC(7660) Pause Cleanup 102M->102M(164M) 0.045ms
[510.929s][info][gc] GC(7660) Concurrent Mark Cycle 18.802ms
[510.957s][info][gc] GC(7661) Pause Young (Prepare Mixed) (G1 Evacuation Pause) 146M->71M(164M) 1.128ms
[511.016s][info][gc] GC(7662) Pause Young (Mixed) (G1 Evacuation Pause) 148M->72M(164M) 0.951ms
[511.061s][info][gc] GC(7663) Pause Young (Concurrent Start) (G1 Evacuation Pause) 147M->71M(164M) 0.906ms
[511.061s][info][gc] GC(7664) Concurrent Mark Cycle
[511.073s][info][gc] GC(7664) Pause Remark 81M->81M(164M) 0.437ms
[511.080s][info][gc] GC(7664) Pause Cleanup 88M->88M(164M) 0.045ms
[511.080s][info][gc] GC(7664) Concurrent Mark Cycle 18.330ms
[511.119s][info][gc] GC(7665) Pause Young (Prepare Mixed) (G1 Evacuation Pause) 147M->73M(164M) 1.042ms
[511.162s][info][gc] GC(7666) Pause Young (Mixed) (G1 Evacuation Pause) 147M->73M(164M) 1.000ms
[511.220s][info][gc] GC(7667) Pause Young (Concurrent Start) (G1 Evacuation Pause) 146M->74M(164M) 1.169ms
[511.220s][info][gc] GC(7668) Concurrent Mark Cycle
[511.231s][info][gc] GC(7668) Pause Remark 90M->90M(164M) 0.434ms
[511.239s][info][gc] GC(7668) Pause Cleanup 103M->103M(164M) 0.046ms
[511.239s][info][gc] GC(7668) Concurrent Mark Cycle 18.686ms
[511.266s][info][gc] GC(7669) Pause Young (Prepare Mixed) (G1 Evacuation Pause) 146M->75M(164M) 1.029ms
[511.358s][info][gc] GC(7670) Pause Young (Mixed) (G1 Evacuation Pause) 148M->74M(164M) 0.912ms
[511.500s][info][gc] GC(7671) Pause Young (Concurrent Start) (G1 Evacuation Pause) 148M->77M(164M) 1.121ms
[511.500s][info][gc] GC(7672) Concurrent Mark Cycle
[511.505s][info][gc] GC(7672) Pause Remark 84M->58M(164M) 0.401ms
[511.507s][info][gc] GC(7672) Pause Cleanup 62M->62M(164M) 0.045ms
[511.507s][info][gc] GC(7672) Concurrent Mark Cycle 6.313ms
[511.543s][info][gc] GC(7673) Pause Young (Prepare Mixed) (G1 Evacuation Pause) 119M->51M(164M) 1.173ms
[511.610s][info][gc] GC(7674) Pause Young (Mixed) (G1 Evacuation Pause) 143M->44M(164M) 1.058ms
[511.669s][info][gc] GC(7675) Pause Young (Normal) (G1 Evacuation Pause) 135M->46M(164M) 1.258ms
[511.736s][info][gc] GC(7676) Pause Young (Normal) (G1 Evacuation Pause) 136M->47M(164M) 1.310ms
[511.801s][info][gc] GC(7677) Pause Young (Normal) (G1 Evacuation Pause) 136M->47M(164M) 1.282ms
[511.859s][info][gc] GC(7678) Pause Young (Normal) (G1 Evacuation Pause) 138M->48M(164M) 0.987ms
[511.920s][info][gc] GC(7679) Pause Young (Normal) (G1 Evacuation Pause) 138M->48M(164M) 1.089ms
[511.977s][info][gc] GC(7680) Pause Young (Normal) (G1 Evacuation Pause) 138M->49M(164M) 1.024ms
[512.042s][info][gc] GC(7681) Pause Young (Normal) (G1 Evacuation Pause) 139M->50M(164M) 1.083ms
[512.093s][info][gc] GC(7682) Pause Young (Normal) (G1 Evacuation Pause) 140M->49M(164M) 1.050ms
[512.164s][info][gc] GC(7683) Pause Young (Normal) (G1 Evacuation Pause) 141M->51M(164M) 1.068ms
[512.227s][info][gc] GC(7684) Pause Young (Normal) (G1 Evacuation Pause) 141M->52M(164M) 1.033ms
[512.281s][info][gc] GC(7685) Pause Young (Normal) (G1 Evacuation Pause) 142M->53M(164M) 0.991ms
[512.343s][info][gc] GC(7686) Pause Young (Normal) (G1 Evacuation Pause) 143M->53M(164M) 0.984ms
[512.401s][info][gc] GC(7687) Pause Young (Normal) (G1 Evacuation Pause) 143M->54M(164M) 1.106ms
[512.465s][info][gc] GC(7688) Pause Young (Normal) (G1 Evacuation Pause) 144M->55M(164M) 1.020ms
[512.527s][info][gc] GC(7689) Pause Young (Normal) (G1 Evacuation Pause) 145M->55M(164M) 1.015ms
[512.583s][info][gc] GC(7690) Pause Young (Normal) (G1 Evacuation Pause) 145M->56M(164M) 0.943ms
[512.648s][info][gc] GC(7691) Pause Young (Normal) (G1 Evacuation Pause) 145M->58M(164M) 1.033ms
[512.698s][info][gc] GC(7692) Pause Young (Normal) (G1 Evacuation Pause) 145M->58M(164M) 0.974ms
[512.764s][info][gc] GC(7693) Pause Young (Normal) (G1 Evacuation Pause) 147M->59M(164M) 0.989ms
[512.817s][info][gc] GC(7694) Pause Young (Normal) (G1 Evacuation Pause) 144M->59M(164M) 0.994ms
[512.878s][info][gc] GC(7695) Pause Young (Normal) (G1 Evacuation Pause) 148M->60M(164M) 1.012ms
[512.933s][info][gc] GC(7696) Pause Young (Normal) (G1 Evacuation Pause) 147M->60M(164M) 0.985ms
[512.999s][info][gc] GC(7697) Pause Young (Concurrent Start) (G1 Evacuation Pause) 148M->62M(164M) 1.181ms
[512.999s][info][gc] GC(7698) Concurrent Mark Cycle
[513.008s][info][gc] GC(7698) Pause Remark 79M->78M(164M) 0.430ms
[513.013s][info][gc] GC(7698) Pause Cleanup 87M->87M(164M) 0.040ms
[513.013s][info][gc] GC(7698) Concurrent Mark Cycle 13.796ms
[513.057s][info][gc] GC(7699) Pause Young (Prepare Mixed) (G1 Evacuation Pause) 143M->61M(164M) 1.051ms
[513.109s][info][gc] GC(7700) Pause Young (Mixed) (G1 Evacuation Pause) 145M->59M(164M) 0.985ms
[513.173s][info][gc] GC(7701) Pause Young (Normal) (G1 Evacuation Pause) 147M->61M(164M) 1.004ms
[513.221s][info][gc] GC(7702) Pause Young (Normal) (G1 Evacuation Pause) 146M->60M(164M) 0.990ms
[513.282s][info][gc] GC(7703) Pause Young (Normal) (G1 Evacuation Pause) 148M->61M(164M) 0.972ms
[513.337s][info][gc] GC(7704) Pause Young (Normal) (G1 Evacuation Pause) 145M->62M(164M) 1.068ms
[513.397s][info][gc] GC(7705) Pause Young (Concurrent Start) (G1 Evacuation Pause) 147M->63M(164M) 1.007ms
[513.397s][info][gc] GC(7706) Concurrent Mark Cycle
[513.404s][info][gc] GC(7706) Pause Remark 76M->76M(164M) 0.394ms
[513.409s][info][gc] GC(7706) Pause Cleanup 83M->83M(164M) 0.049ms
[513.409s][info][gc] GC(7706) Concurrent Mark Cycle 12.298ms
[513.451s][info][gc] GC(7707) Pause Young (Prepare Mixed) (G1 Evacuation Pause) 147M->63M(164M) 0.924ms
[513.507s][info][gc] GC(7708) Pause Young (Mixed) (G1 Evacuation Pause) 146M->62M(164M) 0.941ms
[513.559s][info][gc] GC(7709) Pause Young (Concurrent Start) (G1 Evacuation Pause) 147M->64M(164M) 0.991ms
[513.559s][info][gc] GC(7710) Concurrent Mark Cycle
[513.566s][info][gc] GC(7710) Pause Remark 76M->76M(164M) 0.391ms
[513.571s][info][gc] GC(7710) Pause Cleanup 79M->79M(164M) 0.053ms
[513.571s][info][gc] GC(7710) Concurrent Mark Cycle 12.039ms
[513.618s][info][gc] GC(7711) Pause Young (Prepare Mixed) (G1 Evacuation Pause) 146M->64M(164M) 1.031ms
[513.670s][info][gc] GC(7712) Pause Young (Mixed) (G1 Evacuation Pause) 146M->63M(164M) 1.054ms
[513.729s][info][gc] GC(7713) Pause Young (Concurrent Start) (G1 Evacuation Pause) 146M->64M(164M) 1.016ms
[513.729s][info][gc] GC(7714) Concurrent Mark Cycle
[513.736s][info][gc] GC(7714) Pause Remark 75M->75M(164M) 0.412ms
[513.742s][info][gc] GC(7714) Pause Cleanup 85M->85M(164M) 0.072ms
[513.742s][info][gc] GC(7714) Concurrent Mark Cycle 13.304ms
[513.788s][info][gc] GC(7715) Pause Young (Prepare Mixed) (G1 Evacuation Pause) 145M->65M(164M) 1.000ms
[513.840s][info][gc] GC(7716) Pause Young (Mixed) (G1 Evacuation Pause) 147M->65M(164M) 0.971ms
[513.898s][info][gc] GC(7717) Pause Young (Concurrent Start) (G1 Evacuation Pause) 146M->65M(164M) 0.993ms
[513.898s][info][gc] GC(7718) Concurrent Mark Cycle
[513.906s][info][gc] GC(7718) Pause Remark 80M->80M(164M) 0.415ms
[513.912s][info][gc] GC(7718) Pause Cleanup 92M->92M(164M) 0.049ms
[513.912s][info][gc] GC(7718) Concurrent Mark Cycle 14.479ms
[513.952s][info][gc] GC(7719) Pause Young (Prepare Mixed) (G1 Evacuation Pause) 146M->66M(164M) 0.924ms
[514.006s][info][gc] GC(7720) Pause Young (Mixed) (G1 Evacuation Pause) 147M->66M(164M) 1.028ms
[514.060s][info][gc] GC(7721) Pause Young (Concurrent Start) (G1 Evacuation Pause) 147M->66M(164M) 0.916ms
[514.060s][info][gc] GC(7722) Concurrent Mark Cycle
[514.067s][info][gc] GC(7722) Pause Remark 77M->77M(164M) 0.417ms
[514.075s][info][gc] GC(7722) Pause Cleanup 89M->89M(164M) 0.043ms
[514.075s][info][gc] GC(7722) Concurrent Mark Cycle 14.823ms
[514.119s][info][gc] GC(7723) Pause Young (Prepare Mixed) (G1 Evacuation Pause) 146M->67M(164M) 1.028ms
[514.165s][info][gc] GC(7724) Pause Young (Mixed) (G1 Evacuation Pause) 145M->66M(164M) 0.982ms
[514.223s][info][gc] GC(7725) Pause Young (Concurrent Start) (G1 Evacuation Pause) 147M->67M(164M) 0.980ms
[514.223s][info][gc] GC(7726) Concurrent Mark Cycle
[514.231s][info][gc] GC(7726) Pause Remark 81M->81M(164M) 0.431ms
[514.239s][info][gc] GC(7726) Pause Cleanup 95M->95M(164M) 0.033ms
[514.239s][info][gc] GC(7726) Concurrent Mark Cycle 16.261ms
[514.272s][info][gc] GC(7727) Pause Young (Prepare Mixed) (G1 Evacuation Pause) 146M->68M(164M) 0.986ms
[514.327s][info][gc] GC(7728) Pause Young (Mixed) (G1 Evacuation Pause) 147M->68M(164M) 1.045ms
[514.377s][info][gc] GC(7729) Pause Young (Concurrent Start) (G1 Evacuation Pause) 146M->69M(164M) 0.929ms
[514.377s][info][gc] GC(7730) Concurrent Mark Cycle
[514.386s][info][gc] GC(7730) Pause Remark 80M->80M(164M) 0.452ms
[514.393s][info][gc] GC(7730) Pause Cleanup 94M->94M(164M) 0.049ms
[514.394s][info][gc] GC(7730) Concurrent Mark Cycle 16.057ms
[514.436s][info][gc] GC(7731) Pause Young (Prepare Mixed) (G1 Evacuation Pause) 147M->70M(164M) 1.093ms
[514.486s][info][gc] GC(7732) Pause Young (Mixed) (G1 Evacuation Pause) 147M->71M(164M) 1.069ms
[514.540s][info][gc] GC(7733) Pause Young (Concurrent Start) (G1 Evacuation Pause) 147M->71M(164M) 1.035ms
[514.540s][info][gc] GC(7734) Concurrent Mark Cycle
[514.548s][info][gc] GC(7734) Pause Remark 86M->86M(164M) 0.424ms
[514.557s][info][gc] GC(7734) Pause Cleanup 99M->99M(164M) 0.048ms
[514.557s][info][gc] GC(7734) Concurrent Mark Cycle 17.333ms
[514.591s][info][gc] GC(7735) Pause Young (Prepare Mixed) (G1 Evacuation Pause) 147M->72M(164M) 1.094ms
[514.651s][info][gc] GC(7736) Pause Young (Mixed) (G1 Evacuation Pause) 147M->72M(164M) 1.053ms
[514.704s][info][gc] GC(7737) Pause Young (Concurrent Start) (G1 Evacuation Pause) 146M->72M(164M) 0.939ms
[514.704s][info][gc] GC(7738) Concurrent Mark Cycle
[514.714s][info][gc] GC(7738) Pause Remark 84M->84M(164M) 0.464ms
[514.725s][info][gc] GC(7738) Pause Cleanup 102M->102M(164M) 0.054ms
[514.725s][info][gc] GC(7738) Concurrent Mark Cycle 20.985ms
[514.763s][info][gc] GC(7739) Pause Young (Prepare Mixed) (G1 Evacuation Pause) 148M->73M(164M) 1.014ms
[514.815s][info][gc] GC(7740) Pause Young (Mixed) (G1 Evacuation Pause) 147M->74M(197M) 1.265ms
[514.894s][info][gc] GC(7741) Pause Young (Normal) (G1 Evacuation Pause) 178M->74M(197M) 0.983ms
[514.971s][info][gc] GC(7742) Pause Young (Normal) (G1 Evacuation Pause) 178M->74M(197M) 1.014ms
[515.147s][info][gc] GC(7743) Pause Young (Concurrent Start) (G1 Evacuation Pause) 178M->77M(197M) 1.117ms
[515.147s][info][gc] GC(7744) Concurrent Mark Cycle
[515.153s][info][gc] GC(7744) Pause Remark 86M->61M(177M) 0.399ms
[515.155s][info][gc] GC(7744) Pause Cleanup 64M->64M(177M) 0.048ms
[515.155s][info][gc] GC(7744) Concurrent Mark Cycle 7.641ms
[515.203s][info][gc] GC(7745) Pause Young (Prepare Mixed) (G1 Evacuation Pause) 148M->52M(177M) 1.211ms
[515.277s][info][gc] GC(7746) Pause Young (Mixed) (G1 Evacuation Pause) 150M->48M(177M) 1.111ms
[515.344s][info][gc] GC(7747) Pause Young (Normal) (G1 Evacuation Pause) 145M->49M(177M) 1.185ms
[515.403s][info][gc] GC(7748) Pause Young (Normal) (G1 Evacuation Pause) 147M->50M(177M) 1.130ms
[515.471s][info][gc] GC(7749) Pause Young (Normal) (G1 Evacuation Pause) 147M->50M(177M) 1.185ms
[515.547s][info][gc] GC(7750) Pause Young (Normal) (G1 Evacuation Pause) 148M->51M(177M) 1.248ms
[515.611s][info][gc] GC(7751) Pause Young (Normal) (G1 Evacuation Pause) 149M->52M(177M) 1.087ms
[515.688s][info][gc] GC(7752) Pause Young (Normal) (G1 Evacuation Pause) 149M->53M(177M) 1.091ms
[515.762s][info][gc] GC(7753) Pause Young (Normal) (G1 Evacuation Pause) 150M->53M(177M) 1.103ms
[515.829s][info][gc] GC(7754) Pause Young (Normal) (G1 Evacuation Pause) 151M->54M(177M) 1.061ms
[515.901s][info][gc] GC(7755) Pause Young (Normal) (G1 Evacuation Pause) 152M->55M(177M) 1.212ms
[515.973s][info][gc] GC(7756) Pause Young (Normal) (G1 Evacuation Pause) 152M->55M(177M) 1.132ms
[516.043s][info][gc] GC(7757) Pause Young (Normal) (G1 Evacuation Pause) 154M->57M(177M) 1.096ms
[516.110s][info][gc] GC(7758) Pause Young (Normal) (G1 Evacuation Pause) 154M->58M(177M) 1.126ms
[516.172s][info][gc] GC(7759) Pause Young (Normal) (G1 Evacuation Pause) 155M->58M(177M) 1.162ms
[516.244s][info][gc] GC(7760) Pause Young (Normal) (G1 Evacuation Pause) 155M->59M(177M) 1.041ms
[516.308s][info][gc] GC(7761) Pause Young (Normal) (G1 Evacuation Pause) 156M->60M(177M) 1.148ms
[516.370s][info][gc] GC(7762) Pause Young (Normal) (G1 Evacuation Pause) 158M->61M(177M) 1.152ms
[516.436s][info][gc] GC(7763) Pause Young (Normal) (G1 Evacuation Pause) 156M->62M(177M) 1.024ms
[516.501s][info][gc] GC(7764) Pause Young (Normal) (G1 Evacuation Pause) 158M->62M(177M) 0.970ms
[516.562s][info][gc] GC(7765) Pause Young (Normal) (G1 Evacuation Pause) 159M->63M(177M) 1.024ms
[516.634s][info][gc] GC(7766) Pause Young (Normal) (G1 Evacuation Pause) 156M->65M(177M) 1.090ms
[516.689s][info][gc] GC(7767) Pause Young (Normal) (G1 Evacuation Pause) 158M->65M(177M) 1.033ms
[516.756s][info][gc] GC(7768) Pause Young (Normal) (G1 Evacuation Pause) 157M->65M(177M) 1.002ms
[516.822s][info][gc] GC(7769) Pause Young (Normal) (G1 Evacuation Pause) 159M->67M(177M) 1.057ms
[516.878s][info][gc] GC(7770) Pause Young (Concurrent Start) (G1 Evacuation Pause) 158M->67M(177M) 1.046ms
[516.878s][info][gc] GC(7771) Concurrent Mark Cycle
[516.884s][info][gc] GC(7771) Pause Remark 78M->72M(177M) 0.440ms
[516.889s][info][gc] GC(7771) Pause Cleanup 80M->80M(177M) 0.049ms
[516.889s][info][gc] GC(7771) Concurrent Mark Cycle 11.574ms
[516.943s][info][gc] GC(7772) Pause Young (Prepare Mixed) (G1 Evacuation Pause) 151M->62M(177M) 1.038ms
[517.002s][info][gc] GC(7773) Pause Young (Mixed) (G1 Evacuation Pause) 157M->61M(177M) 1.007ms
[517.073s][info][gc] GC(7774) Pause Young (Normal) (G1 Evacuation Pause) 158M->62M(177M) 1.067ms
[517.142s][info][gc] GC(7775) Pause Young (Normal) (G1 Evacuation Pause) 156M->63M(177M) 1.089ms
[517.197s][info][gc] GC(7776) Pause Young (Normal) (G1 Evacuation Pause) 158M->63M(177M) 1.038ms
[517.262s][info][gc] GC(7777) Pause Young (Normal) (G1 Evacuation Pause) 157M->64M(177M) 1.021ms
[517.319s][info][gc] GC(7778) Pause Young (Normal) (G1 Evacuation Pause) 158M->65M(177M) 1.009ms
[517.383s][info][gc] GC(7779) Pause Young (Normal) (G1 Evacuation Pause) 157M->66M(177M) 1.161ms
[517.449s][info][gc] GC(7780) Pause Young (Normal) (G1 Evacuation Pause) 158M->66M(177M) 1.018ms
[517.507s][info][gc] GC(7781) Pause Young (Normal) (G1 Evacuation Pause) 158M->67M(177M) 1.049ms
[517.571s][info][gc] GC(7782) Pause Young (Concurrent Start) (G1 Evacuation Pause) 158M->68M(177M) 1.110ms
[517.571s][info][gc] GC(7783) Concurrent Mark Cycle
[517.579s][info][gc] GC(7783) Pause Remark 80M->80M(177M) 0.417ms
[517.585s][info][gc] GC(7783) Pause Cleanup 87M->87M(177M) 0.065ms
[517.585s][info][gc] GC(7783) Concurrent Mark Cycle 14.016ms
[517.627s][info][gc] GC(7784) Pause Young (Prepare Mixed) (G1 Evacuation Pause) 157M->69M(177M) 1.017ms
[517.693s][info][gc] GC(7785) Pause Young (Mixed) (G1 Evacuation Pause) 159M->68M(177M) 0.988ms
[517.761s][info][gc] GC(7786) Pause Young (Concurrent Start) (G1 Evacuation Pause) 158M->69M(177M) 1.046ms
[517.761s][info][gc] GC(7787) Concurrent Mark Cycle
[517.768s][info][gc] GC(7787) Pause Remark 81M->81M(177M) 0.436ms
[517.775s][info][gc] GC(7787) Pause Cleanup 94M->94M(177M) 0.051ms
[517.775s][info][gc] GC(7787) Concurrent Mark Cycle 14.588ms
[517.814s][info][gc] GC(7788) Pause Young (Prepare Mixed) (G1 Evacuation Pause) 158M->69M(177M) 1.011ms
[517.876s][info][gc] GC(7789) Pause Young (Mixed) (G1 Evacuation Pause) 159M->68M(177M) 1.013ms
[517.934s][info][gc] GC(7790) Pause Young (Concurrent Start) (G1 Evacuation Pause) 157M->70M(177M) 1.017ms
[517.934s][info][gc] GC(7791) Concurrent Mark Cycle
[517.942s][info][gc] GC(7791) Pause Remark 87M->87M(177M) 0.383ms
[517.949s][info][gc] GC(7791) Pause Cleanup 96M->96M(177M) 0.045ms
[517.949s][info][gc] GC(7791) Concurrent Mark Cycle 14.909ms
[517.998s][info][gc] GC(7792) Pause Young (Prepare Mixed) (G1 Evacuation Pause) 158M->70M(177M) 1.040ms
[518.048s][info][gc] GC(7793) Pause Young (Mixed) (G1 Evacuation Pause) 157M->70M(177M) 0.947ms
[518.115s][info][gc] GC(7794) Pause Young (Concurrent Start) (G1 Evacuation Pause) 159M->70M(177M) 1.032ms
[518.115s][info][gc] GC(7795) Concurrent Mark Cycle
[518.123s][info][gc] GC(7795) Pause Remark 81M->81M(177M) 0.421ms
[518.131s][info][gc] GC(7795) Pause Cleanup 96M->96M(177M) 0.062ms
[518.131s][info][gc] GC(7795) Concurrent Mark Cycle 15.559ms
[518.174s][info][gc] GC(7796) Pause Young (Prepare Mixed) (G1 Evacuation Pause) 157M->71M(177M) 0.969ms
[518.232s][info][gc] GC(7797) Pause Young (Mixed) (G1 Evacuation Pause) 159M->72M(177M) 1.113ms
[518.291s][info][gc] GC(7798) Pause Young (Concurrent Start) (G1 Evacuation Pause) 158M->72M(177M) 0.983ms
[518.291s][info][gc] GC(7799) Concurrent Mark Cycle
[518.300s][info][gc] GC(7799) Pause Remark 89M->89M(177M) 0.382ms
[518.309s][info][gc] GC(7799) Pause Cleanup 103M->103M(177M) 0.039ms
[518.309s][info][gc] GC(7799) Concurrent Mark Cycle 17.877ms
[518.347s][info][gc] GC(7800) Pause Young (Prepare Mixed) (G1 Evacuation Pause) 158M->74M(177M) 1.013ms
[518.403s][info][gc] GC(7801) Pause Young (Mixed) (G1 Evacuation Pause) 158M->73M(177M) 1.094ms
[518.455s][info][gc] GC(7802) Pause Young (Concurrent Start) (G1 Evacuation Pause) 158M->74M(177M) 0.918ms
[518.455s][info][gc] GC(7803) Concurrent Mark Cycle
[518.464s][info][gc] GC(7803) Pause Remark 90M->90M(177M) 0.431ms
[518.472s][info][gc] GC(7803) Pause Cleanup 98M->98M(177M) 0.032ms
[518.472s][info][gc] GC(7803) Concurrent Mark Cycle 16.696ms
[518.518s][info][gc] GC(7804) Pause Young (Prepare Mixed) (G1 Evacuation Pause) 159M->75M(177M) 1.016ms
[518.570s][info][gc] GC(7805) Pause Young (Mixed) (G1 Evacuation Pause) 159M->75M(177M) 1.150ms
[518.750s][info][gc] GC(7806) Pause Young (Concurrent Start) (G1 Evacuation Pause) 158M->78M(177M) 1.318ms
[518.750s][info][gc] GC(7807) Concurrent Mark Cycle
[518.758s][info][gc] GC(7807) Pause Remark 86M->57M(167M) 0.460ms
[518.760s][info][gc] GC(7807) Pause Cleanup 58M->58M(167M) 0.051ms
[518.760s][info][gc] GC(7807) Concurrent Mark Cycle 9.740ms
[518.796s][info][gc] GC(7808) Pause Young (Prepare Mixed) (G1 Evacuation Pause) 127M->55M(167M) 1.704ms
[518.820s][info][gc] GC(7809) Pause Young (Mixed) (G1 Evacuation Pause) 144M->54M(167M) 1.649ms
[518.846s][info][gc] GC(7810) Pause Young (Normal) (G1 Evacuation Pause) 146M->54M(167M) 1.173ms
[518.874s][info][gc] GC(7811) Pause Young (Normal) (G1 Evacuation Pause) 146M->55M(212M) 1.225ms
[518.924s][info][gc] GC(7812) Pause Young (Normal) (G1 Evacuation Pause) 177M->60M(212M) 1.387ms
[518.956s][info][gc] GC(7813) Pause Young (Normal) (G1 Evacuation Pause) 176M->61M(212M) 1.292ms
[518.991s][info][gc] GC(7814) Pause Young (Normal) (G1 Evacuation Pause) 178M->62M(212M) 1.308ms
[519.024s][info][gc] GC(7815) Pause Young (Normal) (G1 Evacuation Pause) 179M->62M(212M) 1.269ms
[519.074s][info][gc] GC(7816) Pause Young (Normal) (G1 Evacuation Pause) 182M->66M(245M) 1.353ms
[519.114s][info][gc] GC(7817) Pause Young (Normal) (G1 Evacuation Pause) 202M->68M(245M) 1.430ms
[519.155s][info][gc] GC(7818) Pause Young (Normal) (G1 Evacuation Pause) 203M->69M(245M) 1.381ms
[519.208s][info][gc] GC(7819) Pause Young (Normal) (G1 Evacuation Pause) 205M->70M(245M) 1.435ms
[519.248s][info][gc] GC(7820) Pause Young (Normal) (G1 Evacuation Pause) 206M->71M(245M) 1.465ms
[519.286s][info][gc] GC(7821) Pause Young (Normal) (G1 Evacuation Pause) 206M->72M(245M) 1.374ms
[519.338s][info][gc] GC(7822) Pause Young (Normal) (G1 Evacuation Pause) 207M->74M(245M) 1.436ms
[519.377s][info][gc] GC(7823) Pause Young (Normal) (G1 Evacuation Pause) 209M->74M(245M) 1.360ms
[519.419s][info][gc] GC(7824) Pause Young (Normal) (G1 Evacuation Pause) 209M->75M(245M) 1.503ms
[519.468s][info][gc] GC(7825) Pause Young (Normal) (G1 Evacuation Pause) 211M->75M(245M) 1.550ms
[519.510s][info][gc] GC(7826) Pause Young (Normal) (G1 Evacuation Pause) 212M->78M(245M) 1.627ms
[519.550s][info][gc] GC(7827) Pause Young (Normal) (G1 Evacuation Pause) 212M->78M(245M) 1.450ms
[519.596s][info][gc] GC(7828) Pause Young (Normal) (G1 Evacuation Pause) 214M->78M(245M) 1.397ms
[519.640s][info][gc] GC(7829) Pause Young (Normal) (G1 Evacuation Pause) 215M->81M(245M) 1.427ms
[519.686s][info][gc] GC(7830) Pause Young (Normal) (G1 Evacuation Pause) 216M->82M(245M) 1.757ms
[519.738s][info][gc] GC(7831) Pause Young (Normal) (G1 Evacuation Pause) 218M->81M(245M) 1.538ms
[519.784s][info][gc] GC(7832) Pause Young (Normal) (G1 Evacuation Pause) 218M->84M(245M) 1.472ms
[519.823s][info][gc] GC(7833) Pause Young (Normal) (G1 Evacuation Pause) 217M->85M(245M) 1.486ms
[519.869s][info][gc] GC(7834) Pause Young (Normal) (G1 Evacuation Pause) 219M->86M(245M) 1.493ms
[519.913s][info][gc] GC(7835) Pause Young (Normal) (G1 Evacuation Pause) 219M->86M(245M) 1.328ms
[519.955s][info][gc] GC(7836) Pause Young (Normal) (G1 Evacuation Pause) 218M->88M(245M) 1.422ms
[519.997s][info][gc] GC(7837) Pause Young (Normal) (G1 Evacuation Pause) 219M->89M(245M) 1.389ms
[520.042s][info][gc] GC(7838) Pause Young (Normal) (G1 Evacuation Pause) 219M->90M(245M) 1.459ms
[520.080s][info][gc] GC(7839) Pause Young (Concurrent Start) (G1 Evacuation Pause) 219M->92M(245M) 1.428ms
[520.080s][info][gc] GC(7840) Concurrent Mark Cycle
[520.093s][info][gc] GC(7840) Pause Remark 127M->124M(245M) 0.418ms
[520.101s][info][gc] GC(7840) Pause Cleanup 148M->148M(245M) 0.061ms
[520.101s][info][gc] GC(7840) Concurrent Mark Cycle 20.689ms
[520.125s][info][gc] GC(7841) Pause Young (Prepare Mixed) (G1 Evacuation Pause) 216M->89M(245M) 1.495ms
[520.171s][info][gc] GC(7842) Pause Young (Mixed) (G1 Evacuation Pause) 220M->84M(245M) 1.358ms
[520.213s][info][gc] GC(7843) Pause Young (Normal) (G1 Evacuation Pause) 221M->86M(245M) 1.385ms
[520.253s][info][gc] GC(7844) Pause Young (Normal) (G1 Evacuation Pause) 219M->86M(245M) 1.478ms
[520.300s][info][gc] GC(7845) Pause Young (Normal) (G1 Evacuation Pause) 221M->88M(245M) 1.418ms
[520.344s][info][gc] GC(7846) Pause Young (Normal) (G1 Evacuation Pause) 219M->90M(245M) 1.575ms
[520.383s][info][gc] GC(7847) Pause Young (Normal) (G1 Evacuation Pause) 219M->90M(245M) 1.508ms
[520.426s][info][gc] GC(7848) Pause Young (Concurrent Start) (G1 Evacuation Pause) 222M->91M(245M) 1.352ms
[520.426s][info][gc] GC(7849) Concurrent Mark Cycle
[520.450s][info][gc] GC(7849) Pause Remark 162M->162M(245M) 0.397ms
[520.459s][info][gc] GC(7849) Pause Cleanup 181M->181M(245M) 0.062ms
[520.459s][info][gc] GC(7849) Concurrent Mark Cycle 33.009ms
[520.472s][info][gc] GC(7850) Pause Young (Prepare Mixed) (G1 Evacuation Pause) 219M->93M(245M) 1.442ms
[520.509s][info][gc] GC(7851) Pause Young (Mixed) (G1 Evacuation Pause) 220M->90M(245M) 1.274ms
[520.554s][info][gc] GC(7852) Pause Young (Concurrent Start) (G1 Evacuation Pause) 222M->93M(245M) 1.550ms
[520.554s][info][gc] GC(7853) Concurrent Mark Cycle
[520.575s][info][gc] GC(7853) Pause Remark 158M->158M(245M) 0.430ms
[520.586s][info][gc] GC(7853) Pause Cleanup 175M->175M(245M) 0.052ms
[520.586s][info][gc] GC(7853) Concurrent Mark Cycle 32.389ms
[520.601s][info][gc] GC(7854) Pause Young (Prepare Mixed) (G1 Evacuation Pause) 219M->94M(245M) 1.483ms
[520.637s][info][gc] GC(7855) Pause Young (Mixed) (G1 Evacuation Pause) 220M->92M(245M) 1.512ms
[520.682s][info][gc] GC(7856) Pause Young (Concurrent Start) (G1 Evacuation Pause) 221M->93M(245M) 1.383ms
[520.683s][info][gc] GC(7857) Concurrent Mark Cycle
[520.700s][info][gc] GC(7857) Pause Remark 141M->141M(245M) 0.444ms
[520.712s][info][gc] GC(7857) Pause Cleanup 175M->175M(245M) 0.059ms
[520.712s][info][gc] GC(7857) Concurrent Mark Cycle 29.920ms
[520.731s][info][gc] GC(7858) Pause Young (Prepare Mixed) (G1 Evacuation Pause) 220M->94M(245M) 1.532ms
[520.773s][info][gc] GC(7859) Pause Young (Mixed) (G1 Evacuation Pause) 220M->94M(245M) 1.612ms
[520.816s][info][gc] GC(7860) Pause Young (Concurrent Start) (G1 Evacuation Pause) 220M->95M(301M) 1.550ms
[520.816s][info][gc] GC(7861) Concurrent Mark Cycle
[520.839s][info][gc] GC(7861) Pause Remark 152M->152M(301M) 0.433ms
[520.852s][info][gc] GC(7861) Pause Cleanup 187M->187M(301M) 0.060ms
[520.852s][info][gc] GC(7861) Concurrent Mark Cycle 35.475ms
[520.878s][info][gc] GC(7862) Pause Young (Prepare Mixed) (G1 Evacuation Pause) 264M->96M(301M) 1.499ms
[520.933s][info][gc] GC(7863) Pause Young (Mixed) (G1 Evacuation Pause) 264M->95M(301M) 1.594ms
[520.992s][info][gc] GC(7864) Pause Young (Normal) (G1 Evacuation Pause) 263M->97M(301M) 1.651ms
[521.047s][info][gc] GC(7865) Pause Young (Normal) (G1 Evacuation Pause) 262M->99M(301M) 1.597ms
[521.105s][info][gc] GC(7866) Pause Young (Normal) (G1 Evacuation Pause) 265M->100M(301M) 1.677ms
[521.162s][info][gc] GC(7867) Pause Young (Normal) (G1 Evacuation Pause) 266M->101M(301M) 1.529ms
[521.215s][info][gc] GC(7868) Pause Young (Normal) (G1 Evacuation Pause) 268M->102M(301M) 1.649ms
[521.274s][info][gc] GC(7869) Pause Young (Normal) (G1 Evacuation Pause) 270M->103M(301M) 1.880ms
[521.330s][info][gc] GC(7870) Pause Young (Normal) (G1 Evacuation Pause) 269M->105M(301M) 1.620ms
[521.388s][info][gc] GC(7871) Pause Young (Normal) (G1 Evacuation Pause) 271M->107M(301M) 1.582ms
[521.444s][info][gc] GC(7872) Pause Young (Normal) (G1 Evacuation Pause) 269M->109M(301M) 1.693ms
[521.496s][info][gc] GC(7873) Pause Young (Normal) (G1 Evacuation Pause) 270M->110M(301M) 1.669ms
[521.551s][info][gc] GC(7874) Pause Young (Normal) (G1 Evacuation Pause) 271M->112M(301M) 1.761ms
[521.606s][info][gc] GC(7875) Pause Young (Normal) (G1 Evacuation Pause) 270M->113M(301M) 1.770ms
[521.661s][info][gc] GC(7876) Pause Young (Concurrent Start) (G1 Evacuation Pause) 272M->113M(301M) 1.802ms
[521.661s][info][gc] GC(7877) Concurrent Mark Cycle
[521.701s][info][gc] GC(7877) Pause Remark 196M->196M(301M) 0.417ms
[521.717s][info][gc] GC(7877) Pause Cleanup 245M->245M(301M) 0.067ms
[521.718s][info][gc] GC(7877) Concurrent Mark Cycle 56.514ms
[521.728s][info][gc] GC(7878) Pause Young (Prepare Mixed) (G1 Evacuation Pause) 272M->115M(301M) 1.523ms
[521.782s][info][gc] GC(7879) Pause Young (Mixed) (G1 Evacuation Pause) 270M->114M(301M) 1.810ms
[521.838s][info][gc] GC(7880) Pause Young (Concurrent Start) (G1 Evacuation Pause) 272M->116M(301M) 1.650ms
[521.838s][info][gc] GC(7881) Concurrent Mark Cycle
[521.869s][info][gc] GC(7881) Pause Remark 206M->206M(301M) 0.454ms
[521.885s][info][gc] GC(7881) Pause Cleanup 249M->249M(301M) 0.058ms
[521.885s][info][gc] GC(7881) Concurrent Mark Cycle 47.368ms
[521.895s][info][gc] GC(7882) Pause Young (Prepare Mixed) (G1 Evacuation Pause) 270M->118M(301M) 1.650ms
[521.943s][info][gc] GC(7883) Pause Young (Mixed) (G1 Evacuation Pause) 269M->119M(301M) 1.532ms
[521.994s][info][gc] GC(7884) Pause Young (Concurrent Start) (G1 Evacuation Pause) 271M->121M(301M) 1.620ms
[521.994s][info][gc] GC(7885) Concurrent Mark Cycle
[522.019s][info][gc] GC(7885) Pause Remark 205M->205M(301M) 0.452ms
[522.036s][info][gc] GC(7885) Pause Cleanup 254M->254M(301M) 0.063ms
[522.036s][info][gc] GC(7885) Concurrent Mark Cycle 42.695ms
[522.042s][info][gc] GC(7886) Pause Young (Prepare Mixed) (G1 Evacuation Pause) 271M->122M(301M) 1.463ms
[522.088s][info][gc] GC(7887) Pause Young (Mixed) (G1 Evacuation Pause) 272M->123M(301M) 1.595ms
[522.140s][info][gc] GC(7888) Pause Young (Concurrent Start) (G1 Evacuation Pause) 271M->124M(301M) 1.658ms
[522.140s][info][gc] GC(7889) Concurrent Mark Cycle
[522.171s][info][gc] GC(7889) Pause Remark 204M->204M(301M) 0.402ms
[522.186s][info][gc] GC(7889) Pause Cleanup 251M->251M(301M) 0.055ms
[522.186s][info][gc] GC(7889) Concurrent Mark Cycle 46.085ms
[522.195s][info][gc] GC(7890) Pause Young (Prepare Mixed) (G1 Evacuation Pause) 272M->126M(301M) 1.633ms
[522.245s][info][gc] GC(7891) Pause Young (Mixed) (G1 Evacuation Pause) 271M->126M(462M) 1.616ms
[522.335s][info][gc] GC(7892) Pause Young (Normal) (G1 Evacuation Pause) 392M->129M(462M) 1.921ms
[522.421s][info][gc] GC(7893) Pause Young (Normal) (G1 Evacuation Pause) 392M->130M(462M) 2.001ms
[522.505s][info][gc] GC(7894) Pause Young (Normal) (G1 Evacuation Pause) 392M->132M(462M) 2.106ms
[522.590s][info][gc] GC(7895) Pause Young (Normal) (G1 Evacuation Pause) 391M->136M(462M) 2.099ms
[522.673s][info][gc] GC(7896) Pause Young (Normal) (G1 Evacuation Pause) 392M->137M(462M) 2.016ms
[522.758s][info][gc] GC(7897) Pause Young (Normal) (G1 Evacuation Pause) 394M->140M(462M) 2.045ms
[522.844s][info][gc] GC(7898) Pause Young (Normal) (G1 Evacuation Pause) 394M->140M(462M) 2.402ms
[522.931s][info][gc] GC(7899) Pause Young (Normal) (G1 Evacuation Pause) 399M->143M(462M) 1.933ms
[523.013s][info][gc] GC(7900) Pause Young (Normal) (G1 Evacuation Pause) 398M->146M(462M) 2.065ms
[523.098s][info][gc] GC(7901) Pause Young (Normal) (G1 Evacuation Pause) 403M->147M(462M) 2.147ms
[523.189s][info][gc] GC(7902) Pause Young (Normal) (G1 Evacuation Pause) 405M->148M(462M) 2.470ms
[523.276s][info][gc] GC(7903) Pause Young (Normal) (G1 Evacuation Pause) 405M->151M(462M) 2.281ms
[523.358s][info][gc] GC(7904) Pause Young (Normal) (G1 Evacuation Pause) 407M->154M(462M) 2.088ms
[523.435s][info][gc] GC(7905) Pause Young (Normal) (G1 Evacuation Pause) 411M->156M(462M) 2.064ms
[523.523s][info][gc] GC(7906) Pause Young (Normal) (G1 Evacuation Pause) 414M->158M(462M) 1.972ms
[523.602s][info][gc] GC(7907) Pause Young (Normal) (G1 Evacuation Pause) 414M->158M(462M) 2.245ms
[523.690s][info][gc] GC(7908) Pause Young (Normal) (G1 Evacuation Pause) 415M->163M(462M) 2.091ms
[523.770s][info][gc] GC(7909) Pause Young (Normal) (G1 Evacuation Pause) 415M->164M(462M) 2.194ms
[523.847s][info][gc] GC(7910) Pause Young (Normal) (G1 Evacuation Pause) 418M->166M(462M) 1.871ms
[523.930s][info][gc] GC(7911) Pause Young (Normal) (G1 Evacuation Pause) 416M->168M(462M) 2.047ms
[524.006s][info][gc] GC(7912) Pause Young (Normal) (G1 Evacuation Pause) 414M->170M(462M) 2.228ms
[524.088s][info][gc] GC(7913) Pause Young (Normal) (G1 Evacuation Pause) 418M->172M(462M) 1.969ms
[524.169s][info][gc] GC(7914) Pause Young (Normal) (G1 Evacuation Pause) 416M->173M(462M) 2.096ms
[524.245s][info][gc] GC(7915) Pause Young (Normal) (G1 Evacuation Pause) 417M->176M(462M) 1.975ms
[524.327s][info][gc] GC(7916) Pause Young (Normal) (G1 Evacuation Pause) 416M->179M(462M) 2.014ms
[524.411s][info][gc] GC(7917) Pause Young (Concurrent Start) (G1 Evacuation Pause) 418M->181M(462M) 2.292ms
[524.411s][info][gc] GC(7918) Concurrent Mark Cycle
[524.463s][info][gc] GC(7918) Pause Remark 307M->307M(462M) 0.476ms
[524.491s][info][gc] GC(7918) Pause Cleanup 352M->352M(462M) 0.081ms
[524.492s][info][gc] GC(7918) Concurrent Mark Cycle 80.957ms
[524.512s][info][gc] GC(7919) Pause Young (Prepare Mixed) (G1 Evacuation Pause) 418M->184M(462M) 2.160ms
[524.595s][info][gc] GC(7920) Pause Young (Mixed) (G1 Evacuation Pause) 417M->183M(462M) 2.122ms
[524.685s][info][gc] GC(7921) Pause Young (Concurrent Start) (G1 Evacuation Pause) 418M->186M(462M) 2.440ms
[524.685s][info][gc] GC(7922) Concurrent Mark Cycle
[524.735s][info][gc] GC(7922) Pause Remark 323M->323M(462M) 0.478ms
[524.760s][info][gc] GC(7922) Pause Cleanup 378M->378M(462M) 0.076ms
[524.760s][info][gc] GC(7922) Concurrent Mark Cycle 75.260ms
[524.778s][info][gc] GC(7923) Pause Young (Prepare Mixed) (G1 Evacuation Pause) 415M->186M(462M) 1.996ms
[524.862s][info][gc] GC(7924) Pause Young (Mixed) (G1 Evacuation Pause) 420M->188M(462M) 1.984ms
[524.954s][info][gc] GC(7925) Pause Young (Concurrent Start) (G1 Evacuation Pause) 418M->192M(462M) 2.093ms
[524.954s][info][gc] GC(7926) Concurrent Mark Cycle
[525.004s][info][gc] GC(7926) Pause Remark 344M->344M(462M) 0.422ms
[525.031s][info][gc] GC(7926) Pause Cleanup 412M->412M(462M) 0.060ms
[525.031s][info][gc] GC(7926) Concurrent Mark Cycle 77.052ms
[525.035s][info][gc] GC(7927) Pause Young (Prepare Mixed) (G1 Evacuation Pause) 418M->192M(462M) 1.860ms
[525.123s][info][gc] GC(7928) Pause Young (Mixed) (G1 Evacuation Pause) 420M->195M(462M) 2.129ms
[525.193s][info][gc] GC(7929) Pause Young (Concurrent Start) (G1 Evacuation Pause) 417M->196M(462M) 2.117ms
[525.193s][info][gc] GC(7930) Concurrent Mark Cycle
[525.240s][info][gc] GC(7930) Pause Remark 321M->321M(462M) 0.430ms
[525.265s][info][gc] GC(7930) Pause Cleanup 382M->382M(462M) 0.065ms
[525.265s][info][gc] GC(7930) Concurrent Mark Cycle 72.511ms
[525.277s][info][gc] GC(7931) Pause Young (Prepare Mixed) (G1 Evacuation Pause) 419M->198M(462M) 2.011ms
[525.346s][info][gc] GC(7932) Pause Young (Mixed) (G1 Evacuation Pause) 419M->199M(584M) 2.204ms
[525.455s][info][gc] GC(7933) Pause Young (Normal) (G1 Evacuation Pause) 531M->201M(584M) 2.125ms
[525.566s][info][gc] GC(7934) Pause Young (Normal) (G1 Evacuation Pause) 531M->204M(584M) 2.603ms
[525.679s][info][gc] GC(7935) Pause Young (Normal) (G1 Evacuation Pause) 530M->205M(584M) 2.188ms
[525.868s][info][gc] GC(7936) Pause Young (Normal) (G1 Evacuation Pause) 529M->208M(584M) 2.580ms
[525.997s][info][gc] GC(7937) Pause Young (Normal) (G1 Evacuation Pause) 526M->214M(584M) 2.821ms
[526.125s][info][gc] GC(7938) Pause Young (Normal) (G1 Evacuation Pause) 524M->217M(584M) 3.051ms
[526.254s][info][gc] GC(7939) Pause Young (Normal) (G1 Evacuation Pause) 525M->221M(584M) 2.777ms
[526.375s][info][gc] GC(7940) Pause Young (Normal) (G1 Evacuation Pause) 528M->223M(584M) 2.524ms
[526.492s][info][gc] GC(7941) Pause Young (Normal) (G1 Evacuation Pause) 528M->226M(584M) 2.614ms
[526.606s][info][gc] GC(7942) Pause Young (Concurrent Start) (G1 Evacuation Pause) 528M->228M(584M) 2.436ms
[526.606s][info][gc] GC(7943) Concurrent Mark Cycle
[526.614s][info][gc] GC(7943) Pause Remark 249M->103M(280M) 0.470ms
[526.617s][info][gc] GC(7943) Pause Cleanup 109M->109M(280M) 0.061ms
[526.618s][info][gc] GC(7943) Concurrent Mark Cycle 11.759ms
[526.663s][info][gc] GC(7944) Pause Young (Prepare Mixed) (G1 Evacuation Pause) 227M->84M(280M) 2.015ms
[526.720s][info][gc] GC(7945) Pause Young (Mixed) (G1 Evacuation Pause) 240M->73M(280M) 1.524ms
[526.783s][info][gc] GC(7946) Pause Young (Normal) (G1 Evacuation Pause) 228M->73M(280M) 1.587ms
[526.840s][info][gc] GC(7947) Pause Young (Normal) (G1 Evacuation Pause) 230M->75M(280M) 1.358ms
[526.896s][info][gc] GC(7948) Pause Young (Normal) (G1 Evacuation Pause) 230M->76M(280M) 1.496ms
[526.957s][info][gc] GC(7949) Pause Young (Normal) (G1 Evacuation Pause) 233M->78M(280M) 1.529ms
[527.018s][info][gc] GC(7950) Pause Young (Normal) (G1 Evacuation Pause) 233M->80M(280M) 1.461ms
[527.073s][info][gc] GC(7951) Pause Young (Normal) (G1 Evacuation Pause) 234M->80M(280M) 1.468ms
[527.129s][info][gc] GC(7952) Pause Young (Normal) (G1 Evacuation Pause) 235M->81M(280M) 1.444ms
[527.188s][info][gc] GC(7953) Pause Young (Normal) (G1 Evacuation Pause) 236M->83M(280M) 1.399ms
[527.250s][info][gc] GC(7954) Pause Young (Normal) (G1 Evacuation Pause) 238M->84M(280M) 1.597ms
[527.309s][info][gc] GC(7955) Pause Young (Normal) (G1 Evacuation Pause) 239M->86M(280M) 1.538ms
[527.369s][info][gc] GC(7956) Pause Young (Normal) (G1 Evacuation Pause) 241M->87M(280M) 1.508ms
[527.427s][info][gc] GC(7957) Pause Young (Normal) (G1 Evacuation Pause) 242M->88M(280M) 1.536ms
[527.487s][info][gc] GC(7958) Pause Young (Normal) (G1 Evacuation Pause) 244M->90M(280M) 1.618ms
[527.544s][info][gc] GC(7959) Pause Young (Normal) (G1 Evacuation Pause) 245M->92M(280M) 1.514ms
[527.602s][info][gc] GC(7960) Pause Young (Normal) (G1 Evacuation Pause) 246M->92M(280M) 1.599ms
[527.662s][info][gc] GC(7961) Pause Young (Normal) (G1 Evacuation Pause) 249M->94M(280M) 1.491ms
[527.722s][info][gc] GC(7962) Pause Young (Normal) (G1 Evacuation Pause) 249M->95M(280M) 1.510ms
[527.784s][info][gc] GC(7963) Pause Young (Normal) (G1 Evacuation Pause) 250M->97M(280M) 1.556ms
[527.840s][info][gc] GC(7964) Pause Young (Normal) (G1 Evacuation Pause) 250M->97M(280M) 1.474ms
[527.897s][info][gc] GC(7965) Pause Young (Normal) (G1 Evacuation Pause) 251M->99M(280M) 1.467ms
[527.952s][info][gc] GC(7966) Pause Young (Normal) (G1 Evacuation Pause) 251M->99M(280M) 1.471ms
[528.013s][info][gc] GC(7967) Pause Young (Normal) (G1 Evacuation Pause) 252M->101M(280M) 1.513ms
[528.064s][info][gc] GC(7968) Pause Young (Normal) (G1 Evacuation Pause) 251M->102M(280M) 1.416ms
[528.126s][info][gc] GC(7969) Pause Young (Normal) (G1 Evacuation Pause) 251M->104M(280M) 1.523ms
[528.179s][info][gc] GC(7970) Pause Young (Concurrent Start) (G1 Evacuation Pause) 251M->105M(280M) 1.499ms
[528.179s][info][gc] GC(7971) Concurrent Mark Cycle
[528.194s][info][gc] GC(7971) Pause Remark 146M->143M(280M) 0.433ms
[528.205s][info][gc] GC(7971) Pause Cleanup 167M->167M(280M) 0.071ms
[528.205s][info][gc] GC(7971) Concurrent Mark Cycle 25.302ms
[528.242s][info][gc] GC(7972) Pause Young (Prepare Mixed) (G1 Evacuation Pause) 249M->103M(280M) 1.435ms
[528.301s][info][gc] GC(7973) Pause Young (Mixed) (G1 Evacuation Pause) 253M->101M(280M) 1.385ms
[528.362s][info][gc] GC(7974) Pause Young (Normal) (G1 Evacuation Pause) 252M->101M(280M) 1.477ms
[528.432s][info][gc] GC(7975) Pause Young (Normal) (G1 Evacuation Pause) 253M->104M(280M) 1.671ms
[528.492s][info][gc] GC(7976) Pause Young (Normal) (G1 Evacuation Pause) 250M->104M(280M) 1.950ms
[528.556s][info][gc] GC(7977) Pause Young (Concurrent Start) (G1 Evacuation Pause) 252M->105M(280M) 1.642ms
[528.556s][info][gc] GC(7978) Concurrent Mark Cycle
[528.576s][info][gc] GC(7978) Pause Remark 149M->149M(280M) 0.429ms
[528.591s][info][gc] GC(7978) Pause Cleanup 178M->178M(280M) 0.066ms
[528.591s][info][gc] GC(7978) Concurrent Mark Cycle 35.234ms
[528.627s][info][gc] GC(7979) Pause Young (Prepare Mixed) (G1 Evacuation Pause) 251M->107M(280M) 1.476ms
[528.695s][info][gc] GC(7980) Pause Young (Mixed) (G1 Evacuation Pause) 252M->105M(280M) 1.555ms
[528.758s][info][gc] GC(7981) Pause Young (Concurrent Start) (G1 Evacuation Pause) 250M->107M(280M) 1.742ms
[528.758s][info][gc] GC(7982) Concurrent Mark Cycle
[528.778s][info][gc] GC(7982) Pause Remark 146M->146M(280M) 0.425ms
[528.794s][info][gc] GC(7982) Pause Cleanup 172M->172M(280M) 0.066ms
[528.794s][info][gc] GC(7982) Concurrent Mark Cycle 35.305ms
[528.828s][info][gc] GC(7983) Pause Young (Prepare Mixed) (G1 Evacuation Pause) 252M->107M(280M) 1.519ms
[528.891s][info][gc] GC(7984) Pause Young (Mixed) (G1 Evacuation Pause) 252M->107M(280M) 1.800ms
[528.954s][info][gc] GC(7985) Pause Young (Concurrent Start) (G1 Evacuation Pause) 252M->108M(280M) 1.537ms
[528.954s][info][gc] GC(7986) Concurrent Mark Cycle
[528.978s][info][gc] GC(7986) Pause Remark 164M->164M(280M) 0.411ms
[528.989s][info][gc] GC(7986) Pause Cleanup 177M->177M(280M) 0.062ms
[528.989s][info][gc] GC(7986) Concurrent Mark Cycle 34.696ms
[529.017s][info][gc] GC(7987) Pause Young (Prepare Mixed) (G1 Evacuation Pause) 250M->109M(280M) 1.409ms
[529.080s][info][gc] GC(7988) Pause Young (Mixed) (G1 Evacuation Pause) 252M->109M(280M) 1.522ms
[529.138s][info][gc] GC(7989) Pause Young (Concurrent Start) (G1 Evacuation Pause) 251M->110M(280M) 1.515ms
[529.138s][info][gc] GC(7990) Concurrent Mark Cycle
[529.161s][info][gc] GC(7990) Pause Remark 157M->157M(280M) 0.409ms
[529.174s][info][gc] GC(7990) Pause Cleanup 179M->179M(280M) 0.063ms
[529.175s][info][gc] GC(7990) Concurrent Mark Cycle 36.909ms
[529.213s][info][gc] GC(7991) Pause Young (Prepare Mixed) (G1 Evacuation Pause) 252M->113M(280M) 1.549ms
[529.272s][info][gc] GC(7992) Pause Young (Mixed) (G1 Evacuation Pause) 250M->112M(280M) 1.699ms
[529.329s][info][gc] GC(7993) Pause Young (Concurrent Start) (G1 Evacuation Pause) 253M->112M(280M) 1.435ms
[529.330s][info][gc] GC(7994) Concurrent Mark Cycle
[529.352s][info][gc] GC(7994) Pause Remark 142M->142M(280M) 0.457ms
[529.368s][info][gc] GC(7994) Pause Cleanup 178M->178M(280M) 0.057ms
[529.368s][info][gc] GC(7994) Concurrent Mark Cycle 38.310ms
[529.403s][info][gc] GC(7995) Pause Young (Prepare Mixed) (G1 Evacuation Pause) 255M->114M(280M) 1.509ms
[529.461s][info][gc] GC(7996) Pause Young (Mixed) (G1 Evacuation Pause) 253M->113M(280M) 1.575ms
[529.522s][info][gc] GC(7997) Pause Young (Concurrent Start) (G1 Evacuation Pause) 255M->115M(280M) 1.498ms
[529.522s][info][gc] GC(7998) Concurrent Mark Cycle
[529.545s][info][gc] GC(7998) Pause Remark 155M->155M(280M) 0.414ms
[529.560s][info][gc] GC(7998) Pause Cleanup 190M->190M(280M) 0.065ms
[529.560s][info][gc] GC(7998) Concurrent Mark Cycle 38.127ms
[529.586s][info][gc] GC(7999) Pause Young (Prepare Mixed) (G1 Evacuation Pause) 253M->116M(280M) 1.631ms
[529.653s][info][gc] GC(8000) Pause Young (Mixed) (G1 Evacuation Pause) 254M->117M(280M) 1.836ms
[529.706s][info][gc] GC(8001) Pause Young (Concurrent Start) (G1 Evacuation Pause) 251M->119M(280M) 1.419ms
[529.706s][info][gc] GC(8002) Concurrent Mark Cycle
[529.725s][info][gc] GC(8002) Pause Remark 163M->163M(280M) 0.419ms
[529.739s][info][gc] GC(8002) Pause Cleanup 188M->188M(280M) 0.054ms
[529.739s][info][gc] GC(8002) Concurrent Mark Cycle 33.354ms
[529.766s][info][gc] GC(8003) Pause Young (Prepare Mixed) (G1 Evacuation Pause) 254M->120M(280M) 1.308ms
[529.816s][info][gc] GC(8004) Pause Young (Mixed) (G1 Evacuation Pause) 254M->119M(280M) 1.553ms
[529.869s][info][gc] GC(8005) Pause Young (Concurrent Start) (G1 Evacuation Pause) 252M->120M(280M) 1.515ms
[529.869s][info][gc] GC(8006) Concurrent Mark Cycle
[529.888s][info][gc] GC(8006) Pause Remark 168M->168M(280M) 0.416ms
[529.903s][info][gc] GC(8006) Pause Cleanup 211M->211M(280M) 0.056ms
[529.903s][info][gc] GC(8006) Concurrent Mark Cycle 33.985ms
[529.922s][info][gc] GC(8007) Pause Young (Prepare Mixed) (G1 Evacuation Pause) 254M->121M(280M) 1.341ms
[529.972s][info][gc] GC(8008) Pause Young (Mixed) (G1 Evacuation Pause) 254M->122M(280M) 1.517ms
[530.025s][info][gc] GC(8009) Pause Young (Concurrent Start) (G1 Evacuation Pause) 255M->125M(280M) 1.480ms
[530.025s][info][gc] GC(8010) Concurrent Mark Cycle
[530.047s][info][gc] GC(8010) Pause Remark 186M->186M(280M) 0.430ms
[530.065s][info][gc] GC(8010) Pause Cleanup 235M->235M(280M) 0.067ms
[530.066s][info][gc] GC(8010) Concurrent Mark Cycle 40.993ms
[530.073s][info][gc] GC(8011) Pause Young (Prepare Mixed) (G1 Evacuation Pause) 253M->125M(280M) 1.311ms
[530.125s][info][gc] GC(8012) Pause Young (Mixed) (G1 Evacuation Pause) 256M->126M(366M) 1.380ms
[530.200s][info][gc] GC(8013) Pause Young (Normal) (G1 Evacuation Pause) 334M->128M(366M) 1.710ms
[530.281s][info][gc] GC(8014) Pause Young (Normal) (G1 Evacuation Pause) 333M->129M(366M) 1.644ms
[530.364s][info][gc] GC(8015) Pause Young (Normal) (G1 Evacuation Pause) 332M->132M(366M) 1.603ms
[530.439s][info][gc] GC(8016) Pause Young (Normal) (G1 Evacuation Pause) 329M->133M(366M) 1.692ms
[530.512s][info][gc] GC(8017) Pause Young (Normal) (G1 Evacuation Pause) 328M->134M(366M) 1.768ms
[530.584s][info][gc] GC(8018) Pause Young (Normal) (G1 Evacuation Pause) 329M->136M(366M) 1.735ms
[530.661s][info][gc] GC(8019) Pause Young (Normal) (G1 Evacuation Pause) 330M->138M(366M) 1.705ms
[530.742s][info][gc] GC(8020) Pause Young (Normal) (G1 Evacuation Pause) 329M->139M(366M) 2.236ms
[530.830s][info][gc] GC(8021) Pause Young (Concurrent Start) (G1 Evacuation Pause) 331M->141M(366M) 1.865ms
[530.830s][info][gc] GC(8022) Concurrent Mark Cycle
[530.858s][info][gc] GC(8022) Pause Remark 189M->189M(366M) 0.466ms
[530.878s][info][gc] GC(8022) Pause Cleanup 229M->229M(366M) 0.066ms
[530.878s][info][gc] GC(8022) Concurrent Mark Cycle 47.710ms
[530.922s][info][gc] GC(8023) Pause Young (Prepare Mixed) (G1 Evacuation Pause) 331M->142M(366M) 1.673ms
[531.005s][info][gc] GC(8024) Pause Young (Mixed) (G1 Evacuation Pause) 330M->143M(366M) 1.776ms
[531.079s][info][gc] GC(8025) Pause Young (Concurrent Start) (G1 Evacuation Pause) 332M->144M(366M) 1.597ms
[531.079s][info][gc] GC(8026) Concurrent Mark Cycle
[531.106s][info][gc] GC(8026) Pause Remark 188M->188M(366M) 0.513ms
[531.127s][info][gc] GC(8026) Pause Cleanup 227M->227M(366M) 0.062ms
[531.127s][info][gc] GC(8026) Concurrent Mark Cycle 48.176ms
[531.174s][info][gc] GC(8027) Pause Young (Prepare Mixed) (G1 Evacuation Pause) 331M->147M(366M) 1.981ms
[531.252s][info][gc] GC(8028) Pause Young (Mixed) (G1 Evacuation Pause) 328M->147M(366M) 1.833ms
[531.337s][info][gc] GC(8029) Pause Young (Concurrent Start) (G1 Evacuation Pause) 332M->149M(366M) 1.863ms
[531.337s][info][gc] GC(8030) Concurrent Mark Cycle
[531.368s][info][gc] GC(8030) Pause Remark 212M->212M(366M) 0.531ms
[531.392s][info][gc] GC(8030) Pause Cleanup 261M->261M(366M) 0.060ms
[531.392s][info][gc] GC(8030) Concurrent Mark Cycle 54.605ms
[531.428s][info][gc] GC(8031) Pause Young (Prepare Mixed) (G1 Evacuation Pause) 330M->150M(366M) 1.742ms
[531.509s][info][gc] GC(8032) Pause Young (Mixed) (G1 Evacuation Pause) 331M->152M(366M) 1.893ms
[531.587s][info][gc] GC(8033) Pause Young (Concurrent Start) (G1 Evacuation Pause) 330M->154M(366M) 1.819ms
[531.587s][info][gc] GC(8034) Concurrent Mark Cycle
[531.619s][info][gc] GC(8034) Pause Remark 226M->226M(366M) 0.499ms
[531.642s][info][gc] GC(8034) Pause Cleanup 269M->269M(366M) 0.057ms
[531.643s][info][gc] GC(8034) Concurrent Mark Cycle 55.549ms
[531.669s][info][gc] GC(8035) Pause Young (Prepare Mixed) (G1 Evacuation Pause) 330M->155M(366M) 1.575ms
[531.740s][info][gc] GC(8036) Pause Young (Mixed) (G1 Evacuation Pause) 332M->157M(366M) 1.930ms
[531.810s][info][gc] GC(8037) Pause Young (Concurrent Start) (G1 Evacuation Pause) 330M->158M(366M) 1.869ms
[531.810s][info][gc] GC(8038) Concurrent Mark Cycle
[531.838s][info][gc] GC(8038) Pause Remark 224M->224M(366M) 0.513ms
[531.856s][info][gc] GC(8038) Pause Cleanup 269M->269M(366M) 0.042ms
[531.857s][info][gc] GC(8038) Concurrent Mark Cycle 46.845ms
[531.881s][info][gc] GC(8039) Pause Young (Prepare Mixed) (G1 Evacuation Pause) 330M->160M(366M) 1.632ms
[531.945s][info][gc] GC(8040) Pause Young (Mixed) (G1 Evacuation Pause) 332M->160M(366M) 1.568ms
[532.011s][info][gc] GC(8041) Pause Young (Concurrent Start) (G1 Evacuation Pause) 331M->163M(366M) 1.625ms
[532.011s][info][gc] GC(8042) Concurrent Mark Cycle
[532.041s][info][gc] GC(8042) Pause Remark 226M->226M(366M) 0.454ms
[532.062s][info][gc] GC(8042) Pause Cleanup 286M->286M(366M) 0.047ms
[532.062s][info][gc] GC(8042) Concurrent Mark Cycle 50.939ms
[532.079s][info][gc] GC(8043) Pause Young (Prepare Mixed) (G1 Evacuation Pause) 331M->162M(366M) 1.484ms
[532.159s][info][gc] GC(8044) Pause Young (Mixed) (G1 Evacuation Pause) 332M->163M(366M) 1.524ms
[532.289s][info][gc] GC(8045) Pause Young (Concurrent Start) (G1 Evacuation Pause) 331M->163M(366M) 1.432ms
[532.289s][info][gc] GC(8046) Concurrent Mark Cycle
[532.300s][info][gc] GC(8046) Pause Remark 176M->174M(366M) 0.422ms
[532.309s][info][gc] GC(8046) Pause Cleanup 180M->180M(366M) 0.118ms
[532.309s][info][gc] GC(8046) Concurrent Mark Cycle 20.514ms
[532.459s][info][gc] GC(8047) Pause Young (Prepare Mixed) (G1 Evacuation Pause) 330M->163M(366M) 1.461ms
[532.628s][info][gc] GC(8048) Pause Young (Mixed) (G1 Evacuation Pause) 332M->132M(366M) 1.674ms
[532.835s][info][gc] GC(8049) Pause Young (Mixed) (G1 Evacuation Pause) 332M->105M(366M) 2.094ms
[533.053s][info][gc] GC(8050) Pause Young (Mixed) (G1 Evacuation Pause) 312M->103M(366M) 1.995ms
[533.264s][info][gc] GC(8051) Pause Young (Normal) (G1 Evacuation Pause) 309M->105M(366M) 1.643ms
[533.476s][info][gc] GC(8052) Pause Young (Normal) (G1 Evacuation Pause) 309M->107M(366M) 1.586ms
[533.679s][info][gc] GC(8053) Pause Young (Normal) (G1 Evacuation Pause) 309M->108M(366M) 1.721ms
[533.887s][info][gc] GC(8054) Pause Young (Normal) (G1 Evacuation Pause) 310M->110M(366M) 1.665ms
[534.091s][info][gc] GC(8055) Pause Young (Normal) (G1 Evacuation Pause) 312M->112M(366M) 1.677ms
[534.296s][info][gc] GC(8056) Pause Young (Normal) (G1 Evacuation Pause) 314M->114M(366M) 1.583ms
[534.495s][info][gc] GC(8057) Pause Young (Normal) (G1 Evacuation Pause) 316M->115M(366M) 1.679ms
[534.708s][info][gc] GC(8058) Pause Young (Normal) (G1 Evacuation Pause) 317M->116M(366M) 1.871ms
[534.913s][info][gc] GC(8059) Pause Young (Normal) (G1 Evacuation Pause) 318M->118M(366M) 1.651ms
[535.119s][info][gc] GC(8060) Pause Young (Normal) (G1 Evacuation Pause) 320M->120M(366M) 1.769ms
[535.329s][info][gc] GC(8061) Pause Young (Normal) (G1 Evacuation Pause) 321M->122M(366M) 1.655ms
[535.531s][info][gc] GC(8062) Pause Young (Normal) (G1 Evacuation Pause) 323M->123M(366M) 1.704ms
[535.733s][info][gc] GC(8063) Pause Young (Normal) (G1 Evacuation Pause) 326M->125M(366M) 1.697ms
[535.942s][info][gc] GC(8064) Pause Young (Normal) (G1 Evacuation Pause) 327M->127M(366M) 1.819ms
[536.147s][info][gc] GC(8065) Pause Young (Normal) (G1 Evacuation Pause) 330M->128M(366M) 1.607ms
[536.346s][info][gc] GC(8066) Pause Young (Normal) (G1 Evacuation Pause) 331M->130M(366M) 1.532ms
[536.543s][info][gc] GC(8067) Pause Young (Normal) (G1 Evacuation Pause) 329M->132M(366M) 1.663ms
[536.737s][info][gc] GC(8068) Pause Young (Normal) (G1 Evacuation Pause) 330M->133M(366M) 1.604ms
[536.926s][info][gc] GC(8069) Pause Young (Normal) (G1 Evacuation Pause) 329M->134M(366M) 1.550ms
[537.120s][info][gc] GC(8070) Pause Young (Normal) (G1 Evacuation Pause) 330M->137M(366M) 1.661ms
[537.309s][info][gc] GC(8071) Pause Young (Normal) (G1 Evacuation Pause) 329M->138M(366M) 1.680ms
[537.544s][info][gc] GC(8072) Pause Young (Normal) (G1 Evacuation Pause) 331M->143M(366M) 1.952ms
[537.647s][info][gc] GC(8073) Pause Young (Concurrent Start) (G1 Evacuation Pause) 326M->145M(366M) 1.943ms
[537.647s][info][gc] GC(8074) Concurrent Mark Cycle
[537.657s][info][gc] GC(8074) Pause Remark 157M->88M(257M) 0.517ms
[537.660s][info][gc] GC(8074) Pause Cleanup 91M->91M(257M) 0.062ms
[537.660s][info][gc] GC(8074) Concurrent Mark Cycle 12.270ms
[537.733s][info][gc] GC(8075) Pause Young (Prepare Mixed) (G1 Evacuation Pause) 215M->76M(257M) 1.859ms
[537.800s][info][gc] GC(8076) Pause Young (Mixed) (G1 Evacuation Pause) 219M->63M(257M) 1.552ms
[537.879s][info][gc] GC(8077) Pause Young (Normal) (G1 Evacuation Pause) 205M->65M(257M) 1.468ms
[537.964s][info][gc] GC(8078) Pause Young (Normal) (G1 Evacuation Pause) 207M->66M(257M) 1.611ms
[538.039s][info][gc] GC(8079) Pause Young (Normal) (G1 Evacuation Pause) 210M->67M(257M) 1.338ms
[538.123s][info][gc] GC(8080) Pause Young (Normal) (G1 Evacuation Pause) 210M->67M(257M) 1.578ms
[538.204s][info][gc] GC(8081) Pause Young (Normal) (G1 Evacuation Pause) 209M->69M(257M) 1.478ms
[538.270s][info][gc] GC(8082) Pause Young (Normal) (G1 Evacuation Pause) 211M->69M(257M) 1.406ms
[538.346s][info][gc] GC(8083) Pause Young (Normal) (G1 Evacuation Pause) 212M->71M(257M) 1.430ms
[538.420s][info][gc] GC(8084) Pause Young (Normal) (G1 Evacuation Pause) 212M->72M(257M) 1.569ms
[538.495s][info][gc] GC(8085) Pause Young (Normal) (G1 Evacuation Pause) 214M->73M(257M) 1.359ms
[538.565s][info][gc] GC(8086) Pause Young (Normal) (G1 Evacuation Pause) 215M->76M(257M) 1.438ms
[538.636s][info][gc] GC(8087) Pause Young (Normal) (G1 Evacuation Pause) 217M->76M(257M) 1.566ms
[538.716s][info][gc] GC(8088) Pause Young (Normal) (G1 Evacuation Pause) 218M->77M(257M) 1.370ms
[538.782s][info][gc] GC(8089) Pause Young (Normal) (G1 Evacuation Pause) 219M->79M(257M) 1.417ms
[538.856s][info][gc] GC(8090) Pause Young (Normal) (G1 Evacuation Pause) 221M->80M(257M) 1.377ms
[538.934s][info][gc] GC(8091) Pause Young (Normal) (G1 Evacuation Pause) 222M->81M(257M) 1.348ms
[538.998s][info][gc] GC(8092) Pause Young (Normal) (G1 Evacuation Pause) 223M->82M(257M) 1.336ms
[539.072s][info][gc] GC(8093) Pause Young (Normal) (G1 Evacuation Pause) 224M->83M(257M) 1.373ms
[539.147s][info][gc] GC(8094) Pause Young (Normal) (G1 Evacuation Pause) 225M->84M(257M) 1.406ms
[539.213s][info][gc] GC(8095) Pause Young (Normal) (G1 Evacuation Pause) 226M->84M(257M) 1.295ms
[539.292s][info][gc] GC(8096) Pause Young (Normal) (G1 Evacuation Pause) 227M->87M(257M) 1.421ms
[539.365s][info][gc] GC(8097) Pause Young (Normal) (G1 Evacuation Pause) 226M->89M(257M) 1.503ms
[539.429s][info][gc] GC(8098) Pause Young (Normal) (G1 Evacuation Pause) 228M->88M(257M) 1.245ms
[539.508s][info][gc] GC(8099) Pause Young (Normal) (G1 Evacuation Pause) 230M->90M(257M) 1.332ms
[539.585s][info][gc] GC(8100) Pause Young (Normal) (G1 Evacuation Pause) 228M->91M(257M) 1.541ms
[539.650s][info][gc] GC(8101) Pause Young (Normal) (G1 Evacuation Pause) 228M->91M(257M) 1.374ms
[539.726s][info][gc] GC(8102) Pause Young (Normal) (G1 Evacuation Pause) 230M->93M(257M) 1.285ms
[539.798s][info][gc] GC(8103) Pause Young (Normal) (G1 Evacuation Pause) 228M->95M(257M) 1.349ms
[539.864s][info][gc] GC(8104) Pause Young (Normal) (G1 Evacuation Pause) 229M->95M(257M) 1.347ms
[539.945s][info][gc] GC(8105) Pause Young (Normal) (G1 Evacuation Pause) 230M->97M(257M) 1.337ms
[540.014s][info][gc] GC(8106) Pause Young (Normal) (G1 Evacuation Pause) 228M->98M(257M) 1.364ms
[540.077s][info][gc] GC(8107) Pause Young (Concurrent Start) (G1 Evacuation Pause) 229M->99M(257M) 1.238ms
[540.077s][info][gc] GC(8108) Concurrent Mark Cycle
[540.091s][info][gc] GC(8108) Pause Remark 114M->102M(257M) 0.466ms
[540.099s][info][gc] GC(8108) Pause Cleanup 112M->112M(257M) 0.057ms
[540.100s][info][gc] GC(8108) Concurrent Mark Cycle 22.288ms
[540.154s][info][gc] GC(8109) Pause Young (Prepare Mixed) (G1 Evacuation Pause) 219M->88M(257M) 1.457ms
[540.312s][info][gc] GC(8110) Pause Young (Mixed) (G1 Evacuation Pause) 231M->87M(257M) 1.410ms
[540.377s][info][gc] GC(8111) Pause Young (Normal) (G1 Evacuation Pause) 227M->89M(257M) 1.398ms
[540.451s][info][gc] GC(8112) Pause Young (Normal) (G1 Evacuation Pause) 229M->89M(257M) 1.599ms
[540.528s][info][gc] GC(8113) Pause Young (Normal) (G1 Evacuation Pause) 230M->92M(257M) 1.539ms
[540.591s][info][gc] GC(8114) Pause Young (Normal) (G1 Evacuation Pause) 229M->92M(257M) 1.421ms
[540.664s][info][gc] GC(8115) Pause Young (Normal) (G1 Evacuation Pause) 231M->94M(257M) 1.311ms
[540.741s][info][gc] GC(8116) Pause Young (Normal) (G1 Evacuation Pause) 230M->95M(257M) 1.545ms
[540.806s][info][gc] GC(8117) Pause Young (Normal) (G1 Evacuation Pause) 231M->96M(257M) 1.432ms
[540.882s][info][gc] GC(8118) Pause Young (Normal) (G1 Evacuation Pause) 230M->97M(257M) 1.615ms
[540.952s][info][gc] GC(8119) Pause Young (Concurrent Start) (G1 Evacuation Pause) 230M->98M(257M) 1.612ms
[540.952s][info][gc] GC(8120) Concurrent Mark Cycle
[540.960s][info][gc] GC(8120) Pause Remark 105M->65M(197M) 0.479ms
[540.963s][info][gc] GC(8120) Pause Cleanup 70M->70M(197M) 0.059ms
[540.963s][info][gc] GC(8120) Concurrent Mark Cycle 10.756ms
[541.011s][info][gc] GC(8121) Pause Young (Prepare Mixed) (G1 Evacuation Pause) 165M->59M(197M) 1.317ms
[541.069s][info][gc] GC(8122) Pause Young (Mixed) (G1 Evacuation Pause) 167M->56M(197M) 1.292ms
[541.122s][info][gc] GC(8123) Pause Young (Normal) (G1 Evacuation Pause) 165M->57M(197M) 1.167ms
[541.184s][info][gc] GC(8124) Pause Young (Normal) (G1 Evacuation Pause) 166M->59M(197M) 1.188ms
[541.236s][info][gc] GC(8125) Pause Young (Normal) (G1 Evacuation Pause) 168M->59M(197M) 1.224ms
[541.296s][info][gc] GC(8126) Pause Young (Normal) (G1 Evacuation Pause) 169M->60M(197M) 1.162ms
[541.348s][info][gc] GC(8127) Pause Young (Normal) (G1 Evacuation Pause) 169M->61M(197M) 1.180ms
[541.407s][info][gc] GC(8128) Pause Young (Normal) (G1 Evacuation Pause) 170M->61M(197M) 1.136ms
[541.457s][info][gc] GC(8129) Pause Young (Normal) (G1 Evacuation Pause) 170M->62M(197M) 1.124ms
[541.517s][info][gc] GC(8130) Pause Young (Normal) (G1 Evacuation Pause) 172M->64M(197M) 1.205ms
[541.567s][info][gc] GC(8131) Pause Young (Normal) (G1 Evacuation Pause) 171M->64M(197M) 1.137ms
[541.630s][info][gc] GC(8132) Pause Young (Normal) (G1 Evacuation Pause) 174M->66M(197M) 1.184ms
[541.679s][info][gc] GC(8133) Pause Young (Normal) (G1 Evacuation Pause) 173M->65M(197M) 1.097ms
[541.737s][info][gc] GC(8134) Pause Young (Normal) (G1 Evacuation Pause) 175M->67M(197M) 1.360ms
[541.794s][info][gc] GC(8135) Pause Young (Normal) (G1 Evacuation Pause) 175M->67M(197M) 1.146ms
[541.850s][info][gc] GC(8136) Pause Young (Normal) (G1 Evacuation Pause) 175M->69M(197M) 1.135ms
[541.911s][info][gc] GC(8137) Pause Young (Normal) (G1 Evacuation Pause) 175M->70M(197M) 1.276ms
[541.958s][info][gc] GC(8138) Pause Young (Normal) (G1 Evacuation Pause) 174M->70M(197M) 1.259ms
[542.017s][info][gc] GC(8139) Pause Young (Normal) (G1 Evacuation Pause) 175M->71M(197M) 1.240ms
[542.071s][info][gc] GC(8140) Pause Young (Normal) (G1 Evacuation Pause) 175M->72M(197M) 1.247ms
[542.126s][info][gc] GC(8141) Pause Young (Concurrent Start) (G1 Evacuation Pause) 175M->74M(197M) 1.312ms
[542.126s][info][gc] GC(8142) Concurrent Mark Cycle
[542.137s][info][gc] GC(8142) Pause Remark 95M->95M(197M) 0.447ms
[542.142s][info][gc] GC(8142) Pause Cleanup 107M->107M(197M) 0.050ms
[542.142s][info][gc] GC(8142) Concurrent Mark Cycle 16.078ms
[542.178s][info][gc] GC(8143) Pause Young (Prepare Mixed) (G1 Evacuation Pause) 176M->74M(197M) 1.136ms
[542.232s][info][gc] GC(8144) Pause Young (Mixed) (G1 Evacuation Pause) 176M->72M(197M) 1.145ms
[542.286s][info][gc] GC(8145) Pause Young (Concurrent Start) (G1 Evacuation Pause) 176M->74M(197M) 1.132ms
[542.286s][info][gc] GC(8146) Concurrent Mark Cycle
[542.296s][info][gc] GC(8146) Pause Remark 95M->95M(197M) 0.425ms
[542.302s][info][gc] GC(8146) Pause Cleanup 105M->105M(197M) 0.060ms
[542.302s][info][gc] GC(8146) Concurrent Mark Cycle 16.109ms
[542.345s][info][gc] GC(8147) Pause Young (Prepare Mixed) (G1 Evacuation Pause) 176M->75M(197M) 1.173ms
[542.392s][info][gc] GC(8148) Pause Young (Mixed) (G1 Evacuation Pause) 177M->74M(197M) 1.227ms
[542.448s][info][gc] GC(8149) Pause Young (Concurrent Start) (G1 Evacuation Pause) 177M->74M(197M) 1.105ms
[542.448s][info][gc] GC(8150) Concurrent Mark Cycle
[542.458s][info][gc] GC(8150) Pause Remark 97M->97M(197M) 0.413ms
[542.465s][info][gc] GC(8150) Pause Cleanup 114M->114M(197M) 0.056ms
[542.465s][info][gc] GC(8150) Concurrent Mark Cycle 16.795ms
[542.499s][info][gc] GC(8151) Pause Young (Prepare Mixed) (G1 Evacuation Pause) 177M->75M(197M) 1.190ms
[542.556s][info][gc] GC(8152) Pause Young (Mixed) (G1 Evacuation Pause) 176M->74M(197M) 1.215ms
[542.601s][info][gc] GC(8153) Pause Young (Concurrent Start) (G1 Evacuation Pause) 176M->76M(197M) 1.083ms
[542.601s][info][gc] GC(8154) Concurrent Mark Cycle
[542.610s][info][gc] GC(8154) Pause Remark 93M->93M(197M) 0.401ms
[542.618s][info][gc] GC(8154) Pause Cleanup 108M->108M(197M) 0.057ms
[542.618s][info][gc] GC(8154) Concurrent Mark Cycle 16.614ms
[542.655s][info][gc] GC(8155) Pause Young (Prepare Mixed) (G1 Evacuation Pause) 176M->76M(197M) 1.102ms
[542.705s][info][gc] GC(8156) Pause Young (Mixed) (G1 Evacuation Pause) 177M->76M(197M) 1.096ms
[542.753s][info][gc] GC(8157) Pause Young (Concurrent Start) (G1 Evacuation Pause) 176M->75M(197M) 1.048ms
[542.753s][info][gc] GC(8158) Concurrent Mark Cycle
[542.765s][info][gc] GC(8158) Pause Remark 83M->83M(197M) 0.439ms
[542.772s][info][gc] GC(8158) Pause Cleanup 93M->93M(197M) 0.056ms
[542.772s][info][gc] GC(8158) Concurrent Mark Cycle 19.018ms
[542.814s][info][gc] GC(8159) Pause Young (Prepare Mixed) (G1 Evacuation Pause) 178M->77M(197M) 1.077ms
[542.861s][info][gc] GC(8160) Pause Young (Mixed) (G1 Evacuation Pause) 176M->76M(197M) 1.139ms
[542.922s][info][gc] GC(8161) Pause Young (Concurrent Start) (G1 Evacuation Pause) 178M->79M(197M) 1.220ms
[542.922s][info][gc] GC(8162) Concurrent Mark Cycle
[542.935s][info][gc] GC(8162) Pause Remark 112M->112M(197M) 0.477ms
[542.942s][info][gc] GC(8162) Pause Cleanup 123M->123M(197M) 0.055ms
[542.942s][info][gc] GC(8162) Concurrent Mark Cycle 20.333ms
[542.967s][info][gc] GC(8163) Pause Young (Prepare Mixed) (G1 Evacuation Pause) 175M->78M(197M) 1.050ms
[543.103s][info][gc] GC(8164) Pause Young (Mixed) (G1 Evacuation Pause) 177M->81M(197M) 1.524ms
[543.146s][info][gc] GC(8165) Pause Young (Concurrent Start) (G1 Evacuation Pause) 175M->81M(197M) 1.243ms
[543.146s][info][gc] GC(8166) Concurrent Mark Cycle
[543.153s][info][gc] GC(8166) Pause Remark 94M->69M(190M) 0.504ms
[543.156s][info][gc] GC(8166) Pause Cleanup 77M->77M(190M) 0.052ms
[543.157s][info][gc] GC(8166) Concurrent Mark Cycle 10.346ms
[543.201s][info][gc] GC(8167) Pause Young (Prepare Mixed) (G1 Evacuation Pause) 153M->57M(190M) 1.424ms
[543.252s][info][gc] GC(8168) Pause Young (Mixed) (G1 Evacuation Pause) 162M->51M(190M) 1.329ms
[543.312s][info][gc] GC(8169) Pause Young (Normal) (G1 Evacuation Pause) 156M->53M(190M) 1.259ms
[543.360s][info][gc] GC(8170) Pause Young (Normal) (G1 Evacuation Pause) 157M->53M(190M) 1.228ms
[543.419s][info][gc] GC(8171) Pause Young (Normal) (G1 Evacuation Pause) 159M->55M(190M) 1.268ms
[543.464s][info][gc] GC(8172) Pause Young (Normal) (G1 Evacuation Pause) 159M->55M(190M) 1.118ms
[543.523s][info][gc] GC(8173) Pause Young (Normal) (G1 Evacuation Pause) 160M->56M(190M) 1.161ms
[543.571s][info][gc] GC(8174) Pause Young (Normal) (G1 Evacuation Pause) 160M->57M(190M) 1.122ms
[543.627s][info][gc] GC(8175) Pause Young (Normal) (G1 Evacuation Pause) 162M->57M(190M) 1.172ms
[543.675s][info][gc] GC(8176) Pause Young (Normal) (G1 Evacuation Pause) 162M->58M(190M) 1.136ms
[543.733s][info][gc] GC(8177) Pause Young (Normal) (G1 Evacuation Pause) 163M->59M(190M) 1.103ms
[543.786s][info][gc] GC(8178) Pause Young (Normal) (G1 Evacuation Pause) 164M->60M(190M) 1.150ms
[543.839s][info][gc] GC(8179) Pause Young (Normal) (G1 Evacuation Pause) 165M->60M(190M) 1.143ms
[543.891s][info][gc] GC(8180) Pause Young (Normal) (G1 Evacuation Pause) 165M->62M(190M) 1.150ms
[543.946s][info][gc] GC(8181) Pause Young (Normal) (G1 Evacuation Pause) 167M->62M(190M) 1.103ms
[543.998s][info][gc] GC(8182) Pause Young (Normal) (G1 Evacuation Pause) 168M->64M(190M) 1.174ms
[544.054s][info][gc] GC(8183) Pause Young (Normal) (G1 Evacuation Pause) 168M->64M(190M) 1.305ms
[544.104s][info][gc] GC(8184) Pause Young (Normal) (G1 Evacuation Pause) 169M->65M(190M) 1.291ms
[544.160s][info][gc] GC(8185) Pause Young (Normal) (G1 Evacuation Pause) 169M->65M(190M) 1.130ms
[544.210s][info][gc] GC(8186) Pause Young (Normal) (G1 Evacuation Pause) 168M->67M(190M) 1.100ms
[544.268s][info][gc] GC(8187) Pause Young (Normal) (G1 Evacuation Pause) 169M->68M(190M) 1.235ms
[544.314s][info][gc] GC(8188) Pause Young (Normal) (G1 Evacuation Pause) 169M->69M(190M) 1.102ms
[544.369s][info][gc] GC(8189) Pause Young (Concurrent Start) (G1 Evacuation Pause) 170M->69M(190M) 1.142ms
[544.369s][info][gc] GC(8190) Concurrent Mark Cycle
[544.380s][info][gc] GC(8190) Pause Remark 90M->86M(190M) 0.415ms
[544.386s][info][gc] GC(8190) Pause Cleanup 97M->97M(190M) 0.054ms
[544.386s][info][gc] GC(8190) Concurrent Mark Cycle 17.762ms
[544.420s][info][gc] GC(8191) Pause Young (Prepare Mixed) (G1 Evacuation Pause) 165M->67M(190M) 1.294ms
[544.475s][info][gc] GC(8192) Pause Young (Mixed) (G1 Evacuation Pause) 170M->65M(190M) 1.103ms
[544.523s][info][gc] GC(8193) Pause Young (Normal) (G1 Evacuation Pause) 171M->66M(190M) 1.100ms
[544.583s][info][gc] GC(8194) Pause Young (Normal) (G1 Evacuation Pause) 170M->67M(190M) 1.241ms
[544.629s][info][gc] GC(8195) Pause Young (Normal) (G1 Evacuation Pause) 170M->67M(190M) 1.097ms
[544.683s][info][gc] GC(8196) Pause Young (Normal) (G1 Evacuation Pause) 170M->69M(190M) 1.194ms
[544.732s][info][gc] GC(8197) Pause Young (Normal) (G1 Evacuation Pause) 170M->69M(190M) 1.094ms
[544.792s][info][gc] GC(8198) Pause Young (Normal) (G1 Evacuation Pause) 171M->71M(190M) 1.186ms
[544.836s][info][gc] GC(8199) Pause Young (Concurrent Start) (G1 Evacuation Pause) 170M->71M(190M) 1.298ms
[544.836s][info][gc] GC(8200) Concurrent Mark Cycle
[544.846s][info][gc] GC(8200) Pause Remark 97M->97M(190M) 0.415ms
[544.855s][info][gc] GC(8200) Pause Cleanup 113M->113M(190M) 0.055ms
[544.856s][info][gc] GC(8200) Concurrent Mark Cycle 19.937ms
[544.890s][info][gc] GC(8201) Pause Young (Prepare Mixed) (G1 Evacuation Pause) 171M->71M(190M) 1.147ms
[544.938s][info][gc] GC(8202) Pause Young (Mixed) (G1 Evacuation Pause) 170M->71M(190M) 1.321ms
[544.992s][info][gc] GC(8203) Pause Young (Concurrent Start) (G1 Evacuation Pause) 170M->71M(190M) 1.121ms
[544.992s][info][gc] GC(8204) Concurrent Mark Cycle
[545.005s][info][gc] GC(8204) Pause Remark 95M->95M(190M) 0.424ms
[545.012s][info][gc] GC(8204) Pause Cleanup 108M->108M(190M) 0.053ms
[545.012s][info][gc] GC(8204) Concurrent Mark Cycle 19.372ms
[545.041s][info][gc] GC(8205) Pause Young (Prepare Mixed) (G1 Evacuation Pause) 169M->72M(190M) 1.158ms
[545.095s][info][gc] GC(8206) Pause Young (Mixed) (G1 Evacuation Pause) 169M->72M(190M) 1.162ms
[545.141s][info][gc] GC(8207) Pause Young (Concurrent Start) (G1 Evacuation Pause) 170M->72M(190M) 1.174ms
[545.141s][info][gc] GC(8208) Concurrent Mark Cycle
[545.153s][info][gc] GC(8208) Pause Remark 94M->94M(190M) 0.403ms
[545.161s][info][gc] GC(8208) Pause Cleanup 113M->113M(190M) 0.056ms
[545.161s][info][gc] GC(8208) Concurrent Mark Cycle 20.074ms
[545.201s][info][gc] GC(8209) Pause Young (Prepare Mixed) (G1 Evacuation Pause) 169M->74M(190M) 1.170ms
[545.244s][info][gc] GC(8210) Pause Young (Mixed) (G1 Evacuation Pause) 170M->73M(190M) 1.111ms
[545.296s][info][gc] GC(8211) Pause Young (Concurrent Start) (G1 Evacuation Pause) 170M->73M(190M) 1.041ms
[545.296s][info][gc] GC(8212) Concurrent Mark Cycle
[545.306s][info][gc] GC(8212) Pause Remark 84M->84M(190M) 0.411ms
[545.316s][info][gc] GC(8212) Pause Cleanup 106M->106M(190M) 0.044ms
[545.316s][info][gc] GC(8212) Concurrent Mark Cycle 20.034ms
[545.355s][info][gc] GC(8213) Pause Young (Prepare Mixed) (G1 Evacuation Pause) 170M->75M(190M) 1.161ms
[545.399s][info][gc] GC(8214) Pause Young (Mixed) (G1 Evacuation Pause) 170M->73M(190M) 1.387ms
[545.457s][info][gc] GC(8215) Pause Young (Concurrent Start) (G1 Evacuation Pause) 171M->75M(190M) 1.261ms
[545.457s][info][gc] GC(8216) Concurrent Mark Cycle
[545.468s][info][gc] GC(8216) Pause Remark 91M->91M(190M) 0.437ms
[545.478s][info][gc] GC(8216) Pause Cleanup 106M->106M(190M) 0.059ms
[545.478s][info][gc] GC(8216) Concurrent Mark Cycle 20.977ms
[545.507s][info][gc] GC(8217) Pause Young (Prepare Mixed) (G1 Evacuation Pause) 169M->75M(190M) 1.170ms
[545.561s][info][gc] GC(8218) Pause Young (Mixed) (G1 Evacuation Pause) 170M->76M(224M) 1.174ms
[545.623s][info][gc] GC(8219) Pause Young (Normal) (G1 Evacuation Pause) 201M->76M(224M) 1.133ms
[545.690s][info][gc] GC(8220) Pause Young (Normal) (G1 Evacuation Pause) 202M->78M(224M) 1.180ms
[545.846s][info][gc] GC(8221) Pause Young (Normal) (G1 Evacuation Pause) 201M->80M(224M) 1.426ms
[545.902s][info][gc] GC(8222) Pause Young (Normal) (G1 Evacuation Pause) 198M->82M(224M) 1.359ms
[545.966s][info][gc] GC(8223) Pause Young (Normal) (G1 Evacuation Pause) 200M->82M(224M) 1.469ms
[546.024s][info][gc] GC(8224) Pause Young (Normal) (G1 Evacuation Pause) 200M->83M(224M) 1.344ms
[546.091s][info][gc] GC(8225) Pause Young (Normal) (G1 Evacuation Pause) 200M->84M(224M) 1.422ms
[546.144s][info][gc] GC(8226) Pause Young (Concurrent Start) (G1 Evacuation Pause) 200M->85M(224M) 1.247ms
[546.144s][info][gc] GC(8227) Concurrent Mark Cycle
[546.150s][info][gc] GC(8227) Pause Remark 96M->65M(184M) 0.427ms
[546.153s][info][gc] GC(8227) Pause Cleanup 67M->67M(184M) 0.061ms
[546.153s][info][gc] GC(8227) Concurrent Mark Cycle 9.324ms
[546.207s][info][gc] GC(8228) Pause Young (Prepare Mixed) (G1 Evacuation Pause) 156M->55M(184M) 1.379ms
[546.251s][info][gc] GC(8229) Pause Young (Mixed) (G1 Evacuation Pause) 155M->50M(184M) 1.164ms
[546.312s][info][gc] GC(8230) Pause Young (Normal) (G1 Evacuation Pause) 152M->51M(184M) 1.073ms
[546.360s][info][gc] GC(8231) Pause Young (Normal) (G1 Evacuation Pause) 152M->52M(184M) 1.022ms
[546.422s][info][gc] GC(8232) Pause Young (Normal) (G1 Evacuation Pause) 154M->53M(184M) 1.114ms
[546.467s][info][gc] GC(8233) Pause Young (Normal) (G1 Evacuation Pause) 153M->53M(184M) 1.108ms
[546.522s][info][gc] GC(8234) Pause Young (Normal) (G1 Evacuation Pause) 155M->56M(184M) 1.075ms
[546.570s][info][gc] GC(8235) Pause Young (Normal) (G1 Evacuation Pause) 156M->55M(184M) 1.122ms
[546.626s][info][gc] GC(8236) Pause Young (Normal) (G1 Evacuation Pause) 157M->57M(184M) 1.154ms
[546.674s][info][gc] GC(8237) Pause Young (Normal) (G1 Evacuation Pause) 158M->57M(184M) 1.093ms
[546.732s][info][gc] GC(8238) Pause Young (Normal) (G1 Evacuation Pause) 159M->58M(184M) 1.137ms
[546.779s][info][gc] GC(8239) Pause Young (Normal) (G1 Evacuation Pause) 159M->60M(184M) 1.160ms
[546.832s][info][gc] GC(8240) Pause Young (Normal) (G1 Evacuation Pause) 161M->61M(184M) 1.184ms
[546.880s][info][gc] GC(8241) Pause Young (Normal) (G1 Evacuation Pause) 162M->61M(184M) 1.091ms
[546.933s][info][gc] GC(8242) Pause Young (Normal) (G1 Evacuation Pause) 162M->62M(184M) 1.198ms
[546.982s][info][gc] GC(8243) Pause Young (Normal) (G1 Evacuation Pause) 163M->63M(184M) 1.127ms
[547.038s][info][gc] GC(8244) Pause Young (Normal) (G1 Evacuation Pause) 163M->64M(184M) 1.066ms
[547.085s][info][gc] GC(8245) Pause Young (Normal) (G1 Evacuation Pause) 163M->65M(184M) 1.188ms
[547.139s][info][gc] GC(8246) Pause Young (Normal) (G1 Evacuation Pause) 163M->65M(184M) 1.073ms
[547.185s][info][gc] GC(8247) Pause Young (Normal) (G1 Evacuation Pause) 163M->66M(184M) 1.067ms
[547.242s][info][gc] GC(8248) Pause Young (Normal) (G1 Evacuation Pause) 162M->67M(184M) 1.119ms
[547.287s][info][gc] GC(8249) Pause Young (Normal) (G1 Evacuation Pause) 163M->68M(184M) 1.092ms
[547.342s][info][gc] GC(8250) Pause Young (Normal) (G1 Evacuation Pause) 163M->69M(184M) 1.097ms
[547.386s][info][gc] GC(8251) Pause Young (Concurrent Start) (G1 Evacuation Pause) 164M->70M(184M) 1.196ms
[547.386s][info][gc] GC(8252) Concurrent Mark Cycle
[547.396s][info][gc] GC(8252) Pause Remark 91M->90M(184M) 0.410ms
[547.406s][info][gc] GC(8252) Pause Cleanup 115M->115M(184M) 0.050ms
[547.406s][info][gc] GC(8252) Concurrent Mark Cycle 20.022ms
[547.442s][info][gc] GC(8253) Pause Young (Prepare Mixed) (G1 Evacuation Pause) 163M->70M(184M) 1.112ms
[547.484s][info][gc] GC(8254) Pause Young (Mixed) (G1 Evacuation Pause) 164M->67M(184M) 1.034ms
[547.534s][info][gc] GC(8255) Pause Young (Normal) (G1 Evacuation Pause) 165M->67M(184M) 1.143ms
[547.583s][info][gc] GC(8256) Pause Young (Normal) (G1 Evacuation Pause) 165M->69M(184M) 1.019ms
[547.624s][info][gc] GC(8257) Pause Young (Concurrent Start) (G1 Evacuation Pause) 163M->69M(184M) 1.195ms
[547.624s][info][gc] GC(8258) Concurrent Mark Cycle
[547.637s][info][gc] GC(8258) Pause Remark 85M->85M(184M) 0.476ms
[547.645s][info][gc] GC(8258) Pause Cleanup 91M->91M(184M) 0.052ms
[547.645s][info][gc] GC(8258) Concurrent Mark Cycle 20.466ms
[547.686s][info][gc] GC(8259) Pause Young (Prepare Mixed) (G1 Evacuation Pause) 165M->71M(184M) 1.260ms
[547.726s][info][gc] GC(8260) Pause Young (Mixed) (G1 Evacuation Pause) 163M->70M(184M) 1.124ms
[547.778s][info][gc] GC(8261) Pause Young (Concurrent Start) (G1 Evacuation Pause) 164M->70M(184M) 1.196ms
[547.778s][info][gc] GC(8262) Concurrent Mark Cycle
[547.789s][info][gc] GC(8262) Pause Remark 91M->91M(184M) 0.420ms
[547.800s][info][gc] GC(8262) Pause Cleanup 109M->109M(184M) 0.046ms
[547.800s][info][gc] GC(8262) Concurrent Mark Cycle 21.404ms
[547.826s][info][gc] GC(8263) Pause Young (Prepare Mixed) (G1 Evacuation Pause) 165M->72M(184M) 1.201ms
[547.877s][info][gc] GC(8264) Pause Young (Mixed) (G1 Evacuation Pause) 163M->71M(184M) 1.100ms
[547.922s][info][gc] GC(8265) Pause Young (Concurrent Start) (G1 Evacuation Pause) 164M->71M(184M) 1.066ms
[547.922s][info][gc] GC(8266) Concurrent Mark Cycle
[547.931s][info][gc] GC(8266) Pause Remark 86M->86M(184M) 0.447ms
[547.941s][info][gc] GC(8266) Pause Cleanup 110M->110M(184M) 0.055ms
[547.941s][info][gc] GC(8266) Concurrent Mark Cycle 18.551ms
[547.978s][info][gc] GC(8267) Pause Young (Prepare Mixed) (G1 Evacuation Pause) 165M->73M(184M) 1.089ms
[548.023s][info][gc] GC(8268) Pause Young (Mixed) (G1 Evacuation Pause) 163M->73M(184M) 1.136ms
[548.072s][info][gc] GC(8269) Pause Young (Concurrent Start) (G1 Evacuation Pause) 165M->73M(184M) 1.048ms
[548.072s][info][gc] GC(8270) Concurrent Mark Cycle
[548.083s][info][gc] GC(8270) Pause Remark 92M->92M(184M) 0.397ms
[548.096s][info][gc] GC(8270) Pause Cleanup 118M->118M(184M) 0.048ms
[548.096s][info][gc] GC(8270) Concurrent Mark Cycle 24.048ms
[548.120s][info][gc] GC(8271) Pause Young (Prepare Mixed) (G1 Evacuation Pause) 166M->74M(184M) 1.089ms
[548.158s][info][gc] GC(8272) Pause Young (Mixed) (G1 Evacuation Pause) 163M->73M(184M) 1.020ms
[548.210s][info][gc] GC(8273) Pause Young (Concurrent Start) (G1 Evacuation Pause) 165M->75M(184M) 1.055ms
[548.210s][info][gc] GC(8274) Concurrent Mark Cycle
[548.222s][info][gc] GC(8274) Pause Remark 98M->98M(184M) 0.409ms
[548.235s][info][gc] GC(8274) Pause Cleanup 121M->121M(184M) 0.051ms
[548.235s][info][gc] GC(8274) Concurrent Mark Cycle 25.090ms
[548.255s][info][gc] GC(8275) Pause Young (Prepare Mixed) (G1 Evacuation Pause) 165M->76M(184M) 1.053ms
[548.307s][info][gc] GC(8276) Pause Young (Mixed) (G1 Evacuation Pause) 165M->76M(184M) 1.097ms
[548.350s][info][gc] GC(8277) Pause Young (Concurrent Start) (G1 Evacuation Pause) 165M->78M(184M) 1.221ms
[548.350s][info][gc] GC(8278) Concurrent Mark Cycle
[548.361s][info][gc] GC(8278) Pause Remark 99M->99M(184M) 0.408ms
[548.373s][info][gc] GC(8278) Pause Cleanup 125M->125M(184M) 0.035ms
[548.373s][info][gc] GC(8278) Concurrent Mark Cycle 22.694ms
[548.404s][info][gc] GC(8279) Pause Young (Prepare Mixed) (G1 Evacuation Pause) 164M->78M(184M) 1.103ms
[548.444s][info][gc] GC(8280) Pause Young (Mixed) (G1 Evacuation Pause) 166M->78M(218M) 1.184ms
[548.574s][info][gc] GC(8281) Pause Young (Normal) (G1 Evacuation Pause) 196M->78M(218M) 1.043ms
[548.642s][info][gc] GC(8282) Pause Young (Normal) (G1 Evacuation Pause) 198M->81M(218M) 1.223ms
[548.707s][info][gc] GC(8283) Pause Young (Normal) (G1 Evacuation Pause) 195M->82M(218M) 1.344ms
[548.760s][info][gc] GC(8284) Pause Young (Normal) (G1 Evacuation Pause) 195M->82M(218M) 1.311ms
[548.821s][info][gc] GC(8285) Pause Young (Normal) (G1 Evacuation Pause) 194M->84M(218M) 1.219ms
[548.876s][info][gc] GC(8286) Pause Young (Concurrent Start) (G1 Evacuation Pause) 195M->85M(218M) 1.350ms
[548.876s][info][gc] GC(8287) Concurrent Mark Cycle
[548.883s][info][gc] GC(8287) Pause Remark 102M->72M(187M) 0.457ms
[548.887s][info][gc] GC(8287) Pause Cleanup 82M->82M(187M) 0.057ms
[548.888s][info][gc] GC(8287) Concurrent Mark Cycle 11.698ms
[548.934s][info][gc] GC(8288) Pause Young (Prepare Mixed) (G1 Evacuation Pause) 158M->56M(187M) 1.290ms
[548.979s][info][gc] GC(8289) Pause Young (Mixed) (G1 Evacuation Pause) 159M->51M(187M) 1.165ms
[549.035s][info][gc] GC(8290) Pause Young (Normal) (G1 Evacuation Pause) 155M->53M(187M) 1.201ms
[549.085s][info][gc] GC(8291) Pause Young (Normal) (G1 Evacuation Pause) 156M->54M(187M) 1.177ms
[549.139s][info][gc] GC(8292) Pause Young (Normal) (G1 Evacuation Pause) 157M->54M(187M) 1.136ms
[549.189s][info][gc] GC(8293) Pause Young (Normal) (G1 Evacuation Pause) 158M->56M(187M) 1.139ms
[549.241s][info][gc] GC(8294) Pause Young (Normal) (G1 Evacuation Pause) 159M->56M(187M) 1.087ms
[549.298s][info][gc] GC(8295) Pause Young (Normal) (G1 Evacuation Pause) 160M->58M(187M) 1.238ms
[549.355s][info][gc] GC(8296) Pause Young (Normal) (G1 Evacuation Pause) 160M->58M(187M) 1.176ms
[549.403s][info][gc] GC(8297) Pause Young (Normal) (G1 Evacuation Pause) 162M->58M(187M) 1.228ms
[549.459s][info][gc] GC(8298) Pause Young (Normal) (G1 Evacuation Pause) 161M->60M(187M) 1.159ms
[549.509s][info][gc] GC(8299) Pause Young (Normal) (G1 Evacuation Pause) 163M->61M(187M) 1.184ms
[549.565s][info][gc] GC(8300) Pause Young (Normal) (G1 Evacuation Pause) 164M->61M(187M) 1.111ms
[549.613s][info][gc] GC(8301) Pause Young (Normal) (G1 Evacuation Pause) 165M->62M(187M) 1.061ms
[549.668s][info][gc] GC(8302) Pause Young (Normal) (G1 Evacuation Pause) 165M->63M(187M) 1.290ms
[549.720s][info][gc] GC(8303) Pause Young (Normal) (G1 Evacuation Pause) 166M->64M(187M) 1.341ms
[549.772s][info][gc] GC(8304) Pause Young (Normal) (G1 Evacuation Pause) 167M->65M(187M) 1.327ms
[549.825s][info][gc] GC(8305) Pause Young (Normal) (G1 Evacuation Pause) 168M->66M(187M) 1.148ms
[549.877s][info][gc] GC(8306) Pause Young (Normal) (G1 Evacuation Pause) 165M->66M(187M) 1.109ms
[549.926s][info][gc] GC(8307) Pause Young (Normal) (G1 Evacuation Pause) 167M->67M(187M) 1.047ms
[549.980s][info][gc] GC(8308) Pause Young (Normal) (G1 Evacuation Pause) 168M->68M(187M) 1.195ms
[550.027s][info][gc] GC(8309) Pause Young (Normal) (G1 Evacuation Pause) 167M->68M(187M) 1.058ms
[550.080s][info][gc] GC(8310) Pause Young (Normal) (G1 Evacuation Pause) 169M->69M(187M) 1.018ms
[550.130s][info][gc] GC(8311) Pause Young (Normal) (G1 Evacuation Pause) 168M->70M(187M) 1.183ms
[550.192s][info][gc] GC(8312) Pause Young (Concurrent Start) (G1 Evacuation Pause) 166M->71M(187M) 1.104ms
[550.192s][info][gc] GC(8313) Concurrent Mark Cycle
[550.202s][info][gc] GC(8313) Pause Remark 92M->92M(187M) 0.467ms
[550.210s][info][gc] GC(8313) Pause Cleanup 104M->104M(187M) 0.060ms
[550.210s][info][gc] GC(8313) Concurrent Mark Cycle 17.552ms
[550.245s][info][gc] GC(8314) Pause Young (Prepare Mixed) (G1 Evacuation Pause) 166M->72M(187M) 1.161ms
[550.308s][info][gc] GC(8315) Pause Young (Mixed) (G1 Evacuation Pause) 168M->70M(187M) 1.239ms
[550.358s][info][gc] GC(8316) Pause Young (Concurrent Start) (G1 Evacuation Pause) 166M->71M(187M) 1.194ms
[550.358s][info][gc] GC(8317) Concurrent Mark Cycle
[550.369s][info][gc] GC(8317) Pause Remark 94M->94M(187M) 0.499ms
[550.376s][info][gc] GC(8317) Pause Cleanup 108M->108M(187M) 0.052ms
[550.377s][info][gc] GC(8317) Concurrent Mark Cycle 18.353ms
[550.407s][info][gc] GC(8318) Pause Young (Prepare Mixed) (G1 Evacuation Pause) 166M->70M(187M) 1.215ms
[550.475s][info][gc] GC(8319) Pause Young (Mixed) (G1 Evacuation Pause) 169M->71M(187M) 1.202ms
[550.525s][info][gc] GC(8320) Pause Young (Concurrent Start) (G1 Evacuation Pause) 168M->71M(187M) 1.260ms
[550.525s][info][gc] GC(8321) Concurrent Mark Cycle
[550.537s][info][gc] GC(8321) Pause Remark 86M->86M(187M) 0.448ms
[550.546s][info][gc] GC(8321) Pause Cleanup 90M->90M(187M) 0.069ms
[550.546s][info][gc] GC(8321) Concurrent Mark Cycle 21.470ms
[550.593s][info][gc] GC(8322) Pause Young (Prepare Mixed) (G1 Evacuation Pause) 166M->73M(187M) 1.272ms
[550.644s][info][gc] GC(8323) Pause Young (Mixed) (G1 Evacuation Pause) 166M->72M(187M) 1.166ms
[550.700s][info][gc] GC(8324) Pause Young (Concurrent Start) (G1 Evacuation Pause) 167M->73M(187M) 1.329ms
[550.700s][info][gc] GC(8325) Concurrent Mark Cycle
[550.710s][info][gc] GC(8325) Pause Remark 89M->89M(187M) 0.535ms
[550.720s][info][gc] GC(8325) Pause Cleanup 105M->105M(187M) 0.053ms
[550.720s][info][gc] GC(8325) Concurrent Mark Cycle 20.033ms
[550.751s][info][gc] GC(8326) Pause Young (Prepare Mixed) (G1 Evacuation Pause) 167M->74M(187M) 1.031ms
[550.807s][info][gc] GC(8327) Pause Young (Mixed) (G1 Evacuation Pause) 169M->74M(187M) 1.292ms
[550.853s][info][gc] GC(8328) Pause Young (Concurrent Start) (G1 Evacuation Pause) 168M->74M(187M) 1.187ms
[550.853s][info][gc] GC(8329) Concurrent Mark Cycle
[550.862s][info][gc] GC(8329) Pause Remark 91M->91M(187M) 0.420ms
[550.871s][info][gc] GC(8329) Pause Cleanup 110M->110M(187M) 0.051ms
[550.871s][info][gc] GC(8329) Concurrent Mark Cycle 18.636ms
[550.908s][info][gc] GC(8330) Pause Young (Prepare Mixed) (G1 Evacuation Pause) 168M->75M(187M) 1.262ms
[550.955s][info][gc] GC(8331) Pause Young (Mixed) (G1 Evacuation Pause) 167M->75M(187M) 1.166ms
[551.002s][info][gc] GC(8332) Pause Young (Concurrent Start) (G1 Evacuation Pause) 166M->75M(187M) 1.149ms
[551.002s][info][gc] GC(8333) Concurrent Mark Cycle
[551.012s][info][gc] GC(8333) Pause Remark 86M->86M(187M) 0.428ms
[551.022s][info][gc] GC(8333) Pause Cleanup 103M->103M(187M) 0.051ms
[551.022s][info][gc] GC(8333) Concurrent Mark Cycle 19.464ms
[551.055s][info][gc] GC(8334) Pause Young (Prepare Mixed) (G1 Evacuation Pause) 169M->76M(187M) 1.098ms
[551.097s][info][gc] GC(8335) Pause Young (Mixed) (G1 Evacuation Pause) 168M->75M(187M) 1.099ms
[551.152s][info][gc] GC(8336) Pause Young (Concurrent Start) (G1 Evacuation Pause) 170M->76M(187M) 1.127ms
[551.152s][info][gc] GC(8337) Concurrent Mark Cycle
[551.162s][info][gc] GC(8337) Pause Remark 91M->91M(187M) 0.404ms
[551.173s][info][gc] GC(8337) Pause Cleanup 115M->115M(187M) 0.052ms
[551.173s][info][gc] GC(8337) Concurrent Mark Cycle 21.457ms
[551.197s][info][gc] GC(8338) Pause Young (Prepare Mixed) (G1 Evacuation Pause) 167M->77M(187M) 1.059ms
[551.250s][info][gc] GC(8339) Pause Young (Mixed) (G1 Evacuation Pause) 168M->78M(187M) 1.091ms
[551.296s][info][gc] GC(8340) Pause Young (Concurrent Start) (G1 Evacuation Pause) 168M->79M(187M) 1.108ms
[551.296s][info][gc] GC(8341) Concurrent Mark Cycle
[551.307s][info][gc] GC(8341) Pause Remark 103M->103M(187M) 0.413ms
[551.316s][info][gc] GC(8341) Pause Cleanup 115M->115M(187M) 0.047ms
[551.316s][info][gc] GC(8341) Concurrent Mark Cycle 19.944ms
[551.442s][info][gc] GC(8342) Pause Young (Prepare Mixed) (G1 Evacuation Pause) 169M->81M(187M) 1.149ms
[551.483s][info][gc] GC(8343) Pause Young (Mixed) (G1 Evacuation Pause) 169M->82M(187M) 1.158ms
[551.521s][info][gc] GC(8344) Pause Young (Concurrent Start) (G1 Evacuation Pause) 169M->81M(187M) 1.180ms
[551.521s][info][gc] GC(8345) Concurrent Mark Cycle
[551.526s][info][gc] GC(8345) Pause Remark 89M->59M(174M) 0.446ms
[551.529s][info][gc] GC(8345) Pause Cleanup 61M->61M(174M) 0.053ms
[551.529s][info][gc] GC(8345) Concurrent Mark Cycle 7.523ms
[551.573s][info][gc] GC(8346) Pause Young (Prepare Mixed) (G1 Evacuation Pause) 140M->53M(174M) 1.152ms
[551.619s][info][gc] GC(8347) Pause Young (Mixed) (G1 Evacuation Pause) 149M->48M(174M) 1.277ms
[551.673s][info][gc] GC(8348) Pause Young (Normal) (G1 Evacuation Pause) 144M->49M(174M) 1.315ms
[551.718s][info][gc] GC(8349) Pause Young (Normal) (G1 Evacuation Pause) 145M->49M(174M) 1.073ms
[551.777s][info][gc] GC(8350) Pause Young (Normal) (G1 Evacuation Pause) 146M->51M(174M) 1.085ms
[551.821s][info][gc] GC(8351) Pause Young (Normal) (G1 Evacuation Pause) 146M->51M(174M) 1.176ms
[551.879s][info][gc] GC(8352) Pause Young (Normal) (G1 Evacuation Pause) 147M->52M(174M) 1.028ms
[551.930s][info][gc] GC(8353) Pause Young (Normal) (G1 Evacuation Pause) 147M->52M(174M) 1.237ms
[551.991s][info][gc] GC(8354) Pause Young (Normal) (G1 Evacuation Pause) 148M->54M(174M) 1.330ms
[552.039s][info][gc] GC(8355) Pause Young (Normal) (G1 Evacuation Pause) 150M->54M(174M) 1.112ms
[552.095s][info][gc] GC(8356) Pause Young (Normal) (G1 Evacuation Pause) 150M->54M(174M) 1.052ms
[552.147s][info][gc] GC(8357) Pause Young (Normal) (G1 Evacuation Pause) 151M->56M(174M) 1.070ms
[552.193s][info][gc] GC(8358) Pause Young (Normal) (G1 Evacuation Pause) 151M->56M(174M) 1.073ms
[552.256s][info][gc] GC(8359) Pause Young (Normal) (G1 Evacuation Pause) 152M->57M(174M) 1.207ms
[552.302s][info][gc] GC(8360) Pause Young (Normal) (G1 Evacuation Pause) 152M->59M(174M) 1.177ms
[552.362s][info][gc] GC(8361) Pause Young (Normal) (G1 Evacuation Pause) 155M->59M(174M) 1.099ms
[552.408s][info][gc] GC(8362) Pause Young (Normal) (G1 Evacuation Pause) 154M->60M(174M) 1.163ms
[552.466s][info][gc] GC(8363) Pause Young (Normal) (G1 Evacuation Pause) 155M->61M(174M) 1.471ms
[552.510s][info][gc] GC(8364) Pause Young (Normal) (G1 Evacuation Pause) 154M->61M(174M) 1.186ms
[552.563s][info][gc] GC(8365) Pause Young (Normal) (G1 Evacuation Pause) 154M->62M(174M) 1.081ms
[552.607s][info][gc] GC(8366) Pause Young (Normal) (G1 Evacuation Pause) 155M->62M(174M) 1.050ms
[552.662s][info][gc] GC(8367) Pause Young (Normal) (G1 Evacuation Pause) 154M->64M(174M) 1.144ms
[552.704s][info][gc] GC(8368) Pause Young (Normal) (G1 Evacuation Pause) 154M->64M(174M) 1.105ms
[552.742s][info][gc] GC(8369) Pause Young (Normal) (G1 Evacuation Pause) 154M->64M(174M) 1.004ms
[552.796s][info][gc] GC(8370) Pause Young (Normal) (G1 Evacuation Pause) 154M->66M(174M) 1.101ms
[552.839s][info][gc] GC(8371) Pause Young (Normal) (G1 Evacuation Pause) 154M->66M(174M) 1.112ms
[552.891s][info][gc] GC(8372) Pause Young (Concurrent Start) (G1 Evacuation Pause) 155M->67M(174M) 1.075ms
[552.891s][info][gc] GC(8373) Concurrent Mark Cycle
[552.902s][info][gc] GC(8373) Pause Remark 91M->90M(174M) 0.455ms
[552.911s][info][gc] GC(8373) Pause Cleanup 107M->107M(174M) 0.046ms
[552.911s][info][gc] GC(8373) Concurrent Mark Cycle 19.406ms
[552.936s][info][gc] GC(8374) Pause Young (Prepare Mixed) (G1 Evacuation Pause) 154M->67M(174M) 1.210ms
[552.981s][info][gc] GC(8375) Pause Young (Mixed) (G1 Evacuation Pause) 154M->64M(174M) 1.096ms
[553.026s][info][gc] GC(8376) Pause Young (Normal) (G1 Evacuation Pause) 155M->66M(174M) 1.052ms
[553.067s][info][gc] GC(8377) Pause Young (Normal) (G1 Evacuation Pause) 155M->65M(174M) 0.917ms
[553.119s][info][gc] GC(8378) Pause Young (Concurrent Start) (G1 Evacuation Pause) 157M->67M(174M) 1.167ms
[553.119s][info][gc] GC(8379) Concurrent Mark Cycle
[553.128s][info][gc] GC(8379) Pause Remark 79M->79M(174M) 0.414ms
[553.139s][info][gc] GC(8379) Pause Cleanup 107M->107M(174M) 0.048ms
[553.139s][info][gc] GC(8379) Concurrent Mark Cycle 19.992ms
[553.162s][info][gc] GC(8380) Pause Young (Prepare Mixed) (G1 Evacuation Pause) 155M->68M(174M) 1.017ms
[553.209s][info][gc] GC(8381) Pause Young (Mixed) (G1 Evacuation Pause) 156M->67M(174M) 1.058ms
[553.254s][info][gc] GC(8382) Pause Young (Concurrent Start) (G1 Evacuation Pause) 156M->68M(174M) 1.055ms
[553.254s][info][gc] GC(8383) Concurrent Mark Cycle
[553.266s][info][gc] GC(8383) Pause Remark 94M->94M(174M) 0.433ms
[553.276s][info][gc] GC(8383) Pause Cleanup 116M->116M(174M) 0.050ms
[553.276s][info][gc] GC(8383) Concurrent Mark Cycle 21.675ms
[553.301s][info][gc] GC(8384) Pause Young (Prepare Mixed) (G1 Evacuation Pause) 156M->68M(174M) 1.052ms
[553.348s][info][gc] GC(8385) Pause Young (Mixed) (G1 Evacuation Pause) 156M->68M(174M) 1.233ms
[553.387s][info][gc] GC(8386) Pause Young (Concurrent Start) (G1 Evacuation Pause) 155M->68M(174M) 1.057ms
[553.387s][info][gc] GC(8387) Concurrent Mark Cycle
[553.398s][info][gc] GC(8387) Pause Remark 79M->79M(174M) 0.521ms
[553.405s][info][gc] GC(8387) Pause Cleanup 82M->82M(174M) 0.047ms
[553.405s][info][gc] GC(8387) Concurrent Mark Cycle 18.291ms
[553.444s][info][gc] GC(8388) Pause Young (Prepare Mixed) (G1 Evacuation Pause) 157M->70M(208M) 1.149ms
[553.500s][info][gc] GC(8389) Pause Young (Mixed) (G1 Evacuation Pause) 186M->69M(208M) 1.195ms
[553.567s][info][gc] GC(8390) Pause Young (Normal) (G1 Evacuation Pause) 185M->71M(208M) 1.312ms
[553.629s][info][gc] GC(8391) Pause Young (Normal) (G1 Evacuation Pause) 185M->72M(208M) 1.289ms
[553.685s][info][gc] GC(8392) Pause Young (Normal) (G1 Evacuation Pause) 186M->72M(208M) 1.249ms
[553.748s][info][gc] GC(8393) Pause Young (Normal) (G1 Evacuation Pause) 187M->74M(208M) 1.328ms
[553.804s][info][gc] GC(8394) Pause Young (Normal) (G1 Evacuation Pause) 186M->74M(208M) 1.427ms
[553.864s][info][gc] GC(8395) Pause Young (Normal) (G1 Evacuation Pause) 187M->75M(208M) 1.174ms
[553.920s][info][gc] GC(8396) Pause Young (Normal) (G1 Evacuation Pause) 187M->76M(208M) 1.274ms
[553.983s][info][gc] GC(8397) Pause Young (Normal) (G1 Evacuation Pause) 187M->77M(208M) 1.414ms
[554.030s][info][gc] GC(8398) Pause Young (Normal) (G1 Evacuation Pause) 185M->77M(208M) 1.087ms
[554.093s][info][gc] GC(8399) Pause Young (Concurrent Start) (G1 Evacuation Pause) 187M->79M(208M) 1.147ms
[554.093s][info][gc] GC(8400) Concurrent Mark Cycle
[554.105s][info][gc] GC(8400) Pause Remark 100M->100M(208M) 0.405ms
[554.121s][info][gc] GC(8400) Pause Cleanup 134M->134M(208M) 0.051ms
[554.122s][info][gc] GC(8400) Concurrent Mark Cycle 28.779ms
[554.146s][info][gc] GC(8401) Pause Young (Prepare Mixed) (G1 Evacuation Pause) 187M->78M(208M) 0.981ms
[554.285s][info][gc] GC(8402) Pause Young (Mixed) (G1 Evacuation Pause) 189M->81M(208M) 1.351ms
[554.331s][info][gc] GC(8403) Pause Young (Concurrent Start) (G1 Evacuation Pause) 185M->81M(208M) 1.191ms
[554.331s][info][gc] GC(8404) Concurrent Mark Cycle
[554.338s][info][gc] GC(8404) Pause Remark 90M->61M(177M) 0.437ms
[554.341s][info][gc] GC(8404) Pause Cleanup 63M->63M(177M) 0.054ms
[554.341s][info][gc] GC(8404) Concurrent Mark Cycle 10.311ms
[554.392s][info][gc] GC(8405) Pause Young (Prepare Mixed) (G1 Evacuation Pause) 150M->54M(177M) 1.281ms
[554.435s][info][gc] GC(8406) Pause Young (Mixed) (G1 Evacuation Pause) 151M->51M(177M) 1.164ms
[554.487s][info][gc] GC(8407) Pause Young (Normal) (G1 Evacuation Pause) 149M->52M(177M) 1.082ms
[554.536s][info][gc] GC(8408) Pause Young (Normal) (G1 Evacuation Pause) 150M->53M(177M) 1.342ms
[554.587s][info][gc] GC(8409) Pause Young (Normal) (G1 Evacuation Pause) 151M->53M(177M) 1.053ms
[554.634s][info][gc] GC(8410) Pause Young (Normal) (G1 Evacuation Pause) 151M->54M(177M) 1.201ms
[554.688s][info][gc] GC(8411) Pause Young (Normal) (G1 Evacuation Pause) 152M->55M(177M) 1.107ms
[554.733s][info][gc] GC(8412) Pause Young (Normal) (G1 Evacuation Pause) 152M->56M(177M) 1.046ms
[554.790s][info][gc] GC(8413) Pause Young (Normal) (G1 Evacuation Pause) 154M->57M(177M) 1.289ms
[554.837s][info][gc] GC(8414) Pause Young (Normal) (G1 Evacuation Pause) 154M->58M(177M) 1.076ms
[554.889s][info][gc] GC(8415) Pause Young (Normal) (G1 Evacuation Pause) 155M->58M(177M) 1.130ms
[554.937s][info][gc] GC(8416) Pause Young (Normal) (G1 Evacuation Pause) 156M->60M(177M) 1.208ms
[554.992s][info][gc] GC(8417) Pause Young (Normal) (G1 Evacuation Pause) 156M->61M(177M) 1.119ms
[555.036s][info][gc] GC(8418) Pause Young (Normal) (G1 Evacuation Pause) 156M->61M(177M) 1.068ms
[555.082s][info][gc] GC(8419) Pause Young (Normal) (G1 Evacuation Pause) 157M->61M(177M) 1.036ms
[555.135s][info][gc] GC(8420) Pause Young (Normal) (G1 Evacuation Pause) 159M->63M(177M) 1.218ms
[555.177s][info][gc] GC(8421) Pause Young (Normal) (G1 Evacuation Pause) 155M->63M(177M) 1.053ms
[555.231s][info][gc] GC(8422) Pause Young (Normal) (G1 Evacuation Pause) 158M->65M(177M) 1.132ms
[555.273s][info][gc] GC(8423) Pause Young (Normal) (G1 Evacuation Pause) 156M->65M(177M) 1.023ms
[555.326s][info][gc] GC(8424) Pause Young (Concurrent Start) (G1 Evacuation Pause) 159M->66M(177M) 1.147ms
[555.326s][info][gc] GC(8425) Concurrent Mark Cycle
[555.335s][info][gc] GC(8425) Pause Remark 84M->79M(177M) 0.411ms
[555.339s][info][gc] GC(8425) Pause Cleanup 87M->87M(177M) 0.058ms
[555.339s][info][gc] GC(8425) Concurrent Mark Cycle 13.334ms
[555.368s][info][gc] GC(8426) Pause Young (Prepare Mixed) (G1 Evacuation Pause) 151M->61M(177M) 1.041ms
[555.422s][info][gc] GC(8427) Pause Young (Mixed) (G1 Evacuation Pause) 159M->60M(177M) 1.052ms
[555.469s][info][gc] GC(8428) Pause Young (Normal) (G1 Evacuation Pause) 156M->61M(177M) 1.128ms
[555.520s][info][gc] GC(8429) Pause Young (Normal) (G1 Evacuation Pause) 156M->61M(177M) 1.149ms
[555.565s][info][gc] GC(8430) Pause Young (Normal) (G1 Evacuation Pause) 159M->63M(177M) 1.055ms
[555.611s][info][gc] GC(8431) Pause Young (Normal) (G1 Evacuation Pause) 157M->63M(177M) 1.038ms
[555.661s][info][gc] GC(8432) Pause Young (Normal) (G1 Evacuation Pause) 159M->64M(177M) 1.063ms
[555.706s][info][gc] GC(8433) Pause Young (Normal) (G1 Evacuation Pause) 158M->64M(177M) 0.954ms
[555.757s][info][gc] GC(8434) Pause Young (Concurrent Start) (G1 Evacuation Pause) 158M->66M(177M) 1.064ms
[555.757s][info][gc] GC(8435) Concurrent Mark Cycle
[555.765s][info][gc] GC(8435) Pause Remark 83M->83M(177M) 0.415ms
[555.770s][info][gc] GC(8435) Pause Cleanup 90M->90M(177M) 0.059ms
[555.770s][info][gc] GC(8435) Concurrent Mark Cycle 13.241ms
[555.803s][info][gc] GC(8436) Pause Young (Prepare Mixed) (G1 Evacuation Pause) 156M->66M(177M) 1.260ms
[555.855s][info][gc] GC(8437) Pause Young (Mixed) (G1 Evacuation Pause) 157M->66M(177M) 1.022ms
[555.900s][info][gc] GC(8438) Pause Young (Concurrent Start) (G1 Evacuation Pause) 158M->67M(177M) 1.058ms
[555.900s][info][gc] GC(8439) Concurrent Mark Cycle
[555.910s][info][gc] GC(8439) Pause Remark 87M->87M(177M) 0.403ms
[555.916s][info][gc] GC(8439) Pause Cleanup 97M->97M(177M) 0.057ms
[555.916s][info][gc] GC(8439) Concurrent Mark Cycle 15.238ms
[555.953s][info][gc] GC(8440) Pause Young (Prepare Mixed) (G1 Evacuation Pause) 157M->67M(177M) 1.194ms
[555.996s][info][gc] GC(8441) Pause Young (Mixed) (G1 Evacuation Pause) 157M->67M(177M) 1.164ms
[556.045s][info][gc] GC(8442) Pause Young (Concurrent Start) (G1 Evacuation Pause) 156M->67M(177M) 1.024ms
[556.045s][info][gc] GC(8443) Concurrent Mark Cycle
[556.053s][info][gc] GC(8443) Pause Remark 75M->75M(177M) 0.475ms
[556.058s][info][gc] GC(8443) Pause Cleanup 81M->81M(177M) 0.053ms
[556.058s][info][gc] GC(8443) Concurrent Mark Cycle 13.300ms
[556.097s][info][gc] GC(8444) Pause Young (Prepare Mixed) (G1 Evacuation Pause) 159M->69M(177M) 1.250ms
[556.138s][info][gc] GC(8445) Pause Young (Mixed) (G1 Evacuation Pause) 157M->67M(177M) 1.288ms
[556.190s][info][gc] GC(8446) Pause Young (Concurrent Start) (G1 Evacuation Pause) 157M->69M(177M) 1.247ms
[556.190s][info][gc] GC(8447) Concurrent Mark Cycle
[556.201s][info][gc] GC(8447) Pause Remark 86M->86M(177M) 0.444ms
[556.207s][info][gc] GC(8447) Pause Cleanup 97M->97M(177M) 0.062ms
[556.207s][info][gc] GC(8447) Concurrent Mark Cycle 16.605ms
[556.237s][info][gc] GC(8448) Pause Young (Prepare Mixed) (G1 Evacuation Pause) 158M->70M(177M) 1.120ms
[556.287s][info][gc] GC(8449) Pause Young (Mixed) (G1 Evacuation Pause) 156M->70M(211M) 1.312ms
[556.342s][info][gc] GC(8450) Pause Young (Normal) (G1 Evacuation Pause) 188M->71M(211M) 1.098ms
[556.406s][info][gc] GC(8451) Pause Young (Normal) (G1 Evacuation Pause) 188M->72M(211M) 1.204ms
[556.458s][info][gc] GC(8452) Pause Young (Normal) (G1 Evacuation Pause) 188M->72M(211M) 1.101ms
[556.523s][info][gc] GC(8453) Pause Young (Normal) (G1 Evacuation Pause) 189M->74M(211M) 1.225ms
[556.573s][info][gc] GC(8454) Pause Young (Normal) (G1 Evacuation Pause) 187M->73M(211M) 1.113ms
[556.638s][info][gc] GC(8455) Pause Young (Normal) (G1 Evacuation Pause) 190M->76M(211M) 1.214ms
[556.699s][info][gc] GC(8456) Pause Young (Normal) (G1 Evacuation Pause) 187M->76M(211M) 1.220ms
[556.754s][info][gc] GC(8457) Pause Young (Normal) (G1 Evacuation Pause) 189M->77M(211M) 1.268ms
[556.812s][info][gc] GC(8458) Pause Young (Normal) (G1 Evacuation Pause) 188M->78M(211M) 1.184ms
[556.867s][info][gc] GC(8459) Pause Young (Normal) (G1 Evacuation Pause) 189M->79M(211M) 1.165ms
[557.015s][info][gc] GC(8460) Pause Young (Normal) (G1 Evacuation Pause) 187M->81M(211M) 1.217ms
[557.064s][info][gc] GC(8461) Pause Young (Concurrent Start) (G1 Evacuation Pause) 186M->81M(211M) 1.208ms
[557.064s][info][gc] GC(8462) Concurrent Mark Cycle
[557.071s][info][gc] GC(8462) Pause Remark 92M->62M(174M) 0.419ms
[557.074s][info][gc] GC(8462) Pause Cleanup 70M->70M(174M) 0.048ms
[557.074s][info][gc] GC(8462) Concurrent Mark Cycle 9.845ms
[557.119s][info][gc] GC(8463) Pause Young (Prepare Mixed) (G1 Evacuation Pause) 146M->52M(174M) 1.293ms
[557.165s][info][gc] GC(8464) Pause Young (Mixed) (G1 Evacuation Pause) 148M->51M(174M) 1.234ms
[557.217s][info][gc] GC(8465) Pause Young (Normal) (G1 Evacuation Pause) 147M->52M(174M) 1.141ms
[557.263s][info][gc] GC(8466) Pause Young (Normal) (G1 Evacuation Pause) 149M->52M(174M) 1.075ms
[557.316s][info][gc] GC(8467) Pause Young (Normal) (G1 Evacuation Pause) 148M->53M(174M) 1.099ms
[557.362s][info][gc] GC(8468) Pause Young (Normal) (G1 Evacuation Pause) 150M->54M(174M) 1.098ms
[557.405s][info][gc] GC(8469) Pause Young (Normal) (G1 Evacuation Pause) 150M->54M(174M) 1.022ms
[557.461s][info][gc] GC(8470) Pause Young (Normal) (G1 Evacuation Pause) 152M->56M(174M) 1.129ms
[557.505s][info][gc] GC(8471) Pause Young (Normal) (G1 Evacuation Pause) 152M->56M(174M) 1.131ms
[557.558s][info][gc] GC(8472) Pause Young (Normal) (G1 Evacuation Pause) 152M->58M(174M) 1.098ms
[557.603s][info][gc] GC(8473) Pause Young (Normal) (G1 Evacuation Pause) 153M->57M(174M) 1.090ms
[557.657s][info][gc] GC(8474) Pause Young (Normal) (G1 Evacuation Pause) 154M->59M(174M) 1.067ms
[557.702s][info][gc] GC(8475) Pause Young (Normal) (G1 Evacuation Pause) 153M->59M(174M) 1.238ms
[557.751s][info][gc] GC(8476) Pause Young (Normal) (G1 Evacuation Pause) 154M->60M(174M) 1.043ms
[557.802s][info][gc] GC(8477) Pause Young (Normal) (G1 Evacuation Pause) 156M->61M(174M) 1.128ms
[557.849s][info][gc] GC(8478) Pause Young (Normal) (G1 Evacuation Pause) 153M->61M(174M) 1.166ms
[557.896s][info][gc] GC(8479) Pause Young (Normal) (G1 Evacuation Pause) 156M->63M(174M) 1.089ms
[557.950s][info][gc] GC(8480) Pause Young (Normal) (G1 Evacuation Pause) 155M->63M(174M) 1.063ms
[557.990s][info][gc] GC(8481) Pause Young (Normal) (G1 Evacuation Pause) 154M->64M(174M) 1.017ms
[558.031s][info][gc] GC(8482) Pause Young (Normal) (G1 Evacuation Pause) 154M->65M(174M) 1.023ms
[558.087s][info][gc] GC(8483) Pause Young (Concurrent Start) (G1 Evacuation Pause) 156M->66M(174M) 1.070ms
[558.087s][info][gc] GC(8484) Concurrent Mark Cycle
[558.096s][info][gc] GC(8484) Pause Remark 90M->86M(174M) 0.430ms
[558.104s][info][gc] GC(8484) Pause Cleanup 101M->101M(174M) 0.053ms
[558.104s][info][gc] GC(8484) Concurrent Mark Cycle 16.954ms
[558.127s][info][gc] GC(8485) Pause Young (Prepare Mixed) (G1 Evacuation Pause) 149M->62M(174M) 1.035ms
[558.180s][info][gc] GC(8486) Pause Young (Mixed) (G1 Evacuation Pause) 155M->61M(174M) 1.168ms
[558.225s][info][gc] GC(8487) Pause Young (Normal) (G1 Evacuation Pause) 156M->62M(174M) 1.064ms
[558.275s][info][gc] GC(8488) Pause Young (Normal) (G1 Evacuation Pause) 153M->63M(174M) 1.110ms
[558.320s][info][gc] GC(8489) Pause Young (Normal) (G1 Evacuation Pause) 155M->63M(174M) 1.051ms
[558.370s][info][gc] GC(8490) Pause Young (Normal) (G1 Evacuation Pause) 155M->64M(174M) 1.158ms
[558.414s][info][gc] GC(8491) Pause Young (Normal) (G1 Evacuation Pause) 156M->65M(174M) 1.043ms
[558.455s][info][gc] GC(8492) Pause Young (Normal) (G1 Evacuation Pause) 155M->65M(174M) 1.032ms
[558.510s][info][gc] GC(8493) Pause Young (Concurrent Start) (G1 Evacuation Pause) 154M->67M(174M) 1.103ms
[558.510s][info][gc] GC(8494) Concurrent Mark Cycle
[558.520s][info][gc] GC(8494) Pause Remark 93M->93M(174M) 0.431ms
[558.527s][info][gc] GC(8494) Pause Cleanup 102M->102M(174M) 0.049ms
[558.527s][info][gc] GC(8494) Concurrent Mark Cycle 16.465ms
[558.550s][info][gc] GC(8495) Pause Young (Prepare Mixed) (G1 Evacuation Pause) 154M->67M(174M) 1.108ms
[558.597s][info][gc] GC(8496) Pause Young (Mixed) (G1 Evacuation Pause) 157M->66M(174M) 0.953ms
[558.642s][info][gc] GC(8497) Pause Young (Concurrent Start) (G1 Evacuation Pause) 154M->67M(174M) 1.132ms
[558.642s][info][gc] GC(8498) Concurrent Mark Cycle
[558.652s][info][gc] GC(8498) Pause Remark 90M->90M(174M) 0.505ms
[558.662s][info][gc] GC(8498) Pause Cleanup 108M->108M(174M) 0.048ms
[558.662s][info][gc] GC(8498) Concurrent Mark Cycle 20.319ms
[558.692s][info][gc] GC(8499) Pause Young (Prepare Mixed) (G1 Evacuation Pause) 156M->68M(174M) 1.085ms
[558.735s][info][gc] GC(8500) Pause Young (Mixed) (G1 Evacuation Pause) 156M->67M(174M) 1.178ms
[558.773s][info][gc] GC(8501) Pause Young (Concurrent Start) (G1 Evacuation Pause) 154M->67M(174M) 0.971ms
[558.773s][info][gc] GC(8502) Concurrent Mark Cycle
[558.785s][info][gc] GC(8502) Pause Remark 85M->85M(174M) 0.452ms
[558.791s][info][gc] GC(8502) Pause Cleanup 89M->89M(174M) 0.051ms
[558.791s][info][gc] GC(8502) Concurrent Mark Cycle 18.298ms
[558.826s][info][gc] GC(8503) Pause Young (Prepare Mixed) (G1 Evacuation Pause) 155M->69M(174M) 1.146ms
[558.868s][info][gc] GC(8504) Pause Young (Mixed) (G1 Evacuation Pause) 155M->68M(208M) 1.252ms
[558.936s][info][gc] GC(8505) Pause Young (Normal) (G1 Evacuation Pause) 185M->69M(208M) 1.146ms
[558.989s][info][gc] GC(8506) Pause Young (Normal) (G1 Evacuation Pause) 185M->70M(208M) 1.112ms
[559.055s][info][gc] GC(8507) Pause Young (Normal) (G1 Evacuation Pause) 185M->71M(208M) 1.157ms
[559.112s][info][gc] GC(8508) Pause Young (Normal) (G1 Evacuation Pause) 185M->71M(208M) 1.164ms
[559.169s][info][gc] GC(8509) Pause Young (Normal) (G1 Evacuation Pause) 186M->73M(208M) 1.441ms
[559.229s][info][gc] GC(8510) Pause Young (Normal) (G1 Evacuation Pause) 184M->74M(208M) 1.312ms
[559.283s][info][gc] GC(8511) Pause Young (Normal) (G1 Evacuation Pause) 185M->75M(208M) 1.198ms
[559.342s][info][gc] GC(8512) Pause Young (Normal) (G1 Evacuation Pause) 187M->75M(208M) 1.151ms
[559.395s][info][gc] GC(8513) Pause Young (Normal) (G1 Evacuation Pause) 186M->77M(208M) 1.196ms
[559.450s][info][gc] GC(8514) Pause Young (Normal) (G1 Evacuation Pause) 185M->78M(208M) 1.176ms
[559.503s][info][gc] GC(8515) Pause Young (Concurrent Start) (G1 Evacuation Pause) 188M->79M(208M) 1.235ms
[559.503s][info][gc] GC(8516) Concurrent Mark Cycle
[559.513s][info][gc] GC(8516) Pause Remark 101M->101M(208M) 0.414ms
[559.521s][info][gc] GC(8516) Pause Cleanup 115M->115M(208M) 0.053ms
[559.521s][info][gc] GC(8516) Concurrent Mark Cycle 18.506ms
[559.564s][info][gc] GC(8517) Pause Young (Prepare Mixed) (G1 Evacuation Pause) 187M->79M(208M) 1.236ms
[559.615s][info][gc] GC(8518) Pause Young (Mixed) (G1 Evacuation Pause) 187M->79M(208M) 1.121ms
[559.753s][info][gc] GC(8519) Pause Young (Concurrent Start) (G1 Evacuation Pause) 186M->88M(208M) 2.007ms
[559.753s][info][gc] GC(8520) Concurrent Mark Cycle
[559.764s][info][gc] GC(8520) Pause Remark 120M->89M(194M) 0.451ms
[559.770s][info][gc] GC(8520) Pause Cleanup 112M->112M(194M) 0.064ms
[559.771s][info][gc] GC(8520) Concurrent Mark Cycle 17.968ms
[559.782s][info][gc] GC(8521) Pause Young (Prepare Mixed) (G1 Evacuation Pause) 150M->60M(194M) 1.997ms
[559.813s][info][gc] GC(8522) Pause Young (Mixed) (G1 Evacuation Pause) 172M->61M(194M) 0.906ms
[559.840s][info][gc] GC(8523) Pause Young (Concurrent Start) (G1 Evacuation Pause) 172M->62M(194M) 0.941ms
[559.840s][info][gc] GC(8524) Concurrent Mark Cycle
[559.857s][info][gc] GC(8524) Pause Remark 124M->123M(194M) 0.434ms
[559.868s][info][gc] GC(8524) Pause Cleanup 166M->166M(194M) 0.057ms
[559.868s][info][gc] GC(8524) Concurrent Mark Cycle 27.486ms
[559.870s][info][gc] GC(8525) Pause Young (Prepare Mixed) (G1 Evacuation Pause) 171M->62M(194M) 1.095ms
[559.916s][info][gc] GC(8526) Pause Young (Mixed) (G1 Evacuation Pause) 171M->63M(194M) 1.544ms
[559.941s][info][gc] GC(8527) Pause Young (Normal) (G1 Evacuation Pause) 166M->64M(194M) 1.618ms
[559.971s][info][gc] GC(8528) Pause Young (Concurrent Start) (G1 Evacuation Pause) 177M->66M(408M) 1.024ms
[559.971s][info][gc] GC(8529) Concurrent Mark Cycle
[559.987s][info][gc] GC(8529) Pause Remark 117M->117M(224M) 0.448ms
[559.997s][info][gc] GC(8529) Pause Cleanup 151M->151M(224M) 0.069ms
[559.997s][info][gc] GC(8529) Concurrent Mark Cycle 26.090ms
[560.014s][info][gc] GC(8530) Pause Young (Prepare Mixed) (G1 Evacuation Pause) 223M->67M(231M) 1.112ms
[560.061s][info][gc] GC(8531) Pause Young (Mixed) (G1 Evacuation Pause) 198M->67M(231M) 1.605ms
[560.096s][info][gc] GC(8532) Pause Young (Normal) (G1 Evacuation Pause) 194M->70M(231M) 1.613ms
[560.130s][info][gc] GC(8533) Pause Young (Normal) (G1 Evacuation Pause) 195M->70M(231M) 1.525ms
[560.162s][info][gc] GC(8534) Pause Young (Normal) (G1 Evacuation Pause) 202M->71M(231M) 1.016ms
[560.205s][info][gc] GC(8535) Pause Young (Normal) (G1 Evacuation Pause) 202M->75M(231M) 1.388ms
[560.243s][info][gc] GC(8536) Pause Young (Normal) (G1 Evacuation Pause) 202M->78M(231M) 1.632ms
[560.279s][info][gc] GC(8537) Pause Young (Normal) (G1 Evacuation Pause) 203M->80M(263M) 1.789ms
[560.330s][info][gc] GC(8538) Pause Young (Normal) (G1 Evacuation Pause) 229M->81M(263M) 1.632ms
[560.391s][info][gc] GC(8539) Pause Young (Normal) (G1 Evacuation Pause) 229M->84M(263M) 2.347ms
[560.446s][info][gc] GC(8540) Pause Young (Normal) (G1 Evacuation Pause) 229M->86M(263M) 1.706ms
[560.487s][info][gc] GC(8541) Pause Young (Normal) (G1 Evacuation Pause) 230M->88M(263M) 1.833ms
[560.530s][info][gc] GC(8542) Pause Young (Normal) (G1 Evacuation Pause) 234M->88M(263M) 1.470ms
[560.583s][info][gc] GC(8543) Pause Young (Normal) (G1 Evacuation Pause) 234M->92M(263M) 1.813ms
[560.619s][info][gc] GC(8544) Pause Young (Normal) (G1 Evacuation Pause) 233M->92M(263M) 1.766ms
[560.667s][info][gc] GC(8545) Pause Young (Concurrent Start) (G1 Evacuation Pause) 238M->94M(263M) 1.570ms
[560.667s][info][gc] GC(8546) Concurrent Mark Cycle
[560.689s][info][gc] GC(8546) Pause Remark 165M->165M(263M) 0.422ms
[560.704s][info][gc] GC(8546) Pause Cleanup 208M->208M(263M) 0.076ms
[560.704s][info][gc] GC(8546) Concurrent Mark Cycle 37.595ms
[560.716s][info][gc] GC(8547) Pause Young (Prepare Mixed) (G1 Evacuation Pause) 238M->95M(263M) 1.458ms
[560.766s][info][gc] GC(8548) Pause Young (Mixed) (G1 Evacuation Pause) 237M->85M(313M) 2.176ms
[560.817s][info][gc] GC(8549) Pause Young (Normal) (G1 Evacuation Pause) 258M->86M(313M) 1.594ms
[560.868s][info][gc] GC(8550) Pause Young (Normal) (G1 Evacuation Pause) 260M->86M(313M) 1.689ms
[560.928s][info][gc] GC(8551) Pause Young (Normal) (G1 Evacuation Pause) 260M->90M(313M) 1.790ms
[560.975s][info][gc] GC(8552) Pause Young (Normal) (G1 Evacuation Pause) 260M->90M(313M) 1.858ms
[561.023s][info][gc] GC(8553) Pause Young (Normal) (G1 Evacuation Pause) 263M->90M(313M) 1.530ms
[561.077s][info][gc] GC(8554) Pause Young (Normal) (G1 Evacuation Pause) 265M->94M(313M) 1.726ms
[561.127s][info][gc] GC(8555) Pause Young (Normal) (G1 Evacuation Pause) 264M->95M(313M) 1.697ms
[561.175s][info][gc] GC(8556) Pause Young (Normal) (G1 Evacuation Pause) 268M->94M(313M) 1.614ms
[561.235s][info][gc] GC(8557) Pause Young (Normal) (G1 Evacuation Pause) 269M->97M(313M) 1.867ms
[561.286s][info][gc] GC(8558) Pause Young (Normal) (G1 Evacuation Pause) 269M->99M(313M) 1.751ms
[561.334s][info][gc] GC(8559) Pause Young (Normal) (G1 Evacuation Pause) 272M->99M(313M) 1.685ms
[561.392s][info][gc] GC(8560) Pause Young (Normal) (G1 Evacuation Pause) 273M->102M(313M) 1.643ms
[561.437s][info][gc] GC(8561) Pause Young (Normal) (G1 Evacuation Pause) 274M->103M(313M) 2.013ms
[561.484s][info][gc] GC(8562) Pause Young (Normal) (G1 Evacuation Pause) 276M->103M(313M) 1.640ms
[561.537s][info][gc] GC(8563) Pause Young (Normal) (G1 Evacuation Pause) 278M->105M(313M) 1.619ms
[561.585s][info][gc] GC(8564) Pause Young (Normal) (G1 Evacuation Pause) 278M->108M(313M) 1.860ms
[561.633s][info][gc] GC(8565) Pause Young (Normal) (G1 Evacuation Pause) 278M->108M(313M) 1.874ms
[561.688s][info][gc] GC(8566) Pause Young (Normal) (G1 Evacuation Pause) 279M->109M(313M) 1.659ms
[561.739s][info][gc] GC(8567) Pause Young (Normal) (G1 Evacuation Pause) 281M->113M(313M) 1.710ms
[561.785s][info][gc] GC(8568) Pause Young (Normal) (G1 Evacuation Pause) 279M->114M(313M) 1.850ms
[561.836s][info][gc] GC(8569) Pause Young (Normal) (G1 Evacuation Pause) 281M->116M(313M) 1.817ms
[561.882s][info][gc] GC(8570) Pause Young (Concurrent Start) (G1 Evacuation Pause) 280M->116M(313M) 1.792ms
[561.882s][info][gc] GC(8571) Concurrent Mark Cycle
[561.923s][info][gc] GC(8571) Pause Remark 254M->254M(313M) 0.479ms
[561.936s][info][gc] GC(8572) Pause Young (Normal) (G1 Evacuation Pause) 280M->118M(313M) 2.062ms
[561.950s][info][gc] GC(8571) Pause Cleanup 174M->174M(313M) 0.063ms
[561.952s][info][gc] GC(8571) Concurrent Mark Cycle 70.382ms
[561.985s][info][gc] GC(8573) Pause Young (Prepare Mixed) (G1 Evacuation Pause) 279M->119M(313M) 1.665ms
[562.030s][info][gc] GC(8574) Pause Young (Mixed) (G1 Evacuation Pause) 281M->116M(313M) 1.708ms
[562.079s][info][gc] GC(8575) Pause Young (Concurrent Start) (G1 Evacuation Pause) 280M->118M(313M) 1.661ms
[562.079s][info][gc] GC(8576) Concurrent Mark Cycle
[562.110s][info][gc] GC(8576) Pause Remark 216M->216M(313M) 0.434ms
[562.128s][info][gc] GC(8576) Pause Cleanup 270M->270M(313M) 0.078ms
[562.129s][info][gc] GC(8576) Concurrent Mark Cycle 49.880ms
[562.133s][info][gc] GC(8577) Pause Young (Prepare Mixed) (G1 Evacuation Pause) 280M->119M(313M) 1.697ms
[562.184s][info][gc] GC(8578) Pause Young (Mixed) (G1 Evacuation Pause) 284M->119M(313M) 1.742ms
[562.230s][info][gc] GC(8579) Pause Young (Concurrent Start) (G1 Evacuation Pause) 281M->120M(313M) 1.625ms
[562.230s][info][gc] GC(8580) Concurrent Mark Cycle
[562.253s][info][gc] GC(8580) Pause Remark 190M->190M(313M) 0.499ms
[562.270s][info][gc] GC(8580) Pause Cleanup 247M->247M(313M) 0.062ms
[562.271s][info][gc] GC(8580) Concurrent Mark Cycle 40.944ms
[562.281s][info][gc] GC(8581) Pause Young (Prepare Mixed) (G1 Evacuation Pause) 280M->120M(313M) 1.507ms
[562.334s][info][gc] GC(8582) Pause Young (Mixed) (G1 Evacuation Pause) 281M->120M(313M) 1.824ms
[562.384s][info][gc] GC(8583) Pause Young (Concurrent Start) (G1 Evacuation Pause) 283M->123M(313M) 1.766ms
[562.384s][info][gc] GC(8584) Concurrent Mark Cycle
[562.421s][info][gc] GC(8584) Pause Remark 246M->246M(313M) 0.424ms
[562.433s][info][gc] GC(8585) Pause Young (Normal) (G1 Evacuation Pause) 281M->123M(313M) 1.520ms
[562.446s][info][gc] GC(8584) Pause Cleanup 166M->166M(313M) 0.064ms
[562.446s][info][gc] GC(8584) Concurrent Mark Cycle 62.189ms
[562.486s][info][gc] GC(8586) Pause Young (Prepare Mixed) (G1 Evacuation Pause) 284M->126M(313M) 1.844ms
[562.526s][info][gc] GC(8587) Pause Young (Mixed) (G1 Evacuation Pause) 281M->125M(313M) 1.651ms
[562.570s][info][gc] GC(8588) Pause Young (Concurrent Start) (G1 Evacuation Pause) 282M->127M(313M) 1.682ms
[562.570s][info][gc] GC(8589) Concurrent Mark Cycle
[562.603s][info][gc] GC(8589) Pause Remark 227M->227M(313M) 0.443ms
[562.623s][info][gc] GC(8590) Pause Young (Normal) (G1 Evacuation Pause) 282M->128M(313M) 1.631ms
[562.626s][info][gc] GC(8589) Pause Cleanup 138M->138M(313M) 0.065ms
[562.626s][info][gc] GC(8589) Concurrent Mark Cycle 56.184ms
[562.670s][info][gc] GC(8591) Pause Young (Prepare Mixed) (G1 Evacuation Pause) 282M->131M(313M) 1.836ms
[562.711s][info][gc] GC(8592) Pause Young (Mixed) (G1 Evacuation Pause) 280M->129M(313M) 1.675ms
[562.759s][info][gc] GC(8593) Pause Young (Concurrent Start) (G1 Evacuation Pause) 284M->130M(313M) 1.547ms
[562.759s][info][gc] GC(8594) Concurrent Mark Cycle
[562.790s][info][gc] GC(8594) Pause Remark 228M->228M(313M) 0.442ms
[562.809s][info][gc] GC(8595) Pause Young (Normal) (G1 Evacuation Pause) 281M->133M(313M) 1.534ms
[562.825s][info][gc] GC(8594) Pause Cleanup 182M->182M(313M) 0.065ms
[562.825s][info][gc] GC(8594) Concurrent Mark Cycle 66.659ms
[562.853s][info][gc] GC(8596) Pause Young (Prepare Mixed) (G1 Evacuation Pause) 281M->133M(313M) 1.708ms
[562.894s][info][gc] GC(8597) Pause Young (Mixed) (G1 Evacuation Pause) 282M->132M(313M) 1.733ms
[562.939s][info][gc] GC(8598) Pause Young (Concurrent Start) (G1 Evacuation Pause) 282M->134M(313M) 1.485ms
[562.939s][info][gc] GC(8599) Concurrent Mark Cycle
[562.981s][info][gc] GC(8599) Pause Remark 262M->262M(313M) 0.429ms
[562.989s][info][gc] GC(8600) Pause Young (Normal) (G1 Evacuation Pause) 282M->136M(313M) 1.791ms
[563.010s][info][gc] GC(8599) Pause Cleanup 201M->201M(313M) 0.072ms
[563.011s][info][gc] GC(8599) Concurrent Mark Cycle 71.052ms
[563.040s][info][gc] GC(8601) Pause Young (Prepare Mixed) (G1 Evacuation Pause) 281M->137M(313M) 1.763ms
[563.089s][info][gc] GC(8602) Pause Young (Mixed) (G1 Evacuation Pause) 283M->138M(313M) 1.786ms
[563.138s][info][gc] GC(8603) Pause Young (Concurrent Start) (G1 Evacuation Pause) 281M->140M(313M) 1.596ms
[563.138s][info][gc] GC(8604) Concurrent Mark Cycle
[563.187s][info][gc] GC(8604) Pause Remark 280M->280M(313M) 0.424ms
[563.190s][info][gc] GC(8605) Pause Young (Normal) (G1 Evacuation Pause) 282M->141M(313M) 1.790ms
[563.223s][info][gc] GC(8604) Pause Cleanup 230M->230M(313M) 0.083ms
[563.225s][info][gc] GC(8604) Concurrent Mark Cycle 86.872ms
[563.245s][info][gc] GC(8606) Pause Young (Prepare Mixed) (G1 Evacuation Pause) 281M->142M(313M) 1.589ms
[563.291s][info][gc] GC(8607) Pause Young (Mixed) (G1 Evacuation Pause) 283M->142M(313M) 1.963ms
[563.339s][info][gc] GC(8608) Pause Young (Concurrent Start) (G1 Evacuation Pause) 281M->143M(313M) 1.765ms
[563.339s][info][gc] GC(8609) Concurrent Mark Cycle
[563.373s][info][gc] GC(8609) Pause Remark 239M->239M(313M) 0.493ms
[563.394s][info][gc] GC(8610) Pause Young (Normal) (G1 Evacuation Pause) 283M->145M(313M) 1.682ms
[563.407s][info][gc] GC(8609) Pause Cleanup 178M->178M(313M) 0.069ms
[563.407s][info][gc] GC(8609) Concurrent Mark Cycle 68.018ms
[563.444s][info][gc] GC(8611) Pause Young (Prepare Mixed) (G1 Evacuation Pause) 284M->147M(313M) 1.695ms
[563.492s][info][gc] GC(8612) Pause Young (Mixed) (G1 Evacuation Pause) 282M->147M(313M) 1.950ms
[563.535s][info][gc] GC(8613) Pause Young (Concurrent Start) (G1 Evacuation Pause) 281M->149M(313M) 1.667ms
[563.535s][info][gc] GC(8614) Concurrent Mark Cycle
[563.576s][info][gc] GC(8614) Pause Remark 258M->258M(313M) 0.438ms
[563.587s][info][gc] GC(8615) Pause Young (Normal) (G1 Evacuation Pause) 282M->150M(313M) 1.668ms
[563.613s][info][gc] GC(8614) Pause Cleanup 222M->222M(313M) 0.071ms
[563.614s][info][gc] GC(8614) Concurrent Mark Cycle 79.051ms
[563.636s][info][gc] GC(8616) Pause Young (Prepare Mixed) (G1 Evacuation Pause) 283M->151M(313M) 1.912ms
[563.685s][info][gc] GC(8617) Pause Young (Mixed) (G1 Evacuation Pause) 281M->151M(313M) 1.807ms
[563.722s][info][gc] GC(8618) Pause Young (Concurrent Start) (G1 Evacuation Pause) 283M->153M(313M) 1.691ms
[563.722s][info][gc] GC(8619) Concurrent Mark Cycle
[563.756s][info][gc] GC(8619) Pause Remark 250M->250M(313M) 0.517ms
[563.774s][info][gc] GC(8620) Pause Young (Normal) (G1 Evacuation Pause) 284M->154M(313M) 1.699ms
[563.785s][info][gc] GC(8619) Pause Cleanup 184M->184M(313M) 0.080ms
[563.785s][info][gc] GC(8619) Concurrent Mark Cycle 62.627ms
[563.818s][info][gc] GC(8621) Pause Young (Prepare Mixed) (G1 Evacuation Pause) 284M->157M(313M) 1.749ms
[563.866s][info][gc] GC(8622) Pause Young (Mixed) (G1 Evacuation Pause) 283M->158M(313M) 2.165ms
[563.904s][info][gc] GC(8623) Pause Young (Concurrent Start) (G1 Evacuation Pause) 282M->160M(313M) 1.862ms
[563.904s][info][gc] GC(8624) Concurrent Mark Cycle
[563.947s][info][gc] GC(8625) Pause Young (Normal) (G1 Evacuation Pause) 284M->162M(313M) 1.532ms
[563.954s][info][gc] GC(8624) Pause Remark 187M->187M(313M) 0.443ms
[563.987s][info][gc] GC(8626) Pause Young (Normal) (G1 Evacuation Pause) 284M->163M(342M) 1.444ms
[563.994s][info][gc] GC(8624) Pause Cleanup 184M->184M(342M) 0.063ms
[563.994s][info][gc] GC(8624) Concurrent Mark Cycle 90.477ms
[564.044s][info][gc] GC(8627) Pause Young (Prepare Mixed) (G1 Evacuation Pause) 315M->167M(342M) 1.691ms
[564.088s][info][gc] GC(8628) Pause Young (Mixed) (G1 Evacuation Pause) 311M->165M(342M) 1.705ms
[564.133s][info][gc] GC(8629) Pause Young (Concurrent Start) (G1 Evacuation Pause) 310M->168M(342M) 1.625ms
[564.133s][info][gc] GC(8630) Concurrent Mark Cycle
[564.174s][info][gc] GC(8630) Pause Remark 288M->288M(342M) 0.479ms
[564.184s][info][gc] GC(8631) Pause Young (Normal) (G1 Evacuation Pause) 310M->168M(342M) 1.515ms
[564.218s][info][gc] GC(8630) Pause Cleanup 271M->271M(342M) 0.075ms
[564.218s][info][gc] GC(8630) Concurrent Mark Cycle 85.210ms
[564.231s][info][gc] GC(8632) Pause Young (Prepare Mixed) (G1 Evacuation Pause) 312M->170M(342M) 1.561ms
[564.270s][info][gc] GC(8633) Pause Young (Mixed) (G1 Evacuation Pause) 308M->167M(342M) 1.885ms
[564.313s][info][gc] GC(8634) Pause Young (Concurrent Start) (G1 Evacuation Pause) 312M->169M(342M) 1.483ms
[564.313s][info][gc] GC(8635) Concurrent Mark Cycle
[564.356s][info][gc] GC(8635) Pause Remark 285M->285M(342M) 0.444ms
[564.366s][info][gc] GC(8636) Pause Young (Normal) (G1 Evacuation Pause) 313M->171M(342M) 1.481ms
[564.387s][info][gc] GC(8635) Pause Cleanup 236M->236M(342M) 0.064ms
[564.387s][info][gc] GC(8635) Concurrent Mark Cycle 74.555ms
[564.410s][info][gc] GC(8637) Pause Young (Prepare Mixed) (G1 Evacuation Pause) 311M->171M(342M) 1.516ms
[564.452s][info][gc] GC(8638) Pause Young (Mixed) (G1 Evacuation Pause) 310M->172M(342M) 1.892ms
[564.494s][info][gc] GC(8639) Pause Young (Concurrent Start) (G1 Evacuation Pause) 309M->173M(342M) 1.654ms
[564.494s][info][gc] GC(8640) Concurrent Mark Cycle
[564.544s][info][gc] GC(8641) Pause Young (Normal) (G1 Evacuation Pause) 311M->175M(342M) 1.578ms
[564.553s][info][gc] GC(8640) Pause Remark 206M->206M(342M) 0.472ms
[564.589s][info][gc] GC(8642) Pause Young (Normal) (G1 Evacuation Pause) 308M->176M(342M) 1.635ms
[564.594s][info][gc] GC(8640) Pause Cleanup 193M->193M(342M) 0.073ms
[564.595s][info][gc] GC(8640) Concurrent Mark Cycle 100.473ms
[564.629s][info][gc] GC(8643) Pause Young (Prepare Mixed) (G1 Evacuation Pause) 312M->177M(342M) 1.697ms
[564.667s][info][gc] GC(8644) Pause Young (Mixed) (G1 Evacuation Pause) 311M->176M(342M) 1.705ms
[564.714s][info][gc] GC(8645) Pause Young (Concurrent Start) (G1 Evacuation Pause) 314M->179M(342M) 1.623ms
[564.714s][info][gc] GC(8646) Concurrent Mark Cycle
[564.761s][info][gc] GC(8647) Pause Young (Normal) (G1 Evacuation Pause) 309M->181M(342M) 1.585ms
[564.779s][info][gc] GC(8646) Pause Remark 238M->238M(342M) 0.461ms
[564.805s][info][gc] GC(8648) Pause Young (Normal) (G1 Evacuation Pause) 310M->182M(342M) 1.639ms
[564.816s][info][gc] GC(8646) Pause Cleanup 232M->232M(342M) 0.070ms
[564.819s][info][gc] GC(8646) Concurrent Mark Cycle 104.820ms
[564.843s][info][gc] GC(8649) Pause Young (Prepare Mixed) (G1 Evacuation Pause) 312M->184M(342M) 1.565ms
[564.886s][info][gc] GC(8650) Pause Young (Mixed) (G1 Evacuation Pause) 313M->183M(342M) 2.096ms
[564.930s][info][gc] GC(8651) Pause Young (Concurrent Start) (G1 Evacuation Pause) 310M->185M(342M) 1.663ms
[564.930s][info][gc] GC(8652) Concurrent Mark Cycle
[564.972s][info][gc] GC(8653) Pause Young (Normal) (G1 Evacuation Pause) 309M->186M(342M) 1.652ms
[564.984s][info][gc] GC(8652) Pause Remark 215M->215M(342M) 0.513ms
[565.022s][info][gc] GC(8652) Pause Cleanup 295M->295M(342M) 0.072ms
[565.022s][info][gc] GC(8652) Concurrent Mark Cycle 92.201ms
[565.033s][info][gc] GC(8654) Pause Young (Prepare Mixed) (G1 Evacuation Pause) 312M->189M(342M) 2.238ms
[565.072s][info][gc] GC(8655) Pause Young (Mixed) (G1 Evacuation Pause) 311M->187M(342M) 1.724ms
[565.119s][info][gc] GC(8656) Pause Young (Concurrent Start) (G1 Evacuation Pause) 313M->190M(342M) 1.825ms
[565.119s][info][gc] GC(8657) Concurrent Mark Cycle
[565.164s][info][gc] GC(8658) Pause Young (Normal) (G1 Evacuation Pause) 313M->191M(342M) 1.572ms
[565.170s][info][gc] GC(8657) Pause Remark 205M->205M(342M) 0.431ms
[565.213s][info][gc] GC(8659) Pause Young (Normal) (G1 Evacuation Pause) 312M->193M(342M) 1.493ms
[565.217s][info][gc] GC(8657) Pause Cleanup 200M->200M(342M) 0.070ms
[565.219s][info][gc] GC(8657) Concurrent Mark Cycle 100.200ms
[565.251s][info][gc] GC(8660) Pause Young (Prepare Mixed) (G1 Evacuation Pause) 312M->195M(342M) 1.611ms
[565.290s][info][gc] GC(8661) Pause Young (Mixed) (G1 Evacuation Pause) 310M->194M(342M) 1.713ms
[565.323s][info][gc] GC(8662) Pause Young (Concurrent Start) (G1 Evacuation Pause) 311M->196M(342M) 1.450ms
[565.324s][info][gc] GC(8663) Concurrent Mark Cycle
[565.361s][info][gc] GC(8664) Pause Young (Normal) (G1 Evacuation Pause) 313M->197M(342M) 1.435ms
[565.386s][info][gc] GC(8663) Pause Remark 272M->272M(342M) 0.445ms
[565.404s][info][gc] GC(8665) Pause Young (Normal) (G1 Evacuation Pause) 314M->200M(342M) 1.510ms
[565.427s][info][gc] GC(8663) Pause Cleanup 268M->268M(342M) 0.094ms
[565.429s][info][gc] GC(8663) Concurrent Mark Cycle 105.412ms
[565.438s][info][gc] GC(8666) Pause Young (Prepare Mixed) (G1 Evacuation Pause) 311M->201M(342M) 1.553ms
[565.478s][info][gc] GC(8667) Pause Young (Mixed) (G1 Evacuation Pause) 311M->201M(342M) 1.788ms
[565.509s][info][gc] GC(8668) Pause Young (Concurrent Start) (G1 Evacuation Pause) 311M->202M(342M) 1.688ms
[565.509s][info][gc] GC(8669) Concurrent Mark Cycle
[565.547s][info][gc] GC(8670) Pause Young (Normal) (G1 Evacuation Pause) 314M->203M(342M) 1.278ms
[565.566s][info][gc] GC(8669) Pause Remark 254M->254M(342M) 0.412ms
[565.588s][info][gc] GC(8671) Pause Young (Normal) (G1 Evacuation Pause) 313M->205M(342M) 1.618ms
[565.619s][info][gc] GC(8672) Pause Young (Normal) (G1 Evacuation Pause) 312M->207M(342M) 1.609ms
[565.619s][info][gc] GC(8669) Pause Cleanup 208M->208M(342M) 0.075ms
[565.621s][info][gc] GC(8669) Concurrent Mark Cycle 111.580ms
[565.656s][info][gc] GC(8673) Pause Young (Prepare Mixed) (G1 Evacuation Pause) 314M->209M(479M) 1.728ms
[565.729s][info][gc] GC(8674) Pause Young (Mixed) (G1 Evacuation Pause) 442M->208M(479M) 1.809ms
[565.797s][info][gc] GC(8675) Pause Young (Concurrent Start) (G1 Evacuation Pause) 440M->210M(479M) 1.697ms
[565.797s][info][gc] GC(8676) Concurrent Mark Cycle
[565.860s][info][gc] GC(8676) Pause Remark 412M->412M(479M) 0.460ms
[565.873s][info][gc] GC(8677) Pause Young (Normal) (G1 Evacuation Pause) 438M->212M(479M) 1.706ms
[565.908s][info][gc] GC(8676) Pause Cleanup 306M->306M(479M) 0.074ms
[565.910s][info][gc] GC(8676) Concurrent Mark Cycle 113.465ms
[565.948s][info][gc] GC(8678) Pause Young (Prepare Mixed) (G1 Evacuation Pause) 436M->214M(479M) 2.062ms
[566.011s][info][gc] GC(8679) Pause Young (Mixed) (G1 Evacuation Pause) 434M->211M(479M) 1.991ms
[566.079s][info][gc] GC(8680) Pause Young (Concurrent Start) (G1 Evacuation Pause) 436M->213M(479M) 2.014ms
[566.079s][info][gc] GC(8681) Concurrent Mark Cycle
[566.128s][info][gc] GC(8681) Pause Remark 354M->354M(479M) 0.455ms
[566.158s][info][gc] GC(8682) Pause Young (Normal) (G1 Evacuation Pause) 433M->216M(479M) 2.239ms
[566.175s][info][gc] GC(8681) Pause Cleanup 267M->267M(479M) 0.079ms
[566.175s][info][gc] GC(8681) Concurrent Mark Cycle 95.944ms
[566.227s][info][gc] GC(8683) Pause Young (Prepare Mixed) (G1 Evacuation Pause) 434M->217M(479M) 1.893ms
[566.295s][info][gc] GC(8684) Pause Young (Mixed) (G1 Evacuation Pause) 437M->218M(479M) 2.175ms
[566.358s][info][gc] GC(8685) Pause Young (Concurrent Start) (G1 Evacuation Pause) 432M->220M(479M) 2.028ms
[566.358s][info][gc] GC(8686) Concurrent Mark Cycle
[566.403s][info][gc] GC(8686) Pause Remark 352M->352M(479M) 0.444ms
[566.435s][info][gc] GC(8686) Pause Cleanup 422M->422M(479M) 0.073ms
[566.436s][info][gc] GC(8686) Concurrent Mark Cycle 77.839ms
[566.441s][info][gc] GC(8687) Pause Young (Prepare Mixed) (G1 Evacuation Pause) 435M->221M(479M) 1.830ms
[566.501s][info][gc] GC(8688) Pause Young (Mixed) (G1 Evacuation Pause) 436M->222M(479M) 2.002ms
[566.564s][info][gc] GC(8689) Pause Young (Concurrent Start) (G1 Evacuation Pause) 436M->224M(479M) 1.870ms
[566.564s][info][gc] GC(8690) Concurrent Mark Cycle
[566.620s][info][gc] GC(8690) Pause Remark 412M->412M(479M) 0.471ms
[566.629s][info][gc] GC(8691) Pause Young (Normal) (G1 Evacuation Pause) 434M->225M(479M) 1.791ms
[566.661s][info][gc] GC(8690) Pause Cleanup 317M->317M(479M) 0.081ms
[566.662s][info][gc] GC(8690) Concurrent Mark Cycle 97.543ms
[566.702s][info][gc] GC(8692) Pause Young (Prepare Mixed) (G1 Evacuation Pause) 437M->226M(479M) 1.825ms
[566.762s][info][gc] GC(8693) Pause Young (Mixed) (G1 Evacuation Pause) 436M->228M(479M) 2.194ms
[566.821s][info][gc] GC(8694) Pause Young (Concurrent Start) (G1 Evacuation Pause) 433M->230M(479M) 1.979ms
[566.821s][info][gc] GC(8695) Concurrent Mark Cycle
[566.882s][info][gc] GC(8695) Pause Remark 414M->414M(479M) 0.507ms
[566.890s][info][gc] GC(8696) Pause Young (Normal) (G1 Evacuation Pause) 436M->232M(479M) 1.948ms
[566.923s][info][gc] GC(8695) Pause Cleanup 326M->326M(479M) 0.072ms
[566.923s][info][gc] GC(8695) Concurrent Mark Cycle 102.592ms
[566.953s][info][gc] GC(8697) Pause Young (Prepare Mixed) (G1 Evacuation Pause) 436M->233M(479M) 2.096ms
[567.015s][info][gc] GC(8698) Pause Young (Mixed) (G1 Evacuation Pause) 437M->234M(479M) 1.927ms
[567.075s][info][gc] GC(8699) Pause Young (Concurrent Start) (G1 Evacuation Pause) 437M->236M(479M) 1.956ms
[567.076s][info][gc] GC(8700) Concurrent Mark Cycle
[567.135s][info][gc] GC(8700) Pause Remark 435M->435M(479M) 0.469ms
[567.137s][info][gc] GC(8701) Pause Young (Normal) (G1 Evacuation Pause) 435M->237M(479M) 1.663ms
[567.176s][info][gc] GC(8700) Pause Cleanup 348M->348M(479M) 0.065ms
[567.176s][info][gc] GC(8700) Concurrent Mark Cycle 100.758ms
[567.203s][info][gc] GC(8702) Pause Young (Prepare Mixed) (G1 Evacuation Pause) 439M->238M(479M) 1.916ms
[567.262s][info][gc] GC(8703) Pause Young (Mixed) (G1 Evacuation Pause) 438M->241M(479M) 2.117ms
[567.316s][info][gc] GC(8704) Pause Young (Concurrent Start) (G1 Evacuation Pause) 436M->242M(479M) 1.766ms
[567.316s][info][gc] GC(8705) Concurrent Mark Cycle
[567.377s][info][gc] GC(8705) Pause Remark 420M->420M(479M) 0.421ms
[567.385s][info][gc] GC(8706) Pause Young (Normal) (G1 Evacuation Pause) 438M->244M(479M) 1.995ms
[567.427s][info][gc] GC(8705) Pause Cleanup 377M->377M(479M) 0.064ms
[567.427s][info][gc] GC(8705) Concurrent Mark Cycle 111.484ms
[567.447s][info][gc] GC(8707) Pause Young (Prepare Mixed) (G1 Evacuation Pause) 436M->245M(479M) 1.779ms
[567.500s][info][gc] GC(8708) Pause Young (Mixed) (G1 Evacuation Pause) 437M->245M(479M) 1.683ms
[567.561s][info][gc] GC(8709) Pause Young (Concurrent Start) (G1 Evacuation Pause) 438M->249M(479M) 1.848ms
[567.561s][info][gc] GC(8710) Concurrent Mark Cycle
[567.619s][info][gc] GC(8711) Pause Young (Normal) (G1 Evacuation Pause) 434M->249M(479M) 1.944ms
[567.629s][info][gc] GC(8710) Pause Remark 277M->277M(479M) 0.419ms
[567.689s][info][gc] GC(8712) Pause Young (Normal) (G1 Evacuation Pause) 439M->250M(479M) 1.817ms
[567.704s][info][gc] GC(8710) Pause Cleanup 298M->298M(479M) 0.069ms
[567.705s][info][gc] GC(8710) Concurrent Mark Cycle 143.968ms
[567.750s][info][gc] GC(8713) Pause Young (Prepare Mixed) (G1 Evacuation Pause) 436M->253M(479M) 1.807ms
[567.799s][info][gc] GC(8714) Pause Young (Mixed) (G1 Evacuation Pause) 436M->252M(479M) 1.820ms
[567.860s][info][gc] GC(8715) Pause Young (Concurrent Start) (G1 Evacuation Pause) 438M->253M(479M) 1.499ms
[567.860s][info][gc] GC(8716) Concurrent Mark Cycle
[567.920s][info][gc] GC(8716) Pause Remark 394M->394M(479M) 0.584ms
[567.942s][info][gc] GC(8717) Pause Young (Normal) (G1 Evacuation Pause) 439M->253M(479M) 1.502ms
[567.966s][info][gc] GC(8716) Pause Cleanup 296M->296M(479M) 0.063ms
[567.966s][info][gc] GC(8716) Concurrent Mark Cycle 105.802ms
[568.058s][info][gc] GC(8718) Pause Young (Prepare Mixed) (G1 Evacuation Pause) 439M->254M(479M) 1.554ms
[568.154s][info][gc] GC(8719) Pause Young (Mixed) (G1 Evacuation Pause) 439M->258M(479M) 2.063ms
[568.248s][info][gc] GC(8720) Pause Young (Concurrent Start) (G1 Evacuation Pause) 435M->258M(479M) 1.848ms
[568.248s][info][gc] GC(8721) Concurrent Mark Cycle
[568.256s][info][gc] GC(8721) Pause Remark 275M->112M(320M) 0.502ms
[568.260s][info][gc] GC(8721) Pause Cleanup 121M->121M(320M) 0.068ms
[568.260s][info][gc] GC(8721) Concurrent Mark Cycle 12.382ms
[568.341s][info][gc] GC(8722) Pause Young (Prepare Mixed) (G1 Evacuation Pause) 273M->97M(320M) 1.713ms
[568.432s][info][gc] GC(8723) Pause Young (Mixed) (G1 Evacuation Pause) 275M->71M(320M) 1.758ms
[568.523s][info][gc] GC(8724) Pause Young (Normal) (G1 Evacuation Pause) 249M->72M(320M) 1.786ms
[568.614s][info][gc] GC(8725) Pause Young (Normal) (G1 Evacuation Pause) 253M->74M(320M) 1.405ms
[568.709s][info][gc] GC(8726) Pause Young (Normal) (G1 Evacuation Pause) 253M->75M(320M) 1.539ms
[568.795s][info][gc] GC(8727) Pause Young (Normal) (G1 Evacuation Pause) 253M->75M(320M) 1.499ms
[568.882s][info][gc] GC(8728) Pause Young (Normal) (G1 Evacuation Pause) 254M->78M(320M) 1.606ms
[568.972s][info][gc] GC(8729) Pause Young (Normal) (G1 Evacuation Pause) 254M->78M(320M) 1.572ms
[569.069s][info][gc] GC(8730) Pause Young (Normal) (G1 Evacuation Pause) 257M->81M(320M) 1.818ms
[569.158s][info][gc] GC(8731) Pause Young (Normal) (G1 Evacuation Pause) 258M->82M(320M) 1.467ms
[569.247s][info][gc] GC(8732) Pause Young (Normal) (G1 Evacuation Pause) 260M->84M(320M) 1.563ms
[569.339s][info][gc] GC(8733) Pause Young (Normal) (G1 Evacuation Pause) 261M->86M(320M) 1.697ms
[569.429s][info][gc] GC(8734) Pause Young (Normal) (G1 Evacuation Pause) 263M->87M(320M) 1.488ms
[569.514s][info][gc] GC(8735) Pause Young (Normal) (G1 Evacuation Pause) 265M->88M(320M) 1.432ms
[569.609s][info][gc] GC(8736) Pause Young (Normal) (G1 Evacuation Pause) 266M->90M(320M) 1.688ms
[569.701s][info][gc] GC(8737) Pause Young (Normal) (G1 Evacuation Pause) 266M->91M(320M) 1.615ms
[569.794s][info][gc] GC(8738) Pause Young (Normal) (G1 Evacuation Pause) 269M->92M(320M) 1.702ms
[569.885s][info][gc] GC(8739) Pause Young (Normal) (G1 Evacuation Pause) 270M->94M(320M) 1.705ms
[569.975s][info][gc] GC(8740) Pause Young (Normal) (G1 Evacuation Pause) 272M->95M(320M) 1.589ms
[570.066s][info][gc] GC(8741) Pause Young (Normal) (G1 Evacuation Pause) 273M->97M(320M) 1.658ms
[570.148s][info][gc] GC(8742) Pause Young (Normal) (G1 Evacuation Pause) 275M->98M(320M) 1.383ms
[570.242s][info][gc] GC(8743) Pause Young (Normal) (G1 Evacuation Pause) 277M->101M(320M) 1.535ms
[570.337s][info][gc] GC(8744) Pause Young (Normal) (G1 Evacuation Pause) 277M->102M(320M) 1.781ms
[570.426s][info][gc] GC(8745) Pause Young (Normal) (G1 Evacuation Pause) 279M->103M(320M) 1.564ms
[570.516s][info][gc] GC(8746) Pause Young (Normal) (G1 Evacuation Pause) 281M->105M(320M) 1.521ms
[570.612s][info][gc] GC(8747) Pause Young (Normal) (G1 Evacuation Pause) 283M->107M(320M) 1.748ms
[570.707s][info][gc] GC(8748) Pause Young (Normal) (G1 Evacuation Pause) 283M->109M(320M) 1.798ms
[570.796s][info][gc] GC(8749) Pause Young (Normal) (G1 Evacuation Pause) 286M->109M(320M) 1.565ms
[570.894s][info][gc] GC(8750) Pause Young (Normal) (G1 Evacuation Pause) 288M->111M(320M) 1.525ms
[570.988s][info][gc] GC(8751) Pause Young (Normal) (G1 Evacuation Pause) 286M->112M(320M) 1.665ms
[571.085s][info][gc] GC(8752) Pause Young (Normal) (G1 Evacuation Pause) 288M->115M(320M) 1.776ms
[571.175s][info][gc] GC(8753) Pause Young (Normal) (G1 Evacuation Pause) 288M->115M(320M) 1.668ms
[571.266s][info][gc] GC(8754) Pause Young (Normal) (G1 Evacuation Pause) 288M->117M(320M) 1.521ms
[571.362s][info][gc] GC(8755) Pause Young (Normal) (G1 Evacuation Pause) 286M->118M(320M) 1.856ms
[571.445s][info][gc] GC(8756) Pause Young (Normal) (G1 Evacuation Pause) 289M->120M(320M) 1.748ms
[571.535s][info][gc] GC(8757) Pause Young (Concurrent Start) (G1 Evacuation Pause) 289M->121M(320M) 1.616ms
[571.535s][info][gc] GC(8758) Concurrent Mark Cycle
[571.554s][info][gc] GC(8758) Pause Remark 165M->155M(320M) 0.416ms
[571.561s][info][gc] GC(8758) Pause Cleanup 166M->166M(320M) 0.058ms
[571.561s][info][gc] GC(8758) Concurrent Mark Cycle 26.564ms
[571.626s][info][gc] GC(8759) Pause Young (Prepare Mixed) (G1 Evacuation Pause) 279M->113M(320M) 1.620ms
[571.717s][info][gc] GC(8760) Pause Young (Mixed) (G1 Evacuation Pause) 289M->110M(320M) 1.541ms
[571.810s][info][gc] GC(8761) Pause Young (Normal) (G1 Evacuation Pause) 289M->112M(320M) 1.547ms
[571.905s][info][gc] GC(8762) Pause Young (Normal) (G1 Evacuation Pause) 288M->114M(320M) 1.654ms
[571.988s][info][gc] GC(8763) Pause Young (Normal) (G1 Evacuation Pause) 289M->114M(320M) 1.406ms
[572.081s][info][gc] GC(8764) Pause Young (Normal) (G1 Evacuation Pause) 290M->116M(320M) 1.574ms
[572.174s][info][gc] GC(8765) Pause Young (Normal) (G1 Evacuation Pause) 288M->118M(320M) 1.652ms
[572.265s][info][gc] GC(8766) Pause Young (Normal) (G1 Evacuation Pause) 288M->119M(320M) 1.674ms
[572.353s][info][gc] GC(8767) Pause Young (Normal) (G1 Evacuation Pause) 288M->120M(320M) 1.597ms
[572.441s][info][gc] GC(8768) Pause Young (Concurrent Start) (G1 Evacuation Pause) 288M->121M(320M) 1.558ms
[572.441s][info][gc] GC(8769) Concurrent Mark Cycle
[572.460s][info][gc] GC(8769) Pause Remark 163M->163M(320M) 0.481ms
[572.470s][info][gc] GC(8769) Pause Cleanup 175M->175M(320M) 0.065ms
[572.470s][info][gc] GC(8769) Concurrent Mark Cycle 28.786ms
[572.526s][info][gc] GC(8770) Pause Young (Prepare Mixed) (G1 Evacuation Pause) 288M->123M(320M) 1.502ms
[572.612s][info][gc] GC(8771) Pause Young (Mixed) (G1 Evacuation Pause) 290M->122M(320M) 1.449ms
[572.698s][info][gc] GC(8772) Pause Young (Normal) (G1 Evacuation Pause) 287M->123M(320M) 1.669ms
[572.782s][info][gc] GC(8773) Pause Young (Concurrent Start) (G1 Evacuation Pause) 289M->125M(320M) 1.669ms
[572.782s][info][gc] GC(8774) Concurrent Mark Cycle
[572.799s][info][gc] GC(8774) Pause Remark 153M->153M(320M) 0.459ms
[572.810s][info][gc] GC(8774) Pause Cleanup 170M->170M(320M) 0.059ms
[572.810s][info][gc] GC(8774) Concurrent Mark Cycle 28.223ms
[572.874s][info][gc] GC(8775) Pause Young (Prepare Mixed) (G1 Evacuation Pause) 289M->125M(320M) 1.740ms
[572.967s][info][gc] GC(8776) Pause Young (Mixed) (G1 Evacuation Pause) 290M->123M(320M) 1.381ms
[573.053s][info][gc] GC(8777) Pause Young (Concurrent Start) (G1 Evacuation Pause) 290M->125M(320M) 1.530ms
[573.053s][info][gc] GC(8778) Concurrent Mark Cycle
[573.074s][info][gc] GC(8778) Pause Remark 165M->165M(320M) 0.424ms
[573.086s][info][gc] GC(8778) Pause Cleanup 176M->176M(320M) 0.063ms
[573.086s][info][gc] GC(8778) Concurrent Mark Cycle 33.062ms
[573.142s][info][gc] GC(8779) Pause Young (Prepare Mixed) (G1 Evacuation Pause) 288M->126M(320M) 1.641ms
[573.222s][info][gc] GC(8780) Pause Young (Mixed) (G1 Evacuation Pause) 290M->125M(320M) 1.537ms
[573.309s][info][gc] GC(8781) Pause Young (Concurrent Start) (G1 Evacuation Pause) 290M->127M(320M) 1.501ms
[573.310s][info][gc] GC(8782) Concurrent Mark Cycle
[573.332s][info][gc] GC(8782) Pause Remark 175M->175M(320M) 0.445ms
[573.342s][info][gc] GC(8782) Pause Cleanup 187M->187M(320M) 0.060ms
[573.342s][info][gc] GC(8782) Concurrent Mark Cycle 32.398ms
[573.393s][info][gc] GC(8783) Pause Young (Prepare Mixed) (G1 Evacuation Pause) 288M->126M(320M) 1.354ms
[573.546s][info][gc] GC(8784) Pause Young (Mixed) (G1 Evacuation Pause) 290M->127M(320M) 1.477ms
[573.713s][info][gc] GC(8785) Pause Young (Concurrent Start) (G1 Evacuation Pause) 290M->129M(320M) 1.485ms
[573.713s][info][gc] GC(8786) Concurrent Mark Cycle
[573.726s][info][gc] GC(8786) Pause Remark 141M->141M(320M) 0.430ms
[573.734s][info][gc] GC(8786) Pause Cleanup 150M->150M(320M) 0.075ms
[573.734s][info][gc] GC(8786) Concurrent Mark Cycle 20.405ms
[573.876s][info][gc] GC(8787) Pause Young (Prepare Mixed) (G1 Evacuation Pause) 289M->130M(320M) 1.461ms
[574.030s][info][gc] GC(8788) Pause Young (Mixed) (G1 Evacuation Pause) 288M->109M(320M) 1.785ms
[574.201s][info][gc] GC(8789) Pause Young (Mixed) (G1 Evacuation Pause) 288M->106M(320M) 1.616ms
[574.379s][info][gc] GC(8790) Pause Young (Normal) (G1 Evacuation Pause) 283M->108M(320M) 1.403ms
[574.550s][info][gc] GC(8791) Pause Young (Normal) (G1 Evacuation Pause) 285M->109M(320M) 1.506ms
[574.723s][info][gc] GC(8792) Pause Young (Normal) (G1 Evacuation Pause) 287M->110M(320M) 1.565ms
[574.907s][info][gc] GC(8793) Pause Young (Normal) (G1 Evacuation Pause) 288M->113M(320M) 1.541ms
[575.082s][info][gc] GC(8794) Pause Young (Normal) (G1 Evacuation Pause) 288M->114M(320M) 1.441ms
[575.263s][info][gc] GC(8795) Pause Young (Normal) (G1 Evacuation Pause) 288M->116M(320M) 1.522ms
[575.433s][info][gc] GC(8796) Pause Young (Normal) (G1 Evacuation Pause) 288M->117M(320M) 1.517ms
[575.604s][info][gc] GC(8797) Pause Young (Normal) (G1 Evacuation Pause) 289M->118M(320M) 1.459ms
[575.777s][info][gc] GC(8798) Pause Young (Normal) (G1 Evacuation Pause) 290M->120M(320M) 1.505ms
[575.943s][info][gc] GC(8799) Pause Young (Normal) (G1 Evacuation Pause) 288M->120M(320M) 1.544ms
[576.125s][info][gc] GC(8800) Pause Young (Normal) (G1 Evacuation Pause) 290M->122M(320M) 1.551ms
[576.290s][info][gc] GC(8801) Pause Young (Concurrent Start) (G1 Evacuation Pause) 288M->124M(320M) 1.451ms
[576.290s][info][gc] GC(8802) Concurrent Mark Cycle
[576.305s][info][gc] GC(8802) Pause Remark 137M->137M(320M) 0.451ms
[576.316s][info][gc] GC(8802) Pause Cleanup 152M->152M(320M) 0.081ms
[576.316s][info][gc] GC(8802) Concurrent Mark Cycle 25.927ms
[576.459s][info][gc] GC(8803) Pause Young (Prepare Mixed) (G1 Evacuation Pause) 289M->125M(320M) 1.413ms
[576.619s][info][gc] GC(8804) Pause Young (Mixed) (G1 Evacuation Pause) 290M->119M(320M) 1.711ms
[576.782s][info][gc] GC(8805) Pause Young (Normal) (G1 Evacuation Pause) 290M->121M(320M) 1.554ms
[576.952s][info][gc] GC(8806) Pause Young (Concurrent Start) (G1 Evacuation Pause) 290M->123M(320M) 1.588ms
[576.952s][info][gc] GC(8807) Concurrent Mark Cycle
[576.967s][info][gc] GC(8807) Pause Remark 140M->140M(320M) 0.448ms
[576.977s][info][gc] GC(8807) Pause Cleanup 149M->149M(320M) 0.058ms
[576.977s][info][gc] GC(8807) Concurrent Mark Cycle 25.455ms
[577.116s][info][gc] GC(8808) Pause Young (Prepare Mixed) (G1 Evacuation Pause) 288M->124M(320M) 1.433ms
[577.282s][info][gc] GC(8809) Pause Young (Mixed) (G1 Evacuation Pause) 290M->122M(320M) 1.797ms
[577.452s][info][gc] GC(8810) Pause Young (Concurrent Start) (G1 Evacuation Pause) 290M->124M(320M) 1.460ms
[577.452s][info][gc] GC(8811) Concurrent Mark Cycle
[577.469s][info][gc] GC(8811) Pause Remark 145M->145M(320M) 0.456ms
[577.480s][info][gc] GC(8811) Pause Cleanup 159M->159M(320M) 0.046ms
[577.480s][info][gc] GC(8811) Concurrent Mark Cycle 27.752ms
[577.614s][info][gc] GC(8812) Pause Young (Prepare Mixed) (G1 Evacuation Pause) 288M->125M(320M) 1.412ms
[577.776s][info][gc] GC(8813) Pause Young (Mixed) (G1 Evacuation Pause) 288M->124M(320M) 1.611ms
[577.934s][info][gc] GC(8814) Pause Young (Concurrent Start) (G1 Evacuation Pause) 290M->127M(320M) 1.438ms
[577.934s][info][gc] GC(8815) Concurrent Mark Cycle
[577.950s][info][gc] GC(8815) Pause Remark 143M->143M(320M) 0.439ms
[577.962s][info][gc] GC(8815) Pause Cleanup 151M->151M(320M) 0.084ms
[577.962s][info][gc] GC(8815) Concurrent Mark Cycle 27.839ms
[578.095s][info][gc] GC(8816) Pause Young (Prepare Mixed) (G1 Evacuation Pause) 289M->127M(320M) 1.367ms
[578.260s][info][gc] GC(8817) Pause Young (Mixed) (G1 Evacuation Pause) 290M->126M(320M) 1.535ms
[578.424s][info][gc] GC(8818) Pause Young (Concurrent Start) (G1 Evacuation Pause) 290M->127M(320M) 1.326ms
[578.424s][info][gc] GC(8819) Concurrent Mark Cycle
[578.442s][info][gc] GC(8819) Pause Remark 139M->139M(320M) 0.404ms
[578.457s][info][gc] GC(8819) Pause Cleanup 147M->147M(320M) 0.090ms
[578.457s][info][gc] GC(8819) Concurrent Mark Cycle 32.410ms
[578.595s][info][gc] GC(8820) Pause Young (Prepare Mixed) (G1 Evacuation Pause) 289M->134M(320M) 1.675ms
[578.653s][info][gc] GC(8821) Pause Young (Mixed) (G1 Evacuation Pause) 284M->130M(320M) 1.661ms
[578.727s][info][gc] GC(8822) Pause Young (Concurrent Start) (G1 Evacuation Pause) 292M->134M(320M) 1.580ms
[578.727s][info][gc] GC(8823) Concurrent Mark Cycle
[578.735s][info][gc] GC(8823) Pause Remark 153M->96M(260M) 0.427ms
[578.737s][info][gc] GC(8823) Pause Cleanup 99M->99M(260M) 0.055ms
[578.737s][info][gc] GC(8823) Concurrent Mark Cycle 9.529ms
[578.793s][info][gc] GC(8824) Pause Young (Prepare Mixed) (G1 Evacuation Pause) 218M->77M(260M) 1.573ms
[578.851s][info][gc] GC(8825) Pause Young (Mixed) (G1 Evacuation Pause) 222M->62M(260M) 1.425ms
[578.913s][info][gc] GC(8826) Pause Young (Normal) (G1 Evacuation Pause) 205M->63M(260M) 1.510ms
[578.970s][info][gc] GC(8827) Pause Young (Normal) (G1 Evacuation Pause) 208M->63M(260M) 1.306ms
[579.036s][info][gc] GC(8828) Pause Young (Normal) (G1 Evacuation Pause) 208M->64M(260M) 1.379ms
[579.094s][info][gc] GC(8829) Pause Young (Normal) (G1 Evacuation Pause) 207M->65M(260M) 1.338ms
[579.155s][info][gc] GC(8830) Pause Young (Normal) (G1 Evacuation Pause) 210M->67M(260M) 1.353ms
[579.222s][info][gc] GC(8831) Pause Young (Normal) (G1 Evacuation Pause) 210M->68M(260M) 1.415ms
[579.279s][info][gc] GC(8832) Pause Young (Normal) (G1 Evacuation Pause) 213M->70M(260M) 1.463ms
[579.344s][info][gc] GC(8833) Pause Young (Normal) (G1 Evacuation Pause) 213M->70M(260M) 1.368ms
[579.401s][info][gc] GC(8834) Pause Young (Normal) (G1 Evacuation Pause) 215M->72M(260M) 1.394ms
[579.466s][info][gc] GC(8835) Pause Young (Normal) (G1 Evacuation Pause) 215M->73M(260M) 1.396ms
[579.522s][info][gc] GC(8836) Pause Young (Normal) (G1 Evacuation Pause) 217M->73M(260M) 1.315ms
[579.585s][info][gc] GC(8837) Pause Young (Normal) (G1 Evacuation Pause) 218M->75M(260M) 1.465ms
[579.646s][info][gc] GC(8838) Pause Young (Normal) (G1 Evacuation Pause) 219M->76M(260M) 1.543ms
[579.708s][info][gc] GC(8839) Pause Young (Normal) (G1 Evacuation Pause) 221M->78M(260M) 1.345ms
[579.769s][info][gc] GC(8840) Pause Young (Normal) (G1 Evacuation Pause) 221M->78M(260M) 1.415ms
[579.825s][info][gc] GC(8841) Pause Young (Normal) (G1 Evacuation Pause) 223M->79M(260M) 1.468ms
[579.890s][info][gc] GC(8842) Pause Young (Normal) (G1 Evacuation Pause) 223M->82M(260M) 1.444ms
[579.944s][info][gc] GC(8843) Pause Young (Normal) (G1 Evacuation Pause) 226M->81M(260M) 1.348ms
[580.009s][info][gc] GC(8844) Pause Young (Normal) (G1 Evacuation Pause) 226M->83M(260M) 1.491ms
[580.070s][info][gc] GC(8845) Pause Young (Normal) (G1 Evacuation Pause) 226M->84M(260M) 1.413ms
[580.130s][info][gc] GC(8846) Pause Young (Normal) (G1 Evacuation Pause) 229M->87M(260M) 1.360ms
[580.191s][info][gc] GC(8847) Pause Young (Normal) (G1 Evacuation Pause) 229M->87M(260M) 1.495ms
[580.249s][info][gc] GC(8848) Pause Young (Normal) (G1 Evacuation Pause) 232M->88M(260M) 1.334ms
[580.315s][info][gc] GC(8849) Pause Young (Normal) (G1 Evacuation Pause) 231M->89M(260M) 1.402ms
[580.375s][info][gc] GC(8850) Pause Young (Normal) (G1 Evacuation Pause) 234M->91M(260M) 1.436ms
[580.437s][info][gc] GC(8851) Pause Young (Normal) (G1 Evacuation Pause) 233M->91M(260M) 1.407ms
[580.498s][info][gc] GC(8852) Pause Young (Normal) (G1 Evacuation Pause) 235M->92M(260M) 1.241ms
[580.560s][info][gc] GC(8853) Pause Young (Normal) (G1 Evacuation Pause) 234M->94M(260M) 1.497ms
[580.618s][info][gc] GC(8854) Pause Young (Normal) (G1 Evacuation Pause) 233M->94M(260M) 1.298ms
[580.680s][info][gc] GC(8855) Pause Young (Concurrent Start) (G1 Evacuation Pause) 234M->97M(260M) 1.372ms
[580.680s][info][gc] GC(8856) Concurrent Mark Cycle
[580.695s][info][gc] GC(8856) Pause Remark 133M->128M(260M) 0.500ms
[580.702s][info][gc] GC(8856) Pause Cleanup 146M->146M(260M) 0.054ms
[580.702s][info][gc] GC(8856) Concurrent Mark Cycle 22.568ms
[580.841s][info][gc] GC(8857) Pause Young (Prepare Mixed) (G1 Evacuation Pause) 228M->89M(260M) 1.362ms
[580.910s][info][gc] GC(8858) Pause Young (Mixed) (G1 Evacuation Pause) 236M->92M(260M) 1.526ms
[580.977s][info][gc] GC(8859) Pause Young (Normal) (G1 Evacuation Pause) 232M->93M(260M) 1.695ms
[581.037s][info][gc] GC(8860) Pause Young (Normal) (G1 Evacuation Pause) 234M->94M(260M) 1.579ms
[581.106s][info][gc] GC(8861) Pause Young (Normal) (G1 Evacuation Pause) 234M->95M(260M) 1.620ms
[581.165s][info][gc] GC(8862) Pause Young (Concurrent Start) (G1 Evacuation Pause) 235M->97M(260M) 1.452ms
[581.166s][info][gc] GC(8863) Concurrent Mark Cycle
[581.172s][info][gc] GC(8863) Pause Remark 110M->73M(207M) 0.528ms
[581.175s][info][gc] GC(8863) Pause Cleanup 79M->79M(207M) 0.057ms
[581.176s][info][gc] GC(8863) Concurrent Mark Cycle 9.997ms
[581.227s][info][gc] GC(8864) Pause Young (Prepare Mixed) (G1 Evacuation Pause) 173M->62M(207M) 1.470ms
[581.271s][info][gc] GC(8865) Pause Young (Mixed) (G1 Evacuation Pause) 175M->58M(207M) 1.236ms
[581.326s][info][gc] GC(8866) Pause Young (Normal) (G1 Evacuation Pause) 174M->59M(207M) 1.155ms
[581.372s][info][gc] GC(8867) Pause Young (Normal) (G1 Evacuation Pause) 173M->60M(207M) 1.236ms
[581.415s][info][gc] GC(8868) Pause Young (Normal) (G1 Evacuation Pause) 175M->61M(207M) 1.161ms
[581.473s][info][gc] GC(8869) Pause Young (Normal) (G1 Evacuation Pause) 176M->62M(207M) 1.235ms
[581.517s][info][gc] GC(8870) Pause Young (Normal) (G1 Evacuation Pause) 176M->63M(207M) 1.339ms
[581.570s][info][gc] GC(8871) Pause Young (Normal) (G1 Evacuation Pause) 177M->64M(207M) 1.242ms
[581.615s][info][gc] GC(8872) Pause Young (Normal) (G1 Evacuation Pause) 178M->65M(207M) 1.236ms
[581.666s][info][gc] GC(8873) Pause Young (Normal) (G1 Evacuation Pause) 179M->66M(207M) 1.173ms
[581.713s][info][gc] GC(8874) Pause Young (Normal) (G1 Evacuation Pause) 181M->66M(207M) 1.247ms
[581.759s][info][gc] GC(8875) Pause Young (Normal) (G1 Evacuation Pause) 180M->66M(207M) 1.259ms
[581.816s][info][gc] GC(8876) Pause Young (Normal) (G1 Evacuation Pause) 182M->69M(207M) 1.228ms
[581.855s][info][gc] GC(8877) Pause Young (Normal) (G1 Evacuation Pause) 181M->68M(207M) 1.237ms
[581.908s][info][gc] GC(8878) Pause Young (Normal) (G1 Evacuation Pause) 184M->70M(207M) 1.214ms
[581.953s][info][gc] GC(8879) Pause Young (Normal) (G1 Evacuation Pause) 184M->72M(207M) 1.352ms
[582.006s][info][gc] GC(8880) Pause Young (Normal) (G1 Evacuation Pause) 185M->73M(207M) 1.244ms
[582.048s][info][gc] GC(8881) Pause Young (Normal) (G1 Evacuation Pause) 185M->73M(207M) 1.208ms
[582.099s][info][gc] GC(8882) Pause Young (Normal) (G1 Evacuation Pause) 186M->74M(207M) 1.177ms
[582.143s][info][gc] GC(8883) Pause Young (Normal) (G1 Evacuation Pause) 185M->75M(207M) 1.345ms
[582.187s][info][gc] GC(8884) Pause Young (Concurrent Start) (G1 Evacuation Pause) 185M->75M(207M) 1.117ms
[582.187s][info][gc] GC(8885) Concurrent Mark Cycle
[582.197s][info][gc] GC(8885) Pause Remark 88M->87M(207M) 0.414ms
[582.207s][info][gc] GC(8885) Pause Cleanup 106M->106M(207M) 0.070ms
[582.207s][info][gc] GC(8885) Concurrent Mark Cycle 19.906ms
[582.239s][info][gc] GC(8886) Pause Young (Prepare Mixed) (G1 Evacuation Pause) 186M->76M(207M) 1.177ms
[582.280s][info][gc] GC(8887) Pause Young (Mixed) (G1 Evacuation Pause) 185M->75M(207M) 1.230ms
[582.334s][info][gc] GC(8888) Pause Young (Concurrent Start) (G1 Evacuation Pause) 185M->75M(207M) 1.245ms
[582.334s][info][gc] GC(8889) Concurrent Mark Cycle
[582.346s][info][gc] GC(8889) Pause Remark 108M->108M(207M) 0.428ms
[582.352s][info][gc] GC(8889) Pause Cleanup 120M->120M(207M) 0.054ms
[582.352s][info][gc] GC(8889) Concurrent Mark Cycle 18.654ms
[582.379s][info][gc] GC(8890) Pause Young (Prepare Mixed) (G1 Evacuation Pause) 186M->76M(207M) 1.239ms
[582.430s][info][gc] GC(8891) Pause Young (Mixed) (G1 Evacuation Pause) 186M->74M(207M) 1.191ms
[582.476s][info][gc] GC(8892) Pause Young (Concurrent Start) (G1 Evacuation Pause) 185M->76M(207M) 1.288ms
[582.476s][info][gc] GC(8893) Concurrent Mark Cycle
[582.487s][info][gc] GC(8893) Pause Remark 103M->103M(207M) 0.421ms
[582.498s][info][gc] GC(8893) Pause Cleanup 124M->124M(207M) 0.053ms
[582.498s][info][gc] GC(8893) Concurrent Mark Cycle 22.374ms
[582.521s][info][gc] GC(8894) Pause Young (Prepare Mixed) (G1 Evacuation Pause) 185M->75M(207M) 1.154ms
[582.570s][info][gc] GC(8895) Pause Young (Mixed) (G1 Evacuation Pause) 186M->77M(207M) 1.205ms
[582.613s][info][gc] GC(8896) Pause Young (Concurrent Start) (G1 Evacuation Pause) 185M->78M(207M) 1.275ms
[582.613s][info][gc] GC(8897) Concurrent Mark Cycle
[582.625s][info][gc] GC(8897) Pause Remark 106M->106M(207M) 0.427ms
[582.635s][info][gc] GC(8897) Pause Cleanup 128M->128M(207M) 0.051ms
[582.635s][info][gc] GC(8897) Concurrent Mark Cycle 22.223ms
[582.666s][info][gc] GC(8898) Pause Young (Prepare Mixed) (G1 Evacuation Pause) 186M->78M(207M) 1.166ms
[582.709s][info][gc] GC(8899) Pause Young (Mixed) (G1 Evacuation Pause) 186M->78M(240M) 1.450ms
[582.766s][info][gc] GC(8900) Pause Young (Normal) (G1 Evacuation Pause) 212M->78M(240M) 1.254ms
[582.822s][info][gc] GC(8901) Pause Young (Normal) (G1 Evacuation Pause) 212M->80M(240M) 1.387ms
[582.882s][info][gc] GC(8902) Pause Young (Normal) (G1 Evacuation Pause) 213M->81M(240M) 1.408ms
[582.932s][info][gc] GC(8903) Pause Young (Normal) (G1 Evacuation Pause) 214M->82M(240M) 1.289ms
[582.993s][info][gc] GC(8904) Pause Young (Normal) (G1 Evacuation Pause) 215M->83M(240M) 1.471ms
[583.046s][info][gc] GC(8905) Pause Young (Normal) (G1 Evacuation Pause) 215M->85M(240M) 1.341ms
[583.199s][info][gc] GC(8906) Pause Young (Normal) (G1 Evacuation Pause) 217M->86M(240M) 1.356ms
[583.247s][info][gc] GC(8907) Pause Young (Normal) (G1 Evacuation Pause) 214M->88M(240M) 1.422ms
[583.307s][info][gc] GC(8908) Pause Young (Normal) (G1 Evacuation Pause) 216M->89M(240M) 1.391ms
[583.353s][info][gc] GC(8909) Pause Young (Concurrent Start) (G1 Evacuation Pause) 216M->90M(240M) 1.385ms
[583.353s][info][gc] GC(8910) Concurrent Mark Cycle
[583.360s][info][gc] GC(8910) Pause Remark 106M->77M(207M) 0.462ms
[583.363s][info][gc] GC(8910) Pause Cleanup 83M->83M(207M) 0.062ms
[583.363s][info][gc] GC(8910) Concurrent Mark Cycle 10.111ms
[583.411s][info][gc] GC(8911) Pause Young (Prepare Mixed) (G1 Evacuation Pause) 179M->61M(207M) 1.355ms
[583.457s][info][gc] GC(8912) Pause Young (Mixed) (G1 Evacuation Pause) 177M->58M(207M) 1.230ms
[583.501s][info][gc] GC(8913) Pause Young (Normal) (G1 Evacuation Pause) 172M->59M(207M) 1.226ms
[583.555s][info][gc] GC(8914) Pause Young (Normal) (G1 Evacuation Pause) 173M->60M(207M) 1.252ms
[583.600s][info][gc] GC(8915) Pause Young (Normal) (G1 Evacuation Pause) 174M->61M(207M) 1.259ms
[583.650s][info][gc] GC(8916) Pause Young (Normal) (G1 Evacuation Pause) 176M->62M(207M) 1.214ms
[583.694s][info][gc] GC(8917) Pause Young (Normal) (G1 Evacuation Pause) 176M->63M(207M) 1.214ms
[583.748s][info][gc] GC(8918) Pause Young (Normal) (G1 Evacuation Pause) 178M->64M(207M) 1.209ms
[583.793s][info][gc] GC(8919) Pause Young (Normal) (G1 Evacuation Pause) 178M->64M(207M) 1.270ms
[583.838s][info][gc] GC(8920) Pause Young (Normal) (G1 Evacuation Pause) 178M->64M(207M) 1.115ms
[583.894s][info][gc] GC(8921) Pause Young (Normal) (G1 Evacuation Pause) 180M->67M(207M) 1.317ms
[583.935s][info][gc] GC(8922) Pause Young (Normal) (G1 Evacuation Pause) 180M->68M(207M) 1.307ms
[583.987s][info][gc] GC(8923) Pause Young (Normal) (G1 Evacuation Pause) 183M->68M(207M) 1.234ms
[584.033s][info][gc] GC(8924) Pause Young (Normal) (G1 Evacuation Pause) 183M->69M(207M) 1.258ms
[584.084s][info][gc] GC(8925) Pause Young (Normal) (G1 Evacuation Pause) 183M->70M(207M) 1.219ms
[584.131s][info][gc] GC(8926) Pause Young (Normal) (G1 Evacuation Pause) 185M->71M(207M) 1.187ms
[584.185s][info][gc] GC(8927) Pause Young (Normal) (G1 Evacuation Pause) 184M->73M(207M) 1.229ms
[584.225s][info][gc] GC(8928) Pause Young (Normal) (G1 Evacuation Pause) 183M->72M(207M) 1.219ms
[584.268s][info][gc] GC(8929) Pause Young (Normal) (G1 Evacuation Pause) 184M->73M(207M) 1.063ms
[584.321s][info][gc] GC(8930) Pause Young (Concurrent Start) (G1 Evacuation Pause) 185M->75M(207M) 1.236ms
[584.321s][info][gc] GC(8931) Concurrent Mark Cycle
[584.333s][info][gc] GC(8931) Pause Remark 103M->98M(207M) 0.411ms
[584.342s][info][gc] GC(8931) Pause Cleanup 120M->120M(207M) 0.053ms
[584.342s][info][gc] GC(8931) Concurrent Mark Cycle 20.484ms
[584.365s][info][gc] GC(8932) Pause Young (Prepare Mixed) (G1 Evacuation Pause) 179M->71M(207M) 1.238ms
[584.421s][info][gc] GC(8933) Pause Young (Mixed) (G1 Evacuation Pause) 186M->70M(207M) 1.237ms
[584.464s][info][gc] GC(8934) Pause Young (Normal) (G1 Evacuation Pause) 185M->70M(207M) 1.160ms
[584.518s][info][gc] GC(8935) Pause Young (Normal) (G1 Evacuation Pause) 185M->72M(207M) 1.241ms
[584.562s][info][gc] GC(8936) Pause Young (Normal) (G1 Evacuation Pause) 185M->73M(207M) 1.357ms
[584.603s][info][gc] GC(8937) Pause Young (Normal) (G1 Evacuation Pause) 184M->72M(207M) 1.051ms
[584.656s][info][gc] GC(8938) Pause Young (Concurrent Start) (G1 Evacuation Pause) 186M->75M(207M) 1.266ms
[584.656s][info][gc] GC(8939) Concurrent Mark Cycle
[584.668s][info][gc] GC(8939) Pause Remark 106M->106M(207M) 0.419ms
[584.678s][info][gc] GC(8939) Pause Cleanup 121M->121M(207M) 0.050ms
[584.678s][info][gc] GC(8939) Concurrent Mark Cycle 22.364ms
[584.703s][info][gc] GC(8940) Pause Young (Prepare Mixed) (G1 Evacuation Pause) 185M->75M(207M) 1.274ms
[584.754s][info][gc] GC(8941) Pause Young (Mixed) (G1 Evacuation Pause) 186M->75M(207M) 1.190ms
[584.797s][info][gc] GC(8942) Pause Young (Concurrent Start) (G1 Evacuation Pause) 185M->76M(207M) 1.268ms
[584.797s][info][gc] GC(8943) Concurrent Mark Cycle
[584.809s][info][gc] GC(8943) Pause Remark 103M->103M(207M) 0.453ms
[584.816s][info][gc] GC(8943) Pause Cleanup 116M->116M(207M) 0.056ms
[584.817s][info][gc] GC(8943) Concurrent Mark Cycle 19.177ms
[584.853s][info][gc] GC(8944) Pause Young (Prepare Mixed) (G1 Evacuation Pause) 186M->77M(207M) 1.319ms
[584.895s][info][gc] GC(8945) Pause Young (Mixed) (G1 Evacuation Pause) 184M->76M(207M) 1.116ms
[584.936s][info][gc] GC(8946) Pause Young (Concurrent Start) (G1 Evacuation Pause) 185M->77M(207M) 1.157ms
[584.936s][info][gc] GC(8947) Concurrent Mark Cycle
[584.951s][info][gc] GC(8947) Pause Remark 96M->96M(207M) 0.410ms
[584.963s][info][gc] GC(8947) Pause Cleanup 116M->116M(207M) 0.074ms
[584.963s][info][gc] GC(8947) Concurrent Mark Cycle 26.766ms
[584.990s][info][gc] GC(8948) Pause Young (Prepare Mixed) (G1 Evacuation Pause) 185M->78M(207M) 1.171ms
[585.032s][info][gc] GC(8949) Pause Young (Mixed) (G1 Evacuation Pause) 184M->77M(207M) 1.256ms
[585.084s][info][gc] GC(8950) Pause Young (Concurrent Start) (G1 Evacuation Pause) 187M->79M(207M) 1.247ms
[585.084s][info][gc] GC(8951) Concurrent Mark Cycle
[585.100s][info][gc] GC(8951) Pause Remark 116M->116M(207M) 0.415ms
[585.108s][info][gc] GC(8951) Pause Cleanup 135M->135M(207M) 0.049ms
[585.108s][info][gc] GC(8951) Concurrent Mark Cycle 23.859ms
[585.129s][info][gc] GC(8952) Pause Young (Prepare Mixed) (G1 Evacuation Pause) 185M->80M(207M) 1.225ms
[585.175s][info][gc] GC(8953) Pause Young (Mixed) (G1 Evacuation Pause) 186M->79M(240M) 1.195ms
[585.231s][info][gc] GC(8954) Pause Young (Normal) (G1 Evacuation Pause) 215M->81M(240M) 1.280ms
[585.293s][info][gc] GC(8955) Pause Young (Normal) (G1 Evacuation Pause) 215M->82M(240M) 1.471ms
[585.344s][info][gc] GC(8956) Pause Young (Normal) (G1 Evacuation Pause) 214M->83M(240M) 1.554ms
[585.495s][info][gc] GC(8957) Pause Young (Normal) (G1 Evacuation Pause) 215M->85M(240M) 1.482ms
[585.546s][info][gc] GC(8958) Pause Young (Normal) (G1 Evacuation Pause) 214M->87M(240M) 1.568ms
[585.605s][info][gc] GC(8959) Pause Young (Normal) (G1 Evacuation Pause) 214M->87M(240M) 1.420ms
[585.654s][info][gc] GC(8960) Pause Young (Normal) (G1 Evacuation Pause) 215M->88M(240M) 1.392ms
[585.718s][info][gc] GC(8961) Pause Young (Concurrent Start) (G1 Evacuation Pause) 215M->89M(240M) 1.554ms
[585.718s][info][gc] GC(8962) Concurrent Mark Cycle
[585.725s][info][gc] GC(8962) Pause Remark 105M->73M(197M) 0.445ms
[585.729s][info][gc] GC(8962) Pause Cleanup 80M->80M(197M) 0.072ms
[585.729s][info][gc] GC(8962) Concurrent Mark Cycle 10.660ms
[585.771s][info][gc] GC(8963) Pause Young (Prepare Mixed) (G1 Evacuation Pause) 183M->58M(197M) 1.432ms
[585.814s][info][gc] GC(8964) Pause Young (Mixed) (G1 Evacuation Pause) 166M->53M(197M) 0.987ms
[585.869s][info][gc] GC(8965) Pause Young (Normal) (G1 Evacuation Pause) 164M->56M(197M) 1.387ms
[585.916s][info][gc] GC(8966) Pause Young (Normal) (G1 Evacuation Pause) 164M->57M(197M) 1.385ms
[585.971s][info][gc] GC(8967) Pause Young (Normal) (G1 Evacuation Pause) 166M->58M(197M) 1.217ms
[586.016s][info][gc] GC(8968) Pause Young (Normal) (G1 Evacuation Pause) 167M->59M(197M) 1.319ms
[586.066s][info][gc] GC(8969) Pause Young (Normal) (G1 Evacuation Pause) 168M->60M(197M) 1.173ms
[586.112s][info][gc] GC(8970) Pause Young (Normal) (G1 Evacuation Pause) 169M->61M(197M) 1.345ms
[586.154s][info][gc] GC(8971) Pause Young (Normal) (G1 Evacuation Pause) 170M->60M(197M) 1.069ms
[586.206s][info][gc] GC(8972) Pause Young (Normal) (G1 Evacuation Pause) 170M->62M(197M) 1.259ms
[586.249s][info][gc] GC(8973) Pause Young (Normal) (G1 Evacuation Pause) 170M->63M(197M) 1.198ms
[586.301s][info][gc] GC(8974) Pause Young (Normal) (G1 Evacuation Pause) 172M->65M(197M) 1.234ms
[586.345s][info][gc] GC(8975) Pause Young (Normal) (G1 Evacuation Pause) 174M->66M(197M) 1.299ms
[586.395s][info][gc] GC(8976) Pause Young (Normal) (G1 Evacuation Pause) 175M->67M(197M) 1.204ms
[586.439s][info][gc] GC(8977) Pause Young (Normal) (G1 Evacuation Pause) 176M->67M(197M) 1.177ms
[586.478s][info][gc] GC(8978) Pause Young (Normal) (G1 Evacuation Pause) 175M->67M(197M) 1.149ms
[586.532s][info][gc] GC(8979) Pause Young (Normal) (G1 Evacuation Pause) 176M->69M(197M) 1.205ms
[586.573s][info][gc] GC(8980) Pause Young (Normal) (G1 Evacuation Pause) 174M->70M(197M) 1.313ms
[586.623s][info][gc] GC(8981) Pause Young (Normal) (G1 Evacuation Pause) 175M->71M(197M) 1.151ms
[586.664s][info][gc] GC(8982) Pause Young (Concurrent Start) (G1 Evacuation Pause) 175M->72M(197M) 1.295ms
[586.664s][info][gc] GC(8983) Concurrent Mark Cycle
[586.673s][info][gc] GC(8983) Pause Remark 95M->92M(197M) 0.425ms
[586.684s][info][gc] GC(8983) Pause Cleanup 115M->115M(197M) 0.062ms
[586.684s][info][gc] GC(8983) Concurrent Mark Cycle 19.920ms
[586.708s][info][gc] GC(8984) Pause Young (Prepare Mixed) (G1 Evacuation Pause) 172M->69M(197M) 1.076ms
[586.757s][info][gc] GC(8985) Pause Young (Mixed) (G1 Evacuation Pause) 178M->69M(197M) 1.251ms
[586.798s][info][gc] GC(8986) Pause Young (Normal) (G1 Evacuation Pause) 175M->70M(197M) 1.189ms
[586.849s][info][gc] GC(8987) Pause Young (Normal) (G1 Evacuation Pause) 176M->71M(197M) 1.206ms
[586.891s][info][gc] GC(8988) Pause Young (Normal) (G1 Evacuation Pause) 176M->72M(197M) 1.156ms
[586.936s][info][gc] GC(8989) Pause Young (Concurrent Start) (G1 Evacuation Pause) 176M->72M(197M) 1.132ms
[586.936s][info][gc] GC(8990) Concurrent Mark Cycle
[586.948s][info][gc] GC(8990) Pause Remark 93M->93M(197M) 0.420ms
[586.959s][info][gc] GC(8990) Pause Cleanup 117M->117M(197M) 0.040ms
[586.959s][info][gc] GC(8990) Concurrent Mark Cycle 22.899ms
[586.983s][info][gc] GC(8991) Pause Young (Prepare Mixed) (G1 Evacuation Pause) 177M->74M(197M) 1.206ms
[587.020s][info][gc] GC(8992) Pause Young (Mixed) (G1 Evacuation Pause) 175M->73M(197M) 1.277ms
[587.068s][info][gc] GC(8993) Pause Young (Concurrent Start) (G1 Evacuation Pause) 177M->73M(231M) 1.150ms
[587.069s][info][gc] GC(8994) Concurrent Mark Cycle
[587.082s][info][gc] GC(8994) Pause Remark 98M->98M(231M) 0.413ms
[587.094s][info][gc] GC(8994) Pause Cleanup 130M->130M(231M) 0.051ms
[587.095s][info][gc] GC(8994) Concurrent Mark Cycle 26.099ms
[587.122s][info][gc] GC(8995) Pause Young (Prepare Mixed) (G1 Evacuation Pause) 203M->75M(231M) 1.309ms
[587.180s][info][gc] GC(8996) Pause Young (Mixed) (G1 Evacuation Pause) 203M->75M(231M) 1.208ms
[587.232s][info][gc] GC(8997) Pause Young (Normal) (G1 Evacuation Pause) 202M->76M(231M) 1.326ms
[587.291s][info][gc] GC(8998) Pause Young (Normal) (G1 Evacuation Pause) 203M->77M(231M) 1.310ms
[587.338s][info][gc] GC(8999) Pause Young (Normal) (G1 Evacuation Pause) 203M->78M(231M) 1.282ms
[587.397s][info][gc] GC(9000) Pause Young (Normal) (G1 Evacuation Pause) 206M->79M(231M) 1.268ms
[587.448s][info][gc] GC(9001) Pause Young (Normal) (G1 Evacuation Pause) 204M->80M(231M) 1.321ms
[587.505s][info][gc] GC(9002) Pause Young (Normal) (G1 Evacuation Pause) 206M->81M(231M) 1.313ms
[587.552s][info][gc] GC(9003) Pause Young (Normal) (G1 Evacuation Pause) 205M->82M(231M) 1.322ms
[587.608s][info][gc] GC(9004) Pause Young (Normal) (G1 Evacuation Pause) 206M->83M(231M) 1.294ms
[587.660s][info][gc] GC(9005) Pause Young (Normal) (G1 Evacuation Pause) 206M->85M(231M) 1.494ms
[587.815s][info][gc] GC(9006) Pause Young (Normal) (G1 Evacuation Pause) 206M->86M(231M) 1.292ms
[587.863s][info][gc] GC(9007) Pause Young (Concurrent Start) (G1 Evacuation Pause) 207M->87M(231M) 1.307ms
[587.863s][info][gc] GC(9008) Concurrent Mark Cycle
[587.870s][info][gc] GC(9008) Pause Remark 106M->76M(197M) 0.429ms
[587.873s][info][gc] GC(9008) Pause Cleanup 81M->81M(197M) 0.045ms
[587.873s][info][gc] GC(9008) Concurrent Mark Cycle 10.485ms
[587.908s][info][gc] GC(9009) Pause Young (Prepare Mixed) (G1 Evacuation Pause) 175M->57M(197M) 1.439ms
[587.959s][info][gc] GC(9010) Pause Young (Mixed) (G1 Evacuation Pause) 165M->56M(197M) 1.241ms
[588.003s][info][gc] GC(9011) Pause Young (Normal) (G1 Evacuation Pause) 165M->58M(197M) 1.284ms
[588.054s][info][gc] GC(9012) Pause Young (Normal) (G1 Evacuation Pause) 167M->58M(197M) 1.200ms
[588.097s][info][gc] GC(9013) Pause Young (Normal) (G1 Evacuation Pause) 166M->60M(197M) 1.256ms
[588.147s][info][gc] GC(9014) Pause Young (Normal) (G1 Evacuation Pause) 168M->60M(197M) 1.160ms
[588.190s][info][gc] GC(9015) Pause Young (Normal) (G1 Evacuation Pause) 169M->61M(197M) 1.197ms
[588.229s][info][gc] GC(9016) Pause Young (Normal) (G1 Evacuation Pause) 170M->61M(197M) 1.162ms
[588.281s][info][gc] GC(9017) Pause Young (Normal) (G1 Evacuation Pause) 170M->62M(197M) 1.182ms
[588.323s][info][gc] GC(9018) Pause Young (Normal) (G1 Evacuation Pause) 170M->63M(197M) 1.280ms
[588.372s][info][gc] GC(9019) Pause Young (Normal) (G1 Evacuation Pause) 172M->65M(197M) 1.183ms
[588.418s][info][gc] GC(9020) Pause Young (Normal) (G1 Evacuation Pause) 174M->66M(197M) 1.198ms
[588.468s][info][gc] GC(9021) Pause Young (Normal) (G1 Evacuation Pause) 175M->65M(197M) 1.138ms
[588.514s][info][gc] GC(9022) Pause Young (Normal) (G1 Evacuation Pause) 175M->68M(197M) 1.228ms
[588.553s][info][gc] GC(9023) Pause Young (Normal) (G1 Evacuation Pause) 173M->68M(197M) 1.166ms
[588.603s][info][gc] GC(9024) Pause Young (Normal) (G1 Evacuation Pause) 175M->69M(197M) 1.158ms
[588.645s][info][gc] GC(9025) Pause Young (Normal) (G1 Evacuation Pause) 175M->70M(197M) 1.161ms
[588.694s][info][gc] GC(9026) Pause Young (Normal) (G1 Evacuation Pause) 175M->71M(197M) 1.154ms
[588.735s][info][gc] GC(9027) Pause Young (Normal) (G1 Evacuation Pause) 175M->71M(197M) 1.192ms
[588.776s][info][gc] GC(9028) Pause Young (Concurrent Start) (G1 Evacuation Pause) 174M->72M(197M) 1.258ms
[588.776s][info][gc] GC(9029) Concurrent Mark Cycle
[588.784s][info][gc] GC(9029) Pause Remark 87M->81M(197M) 0.418ms
[588.793s][info][gc] GC(9029) Pause Cleanup 92M->92M(197M) 0.070ms
[588.793s][info][gc] GC(9029) Concurrent Mark Cycle 17.162ms
[588.828s][info][gc] GC(9030) Pause Young (Prepare Mixed) (G1 Evacuation Pause) 169M->68M(197M) 1.200ms
[588.873s][info][gc] GC(9031) Pause Young (Mixed) (G1 Evacuation Pause) 176M->67M(197M) 1.253ms
[588.922s][info][gc] GC(9032) Pause Young (Normal) (G1 Evacuation Pause) 176M->68M(197M) 1.196ms
[588.964s][info][gc] GC(9033) Pause Young (Normal) (G1 Evacuation Pause) 176M->68M(197M) 1.233ms
[589.005s][info][gc] GC(9034) Pause Young (Normal) (G1 Evacuation Pause) 175M->68M(197M) 1.013ms
[589.058s][info][gc] GC(9035) Pause Young (Normal) (G1 Evacuation Pause) 179M->70M(197M) 1.178ms
[589.100s][info][gc] GC(9036) Pause Young (Normal) (G1 Evacuation Pause) 175M->71M(197M) 1.229ms
[589.147s][info][gc] GC(9037) Pause Young (Normal) (G1 Evacuation Pause) 174M->72M(197M) 1.161ms
[589.189s][info][gc] GC(9038) Pause Young (Concurrent Start) (G1 Evacuation Pause) 177M->72M(197M) 1.142ms
[589.189s][info][gc] GC(9039) Concurrent Mark Cycle
[589.200s][info][gc] GC(9039) Pause Remark 97M->97M(197M) 0.396ms
[589.212s][info][gc] GC(9039) Pause Cleanup 127M->127M(197M) 0.066ms
[589.212s][info][gc] GC(9039) Concurrent Mark Cycle 22.581ms
[589.236s][info][gc] GC(9040) Pause Young (Prepare Mixed) (G1 Evacuation Pause) 175M->72M(197M) 1.138ms
[589.282s][info][gc] GC(9041) Pause Young (Mixed) (G1 Evacuation Pause) 176M->73M(197M) 1.196ms
[589.318s][info][gc] GC(9042) Pause Young (Normal) (G1 Evacuation Pause) 175M->74M(197M) 1.227ms
[589.367s][info][gc] GC(9043) Pause Young (Concurrent Start) (G1 Evacuation Pause) 176M->75M(197M) 1.170ms
[589.367s][info][gc] GC(9044) Concurrent Mark Cycle
[589.383s][info][gc] GC(9044) Pause Remark 119M->119M(197M) 0.436ms
[589.395s][info][gc] GC(9044) Pause Cleanup 138M->138M(197M) 0.051ms
[589.395s][info][gc] GC(9044) Concurrent Mark Cycle 28.237ms
[589.410s][info][gc] GC(9045) Pause Young (Prepare Mixed) (G1 Evacuation Pause) 176M->76M(197M) 1.295ms
[589.453s][info][gc] GC(9046) Pause Young (Mixed) (G1 Evacuation Pause) 176M->73M(197M) 1.109ms
[589.504s][info][gc] GC(9047) Pause Young (Concurrent Start) (G1 Evacuation Pause) 177M->76M(197M) 1.183ms
[589.504s][info][gc] GC(9048) Concurrent Mark Cycle
[589.518s][info][gc] GC(9048) Pause Remark 108M->108M(197M) 0.412ms
[589.528s][info][gc] GC(9048) Pause Cleanup 132M->132M(197M) 0.051ms
[589.528s][info][gc] GC(9048) Concurrent Mark Cycle 23.513ms
[589.545s][info][gc] GC(9049) Pause Young (Prepare Mixed) (G1 Evacuation Pause) 174M->77M(197M) 1.193ms
[589.594s][info][gc] GC(9050) Pause Young (Mixed) (G1 Evacuation Pause) 176M->77M(255M) 1.186ms
[589.651s][info][gc] GC(9051) Pause Young (Normal) (G1 Evacuation Pause) 221M->78M(255M) 1.291ms
[589.713s][info][gc] GC(9052) Pause Young (Normal) (G1 Evacuation Pause) 221M->78M(255M) 1.286ms
[589.770s][info][gc] GC(9053) Pause Young (Normal) (G1 Evacuation Pause) 221M->80M(255M) 1.329ms
[589.833s][info][gc] GC(9054) Pause Young (Normal) (G1 Evacuation Pause) 221M->82M(255M) 1.442ms
[589.888s][info][gc] GC(9055) Pause Young (Normal) (G1 Evacuation Pause) 222M->81M(255M) 1.316ms
[589.953s][info][gc] GC(9056) Pause Young (Normal) (G1 Evacuation Pause) 223M->84M(255M) 1.366ms
[590.091s][info][gc] GC(9057) Pause Young (Normal) (G1 Evacuation Pause) 224M->83M(255M) 1.260ms
[590.161s][info][gc] GC(9058) Pause Young (Normal) (G1 Evacuation Pause) 226M->87M(255M) 1.422ms
[590.225s][info][gc] GC(9059) Pause Young (Normal) (G1 Evacuation Pause) 225M->88M(255M) 1.633ms
[590.278s][info][gc] GC(9060) Pause Young (Normal) (G1 Evacuation Pause) 229M->89M(255M) 1.481ms
[590.341s][info][gc] GC(9061) Pause Young (Normal) (G1 Evacuation Pause) 229M->90M(255M) 1.496ms
[590.395s][info][gc] GC(9062) Pause Young (Normal) (G1 Evacuation Pause) 229M->92M(255M) 1.432ms
[590.455s][info][gc] GC(9063) Pause Young (Normal) (G1 Evacuation Pause) 228M->92M(255M) 1.263ms
[590.509s][info][gc] GC(9064) Pause Young (Normal) (G1 Evacuation Pause) 228M->94M(255M) 1.426ms
[590.570s][info][gc] GC(9065) Pause Young (Normal) (G1 Evacuation Pause) 229M->96M(255M) 1.346ms
[590.620s][info][gc] GC(9066) Pause Young (Concurrent Start) (G1 Evacuation Pause) 228M->95M(255M) 1.351ms
[590.620s][info][gc] GC(9067) Concurrent Mark Cycle
[590.628s][info][gc] GC(9067) Pause Remark 116M->81M(207M) 0.512ms
[590.632s][info][gc] GC(9067) Pause Cleanup 88M->88M(207M) 0.057ms
[590.632s][info][gc] GC(9067) Concurrent Mark Cycle 11.758ms
[590.675s][info][gc] GC(9068) Pause Young (Prepare Mixed) (G1 Evacuation Pause) 174M->62M(207M) 1.495ms
[590.722s][info][gc] GC(9069) Pause Young (Mixed) (G1 Evacuation Pause) 176M->60M(207M) 1.213ms
[590.779s][info][gc] GC(9070) Pause Young (Normal) (G1 Evacuation Pause) 174M->62M(207M) 1.329ms
[590.828s][info][gc] GC(9071) Pause Young (Normal) (G1 Evacuation Pause) 176M->63M(207M) 1.470ms
[590.880s][info][gc] GC(9072) Pause Young (Normal) (G1 Evacuation Pause) 177M->62M(207M) 1.237ms
[590.938s][info][gc] GC(9073) Pause Young (Normal) (G1 Evacuation Pause) 178M->64M(207M) 1.279ms
[590.986s][info][gc] GC(9074) Pause Young (Normal) (G1 Evacuation Pause) 178M->64M(207M) 1.202ms
[591.041s][info][gc] GC(9075) Pause Young (Normal) (G1 Evacuation Pause) 180M->66M(207M) 1.252ms
[591.088s][info][gc] GC(9076) Pause Young (Normal) (G1 Evacuation Pause) 180M->67M(207M) 1.255ms
[591.144s][info][gc] GC(9077) Pause Young (Normal) (G1 Evacuation Pause) 182M->68M(207M) 1.218ms
[591.189s][info][gc] GC(9078) Pause Young (Normal) (G1 Evacuation Pause) 183M->69M(207M) 1.323ms
[591.247s][info][gc] GC(9079) Pause Young (Normal) (G1 Evacuation Pause) 183M->70M(207M) 1.317ms
[591.290s][info][gc] GC(9080) Pause Young (Normal) (G1 Evacuation Pause) 184M->71M(207M) 1.259ms
[591.341s][info][gc] GC(9081) Pause Young (Normal) (G1 Evacuation Pause) 184M->71M(207M) 1.194ms
[591.390s][info][gc] GC(9082) Pause Young (Normal) (G1 Evacuation Pause) 187M->73M(207M) 1.339ms
[591.431s][info][gc] GC(9083) Pause Young (Normal) (G1 Evacuation Pause) 183M->74M(207M) 1.259ms
[591.485s][info][gc] GC(9084) Pause Young (Normal) (G1 Evacuation Pause) 186M->75M(207M) 1.252ms
[591.529s][info][gc] GC(9085) Pause Young (Normal) (G1 Evacuation Pause) 183M->75M(207M) 1.219ms
[591.576s][info][gc] GC(9086) Pause Young (Concurrent Start) (G1 Evacuation Pause) 185M->76M(207M) 1.269ms
[591.576s][info][gc] GC(9087) Concurrent Mark Cycle
[591.587s][info][gc] GC(9087) Pause Remark 99M->99M(207M) 0.421ms
[591.598s][info][gc] GC(9087) Pause Cleanup 120M->120M(207M) 0.052ms
[591.598s][info][gc] GC(9087) Concurrent Mark Cycle 22.197ms
[591.626s][info][gc] GC(9088) Pause Young (Prepare Mixed) (G1 Evacuation Pause) 185M->77M(207M) 1.203ms
[591.668s][info][gc] GC(9089) Pause Young (Mixed) (G1 Evacuation Pause) 185M->74M(207M) 1.016ms
[591.720s][info][gc] GC(9090) Pause Young (Concurrent Start) (G1 Evacuation Pause) 188M->77M(207M) 1.242ms
[591.720s][info][gc] GC(9091) Concurrent Mark Cycle
[591.732s][info][gc] GC(9091) Pause Remark 105M->105M(207M) 0.425ms
[591.738s][info][gc] GC(9091) Pause Cleanup 117M->117M(207M) 0.053ms
[591.739s][info][gc] GC(9091) Concurrent Mark Cycle 18.751ms
[591.764s][info][gc] GC(9092) Pause Young (Prepare Mixed) (G1 Evacuation Pause) 185M->78M(207M) 1.247ms
[591.818s][info][gc] GC(9093) Pause Young (Mixed) (G1 Evacuation Pause) 186M->77M(207M) 1.283ms
[591.858s][info][gc] GC(9094) Pause Young (Concurrent Start) (G1 Evacuation Pause) 184M->78M(207M) 1.354ms
[591.858s][info][gc] GC(9095) Concurrent Mark Cycle
[591.867s][info][gc] GC(9095) Pause Remark 100M->100M(207M) 0.391ms
[591.879s][info][gc] GC(9095) Pause Cleanup 129M->129M(207M) 0.054ms
[591.879s][info][gc] GC(9095) Concurrent Mark Cycle 21.117ms
[591.910s][info][gc] GC(9096) Pause Young (Prepare Mixed) (G1 Evacuation Pause) 184M->78M(207M) 1.368ms
[591.951s][info][gc] GC(9097) Pause Young (Mixed) (G1 Evacuation Pause) 185M->78M(207M) 1.220ms
[591.992s][info][gc] GC(9098) Pause Young (Concurrent Start) (G1 Evacuation Pause) 185M->78M(207M) 1.116ms
[591.992s][info][gc] GC(9099) Concurrent Mark Cycle
[592.003s][info][gc] GC(9099) Pause Remark 91M->91M(207M) 0.443ms
[592.015s][info][gc] GC(9099) Pause Cleanup 108M->108M(207M) 0.055ms
[592.015s][info][gc] GC(9099) Concurrent Mark Cycle 22.976ms
[592.047s][info][gc] GC(9100) Pause Young (Prepare Mixed) (G1 Evacuation Pause) 186M->81M(207M) 1.145ms
[592.089s][info][gc] GC(9101) Pause Young (Mixed) (G1 Evacuation Pause) 185M->80M(240M) 1.323ms
[592.149s][info][gc] GC(9102) Pause Young (Normal) (G1 Evacuation Pause) 215M->81M(240M) 1.248ms
[592.201s][info][gc] GC(9103) Pause Young (Normal) (G1 Evacuation Pause) 215M->82M(240M) 1.245ms
[592.263s][info][gc] GC(9104) Pause Young (Normal) (G1 Evacuation Pause) 215M->84M(240M) 1.425ms
[592.312s][info][gc] GC(9105) Pause Young (Normal) (G1 Evacuation Pause) 215M->84M(240M) 1.373ms
[592.452s][info][gc] GC(9106) Pause Young (Normal) (G1 Evacuation Pause) 215M->87M(240M) 1.346ms
[592.502s][info][gc] GC(9107) Pause Young (Normal) (G1 Evacuation Pause) 215M->87M(240M) 1.333ms
[592.559s][info][gc] GC(9108) Pause Young (Normal) (G1 Evacuation Pause) 215M->89M(240M) 1.480ms
[592.613s][info][gc] GC(9109) Pause Young (Normal) (G1 Evacuation Pause) 216M->90M(240M) 1.445ms
[592.671s][info][gc] GC(9110) Pause Young (Concurrent Start) (G1 Evacuation Pause) 216M->90M(240M) 1.439ms
[592.671s][info][gc] GC(9111) Concurrent Mark Cycle
[592.680s][info][gc] GC(9111) Pause Remark 105M->71M(190M) 0.470ms
[592.683s][info][gc] GC(9111) Pause Cleanup 77M->77M(190M) 0.068ms
[592.683s][info][gc] GC(9111) Concurrent Mark Cycle 11.855ms
[592.728s][info][gc] GC(9112) Pause Young (Prepare Mixed) (G1 Evacuation Pause) 182M->57M(195M) 1.373ms
[592.779s][info][gc] GC(9113) Pause Young (Mixed) (G1 Evacuation Pause) 164M->56M(195M) 1.214ms
[592.819s][info][gc] GC(9114) Pause Young (Normal) (G1 Evacuation Pause) 164M->56M(195M) 1.177ms
[592.864s][info][gc] GC(9115) Pause Young (Normal) (G1 Evacuation Pause) 165M->56M(195M) 1.106ms
[592.911s][info][gc] GC(9116) Pause Young (Normal) (G1 Evacuation Pause) 164M->58M(195M) 1.235ms
[592.951s][info][gc] GC(9117) Pause Young (Normal) (G1 Evacuation Pause) 165M->59M(195M) 1.167ms
[593.003s][info][gc] GC(9118) Pause Young (Normal) (G1 Evacuation Pause) 167M->60M(195M) 1.188ms
[593.046s][info][gc] GC(9119) Pause Young (Normal) (G1 Evacuation Pause) 168M->61M(195M) 1.157ms
[593.094s][info][gc] GC(9120) Pause Young (Normal) (G1 Evacuation Pause) 169M->61M(195M) 1.279ms
[593.137s][info][gc] GC(9121) Pause Young (Normal) (G1 Evacuation Pause) 170M->62M(195M) 1.173ms
[593.179s][info][gc] GC(9122) Pause Young (Normal) (G1 Evacuation Pause) 169M->62M(195M) 1.106ms
[593.229s][info][gc] GC(9123) Pause Young (Normal) (G1 Evacuation Pause) 171M->65M(195M) 1.198ms
[593.270s][info][gc] GC(9124) Pause Young (Normal) (G1 Evacuation Pause) 172M->65M(195M) 1.280ms
[593.322s][info][gc] GC(9125) Pause Young (Normal) (G1 Evacuation Pause) 173M->66M(195M) 1.233ms
[593.363s][info][gc] GC(9126) Pause Young (Normal) (G1 Evacuation Pause) 173M->67M(195M) 1.213ms
[593.408s][info][gc] GC(9127) Pause Young (Normal) (G1 Evacuation Pause) 173M->67M(195M) 1.411ms
[593.454s][info][gc] GC(9128) Pause Young (Normal) (G1 Evacuation Pause) 174M->69M(195M) 1.152ms
[593.491s][info][gc] GC(9129) Pause Young (Normal) (G1 Evacuation Pause) 172M->70M(195M) 1.185ms
[593.539s][info][gc] GC(9130) Pause Young (Normal) (G1 Evacuation Pause) 174M->71M(195M) 1.229ms
[593.579s][info][gc] GC(9131) Pause Young (Normal) (G1 Evacuation Pause) 174M->72M(195M) 1.267ms
[593.620s][info][gc] GC(9132) Pause Young (Concurrent Start) (G1 Evacuation Pause) 175M->71M(229M) 1.129ms
[593.620s][info][gc] GC(9133) Concurrent Mark Cycle
[593.630s][info][gc] GC(9133) Pause Remark 79M->75M(229M) 0.417ms
[593.641s][info][gc] GC(9133) Pause Cleanup 93M->93M(229M) 0.052ms
[593.641s][info][gc] GC(9133) Concurrent Mark Cycle 20.620ms
[593.682s][info][gc] GC(9134) Pause Young (Prepare Mixed) (G1 Evacuation Pause) 197M->69M(229M) 1.325ms
[593.732s][info][gc] GC(9135) Pause Young (Mixed) (G1 Evacuation Pause) 197M->68M(229M) 1.152ms
[593.789s][info][gc] GC(9136) Pause Young (Normal) (G1 Evacuation Pause) 196M->71M(229M) 1.313ms
[593.835s][info][gc] GC(9137) Pause Young (Normal) (G1 Evacuation Pause) 196M->70M(229M) 1.246ms
[593.897s][info][gc] GC(9138) Pause Young (Normal) (G1 Evacuation Pause) 198M->72M(229M) 1.271ms
[593.943s][info][gc] GC(9139) Pause Young (Normal) (G1 Evacuation Pause) 197M->72M(229M) 1.288ms
[594.004s][info][gc] GC(9140) Pause Young (Normal) (G1 Evacuation Pause) 200M->75M(229M) 1.300ms
[594.048s][info][gc] GC(9141) Pause Young (Normal) (G1 Evacuation Pause) 200M->74M(229M) 1.298ms
[594.105s][info][gc] GC(9142) Pause Young (Normal) (G1 Evacuation Pause) 201M->76M(229M) 1.201ms
[594.153s][info][gc] GC(9143) Pause Young (Normal) (G1 Evacuation Pause) 201M->78M(229M) 1.311ms
[594.211s][info][gc] GC(9144) Pause Young (Normal) (G1 Evacuation Pause) 204M->79M(229M) 1.395ms
[594.258s][info][gc] GC(9145) Pause Young (Normal) (G1 Evacuation Pause) 205M->79M(229M) 1.256ms
[594.319s][info][gc] GC(9146) Pause Young (Normal) (G1 Evacuation Pause) 206M->81M(229M) 1.350ms
[594.365s][info][gc] GC(9147) Pause Young (Normal) (G1 Evacuation Pause) 203M->81M(229M) 1.273ms
[594.422s][info][gc] GC(9148) Pause Young (Normal) (G1 Evacuation Pause) 205M->82M(229M) 1.289ms
[594.469s][info][gc] GC(9149) Pause Young (Normal) (G1 Evacuation Pause) 206M->83M(229M) 1.263ms
[594.525s][info][gc] GC(9150) Pause Young (Normal) (G1 Evacuation Pause) 204M->84M(229M) 1.410ms
[594.574s][info][gc] GC(9151) Pause Young (Normal) (G1 Evacuation Pause) 206M->85M(229M) 1.463ms
[594.712s][info][gc] GC(9152) Pause Young (Normal) (G1 Evacuation Pause) 204M->88M(229M) 1.428ms
[594.759s][info][gc] GC(9153) Pause Young (Concurrent Start) (G1 Evacuation Pause) 204M->89M(229M) 1.487ms
[594.760s][info][gc] GC(9154) Concurrent Mark Cycle
[594.767s][info][gc] GC(9154) Pause Remark 109M->78M(197M) 0.436ms
[594.771s][info][gc] GC(9154) Pause Cleanup 88M->88M(197M) 0.040ms
[594.771s][info][gc] GC(9154) Concurrent Mark Cycle 11.413ms
[594.814s][info][gc] GC(9155) Pause Young (Prepare Mixed) (G1 Evacuation Pause) 173M->58M(197M) 1.243ms
[594.853s][info][gc] GC(9156) Pause Young (Mixed) (G1 Evacuation Pause) 167M->56M(197M) 1.211ms
[594.897s][info][gc] GC(9157) Pause Young (Normal) (G1 Evacuation Pause) 165M->57M(197M) 1.142ms
[594.947s][info][gc] GC(9158) Pause Young (Normal) (G1 Evacuation Pause) 167M->58M(197M) 1.165ms
[594.991s][info][gc] GC(9159) Pause Young (Normal) (G1 Evacuation Pause) 167M->59M(197M) 1.211ms
[595.041s][info][gc] GC(9160) Pause Young (Normal) (G1 Evacuation Pause) 168M->61M(197M) 1.364ms
[595.083s][info][gc] GC(9161) Pause Young (Normal) (G1 Evacuation Pause) 169M->61M(197M) 1.187ms
[595.131s][info][gc] GC(9162) Pause Young (Normal) (G1 Evacuation Pause) 170M->61M(197M) 1.157ms
[595.175s][info][gc] GC(9163) Pause Young (Normal) (G1 Evacuation Pause) 171M->62M(197M) 1.148ms
[595.219s][info][gc] GC(9164) Pause Young (Normal) (G1 Evacuation Pause) 170M->63M(197M) 1.207ms
[595.266s][info][gc] GC(9165) Pause Young (Normal) (G1 Evacuation Pause) 172M->64M(197M) 1.147ms
[595.313s][info][gc] GC(9166) Pause Young (Normal) (G1 Evacuation Pause) 173M->66M(197M) 1.219ms
[595.359s][info][gc] GC(9167) Pause Young (Normal) (G1 Evacuation Pause) 174M->66M(197M) 1.173ms
[595.404s][info][gc] GC(9168) Pause Young (Normal) (G1 Evacuation Pause) 175M->68M(197M) 1.145ms
[595.445s][info][gc] GC(9169) Pause Young (Normal) (G1 Evacuation Pause) 174M->66M(197M) 1.102ms
[595.493s][info][gc] GC(9170) Pause Young (Normal) (G1 Evacuation Pause) 177M->69M(197M) 1.253ms
[595.533s][info][gc] GC(9171) Pause Young (Normal) (G1 Evacuation Pause) 174M->69M(197M) 1.175ms
[595.587s][info][gc] GC(9172) Pause Young (Normal) (G1 Evacuation Pause) 175M->72M(197M) 1.236ms
[595.626s][info][gc] GC(9173) Pause Young (Normal) (G1 Evacuation Pause) 175M->71M(197M) 1.137ms
[595.674s][info][gc] GC(9174) Pause Young (Normal) (G1 Evacuation Pause) 175M->72M(197M) 1.396ms
[595.716s][info][gc] GC(9175) Pause Young (Concurrent Start) (G1 Evacuation Pause) 177M->73M(197M) 1.223ms
[595.716s][info][gc] GC(9176) Concurrent Mark Cycle
[595.727s][info][gc] GC(9176) Pause Remark 94M->90M(197M) 0.462ms
[595.736s][info][gc] GC(9176) Pause Cleanup 109M->109M(197M) 0.066ms
[595.737s][info][gc] GC(9176) Concurrent Mark Cycle 20.239ms
[595.761s][info][gc] GC(9177) Pause Young (Prepare Mixed) (G1 Evacuation Pause) 172M->70M(197M) 1.258ms
[595.814s][info][gc] GC(9178) Pause Young (Mixed) (G1 Evacuation Pause) 177M->68M(197M) 1.226ms
[595.855s][info][gc] GC(9179) Pause Young (Normal) (G1 Evacuation Pause) 174M->69M(197M) 1.306ms
[595.908s][info][gc] GC(9180) Pause Young (Normal) (G1 Evacuation Pause) 175M->71M(197M) 1.376ms
[595.948s][info][gc] GC(9181) Pause Young (Normal) (G1 Evacuation Pause) 174M->72M(197M) 1.235ms
[595.987s][info][gc] GC(9182) Pause Young (Normal) (G1 Evacuation Pause) 174M->71M(197M) 1.167ms
[596.039s][info][gc] GC(9183) Pause Young (Concurrent Start) (G1 Evacuation Pause) 178M->73M(197M) 1.163ms
[596.039s][info][gc] GC(9184) Concurrent Mark Cycle
[596.050s][info][gc] GC(9184) Pause Remark 103M->103M(197M) 0.445ms
[596.060s][info][gc] GC(9184) Pause Cleanup 119M->119M(197M) 0.075ms
[596.061s][info][gc] GC(9184) Concurrent Mark Cycle 21.918ms
[596.086s][info][gc] GC(9185) Pause Young (Prepare Mixed) (G1 Evacuation Pause) 176M->74M(197M) 1.247ms
[596.137s][info][gc] GC(9186) Pause Young (Mixed) (G1 Evacuation Pause) 176M->72M(231M) 1.331ms
[596.193s][info][gc] GC(9187) Pause Young (Normal) (G1 Evacuation Pause) 201M->74M(231M) 1.420ms
[596.252s][info][gc] GC(9188) Pause Young (Normal) (G1 Evacuation Pause) 202M->74M(231M) 1.322ms
[596.305s][info][gc] GC(9189) Pause Young (Normal) (G1 Evacuation Pause) 201M->75M(231M) 1.301ms
[596.367s][info][gc] GC(9190) Pause Young (Normal) (G1 Evacuation Pause) 202M->77M(231M) 1.369ms
[596.419s][info][gc] GC(9191) Pause Young (Normal) (G1 Evacuation Pause) 203M->77M(231M) 1.346ms
[596.474s][info][gc] GC(9192) Pause Young (Normal) (G1 Evacuation Pause) 205M->78M(231M) 1.434ms
[596.524s][info][gc] GC(9193) Pause Young (Normal) (G1 Evacuation Pause) 205M->79M(231M) 1.368ms
[596.577s][info][gc] GC(9194) Pause Young (Normal) (G1 Evacuation Pause) 205M->80M(231M) 1.438ms
[596.633s][info][gc] GC(9195) Pause Young (Normal) (G1 Evacuation Pause) 207M->82M(231M) 1.450ms
[596.682s][info][gc] GC(9196) Pause Young (Normal) (G1 Evacuation Pause) 203M->80M(231M) 1.371ms
[596.746s][info][gc] GC(9197) Pause Young (Normal) (G1 Evacuation Pause) 208M->83M(231M) 1.495ms
[596.792s][info][gc] GC(9198) Pause Young (Normal) (G1 Evacuation Pause) 205M->83M(231M) 1.305ms
[596.848s][info][gc] GC(9199) Pause Young (Normal) (G1 Evacuation Pause) 207M->85M(231M) 1.262ms
[596.896s][info][gc] GC(9200) Pause Young (Normal) (G1 Evacuation Pause) 205M->85M(231M) 1.136ms
[597.034s][info][gc] GC(9201) Pause Young (Normal) (G1 Evacuation Pause) 208M->94M(231M) 2.049ms
[597.066s][info][gc] GC(9202) Pause Young (Concurrent Start) (G1 Evacuation Pause) 200M->97M(231M) 2.129ms
[597.066s][info][gc] GC(9203) Concurrent Mark Cycle
[597.076s][info][gc] GC(9203) Pause Remark 134M->102M(220M) 0.495ms
[597.085s][info][gc] GC(9203) Pause Cleanup 124M->124M(220M) 0.065ms
[597.085s][info][gc] GC(9203) Concurrent Mark Cycle 19.385ms
[597.102s][info][gc] GC(9204) Pause Young (Prepare Mixed) (G1 Evacuation Pause) 180M->65M(220M) 0.852ms
[597.145s][info][gc] GC(9205) Pause Young (Mixed) (G1 Evacuation Pause) 192M->66M(220M) 1.162ms
[597.186s][info][gc] GC(9206) Pause Young (Normal) (G1 Evacuation Pause) 190M->69M(220M) 1.351ms
[597.221s][info][gc] GC(9207) Pause Young (Normal) (G1 Evacuation Pause) 190M->71M(220M) 1.396ms
[597.259s][info][gc] GC(9208) Pause Young (Normal) (G1 Evacuation Pause) 192M->71M(220M) 1.428ms
[597.308s][info][gc] GC(9209) Pause Young (Concurrent Start) (G1 Evacuation Pause) 195M->74M(220M) 1.586ms
[597.308s][info][gc] GC(9210) Concurrent Mark Cycle
[597.318s][info][gc] GC(9210) Pause Remark 104M->103M(220M) 0.423ms
[597.324s][info][gc] GC(9210) Pause Cleanup 126M->126M(220M) 0.060ms
[597.324s][info][gc] GC(9210) Concurrent Mark Cycle 16.139ms
[597.345s][info][gc] GC(9211) Pause Young (Prepare Mixed) (G1 Evacuation Pause) 194M->74M(220M) 1.536ms
[597.381s][info][gc] GC(9212) Pause Young (Mixed) (G1 Evacuation Pause) 196M->67M(253M) 1.560ms
[597.433s][info][gc] GC(9213) Pause Young (Normal) (G1 Evacuation Pause) 209M->68M(253M) 1.368ms
[597.475s][info][gc] GC(9214) Pause Young (Normal) (G1 Evacuation Pause) 209M->70M(253M) 1.570ms
[597.517s][info][gc] GC(9215) Pause Young (Normal) (G1 Evacuation Pause) 208M->71M(253M) 1.521ms
[597.568s][info][gc] GC(9216) Pause Young (Normal) (G1 Evacuation Pause) 211M->72M(253M) 1.422ms
[597.613s][info][gc] GC(9217) Pause Young (Normal) (G1 Evacuation Pause) 212M->74M(253M) 1.755ms
[597.654s][info][gc] GC(9218) Pause Young (Normal) (G1 Evacuation Pause) 213M->75M(253M) 1.383ms
[597.706s][info][gc] GC(9219) Pause Young (Normal) (G1 Evacuation Pause) 216M->76M(253M) 1.408ms
[597.747s][info][gc] GC(9220) Pause Young (Normal) (G1 Evacuation Pause) 216M->78M(253M) 1.493ms
[597.789s][info][gc] GC(9221) Pause Young (Normal) (G1 Evacuation Pause) 217M->80M(253M) 1.409ms
[597.838s][info][gc] GC(9222) Pause Young (Normal) (G1 Evacuation Pause) 219M->81M(253M) 1.517ms
[597.879s][info][gc] GC(9223) Pause Young (Normal) (G1 Evacuation Pause) 220M->80M(253M) 1.607ms
[597.924s][info][gc] GC(9224) Pause Young (Normal) (G1 Evacuation Pause) 220M->82M(253M) 1.561ms
[597.972s][info][gc] GC(9225) Pause Young (Normal) (G1 Evacuation Pause) 221M->82M(253M) 1.454ms
[598.016s][info][gc] GC(9226) Pause Young (Normal) (G1 Evacuation Pause) 223M->85M(253M) 1.433ms
[598.056s][info][gc] GC(9227) Pause Young (Normal) (G1 Evacuation Pause) 223M->86M(253M) 1.404ms
[598.107s][info][gc] GC(9228) Pause Young (Normal) (G1 Evacuation Pause) 226M->86M(253M) 1.575ms
[598.148s][info][gc] GC(9229) Pause Young (Normal) (G1 Evacuation Pause) 226M->88M(253M) 1.382ms
[598.194s][info][gc] GC(9230) Pause Young (Normal) (G1 Evacuation Pause) 226M->90M(253M) 1.612ms
[598.242s][info][gc] GC(9231) Pause Young (Normal) (G1 Evacuation Pause) 226M->89M(253M) 1.425ms
[598.283s][info][gc] GC(9232) Pause Young (Normal) (G1 Evacuation Pause) 228M->92M(253M) 1.407ms
[598.326s][info][gc] GC(9233) Pause Young (Normal) (G1 Evacuation Pause) 225M->93M(253M) 1.606ms
[598.371s][info][gc] GC(9234) Pause Young (Concurrent Start) (G1 Evacuation Pause) 228M->93M(253M) 1.444ms
[598.371s][info][gc] GC(9235) Concurrent Mark Cycle
[598.386s][info][gc] GC(9235) Pause Remark 136M->136M(253M) 0.410ms
[598.399s][info][gc] GC(9235) Pause Cleanup 173M->173M(253M) 0.071ms
[598.400s][info][gc] GC(9235) Concurrent Mark Cycle 28.421ms
[598.418s][info][gc] GC(9236) Pause Young (Prepare Mixed) (G1 Evacuation Pause) 226M->95M(253M) 1.438ms
[598.459s][info][gc] GC(9237) Pause Young (Mixed) (G1 Evacuation Pause) 225M->92M(253M) 1.474ms
[598.504s][info][gc] GC(9238) Pause Young (Concurrent Start) (G1 Evacuation Pause) 229M->93M(253M) 1.380ms
[598.504s][info][gc] GC(9239) Concurrent Mark Cycle
[598.524s][info][gc] GC(9239) Pause Remark 140M->140M(253M) 0.423ms
[598.537s][info][gc] GC(9239) Pause Cleanup 178M->178M(253M) 0.055ms
[598.537s][info][gc] GC(9239) Concurrent Mark Cycle 33.155ms
[598.553s][info][gc] GC(9240) Pause Young (Prepare Mixed) (G1 Evacuation Pause) 228M->96M(253M) 1.556ms
[598.596s][info][gc] GC(9241) Pause Young (Mixed) (G1 Evacuation Pause) 225M->94M(253M) 1.550ms
[598.641s][info][gc] GC(9242) Pause Young (Concurrent Start) (G1 Evacuation Pause) 227M->94M(253M) 1.326ms
[598.641s][info][gc] GC(9243) Concurrent Mark Cycle
[598.663s][info][gc] GC(9243) Pause Remark 152M->152M(253M) 0.428ms
[598.678s][info][gc] GC(9243) Pause Cleanup 197M->197M(253M) 0.067ms
[598.679s][info][gc] GC(9243) Concurrent Mark Cycle 37.503ms
[598.688s][info][gc] GC(9244) Pause Young (Prepare Mixed) (G1 Evacuation Pause) 228M->97M(253M) 1.439ms
[598.727s][info][gc] GC(9245) Pause Young (Mixed) (G1 Evacuation Pause) 227M->95M(253M) 1.593ms
[598.771s][info][gc] GC(9246) Pause Young (Concurrent Start) (G1 Evacuation Pause) 229M->97M(353M) 1.421ms
[598.771s][info][gc] GC(9247) Concurrent Mark Cycle
[598.793s][info][gc] GC(9247) Pause Remark 142M->142M(327M) 0.459ms
[598.807s][info][gc] GC(9247) Pause Cleanup 177M->177M(327M) 0.056ms
[598.808s][info][gc] GC(9247) Concurrent Mark Cycle 36.578ms
[598.839s][info][gc] GC(9248) Pause Young (Prepare Mixed) (G1 Evacuation Pause) 282M->98M(327M) 1.537ms
[598.898s][info][gc] GC(9249) Pause Young (Mixed) (G1 Evacuation Pause) 282M->99M(327M) 1.668ms
[598.956s][info][gc] GC(9250) Pause Young (Normal) (G1 Evacuation Pause) 281M->100M(327M) 1.693ms
[599.015s][info][gc] GC(9251) Pause Young (Normal) (G1 Evacuation Pause) 280M->102M(327M) 1.707ms
[599.073s][info][gc] GC(9252) Pause Young (Normal) (G1 Evacuation Pause) 283M->102M(327M) 1.717ms
[599.132s][info][gc] GC(9253) Pause Young (Normal) (G1 Evacuation Pause) 285M->105M(327M) 1.697ms
[599.186s][info][gc] GC(9254) Pause Young (Normal) (G1 Evacuation Pause) 285M->106M(327M) 1.753ms
[599.248s][info][gc] GC(9255) Pause Young (Normal) (G1 Evacuation Pause) 287M->108M(327M) 1.723ms
[599.299s][info][gc] GC(9256) Pause Young (Normal) (G1 Evacuation Pause) 288M->109M(327M) 1.589ms
[599.358s][info][gc] GC(9257) Pause Young (Normal) (G1 Evacuation Pause) 290M->110M(327M) 1.546ms
[599.426s][info][gc] GC(9258) Pause Young (Normal) (G1 Evacuation Pause) 291M->113M(327M) 2.088ms
[599.489s][info][gc] GC(9259) Pause Young (Normal) (G1 Evacuation Pause) 293M->114M(327M) 1.778ms
[599.556s][info][gc] GC(9260) Pause Young (Normal) (G1 Evacuation Pause) 295M->116M(327M) 1.931ms
[599.612s][info][gc] GC(9261) Pause Young (Normal) (G1 Evacuation Pause) 293M->117M(327M) 1.673ms
[599.677s][info][gc] GC(9262) Pause Young (Normal) (G1 Evacuation Pause) 295M->118M(327M) 1.697ms
[599.730s][info][gc] GC(9263) Pause Young (Normal) (G1 Evacuation Pause) 296M->121M(327M) 1.777ms
[599.789s][info][gc] GC(9264) Pause Young (Normal) (G1 Evacuation Pause) 294M->121M(327M) 1.697ms
[599.846s][info][gc] GC(9265) Pause Young (Concurrent Start) (G1 Evacuation Pause) 294M->123M(327M) 1.777ms
[599.846s][info][gc] GC(9266) Concurrent Mark Cycle
[599.867s][info][gc] GC(9266) Pause Remark 195M->195M(327M) 0.405ms
[599.890s][info][gc] GC(9266) Pause Cleanup 267M->267M(327M) 0.059ms
[599.890s][info][gc] GC(9266) Concurrent Mark Cycle 43.632ms
[599.904s][info][gc] GC(9267) Pause Young (Prepare Mixed) (G1 Evacuation Pause) 293M->123M(327M) 1.595ms
[599.961s][info][gc] GC(9268) Pause Young (Mixed) (G1 Evacuation Pause) 295M->126M(327M) 1.897ms
[600.008s][info][gc] GC(9269) Pause Young (Concurrent Start) (G1 Evacuation Pause) 293M->127M(327M) 1.720ms
[600.008s][info][gc] GC(9270) Concurrent Mark Cycle
[600.035s][info][gc] GC(9270) Pause Remark 194M->194M(327M) 0.441ms
[600.053s][info][gc] GC(9270) Pause Cleanup 239M->239M(327M) 0.061ms
[600.054s][info][gc] GC(9270) Concurrent Mark Cycle 46.136ms
[600.072s][info][gc] GC(9271) Pause Young (Prepare Mixed) (G1 Evacuation Pause) 295M->128M(327M) 1.654ms
[600.126s][info][gc] GC(9272) Pause Young (Mixed) (G1 Evacuation Pause) 296M->129M(327M) 1.919ms
[600.180s][info][gc] GC(9273) Pause Young (Concurrent Start) (G1 Evacuation Pause) 295M->129M(327M) 1.607ms
[600.181s][info][gc] GC(9274) Concurrent Mark Cycle
[600.201s][info][gc] GC(9274) Pause Remark 188M->188M(327M) 0.435ms
[600.226s][info][gc] GC(9274) Pause Cleanup 252M->252M(327M) 0.062ms
[600.227s][info][gc] GC(9274) Concurrent Mark Cycle 46.039ms
[600.242s][info][gc] GC(9275) Pause Young (Prepare Mixed) (G1 Evacuation Pause) 295M->133M(327M) 1.711ms
[600.286s][info][gc] GC(9276) Pause Young (Mixed) (G1 Evacuation Pause) 291M->133M(327M) 1.775ms
[600.344s][info][gc] GC(9277) Pause Young (Concurrent Start) (G1 Evacuation Pause) 296M->133M(327M) 1.596ms
[600.344s][info][gc] GC(9278) Concurrent Mark Cycle
[600.369s][info][gc] GC(9278) Pause Remark 204M->204M(327M) 0.405ms
[600.393s][info][gc] GC(9278) Pause Cleanup 276M->276M(327M) 0.060ms
[600.393s][info][gc] GC(9278) Concurrent Mark Cycle 48.893ms
[600.400s][info][gc] GC(9279) Pause Young (Prepare Mixed) (G1 Evacuation Pause) 296M->136M(327M) 1.677ms
[600.453s][info][gc] GC(9280) Pause Young (Mixed) (G1 Evacuation Pause) 295M->135M(467M) 1.626ms
[600.536s][info][gc] GC(9281) Pause Young (Normal) (G1 Evacuation Pause) 402M->137M(467M) 1.864ms
[600.626s][info][gc] GC(9282) Pause Young (Normal) (G1 Evacuation Pause) 402M->140M(467M) 2.008ms
[600.715s][info][gc] GC(9283) Pause Young (Normal) (G1 Evacuation Pause) 402M->142M(467M) 2.456ms
[600.817s][info][gc] GC(9284) Pause Young (Normal) (G1 Evacuation Pause) 403M->145M(467M) 2.319ms
[600.916s][info][gc] GC(9285) Pause Young (Normal) (G1 Evacuation Pause) 403M->146M(467M) 2.765ms
[601.003s][info][gc] GC(9286) Pause Young (Normal) (G1 Evacuation Pause) 407M->149M(467M) 1.957ms
[601.091s][info][gc] GC(9287) Pause Young (Normal) (G1 Evacuation Pause) 407M->151M(467M) 2.536ms
[601.175s][info][gc] GC(9288) Pause Young (Normal) (G1 Evacuation Pause) 411M->154M(467M) 2.176ms
[601.265s][info][gc] GC(9289) Pause Young (Normal) (G1 Evacuation Pause) 414M->156M(467M) 2.285ms
[601.347s][info][gc] GC(9290) Pause Young (Normal) (G1 Evacuation Pause) 416M->157M(467M) 2.185ms
[601.436s][info][gc] GC(9291) Pause Young (Normal) (G1 Evacuation Pause) 418M->159M(467M) 2.017ms
[601.517s][info][gc] GC(9292) Pause Young (Normal) (G1 Evacuation Pause) 418M->161M(467M) 2.013ms
[601.599s][info][gc] GC(9293) Pause Young (Normal) (G1 Evacuation Pause) 422M->163M(467M) 2.078ms
[601.683s][info][gc] GC(9294) Pause Young (Normal) (G1 Evacuation Pause) 421M->167M(467M) 2.188ms
[601.763s][info][gc] GC(9295) Pause Young (Normal) (G1 Evacuation Pause) 418M->168M(467M) 2.161ms
[601.843s][info][gc] GC(9296) Pause Young (Normal) (G1 Evacuation Pause) 423M->170M(467M) 1.881ms
[601.925s][info][gc] GC(9297) Pause Young (Normal) (G1 Evacuation Pause) 423M->171M(467M) 2.064ms
[602.009s][info][gc] GC(9298) Pause Young (Normal) (G1 Evacuation Pause) 424M->174M(467M) 2.137ms
[602.087s][info][gc] GC(9299) Pause Young (Normal) (G1 Evacuation Pause) 421M->177M(467M) 2.148ms
[602.162s][info][gc] GC(9300) Pause Young (Concurrent Start) (G1 Evacuation Pause) 421M->180M(467M) 2.135ms
[602.162s][info][gc] GC(9301) Concurrent Mark Cycle
[602.203s][info][gc] GC(9301) Pause Remark 284M->284M(467M) 0.461ms
[602.240s][info][gc] GC(9301) Pause Cleanup 410M->410M(467M) 0.080ms
[602.241s][info][gc] GC(9301) Concurrent Mark Cycle 78.895ms
[602.247s][info][gc] GC(9302) Pause Young (Prepare Mixed) (G1 Evacuation Pause) 422M->180M(467M) 1.928ms
[602.327s][info][gc] GC(9303) Pause Young (Mixed) (G1 Evacuation Pause) 424M->182M(467M) 2.166ms
[602.403s][info][gc] GC(9304) Pause Young (Concurrent Start) (G1 Evacuation Pause) 421M->183M(467M) 1.991ms
[602.403s][info][gc] GC(9305) Concurrent Mark Cycle
[602.452s][info][gc] GC(9305) Pause Remark 323M->323M(467M) 0.448ms
[602.488s][info][gc] GC(9305) Pause Cleanup 423M->423M(467M) 0.078ms
[602.489s][info][gc] GC(9305) Concurrent Mark Cycle 85.437ms
[602.491s][info][gc] GC(9306) Pause Young (Prepare Mixed) (G1 Evacuation Pause) 425M->186M(467M) 2.122ms
[602.564s][info][gc] GC(9307) Pause Young (Mixed) (G1 Evacuation Pause) 422M->187M(467M) 2.016ms
[602.640s][info][gc] GC(9308) Pause Young (Concurrent Start) (G1 Evacuation Pause) 424M->189M(467M) 1.952ms
[602.640s][info][gc] GC(9309) Concurrent Mark Cycle
[602.680s][info][gc] GC(9309) Pause Remark 281M->281M(467M) 0.443ms
[602.710s][info][gc] GC(9309) Pause Cleanup 375M->375M(467M) 0.073ms
[602.710s][info][gc] GC(9309) Concurrent Mark Cycle 70.036ms
[602.728s][info][gc] GC(9310) Pause Young (Prepare Mixed) (G1 Evacuation Pause) 420M->191M(467M) 2.227ms
[602.806s][info][gc] GC(9311) Pause Young (Mixed) (G1 Evacuation Pause) 424M->192M(467M) 2.093ms
[602.882s][info][gc] GC(9312) Pause Young (Concurrent Start) (G1 Evacuation Pause) 424M->195M(467M) 2.005ms
[602.882s][info][gc] GC(9313) Concurrent Mark Cycle
[602.931s][info][gc] GC(9313) Pause Remark 351M->351M(467M) 0.430ms
[602.963s][info][gc] GC(9314) Pause Young (Normal) (G1 Evacuation Pause) 424M->197M(467M) 1.942ms
[602.969s][info][gc] GC(9313) Pause Cleanup 217M->217M(467M) 0.066ms
[602.970s][info][gc] GC(9313) Concurrent Mark Cycle 87.268ms
[603.036s][info][gc] GC(9315) Pause Young (Prepare Mixed) (G1 Evacuation Pause) 424M->199M(467M) 1.966ms
[603.105s][info][gc] GC(9316) Pause Young (Mixed) (G1 Evacuation Pause) 422M->200M(467M) 1.913ms
[603.180s][info][gc] GC(9317) Pause Young (Concurrent Start) (G1 Evacuation Pause) 424M->201M(467M) 1.895ms
[603.180s][info][gc] GC(9318) Concurrent Mark Cycle
[603.215s][info][gc] GC(9318) Pause Remark 304M->304M(467M) 0.439ms
[603.246s][info][gc] GC(9318) Pause Cleanup 390M->390M(467M) 0.073ms
[603.247s][info][gc] GC(9318) Concurrent Mark Cycle 66.972ms
[603.258s][info][gc] GC(9319) Pause Young (Prepare Mixed) (G1 Evacuation Pause) 425M->203M(467M) 1.755ms
[603.331s][info][gc] GC(9320) Pause Young (Mixed) (G1 Evacuation Pause) 425M->205M(467M) 1.970ms
[603.405s][info][gc] GC(9321) Pause Young (Concurrent Start) (G1 Evacuation Pause) 423M->207M(467M) 1.960ms
[603.405s][info][gc] GC(9322) Concurrent Mark Cycle
[603.443s][info][gc] GC(9322) Pause Remark 312M->312M(467M) 0.458ms
[603.478s][info][gc] GC(9323) Pause Young (Normal) (G1 Evacuation Pause) 423M->209M(467M) 1.887ms
[603.481s][info][gc] GC(9322) Pause Cleanup 218M->218M(467M) 0.058ms
[603.481s][info][gc] GC(9322) Concurrent Mark Cycle 76.297ms
[603.550s][info][gc] GC(9324) Pause Young (Prepare Mixed) (G1 Evacuation Pause) 424M->210M(467M) 1.912ms
[603.617s][info][gc] GC(9325) Pause Young (Mixed) (G1 Evacuation Pause) 425M->211M(467M) 1.848ms
[603.688s][info][gc] GC(9326) Pause Young (Concurrent Start) (G1 Evacuation Pause) 424M->213M(467M) 1.916ms
[603.688s][info][gc] GC(9327) Concurrent Mark Cycle
[603.731s][info][gc] GC(9327) Pause Remark 334M->334M(467M) 0.420ms
[603.763s][info][gc] GC(9328) Pause Young (Normal) (G1 Evacuation Pause) 424M->215M(467M) 1.740ms
[603.769s][info][gc] GC(9327) Pause Cleanup 228M->228M(467M) 0.056ms
[603.769s][info][gc] GC(9327) Concurrent Mark Cycle 80.842ms
[603.831s][info][gc] GC(9329) Pause Young (Prepare Mixed) (G1 Evacuation Pause) 424M->217M(467M) 1.880ms
[603.903s][info][gc] GC(9330) Pause Young (Mixed) (G1 Evacuation Pause) 425M->217M(467M) 1.768ms
[604.002s][info][gc] GC(9331) Pause Young (Concurrent Start) (G1 Evacuation Pause) 425M->219M(467M) 1.788ms
[604.002s][info][gc] GC(9332) Concurrent Mark Cycle
[604.047s][info][gc] GC(9332) Pause Remark 313M->313M(467M) 0.448ms
[604.088s][info][gc] GC(9332) Pause Cleanup 421M->421M(467M) 0.064ms
[604.088s][info][gc] GC(9332) Concurrent Mark Cycle 85.864ms
[604.091s][info][gc] GC(9333) Pause Young (Prepare Mixed) (G1 Evacuation Pause) 425M->224M(467M) 2.161ms
[604.154s][info][gc] GC(9334) Pause Young (Mixed) (G1 Evacuation Pause) 422M->225M(467M) 1.941ms
[604.230s][info][gc] GC(9335) Pause Young (Concurrent Start) (G1 Evacuation Pause) 426M->227M(467M) 1.902ms
[604.230s][info][gc] GC(9336) Concurrent Mark Cycle
[604.254s][info][gc] GC(9336) Pause Remark 294M->293M(467M) 0.421ms
[604.277s][info][gc] GC(9336) Pause Cleanup 349M->349M(467M) 0.106ms
[604.277s][info][gc] GC(9336) Concurrent Mark Cycle 47.228ms
[604.301s][info][gc] GC(9337) Pause Young (Prepare Mixed) (G1 Evacuation Pause) 423M->226M(467M) 1.839ms
[604.372s][info][gc] GC(9338) Pause Young (Mixed) (G1 Evacuation Pause) 427M->195M(467M) 2.481ms
[604.458s][info][gc] GC(9339) Pause Young (Mixed) (G1 Evacuation Pause) 425M->174M(467M) 2.995ms
[604.542s][info][gc] GC(9340) Pause Young (Mixed) (G1 Evacuation Pause) 425M->168M(467M) 2.470ms
[604.628s][info][gc] GC(9341) Pause Young (Normal) (G1 Evacuation Pause) 422M->171M(467M) 2.191ms
[604.726s][info][gc] GC(9342) Pause Young (Normal) (G1 Evacuation Pause) 424M->173M(467M) 2.105ms
[604.816s][info][gc] GC(9343) Pause Young (Normal) (G1 Evacuation Pause) 420M->175M(467M) 2.064ms
[604.897s][info][gc] GC(9344) Pause Young (Normal) (G1 Evacuation Pause) 423M->176M(467M) 1.890ms
[604.983s][info][gc] GC(9345) Pause Young (Concurrent Start) (G1 Evacuation Pause) 422M->180M(467M) 1.993ms
[604.983s][info][gc] GC(9346) Concurrent Mark Cycle
[605.013s][info][gc] GC(9346) Pause Remark 264M->264M(467M) 0.442ms
[605.033s][info][gc] GC(9346) Pause Cleanup 310M->310M(467M) 0.072ms
[605.033s][info][gc] GC(9346) Concurrent Mark Cycle 49.882ms
[605.073s][info][gc] GC(9347) Pause Young (Prepare Mixed) (G1 Evacuation Pause) 421M->182M(467M) 1.976ms
[605.154s][info][gc] GC(9348) Pause Young (Mixed) (G1 Evacuation Pause) 423M->178M(467M) 2.063ms
[605.239s][info][gc] GC(9349) Pause Young (Concurrent Start) (G1 Evacuation Pause) 424M->181M(467M) 1.940ms
[605.239s][info][gc] GC(9350) Concurrent Mark Cycle
[605.270s][info][gc] GC(9350) Pause Remark 268M->268M(467M) 0.420ms
[605.293s][info][gc] GC(9350) Pause Cleanup 332M->332M(467M) 0.087ms
[605.293s][info][gc] GC(9350) Concurrent Mark Cycle 53.988ms
[605.328s][info][gc] GC(9351) Pause Young (Prepare Mixed) (G1 Evacuation Pause) 421M->182M(467M) 2.134ms
[605.413s][info][gc] GC(9352) Pause Young (Mixed) (G1 Evacuation Pause) 424M->180M(467M) 2.275ms
[605.502s][info][gc] GC(9353) Pause Young (Concurrent Start) (G1 Evacuation Pause) 421M->183M(467M) 2.068ms
[605.502s][info][gc] GC(9354) Concurrent Mark Cycle
[605.535s][info][gc] GC(9354) Pause Remark 271M->271M(467M) 0.424ms
[605.567s][info][gc] GC(9354) Pause Cleanup 351M->351M(467M) 0.097ms
[605.567s][info][gc] GC(9354) Concurrent Mark Cycle 65.168ms
[605.593s][info][gc] GC(9355) Pause Young (Prepare Mixed) (G1 Evacuation Pause) 422M->184M(467M) 2.206ms
[605.670s][info][gc] GC(9356) Pause Young (Mixed) (G1 Evacuation Pause) 421M->183M(467M) 2.117ms
[605.758s][info][gc] GC(9357) Pause Young (Concurrent Start) (G1 Evacuation Pause) 421M->186M(467M) 2.000ms
[605.758s][info][gc] GC(9358) Concurrent Mark Cycle
[605.798s][info][gc] GC(9358) Pause Remark 280M->280M(467M) 0.575ms
[605.825s][info][gc] GC(9358) Pause Cleanup 347M->347M(467M) 0.085ms
[605.826s][info][gc] GC(9358) Concurrent Mark Cycle 67.245ms
[605.855s][info][gc] GC(9359) Pause Young (Prepare Mixed) (G1 Evacuation Pause) 422M->188M(467M) 2.151ms
[605.938s][info][gc] GC(9360) Pause Young (Mixed) (G1 Evacuation Pause) 423M->186M(467M) 2.049ms
[606.024s][info][gc] GC(9361) Pause Young (Concurrent Start) (G1 Evacuation Pause) 424M->190M(467M) 1.940ms
[606.024s][info][gc] GC(9362) Concurrent Mark Cycle
[606.059s][info][gc] GC(9362) Pause Remark 281M->281M(467M) 0.478ms
[606.092s][info][gc] GC(9362) Pause Cleanup 359M->359M(467M) 0.096ms
[606.093s][info][gc] GC(9362) Concurrent Mark Cycle 68.955ms
[606.121s][info][gc] GC(9363) Pause Young (Prepare Mixed) (G1 Evacuation Pause) 423M->193M(467M) 2.005ms
[606.203s][info][gc] GC(9364) Pause Young (Mixed) (G1 Evacuation Pause) 422M->191M(467M) 2.094ms
[606.282s][info][gc] GC(9365) Pause Young (Concurrent Start) (G1 Evacuation Pause) 425M->193M(467M) 1.974ms
[606.282s][info][gc] GC(9366) Concurrent Mark Cycle
[606.318s][info][gc] GC(9366) Pause Remark 264M->264M(467M) 0.424ms
[606.355s][info][gc] GC(9366) Pause Cleanup 368M->368M(467M) 0.079ms
[606.355s][info][gc] GC(9366) Concurrent Mark Cycle 72.449ms
[606.377s][info][gc] GC(9367) Pause Young (Prepare Mixed) (G1 Evacuation Pause) 423M->195M(467M) 2.034ms
[606.456s][info][gc] GC(9368) Pause Young (Mixed) (G1 Evacuation Pause) 423M->194M(467M) 2.069ms
[606.535s][info][gc] GC(9369) Pause Young (Concurrent Start) (G1 Evacuation Pause) 422M->198M(467M) 1.906ms
[606.535s][info][gc] GC(9370) Concurrent Mark Cycle
[606.576s][info][gc] GC(9370) Pause Remark 314M->314M(467M) 0.478ms
[606.611s][info][gc] GC(9370) Pause Cleanup 410M->410M(467M) 0.067ms
[606.611s][info][gc] GC(9370) Concurrent Mark Cycle 76.206ms
[606.618s][info][gc] GC(9371) Pause Young (Prepare Mixed) (G1 Evacuation Pause) 422M->199M(467M) 1.970ms
[606.693s][info][gc] GC(9372) Pause Young (Mixed) (G1 Evacuation Pause) 425M->199M(467M) 1.972ms
[606.779s][info][gc] GC(9373) Pause Young (Concurrent Start) (G1 Evacuation Pause) 424M->201M(467M) 2.125ms
[606.779s][info][gc] GC(9374) Concurrent Mark Cycle
[606.820s][info][gc] GC(9374) Pause Remark 317M->317M(467M) 0.460ms
[606.855s][info][gc] GC(9374) Pause Cleanup 399M->399M(467M) 0.080ms
[606.855s][info][gc] GC(9374) Concurrent Mark Cycle 76.451ms
[606.866s][info][gc] GC(9375) Pause Young (Prepare Mixed) (G1 Evacuation Pause) 422M->204M(467M) 2.012ms
[606.943s][info][gc] GC(9376) Pause Young (Mixed) (G1 Evacuation Pause) 425M->204M(467M) 2.082ms
[607.025s][info][gc] GC(9377) Pause Young (Concurrent Start) (G1 Evacuation Pause) 424M->207M(467M) 2.212ms
[607.025s][info][gc] GC(9378) Concurrent Mark Cycle
[607.068s][info][gc] GC(9378) Pause Remark 329M->329M(467M) 0.471ms
[607.098s][info][gc] GC(9378) Pause Cleanup 402M->402M(467M) 0.071ms
[607.098s][info][gc] GC(9378) Concurrent Mark Cycle 72.846ms
[607.107s][info][gc] GC(9379) Pause Young (Prepare Mixed) (G1 Evacuation Pause) 423M->208M(467M) 1.887ms
[607.182s][info][gc] GC(9380) Pause Young (Mixed) (G1 Evacuation Pause) 426M->209M(467M) 2.015ms
[607.257s][info][gc] GC(9381) Pause Young (Concurrent Start) (G1 Evacuation Pause) 424M->210M(467M) 1.829ms
[607.257s][info][gc] GC(9382) Concurrent Mark Cycle
[607.300s][info][gc] GC(9382) Pause Remark 304M->304M(467M) 0.457ms
[607.337s][info][gc] GC(9382) Pause Cleanup 402M->402M(467M) 0.068ms
[607.337s][info][gc] GC(9382) Concurrent Mark Cycle 80.171ms
[607.346s][info][gc] GC(9383) Pause Young (Prepare Mixed) (G1 Evacuation Pause) 425M->213M(467M) 2.062ms
[607.432s][info][gc] GC(9384) Pause Young (Mixed) (G1 Evacuation Pause) 422M->214M(606M) 2.163ms
[607.555s][info][gc] GC(9385) Pause Young (Normal) (G1 Evacuation Pause) 559M->217M(606M) 2.231ms
[607.674s][info][gc] GC(9386) Pause Young (Normal) (G1 Evacuation Pause) 556M->219M(606M) 2.583ms
[607.795s][info][gc] GC(9387) Pause Young (Normal) (G1 Evacuation Pause) 552M->222M(606M) 2.647ms
[607.907s][info][gc] GC(9388) Pause Young (Normal) (G1 Evacuation Pause) 551M->224M(606M) 2.315ms
[608.018s][info][gc] GC(9389) Pause Young (Normal) (G1 Evacuation Pause) 547M->228M(606M) 2.393ms
[608.127s][info][gc] GC(9390) Pause Young (Normal) (G1 Evacuation Pause) 547M->230M(606M) 2.629ms
[608.237s][info][gc] GC(9391) Pause Young (Normal) (G1 Evacuation Pause) 548M->232M(606M) 2.369ms
[608.344s][info][gc] GC(9392) Pause Young (Normal) (G1 Evacuation Pause) 548M->235M(606M) 2.555ms
[608.456s][info][gc] GC(9393) Pause Young (Concurrent Start) (G1 Evacuation Pause) 550M->238M(606M) 2.334ms
[608.456s][info][gc] GC(9394) Concurrent Mark Cycle
[608.502s][info][gc] GC(9394) Pause Remark 360M->360M(606M) 0.423ms
[608.544s][info][gc] GC(9394) Pause Cleanup 475M->475M(606M) 0.074ms
[608.544s][info][gc] GC(9394) Concurrent Mark Cycle 88.779ms
[608.571s][info][gc] GC(9395) Pause Young (Prepare Mixed) (G1 Evacuation Pause) 548M->241M(606M) 2.263ms
[608.682s][info][gc] GC(9396) Pause Young (Mixed) (G1 Evacuation Pause) 550M->243M(606M) 2.653ms
[608.784s][info][gc] GC(9397) Pause Young (Concurrent Start) (G1 Evacuation Pause) 549M->246M(606M) 2.239ms
[608.784s][info][gc] GC(9398) Concurrent Mark Cycle
[608.842s][info][gc] GC(9398) Pause Remark 403M->403M(606M) 0.422ms
[608.888s][info][gc] GC(9398) Pause Cleanup 520M->520M(606M) 0.068ms
[608.888s][info][gc] GC(9398) Concurrent Mark Cycle 104.155ms
[608.902s][info][gc] GC(9399) Pause Young (Prepare Mixed) (G1 Evacuation Pause) 550M->247M(606M) 2.346ms
[609.005s][info][gc] GC(9400) Pause Young (Mixed) (G1 Evacuation Pause) 551M->250M(606M) 2.456ms
[609.111s][info][gc] GC(9401) Pause Young (Concurrent Start) (G1 Evacuation Pause) 550M->252M(606M) 2.270ms
[609.111s][info][gc] GC(9402) Concurrent Mark Cycle
[609.156s][info][gc] GC(9402) Pause Remark 365M->365M(606M) 0.432ms
[609.200s][info][gc] GC(9402) Pause Cleanup 485M->485M(606M) 0.071ms
[609.201s][info][gc] GC(9402) Concurrent Mark Cycle 89.739ms
[609.226s][info][gc] GC(9403) Pause Young (Prepare Mixed) (G1 Evacuation Pause) 549M->256M(606M) 2.379ms
[609.324s][info][gc] GC(9404) Pause Young (Mixed) (G1 Evacuation Pause) 550M->255M(606M) 2.339ms
[609.428s][info][gc] GC(9405) Pause Young (Concurrent Start) (G1 Evacuation Pause) 550M->259M(606M) 2.394ms
[609.428s][info][gc] GC(9406) Concurrent Mark Cycle
[609.477s][info][gc] GC(9406) Pause Remark 384M->384M(606M) 0.495ms
[609.521s][info][gc] GC(9406) Pause Cleanup 490M->490M(606M) 0.076ms
[609.521s][info][gc] GC(9406) Concurrent Mark Cycle 93.347ms
[609.545s][info][gc] GC(9407) Pause Young (Prepare Mixed) (G1 Evacuation Pause) 551M->262M(606M) 2.506ms
[609.642s][info][gc] GC(9408) Pause Young (Mixed) (G1 Evacuation Pause) 550M->262M(640M) 2.380ms
[609.750s][info][gc] GC(9409) Pause Young (Normal) (G1 Evacuation Pause) 585M->265M(640M) 2.195ms
[609.859s][info][gc] GC(9410) Pause Young (Normal) (G1 Evacuation Pause) 582M->267M(640M) 2.367ms
[609.966s][info][gc] GC(9411) Pause Young (Concurrent Start) (G1 Evacuation Pause) 582M->269M(640M) 2.385ms
[609.966s][info][gc] GC(9412) Concurrent Mark Cycle
[610.019s][info][gc] GC(9412) Pause Remark 392M->392M(640M) 0.413ms
[610.073s][info][gc] GC(9412) Pause Cleanup 522M->522M(640M) 0.085ms
[610.074s][info][gc] GC(9412) Concurrent Mark Cycle 107.660ms
[610.093s][info][gc] GC(9413) Pause Young (Prepare Mixed) (G1 Evacuation Pause) 581M->272M(640M) 2.328ms
[610.221s][info][gc] GC(9414) Pause Young (Mixed) (G1 Evacuation Pause) 582M->273M(640M) 2.310ms
[610.381s][info][gc] GC(9415) Pause Young (Concurrent Start) (G1 Evacuation Pause) 585M->275M(640M) 2.112ms
[610.381s][info][gc] GC(9416) Concurrent Mark Cycle
[610.404s][info][gc] GC(9416) Pause Remark 317M->316M(640M) 0.424ms
[610.431s][info][gc] GC(9416) Pause Cleanup 369M->369M(640M) 0.108ms
[610.432s][info][gc] GC(9416) Concurrent Mark Cycle 50.384ms
[610.703s][info][gc] GC(9417) Pause Young (Prepare Mixed) (G1 Evacuation Pause) 582M->275M(640M) 2.116ms
[611.301s][info][gc] GC(9418) Pause Young (Mixed) (G1 Evacuation Pause) 583M->221M(640M) 2.505ms
[611.994s][info][gc] GC(9419) Pause Young (Mixed) (G1 Evacuation Pause) 584M->185M(640M) 3.535ms
[612.703s][info][gc] GC(9420) Pause Young (Mixed) (G1 Evacuation Pause) 546M->186M(640M) 2.377ms
[613.397s][info][gc] GC(9421) Pause Young (Normal) (G1 Evacuation Pause) 545M->191M(640M) 2.452ms
[614.075s][info][gc] GC(9422) Pause Young (Normal) (G1 Evacuation Pause) 545M->193M(640M) 2.537ms
[614.749s][info][gc] GC(9423) Pause Young (Normal) (G1 Evacuation Pause) 547M->196M(640M) 2.581ms
[615.469s][info][gc] GC(9424) Pause Young (Normal) (G1 Evacuation Pause) 551M->199M(640M) 2.588ms
[615.614s][info][gc] GC(9425) Pause Young (Normal) (G1 Evacuation Pause) 554M->206M(640M) 2.941ms
[615.748s][info][gc] GC(9426) Pause Young (Normal) (G1 Evacuation Pause) 558M->210M(640M) 2.920ms
[615.890s][info][gc] GC(9427) Pause Young (Normal) (G1 Evacuation Pause) 567M->213M(640M) 2.625ms
[616.029s][info][gc] GC(9428) Pause Young (Normal) (G1 Evacuation Pause) 570M->217M(640M) 2.817ms
[616.165s][info][gc] GC(9429) Pause Young (Normal) (G1 Evacuation Pause) 574M->220M(640M) 2.776ms
[616.302s][info][gc] GC(9430) Pause Young (Normal) (G1 Evacuation Pause) 576M->221M(640M) 2.478ms
[616.447s][info][gc] GC(9431) Pause Young (Normal) (G1 Evacuation Pause) 579M->225M(640M) 2.733ms
[616.582s][info][gc] GC(9432) Pause Young (Normal) (G1 Evacuation Pause) 577M->228M(640M) 2.701ms
[616.712s][info][gc] GC(9433) Pause Young (Normal) (G1 Evacuation Pause) 580M->232M(640M) 2.851ms
[616.844s][info][gc] GC(9434) Pause Young (Normal) (G1 Evacuation Pause) 577M->233M(640M) 2.978ms
[616.975s][info][gc] GC(9435) Pause Young (Normal) (G1 Evacuation Pause) 579M->237M(640M) 2.504ms
[617.105s][info][gc] GC(9436) Pause Young (Normal) (G1 Evacuation Pause) 578M->239M(640M) 2.640ms
[617.234s][info][gc] GC(9437) Pause Young (Normal) (G1 Evacuation Pause) 579M->242M(640M) 2.617ms
[617.366s][info][gc] GC(9438) Pause Young (Normal) (G1 Evacuation Pause) 579M->244M(640M) 2.647ms
[617.608s][info][gc] GC(9439) Pause Young (Concurrent Start) (G1 Evacuation Pause) 582M->250M(640M) 2.585ms
[617.608s][info][gc] GC(9440) Concurrent Mark Cycle
[617.619s][info][gc] GC(9440) Pause Remark 283M->167M(450M) 0.463ms
[617.623s][info][gc] GC(9440) Pause Cleanup 181M->181M(450M) 0.074ms
[617.624s][info][gc] GC(9440) Concurrent Mark Cycle 15.192ms
[617.703s][info][gc] GC(9441) Pause Young (Prepare Mixed) (G1 Evacuation Pause) 374M->134M(450M) 2.340ms
[617.791s][info][gc] GC(9442) Pause Young (Mixed) (G1 Evacuation Pause) 385M->95M(450M) 1.987ms
[617.885s][info][gc] GC(9443) Pause Young (Normal) (G1 Evacuation Pause) 344M->96M(450M) 1.993ms
[617.980s][info][gc] GC(9444) Pause Young (Normal) (G1 Evacuation Pause) 346M->99M(450M) 2.030ms
[618.077s][info][gc] GC(9445) Pause Young (Normal) (G1 Evacuation Pause) 349M->102M(450M) 2.241ms
[618.173s][info][gc] GC(9446) Pause Young (Normal) (G1 Evacuation Pause) 352M->103M(450M) 2.110ms
[618.259s][info][gc] GC(9447) Pause Young (Normal) (G1 Evacuation Pause) 355M->104M(450M) 1.829ms
[618.356s][info][gc] GC(9448) Pause Young (Normal) (G1 Evacuation Pause) 356M->107M(450M) 1.985ms
[618.454s][info][gc] GC(9449) Pause Young (Normal) (G1 Evacuation Pause) 356M->109M(450M) 2.130ms
[618.558s][info][gc] GC(9450) Pause Young (Normal) (G1 Evacuation Pause) 359M->111M(450M) 2.555ms
[618.658s][info][gc] GC(9451) Pause Young (Normal) (G1 Evacuation Pause) 362M->113M(450M) 2.381ms
[618.751s][info][gc] GC(9452) Pause Young (Normal) (G1 Evacuation Pause) 364M->115M(450M) 1.860ms
[618.854s][info][gc] GC(9453) Pause Young (Normal) (G1 Evacuation Pause) 366M->118M(450M) 2.144ms
[618.949s][info][gc] GC(9454) Pause Young (Normal) (G1 Evacuation Pause) 368M->120M(450M) 2.004ms
[619.044s][info][gc] GC(9455) Pause Young (Normal) (G1 Evacuation Pause) 370M->122M(450M) 2.103ms
[619.139s][info][gc] GC(9456) Pause Young (Normal) (G1 Evacuation Pause) 372M->124M(450M) 1.947ms
[619.240s][info][gc] GC(9457) Pause Young (Normal) (G1 Evacuation Pause) 375M->126M(450M) 2.232ms
[619.329s][info][gc] GC(9458) Pause Young (Normal) (G1 Evacuation Pause) 375M->128M(450M) 2.105ms
[619.428s][info][gc] GC(9459) Pause Young (Normal) (G1 Evacuation Pause) 379M->130M(450M) 2.102ms
[619.534s][info][gc] GC(9460) Pause Young (Normal) (G1 Evacuation Pause) 378M->132M(450M) 2.124ms
[619.731s][info][gc] GC(9461) Pause Young (Normal) (G1 Evacuation Pause) 383M->135M(450M) 1.937ms
[619.825s][info][gc] GC(9462) Pause Young (Normal) (G1 Evacuation Pause) 382M->138M(450M) 2.178ms
[619.921s][info][gc] GC(9463) Pause Young (Normal) (G1 Evacuation Pause) 387M->140M(450M) 2.066ms
[620.003s][info][gc] GC(9464) Pause Young (Normal) (G1 Evacuation Pause) 391M->141M(450M) 1.895ms
[620.105s][info][gc] GC(9465) Pause Young (Normal) (G1 Evacuation Pause) 391M->144M(450M) 2.128ms
[620.205s][info][gc] GC(9466) Pause Young (Normal) (G1 Evacuation Pause) 393M->145M(450M) 1.961ms
[620.302s][info][gc] GC(9467) Pause Young (Normal) (G1 Evacuation Pause) 395M->146M(450M) 2.268ms
[620.399s][info][gc] GC(9468) Pause Young (Normal) (G1 Evacuation Pause) 396M->149M(450M) 2.122ms
[620.501s][info][gc] GC(9469) Pause Young (Normal) (G1 Evacuation Pause) 400M->150M(450M) 2.084ms
[620.598s][info][gc] GC(9470) Pause Young (Normal) (G1 Evacuation Pause) 400M->153M(450M) 2.071ms
[620.707s][info][gc] GC(9471) Pause Young (Normal) (G1 Evacuation Pause) 402M->155M(450M) 2.540ms
[620.811s][info][gc] GC(9472) Pause Young (Normal) (G1 Evacuation Pause) 406M->158M(450M) 2.070ms
[620.902s][info][gc] GC(9473) Pause Young (Normal) (G1 Evacuation Pause) 405M->160M(450M) 2.236ms
[621.002s][info][gc] GC(9474) Pause Young (Normal) (G1 Evacuation Pause) 405M->162M(450M) 2.075ms
[621.091s][info][gc] GC(9475) Pause Young (Normal) (G1 Evacuation Pause) 407M->164M(450M) 1.863ms
[621.190s][info][gc] GC(9476) Pause Young (Normal) (G1 Evacuation Pause) 407M->167M(450M) 2.091ms
[621.283s][info][gc] GC(9477) Pause Young (Normal) (G1 Evacuation Pause) 406M->167M(450M) 1.942ms
[621.380s][info][gc] GC(9478) Pause Young (Concurrent Start) (G1 Evacuation Pause) 408M->170M(450M) 2.036ms
[621.380s][info][gc] GC(9479) Concurrent Mark Cycle
[621.395s][info][gc] GC(9479) Pause Remark 204M->136M(344M) 0.446ms
[621.403s][info][gc] GC(9479) Pause Cleanup 154M->154M(344M) 0.061ms
[621.403s][info][gc] GC(9479) Concurrent Mark Cycle 22.784ms
[621.455s][info][gc] GC(9480) Pause Young (Prepare Mixed) (G1 Evacuation Pause) 289M->104M(344M) 1.911ms
[621.527s][info][gc] GC(9481) Pause Young (Mixed) (G1 Evacuation Pause) 295M->97M(344M) 1.590ms
[621.602s][info][gc] GC(9482) Pause Young (Normal) (G1 Evacuation Pause) 286M->98M(344M) 1.729ms
[621.679s][info][gc] GC(9483) Pause Young (Normal) (G1 Evacuation Pause) 289M->98M(344M) 1.710ms
[621.845s][info][gc] GC(9484) Pause Young (Normal) (G1 Evacuation Pause) 291M->103M(344M) 1.696ms
[621.919s][info][gc] GC(9485) Pause Young (Normal) (G1 Evacuation Pause) 290M->103M(344M) 2.035ms
[621.988s][info][gc] GC(9486) Pause Young (Normal) (G1 Evacuation Pause) 294M->106M(344M) 1.691ms
[622.063s][info][gc] GC(9487) Pause Young (Normal) (G1 Evacuation Pause) 297M->108M(344M) 1.721ms
[622.128s][info][gc] GC(9488) Pause Young (Normal) (G1 Evacuation Pause) 298M->109M(344M) 1.574ms
[622.207s][info][gc] GC(9489) Pause Young (Normal) (G1 Evacuation Pause) 300M->111M(344M) 1.879ms
[622.279s][info][gc] GC(9490) Pause Young (Normal) (G1 Evacuation Pause) 300M->113M(344M) 1.935ms
[622.347s][info][gc] GC(9491) Pause Young (Normal) (G1 Evacuation Pause) 304M->114M(344M) 1.634ms
[622.421s][info][gc] GC(9492) Pause Young (Normal) (G1 Evacuation Pause) 304M->116M(344M) 1.800ms
[622.492s][info][gc] GC(9493) Pause Young (Normal) (G1 Evacuation Pause) 305M->117M(344M) 1.609ms
[622.559s][info][gc] GC(9494) Pause Young (Normal) (G1 Evacuation Pause) 307M->119M(344M) 1.813ms
[622.633s][info][gc] GC(9495) Pause Young (Normal) (G1 Evacuation Pause) 309M->120M(344M) 1.706ms
[622.701s][info][gc] GC(9496) Pause Young (Normal) (G1 Evacuation Pause) 308M->122M(344M) 1.619ms
[622.778s][info][gc] GC(9497) Pause Young (Normal) (G1 Evacuation Pause) 309M->124M(344M) 1.974ms
[622.846s][info][gc] GC(9498) Pause Young (Normal) (G1 Evacuation Pause) 307M->124M(344M) 1.645ms
[622.912s][info][gc] GC(9499) Pause Young (Concurrent Start) (G1 Evacuation Pause) 310M->127M(344M) 1.575ms
[622.912s][info][gc] GC(9500) Concurrent Mark Cycle
[622.924s][info][gc] GC(9500) Pause Remark 156M->115M(290M) 0.432ms
[622.933s][info][gc] GC(9500) Pause Cleanup 143M->143M(290M) 0.065ms
[622.933s][info][gc] GC(9500) Concurrent Mark Cycle 20.519ms
[622.980s][info][gc] GC(9501) Pause Young (Prepare Mixed) (G1 Evacuation Pause) 244M->87M(290M) 1.590ms
[623.035s][info][gc] GC(9502) Pause Young (Mixed) (G1 Evacuation Pause) 248M->83M(290M) 1.486ms
[623.099s][info][gc] GC(9503) Pause Young (Normal) (G1 Evacuation Pause) 245M->85M(290M) 1.487ms
[623.159s][info][gc] GC(9504) Pause Young (Normal) (G1 Evacuation Pause) 247M->86M(290M) 1.452ms
[623.219s][info][gc] GC(9505) Pause Young (Normal) (G1 Evacuation Pause) 247M->86M(290M) 1.505ms
[623.279s][info][gc] GC(9506) Pause Young (Normal) (G1 Evacuation Pause) 247M->89M(290M) 1.592ms
[623.347s][info][gc] GC(9507) Pause Young (Normal) (G1 Evacuation Pause) 250M->90M(290M) 1.542ms
[623.401s][info][gc] GC(9508) Pause Young (Normal) (G1 Evacuation Pause) 250M->90M(290M) 1.487ms
[623.468s][info][gc] GC(9509) Pause Young (Normal) (G1 Evacuation Pause) 252M->94M(290M) 1.512ms
[623.523s][info][gc] GC(9510) Pause Young (Normal) (G1 Evacuation Pause) 252M->94M(290M) 1.520ms
[623.587s][info][gc] GC(9511) Pause Young (Normal) (G1 Evacuation Pause) 255M->96M(290M) 1.704ms
[623.646s][info][gc] GC(9512) Pause Young (Normal) (G1 Evacuation Pause) 256M->96M(290M) 1.612ms
[623.715s][info][gc] GC(9513) Pause Young (Normal) (G1 Evacuation Pause) 257M->97M(290M) 1.388ms
[623.884s][info][gc] GC(9514) Pause Young (Normal) (G1 Evacuation Pause) 259M->100M(290M) 1.516ms
[623.941s][info][gc] GC(9515) Pause Young (Normal) (G1 Evacuation Pause) 259M->102M(290M) 1.592ms
[624.002s][info][gc] GC(9516) Pause Young (Normal) (G1 Evacuation Pause) 261M->102M(290M) 1.528ms
[624.061s][info][gc] GC(9517) Pause Young (Normal) (G1 Evacuation Pause) 262M->104M(290M) 1.488ms
[624.123s][info][gc] GC(9518) Pause Young (Normal) (G1 Evacuation Pause) 258M->106M(290M) 1.624ms
[624.186s][info][gc] GC(9519) Pause Young (Concurrent Start) (G1 Evacuation Pause) 259M->106M(290M) 1.626ms
[624.186s][info][gc] GC(9520) Concurrent Mark Cycle
[624.195s][info][gc] GC(9520) Pause Remark 131M->96M(244M) 0.422ms
[624.200s][info][gc] GC(9520) Pause Cleanup 110M->110M(244M) 0.063ms
[624.200s][info][gc] GC(9520) Concurrent Mark Cycle 13.715ms
[624.251s][info][gc] GC(9521) Pause Young (Prepare Mixed) (G1 Evacuation Pause) 205M->72M(244M) 1.554ms
[624.313s][info][gc] GC(9522) Pause Young (Mixed) (G1 Evacuation Pause) 207M->65M(244M) 1.566ms
[624.362s][info][gc] GC(9523) Pause Young (Normal) (G1 Evacuation Pause) 199M->65M(244M) 1.360ms
[624.417s][info][gc] GC(9524) Pause Young (Normal) (G1 Evacuation Pause) 200M->67M(244M) 1.417ms
[624.466s][info][gc] GC(9525) Pause Young (Normal) (G1 Evacuation Pause) 201M->67M(244M) 1.608ms
[624.549s][info][gc] GC(9526) Pause Young (Normal) (G1 Evacuation Pause) 204M->70M(244M) 1.507ms
[624.597s][info][gc] GC(9527) Pause Young (Normal) (G1 Evacuation Pause) 204M->70M(244M) 1.306ms
[624.662s][info][gc] GC(9528) Pause Young (Normal) (G1 Evacuation Pause) 205M->71M(244M) 1.396ms
[624.714s][info][gc] GC(9529) Pause Young (Normal) (G1 Evacuation Pause) 205M->73M(244M) 1.456ms
[624.772s][info][gc] GC(9530) Pause Young (Normal) (G1 Evacuation Pause) 207M->73M(244M) 1.539ms
[624.830s][info][gc] GC(9531) Pause Young (Normal) (G1 Evacuation Pause) 209M->74M(244M) 1.338ms
[624.884s][info][gc] GC(9532) Pause Young (Normal) (G1 Evacuation Pause) 208M->74M(244M) 1.394ms
[624.941s][info][gc] GC(9533) Pause Young (Normal) (G1 Evacuation Pause) 210M->77M(244M) 2.018ms
[624.997s][info][gc] GC(9534) Pause Young (Normal) (G1 Evacuation Pause) 211M->77M(244M) 1.477ms
[625.055s][info][gc] GC(9535) Pause Young (Normal) (G1 Evacuation Pause) 212M->79M(244M) 1.582ms
[625.106s][info][gc] GC(9536) Pause Young (Normal) (G1 Evacuation Pause) 213M->80M(244M) 1.584ms
[625.167s][info][gc] GC(9537) Pause Young (Normal) (G1 Evacuation Pause) 214M->81M(244M) 1.371ms
[625.217s][info][gc] GC(9538) Pause Young (Normal) (G1 Evacuation Pause) 216M->82M(244M) 1.331ms
[625.270s][info][gc] GC(9539) Pause Young (Normal) (G1 Evacuation Pause) 216M->83M(244M) 1.528ms
[625.321s][info][gc] GC(9540) Pause Young (Normal) (G1 Evacuation Pause) 217M->84M(244M) 1.360ms
[625.371s][info][gc] GC(9541) Pause Young (Normal) (G1 Evacuation Pause) 219M->85M(244M) 1.325ms
[625.421s][info][gc] GC(9542) Pause Young (Normal) (G1 Evacuation Pause) 217M->86M(244M) 1.497ms
[625.467s][info][gc] GC(9543) Pause Young (Normal) (G1 Evacuation Pause) 217M->87M(244M) 1.310ms
[625.519s][info][gc] GC(9544) Pause Young (Concurrent Start) (G1 Evacuation Pause) 219M->88M(244M) 1.367ms
[625.519s][info][gc] GC(9545) Concurrent Mark Cycle
[625.532s][info][gc] GC(9545) Pause Remark 116M->114M(244M) 0.420ms
[625.545s][info][gc] GC(9545) Pause Cleanup 138M->138M(244M) 0.073ms
[625.546s][info][gc] GC(9545) Concurrent Mark Cycle 26.126ms
[625.570s][info][gc] GC(9546) Pause Young (Prepare Mixed) (G1 Evacuation Pause) 214M->88M(244M) 1.409ms
[625.621s][info][gc] GC(9547) Pause Young (Mixed) (G1 Evacuation Pause) 218M->86M(244M) 1.360ms
[625.674s][info][gc] GC(9548) Pause Young (Normal) (G1 Evacuation Pause) 218M->88M(244M) 1.503ms
[625.723s][info][gc] GC(9549) Pause Young (Concurrent Start) (G1 Evacuation Pause) 219M->87M(244M) 1.393ms
[625.723s][info][gc] GC(9550) Concurrent Mark Cycle
[625.734s][info][gc] GC(9550) Pause Remark 105M->105M(244M) 0.509ms
[625.747s][info][gc] GC(9550) Pause Cleanup 137M->137M(244M) 0.054ms
[625.747s][info][gc] GC(9550) Concurrent Mark Cycle 24.353ms
[625.776s][info][gc] GC(9551) Pause Young (Prepare Mixed) (G1 Evacuation Pause) 219M->89M(244M) 1.376ms
[625.827s][info][gc] GC(9552) Pause Young (Mixed) (G1 Evacuation Pause) 219M->89M(244M) 1.420ms
[625.880s][info][gc] GC(9553) Pause Young (Concurrent Start) (G1 Evacuation Pause) 217M->89M(244M) 1.386ms
[625.880s][info][gc] GC(9554) Concurrent Mark Cycle
[625.892s][info][gc] GC(9554) Pause Remark 125M->125M(244M) 0.410ms
[625.904s][info][gc] GC(9554) Pause Cleanup 140M->140M(244M) 0.069ms
[625.904s][info][gc] GC(9554) Concurrent Mark Cycle 24.041ms
[625.941s][info][gc] GC(9555) Pause Young (Prepare Mixed) (G1 Evacuation Pause) 217M->89M(244M) 1.285ms
[626.100s][info][gc] GC(9556) Pause Young (Mixed) (G1 Evacuation Pause) 220M->90M(244M) 1.517ms
[626.149s][info][gc] GC(9557) Pause Young (Concurrent Start) (G1 Evacuation Pause) 217M->93M(244M) 1.588ms
[626.149s][info][gc] GC(9558) Concurrent Mark Cycle
[626.157s][info][gc] GC(9558) Pause Remark 116M->88M(220M) 0.436ms
[626.161s][info][gc] GC(9558) Pause Cleanup 98M->98M(220M) 0.060ms
[626.161s][info][gc] GC(9558) Concurrent Mark Cycle 12.736ms
[626.207s][info][gc] GC(9559) Pause Young (Prepare Mixed) (G1 Evacuation Pause) 185M->65M(220M) 1.547ms
[626.250s][info][gc] GC(9560) Pause Young (Mixed) (G1 Evacuation Pause) 187M->64M(220M) 1.454ms
[626.291s][info][gc] GC(9561) Pause Young (Normal) (G1 Evacuation Pause) 185M->64M(220M) 1.337ms
[626.347s][info][gc] GC(9562) Pause Young (Normal) (G1 Evacuation Pause) 187M->66M(220M) 1.313ms
[626.390s][info][gc] GC(9563) Pause Young (Normal) (G1 Evacuation Pause) 187M->67M(220M) 1.314ms
[626.438s][info][gc] GC(9564) Pause Young (Normal) (G1 Evacuation Pause) 189M->66M(220M) 1.167ms
[626.485s][info][gc] GC(9565) Pause Young (Normal) (G1 Evacuation Pause) 189M->69M(220M) 1.354ms
[626.526s][info][gc] GC(9566) Pause Young (Normal) (G1 Evacuation Pause) 189M->70M(220M) 1.356ms
[626.578s][info][gc] GC(9567) Pause Young (Normal) (G1 Evacuation Pause) 192M->71M(220M) 1.218ms
[626.620s][info][gc] GC(9568) Pause Young (Normal) (G1 Evacuation Pause) 193M->71M(220M) 1.373ms
[626.665s][info][gc] GC(9569) Pause Young (Normal) (G1 Evacuation Pause) 193M->72M(220M) 1.181ms
[626.718s][info][gc] GC(9570) Pause Young (Normal) (G1 Evacuation Pause) 195M->74M(220M) 1.365ms
[626.757s][info][gc] GC(9571) Pause Young (Normal) (G1 Evacuation Pause) 195M->75M(220M) 1.486ms
[626.809s][info][gc] GC(9572) Pause Young (Normal) (G1 Evacuation Pause) 196M->76M(220M) 1.329ms
[626.852s][info][gc] GC(9573) Pause Young (Normal) (G1 Evacuation Pause) 196M->77M(220M) 1.289ms
[626.894s][info][gc] GC(9574) Pause Young (Normal) (G1 Evacuation Pause) 198M->77M(220M) 1.223ms
[626.944s][info][gc] GC(9575) Pause Young (Concurrent Start) (G1 Evacuation Pause) 199M->79M(220M) 1.291ms
[626.945s][info][gc] GC(9576) Concurrent Mark Cycle
[626.959s][info][gc] GC(9576) Pause Remark 120M->115M(220M) 0.423ms
[626.965s][info][gc] GC(9576) Pause Cleanup 130M->130M(220M) 0.069ms
[626.966s][info][gc] GC(9576) Concurrent Mark Cycle 21.062ms
[626.986s][info][gc] GC(9577) Pause Young (Prepare Mixed) (G1 Evacuation Pause) 191M->74M(220M) 1.284ms
[627.035s][info][gc] GC(9578) Pause Young (Mixed) (G1 Evacuation Pause) 196M->71M(220M) 1.196ms
[627.082s][info][gc] GC(9579) Pause Young (Normal) (G1 Evacuation Pause) 192M->72M(220M) 1.312ms
[627.125s][info][gc] GC(9580) Pause Young (Normal) (G1 Evacuation Pause) 193M->72M(220M) 1.262ms
[627.180s][info][gc] GC(9581) Pause Young (Normal) (G1 Evacuation Pause) 195M->74M(220M) 1.360ms
[627.225s][info][gc] GC(9582) Pause Young (Normal) (G1 Evacuation Pause) 195M->76M(220M) 1.344ms
[627.272s][info][gc] GC(9583) Pause Young (Normal) (G1 Evacuation Pause) 197M->77M(220M) 1.235ms
[627.316s][info][gc] GC(9584) Pause Young (Normal) (G1 Evacuation Pause) 197M->78M(220M) 1.303ms
[627.359s][info][gc] GC(9585) Pause Young (Normal) (G1 Evacuation Pause) 197M->78M(220M) 1.252ms
[627.410s][info][gc] GC(9586) Pause Young (Concurrent Start) (G1 Evacuation Pause) 199M->80M(220M) 1.201ms
[627.410s][info][gc] GC(9587) Concurrent Mark Cycle
[627.424s][info][gc] GC(9587) Pause Remark 118M->118M(220M) 0.488ms
[627.431s][info][gc] GC(9587) Pause Cleanup 135M->135M(220M) 0.056ms
[627.431s][info][gc] GC(9587) Concurrent Mark Cycle 21.592ms
[627.455s][info][gc] GC(9588) Pause Young (Prepare Mixed) (G1 Evacuation Pause) 197M->80M(220M) 1.409ms
[627.498s][info][gc] GC(9589) Pause Young (Mixed) (G1 Evacuation Pause) 199M->78M(220M) 1.208ms
[627.549s][info][gc] GC(9590) Pause Young (Concurrent Start) (G1 Evacuation Pause) 199M->80M(220M) 1.366ms
[627.549s][info][gc] GC(9591) Concurrent Mark Cycle
[627.565s][info][gc] GC(9591) Pause Remark 120M->120M(220M) 0.473ms
[627.578s][info][gc] GC(9591) Pause Cleanup 154M->154M(220M) 0.059ms
[627.578s][info][gc] GC(9591) Concurrent Mark Cycle 29.434ms
[627.597s][info][gc] GC(9592) Pause Young (Prepare Mixed) (G1 Evacuation Pause) 197M->82M(220M) 1.522ms
[627.648s][info][gc] GC(9593) Pause Young (Mixed) (G1 Evacuation Pause) 197M->81M(220M) 1.430ms
[627.692s][info][gc] GC(9594) Pause Young (Concurrent Start) (G1 Evacuation Pause) 199M->82M(220M) 1.367ms
[627.692s][info][gc] GC(9595) Concurrent Mark Cycle
[627.711s][info][gc] GC(9595) Pause Remark 138M->138M(220M) 0.416ms
[627.723s][info][gc] GC(9595) Pause Cleanup 167M->167M(220M) 0.057ms
[627.724s][info][gc] GC(9595) Concurrent Mark Cycle 31.154ms
[627.735s][info][gc] GC(9596) Pause Young (Prepare Mixed) (G1 Evacuation Pause) 198M->82M(220M) 1.217ms
[627.783s][info][gc] GC(9597) Pause Young (Mixed) (G1 Evacuation Pause) 198M->82M(220M) 1.213ms
[627.827s][info][gc] GC(9598) Pause Young (Concurrent Start) (G1 Evacuation Pause) 198M->83M(220M) 1.372ms
[627.827s][info][gc] GC(9599) Concurrent Mark Cycle
[627.841s][info][gc] GC(9599) Pause Remark 121M->121M(220M) 0.440ms
[627.854s][info][gc] GC(9599) Pause Cleanup 151M->151M(220M) 0.056ms
[627.854s][info][gc] GC(9599) Concurrent Mark Cycle 27.727ms
[627.876s][info][gc] GC(9600) Pause Young (Prepare Mixed) (G1 Evacuation Pause) 197M->84M(220M) 1.269ms
[627.922s][info][gc] GC(9601) Pause Young (Mixed) (G1 Evacuation Pause) 201M->85M(308M) 1.450ms
[627.987s][info][gc] GC(9602) Pause Young (Normal) (G1 Evacuation Pause) 259M->85M(308M) 1.474ms
[628.069s][info][gc] GC(9603) Pause Young (Normal) (G1 Evacuation Pause) 258M->86M(308M) 1.445ms
[628.240s][info][gc] GC(9604) Pause Young (Normal) (G1 Evacuation Pause) 258M->90M(308M) 1.679ms
[628.298s][info][gc] GC(9605) Pause Young (Normal) (G1 Evacuation Pause) 259M->90M(308M) 1.460ms
[628.370s][info][gc] GC(9606) Pause Young (Normal) (G1 Evacuation Pause) 262M->93M(308M) 1.687ms
[628.433s][info][gc] GC(9607) Pause Young (Normal) (G1 Evacuation Pause) 261M->92M(308M) 1.538ms
[628.497s][info][gc] GC(9608) Pause Young (Normal) (G1 Evacuation Pause) 264M->96M(308M) 1.553ms
[628.564s][info][gc] GC(9609) Pause Young (Normal) (G1 Evacuation Pause) 265M->97M(308M) 1.640ms
[628.623s][info][gc] GC(9610) Pause Young (Normal) (G1 Evacuation Pause) 268M->98M(308M) 1.516ms
[628.691s][info][gc] GC(9611) Pause Young (Normal) (G1 Evacuation Pause) 268M->100M(308M) 1.537ms
[628.752s][info][gc] GC(9612) Pause Young (Normal) (G1 Evacuation Pause) 270M->101M(308M) 1.583ms
[628.822s][info][gc] GC(9613) Pause Young (Normal) (G1 Evacuation Pause) 271M->102M(308M) 1.643ms
[628.880s][info][gc] GC(9614) Pause Young (Normal) (G1 Evacuation Pause) 272M->103M(308M) 1.462ms
[628.950s][info][gc] GC(9615) Pause Young (Normal) (G1 Evacuation Pause) 274M->105M(308M) 1.588ms
[629.007s][info][gc] GC(9616) Pause Young (Normal) (G1 Evacuation Pause) 274M->105M(308M) 1.563ms
[629.076s][info][gc] GC(9617) Pause Young (Normal) (G1 Evacuation Pause) 276M->108M(308M) 1.554ms
[629.137s][info][gc] GC(9618) Pause Young (Normal) (G1 Evacuation Pause) 276M->108M(308M) 1.484ms
[629.201s][info][gc] GC(9619) Pause Young (Normal) (G1 Evacuation Pause) 279M->111M(308M) 1.560ms
[629.270s][info][gc] GC(9620) Pause Young (Normal) (G1 Evacuation Pause) 276M->112M(308M) 1.982ms
[629.329s][info][gc] GC(9621) Pause Young (Normal) (G1 Evacuation Pause) 277M->113M(308M) 1.494ms
[629.395s][info][gc] GC(9622) Pause Young (Normal) (G1 Evacuation Pause) 278M->115M(308M) 1.527ms
[629.451s][info][gc] GC(9623) Pause Young (Concurrent Start) (G1 Evacuation Pause) 277M->116M(308M) 1.519ms
[629.451s][info][gc] GC(9624) Concurrent Mark Cycle
[629.465s][info][gc] GC(9624) Pause Remark 151M->115M(270M) 0.440ms
[629.475s][info][gc] GC(9624) Pause Cleanup 137M->137M(270M) 0.059ms
[629.475s][info][gc] GC(9624) Concurrent Mark Cycle 24.512ms
[629.516s][info][gc] GC(9625) Pause Young (Prepare Mixed) (G1 Evacuation Pause) 229M->82M(270M) 1.647ms
[629.572s][info][gc] GC(9626) Pause Young (Mixed) (G1 Evacuation Pause) 231M->81M(270M) 1.705ms
[629.639s][info][gc] GC(9627) Pause Young (Normal) (G1 Evacuation Pause) 231M->82M(270M) 2.202ms
[629.697s][info][gc] GC(9628) Pause Young (Normal) (G1 Evacuation Pause) 232M->83M(270M) 1.443ms
[629.758s][info][gc] GC(9629) Pause Young (Normal) (G1 Evacuation Pause) 233M->84M(270M) 1.611ms
[629.810s][info][gc] GC(9630) Pause Young (Normal) (G1 Evacuation Pause) 234M->86M(270M) 1.444ms
[629.868s][info][gc] GC(9631) Pause Young (Normal) (G1 Evacuation Pause) 235M->86M(270M) 1.416ms
[629.922s][info][gc] GC(9632) Pause Young (Normal) (G1 Evacuation Pause) 237M->88M(270M) 1.407ms
[629.977s][info][gc] GC(9633) Pause Young (Normal) (G1 Evacuation Pause) 237M->87M(270M) 1.407ms
[630.036s][info][gc] GC(9634) Pause Young (Normal) (G1 Evacuation Pause) 239M->89M(270M) 1.516ms
[630.103s][info][gc] GC(9635) Pause Young (Normal) (G1 Evacuation Pause) 239M->90M(270M) 1.501ms
[630.176s][info][gc] GC(9636) Pause Young (Normal) (G1 Evacuation Pause) 240M->91M(270M) 1.490ms
[630.326s][info][gc] GC(9637) Pause Young (Normal) (G1 Evacuation Pause) 240M->95M(270M) 1.692ms
[630.379s][info][gc] GC(9638) Pause Young (Normal) (G1 Evacuation Pause) 240M->95M(270M) 1.516ms
[630.440s][info][gc] GC(9639) Pause Young (Normal) (G1 Evacuation Pause) 242M->97M(270M) 1.655ms
[630.494s][info][gc] GC(9640) Pause Young (Normal) (G1 Evacuation Pause) 243M->98M(270M) 1.514ms
[630.552s][info][gc] GC(9641) Pause Young (Concurrent Start) (G1 Evacuation Pause) 242M->100M(270M) 1.459ms
[630.552s][info][gc] GC(9642) Concurrent Mark Cycle
[630.561s][info][gc] GC(9642) Pause Remark 123M->87M(214M) 0.442ms
[630.564s][info][gc] GC(9642) Pause Cleanup 97M->97M(214M) 0.062ms
[630.564s][info][gc] GC(9642) Concurrent Mark Cycle 12.330ms
[630.604s][info][gc] GC(9643) Pause Young (Prepare Mixed) (G1 Evacuation Pause) 206M->64M(221M) 1.532ms
[630.650s][info][gc] GC(9644) Pause Young (Mixed) (G1 Evacuation Pause) 185M->62M(221M) 1.418ms
[630.699s][info][gc] GC(9645) Pause Young (Normal) (G1 Evacuation Pause) 185M->64M(221M) 1.265ms
[630.743s][info][gc] GC(9646) Pause Young (Normal) (G1 Evacuation Pause) 185M->63M(221M) 1.290ms
[630.799s][info][gc] GC(9647) Pause Young (Normal) (G1 Evacuation Pause) 185M->65M(221M) 1.365ms
[630.845s][info][gc] GC(9648) Pause Young (Normal) (G1 Evacuation Pause) 187M->66M(221M) 1.414ms
[630.896s][info][gc] GC(9649) Pause Young (Normal) (G1 Evacuation Pause) 188M->66M(221M) 1.312ms
[630.950s][info][gc] GC(9650) Pause Young (Normal) (G1 Evacuation Pause) 189M->68M(221M) 1.309ms
[630.992s][info][gc] GC(9651) Pause Young (Normal) (G1 Evacuation Pause) 189M->70M(221M) 1.521ms
[631.045s][info][gc] GC(9652) Pause Young (Normal) (G1 Evacuation Pause) 191M->70M(221M) 1.572ms
[631.090s][info][gc] GC(9653) Pause Young (Normal) (G1 Evacuation Pause) 191M->71M(221M) 1.255ms
[631.140s][info][gc] GC(9654) Pause Young (Normal) (G1 Evacuation Pause) 193M->71M(221M) 1.342ms
[631.190s][info][gc] GC(9655) Pause Young (Normal) (G1 Evacuation Pause) 193M->73M(221M) 1.410ms
[631.233s][info][gc] GC(9656) Pause Young (Normal) (G1 Evacuation Pause) 193M->74M(221M) 1.362ms
[631.290s][info][gc] GC(9657) Pause Young (Normal) (G1 Evacuation Pause) 196M->75M(221M) 1.249ms
[631.338s][info][gc] GC(9658) Pause Young (Normal) (G1 Evacuation Pause) 197M->77M(221M) 1.440ms
[631.384s][info][gc] GC(9659) Pause Young (Normal) (G1 Evacuation Pause) 196M->76M(221M) 1.211ms
[631.436s][info][gc] GC(9660) Pause Young (Normal) (G1 Evacuation Pause) 198M->78M(221M) 1.307ms
[631.474s][info][gc] GC(9661) Pause Young (Normal) (G1 Evacuation Pause) 196M->79M(221M) 1.361ms
[631.519s][info][gc] GC(9662) Pause Young (Normal) (G1 Evacuation Pause) 197M->81M(221M) 1.280ms
[631.564s][info][gc] GC(9663) Pause Young (Concurrent Start) (G1 Evacuation Pause) 197M->81M(221M) 1.206ms
[631.564s][info][gc] GC(9664) Concurrent Mark Cycle
[631.577s][info][gc] GC(9664) Pause Remark 113M->110M(221M) 0.405ms
[631.588s][info][gc] GC(9664) Pause Cleanup 144M->144M(221M) 0.053ms
[631.588s][info][gc] GC(9664) Concurrent Mark Cycle 23.671ms
[631.608s][info][gc] GC(9665) Pause Young (Prepare Mixed) (G1 Evacuation Pause) 195M->78M(221M) 1.333ms
[631.659s][info][gc] GC(9666) Pause Young (Mixed) (G1 Evacuation Pause) 198M->77M(221M) 1.221ms
[631.703s][info][gc] GC(9667) Pause Young (Normal) (G1 Evacuation Pause) 198M->78M(221M) 1.309ms
[631.751s][info][gc] GC(9668) Pause Young (Normal) (G1 Evacuation Pause) 198M->79M(221M) 1.288ms
[631.797s][info][gc] GC(9669) Pause Young (Normal) (G1 Evacuation Pause) 198M->80M(221M) 1.387ms
[631.836s][info][gc] GC(9670) Pause Young (Normal) (G1 Evacuation Pause) 197M->80M(221M) 1.211ms
[631.886s][info][gc] GC(9671) Pause Young (Concurrent Start) (G1 Evacuation Pause) 200M->82M(221M) 1.258ms
[631.886s][info][gc] GC(9672) Concurrent Mark Cycle
[631.903s][info][gc] GC(9672) Pause Remark 117M->117M(221M) 0.398ms
[631.914s][info][gc] GC(9672) Pause Cleanup 145M->145M(221M) 0.063ms
[631.914s][info][gc] GC(9672) Concurrent Mark Cycle 28.135ms
[631.934s][info][gc] GC(9673) Pause Young (Prepare Mixed) (G1 Evacuation Pause) 198M->83M(221M) 1.376ms
[631.975s][info][gc] GC(9674) Pause Young (Mixed) (G1 Evacuation Pause) 198M->81M(221M) 1.184ms
[632.021s][info][gc] GC(9675) Pause Young (Concurrent Start) (G1 Evacuation Pause) 200M->82M(221M) 1.294ms
[632.021s][info][gc] GC(9676) Concurrent Mark Cycle
[632.037s][info][gc] GC(9676) Pause Remark 121M->121M(221M) 0.390ms
[632.049s][info][gc] GC(9676) Pause Cleanup 156M->156M(221M) 0.058ms
[632.049s][info][gc] GC(9676) Concurrent Mark Cycle 28.801ms
[632.066s][info][gc] GC(9677) Pause Young (Prepare Mixed) (G1 Evacuation Pause) 199M->84M(221M) 1.343ms
[632.112s][info][gc] GC(9678) Pause Young (Mixed) (G1 Evacuation Pause) 198M->84M(221M) 1.262ms
[632.158s][info][gc] GC(9679) Pause Young (Concurrent Start) (G1 Evacuation Pause) 198M->85M(221M) 1.327ms
[632.158s][info][gc] GC(9680) Concurrent Mark Cycle
[632.173s][info][gc] GC(9680) Pause Remark 130M->130M(221M) 0.405ms
[632.183s][info][gc] GC(9680) Pause Cleanup 155M->155M(221M) 0.052ms
[632.183s][info][gc] GC(9680) Concurrent Mark Cycle 25.117ms
[632.199s][info][gc] GC(9681) Pause Young (Prepare Mixed) (G1 Evacuation Pause) 198M->86M(221M) 1.319ms
[632.243s][info][gc] GC(9682) Pause Young (Mixed) (G1 Evacuation Pause) 199M->86M(221M) 1.234ms
[632.295s][info][gc] GC(9683) Pause Young (Concurrent Start) (G1 Evacuation Pause) 197M->85M(221M) 1.115ms
[632.296s][info][gc] GC(9684) Concurrent Mark Cycle
[632.309s][info][gc] GC(9684) Pause Remark 104M->104M(221M) 0.405ms
[632.316s][info][gc] GC(9684) Pause Cleanup 119M->119M(221M) 0.101ms
[632.317s][info][gc] GC(9684) Concurrent Mark Cycle 21.023ms
[632.445s][info][gc] GC(9685) Pause Young (Prepare Mixed) (G1 Evacuation Pause) 198M->94M(221M) 1.932ms
[632.476s][info][gc] GC(9686) Pause Young (Mixed) (G1 Evacuation Pause) 192M->97M(221M) 2.091ms
[632.510s][info][gc] GC(9687) Pause Young (Concurrent Start) (G1 Evacuation Pause) 203M->98M(221M) 0.925ms
[632.511s][info][gc] GC(9688) Concurrent Mark Cycle
[632.523s][info][gc] GC(9688) Pause Remark 137M->106M(221M) 0.434ms
[632.531s][info][gc] GC(9688) Pause Cleanup 128M->128M(221M) 0.068ms
[632.531s][info][gc] GC(9688) Concurrent Mark Cycle 20.232ms
[632.544s][info][gc] GC(9689) Pause Young (Prepare Mixed) (G1 Evacuation Pause) 172M->67M(221M) 0.818ms
[632.594s][info][gc] GC(9690) Pause Young (Mixed) (G1 Evacuation Pause) 194M->67M(302M) 1.405ms
[632.653s][info][gc] GC(9691) Pause Young (Normal) (G1 Evacuation Pause) 238M->69M(302M) 1.613ms
[632.716s][info][gc] GC(9692) Pause Young (Normal) (G1 Evacuation Pause) 238M->71M(302M) 1.497ms
[632.769s][info][gc] GC(9693) Pause Young (Normal) (G1 Evacuation Pause) 239M->72M(302M) 1.536ms
[632.832s][info][gc] GC(9694) Pause Young (Normal) (G1 Evacuation Pause) 239M->73M(302M) 1.665ms
[632.887s][info][gc] GC(9695) Pause Young (Normal) (G1 Evacuation Pause) 240M->75M(302M) 1.575ms
[632.947s][info][gc] GC(9696) Pause Young (Normal) (G1 Evacuation Pause) 241M->75M(302M) 1.481ms
[633.002s][info][gc] GC(9697) Pause Young (Normal) (G1 Evacuation Pause) 244M->77M(302M) 1.445ms
[633.059s][info][gc] GC(9698) Pause Young (Normal) (G1 Evacuation Pause) 244M->78M(302M) 1.561ms
[633.121s][info][gc] GC(9699) Pause Young (Normal) (G1 Evacuation Pause) 247M->80M(302M) 1.570ms
[633.176s][info][gc] GC(9700) Pause Young (Normal) (G1 Evacuation Pause) 247M->80M(302M) 1.482ms
[633.238s][info][gc] GC(9701) Pause Young (Normal) (G1 Evacuation Pause) 249M->82M(302M) 1.559ms
[633.292s][info][gc] GC(9702) Pause Young (Normal) (G1 Evacuation Pause) 249M->83M(302M) 1.524ms
[633.358s][info][gc] GC(9703) Pause Young (Normal) (G1 Evacuation Pause) 251M->86M(302M) 1.671ms
[633.411s][info][gc] GC(9704) Pause Young (Normal) (G1 Evacuation Pause) 251M->86M(302M) 1.861ms
[633.476s][info][gc] GC(9705) Pause Young (Normal) (G1 Evacuation Pause) 253M->88M(302M) 1.708ms
[633.526s][info][gc] GC(9706) Pause Young (Normal) (G1 Evacuation Pause) 255M->90M(302M) 1.560ms
[633.586s][info][gc] GC(9707) Pause Young (Normal) (G1 Evacuation Pause) 256M->90M(302M) 1.607ms
[633.644s][info][gc] GC(9708) Pause Young (Normal) (G1 Evacuation Pause) 257M->92M(302M) 1.609ms
[633.704s][info][gc] GC(9709) Pause Young (Normal) (G1 Evacuation Pause) 259M->92M(302M) 1.697ms
[633.763s][info][gc] GC(9710) Pause Young (Normal) (G1 Evacuation Pause) 260M->94M(302M) 1.581ms
[633.824s][info][gc] GC(9711) Pause Young (Normal) (G1 Evacuation Pause) 261M->97M(302M) 1.618ms
[633.881s][info][gc] GC(9712) Pause Young (Normal) (G1 Evacuation Pause) 263M->98M(302M) 1.681ms
[633.939s][info][gc] GC(9713) Pause Young (Normal) (G1 Evacuation Pause) 264M->98M(302M) 1.613ms
[633.998s][info][gc] GC(9714) Pause Young (Normal) (G1 Evacuation Pause) 267M->100M(302M) 1.603ms
[634.052s][info][gc] GC(9715) Pause Young (Normal) (G1 Evacuation Pause) 267M->101M(302M) 1.549ms
[634.115s][info][gc] GC(9716) Pause Young (Normal) (G1 Evacuation Pause) 270M->103M(302M) 1.556ms
[634.168s][info][gc] GC(9717) Pause Young (Normal) (G1 Evacuation Pause) 270M->106M(302M) 1.511ms
[634.230s][info][gc] GC(9718) Pause Young (Normal) (G1 Evacuation Pause) 271M->106M(302M) 1.587ms
[634.285s][info][gc] GC(9719) Pause Young (Normal) (G1 Evacuation Pause) 271M->107M(302M) 1.556ms
[634.346s][info][gc] GC(9720) Pause Young (Normal) (G1 Evacuation Pause) 271M->109M(302M) 1.576ms
[634.398s][info][gc] GC(9721) Pause Young (Normal) (G1 Evacuation Pause) 271M->110M(302M) 1.570ms
[634.453s][info][gc] GC(9722) Pause Young (Normal) (G1 Evacuation Pause) 271M->111M(302M) 1.536ms
[634.512s][info][gc] GC(9723) Pause Young (Concurrent Start) (G1 Evacuation Pause) 273M->114M(302M) 1.633ms
[634.512s][info][gc] GC(9724) Concurrent Mark Cycle
[634.537s][info][gc] GC(9724) Pause Remark 189M->189M(302M) 0.404ms
[634.551s][info][gc] GC(9724) Pause Cleanup 220M->220M(302M) 0.076ms
[634.551s][info][gc] GC(9724) Concurrent Mark Cycle 39.118ms
[634.572s][info][gc] GC(9725) Pause Young (Prepare Mixed) (G1 Evacuation Pause) 270M->114M(302M) 1.822ms
[634.629s][info][gc] GC(9726) Pause Young (Mixed) (G1 Evacuation Pause) 271M->112M(302M) 1.666ms
[634.683s][info][gc] GC(9727) Pause Young (Concurrent Start) (G1 Evacuation Pause) 272M->112M(302M) 1.523ms
[634.683s][info][gc] GC(9728) Concurrent Mark Cycle
[634.702s][info][gc] GC(9728) Pause Remark 156M->156M(302M) 0.500ms
[634.720s][info][gc] GC(9728) Pause Cleanup 215M->215M(302M) 0.061ms
[634.720s][info][gc] GC(9728) Concurrent Mark Cycle 36.899ms
[634.745s][info][gc] GC(9729) Pause Young (Prepare Mixed) (G1 Evacuation Pause) 272M->115M(302M) 1.501ms
[634.796s][info][gc] GC(9730) Pause Young (Mixed) (G1 Evacuation Pause) 271M->113M(302M) 1.539ms
[634.854s][info][gc] GC(9731) Pause Young (Concurrent Start) (G1 Evacuation Pause) 273M->113M(302M) 1.497ms
[634.854s][info][gc] GC(9732) Concurrent Mark Cycle
[634.870s][info][gc] GC(9732) Pause Remark 140M->140M(302M) 0.452ms
[634.888s][info][gc] GC(9732) Pause Cleanup 197M->197M(302M) 0.055ms
[634.888s][info][gc] GC(9732) Concurrent Mark Cycle 33.878ms
[634.911s][info][gc] GC(9733) Pause Young (Prepare Mixed) (G1 Evacuation Pause) 271M->115M(302M) 1.628ms
[634.969s][info][gc] GC(9734) Pause Young (Mixed) (G1 Evacuation Pause) 272M->114M(302M) 1.628ms
[635.026s][info][gc] GC(9735) Pause Young (Concurrent Start) (G1 Evacuation Pause) 270M->116M(302M) 1.676ms
[635.026s][info][gc] GC(9736) Concurrent Mark Cycle
[635.046s][info][gc] GC(9736) Pause Remark 172M->172M(302M) 0.417ms
[635.062s][info][gc] GC(9736) Pause Cleanup 212M->212M(302M) 0.068ms
[635.062s][info][gc] GC(9736) Concurrent Mark Cycle 36.215ms
[635.084s][info][gc] GC(9737) Pause Young (Prepare Mixed) (G1 Evacuation Pause) 270M->117M(302M) 1.611ms
[635.140s][info][gc] GC(9738) Pause Young (Mixed) (G1 Evacuation Pause) 273M->117M(350M) 1.669ms
[635.209s][info][gc] GC(9739) Pause Young (Normal) (G1 Evacuation Pause) 315M->120M(350M) 1.534ms
[635.277s][info][gc] GC(9740) Pause Young (Normal) (G1 Evacuation Pause) 316M->122M(350M) 1.704ms
[635.341s][info][gc] GC(9741) Pause Young (Normal) (G1 Evacuation Pause) 315M->122M(350M) 1.699ms
[635.412s][info][gc] GC(9742) Pause Young (Normal) (G1 Evacuation Pause) 316M->125M(350M) 1.849ms
[635.475s][info][gc] GC(9743) Pause Young (Normal) (G1 Evacuation Pause) 314M->126M(350M) 1.817ms
[635.542s][info][gc] GC(9744) Pause Young (Normal) (G1 Evacuation Pause) 316M->128M(350M) 1.735ms
[635.606s][info][gc] GC(9745) Pause Young (Normal) (G1 Evacuation Pause) 315M->129M(350M) 1.893ms
[635.669s][info][gc] GC(9746) Pause Young (Normal) (G1 Evacuation Pause) 316M->131M(350M) 1.847ms
[635.737s][info][gc] GC(9747) Pause Young (Normal) (G1 Evacuation Pause) 315M->131M(350M) 1.778ms
[635.802s][info][gc] GC(9748) Pause Young (Concurrent Start) (G1 Evacuation Pause) 317M->134M(350M) 1.935ms
[635.802s][info][gc] GC(9749) Concurrent Mark Cycle
[635.831s][info][gc] GC(9749) Pause Remark 208M->208M(350M) 0.418ms
[635.850s][info][gc] GC(9749) Pause Cleanup 255M->255M(350M) 0.069ms
[635.851s][info][gc] GC(9749) Concurrent Mark Cycle 48.206ms
[635.873s][info][gc] GC(9750) Pause Young (Prepare Mixed) (G1 Evacuation Pause) 316M->134M(350M) 1.674ms
[635.940s][info][gc] GC(9751) Pause Young (Mixed) (G1 Evacuation Pause) 317M->136M(350M) 1.939ms
[636.004s][info][gc] GC(9752) Pause Young (Concurrent Start) (G1 Evacuation Pause) 314M->138M(350M) 1.895ms
[636.005s][info][gc] GC(9753) Concurrent Mark Cycle
[636.026s][info][gc] GC(9753) Pause Remark 184M->184M(350M) 0.437ms
[636.048s][info][gc] GC(9753) Pause Cleanup 247M->247M(350M) 0.070ms
[636.049s][info][gc] GC(9753) Concurrent Mark Cycle 44.172ms
[636.073s][info][gc] GC(9754) Pause Young (Prepare Mixed) (G1 Evacuation Pause) 314M->139M(350M) 1.744ms
[636.136s][info][gc] GC(9755) Pause Young (Mixed) (G1 Evacuation Pause) 316M->140M(350M) 2.113ms
[636.198s][info][gc] GC(9756) Pause Young (Concurrent Start) (G1 Evacuation Pause) 316M->142M(350M) 1.633ms
[636.198s][info][gc] GC(9757) Concurrent Mark Cycle
[636.226s][info][gc] GC(9757) Pause Remark 207M->207M(350M) 0.421ms
[636.247s][info][gc] GC(9757) Pause Cleanup 264M->264M(350M) 0.063ms
[636.248s][info][gc] GC(9757) Concurrent Mark Cycle 49.250ms
[636.270s][info][gc] GC(9758) Pause Young (Prepare Mixed) (G1 Evacuation Pause) 316M->144M(350M) 1.771ms
[636.332s][info][gc] GC(9759) Pause Young (Mixed) (G1 Evacuation Pause) 314M->145M(350M) 1.721ms
[636.394s][info][gc] GC(9760) Pause Young (Concurrent Start) (G1 Evacuation Pause) 317M->145M(350M) 1.543ms
[636.394s][info][gc] GC(9761) Concurrent Mark Cycle
[636.418s][info][gc] GC(9761) Pause Remark 198M->198M(350M) 0.427ms
[636.441s][info][gc] GC(9761) Pause Cleanup 259M->259M(350M) 0.067ms
[636.441s][info][gc] GC(9761) Concurrent Mark Cycle 47.023ms
[636.461s][info][gc] GC(9762) Pause Young (Prepare Mixed) (G1 Evacuation Pause) 317M->147M(350M) 1.531ms
[636.521s][info][gc] GC(9763) Pause Young (Mixed) (G1 Evacuation Pause) 317M->147M(387M) 1.826ms
[636.591s][info][gc] GC(9764) Pause Young (Normal) (G1 Evacuation Pause) 352M->149M(387M) 1.777ms
[636.665s][info][gc] GC(9765) Pause Young (Normal) (G1 Evacuation Pause) 350M->152M(387M) 1.862ms
[636.735s][info][gc] GC(9766) Pause Young (Concurrent Start) (G1 Evacuation Pause) 347M->152M(387M) 1.969ms
[636.735s][info][gc] GC(9767) Concurrent Mark Cycle
[636.764s][info][gc] GC(9767) Pause Remark 221M->221M(387M) 0.437ms
[636.784s][info][gc] GC(9767) Pause Cleanup 270M->270M(387M) 0.062ms
[636.784s][info][gc] GC(9767) Concurrent Mark Cycle 48.625ms
[636.810s][info][gc] GC(9768) Pause Young (Prepare Mixed) (G1 Evacuation Pause) 348M->154M(387M) 1.762ms
[636.879s][info][gc] GC(9769) Pause Young (Mixed) (G1 Evacuation Pause) 348M->155M(387M) 1.778ms
[636.947s][info][gc] GC(9770) Pause Young (Concurrent Start) (G1 Evacuation Pause) 348M->157M(387M) 1.799ms
[636.947s][info][gc] GC(9771) Concurrent Mark Cycle
[636.984s][info][gc] GC(9771) Pause Remark 250M->250M(387M) 0.432ms
[637.009s][info][gc] GC(9771) Pause Cleanup 315M->315M(387M) 0.043ms
[637.009s][info][gc] GC(9771) Concurrent Mark Cycle 61.699ms
[637.020s][info][gc] GC(9772) Pause Young (Prepare Mixed) (G1 Evacuation Pause) 352M->158M(387M) 1.659ms
[637.090s][info][gc] GC(9773) Pause Young (Mixed) (G1 Evacuation Pause) 351M->160M(387M) 1.885ms
[637.151s][info][gc] GC(9774) Pause Young (Concurrent Start) (G1 Evacuation Pause) 349M->162M(387M) 1.696ms
[637.151s][info][gc] GC(9775) Concurrent Mark Cycle
[637.181s][info][gc] GC(9775) Pause Remark 242M->242M(387M) 0.425ms
[637.212s][info][gc] GC(9775) Pause Cleanup 313M->313M(387M) 0.072ms
[637.213s][info][gc] GC(9775) Concurrent Mark Cycle 61.458ms
[637.226s][info][gc] GC(9776) Pause Young (Prepare Mixed) (G1 Evacuation Pause) 350M->164M(387M) 1.706ms
[637.290s][info][gc] GC(9777) Pause Young (Mixed) (G1 Evacuation Pause) 350M->164M(387M) 1.879ms
[637.358s][info][gc] GC(9778) Pause Young (Concurrent Start) (G1 Evacuation Pause) 351M->166M(387M) 1.649ms
[637.358s][info][gc] GC(9779) Concurrent Mark Cycle
[637.391s][info][gc] GC(9779) Pause Remark 241M->241M(387M) 0.462ms
[637.419s][info][gc] GC(9779) Pause Cleanup 328M->328M(387M) 0.059ms
[637.419s][info][gc] GC(9779) Concurrent Mark Cycle 60.820ms
[637.427s][info][gc] GC(9780) Pause Young (Prepare Mixed) (G1 Evacuation Pause) 351M->167M(387M) 1.688ms
[637.494s][info][gc] GC(9781) Pause Young (Mixed) (G1 Evacuation Pause) 352M->169M(513M) 1.879ms
[637.594s][info][gc] GC(9782) Pause Young (Normal) (G1 Evacuation Pause) 460M->170M(513M) 2.011ms
[637.695s][info][gc] GC(9783) Pause Young (Normal) (G1 Evacuation Pause) 460M->174M(513M) 1.988ms
[637.794s][info][gc] GC(9784) Pause Young (Normal) (G1 Evacuation Pause) 461M->176M(513M) 2.164ms
[637.894s][info][gc] GC(9785) Pause Young (Normal) (G1 Evacuation Pause) 461M->178M(513M) 2.217ms
[637.993s][info][gc] GC(9786) Pause Young (Normal) (G1 Evacuation Pause) 462M->180M(513M) 2.262ms
[638.088s][info][gc] GC(9787) Pause Young (Normal) (G1 Evacuation Pause) 463M->182M(513M) 2.236ms
[638.184s][info][gc] GC(9788) Pause Young (Normal) (G1 Evacuation Pause) 461M->185M(513M) 2.137ms
[638.286s][info][gc] GC(9789) Pause Young (Normal) (G1 Evacuation Pause) 461M->187M(513M) 2.085ms
[638.384s][info][gc] GC(9790) Pause Young (Normal) (G1 Evacuation Pause) 463M->190M(513M) 2.155ms
[638.481s][info][gc] GC(9791) Pause Young (Normal) (G1 Evacuation Pause) 461M->192M(513M) 2.111ms
[638.572s][info][gc] GC(9792) Pause Young (Normal) (G1 Evacuation Pause) 463M->194M(513M) 2.354ms
[638.675s][info][gc] GC(9793) Pause Young (Normal) (G1 Evacuation Pause) 464M->197M(513M) 2.596ms
[638.766s][info][gc] GC(9794) Pause Young (Concurrent Start) (G1 Evacuation Pause) 463M->199M(513M) 2.212ms
[638.766s][info][gc] GC(9795) Concurrent Mark Cycle
[638.805s][info][gc] GC(9795) Pause Remark 288M->288M(513M) 0.551ms
[638.845s][info][gc] GC(9795) Pause Cleanup 399M->399M(513M) 0.075ms
[638.845s][info][gc] GC(9795) Concurrent Mark Cycle 78.822ms
[638.876s][info][gc] GC(9796) Pause Young (Prepare Mixed) (G1 Evacuation Pause) 466M->203M(513M) 2.078ms
[638.959s][info][gc] GC(9797) Pause Young (Mixed) (G1 Evacuation Pause) 462M->202M(513M) 2.391ms
[639.061s][info][gc] GC(9798) Pause Young (Concurrent Start) (G1 Evacuation Pause) 464M->205M(513M) 2.359ms
[639.061s][info][gc] GC(9799) Concurrent Mark Cycle
[639.105s][info][gc] GC(9799) Pause Remark 317M->317M(513M) 0.478ms
[639.142s][info][gc] GC(9799) Pause Cleanup 395M->395M(513M) 0.060ms
[639.143s][info][gc] GC(9799) Concurrent Mark Cycle 81.683ms
[639.167s][info][gc] GC(9800) Pause Young (Prepare Mixed) (G1 Evacuation Pause) 464M->207M(513M) 2.289ms
[639.274s][info][gc] GC(9801) Pause Young (Mixed) (G1 Evacuation Pause) 464M->208M(513M) 2.905ms
[639.370s][info][gc] GC(9802) Pause Young (Concurrent Start) (G1 Evacuation Pause) 463M->211M(513M) 2.371ms
[639.370s][info][gc] GC(9803) Concurrent Mark Cycle
[639.426s][info][gc] GC(9803) Pause Remark 322M->322M(513M) 0.514ms
[639.464s][info][gc] GC(9803) Pause Cleanup 417M->417M(513M) 0.114ms
[639.464s][info][gc] GC(9803) Concurrent Mark Cycle 93.539ms
[639.483s][info][gc] GC(9804) Pause Young (Prepare Mixed) (G1 Evacuation Pause) 464M->212M(513M) 2.298ms
[639.588s][info][gc] GC(9805) Pause Young (Mixed) (G1 Evacuation Pause) 465M->215M(513M) 2.603ms
[639.673s][info][gc] GC(9806) Pause Young (Concurrent Start) (G1 Evacuation Pause) 464M->216M(513M) 2.255ms
[639.673s][info][gc] GC(9807) Concurrent Mark Cycle
[639.715s][info][gc] GC(9807) Pause Remark 301M->301M(513M) 0.451ms
[639.753s][info][gc] GC(9807) Pause Cleanup 396M->396M(513M) 0.068ms
[639.753s][info][gc] GC(9807) Concurrent Mark Cycle 80.140ms
[639.779s][info][gc] GC(9808) Pause Young (Prepare Mixed) (G1 Evacuation Pause) 466M->219M(513M) 2.041ms
[639.865s][info][gc] GC(9809) Pause Young (Mixed) (G1 Evacuation Pause) 463M->221M(513M) 2.165ms
[639.947s][info][gc] GC(9810) Pause Young (Concurrent Start) (G1 Evacuation Pause) 464M->223M(513M) 2.065ms
[639.947s][info][gc] GC(9811) Concurrent Mark Cycle
[639.995s][info][gc] GC(9811) Pause Remark 343M->343M(513M) 0.427ms
[640.033s][info][gc] GC(9811) Pause Cleanup 450M->450M(513M) 0.061ms
[640.034s][info][gc] GC(9811) Concurrent Mark Cycle 86.112ms
[640.040s][info][gc] GC(9812) Pause Young (Prepare Mixed) (G1 Evacuation Pause) 467M->225M(513M) 2.034ms
[640.120s][info][gc] GC(9813) Pause Young (Mixed) (G1 Evacuation Pause) 463M->226M(598M) 2.097ms
[640.234s][info][gc] GC(9814) Pause Young (Normal) (G1 Evacuation Pause) 548M->229M(598M) 2.142ms
[640.345s][info][gc] GC(9815) Pause Young (Normal) (G1 Evacuation Pause) 545M->231M(598M) 2.069ms
[640.451s][info][gc] GC(9816) Pause Young (Concurrent Start) (G1 Evacuation Pause) 541M->232M(598M) 2.230ms
[640.451s][info][gc] GC(9817) Concurrent Mark Cycle
[640.493s][info][gc] GC(9817) Pause Remark 338M->338M(598M) 0.455ms
[640.530s][info][gc] GC(9817) Pause Cleanup 439M->439M(598M) 0.058ms
[640.530s][info][gc] GC(9817) Concurrent Mark Cycle 79.798ms
[640.571s][info][gc] GC(9818) Pause Young (Prepare Mixed) (G1 Evacuation Pause) 542M->237M(598M) 2.475ms
[640.674s][info][gc] GC(9819) Pause Young (Mixed) (G1 Evacuation Pause) 539M->238M(598M) 2.929ms
[640.782s][info][gc] GC(9820) Pause Young (Concurrent Start) (G1 Evacuation Pause) 541M->240M(598M) 2.476ms
[640.782s][info][gc] GC(9821) Concurrent Mark Cycle
[640.835s][info][gc] GC(9821) Pause Remark 372M->372M(598M) 0.604ms
[640.875s][info][gc] GC(9821) Pause Cleanup 467M->467M(598M) 0.068ms
[640.876s][info][gc] GC(9821) Concurrent Mark Cycle 93.750ms
[640.907s][info][gc] GC(9822) Pause Young (Prepare Mixed) (G1 Evacuation Pause) 540M->243M(598M) 2.903ms
[641.011s][info][gc] GC(9823) Pause Young (Mixed) (G1 Evacuation Pause) 539M->244M(598M) 2.696ms
[641.120s][info][gc] GC(9824) Pause Young (Concurrent Start) (G1 Evacuation Pause) 544M->249M(598M) 2.308ms
[641.120s][info][gc] GC(9825) Concurrent Mark Cycle
[641.174s][info][gc] GC(9825) Pause Remark 378M->378M(598M) 0.491ms
[641.217s][info][gc] GC(9825) Pause Cleanup 489M->489M(598M) 0.073ms
[641.218s][info][gc] GC(9825) Concurrent Mark Cycle 97.177ms
[641.242s][info][gc] GC(9826) Pause Young (Prepare Mixed) (G1 Evacuation Pause) 542M->252M(598M) 2.354ms
[641.339s][info][gc] GC(9827) Pause Young (Mixed) (G1 Evacuation Pause) 542M->252M(598M) 2.377ms
[641.444s][info][gc] GC(9828) Pause Young (Concurrent Start) (G1 Evacuation Pause) 542M->256M(598M) 2.242ms
[641.444s][info][gc] GC(9829) Concurrent Mark Cycle
[641.500s][info][gc] GC(9829) Pause Remark 388M->388M(598M) 0.449ms
[641.543s][info][gc] GC(9829) Pause Cleanup 494M->494M(598M) 0.074ms
[641.543s][info][gc] GC(9829) Concurrent Mark Cycle 98.995ms
[641.562s][info][gc] GC(9830) Pause Young (Prepare Mixed) (G1 Evacuation Pause) 543M->259M(598M) 2.236ms
[641.659s][info][gc] GC(9831) Pause Young (Mixed) (G1 Evacuation Pause) 542M->259M(598M) 2.237ms
[641.760s][info][gc] GC(9832) Pause Young (Concurrent Start) (G1 Evacuation Pause) 544M->262M(598M) 2.156ms
[641.760s][info][gc] GC(9833) Concurrent Mark Cycle
[641.814s][info][gc] GC(9833) Pause Remark 386M->386M(598M) 0.451ms
[641.855s][info][gc] GC(9833) Pause Cleanup 497M->497M(598M) 0.062ms
[641.855s][info][gc] GC(9833) Concurrent Mark Cycle 94.620ms
[641.873s][info][gc] GC(9834) Pause Young (Prepare Mixed) (G1 Evacuation Pause) 544M->265M(598M) 2.458ms
[641.979s][info][gc] GC(9835) Pause Young (Mixed) (G1 Evacuation Pause) 544M->266M(634M) 2.240ms
[642.090s][info][gc] GC(9836) Pause Young (Normal) (G1 Evacuation Pause) 578M->270M(634M) 2.386ms
[642.193s][info][gc] GC(9837) Pause Young (Normal) (G1 Evacuation Pause) 574M->272M(634M) 2.513ms
[642.294s][info][gc] GC(9838) Pause Young (Concurrent Start) (G1 Evacuation Pause) 575M->273M(634M) 2.322ms
[642.294s][info][gc] GC(9839) Concurrent Mark Cycle
[642.344s][info][gc] GC(9839) Pause Remark 396M->396M(634M) 0.425ms
[642.397s][info][gc] GC(9839) Pause Cleanup 545M->545M(634M) 0.069ms
[642.397s][info][gc] GC(9839) Concurrent Mark Cycle 103.024ms
[642.411s][info][gc] GC(9840) Pause Young (Prepare Mixed) (G1 Evacuation Pause) 578M->275M(634M) 2.204ms
[642.516s][info][gc] GC(9841) Pause Young (Mixed) (G1 Evacuation Pause) 576M->279M(634M) 2.403ms
[642.622s][info][gc] GC(9842) Pause Young (Concurrent Start) (G1 Evacuation Pause) 574M->281M(634M) 2.369ms
[642.622s][info][gc] GC(9843) Concurrent Mark Cycle
[642.677s][info][gc] GC(9843) Pause Remark 416M->416M(634M) 0.456ms
[642.728s][info][gc] GC(9843) Pause Cleanup 545M->545M(634M) 0.068ms
[642.728s][info][gc] GC(9843) Concurrent Mark Cycle 105.635ms
[642.743s][info][gc] GC(9844) Pause Young (Prepare Mixed) (G1 Evacuation Pause) 575M->284M(634M) 2.340ms
[642.844s][info][gc] GC(9845) Pause Young (Mixed) (G1 Evacuation Pause) 576M->286M(634M) 2.305ms
[642.945s][info][gc] GC(9846) Pause Young (Concurrent Start) (G1 Evacuation Pause) 578M->288M(634M) 2.187ms
[642.945s][info][gc] GC(9847) Concurrent Mark Cycle
[643.001s][info][gc] GC(9847) Pause Remark 433M->433M(634M) 0.467ms
[643.052s][info][gc] GC(9848) Pause Young (Normal) (G1 Evacuation Pause) 577M->290M(634M) 2.189ms
[643.063s][info][gc] GC(9847) Pause Cleanup 316M->316M(634M) 0.072ms
[643.063s][info][gc] GC(9847) Concurrent Mark Cycle 118.019ms
[643.156s][info][gc] GC(9849) Pause Young (Prepare Mixed) (G1 Evacuation Pause) 578M->294M(634M) 2.383ms
[643.255s][info][gc] GC(9850) Pause Young (Mixed) (G1 Evacuation Pause) 577M->295M(634M) 2.362ms
[643.351s][info][gc] GC(9851) Pause Young (Concurrent Start) (G1 Evacuation Pause) 576M->298M(634M) 2.095ms
[643.351s][info][gc] GC(9852) Concurrent Mark Cycle
[643.425s][info][gc] GC(9852) Pause Remark 496M->496M(634M) 0.450ms
[643.457s][info][gc] GC(9853) Pause Young (Normal) (G1 Evacuation Pause) 578M->300M(634M) 2.244ms
[643.482s][info][gc] GC(9852) Pause Cleanup 363M->363M(634M) 0.063ms
[643.482s][info][gc] GC(9852) Concurrent Mark Cycle 130.975ms
[643.555s][info][gc] GC(9854) Pause Young (Prepare Mixed) (G1 Evacuation Pause) 578M->303M(634M) 2.295ms
[643.656s][info][gc] GC(9855) Pause Young (Mixed) (G1 Evacuation Pause) 578M->304M(634M) 2.524ms
[643.746s][info][gc] GC(9856) Pause Young (Concurrent Start) (G1 Evacuation Pause) 577M->306M(634M) 2.091ms
[643.746s][info][gc] GC(9857) Concurrent Mark Cycle
[643.801s][info][gc] GC(9857) Pause Remark 431M->431M(634M) 0.422ms
[643.856s][info][gc] GC(9858) Pause Young (Normal) (G1 Evacuation Pause) 579M->309M(634M) 2.274ms
[643.861s][info][gc] GC(9857) Pause Cleanup 321M->321M(634M) 0.065ms
[643.861s][info][gc] GC(9857) Concurrent Mark Cycle 115.654ms
[643.951s][info][gc] GC(9859) Pause Young (Prepare Mixed) (G1 Evacuation Pause) 577M->312M(634M) 2.355ms
[644.046s][info][gc] GC(9860) Pause Young (Mixed) (G1 Evacuation Pause) 578M->313M(634M) 2.445ms
[644.148s][info][gc] GC(9861) Pause Young (Concurrent Start) (G1 Evacuation Pause) 581M->315M(634M) 2.139ms
[644.148s][info][gc] GC(9862) Concurrent Mark Cycle
[644.213s][info][gc] GC(9862) Pause Remark 465M->465M(634M) 0.465ms
[644.260s][info][gc] GC(9863) Pause Young (Normal) (G1 Evacuation Pause) 579M->316M(634M) 2.200ms
[644.277s][info][gc] GC(9862) Pause Cleanup 343M->343M(634M) 0.082ms
[644.277s][info][gc] GC(9862) Concurrent Mark Cycle 128.974ms
[644.362s][info][gc] GC(9864) Pause Young (Prepare Mixed) (G1 Evacuation Pause) 580M->320M(634M) 2.206ms
[644.447s][info][gc] GC(9865) Pause Young (Mixed) (G1 Evacuation Pause) 576M->321M(634M) 2.159ms
[644.543s][info][gc] GC(9866) Pause Young (Concurrent Start) (G1 Evacuation Pause) 581M->323M(634M) 2.331ms
[644.543s][info][gc] GC(9867) Concurrent Mark Cycle
[644.610s][info][gc] GC(9867) Pause Remark 503M->503M(634M) 0.436ms
[644.640s][info][gc] GC(9868) Pause Young (Normal) (G1 Evacuation Pause) 579M->325M(634M) 2.163ms
[644.671s][info][gc] GC(9867) Pause Cleanup 398M->398M(634M) 0.069ms
[644.672s][info][gc] GC(9867) Concurrent Mark Cycle 128.657ms
[644.737s][info][gc] GC(9869) Pause Young (Prepare Mixed) (G1 Evacuation Pause) 579M->328M(634M) 2.218ms
[644.823s][info][gc] GC(9870) Pause Young (Mixed) (G1 Evacuation Pause) 578M->330M(634M) 2.065ms
[644.909s][info][gc] GC(9871) Pause Young (Concurrent Start) (G1 Evacuation Pause) 582M->330M(634M) 1.894ms
[644.909s][info][gc] GC(9872) Concurrent Mark Cycle
[644.980s][info][gc] GC(9872) Pause Remark 509M->509M(634M) 0.461ms
[645.009s][info][gc] GC(9873) Pause Young (Normal) (G1 Evacuation Pause) 580M->333M(634M) 2.131ms
[645.044s][info][gc] GC(9872) Pause Cleanup 428M->428M(634M) 0.065ms
[645.044s][info][gc] GC(9872) Concurrent Mark Cycle 135.045ms
[645.100s][info][gc] GC(9874) Pause Young (Prepare Mixed) (G1 Evacuation Pause) 580M->335M(634M) 2.393ms
[645.185s][info][gc] GC(9875) Pause Young (Mixed) (G1 Evacuation Pause) 580M->337M(634M) 2.020ms
[645.267s][info][gc] GC(9876) Pause Young (Concurrent Start) (G1 Evacuation Pause) 578M->339M(634M) 2.125ms
[645.267s][info][gc] GC(9877) Concurrent Mark Cycle
[645.344s][info][gc] GC(9877) Pause Remark 538M->538M(634M) 0.477ms
[645.365s][info][gc] GC(9878) Pause Young (Normal) (G1 Evacuation Pause) 582M->340M(634M) 2.004ms
[645.420s][info][gc] GC(9877) Pause Cleanup 475M->475M(634M) 0.080ms
[645.420s][info][gc] GC(9877) Concurrent Mark Cycle 153.139ms
[645.465s][info][gc] GC(9879) Pause Young (Prepare Mixed) (G1 Evacuation Pause) 581M->342M(634M) 2.240ms
[645.628s][info][gc] GC(9880) Pause Young (Mixed) (G1 Evacuation Pause) 581M->341M(634M) 1.913ms
[646.089s][info][gc] GC(9881) Pause Young (Concurrent Start) (G1 Evacuation Pause) 582M->344M(634M) 1.806ms
[646.089s][info][gc] GC(9882) Concurrent Mark Cycle
[646.095s][info][gc] GC(9882) Pause Remark 348M->102M(330M) 0.561ms
[646.097s][info][gc] GC(9882) Pause Cleanup 103M->103M(330M) 0.089ms
[646.098s][info][gc] GC(9882) Concurrent Mark Cycle 8.897ms
[646.440s][info][gc] GC(9883) Pause Young (Prepare Mixed) (G1 Evacuation Pause) 277M->99M(330M) 1.996ms
[646.801s][info][gc] GC(9884) Pause Young (Mixed) (G1 Evacuation Pause) 283M->75M(330M) 1.846ms
[647.156s][info][gc] GC(9885) Pause Young (Normal) (G1 Evacuation Pause) 260M->76M(330M) 1.477ms
[647.522s][info][gc] GC(9886) Pause Young (Normal) (G1 Evacuation Pause) 260M->78M(330M) 1.566ms
[647.881s][info][gc] GC(9887) Pause Young (Normal) (G1 Evacuation Pause) 260M->80M(330M) 1.875ms
[648.228s][info][gc] GC(9888) Pause Young (Normal) (G1 Evacuation Pause) 262M->81M(330M) 1.928ms
[648.584s][info][gc] GC(9889) Pause Young (Normal) (G1 Evacuation Pause) 264M->82M(330M) 1.387ms
[648.929s][info][gc] GC(9890) Pause Young (Normal) (G1 Evacuation Pause) 266M->84M(330M) 1.444ms
[649.278s][info][gc] GC(9891) Pause Young (Normal) (G1 Evacuation Pause) 266M->85M(330M) 1.584ms
[649.631s][info][gc] GC(9892) Pause Young (Normal) (G1 Evacuation Pause) 268M->87M(330M) 1.476ms
[650.004s][info][gc] GC(9893) Pause Young (Normal) (G1 Evacuation Pause) 270M->88M(330M) 1.576ms
[650.359s][info][gc] GC(9894) Pause Young (Normal) (G1 Evacuation Pause) 271M->90M(330M) 1.606ms
[650.711s][info][gc] GC(9895) Pause Young (Normal) (G1 Evacuation Pause) 273M->92M(330M) 1.546ms
[651.081s][info][gc] GC(9896) Pause Young (Normal) (G1 Evacuation Pause) 275M->94M(330M) 1.504ms
[651.425s][info][gc] GC(9897) Pause Young (Normal) (G1 Evacuation Pause) 276M->96M(330M) 1.507ms
[651.778s][info][gc] GC(9898) Pause Young (Normal) (G1 Evacuation Pause) 278M->97M(330M) 1.570ms
[652.133s][info][gc] GC(9899) Pause Young (Normal) (G1 Evacuation Pause) 280M->98M(330M) 1.522ms
[652.497s][info][gc] GC(9900) Pause Young (Normal) (G1 Evacuation Pause) 281M->100M(330M) 1.512ms
[652.854s][info][gc] GC(9901) Pause Young (Normal) (G1 Evacuation Pause) 283M->101M(330M) 1.380ms
[653.203s][info][gc] GC(9902) Pause Young (Normal) (G1 Evacuation Pause) 284M->103M(330M) 1.609ms
[653.555s][info][gc] GC(9903) Pause Young (Normal) (G1 Evacuation Pause) 286M->104M(330M) 1.489ms
[653.906s][info][gc] GC(9904) Pause Young (Normal) (G1 Evacuation Pause) 287M->105M(330M) 1.581ms
[654.265s][info][gc] GC(9905) Pause Young (Normal) (G1 Evacuation Pause) 288M->107M(330M) 1.512ms
[654.615s][info][gc] GC(9906) Pause Young (Normal) (G1 Evacuation Pause) 290M->109M(330M) 1.539ms
[654.959s][info][gc] GC(9907) Pause Young (Normal) (G1 Evacuation Pause) 291M->110M(330M) 1.524ms
[655.310s][info][gc] GC(9908) Pause Young (Normal) (G1 Evacuation Pause) 293M->112M(330M) 1.467ms
[655.516s][info][gc] GC(9909) Pause Young (Normal) (G1 Evacuation Pause) 295M->119M(330M) 1.878ms
[655.573s][info][gc] GC(9910) Pause Young (Normal) (G1 Evacuation Pause) 291M->121M(330M) 1.930ms
[655.639s][info][gc] GC(9911) Pause Young (Normal) (G1 Evacuation Pause) 297M->123M(330M) 1.783ms
[655.698s][info][gc] GC(9912) Pause Young (Concurrent Start) (G1 Evacuation Pause) 298M->123M(330M) 1.877ms
[655.698s][info][gc] GC(9913) Concurrent Mark Cycle
[655.708s][info][gc] GC(9913) Pause Remark 150M->100M(247M) 0.490ms
[655.711s][info][gc] GC(9913) Pause Cleanup 109M->109M(247M) 0.067ms
[655.711s][info][gc] GC(9913) Concurrent Mark Cycle 12.696ms
[655.755s][info][gc] GC(9914) Pause Young (Prepare Mixed) (G1 Evacuation Pause) 207M->75M(247M) 2.040ms
[655.803s][info][gc] GC(9915) Pause Young (Mixed) (G1 Evacuation Pause) 211M->67M(247M) 1.480ms
[655.847s][info][gc] GC(9916) Pause Young (Normal) (G1 Evacuation Pause) 204M->67M(247M) 1.487ms
[655.908s][info][gc] GC(9917) Pause Young (Normal) (G1 Evacuation Pause) 205M->69M(247M) 1.443ms
[655.953s][info][gc] GC(9918) Pause Young (Normal) (G1 Evacuation Pause) 205M->69M(247M) 1.438ms
[656.007s][info][gc] GC(9919) Pause Young (Normal) (G1 Evacuation Pause) 206M->71M(247M) 1.405ms
[656.053s][info][gc] GC(9920) Pause Young (Normal) (G1 Evacuation Pause) 208M->72M(247M) 1.433ms
[656.098s][info][gc] GC(9921) Pause Young (Normal) (G1 Evacuation Pause) 208M->73M(247M) 1.468ms
[656.156s][info][gc] GC(9922) Pause Young (Normal) (G1 Evacuation Pause) 210M->75M(247M) 1.732ms
[656.203s][info][gc] GC(9923) Pause Young (Normal) (G1 Evacuation Pause) 211M->76M(247M) 1.576ms
[656.248s][info][gc] GC(9924) Pause Young (Normal) (G1 Evacuation Pause) 212M->76M(247M) 1.572ms
[656.302s][info][gc] GC(9925) Pause Young (Normal) (G1 Evacuation Pause) 214M->78M(247M) 1.390ms
[656.348s][info][gc] GC(9926) Pause Young (Normal) (G1 Evacuation Pause) 214M->79M(247M) 1.650ms
[656.404s][info][gc] GC(9927) Pause Young (Normal) (G1 Evacuation Pause) 215M->79M(247M) 1.448ms
[656.455s][info][gc] GC(9928) Pause Young (Normal) (G1 Evacuation Pause) 216M->81M(247M) 1.593ms
[656.496s][info][gc] GC(9929) Pause Young (Normal) (G1 Evacuation Pause) 216M->82M(247M) 1.514ms
[656.551s][info][gc] GC(9930) Pause Young (Normal) (G1 Evacuation Pause) 219M->83M(247M) 1.422ms
[656.599s][info][gc] GC(9931) Pause Young (Normal) (G1 Evacuation Pause) 219M->85M(247M) 1.459ms
[656.644s][info][gc] GC(9932) Pause Young (Normal) (G1 Evacuation Pause) 221M->85M(247M) 1.371ms
[656.697s][info][gc] GC(9933) Pause Young (Concurrent Start) (G1 Evacuation Pause) 222M->87M(247M) 1.368ms
[656.697s][info][gc] GC(9934) Concurrent Mark Cycle
[656.709s][info][gc] GC(9934) Pause Remark 116M->116M(247M) 0.424ms
[656.721s][info][gc] GC(9934) Pause Cleanup 147M->147M(247M) 0.077ms
[656.721s][info][gc] GC(9934) Concurrent Mark Cycle 24.117ms
[656.744s][info][gc] GC(9935) Pause Young (Prepare Mixed) (G1 Evacuation Pause) 219M->88M(247M) 1.449ms
[656.798s][info][gc] GC(9936) Pause Young (Mixed) (G1 Evacuation Pause) 221M->84M(247M) 1.520ms
[656.846s][info][gc] GC(9937) Pause Young (Normal) (G1 Evacuation Pause) 221M->86M(247M) 1.415ms
[656.891s][info][gc] GC(9938) Pause Young (Normal) (G1 Evacuation Pause) 219M->87M(247M) 1.492ms
[656.947s][info][gc] GC(9939) Pause Young (Normal) (G1 Evacuation Pause) 222M->88M(247M) 1.540ms
[656.990s][info][gc] GC(9940) Pause Young (Concurrent Start) (G1 Evacuation Pause) 220M->90M(247M) 1.437ms
[656.990s][info][gc] GC(9941) Concurrent Mark Cycle
[657.013s][info][gc] GC(9941) Pause Remark 146M->146M(247M) 0.429ms
[657.024s][info][gc] GC(9941) Pause Cleanup 181M->181M(247M) 0.068ms
[657.025s][info][gc] GC(9941) Concurrent Mark Cycle 34.327ms
[657.039s][info][gc] GC(9942) Pause Young (Prepare Mixed) (G1 Evacuation Pause) 222M->90M(247M) 1.247ms
[657.097s][info][gc] GC(9943) Pause Young (Mixed) (G1 Evacuation Pause) 224M->90M(247M) 1.413ms
[657.145s][info][gc] GC(9944) Pause Young (Concurrent Start) (G1 Evacuation Pause) 222M->92M(247M) 1.518ms
[657.145s][info][gc] GC(9945) Concurrent Mark Cycle
[657.166s][info][gc] GC(9945) Pause Remark 164M->164M(247M) 0.548ms
[657.180s][info][gc] GC(9945) Pause Cleanup 196M->196M(247M) 0.058ms
[657.180s][info][gc] GC(9945) Concurrent Mark Cycle 34.802ms
[657.194s][info][gc] GC(9946) Pause Young (Prepare Mixed) (G1 Evacuation Pause) 221M->91M(247M) 1.337ms
[657.245s][info][gc] GC(9947) Pause Young (Mixed) (G1 Evacuation Pause) 224M->92M(247M) 1.427ms
[657.289s][info][gc] GC(9948) Pause Young (Concurrent Start) (G1 Evacuation Pause) 221M->93M(247M) 1.431ms
[657.289s][info][gc] GC(9949) Concurrent Mark Cycle
[657.308s][info][gc] GC(9949) Pause Remark 146M->146M(247M) 0.440ms
[657.321s][info][gc] GC(9949) Pause Cleanup 172M->172M(247M) 0.054ms
[657.321s][info][gc] GC(9949) Concurrent Mark Cycle 32.106ms
[657.357s][info][gc] GC(9950) Pause Young (Prepare Mixed) (G1 Evacuation Pause) 222M->90M(247M) 1.129ms
[657.533s][info][gc] GC(9951) Pause Young (Mixed) (G1 Evacuation Pause) 225M->94M(247M) 1.635ms
[657.572s][info][gc] GC(9952) Pause Young (Concurrent Start) (G1 Evacuation Pause) 221M->94M(247M) 1.426ms
[657.572s][info][gc] GC(9953) Concurrent Mark Cycle
[657.580s][info][gc] GC(9953) Pause Remark 108M->77M(217M) 0.419ms
[657.586s][info][gc] GC(9953) Pause Cleanup 92M->92M(217M) 0.052ms
[657.586s][info][gc] GC(9953) Concurrent Mark Cycle 13.873ms
[657.617s][info][gc] GC(9954) Pause Young (Prepare Mixed) (G1 Evacuation Pause) 191M->65M(217M) 1.498ms
[657.671s][info][gc] GC(9955) Pause Young (Mixed) (G1 Evacuation Pause) 184M->64M(217M) 1.595ms
[657.713s][info][gc] GC(9956) Pause Young (Normal) (G1 Evacuation Pause) 184M->64M(217M) 1.299ms
[657.752s][info][gc] GC(9957) Pause Young (Normal) (G1 Evacuation Pause) 184M->66M(217M) 1.530ms
[657.804s][info][gc] GC(9958) Pause Young (Normal) (G1 Evacuation Pause) 186M->67M(217M) 1.623ms
[657.842s][info][gc] GC(9959) Pause Young (Normal) (G1 Evacuation Pause) 186M->68M(217M) 1.321ms
[657.886s][info][gc] GC(9960) Pause Young (Normal) (G1 Evacuation Pause) 188M->68M(217M) 1.453ms
[657.938s][info][gc] GC(9961) Pause Young (Normal) (G1 Evacuation Pause) 187M->69M(217M) 1.455ms
[657.981s][info][gc] GC(9962) Pause Young (Normal) (G1 Evacuation Pause) 188M->70M(217M) 1.617ms
[658.021s][info][gc] GC(9963) Pause Young (Normal) (G1 Evacuation Pause) 190M->72M(250M) 1.481ms
[658.082s][info][gc] GC(9964) Pause Young (Normal) (G1 Evacuation Pause) 212M->73M(250M) 1.619ms
[658.127s][info][gc] GC(9965) Pause Young (Normal) (G1 Evacuation Pause) 211M->74M(250M) 1.478ms
[658.175s][info][gc] GC(9966) Pause Young (Normal) (G1 Evacuation Pause) 212M->73M(250M) 1.340ms
[658.229s][info][gc] GC(9967) Pause Young (Normal) (G1 Evacuation Pause) 214M->76M(250M) 1.442ms
[658.274s][info][gc] GC(9968) Pause Young (Normal) (G1 Evacuation Pause) 214M->77M(250M) 1.478ms
[658.330s][info][gc] GC(9969) Pause Young (Normal) (G1 Evacuation Pause) 216M->78M(250M) 1.430ms
[658.375s][info][gc] GC(9970) Pause Young (Normal) (G1 Evacuation Pause) 216M->80M(250M) 1.418ms
[658.418s][info][gc] GC(9971) Pause Young (Normal) (G1 Evacuation Pause) 217M->80M(250M) 1.333ms
[658.476s][info][gc] GC(9972) Pause Young (Normal) (G1 Evacuation Pause) 220M->82M(250M) 1.504ms
[658.518s][info][gc] GC(9973) Pause Young (Normal) (G1 Evacuation Pause) 220M->83M(250M) 1.485ms
[658.568s][info][gc] GC(9974) Pause Young (Normal) (G1 Evacuation Pause) 221M->83M(250M) 1.436ms
[658.620s][info][gc] GC(9975) Pause Young (Normal) (G1 Evacuation Pause) 223M->85M(250M) 1.491ms
[658.663s][info][gc] GC(9976) Pause Young (Normal) (G1 Evacuation Pause) 223M->86M(250M) 1.448ms
[658.716s][info][gc] GC(9977) Pause Young (Normal) (G1 Evacuation Pause) 226M->87M(250M) 1.418ms
[658.764s][info][gc] GC(9978) Pause Young (Normal) (G1 Evacuation Pause) 225M->88M(250M) 1.465ms
[658.811s][info][gc] GC(9979) Pause Young (Concurrent Start) (G1 Evacuation Pause) 223M->88M(250M) 1.392ms
[658.811s][info][gc] GC(9980) Concurrent Mark Cycle
[658.826s][info][gc] GC(9980) Pause Remark 116M->112M(250M) 0.416ms
[658.833s][info][gc] GC(9980) Pause Cleanup 126M->126M(250M) 0.055ms
[658.833s][info][gc] GC(9980) Concurrent Mark Cycle 21.535ms
[658.864s][info][gc] GC(9981) Pause Young (Prepare Mixed) (G1 Evacuation Pause) 220M->86M(250M) 1.412ms
[658.913s][info][gc] GC(9982) Pause Young (Mixed) (G1 Evacuation Pause) 223M->84M(250M) 1.544ms
[658.963s][info][gc] GC(9983) Pause Young (Normal) (G1 Evacuation Pause) 222M->85M(250M) 1.320ms
[659.013s][info][gc] GC(9984) Pause Young (Normal) (G1 Evacuation Pause) 224M->86M(250M) 1.469ms
[659.054s][info][gc] GC(9985) Pause Young (Normal) (G1 Evacuation Pause) 224M->87M(250M) 1.523ms
[659.110s][info][gc] GC(9986) Pause Young (Normal) (G1 Evacuation Pause) 226M->89M(250M) 1.497ms
[659.155s][info][gc] GC(9987) Pause Young (Normal) (G1 Evacuation Pause) 222M->91M(250M) 1.519ms
[659.202s][info][gc] GC(9988) Pause Young (Concurrent Start) (G1 Evacuation Pause) 224M->91M(250M) 1.429ms
[659.202s][info][gc] GC(9989) Concurrent Mark Cycle
[659.219s][info][gc] GC(9989) Pause Remark 128M->128M(250M) 0.496ms
[659.231s][info][gc] GC(9989) Pause Cleanup 167M->167M(250M) 0.065ms
[659.231s][info][gc] GC(9989) Concurrent Mark Cycle 28.897ms
[659.253s][info][gc] GC(9990) Pause Young (Prepare Mixed) (G1 Evacuation Pause) 225M->93M(250M) 1.433ms
[659.294s][info][gc] GC(9991) Pause Young (Mixed) (G1 Evacuation Pause) 224M->92M(250M) 1.418ms
[659.352s][info][gc] GC(9992) Pause Young (Concurrent Start) (G1 Evacuation Pause) 226M->90M(250M) 1.109ms
[659.352s][info][gc] GC(9993) Concurrent Mark Cycle
[659.364s][info][gc] GC(9993) Pause Remark 106M->106M(250M) 0.429ms
[659.372s][info][gc] GC(9993) Pause Cleanup 121M->121M(250M) 0.050ms
[659.372s][info][gc] GC(9993) Concurrent Mark Cycle 20.323ms
[659.525s][info][gc] GC(9994) Pause Young (Prepare Mixed) (G1 Evacuation Pause) 228M->95M(250M) 1.585ms
[659.565s][info][gc] GC(9995) Pause Young (Mixed) (G1 Evacuation Pause) 221M->95M(250M) 1.631ms
[659.608s][info][gc] GC(9996) Pause Young (Concurrent Start) (G1 Evacuation Pause) 223M->96M(250M) 1.573ms
[659.608s][info][gc] GC(9997) Concurrent Mark Cycle
[659.617s][info][gc] GC(9997) Pause Remark 127M->95M(217M) 0.471ms
[659.621s][info][gc] GC(9997) Pause Cleanup 106M->106M(217M) 0.062ms
[659.621s][info][gc] GC(9997) Concurrent Mark Cycle 12.829ms
[659.666s][info][gc] GC(9998) Pause Young (Prepare Mixed) (G1 Evacuation Pause) 183M->65M(217M) 1.627ms
[659.703s][info][gc] GC(9999) Pause Young (Mixed) (G1 Evacuation Pause) 185M->64M(217M) 1.450ms
[659.746s][info][gc] GC(10000) Pause Young (Normal) (G1 Evacuation Pause) 184M->64M(217M) 1.368ms
[659.800s][info][gc] GC(10001) Pause Young (Normal) (G1 Evacuation Pause) 184M->65M(217M) 1.554ms
[659.840s][info][gc] GC(10002) Pause Young (Normal) (G1 Evacuation Pause) 185M->66M(217M) 1.560ms
[659.883s][info][gc] GC(10003) Pause Young (Normal) (G1 Evacuation Pause) 185M->67M(250M) 1.580ms
[659.948s][info][gc] GC(10004) Pause Young (Normal) (G1 Evacuation Pause) 207M->68M(250M) 1.351ms
[659.994s][info][gc] GC(10005) Pause Young (Normal) (G1 Evacuation Pause) 207M->69M(250M) 1.434ms
[660.042s][info][gc] GC(10006) Pause Young (Normal) (G1 Evacuation Pause) 208M->69M(250M) 1.543ms
[660.095s][info][gc] GC(10007) Pause Young (Normal) (G1 Evacuation Pause) 208M->71M(250M) 1.698ms
[660.146s][info][gc] GC(10008) Pause Young (Normal) (G1 Evacuation Pause) 209M->74M(250M) 1.541ms
[660.191s][info][gc] GC(10009) Pause Young (Normal) (G1 Evacuation Pause) 211M->73M(250M) 1.475ms
[660.243s][info][gc] GC(10010) Pause Young (Normal) (G1 Evacuation Pause) 213M->75M(250M) 1.524ms
[660.287s][info][gc] GC(10011) Pause Young (Normal) (G1 Evacuation Pause) 213M->77M(250M) 1.513ms
[660.344s][info][gc] GC(10012) Pause Young (Normal) (G1 Evacuation Pause) 215M->77M(250M) 1.497ms
[660.393s][info][gc] GC(10013) Pause Young (Normal) (G1 Evacuation Pause) 217M->78M(250M) 1.500ms
[660.441s][info][gc] GC(10014) Pause Young (Normal) (G1 Evacuation Pause) 216M->79M(250M) 1.504ms
[660.491s][info][gc] GC(10015) Pause Young (Normal) (G1 Evacuation Pause) 217M->81M(250M) 1.583ms
[660.536s][info][gc] GC(10016) Pause Young (Normal) (G1 Evacuation Pause) 219M->82M(250M) 1.526ms
[660.592s][info][gc] GC(10017) Pause Young (Normal) (G1 Evacuation Pause) 220M->82M(250M) 1.523ms
[660.639s][info][gc] GC(10018) Pause Young (Normal) (G1 Evacuation Pause) 222M->84M(250M) 1.475ms
[660.683s][info][gc] GC(10019) Pause Young (Normal) (G1 Evacuation Pause) 222M->85M(250M) 1.377ms
[660.744s][info][gc] GC(10020) Pause Young (Normal) (G1 Evacuation Pause) 224M->87M(250M) 1.545ms
[660.790s][info][gc] GC(10021) Pause Young (Normal) (G1 Evacuation Pause) 223M->88M(250M) 1.645ms
[660.836s][info][gc] GC(10022) Pause Young (Normal) (G1 Evacuation Pause) 224M->88M(250M) 1.641ms
[660.896s][info][gc] GC(10023) Pause Young (Concurrent Start) (G1 Evacuation Pause) 225M->90M(250M) 1.523ms
[660.896s][info][gc] GC(10024) Concurrent Mark Cycle
[660.911s][info][gc] GC(10024) Pause Remark 128M->127M(250M) 0.479ms
[660.923s][info][gc] GC(10024) Pause Cleanup 159M->159M(250M) 0.062ms
[660.923s][info][gc] GC(10024) Concurrent Mark Cycle 27.175ms
[660.945s][info][gc] GC(10025) Pause Young (Prepare Mixed) (G1 Evacuation Pause) 222M->90M(250M) 1.696ms
[660.998s][info][gc] GC(10026) Pause Young (Mixed) (G1 Evacuation Pause) 225M->87M(250M) 1.312ms
[661.050s][info][gc] GC(10027) Pause Young (Normal) (G1 Evacuation Pause) 225M->88M(250M) 1.455ms
[661.097s][info][gc] GC(10028) Pause Young (Normal) (G1 Evacuation Pause) 224M->89M(250M) 1.494ms
[661.151s][info][gc] GC(10029) Pause Young (Normal) (G1 Evacuation Pause) 225M->91M(250M) 1.566ms
[661.195s][info][gc] GC(10030) Pause Young (Concurrent Start) (G1 Evacuation Pause) 224M->92M(250M) 1.414ms
[661.195s][info][gc] GC(10031) Concurrent Mark Cycle
[661.214s][info][gc] GC(10031) Pause Remark 146M->146M(250M) 0.437ms
[661.230s][info][gc] GC(10031) Pause Cleanup 179M->179M(250M) 0.071ms
[661.230s][info][gc] GC(10031) Concurrent Mark Cycle 35.175ms
[661.249s][info][gc] GC(10032) Pause Young (Prepare Mixed) (G1 Evacuation Pause) 226M->93M(250M) 1.575ms
[661.299s][info][gc] GC(10033) Pause Young (Mixed) (G1 Evacuation Pause) 225M->91M(250M) 1.497ms
[661.345s][info][gc] GC(10034) Pause Young (Concurrent Start) (G1 Evacuation Pause) 225M->92M(250M) 1.456ms
[661.345s][info][gc] GC(10035) Concurrent Mark Cycle
[661.362s][info][gc] GC(10035) Pause Remark 129M->129M(250M) 0.439ms
[661.373s][info][gc] GC(10035) Pause Cleanup 158M->158M(250M) 0.066ms
[661.373s][info][gc] GC(10035) Concurrent Mark Cycle 27.526ms
[661.404s][info][gc] GC(10036) Pause Young (Prepare Mixed) (G1 Evacuation Pause) 225M->91M(250M) 1.234ms
[661.573s][info][gc] GC(10037) Pause Young (Mixed) (G1 Evacuation Pause) 227M->95M(250M) 1.632ms
[661.615s][info][gc] GC(10038) Pause Young (Concurrent Start) (G1 Evacuation Pause) 222M->97M(250M) 1.498ms
[661.615s][info][gc] GC(10039) Concurrent Mark Cycle
[661.626s][info][gc] GC(10039) Pause Remark 135M->103M(224M) 0.459ms
[661.629s][info][gc] GC(10039) Pause Cleanup 115M->115M(224M) 0.053ms
[661.630s][info][gc] GC(10039) Concurrent Mark Cycle 14.883ms
[661.654s][info][gc] GC(10040) Pause Young (Prepare Mixed) (G1 Evacuation Pause) 191M->65M(224M) 1.500ms
[661.709s][info][gc] GC(10041) Pause Young (Mixed) (G1 Evacuation Pause) 189M->63M(224M) 1.368ms
[661.748s][info][gc] GC(10042) Pause Young (Normal) (G1 Evacuation Pause) 188M->64M(224M) 1.358ms
[661.789s][info][gc] GC(10043) Pause Young (Normal) (G1 Evacuation Pause) 187M->65M(224M) 1.280ms
[661.839s][info][gc] GC(10044) Pause Young (Normal) (G1 Evacuation Pause) 189M->67M(224M) 1.471ms
[661.881s][info][gc] GC(10045) Pause Young (Normal) (G1 Evacuation Pause) 189M->67M(224M) 1.442ms
[661.923s][info][gc] GC(10046) Pause Young (Normal) (G1 Evacuation Pause) 191M->68M(224M) 1.544ms
[661.971s][info][gc] GC(10047) Pause Young (Normal) (G1 Evacuation Pause) 192M->69M(224M) 1.272ms
[662.012s][info][gc] GC(10048) Pause Young (Normal) (G1 Evacuation Pause) 192M->70M(224M) 1.401ms
[662.053s][info][gc] GC(10049) Pause Young (Normal) (G1 Evacuation Pause) 193M->70M(224M) 1.247ms
[662.102s][info][gc] GC(10050) Pause Young (Normal) (G1 Evacuation Pause) 195M->72M(224M) 1.299ms
[662.146s][info][gc] GC(10051) Pause Young (Normal) (G1 Evacuation Pause) 195M->73M(224M) 1.433ms
[662.190s][info][gc] GC(10052) Pause Young (Normal) (G1 Evacuation Pause) 196M->73M(224M) 1.328ms
[662.233s][info][gc] GC(10053) Pause Young (Normal) (G1 Evacuation Pause) 198M->75M(224M) 1.322ms
[662.272s][info][gc] GC(10054) Pause Young (Normal) (G1 Evacuation Pause) 198M->76M(224M) 1.359ms
[662.316s][info][gc] GC(10055) Pause Young (Normal) (G1 Evacuation Pause) 199M->75M(224M) 1.234ms
[662.364s][info][gc] GC(10056) Pause Young (Normal) (G1 Evacuation Pause) 200M->78M(224M) 1.378ms
[662.404s][info][gc] GC(10057) Pause Young (Normal) (G1 Evacuation Pause) 199M->79M(224M) 1.241ms
[662.446s][info][gc] GC(10058) Pause Young (Concurrent Start) (G1 Evacuation Pause) 200M->78M(224M) 1.238ms
[662.446s][info][gc] GC(10059) Concurrent Mark Cycle
[662.459s][info][gc] GC(10059) Pause Remark 98M->91M(224M) 0.437ms
[662.466s][info][gc] GC(10059) Pause Cleanup 110M->110M(224M) 0.062ms
[662.466s][info][gc] GC(10059) Concurrent Mark Cycle 20.064ms
[662.497s][info][gc] GC(10060) Pause Young (Prepare Mixed) (G1 Evacuation Pause) 195M->76M(224M) 1.399ms
[662.535s][info][gc] GC(10061) Pause Young (Mixed) (G1 Evacuation Pause) 198M->73M(224M) 1.305ms
[662.582s][info][gc] GC(10062) Pause Young (Normal) (G1 Evacuation Pause) 197M->73M(224M) 1.244ms
[662.627s][info][gc] GC(10063) Pause Young (Normal) (G1 Evacuation Pause) 198M->75M(224M) 1.312ms
[662.668s][info][gc] GC(10064) Pause Young (Normal) (G1 Evacuation Pause) 198M->76M(224M) 1.342ms
[662.714s][info][gc] GC(10065) Pause Young (Normal) (G1 Evacuation Pause) 200M->76M(224M) 1.265ms
[662.757s][info][gc] GC(10066) Pause Young (Normal) (G1 Evacuation Pause) 200M->78M(224M) 1.453ms
[662.797s][info][gc] GC(10067) Pause Young (Normal) (G1 Evacuation Pause) 200M->79M(224M) 1.339ms
[662.841s][info][gc] GC(10068) Pause Young (Normal) (G1 Evacuation Pause) 201M->79M(224M) 1.212ms
[662.883s][info][gc] GC(10069) Pause Young (Concurrent Start) (G1 Evacuation Pause) 202M->81M(224M) 1.476ms
[662.883s][info][gc] GC(10070) Concurrent Mark Cycle
[662.898s][info][gc] GC(10070) Pause Remark 120M->120M(224M) 0.405ms
[662.906s][info][gc] GC(10070) Pause Cleanup 134M->134M(224M) 0.053ms
[662.906s][info][gc] GC(10070) Concurrent Mark Cycle 22.959ms
[662.926s][info][gc] GC(10071) Pause Young (Prepare Mixed) (G1 Evacuation Pause) 200M->82M(224M) 1.324ms
[662.971s][info][gc] GC(10072) Pause Young (Mixed) (G1 Evacuation Pause) 201M->82M(224M) 1.244ms
[663.016s][info][gc] GC(10073) Pause Young (Concurrent Start) (G1 Evacuation Pause) 201M->84M(224M) 1.439ms
[663.016s][info][gc] GC(10074) Concurrent Mark Cycle
[663.030s][info][gc] GC(10074) Pause Remark 127M->127M(224M) 0.433ms
[663.039s][info][gc] GC(10074) Pause Cleanup 157M->157M(224M) 0.048ms
[663.039s][info][gc] GC(10074) Concurrent Mark Cycle 22.757ms
[663.055s][info][gc] GC(10075) Pause Young (Prepare Mixed) (G1 Evacuation Pause) 198M->84M(224M) 1.435ms
[663.100s][info][gc] GC(10076) Pause Young (Mixed) (G1 Evacuation Pause) 201M->84M(224M) 1.205ms
[663.141s][info][gc] GC(10077) Pause Young (Concurrent Start) (G1 Evacuation Pause) 202M->86M(224M) 1.447ms
[663.141s][info][gc] GC(10078) Concurrent Mark Cycle
[663.158s][info][gc] GC(10078) Pause Remark 137M->137M(224M) 0.411ms
[663.167s][info][gc] GC(10078) Pause Cleanup 165M->165M(224M) 0.050ms
[663.167s][info][gc] GC(10078) Concurrent Mark Cycle 26.291ms
[663.184s][info][gc] GC(10079) Pause Young (Prepare Mixed) (G1 Evacuation Pause) 201M->87M(224M) 1.455ms
[663.227s][info][gc] GC(10080) Pause Young (Mixed) (G1 Evacuation Pause) 201M->87M(224M) 1.576ms
[663.268s][info][gc] GC(10081) Pause Young (Concurrent Start) (G1 Evacuation Pause) 200M->89M(224M) 1.430ms
[663.268s][info][gc] GC(10082) Concurrent Mark Cycle
[663.283s][info][gc] GC(10082) Pause Remark 121M->121M(224M) 0.443ms
[663.293s][info][gc] GC(10082) Pause Cleanup 153M->153M(224M) 0.053ms
[663.294s][info][gc] GC(10082) Concurrent Mark Cycle 25.611ms
[663.309s][info][gc] GC(10083) Pause Young (Prepare Mixed) (G1 Evacuation Pause) 201M->90M(224M) 1.250ms
[663.349s][info][gc] GC(10084) Pause Young (Mixed) (G1 Evacuation Pause) 201M->88M(303M) 1.179ms
[663.552s][info][gc] GC(10085) Pause Young (Normal) (G1 Evacuation Pause) 261M->92M(303M) 1.472ms
[663.606s][info][gc] GC(10086) Pause Young (Normal) (G1 Evacuation Pause) 261M->94M(303M) 1.693ms
[663.665s][info][gc] GC(10087) Pause Young (Normal) (G1 Evacuation Pause) 261M->93M(303M) 1.525ms
[663.725s][info][gc] GC(10088) Pause Young (Normal) (G1 Evacuation Pause) 262M->97M(303M) 1.600ms
[663.777s][info][gc] GC(10089) Pause Young (Normal) (G1 Evacuation Pause) 261M->96M(303M) 1.706ms
[663.836s][info][gc] GC(10090) Pause Young (Normal) (G1 Evacuation Pause) 267M->99M(303M) 1.475ms
[663.891s][info][gc] GC(10091) Pause Young (Normal) (G1 Evacuation Pause) 267M->100M(303M) 1.516ms
[663.956s][info][gc] GC(10092) Pause Young (Normal) (G1 Evacuation Pause) 267M->101M(303M) 1.528ms
[664.010s][info][gc] GC(10093) Pause Young (Normal) (G1 Evacuation Pause) 268M->103M(303M) 1.577ms
[664.074s][info][gc] GC(10094) Pause Young (Normal) (G1 Evacuation Pause) 270M->105M(303M) 1.702ms
[664.128s][info][gc] GC(10095) Pause Young (Normal) (G1 Evacuation Pause) 271M->106M(303M) 1.557ms
[664.193s][info][gc] GC(10096) Pause Young (Normal) (G1 Evacuation Pause) 273M->107M(303M) 1.672ms
[664.247s][info][gc] GC(10097) Pause Young (Normal) (G1 Evacuation Pause) 273M->109M(303M) 1.513ms
[664.306s][info][gc] GC(10098) Pause Young (Normal) (G1 Evacuation Pause) 273M->109M(303M) 1.485ms
[664.364s][info][gc] GC(10099) Pause Young (Normal) (G1 Evacuation Pause) 274M->112M(303M) 1.679ms
[664.421s][info][gc] GC(10100) Pause Young (Normal) (G1 Evacuation Pause) 271M->112M(303M) 1.539ms
[664.475s][info][gc] GC(10101) Pause Young (Concurrent Start) (G1 Evacuation Pause) 274M->115M(303M) 1.535ms
[664.475s][info][gc] GC(10102) Concurrent Mark Cycle
[664.488s][info][gc] GC(10102) Pause Remark 158M->128M(287M) 0.424ms
[664.497s][info][gc] GC(10102) Pause Cleanup 152M->152M(287M) 0.059ms
[664.497s][info][gc] GC(10102) Concurrent Mark Cycle 22.363ms
[664.526s][info][gc] GC(10103) Pause Young (Prepare Mixed) (G1 Evacuation Pause) 241M->84M(287M) 1.450ms
[664.586s][info][gc] GC(10104) Pause Young (Mixed) (G1 Evacuation Pause) 244M->82M(287M) 1.520ms
[664.639s][info][gc] GC(10105) Pause Young (Normal) (G1 Evacuation Pause) 240M->84M(287M) 1.624ms
[664.701s][info][gc] GC(10106) Pause Young (Normal) (G1 Evacuation Pause) 242M->85M(287M) 1.630ms
[664.753s][info][gc] GC(10107) Pause Young (Normal) (G1 Evacuation Pause) 244M->86M(287M) 1.506ms
[664.815s][info][gc] GC(10108) Pause Young (Normal) (G1 Evacuation Pause) 246M->88M(287M) 1.504ms
[664.866s][info][gc] GC(10109) Pause Young (Normal) (G1 Evacuation Pause) 247M->90M(287M) 1.546ms
[664.920s][info][gc] GC(10110) Pause Young (Normal) (G1 Evacuation Pause) 247M->89M(287M) 1.650ms
[664.981s][info][gc] GC(10111) Pause Young (Normal) (G1 Evacuation Pause) 250M->92M(287M) 1.546ms
[665.033s][info][gc] GC(10112) Pause Young (Normal) (G1 Evacuation Pause) 250M->93M(287M) 1.572ms
[665.089s][info][gc] GC(10113) Pause Young (Normal) (G1 Evacuation Pause) 253M->94M(287M) 1.450ms
[665.140s][info][gc] GC(10114) Pause Young (Normal) (G1 Evacuation Pause) 252M->95M(287M) 1.503ms
[665.200s][info][gc] GC(10115) Pause Young (Normal) (G1 Evacuation Pause) 255M->96M(287M) 1.488ms
[665.254s][info][gc] GC(10116) Pause Young (Normal) (G1 Evacuation Pause) 255M->98M(287M) 1.571ms
[665.320s][info][gc] GC(10117) Pause Young (Normal) (G1 Evacuation Pause) 256M->96M(287M) 1.291ms
[665.516s][info][gc] GC(10118) Pause Young (Normal) (G1 Evacuation Pause) 259M->102M(287M) 1.670ms
[665.565s][info][gc] GC(10119) Pause Young (Normal) (G1 Evacuation Pause) 255M->103M(287M) 1.542ms
[665.627s][info][gc] GC(10120) Pause Young (Normal) (G1 Evacuation Pause) 259M->104M(287M) 1.684ms
[665.681s][info][gc] GC(10121) Pause Young (Concurrent Start) (G1 Evacuation Pause) 258M->106M(287M) 1.575ms
[665.681s][info][gc] GC(10122) Concurrent Mark Cycle
[665.693s][info][gc] GC(10122) Pause Remark 143M->106M(234M) 0.527ms
[665.698s][info][gc] GC(10122) Pause Cleanup 118M->118M(234M) 0.069ms
[665.698s][info][gc] GC(10122) Concurrent Mark Cycle 16.995ms
[665.731s][info][gc] GC(10123) Pause Young (Prepare Mixed) (G1 Evacuation Pause) 219M->68M(234M) 1.617ms
[665.786s][info][gc] GC(10124) Pause Young (Mixed) (G1 Evacuation Pause) 198M->68M(234M) 1.608ms
[665.830s][info][gc] GC(10125) Pause Young (Normal) (G1 Evacuation Pause) 195M->68M(234M) 1.402ms
[665.873s][info][gc] GC(10126) Pause Young (Normal) (G1 Evacuation Pause) 197M->68M(234M) 1.312ms
[665.928s][info][gc] GC(10127) Pause Young (Normal) (G1 Evacuation Pause) 199M->71M(234M) 1.404ms
[665.969s][info][gc] GC(10128) Pause Young (Normal) (G1 Evacuation Pause) 199M->72M(234M) 1.448ms
[666.019s][info][gc] GC(10129) Pause Young (Normal) (G1 Evacuation Pause) 202M->72M(234M) 1.237ms
[666.067s][info][gc] GC(10130) Pause Young (Normal) (G1 Evacuation Pause) 202M->74M(234M) 1.435ms
[666.111s][info][gc] GC(10131) Pause Young (Normal) (G1 Evacuation Pause) 201M->75M(234M) 1.671ms
[666.167s][info][gc] GC(10132) Pause Young (Normal) (G1 Evacuation Pause) 204M->76M(234M) 1.422ms
[666.211s][info][gc] GC(10133) Pause Young (Normal) (G1 Evacuation Pause) 206M->77M(234M) 1.460ms
[666.255s][info][gc] GC(10134) Pause Young (Normal) (G1 Evacuation Pause) 206M->78M(234M) 1.322ms
[666.314s][info][gc] GC(10135) Pause Young (Normal) (G1 Evacuation Pause) 208M->80M(234M) 1.569ms
[666.356s][info][gc] GC(10136) Pause Young (Normal) (G1 Evacuation Pause) 208M->80M(234M) 1.384ms
[666.398s][info][gc] GC(10137) Pause Young (Normal) (G1 Evacuation Pause) 210M->81M(234M) 1.291ms
[666.454s][info][gc] GC(10138) Pause Young (Normal) (G1 Evacuation Pause) 209M->82M(234M) 1.367ms
[666.495s][info][gc] GC(10139) Pause Young (Normal) (G1 Evacuation Pause) 206M->84M(234M) 1.576ms
[666.536s][info][gc] GC(10140) Pause Young (Concurrent Start) (G1 Evacuation Pause) 208M->84M(234M) 1.443ms
[666.536s][info][gc] GC(10141) Concurrent Mark Cycle
[666.552s][info][gc] GC(10141) Pause Remark 114M->110M(234M) 0.481ms
[666.562s][info][gc] GC(10141) Pause Cleanup 125M->125M(234M) 0.074ms
[666.562s][info][gc] GC(10141) Concurrent Mark Cycle 26.316ms
[666.593s][info][gc] GC(10142) Pause Young (Prepare Mixed) (G1 Evacuation Pause) 205M->83M(234M) 1.364ms
[666.635s][info][gc] GC(10143) Pause Young (Mixed) (G1 Evacuation Pause) 208M->81M(234M) 1.401ms
[666.679s][info][gc] GC(10144) Pause Young (Normal) (G1 Evacuation Pause) 209M->80M(234M) 1.247ms
[666.732s][info][gc] GC(10145) Pause Young (Normal) (G1 Evacuation Pause) 211M->83M(234M) 1.375ms
[666.773s][info][gc] GC(10146) Pause Young (Normal) (G1 Evacuation Pause) 208M->83M(234M) 1.424ms
[666.819s][info][gc] GC(10147) Pause Young (Normal) (G1 Evacuation Pause) 210M->83M(234M) 1.415ms
[666.868s][info][gc] GC(10148) Pause Young (Concurrent Start) (G1 Evacuation Pause) 211M->86M(234M) 1.506ms
[666.868s][info][gc] GC(10149) Concurrent Mark Cycle
[666.882s][info][gc] GC(10149) Pause Remark 124M->124M(234M) 0.532ms
[666.896s][info][gc] GC(10149) Pause Cleanup 153M->153M(234M) 0.054ms
[666.896s][info][gc] GC(10149) Concurrent Mark Cycle 28.288ms
[666.914s][info][gc] GC(10150) Pause Young (Prepare Mixed) (G1 Evacuation Pause) 208M->86M(234M) 1.343ms
[666.970s][info][gc] GC(10151) Pause Young (Mixed) (G1 Evacuation Pause) 210M->86M(234M) 1.384ms
[667.013s][info][gc] GC(10152) Pause Young (Concurrent Start) (G1 Evacuation Pause) 208M->87M(234M) 1.634ms
[667.013s][info][gc] GC(10153) Concurrent Mark Cycle
[667.032s][info][gc] GC(10153) Pause Remark 144M->144M(234M) 0.429ms
[667.043s][info][gc] GC(10153) Pause Cleanup 180M->180M(234M) 0.056ms
[667.043s][info][gc] GC(10153) Concurrent Mark Cycle 30.623ms
[667.053s][info][gc] GC(10154) Pause Young (Prepare Mixed) (G1 Evacuation Pause) 209M->87M(234M) 1.249ms
[667.103s][info][gc] GC(10155) Pause Young (Mixed) (G1 Evacuation Pause) 211M->86M(234M) 1.305ms
[667.152s][info][gc] GC(10156) Pause Young (Concurrent Start) (G1 Evacuation Pause) 211M->88M(234M) 1.657ms
[667.152s][info][gc] GC(10157) Concurrent Mark Cycle
[667.169s][info][gc] GC(10157) Pause Remark 133M->133M(234M) 0.416ms
[667.182s][info][gc] GC(10157) Pause Cleanup 170M->170M(234M) 0.043ms
[667.182s][info][gc] GC(10157) Concurrent Mark Cycle 30.223ms
[667.194s][info][gc] GC(10158) Pause Young (Prepare Mixed) (G1 Evacuation Pause) 207M->89M(234M) 1.589ms
[667.244s][info][gc] GC(10159) Pause Young (Mixed) (G1 Evacuation Pause) 208M->88M(234M) 1.324ms
[667.291s][info][gc] GC(10160) Pause Young (Concurrent Start) (G1 Evacuation Pause) 211M->91M(234M) 1.490ms
[667.291s][info][gc] GC(10161) Concurrent Mark Cycle
[667.308s][info][gc] GC(10161) Pause Remark 144M->144M(234M) 0.450ms
[667.321s][info][gc] GC(10161) Pause Cleanup 178M->178M(234M) 0.051ms
[667.321s][info][gc] GC(10161) Concurrent Mark Cycle 30.730ms
[667.332s][info][gc] GC(10162) Pause Young (Prepare Mixed) (G1 Evacuation Pause) 208M->90M(234M) 1.333ms
[667.393s][info][gc] GC(10163) Pause Young (Mixed) (G1 Evacuation Pause) 210M->88M(234M) 1.212ms
[667.570s][info][gc] GC(10164) Pause Young (Concurrent Start) (G1 Evacuation Pause) 214M->94M(234M) 1.603ms
[667.570s][info][gc] GC(10165) Concurrent Mark Cycle
[667.579s][info][gc] GC(10165) Pause Remark 119M->90M(220M) 0.454ms
[667.582s][info][gc] GC(10165) Pause Cleanup 100M->100M(220M) 0.063ms
[667.582s][info][gc] GC(10165) Concurrent Mark Cycle 12.046ms
[667.612s][info][gc] GC(10166) Pause Young (Prepare Mixed) (G1 Evacuation Pause) 179M->66M(220M) 1.462ms
[667.652s][info][gc] GC(10167) Pause Young (Mixed) (G1 Evacuation Pause) 188M->63M(370M) 1.446ms
[667.734s][info][gc] GC(10168) Pause Young (Normal) (G1 Evacuation Pause) 275M->65M(370M) 1.560ms
[667.803s][info][gc] GC(10169) Pause Young (Normal) (G1 Evacuation Pause) 276M->65M(370M) 1.623ms
[667.882s][info][gc] GC(10170) Pause Young (Normal) (G1 Evacuation Pause) 275M->68M(370M) 1.729ms
[667.958s][info][gc] GC(10171) Pause Young (Normal) (G1 Evacuation Pause) 275M->71M(370M) 1.749ms
[668.026s][info][gc] GC(10172) Pause Young (Normal) (G1 Evacuation Pause) 276M->72M(370M) 2.185ms
[668.102s][info][gc] GC(10173) Pause Young (Normal) (G1 Evacuation Pause) 277M->73M(370M) 1.872ms
[668.171s][info][gc] GC(10174) Pause Young (Normal) (G1 Evacuation Pause) 279M->75M(370M) 1.909ms
[668.246s][info][gc] GC(10175) Pause Young (Normal) (G1 Evacuation Pause) 280M->78M(370M) 1.837ms
[668.313s][info][gc] GC(10176) Pause Young (Normal) (G1 Evacuation Pause) 283M->78M(370M) 1.769ms
[668.389s][info][gc] GC(10177) Pause Young (Normal) (G1 Evacuation Pause) 285M->80M(370M) 1.647ms
[668.462s][info][gc] GC(10178) Pause Young (Normal) (G1 Evacuation Pause) 284M->81M(370M) 1.937ms
[668.536s][info][gc] GC(10179) Pause Young (Normal) (G1 Evacuation Pause) 288M->84M(370M) 1.954ms
[668.614s][info][gc] GC(10180) Pause Young (Normal) (G1 Evacuation Pause) 289M->85M(370M) 1.792ms
[668.683s][info][gc] GC(10181) Pause Young (Normal) (G1 Evacuation Pause) 291M->86M(370M) 1.755ms
[668.759s][info][gc] GC(10182) Pause Young (Normal) (G1 Evacuation Pause) 292M->90M(370M) 1.915ms
[668.825s][info][gc] GC(10183) Pause Young (Normal) (G1 Evacuation Pause) 295M->91M(370M) 1.706ms
[668.904s][info][gc] GC(10184) Pause Young (Normal) (G1 Evacuation Pause) 297M->93M(370M) 1.821ms
[668.976s][info][gc] GC(10185) Pause Young (Normal) (G1 Evacuation Pause) 297M->94M(370M) 1.855ms
[669.046s][info][gc] GC(10186) Pause Young (Normal) (G1 Evacuation Pause) 300M->96M(370M) 1.976ms
[669.122s][info][gc] GC(10187) Pause Young (Normal) (G1 Evacuation Pause) 300M->98M(370M) 1.896ms
[669.187s][info][gc] GC(10188) Pause Young (Normal) (G1 Evacuation Pause) 303M->99M(370M) 1.694ms
[669.262s][info][gc] GC(10189) Pause Young (Normal) (G1 Evacuation Pause) 305M->101M(370M) 1.867ms
[669.334s][info][gc] GC(10190) Pause Young (Normal) (G1 Evacuation Pause) 307M->102M(370M) 1.751ms
[669.543s][info][gc] GC(10191) Pause Young (Normal) (G1 Evacuation Pause) 308M->105M(370M) 1.883ms
[669.608s][info][gc] GC(10192) Pause Young (Normal) (G1 Evacuation Pause) 308M->107M(370M) 1.901ms
[669.683s][info][gc] GC(10193) Pause Young (Normal) (G1 Evacuation Pause) 311M->109M(370M) 1.953ms
[669.749s][info][gc] GC(10194) Pause Young (Normal) (G1 Evacuation Pause) 314M->111M(370M) 1.940ms
[669.828s][info][gc] GC(10195) Pause Young (Normal) (G1 Evacuation Pause) 316M->112M(370M) 1.832ms
[669.895s][info][gc] GC(10196) Pause Young (Normal) (G1 Evacuation Pause) 317M->112M(370M) 1.763ms
[669.973s][info][gc] GC(10197) Pause Young (Normal) (G1 Evacuation Pause) 319M->116M(370M) 1.849ms
[670.043s][info][gc] GC(10198) Pause Young (Normal) (G1 Evacuation Pause) 319M->117M(370M) 2.008ms
[670.114s][info][gc] GC(10199) Pause Young (Normal) (G1 Evacuation Pause) 323M->119M(370M) 1.842ms
[670.190s][info][gc] GC(10200) Pause Young (Normal) (G1 Evacuation Pause) 324M->121M(370M) 1.784ms
[670.252s][info][gc] GC(10201) Pause Young (Normal) (G1 Evacuation Pause) 326M->122M(370M) 1.655ms
[670.334s][info][gc] GC(10202) Pause Young (Normal) (G1 Evacuation Pause) 328M->124M(370M) 1.836ms
[670.399s][info][gc] GC(10203) Pause Young (Normal) (G1 Evacuation Pause) 328M->124M(370M) 1.933ms
[670.474s][info][gc] GC(10204) Pause Young (Normal) (G1 Evacuation Pause) 331M->127M(370M) 1.685ms
[670.552s][info][gc] GC(10205) Pause Young (Normal) (G1 Evacuation Pause) 330M->130M(370M) 1.858ms
[670.614s][info][gc] GC(10206) Pause Young (Normal) (G1 Evacuation Pause) 332M->131M(370M) 1.855ms
[670.691s][info][gc] GC(10207) Pause Young (Normal) (G1 Evacuation Pause) 331M->132M(370M) 1.713ms
[670.761s][info][gc] GC(10208) Pause Young (Normal) (G1 Evacuation Pause) 333M->134M(370M) 2.073ms
[670.843s][info][gc] GC(10209) Pause Young (Normal) (G1 Evacuation Pause) 333M->135M(370M) 1.758ms
[670.910s][info][gc] GC(10210) Pause Young (Normal) (G1 Evacuation Pause) 332M->137M(370M) 1.924ms
[670.990s][info][gc] GC(10211) Pause Young (Normal) (G1 Evacuation Pause) 333M->140M(370M) 1.854ms
[671.053s][info][gc] GC(10212) Pause Young (Concurrent Start) (G1 Evacuation Pause) 332M->140M(370M) 1.788ms
[671.053s][info][gc] GC(10213) Concurrent Mark Cycle
[671.072s][info][gc] GC(10213) Pause Remark 174M->127M(317M) 0.472ms
[671.079s][info][gc] GC(10213) Pause Cleanup 142M->142M(317M) 0.061ms
[671.079s][info][gc] GC(10213) Concurrent Mark Cycle 26.294ms
[671.128s][info][gc] GC(10214) Pause Young (Prepare Mixed) (G1 Evacuation Pause) 268M->95M(317M) 1.649ms
[671.189s][info][gc] GC(10215) Pause Young (Mixed) (G1 Evacuation Pause) 270M->94M(317M) 1.594ms
[671.257s][info][gc] GC(10216) Pause Young (Normal) (G1 Evacuation Pause) 270M->95M(317M) 1.609ms
[671.318s][info][gc] GC(10217) Pause Young (Normal) (G1 Evacuation Pause) 269M->96M(317M) 1.811ms
[671.540s][info][gc] GC(10218) Pause Young (Normal) (G1 Evacuation Pause) 273M->101M(317M) 1.941ms
[671.596s][info][gc] GC(10219) Pause Young (Normal) (G1 Evacuation Pause) 273M->107M(317M) 2.284ms
[671.649s][info][gc] GC(10220) Pause Young (Normal) (G1 Evacuation Pause) 279M->109M(317M) 2.812ms
[671.703s][info][gc] GC(10221) Pause Young (Normal) (G1 Evacuation Pause) 288M->110M(317M) 1.534ms
[671.766s][info][gc] GC(10222) Pause Young (Concurrent Start) (G1 Evacuation Pause) 287M->115M(317M) 1.885ms
[671.766s][info][gc] GC(10223) Concurrent Mark Cycle
[671.789s][info][gc] GC(10223) Pause Remark 191M->148M(247M) 0.472ms
[671.797s][info][gc] GC(10223) Pause Cleanup 176M->176M(247M) 0.065ms
[671.798s][info][gc] GC(10223) Concurrent Mark Cycle 31.109ms
[671.818s][info][gc] GC(10224) Pause Young (Prepare Mixed) (G1 Evacuation Pause) 240M->74M(257M) 1.734ms
[671.857s][info][gc] GC(10225) Pause Young (Mixed) (G1 Evacuation Pause) 215M->54M(257M) 1.511ms
[671.907s][info][gc] GC(10226) Pause Young (Normal) (G1 Evacuation Pause) 197M->57M(257M) 1.525ms
[671.944s][info][gc] GC(10227) Pause Young (Normal) (G1 Evacuation Pause) 197M->58M(257M) 1.618ms
[671.981s][info][gc] GC(10228) Pause Young (Normal) (G1 Evacuation Pause) 200M->59M(257M) 1.476ms
[672.027s][info][gc] GC(10229) Pause Young (Normal) (G1 Evacuation Pause) 203M->60M(289M) 1.483ms
[672.073s][info][gc] GC(10230) Pause Young (Normal) (G1 Evacuation Pause) 222M->63M(289M) 1.571ms
[672.121s][info][gc] GC(10231) Pause Young (Normal) (G1 Evacuation Pause) 222M->65M(289M) 1.764ms
[672.165s][info][gc] GC(10232) Pause Young (Normal) (G1 Evacuation Pause) 224M->65M(289M) 1.755ms
[672.218s][info][gc] GC(10233) Pause Young (Normal) (G1 Evacuation Pause) 228M->69M(289M) 1.609ms
[672.261s][info][gc] GC(10234) Pause Young (Normal) (G1 Evacuation Pause) 228M->70M(289M) 1.725ms
[672.305s][info][gc] GC(10235) Pause Young (Normal) (G1 Evacuation Pause) 229M->69M(289M) 1.500ms
[672.358s][info][gc] GC(10236) Pause Young (Normal) (G1 Evacuation Pause) 232M->73M(289M) 1.558ms
[672.404s][info][gc] GC(10237) Pause Young (Normal) (G1 Evacuation Pause) 232M->74M(289M) 1.820ms
[672.447s][info][gc] GC(10238) Pause Young (Normal) (G1 Evacuation Pause) 233M->75M(289M) 1.735ms
[672.498s][info][gc] GC(10239) Pause Young (Normal) (G1 Evacuation Pause) 237M->77M(289M) 1.753ms
[672.543s][info][gc] GC(10240) Pause Young (Normal) (G1 Evacuation Pause) 237M->77M(289M) 1.574ms
[672.587s][info][gc] GC(10241) Pause Young (Normal) (G1 Evacuation Pause) 237M->79M(289M) 1.604ms
[672.633s][info][gc] GC(10242) Pause Young (Normal) (G1 Evacuation Pause) 239M->81M(289M) 1.738ms
[672.680s][info][gc] GC(10243) Pause Young (Normal) (G1 Evacuation Pause) 241M->83M(289M) 1.653ms
[672.722s][info][gc] GC(10244) Pause Young (Normal) (G1 Evacuation Pause) 242M->83M(289M) 1.505ms
[672.770s][info][gc] GC(10245) Pause Young (Normal) (G1 Evacuation Pause) 243M->84M(289M) 1.582ms
[672.823s][info][gc] GC(10246) Pause Young (Normal) (G1 Evacuation Pause) 244M->87M(289M) 1.607ms
[672.866s][info][gc] GC(10247) Pause Young (Normal) (G1 Evacuation Pause) 246M->88M(289M) 1.714ms
[672.912s][info][gc] GC(10248) Pause Young (Normal) (G1 Evacuation Pause) 249M->89M(289M) 1.830ms
[672.963s][info][gc] GC(10249) Pause Young (Normal) (G1 Evacuation Pause) 249M->91M(289M) 1.829ms
[673.006s][info][gc] GC(10250) Pause Young (Normal) (G1 Evacuation Pause) 250M->93M(289M) 1.615ms
[673.053s][info][gc] GC(10251) Pause Young (Normal) (G1 Evacuation Pause) 252M->94M(289M) 1.649ms
[673.101s][info][gc] GC(10252) Pause Young (Normal) (G1 Evacuation Pause) 253M->94M(289M) 1.494ms
[673.148s][info][gc] GC(10253) Pause Young (Normal) (G1 Evacuation Pause) 254M->96M(289M) 1.728ms
[673.193s][info][gc] GC(10254) Pause Young (Normal) (G1 Evacuation Pause) 255M->97M(289M) 1.618ms
[673.236s][info][gc] GC(10255) Pause Young (Normal) (G1 Evacuation Pause) 257M->98M(289M) 1.514ms
[673.286s][info][gc] GC(10256) Pause Young (Normal) (G1 Evacuation Pause) 258M->100M(289M) 1.572ms
[673.335s][info][gc] GC(10257) Pause Young (Normal) (G1 Evacuation Pause) 260M->101M(289M) 1.669ms
[673.377s][info][gc] GC(10258) Pause Young (Normal) (G1 Evacuation Pause) 260M->103M(289M) 1.683ms
[673.427s][info][gc] GC(10259) Pause Young (Normal) (G1 Evacuation Pause) 258M->104M(289M) 1.513ms
[673.471s][info][gc] GC(10260) Pause Young (Normal) (G1 Evacuation Pause) 258M->106M(289M) 1.574ms
[673.514s][info][gc] GC(10261) Pause Young (Normal) (G1 Evacuation Pause) 259M->107M(289M) 1.801ms
[673.556s][info][gc] GC(10262) Pause Young (Concurrent Start) (G1 Evacuation Pause) 261M->108M(289M) 1.552ms
[673.556s][info][gc] GC(10263) Concurrent Mark Cycle
[673.589s][info][gc] GC(10263) Pause Remark 205M->205M(289M) 0.409ms
[673.608s][info][gc] GC(10264) Pause Young (Normal) (G1 Evacuation Pause) 262M->110M(289M) 1.535ms
[673.612s][info][gc] GC(10263) Pause Cleanup 121M->121M(289M) 0.077ms
[673.612s][info][gc] GC(10263) Concurrent Mark Cycle 55.997ms
[673.651s][info][gc] GC(10265) Pause Young (Prepare Mixed) (G1 Evacuation Pause) 260M->113M(289M) 1.722ms
[673.691s][info][gc] GC(10266) Pause Young (Mixed) (G1 Evacuation Pause) 258M->108M(289M) 1.579ms
[673.740s][info][gc] GC(10267) Pause Young (Concurrent Start) (G1 Evacuation Pause) 262M->110M(289M) 1.556ms
[673.740s][info][gc] GC(10268) Concurrent Mark Cycle
[673.764s][info][gc] GC(10268) Pause Remark 186M->186M(289M) 0.438ms
[673.782s][info][gc] GC(10268) Pause Cleanup 221M->221M(289M) 0.062ms
[673.782s][info][gc] GC(10268) Concurrent Mark Cycle 42.150ms
[673.795s][info][gc] GC(10269) Pause Young (Prepare Mixed) (G1 Evacuation Pause) 260M->112M(289M) 1.663ms
[673.835s][info][gc] GC(10270) Pause Young (Mixed) (G1 Evacuation Pause) 259M->110M(289M) 1.817ms
[673.876s][info][gc] GC(10271) Pause Young (Concurrent Start) (G1 Evacuation Pause) 261M->111M(289M) 1.489ms
[673.876s][info][gc] GC(10272) Concurrent Mark Cycle
[673.910s][info][gc] GC(10272) Pause Remark 204M->204M(289M) 0.512ms
[673.933s][info][gc] GC(10273) Pause Young (Normal) (G1 Evacuation Pause) 260M->111M(289M) 1.592ms
[673.933s][info][gc] GC(10272) Pause Cleanup 114M->114M(289M) 0.057ms
[673.934s][info][gc] GC(10272) Concurrent Mark Cycle 57.155ms
[673.978s][info][gc] GC(10274) Pause Young (Prepare Mixed) (G1 Evacuation Pause) 260M->114M(289M) 1.805ms
[674.020s][info][gc] GC(10275) Pause Young (Mixed) (G1 Evacuation Pause) 257M->112M(289M) 1.921ms
[674.067s][info][gc] GC(10276) Pause Young (Concurrent Start) (G1 Evacuation Pause) 263M->114M(376M) 1.741ms
[674.067s][info][gc] GC(10277) Concurrent Mark Cycle
[674.101s][info][gc] GC(10277) Pause Remark 217M->217M(376M) 0.418ms
[674.121s][info][gc] GC(10277) Pause Cleanup 264M->264M(376M) 0.069ms
[674.121s][info][gc] GC(10277) Concurrent Mark Cycle 54.306ms
[674.142s][info][gc] GC(10278) Pause Young (Prepare Mixed) (G1 Evacuation Pause) 327M->118M(376M) 1.881ms
[674.199s][info][gc] GC(10279) Pause Young (Mixed) (G1 Evacuation Pause) 327M->116M(376M) 2.001ms
[674.258s][info][gc] GC(10280) Pause Young (Normal) (G1 Evacuation Pause) 325M->118M(376M) 1.984ms
[674.319s][info][gc] GC(10281) Pause Young (Normal) (G1 Evacuation Pause) 325M->121M(376M) 2.087ms
[674.379s][info][gc] GC(10282) Pause Young (Normal) (G1 Evacuation Pause) 328M->121M(376M) 1.878ms
[674.441s][info][gc] GC(10283) Pause Young (Normal) (G1 Evacuation Pause) 330M->124M(376M) 1.851ms
[674.495s][info][gc] GC(10284) Pause Young (Normal) (G1 Evacuation Pause) 332M->125M(376M) 1.761ms
[674.559s][info][gc] GC(10285) Pause Young (Normal) (G1 Evacuation Pause) 334M->126M(376M) 1.736ms
[674.620s][info][gc] GC(10286) Pause Young (Normal) (G1 Evacuation Pause) 335M->129M(376M) 1.854ms
[674.683s][info][gc] GC(10287) Pause Young (Normal) (G1 Evacuation Pause) 335M->130M(376M) 2.172ms
[674.748s][info][gc] GC(10288) Pause Young (Normal) (G1 Evacuation Pause) 339M->132M(376M) 1.970ms
[674.805s][info][gc] GC(10289) Pause Young (Normal) (G1 Evacuation Pause) 337M->133M(376M) 1.870ms
[674.866s][info][gc] GC(10290) Pause Young (Normal) (G1 Evacuation Pause) 339M->136M(376M) 2.013ms
[674.928s][info][gc] GC(10291) Pause Young (Normal) (G1 Evacuation Pause) 338M->138M(376M) 2.158ms
[674.987s][info][gc] GC(10292) Pause Young (Normal) (G1 Evacuation Pause) 338M->139M(376M) 1.823ms
[675.047s][info][gc] GC(10293) Pause Young (Normal) (G1 Evacuation Pause) 340M->141M(376M) 1.700ms
[675.100s][info][gc] GC(10294) Pause Young (Normal) (G1 Evacuation Pause) 338M->143M(376M) 1.924ms
[675.158s][info][gc] GC(10295) Pause Young (Concurrent Start) (G1 Evacuation Pause) 338M->144M(376M) 1.906ms
[675.158s][info][gc] GC(10296) Concurrent Mark Cycle
[675.202s][info][gc] GC(10296) Pause Remark 260M->260M(376M) 0.449ms
[675.226s][info][gc] GC(10296) Pause Cleanup 329M->329M(376M) 0.068ms
[675.226s][info][gc] GC(10296) Concurrent Mark Cycle 68.128ms
[675.230s][info][gc] GC(10297) Pause Young (Prepare Mixed) (G1 Evacuation Pause) 339M->145M(376M) 2.004ms
[675.288s][info][gc] GC(10298) Pause Young (Mixed) (G1 Evacuation Pause) 339M->145M(376M) 1.871ms
[675.345s][info][gc] GC(10299) Pause Young (Concurrent Start) (G1 Evacuation Pause) 338M->147M(376M) 2.052ms
[675.345s][info][gc] GC(10300) Concurrent Mark Cycle
[675.388s][info][gc] GC(10300) Pause Remark 272M->272M(376M) 0.426ms
[675.412s][info][gc] GC(10301) Pause Young (Normal) (G1 Evacuation Pause) 339M->149M(376M) 2.078ms
[675.425s][info][gc] GC(10300) Pause Cleanup 194M->194M(376M) 0.081ms
[675.425s][info][gc] GC(10300) Concurrent Mark Cycle 80.174ms
[675.467s][info][gc] GC(10302) Pause Young (Prepare Mixed) (G1 Evacuation Pause) 339M->152M(376M) 1.850ms
[675.521s][info][gc] GC(10303) Pause Young (Mixed) (G1 Evacuation Pause) 339M->150M(376M) 1.874ms
[675.579s][info][gc] GC(10304) Pause Young (Concurrent Start) (G1 Evacuation Pause) 342M->152M(376M) 1.829ms
[675.579s][info][gc] GC(10305) Concurrent Mark Cycle
[675.626s][info][gc] GC(10305) Pause Remark 303M->303M(376M) 0.423ms
[675.640s][info][gc] GC(10306) Pause Young (Normal) (G1 Evacuation Pause) 338M->154M(376M) 1.924ms
[675.658s][info][gc] GC(10305) Pause Cleanup 211M->211M(376M) 0.060ms
[675.658s][info][gc] GC(10305) Concurrent Mark Cycle 79.300ms
[675.695s][info][gc] GC(10307) Pause Young (Prepare Mixed) (G1 Evacuation Pause) 339M->154M(376M) 1.688ms
[675.755s][info][gc] GC(10308) Pause Young (Mixed) (G1 Evacuation Pause) 342M->156M(376M) 1.916ms
[675.811s][info][gc] GC(10309) Pause Young (Concurrent Start) (G1 Evacuation Pause) 339M->158M(376M) 1.839ms
[675.811s][info][gc] GC(10310) Concurrent Mark Cycle
[675.857s][info][gc] GC(10310) Pause Remark 282M->282M(376M) 0.432ms
[675.881s][info][gc] GC(10311) Pause Young (Normal) (G1 Evacuation Pause) 339M->161M(376M) 1.946ms
[675.893s][info][gc] GC(10310) Pause Cleanup 197M->197M(376M) 0.071ms
[675.893s][info][gc] GC(10310) Concurrent Mark Cycle 82.475ms
[675.936s][info][gc] GC(10312) Pause Young (Prepare Mixed) (G1 Evacuation Pause) 340M->160M(376M) 1.928ms
[675.996s][info][gc] GC(10313) Pause Young (Mixed) (G1 Evacuation Pause) 342M->162M(376M) 1.970ms
[676.054s][info][gc] GC(10314) Pause Young (Concurrent Start) (G1 Evacuation Pause) 338M->164M(376M) 1.993ms
[676.054s][info][gc] GC(10315) Concurrent Mark Cycle
[676.099s][info][gc] GC(10315) Pause Remark 313M->313M(376M) 0.437ms
[676.113s][info][gc] GC(10316) Pause Young (Normal) (G1 Evacuation Pause) 341M->165M(376M) 1.865ms
[676.130s][info][gc] GC(10315) Pause Cleanup 222M->222M(376M) 0.070ms
[676.130s][info][gc] GC(10315) Concurrent Mark Cycle 76.519ms
[676.171s][info][gc] GC(10317) Pause Young (Prepare Mixed) (G1 Evacuation Pause) 341M->166M(376M) 1.880ms
[676.226s][info][gc] GC(10318) Pause Young (Mixed) (G1 Evacuation Pause) 340M->168M(376M) 1.844ms
[676.272s][info][gc] GC(10319) Pause Young (Concurrent Start) (G1 Evacuation Pause) 339M->169M(376M) 1.755ms
[676.272s][info][gc] GC(10320) Concurrent Mark Cycle
[676.321s][info][gc] GC(10320) Pause Remark 290M->290M(376M) 0.423ms
[676.337s][info][gc] GC(10321) Pause Young (Normal) (G1 Evacuation Pause) 341M->171M(376M) 1.741ms
[676.357s][info][gc] GC(10320) Pause Cleanup 222M->222M(376M) 0.062ms
[676.357s][info][gc] GC(10320) Concurrent Mark Cycle 85.165ms
[676.395s][info][gc] GC(10322) Pause Young (Prepare Mixed) (G1 Evacuation Pause) 339M->172M(376M) 2.108ms
[676.440s][info][gc] GC(10323) Pause Young (Mixed) (G1 Evacuation Pause) 341M->173M(376M) 1.958ms
[676.494s][info][gc] GC(10324) Pause Young (Concurrent Start) (G1 Evacuation Pause) 341M->174M(376M) 1.762ms
[676.494s][info][gc] GC(10325) Concurrent Mark Cycle
[676.540s][info][gc] GC(10325) Pause Remark 309M->309M(376M) 0.433ms
[676.553s][info][gc] GC(10326) Pause Young (Normal) (G1 Evacuation Pause) 341M->175M(376M) 1.623ms
[676.578s][info][gc] GC(10325) Pause Cleanup 247M->247M(376M) 0.057ms
[676.579s][info][gc] GC(10325) Concurrent Mark Cycle 84.428ms
[676.606s][info][gc] GC(10327) Pause Young (Prepare Mixed) (G1 Evacuation Pause) 340M->177M(376M) 1.652ms
[676.653s][info][gc] GC(10328) Pause Young (Mixed) (G1 Evacuation Pause) 341M->177M(376M) 1.795ms
[676.707s][info][gc] GC(10329) Pause Young (Concurrent Start) (G1 Evacuation Pause) 342M->180M(376M) 1.722ms
[676.708s][info][gc] GC(10330) Concurrent Mark Cycle
[676.760s][info][gc] GC(10331) Pause Young (Normal) (G1 Evacuation Pause) 341M->181M(376M) 1.647ms
[676.762s][info][gc] GC(10330) Pause Remark 190M->190M(376M) 0.465ms
[676.801s][info][gc] GC(10330) Pause Cleanup 304M->304M(376M) 0.065ms
[676.801s][info][gc] GC(10330) Concurrent Mark Cycle 93.963ms
[676.813s][info][gc] GC(10332) Pause Young (Prepare Mixed) (G1 Evacuation Pause) 343M->183M(376M) 1.510ms
[676.861s][info][gc] GC(10333) Pause Young (Mixed) (G1 Evacuation Pause) 341M->182M(376M) 1.879ms
[676.905s][info][gc] GC(10334) Pause Young (Concurrent Start) (G1 Evacuation Pause) 341M->184M(376M) 1.718ms
[676.905s][info][gc] GC(10335) Concurrent Mark Cycle
[676.953s][info][gc] GC(10335) Pause Remark 323M->323M(376M) 0.445ms
[676.960s][info][gc] GC(10336) Pause Young (Normal) (G1 Evacuation Pause) 340M->185M(376M) 1.599ms
[676.993s][info][gc] GC(10335) Pause Cleanup 279M->279M(376M) 0.061ms
[676.998s][info][gc] GC(10335) Concurrent Mark Cycle 93.177ms
[677.013s][info][gc] GC(10337) Pause Young (Prepare Mixed) (G1 Evacuation Pause) 342M->187M(376M) 1.822ms
[677.060s][info][gc] GC(10338) Pause Young (Mixed) (G1 Evacuation Pause) 342M->188M(376M) 1.975ms
[677.099s][info][gc] GC(10339) Pause Young (Concurrent Start) (G1 Evacuation Pause) 341M->189M(376M) 1.576ms
[677.099s][info][gc] GC(10340) Concurrent Mark Cycle
[677.145s][info][gc] GC(10340) Pause Remark 306M->306M(376M) 0.461ms
[677.163s][info][gc] GC(10341) Pause Young (Normal) (G1 Evacuation Pause) 344M->191M(376M) 1.622ms
[677.188s][info][gc] GC(10340) Pause Cleanup 264M->264M(376M) 0.066ms
[677.188s][info][gc] GC(10340) Concurrent Mark Cycle 88.676ms
[677.213s][info][gc] GC(10342) Pause Young (Prepare Mixed) (G1 Evacuation Pause) 342M->192M(376M) 1.930ms
[677.256s][info][gc] GC(10343) Pause Young (Mixed) (G1 Evacuation Pause) 342M->194M(376M) 1.807ms
[677.295s][info][gc] GC(10344) Pause Young (Concurrent Start) (G1 Evacuation Pause) 341M->195M(376M) 1.507ms
[677.295s][info][gc] GC(10345) Concurrent Mark Cycle
[677.332s][info][gc] GC(10345) Pause Remark 276M->276M(376M) 0.430ms
[677.357s][info][gc] GC(10346) Pause Young (Normal) (G1 Evacuation Pause) 345M->197M(376M) 1.603ms
[677.377s][info][gc] GC(10345) Pause Cleanup 266M->266M(376M) 0.062ms
[677.377s][info][gc] GC(10345) Concurrent Mark Cycle 82.205ms
[677.404s][info][gc] GC(10347) Pause Young (Prepare Mixed) (G1 Evacuation Pause) 341M->199M(376M) 1.795ms
[677.444s][info][gc] GC(10348) Pause Young (Mixed) (G1 Evacuation Pause) 342M->198M(376M) 1.889ms
[677.487s][info][gc] GC(10349) Pause Young (Concurrent Start) (G1 Evacuation Pause) 344M->199M(376M) 1.459ms
[677.487s][info][gc] GC(10350) Concurrent Mark Cycle
[677.536s][info][gc] GC(10351) Pause Young (Normal) (G1 Evacuation Pause) 343M->201M(376M) 1.543ms
[677.538s][info][gc] GC(10350) Pause Remark 206M->206M(376M) 0.405ms
[677.567s][info][gc] GC(10350) Pause Cleanup 291M->291M(376M) 0.065ms
[677.567s][info][gc] GC(10350) Concurrent Mark Cycle 80.119ms
[677.587s][info][gc] GC(10352) Pause Young (Prepare Mixed) (G1 Evacuation Pause) 341M->204M(376M) 1.535ms
[677.626s][info][gc] GC(10353) Pause Young (Mixed) (G1 Evacuation Pause) 341M->201M(376M) 1.666ms
[677.672s][info][gc] GC(10354) Pause Young (Concurrent Start) (G1 Evacuation Pause) 345M->204M(376M) 1.521ms
[677.672s][info][gc] GC(10355) Concurrent Mark Cycle
[677.721s][info][gc] GC(10356) Pause Young (Normal) (G1 Evacuation Pause) 342M->205M(376M) 1.497ms
[677.737s][info][gc] GC(10355) Pause Remark 252M->252M(376M) 0.416ms
[677.767s][info][gc] GC(10357) Pause Young (Normal) (G1 Evacuation Pause) 342M->207M(376M) 1.763ms
[677.782s][info][gc] GC(10355) Pause Cleanup 254M->254M(376M) 0.074ms
[677.782s][info][gc] GC(10355) Concurrent Mark Cycle 110.062ms
[677.808s][info][gc] GC(10358) Pause Young (Prepare Mixed) (G1 Evacuation Pause) 340M->207M(376M) 1.506ms
[677.855s][info][gc] GC(10359) Pause Young (Mixed) (G1 Evacuation Pause) 345M->208M(376M) 1.691ms
[677.893s][info][gc] GC(10360) Pause Young (Concurrent Start) (G1 Evacuation Pause) 343M->210M(376M) 1.545ms
[677.893s][info][gc] GC(10361) Concurrent Mark Cycle
[677.939s][info][gc] GC(10362) Pause Young (Normal) (G1 Evacuation Pause) 341M->212M(376M) 1.594ms
[677.952s][info][gc] GC(10361) Pause Remark 257M->257M(376M) 0.429ms
[677.984s][info][gc] GC(10363) Pause Young (Normal) (G1 Evacuation Pause) 342M->213M(376M) 1.506ms
[678.000s][info][gc] GC(10361) Pause Cleanup 262M->262M(376M) 0.066ms
[678.000s][info][gc] GC(10361) Concurrent Mark Cycle 107.349ms
[678.029s][info][gc] GC(10364) Pause Young (Prepare Mixed) (G1 Evacuation Pause) 344M->216M(376M) 1.604ms
[678.070s][info][gc] GC(10365) Pause Young (Mixed) (G1 Evacuation Pause) 343M->216M(376M) 1.767ms
[678.105s][info][gc] GC(10366) Pause Young (Concurrent Start) (G1 Evacuation Pause) 343M->218M(376M) 1.601ms
[678.105s][info][gc] GC(10367) Concurrent Mark Cycle
[678.145s][info][gc] GC(10368) Pause Young (Normal) (G1 Evacuation Pause) 344M->219M(376M) 1.553ms
[678.162s][info][gc] GC(10367) Pause Remark 265M->265M(376M) 0.444ms
[678.191s][info][gc] GC(10369) Pause Young (Normal) (G1 Evacuation Pause) 344M->222M(376M) 1.438ms
[678.201s][info][gc] GC(10367) Pause Cleanup 258M->258M(376M) 0.072ms
[678.201s][info][gc] GC(10367) Concurrent Mark Cycle 95.825ms
[678.228s][info][gc] GC(10370) Pause Young (Prepare Mixed) (G1 Evacuation Pause) 341M->222M(376M) 1.619ms
[678.267s][info][gc] GC(10371) Pause Young (Mixed) (G1 Evacuation Pause) 344M->222M(376M) 1.687ms
[678.300s][info][gc] GC(10372) Pause Young (Concurrent Start) (G1 Evacuation Pause) 343M->224M(376M) 1.447ms
[678.300s][info][gc] GC(10373) Concurrent Mark Cycle
[678.343s][info][gc] GC(10374) Pause Young (Normal) (G1 Evacuation Pause) 345M->226M(376M) 1.416ms
[678.365s][info][gc] GC(10373) Pause Remark 299M->299M(379M) 0.447ms
[678.379s][info][gc] GC(10375) Pause Young (Normal) (G1 Evacuation Pause) 343M->226M(379M) 1.454ms
[678.412s][info][gc] GC(10373) Pause Cleanup 306M->306M(379M) 0.066ms
[678.412s][info][gc] GC(10373) Concurrent Mark Cycle 111.701ms
[678.427s][info][gc] GC(10376) Pause Young (Prepare Mixed) (G1 Evacuation Pause) 346M->230M(379M) 1.662ms
[678.457s][info][gc] GC(10377) Pause Young (Mixed) (G1 Evacuation Pause) 343M->227M(379M) 1.482ms
[678.492s][info][gc] GC(10378) Pause Young (Concurrent Start) (G1 Evacuation Pause) 348M->229M(379M) 1.506ms
[678.492s][info][gc] GC(10379) Concurrent Mark Cycle
[678.535s][info][gc] GC(10380) Pause Young (Normal) (G1 Evacuation Pause) 346M->229M(379M) 1.417ms
[678.540s][info][gc] GC(10379) Pause Remark 244M->244M(384M) 0.508ms
[678.575s][info][gc] GC(10379) Pause Cleanup 342M->342M(384M) 0.070ms
[678.575s][info][gc] GC(10379) Concurrent Mark Cycle 82.976ms
[678.578s][info][gc] GC(10381) Pause Young (Prepare Mixed) (G1 Evacuation Pause) 347M->230M(384M) 1.651ms
[678.618s][info][gc] GC(10382) Pause Young (Mixed) (G1 Evacuation Pause) 351M->230M(384M) 1.801ms
[678.650s][info][gc] GC(10383) Pause Young (Concurrent Start) (G1 Evacuation Pause) 351M->232M(384M) 1.755ms
[678.650s][info][gc] GC(10384) Concurrent Mark Cycle
[678.693s][info][gc] GC(10385) Pause Young (Normal) (G1 Evacuation Pause) 353M->233M(384M) 1.358ms
[678.709s][info][gc] GC(10384) Pause Remark 278M->278M(392M) 0.502ms
[678.738s][info][gc] GC(10386) Pause Young (Normal) (G1 Evacuation Pause) 353M->237M(392M) 1.510ms
[678.768s][info][gc] GC(10384) Pause Cleanup 335M->335M(392M) 0.066ms
[678.768s][info][gc] GC(10384) Concurrent Mark Cycle 118.183ms
[678.777s][info][gc] GC(10387) Pause Young (Prepare Mixed) (G1 Evacuation Pause) 358M->238M(392M) 1.717ms
[678.814s][info][gc] GC(10388) Pause Young (Mixed) (G1 Evacuation Pause) 359M->237M(392M) 1.753ms
[678.848s][info][gc] GC(10389) Pause Young (Concurrent Start) (G1 Evacuation Pause) 360M->239M(392M) 1.529ms
[678.848s][info][gc] GC(10390) Concurrent Mark Cycle
[678.891s][info][gc] GC(10391) Pause Young (Normal) (G1 Evacuation Pause) 361M->241M(392M) 1.347ms
[678.903s][info][gc] GC(10390) Pause Remark 276M->276M(405M) 0.483ms
[678.932s][info][gc] GC(10392) Pause Young (Normal) (G1 Evacuation Pause) 357M->243M(405M) 1.458ms
[678.959s][info][gc] GC(10390) Pause Cleanup 335M->335M(405M) 0.064ms
[678.966s][info][gc] GC(10390) Concurrent Mark Cycle 117.626ms
[678.973s][info][gc] GC(10393) Pause Young (Prepare Mixed) (G1 Evacuation Pause) 373M->244M(405M) 1.408ms
[679.010s][info][gc] GC(10394) Pause Young (Mixed) (G1 Evacuation Pause) 372M->241M(405M) 1.643ms
[679.048s][info][gc] GC(10395) Pause Young (Concurrent Start) (G1 Evacuation Pause) 370M->243M(405M) 1.515ms
[679.048s][info][gc] GC(10396) Concurrent Mark Cycle
[679.094s][info][gc] GC(10397) Pause Young (Normal) (G1 Evacuation Pause) 371M->245M(405M) 1.690ms
[679.115s][info][gc] GC(10396) Pause Remark 309M->309M(410M) 0.496ms
[679.134s][info][gc] GC(10398) Pause Young (Normal) (G1 Evacuation Pause) 370M->246M(410M) 1.597ms
[679.167s][info][gc] GC(10396) Pause Cleanup 349M->349M(410M) 0.068ms
[679.168s][info][gc] GC(10396) Concurrent Mark Cycle 120.079ms
[679.179s][info][gc] GC(10399) Pause Young (Prepare Mixed) (G1 Evacuation Pause) 378M->248M(410M) 1.875ms
[679.217s][info][gc] GC(10400) Pause Young (Mixed) (G1 Evacuation Pause) 376M->244M(410M) 1.798ms
[679.267s][info][gc] GC(10401) Pause Young (Concurrent Start) (G1 Evacuation Pause) 376M->248M(410M) 1.879ms
[679.267s][info][gc] GC(10402) Concurrent Mark Cycle
[679.308s][info][gc] GC(10403) Pause Young (Normal) (G1 Evacuation Pause) 375M->249M(410M) 1.709ms
[679.315s][info][gc] GC(10402) Pause Remark 270M->270M(417M) 0.468ms
[679.356s][info][gc] GC(10404) Pause Young (Normal) (G1 Evacuation Pause) 378M->250M(417M) 1.368ms
[679.367s][info][gc] GC(10402) Pause Cleanup 280M->280M(417M) 0.069ms
[679.368s][info][gc] GC(10402) Concurrent Mark Cycle 101.072ms
[679.399s][info][gc] GC(10405) Pause Young (Prepare Mixed) (G1 Evacuation Pause) 383M->252M(417M) 1.512ms
[679.441s][info][gc] GC(10406) Pause Young (Mixed) (G1 Evacuation Pause) 382M->251M(417M) 1.689ms
[679.477s][info][gc] GC(10407) Pause Young (Concurrent Start) (G1 Evacuation Pause) 380M->253M(417M) 1.566ms
[679.477s][info][gc] GC(10408) Concurrent Mark Cycle
[679.525s][info][gc] GC(10409) Pause Young (Normal) (G1 Evacuation Pause) 383M->256M(417M) 1.527ms
[679.540s][info][gc] GC(10408) Pause Remark 295M->295M(427M) 0.465ms
[679.570s][info][gc] GC(10410) Pause Young (Normal) (G1 Evacuation Pause) 382M->255M(427M) 1.568ms
[679.586s][info][gc] GC(10408) Pause Cleanup 299M->299M(427M) 0.088ms
[679.587s][info][gc] GC(10408) Concurrent Mark Cycle 109.736ms
[679.622s][info][gc] GC(10411) Pause Young (Prepare Mixed) (G1 Evacuation Pause) 393M->256M(427M) 1.564ms
[679.667s][info][gc] GC(10412) Pause Young (Mixed) (G1 Evacuation Pause) 391M->255M(427M) 1.646ms
[679.708s][info][gc] GC(10413) Pause Young (Concurrent Start) (G1 Evacuation Pause) 394M->256M(427M) 1.487ms
[679.709s][info][gc] GC(10414) Concurrent Mark Cycle
[679.761s][info][gc] GC(10414) Pause Remark 389M->389M(430M) 0.434ms
[679.764s][info][gc] GC(10415) Pause Young (Normal) (G1 Evacuation Pause) 391M->254M(430M) 1.305ms
[679.809s][info][gc] GC(10414) Pause Cleanup 333M->333M(430M) 0.076ms
[679.810s][info][gc] GC(10414) Concurrent Mark Cycle 101.086ms
[679.862s][info][gc] GC(10416) Pause Young (Prepare Mixed) (G1 Evacuation Pause) 397M->256M(430M) 1.342ms
[679.930s][info][gc] GC(10417) Pause Young (Mixed) (G1 Evacuation Pause) 395M->260M(430M) 2.028ms
[679.983s][info][gc] GC(10418) Pause Young (Concurrent Start) (G1 Evacuation Pause) 389M->261M(430M) 1.811ms
[679.983s][info][gc] GC(10419) Concurrent Mark Cycle
[679.990s][info][gc] GC(10419) Pause Remark 276M->92M(260M) 0.463ms
[679.994s][info][gc] GC(10419) Pause Cleanup 101M->101M(260M) 0.055ms
[679.994s][info][gc] GC(10419) Concurrent Mark Cycle 11.128ms
[680.035s][info][gc] GC(10420) Pause Young (Prepare Mixed) (G1 Evacuation Pause) 213M->79M(260M) 1.602ms
[680.088s][info][gc] GC(10421) Pause Young (Mixed) (G1 Evacuation Pause) 223M->55M(260M) 1.851ms
[680.147s][info][gc] GC(10422) Pause Young (Normal) (G1 Evacuation Pause) 203M->57M(260M) 1.426ms
[680.204s][info][gc] GC(10423) Pause Young (Normal) (G1 Evacuation Pause) 203M->58M(260M) 1.296ms
[680.262s][info][gc] GC(10424) Pause Young (Normal) (G1 Evacuation Pause) 203M->59M(260M) 1.366ms
[680.319s][info][gc] GC(10425) Pause Young (Normal) (G1 Evacuation Pause) 203M->61M(260M) 1.387ms
[680.371s][info][gc] GC(10426) Pause Young (Normal) (G1 Evacuation Pause) 204M->63M(260M) 1.500ms
[680.427s][info][gc] GC(10427) Pause Young (Normal) (G1 Evacuation Pause) 206M->63M(260M) 1.601ms
[680.486s][info][gc] GC(10428) Pause Young (Normal) (G1 Evacuation Pause) 208M->66M(260M) 1.471ms
[680.536s][info][gc] GC(10429) Pause Young (Normal) (G1 Evacuation Pause) 208M->65M(260M) 1.419ms
[680.595s][info][gc] GC(10430) Pause Young (Normal) (G1 Evacuation Pause) 210M->67M(260M) 1.472ms
[680.645s][info][gc] GC(10431) Pause Young (Normal) (G1 Evacuation Pause) 210M->67M(260M) 1.688ms
[680.708s][info][gc] GC(10432) Pause Young (Normal) (G1 Evacuation Pause) 212M->69M(260M) 1.356ms
[680.761s][info][gc] GC(10433) Pause Young (Normal) (G1 Evacuation Pause) 212M->70M(260M) 1.542ms
[680.821s][info][gc] GC(10434) Pause Young (Normal) (G1 Evacuation Pause) 215M->71M(260M) 1.343ms
[680.875s][info][gc] GC(10435) Pause Young (Normal) (G1 Evacuation Pause) 215M->72M(260M) 1.484ms
[680.933s][info][gc] GC(10436) Pause Young (Normal) (G1 Evacuation Pause) 216M->72M(260M) 1.636ms
[680.991s][info][gc] GC(10437) Pause Young (Normal) (G1 Evacuation Pause) 217M->75M(260M) 1.476ms
[681.045s][info][gc] GC(10438) Pause Young (Normal) (G1 Evacuation Pause) 217M->76M(260M) 1.478ms
[681.104s][info][gc] GC(10439) Pause Young (Normal) (G1 Evacuation Pause) 220M->77M(260M) 1.407ms
[681.161s][info][gc] GC(10440) Pause Young (Normal) (G1 Evacuation Pause) 221M->78M(260M) 1.424ms
[681.221s][info][gc] GC(10441) Pause Young (Normal) (G1 Evacuation Pause) 221M->80M(260M) 1.447ms
[681.275s][info][gc] GC(10442) Pause Young (Normal) (G1 Evacuation Pause) 223M->80M(260M) 1.369ms
[681.337s][info][gc] GC(10443) Pause Young (Normal) (G1 Evacuation Pause) 225M->82M(260M) 1.514ms
[681.391s][info][gc] GC(10444) Pause Young (Normal) (G1 Evacuation Pause) 226M->83M(260M) 1.497ms
[681.443s][info][gc] GC(10445) Pause Young (Normal) (G1 Evacuation Pause) 227M->84M(260M) 1.382ms
[681.499s][info][gc] GC(10446) Pause Young (Normal) (G1 Evacuation Pause) 229M->84M(260M) 1.479ms
[681.554s][info][gc] GC(10447) Pause Young (Normal) (G1 Evacuation Pause) 229M->86M(260M) 1.419ms
[681.613s][info][gc] GC(10448) Pause Young (Normal) (G1 Evacuation Pause) 230M->87M(260M) 1.584ms
[681.674s][info][gc] GC(10449) Pause Young (Normal) (G1 Evacuation Pause) 231M->89M(260M) 1.641ms
[681.735s][info][gc] GC(10450) Pause Young (Normal) (G1 Evacuation Pause) 233M->91M(260M) 1.533ms
[681.794s][info][gc] GC(10451) Pause Young (Normal) (G1 Evacuation Pause) 233M->91M(260M) 1.698ms
[681.855s][info][gc] GC(10452) Pause Young (Normal) (G1 Evacuation Pause) 234M->91M(260M) 1.528ms
[681.907s][info][gc] GC(10453) Pause Young (Normal) (G1 Evacuation Pause) 234M->93M(260M) 1.424ms
[681.967s][info][gc] GC(10454) Pause Young (Normal) (G1 Evacuation Pause) 233M->94M(260M) 1.547ms
[682.018s][info][gc] GC(10455) Pause Young (Normal) (G1 Evacuation Pause) 233M->96M(260M) 1.520ms
[682.076s][info][gc] GC(10456) Pause Young (Concurrent Start) (G1 Evacuation Pause) 234M->97M(260M) 1.581ms
[682.076s][info][gc] GC(10457) Concurrent Mark Cycle
[682.096s][info][gc] GC(10457) Pause Remark 146M->143M(260M) 0.498ms
[682.104s][info][gc] GC(10457) Pause Cleanup 161M->161M(260M) 0.064ms
[682.105s][info][gc] GC(10457) Concurrent Mark Cycle 28.704ms
[682.134s][info][gc] GC(10458) Pause Young (Prepare Mixed) (G1 Evacuation Pause) 231M->96M(260M) 1.583ms
[682.191s][info][gc] GC(10459) Pause Young (Mixed) (G1 Evacuation Pause) 235M->92M(260M) 1.449ms
[682.249s][info][gc] GC(10460) Pause Young (Normal) (G1 Evacuation Pause) 235M->94M(260M) 1.412ms
[682.304s][info][gc] GC(10461) Pause Young (Normal) (G1 Evacuation Pause) 233M->94M(260M) 1.415ms
[682.357s][info][gc] GC(10462) Pause Young (Concurrent Start) (G1 Evacuation Pause) 234M->95M(260M) 1.325ms
[682.357s][info][gc] GC(10463) Concurrent Mark Cycle
[682.370s][info][gc] GC(10463) Pause Remark 126M->126M(260M) 0.406ms
[682.384s][info][gc] GC(10463) Pause Cleanup 161M->161M(260M) 0.058ms
[682.384s][info][gc] GC(10463) Concurrent Mark Cycle 27.351ms
[682.415s][info][gc] GC(10464) Pause Young (Prepare Mixed) (G1 Evacuation Pause) 234M->96M(260M) 1.423ms
[682.470s][info][gc] GC(10465) Pause Young (Mixed) (G1 Evacuation Pause) 233M->95M(260M) 1.648ms
[682.518s][info][gc] GC(10466) Pause Young (Normal) (G1 Evacuation Pause) 232M->96M(260M) 1.404ms
[682.574s][info][gc] GC(10467) Pause Young (Concurrent Start) (G1 Evacuation Pause) 235M->97M(260M) 1.522ms
[682.574s][info][gc] GC(10468) Concurrent Mark Cycle
[682.590s][info][gc] GC(10468) Pause Remark 137M->137M(260M) 0.436ms
[682.605s][info][gc] GC(10468) Pause Cleanup 172M->172M(260M) 0.062ms
[682.605s][info][gc] GC(10468) Concurrent Mark Cycle 31.059ms
[682.630s][info][gc] GC(10469) Pause Young (Prepare Mixed) (G1 Evacuation Pause) 234M->98M(260M) 1.397ms
[682.684s][info][gc] GC(10470) Pause Young (Mixed) (G1 Evacuation Pause) 235M->97M(260M) 1.455ms
[682.734s][info][gc] GC(10471) Pause Young (Concurrent Start) (G1 Evacuation Pause) 234M->99M(260M) 1.521ms
[682.734s][info][gc] GC(10472) Concurrent Mark Cycle
[682.751s][info][gc] GC(10472) Pause Remark 148M->148M(260M) 0.462ms
[682.766s][info][gc] GC(10472) Pause Cleanup 181M->181M(260M) 0.049ms
[682.767s][info][gc] GC(10472) Concurrent Mark Cycle 32.551ms
[682.791s][info][gc] GC(10473) Pause Young (Prepare Mixed) (G1 Evacuation Pause) 235M->100M(260M) 1.334ms
[682.840s][info][gc] GC(10474) Pause Young (Mixed) (G1 Evacuation Pause) 234M->98M(260M) 1.448ms
[682.895s][info][gc] GC(10475) Pause Young (Concurrent Start) (G1 Evacuation Pause) 235M->101M(260M) 1.507ms
[682.895s][info][gc] GC(10476) Concurrent Mark Cycle
[682.915s][info][gc] GC(10476) Pause Remark 154M->154M(260M) 0.402ms
[682.933s][info][gc] GC(10476) Pause Cleanup 194M->194M(260M) 0.064ms
[682.934s][info][gc] GC(10476) Concurrent Mark Cycle 38.663ms
[682.948s][info][gc] GC(10477) Pause Young (Prepare Mixed) (G1 Evacuation Pause) 232M->101M(260M) 1.347ms
[683.002s][info][gc] GC(10478) Pause Young (Mixed) (G1 Evacuation Pause) 236M->100M(260M) 1.487ms
[683.054s][info][gc] GC(10479) Pause Young (Concurrent Start) (G1 Evacuation Pause) 233M->102M(260M) 1.411ms
[683.054s][info][gc] GC(10480) Concurrent Mark Cycle
[683.078s][info][gc] GC(10480) Pause Remark 166M->166M(260M) 0.422ms
[683.092s][info][gc] GC(10480) Pause Cleanup 191M->191M(260M) 0.065ms
[683.092s][info][gc] GC(10480) Concurrent Mark Cycle 37.862ms
[683.108s][info][gc] GC(10481) Pause Young (Prepare Mixed) (G1 Evacuation Pause) 234M->104M(260M) 1.429ms
[683.154s][info][gc] GC(10482) Pause Young (Mixed) (G1 Evacuation Pause) 233M->103M(260M) 1.325ms
[683.208s][info][gc] GC(10483) Pause Young (Concurrent Start) (G1 Evacuation Pause) 234M->105M(260M) 1.418ms
[683.208s][info][gc] GC(10484) Concurrent Mark Cycle
[683.227s][info][gc] GC(10484) Pause Remark 154M->154M(260M) 0.458ms
[683.241s][info][gc] GC(10484) Pause Cleanup 190M->190M(260M) 0.064ms
[683.241s][info][gc] GC(10484) Concurrent Mark Cycle 32.550ms
[683.259s][info][gc] GC(10485) Pause Young (Prepare Mixed) (G1 Evacuation Pause) 234M->106M(260M) 1.431ms
[683.309s][info][gc] GC(10486) Pause Young (Mixed) (G1 Evacuation Pause) 235M->106M(335M) 1.504ms
[683.386s][info][gc] GC(10487) Pause Young (Normal) (G1 Evacuation Pause) 297M->108M(335M) 1.620ms
[683.457s][info][gc] GC(10488) Pause Young (Normal) (G1 Evacuation Pause) 297M->109M(335M) 1.451ms
[683.528s][info][gc] GC(10489) Pause Young (Normal) (G1 Evacuation Pause) 296M->110M(335M) 1.501ms
[683.600s][info][gc] GC(10490) Pause Young (Normal) (G1 Evacuation Pause) 296M->113M(335M) 1.617ms
[683.672s][info][gc] GC(10491) Pause Young (Normal) (G1 Evacuation Pause) 298M->114M(335M) 1.721ms
[683.741s][info][gc] GC(10492) Pause Young (Normal) (G1 Evacuation Pause) 298M->115M(335M) 1.639ms
[683.815s][info][gc] GC(10493) Pause Young (Normal) (G1 Evacuation Pause) 301M->118M(335M) 1.949ms
[683.882s][info][gc] GC(10494) Pause Young (Normal) (G1 Evacuation Pause) 299M->118M(335M) 1.821ms
[683.952s][info][gc] GC(10495) Pause Young (Normal) (G1 Evacuation Pause) 302M->120M(335M) 1.580ms
[684.019s][info][gc] GC(10496) Pause Young (Normal) (G1 Evacuation Pause) 302M->121M(335M) 1.611ms
[684.091s][info][gc] GC(10497) Pause Young (Normal) (G1 Evacuation Pause) 301M->124M(335M) 1.661ms
[684.152s][info][gc] GC(10498) Pause Young (Normal) (G1 Evacuation Pause) 298M->124M(335M) 1.597ms
[684.223s][info][gc] GC(10499) Pause Young (Concurrent Start) (G1 Evacuation Pause) 304M->127M(335M) 1.598ms
[684.223s][info][gc] GC(10500) Concurrent Mark Cycle
[684.251s][info][gc] GC(10500) Pause Remark 196M->196M(335M) 0.433ms
[684.269s][info][gc] GC(10500) Pause Cleanup 238M->238M(335M) 0.057ms
[684.270s][info][gc] GC(10500) Concurrent Mark Cycle 46.462ms
[684.299s][info][gc] GC(10501) Pause Young (Prepare Mixed) (G1 Evacuation Pause) 301M->128M(335M) 1.712ms
[684.364s][info][gc] GC(10502) Pause Young (Mixed) (G1 Evacuation Pause) 300M->129M(335M) 1.694ms
[684.432s][info][gc] GC(10503) Pause Young (Concurrent Start) (G1 Evacuation Pause) 300M->130M(335M) 1.715ms
[684.432s][info][gc] GC(10504) Concurrent Mark Cycle
[684.454s][info][gc] GC(10504) Pause Remark 174M->174M(335M) 0.428ms
[684.479s][info][gc] GC(10504) Pause Cleanup 229M->229M(335M) 0.063ms
[684.479s][info][gc] GC(10504) Concurrent Mark Cycle 46.669ms
[684.509s][info][gc] GC(10505) Pause Young (Prepare Mixed) (G1 Evacuation Pause) 302M->132M(335M) 1.552ms
[684.578s][info][gc] GC(10506) Pause Young (Mixed) (G1 Evacuation Pause) 302M->133M(335M) 1.811ms
[684.638s][info][gc] GC(10507) Pause Young (Concurrent Start) (G1 Evacuation Pause) 302M->133M(335M) 1.579ms
[684.638s][info][gc] GC(10508) Concurrent Mark Cycle
[684.661s][info][gc] GC(10508) Pause Remark 169M->169M(335M) 0.463ms
[684.688s][info][gc] GC(10508) Pause Cleanup 230M->230M(335M) 0.065ms
[684.688s][info][gc] GC(10508) Concurrent Mark Cycle 49.306ms
[684.716s][info][gc] GC(10509) Pause Young (Prepare Mixed) (G1 Evacuation Pause) 303M->136M(335M) 1.681ms
[684.778s][info][gc] GC(10510) Pause Young (Mixed) (G1 Evacuation Pause) 300M->136M(335M) 1.965ms
[684.841s][info][gc] GC(10511) Pause Young (Concurrent Start) (G1 Evacuation Pause) 301M->137M(335M) 1.541ms
[684.841s][info][gc] GC(10512) Concurrent Mark Cycle
[684.871s][info][gc] GC(10512) Pause Remark 215M->215M(335M) 0.420ms
[684.893s][info][gc] GC(10512) Pause Cleanup 265M->265M(335M) 0.050ms
[684.894s][info][gc] GC(10512) Concurrent Mark Cycle 52.692ms
[684.911s][info][gc] GC(10513) Pause Young (Prepare Mixed) (G1 Evacuation Pause) 303M->139M(335M) 1.592ms
[684.972s][info][gc] GC(10514) Pause Young (Mixed) (G1 Evacuation Pause) 301M->140M(363M) 1.601ms
[685.046s][info][gc] GC(10515) Pause Young (Normal) (G1 Evacuation Pause) 331M->141M(363M) 1.523ms
[685.117s][info][gc] GC(10516) Pause Young (Normal) (G1 Evacuation Pause) 330M->143M(363M) 1.605ms
[685.191s][info][gc] GC(10517) Pause Young (Concurrent Start) (G1 Evacuation Pause) 328M->145M(363M) 1.770ms
[685.191s][info][gc] GC(10518) Concurrent Mark Cycle
[685.223s][info][gc] GC(10518) Pause Remark 229M->229M(363M) 0.420ms
[685.248s][info][gc] GC(10518) Pause Cleanup 296M->296M(363M) 0.053ms
[685.249s][info][gc] GC(10518) Concurrent Mark Cycle 57.434ms
[685.264s][info][gc] GC(10519) Pause Young (Prepare Mixed) (G1 Evacuation Pause) 327M->146M(363M) 1.784ms
[685.335s][info][gc] GC(10520) Pause Young (Mixed) (G1 Evacuation Pause) 329M->147M(363M) 1.568ms
[685.406s][info][gc] GC(10521) Pause Young (Concurrent Start) (G1 Evacuation Pause) 326M->149M(363M) 1.751ms
[685.406s][info][gc] GC(10522) Concurrent Mark Cycle
[685.433s][info][gc] GC(10522) Pause Remark 219M->219M(363M) 0.422ms
[685.457s][info][gc] GC(10522) Pause Cleanup 271M->271M(363M) 0.054ms
[685.457s][info][gc] GC(10522) Concurrent Mark Cycle 50.893ms
[685.483s][info][gc] GC(10523) Pause Young (Prepare Mixed) (G1 Evacuation Pause) 327M->151M(363M) 1.722ms
[685.548s][info][gc] GC(10524) Pause Young (Mixed) (G1 Evacuation Pause) 328M->151M(363M) 1.518ms
[685.616s][info][gc] GC(10525) Pause Young (Concurrent Start) (G1 Evacuation Pause) 328M->154M(363M) 1.628ms
[685.616s][info][gc] GC(10526) Concurrent Mark Cycle
[685.643s][info][gc] GC(10526) Pause Remark 213M->213M(363M) 0.432ms
[685.671s][info][gc] GC(10526) Pause Cleanup 276M->276M(363M) 0.039ms
[685.671s][info][gc] GC(10526) Concurrent Mark Cycle 55.293ms
[685.690s][info][gc] GC(10527) Pause Young (Prepare Mixed) (G1 Evacuation Pause) 327M->155M(363M) 1.690ms
[685.757s][info][gc] GC(10528) Pause Young (Mixed) (G1 Evacuation Pause) 327M->156M(363M) 1.576ms
[685.825s][info][gc] GC(10529) Pause Young (Concurrent Start) (G1 Evacuation Pause) 329M->156M(363M) 1.684ms
[685.825s][info][gc] GC(10530) Concurrent Mark Cycle
[685.857s][info][gc] GC(10530) Pause Remark 216M->216M(363M) 0.432ms
[685.884s][info][gc] GC(10530) Pause Cleanup 282M->282M(363M) 0.057ms
[685.884s][info][gc] GC(10530) Concurrent Mark Cycle 58.813ms
[685.902s][info][gc] GC(10531) Pause Young (Prepare Mixed) (G1 Evacuation Pause) 330M->158M(363M) 1.943ms
[685.973s][info][gc] GC(10532) Pause Young (Mixed) (G1 Evacuation Pause) 328M->161M(426M) 1.750ms
[686.061s][info][gc] GC(10533) Pause Young (Normal) (G1 Evacuation Pause) 388M->161M(426M) 2.042ms
[686.172s][info][gc] GC(10534) Pause Young (Normal) (G1 Evacuation Pause) 386M->161M(426M) 1.682ms
[686.289s][info][gc] GC(10535) Pause Young (Concurrent Start) (G1 Evacuation Pause) 386M->164M(426M) 1.633ms
[686.289s][info][gc] GC(10536) Concurrent Mark Cycle
[686.310s][info][gc] GC(10536) Pause Remark 205M->205M(426M) 0.419ms
[686.327s][info][gc] GC(10536) Pause Cleanup 233M->233M(426M) 0.091ms
[686.328s][info][gc] GC(10536) Concurrent Mark Cycle 39.178ms
[686.407s][info][gc] GC(10537) Pause Young (Prepare Mixed) (G1 Evacuation Pause) 385M->166M(426M) 1.864ms
[686.521s][info][gc] GC(10538) Pause Young (Mixed) (G1 Evacuation Pause) 385M->147M(429M) 2.950ms
[686.640s][info][gc] GC(10539) Pause Young (Mixed) (G1 Evacuation Pause) 385M->146M(429M) 1.816ms
[686.763s][info][gc] GC(10540) Pause Young (Normal) (G1 Evacuation Pause) 385M->148M(429M) 1.960ms
[686.886s][info][gc] GC(10541) Pause Young (Normal) (G1 Evacuation Pause) 385M->151M(429M) 2.126ms
[687.005s][info][gc] GC(10542) Pause Young (Normal) (G1 Evacuation Pause) 386M->153M(429M) 1.911ms
[687.126s][info][gc] GC(10543) Pause Young (Normal) (G1 Evacuation Pause) 387M->155M(429M) 1.846ms
[687.244s][info][gc] GC(10544) Pause Young (Normal) (G1 Evacuation Pause) 387M->157M(429M) 1.924ms
[687.364s][info][gc] GC(10545) Pause Young (Normal) (G1 Evacuation Pause) 387M->160M(429M) 2.105ms
[687.478s][info][gc] GC(10546) Pause Young (Normal) (G1 Evacuation Pause) 386M->161M(429M) 1.936ms
[687.592s][info][gc] GC(10547) Pause Young (Normal) (G1 Evacuation Pause) 389M->163M(429M) 1.780ms
[687.706s][info][gc] GC(10548) Pause Young (Concurrent Start) (G1 Evacuation Pause) 389M->165M(429M) 1.748ms
[687.706s][info][gc] GC(10549) Concurrent Mark Cycle
[687.728s][info][gc] GC(10549) Pause Remark 201M->201M(429M) 0.477ms
[687.746s][info][gc] GC(10549) Pause Cleanup 234M->234M(429M) 0.073ms
[687.747s][info][gc] GC(10549) Concurrent Mark Cycle 40.256ms
[687.828s][info][gc] GC(10550) Pause Young (Prepare Mixed) (G1 Evacuation Pause) 387M->167M(429M) 2.615ms
[687.953s][info][gc] GC(10551) Pause Young (Mixed) (G1 Evacuation Pause) 387M->161M(429M) 2.929ms
[688.072s][info][gc] GC(10552) Pause Young (Normal) (G1 Evacuation Pause) 388M->163M(429M) 1.797ms
[688.192s][info][gc] GC(10553) Pause Young (Normal) (G1 Evacuation Pause) 388M->166M(429M) 1.991ms
[688.303s][info][gc] GC(10554) Pause Young (Concurrent Start) (G1 Evacuation Pause) 387M->167M(429M) 1.884ms
[688.303s][info][gc] GC(10555) Concurrent Mark Cycle
[688.328s][info][gc] GC(10555) Pause Remark 213M->213M(429M) 0.423ms
[688.345s][info][gc] GC(10555) Pause Cleanup 239M->239M(429M) 0.080ms
[688.346s][info][gc] GC(10555) Concurrent Mark Cycle 42.920ms
[688.420s][info][gc] GC(10556) Pause Young (Prepare Mixed) (G1 Evacuation Pause) 388M->169M(429M) 1.746ms
[688.528s][info][gc] GC(10557) Pause Young (Mixed) (G1 Evacuation Pause) 386M->168M(429M) 2.042ms
[688.641s][info][gc] GC(10558) Pause Young (Concurrent Start) (G1 Evacuation Pause) 387M->170M(429M) 1.786ms
[688.641s][info][gc] GC(10559) Concurrent Mark Cycle
[688.667s][info][gc] GC(10559) Pause Remark 216M->216M(429M) 0.426ms
[688.688s][info][gc] GC(10559) Pause Cleanup 241M->241M(429M) 0.073ms
[688.689s][info][gc] GC(10559) Concurrent Mark Cycle 47.704ms
[688.760s][info][gc] GC(10560) Pause Young (Prepare Mixed) (G1 Evacuation Pause) 388M->172M(429M) 2.022ms
[688.869s][info][gc] GC(10561) Pause Young (Mixed) (G1 Evacuation Pause) 388M->171M(429M) 1.994ms
[688.981s][info][gc] GC(10562) Pause Young (Concurrent Start) (G1 Evacuation Pause) 388M->173M(429M) 2.006ms
[688.981s][info][gc] GC(10563) Concurrent Mark Cycle
[689.009s][info][gc] GC(10563) Pause Remark 221M->221M(429M) 0.423ms
[689.032s][info][gc] GC(10563) Pause Cleanup 256M->256M(429M) 0.085ms
[689.032s][info][gc] GC(10563) Concurrent Mark Cycle 51.022ms
[689.096s][info][gc] GC(10564) Pause Young (Prepare Mixed) (G1 Evacuation Pause) 388M->174M(429M) 1.760ms
[689.206s][info][gc] GC(10565) Pause Young (Mixed) (G1 Evacuation Pause) 389M->174M(429M) 1.994ms
[689.317s][info][gc] GC(10566) Pause Young (Concurrent Start) (G1 Evacuation Pause) 388M->176M(429M) 1.846ms
[689.317s][info][gc] GC(10567) Concurrent Mark Cycle
[689.346s][info][gc] GC(10567) Pause Remark 225M->225M(429M) 0.423ms
[689.367s][info][gc] GC(10567) Pause Cleanup 267M->267M(429M) 0.065ms
[689.367s][info][gc] GC(10567) Concurrent Mark Cycle 50.064ms
[689.429s][info][gc] GC(10568) Pause Young (Prepare Mixed) (G1 Evacuation Pause) 388M->178M(429M) 1.967ms
[689.540s][info][gc] GC(10569) Pause Young (Mixed) (G1 Evacuation Pause) 387M->177M(429M) 2.197ms
[689.652s][info][gc] GC(10570) Pause Young (Concurrent Start) (G1 Evacuation Pause) 389M->180M(429M) 1.827ms
[689.652s][info][gc] GC(10571) Concurrent Mark Cycle
[689.682s][info][gc] GC(10571) Pause Remark 222M->222M(429M) 0.462ms
[689.704s][info][gc] GC(10571) Pause Cleanup 267M->267M(429M) 0.067ms
[689.705s][info][gc] GC(10571) Concurrent Mark Cycle 52.546ms
[689.767s][info][gc] GC(10572) Pause Young (Prepare Mixed) (G1 Evacuation Pause) 389M->182M(429M) 2.097ms
[689.877s][info][gc] GC(10573) Pause Young (Mixed) (G1 Evacuation Pause) 390M->182M(429M) 2.006ms
[689.983s][info][gc] GC(10574) Pause Young (Concurrent Start) (G1 Evacuation Pause) 388M->184M(429M) 1.746ms
[689.983s][info][gc] GC(10575) Concurrent Mark Cycle
[690.013s][info][gc] GC(10575) Pause Remark 236M->236M(429M) 0.476ms
[690.036s][info][gc] GC(10575) Pause Cleanup 275M->275M(429M) 0.069ms
[690.036s][info][gc] GC(10575) Concurrent Mark Cycle 53.115ms
[690.093s][info][gc] GC(10576) Pause Young (Prepare Mixed) (G1 Evacuation Pause) 390M->185M(429M) 1.740ms
[690.200s][info][gc] GC(10577) Pause Young (Mixed) (G1 Evacuation Pause) 389M->186M(429M) 1.954ms
[690.301s][info][gc] GC(10578) Pause Young (Concurrent Start) (G1 Evacuation Pause) 390M->188M(429M) 1.733ms
[690.301s][info][gc] GC(10579) Concurrent Mark Cycle
[690.327s][info][gc] GC(10579) Pause Remark 228M->228M(429M) 0.472ms
[690.350s][info][gc] GC(10579) Pause Cleanup 263M->263M(429M) 0.055ms
[690.350s][info][gc] GC(10579) Concurrent Mark Cycle 49.415ms
[690.410s][info][gc] GC(10580) Pause Young (Prepare Mixed) (G1 Evacuation Pause) 389M->187M(429M) 1.664ms
[690.515s][info][gc] GC(10581) Pause Young (Mixed) (G1 Evacuation Pause) 391M->190M(429M) 1.834ms
[690.617s][info][gc] GC(10582) Pause Young (Concurrent Start) (G1 Evacuation Pause) 387M->192M(429M) 1.760ms
[690.617s][info][gc] GC(10583) Concurrent Mark Cycle
[690.650s][info][gc] GC(10583) Pause Remark 234M->234M(429M) 0.490ms
[690.677s][info][gc] GC(10583) Pause Cleanup 280M->280M(429M) 0.071ms
[690.677s][info][gc] GC(10583) Concurrent Mark Cycle 59.490ms
[690.732s][info][gc] GC(10584) Pause Young (Prepare Mixed) (G1 Evacuation Pause) 387M->193M(429M) 2.019ms
[690.840s][info][gc] GC(10585) Pause Young (Mixed) (G1 Evacuation Pause) 389M->195M(429M) 1.770ms
[690.943s][info][gc] GC(10586) Pause Young (Concurrent Start) (G1 Evacuation Pause) 390M->197M(429M) 1.922ms
[690.943s][info][gc] GC(10587) Concurrent Mark Cycle
[690.974s][info][gc] GC(10587) Pause Remark 257M->257M(429M) 0.441ms
[691.002s][info][gc] GC(10587) Pause Cleanup 293M->293M(429M) 0.061ms
[691.002s][info][gc] GC(10587) Concurrent Mark Cycle 59.093ms
[691.056s][info][gc] GC(10588) Pause Young (Prepare Mixed) (G1 Evacuation Pause) 390M->198M(429M) 1.733ms
[691.156s][info][gc] GC(10589) Pause Young (Mixed) (G1 Evacuation Pause) 389M->199M(429M) 1.856ms
[691.255s][info][gc] GC(10590) Pause Young (Concurrent Start) (G1 Evacuation Pause) 390M->200M(429M) 1.731ms
[691.255s][info][gc] GC(10591) Concurrent Mark Cycle
[691.286s][info][gc] GC(10591) Pause Remark 265M->265M(429M) 0.421ms
[691.314s][info][gc] GC(10591) Pause Cleanup 314M->314M(429M) 0.061ms
[691.314s][info][gc] GC(10591) Concurrent Mark Cycle 59.649ms
[691.361s][info][gc] GC(10592) Pause Young (Prepare Mixed) (G1 Evacuation Pause) 391M->202M(429M) 1.611ms
[691.463s][info][gc] GC(10593) Pause Young (Mixed) (G1 Evacuation Pause) 391M->203M(429M) 1.741ms
[691.549s][info][gc] GC(10594) Pause Young (Concurrent Start) (G1 Evacuation Pause) 389M->202M(429M) 1.583ms
[691.549s][info][gc] GC(10595) Concurrent Mark Cycle
[691.583s][info][gc] GC(10595) Pause Remark 239M->239M(429M) 0.433ms
[691.608s][info][gc] GC(10595) Pause Cleanup 296M->296M(429M) 0.062ms
[691.608s][info][gc] GC(10595) Concurrent Mark Cycle 59.036ms
[691.652s][info][gc] GC(10596) Pause Young (Prepare Mixed) (G1 Evacuation Pause) 392M->204M(429M) 1.530ms
[691.992s][info][gc] GC(10597) Pause Young (Mixed) (G1 Evacuation Pause) 390M->206M(429M) 1.869ms
[692.348s][info][gc] GC(10598) Pause Young (Concurrent Start) (G1 Evacuation Pause) 390M->207M(429M) 1.937ms
[692.348s][info][gc] GC(10599) Concurrent Mark Cycle
[692.353s][info][gc] GC(10599) Pause Remark 210M->80M(260M) 0.491ms
[692.355s][info][gc] GC(10599) Pause Cleanup 80M->80M(260M) 0.080ms
[692.355s][info][gc] GC(10599) Concurrent Mark Cycle 6.966ms
[692.639s][info][gc] GC(10600) Pause Young (Prepare Mixed) (G1 Evacuation Pause) 218M->78M(260M) 1.850ms
[692.932s][info][gc] GC(10601) Pause Young (Mixed) (G1 Evacuation Pause) 223M->55M(260M) 1.482ms
[693.197s][info][gc] GC(10602) Pause Young (Normal) (G1 Evacuation Pause) 198M->55M(260M) 1.537ms
[693.481s][info][gc] GC(10603) Pause Young (Normal) (G1 Evacuation Pause) 199M->57M(260M) 1.336ms
[693.756s][info][gc] GC(10604) Pause Young (Normal) (G1 Evacuation Pause) 201M->58M(260M) 1.457ms
[694.039s][info][gc] GC(10605) Pause Young (Normal) (G1 Evacuation Pause) 203M->60M(260M) 1.397ms
[694.314s][info][gc] GC(10606) Pause Young (Normal) (G1 Evacuation Pause) 203M->60M(260M) 1.665ms
[694.596s][info][gc] GC(10607) Pause Young (Normal) (G1 Evacuation Pause) 205M->61M(260M) 1.364ms
[694.874s][info][gc] GC(10608) Pause Young (Normal) (G1 Evacuation Pause) 205M->63M(260M) 1.308ms
[695.159s][info][gc] GC(10609) Pause Young (Normal) (G1 Evacuation Pause) 207M->64M(260M) 1.467ms
[695.433s][info][gc] GC(10610) Pause Young (Normal) (G1 Evacuation Pause) 208M->66M(260M) 1.270ms
[695.723s][info][gc] GC(10611) Pause Young (Normal) (G1 Evacuation Pause) 210M->67M(260M) 1.278ms
[696.007s][info][gc] GC(10612) Pause Young (Normal) (G1 Evacuation Pause) 211M->68M(260M) 1.371ms
[696.295s][info][gc] GC(10613) Pause Young (Normal) (G1 Evacuation Pause) 212M->69M(260M) 1.291ms
[696.560s][info][gc] GC(10614) Pause Young (Normal) (G1 Evacuation Pause) 213M->70M(260M) 1.380ms
[696.844s][info][gc] GC(10615) Pause Young (Normal) (G1 Evacuation Pause) 214M->71M(260M) 1.299ms
[697.124s][info][gc] GC(10616) Pause Young (Normal) (G1 Evacuation Pause) 215M->72M(260M) 1.303ms
[697.408s][info][gc] GC(10617) Pause Young (Normal) (G1 Evacuation Pause) 216M->74M(260M) 1.306ms
[697.675s][info][gc] GC(10618) Pause Young (Normal) (G1 Evacuation Pause) 218M->75M(260M) 1.298ms
[697.954s][info][gc] GC(10619) Pause Young (Normal) (G1 Evacuation Pause) 219M->76M(260M) 1.277ms
[698.241s][info][gc] GC(10620) Pause Young (Normal) (G1 Evacuation Pause) 220M->78M(260M) 1.272ms
[698.521s][info][gc] GC(10621) Pause Young (Normal) (G1 Evacuation Pause) 222M->79M(260M) 1.305ms
[698.796s][info][gc] GC(10622) Pause Young (Normal) (G1 Evacuation Pause) 223M->80M(260M) 1.399ms
[699.073s][info][gc] GC(10623) Pause Young (Normal) (G1 Evacuation Pause) 224M->81M(260M) 1.459ms
[699.354s][info][gc] GC(10624) Pause Young (Normal) (G1 Evacuation Pause) 225M->82M(260M) 1.267ms
[699.644s][info][gc] GC(10625) Pause Young (Normal) (G1 Evacuation Pause) 226M->83M(260M) 1.463ms
[699.911s][info][gc] GC(10626) Pause Young (Normal) (G1 Evacuation Pause) 227M->84M(260M) 1.260ms
[700.193s][info][gc] GC(10627) Pause Young (Normal) (G1 Evacuation Pause) 228M->86M(260M) 1.309ms
[700.480s][info][gc] GC(10628) Pause Young (Normal) (G1 Evacuation Pause) 230M->87M(260M) 1.460ms
[700.743s][info][gc] GC(10629) Pause Young (Normal) (G1 Evacuation Pause) 231M->87M(260M) 1.292ms
[701.036s][info][gc] GC(10630) Pause Young (Normal) (G1 Evacuation Pause) 232M->89M(260M) 1.310ms
[701.321s][info][gc] GC(10631) Pause Young (Normal) (G1 Evacuation Pause) 233M->90M(260M) 1.295ms
[701.595s][info][gc] GC(10632) Pause Young (Normal) (G1 Evacuation Pause) 233M->92M(260M) 1.264ms
[701.883s][info][gc] GC(10633) Pause Young (Normal) (G1 Evacuation Pause) 234M->93M(260M) 1.365ms
[702.188s][info][gc] GC(10634) Pause Young (Normal) (G1 Evacuation Pause) 233M->95M(260M) 1.416ms
[702.453s][info][gc] GC(10635) Pause Young (Normal) (G1 Evacuation Pause) 232M->96M(260M) 1.343ms
[702.720s][info][gc] GC(10636) Pause Young (Normal) (G1 Evacuation Pause) 235M->97M(260M) 1.289ms
[702.986s][info][gc] GC(10637) Pause Young (Normal) (G1 Evacuation Pause) 235M->99M(260M) 1.389ms
[703.248s][info][gc] GC(10638) Pause Young (Concurrent Start) (G1 Evacuation Pause) 233M->100M(260M) 1.642ms
[703.248s][info][gc] GC(10639) Concurrent Mark Cycle
[703.252s][info][gc] GC(10639) Pause Remark 103M->51M(167M) 0.485ms
[703.254s][info][gc] GC(10639) Pause Cleanup 52M->52M(167M) 0.057ms
[703.254s][info][gc] GC(10639) Concurrent Mark Cycle 5.840ms
[703.439s][info][gc] GC(10640) Pause Young (Prepare Mixed) (G1 Evacuation Pause) 136M->49M(167M) 1.226ms
[703.619s][info][gc] GC(10641) Pause Young (Mixed) (G1 Evacuation Pause) 142M->45M(167M) 1.082ms
[703.800s][info][gc] GC(10642) Pause Young (Normal) (G1 Evacuation Pause) 137M->45M(167M) 1.083ms
[703.980s][info][gc] GC(10643) Pause Young (Normal) (G1 Evacuation Pause) 138M->45M(167M) 0.960ms
[704.151s][info][gc] GC(10644) Pause Young (Normal) (G1 Evacuation Pause) 138M->46M(167M) 0.997ms
[704.331s][info][gc] GC(10645) Pause Young (Normal) (G1 Evacuation Pause) 139M->48M(167M) 0.988ms
[704.506s][info][gc] GC(10646) Pause Young (Normal) (G1 Evacuation Pause) 140M->48M(167M) 1.051ms
[704.692s][info][gc] GC(10647) Pause Young (Normal) (G1 Evacuation Pause) 140M->49M(167M) 1.035ms
[704.862s][info][gc] GC(10648) Pause Young (Normal) (G1 Evacuation Pause) 141M->50M(167M) 1.027ms
[705.045s][info][gc] GC(10649) Pause Young (Normal) (G1 Evacuation Pause) 142M->50M(167M) 1.063ms
[705.218s][info][gc] GC(10650) Pause Young (Normal) (G1 Evacuation Pause) 142M->51M(167M) 1.006ms
[705.400s][info][gc] GC(10651) Pause Young (Normal) (G1 Evacuation Pause) 143M->52M(167M) 1.016ms
[705.570s][info][gc] GC(10652) Pause Young (Normal) (G1 Evacuation Pause) 144M->52M(167M) 0.959ms
[705.762s][info][gc] GC(10653) Pause Young (Normal) (G1 Evacuation Pause) 144M->54M(167M) 1.219ms
[705.942s][info][gc] GC(10654) Pause Young (Normal) (G1 Evacuation Pause) 145M->54M(167M) 1.026ms
[706.127s][info][gc] GC(10655) Pause Young (Normal) (G1 Evacuation Pause) 147M->54M(167M) 1.003ms
[706.295s][info][gc] GC(10656) Pause Young (Normal) (G1 Evacuation Pause) 146M->55M(167M) 0.954ms
[706.479s][info][gc] GC(10657) Pause Young (Normal) (G1 Evacuation Pause) 147M->57M(167M) 1.019ms
[706.653s][info][gc] GC(10658) Pause Young (Normal) (G1 Evacuation Pause) 148M->57M(167M) 1.091ms
[706.841s][info][gc] GC(10659) Pause Young (Normal) (G1 Evacuation Pause) 148M->58M(167M) 1.056ms
[707.015s][info][gc] GC(10660) Pause Young (Normal) (G1 Evacuation Pause) 149M->58M(167M) 1.002ms
[707.197s][info][gc] GC(10661) Pause Young (Normal) (G1 Evacuation Pause) 148M->59M(167M) 1.083ms
[707.374s][info][gc] GC(10662) Pause Young (Normal) (G1 Evacuation Pause) 147M->60M(167M) 1.110ms
[707.550s][info][gc] GC(10663) Pause Young (Normal) (G1 Evacuation Pause) 148M->61M(167M) 1.061ms
[707.712s][info][gc] GC(10664) Pause Young (Normal) (G1 Evacuation Pause) 150M->62M(167M) 1.001ms
[707.891s][info][gc] GC(10665) Pause Young (Normal) (G1 Evacuation Pause) 150M->62M(167M) 0.997ms
[708.056s][info][gc] GC(10666) Pause Young (Concurrent Start) (G1 Evacuation Pause) 149M->63M(167M) 0.990ms
[708.056s][info][gc] GC(10667) Concurrent Mark Cycle
[708.063s][info][gc] GC(10667) Pause Remark 67M->66M(167M) 0.379ms
[708.067s][info][gc] GC(10667) Pause Cleanup 69M->69M(167M) 0.026ms
[708.067s][info][gc] GC(10667) Concurrent Mark Cycle 11.216ms
[708.224s][info][gc] GC(10668) Pause Young (Prepare Mixed) (G1 Evacuation Pause) 148M->62M(167M) 0.975ms
[708.403s][info][gc] GC(10669) Pause Young (Mixed) (G1 Evacuation Pause) 150M->59M(167M) 1.296ms
[708.579s][info][gc] GC(10670) Pause Young (Normal) (G1 Evacuation Pause) 150M->59M(167M) 0.939ms
[708.747s][info][gc] GC(10671) Pause Young (Normal) (G1 Evacuation Pause) 148M->60M(167M) 0.995ms
[708.919s][info][gc] GC(10672) Pause Young (Normal) (G1 Evacuation Pause) 148M->61M(167M) 1.032ms
[709.091s][info][gc] GC(10673) Pause Young (Normal) (G1 Evacuation Pause) 149M->62M(167M) 1.000ms
[709.257s][info][gc] GC(10674) Pause Young (Normal) (G1 Evacuation Pause) 150M->63M(167M) 0.969ms
[709.433s][info][gc] GC(10675) Pause Young (Concurrent Start) (G1 Evacuation Pause) 150M->63M(167M) 0.968ms
[709.433s][info][gc] GC(10676) Concurrent Mark Cycle
[709.440s][info][gc] GC(10676) Pause Remark 67M->67M(167M) 0.382ms
[709.446s][info][gc] GC(10676) Pause Cleanup 71M->71M(167M) 0.026ms
[709.446s][info][gc] GC(10676) Concurrent Mark Cycle 12.815ms
[709.605s][info][gc] GC(10677) Pause Young (Prepare Mixed) (G1 Evacuation Pause) 150M->64M(167M) 0.965ms
[709.771s][info][gc] GC(10678) Pause Young (Mixed) (G1 Evacuation Pause) 149M->63M(167M) 1.124ms
[709.944s][info][gc] GC(10679) Pause Young (Concurrent Start) (G1 Evacuation Pause) 150M->65M(167M) 0.990ms
[709.944s][info][gc] GC(10680) Concurrent Mark Cycle
[709.952s][info][gc] GC(10680) Pause Remark 69M->69M(167M) 0.381ms
[709.958s][info][gc] GC(10680) Pause Cleanup 73M->73M(167M) 0.028ms
[709.958s][info][gc] GC(10680) Concurrent Mark Cycle 13.839ms
[710.107s][info][gc] GC(10681) Pause Young (Prepare Mixed) (G1 Evacuation Pause) 149M->65M(167M) 0.956ms
[710.265s][info][gc] GC(10682) Pause Young (Mixed) (G1 Evacuation Pause) 150M->64M(167M) 1.074ms
[710.445s][info][gc] GC(10683) Pause Young (Concurrent Start) (G1 Evacuation Pause) 150M->65M(167M) 1.044ms
[710.445s][info][gc] GC(10684) Concurrent Mark Cycle
[710.452s][info][gc] GC(10684) Pause Remark 69M->69M(167M) 0.410ms
[710.458s][info][gc] GC(10684) Pause Cleanup 73M->73M(167M) 0.026ms
[710.458s][info][gc] GC(10684) Concurrent Mark Cycle 12.873ms
[710.610s][info][gc] GC(10685) Pause Young (Prepare Mixed) (G1 Evacuation Pause) 149M->65M(167M) 0.999ms
[710.768s][info][gc] GC(10686) Pause Young (Mixed) (G1 Evacuation Pause) 149M->65M(167M) 1.207ms
[710.938s][info][gc] GC(10687) Pause Young (Concurrent Start) (G1 Evacuation Pause) 148M->66M(167M) 1.031ms
[710.938s][info][gc] GC(10688) Concurrent Mark Cycle
[710.945s][info][gc] GC(10688) Pause Remark 70M->70M(167M) 0.439ms
[710.952s][info][gc] GC(10688) Pause Cleanup 71M->71M(167M) 0.029ms
[710.952s][info][gc] GC(10688) Concurrent Mark Cycle 13.803ms
[711.099s][info][gc] GC(10689) Pause Young (Prepare Mixed) (G1 Evacuation Pause) 150M->66M(167M) 1.081ms
[711.272s][info][gc] GC(10690) Pause Young (Mixed) (G1 Evacuation Pause) 148M->67M(167M) 1.355ms
[711.431s][info][gc] GC(10691) Pause Young (Concurrent Start) (G1 Evacuation Pause) 149M->67M(167M) 1.003ms
[711.431s][info][gc] GC(10692) Concurrent Mark Cycle
[711.438s][info][gc] GC(10692) Pause Remark 68M->68M(167M) 0.393ms
[711.445s][info][gc] GC(10692) Pause Cleanup 69M->69M(167M) 0.027ms
[711.445s][info][gc] GC(10692) Concurrent Mark Cycle 14.003ms
[711.603s][info][gc] GC(10693) Pause Young (Prepare Mixed) (G1 Evacuation Pause) 151M->68M(167M) 0.937ms
[711.770s][info][gc] GC(10694) Pause Young (Mixed) (G1 Evacuation Pause) 148M->69M(167M) 1.174ms
[711.922s][info][gc] GC(10695) Pause Young (Concurrent Start) (G1 Evacuation Pause) 150M->70M(167M) 0.968ms
[711.922s][info][gc] GC(10696) Concurrent Mark Cycle
[711.929s][info][gc] GC(10696) Pause Remark 74M->74M(167M) 0.386ms
[711.937s][info][gc] GC(10696) Pause Cleanup 79M->79M(167M) 0.027ms
[711.937s][info][gc] GC(10696) Concurrent Mark Cycle 14.847ms
[712.081s][info][gc] GC(10697) Pause Young (Prepare Mixed) (G1 Evacuation Pause) 150M->69M(167M) 0.922ms
[712.233s][info][gc] GC(10698) Pause Young (Mixed) (G1 Evacuation Pause) 151M->70M(167M) 1.030ms
[712.422s][info][gc] GC(10699) Pause Young (Concurrent Start) (G1 Evacuation Pause) 149M->72M(167M) 0.998ms
[712.422s][info][gc] GC(10700) Concurrent Mark Cycle
[712.426s][info][gc] GC(10700) Pause Remark 72M->45M(154M) 0.400ms
[712.427s][info][gc] GC(10700) Pause Cleanup 45M->45M(154M) 0.023ms
[712.427s][info][gc] GC(10700) Concurrent Mark Cycle 4.450ms
[712.590s][info][gc] GC(10701) Pause Young (Prepare Mixed) (G1 Evacuation Pause) 123M->46M(154M) 1.287ms
[712.757s][info][gc] GC(10702) Pause Young (Mixed) (G1 Evacuation Pause) 131M->39M(154M) 1.316ms
[712.914s][info][gc] GC(10703) Pause Young (Normal) (G1 Evacuation Pause) 124M->39M(154M) 1.198ms
[713.079s][info][gc] GC(10704) Pause Young (Normal) (G1 Evacuation Pause) 124M->40M(154M) 1.263ms
[713.239s][info][gc] GC(10705) Pause Young (Normal) (G1 Evacuation Pause) 125M->41M(154M) 1.264ms
[713.407s][info][gc] GC(10706) Pause Young (Normal) (G1 Evacuation Pause) 125M->42M(154M) 1.298ms
[713.581s][info][gc] GC(10707) Pause Young (Normal) (G1 Evacuation Pause) 126M->42M(154M) 1.301ms
[713.741s][info][gc] GC(10708) Pause Young (Normal) (G1 Evacuation Pause) 127M->43M(154M) 1.341ms
[713.913s][info][gc] GC(10709) Pause Young (Normal) (G1 Evacuation Pause) 128M->43M(154M) 1.132ms
[714.075s][info][gc] GC(10710) Pause Young (Normal) (G1 Evacuation Pause) 128M->44M(154M) 1.175ms
[714.242s][info][gc] GC(10711) Pause Young (Normal) (G1 Evacuation Pause) 130M->45M(154M) 1.110ms
[714.411s][info][gc] GC(10712) Pause Young (Normal) (G1 Evacuation Pause) 129M->46M(154M) 1.180ms
[714.571s][info][gc] GC(10713) Pause Young (Normal) (G1 Evacuation Pause) 131M->46M(154M) 1.183ms
[714.737s][info][gc] GC(10714) Pause Young (Normal) (G1 Evacuation Pause) 131M->47M(154M) 1.259ms
[714.895s][info][gc] GC(10715) Pause Young (Normal) (G1 Evacuation Pause) 131M->48M(154M) 1.195ms
[715.063s][info][gc] GC(10716) Pause Young (Normal) (G1 Evacuation Pause) 133M->48M(154M) 1.169ms
[715.236s][info][gc] GC(10717) Pause Young (Normal) (G1 Evacuation Pause) 133M->50M(154M) 1.214ms
[715.396s][info][gc] GC(10718) Pause Young (Normal) (G1 Evacuation Pause) 134M->50M(154M) 1.173ms
[715.555s][info][gc] GC(10719) Pause Young (Normal) (G1 Evacuation Pause) 135M->51M(154M) 1.113ms
[715.719s][info][gc] GC(10720) Pause Young (Normal) (G1 Evacuation Pause) 136M->52M(154M) 1.193ms
[715.888s][info][gc] GC(10721) Pause Young (Normal) (G1 Evacuation Pause) 135M->52M(154M) 1.211ms
[716.065s][info][gc] GC(10722) Pause Young (Normal) (G1 Evacuation Pause) 136M->53M(154M) 1.237ms
[716.220s][info][gc] GC(10723) Pause Young (Normal) (G1 Evacuation Pause) 135M->54M(154M) 1.193ms
[716.380s][info][gc] GC(10724) Pause Young (Normal) (G1 Evacuation Pause) 136M->55M(154M) 1.125ms
[716.539s][info][gc] GC(10725) Pause Young (Normal) (G1 Evacuation Pause) 135M->55M(154M) 1.169ms
[716.702s][info][gc] GC(10726) Pause Young (Normal) (G1 Evacuation Pause) 136M->56M(154M) 1.159ms
[716.853s][info][gc] GC(10727) Pause Young (Normal) (G1 Evacuation Pause) 136M->56M(154M) 1.113ms
[717.012s][info][gc] GC(10728) Pause Young (Normal) (G1 Evacuation Pause) 137M->57M(154M) 1.123ms
[717.166s][info][gc] GC(10729) Pause Young (Normal) (G1 Evacuation Pause) 138M->57M(154M) 1.074ms
[717.328s][info][gc] GC(10730) Pause Young (Concurrent Start) (G1 Evacuation Pause) 137M->58M(154M) 1.151ms
[717.328s][info][gc] GC(10731) Concurrent Mark Cycle
[717.333s][info][gc] GC(10731) Pause Remark 62M->57M(154M) 0.474ms
[717.337s][info][gc] GC(10731) Pause Cleanup 60M->60M(154M) 0.026ms
[717.337s][info][gc] GC(10731) Concurrent Mark Cycle 9.473ms
[717.470s][info][gc] GC(10732) Pause Young (Prepare Mixed) (G1 Evacuation Pause) 130M->53M(154M) 1.116ms
[717.643s][info][gc] GC(10733) Pause Young (Mixed) (G1 Evacuation Pause) 138M->53M(154M) 1.206ms
[717.810s][info][gc] GC(10734) Pause Young (Normal) (G1 Evacuation Pause) 137M->53M(154M) 1.188ms
[717.967s][info][gc] GC(10735) Pause Young (Normal) (G1 Evacuation Pause) 137M->54M(154M) 1.215ms
[718.137s][info][gc] GC(10736) Pause Young (Normal) (G1 Evacuation Pause) 137M->55M(154M) 1.338ms
[718.295s][info][gc] GC(10737) Pause Young (Normal) (G1 Evacuation Pause) 137M->56M(154M) 1.208ms
[718.459s][info][gc] GC(10738) Pause Young (Normal) (G1 Evacuation Pause) 137M->56M(154M) 1.078ms
[718.608s][info][gc] GC(10739) Pause Young (Normal) (G1 Evacuation Pause) 136M->57M(154M) 0.987ms
[718.776s][info][gc] GC(10740) Pause Young (Normal) (G1 Evacuation Pause) 138M->58M(154M) 1.178ms
[718.926s][info][gc] GC(10741) Pause Young (Normal) (G1 Evacuation Pause) 137M->58M(154M) 1.149ms
[719.081s][info][gc] GC(10742) Pause Young (Concurrent Start) (G1 Evacuation Pause) 138M->59M(154M) 1.105ms
[719.081s][info][gc] GC(10743) Concurrent Mark Cycle
[719.087s][info][gc] GC(10743) Pause Remark 60M->60M(154M) 0.458ms
[719.092s][info][gc] GC(10743) Pause Cleanup 64M->64M(154M) 0.027ms
[719.092s][info][gc] GC(10743) Concurrent Mark Cycle 10.997ms
[719.240s][info][gc] GC(10744) Pause Young (Prepare Mixed) (G1 Evacuation Pause) 138M->60M(154M) 1.079ms
[719.385s][info][gc] GC(10745) Pause Young (Mixed) (G1 Evacuation Pause) 137M->58M(154M) 1.346ms
[719.537s][info][gc] GC(10746) Pause Young (Concurrent Start) (G1 Evacuation Pause) 138M->59M(154M) 1.020ms
[719.537s][info][gc] GC(10747) Concurrent Mark Cycle
[719.544s][info][gc] GC(10747) Pause Remark 60M->60M(154M) 0.649ms
[719.550s][info][gc] GC(10747) Pause Cleanup 61M->61M(154M) 0.029ms
[719.550s][info][gc] GC(10747) Concurrent Mark Cycle 12.916ms
[719.701s][info][gc] GC(10748) Pause Young (Prepare Mixed) (G1 Evacuation Pause) 138M->60M(154M) 1.083ms
[719.849s][info][gc] GC(10749) Pause Young (Mixed) (G1 Evacuation Pause) 137M->59M(154M) 1.307ms
[720.009s][info][gc] GC(10750) Pause Young (Concurrent Start) (G1 Evacuation Pause) 138M->60M(154M) 1.903ms
[720.009s][info][gc] GC(10751) Concurrent Mark Cycle
[720.020s][info][gc] GC(10751) Pause Remark 65M->65M(154M) 0.853ms
[720.028s][info][gc] GC(10751) Pause Cleanup 65M->65M(154M) 0.050ms
[720.028s][info][gc] GC(10751) Concurrent Mark Cycle 18.595ms
[720.165s][info][gc] GC(10752) Pause Young (Prepare Mixed) (G1 Evacuation Pause) 137M->60M(154M) 1.028ms
[720.329s][info][gc] GC(10753) Pause Young (Mixed) (G1 Evacuation Pause) 138M->60M(154M) 1.334ms
[720.474s][info][gc] GC(10754) Pause Young (Concurrent Start) (G1 Evacuation Pause) 137M->61M(154M) 1.181ms
[720.474s][info][gc] GC(10755) Concurrent Mark Cycle
[720.481s][info][gc] GC(10755) Pause Remark 65M->65M(154M) 0.472ms
[720.487s][info][gc] GC(10755) Pause Cleanup 66M->66M(154M) 0.023ms
[720.487s][info][gc] GC(10755) Concurrent Mark Cycle 13.252ms
[720.630s][info][gc] GC(10756) Pause Young (Prepare Mixed) (G1 Evacuation Pause) 138M->61M(154M) 1.086ms
[720.780s][info][gc] GC(10757) Pause Young (Mixed) (G1 Evacuation Pause) 138M->62M(154M) 1.336ms
[720.935s][info][gc] GC(10758) Pause Young (Concurrent Start) (G1 Evacuation Pause) 138M->62M(154M) 1.143ms
[720.935s][info][gc] GC(10759) Concurrent Mark Cycle
[720.942s][info][gc] GC(10759) Pause Remark 66M->66M(154M) 0.498ms
[720.950s][info][gc] GC(10759) Pause Cleanup 72M->72M(154M) 0.034ms
[720.950s][info][gc] GC(10759) Concurrent Mark Cycle 14.933ms
[721.089s][info][gc] GC(10760) Pause Young (Prepare Mixed) (G1 Evacuation Pause) 138M->63M(154M) 1.142ms
[721.243s][info][gc] GC(10761) Pause Young (Mixed) (G1 Evacuation Pause) 137M->63M(154M) 1.415ms
[721.388s][info][gc] GC(10762) Pause Young (Concurrent Start) (G1 Evacuation Pause) 138M->64M(154M) 1.132ms
[721.388s][info][gc] GC(10763) Concurrent Mark Cycle
[721.395s][info][gc] GC(10763) Pause Remark 69M->69M(154M) 0.470ms
[721.403s][info][gc] GC(10763) Pause Cleanup 74M->74M(154M) 0.024ms
[721.403s][info][gc] GC(10763) Concurrent Mark Cycle 14.945ms
[721.528s][info][gc] GC(10764) Pause Young (Prepare Mixed) (G1 Evacuation Pause) 138M->65M(154M) 1.047ms
[721.675s][info][gc] GC(10765) Pause Young (Mixed) (G1 Evacuation Pause) 138M->65M(154M) 1.109ms
[721.816s][info][gc] GC(10766) Pause Young (Concurrent Start) (G1 Evacuation Pause) 138M->66M(154M) 1.114ms
[721.816s][info][gc] GC(10767) Concurrent Mark Cycle
[721.824s][info][gc] GC(10767) Pause Remark 71M->71M(154M) 0.450ms
[721.831s][info][gc] GC(10767) Pause Cleanup 74M->74M(154M) 0.023ms
[721.831s][info][gc] GC(10767) Concurrent Mark Cycle 15.000ms
[721.949s][info][gc] GC(10768) Pause Young (Prepare Mixed) (G1 Evacuation Pause) 138M->66M(154M) 1.094ms
[722.090s][info][gc] GC(10769) Pause Young (Mixed) (G1 Evacuation Pause) 137M->67M(154M) 1.122ms
[722.230s][info][gc] GC(10770) Pause Young (Concurrent Start) (G1 Evacuation Pause) 138M->68M(154M) 1.133ms
[722.231s][info][gc] GC(10771) Concurrent Mark Cycle
[722.238s][info][gc] GC(10771) Pause Remark 69M->69M(154M) 0.454ms
[722.246s][info][gc] GC(10771) Pause Cleanup 76M->76M(154M) 0.023ms
[722.246s][info][gc] GC(10771) Concurrent Mark Cycle 15.881ms
[722.363s][info][gc] GC(10772) Pause Young (Prepare Mixed) (G1 Evacuation Pause) 138M->67M(154M) 0.949ms
[722.504s][info][gc] GC(10773) Pause Young (Mixed) (G1 Evacuation Pause) 139M->69M(154M) 1.116ms
[722.636s][info][gc] GC(10774) Pause Young (Concurrent Start) (G1 Evacuation Pause) 137M->69M(154M) 1.180ms
[722.636s][info][gc] GC(10775) Concurrent Mark Cycle
[722.645s][info][gc] GC(10775) Pause Remark 74M->74M(154M) 0.465ms
[722.653s][info][gc] GC(10775) Pause Cleanup 80M->80M(154M) 0.024ms
[722.653s][info][gc] GC(10775) Concurrent Mark Cycle 16.744ms
[722.814s][info][gc] GC(10776) Pause Young (Prepare Mixed) (G1 Evacuation Pause) 138M->71M(154M) 1.205ms
[722.935s][info][gc] GC(10777) Pause Young (Mixed) (G1 Evacuation Pause) 137M->71M(154M) 1.308ms
[723.078s][info][gc] GC(10778) Pause Young (Concurrent Start) (G1 Evacuation Pause) 138M->72M(154M) 1.128ms
[723.078s][info][gc] GC(10779) Concurrent Mark Cycle
[723.082s][info][gc] GC(10779) Pause Remark 74M->43M(140M) 0.462ms
[723.083s][info][gc] GC(10779) Pause Cleanup 43M->43M(140M) 0.024ms
[723.083s][info][gc] GC(10779) Concurrent Mark Cycle 4.767ms
[723.212s][info][gc] GC(10780) Pause Young (Prepare Mixed) (G1 Evacuation Pause) 109M->41M(140M) 1.110ms
[723.356s][info][gc] GC(10781) Pause Young (Mixed) (G1 Evacuation Pause) 119M->37M(140M) 1.345ms
[723.506s][info][gc] GC(10782) Pause Young (Normal) (G1 Evacuation Pause) 114M->38M(140M) 1.150ms
[723.655s][info][gc] GC(10783) Pause Young (Normal) (G1 Evacuation Pause) 116M->39M(140M) 1.164ms
[723.810s][info][gc] GC(10784) Pause Young (Normal) (G1 Evacuation Pause) 116M->39M(140M) 1.376ms
[723.985s][info][gc] GC(10785) Pause Young (Normal) (G1 Evacuation Pause) 116M->40M(140M) 2.186ms
[724.164s][info][gc] GC(10786) Pause Young (Normal) (G1 Evacuation Pause) 118M->40M(140M) 1.451ms
[724.316s][info][gc] GC(10787) Pause Young (Normal) (G1 Evacuation Pause) 118M->41M(140M) 1.202ms
[724.484s][info][gc] GC(10788) Pause Young (Normal) (G1 Evacuation Pause) 118M->42M(140M) 1.094ms
[724.629s][info][gc] GC(10789) Pause Young (Normal) (G1 Evacuation Pause) 119M->43M(140M) 1.106ms
[724.792s][info][gc] GC(10790) Pause Young (Normal) (G1 Evacuation Pause) 120M->43M(140M) 1.179ms
[724.936s][info][gc] GC(10791) Pause Young (Normal) (G1 Evacuation Pause) 120M->44M(140M) 1.178ms
[725.096s][info][gc] GC(10792) Pause Young (Normal) (G1 Evacuation Pause) 122M->44M(140M) 1.106ms
[725.243s][info][gc] GC(10793) Pause Young (Normal) (G1 Evacuation Pause) 122M->45M(140M) 1.093ms
[725.399s][info][gc] GC(10794) Pause Young (Normal) (G1 Evacuation Pause) 122M->45M(140M) 1.087ms
[725.551s][info][gc] GC(10795) Pause Young (Normal) (G1 Evacuation Pause) 122M->47M(140M) 1.143ms
[725.708s][info][gc] GC(10796) Pause Young (Normal) (G1 Evacuation Pause) 124M->47M(140M) 1.127ms
[725.862s][info][gc] GC(10797) Pause Young (Normal) (G1 Evacuation Pause) 125M->48M(140M) 1.083ms
[726.016s][info][gc] GC(10798) Pause Young (Normal) (G1 Evacuation Pause) 125M->48M(140M) 1.146ms
[726.164s][info][gc] GC(10799) Pause Young (Normal) (G1 Evacuation Pause) 126M->49M(140M) 1.197ms
[726.321s][info][gc] GC(10800) Pause Young (Normal) (G1 Evacuation Pause) 126M->50M(140M) 1.093ms
[726.474s][info][gc] GC(10801) Pause Young (Normal) (G1 Evacuation Pause) 127M->50M(140M) 1.075ms
[726.622s][info][gc] GC(10802) Pause Young (Normal) (G1 Evacuation Pause) 126M->50M(140M) 0.968ms
[726.784s][info][gc] GC(10803) Pause Young (Normal) (G1 Evacuation Pause) 126M->51M(140M) 1.276ms
[726.926s][info][gc] GC(10804) Pause Young (Normal) (G1 Evacuation Pause) 124M->52M(140M) 1.140ms
[727.080s][info][gc] GC(10805) Pause Young (Normal) (G1 Evacuation Pause) 126M->53M(140M) 1.152ms
[727.218s][info][gc] GC(10806) Pause Young (Concurrent Start) (G1 Evacuation Pause) 126M->53M(140M) 1.139ms
[727.218s][info][gc] GC(10807) Concurrent Mark Cycle
[727.227s][info][gc] GC(10807) Pause Remark 55M->54M(140M) 0.497ms
[727.231s][info][gc] GC(10807) Pause Cleanup 55M->55M(140M) 0.039ms
[727.231s][info][gc] GC(10807) Concurrent Mark Cycle 12.772ms
[727.382s][info][gc] GC(10808) Pause Young (Prepare Mixed) (G1 Evacuation Pause) 125M->53M(140M) 1.699ms
[727.542s][info][gc] GC(10809) Pause Young (Mixed) (G1 Evacuation Pause) 126M->51M(140M) 1.332ms
[727.688s][info][gc] GC(10810) Pause Young (Normal) (G1 Evacuation Pause) 126M->52M(140M) 1.130ms
[727.846s][info][gc] GC(10811) Pause Young (Normal) (G1 Evacuation Pause) 125M->52M(140M) 1.165ms
[727.987s][info][gc] GC(10812) Pause Young (Normal) (G1 Evacuation Pause) 126M->53M(140M) 1.105ms
[728.124s][info][gc] GC(10813) Pause Young (Concurrent Start) (G1 Evacuation Pause) 126M->53M(140M) 1.052ms
[728.125s][info][gc] GC(10814) Concurrent Mark Cycle
[728.131s][info][gc] GC(10814) Pause Remark 57M->57M(140M) 0.471ms
[728.135s][info][gc] GC(10814) Pause Cleanup 60M->60M(140M) 0.033ms
[728.135s][info][gc] GC(10814) Concurrent Mark Cycle 10.462ms
[728.277s][info][gc] GC(10815) Pause Young (Prepare Mixed) (G1 Evacuation Pause) 125M->54M(140M) 1.058ms
[728.414s][info][gc] GC(10816) Pause Young (Mixed) (G1 Evacuation Pause) 126M->54M(140M) 1.348ms
[728.576s][info][gc] GC(10817) Pause Young (Concurrent Start) (G1 Evacuation Pause) 126M->54M(140M) 1.256ms
[728.576s][info][gc] GC(10818) Concurrent Mark Cycle
[728.583s][info][gc] GC(10818) Pause Remark 59M->59M(140M) 0.479ms
[728.587s][info][gc] GC(10818) Pause Cleanup 60M->60M(140M) 0.025ms
[728.587s][info][gc] GC(10818) Concurrent Mark Cycle 10.680ms
[728.714s][info][gc] GC(10819) Pause Young (Prepare Mixed) (G1 Evacuation Pause) 126M->55M(140M) 1.068ms
[728.856s][info][gc] GC(10820) Pause Young (Mixed) (G1 Evacuation Pause) 126M->54M(140M) 1.259ms
[729.004s][info][gc] GC(10821) Pause Young (Concurrent Start) (G1 Evacuation Pause) 126M->55M(140M) 1.053ms
[729.004s][info][gc] GC(10822) Concurrent Mark Cycle
[729.011s][info][gc] GC(10822) Pause Remark 59M->59M(140M) 0.462ms
[729.014s][info][gc] GC(10822) Pause Cleanup 60M->60M(140M) 0.023ms
[729.014s][info][gc] GC(10822) Concurrent Mark Cycle 10.422ms
[729.151s][info][gc] GC(10823) Pause Young (Prepare Mixed) (G1 Evacuation Pause) 126M->55M(140M) 1.045ms
[729.282s][info][gc] GC(10824) Pause Young (Mixed) (G1 Evacuation Pause) 125M->55M(140M) 1.351ms
[729.438s][info][gc] GC(10825) Pause Young (Concurrent Start) (G1 Evacuation Pause) 126M->55M(140M) 1.115ms
[729.438s][info][gc] GC(10826) Concurrent Mark Cycle
[729.445s][info][gc] GC(10826) Pause Remark 59M->59M(140M) 0.460ms
[729.449s][info][gc] GC(10826) Pause Cleanup 62M->62M(140M) 0.032ms
[729.449s][info][gc] GC(10826) Concurrent Mark Cycle 11.439ms
[729.580s][info][gc] GC(10827) Pause Young (Prepare Mixed) (G1 Evacuation Pause) 124M->56M(140M) 1.081ms
[729.712s][info][gc] GC(10828) Pause Young (Mixed) (G1 Evacuation Pause) 126M->55M(140M) 1.099ms
[729.859s][info][gc] GC(10829) Pause Young (Concurrent Start) (G1 Evacuation Pause) 128M->55M(140M) 1.080ms
[729.859s][info][gc] GC(10830) Concurrent Mark Cycle
[729.867s][info][gc] GC(10830) Pause Remark 58M->58M(140M) 0.448ms
[729.870s][info][gc] GC(10830) Pause Cleanup 59M->59M(140M) 0.026ms
[729.871s][info][gc] GC(10830) Concurrent Mark Cycle 11.533ms
[730.002s][info][gc] GC(10831) Pause Young (Prepare Mixed) (G1 Evacuation Pause) 126M->56M(140M) 1.095ms
[730.147s][info][gc] GC(10832) Pause Young (Mixed) (G1 Evacuation Pause) 126M->56M(140M) 1.183ms
[730.276s][info][gc] GC(10833) Pause Young (Concurrent Start) (G1 Evacuation Pause) 126M->57M(140M) 1.132ms
[730.276s][info][gc] GC(10834) Concurrent Mark Cycle
[730.284s][info][gc] GC(10834) Pause Remark 61M->61M(140M) 0.468ms
[730.288s][info][gc] GC(10834) Pause Cleanup 64M->64M(140M) 0.028ms
[730.288s][info][gc] GC(10834) Concurrent Mark Cycle 11.893ms
[730.408s][info][gc] GC(10835) Pause Young (Prepare Mixed) (G1 Evacuation Pause) 126M->57M(140M) 0.959ms
[730.548s][info][gc] GC(10836) Pause Young (Mixed) (G1 Evacuation Pause) 125M->58M(140M) 1.057ms
[730.685s][info][gc] GC(10837) Pause Young (Concurrent Start) (G1 Evacuation Pause) 126M->59M(140M) 1.131ms
[730.685s][info][gc] GC(10838) Concurrent Mark Cycle
[730.693s][info][gc] GC(10838) Pause Remark 62M->62M(140M) 0.461ms
[730.698s][info][gc] GC(10838) Pause Cleanup 63M->63M(140M) 0.022ms
[730.698s][info][gc] GC(10838) Concurrent Mark Cycle 12.791ms
[730.821s][info][gc] GC(10839) Pause Young (Prepare Mixed) (G1 Evacuation Pause) 126M->59M(140M) 1.069ms
[730.955s][info][gc] GC(10840) Pause Young (Mixed) (G1 Evacuation Pause) 125M->59M(140M) 1.144ms
[731.098s][info][gc] GC(10841) Pause Young (Concurrent Start) (G1 Evacuation Pause) 126M->60M(140M) 1.077ms
[731.098s][info][gc] GC(10842) Concurrent Mark Cycle
[731.105s][info][gc] GC(10842) Pause Remark 65M->65M(140M) 0.604ms
[731.111s][info][gc] GC(10842) Pause Cleanup 69M->69M(140M) 0.026ms
[731.111s][info][gc] GC(10842) Concurrent Mark Cycle 13.110ms
[731.222s][info][gc] GC(10843) Pause Young (Prepare Mixed) (G1 Evacuation Pause) 125M->61M(140M) 0.973ms
[731.355s][info][gc] GC(10844) Pause Young (Mixed) (G1 Evacuation Pause) 127M->61M(140M) 0.978ms
[731.474s][info][gc] GC(10845) Pause Young (Concurrent Start) (G1 Evacuation Pause) 125M->62M(140M) 0.998ms
[731.474s][info][gc] GC(10846) Concurrent Mark Cycle
[731.482s][info][gc] GC(10846) Pause Remark 64M->64M(140M) 0.445ms
[731.486s][info][gc] GC(10846) Pause Cleanup 65M->65M(140M) 0.021ms
[731.487s][info][gc] GC(10846) Concurrent Mark Cycle 12.694ms
[731.607s][info][gc] GC(10847) Pause Young (Prepare Mixed) (G1 Evacuation Pause) 126M->62M(140M) 0.952ms
[731.735s][info][gc] GC(10848) Pause Young (Mixed) (G1 Evacuation Pause) 127M->62M(140M) 1.063ms
[731.863s][info][gc] GC(10849) Pause Young (Concurrent Start) (G1 Evacuation Pause) 127M->63M(140M) 1.012ms
[731.863s][info][gc] GC(10850) Concurrent Mark Cycle
[731.872s][info][gc] GC(10850) Pause Remark 68M->68M(140M) 0.555ms
[731.878s][info][gc] GC(10850) Pause Cleanup 71M->71M(140M) 0.029ms
[731.878s][info][gc] GC(10850) Concurrent Mark Cycle 14.726ms
[731.987s][info][gc] GC(10851) Pause Young (Prepare Mixed) (G1 Evacuation Pause) 127M->64M(140M) 0.952ms
[732.120s][info][gc] GC(10852) Pause Young (Mixed) (G1 Evacuation Pause) 128M->64M(140M) 0.991ms
[732.237s][info][gc] GC(10853) Pause Young (Concurrent Start) (G1 Evacuation Pause) 127M->65M(140M) 0.967ms
[732.237s][info][gc] GC(10854) Concurrent Mark Cycle
[732.246s][info][gc] GC(10854) Pause Remark 68M->68M(140M) 0.488ms
[732.252s][info][gc] GC(10854) Pause Cleanup 69M->69M(140M) 0.023ms
[732.252s][info][gc] GC(10854) Concurrent Mark Cycle 14.712ms
[732.365s][info][gc] GC(10855) Pause Young (Prepare Mixed) (G1 Evacuation Pause) 126M->65M(140M) 0.983ms
[732.484s][info][gc] GC(10856) Pause Young (Mixed) (G1 Evacuation Pause) 127M->65M(140M) 0.973ms
[732.598s][info][gc] GC(10857) Pause Young (Concurrent Start) (G1 Evacuation Pause) 127M->66M(140M) 0.925ms
[732.598s][info][gc] GC(10858) Concurrent Mark Cycle
[732.607s][info][gc] GC(10858) Pause Remark 71M->71M(140M) 0.458ms
[732.613s][info][gc] GC(10858) Pause Cleanup 75M->75M(140M) 0.023ms
[732.613s][info][gc] GC(10858) Concurrent Mark Cycle 14.791ms
[732.717s][info][gc] GC(10859) Pause Young (Prepare Mixed) (G1 Evacuation Pause) 126M->66M(140M) 0.972ms
[732.850s][info][gc] GC(10860) Pause Young (Mixed) (G1 Evacuation Pause) 127M->67M(140M) 1.094ms
[732.979s][info][gc] GC(10861) Pause Young (Concurrent Start) (G1 Evacuation Pause) 127M->67M(140M) 1.000ms
[732.979s][info][gc] GC(10862) Concurrent Mark Cycle
[732.988s][info][gc] GC(10862) Pause Remark 74M->74M(140M) 0.496ms
[732.995s][info][gc] GC(10862) Pause Cleanup 77M->77M(140M) 0.024ms
[732.995s][info][gc] GC(10862) Concurrent Mark Cycle 16.453ms
[733.094s][info][gc] GC(10863) Pause Young (Prepare Mixed) (G1 Evacuation Pause) 127M->68M(140M) 0.935ms
[733.221s][info][gc] GC(10864) Pause Young (Mixed) (G1 Evacuation Pause) 127M->68M(140M) 2.148ms
[733.382s][info][gc] GC(10865) Pause Young (Concurrent Start) (G1 Evacuation Pause) 126M->69M(140M) 1.105ms
[733.382s][info][gc] GC(10866) Concurrent Mark Cycle
[733.386s][info][gc] GC(10866) Pause Remark 72M->46M(140M) 0.459ms
[733.387s][info][gc] GC(10866) Pause Cleanup 47M->47M(140M) 0.027ms
[733.387s][info][gc] GC(10866) Concurrent Mark Cycle 4.750ms
[733.493s][info][gc] GC(10867) Pause Young (Prepare Mixed) (G1 Evacuation Pause) 99M->44M(140M) 1.171ms
[733.655s][info][gc] GC(10868) Pause Young (Mixed) (G1 Evacuation Pause) 123M->37M(140M) 1.248ms
[733.836s][info][gc] GC(10869) Pause Young (Normal) (G1 Evacuation Pause) 116M->37M(140M) 1.026ms
[733.987s][info][gc] GC(10870) Pause Young (Normal) (G1 Evacuation Pause) 115M->38M(140M) 1.125ms
[734.152s][info][gc] GC(10871) Pause Young (Normal) (G1 Evacuation Pause) 116M->38M(140M) 1.470ms
[734.303s][info][gc] GC(10872) Pause Young (Normal) (G1 Evacuation Pause) 115M->38M(140M) 1.281ms
[734.463s][info][gc] GC(10873) Pause Young (Normal) (G1 Evacuation Pause) 116M->39M(140M) 1.223ms
[734.619s][info][gc] GC(10874) Pause Young (Normal) (G1 Evacuation Pause) 116M->40M(140M) 1.222ms
[734.784s][info][gc] GC(10875) Pause Young (Normal) (G1 Evacuation Pause) 118M->41M(140M) 1.089ms
[734.924s][info][gc] GC(10876) Pause Young (Normal) (G1 Evacuation Pause) 118M->41M(140M) 1.089ms
[735.088s][info][gc] GC(10877) Pause Young (Normal) (G1 Evacuation Pause) 119M->42M(140M) 1.127ms
[735.235s][info][gc] GC(10878) Pause Young (Normal) (G1 Evacuation Pause) 119M->43M(140M) 1.178ms
[735.388s][info][gc] GC(10879) Pause Young (Normal) (G1 Evacuation Pause) 121M->44M(140M) 1.057ms
[735.529s][info][gc] GC(10880) Pause Young (Normal) (G1 Evacuation Pause) 121M->44M(140M) 1.092ms
[735.691s][info][gc] GC(10881) Pause Young (Normal) (G1 Evacuation Pause) 121M->45M(140M) 1.153ms
[735.838s][info][gc] GC(10882) Pause Young (Normal) (G1 Evacuation Pause) 122M->45M(140M) 1.148ms
[735.993s][info][gc] GC(10883) Pause Young (Normal) (G1 Evacuation Pause) 123M->46M(140M) 1.147ms
[736.140s][info][gc] GC(10884) Pause Young (Normal) (G1 Evacuation Pause) 124M->47M(140M) 1.077ms
[736.304s][info][gc] GC(10885) Pause Young (Normal) (G1 Evacuation Pause) 125M->48M(140M) 1.085ms
[736.445s][info][gc] GC(10886) Pause Young (Normal) (G1 Evacuation Pause) 125M->48M(140M) 1.139ms
[736.601s][info][gc] GC(10887) Pause Young (Normal) (G1 Evacuation Pause) 126M->48M(140M) 1.136ms
[736.749s][info][gc] GC(10888) Pause Young (Normal) (G1 Evacuation Pause) 126M->49M(140M) 1.087ms
[736.909s][info][gc] GC(10889) Pause Young (Normal) (G1 Evacuation Pause) 126M->50M(140M) 1.089ms
[737.048s][info][gc] GC(10890) Pause Young (Normal) (G1 Evacuation Pause) 126M->50M(140M) 1.032ms
[737.188s][info][gc] GC(10891) Pause Young (Normal) (G1 Evacuation Pause) 126M->50M(140M) 0.945ms
[737.342s][info][gc] GC(10892) Pause Young (Normal) (G1 Evacuation Pause) 126M->52M(140M) 1.114ms
[737.477s][info][gc] GC(10893) Pause Young (Normal) (G1 Evacuation Pause) 125M->52M(140M) 1.090ms
[737.623s][info][gc] GC(10894) Pause Young (Normal) (G1 Evacuation Pause) 126M->53M(140M) 1.046ms
[737.771s][info][gc] GC(10895) Pause Young (Concurrent Start) (G1 Evacuation Pause) 126M->54M(140M) 1.137ms
[737.771s][info][gc] GC(10896) Concurrent Mark Cycle
[737.777s][info][gc] GC(10896) Pause Remark 58M->56M(140M) 0.452ms
[737.780s][info][gc] GC(10896) Pause Cleanup 58M->58M(140M) 0.026ms
[737.780s][info][gc] GC(10896) Concurrent Mark Cycle 8.656ms
[737.924s][info][gc] GC(10897) Pause Young (Prepare Mixed) (G1 Evacuation Pause) 124M->52M(140M) 1.176ms
[738.068s][info][gc] GC(10898) Pause Young (Mixed) (G1 Evacuation Pause) 126M->51M(140M) 1.147ms
[738.204s][info][gc] GC(10899) Pause Young (Normal) (G1 Evacuation Pause) 126M->52M(140M) 1.034ms
[738.351s][info][gc] GC(10900) Pause Young (Normal) (G1 Evacuation Pause) 125M->53M(140M) 1.083ms
[738.491s][info][gc] GC(10901) Pause Young (Normal) (G1 Evacuation Pause) 127M->53M(140M) 1.024ms
[738.647s][info][gc] GC(10902) Pause Young (Concurrent Start) (G1 Evacuation Pause) 126M->54M(140M) 1.067ms
[738.647s][info][gc] GC(10903) Concurrent Mark Cycle
[738.652s][info][gc] GC(10903) Pause Remark 56M->56M(140M) 0.457ms
[738.656s][info][gc] GC(10903) Pause Cleanup 58M->58M(140M) 0.032ms
[738.656s][info][gc] GC(10903) Concurrent Mark Cycle 9.327ms
[738.786s][info][gc] GC(10904) Pause Young (Prepare Mixed) (G1 Evacuation Pause) 126M->54M(140M) 1.099ms
[738.919s][info][gc] GC(10905) Pause Young (Mixed) (G1 Evacuation Pause) 126M->53M(140M) 1.169ms
[739.063s][info][gc] GC(10906) Pause Young (Concurrent Start) (G1 Evacuation Pause) 125M->54M(140M) 1.080ms
[739.063s][info][gc] GC(10907) Concurrent Mark Cycle
[739.069s][info][gc] GC(10907) Pause Remark 59M->59M(140M) 0.451ms
[739.072s][info][gc] GC(10907) Pause Cleanup 61M->61M(140M) 0.024ms
[739.072s][info][gc] GC(10907) Concurrent Mark Cycle 8.973ms
[739.200s][info][gc] GC(10908) Pause Young (Prepare Mixed) (G1 Evacuation Pause) 126M->55M(140M) 1.157ms
[739.339s][info][gc] GC(10909) Pause Young (Mixed) (G1 Evacuation Pause) 126M->54M(140M) 1.182ms
[739.484s][info][gc] GC(10910) Pause Young (Concurrent Start) (G1 Evacuation Pause) 126M->54M(140M) 1.037ms
[739.484s][info][gc] GC(10911) Concurrent Mark Cycle
[739.490s][info][gc] GC(10911) Pause Remark 58M->58M(140M) 0.463ms
[739.494s][info][gc] GC(10911) Pause Cleanup 60M->60M(140M) 0.026ms
[739.494s][info][gc] GC(10911) Concurrent Mark Cycle 9.867ms
[739.627s][info][gc] GC(10912) Pause Young (Prepare Mixed) (G1 Evacuation Pause) 126M->55M(140M) 1.145ms
[739.778s][info][gc] GC(10913) Pause Young (Mixed) (G1 Evacuation Pause) 126M->54M(140M) 1.302ms
[739.916s][info][gc] GC(10914) Pause Young (Concurrent Start) (G1 Evacuation Pause) 126M->55M(140M) 1.105ms
[739.916s][info][gc] GC(10915) Concurrent Mark Cycle
[739.924s][info][gc] GC(10915) Pause Remark 60M->60M(140M) 0.515ms
[739.927s][info][gc] GC(10915) Pause Cleanup 62M->62M(140M) 0.027ms
[739.928s][info][gc] GC(10915) Concurrent Mark Cycle 11.376ms
[740.052s][info][gc] GC(10916) Pause Young (Prepare Mixed) (G1 Evacuation Pause) 126M->56M(140M) 1.037ms
[740.203s][info][gc] GC(10917) Pause Young (Mixed) (G1 Evacuation Pause) 126M->56M(140M) 1.235ms
[740.332s][info][gc] GC(10918) Pause Young (Concurrent Start) (G1 Evacuation Pause) 126M->57M(140M) 1.073ms
[740.332s][info][gc] GC(10919) Concurrent Mark Cycle
[740.339s][info][gc] GC(10919) Pause Remark 59M->59M(140M) 0.479ms
[740.343s][info][gc] GC(10919) Pause Cleanup 60M->60M(140M) 0.023ms
[740.343s][info][gc] GC(10919) Concurrent Mark Cycle 11.416ms
[740.469s][info][gc] GC(10920) Pause Young (Prepare Mixed) (G1 Evacuation Pause) 126M->57M(140M) 1.024ms
[740.615s][info][gc] GC(10921) Pause Young (Mixed) (G1 Evacuation Pause) 125M->57M(140M) 1.169ms
[740.742s][info][gc] GC(10922) Pause Young (Concurrent Start) (G1 Evacuation Pause) 126M->57M(140M) 1.110ms
[740.742s][info][gc] GC(10923) Concurrent Mark Cycle
[740.748s][info][gc] GC(10923) Pause Remark 60M->60M(140M) 0.463ms
[740.753s][info][gc] GC(10923) Pause Cleanup 61M->61M(140M) 0.028ms
[740.753s][info][gc] GC(10923) Concurrent Mark Cycle 10.532ms
[740.879s][info][gc] GC(10924) Pause Young (Prepare Mixed) (G1 Evacuation Pause) 125M->58M(140M) 1.027ms
[741.012s][info][gc] GC(10925) Pause Young (Mixed) (G1 Evacuation Pause) 125M->58M(140M) 1.153ms
[741.152s][info][gc] GC(10926) Pause Young (Concurrent Start) (G1 Evacuation Pause) 126M->59M(140M) 1.112ms
[741.152s][info][gc] GC(10927) Concurrent Mark Cycle
[741.159s][info][gc] GC(10927) Pause Remark 62M->62M(140M) 0.485ms
[741.163s][info][gc] GC(10927) Pause Cleanup 64M->64M(140M) 0.022ms
[741.163s][info][gc] GC(10927) Concurrent Mark Cycle 11.005ms
[741.285s][info][gc] GC(10928) Pause Young (Prepare Mixed) (G1 Evacuation Pause) 126M->60M(140M) 1.111ms
[741.409s][info][gc] GC(10929) Pause Young (Mixed) (G1 Evacuation Pause) 126M->60M(140M) 1.120ms
[741.542s][info][gc] GC(10930) Pause Young (Concurrent Start) (G1 Evacuation Pause) 126M->60M(140M) 0.949ms
[741.542s][info][gc] GC(10931) Concurrent Mark Cycle
[741.549s][info][gc] GC(10931) Pause Remark 61M->61M(140M) 0.467ms
[741.553s][info][gc] GC(10931) Pause Cleanup 62M->62M(140M) 0.024ms
[741.553s][info][gc] GC(10931) Concurrent Mark Cycle 11.469ms
[741.674s][info][gc] GC(10932) Pause Young (Prepare Mixed) (G1 Evacuation Pause) 127M->61M(140M) 1.063ms
[741.809s][info][gc] GC(10933) Pause Young (Mixed) (G1 Evacuation Pause) 126M->61M(140M) 1.170ms
[741.933s][info][gc] GC(10934) Pause Young (Concurrent Start) (G1 Evacuation Pause) 125M->62M(140M) 1.021ms
[741.933s][info][gc] GC(10935) Concurrent Mark Cycle
[741.940s][info][gc] GC(10935) Pause Remark 68M->68M(140M) 0.452ms
[741.944s][info][gc] GC(10935) Pause Cleanup 70M->70M(140M) 0.021ms
[741.944s][info][gc] GC(10935) Concurrent Mark Cycle 11.423ms
[742.057s][info][gc] GC(10936) Pause Young (Prepare Mixed) (G1 Evacuation Pause) 126M->62M(140M) 0.889ms
[742.188s][info][gc] GC(10937) Pause Young (Mixed) (G1 Evacuation Pause) 127M->62M(140M) 1.055ms
[742.314s][info][gc] GC(10938) Pause Young (Concurrent Start) (G1 Evacuation Pause) 125M->63M(140M) 1.034ms
[742.314s][info][gc] GC(10939) Concurrent Mark Cycle
[742.322s][info][gc] GC(10939) Pause Remark 66M->66M(140M) 0.454ms
[742.326s][info][gc] GC(10939) Pause Cleanup 69M->69M(140M) 0.022ms
[742.326s][info][gc] GC(10939) Concurrent Mark Cycle 11.630ms
[742.436s][info][gc] GC(10940) Pause Young (Prepare Mixed) (G1 Evacuation Pause) 127M->64M(140M) 0.961ms
[742.558s][info][gc] GC(10941) Pause Young (Mixed) (G1 Evacuation Pause) 127M->64M(140M) 1.012ms
[742.690s][info][gc] GC(10942) Pause Young (Concurrent Start) (G1 Evacuation Pause) 127M->65M(140M) 0.981ms
[742.690s][info][gc] GC(10943) Concurrent Mark Cycle
[742.698s][info][gc] GC(10943) Pause Remark 68M->68M(140M) 0.491ms
[742.703s][info][gc] GC(10943) Pause Cleanup 72M->72M(140M) 0.022ms
[742.703s][info][gc] GC(10943) Concurrent Mark Cycle 12.487ms
[742.803s][info][gc] GC(10944) Pause Young (Prepare Mixed) (G1 Evacuation Pause) 125M->65M(140M) 0.937ms
[742.924s][info][gc] GC(10945) Pause Young (Mixed) (G1 Evacuation Pause) 127M->65M(140M) 1.122ms
[743.052s][info][gc] GC(10946) Pause Young (Concurrent Start) (G1 Evacuation Pause) 127M->66M(140M) 0.976ms
[743.052s][info][gc] GC(10947) Concurrent Mark Cycle
[743.060s][info][gc] GC(10947) Pause Remark 72M->72M(140M) 0.469ms
[743.064s][info][gc] GC(10947) Pause Cleanup 74M->74M(140M) 0.021ms
[743.065s][info][gc] GC(10947) Concurrent Mark Cycle 12.777ms
[743.166s][info][gc] GC(10948) Pause Young (Prepare Mixed) (G1 Evacuation Pause) 125M->67M(140M) 0.908ms
[743.291s][info][gc] GC(10949) Pause Young (Mixed) (G1 Evacuation Pause) 127M->67M(140M) 1.020ms
[743.405s][info][gc] GC(10950) Pause Young (Concurrent Start) (G1 Evacuation Pause) 126M->67M(140M) 1.011ms
[743.405s][info][gc] GC(10951) Concurrent Mark Cycle
[743.413s][info][gc] GC(10951) Pause Remark 72M->72M(140M) 0.446ms
[743.416s][info][gc] GC(10951) Pause Cleanup 74M->74M(140M) 0.004ms
[743.416s][info][gc] GC(10951) Concurrent Mark Cycle 11.238ms
[743.522s][info][gc] GC(10952) Pause Young (Normal) (G1 Evacuation Pause) 127M->68M(140M) 0.941ms
[743.637s][info][gc] GC(10953) Pause Young (Concurrent Start) (G1 Evacuation Pause) 127M->69M(140M) 0.953ms
[743.637s][info][gc] GC(10954) Concurrent Mark Cycle
[743.645s][info][gc] GC(10954) Pause Remark 75M->75M(140M) 0.509ms
[743.651s][info][gc] GC(10954) Pause Cleanup 79M->79M(140M) 0.020ms
[743.651s][info][gc] GC(10954) Concurrent Mark Cycle 13.495ms
[743.786s][info][gc] GC(10955) Pause Young (Normal) (G1 Evacuation Pause) 127M->70M(140M) 1.027ms
[743.900s][info][gc] GC(10956) Pause Young (Concurrent Start) (G1 Evacuation Pause) 125M->71M(140M) 1.050ms
[743.900s][info][gc] GC(10957) Concurrent Mark Cycle
[743.904s][info][gc] GC(10957) Pause Remark 73M->45M(140M) 0.458ms
[743.905s][info][gc] GC(10957) Pause Cleanup 45M->45M(140M) 0.025ms
[743.905s][info][gc] GC(10957) Concurrent Mark Cycle 5.058ms
[744.011s][info][gc] GC(10958) Pause Young (Prepare Mixed) (G1 Evacuation Pause) 99M->43M(140M) 1.004ms
[744.181s][info][gc] GC(10959) Pause Young (Mixed) (G1 Evacuation Pause) 122M->37M(140M) 1.175ms
[744.344s][info][gc] GC(10960) Pause Young (Normal) (G1 Evacuation Pause) 115M->38M(140M) 1.099ms
[744.499s][info][gc] GC(10961) Pause Young (Normal) (G1 Evacuation Pause) 116M->38M(140M) 1.125ms
[744.660s][info][gc] GC(10962) Pause Young (Normal) (G1 Evacuation Pause) 116M->39M(140M) 1.128ms
[744.823s][info][gc] GC(10963) Pause Young (Normal) (G1 Evacuation Pause) 116M->40M(140M) 1.205ms
[744.969s][info][gc] GC(10964) Pause Young (Normal) (G1 Evacuation Pause) 117M->40M(140M) 1.245ms
[745.119s][info][gc] GC(10965) Pause Young (Normal) (G1 Evacuation Pause) 118M->41M(140M) 1.009ms
[745.287s][info][gc] GC(10966) Pause Young (Normal) (G1 Evacuation Pause) 119M->42M(140M) 1.304ms
[745.449s][info][gc] GC(10967) Pause Young (Normal) (G1 Evacuation Pause) 119M->42M(140M) 1.145ms
[745.621s][info][gc] GC(10968) Pause Young (Normal) (G1 Evacuation Pause) 120M->43M(140M) 1.066ms
[745.784s][info][gc] GC(10969) Pause Young (Normal) (G1 Evacuation Pause) 120M->43M(140M) 1.173ms
[745.949s][info][gc] GC(10970) Pause Young (Normal) (G1 Evacuation Pause) 120M->44M(140M) 1.205ms
[746.103s][info][gc] GC(10971) Pause Young (Normal) (G1 Evacuation Pause) 122M->45M(140M) 1.066ms
[746.265s][info][gc] GC(10972) Pause Young (Normal) (G1 Evacuation Pause) 123M->46M(140M) 1.070ms
[746.427s][info][gc] GC(10973) Pause Young (Normal) (G1 Evacuation Pause) 123M->46M(140M) 1.323ms
[746.585s][info][gc] GC(10974) Pause Young (Normal) (G1 Evacuation Pause) 124M->46M(140M) 1.072ms
[746.731s][info][gc] GC(10975) Pause Young (Normal) (G1 Evacuation Pause) 123M->47M(140M) 1.125ms
[746.888s][info][gc] GC(10976) Pause Young (Normal) (G1 Evacuation Pause) 124M->48M(140M) 1.128ms
[747.036s][info][gc] GC(10977) Pause Young (Normal) (G1 Evacuation Pause) 126M->49M(140M) 1.038ms
[747.192s][info][gc] GC(10978) Pause Young (Normal) (G1 Evacuation Pause) 127M->50M(140M) 1.075ms
[747.332s][info][gc] GC(10979) Pause Young (Normal) (G1 Evacuation Pause) 126M->50M(140M) 1.172ms
[747.479s][info][gc] GC(10980) Pause Young (Normal) (G1 Evacuation Pause) 124M->50M(140M) 1.064ms
[747.628s][info][gc] GC(10981) Pause Young (Normal) (G1 Evacuation Pause) 126M->51M(140M) 1.017ms
[747.782s][info][gc] GC(10982) Pause Young (Normal) (G1 Evacuation Pause) 125M->52M(140M) 1.136ms
[747.917s][info][gc] GC(10983) Pause Young (Normal) (G1 Evacuation Pause) 125M->52M(140M) 1.098ms
[748.052s][info][gc] GC(10984) Pause Young (Concurrent Start) (G1 Evacuation Pause) 125M->53M(140M) 0.990ms
[748.052s][info][gc] GC(10985) Concurrent Mark Cycle
[748.058s][info][gc] GC(10985) Pause Remark 57M->55M(140M) 0.454ms
[748.061s][info][gc] GC(10985) Pause Cleanup 57M->57M(140M) 0.023ms
[748.061s][info][gc] GC(10985) Concurrent Mark Cycle 8.963ms
[748.202s][info][gc] GC(10986) Pause Young (Prepare Mixed) (G1 Evacuation Pause) 124M->52M(140M) 1.065ms
[748.342s][info][gc] GC(10987) Pause Young (Mixed) (G1 Evacuation Pause) 126M->51M(140M) 1.118ms
[748.491s][info][gc] GC(10988) Pause Young (Normal) (G1 Evacuation Pause) 126M->51M(140M) 0.978ms
[748.642s][info][gc] GC(10989) Pause Young (Normal) (G1 Evacuation Pause) 126M->52M(140M) 1.117ms
[748.774s][info][gc] GC(10990) Pause Young (Normal) (G1 Evacuation Pause) 125M->52M(140M) 1.083ms
[748.923s][info][gc] GC(10991) Pause Young (Normal) (G1 Evacuation Pause) 126M->53M(140M) 1.019ms
[749.063s][info][gc] GC(10992) Pause Young (Concurrent Start) (G1 Evacuation Pause) 126M->53M(140M) 1.006ms
[749.063s][info][gc] GC(10993) Concurrent Mark Cycle
[749.069s][info][gc] GC(10993) Pause Remark 56M->56M(140M) 0.439ms
[749.073s][info][gc] GC(10993) Pause Cleanup 58M->58M(140M) 0.026ms
[749.073s][info][gc] GC(10993) Concurrent Mark Cycle 10.707ms
[749.210s][info][gc] GC(10994) Pause Young (Prepare Mixed) (G1 Evacuation Pause) 125M->54M(140M) 1.010ms
[749.349s][info][gc] GC(10995) Pause Young (Mixed) (G1 Evacuation Pause) 126M->53M(140M) 1.202ms
[749.484s][info][gc] GC(10996) Pause Young (Concurrent Start) (G1 Evacuation Pause) 126M->54M(140M) 1.091ms
[749.484s][info][gc] GC(10997) Concurrent Mark Cycle
[749.491s][info][gc] GC(10997) Pause Remark 59M->59M(140M) 0.450ms
[749.496s][info][gc] GC(10997) Pause Cleanup 60M->60M(140M) 0.026ms
[749.496s][info][gc] GC(10997) Concurrent Mark Cycle 11.592ms
[749.631s][info][gc] GC(10998) Pause Young (Prepare Mixed) (G1 Evacuation Pause) 126M->54M(140M) 1.053ms
[749.765s][info][gc] GC(10999) Pause Young (Mixed) (G1 Evacuation Pause) 125M->54M(140M) 1.242ms
[749.901s][info][gc] GC(11000) Pause Young (Concurrent Start) (G1 Evacuation Pause) 126M->54M(140M) 1.035ms
[749.901s][info][gc] GC(11001) Concurrent Mark Cycle
[749.908s][info][gc] GC(11001) Pause Remark 57M->57M(140M) 0.438ms
[749.913s][info][gc] GC(11001) Pause Cleanup 57M->57M(140M) 0.023ms
[749.913s][info][gc] GC(11001) Concurrent Mark Cycle 11.486ms
[750.046s][info][gc] GC(11002) Pause Young (Prepare Mixed) (G1 Evacuation Pause) 125M->55M(140M) 1.058ms
[750.189s][info][gc] GC(11003) Pause Young (Mixed) (G1 Evacuation Pause) 126M->55M(140M) 1.264ms
[750.342s][info][gc] GC(11004) Pause Young (Concurrent Start) (G1 Evacuation Pause) 126M->55M(140M) 1.079ms
[750.342s][info][gc] GC(11005) Concurrent Mark Cycle
[750.350s][info][gc] GC(11005) Pause Remark 60M->60M(140M) 0.450ms
[750.355s][info][gc] GC(11005) Pause Cleanup 63M->63M(140M) 0.024ms
[750.355s][info][gc] GC(11005) Concurrent Mark Cycle 12.770ms
[750.477s][info][gc] GC(11006) Pause Young (Prepare Mixed) (G1 Evacuation Pause) 126M->56M(140M) 1.128ms
[750.612s][info][gc] GC(11007) Pause Young (Mixed) (G1 Evacuation Pause) 126M->56M(140M) 1.167ms
[750.761s][info][gc] GC(11008) Pause Young (Concurrent Start) (G1 Evacuation Pause) 126M->56M(140M) 1.141ms
[750.762s][info][gc] GC(11009) Concurrent Mark Cycle
[750.769s][info][gc] GC(11009) Pause Remark 61M->61M(140M) 0.484ms
[750.775s][info][gc] GC(11009) Pause Cleanup 65M->65M(140M) 0.028ms
[750.775s][info][gc] GC(11009) Concurrent Mark Cycle 13.734ms
[750.893s][info][gc] GC(11010) Pause Young (Prepare Mixed) (G1 Evacuation Pause) 125M->57M(140M) 1.150ms
[751.032s][info][gc] GC(11011) Pause Young (Mixed) (G1 Evacuation Pause) 126M->57M(140M) 1.166ms
[751.164s][info][gc] GC(11012) Pause Young (Concurrent Start) (G1 Evacuation Pause) 126M->58M(140M) 1.053ms
[751.164s][info][gc] GC(11013) Concurrent Mark Cycle
[751.172s][info][gc] GC(11013) Pause Remark 61M->61M(140M) 0.466ms
[751.178s][info][gc] GC(11013) Pause Cleanup 61M->61M(140M) 0.025ms
[751.178s][info][gc] GC(11013) Concurrent Mark Cycle 14.094ms
[751.309s][info][gc] GC(11014) Pause Young (Prepare Mixed) (G1 Evacuation Pause) 126M->59M(140M) 1.115ms
[751.443s][info][gc] GC(11015) Pause Young (Mixed) (G1 Evacuation Pause) 126M->58M(140M) 1.174ms
[751.570s][info][gc] GC(11016) Pause Young (Concurrent Start) (G1 Evacuation Pause) 126M->59M(140M) 1.078ms
[751.570s][info][gc] GC(11017) Concurrent Mark Cycle
[751.578s][info][gc] GC(11017) Pause Remark 64M->64M(140M) 0.450ms
[751.584s][info][gc] GC(11017) Pause Cleanup 69M->69M(140M) 0.023ms
[751.584s][info][gc] GC(11017) Concurrent Mark Cycle 13.842ms
[751.709s][info][gc] GC(11018) Pause Young (Prepare Mixed) (G1 Evacuation Pause) 125M->60M(140M) 1.131ms
[751.838s][info][gc] GC(11019) Pause Young (Mixed) (G1 Evacuation Pause) 127M->60M(140M) 1.010ms
[751.964s][info][gc] GC(11020) Pause Young (Concurrent Start) (G1 Evacuation Pause) 125M->61M(140M) 1.051ms
[751.964s][info][gc] GC(11021) Concurrent Mark Cycle
[751.973s][info][gc] GC(11021) Pause Remark 65M->65M(140M) 0.458ms
[751.979s][info][gc] GC(11021) Pause Cleanup 69M->69M(140M) 0.022ms
[751.979s][info][gc] GC(11021) Concurrent Mark Cycle 14.829ms
[752.088s][info][gc] GC(11022) Pause Young (Prepare Mixed) (G1 Evacuation Pause) 126M->61M(140M) 0.937ms
[752.221s][info][gc] GC(11023) Pause Young (Mixed) (G1 Evacuation Pause) 127M->61M(140M) 0.990ms
[752.346s][info][gc] GC(11024) Pause Young (Concurrent Start) (G1 Evacuation Pause) 127M->62M(140M) 1.041ms
[752.346s][info][gc] GC(11025) Concurrent Mark Cycle
[752.355s][info][gc] GC(11025) Pause Remark 67M->67M(140M) 0.454ms
[752.361s][info][gc] GC(11025) Pause Cleanup 71M->71M(140M) 0.023ms
[752.361s][info][gc] GC(11025) Concurrent Mark Cycle 15.259ms
[752.466s][info][gc] GC(11026) Pause Young (Prepare Mixed) (G1 Evacuation Pause) 127M->63M(140M) 0.978ms
[752.587s][info][gc] GC(11027) Pause Young (Mixed) (G1 Evacuation Pause) 126M->63M(140M) 1.105ms
[752.710s][info][gc] GC(11028) Pause Young (Concurrent Start) (G1 Evacuation Pause) 127M->64M(140M) 0.981ms
[752.710s][info][gc] GC(11029) Concurrent Mark Cycle
[752.719s][info][gc] GC(11029) Pause Remark 71M->71M(140M) 0.448ms
[752.726s][info][gc] GC(11029) Pause Cleanup 71M->71M(140M) 0.022ms
[752.726s][info][gc] GC(11029) Concurrent Mark Cycle 15.641ms
[752.832s][info][gc] GC(11030) Pause Young (Prepare Mixed) (G1 Evacuation Pause) 126M->64M(140M) 0.899ms
[752.955s][info][gc] GC(11031) Pause Young (Mixed) (G1 Evacuation Pause) 127M->65M(140M) 1.102ms
[753.075s][info][gc] GC(11032) Pause Young (Concurrent Start) (G1 Evacuation Pause) 126M->65M(140M) 1.088ms
[753.075s][info][gc] GC(11033) Concurrent Mark Cycle
[753.085s][info][gc] GC(11033) Pause Remark 70M->70M(140M) 0.467ms
[753.092s][info][gc] GC(11033) Pause Cleanup 71M->71M(140M) 0.022ms
[753.092s][info][gc] GC(11033) Concurrent Mark Cycle 16.610ms
[753.201s][info][gc] GC(11034) Pause Young (Prepare Mixed) (G1 Evacuation Pause) 127M->66M(140M) 0.974ms
[753.314s][info][gc] GC(11035) Pause Young (Mixed) (G1 Evacuation Pause) 126M->66M(140M) 0.982ms
[753.433s][info][gc] GC(11036) Pause Young (Concurrent Start) (G1 Evacuation Pause) 127M->66M(140M) 0.970ms
[753.433s][info][gc] GC(11037) Concurrent Mark Cycle
[753.443s][info][gc] GC(11037) Pause Remark 72M->72M(140M) 0.447ms
[753.450s][info][gc] GC(11037) Pause Cleanup 73M->73M(140M) 0.038ms
[753.450s][info][gc] GC(11037) Concurrent Mark Cycle 17.002ms
[753.564s][info][gc] GC(11038) Pause Young (Prepare Mixed) (G1 Evacuation Pause) 127M->67M(140M) 0.939ms
[753.688s][info][gc] GC(11039) Pause Young (Mixed) (G1 Evacuation Pause) 127M->67M(140M) 1.035ms
[753.808s][info][gc] GC(11040) Pause Young (Concurrent Start) (G1 Evacuation Pause) 127M->68M(140M) 1.013ms
[753.808s][info][gc] GC(11041) Concurrent Mark Cycle
[753.818s][info][gc] GC(11041) Pause Remark 74M->74M(140M) 0.454ms
[753.826s][info][gc] GC(11041) Pause Cleanup 79M->79M(140M) 0.023ms
[753.826s][info][gc] GC(11041) Concurrent Mark Cycle 18.248ms
[753.920s][info][gc] GC(11042) Pause Young (Prepare Mixed) (G1 Evacuation Pause) 127M->69M(140M) 0.929ms
[754.034s][info][gc] GC(11043) Pause Young (Mixed) (G1 Evacuation Pause) 127M->68M(140M) 2.102ms
[754.147s][info][gc] GC(11044) Pause Young (Concurrent Start) (G1 Evacuation Pause) 127M->69M(140M) 0.937ms
[754.147s][info][gc] GC(11045) Concurrent Mark Cycle
[754.155s][info][gc] GC(11045) Pause Remark 72M->72M(140M) 0.466ms
[754.163s][info][gc] GC(11045) Pause Cleanup 77M->77M(140M) 0.037ms
[754.163s][info][gc] GC(11045) Concurrent Mark Cycle 16.071ms
[754.307s][info][gc] GC(11046) Pause Young (Prepare Mixed) (G1 Evacuation Pause) 127M->70M(140M) 1.053ms
[754.408s][info][gc] GC(11047) Pause Young (Mixed) (G1 Evacuation Pause) 126M->71M(140M) 1.131ms
[754.519s][info][gc] GC(11048) Pause Young (Concurrent Start) (G1 Evacuation Pause) 127M->71M(140M) 1.016ms
[754.519s][info][gc] GC(11049) Concurrent Mark Cycle
[754.522s][info][gc] GC(11049) Pause Remark 73M->43M(140M) 0.452ms
[754.523s][info][gc] GC(11049) Pause Cleanup 44M->44M(140M) 0.024ms
[754.523s][info][gc] GC(11049) Concurrent Mark Cycle 4.351ms
[754.626s][info][gc] GC(11050) Pause Young (Prepare Mixed) (G1 Evacuation Pause) 97M->41M(140M) 0.958ms
[754.786s][info][gc] GC(11051) Pause Young (Mixed) (G1 Evacuation Pause) 120M->36M(140M) 1.107ms
[754.933s][info][gc] GC(11052) Pause Young (Normal) (G1 Evacuation Pause) 115M->37M(140M) 1.114ms
[755.086s][info][gc] GC(11053) Pause Young (Normal) (G1 Evacuation Pause) 115M->38M(140M) 1.103ms
[755.235s][info][gc] GC(11054) Pause Young (Normal) (G1 Evacuation Pause) 116M->39M(140M) 1.143ms
[755.384s][info][gc] GC(11055) Pause Young (Normal) (G1 Evacuation Pause) 116M->39M(140M) 1.249ms
[755.530s][info][gc] GC(11056) Pause Young (Normal) (G1 Evacuation Pause) 117M->40M(140M) 1.006ms
[755.691s][info][gc] GC(11057) Pause Young (Normal) (G1 Evacuation Pause) 118M->40M(140M) 1.102ms
[755.839s][info][gc] GC(11058) Pause Young (Normal) (G1 Evacuation Pause) 117M->41M(140M) 1.151ms
[756.006s][info][gc] GC(11059) Pause Young (Normal) (G1 Evacuation Pause) 119M->42M(140M) 1.070ms
[756.163s][info][gc] GC(11060) Pause Young (Normal) (G1 Evacuation Pause) 120M->43M(140M) 1.100ms
[756.311s][info][gc] GC(11061) Pause Young (Normal) (G1 Evacuation Pause) 119M->43M(140M) 1.077ms
[756.475s][info][gc] GC(11062) Pause Young (Normal) (G1 Evacuation Pause) 121M->43M(140M) 1.025ms
[756.627s][info][gc] GC(11063) Pause Young (Normal) (G1 Evacuation Pause) 120M->44M(140M) 1.105ms
[756.781s][info][gc] GC(11064) Pause Young (Normal) (G1 Evacuation Pause) 121M->45M(140M) 1.151ms
[756.923s][info][gc] GC(11065) Pause Young (Normal) (G1 Evacuation Pause) 122M->45M(140M) 0.980ms
[757.089s][info][gc] GC(11066) Pause Young (Normal) (G1 Evacuation Pause) 124M->46M(140M) 1.107ms
[757.232s][info][gc] GC(11067) Pause Young (Normal) (G1 Evacuation Pause) 123M->46M(140M) 1.021ms
[757.392s][info][gc] GC(11068) Pause Young (Normal) (G1 Evacuation Pause) 124M->47M(140M) 1.052ms
[757.532s][info][gc] GC(11069) Pause Young (Normal) (G1 Evacuation Pause) 124M->47M(140M) 1.044ms
[757.692s][info][gc] GC(11070) Pause Young (Normal) (G1 Evacuation Pause) 125M->49M(140M) 1.151ms
[757.827s][info][gc] GC(11071) Pause Young (Normal) (G1 Evacuation Pause) 125M->49M(140M) 1.020ms
[757.978s][info][gc] GC(11072) Pause Young (Normal) (G1 Evacuation Pause) 125M->50M(140M) 1.015ms
[758.125s][info][gc] GC(11073) Pause Young (Normal) (G1 Evacuation Pause) 124M->51M(140M) 1.109ms
[758.269s][info][gc] GC(11074) Pause Young (Normal) (G1 Evacuation Pause) 125M->51M(140M) 1.089ms
[758.412s][info][gc] GC(11075) Pause Young (Normal) (G1 Evacuation Pause) 124M->52M(140M) 1.173ms
[758.569s][info][gc] GC(11076) Pause Young (Normal) (G1 Evacuation Pause) 126M->52M(140M) 1.052ms
[758.703s][info][gc] GC(11077) Pause Young (Concurrent Start) (G1 Evacuation Pause) 125M->53M(140M) 1.126ms
[758.703s][info][gc] GC(11078) Concurrent Mark Cycle
[758.708s][info][gc] GC(11078) Pause Remark 56M->55M(140M) 0.446ms
[758.712s][info][gc] GC(11078) Pause Cleanup 59M->59M(140M) 0.023ms
[758.712s][info][gc] GC(11078) Concurrent Mark Cycle 8.957ms
[758.846s][info][gc] GC(11079) Pause Young (Prepare Mixed) (G1 Evacuation Pause) 125M->53M(140M) 1.020ms
[758.998s][info][gc] GC(11080) Pause Young (Mixed) (G1 Evacuation Pause) 126M->52M(140M) 1.089ms
[759.139s][info][gc] GC(11081) Pause Young (Normal) (G1 Evacuation Pause) 126M->53M(140M) 1.031ms
[759.282s][info][gc] GC(11082) Pause Young (Concurrent Start) (G1 Evacuation Pause) 126M->53M(140M) 1.054ms
[759.282s][info][gc] GC(11083) Concurrent Mark Cycle
[759.288s][info][gc] GC(11083) Pause Remark 57M->57M(140M) 0.446ms
[759.292s][info][gc] GC(11083) Pause Cleanup 60M->60M(140M) 0.025ms
[759.292s][info][gc] GC(11083) Concurrent Mark Cycle 9.300ms
[759.424s][info][gc] GC(11084) Pause Young (Prepare Mixed) (G1 Evacuation Pause) 126M->54M(140M) 1.074ms
[759.565s][info][gc] GC(11085) Pause Young (Mixed) (G1 Evacuation Pause) 126M->52M(140M) 1.099ms
[759.715s][info][gc] GC(11086) Pause Young (Concurrent Start) (G1 Evacuation Pause) 125M->53M(140M) 1.064ms
[759.715s][info][gc] GC(11087) Concurrent Mark Cycle
[759.720s][info][gc] GC(11087) Pause Remark 57M->57M(140M) 0.442ms
[759.724s][info][gc] GC(11087) Pause Cleanup 59M->59M(140M) 0.023ms
[759.724s][info][gc] GC(11087) Concurrent Mark Cycle 9.649ms
[759.851s][info][gc] GC(11088) Pause Young (Prepare Mixed) (G1 Evacuation Pause) 125M->54M(140M) 1.035ms
[760.001s][info][gc] GC(11089) Pause Young (Mixed) (G1 Evacuation Pause) 126M->53M(140M) 1.207ms
[760.137s][info][gc] GC(11090) Pause Young (Concurrent Start) (G1 Evacuation Pause) 126M->54M(140M) 1.063ms
[760.137s][info][gc] GC(11091) Concurrent Mark Cycle
[760.142s][info][gc] GC(11091) Pause Remark 59M->59M(140M) 0.460ms
[760.147s][info][gc] GC(11091) Pause Cleanup 61M->61M(140M) 0.025ms
[760.147s][info][gc] GC(11091) Concurrent Mark Cycle 10.470ms
[760.275s][info][gc] GC(11092) Pause Young (Prepare Mixed) (G1 Evacuation Pause) 126M->54M(140M) 1.037ms
[760.423s][info][gc] GC(11093) Pause Young (Mixed) (G1 Evacuation Pause) 125M->54M(140M) 1.245ms
[760.563s][info][gc] GC(11094) Pause Young (Concurrent Start) (G1 Evacuation Pause) 126M->54M(140M) 1.024ms
[760.563s][info][gc] GC(11095) Concurrent Mark Cycle
[760.569s][info][gc] GC(11095) Pause Remark 58M->58M(140M) 0.452ms
[760.574s][info][gc] GC(11095) Pause Cleanup 62M->62M(140M) 0.024ms
[760.574s][info][gc] GC(11095) Concurrent Mark Cycle 10.773ms
[760.695s][info][gc] GC(11096) Pause Young (Prepare Mixed) (G1 Evacuation Pause) 125M->55M(140M) 1.027ms
[760.843s][info][gc] GC(11097) Pause Young (Mixed) (G1 Evacuation Pause) 126M->55M(140M) 1.224ms
[760.978s][info][gc] GC(11098) Pause Young (Concurrent Start) (G1 Evacuation Pause) 126M->55M(140M) 1.052ms
[760.978s][info][gc] GC(11099) Concurrent Mark Cycle
[760.984s][info][gc] GC(11099) Pause Remark 59M->59M(140M) 0.464ms
[760.990s][info][gc] GC(11099) Pause Cleanup 61M->61M(140M) 0.023ms
[760.990s][info][gc] GC(11099) Concurrent Mark Cycle 11.604ms
[761.120s][info][gc] GC(11100) Pause Young (Prepare Mixed) (G1 Evacuation Pause) 125M->56M(140M) 0.989ms
[761.266s][info][gc] GC(11101) Pause Young (Mixed) (G1 Evacuation Pause) 126M->56M(140M) 1.182ms
[761.392s][info][gc] GC(11102) Pause Young (Concurrent Start) (G1 Evacuation Pause) 124M->57M(140M) 1.113ms
[761.392s][info][gc] GC(11103) Concurrent Mark Cycle
[761.399s][info][gc] GC(11103) Pause Remark 59M->59M(140M) 0.457ms
[761.404s][info][gc] GC(11103) Pause Cleanup 63M->63M(140M) 0.024ms
[761.404s][info][gc] GC(11103) Concurrent Mark Cycle 12.029ms
[761.528s][info][gc] GC(11104) Pause Young (Prepare Mixed) (G1 Evacuation Pause) 126M->57M(140M) 0.886ms
[761.684s][info][gc] GC(11105) Pause Young (Mixed) (G1 Evacuation Pause) 127M->57M(140M) 1.181ms
[761.816s][info][gc] GC(11106) Pause Young (Concurrent Start) (G1 Evacuation Pause) 126M->58M(140M) 1.127ms
[761.816s][info][gc] GC(11107) Concurrent Mark Cycle
[761.823s][info][gc] GC(11107) Pause Remark 60M->60M(140M) 0.452ms
[761.829s][info][gc] GC(11107) Pause Cleanup 64M->64M(140M) 0.023ms
[761.829s][info][gc] GC(11107) Concurrent Mark Cycle 12.639ms
[761.943s][info][gc] GC(11108) Pause Young (Prepare Mixed) (G1 Evacuation Pause) 125M->59M(140M) 0.973ms
[762.081s][info][gc] GC(11109) Pause Young (Mixed) (G1 Evacuation Pause) 126M->59M(140M) 1.054ms
[762.212s][info][gc] GC(11110) Pause Young (Concurrent Start) (G1 Evacuation Pause) 127M->60M(140M) 1.058ms
[762.212s][info][gc] GC(11111) Concurrent Mark Cycle
[762.219s][info][gc] GC(11111) Pause Remark 63M->63M(140M) 0.481ms
[762.225s][info][gc] GC(11111) Pause Cleanup 66M->66M(140M) 0.024ms
[762.225s][info][gc] GC(11111) Concurrent Mark Cycle 13.704ms
[762.340s][info][gc] GC(11112) Pause Young (Prepare Mixed) (G1 Evacuation Pause) 126M->60M(140M) 1.038ms
[762.466s][info][gc] GC(11113) Pause Young (Mixed) (G1 Evacuation Pause) 127M->60M(140M) 1.066ms
[762.600s][info][gc] GC(11114) Pause Young (Concurrent Start) (G1 Evacuation Pause) 127M->61M(140M) 1.033ms
[762.600s][info][gc] GC(11115) Concurrent Mark Cycle
[762.607s][info][gc] GC(11115) Pause Remark 64M->64M(140M) 0.483ms
[762.614s][info][gc] GC(11115) Pause Cleanup 68M->68M(140M) 0.024ms
[762.614s][info][gc] GC(11115) Concurrent Mark Cycle 14.162ms
[762.732s][info][gc] GC(11116) Pause Young (Prepare Mixed) (G1 Evacuation Pause) 126M->62M(140M) 1.054ms
[762.856s][info][gc] GC(11117) Pause Young (Mixed) (G1 Evacuation Pause) 126M->62M(140M) 1.068ms
[762.974s][info][gc] GC(11118) Pause Young (Concurrent Start) (G1 Evacuation Pause) 125M->63M(140M) 1.007ms
[762.974s][info][gc] GC(11119) Concurrent Mark Cycle
[762.982s][info][gc] GC(11119) Pause Remark 67M->67M(140M) 0.494ms
[762.988s][info][gc] GC(11119) Pause Cleanup 72M->72M(140M) 0.022ms
[762.989s][info][gc] GC(11119) Concurrent Mark Cycle 14.208ms
[763.102s][info][gc] GC(11120) Pause Young (Prepare Mixed) (G1 Evacuation Pause) 126M->63M(140M) 0.922ms
[763.224s][info][gc] GC(11121) Pause Young (Mixed) (G1 Evacuation Pause) 125M->64M(140M) 1.103ms
[763.345s][info][gc] GC(11122) Pause Young (Concurrent Start) (G1 Evacuation Pause) 126M->64M(140M) 0.922ms
[763.345s][info][gc] GC(11123) Concurrent Mark Cycle
[763.352s][info][gc] GC(11123) Pause Remark 66M->66M(140M) 0.446ms
[763.360s][info][gc] GC(11123) Pause Cleanup 70M->70M(140M) 0.020ms
[763.360s][info][gc] GC(11123) Concurrent Mark Cycle 15.150ms
[763.473s][info][gc] GC(11124) Pause Young (Prepare Mixed) (G1 Evacuation Pause) 127M->64M(140M) 0.955ms
[763.595s][info][gc] GC(11125) Pause Young (Mixed) (G1 Evacuation Pause) 127M->65M(140M) 1.083ms
[763.716s][info][gc] GC(11126) Pause Young (Concurrent Start) (G1 Evacuation Pause) 127M->66M(140M) 1.006ms
[763.716s][info][gc] GC(11127) Concurrent Mark Cycle
[763.724s][info][gc] GC(11127) Pause Remark 70M->70M(140M) 0.443ms
[763.731s][info][gc] GC(11127) Pause Cleanup 71M->71M(140M) 0.022ms
[763.731s][info][gc] GC(11127) Concurrent Mark Cycle 15.470ms
[763.850s][info][gc] GC(11128) Pause Young (Prepare Mixed) (G1 Evacuation Pause) 127M->66M(140M) 0.949ms
[763.968s][info][gc] GC(11129) Pause Young (Mixed) (G1 Evacuation Pause) 127M->66M(140M) 1.043ms
[764.085s][info][gc] GC(11130) Pause Young (Concurrent Start) (G1 Evacuation Pause) 127M->67M(140M) 1.032ms
[764.085s][info][gc] GC(11131) Concurrent Mark Cycle
[764.094s][info][gc] GC(11131) Pause Remark 73M->73M(140M) 0.552ms
[764.105s][info][gc] GC(11131) Pause Cleanup 75M->75M(140M) 0.033ms
[764.105s][info][gc] GC(11131) Concurrent Mark Cycle 20.482ms
[764.216s][info][gc] GC(11132) Pause Young (Prepare Mixed) (G1 Evacuation Pause) 127M->68M(140M) 0.940ms
[764.334s][info][gc] GC(11133) Pause Young (Mixed) (G1 Evacuation Pause) 127M->68M(140M) 1.073ms
[764.452s][info][gc] GC(11134) Pause Young (Concurrent Start) (G1 Evacuation Pause) 127M->69M(140M) 0.881ms
[764.452s][info][gc] GC(11135) Concurrent Mark Cycle
[764.462s][info][gc] GC(11135) Pause Remark 74M->74M(140M) 0.473ms
[764.470s][info][gc] GC(11135) Pause Cleanup 79M->79M(140M) 0.021ms
[764.470s][info][gc] GC(11135) Concurrent Mark Cycle 18.054ms
[764.577s][info][gc] GC(11136) Pause Young (Prepare Mixed) (G1 Evacuation Pause) 128M->69M(140M) 1.026ms
[764.762s][info][gc] GC(11137) Pause Young (Mixed) (G1 Evacuation Pause) 127M->70M(140M) 1.288ms
[764.876s][info][gc] GC(11138) Pause Young (Concurrent Start) (G1 Evacuation Pause) 126M->71M(140M) 1.101ms
[764.876s][info][gc] GC(11139) Concurrent Mark Cycle
[764.880s][info][gc] GC(11139) Pause Remark 73M->46M(140M) 0.466ms
[764.881s][info][gc] GC(11139) Pause Cleanup 47M->47M(140M) 0.026ms
[764.882s][info][gc] GC(11139) Concurrent Mark Cycle 5.074ms
[764.986s][info][gc] GC(11140) Pause Young (Prepare Mixed) (G1 Evacuation Pause) 100M->43M(140M) 0.894ms
[765.157s][info][gc] GC(11141) Pause Young (Mixed) (G1 Evacuation Pause) 123M->38M(140M) 1.225ms
[765.301s][info][gc] GC(11142) Pause Young (Normal) (G1 Evacuation Pause) 116M->38M(140M) 1.089ms
[765.452s][info][gc] GC(11143) Pause Young (Normal) (G1 Evacuation Pause) 116M->39M(140M) 1.145ms
[765.597s][info][gc] GC(11144) Pause Young (Normal) (G1 Evacuation Pause) 116M->39M(140M) 1.115ms
[765.750s][info][gc] GC(11145) Pause Young (Normal) (G1 Evacuation Pause) 117M->40M(140M) 1.174ms
[765.901s][info][gc] GC(11146) Pause Young (Normal) (G1 Evacuation Pause) 117M->41M(140M) 1.221ms
[766.061s][info][gc] GC(11147) Pause Young (Normal) (G1 Evacuation Pause) 119M->41M(140M) 1.065ms
[766.211s][info][gc] GC(11148) Pause Young (Normal) (G1 Evacuation Pause) 119M->42M(140M) 1.123ms
[766.363s][info][gc] GC(11149) Pause Young (Normal) (G1 Evacuation Pause) 119M->42M(140M) 1.077ms
[766.522s][info][gc] GC(11150) Pause Young (Normal) (G1 Evacuation Pause) 119M->44M(140M) 1.146ms
[766.682s][info][gc] GC(11151) Pause Young (Normal) (G1 Evacuation Pause) 121M->44M(140M) 1.139ms
[766.837s][info][gc] GC(11152) Pause Young (Normal) (G1 Evacuation Pause) 122M->45M(140M) 1.031ms
[767.003s][info][gc] GC(11153) Pause Young (Normal) (G1 Evacuation Pause) 122M->45M(140M) 1.511ms
[767.147s][info][gc] GC(11154) Pause Young (Normal) (G1 Evacuation Pause) 122M->46M(140M) 1.115ms
[767.313s][info][gc] GC(11155) Pause Young (Normal) (G1 Evacuation Pause) 124M->47M(140M) 1.102ms
[767.452s][info][gc] GC(11156) Pause Young (Normal) (G1 Evacuation Pause) 124M->47M(140M) 1.118ms
[767.610s][info][gc] GC(11157) Pause Young (Normal) (G1 Evacuation Pause) 125M->48M(140M) 1.055ms
[767.752s][info][gc] GC(11158) Pause Young (Normal) (G1 Evacuation Pause) 125M->49M(140M) 1.138ms
[767.912s][info][gc] GC(11159) Pause Young (Normal) (G1 Evacuation Pause) 127M->49M(140M) 1.100ms
[768.055s][info][gc] GC(11160) Pause Young (Normal) (G1 Evacuation Pause) 126M->50M(140M) 1.058ms
[768.201s][info][gc] GC(11161) Pause Young (Normal) (G1 Evacuation Pause) 126M->51M(140M) 1.007ms
[768.346s][info][gc] GC(11162) Pause Young (Normal) (G1 Evacuation Pause) 127M->52M(140M) 1.069ms
[768.487s][info][gc] GC(11163) Pause Young (Normal) (G1 Evacuation Pause) 126M->52M(140M) 1.100ms
[768.640s][info][gc] GC(11164) Pause Young (Normal) (G1 Evacuation Pause) 126M->52M(140M) 1.068ms
[768.784s][info][gc] GC(11165) Pause Young (Normal) (G1 Evacuation Pause) 126M->53M(140M) 1.022ms
[768.932s][info][gc] GC(11166) Pause Young (Concurrent Start) (G1 Evacuation Pause) 126M->54M(140M) 1.081ms
[768.932s][info][gc] GC(11167) Concurrent Mark Cycle
[768.938s][info][gc] GC(11167) Pause Remark 56M->54M(140M) 0.447ms
[768.941s][info][gc] GC(11167) Pause Cleanup 56M->56M(140M) 0.024ms
[768.941s][info][gc] GC(11167) Concurrent Mark Cycle 9.200ms
[769.074s][info][gc] GC(11168) Pause Young (Prepare Mixed) (G1 Evacuation Pause) 124M->52M(140M) 1.086ms
[769.206s][info][gc] GC(11169) Pause Young (Mixed) (G1 Evacuation Pause) 126M->50M(140M) 0.918ms
[769.366s][info][gc] GC(11170) Pause Young (Normal) (G1 Evacuation Pause) 127M->52M(140M) 1.036ms
[769.502s][info][gc] GC(11171) Pause Young (Normal) (G1 Evacuation Pause) 125M->52M(140M) 1.102ms
[769.653s][info][gc] GC(11172) Pause Young (Normal) (G1 Evacuation Pause) 126M->53M(140M) 1.010ms
[769.793s][info][gc] GC(11173) Pause Young (Concurrent Start) (G1 Evacuation Pause) 126M->53M(140M) 1.037ms
[769.793s][info][gc] GC(11174) Concurrent Mark Cycle
[769.799s][info][gc] GC(11174) Pause Remark 57M->57M(140M) 0.443ms
[769.803s][info][gc] GC(11174) Pause Cleanup 58M->58M(140M) 0.028ms
[769.804s][info][gc] GC(11174) Concurrent Mark Cycle 10.555ms
[769.938s][info][gc] GC(11175) Pause Young (Prepare Mixed) (G1 Evacuation Pause) 126M->54M(140M) 1.058ms
[770.088s][info][gc] GC(11176) Pause Young (Mixed) (G1 Evacuation Pause) 126M->53M(140M) 1.127ms
[770.230s][info][gc] GC(11177) Pause Young (Concurrent Start) (G1 Evacuation Pause) 126M->54M(140M) 1.167ms
[770.230s][info][gc] GC(11178) Concurrent Mark Cycle
[770.237s][info][gc] GC(11178) Pause Remark 57M->57M(140M) 0.475ms
[770.241s][info][gc] GC(11178) Pause Cleanup 59M->59M(140M) 0.023ms
[770.241s][info][gc] GC(11178) Concurrent Mark Cycle 11.311ms
[770.382s][info][gc] GC(11179) Pause Young (Prepare Mixed) (G1 Evacuation Pause) 126M->55M(140M) 1.126ms
[770.518s][info][gc] GC(11180) Pause Young (Mixed) (G1 Evacuation Pause) 126M->53M(140M) 1.231ms
[770.648s][info][gc] GC(11181) Pause Young (Concurrent Start) (G1 Evacuation Pause) 125M->54M(140M) 1.035ms
[770.648s][info][gc] GC(11182) Concurrent Mark Cycle
[770.654s][info][gc] GC(11182) Pause Remark 58M->58M(140M) 0.448ms
[770.659s][info][gc] GC(11182) Pause Cleanup 59M->59M(140M) 0.037ms
[770.659s][info][gc] GC(11182) Concurrent Mark Cycle 10.906ms
[770.795s][info][gc] GC(11183) Pause Young (Prepare Mixed) (G1 Evacuation Pause) 126M->54M(140M) 1.070ms
[770.938s][info][gc] GC(11184) Pause Young (Mixed) (G1 Evacuation Pause) 125M->54M(140M) 1.252ms
[771.075s][info][gc] GC(11185) Pause Young (Concurrent Start) (G1 Evacuation Pause) 126M->54M(140M) 0.972ms
[771.075s][info][gc] GC(11186) Concurrent Mark Cycle
[771.081s][info][gc] GC(11186) Pause Remark 54M->54M(140M) 0.455ms
[771.086s][info][gc] GC(11186) Pause Cleanup 55M->55M(140M) 0.027ms
[771.086s][info][gc] GC(11186) Concurrent Mark Cycle 11.583ms
[771.230s][info][gc] GC(11187) Pause Young (Prepare Mixed) (G1 Evacuation Pause) 127M->55M(140M) 1.075ms
[771.356s][info][gc] GC(11188) Pause Young (Mixed) (G1 Evacuation Pause) 124M->55M(140M) 1.223ms
[771.507s][info][gc] GC(11189) Pause Young (Concurrent Start) (G1 Evacuation Pause) 126M->56M(140M) 1.074ms
[771.507s][info][gc] GC(11190) Concurrent Mark Cycle
[771.513s][info][gc] GC(11190) Pause Remark 60M->60M(140M) 0.449ms
[771.518s][info][gc] GC(11190) Pause Cleanup 65M->65M(140M) 0.023ms
[771.518s][info][gc] GC(11190) Concurrent Mark Cycle 11.728ms
[771.634s][info][gc] GC(11191) Pause Young (Prepare Mixed) (G1 Evacuation Pause) 126M->56M(140M) 1.021ms
[771.779s][info][gc] GC(11192) Pause Young (Mixed) (G1 Evacuation Pause) 125M->57M(140M) 1.217ms
[771.912s][info][gc] GC(11193) Pause Young (Concurrent Start) (G1 Evacuation Pause) 126M->57M(140M) 0.982ms
[771.912s][info][gc] GC(11194) Concurrent Mark Cycle
[771.918s][info][gc] GC(11194) Pause Remark 58M->58M(140M) 0.452ms
[771.924s][info][gc] GC(11194) Pause Cleanup 59M->59M(140M) 0.024ms
[771.924s][info][gc] GC(11194) Concurrent Mark Cycle 12.143ms
[772.046s][info][gc] GC(11195) Pause Young (Prepare Mixed) (G1 Evacuation Pause) 125M->58M(140M) 1.036ms
[772.178s][info][gc] GC(11196) Pause Young (Mixed) (G1 Evacuation Pause) 126M->58M(140M) 1.227ms
[772.309s][info][gc] GC(11197) Pause Young (Concurrent Start) (G1 Evacuation Pause) 126M->58M(140M) 1.024ms
[772.309s][info][gc] GC(11198) Concurrent Mark Cycle
[772.316s][info][gc] GC(11198) Pause Remark 62M->62M(140M) 0.450ms
[772.322s][info][gc] GC(11198) Pause Cleanup 64M->64M(140M) 0.024ms
[772.322s][info][gc] GC(11198) Concurrent Mark Cycle 13.101ms
[772.447s][info][gc] GC(11199) Pause Young (Prepare Mixed) (G1 Evacuation Pause) 127M->59M(140M) 1.002ms
[772.573s][info][gc] GC(11200) Pause Young (Mixed) (G1 Evacuation Pause) 126M->59M(140M) 1.242ms
[772.704s][info][gc] GC(11201) Pause Young (Concurrent Start) (G1 Evacuation Pause) 126M->60M(140M) 1.064ms
[772.704s][info][gc] GC(11202) Concurrent Mark Cycle
[772.711s][info][gc] GC(11202) Pause Remark 64M->64M(140M) 0.449ms
[772.717s][info][gc] GC(11202) Pause Cleanup 69M->69M(140M) 0.027ms
[772.717s][info][gc] GC(11202) Concurrent Mark Cycle 13.002ms
[772.826s][info][gc] GC(11203) Pause Young (Prepare Mixed) (G1 Evacuation Pause) 126M->61M(140M) 1.098ms
[772.961s][info][gc] GC(11204) Pause Young (Mixed) (G1 Evacuation Pause) 126M->61M(140M) 1.016ms
[773.088s][info][gc] GC(11205) Pause Young (Concurrent Start) (G1 Evacuation Pause) 127M->62M(140M) 1.018ms
[773.089s][info][gc] GC(11206) Concurrent Mark Cycle
[773.096s][info][gc] GC(11206) Pause Remark 65M->65M(140M) 0.454ms
[773.102s][info][gc] GC(11206) Pause Cleanup 68M->68M(140M) 0.023ms
[773.102s][info][gc] GC(11206) Concurrent Mark Cycle 13.888ms
[773.212s][info][gc] GC(11207) Pause Young (Prepare Mixed) (G1 Evacuation Pause) 126M->62M(140M) 0.980ms
[773.329s][info][gc] GC(11208) Pause Young (Mixed) (G1 Evacuation Pause) 125M->63M(140M) 1.126ms
[773.461s][info][gc] GC(11209) Pause Young (Concurrent Start) (G1 Evacuation Pause) 126M->63M(140M) 0.960ms
[773.461s][info][gc] GC(11210) Concurrent Mark Cycle
[773.468s][info][gc] GC(11210) Pause Remark 67M->67M(140M) 0.456ms
[773.475s][info][gc] GC(11210) Pause Cleanup 72M->72M(140M) 0.020ms
[773.475s][info][gc] GC(11210) Concurrent Mark Cycle 14.188ms
[773.583s][info][gc] GC(11211) Pause Young (Prepare Mixed) (G1 Evacuation Pause) 127M->63M(140M) 0.968ms
[773.717s][info][gc] GC(11212) Pause Young (Mixed) (G1 Evacuation Pause) 127M->65M(140M) 1.079ms
[773.836s][info][gc] GC(11213) Pause Young (Concurrent Start) (G1 Evacuation Pause) 126M->64M(140M) 0.976ms
[773.836s][info][gc] GC(11214) Concurrent Mark Cycle
[773.844s][info][gc] GC(11214) Pause Remark 69M->69M(140M) 0.469ms
[773.851s][info][gc] GC(11214) Pause Cleanup 73M->73M(140M) 0.024ms
[773.852s][info][gc] GC(11214) Concurrent Mark Cycle 15.411ms
[773.958s][info][gc] GC(11215) Pause Young (Prepare Mixed) (G1 Evacuation Pause) 127M->65M(140M) 0.938ms
[774.083s][info][gc] GC(11216) Pause Young (Mixed) (G1 Evacuation Pause) 127M->65M(140M) 3.220ms
[774.213s][info][gc] GC(11217) Pause Young (Concurrent Start) (G1 Evacuation Pause) 127M->66M(140M) 0.992ms
[774.213s][info][gc] GC(11218) Concurrent Mark Cycle
[774.220s][info][gc] GC(11218) Pause Remark 72M->72M(140M) 0.454ms
[774.226s][info][gc] GC(11218) Pause Cleanup 76M->76M(140M) 0.020ms
[774.226s][info][gc] GC(11218) Concurrent Mark Cycle 13.215ms
[774.331s][info][gc] GC(11219) Pause Young (Prepare Mixed) (G1 Evacuation Pause) 126M->66M(140M) 1.016ms
[774.442s][info][gc] GC(11220) Pause Young (Mixed) (G1 Evacuation Pause) 127M->67M(140M) 0.989ms
[774.554s][info][gc] GC(11221) Pause Young (Concurrent Start) (G1 Evacuation Pause) 127M->67M(140M) 0.965ms
[774.554s][info][gc] GC(11222) Concurrent Mark Cycle
[774.562s][info][gc] GC(11222) Pause Remark 70M->70M(140M) 0.453ms
[774.567s][info][gc] GC(11222) Pause Cleanup 74M->74M(140M) 0.022ms
[774.567s][info][gc] GC(11222) Concurrent Mark Cycle 13.220ms
[774.670s][info][gc] GC(11223) Pause Young (Normal) (G1 Evacuation Pause) 127M->68M(140M) 0.899ms
[774.782s][info][gc] GC(11224) Pause Young (Concurrent Start) (G1 Evacuation Pause) 127M->68M(140M) 0.967ms
[774.782s][info][gc] GC(11225) Concurrent Mark Cycle
[774.790s][info][gc] GC(11225) Pause Remark 72M->72M(140M) 0.443ms
[774.795s][info][gc] GC(11225) Pause Cleanup 73M->73M(140M) 0.022ms
[774.795s][info][gc] GC(11225) Concurrent Mark Cycle 12.618ms
[774.904s][info][gc] GC(11226) Pause Young (Normal) (G1 Evacuation Pause) 127M->69M(140M) 0.889ms
[775.041s][info][gc] GC(11227) Pause Young (Concurrent Start) (G1 Evacuation Pause) 127M->69M(140M) 0.723ms
[775.041s][info][gc] GC(11228) Concurrent Mark Cycle
[775.049s][info][gc] GC(11228) Pause Remark 70M->70M(140M) 0.464ms
[775.056s][info][gc] GC(11228) Pause Cleanup 71M->71M(140M) 0.024ms
[775.056s][info][gc] GC(11228) Concurrent Mark Cycle 14.426ms
[775.166s][info][gc] GC(11229) Pause Young (Prepare Mixed) (G1 Evacuation Pause) 127M->71M(140M) 1.042ms
[775.275s][info][gc] GC(11230) Pause Young (Mixed) (G1 Evacuation Pause) 125M->71M(140M) 1.216ms
[775.394s][info][gc] GC(11231) Pause Young (Concurrent Start) (G1 Evacuation Pause) 127M->71M(140M) 0.964ms
[775.394s][info][gc] GC(11232) Concurrent Mark Cycle
[775.398s][info][gc] GC(11232) Pause Remark 73M->46M(140M) 0.449ms
[775.399s][info][gc] GC(11232) Pause Cleanup 47M->47M(140M) 0.024ms
[775.399s][info][gc] GC(11232) Concurrent Mark Cycle 4.345ms
[775.506s][info][gc] GC(11233) Pause Young (Prepare Mixed) (G1 Evacuation Pause) 100M->44M(140M) 1.022ms
[775.655s][info][gc] GC(11234) Pause Young (Mixed) (G1 Evacuation Pause) 123M->37M(140M) 1.129ms
[775.816s][info][gc] GC(11235) Pause Young (Normal) (G1 Evacuation Pause) 116M->38M(140M) 1.083ms
[775.966s][info][gc] GC(11236) Pause Young (Normal) (G1 Evacuation Pause) 116M->38M(140M) 1.164ms
[776.126s][info][gc] GC(11237) Pause Young (Normal) (G1 Evacuation Pause) 115M->39M(140M) 1.198ms
[776.272s][info][gc] GC(11238) Pause Young (Normal) (G1 Evacuation Pause) 117M->40M(140M) 1.176ms
[776.434s][info][gc] GC(11239) Pause Young (Normal) (G1 Evacuation Pause) 118M->40M(140M) 1.028ms
[776.583s][info][gc] GC(11240) Pause Young (Normal) (G1 Evacuation Pause) 118M->41M(140M) 1.097ms
[776.740s][info][gc] GC(11241) Pause Young (Normal) (G1 Evacuation Pause) 118M->42M(140M) 1.161ms
[776.898s][info][gc] GC(11242) Pause Young (Normal) (G1 Evacuation Pause) 119M->42M(140M) 1.130ms
[777.051s][info][gc] GC(11243) Pause Young (Normal) (G1 Evacuation Pause) 120M->43M(140M) 1.094ms
[777.209s][info][gc] GC(11244) Pause Young (Normal) (G1 Evacuation Pause) 121M->44M(140M) 1.116ms
[777.365s][info][gc] GC(11245) Pause Young (Normal) (G1 Evacuation Pause) 121M->44M(140M) 1.219ms
[777.507s][info][gc] GC(11246) Pause Young (Normal) (G1 Evacuation Pause) 122M->45M(140M) 1.116ms
[777.671s][info][gc] GC(11247) Pause Young (Normal) (G1 Evacuation Pause) 123M->46M(140M) 1.079ms
[777.811s][info][gc] GC(11248) Pause Young (Normal) (G1 Evacuation Pause) 124M->46M(140M) 1.068ms
[777.969s][info][gc] GC(11249) Pause Young (Normal) (G1 Evacuation Pause) 124M->47M(140M) 1.041ms
[778.116s][info][gc] GC(11250) Pause Young (Normal) (G1 Evacuation Pause) 125M->48M(140M) 1.081ms
[778.256s][info][gc] GC(11251) Pause Young (Normal) (G1 Evacuation Pause) 125M->48M(140M) 1.087ms
[778.423s][info][gc] GC(11252) Pause Young (Normal) (G1 Evacuation Pause) 126M->49M(140M) 1.066ms
[778.559s][info][gc] GC(11253) Pause Young (Normal) (G1 Evacuation Pause) 125M->49M(140M) 1.100ms
[778.716s][info][gc] GC(11254) Pause Young (Normal) (G1 Evacuation Pause) 126M->50M(140M) 1.082ms
[778.859s][info][gc] GC(11255) Pause Young (Normal) (G1 Evacuation Pause) 125M->51M(140M) 1.120ms
[779.013s][info][gc] GC(11256) Pause Young (Normal) (G1 Evacuation Pause) 126M->51M(140M) 1.052ms
[779.150s][info][gc] GC(11257) Pause Young (Normal) (G1 Evacuation Pause) 124M->52M(140M) 1.087ms
[779.299s][info][gc] GC(11258) Pause Young (Normal) (G1 Evacuation Pause) 126M->53M(140M) 1.035ms
[779.441s][info][gc] GC(11259) Pause Young (Normal) (G1 Evacuation Pause) 127M->53M(140M) 1.030ms
[779.578s][info][gc] GC(11260) Pause Young (Concurrent Start) (G1 Evacuation Pause) 126M->54M(140M) 1.115ms
[779.578s][info][gc] GC(11261) Concurrent Mark Cycle
[779.584s][info][gc] GC(11261) Pause Remark 58M->56M(140M) 0.465ms
[779.588s][info][gc] GC(11261) Pause Cleanup 56M->56M(140M) 0.026ms
[779.588s][info][gc] GC(11261) Concurrent Mark Cycle 10.106ms
[779.723s][info][gc] GC(11262) Pause Young (Prepare Mixed) (G1 Evacuation Pause) 124M->52M(140M) 1.030ms
[779.865s][info][gc] GC(11263) Pause Young (Mixed) (G1 Evacuation Pause) 126M->51M(140M) 1.144ms
[780.017s][info][gc] GC(11264) Pause Young (Normal) (G1 Evacuation Pause) 126M->52M(140M) 1.037ms
[780.153s][info][gc] GC(11265) Pause Young (Normal) (G1 Evacuation Pause) 125M->53M(140M) 1.091ms
[780.296s][info][gc] GC(11266) Pause Young (Concurrent Start) (G1 Evacuation Pause) 126M->53M(140M) 1.093ms
[780.296s][info][gc] GC(11267) Concurrent Mark Cycle
[780.302s][info][gc] GC(11267) Pause Remark 56M->56M(140M) 0.449ms
[780.306s][info][gc] GC(11267) Pause Cleanup 59M->59M(140M) 0.028ms
[780.307s][info][gc] GC(11267) Concurrent Mark Cycle 11.008ms
[780.440s][info][gc] GC(11268) Pause Young (Prepare Mixed) (G1 Evacuation Pause) 126M->54M(140M) 1.057ms
[780.584s][info][gc] GC(11269) Pause Young (Mixed) (G1 Evacuation Pause) 126M->53M(140M) 1.285ms
[780.725s][info][gc] GC(11270) Pause Young (Concurrent Start) (G1 Evacuation Pause) 126M->53M(140M) 1.043ms
[780.725s][info][gc] GC(11271) Concurrent Mark Cycle
[780.732s][info][gc] GC(11271) Pause Remark 55M->55M(140M) 0.471ms
[780.737s][info][gc] GC(11271) Pause Cleanup 56M->56M(140M) 0.030ms
[780.737s][info][gc] GC(11271) Concurrent Mark Cycle 11.969ms
[780.871s][info][gc] GC(11272) Pause Young (Prepare Mixed) (G1 Evacuation Pause) 125M->54M(140M) 1.090ms
[781.012s][info][gc] GC(11273) Pause Young (Mixed) (G1 Evacuation Pause) 126M->54M(140M) 1.234ms
[781.165s][info][gc] GC(11274) Pause Young (Concurrent Start) (G1 Evacuation Pause) 126M->54M(140M) 1.076ms
[781.165s][info][gc] GC(11275) Concurrent Mark Cycle
[781.172s][info][gc] GC(11275) Pause Remark 56M->56M(140M) 0.468ms
[781.177s][info][gc] GC(11275) Pause Cleanup 60M->60M(140M) 0.026ms
[781.177s][info][gc] GC(11275) Concurrent Mark Cycle 12.077ms
[781.312s][info][gc] GC(11276) Pause Young (Prepare Mixed) (G1 Evacuation Pause) 126M->55M(140M) 1.043ms
[781.450s][info][gc] GC(11277) Pause Young (Mixed) (G1 Evacuation Pause) 126M->55M(140M) 1.262ms
[781.593s][info][gc] GC(11278) Pause Young (Concurrent Start) (G1 Evacuation Pause) 126M->55M(140M) 1.085ms
[781.593s][info][gc] GC(11279) Concurrent Mark Cycle
[781.600s][info][gc] GC(11279) Pause Remark 60M->60M(140M) 0.456ms
[781.605s][info][gc] GC(11279) Pause Cleanup 65M->65M(140M) 0.028ms
[781.605s][info][gc] GC(11279) Concurrent Mark Cycle 12.303ms
[781.724s][info][gc] GC(11280) Pause Young (Prepare Mixed) (G1 Evacuation Pause) 126M->56M(140M) 1.031ms
[781.858s][info][gc] GC(11281) Pause Young (Mixed) (G1 Evacuation Pause) 126M->56M(140M) 1.167ms
[781.996s][info][gc] GC(11282) Pause Young (Concurrent Start) (G1 Evacuation Pause) 126M->57M(140M) 1.021ms
[781.996s][info][gc] GC(11283) Concurrent Mark Cycle
[782.003s][info][gc] GC(11283) Pause Remark 61M->61M(140M) 0.453ms
[782.009s][info][gc] GC(11283) Pause Cleanup 64M->64M(140M) 0.024ms
[782.009s][info][gc] GC(11283) Concurrent Mark Cycle 12.779ms
[782.135s][info][gc] GC(11284) Pause Young (Prepare Mixed) (G1 Evacuation Pause) 126M->57M(140M) 1.015ms
[782.265s][info][gc] GC(11285) Pause Young (Mixed) (G1 Evacuation Pause) 126M->57M(140M) 1.164ms
[782.402s][info][gc] GC(11286) Pause Young (Concurrent Start) (G1 Evacuation Pause) 125M->58M(140M) 1.031ms
[782.402s][info][gc] GC(11287) Concurrent Mark Cycle
[782.409s][info][gc] GC(11287) Pause Remark 63M->63M(140M) 0.491ms
[782.415s][info][gc] GC(11287) Pause Cleanup 66M->66M(140M) 0.023ms
[782.415s][info][gc] GC(11287) Concurrent Mark Cycle 13.077ms
[782.528s][info][gc] GC(11288) Pause Young (Prepare Mixed) (G1 Evacuation Pause) 126M->59M(140M) 1.068ms
[782.663s][info][gc] GC(11289) Pause Young (Mixed) (G1 Evacuation Pause) 126M->59M(140M) 1.200ms
[782.782s][info][gc] GC(11290) Pause Young (Concurrent Start) (G1 Evacuation Pause) 126M->59M(140M) 1.123ms
[782.782s][info][gc] GC(11291) Concurrent Mark Cycle
[782.789s][info][gc] GC(11291) Pause Remark 63M->63M(140M) 0.453ms
[782.795s][info][gc] GC(11291) Pause Cleanup 64M->64M(140M) 0.024ms
[782.796s][info][gc] GC(11291) Concurrent Mark Cycle 13.883ms
[782.918s][info][gc] GC(11292) Pause Young (Prepare Mixed) (G1 Evacuation Pause) 125M->60M(140M) 0.995ms
[783.044s][info][gc] GC(11293) Pause Young (Mixed) (G1 Evacuation Pause) 126M->60M(140M) 1.121ms
[783.169s][info][gc] GC(11294) Pause Young (Concurrent Start) (G1 Evacuation Pause) 125M->61M(140M) 1.008ms
[783.169s][info][gc] GC(11295) Concurrent Mark Cycle
[783.176s][info][gc] GC(11295) Pause Remark 67M->67M(140M) 0.490ms
[783.183s][info][gc] GC(11295) Pause Cleanup 70M->70M(140M) 0.024ms
[783.183s][info][gc] GC(11295) Concurrent Mark Cycle 14.734ms
[783.293s][info][gc] GC(11296) Pause Young (Prepare Mixed) (G1 Evacuation Pause) 126M->61M(140M) 0.980ms
[783.428s][info][gc] GC(11297) Pause Young (Mixed) (G1 Evacuation Pause) 125M->62M(140M) 1.045ms
[783.555s][info][gc] GC(11298) Pause Young (Concurrent Start) (G1 Evacuation Pause) 126M->62M(140M) 0.927ms
[783.555s][info][gc] GC(11299) Concurrent Mark Cycle
[783.563s][info][gc] GC(11299) Pause Remark 64M->64M(140M) 0.456ms
[783.569s][info][gc] GC(11299) Pause Cleanup 68M->68M(140M) 0.022ms
[783.569s][info][gc] GC(11299) Concurrent Mark Cycle 14.426ms
[783.679s][info][gc] GC(11300) Pause Young (Prepare Mixed) (G1 Evacuation Pause) 125M->63M(140M) 1.038ms
[783.798s][info][gc] GC(11301) Pause Young (Mixed) (G1 Evacuation Pause) 125M->63M(140M) 1.143ms
[783.926s][info][gc] GC(11302) Pause Young (Concurrent Start) (G1 Evacuation Pause) 127M->64M(140M) 0.903ms
[783.926s][info][gc] GC(11303) Concurrent Mark Cycle
[783.934s][info][gc] GC(11303) Pause Remark 65M->65M(140M) 0.454ms
[783.942s][info][gc] GC(11303) Pause Cleanup 68M->68M(140M) 0.022ms
[783.942s][info][gc] GC(11303) Concurrent Mark Cycle 15.408ms
[784.051s][info][gc] GC(11304) Pause Young (Prepare Mixed) (G1 Evacuation Pause) 127M->64M(140M) 0.927ms
[784.175s][info][gc] GC(11305) Pause Young (Mixed) (G1 Evacuation Pause) 125M->65M(140M) 1.178ms
[784.294s][info][gc] GC(11306) Pause Young (Concurrent Start) (G1 Evacuation Pause) 125M->65M(140M) 1.085ms
[784.294s][info][gc] GC(11307) Concurrent Mark Cycle
[784.302s][info][gc] GC(11307) Pause Remark 71M->71M(140M) 0.453ms
[784.310s][info][gc] GC(11307) Pause Cleanup 75M->75M(140M) 0.022ms
[784.310s][info][gc] GC(11307) Concurrent Mark Cycle 15.885ms
[784.418s][info][gc] GC(11308) Pause Young (Prepare Mixed) (G1 Evacuation Pause) 127M->66M(140M) 0.926ms
[784.535s][info][gc] GC(11309) Pause Young (Mixed) (G1 Evacuation Pause) 127M->66M(140M) 1.019ms
[784.674s][info][gc] GC(11310) Pause Young (Concurrent Start) (G1 Evacuation Pause) 127M->67M(140M) 0.985ms
[784.674s][info][gc] GC(11311) Concurrent Mark Cycle
[784.683s][info][gc] GC(11311) Pause Remark 71M->71M(140M) 0.454ms
[784.690s][info][gc] GC(11311) Pause Cleanup 75M->75M(140M) 0.022ms
[784.690s][info][gc] GC(11311) Concurrent Mark Cycle 16.196ms
[784.784s][info][gc] GC(11312) Pause Young (Prepare Mixed) (G1 Evacuation Pause) 127M->67M(140M) 0.928ms
[784.904s][info][gc] GC(11313) Pause Young (Mixed) (G1 Evacuation Pause) 127M->68M(140M) 0.973ms
[785.027s][info][gc] GC(11314) Pause Young (Concurrent Start) (G1 Evacuation Pause) 126M->68M(140M) 1.245ms
[785.027s][info][gc] GC(11315) Concurrent Mark Cycle
[785.037s][info][gc] GC(11315) Pause Remark 75M->75M(140M) 0.489ms
[785.046s][info][gc] GC(11315) Pause Cleanup 79M->79M(140M) 0.047ms
[785.046s][info][gc] GC(11315) Concurrent Mark Cycle 18.904ms
[785.147s][info][gc] GC(11316) Pause Young (Prepare Mixed) (G1 Evacuation Pause) 127M->69M(140M) 0.984ms
[785.264s][info][gc] GC(11317) Pause Young (Mixed) (G1 Evacuation Pause) 127M->69M(140M) 1.198ms
[785.378s][info][gc] GC(11318) Pause Young (Concurrent Start) (G1 Evacuation Pause) 128M->69M(140M) 0.837ms
[785.378s][info][gc] GC(11319) Concurrent Mark Cycle
[785.387s][info][gc] GC(11319) Pause Remark 75M->75M(140M) 0.464ms
[785.395s][info][gc] GC(11319) Pause Cleanup 79M->79M(140M) 0.022ms
[785.396s][info][gc] GC(11319) Concurrent Mark Cycle 17.129ms
[785.538s][info][gc] GC(11320) Pause Young (Prepare Mixed) (G1 Evacuation Pause) 126M->71M(140M) 1.033ms
[785.647s][info][gc] GC(11321) Pause Young (Mixed) (G1 Evacuation Pause) 126M->67M(140M) 3.069ms
[785.770s][info][gc] GC(11322) Pause Young (Concurrent Start) (G1 Evacuation Pause) 129M->68M(140M) 0.824ms
[785.770s][info][gc] GC(11323) Concurrent Mark Cycle
[785.773s][info][gc] GC(11323) Pause Remark 70M->45M(140M) 0.451ms
[785.775s][info][gc] GC(11323) Pause Cleanup 45M->45M(140M) 0.029ms
[785.775s][info][gc] GC(11323) Concurrent Mark Cycle 4.453ms
[785.889s][info][gc] GC(11324) Pause Young (Prepare Mixed) (G1 Evacuation Pause) 103M->43M(140M) 0.808ms
[786.050s][info][gc] GC(11325) Pause Young (Mixed) (G1 Evacuation Pause) 123M->36M(140M) 1.184ms
[786.212s][info][gc] GC(11326) Pause Young (Normal) (G1 Evacuation Pause) 115M->36M(140M) 1.032ms
[786.357s][info][gc] GC(11327) Pause Young (Normal) (G1 Evacuation Pause) 115M->37M(140M) 1.068ms
[786.503s][info][gc] GC(11328) Pause Young (Normal) (G1 Evacuation Pause) 115M->37M(140M) 1.012ms
[786.663s][info][gc] GC(11329) Pause Young (Normal) (G1 Evacuation Pause) 115M->38M(140M) 1.196ms
[786.804s][info][gc] GC(11330) Pause Young (Normal) (G1 Evacuation Pause) 115M->39M(140M) 1.244ms
[786.962s][info][gc] GC(11331) Pause Young (Normal) (G1 Evacuation Pause) 117M->39M(140M) 1.007ms
[787.107s][info][gc] GC(11332) Pause Young (Normal) (G1 Evacuation Pause) 117M->40M(140M) 0.968ms
[787.259s][info][gc] GC(11333) Pause Young (Normal) (G1 Evacuation Pause) 118M->41M(140M) 1.082ms
[787.407s][info][gc] GC(11334) Pause Young (Normal) (G1 Evacuation Pause) 118M->41M(140M) 1.180ms
[787.570s][info][gc] GC(11335) Pause Young (Normal) (G1 Evacuation Pause) 118M->42M(140M) 1.146ms
[787.721s][info][gc] GC(11336) Pause Young (Normal) (G1 Evacuation Pause) 120M->43M(140M) 1.061ms
[787.886s][info][gc] GC(11337) Pause Young (Normal) (G1 Evacuation Pause) 121M->43M(140M) 1.073ms
[788.031s][info][gc] GC(11338) Pause Young (Normal) (G1 Evacuation Pause) 120M->44M(140M) 1.164ms
[788.190s][info][gc] GC(11339) Pause Young (Normal) (G1 Evacuation Pause) 122M->45M(140M) 1.062ms
[788.335s][info][gc] GC(11340) Pause Young (Normal) (G1 Evacuation Pause) 123M->45M(140M) 1.041ms
[788.494s][info][gc] GC(11341) Pause Young (Normal) (G1 Evacuation Pause) 123M->46M(140M) 1.169ms
[788.645s][info][gc] GC(11342) Pause Young (Normal) (G1 Evacuation Pause) 123M->47M(140M) 1.142ms
[788.806s][info][gc] GC(11343) Pause Young (Normal) (G1 Evacuation Pause) 125M->47M(140M) 1.081ms
[788.950s][info][gc] GC(11344) Pause Young (Normal) (G1 Evacuation Pause) 125M->48M(140M) 1.041ms
[789.102s][info][gc] GC(11345) Pause Young (Normal) (G1 Evacuation Pause) 126M->49M(140M) 1.040ms
[789.243s][info][gc] GC(11346) Pause Young (Normal) (G1 Evacuation Pause) 125M->49M(140M) 1.114ms
[789.399s][info][gc] GC(11347) Pause Young (Normal) (G1 Evacuation Pause) 125M->50M(140M) 1.127ms
[789.544s][info][gc] GC(11348) Pause Young (Normal) (G1 Evacuation Pause) 126M->50M(140M) 1.130ms
[789.699s][info][gc] GC(11349) Pause Young (Normal) (G1 Evacuation Pause) 126M->51M(140M) 1.125ms
[789.836s][info][gc] GC(11350) Pause Young (Normal) (G1 Evacuation Pause) 125M->52M(140M) 1.145ms
[789.969s][info][gc] GC(11351) Pause Young (Normal) (G1 Evacuation Pause) 126M->52M(140M) 0.884ms
[790.125s][info][gc] GC(11352) Pause Young (Concurrent Start) (G1 Evacuation Pause) 127M->53M(140M) 1.026ms
[790.125s][info][gc] GC(11353) Concurrent Mark Cycle
[790.131s][info][gc] GC(11353) Pause Remark 57M->57M(140M) 0.463ms
[790.134s][info][gc] GC(11353) Pause Cleanup 58M->58M(140M) 0.024ms
[790.134s][info][gc] GC(11353) Concurrent Mark Cycle 8.880ms
[790.266s][info][gc] GC(11354) Pause Young (Prepare Mixed) (G1 Evacuation Pause) 126M->54M(140M) 1.050ms
[790.408s][info][gc] GC(11355) Pause Young (Mixed) (G1 Evacuation Pause) 126M->52M(140M) 1.158ms
[790.543s][info][gc] GC(11356) Pause Young (Concurrent Start) (G1 Evacuation Pause) 125M->53M(140M) 1.065ms
[790.543s][info][gc] GC(11357) Concurrent Mark Cycle
[790.549s][info][gc] GC(11357) Pause Remark 56M->56M(140M) 0.446ms
[790.552s][info][gc] GC(11357) Pause Cleanup 57M->57M(140M) 0.024ms
[790.552s][info][gc] GC(11357) Concurrent Mark Cycle 9.552ms
[790.680s][info][gc] GC(11358) Pause Young (Prepare Mixed) (G1 Evacuation Pause) 126M->54M(140M) 1.064ms
[790.825s][info][gc] GC(11359) Pause Young (Mixed) (G1 Evacuation Pause) 126M->53M(140M) 1.142ms
[790.969s][info][gc] GC(11360) Pause Young (Concurrent Start) (G1 Evacuation Pause) 126M->54M(140M) 1.089ms
[790.969s][info][gc] GC(11361) Concurrent Mark Cycle
[790.976s][info][gc] GC(11361) Pause Remark 59M->59M(140M) 0.613ms
[790.980s][info][gc] GC(11361) Pause Cleanup 61M->61M(140M) 0.037ms
[790.980s][info][gc] GC(11361) Concurrent Mark Cycle 11.126ms
[791.122s][info][gc] GC(11362) Pause Young (Prepare Mixed) (G1 Evacuation Pause) 126M->54M(140M) 1.060ms
[791.255s][info][gc] GC(11363) Pause Young (Mixed) (G1 Evacuation Pause) 126M->54M(140M) 1.410ms
[791.394s][info][gc] GC(11364) Pause Young (Concurrent Start) (G1 Evacuation Pause) 126M->54M(140M) 1.074ms
[791.394s][info][gc] GC(11365) Concurrent Mark Cycle
[791.399s][info][gc] GC(11365) Pause Remark 57M->57M(140M) 0.447ms
[791.403s][info][gc] GC(11365) Pause Cleanup 60M->60M(140M) 0.023ms
[791.403s][info][gc] GC(11365) Concurrent Mark Cycle 9.400ms
[791.540s][info][gc] GC(11366) Pause Young (Prepare Mixed) (G1 Evacuation Pause) 126M->55M(140M) 1.032ms
[791.676s][info][gc] GC(11367) Pause Young (Mixed) (G1 Evacuation Pause) 126M->55M(140M) 1.159ms
[791.808s][info][gc] GC(11368) Pause Young (Concurrent Start) (G1 Evacuation Pause) 126M->56M(140M) 1.053ms
[791.808s][info][gc] GC(11369) Concurrent Mark Cycle
[791.814s][info][gc] GC(11369) Pause Remark 59M->59M(140M) 0.464ms
[791.818s][info][gc] GC(11369) Pause Cleanup 62M->62M(140M) 0.028ms
[791.818s][info][gc] GC(11369) Concurrent Mark Cycle 9.578ms
[791.945s][info][gc] GC(11370) Pause Young (Prepare Mixed) (G1 Evacuation Pause) 126M->56M(140M) 1.042ms
[792.088s][info][gc] GC(11371) Pause Young (Mixed) (G1 Evacuation Pause) 126M->57M(140M) 1.141ms
[792.215s][info][gc] GC(11372) Pause Young (Concurrent Start) (G1 Evacuation Pause) 127M->57M(140M) 1.072ms
[792.216s][info][gc] GC(11373) Concurrent Mark Cycle
[792.222s][info][gc] GC(11373) Pause Remark 61M->61M(140M) 0.460ms
[792.225s][info][gc] GC(11373) Pause Cleanup 63M->63M(140M) 0.026ms
[792.225s][info][gc] GC(11373) Concurrent Mark Cycle 9.874ms
[792.355s][info][gc] GC(11374) Pause Young (Prepare Mixed) (G1 Evacuation Pause) 126M->58M(140M) 1.015ms
[792.487s][info][gc] GC(11375) Pause Young (Mixed) (G1 Evacuation Pause) 126M->58M(140M) 1.194ms
[792.613s][info][gc] GC(11376) Pause Young (Concurrent Start) (G1 Evacuation Pause) 126M->58M(140M) 1.023ms
[792.614s][info][gc] GC(11377) Concurrent Mark Cycle
[792.620s][info][gc] GC(11377) Pause Remark 61M->61M(140M) 0.460ms
[792.624s][info][gc] GC(11377) Pause Cleanup 64M->64M(140M) 0.023ms
[792.624s][info][gc] GC(11377) Concurrent Mark Cycle 10.197ms
[792.740s][info][gc] GC(11378) Pause Young (Prepare Mixed) (G1 Evacuation Pause) 126M->58M(140M) 0.894ms
[792.885s][info][gc] GC(11379) Pause Young (Mixed) (G1 Evacuation Pause) 126M->59M(140M) 1.239ms
[793.000s][info][gc] GC(11380) Pause Young (Concurrent Start) (G1 Evacuation Pause) 124M->59M(140M) 1.060ms
[793.000s][info][gc] GC(11381) Concurrent Mark Cycle
[793.007s][info][gc] GC(11381) Pause Remark 61M->61M(140M) 0.441ms
[793.011s][info][gc] GC(11381) Pause Cleanup 62M->62M(140M) 0.021ms
[793.011s][info][gc] GC(11381) Concurrent Mark Cycle 10.456ms
[793.133s][info][gc] GC(11382) Pause Young (Prepare Mixed) (G1 Evacuation Pause) 127M->60M(140M) 0.939ms
[793.260s][info][gc] GC(11383) Pause Young (Mixed) (G1 Evacuation Pause) 126M->59M(140M) 1.019ms
[793.396s][info][gc] GC(11384) Pause Young (Concurrent Start) (G1 Evacuation Pause) 127M->60M(140M) 1.029ms
[793.396s][info][gc] GC(11385) Concurrent Mark Cycle
[793.403s][info][gc] GC(11385) Pause Remark 64M->64M(140M) 0.447ms
[793.407s][info][gc] GC(11385) Pause Cleanup 66M->66M(140M) 0.020ms
[793.407s][info][gc] GC(11385) Concurrent Mark Cycle 10.838ms
[793.529s][info][gc] GC(11386) Pause Young (Prepare Mixed) (G1 Evacuation Pause) 126M->61M(140M) 1.043ms
[793.650s][info][gc] GC(11387) Pause Young (Mixed) (G1 Evacuation Pause) 127M->61M(140M) 1.030ms
[793.784s][info][gc] GC(11388) Pause Young (Concurrent Start) (G1 Evacuation Pause) 125M->62M(140M) 1.099ms
[793.784s][info][gc] GC(11389) Concurrent Mark Cycle
[793.791s][info][gc] GC(11389) Pause Remark 64M->64M(140M) 0.454ms
[793.795s][info][gc] GC(11389) Pause Cleanup 67M->67M(140M) 0.023ms
[793.795s][info][gc] GC(11389) Concurrent Mark Cycle 11.329ms
[793.914s][info][gc] GC(11390) Pause Young (Prepare Mixed) (G1 Evacuation Pause) 126M->62M(140M) 0.971ms
[794.039s][info][gc] GC(11391) Pause Young (Mixed) (G1 Evacuation Pause) 125M->62M(140M) 1.050ms
[794.165s][info][gc] GC(11392) Pause Young (Concurrent Start) (G1 Evacuation Pause) 127M->63M(140M) 0.967ms
[794.165s][info][gc] GC(11393) Concurrent Mark Cycle
[794.172s][info][gc] GC(11393) Pause Remark 68M->68M(140M) 0.452ms
[794.177s][info][gc] GC(11393) Pause Cleanup 70M->70M(140M) 0.023ms
[794.177s][info][gc] GC(11393) Concurrent Mark Cycle 12.062ms
[794.295s][info][gc] GC(11394) Pause Young (Prepare Mixed) (G1 Evacuation Pause) 127M->63M(140M) 0.948ms
[794.416s][info][gc] GC(11395) Pause Young (Mixed) (G1 Evacuation Pause) 127M->64M(140M) 1.083ms
[794.536s][info][gc] GC(11396) Pause Young (Concurrent Start) (G1 Evacuation Pause) 127M->65M(140M) 0.957ms
[794.536s][info][gc] GC(11397) Concurrent Mark Cycle
[794.543s][info][gc] GC(11397) Pause Remark 69M->69M(140M) 0.449ms
[794.548s][info][gc] GC(11397) Pause Cleanup 69M->69M(140M) 0.021ms
[794.548s][info][gc] GC(11397) Concurrent Mark Cycle 11.963ms
[794.660s][info][gc] GC(11398) Pause Young (Prepare Mixed) (G1 Evacuation Pause) 128M->65M(140M) 0.992ms
[794.779s][info][gc] GC(11399) Pause Young (Mixed) (G1 Evacuation Pause) 127M->66M(140M) 1.054ms
[794.891s][info][gc] GC(11400) Pause Young (Concurrent Start) (G1 Evacuation Pause) 126M->66M(140M) 0.976ms
[794.891s][info][gc] GC(11401) Concurrent Mark Cycle
[794.898s][info][gc] GC(11401) Pause Remark 71M->71M(140M) 0.451ms
[794.903s][info][gc] GC(11401) Pause Cleanup 71M->71M(140M) 0.023ms
[794.903s][info][gc] GC(11401) Concurrent Mark Cycle 12.250ms
[795.010s][info][gc] GC(11402) Pause Young (Prepare Mixed) (G1 Evacuation Pause) 125M->67M(140M) 0.926ms
[795.128s][info][gc] GC(11403) Pause Young (Mixed) (G1 Evacuation Pause) 127M->67M(140M) 1.010ms
[795.248s][info][gc] GC(11404) Pause Young (Concurrent Start) (G1 Evacuation Pause) 126M->68M(140M) 1.027ms
[795.248s][info][gc] GC(11405) Concurrent Mark Cycle
[795.255s][info][gc] GC(11405) Pause Remark 71M->71M(140M) 0.458ms
[795.260s][info][gc] GC(11405) Pause Cleanup 72M->72M(140M) 0.020ms
[795.260s][info][gc] GC(11405) Concurrent Mark Cycle 12.608ms
[795.358s][info][gc] GC(11406) Pause Young (Prepare Mixed) (G1 Evacuation Pause) 126M->68M(140M) 0.970ms
[795.474s][info][gc] GC(11407) Pause Young (Mixed) (G1 Evacuation Pause) 127M->68M(140M) 0.943ms
[795.592s][info][gc] GC(11408) Pause Young (Concurrent Start) (G1 Evacuation Pause) 126M->69M(140M) 0.875ms
[795.592s][info][gc] GC(11409) Concurrent Mark Cycle
[795.600s][info][gc] GC(11409) Pause Remark 75M->75M(140M) 0.457ms
[795.606s][info][gc] GC(11409) Pause Cleanup 77M->77M(140M) 0.024ms
[795.606s][info][gc] GC(11409) Concurrent Mark Cycle 13.440ms
[795.703s][info][gc] GC(11410) Pause Young (Prepare Mixed) (G1 Evacuation Pause) 127M->69M(140M) 0.849ms
[795.826s][info][gc] GC(11411) Pause Young (Mixed) (G1 Evacuation Pause) 127M->74M(140M) 1.427ms
[795.852s][info][gc] GC(11412) Pause Young (Concurrent Start) (G1 Evacuation Pause) 124M->75M(140M) 1.479ms
[795.852s][info][gc] GC(11413) Concurrent Mark Cycle
[795.858s][info][gc] GC(11413) Pause Remark 84M->58M(140M) 0.411ms
[795.863s][info][gc] GC(11413) Pause Cleanup 68M->68M(140M) 0.064ms
[795.863s][info][gc] GC(11413) Concurrent Mark Cycle 11.126ms
[795.879s][info][gc] GC(11414) Pause Young (Prepare Mixed) (G1 Evacuation Pause) 104M->50M(140M) 0.654ms
[795.915s][info][gc] GC(11415) Pause Young (Mixed) (G1 Evacuation Pause) 129M->42M(140M) 0.971ms
[795.966s][info][gc] GC(11416) Pause Young (Concurrent Start) (G1 Evacuation Pause) 123M->44M(140M) 0.996ms
[795.966s][info][gc] GC(11417) Concurrent Mark Cycle
[795.971s][info][gc] GC(11417) Pause Remark 52M->50M(140M) 0.391ms
[795.974s][info][gc] GC(11417) Pause Cleanup 55M->55M(140M) 0.049ms
[795.974s][info][gc] GC(11417) Concurrent Mark Cycle 7.372ms
[796.004s][info][gc] GC(11418) Pause Young (Prepare Mixed) (G1 Evacuation Pause) 120M->43M(140M) 0.946ms
[796.052s][info][gc] GC(11419) Pause Young (Mixed) (G1 Evacuation Pause) 120M->39M(140M) 1.243ms
[796.087s][info][gc] GC(11420) Pause Young (Normal) (G1 Evacuation Pause) 116M->39M(168M) 1.023ms
[796.131s][info][gc] GC(11421) Pause Young (Normal) (G1 Evacuation Pause) 133M->39M(168M) 1.147ms
[796.187s][info][gc] GC(11422) Pause Young (Normal) (G1 Evacuation Pause) 132M->40M(168M) 1.013ms
[796.236s][info][gc] GC(11423) Pause Young (Normal) (G1 Evacuation Pause) 132M->42M(168M) 1.111ms
[796.287s][info][gc] GC(11424) Pause Young (Normal) (G1 Evacuation Pause) 133M->42M(168M) 1.191ms
[796.332s][info][gc] GC(11425) Pause Young (Normal) (G1 Evacuation Pause) 134M->43M(168M) 1.112ms
[796.385s][info][gc] GC(11426) Pause Young (Normal) (G1 Evacuation Pause) 136M->44M(168M) 1.206ms
[796.431s][info][gc] GC(11427) Pause Young (Normal) (G1 Evacuation Pause) 135M->45M(168M) 1.232ms
[796.471s][info][gc] GC(11428) Pause Young (Normal) (G1 Evacuation Pause) 136M->45M(168M) 1.122ms
[796.522s][info][gc] GC(11429) Pause Young (Normal) (G1 Evacuation Pause) 138M->45M(168M) 1.054ms
[796.570s][info][gc] GC(11430) Pause Young (Normal) (G1 Evacuation Pause) 137M->47M(168M) 1.085ms
[796.620s][info][gc] GC(11431) Pause Young (Normal) (G1 Evacuation Pause) 139M->47M(168M) 1.135ms
[796.669s][info][gc] GC(11432) Pause Young (Normal) (G1 Evacuation Pause) 139M->48M(168M) 1.107ms
[796.718s][info][gc] GC(11433) Pause Young (Normal) (G1 Evacuation Pause) 139M->49M(168M) 1.068ms
[796.761s][info][gc] GC(11434) Pause Young (Normal) (G1 Evacuation Pause) 141M->50M(168M) 1.193ms
[796.802s][info][gc] GC(11435) Pause Young (Normal) (G1 Evacuation Pause) 142M->49M(168M) 1.029ms
[796.861s][info][gc] GC(11436) Pause Young (Normal) (G1 Evacuation Pause) 143M->51M(168M) 1.115ms
[796.903s][info][gc] GC(11437) Pause Young (Normal) (G1 Evacuation Pause) 143M->52M(168M) 1.097ms
[796.955s][info][gc] GC(11438) Pause Young (Normal) (G1 Evacuation Pause) 144M->52M(168M) 1.063ms
[797.000s][info][gc] GC(11439) Pause Young (Normal) (G1 Evacuation Pause) 144M->54M(168M) 1.098ms
[797.049s][info][gc] GC(11440) Pause Young (Normal) (G1 Evacuation Pause) 146M->54M(168M) 1.057ms
[797.094s][info][gc] GC(11441) Pause Young (Normal) (G1 Evacuation Pause) 146M->55M(168M) 1.066ms
[797.142s][info][gc] GC(11442) Pause Young (Normal) (G1 Evacuation Pause) 146M->55M(168M) 1.064ms
[797.188s][info][gc] GC(11443) Pause Young (Normal) (G1 Evacuation Pause) 148M->57M(168M) 1.068ms
[797.229s][info][gc] GC(11444) Pause Young (Normal) (G1 Evacuation Pause) 148M->58M(168M) 1.120ms
[797.284s][info][gc] GC(11445) Pause Young (Concurrent Start) (G1 Evacuation Pause) 150M->58M(168M) 1.156ms
[797.284s][info][gc] GC(11446) Concurrent Mark Cycle
[797.293s][info][gc] GC(11446) Pause Remark 75M->75M(168M) 0.409ms
[797.301s][info][gc] GC(11446) Pause Cleanup 93M->93M(168M) 0.058ms
[797.301s][info][gc] GC(11446) Concurrent Mark Cycle 16.948ms
[797.326s][info][gc] GC(11447) Pause Young (Prepare Mixed) (G1 Evacuation Pause) 149M->59M(168M) 1.191ms
[797.381s][info][gc] GC(11448) Pause Young (Mixed) (G1 Evacuation Pause) 150M->58M(168M) 1.331ms
[797.426s][info][gc] GC(11449) Pause Young (Concurrent Start) (G1 Evacuation Pause) 149M->59M(168M) 1.112ms
[797.426s][info][gc] GC(11450) Concurrent Mark Cycle
[797.434s][info][gc] GC(11450) Pause Remark 76M->76M(168M) 0.405ms
[797.439s][info][gc] GC(11450) Pause Cleanup 87M->87M(168M) 0.047ms
[797.439s][info][gc] GC(11450) Concurrent Mark Cycle 13.467ms
[797.475s][info][gc] GC(11451) Pause Young (Prepare Mixed) (G1 Evacuation Pause) 149M->59M(168M) 1.002ms
[797.522s][info][gc] GC(11452) Pause Young (Mixed) (G1 Evacuation Pause) 151M->60M(168M) 1.175ms
[797.562s][info][gc] GC(11453) Pause Young (Concurrent Start) (G1 Evacuation Pause) 149M->60M(168M) 1.220ms
[797.562s][info][gc] GC(11454) Concurrent Mark Cycle
[797.570s][info][gc] GC(11454) Pause Remark 75M->75M(168M) 0.412ms
[797.578s][info][gc] GC(11454) Pause Cleanup 85M->85M(168M) 0.050ms
[797.578s][info][gc] GC(11454) Concurrent Mark Cycle 16.234ms
[797.619s][info][gc] GC(11455) Pause Young (Prepare Mixed) (G1 Evacuation Pause) 151M->61M(168M) 1.126ms
[797.661s][info][gc] GC(11456) Pause Young (Mixed) (G1 Evacuation Pause) 150M->61M(168M) 1.170ms
[797.713s][info][gc] GC(11457) Pause Young (Concurrent Start) (G1 Evacuation Pause) 150M->61M(202M) 1.301ms
[797.713s][info][gc] GC(11458) Concurrent Mark Cycle
[797.722s][info][gc] GC(11458) Pause Remark 81M->81M(202M) 0.415ms
[797.728s][info][gc] GC(11458) Pause Cleanup 94M->94M(202M) 0.046ms
[797.728s][info][gc] GC(11458) Concurrent Mark Cycle 15.182ms
[797.768s][info][gc] GC(11459) Pause Young (Prepare Mixed) (G1 Evacuation Pause) 174M->62M(202M) 1.147ms
[797.830s][info][gc] GC(11460) Pause Young (Mixed) (G1 Evacuation Pause) 174M->62M(202M) 1.339ms
[797.882s][info][gc] GC(11461) Pause Young (Normal) (G1 Evacuation Pause) 173M->63M(202M) 1.288ms
[797.942s][info][gc] GC(11462) Pause Young (Normal) (G1 Evacuation Pause) 174M->64M(202M) 1.233ms
[797.995s][info][gc] GC(11463) Pause Young (Normal) (G1 Evacuation Pause) 175M->65M(202M) 1.139ms
[798.056s][info][gc] GC(11464) Pause Young (Normal) (G1 Evacuation Pause) 176M->66M(202M) 1.245ms
[798.107s][info][gc] GC(11465) Pause Young (Normal) (G1 Evacuation Pause) 177M->67M(202M) 1.264ms
[798.169s][info][gc] GC(11466) Pause Young (Normal) (G1 Evacuation Pause) 178M->68M(202M) 1.317ms
[798.223s][info][gc] GC(11467) Pause Young (Normal) (G1 Evacuation Pause) 180M->68M(202M) 1.161ms
[798.289s][info][gc] GC(11468) Pause Young (Normal) (G1 Evacuation Pause) 179M->69M(202M) 1.611ms
[798.340s][info][gc] GC(11469) Pause Young (Normal) (G1 Evacuation Pause) 179M->69M(202M) 1.285ms
[798.406s][info][gc] GC(11470) Pause Young (Normal) (G1 Evacuation Pause) 182M->71M(202M) 1.150ms
[798.462s][info][gc] GC(11471) Pause Young (Normal) (G1 Evacuation Pause) 180M->71M(202M) 1.174ms
[798.517s][info][gc] GC(11472) Pause Young (Concurrent Start) (G1 Evacuation Pause) 182M->73M(202M) 1.218ms
[798.517s][info][gc] GC(11473) Concurrent Mark Cycle
[798.526s][info][gc] GC(11473) Pause Remark 87M->87M(202M) 0.456ms
[798.535s][info][gc] GC(11473) Pause Cleanup 103M->103M(202M) 0.052ms
[798.535s][info][gc] GC(11473) Concurrent Mark Cycle 18.111ms
[798.587s][info][gc] GC(11474) Pause Young (Prepare Mixed) (G1 Evacuation Pause) 180M->74M(202M) 1.294ms
[798.635s][info][gc] GC(11475) Pause Young (Mixed) (G1 Evacuation Pause) 181M->74M(202M) 1.238ms
[798.696s][info][gc] GC(11476) Pause Young (Concurrent Start) (G1 Evacuation Pause) 179M->75M(202M) 1.253ms
[798.696s][info][gc] GC(11477) Concurrent Mark Cycle
[798.706s][info][gc] GC(11477) Pause Remark 97M->97M(202M) 0.471ms
[798.716s][info][gc] GC(11477) Pause Cleanup 116M->116M(202M) 0.040ms
[798.716s][info][gc] GC(11477) Concurrent Mark Cycle 19.678ms
[798.752s][info][gc] GC(11478) Pause Young (Prepare Mixed) (G1 Evacuation Pause) 179M->76M(202M) 1.166ms
[798.809s][info][gc] GC(11479) Pause Young (Mixed) (G1 Evacuation Pause) 181M->77M(202M) 1.221ms
[798.861s][info][gc] GC(11480) Pause Young (Concurrent Start) (G1 Evacuation Pause) 181M->78M(202M) 1.234ms
[798.861s][info][gc] GC(11481) Concurrent Mark Cycle
[798.872s][info][gc] GC(11481) Pause Remark 100M->100M(202M) 0.398ms
[798.881s][info][gc] GC(11481) Pause Cleanup 118M->118M(202M) 0.052ms
[798.881s][info][gc] GC(11481) Concurrent Mark Cycle 19.862ms
[798.918s][info][gc] GC(11482) Pause Young (Prepare Mixed) (G1 Evacuation Pause) 181M->78M(202M) 1.197ms
[798.970s][info][gc] GC(11483) Pause Young (Mixed) (G1 Evacuation Pause) 183M->79M(202M) 1.270ms
[799.020s][info][gc] GC(11484) Pause Young (Concurrent Start) (G1 Evacuation Pause) 181M->79M(202M) 1.151ms
[799.020s][info][gc] GC(11485) Concurrent Mark Cycle
[799.031s][info][gc] GC(11485) Pause Remark 99M->99M(202M) 0.403ms
[799.041s][info][gc] GC(11485) Pause Cleanup 113M->113M(202M) 0.049ms
[799.041s][info][gc] GC(11485) Concurrent Mark Cycle 21.294ms
[799.074s][info][gc] GC(11486) Pause Young (Prepare Mixed) (G1 Evacuation Pause) 181M->81M(202M) 1.206ms
[799.124s][info][gc] GC(11487) Pause Young (Mixed) (G1 Evacuation Pause) 181M->81M(202M) 1.179ms
[799.176s][info][gc] GC(11488) Pause Young (Concurrent Start) (G1 Evacuation Pause) 181M->82M(202M) 1.103ms
[799.176s][info][gc] GC(11489) Concurrent Mark Cycle
[799.188s][info][gc] GC(11489) Pause Remark 102M->102M(202M) 0.396ms
[799.200s][info][gc] GC(11489) Pause Cleanup 128M->128M(202M) 0.049ms
[799.200s][info][gc] GC(11489) Concurrent Mark Cycle 24.350ms
[799.222s][info][gc] GC(11490) Pause Young (Prepare Mixed) (G1 Evacuation Pause) 180M->82M(202M) 1.151ms
[799.278s][info][gc] GC(11491) Pause Young (Mixed) (G1 Evacuation Pause) 182M->84M(235M) 1.353ms
[799.344s][info][gc] GC(11492) Pause Young (Normal) (G1 Evacuation Pause) 211M->84M(235M) 1.257ms
[799.405s][info][gc] GC(11493) Pause Young (Normal) (G1 Evacuation Pause) 211M->86M(235M) 1.255ms
[799.470s][info][gc] GC(11494) Pause Young (Normal) (G1 Evacuation Pause) 209M->87M(235M) 1.347ms
[799.532s][info][gc] GC(11495) Pause Young (Concurrent Start) (G1 Evacuation Pause) 211M->88M(235M) 1.357ms
[799.532s][info][gc] GC(11496) Concurrent Mark Cycle
[799.545s][info][gc] GC(11496) Pause Remark 117M->117M(235M) 0.496ms
[799.555s][info][gc] GC(11496) Pause Cleanup 133M->133M(235M) 0.055ms
[799.555s][info][gc] GC(11496) Concurrent Mark Cycle 23.049ms
[799.608s][info][gc] GC(11497) Pause Young (Prepare Mixed) (G1 Evacuation Pause) 209M->90M(235M) 1.398ms
[799.662s][info][gc] GC(11498) Pause Young (Mixed) (G1 Evacuation Pause) 211M->90M(235M) 1.317ms
[799.730s][info][gc] GC(11499) Pause Young (Concurrent Start) (G1 Evacuation Pause) 211M->91M(235M) 1.383ms
[799.730s][info][gc] GC(11500) Concurrent Mark Cycle
[799.743s][info][gc] GC(11500) Pause Remark 117M->117M(235M) 0.471ms
[799.754s][info][gc] GC(11500) Pause Cleanup 139M->139M(235M) 0.051ms
[799.754s][info][gc] GC(11500) Concurrent Mark Cycle 24.317ms
[799.794s][info][gc] GC(11501) Pause Young (Prepare Mixed) (G1 Evacuation Pause) 210M->92M(235M) 1.421ms
[799.853s][info][gc] GC(11502) Pause Young (Mixed) (G1 Evacuation Pause) 211M->94M(235M) 1.301ms
[799.914s][info][gc] GC(11503) Pause Young (Concurrent Start) (G1 Evacuation Pause) 209M->93M(235M) 1.227ms
[799.914s][info][gc] GC(11504) Concurrent Mark Cycle
[799.930s][info][gc] GC(11504) Pause Remark 120M->120M(235M) 0.448ms
[799.940s][info][gc] GC(11504) Pause Cleanup 140M->140M(235M) 0.048ms
[799.940s][info][gc] GC(11504) Concurrent Mark Cycle 25.617ms
[799.976s][info][gc] GC(11505) Pause Young (Prepare Mixed) (G1 Evacuation Pause) 212M->95M(235M) 1.329ms
[800.038s][info][gc] GC(11506) Pause Young (Mixed) (G1 Evacuation Pause) 211M->95M(235M) 1.569ms
[800.092s][info][gc] GC(11507) Pause Young (Concurrent Start) (G1 Evacuation Pause) 210M->97M(235M) 1.255ms
[800.092s][info][gc] GC(11508) Concurrent Mark Cycle
[800.108s][info][gc] GC(11508) Pause Remark 130M->130M(235M) 0.425ms
[800.122s][info][gc] GC(11508) Pause Cleanup 146M->146M(235M) 0.056ms
[800.122s][info][gc] GC(11508) Concurrent Mark Cycle 30.409ms
[800.158s][info][gc] GC(11509) Pause Young (Prepare Mixed) (G1 Evacuation Pause) 211M->98M(235M) 1.285ms
[800.212s][info][gc] GC(11510) Pause Young (Mixed) (G1 Evacuation Pause) 211M->98M(235M) 1.235ms
[800.275s][info][gc] GC(11511) Pause Young (Concurrent Start) (G1 Evacuation Pause) 210M->99M(235M) 1.200ms
[800.275s][info][gc] GC(11512) Concurrent Mark Cycle
[800.288s][info][gc] GC(11512) Pause Remark 126M->126M(235M) 0.408ms
[800.303s][info][gc] GC(11512) Pause Cleanup 152M->152M(235M) 0.053ms
[800.303s][info][gc] GC(11512) Concurrent Mark Cycle 28.260ms
[800.330s][info][gc] GC(11513) Pause Young (Prepare Mixed) (G1 Evacuation Pause) 212M->99M(235M) 1.167ms
[800.390s][info][gc] GC(11514) Pause Young (Mixed) (G1 Evacuation Pause) 211M->101M(235M) 1.270ms
[800.445s][info][gc] GC(11515) Pause Young (Concurrent Start) (G1 Evacuation Pause) 211M->101M(235M) 1.305ms
[800.445s][info][gc] GC(11516) Concurrent Mark Cycle
[800.462s][info][gc] GC(11516) Pause Remark 120M->120M(235M) 0.451ms
[800.475s][info][gc] GC(11516) Pause Cleanup 142M->142M(235M) 0.057ms
[800.475s][info][gc] GC(11516) Concurrent Mark Cycle 29.833ms
[800.509s][info][gc] GC(11517) Pause Young (Prepare Mixed) (G1 Evacuation Pause) 213M->103M(235M) 1.258ms
[800.567s][info][gc] GC(11518) Pause Young (Mixed) (G1 Evacuation Pause) 211M->103M(235M) 1.236ms
[800.622s][info][gc] GC(11519) Pause Young (Concurrent Start) (G1 Evacuation Pause) 212M->104M(235M) 1.190ms
[800.622s][info][gc] GC(11520) Concurrent Mark Cycle
[800.638s][info][gc] GC(11520) Pause Remark 130M->130M(235M) 0.412ms
[800.653s][info][gc] GC(11520) Pause Cleanup 163M->163M(235M) 0.060ms
[800.654s][info][gc] GC(11520) Concurrent Mark Cycle 31.701ms
[800.683s][info][gc] GC(11521) Pause Young (Prepare Mixed) (G1 Evacuation Pause) 211M->105M(235M) 1.323ms
[800.738s][info][gc] GC(11522) Pause Young (Mixed) (G1 Evacuation Pause) 210M->106M(235M) 1.274ms
[800.795s][info][gc] GC(11523) Pause Young (Concurrent Start) (G1 Evacuation Pause) 212M->106M(235M) 1.166ms
[800.795s][info][gc] GC(11524) Concurrent Mark Cycle
[800.812s][info][gc] GC(11524) Pause Remark 134M->134M(235M) 0.440ms
[800.825s][info][gc] GC(11524) Pause Cleanup 156M->156M(235M) 0.056ms
[800.826s][info][gc] GC(11524) Concurrent Mark Cycle 30.748ms
[800.856s][info][gc] GC(11525) Pause Young (Prepare Mixed) (G1 Evacuation Pause) 213M->109M(235M) 1.234ms
[800.911s][info][gc] GC(11526) Pause Young (Mixed) (G1 Evacuation Pause) 210M->109M(235M) 1.309ms
[800.966s][info][gc] GC(11527) Pause Young (Concurrent Start) (G1 Evacuation Pause) 213M->110M(235M) 1.125ms
[800.966s][info][gc] GC(11528) Concurrent Mark Cycle
[800.982s][info][gc] GC(11528) Pause Remark 146M->146M(235M) 0.428ms
[800.996s][info][gc] GC(11528) Pause Cleanup 175M->175M(235M) 0.050ms
[800.997s][info][gc] GC(11528) Concurrent Mark Cycle 30.368ms
[801.018s][info][gc] GC(11529) Pause Young (Prepare Mixed) (G1 Evacuation Pause) 212M->110M(235M) 1.086ms
[801.075s][info][gc] GC(11530) Pause Young (Mixed) (G1 Evacuation Pause) 214M->112M(235M) 1.233ms
[801.124s][info][gc] GC(11531) Pause Young (Concurrent Start) (G1 Evacuation Pause) 211M->111M(235M) 1.146ms
[801.124s][info][gc] GC(11532) Concurrent Mark Cycle
[801.140s][info][gc] GC(11532) Pause Remark 134M->134M(235M) 0.405ms
[801.156s][info][gc] GC(11532) Pause Cleanup 152M->152M(235M) 0.053ms
[801.156s][info][gc] GC(11532) Concurrent Mark Cycle 32.167ms
[801.187s][info][gc] GC(11533) Pause Young (Prepare Mixed) (G1 Evacuation Pause) 214M->112M(235M) 1.143ms
[801.234s][info][gc] GC(11534) Pause Young (Mixed) (G1 Evacuation Pause) 211M->112M(267M) 1.161ms
[801.308s][info][gc] GC(11535) Pause Young (Normal) (G1 Evacuation Pause) 243M->115M(267M) 1.299ms
[801.443s][info][gc] GC(11536) Pause Young (Normal) (G1 Evacuation Pause) 242M->117M(267M) 1.353ms
[801.506s][info][gc] GC(11537) Pause Young (Concurrent Start) (G1 Evacuation Pause) 240M->119M(267M) 1.531ms
[801.506s][info][gc] GC(11538) Concurrent Mark Cycle
[801.511s][info][gc] GC(11538) Pause Remark 125M->61M(187M) 0.411ms
[801.514s][info][gc] GC(11538) Pause Cleanup 67M->67M(187M) 0.049ms
[801.514s][info][gc] GC(11538) Concurrent Mark Cycle 7.576ms
[801.566s][info][gc] GC(11539) Pause Young (Prepare Mixed) (G1 Evacuation Pause) 155M->55M(187M) 1.416ms
[801.616s][info][gc] GC(11540) Pause Young (Mixed) (G1 Evacuation Pause) 158M->47M(187M) 1.460ms
[801.674s][info][gc] GC(11541) Pause Young (Normal) (G1 Evacuation Pause) 152M->47M(187M) 1.074ms
[801.725s][info][gc] GC(11542) Pause Young (Normal) (G1 Evacuation Pause) 152M->48M(187M) 1.153ms
[801.783s][info][gc] GC(11543) Pause Young (Normal) (G1 Evacuation Pause) 152M->49M(187M) 1.062ms
[801.831s][info][gc] GC(11544) Pause Young (Normal) (G1 Evacuation Pause) 153M->50M(187M) 1.123ms
[801.886s][info][gc] GC(11545) Pause Young (Normal) (G1 Evacuation Pause) 153M->50M(187M) 1.170ms
[801.937s][info][gc] GC(11546) Pause Young (Normal) (G1 Evacuation Pause) 154M->52M(187M) 1.290ms
[801.987s][info][gc] GC(11547) Pause Young (Normal) (G1 Evacuation Pause) 155M->50M(187M) 1.077ms
[802.051s][info][gc] GC(11548) Pause Young (Normal) (G1 Evacuation Pause) 156M->53M(187M) 1.210ms
[802.099s][info][gc] GC(11549) Pause Young (Normal) (G1 Evacuation Pause) 156M->53M(187M) 1.113ms
[802.159s][info][gc] GC(11550) Pause Young (Normal) (G1 Evacuation Pause) 158M->55M(187M) 1.304ms
[802.203s][info][gc] GC(11551) Pause Young (Normal) (G1 Evacuation Pause) 158M->54M(187M) 1.083ms
[802.265s][info][gc] GC(11552) Pause Young (Normal) (G1 Evacuation Pause) 159M->56M(187M) 1.221ms
[802.314s][info][gc] GC(11553) Pause Young (Normal) (G1 Evacuation Pause) 159M->57M(187M) 1.105ms
[802.376s][info][gc] GC(11554) Pause Young (Normal) (G1 Evacuation Pause) 161M->58M(187M) 1.280ms
[802.421s][info][gc] GC(11555) Pause Young (Normal) (G1 Evacuation Pause) 160M->58M(187M) 1.098ms
[802.482s][info][gc] GC(11556) Pause Young (Normal) (G1 Evacuation Pause) 163M->60M(187M) 1.084ms
[802.529s][info][gc] GC(11557) Pause Young (Normal) (G1 Evacuation Pause) 163M->60M(187M) 1.152ms
[802.590s][info][gc] GC(11558) Pause Young (Normal) (G1 Evacuation Pause) 164M->61M(187M) 1.131ms
[802.635s][info][gc] GC(11559) Pause Young (Normal) (G1 Evacuation Pause) 164M->62M(187M) 1.319ms
[802.697s][info][gc] GC(11560) Pause Young (Normal) (G1 Evacuation Pause) 166M->63M(187M) 1.205ms
[802.743s][info][gc] GC(11561) Pause Young (Normal) (G1 Evacuation Pause) 166M->64M(187M) 1.243ms
[802.803s][info][gc] GC(11562) Pause Young (Normal) (G1 Evacuation Pause) 168M->65M(187M) 1.145ms
[802.851s][info][gc] GC(11563) Pause Young (Normal) (G1 Evacuation Pause) 167M->66M(187M) 1.163ms
[802.908s][info][gc] GC(11564) Pause Young (Normal) (G1 Evacuation Pause) 167M->67M(187M) 1.177ms
[802.956s][info][gc] GC(11565) Pause Young (Normal) (G1 Evacuation Pause) 168M->67M(187M) 1.092ms
[803.014s][info][gc] GC(11566) Pause Young (Concurrent Start) (G1 Evacuation Pause) 167M->68M(187M) 1.259ms
[803.014s][info][gc] GC(11567) Concurrent Mark Cycle
[803.023s][info][gc] GC(11567) Pause Remark 90M->83M(187M) 0.410ms
[803.032s][info][gc] GC(11567) Pause Cleanup 99M->99M(187M) 0.056ms
[803.032s][info][gc] GC(11567) Concurrent Mark Cycle 18.535ms
[803.061s][info][gc] GC(11568) Pause Young (Prepare Mixed) (G1 Evacuation Pause) 159M->62M(187M) 1.160ms
[803.114s][info][gc] GC(11569) Pause Young (Mixed) (G1 Evacuation Pause) 165M->60M(187M) 1.241ms
[803.164s][info][gc] GC(11570) Pause Young (Normal) (G1 Evacuation Pause) 163M->61M(187M) 1.201ms
[803.221s][info][gc] GC(11571) Pause Young (Normal) (G1 Evacuation Pause) 164M->62M(187M) 1.179ms
[803.271s][info][gc] GC(11572) Pause Young (Normal) (G1 Evacuation Pause) 165M->63M(187M) 1.169ms
[803.329s][info][gc] GC(11573) Pause Young (Normal) (G1 Evacuation Pause) 166M->65M(187M) 1.130ms
[803.375s][info][gc] GC(11574) Pause Young (Normal) (G1 Evacuation Pause) 166M->65M(187M) 1.132ms
[803.433s][info][gc] GC(11575) Pause Young (Normal) (G1 Evacuation Pause) 168M->66M(187M) 1.118ms
[803.479s][info][gc] GC(11576) Pause Young (Normal) (G1 Evacuation Pause) 167M->67M(187M) 1.172ms
[803.536s][info][gc] GC(11577) Pause Young (Normal) (G1 Evacuation Pause) 166M->67M(187M) 1.265ms
[803.583s][info][gc] GC(11578) Pause Young (Concurrent Start) (G1 Evacuation Pause) 167M->68M(187M) 1.251ms
[803.583s][info][gc] GC(11579) Concurrent Mark Cycle
[803.595s][info][gc] GC(11579) Pause Remark 98M->98M(187M) 0.410ms
[803.603s][info][gc] GC(11579) Pause Cleanup 111M->111M(187M) 0.048ms
[803.603s][info][gc] GC(11579) Concurrent Mark Cycle 19.703ms
[803.636s][info][gc] GC(11580) Pause Young (Prepare Mixed) (G1 Evacuation Pause) 166M->68M(187M) 1.152ms
[803.689s][info][gc] GC(11581) Pause Young (Mixed) (G1 Evacuation Pause) 169M->69M(187M) 1.160ms
[803.729s][info][gc] GC(11582) Pause Young (Concurrent Start) (G1 Evacuation Pause) 167M->68M(187M) 1.132ms
[803.729s][info][gc] GC(11583) Concurrent Mark Cycle
[803.741s][info][gc] GC(11583) Pause Remark 80M->80M(187M) 0.417ms
[803.749s][info][gc] GC(11583) Pause Cleanup 86M->86M(187M) 0.050ms
[803.749s][info][gc] GC(11583) Concurrent Mark Cycle 20.675ms
[803.792s][info][gc] GC(11584) Pause Young (Prepare Mixed) (G1 Evacuation Pause) 169M->70M(187M) 1.146ms
[803.839s][info][gc] GC(11585) Pause Young (Mixed) (G1 Evacuation Pause) 167M->69M(187M) 1.107ms
[803.897s][info][gc] GC(11586) Pause Young (Concurrent Start) (G1 Evacuation Pause) 168M->71M(187M) 1.167ms
[803.897s][info][gc] GC(11587) Concurrent Mark Cycle
[803.910s][info][gc] GC(11587) Pause Remark 100M->100M(187M) 0.486ms
[803.918s][info][gc] GC(11587) Pause Cleanup 114M->114M(187M) 0.043ms
[803.918s][info][gc] GC(11587) Concurrent Mark Cycle 20.785ms
[803.943s][info][gc] GC(11588) Pause Young (Prepare Mixed) (G1 Evacuation Pause) 166M->71M(187M) 1.309ms
[803.998s][info][gc] GC(11589) Pause Young (Mixed) (G1 Evacuation Pause) 168M->71M(187M) 1.243ms
[804.043s][info][gc] GC(11590) Pause Young (Concurrent Start) (G1 Evacuation Pause) 166M->72M(187M) 1.145ms
[804.043s][info][gc] GC(11591) Concurrent Mark Cycle
[804.055s][info][gc] GC(11591) Pause Remark 93M->93M(187M) 0.410ms
[804.066s][info][gc] GC(11591) Pause Cleanup 119M->119M(187M) 0.039ms
[804.066s][info][gc] GC(11591) Concurrent Mark Cycle 23.044ms
[804.099s][info][gc] GC(11592) Pause Young (Prepare Mixed) (G1 Evacuation Pause) 168M->73M(187M) 1.124ms
[804.144s][info][gc] GC(11593) Pause Young (Mixed) (G1 Evacuation Pause) 168M->73M(187M) 1.270ms
[804.195s][info][gc] GC(11594) Pause Young (Concurrent Start) (G1 Evacuation Pause) 168M->73M(187M) 1.039ms
[804.196s][info][gc] GC(11595) Concurrent Mark Cycle
[804.207s][info][gc] GC(11595) Pause Remark 91M->91M(187M) 0.392ms
[804.218s][info][gc] GC(11595) Pause Cleanup 114M->114M(187M) 0.045ms
[804.218s][info][gc] GC(11595) Concurrent Mark Cycle 22.698ms
[804.246s][info][gc] GC(11596) Pause Young (Prepare Mixed) (G1 Evacuation Pause) 169M->74M(187M) 1.228ms
[804.288s][info][gc] GC(11597) Pause Young (Mixed) (G1 Evacuation Pause) 168M->74M(187M) 1.157ms
[804.346s][info][gc] GC(11598) Pause Young (Concurrent Start) (G1 Evacuation Pause) 169M->76M(187M) 1.232ms
[804.346s][info][gc] GC(11599) Concurrent Mark Cycle
[804.359s][info][gc] GC(11599) Pause Remark 102M->102M(187M) 0.431ms
[804.369s][info][gc] GC(11599) Pause Cleanup 124M->124M(187M) 0.052ms
[804.369s][info][gc] GC(11599) Concurrent Mark Cycle 23.208ms
[804.390s][info][gc] GC(11600) Pause Young (Prepare Mixed) (G1 Evacuation Pause) 167M->77M(187M) 1.174ms
[804.446s][info][gc] GC(11601) Pause Young (Mixed) (G1 Evacuation Pause) 168M->78M(187M) 1.223ms
[804.486s][info][gc] GC(11602) Pause Young (Concurrent Start) (G1 Evacuation Pause) 168M->77M(187M) 1.022ms
[804.487s][info][gc] GC(11603) Concurrent Mark Cycle
[804.501s][info][gc] GC(11603) Pause Remark 107M->107M(187M) 0.403ms
[804.516s][info][gc] GC(11603) Pause Cleanup 138M->138M(187M) 0.050ms
[804.516s][info][gc] GC(11603) Concurrent Mark Cycle 29.841ms
[804.541s][info][gc] GC(11604) Pause Young (Prepare Mixed) (G1 Evacuation Pause) 168M->78M(187M) 1.109ms
[804.586s][info][gc] GC(11605) Pause Young (Mixed) (G1 Evacuation Pause) 167M->79M(187M) 1.308ms
[804.626s][info][gc] GC(11606) Pause Young (Concurrent Start) (G1 Evacuation Pause) 168M->78M(221M) 1.083ms
[804.626s][info][gc] GC(11607) Concurrent Mark Cycle
[804.637s][info][gc] GC(11607) Pause Remark 85M->85M(221M) 0.416ms
[804.650s][info][gc] GC(11607) Pause Cleanup 102M->102M(221M) 0.046ms
[804.651s][info][gc] GC(11607) Concurrent Mark Cycle 24.897ms
[804.704s][info][gc] GC(11608) Pause Young (Prepare Mixed) (G1 Evacuation Pause) 202M->80M(221M) 1.207ms
[804.769s][info][gc] GC(11609) Pause Young (Mixed) (G1 Evacuation Pause) 198M->82M(221M) 1.306ms
[804.823s][info][gc] GC(11610) Pause Young (Normal) (G1 Evacuation Pause) 198M->82M(221M) 1.231ms
[804.887s][info][gc] GC(11611) Pause Young (Concurrent Start) (G1 Evacuation Pause) 197M->84M(221M) 1.383ms
[804.887s][info][gc] GC(11612) Concurrent Mark Cycle
[804.901s][info][gc] GC(11612) Pause Remark 115M->115M(221M) 0.403ms
[804.910s][info][gc] GC(11612) Pause Cleanup 134M->134M(221M) 0.045ms
[804.910s][info][gc] GC(11612) Concurrent Mark Cycle 23.191ms
[804.944s][info][gc] GC(11613) Pause Young (Prepare Mixed) (G1 Evacuation Pause) 198M->84M(221M) 1.312ms
[805.008s][info][gc] GC(11614) Pause Young (Mixed) (G1 Evacuation Pause) 197M->85M(221M) 1.321ms
[805.060s][info][gc] GC(11615) Pause Young (Concurrent Start) (G1 Evacuation Pause) 198M->86M(221M) 1.203ms
[805.060s][info][gc] GC(11616) Concurrent Mark Cycle
[805.073s][info][gc] GC(11616) Pause Remark 111M->111M(221M) 0.405ms
[805.087s][info][gc] GC(11616) Pause Cleanup 124M->124M(221M) 0.052ms
[805.087s][info][gc] GC(11616) Concurrent Mark Cycle 27.383ms
[805.124s][info][gc] GC(11617) Pause Young (Prepare Mixed) (G1 Evacuation Pause) 197M->87M(221M) 1.212ms
[805.175s][info][gc] GC(11618) Pause Young (Mixed) (G1 Evacuation Pause) 197M->87M(221M) 1.176ms
[805.235s][info][gc] GC(11619) Pause Young (Concurrent Start) (G1 Evacuation Pause) 199M->88M(221M) 1.150ms
[805.235s][info][gc] GC(11620) Concurrent Mark Cycle
[805.248s][info][gc] GC(11620) Pause Remark 108M->108M(221M) 0.419ms
[805.259s][info][gc] GC(11620) Pause Cleanup 130M->130M(221M) 0.046ms
[805.259s][info][gc] GC(11620) Concurrent Mark Cycle 24.001ms
[805.294s][info][gc] GC(11621) Pause Young (Prepare Mixed) (G1 Evacuation Pause) 198M->89M(221M) 1.166ms
[805.354s][info][gc] GC(11622) Pause Young (Mixed) (G1 Evacuation Pause) 200M->91M(221M) 1.240ms
[805.408s][info][gc] GC(11623) Pause Young (Concurrent Start) (G1 Evacuation Pause) 198M->91M(221M) 1.231ms
[805.408s][info][gc] GC(11624) Concurrent Mark Cycle
[805.424s][info][gc] GC(11624) Pause Remark 116M->116M(221M) 0.428ms
[805.438s][info][gc] GC(11624) Pause Cleanup 134M->134M(221M) 0.050ms
[805.438s][info][gc] GC(11624) Concurrent Mark Cycle 30.004ms
[805.470s][info][gc] GC(11625) Pause Young (Prepare Mixed) (G1 Evacuation Pause) 198M->93M(221M) 1.229ms
[805.520s][info][gc] GC(11626) Pause Young (Mixed) (G1 Evacuation Pause) 196M->93M(221M) 1.213ms
[805.579s][info][gc] GC(11627) Pause Young (Concurrent Start) (G1 Evacuation Pause) 200M->94M(221M) 1.272ms
[805.579s][info][gc] GC(11628) Concurrent Mark Cycle
[805.595s][info][gc] GC(11628) Pause Remark 127M->127M(221M) 0.434ms
[805.606s][info][gc] GC(11628) Pause Cleanup 151M->151M(221M) 0.047ms
[805.607s][info][gc] GC(11628) Concurrent Mark Cycle 27.749ms
[805.634s][info][gc] GC(11629) Pause Young (Prepare Mixed) (G1 Evacuation Pause) 197M->94M(221M) 1.216ms
[805.694s][info][gc] GC(11630) Pause Young (Mixed) (G1 Evacuation Pause) 200M->96M(221M) 1.416ms
[805.743s][info][gc] GC(11631) Pause Young (Concurrent Start) (G1 Evacuation Pause) 198M->96M(221M) 1.280ms
[805.743s][info][gc] GC(11632) Concurrent Mark Cycle
[805.756s][info][gc] GC(11632) Pause Remark 118M->118M(221M) 0.389ms
[805.770s][info][gc] GC(11632) Pause Cleanup 135M->135M(221M) 0.048ms
[805.771s][info][gc] GC(11632) Concurrent Mark Cycle 27.132ms
[805.805s][info][gc] GC(11633) Pause Young (Prepare Mixed) (G1 Evacuation Pause) 199M->97M(221M) 1.219ms
[805.858s][info][gc] GC(11634) Pause Young (Mixed) (G1 Evacuation Pause) 198M->98M(221M) 1.148ms
[805.914s][info][gc] GC(11635) Pause Young (Concurrent Start) (G1 Evacuation Pause) 200M->99M(221M) 1.252ms
[805.914s][info][gc] GC(11636) Concurrent Mark Cycle
[805.931s][info][gc] GC(11636) Pause Remark 130M->130M(221M) 0.449ms
[805.946s][info][gc] GC(11636) Pause Cleanup 161M->161M(221M) 0.047ms
[805.946s][info][gc] GC(11636) Concurrent Mark Cycle 31.305ms
[805.966s][info][gc] GC(11637) Pause Young (Prepare Mixed) (G1 Evacuation Pause) 199M->99M(221M) 1.201ms
[806.025s][info][gc] GC(11638) Pause Young (Mixed) (G1 Evacuation Pause) 198M->100M(221M) 2.376ms
[806.072s][info][gc] GC(11639) Pause Young (Concurrent Start) (G1 Evacuation Pause) 199M->101M(254M) 1.228ms
[806.072s][info][gc] GC(11640) Concurrent Mark Cycle
[806.091s][info][gc] GC(11640) Pause Remark 132M->132M(254M) 0.420ms
[806.103s][info][gc] GC(11640) Pause Cleanup 149M->149M(254M) 0.050ms
[806.103s][info][gc] GC(11640) Concurrent Mark Cycle 30.767ms
[806.147s][info][gc] GC(11641) Pause Young (Prepare Mixed) (G1 Evacuation Pause) 230M->102M(254M) 1.332ms
[806.215s][info][gc] GC(11642) Pause Young (Mixed) (G1 Evacuation Pause) 229M->102M(254M) 2.226ms
[806.280s][info][gc] GC(11643) Pause Young (Concurrent Start) (G1 Evacuation Pause) 229M->104M(254M) 1.423ms
[806.280s][info][gc] GC(11644) Concurrent Mark Cycle
[806.296s][info][gc] GC(11644) Pause Remark 134M->134M(254M) 0.412ms
[806.307s][info][gc] GC(11644) Pause Cleanup 159M->159M(254M) 0.047ms
[806.307s][info][gc] GC(11644) Concurrent Mark Cycle 27.434ms
[806.351s][info][gc] GC(11645) Pause Young (Normal) (G1 Evacuation Pause) 227M->105M(254M) 1.534ms
[806.411s][info][gc] GC(11646) Pause Young (Concurrent Start) (G1 Evacuation Pause) 227M->106M(254M) 1.353ms
[806.412s][info][gc] GC(11647) Concurrent Mark Cycle
[806.426s][info][gc] GC(11647) Pause Remark 136M->136M(254M) 0.408ms
[806.432s][info][gc] GC(11647) Pause Cleanup 145M->145M(254M) 0.006ms
[806.432s][info][gc] GC(11647) Concurrent Mark Cycle 20.977ms
[806.481s][info][gc] GC(11648) Pause Young (Normal) (G1 Evacuation Pause) 228M->107M(254M) 1.510ms
[806.536s][info][gc] GC(11649) Pause Young (Concurrent Start) (G1 Evacuation Pause) 229M->107M(254M) 1.220ms
[806.536s][info][gc] GC(11650) Concurrent Mark Cycle
[806.556s][info][gc] GC(11650) Pause Remark 138M->138M(254M) 0.428ms
[806.565s][info][gc] GC(11650) Pause Cleanup 151M->151M(254M) 0.048ms
[806.565s][info][gc] GC(11650) Concurrent Mark Cycle 29.790ms
[806.602s][info][gc] GC(11651) Pause Young (Prepare Mixed) (G1 Evacuation Pause) 230M->108M(254M) 1.280ms
[806.668s][info][gc] GC(11652) Pause Young (Mixed) (G1 Evacuation Pause) 229M->110M(254M) 1.274ms
[806.726s][info][gc] GC(11653) Pause Young (Concurrent Start) (G1 Evacuation Pause) 228M->111M(254M) 1.516ms
[806.726s][info][gc] GC(11654) Concurrent Mark Cycle
[806.744s][info][gc] GC(11654) Pause Remark 145M->145M(254M) 0.402ms
[806.755s][info][gc] GC(11654) Pause Cleanup 163M->163M(254M) 0.045ms
[806.755s][info][gc] GC(11654) Concurrent Mark Cycle 29.226ms
[806.800s][info][gc] GC(11655) Pause Young (Normal) (G1 Evacuation Pause) 228M->112M(254M) 1.259ms
[806.854s][info][gc] GC(11656) Pause Young (Concurrent Start) (G1 Evacuation Pause) 229M->113M(254M) 1.227ms
[806.854s][info][gc] GC(11657) Concurrent Mark Cycle
[806.871s][info][gc] GC(11657) Pause Remark 149M->149M(254M) 0.405ms
[806.882s][info][gc] GC(11657) Pause Cleanup 162M->162M(254M) 0.045ms
[806.883s][info][gc] GC(11657) Concurrent Mark Cycle 28.441ms
[806.921s][info][gc] GC(11658) Pause Young (Prepare Mixed) (G1 Evacuation Pause) 229M->114M(254M) 1.249ms
[806.975s][info][gc] GC(11659) Pause Young (Mixed) (G1 Evacuation Pause) 229M->114M(254M) 1.201ms
[807.099s][info][gc] GC(11660) Pause Young (Concurrent Start) (G1 Evacuation Pause) 228M->117M(254M) 1.677ms
[807.099s][info][gc] GC(11661) Concurrent Mark Cycle
[807.106s][info][gc] GC(11661) Pause Remark 130M->68M(187M) 0.442ms
[807.108s][info][gc] GC(11661) Pause Cleanup 74M->74M(187M) 0.059ms
[807.108s][info][gc] GC(11661) Concurrent Mark Cycle 8.356ms
[807.154s][info][gc] GC(11662) Pause Young (Prepare Mixed) (G1 Evacuation Pause) 166M->57M(187M) 1.599ms
[807.210s][info][gc] GC(11663) Pause Young (Mixed) (G1 Evacuation Pause) 159M->47M(187M) 1.440ms
[807.261s][info][gc] GC(11664) Pause Young (Normal) (G1 Evacuation Pause) 151M->48M(187M) 1.210ms
[807.320s][info][gc] GC(11665) Pause Young (Normal) (G1 Evacuation Pause) 153M->48M(187M) 1.117ms
[807.370s][info][gc] GC(11666) Pause Young (Normal) (G1 Evacuation Pause) 153M->50M(187M) 1.074ms
[807.430s][info][gc] GC(11667) Pause Young (Normal) (G1 Evacuation Pause) 154M->51M(187M) 1.275ms
[807.478s][info][gc] GC(11668) Pause Young (Normal) (G1 Evacuation Pause) 154M->52M(187M) 1.203ms
[807.537s][info][gc] GC(11669) Pause Young (Normal) (G1 Evacuation Pause) 155M->52M(187M) 1.162ms
[807.586s][info][gc] GC(11670) Pause Young (Normal) (G1 Evacuation Pause) 156M->53M(187M) 1.116ms
[807.645s][info][gc] GC(11671) Pause Young (Normal) (G1 Evacuation Pause) 157M->54M(187M) 1.100ms
[807.694s][info][gc] GC(11672) Pause Young (Normal) (G1 Evacuation Pause) 158M->54M(187M) 1.075ms
[807.756s][info][gc] GC(11673) Pause Young (Normal) (G1 Evacuation Pause) 157M->56M(187M) 1.224ms
[807.801s][info][gc] GC(11674) Pause Young (Normal) (G1 Evacuation Pause) 159M->56M(187M) 1.187ms
[807.862s][info][gc] GC(11675) Pause Young (Normal) (G1 Evacuation Pause) 160M->57M(187M) 1.117ms
[807.911s][info][gc] GC(11676) Pause Young (Normal) (G1 Evacuation Pause) 161M->58M(187M) 1.276ms
[807.966s][info][gc] GC(11677) Pause Young (Normal) (G1 Evacuation Pause) 161M->58M(187M) 1.168ms
[808.019s][info][gc] GC(11678) Pause Young (Normal) (G1 Evacuation Pause) 162M->60M(187M) 1.163ms
[808.069s][info][gc] GC(11679) Pause Young (Normal) (G1 Evacuation Pause) 163M->60M(187M) 1.140ms
[808.124s][info][gc] GC(11680) Pause Young (Normal) (G1 Evacuation Pause) 165M->61M(187M) 1.145ms
[808.178s][info][gc] GC(11681) Pause Young (Normal) (G1 Evacuation Pause) 164M->62M(187M) 1.017ms
[808.232s][info][gc] GC(11682) Pause Young (Normal) (G1 Evacuation Pause) 167M->63M(187M) 1.079ms
[808.286s][info][gc] GC(11683) Pause Young (Normal) (G1 Evacuation Pause) 166M->63M(187M) 1.061ms
[808.341s][info][gc] GC(11684) Pause Young (Normal) (G1 Evacuation Pause) 167M->64M(187M) 1.162ms
[808.392s][info][gc] GC(11685) Pause Young (Normal) (G1 Evacuation Pause) 166M->65M(187M) 1.126ms
[808.448s][info][gc] GC(11686) Pause Young (Normal) (G1 Evacuation Pause) 168M->67M(187M) 1.268ms
[808.499s][info][gc] GC(11687) Pause Young (Normal) (G1 Evacuation Pause) 166M->67M(187M) 1.195ms
[808.549s][info][gc] GC(11688) Pause Young (Normal) (G1 Evacuation Pause) 166M->68M(187M) 1.104ms
[808.603s][info][gc] GC(11689) Pause Young (Normal) (G1 Evacuation Pause) 166M->69M(187M) 1.162ms
[808.652s][info][gc] GC(11690) Pause Young (Concurrent Start) (G1 Evacuation Pause) 166M->70M(187M) 1.208ms
[808.652s][info][gc] GC(11691) Concurrent Mark Cycle
[808.663s][info][gc] GC(11691) Pause Remark 93M->86M(187M) 0.453ms
[808.670s][info][gc] GC(11691) Pause Cleanup 100M->100M(187M) 0.053ms
[808.670s][info][gc] GC(11691) Concurrent Mark Cycle 18.568ms
[808.703s][info][gc] GC(11692) Pause Young (Prepare Mixed) (G1 Evacuation Pause) 162M->64M(187M) 1.104ms
[808.756s][info][gc] GC(11693) Pause Young (Mixed) (G1 Evacuation Pause) 168M->62M(187M) 1.132ms
[808.810s][info][gc] GC(11694) Pause Young (Normal) (G1 Evacuation Pause) 165M->63M(187M) 1.137ms
[808.869s][info][gc] GC(11695) Pause Young (Normal) (G1 Evacuation Pause) 166M->63M(187M) 1.189ms
[808.921s][info][gc] GC(11696) Pause Young (Normal) (G1 Evacuation Pause) 167M->65M(187M) 1.249ms
[808.977s][info][gc] GC(11697) Pause Young (Normal) (G1 Evacuation Pause) 167M->66M(187M) 1.213ms
[809.030s][info][gc] GC(11698) Pause Young (Normal) (G1 Evacuation Pause) 167M->66M(187M) 1.308ms
[809.085s][info][gc] GC(11699) Pause Young (Normal) (G1 Evacuation Pause) 167M->67M(187M) 1.192ms
[809.134s][info][gc] GC(11700) Pause Young (Normal) (G1 Evacuation Pause) 166M->68M(187M) 1.194ms
[809.190s][info][gc] GC(11701) Pause Young (Normal) (G1 Evacuation Pause) 166M->69M(187M) 1.220ms
[809.236s][info][gc] GC(11702) Pause Young (Normal) (G1 Evacuation Pause) 167M->70M(187M) 1.279ms
[809.291s][info][gc] GC(11703) Pause Young (Normal) (G1 Evacuation Pause) 167M->71M(187M) 1.094ms
[809.336s][info][gc] GC(11704) Pause Young (Concurrent Start) (G1 Evacuation Pause) 167M->72M(187M) 1.225ms
[809.337s][info][gc] GC(11705) Concurrent Mark Cycle
[809.350s][info][gc] GC(11705) Pause Remark 96M->96M(187M) 0.464ms
[809.363s][info][gc] GC(11705) Pause Cleanup 122M->122M(187M) 0.069ms
[809.363s][info][gc] GC(11705) Concurrent Mark Cycle 26.910ms
[809.388s][info][gc] GC(11706) Pause Young (Prepare Mixed) (G1 Evacuation Pause) 167M->72M(187M) 1.415ms
[809.443s][info][gc] GC(11707) Pause Young (Mixed) (G1 Evacuation Pause) 169M->72M(187M) 1.107ms
[809.492s][info][gc] GC(11708) Pause Young (Concurrent Start) (G1 Evacuation Pause) 167M->72M(187M) 1.174ms
[809.492s][info][gc] GC(11709) Concurrent Mark Cycle
[809.503s][info][gc] GC(11709) Pause Remark 92M->92M(187M) 0.405ms
[809.512s][info][gc] GC(11709) Pause Cleanup 108M->108M(187M) 0.052ms
[809.512s][info][gc] GC(11709) Concurrent Mark Cycle 20.542ms
[809.547s][info][gc] GC(11710) Pause Young (Prepare Mixed) (G1 Evacuation Pause) 167M->73M(187M) 1.235ms
[809.594s][info][gc] GC(11711) Pause Young (Mixed) (G1 Evacuation Pause) 166M->73M(187M) 1.252ms
[809.647s][info][gc] GC(11712) Pause Young (Concurrent Start) (G1 Evacuation Pause) 168M->73M(187M) 1.284ms
[809.647s][info][gc] GC(11713) Concurrent Mark Cycle
[809.656s][info][gc] GC(11713) Pause Remark 94M->94M(187M) 0.459ms
[809.667s][info][gc] GC(11713) Pause Cleanup 108M->108M(187M) 0.057ms
[809.667s][info][gc] GC(11713) Concurrent Mark Cycle 20.773ms
[809.702s][info][gc] GC(11714) Pause Young (Prepare Mixed) (G1 Evacuation Pause) 167M->74M(187M) 1.081ms
[809.753s][info][gc] GC(11715) Pause Young (Mixed) (G1 Evacuation Pause) 167M->73M(187M) 1.208ms
[809.798s][info][gc] GC(11716) Pause Young (Concurrent Start) (G1 Evacuation Pause) 169M->74M(187M) 1.074ms
[809.799s][info][gc] GC(11717) Concurrent Mark Cycle
[809.809s][info][gc] GC(11717) Pause Remark 88M->88M(187M) 0.406ms
[809.819s][info][gc] GC(11717) Pause Cleanup 108M->108M(187M) 0.049ms
[809.819s][info][gc] GC(11717) Concurrent Mark Cycle 20.652ms
[809.857s][info][gc] GC(11718) Pause Young (Prepare Mixed) (G1 Evacuation Pause) 168M->75M(187M) 1.094ms
[809.902s][info][gc] GC(11719) Pause Young (Mixed) (G1 Evacuation Pause) 168M->75M(187M) 1.219ms
[809.947s][info][gc] GC(11720) Pause Young (Concurrent Start) (G1 Evacuation Pause) 168M->75M(187M) 1.057ms
[809.947s][info][gc] GC(11721) Concurrent Mark Cycle
[809.959s][info][gc] GC(11721) Pause Remark 92M->92M(187M) 0.427ms
[809.972s][info][gc] GC(11721) Pause Cleanup 105M->105M(187M) 0.058ms
[809.972s][info][gc] GC(11721) Concurrent Mark Cycle 25.163ms
[810.002s][info][gc] GC(11722) Pause Young (Prepare Mixed) (G1 Evacuation Pause) 169M->76M(187M) 1.115ms
[810.050s][info][gc] GC(11723) Pause Young (Mixed) (G1 Evacuation Pause) 168M->76M(187M) 1.185ms
[810.100s][info][gc] GC(11724) Pause Young (Concurrent Start) (G1 Evacuation Pause) 168M->78M(187M) 1.153ms
[810.100s][info][gc] GC(11725) Concurrent Mark Cycle
[810.112s][info][gc] GC(11725) Pause Remark 107M->107M(187M) 0.444ms
[810.122s][info][gc] GC(11725) Pause Cleanup 131M->131M(187M) 0.051ms
[810.123s][info][gc] GC(11725) Concurrent Mark Cycle 22.834ms
[810.144s][info][gc] GC(11726) Pause Young (Prepare Mixed) (G1 Evacuation Pause) 168M->78M(187M) 1.066ms
[810.193s][info][gc] GC(11727) Pause Young (Mixed) (G1 Evacuation Pause) 168M->78M(187M) 1.137ms
[810.234s][info][gc] GC(11728) Pause Young (Concurrent Start) (G1 Evacuation Pause) 166M->79M(187M) 1.204ms
[810.235s][info][gc] GC(11729) Concurrent Mark Cycle
[810.247s][info][gc] GC(11729) Pause Remark 98M->98M(187M) 0.455ms
[810.258s][info][gc] GC(11729) Pause Cleanup 122M->122M(187M) 0.049ms
[810.259s][info][gc] GC(11729) Concurrent Mark Cycle 24.112ms
[810.280s][info][gc] GC(11730) Pause Young (Prepare Mixed) (G1 Evacuation Pause) 166M->80M(187M) 1.218ms
[810.330s][info][gc] GC(11731) Pause Young (Mixed) (G1 Evacuation Pause) 169M->81M(187M) 1.092ms
[810.375s][info][gc] GC(11732) Pause Young (Concurrent Start) (G1 Evacuation Pause) 168M->81M(187M) 1.061ms
[810.375s][info][gc] GC(11733) Concurrent Mark Cycle
[810.386s][info][gc] GC(11733) Pause Remark 103M->103M(187M) 0.394ms
[810.406s][info][gc] GC(11733) Pause Cleanup 137M->137M(187M) 0.048ms
[810.406s][info][gc] GC(11733) Concurrent Mark Cycle 31.044ms
[810.424s][info][gc] GC(11734) Pause Young (Prepare Mixed) (G1 Evacuation Pause) 168M->82M(187M) 1.065ms
[810.465s][info][gc] GC(11735) Pause Young (Mixed) (G1 Evacuation Pause) 167M->82M(233M) 1.070ms
[810.536s][info][gc] GC(11736) Pause Young (Normal) (G1 Evacuation Pause) 212M->84M(233M) 1.234ms
[810.596s][info][gc] GC(11737) Pause Young (Normal) (G1 Evacuation Pause) 210M->84M(233M) 1.203ms
[810.663s][info][gc] GC(11738) Pause Young (Normal) (G1 Evacuation Pause) 210M->86M(233M) 1.417ms
[810.724s][info][gc] GC(11739) Pause Young (Normal) (G1 Evacuation Pause) 208M->86M(233M) 1.173ms
[810.790s][info][gc] GC(11740) Pause Young (Normal) (G1 Evacuation Pause) 208M->87M(233M) 1.499ms
[810.865s][info][gc] GC(11741) Pause Young (Normal) (G1 Evacuation Pause) 207M->88M(233M) 1.675ms
[810.934s][info][gc] GC(11742) Pause Young (Normal) (G1 Evacuation Pause) 209M->89M(233M) 1.694ms
[811.000s][info][gc] GC(11743) Pause Young (Concurrent Start) (G1 Evacuation Pause) 207M->91M(233M) 1.392ms
[811.000s][info][gc] GC(11744) Concurrent Mark Cycle
[811.012s][info][gc] GC(11744) Pause Remark 113M->113M(233M) 0.410ms
[811.027s][info][gc] GC(11744) Pause Cleanup 138M->138M(233M) 0.049ms
[811.027s][info][gc] GC(11744) Concurrent Mark Cycle 27.508ms
[811.064s][info][gc] GC(11745) Pause Young (Prepare Mixed) (G1 Evacuation Pause) 209M->92M(233M) 1.424ms
[811.126s][info][gc] GC(11746) Pause Young (Mixed) (G1 Evacuation Pause) 209M->92M(233M) 1.313ms
[811.184s][info][gc] GC(11747) Pause Young (Concurrent Start) (G1 Evacuation Pause) 210M->93M(233M) 1.222ms
[811.184s][info][gc] GC(11748) Concurrent Mark Cycle
[811.199s][info][gc] GC(11748) Pause Remark 114M->114M(233M) 0.414ms
[811.216s][info][gc] GC(11748) Pause Cleanup 141M->141M(233M) 0.048ms
[811.216s][info][gc] GC(11748) Concurrent Mark Cycle 32.698ms
[811.251s][info][gc] GC(11749) Pause Young (Prepare Mixed) (G1 Evacuation Pause) 208M->94M(233M) 1.242ms
[811.312s][info][gc] GC(11750) Pause Young (Mixed) (G1 Evacuation Pause) 209M->94M(233M) 1.313ms
[811.371s][info][gc] GC(11751) Pause Young (Concurrent Start) (G1 Evacuation Pause) 208M->97M(233M) 1.288ms
[811.371s][info][gc] GC(11752) Concurrent Mark Cycle
[811.384s][info][gc] GC(11752) Pause Remark 121M->121M(233M) 0.389ms
[811.396s][info][gc] GC(11752) Pause Cleanup 143M->143M(233M) 0.053ms
[811.397s][info][gc] GC(11752) Concurrent Mark Cycle 25.568ms
[811.433s][info][gc] GC(11753) Pause Young (Prepare Mixed) (G1 Evacuation Pause) 208M->96M(233M) 1.218ms
[811.490s][info][gc] GC(11754) Pause Young (Mixed) (G1 Evacuation Pause) 209M->98M(233M) 1.270ms
[811.548s][info][gc] GC(11755) Pause Young (Concurrent Start) (G1 Evacuation Pause) 207M->99M(233M) 1.408ms
[811.548s][info][gc] GC(11756) Concurrent Mark Cycle
[811.562s][info][gc] GC(11756) Pause Remark 122M->122M(233M) 0.454ms
[811.577s][info][gc] GC(11756) Pause Cleanup 157M->157M(233M) 0.053ms
[811.577s][info][gc] GC(11756) Concurrent Mark Cycle 28.862ms
[811.604s][info][gc] GC(11757) Pause Young (Prepare Mixed) (G1 Evacuation Pause) 209M->99M(233M) 1.084ms
[811.665s][info][gc] GC(11758) Pause Young (Mixed) (G1 Evacuation Pause) 209M->101M(233M) 1.244ms
[811.716s][info][gc] GC(11759) Pause Young (Concurrent Start) (G1 Evacuation Pause) 210M->101M(233M) 1.161ms
[811.716s][info][gc] GC(11760) Concurrent Mark Cycle
[811.730s][info][gc] GC(11760) Pause Remark 121M->121M(233M) 0.447ms
[811.745s][info][gc] GC(11760) Pause Cleanup 152M->152M(233M) 0.045ms
[811.745s][info][gc] GC(11760) Concurrent Mark Cycle 29.517ms
[811.781s][info][gc] GC(11761) Pause Young (Prepare Mixed) (G1 Evacuation Pause) 209M->103M(233M) 1.310ms
[811.834s][info][gc] GC(11762) Pause Young (Mixed) (G1 Evacuation Pause) 210M->103M(233M) 1.166ms
[811.896s][info][gc] GC(11763) Pause Young (Concurrent Start) (G1 Evacuation Pause) 210M->105M(233M) 1.291ms
[811.896s][info][gc] GC(11764) Concurrent Mark Cycle
[811.912s][info][gc] GC(11764) Pause Remark 139M->139M(233M) 0.466ms
[811.933s][info][gc] GC(11764) Pause Cleanup 178M->178M(233M) 0.052ms
[811.933s][info][gc] GC(11764) Concurrent Mark Cycle 37.582ms
[811.949s][info][gc] GC(11765) Pause Young (Prepare Mixed) (G1 Evacuation Pause) 211M->106M(233M) 1.186ms
[812.005s][info][gc] GC(11766) Pause Young (Mixed) (G1 Evacuation Pause) 211M->106M(233M) 1.207ms
[812.056s][info][gc] GC(11767) Pause Young (Concurrent Start) (G1 Evacuation Pause) 210M->107M(233M) 1.120ms
[812.056s][info][gc] GC(11768) Concurrent Mark Cycle
[812.070s][info][gc] GC(11768) Pause Remark 125M->125M(233M) 0.429ms
[812.088s][info][gc] GC(11768) Pause Cleanup 159M->159M(233M) 0.052ms
[812.088s][info][gc] GC(11768) Concurrent Mark Cycle 31.789ms
[812.121s][info][gc] GC(11769) Pause Young (Prepare Mixed) (G1 Evacuation Pause) 210M->107M(233M) 1.133ms
[812.171s][info][gc] GC(11770) Pause Young (Mixed) (G1 Evacuation Pause) 209M->109M(233M) 1.166ms
[812.226s][info][gc] GC(11771) Pause Young (Concurrent Start) (G1 Evacuation Pause) 210M->109M(233M) 1.201ms
[812.226s][info][gc] GC(11772) Concurrent Mark Cycle
[812.242s][info][gc] GC(11772) Pause Remark 134M->134M(233M) 0.487ms
[812.262s][info][gc] GC(11772) Pause Cleanup 171M->171M(233M) 0.053ms
[812.262s][info][gc] GC(11772) Concurrent Mark Cycle 35.923ms
[812.280s][info][gc] GC(11773) Pause Young (Prepare Mixed) (G1 Evacuation Pause) 210M->110M(233M) 1.313ms
[812.334s][info][gc] GC(11774) Pause Young (Mixed) (G1 Evacuation Pause) 209M->110M(233M) 1.198ms
[812.386s][info][gc] GC(11775) Pause Young (Concurrent Start) (G1 Evacuation Pause) 211M->111M(233M) 1.227ms
[812.386s][info][gc] GC(11776) Concurrent Mark Cycle
[812.406s][info][gc] GC(11776) Pause Remark 145M->145M(233M) 0.411ms
[812.425s][info][gc] GC(11776) Pause Cleanup 183M->183M(233M) 0.053ms
[812.425s][info][gc] GC(11776) Concurrent Mark Cycle 39.168ms
[812.445s][info][gc] GC(11777) Pause Young (Prepare Mixed) (G1 Evacuation Pause) 211M->112M(233M) 1.114ms
[812.495s][info][gc] GC(11778) Pause Young (Mixed) (G1 Evacuation Pause) 211M->114M(233M) 1.278ms
[812.539s][info][gc] GC(11779) Pause Young (Concurrent Start) (G1 Evacuation Pause) 209M->113M(233M) 1.122ms
[812.540s][info][gc] GC(11780) Concurrent Mark Cycle
[812.557s][info][gc] GC(11780) Pause Remark 135M->135M(233M) 0.408ms
[812.575s][info][gc] GC(11780) Pause Cleanup 166M->166M(233M) 0.045ms
[812.576s][info][gc] GC(11780) Concurrent Mark Cycle 36.128ms
[812.598s][info][gc] GC(11781) Pause Young (Prepare Mixed) (G1 Evacuation Pause) 212M->115M(233M) 1.278ms
[812.652s][info][gc] GC(11782) Pause Young (Mixed) (G1 Evacuation Pause) 210M->113M(233M) 1.019ms
[812.766s][info][gc] GC(11783) Pause Young (Concurrent Start) (G1 Evacuation Pause) 212M->118M(233M) 1.341ms
[812.766s][info][gc] GC(11784) Concurrent Mark Cycle
[812.771s][info][gc] GC(11784) Pause Remark 128M->57M(160M) 0.424ms
[812.773s][info][gc] GC(11784) Pause Cleanup 61M->61M(160M) 0.045ms
[812.773s][info][gc] GC(11784) Concurrent Mark Cycle 6.608ms
[812.811s][info][gc] GC(11785) Pause Young (Prepare Mixed) (G1 Evacuation Pause) 138M->48M(160M) 1.473ms
[812.866s][info][gc] GC(11786) Pause Young (Mixed) (G1 Evacuation Pause) 136M->43M(160M) 1.360ms
[812.907s][info][gc] GC(11787) Pause Young (Normal) (G1 Evacuation Pause) 133M->44M(200M) 1.056ms
[812.972s][info][gc] GC(11788) Pause Young (Normal) (G1 Evacuation Pause) 158M->45M(200M) 1.168ms
[813.026s][info][gc] GC(11789) Pause Young (Normal) (G1 Evacuation Pause) 158M->45M(200M) 1.238ms
[813.087s][info][gc] GC(11790) Pause Young (Normal) (G1 Evacuation Pause) 157M->46M(200M) 1.197ms
[813.140s][info][gc] GC(11791) Pause Young (Normal) (G1 Evacuation Pause) 157M->47M(200M) 1.144ms
[813.202s][info][gc] GC(11792) Pause Young (Normal) (G1 Evacuation Pause) 158M->48M(200M) 1.227ms
[813.255s][info][gc] GC(11793) Pause Young (Normal) (G1 Evacuation Pause) 159M->49M(200M) 1.216ms
[813.317s][info][gc] GC(11794) Pause Young (Normal) (G1 Evacuation Pause) 160M->50M(200M) 1.209ms
[813.371s][info][gc] GC(11795) Pause Young (Normal) (G1 Evacuation Pause) 161M->51M(200M) 1.267ms
[813.434s][info][gc] GC(11796) Pause Young (Normal) (G1 Evacuation Pause) 161M->52M(200M) 1.203ms
[813.487s][info][gc] GC(11797) Pause Young (Normal) (G1 Evacuation Pause) 163M->53M(200M) 1.163ms
[813.549s][info][gc] GC(11798) Pause Young (Normal) (G1 Evacuation Pause) 164M->53M(200M) 1.149ms
[813.602s][info][gc] GC(11799) Pause Young (Normal) (G1 Evacuation Pause) 164M->55M(200M) 1.205ms
[813.665s][info][gc] GC(11800) Pause Young (Normal) (G1 Evacuation Pause) 165M->56M(200M) 1.288ms
[813.717s][info][gc] GC(11801) Pause Young (Normal) (G1 Evacuation Pause) 166M->56M(200M) 1.143ms
[813.783s][info][gc] GC(11802) Pause Young (Normal) (G1 Evacuation Pause) 167M->57M(200M) 1.265ms
[813.831s][info][gc] GC(11803) Pause Young (Normal) (G1 Evacuation Pause) 167M->57M(200M) 1.285ms
[813.897s][info][gc] GC(11804) Pause Young (Normal) (G1 Evacuation Pause) 169M->60M(200M) 1.254ms
[813.961s][info][gc] GC(11805) Pause Young (Normal) (G1 Evacuation Pause) 169M->60M(200M) 1.209ms
[814.015s][info][gc] GC(11806) Pause Young (Normal) (G1 Evacuation Pause) 171M->61M(200M) 1.274ms
[814.075s][info][gc] GC(11807) Pause Young (Normal) (G1 Evacuation Pause) 172M->62M(200M) 1.193ms
[814.128s][info][gc] GC(11808) Pause Young (Normal) (G1 Evacuation Pause) 173M->63M(200M) 1.282ms
[814.190s][info][gc] GC(11809) Pause Young (Normal) (G1 Evacuation Pause) 173M->64M(200M) 1.216ms
[814.244s][info][gc] GC(11810) Pause Young (Normal) (G1 Evacuation Pause) 175M->65M(200M) 1.265ms
[814.307s][info][gc] GC(11811) Pause Young (Normal) (G1 Evacuation Pause) 176M->66M(200M) 1.210ms
[814.359s][info][gc] GC(11812) Pause Young (Normal) (G1 Evacuation Pause) 178M->67M(200M) 1.165ms
[814.420s][info][gc] GC(11813) Pause Young (Normal) (G1 Evacuation Pause) 178M->68M(200M) 1.165ms
[814.472s][info][gc] GC(11814) Pause Young (Normal) (G1 Evacuation Pause) 178M->68M(200M) 1.208ms
[814.530s][info][gc] GC(11815) Pause Young (Normal) (G1 Evacuation Pause) 179M->69M(200M) 1.288ms
[814.584s][info][gc] GC(11816) Pause Young (Normal) (G1 Evacuation Pause) 179M->70M(200M) 1.203ms
[814.644s][info][gc] GC(11817) Pause Young (Normal) (G1 Evacuation Pause) 179M->72M(200M) 1.174ms
[814.693s][info][gc] GC(11818) Pause Young (Normal) (G1 Evacuation Pause) 178M->72M(200M) 1.129ms
[814.753s][info][gc] GC(11819) Pause Young (Normal) (G1 Evacuation Pause) 179M->73M(200M) 1.174ms
[814.804s][info][gc] GC(11820) Pause Young (Normal) (G1 Evacuation Pause) 179M->74M(200M) 1.231ms
[814.866s][info][gc] GC(11821) Pause Young (Normal) (G1 Evacuation Pause) 179M->75M(200M) 1.261ms
[814.912s][info][gc] GC(11822) Pause Young (Concurrent Start) (G1 Evacuation Pause) 177M->76M(200M) 1.242ms
[814.912s][info][gc] GC(11823) Concurrent Mark Cycle
[814.922s][info][gc] GC(11823) Pause Remark 97M->92M(200M) 0.411ms
[814.928s][info][gc] GC(11823) Pause Cleanup 96M->96M(200M) 0.057ms
[814.928s][info][gc] GC(11823) Concurrent Mark Cycle 16.049ms
[814.976s][info][gc] GC(11824) Pause Young (Prepare Mixed) (G1 Evacuation Pause) 176M->72M(200M) 1.263ms
[815.027s][info][gc] GC(11825) Pause Young (Mixed) (G1 Evacuation Pause) 180M->72M(200M) 1.258ms
[815.086s][info][gc] GC(11826) Pause Young (Normal) (G1 Evacuation Pause) 180M->73M(200M) 1.153ms
[815.136s][info][gc] GC(11827) Pause Young (Normal) (G1 Evacuation Pause) 180M->73M(200M) 1.245ms
[815.198s][info][gc] GC(11828) Pause Young (Normal) (G1 Evacuation Pause) 179M->75M(200M) 1.308ms
[815.247s][info][gc] GC(11829) Pause Young (Normal) (G1 Evacuation Pause) 180M->75M(200M) 1.129ms
[815.306s][info][gc] GC(11830) Pause Young (Normal) (G1 Evacuation Pause) 180M->76M(200M) 1.130ms
[815.355s][info][gc] GC(11831) Pause Young (Concurrent Start) (G1 Evacuation Pause) 180M->77M(200M) 1.276ms
[815.355s][info][gc] GC(11832) Concurrent Mark Cycle
[815.366s][info][gc] GC(11832) Pause Remark 100M->100M(200M) 0.411ms
[815.373s][info][gc] GC(11832) Pause Cleanup 106M->106M(200M) 0.056ms
[815.373s][info][gc] GC(11832) Concurrent Mark Cycle 18.045ms
[815.417s][info][gc] GC(11833) Pause Young (Prepare Mixed) (G1 Evacuation Pause) 180M->78M(200M) 1.299ms
[815.465s][info][gc] GC(11834) Pause Young (Mixed) (G1 Evacuation Pause) 180M->77M(200M) 1.353ms
[815.524s][info][gc] GC(11835) Pause Young (Concurrent Start) (G1 Evacuation Pause) 181M->78M(200M) 1.174ms
[815.524s][info][gc] GC(11836) Concurrent Mark Cycle
[815.534s][info][gc] GC(11836) Pause Remark 98M->98M(200M) 0.402ms
[815.541s][info][gc] GC(11836) Pause Cleanup 106M->106M(200M) 0.053ms
[815.541s][info][gc] GC(11836) Concurrent Mark Cycle 17.059ms
[815.581s][info][gc] GC(11837) Pause Young (Prepare Mixed) (G1 Evacuation Pause) 180M->78M(200M) 1.173ms
[815.645s][info][gc] GC(11838) Pause Young (Mixed) (G1 Evacuation Pause) 179M->78M(200M) 1.255ms
[815.702s][info][gc] GC(11839) Pause Young (Concurrent Start) (G1 Evacuation Pause) 179M->79M(200M) 1.248ms
[815.702s][info][gc] GC(11840) Concurrent Mark Cycle
[815.716s][info][gc] GC(11840) Pause Remark 109M->109M(200M) 0.438ms
[815.723s][info][gc] GC(11840) Pause Cleanup 120M->120M(200M) 0.049ms
[815.723s][info][gc] GC(11840) Concurrent Mark Cycle 21.552ms
[815.765s][info][gc] GC(11841) Pause Young (Prepare Mixed) (G1 Evacuation Pause) 180M->80M(200M) 1.253ms
[815.811s][info][gc] GC(11842) Pause Young (Mixed) (G1 Evacuation Pause) 181M->80M(200M) 1.347ms
[815.868s][info][gc] GC(11843) Pause Young (Concurrent Start) (G1 Evacuation Pause) 181M->80M(200M) 1.191ms
[815.868s][info][gc] GC(11844) Concurrent Mark Cycle
[815.881s][info][gc] GC(11844) Pause Remark 104M->104M(200M) 0.427ms
[815.889s][info][gc] GC(11844) Pause Cleanup 120M->120M(200M) 0.052ms
[815.889s][info][gc] GC(11844) Concurrent Mark Cycle 20.741ms
[815.921s][info][gc] GC(11845) Pause Young (Prepare Mixed) (G1 Evacuation Pause) 181M->81M(200M) 1.159ms
[815.979s][info][gc] GC(11846) Pause Young (Mixed) (G1 Evacuation Pause) 179M->82M(200M) 1.393ms
[816.028s][info][gc] GC(11847) Pause Young (Concurrent Start) (G1 Evacuation Pause) 180M->83M(200M) 1.335ms
[816.028s][info][gc] GC(11848) Concurrent Mark Cycle
[816.042s][info][gc] GC(11848) Pause Remark 109M->109M(200M) 0.405ms
[816.049s][info][gc] GC(11848) Pause Cleanup 127M->127M(200M) 0.053ms
[816.050s][info][gc] GC(11848) Concurrent Mark Cycle 21.105ms
[816.088s][info][gc] GC(11849) Pause Young (Prepare Mixed) (G1 Evacuation Pause) 180M->83M(200M) 1.196ms
[816.136s][info][gc] GC(11850) Pause Young (Mixed) (G1 Evacuation Pause) 179M->84M(200M) 1.573ms
[816.186s][info][gc] GC(11851) Pause Young (Concurrent Start) (G1 Evacuation Pause) 180M->83M(200M) 1.088ms
[816.186s][info][gc] GC(11852) Concurrent Mark Cycle
[816.198s][info][gc] GC(11852) Pause Remark 93M->93M(200M) 0.404ms
[816.206s][info][gc] GC(11852) Pause Cleanup 112M->112M(200M) 0.046ms
[816.206s][info][gc] GC(11852) Concurrent Mark Cycle 19.910ms
[816.238s][info][gc] GC(11853) Pause Young (Prepare Mixed) (G1 Evacuation Pause) 181M->85M(200M) 1.119ms
[816.282s][info][gc] GC(11854) Pause Young (Mixed) (G1 Evacuation Pause) 179M->84M(233M) 1.195ms
[816.355s][info][gc] GC(11855) Pause Young (Normal) (G1 Evacuation Pause) 211M->86M(233M) 1.181ms
[816.422s][info][gc] GC(11856) Pause Young (Normal) (G1 Evacuation Pause) 209M->88M(233M) 1.201ms
[816.481s][info][gc] GC(11857) Pause Young (Normal) (G1 Evacuation Pause) 209M->89M(233M) 1.413ms
[816.545s][info][gc] GC(11858) Pause Young (Normal) (G1 Evacuation Pause) 206M->89M(233M) 1.434ms
[816.604s][info][gc] GC(11859) Pause Young (Concurrent Start) (G1 Evacuation Pause) 209M->90M(233M) 1.309ms
[816.604s][info][gc] GC(11860) Concurrent Mark Cycle
[816.618s][info][gc] GC(11860) Pause Remark 122M->122M(233M) 0.441ms
[816.626s][info][gc] GC(11860) Pause Cleanup 130M->130M(233M) 0.054ms
[816.626s][info][gc] GC(11860) Concurrent Mark Cycle 22.253ms
[816.669s][info][gc] GC(11861) Pause Young (Prepare Mixed) (G1 Evacuation Pause) 207M->92M(233M) 1.293ms
[816.725s][info][gc] GC(11862) Pause Young (Mixed) (G1 Evacuation Pause) 209M->91M(233M) 1.162ms
[816.795s][info][gc] GC(11863) Pause Young (Concurrent Start) (G1 Evacuation Pause) 209M->93M(233M) 1.426ms
[816.795s][info][gc] GC(11864) Concurrent Mark Cycle
[816.808s][info][gc] GC(11864) Pause Remark 119M->119M(233M) 0.398ms
[816.818s][info][gc] GC(11864) Pause Cleanup 137M->137M(233M) 0.053ms
[816.818s][info][gc] GC(11864) Concurrent Mark Cycle 22.695ms
[816.858s][info][gc] GC(11865) Pause Young (Prepare Mixed) (G1 Evacuation Pause) 207M->93M(233M) 1.269ms
[816.919s][info][gc] GC(11866) Pause Young (Mixed) (G1 Evacuation Pause) 209M->95M(233M) 1.420ms
[816.974s][info][gc] GC(11867) Pause Young (Concurrent Start) (G1 Evacuation Pause) 207M->95M(233M) 1.266ms
[816.974s][info][gc] GC(11868) Concurrent Mark Cycle
[816.988s][info][gc] GC(11868) Pause Remark 118M->118M(233M) 0.407ms
[816.997s][info][gc] GC(11868) Pause Cleanup 137M->137M(233M) 0.052ms
[816.997s][info][gc] GC(11868) Concurrent Mark Cycle 22.641ms
[817.035s][info][gc] GC(11869) Pause Young (Prepare Mixed) (G1 Evacuation Pause) 209M->97M(233M) 1.227ms
[817.094s][info][gc] GC(11870) Pause Young (Mixed) (G1 Evacuation Pause) 207M->97M(233M) 1.207ms
[817.147s][info][gc] GC(11871) Pause Young (Concurrent Start) (G1 Evacuation Pause) 209M->98M(233M) 1.307ms
[817.147s][info][gc] GC(11872) Concurrent Mark Cycle
[817.164s][info][gc] GC(11872) Pause Remark 138M->138M(233M) 0.400ms
[817.175s][info][gc] GC(11872) Pause Cleanup 154M->154M(233M) 0.048ms
[817.175s][info][gc] GC(11872) Concurrent Mark Cycle 28.145ms
[817.205s][info][gc] GC(11873) Pause Young (Prepare Mixed) (G1 Evacuation Pause) 210M->99M(233M) 1.192ms
[817.262s][info][gc] GC(11874) Pause Young (Mixed) (G1 Evacuation Pause) 210M->101M(233M) 1.421ms
[817.318s][info][gc] GC(11875) Pause Young (Concurrent Start) (G1 Evacuation Pause) 209M->101M(233M) 1.185ms
[817.318s][info][gc] GC(11876) Concurrent Mark Cycle
[817.332s][info][gc] GC(11876) Pause Remark 124M->124M(233M) 0.452ms
[817.340s][info][gc] GC(11876) Pause Cleanup 137M->137M(233M) 0.051ms
[817.340s][info][gc] GC(11876) Concurrent Mark Cycle 22.317ms
[817.374s][info][gc] GC(11877) Pause Young (Prepare Mixed) (G1 Evacuation Pause) 211M->103M(233M) 1.159ms
[817.439s][info][gc] GC(11878) Pause Young (Mixed) (G1 Evacuation Pause) 209M->104M(233M) 1.447ms
[817.488s][info][gc] GC(11879) Pause Young (Concurrent Start) (G1 Evacuation Pause) 208M->104M(233M) 1.175ms
[817.488s][info][gc] GC(11880) Concurrent Mark Cycle
[817.504s][info][gc] GC(11880) Pause Remark 140M->140M(233M) 0.430ms
[817.514s][info][gc] GC(11880) Pause Cleanup 152M->152M(233M) 0.047ms
[817.514s][info][gc] GC(11880) Concurrent Mark Cycle 26.504ms
[817.549s][info][gc] GC(11881) Pause Young (Prepare Mixed) (G1 Evacuation Pause) 209M->105M(233M) 1.154ms
[817.600s][info][gc] GC(11882) Pause Young (Mixed) (G1 Evacuation Pause) 208M->106M(233M) 1.268ms
[817.659s][info][gc] GC(11883) Pause Young (Concurrent Start) (G1 Evacuation Pause) 208M->107M(233M) 1.226ms
[817.659s][info][gc] GC(11884) Concurrent Mark Cycle
[817.675s][info][gc] GC(11884) Pause Remark 138M->138M(233M) 0.419ms
[817.687s][info][gc] GC(11884) Pause Cleanup 162M->162M(233M) 0.054ms
[817.687s][info][gc] GC(11884) Concurrent Mark Cycle 27.503ms
[817.709s][info][gc] GC(11885) Pause Young (Prepare Mixed) (G1 Evacuation Pause) 209M->108M(233M) 1.160ms
[817.767s][info][gc] GC(11886) Pause Young (Mixed) (G1 Evacuation Pause) 211M->109M(233M) 1.186ms
[817.815s][info][gc] GC(11887) Pause Young (Concurrent Start) (G1 Evacuation Pause) 210M->109M(233M) 1.137ms
[817.815s][info][gc] GC(11888) Concurrent Mark Cycle
[817.831s][info][gc] GC(11888) Pause Remark 143M->143M(233M) 0.417ms
[817.843s][info][gc] GC(11888) Pause Cleanup 168M->168M(233M) 0.048ms
[817.843s][info][gc] GC(11888) Concurrent Mark Cycle 27.564ms
[817.876s][info][gc] GC(11889) Pause Young (Prepare Mixed) (G1 Evacuation Pause) 210M->110M(233M) 1.297ms
[817.924s][info][gc] GC(11890) Pause Young (Mixed) (G1 Evacuation Pause) 210M->110M(233M) 1.186ms
[817.981s][info][gc] GC(11891) Pause Young (Concurrent Start) (G1 Evacuation Pause) 209M->111M(233M) 1.223ms
[817.981s][info][gc] GC(11892) Concurrent Mark Cycle
[817.996s][info][gc] GC(11892) Pause Remark 135M->135M(233M) 0.456ms
[818.006s][info][gc] GC(11892) Pause Cleanup 157M->157M(233M) 0.050ms
[818.006s][info][gc] GC(11892) Concurrent Mark Cycle 25.801ms
[818.030s][info][gc] GC(11893) Pause Young (Prepare Mixed) (G1 Evacuation Pause) 209M->112M(233M) 1.270ms
[818.077s][info][gc] GC(11894) Pause Young (Mixed) (G1 Evacuation Pause) 209M->112M(233M) 1.053ms
[818.131s][info][gc] GC(11895) Pause Young (Concurrent Start) (G1 Evacuation Pause) 211M->113M(233M) 1.239ms
[818.131s][info][gc] GC(11896) Concurrent Mark Cycle
[818.148s][info][gc] GC(11896) Pause Remark 144M->144M(233M) 0.400ms
[818.158s][info][gc] GC(11896) Pause Cleanup 165M->165M(233M) 0.052ms
[818.158s][info][gc] GC(11896) Concurrent Mark Cycle 27.801ms
[818.181s][info][gc] GC(11897) Pause Young (Prepare Mixed) (G1 Evacuation Pause) 210M->113M(233M) 1.272ms
[818.236s][info][gc] GC(11898) Pause Young (Mixed) (G1 Evacuation Pause) 210M->115M(233M) 1.267ms
[818.277s][info][gc] GC(11899) Pause Young (Concurrent Start) (G1 Evacuation Pause) 208M->116M(233M) 1.229ms
[818.277s][info][gc] GC(11900) Concurrent Mark Cycle
[818.293s][info][gc] GC(11900) Pause Remark 140M->140M(233M) 0.407ms
[818.304s][info][gc] GC(11900) Pause Cleanup 152M->152M(233M) 0.064ms
[818.304s][info][gc] GC(11900) Concurrent Mark Cycle 26.604ms
[818.403s][info][gc] GC(11901) Pause Young (Prepare Mixed) (G1 Evacuation Pause) 211M->118M(233M) 1.388ms
[818.451s][info][gc] GC(11902) Pause Young (Mixed) (G1 Evacuation Pause) 210M->120M(233M) 1.300ms
[818.490s][info][gc] GC(11903) Pause Young (Concurrent Start) (G1 Evacuation Pause) 211M->120M(233M) 1.149ms
[818.490s][info][gc] GC(11904) Concurrent Mark Cycle
[818.496s][info][gc] GC(11904) Pause Remark 127M->57M(170M) 0.456ms
[818.498s][info][gc] GC(11904) Pause Cleanup 58M->58M(170M) 0.059ms
[818.499s][info][gc] GC(11904) Concurrent Mark Cycle 8.504ms
[818.547s][info][gc] GC(11905) Pause Young (Prepare Mixed) (G1 Evacuation Pause) 144M->51M(170M) 1.396ms
[818.593s][info][gc] GC(11906) Pause Young (Mixed) (G1 Evacuation Pause) 144M->43M(170M) 1.249ms
[818.649s][info][gc] GC(11907) Pause Young (Normal) (G1 Evacuation Pause) 138M->44M(170M) 1.124ms
[818.694s][info][gc] GC(11908) Pause Young (Normal) (G1 Evacuation Pause) 138M->44M(170M) 1.044ms
[818.749s][info][gc] GC(11909) Pause Young (Normal) (G1 Evacuation Pause) 138M->45M(170M) 1.131ms
[818.794s][info][gc] GC(11910) Pause Young (Normal) (G1 Evacuation Pause) 139M->46M(170M) 1.155ms
[818.845s][info][gc] GC(11911) Pause Young (Normal) (G1 Evacuation Pause) 140M->46M(170M) 1.140ms
[818.891s][info][gc] GC(11912) Pause Young (Normal) (G1 Evacuation Pause) 141M->47M(170M) 1.081ms
[818.932s][info][gc] GC(11913) Pause Young (Normal) (G1 Evacuation Pause) 141M->48M(170M) 1.092ms
[818.987s][info][gc] GC(11914) Pause Young (Normal) (G1 Evacuation Pause) 142M->48M(170M) 1.151ms
[819.033s][info][gc] GC(11915) Pause Young (Normal) (G1 Evacuation Pause) 142M->50M(170M) 1.151ms
[819.085s][info][gc] GC(11916) Pause Young (Normal) (G1 Evacuation Pause) 143M->51M(170M) 1.141ms
[819.132s][info][gc] GC(11917) Pause Young (Normal) (G1 Evacuation Pause) 145M->51M(170M) 1.238ms
[819.184s][info][gc] GC(11918) Pause Young (Normal) (G1 Evacuation Pause) 144M->52M(170M) 1.089ms
[819.230s][info][gc] GC(11919) Pause Young (Normal) (G1 Evacuation Pause) 146M->52M(170M) 1.173ms
[819.287s][info][gc] GC(11920) Pause Young (Normal) (G1 Evacuation Pause) 147M->54M(170M) 1.106ms
[819.331s][info][gc] GC(11921) Pause Young (Normal) (G1 Evacuation Pause) 147M->54M(170M) 1.045ms
[819.378s][info][gc] GC(11922) Pause Young (Normal) (G1 Evacuation Pause) 149M->54M(170M) 1.080ms
[819.432s][info][gc] GC(11923) Pause Young (Normal) (G1 Evacuation Pause) 149M->56M(170M) 1.163ms
[819.474s][info][gc] GC(11924) Pause Young (Normal) (G1 Evacuation Pause) 148M->56M(170M) 1.032ms
[819.534s][info][gc] GC(11925) Pause Young (Normal) (G1 Evacuation Pause) 151M->58M(170M) 1.157ms
[819.576s][info][gc] GC(11926) Pause Young (Normal) (G1 Evacuation Pause) 151M->59M(170M) 1.172ms
[819.633s][info][gc] GC(11927) Pause Young (Normal) (G1 Evacuation Pause) 152M->59M(170M) 1.165ms
[819.677s][info][gc] GC(11928) Pause Young (Normal) (G1 Evacuation Pause) 152M->60M(170M) 1.150ms
[819.728s][info][gc] GC(11929) Pause Young (Normal) (G1 Evacuation Pause) 152M->60M(170M) 1.178ms
[819.773s][info][gc] GC(11930) Pause Young (Normal) (G1 Evacuation Pause) 152M->62M(170M) 1.156ms
[819.814s][info][gc] GC(11931) Pause Young (Normal) (G1 Evacuation Pause) 151M->61M(170M) 1.070ms
[819.869s][info][gc] GC(11932) Pause Young (Normal) (G1 Evacuation Pause) 152M->63M(170M) 1.120ms
[819.911s][info][gc] GC(11933) Pause Young (Normal) (G1 Evacuation Pause) 152M->63M(170M) 1.179ms
[819.968s][info][gc] GC(11934) Pause Young (Normal) (G1 Evacuation Pause) 152M->64M(170M) 1.300ms
[820.013s][info][gc] GC(11935) Pause Young (Concurrent Start) (G1 Evacuation Pause) 152M->65M(170M) 1.261ms
[820.013s][info][gc] GC(11936) Concurrent Mark Cycle
[820.024s][info][gc] GC(11936) Pause Remark 78M->75M(170M) 0.489ms
[820.032s][info][gc] GC(11936) Pause Cleanup 93M->93M(170M) 0.071ms
[820.032s][info][gc] GC(11936) Concurrent Mark Cycle 19.120ms
[820.067s][info][gc] GC(11937) Pause Young (Prepare Mixed) (G1 Evacuation Pause) 148M->61M(170M) 1.117ms
[820.119s][info][gc] GC(11938) Pause Young (Mixed) (G1 Evacuation Pause) 154M->62M(170M) 1.083ms
[820.159s][info][gc] GC(11939) Pause Young (Normal) (G1 Evacuation Pause) 150M->61M(170M) 1.224ms
[820.215s][info][gc] GC(11940) Pause Young (Normal) (G1 Evacuation Pause) 154M->64M(170M) 1.119ms
[820.255s][info][gc] GC(11941) Pause Young (Normal) (G1 Evacuation Pause) 151M->64M(170M) 1.065ms
[820.307s][info][gc] GC(11942) Pause Young (Concurrent Start) (G1 Evacuation Pause) 153M->64M(170M) 1.093ms
[820.307s][info][gc] GC(11943) Concurrent Mark Cycle
[820.318s][info][gc] GC(11943) Pause Remark 80M->80M(170M) 0.431ms
[820.324s][info][gc] GC(11943) Pause Cleanup 91M->91M(170M) 0.055ms
[820.325s][info][gc] GC(11943) Concurrent Mark Cycle 17.158ms
[820.352s][info][gc] GC(11944) Pause Young (Prepare Mixed) (G1 Evacuation Pause) 151M->65M(170M) 1.169ms
[820.395s][info][gc] GC(11945) Pause Young (Mixed) (G1 Evacuation Pause) 151M->63M(204M) 1.114ms
[820.459s][info][gc] GC(11946) Pause Young (Normal) (G1 Evacuation Pause) 178M->65M(204M) 1.218ms
[820.519s][info][gc] GC(11947) Pause Young (Normal) (G1 Evacuation Pause) 179M->66M(204M) 1.215ms
[820.575s][info][gc] GC(11948) Pause Young (Normal) (G1 Evacuation Pause) 179M->67M(204M) 1.182ms
[820.637s][info][gc] GC(11949) Pause Young (Normal) (G1 Evacuation Pause) 179M->68M(204M) 1.356ms
[820.691s][info][gc] GC(11950) Pause Young (Normal) (G1 Evacuation Pause) 180M->68M(204M) 1.224ms
[820.750s][info][gc] GC(11951) Pause Young (Normal) (G1 Evacuation Pause) 181M->70M(204M) 1.183ms
[820.808s][info][gc] GC(11952) Pause Young (Normal) (G1 Evacuation Pause) 182M->71M(204M) 1.353ms
[820.868s][info][gc] GC(11953) Pause Young (Normal) (G1 Evacuation Pause) 180M->72M(204M) 1.251ms
[820.922s][info][gc] GC(11954) Pause Young (Normal) (G1 Evacuation Pause) 183M->72M(204M) 1.161ms
[820.987s][info][gc] GC(11955) Pause Young (Normal) (G1 Evacuation Pause) 183M->74M(204M) 1.221ms
[821.035s][info][gc] GC(11956) Pause Young (Normal) (G1 Evacuation Pause) 182M->75M(204M) 1.208ms
[821.097s][info][gc] GC(11957) Pause Young (Normal) (G1 Evacuation Pause) 183M->75M(204M) 1.296ms
[821.147s][info][gc] GC(11958) Pause Young (Normal) (G1 Evacuation Pause) 181M->76M(204M) 1.314ms
[821.207s][info][gc] GC(11959) Pause Young (Normal) (G1 Evacuation Pause) 183M->76M(204M) 1.196ms
[821.258s][info][gc] GC(11960) Pause Young (Concurrent Start) (G1 Evacuation Pause) 182M->78M(204M) 1.240ms
[821.258s][info][gc] GC(11961) Concurrent Mark Cycle
[821.270s][info][gc] GC(11961) Pause Remark 102M->102M(204M) 0.440ms
[821.278s][info][gc] GC(11961) Pause Cleanup 105M->105M(204M) 0.058ms
[821.278s][info][gc] GC(11961) Concurrent Mark Cycle 20.299ms
[821.322s][info][gc] GC(11962) Pause Young (Prepare Mixed) (G1 Evacuation Pause) 183M->79M(204M) 1.181ms
[821.370s][info][gc] GC(11963) Pause Young (Mixed) (G1 Evacuation Pause) 183M->78M(204M) 1.158ms
[821.430s][info][gc] GC(11964) Pause Young (Concurrent Start) (G1 Evacuation Pause) 183M->79M(204M) 1.255ms
[821.430s][info][gc] GC(11965) Concurrent Mark Cycle
[821.443s][info][gc] GC(11965) Pause Remark 103M->103M(204M) 0.419ms
[821.450s][info][gc] GC(11965) Pause Cleanup 112M->112M(204M) 0.054ms
[821.450s][info][gc] GC(11965) Concurrent Mark Cycle 19.985ms
[821.482s][info][gc] GC(11966) Pause Young (Prepare Mixed) (G1 Evacuation Pause) 183M->80M(204M) 1.168ms
[821.539s][info][gc] GC(11967) Pause Young (Mixed) (G1 Evacuation Pause) 183M->81M(204M) 1.176ms
[821.589s][info][gc] GC(11968) Pause Young (Concurrent Start) (G1 Evacuation Pause) 183M->82M(204M) 1.191ms
[821.589s][info][gc] GC(11969) Concurrent Mark Cycle
[821.603s][info][gc] GC(11969) Pause Remark 114M->114M(204M) 0.443ms
[821.613s][info][gc] GC(11969) Pause Cleanup 123M->123M(204M) 0.056ms
[821.613s][info][gc] GC(11969) Concurrent Mark Cycle 24.332ms
[821.647s][info][gc] GC(11970) Pause Young (Prepare Mixed) (G1 Evacuation Pause) 182M->82M(204M) 1.153ms
[821.698s][info][gc] GC(11971) Pause Young (Mixed) (G1 Evacuation Pause) 184M->83M(204M) 1.273ms
[821.757s][info][gc] GC(11972) Pause Young (Concurrent Start) (G1 Evacuation Pause) 183M->83M(204M) 1.259ms
[821.757s][info][gc] GC(11973) Concurrent Mark Cycle
[821.772s][info][gc] GC(11973) Pause Remark 114M->114M(204M) 0.421ms
[821.781s][info][gc] GC(11973) Pause Cleanup 125M->125M(204M) 0.048ms
[821.782s][info][gc] GC(11973) Concurrent Mark Cycle 24.421ms
[821.806s][info][gc] GC(11974) Pause Young (Prepare Mixed) (G1 Evacuation Pause) 183M->84M(204M) 1.082ms
[821.862s][info][gc] GC(11975) Pause Young (Mixed) (G1 Evacuation Pause) 183M->85M(204M) 1.284ms
[821.908s][info][gc] GC(11976) Pause Young (Concurrent Start) (G1 Evacuation Pause) 183M->86M(204M) 1.170ms
[821.909s][info][gc] GC(11977) Concurrent Mark Cycle
[821.924s][info][gc] GC(11977) Pause Remark 119M->119M(204M) 0.412ms
[821.935s][info][gc] GC(11977) Pause Cleanup 140M->140M(204M) 0.055ms
[821.935s][info][gc] GC(11977) Concurrent Mark Cycle 26.442ms
[821.963s][info][gc] GC(11978) Pause Young (Prepare Mixed) (G1 Evacuation Pause) 183M->86M(204M) 1.195ms
[822.010s][info][gc] GC(11979) Pause Young (Mixed) (G1 Evacuation Pause) 183M->87M(237M) 1.241ms
[822.077s][info][gc] GC(11980) Pause Young (Normal) (G1 Evacuation Pause) 214M->88M(237M) 1.183ms
[822.138s][info][gc] GC(11981) Pause Young (Normal) (G1 Evacuation Pause) 213M->89M(237M) 1.293ms
[822.206s][info][gc] GC(11982) Pause Young (Normal) (G1 Evacuation Pause) 212M->90M(237M) 1.304ms
[822.260s][info][gc] GC(11983) Pause Young (Concurrent Start) (G1 Evacuation Pause) 211M->91M(237M) 1.324ms
[822.260s][info][gc] GC(11984) Concurrent Mark Cycle
[822.273s][info][gc] GC(11984) Pause Remark 110M->110M(237M) 0.401ms
[822.282s][info][gc] GC(11984) Pause Cleanup 119M->119M(237M) 0.054ms
[822.282s][info][gc] GC(11984) Concurrent Mark Cycle 21.772ms
[822.330s][info][gc] GC(11985) Pause Young (Prepare Mixed) (G1 Evacuation Pause) 213M->92M(237M) 1.312ms
[822.390s][info][gc] GC(11986) Pause Young (Mixed) (G1 Evacuation Pause) 213M->92M(237M) 1.303ms
[822.454s][info][gc] GC(11987) Pause Young (Concurrent Start) (G1 Evacuation Pause) 213M->94M(237M) 1.311ms
[822.454s][info][gc] GC(11988) Concurrent Mark Cycle
[822.473s][info][gc] GC(11988) Pause Remark 138M->138M(237M) 0.421ms
[822.485s][info][gc] GC(11988) Pause Cleanup 162M->162M(237M) 0.054ms
[822.485s][info][gc] GC(11988) Concurrent Mark Cycle 31.569ms
[822.519s][info][gc] GC(11989) Pause Young (Prepare Mixed) (G1 Evacuation Pause) 212M->95M(237M) 1.294ms
[822.571s][info][gc] GC(11990) Pause Young (Mixed) (G1 Evacuation Pause) 212M->96M(237M) 1.279ms
[822.634s][info][gc] GC(11991) Pause Young (Concurrent Start) (G1 Evacuation Pause) 213M->97M(237M) 1.405ms
[822.634s][info][gc] GC(11992) Concurrent Mark Cycle
[822.652s][info][gc] GC(11992) Pause Remark 133M->133M(237M) 0.413ms
[822.663s][info][gc] GC(11992) Pause Cleanup 153M->153M(237M) 0.055ms
[822.663s][info][gc] GC(11992) Concurrent Mark Cycle 29.564ms
[822.694s][info][gc] GC(11993) Pause Young (Prepare Mixed) (G1 Evacuation Pause) 213M->98M(237M) 1.345ms
[822.759s][info][gc] GC(11994) Pause Young (Mixed) (G1 Evacuation Pause) 213M->99M(237M) 1.328ms
[822.814s][info][gc] GC(11995) Pause Young (Concurrent Start) (G1 Evacuation Pause) 213M->99M(237M) 1.178ms
[822.814s][info][gc] GC(11996) Concurrent Mark Cycle
[822.831s][info][gc] GC(11996) Pause Remark 124M->124M(237M) 0.400ms
[822.840s][info][gc] GC(11996) Pause Cleanup 140M->140M(237M) 0.052ms
[822.841s][info][gc] GC(11996) Concurrent Mark Cycle 26.201ms
[822.881s][info][gc] GC(11997) Pause Young (Prepare Mixed) (G1 Evacuation Pause) 214M->101M(237M) 1.425ms
[822.938s][info][gc] GC(11998) Pause Young (Mixed) (G1 Evacuation Pause) 212M->101M(237M) 1.253ms
[822.996s][info][gc] GC(11999) Pause Young (Concurrent Start) (G1 Evacuation Pause) 214M->102M(237M) 1.296ms
[822.996s][info][gc] GC(12000) Concurrent Mark Cycle
[823.015s][info][gc] GC(12000) Pause Remark 140M->140M(237M) 0.405ms
[823.024s][info][gc] GC(12000) Pause Cleanup 159M->159M(237M) 0.049ms
[823.024s][info][gc] GC(12000) Concurrent Mark Cycle 27.947ms
[823.058s][info][gc] GC(12001) Pause Young (Prepare Mixed) (G1 Evacuation Pause) 213M->103M(237M) 1.244ms
[823.113s][info][gc] GC(12002) Pause Young (Mixed) (G1 Evacuation Pause) 212M->104M(237M) 1.282ms
[823.170s][info][gc] GC(12003) Pause Young (Concurrent Start) (G1 Evacuation Pause) 214M->105M(237M) 1.259ms
[823.170s][info][gc] GC(12004) Concurrent Mark Cycle
[823.188s][info][gc] GC(12004) Pause Remark 133M->133M(237M) 0.398ms
[823.199s][info][gc] GC(12004) Pause Cleanup 153M->153M(237M) 0.046ms
[823.200s][info][gc] GC(12004) Concurrent Mark Cycle 29.452ms
[823.227s][info][gc] GC(12005) Pause Young (Prepare Mixed) (G1 Evacuation Pause) 214M->105M(237M) 1.344ms
[823.288s][info][gc] GC(12006) Pause Young (Mixed) (G1 Evacuation Pause) 213M->106M(237M) 1.161ms
[823.340s][info][gc] GC(12007) Pause Young (Concurrent Start) (G1 Evacuation Pause) 214M->108M(237M) 1.169ms
[823.340s][info][gc] GC(12008) Concurrent Mark Cycle
[823.361s][info][gc] GC(12008) Pause Remark 146M->146M(237M) 0.408ms
[823.371s][info][gc] GC(12008) Pause Cleanup 164M->164M(237M) 0.049ms
[823.371s][info][gc] GC(12008) Concurrent Mark Cycle 31.031ms
[823.401s][info][gc] GC(12009) Pause Young (Prepare Mixed) (G1 Evacuation Pause) 213M->108M(237M) 1.138ms
[823.451s][info][gc] GC(12010) Pause Young (Mixed) (G1 Evacuation Pause) 214M->109M(237M) 1.198ms
[823.509s][info][gc] GC(12011) Pause Young (Concurrent Start) (G1 Evacuation Pause) 214M->110M(237M) 1.202ms
[823.509s][info][gc] GC(12012) Concurrent Mark Cycle
[823.530s][info][gc] GC(12012) Pause Remark 144M->144M(237M) 0.448ms
[823.540s][info][gc] GC(12012) Pause Cleanup 159M->159M(237M) 0.053ms
[823.540s][info][gc] GC(12012) Concurrent Mark Cycle 30.891ms
[823.564s][info][gc] GC(12013) Pause Young (Prepare Mixed) (G1 Evacuation Pause) 214M->111M(237M) 1.136ms
[823.620s][info][gc] GC(12014) Pause Young (Mixed) (G1 Evacuation Pause) 214M->111M(237M) 1.098ms
[823.673s][info][gc] GC(12015) Pause Young (Concurrent Start) (G1 Evacuation Pause) 214M->113M(237M) 1.139ms
[823.673s][info][gc] GC(12016) Concurrent Mark Cycle
[823.693s][info][gc] GC(12016) Pause Remark 152M->152M(237M) 0.401ms
[823.704s][info][gc] GC(12016) Pause Cleanup 168M->168M(237M) 0.051ms
[823.704s][info][gc] GC(12016) Concurrent Mark Cycle 30.697ms
[823.732s][info][gc] GC(12017) Pause Young (Prepare Mixed) (G1 Evacuation Pause) 214M->113M(237M) 1.190ms
[823.782s][info][gc] GC(12018) Pause Young (Mixed) (G1 Evacuation Pause) 214M->114M(269M) 1.336ms
[823.857s][info][gc] GC(12019) Pause Young (Normal) (G1 Evacuation Pause) 246M->115M(269M) 1.200ms
[823.919s][info][gc] GC(12020) Pause Young (Normal) (G1 Evacuation Pause) 245M->115M(269M) 1.179ms
[824.098s][info][gc] GC(12021) Pause Young (Concurrent Start) (G1 Evacuation Pause) 245M->117M(269M) 1.217ms
[824.098s][info][gc] GC(12022) Concurrent Mark Cycle
[824.102s][info][gc] GC(12022) Pause Remark 123M->55M(167M) 0.429ms
[824.103s][info][gc] GC(12022) Pause Cleanup 56M->56M(167M) 0.058ms
[824.103s][info][gc] GC(12022) Concurrent Mark Cycle 5.027ms
[824.185s][info][gc] GC(12023) Pause Young (Prepare Mixed) (G1 Evacuation Pause) 138M->50M(167M) 1.232ms
[824.275s][info][gc] GC(12024) Pause Young (Mixed) (G1 Evacuation Pause) 142M->44M(167M) 1.068ms
[824.366s][info][gc] GC(12025) Pause Young (Normal) (G1 Evacuation Pause) 137M->45M(167M) 1.016ms
[824.462s][info][gc] GC(12026) Pause Young (Normal) (G1 Evacuation Pause) 137M->46M(167M) 1.216ms
[824.546s][info][gc] GC(12027) Pause Young (Normal) (G1 Evacuation Pause) 138M->46M(167M) 1.037ms
[824.642s][info][gc] GC(12028) Pause Young (Normal) (G1 Evacuation Pause) 141M->47M(167M) 0.933ms
[824.732s][info][gc] GC(12029) Pause Young (Normal) (G1 Evacuation Pause) 140M->48M(167M) 0.897ms
[824.828s][info][gc] GC(12030) Pause Young (Normal) (G1 Evacuation Pause) 141M->49M(167M) 0.930ms
[824.920s][info][gc] GC(12031) Pause Young (Normal) (G1 Evacuation Pause) 140M->50M(167M) 1.013ms
[825.006s][info][gc] GC(12032) Pause Young (Normal) (G1 Evacuation Pause) 141M->50M(167M) 1.022ms
[825.098s][info][gc] GC(12033) Pause Young (Normal) (G1 Evacuation Pause) 142M->51M(167M) 0.967ms
[825.191s][info][gc] GC(12034) Pause Young (Normal) (G1 Evacuation Pause) 144M->52M(167M) 0.946ms
[825.279s][info][gc] GC(12035) Pause Young (Normal) (G1 Evacuation Pause) 144M->51M(167M) 1.331ms
[825.366s][info][gc] GC(12036) Pause Young (Normal) (G1 Evacuation Pause) 144M->53M(167M) 0.997ms
[825.460s][info][gc] GC(12037) Pause Young (Normal) (G1 Evacuation Pause) 145M->54M(167M) 0.998ms
[825.550s][info][gc] GC(12038) Pause Young (Normal) (G1 Evacuation Pause) 146M->55M(167M) 1.032ms
[825.639s][info][gc] GC(12039) Pause Young (Normal) (G1 Evacuation Pause) 147M->55M(167M) 1.029ms
[825.736s][info][gc] GC(12040) Pause Young (Normal) (G1 Evacuation Pause) 147M->56M(167M) 0.988ms
[825.828s][info][gc] GC(12041) Pause Young (Normal) (G1 Evacuation Pause) 148M->57M(167M) 1.007ms
[825.917s][info][gc] GC(12042) Pause Young (Normal) (G1 Evacuation Pause) 149M->57M(167M) 1.112ms
[826.008s][info][gc] GC(12043) Pause Young (Normal) (G1 Evacuation Pause) 149M->59M(167M) 0.999ms
[826.098s][info][gc] GC(12044) Pause Young (Normal) (G1 Evacuation Pause) 149M->59M(167M) 1.038ms
[826.190s][info][gc] GC(12045) Pause Young (Normal) (G1 Evacuation Pause) 149M->60M(167M) 0.971ms
[826.276s][info][gc] GC(12046) Pause Young (Normal) (G1 Evacuation Pause) 149M->61M(167M) 1.183ms
[826.369s][info][gc] GC(12047) Pause Young (Normal) (G1 Evacuation Pause) 149M->62M(167M) 0.978ms
[826.465s][info][gc] GC(12048) Pause Young (Normal) (G1 Evacuation Pause) 149M->62M(167M) 1.155ms
[826.543s][info][gc] GC(12049) Pause Young (Normal) (G1 Evacuation Pause) 148M->62M(167M) 0.882ms
[826.627s][info][gc] GC(12050) Pause Young (Concurrent Start) (G1 Evacuation Pause) 149M->64M(167M) 1.051ms
[826.627s][info][gc] GC(12051) Concurrent Mark Cycle
[826.634s][info][gc] GC(12051) Pause Remark 70M->63M(167M) 0.426ms
[826.637s][info][gc] GC(12051) Pause Cleanup 65M->65M(167M) 0.060ms
[826.637s][info][gc] GC(12051) Concurrent Mark Cycle 9.801ms
[826.713s][info][gc] GC(12052) Pause Young (Prepare Mixed) (G1 Evacuation Pause) 142M->58M(167M) 1.088ms
[826.806s][info][gc] GC(12053) Pause Young (Mixed) (G1 Evacuation Pause) 150M->56M(167M) 0.975ms
[826.898s][info][gc] GC(12054) Pause Young (Normal) (G1 Evacuation Pause) 148M->58M(167M) 1.005ms
[826.990s][info][gc] GC(12055) Pause Young (Normal) (G1 Evacuation Pause) 149M->58M(167M) 1.013ms
[827.079s][info][gc] GC(12056) Pause Young (Normal) (G1 Evacuation Pause) 149M->58M(167M) 0.925ms
[827.169s][info][gc] GC(12057) Pause Young (Normal) (G1 Evacuation Pause) 148M->60M(167M) 1.008ms
[827.250s][info][gc] GC(12058) Pause Young (Normal) (G1 Evacuation Pause) 149M->60M(167M) 0.991ms
[827.343s][info][gc] GC(12059) Pause Young (Normal) (G1 Evacuation Pause) 148M->61M(167M) 1.045ms
[827.437s][info][gc] GC(12060) Pause Young (Normal) (G1 Evacuation Pause) 150M->62M(167M) 1.000ms
[827.526s][info][gc] GC(12061) Pause Young (Normal) (G1 Evacuation Pause) 150M->62M(167M) 1.028ms
[827.609s][info][gc] GC(12062) Pause Young (Concurrent Start) (G1 Evacuation Pause) 149M->63M(167M) 0.954ms
[827.609s][info][gc] GC(12063) Concurrent Mark Cycle
[827.616s][info][gc] GC(12063) Pause Remark 68M->68M(167M) 0.375ms
[827.620s][info][gc] GC(12063) Pause Cleanup 71M->71M(167M) 0.032ms
[827.620s][info][gc] GC(12063) Concurrent Mark Cycle 11.140ms
[827.699s][info][gc] GC(12064) Pause Young (Prepare Mixed) (G1 Evacuation Pause) 150M->64M(167M) 1.009ms
[827.779s][info][gc] GC(12065) Pause Young (Mixed) (G1 Evacuation Pause) 149M->63M(167M) 1.129ms
[827.872s][info][gc] GC(12066) Pause Young (Concurrent Start) (G1 Evacuation Pause) 150M->64M(167M) 0.989ms
[827.872s][info][gc] GC(12067) Concurrent Mark Cycle
[827.880s][info][gc] GC(12067) Pause Remark 75M->75M(167M) 0.388ms
[827.886s][info][gc] GC(12067) Pause Cleanup 81M->81M(167M) 0.057ms
[827.886s][info][gc] GC(12067) Concurrent Mark Cycle 13.578ms
[827.965s][info][gc] GC(12068) Pause Young (Prepare Mixed) (G1 Evacuation Pause) 150M->65M(167M) 1.085ms
[828.057s][info][gc] GC(12069) Pause Young (Mixed) (G1 Evacuation Pause) 150M->64M(167M) 1.247ms
[828.136s][info][gc] GC(12070) Pause Young (Concurrent Start) (G1 Evacuation Pause) 150M->64M(167M) 0.967ms
[828.137s][info][gc] GC(12071) Concurrent Mark Cycle
[828.145s][info][gc] GC(12071) Pause Remark 71M->71M(167M) 0.433ms
[828.150s][info][gc] GC(12071) Pause Cleanup 76M->76M(167M) 0.063ms
[828.150s][info][gc] GC(12071) Concurrent Mark Cycle 13.454ms
[828.223s][info][gc] GC(12072) Pause Young (Prepare Mixed) (G1 Evacuation Pause) 149M->65M(167M) 0.913ms
[828.305s][info][gc] GC(12073) Pause Young (Mixed) (G1 Evacuation Pause) 149M->65M(167M) 1.045ms
[828.389s][info][gc] GC(12074) Pause Young (Concurrent Start) (G1 Evacuation Pause) 148M->66M(167M) 1.012ms
[828.390s][info][gc] GC(12075) Concurrent Mark Cycle
[828.397s][info][gc] GC(12075) Pause Remark 75M->75M(167M) 0.378ms
[828.403s][info][gc] GC(12075) Pause Cleanup 78M->78M(167M) 0.042ms
[828.403s][info][gc] GC(12075) Concurrent Mark Cycle 13.315ms
[828.478s][info][gc] GC(12076) Pause Young (Prepare Mixed) (G1 Evacuation Pause) 150M->67M(167M) 0.946ms
[828.555s][info][gc] GC(12077) Pause Young (Mixed) (G1 Evacuation Pause) 150M->66M(167M) 1.012ms
[828.633s][info][gc] GC(12078) Pause Young (Concurrent Start) (G1 Evacuation Pause) 149M->67M(167M) 0.979ms
[828.633s][info][gc] GC(12079) Concurrent Mark Cycle
[828.641s][info][gc] GC(12079) Pause Remark 74M->74M(167M) 0.405ms
[828.646s][info][gc] GC(12079) Pause Cleanup 77M->77M(167M) 0.063ms
[828.647s][info][gc] GC(12079) Concurrent Mark Cycle 13.242ms
[828.722s][info][gc] GC(12080) Pause Young (Prepare Mixed) (G1 Evacuation Pause) 150M->68M(167M) 1.052ms
[828.806s][info][gc] GC(12081) Pause Young (Mixed) (G1 Evacuation Pause) 150M->68M(167M) 1.005ms
[828.884s][info][gc] GC(12082) Pause Young (Concurrent Start) (G1 Evacuation Pause) 148M->68M(167M) 1.001ms
[828.884s][info][gc] GC(12083) Concurrent Mark Cycle
[828.892s][info][gc] GC(12083) Pause Remark 73M->73M(167M) 0.382ms
[828.897s][info][gc] GC(12083) Pause Cleanup 77M->77M(167M) 0.044ms
[828.898s][info][gc] GC(12083) Concurrent Mark Cycle 13.555ms
[828.968s][info][gc] GC(12084) Pause Young (Prepare Mixed) (G1 Evacuation Pause) 151M->69M(167M) 0.922ms
[829.044s][info][gc] GC(12085) Pause Young (Mixed) (G1 Evacuation Pause) 148M->70M(167M) 1.251ms
[829.128s][info][gc] GC(12086) Pause Young (Concurrent Start) (G1 Evacuation Pause) 150M->71M(167M) 1.090ms
[829.128s][info][gc] GC(12087) Concurrent Mark Cycle
[829.137s][info][gc] GC(12087) Pause Remark 79M->79M(167M) 0.404ms
[829.144s][info][gc] GC(12087) Pause Cleanup 89M->89M(167M) 0.042ms
[829.144s][info][gc] GC(12087) Concurrent Mark Cycle 16.203ms
[829.214s][info][gc] GC(12088) Pause Young (Prepare Mixed) (G1 Evacuation Pause) 150M->71M(167M) 1.045ms
[829.295s][info][gc] GC(12089) Pause Young (Mixed) (G1 Evacuation Pause) 149M->71M(167M) 0.963ms
[829.433s][info][gc] GC(12090) Pause Young (Concurrent Start) (G1 Evacuation Pause) 151M->73M(167M) 1.148ms
[829.433s][info][gc] GC(12091) Concurrent Mark Cycle
[829.436s][info][gc] GC(12091) Pause Remark 78M->50M(154M) 0.420ms
[829.438s][info][gc] GC(12091) Pause Cleanup 51M->51M(154M) 0.051ms
[829.438s][info][gc] GC(12091) Concurrent Mark Cycle 5.155ms
[829.510s][info][gc] GC(12092) Pause Young (Prepare Mixed) (G1 Evacuation Pause) 121M->46M(154M) 1.009ms
[829.595s][info][gc] GC(12093) Pause Young (Mixed) (G1 Evacuation Pause) 131M->41M(154M) 0.971ms
[829.672s][info][gc] GC(12094) Pause Young (Normal) (G1 Evacuation Pause) 125M->41M(154M) 0.975ms
[829.762s][info][gc] GC(12095) Pause Young (Normal) (G1 Evacuation Pause) 126M->43M(154M) 1.028ms
[829.843s][info][gc] GC(12096) Pause Young (Normal) (G1 Evacuation Pause) 127M->43M(154M) 1.066ms
[829.928s][info][gc] GC(12097) Pause Young (Normal) (G1 Evacuation Pause) 128M->44M(154M) 0.996ms
[830.013s][info][gc] GC(12098) Pause Young (Normal) (G1 Evacuation Pause) 130M->44M(154M) 0.859ms
[830.093s][info][gc] GC(12099) Pause Young (Normal) (G1 Evacuation Pause) 129M->44M(154M) 0.863ms
[830.186s][info][gc] GC(12100) Pause Young (Normal) (G1 Evacuation Pause) 129M->46M(154M) 1.153ms
[830.277s][info][gc] GC(12101) Pause Young (Normal) (G1 Evacuation Pause) 130M->47M(154M) 1.173ms
[830.361s][info][gc] GC(12102) Pause Young (Normal) (G1 Evacuation Pause) 131M->47M(154M) 1.020ms
[830.458s][info][gc] GC(12103) Pause Young (Normal) (G1 Evacuation Pause) 132M->48M(154M) 1.109ms
[830.546s][info][gc] GC(12104) Pause Young (Normal) (G1 Evacuation Pause) 133M->48M(154M) 1.142ms
[830.627s][info][gc] GC(12105) Pause Young (Normal) (G1 Evacuation Pause) 133M->49M(154M) 1.032ms
[830.715s][info][gc] GC(12106) Pause Young (Normal) (G1 Evacuation Pause) 134M->50M(154M) 1.054ms
[830.804s][info][gc] GC(12107) Pause Young (Normal) (G1 Evacuation Pause) 134M->51M(154M) 1.194ms
[830.894s][info][gc] GC(12108) Pause Young (Normal) (G1 Evacuation Pause) 136M->51M(154M) 0.963ms
[830.978s][info][gc] GC(12109) Pause Young (Normal) (G1 Evacuation Pause) 135M->51M(154M) 0.979ms
[831.060s][info][gc] GC(12110) Pause Young (Normal) (G1 Evacuation Pause) 136M->52M(154M) 0.868ms
[831.148s][info][gc] GC(12111) Pause Young (Normal) (G1 Evacuation Pause) 135M->53M(154M) 0.942ms
[831.233s][info][gc] GC(12112) Pause Young (Normal) (G1 Evacuation Pause) 135M->54M(154M) 1.059ms
[831.317s][info][gc] GC(12113) Pause Young (Normal) (G1 Evacuation Pause) 137M->55M(154M) 1.055ms
[831.406s][info][gc] GC(12114) Pause Young (Normal) (G1 Evacuation Pause) 137M->56M(154M) 0.936ms
[831.477s][info][gc] GC(12115) Pause Young (Normal) (G1 Evacuation Pause) 137M->56M(154M) 0.991ms
[831.559s][info][gc] GC(12116) Pause Young (Normal) (G1 Evacuation Pause) 136M->57M(154M) 0.926ms
[831.639s][info][gc] GC(12117) Pause Young (Normal) (G1 Evacuation Pause) 137M->57M(154M) 1.003ms
[831.718s][info][gc] GC(12118) Pause Young (Normal) (G1 Evacuation Pause) 136M->58M(154M) 0.885ms
[831.790s][info][gc] GC(12119) Pause Young (Concurrent Start) (G1 Evacuation Pause) 136M->59M(154M) 1.046ms
[831.790s][info][gc] GC(12120) Concurrent Mark Cycle
[831.796s][info][gc] GC(12120) Pause Remark 66M->64M(154M) 0.365ms
[831.800s][info][gc] GC(12120) Pause Cleanup 68M->68M(154M) 0.039ms
[831.800s][info][gc] GC(12120) Concurrent Mark Cycle 9.457ms
[831.875s][info][gc] GC(12121) Pause Young (Prepare Mixed) (G1 Evacuation Pause) 135M->57M(154M) 0.882ms
[831.952s][info][gc] GC(12122) Pause Young (Mixed) (G1 Evacuation Pause) 136M->55M(154M) 0.948ms
[832.039s][info][gc] GC(12123) Pause Young (Normal) (G1 Evacuation Pause) 137M->55M(154M) 0.920ms
[832.112s][info][gc] GC(12124) Pause Young (Normal) (G1 Evacuation Pause) 137M->56M(154M) 0.918ms
[832.198s][info][gc] GC(12125) Pause Young (Normal) (G1 Evacuation Pause) 137M->56M(154M) 0.917ms
[832.281s][info][gc] GC(12126) Pause Young (Normal) (G1 Evacuation Pause) 138M->57M(154M) 0.993ms
[832.360s][info][gc] GC(12127) Pause Young (Normal) (G1 Evacuation Pause) 136M->58M(154M) 0.868ms
[832.429s][info][gc] GC(12128) Pause Young (Concurrent Start) (G1 Evacuation Pause) 136M->58M(154M) 0.958ms
[832.430s][info][gc] GC(12129) Concurrent Mark Cycle
[832.435s][info][gc] GC(12129) Pause Remark 61M->61M(154M) 0.423ms
[832.439s][info][gc] GC(12129) Pause Cleanup 62M->62M(154M) 0.059ms
[832.439s][info][gc] GC(12129) Concurrent Mark Cycle 9.448ms
[832.516s][info][gc] GC(12130) Pause Young (Prepare Mixed) (G1 Evacuation Pause) 138M->59M(154M) 0.920ms
[832.595s][info][gc] GC(12131) Pause Young (Mixed) (G1 Evacuation Pause) 135M->58M(154M) 1.088ms
[832.677s][info][gc] GC(12132) Pause Young (Concurrent Start) (G1 Evacuation Pause) 136M->59M(154M) 0.932ms
[832.677s][info][gc] GC(12133) Concurrent Mark Cycle
[832.683s][info][gc] GC(12133) Pause Remark 68M->68M(154M) 0.395ms
[832.687s][info][gc] GC(12133) Pause Cleanup 71M->71M(154M) 0.063ms
[832.687s][info][gc] GC(12133) Concurrent Mark Cycle 10.485ms
[832.745s][info][gc] GC(12134) Pause Young (Prepare Mixed) (G1 Evacuation Pause) 137M->59M(154M) 0.908ms
[832.829s][info][gc] GC(12135) Pause Young (Mixed) (G1 Evacuation Pause) 138M->59M(154M) 0.967ms
[832.908s][info][gc] GC(12136) Pause Young (Concurrent Start) (G1 Evacuation Pause) 137M->60M(154M) 1.031ms
[832.908s][info][gc] GC(12137) Concurrent Mark Cycle
[832.915s][info][gc] GC(12137) Pause Remark 66M->66M(154M) 0.424ms
[832.920s][info][gc] GC(12137) Pause Cleanup 72M->72M(154M) 0.056ms
[832.920s][info][gc] GC(12137) Concurrent Mark Cycle 12.719ms
[832.992s][info][gc] GC(12138) Pause Young (Prepare Mixed) (G1 Evacuation Pause) 137M->61M(154M) 0.966ms
[833.057s][info][gc] GC(12139) Pause Young (Mixed) (G1 Evacuation Pause) 137M->60M(154M) 0.988ms
[833.142s][info][gc] GC(12140) Pause Young (Concurrent Start) (G1 Evacuation Pause) 136M->60M(154M) 0.918ms
[833.142s][info][gc] GC(12141) Concurrent Mark Cycle
[833.148s][info][gc] GC(12141) Pause Remark 67M->67M(154M) 0.369ms
[833.153s][info][gc] GC(12141) Pause Cleanup 73M->73M(154M) 0.061ms
[833.153s][info][gc] GC(12141) Concurrent Mark Cycle 11.320ms
[833.216s][info][gc] GC(12142) Pause Young (Prepare Mixed) (G1 Evacuation Pause) 138M->61M(154M) 0.874ms
[833.299s][info][gc] GC(12143) Pause Young (Mixed) (G1 Evacuation Pause) 136M->61M(154M) 1.018ms
[833.369s][info][gc] GC(12144) Pause Young (Concurrent Start) (G1 Evacuation Pause) 138M->62M(154M) 0.930ms
[833.369s][info][gc] GC(12145) Concurrent Mark Cycle
[833.376s][info][gc] GC(12145) Pause Remark 71M->71M(154M) 0.367ms
[833.381s][info][gc] GC(12145) Pause Cleanup 77M->77M(154M) 0.037ms
[833.381s][info][gc] GC(12145) Concurrent Mark Cycle 11.584ms
[833.449s][info][gc] GC(12146) Pause Young (Prepare Mixed) (G1 Evacuation Pause) 136M->62M(154M) 0.899ms
[833.522s][info][gc] GC(12147) Pause Young (Mixed) (G1 Evacuation Pause) 136M->63M(154M) 0.889ms
[833.588s][info][gc] GC(12148) Pause Young (Concurrent Start) (G1 Evacuation Pause) 138M->63M(154M) 0.792ms
[833.588s][info][gc] GC(12149) Concurrent Mark Cycle
[833.595s][info][gc] GC(12149) Pause Remark 68M->68M(154M) 0.431ms
[833.599s][info][gc] GC(12149) Pause Cleanup 69M->69M(154M) 0.058ms
[833.599s][info][gc] GC(12149) Concurrent Mark Cycle 11.706ms
[833.666s][info][gc] GC(12150) Pause Young (Prepare Mixed) (G1 Evacuation Pause) 136M->64M(154M) 0.920ms
[833.743s][info][gc] GC(12151) Pause Young (Mixed) (G1 Evacuation Pause) 138M->64M(154M) 1.009ms
[833.817s][info][gc] GC(12152) Pause Young (Concurrent Start) (G1 Evacuation Pause) 138M->65M(154M) 0.859ms
[833.817s][info][gc] GC(12153) Concurrent Mark Cycle
[833.825s][info][gc] GC(12153) Pause Remark 72M->72M(154M) 0.387ms
[833.829s][info][gc] GC(12153) Pause Cleanup 77M->77M(154M) 0.035ms
[833.829s][info][gc] GC(12153) Concurrent Mark Cycle 12.152ms
[833.885s][info][gc] GC(12154) Pause Young (Prepare Mixed) (G1 Evacuation Pause) 136M->66M(154M) 0.863ms
[833.957s][info][gc] GC(12155) Pause Young (Mixed) (G1 Evacuation Pause) 136M->66M(154M) 0.936ms
[834.028s][info][gc] GC(12156) Pause Young (Concurrent Start) (G1 Evacuation Pause) 137M->67M(154M) 0.797ms
[834.028s][info][gc] GC(12157) Concurrent Mark Cycle
[834.035s][info][gc] GC(12157) Pause Remark 76M->76M(154M) 0.378ms
[834.041s][info][gc] GC(12157) Pause Cleanup 82M->82M(154M) 0.065ms
[834.041s][info][gc] GC(12157) Concurrent Mark Cycle 12.882ms
[834.096s][info][gc] GC(12158) Pause Young (Prepare Mixed) (G1 Evacuation Pause) 138M->67M(154M) 0.984ms
[834.168s][info][gc] GC(12159) Pause Young (Mixed) (G1 Evacuation Pause) 138M->67M(154M) 1.176ms
[834.247s][info][gc] GC(12160) Pause Young (Concurrent Start) (G1 Evacuation Pause) 136M->68M(154M) 1.004ms
[834.247s][info][gc] GC(12161) Concurrent Mark Cycle
[834.255s][info][gc] GC(12161) Pause Remark 77M->77M(154M) 0.389ms
[834.260s][info][gc] GC(12161) Pause Cleanup 84M->84M(154M) 0.040ms
[834.260s][info][gc] GC(12161) Concurrent Mark Cycle 13.054ms
[834.307s][info][gc] GC(12162) Pause Young (Prepare Mixed) (G1 Evacuation Pause) 136M->68M(154M) 0.888ms
[834.378s][info][gc] GC(12163) Pause Young (Mixed) (G1 Evacuation Pause) 137M->69M(154M) 0.899ms
[834.456s][info][gc] GC(12164) Pause Young (Concurrent Start) (G1 Evacuation Pause) 138M->69M(154M) 0.891ms
[834.456s][info][gc] GC(12165) Concurrent Mark Cycle
[834.463s][info][gc] GC(12165) Pause Remark 76M->76M(154M) 0.389ms
[834.469s][info][gc] GC(12165) Pause Cleanup 82M->82M(154M) 0.055ms
[834.469s][info][gc] GC(12165) Concurrent Mark Cycle 13.323ms
[834.519s][info][gc] GC(12166) Pause Young (Prepare Mixed) (G1 Evacuation Pause) 138M->70M(154M) 0.840ms
[834.587s][info][gc] GC(12167) Pause Young (Mixed) (G1 Evacuation Pause) 138M->70M(154M) 0.891ms
[834.645s][info][gc] GC(12168) Pause Young (Concurrent Start) (G1 Evacuation Pause) 137M->70M(154M) 0.800ms
[834.645s][info][gc] GC(12169) Concurrent Mark Cycle
[834.653s][info][gc] GC(12169) Pause Remark 73M->73M(154M) 0.529ms
[834.659s][info][gc] GC(12169) Pause Cleanup 73M->73M(154M) 0.035ms
[834.659s][info][gc] GC(12169) Concurrent Mark Cycle 14.060ms
[834.777s][info][gc] GC(12170) Pause Young (Prepare Mixed) (G1 Evacuation Pause) 139M->72M(154M) 1.220ms
[834.844s][info][gc] GC(12171) Pause Young (Mixed) (G1 Evacuation Pause) 137M->73M(154M) 1.175ms
[834.904s][info][gc] GC(12172) Pause Young (Concurrent Start) (G1 Evacuation Pause) 138M->73M(154M) 0.910ms
[834.905s][info][gc] GC(12173) Concurrent Mark Cycle
[834.908s][info][gc] GC(12173) Pause Remark 78M->47M(147M) 0.383ms
[834.909s][info][gc] GC(12173) Pause Cleanup 48M->48M(147M) 0.042ms
[834.909s][info][gc] GC(12173) Concurrent Mark Cycle 4.752ms
[834.971s][info][gc] GC(12174) Pause Young (Prepare Mixed) (G1 Evacuation Pause) 107M->43M(147M) 0.874ms
[835.057s][info][gc] GC(12175) Pause Young (Mixed) (G1 Evacuation Pause) 125M->39M(147M) 0.989ms
[835.126s][info][gc] GC(12176) Pause Young (Normal) (G1 Evacuation Pause) 120M->39M(147M) 0.894ms
[835.209s][info][gc] GC(12177) Pause Young (Normal) (G1 Evacuation Pause) 120M->39M(147M) 1.089ms
[835.294s][info][gc] GC(12178) Pause Young (Normal) (G1 Evacuation Pause) 121M->40M(147M) 0.852ms
[835.372s][info][gc] GC(12179) Pause Young (Normal) (G1 Evacuation Pause) 121M->40M(147M) 0.840ms
[835.443s][info][gc] GC(12180) Pause Young (Normal) (G1 Evacuation Pause) 122M->41M(147M) 0.854ms
[835.531s][info][gc] GC(12181) Pause Young (Normal) (G1 Evacuation Pause) 123M->42M(147M) 0.917ms
[835.611s][info][gc] GC(12182) Pause Young (Normal) (G1 Evacuation Pause) 123M->43M(147M) 0.913ms
[835.692s][info][gc] GC(12183) Pause Young (Normal) (G1 Evacuation Pause) 124M->44M(147M) 0.987ms
[835.770s][info][gc] GC(12184) Pause Young (Normal) (G1 Evacuation Pause) 126M->43M(147M) 0.924ms
[835.851s][info][gc] GC(12185) Pause Young (Normal) (G1 Evacuation Pause) 125M->45M(147M) 0.924ms
[835.933s][info][gc] GC(12186) Pause Young (Normal) (G1 Evacuation Pause) 126M->45M(147M) 0.953ms
[836.017s][info][gc] GC(12187) Pause Young (Normal) (G1 Evacuation Pause) 126M->46M(147M) 0.987ms
[836.098s][info][gc] GC(12188) Pause Young (Normal) (G1 Evacuation Pause) 127M->47M(147M) 0.894ms
[836.172s][info][gc] GC(12189) Pause Young (Normal) (G1 Evacuation Pause) 128M->48M(147M) 0.890ms
[836.259s][info][gc] GC(12190) Pause Young (Normal) (G1 Evacuation Pause) 129M->48M(147M) 0.894ms
[836.339s][info][gc] GC(12191) Pause Young (Normal) (G1 Evacuation Pause) 129M->49M(147M) 1.059ms
[836.424s][info][gc] GC(12192) Pause Young (Normal) (G1 Evacuation Pause) 130M->49M(147M) 0.992ms
[836.496s][info][gc] GC(12193) Pause Young (Normal) (G1 Evacuation Pause) 129M->50M(147M) 0.871ms
[836.580s][info][gc] GC(12194) Pause Young (Normal) (G1 Evacuation Pause) 130M->51M(147M) 0.935ms
[836.660s][info][gc] GC(12195) Pause Young (Normal) (G1 Evacuation Pause) 130M->51M(147M) 0.884ms
[836.741s][info][gc] GC(12196) Pause Young (Normal) (G1 Evacuation Pause) 129M->52M(147M) 0.966ms
[836.809s][info][gc] GC(12197) Pause Young (Normal) (G1 Evacuation Pause) 130M->52M(147M) 0.843ms
[836.890s][info][gc] GC(12198) Pause Young (Normal) (G1 Evacuation Pause) 131M->53M(147M) 0.925ms
[836.968s][info][gc] GC(12199) Pause Young (Normal) (G1 Evacuation Pause) 129M->55M(147M) 0.926ms
[837.042s][info][gc] GC(12200) Pause Young (Normal) (G1 Evacuation Pause) 131M->54M(147M) 0.933ms
[837.113s][info][gc] GC(12201) Pause Young (Normal) (G1 Evacuation Pause) 131M->55M(147M) 0.857ms
[837.191s][info][gc] GC(12202) Pause Young (Normal) (G1 Evacuation Pause) 130M->56M(147M) 1.067ms
[837.264s][info][gc] GC(12203) Pause Young (Concurrent Start) (G1 Evacuation Pause) 130M->57M(147M) 0.912ms
[837.264s][info][gc] GC(12204) Concurrent Mark Cycle
[837.269s][info][gc] GC(12204) Pause Remark 64M->63M(147M) 0.414ms
[837.272s][info][gc] GC(12204) Pause Cleanup 64M->64M(147M) 0.038ms
[837.273s][info][gc] GC(12204) Concurrent Mark Cycle 8.610ms
[837.332s][info][gc] GC(12205) Pause Young (Prepare Mixed) (G1 Evacuation Pause) 128M->56M(147M) 0.885ms
[837.411s][info][gc] GC(12206) Pause Young (Mixed) (G1 Evacuation Pause) 132M->55M(147M) 0.919ms
[837.490s][info][gc] GC(12207) Pause Young (Normal) (G1 Evacuation Pause) 131M->56M(147M) 0.905ms
[837.568s][info][gc] GC(12208) Pause Young (Concurrent Start) (G1 Evacuation Pause) 131M->57M(147M) 1.027ms
[837.569s][info][gc] GC(12209) Concurrent Mark Cycle
[837.576s][info][gc] GC(12209) Pause Remark 67M->67M(147M) 0.429ms
[837.580s][info][gc] GC(12209) Pause Cleanup 71M->71M(147M) 0.054ms
[837.580s][info][gc] GC(12209) Concurrent Mark Cycle 11.138ms
[837.635s][info][gc] GC(12210) Pause Young (Prepare Mixed) (G1 Evacuation Pause) 131M->57M(147M) 1.023ms
[837.719s][info][gc] GC(12211) Pause Young (Mixed) (G1 Evacuation Pause) 132M->57M(147M) 1.053ms
[837.794s][info][gc] GC(12212) Pause Young (Concurrent Start) (G1 Evacuation Pause) 130M->57M(147M) 0.989ms
[837.794s][info][gc] GC(12213) Concurrent Mark Cycle
[837.799s][info][gc] GC(12213) Pause Remark 63M->63M(147M) 0.404ms
[837.803s][info][gc] GC(12213) Pause Cleanup 68M->68M(147M) 0.052ms
[837.803s][info][gc] GC(12213) Concurrent Mark Cycle 9.789ms
[837.860s][info][gc] GC(12214) Pause Young (Prepare Mixed) (G1 Evacuation Pause) 130M->57M(147M) 0.844ms
[837.939s][info][gc] GC(12215) Pause Young (Mixed) (G1 Evacuation Pause) 131M->57M(147M) 0.963ms
[838.012s][info][gc] GC(12216) Pause Young (Concurrent Start) (G1 Evacuation Pause) 130M->58M(147M) 0.880ms
[838.012s][info][gc] GC(12217) Concurrent Mark Cycle
[838.018s][info][gc] GC(12217) Pause Remark 65M->65M(147M) 0.397ms
[838.022s][info][gc] GC(12217) Pause Cleanup 70M->70M(147M) 0.036ms
[838.022s][info][gc] GC(12217) Concurrent Mark Cycle 10.092ms
[838.076s][info][gc] GC(12218) Pause Young (Prepare Mixed) (G1 Evacuation Pause) 132M->58M(147M) 0.801ms
[838.159s][info][gc] GC(12219) Pause Young (Mixed) (G1 Evacuation Pause) 132M->59M(147M) 1.051ms
[838.232s][info][gc] GC(12220) Pause Young (Concurrent Start) (G1 Evacuation Pause) 131M->59M(147M) 0.936ms
[838.232s][info][gc] GC(12221) Concurrent Mark Cycle
[838.239s][info][gc] GC(12221) Pause Remark 69M->69M(147M) 0.432ms
[838.243s][info][gc] GC(12221) Pause Cleanup 73M->73M(147M) 0.029ms
[838.243s][info][gc] GC(12221) Concurrent Mark Cycle 10.745ms
[838.304s][info][gc] GC(12222) Pause Young (Prepare Mixed) (G1 Evacuation Pause) 132M->59M(147M) 0.777ms
[838.374s][info][gc] GC(12223) Pause Young (Mixed) (G1 Evacuation Pause) 133M->60M(147M) 1.005ms
[838.449s][info][gc] GC(12224) Pause Young (Concurrent Start) (G1 Evacuation Pause) 132M->60M(147M) 0.883ms
[838.449s][info][gc] GC(12225) Concurrent Mark Cycle
[838.456s][info][gc] GC(12225) Pause Remark 68M->68M(147M) 0.384ms
[838.460s][info][gc] GC(12225) Pause Cleanup 74M->74M(147M) 0.033ms
[838.460s][info][gc] GC(12225) Concurrent Mark Cycle 10.907ms
[838.525s][info][gc] GC(12226) Pause Young (Prepare Mixed) (G1 Evacuation Pause) 132M->61M(147M) 1.001ms
[838.589s][info][gc] GC(12227) Pause Young (Mixed) (G1 Evacuation Pause) 132M->61M(147M) 0.966ms
[838.660s][info][gc] GC(12228) Pause Young (Concurrent Start) (G1 Evacuation Pause) 130M->62M(147M) 0.860ms
[838.660s][info][gc] GC(12229) Concurrent Mark Cycle
[838.667s][info][gc] GC(12229) Pause Remark 71M->71M(147M) 0.533ms
[838.672s][info][gc] GC(12229) Pause Cleanup 73M->73M(147M) 0.038ms
[838.672s][info][gc] GC(12229) Concurrent Mark Cycle 11.687ms
[838.747s][info][gc] GC(12230) Pause Young (Prepare Mixed) (G1 Evacuation Pause) 132M->63M(147M) 0.983ms
[838.804s][info][gc] GC(12231) Pause Young (Mixed) (G1 Evacuation Pause) 131M->62M(147M) 0.987ms
[838.873s][info][gc] GC(12232) Pause Young (Concurrent Start) (G1 Evacuation Pause) 131M->63M(147M) 0.838ms
[838.873s][info][gc] GC(12233) Concurrent Mark Cycle
[838.881s][info][gc] GC(12233) Pause Remark 72M->72M(147M) 0.410ms
[838.885s][info][gc] GC(12233) Pause Cleanup 78M->78M(147M) 0.029ms
[838.886s][info][gc] GC(12233) Concurrent Mark Cycle 12.287ms
[838.946s][info][gc] GC(12234) Pause Young (Prepare Mixed) (G1 Evacuation Pause) 132M->63M(147M) 0.880ms
[839.009s][info][gc] GC(12235) Pause Young (Mixed) (G1 Evacuation Pause) 132M->64M(147M) 0.869ms
[839.076s][info][gc] GC(12236) Pause Young (Concurrent Start) (G1 Evacuation Pause) 130M->64M(147M) 0.965ms
[839.076s][info][gc] GC(12237) Concurrent Mark Cycle
[839.084s][info][gc] GC(12237) Pause Remark 76M->76M(147M) 0.392ms
[839.089s][info][gc] GC(12237) Pause Cleanup 79M->79M(147M) 0.042ms
[839.089s][info][gc] GC(12237) Concurrent Mark Cycle 12.463ms
[839.137s][info][gc] GC(12238) Pause Young (Prepare Mixed) (G1 Evacuation Pause) 132M->65M(147M) 0.919ms
[839.211s][info][gc] GC(12239) Pause Young (Mixed) (G1 Evacuation Pause) 132M->65M(147M) 0.936ms
[839.282s][info][gc] GC(12240) Pause Young (Concurrent Start) (G1 Evacuation Pause) 132M->66M(147M) 1.009ms
[839.282s][info][gc] GC(12241) Concurrent Mark Cycle
[839.290s][info][gc] GC(12241) Pause Remark 78M->78M(147M) 0.376ms
[839.295s][info][gc] GC(12241) Pause Cleanup 82M->82M(147M) 0.050ms
[839.295s][info][gc] GC(12241) Concurrent Mark Cycle 13.343ms
[839.339s][info][gc] GC(12242) Pause Young (Prepare Mixed) (G1 Evacuation Pause) 132M->66M(147M) 0.791ms
[839.407s][info][gc] GC(12243) Pause Young (Mixed) (G1 Evacuation Pause) 131M->67M(147M) 0.842ms
[839.475s][info][gc] GC(12244) Pause Young (Concurrent Start) (G1 Evacuation Pause) 132M->67M(147M) 0.963ms
[839.475s][info][gc] GC(12245) Concurrent Mark Cycle
[839.484s][info][gc] GC(12245) Pause Remark 72M->72M(147M) 0.439ms
[839.489s][info][gc] GC(12245) Pause Cleanup 78M->78M(147M) 0.040ms
[839.489s][info][gc] GC(12245) Concurrent Mark Cycle 13.974ms
[839.537s][info][gc] GC(12246) Pause Young (Prepare Mixed) (G1 Evacuation Pause) 133M->68M(147M) 0.969ms
[839.604s][info][gc] GC(12247) Pause Young (Mixed) (G1 Evacuation Pause) 132M->68M(147M) 0.997ms
[839.663s][info][gc] GC(12248) Pause Young (Concurrent Start) (G1 Evacuation Pause) 133M->68M(147M) 0.802ms
[839.663s][info][gc] GC(12249) Concurrent Mark Cycle
[839.672s][info][gc] GC(12249) Pause Remark 80M->80M(147M) 0.366ms
[839.677s][info][gc] GC(12249) Pause Cleanup 85M->85M(147M) 0.042ms
[839.677s][info][gc] GC(12249) Concurrent Mark Cycle 14.237ms
[839.733s][info][gc] GC(12250) Pause Young (Prepare Mixed) (G1 Evacuation Pause) 131M->69M(147M) 0.824ms
[839.800s][info][gc] GC(12251) Pause Young (Mixed) (G1 Evacuation Pause) 132M->70M(147M) 0.868ms
[839.852s][info][gc] GC(12252) Pause Young (Concurrent Start) (G1 Evacuation Pause) 132M->70M(147M) 0.778ms
[839.853s][info][gc] GC(12253) Concurrent Mark Cycle
[839.862s][info][gc] GC(12253) Pause Remark 80M->80M(147M) 0.398ms
[839.867s][info][gc] GC(12253) Pause Cleanup 86M->86M(147M) 0.026ms
[839.867s][info][gc] GC(12253) Concurrent Mark Cycle 14.458ms
[839.920s][info][gc] GC(12254) Pause Young (Prepare Mixed) (G1 Evacuation Pause) 132M->71M(147M) 0.819ms
[839.972s][info][gc] GC(12255) Pause Young (Mixed) (G1 Evacuation Pause) 132M->71M(147M) 0.905ms
[840.103s][info][gc] GC(12256) Pause Young (Concurrent Start) (G1 Evacuation Pause) 133M->72M(147M) 0.881ms
[840.103s][info][gc] GC(12257) Concurrent Mark Cycle
[840.107s][info][gc] GC(12257) Pause Remark 76M->51M(147M) 0.374ms
[840.108s][info][gc] GC(12257) Pause Cleanup 52M->52M(147M) 0.044ms
[840.108s][info][gc] GC(12257) Concurrent Mark Cycle 4.766ms
[840.157s][info][gc] GC(12258) Pause Young (Prepare Mixed) (G1 Evacuation Pause) 105M->48M(147M) 0.956ms
[840.242s][info][gc] GC(12259) Pause Young (Mixed) (G1 Evacuation Pause) 130M->38M(147M) 1.068ms
[840.327s][info][gc] GC(12260) Pause Young (Normal) (G1 Evacuation Pause) 121M->39M(147M) 1.039ms
[840.413s][info][gc] GC(12261) Pause Young (Normal) (G1 Evacuation Pause) 121M->39M(147M) 1.102ms
[840.489s][info][gc] GC(12262) Pause Young (Normal) (G1 Evacuation Pause) 121M->40M(147M) 1.149ms
[840.571s][info][gc] GC(12263) Pause Young (Normal) (G1 Evacuation Pause) 121M->41M(147M) 0.999ms
[840.658s][info][gc] GC(12264) Pause Young (Normal) (G1 Evacuation Pause) 123M->42M(147M) 1.101ms
[840.743s][info][gc] GC(12265) Pause Young (Normal) (G1 Evacuation Pause) 123M->43M(147M) 1.157ms
[840.818s][info][gc] GC(12266) Pause Young (Normal) (G1 Evacuation Pause) 124M->43M(147M) 0.907ms
[840.905s][info][gc] GC(12267) Pause Young (Normal) (G1 Evacuation Pause) 124M->44M(147M) 1.013ms
[840.991s][info][gc] GC(12268) Pause Young (Normal) (G1 Evacuation Pause) 125M->45M(147M) 1.100ms
[841.083s][info][gc] GC(12269) Pause Young (Normal) (G1 Evacuation Pause) 126M->45M(147M) 1.080ms
[841.164s][info][gc] GC(12270) Pause Young (Normal) (G1 Evacuation Pause) 126M->45M(147M) 0.933ms
[841.242s][info][gc] GC(12271) Pause Young (Normal) (G1 Evacuation Pause) 126M->47M(147M) 0.904ms
[841.327s][info][gc] GC(12272) Pause Young (Normal) (G1 Evacuation Pause) 128M->47M(147M) 0.907ms
[841.408s][info][gc] GC(12273) Pause Young (Normal) (G1 Evacuation Pause) 128M->47M(147M) 0.894ms
[841.494s][info][gc] GC(12274) Pause Young (Normal) (G1 Evacuation Pause) 129M->49M(147M) 0.885ms
[841.568s][info][gc] GC(12275) Pause Young (Normal) (G1 Evacuation Pause) 130M->49M(147M) 0.946ms
[841.652s][info][gc] GC(12276) Pause Young (Normal) (G1 Evacuation Pause) 131M->50M(147M) 0.897ms
[841.731s][info][gc] GC(12277) Pause Young (Normal) (G1 Evacuation Pause) 129M->50M(147M) 0.916ms
[841.813s][info][gc] GC(12278) Pause Young (Normal) (G1 Evacuation Pause) 130M->51M(147M) 0.914ms
[841.890s][info][gc] GC(12279) Pause Young (Normal) (G1 Evacuation Pause) 130M->51M(147M) 0.867ms
[841.969s][info][gc] GC(12280) Pause Young (Normal) (G1 Evacuation Pause) 132M->53M(147M) 0.915ms
[842.045s][info][gc] GC(12281) Pause Young (Normal) (G1 Evacuation Pause) 130M->53M(147M) 0.928ms
[842.127s][info][gc] GC(12282) Pause Young (Normal) (G1 Evacuation Pause) 130M->54M(147M) 1.067ms
[842.197s][info][gc] GC(12283) Pause Young (Normal) (G1 Evacuation Pause) 131M->54M(147M) 0.831ms
[842.278s][info][gc] GC(12284) Pause Young (Normal) (G1 Evacuation Pause) 132M->55M(147M) 0.927ms
[842.355s][info][gc] GC(12285) Pause Young (Normal) (G1 Evacuation Pause) 131M->56M(147M) 1.003ms
[842.434s][info][gc] GC(12286) Pause Young (Concurrent Start) (G1 Evacuation Pause) 131M->57M(147M) 1.038ms
[842.434s][info][gc] GC(12287) Concurrent Mark Cycle
[842.440s][info][gc] GC(12287) Pause Remark 64M->62M(147M) 0.385ms
[842.444s][info][gc] GC(12287) Pause Cleanup 68M->68M(147M) 0.028ms
[842.444s][info][gc] GC(12287) Concurrent Mark Cycle 9.751ms
[842.501s][info][gc] GC(12288) Pause Young (Prepare Mixed) (G1 Evacuation Pause) 129M->55M(147M) 0.968ms
[842.577s][info][gc] GC(12289) Pause Young (Mixed) (G1 Evacuation Pause) 132M->54M(147M) 0.917ms
[842.660s][info][gc] GC(12290) Pause Young (Normal) (G1 Evacuation Pause) 131M->55M(147M) 0.918ms
[842.725s][info][gc] GC(12291) Pause Young (Concurrent Start) (G1 Evacuation Pause) 130M->55M(147M) 0.837ms
[842.725s][info][gc] GC(12292) Concurrent Mark Cycle
[842.731s][info][gc] GC(12292) Pause Remark 60M->60M(147M) 0.386ms
[842.734s][info][gc] GC(12292) Pause Cleanup 62M->62M(147M) 0.041ms
[842.734s][info][gc] GC(12292) Concurrent Mark Cycle 8.579ms
[842.805s][info][gc] GC(12293) Pause Young (Prepare Mixed) (G1 Evacuation Pause) 132M->56M(147M) 0.894ms
[842.884s][info][gc] GC(12294) Pause Young (Mixed) (G1 Evacuation Pause) 131M->56M(147M) 1.256ms
[842.965s][info][gc] GC(12295) Pause Young (Concurrent Start) (G1 Evacuation Pause) 131M->56M(147M) 0.910ms
[842.966s][info][gc] GC(12296) Concurrent Mark Cycle
[842.972s][info][gc] GC(12296) Pause Remark 65M->65M(147M) 0.400ms
[842.975s][info][gc] GC(12296) Pause Cleanup 68M->68M(147M) 0.031ms
[842.975s][info][gc] GC(12296) Concurrent Mark Cycle 9.882ms
[843.030s][info][gc] GC(12297) Pause Young (Prepare Mixed) (G1 Evacuation Pause) 130M->56M(147M) 0.874ms
[843.108s][info][gc] GC(12298) Pause Young (Mixed) (G1 Evacuation Pause) 131M->56M(147M) 0.974ms
[843.181s][info][gc] GC(12299) Pause Young (Concurrent Start) (G1 Evacuation Pause) 131M->57M(147M) 0.995ms
[843.181s][info][gc] GC(12300) Concurrent Mark Cycle
[843.187s][info][gc] GC(12300) Pause Remark 62M->62M(147M) 0.386ms
[843.191s][info][gc] GC(12300) Pause Cleanup 66M->66M(147M) 0.029ms
[843.191s][info][gc] GC(12300) Concurrent Mark Cycle 9.780ms
[843.256s][info][gc] GC(12301) Pause Young (Prepare Mixed) (G1 Evacuation Pause) 130M->56M(147M) 0.834ms
[843.334s][info][gc] GC(12302) Pause Young (Mixed) (G1 Evacuation Pause) 133M->57M(147M) 0.995ms
[843.408s][info][gc] GC(12303) Pause Young (Concurrent Start) (G1 Evacuation Pause) 131M->58M(147M) 0.904ms
[843.408s][info][gc] GC(12304) Concurrent Mark Cycle
[843.414s][info][gc] GC(12304) Pause Remark 65M->65M(147M) 0.484ms
[843.419s][info][gc] GC(12304) Pause Cleanup 70M->70M(147M) 0.033ms
[843.419s][info][gc] GC(12304) Concurrent Mark Cycle 11.063ms
[843.490s][info][gc] GC(12305) Pause Young (Prepare Mixed) (G1 Evacuation Pause) 132M->58M(147M) 0.916ms
[843.554s][info][gc] GC(12306) Pause Young (Mixed) (G1 Evacuation Pause) 130M->58M(147M) 0.943ms
[843.629s][info][gc] GC(12307) Pause Young (Concurrent Start) (G1 Evacuation Pause) 131M->60M(147M) 0.930ms
[843.629s][info][gc] GC(12308) Concurrent Mark Cycle
[843.636s][info][gc] GC(12308) Pause Remark 68M->68M(147M) 0.374ms
[843.640s][info][gc] GC(12308) Pause Cleanup 73M->73M(147M) 0.054ms
[843.640s][info][gc] GC(12308) Concurrent Mark Cycle 11.025ms
[843.704s][info][gc] GC(12309) Pause Young (Prepare Mixed) (G1 Evacuation Pause) 131M->60M(147M) 0.943ms
[843.766s][info][gc] GC(12310) Pause Young (Mixed) (G1 Evacuation Pause) 132M->60M(147M) 0.962ms
[843.845s][info][gc] GC(12311) Pause Young (Concurrent Start) (G1 Evacuation Pause) 132M->60M(147M) 0.838ms
[843.845s][info][gc] GC(12312) Concurrent Mark Cycle
[843.852s][info][gc] GC(12312) Pause Remark 65M->65M(147M) 0.382ms
[843.856s][info][gc] GC(12312) Pause Cleanup 71M->71M(147M) 0.051ms
[843.856s][info][gc] GC(12312) Concurrent Mark Cycle 11.538ms
[843.922s][info][gc] GC(12313) Pause Young (Prepare Mixed) (G1 Evacuation Pause) 132M->61M(147M) 0.912ms
[843.985s][info][gc] GC(12314) Pause Young (Mixed) (G1 Evacuation Pause) 132M->61M(147M) 0.873ms
[844.066s][info][gc] GC(12315) Pause Young (Concurrent Start) (G1 Evacuation Pause) 133M->62M(147M) 0.952ms
[844.066s][info][gc] GC(12316) Concurrent Mark Cycle
[844.074s][info][gc] GC(12316) Pause Remark 71M->71M(147M) 0.380ms
[844.078s][info][gc] GC(12316) Pause Cleanup 76M->76M(147M) 0.032ms
[844.078s][info][gc] GC(12316) Concurrent Mark Cycle 11.899ms
[844.138s][info][gc] GC(12317) Pause Young (Prepare Mixed) (G1 Evacuation Pause) 132M->62M(147M) 0.889ms
[844.209s][info][gc] GC(12318) Pause Young (Mixed) (G1 Evacuation Pause) 132M->62M(147M) 1.007ms
[844.281s][info][gc] GC(12319) Pause Young (Concurrent Start) (G1 Evacuation Pause) 131M->63M(147M) 0.992ms
[844.281s][info][gc] GC(12320) Concurrent Mark Cycle
[844.289s][info][gc] GC(12320) Pause Remark 74M->74M(147M) 0.436ms
[844.294s][info][gc] GC(12320) Pause Cleanup 79M->79M(147M) 0.030ms
[844.294s][info][gc] GC(12320) Concurrent Mark Cycle 13.164ms
[844.353s][info][gc] GC(12321) Pause Young (Prepare Mixed) (G1 Evacuation Pause) 130M->64M(147M) 0.944ms
[844.419s][info][gc] GC(12322) Pause Young (Mixed) (G1 Evacuation Pause) 132M->64M(147M) 0.974ms
[844.490s][info][gc] GC(12323) Pause Young (Concurrent Start) (G1 Evacuation Pause) 132M->65M(147M) 0.854ms
[844.490s][info][gc] GC(12324) Concurrent Mark Cycle
[844.498s][info][gc] GC(12324) Pause Remark 76M->76M(147M) 0.374ms
[844.502s][info][gc] GC(12324) Pause Cleanup 80M->80M(147M) 0.028ms
[844.502s][info][gc] GC(12324) Concurrent Mark Cycle 12.768ms
[844.557s][info][gc] GC(12325) Pause Young (Prepare Mixed) (G1 Evacuation Pause) 132M->65M(147M) 0.898ms
[844.617s][info][gc] GC(12326) Pause Young (Mixed) (G1 Evacuation Pause) 132M->65M(147M) 0.947ms
[844.685s][info][gc] GC(12327) Pause Young (Concurrent Start) (G1 Evacuation Pause) 131M->66M(147M) 0.992ms
[844.685s][info][gc] GC(12328) Concurrent Mark Cycle
[844.693s][info][gc] GC(12328) Pause Remark 75M->75M(147M) 0.404ms
[844.698s][info][gc] GC(12328) Pause Cleanup 80M->80M(147M) 0.029ms
[844.698s][info][gc] GC(12328) Concurrent Mark Cycle 13.520ms
[844.752s][info][gc] GC(12329) Pause Young (Prepare Mixed) (G1 Evacuation Pause) 132M->66M(147M) 0.786ms
[844.818s][info][gc] GC(12330) Pause Young (Mixed) (G1 Evacuation Pause) 133M->67M(147M) 0.951ms
[844.885s][info][gc] GC(12331) Pause Young (Concurrent Start) (G1 Evacuation Pause) 132M->68M(147M) 1.021ms
[844.885s][info][gc] GC(12332) Concurrent Mark Cycle
[844.894s][info][gc] GC(12332) Pause Remark 78M->78M(147M) 0.388ms
[844.899s][info][gc] GC(12332) Pause Cleanup 83M->83M(147M) 0.039ms
[844.899s][info][gc] GC(12332) Concurrent Mark Cycle 13.898ms
[844.943s][info][gc] GC(12333) Pause Young (Prepare Mixed) (G1 Evacuation Pause) 132M->68M(147M) 0.831ms
[845.008s][info][gc] GC(12334) Pause Young (Mixed) (G1 Evacuation Pause) 133M->68M(147M) 0.780ms
[845.078s][info][gc] GC(12335) Pause Young (Concurrent Start) (G1 Evacuation Pause) 131M->70M(147M) 0.854ms
[845.078s][info][gc] GC(12336) Concurrent Mark Cycle
[845.087s][info][gc] GC(12336) Pause Remark 83M->83M(147M) 0.403ms
[845.092s][info][gc] GC(12336) Pause Cleanup 89M->89M(147M) 0.049ms
[845.092s][info][gc] GC(12336) Concurrent Mark Cycle 14.321ms
[845.133s][info][gc] GC(12337) Pause Young (Prepare Mixed) (G1 Evacuation Pause) 132M->70M(147M) 0.923ms
[845.199s][info][gc] GC(12338) Pause Young (Mixed) (G1 Evacuation Pause) 133M->70M(147M) 0.832ms
[845.255s][info][gc] GC(12339) Pause Young (Concurrent Start) (G1 Evacuation Pause) 133M->70M(147M) 0.764ms
[845.255s][info][gc] GC(12340) Concurrent Mark Cycle
[845.264s][info][gc] GC(12340) Pause Remark 75M->75M(147M) 0.368ms
[845.269s][info][gc] GC(12340) Pause Cleanup 77M->77M(147M) 0.054ms
[845.269s][info][gc] GC(12340) Concurrent Mark Cycle 14.485ms
[845.326s][info][gc] GC(12341) Pause Young (Prepare Mixed) (G1 Evacuation Pause) 133M->71M(147M) 0.813ms
[845.432s][info][gc] GC(12342) Pause Young (Mixed) (G1 Evacuation Pause) 130M->71M(147M) 0.863ms
[845.497s][info][gc] GC(12343) Pause Young (Concurrent Start) (G1 Evacuation Pause) 131M->73M(147M) 1.334ms
[845.497s][info][gc] GC(12344) Concurrent Mark Cycle
[845.501s][info][gc] GC(12344) Pause Remark 79M->53M(147M) 0.401ms
[845.503s][info][gc] GC(12344) Pause Cleanup 55M->55M(147M) 0.051ms
[845.503s][info][gc] GC(12344) Concurrent Mark Cycle 5.699ms
[845.558s][info][gc] GC(12345) Pause Young (Prepare Mixed) (G1 Evacuation Pause) 104M->48M(147M) 0.910ms
[845.634s][info][gc] GC(12346) Pause Young (Mixed) (G1 Evacuation Pause) 131M->40M(147M) 1.016ms
[845.721s][info][gc] GC(12347) Pause Young (Normal) (G1 Evacuation Pause) 122M->40M(147M) 0.894ms
[845.804s][info][gc] GC(12348) Pause Young (Normal) (G1 Evacuation Pause) 122M->41M(147M) 0.986ms
[845.887s][info][gc] GC(12349) Pause Young (Normal) (G1 Evacuation Pause) 122M->41M(147M) 1.183ms
[845.964s][info][gc] GC(12350) Pause Young (Normal) (G1 Evacuation Pause) 123M->41M(147M) 0.777ms
[846.053s][info][gc] GC(12351) Pause Young (Normal) (G1 Evacuation Pause) 123M->43M(147M) 0.849ms
[846.137s][info][gc] GC(12352) Pause Young (Normal) (G1 Evacuation Pause) 124M->44M(147M) 0.999ms
[846.220s][info][gc] GC(12353) Pause Young (Normal) (G1 Evacuation Pause) 124M->44M(147M) 0.908ms
[846.303s][info][gc] GC(12354) Pause Young (Normal) (G1 Evacuation Pause) 126M->45M(147M) 0.984ms
[846.378s][info][gc] GC(12355) Pause Young (Normal) (G1 Evacuation Pause) 126M->46M(147M) 0.909ms
[846.458s][info][gc] GC(12356) Pause Young (Normal) (G1 Evacuation Pause) 127M->47M(147M) 0.885ms
[846.541s][info][gc] GC(12357) Pause Young (Normal) (G1 Evacuation Pause) 128M->47M(147M) 0.920ms
[846.620s][info][gc] GC(12358) Pause Young (Normal) (G1 Evacuation Pause) 128M->48M(147M) 0.888ms
[846.697s][info][gc] GC(12359) Pause Young (Normal) (G1 Evacuation Pause) 129M->48M(147M) 0.893ms
[846.780s][info][gc] GC(12360) Pause Young (Normal) (G1 Evacuation Pause) 129M->49M(147M) 0.910ms
[846.859s][info][gc] GC(12361) Pause Young (Normal) (G1 Evacuation Pause) 130M->49M(147M) 0.914ms
[846.944s][info][gc] GC(12362) Pause Young (Normal) (G1 Evacuation Pause) 130M->51M(147M) 0.882ms
[847.015s][info][gc] GC(12363) Pause Young (Normal) (G1 Evacuation Pause) 131M->50M(147M) 0.820ms
[847.098s][info][gc] GC(12364) Pause Young (Normal) (G1 Evacuation Pause) 131M->52M(147M) 0.916ms
[847.179s][info][gc] GC(12365) Pause Young (Normal) (G1 Evacuation Pause) 129M->53M(147M) 1.061ms
[847.257s][info][gc] GC(12366) Pause Young (Normal) (G1 Evacuation Pause) 131M->53M(147M) 0.921ms
[847.330s][info][gc] GC(12367) Pause Young (Normal) (G1 Evacuation Pause) 132M->53M(147M) 0.732ms
[847.408s][info][gc] GC(12368) Pause Young (Normal) (G1 Evacuation Pause) 132M->54M(147M) 0.881ms
[847.484s][info][gc] GC(12369) Pause Young (Normal) (G1 Evacuation Pause) 131M->55M(147M) 0.928ms
[847.560s][info][gc] GC(12370) Pause Young (Normal) (G1 Evacuation Pause) 131M->56M(147M) 0.910ms
[847.632s][info][gc] GC(12371) Pause Young (Concurrent Start) (G1 Evacuation Pause) 131M->56M(147M) 0.977ms
[847.632s][info][gc] GC(12372) Concurrent Mark Cycle
[847.637s][info][gc] GC(12372) Pause Remark 62M->59M(147M) 0.416ms
[847.641s][info][gc] GC(12372) Pause Cleanup 63M->63M(147M) 0.054ms
[847.641s][info][gc] GC(12372) Concurrent Mark Cycle 9.122ms
[847.709s][info][gc] GC(12373) Pause Young (Prepare Mixed) (G1 Evacuation Pause) 129M->54M(147M) 0.877ms
[847.791s][info][gc] GC(12374) Pause Young (Mixed) (G1 Evacuation Pause) 129M->53M(147M) 0.944ms
[847.868s][info][gc] GC(12375) Pause Young (Normal) (G1 Evacuation Pause) 131M->53M(147M) 0.917ms
[847.941s][info][gc] GC(12376) Pause Young (Normal) (G1 Evacuation Pause) 130M->54M(147M) 0.887ms
[848.018s][info][gc] GC(12377) Pause Young (Normal) (G1 Evacuation Pause) 132M->55M(147M) 0.938ms
[848.100s][info][gc] GC(12378) Pause Young (Normal) (G1 Evacuation Pause) 131M->55M(147M) 0.935ms
[848.168s][info][gc] GC(12379) Pause Young (Concurrent Start) (G1 Evacuation Pause) 130M->55M(147M) 0.858ms
[848.168s][info][gc] GC(12380) Concurrent Mark Cycle
[848.173s][info][gc] GC(12380) Pause Remark 58M->58M(147M) 0.398ms
[848.178s][info][gc] GC(12380) Pause Cleanup 61M->61M(147M) 0.053ms
[848.178s][info][gc] GC(12380) Concurrent Mark Cycle 10.005ms
[848.242s][info][gc] GC(12381) Pause Young (Prepare Mixed) (G1 Evacuation Pause) 131M->57M(147M) 0.925ms
[848.313s][info][gc] GC(12382) Pause Young (Mixed) (G1 Evacuation Pause) 129M->56M(147M) 1.078ms
[848.390s][info][gc] GC(12383) Pause Young (Concurrent Start) (G1 Evacuation Pause) 132M->56M(147M) 0.817ms
[848.390s][info][gc] GC(12384) Concurrent Mark Cycle
[848.396s][info][gc] GC(12384) Pause Remark 63M->63M(147M) 0.376ms
[848.401s][info][gc] GC(12384) Pause Cleanup 64M->64M(147M) 0.059ms
[848.401s][info][gc] GC(12384) Concurrent Mark Cycle 11.709ms
[848.465s][info][gc] GC(12385) Pause Young (Prepare Mixed) (G1 Evacuation Pause) 132M->57M(147M) 0.868ms
[848.539s][info][gc] GC(12386) Pause Young (Mixed) (G1 Evacuation Pause) 131M->57M(147M) 1.027ms
[848.611s][info][gc] GC(12387) Pause Young (Normal) (G1 Evacuation Pause) 131M->57M(147M) 0.849ms
[848.684s][info][gc] GC(12388) Pause Young (Concurrent Start) (G1 Evacuation Pause) 130M->57M(147M) 0.887ms
[848.684s][info][gc] GC(12389) Concurrent Mark Cycle
[848.691s][info][gc] GC(12389) Pause Remark 66M->66M(147M) 0.391ms
[848.696s][info][gc] GC(12389) Pause Cleanup 68M->68M(147M) 0.042ms
[848.696s][info][gc] GC(12389) Concurrent Mark Cycle 12.187ms
[848.755s][info][gc] GC(12390) Pause Young (Prepare Mixed) (G1 Evacuation Pause) 132M->58M(147M) 0.799ms
[848.828s][info][gc] GC(12391) Pause Young (Mixed) (G1 Evacuation Pause) 132M->57M(147M) 0.890ms
[848.907s][info][gc] GC(12392) Pause Young (Concurrent Start) (G1 Evacuation Pause) 131M->58M(147M) 0.872ms
[848.907s][info][gc] GC(12393) Concurrent Mark Cycle
[848.914s][info][gc] GC(12393) Pause Remark 65M->65M(147M) 0.404ms
[848.920s][info][gc] GC(12393) Pause Cleanup 72M->72M(147M) 0.061ms
[848.920s][info][gc] GC(12393) Concurrent Mark Cycle 12.871ms
[848.974s][info][gc] GC(12394) Pause Young (Prepare Mixed) (G1 Evacuation Pause) 132M->59M(147M) 0.847ms
[849.047s][info][gc] GC(12395) Pause Young (Mixed) (G1 Evacuation Pause) 130M->59M(147M) 1.010ms
[849.120s][info][gc] GC(12396) Pause Young (Concurrent Start) (G1 Evacuation Pause) 132M->60M(147M) 0.949ms
[849.120s][info][gc] GC(12397) Concurrent Mark Cycle
[849.128s][info][gc] GC(12397) Pause Remark 68M->68M(147M) 0.408ms
[849.134s][info][gc] GC(12397) Pause Cleanup 72M->72M(147M) 0.058ms
[849.134s][info][gc] GC(12397) Concurrent Mark Cycle 14.105ms
[849.186s][info][gc] GC(12398) Pause Young (Prepare Mixed) (G1 Evacuation Pause) 132M->60M(147M) 0.746ms
[849.260s][info][gc] GC(12399) Pause Young (Mixed) (G1 Evacuation Pause) 132M->61M(147M) 1.032ms
[849.337s][info][gc] GC(12400) Pause Young (Concurrent Start) (G1 Evacuation Pause) 131M->61M(147M) 0.916ms
[849.337s][info][gc] GC(12401) Concurrent Mark Cycle
[849.344s][info][gc] GC(12401) Pause Remark 71M->71M(147M) 0.364ms
[849.351s][info][gc] GC(12401) Pause Cleanup 77M->77M(147M) 0.035ms
[849.351s][info][gc] GC(12401) Concurrent Mark Cycle 13.898ms
[849.404s][info][gc] GC(12402) Pause Young (Prepare Mixed) (G1 Evacuation Pause) 132M->61M(147M) 0.858ms
[849.476s][info][gc] GC(12403) Pause Young (Mixed) (G1 Evacuation Pause) 131M->62M(147M) 0.897ms
[849.546s][info][gc] GC(12404) Pause Young (Concurrent Start) (G1 Evacuation Pause) 130M->63M(147M) 0.905ms
[849.546s][info][gc] GC(12405) Concurrent Mark Cycle
[849.555s][info][gc] GC(12405) Pause Remark 74M->74M(147M) 0.381ms
[849.561s][info][gc] GC(12405) Pause Cleanup 83M->83M(147M) 0.038ms
[849.561s][info][gc] GC(12405) Concurrent Mark Cycle 15.063ms
[849.604s][info][gc] GC(12406) Pause Young (Prepare Mixed) (G1 Evacuation Pause) 132M->63M(147M) 0.866ms
[849.678s][info][gc] GC(12407) Pause Young (Mixed) (G1 Evacuation Pause) 131M->64M(147M) 0.900ms
[849.747s][info][gc] GC(12408) Pause Young (Concurrent Start) (G1 Evacuation Pause) 132M->64M(147M) 0.851ms
[849.747s][info][gc] GC(12409) Concurrent Mark Cycle
[849.755s][info][gc] GC(12409) Pause Remark 72M->72M(147M) 0.395ms
[849.763s][info][gc] GC(12409) Pause Cleanup 79M->79M(147M) 0.056ms
[849.763s][info][gc] GC(12409) Concurrent Mark Cycle 15.822ms
[849.812s][info][gc] GC(12410) Pause Young (Prepare Mixed) (G1 Evacuation Pause) 132M->65M(147M) 0.876ms
[849.882s][info][gc] GC(12411) Pause Young (Mixed) (G1 Evacuation Pause) 132M->65M(147M) 1.040ms
[849.951s][info][gc] GC(12412) Pause Young (Concurrent Start) (G1 Evacuation Pause) 132M->66M(147M) 0.823ms
[849.951s][info][gc] GC(12413) Concurrent Mark Cycle
[849.960s][info][gc] GC(12413) Pause Remark 74M->74M(147M) 0.378ms
[849.967s][info][gc] GC(12413) Pause Cleanup 80M->80M(147M) 0.031ms
[849.968s][info][gc] GC(12413) Concurrent Mark Cycle 16.154ms
[850.015s][info][gc] GC(12414) Pause Young (Prepare Mixed) (G1 Evacuation Pause) 132M->66M(147M) 0.827ms
[850.084s][info][gc] GC(12415) Pause Young (Mixed) (G1 Evacuation Pause) 131M->67M(147M) 0.933ms
[850.143s][info][gc] GC(12416) Pause Young (Concurrent Start) (G1 Evacuation Pause) 131M->67M(147M) 0.800ms
[850.143s][info][gc] GC(12417) Concurrent Mark Cycle
[850.152s][info][gc] GC(12417) Pause Remark 72M->72M(147M) 0.378ms
[850.159s][info][gc] GC(12417) Pause Cleanup 77M->77M(147M) 0.032ms
[850.159s][info][gc] GC(12417) Concurrent Mark Cycle 16.757ms
[850.214s][info][gc] GC(12418) Pause Young (Prepare Mixed) (G1 Evacuation Pause) 133M->68M(147M) 0.780ms
[850.277s][info][gc] GC(12419) Pause Young (Mixed) (G1 Evacuation Pause) 132M->68M(147M) 1.041ms
[850.336s][info][gc] GC(12420) Pause Young (Concurrent Start) (G1 Evacuation Pause) 131M->69M(147M) 0.862ms
[850.336s][info][gc] GC(12421) Concurrent Mark Cycle
[850.345s][info][gc] GC(12421) Pause Remark 78M->78M(147M) 0.418ms
[850.353s][info][gc] GC(12421) Pause Cleanup 84M->84M(147M) 0.031ms
[850.353s][info][gc] GC(12421) Concurrent Mark Cycle 17.397ms
[850.405s][info][gc] GC(12422) Pause Young (Prepare Mixed) (G1 Evacuation Pause) 132M->69M(147M) 0.814ms
[850.472s][info][gc] GC(12423) Pause Young (Mixed) (G1 Evacuation Pause) 133M->70M(147M) 0.812ms
[850.530s][info][gc] GC(12424) Pause Young (Concurrent Start) (G1 Evacuation Pause) 132M->70M(147M) 0.930ms
[850.530s][info][gc] GC(12425) Concurrent Mark Cycle
[850.540s][info][gc] GC(12425) Pause Remark 83M->83M(147M) 0.404ms
[850.548s][info][gc] GC(12425) Pause Cleanup 92M->92M(147M) 0.039ms
[850.548s][info][gc] GC(12425) Concurrent Mark Cycle 18.431ms
[850.595s][info][gc] GC(12426) Pause Young (Prepare Mixed) (G1 Evacuation Pause) 131M->71M(147M) 0.923ms
[850.649s][info][gc] GC(12427) Pause Young (Mixed) (G1 Evacuation Pause) 133M->71M(147M) 0.884ms
[850.776s][info][gc] GC(12428) Pause Young (Concurrent Start) (G1 Evacuation Pause) 133M->72M(147M) 0.920ms
[850.776s][info][gc] GC(12429) Concurrent Mark Cycle
[850.780s][info][gc] GC(12429) Pause Remark 77M->48M(147M) 0.377ms
[850.781s][info][gc] GC(12429) Pause Cleanup 49M->49M(147M) 0.037ms
[850.781s][info][gc] GC(12429) Concurrent Mark Cycle 4.918ms
[850.834s][info][gc] GC(12430) Pause Young (Prepare Mixed) (G1 Evacuation Pause) 101M->44M(147M) 0.927ms
[850.920s][info][gc] GC(12431) Pause Young (Mixed) (G1 Evacuation Pause) 126M->40M(147M) 0.924ms
[851.007s][info][gc] GC(12432) Pause Young (Normal) (G1 Evacuation Pause) 122M->41M(147M) 0.975ms
[851.088s][info][gc] GC(12433) Pause Young (Normal) (G1 Evacuation Pause) 122M->41M(147M) 0.957ms
[851.172s][info][gc] GC(12434) Pause Young (Normal) (G1 Evacuation Pause) 122M->42M(147M) 0.983ms
[851.249s][info][gc] GC(12435) Pause Young (Normal) (G1 Evacuation Pause) 123M->42M(147M) 0.989ms
[851.339s][info][gc] GC(12436) Pause Young (Normal) (G1 Evacuation Pause) 123M->43M(147M) 1.062ms
[851.425s][info][gc] GC(12437) Pause Young (Normal) (G1 Evacuation Pause) 124M->44M(147M) 0.993ms
[851.508s][info][gc] GC(12438) Pause Young (Normal) (G1 Evacuation Pause) 125M->45M(147M) 0.944ms
[851.581s][info][gc] GC(12439) Pause Young (Normal) (G1 Evacuation Pause) 126M->45M(147M) 0.985ms
[851.669s][info][gc] GC(12440) Pause Young (Normal) (G1 Evacuation Pause) 126M->46M(147M) 0.960ms
[851.753s][info][gc] GC(12441) Pause Young (Normal) (G1 Evacuation Pause) 127M->47M(147M) 0.979ms
[851.843s][info][gc] GC(12442) Pause Young (Normal) (G1 Evacuation Pause) 128M->47M(147M) 1.051ms
[851.914s][info][gc] GC(12443) Pause Young (Normal) (G1 Evacuation Pause) 128M->48M(147M) 0.891ms
[851.999s][info][gc] GC(12444) Pause Young (Normal) (G1 Evacuation Pause) 129M->48M(147M) 0.898ms
[852.087s][info][gc] GC(12445) Pause Young (Normal) (G1 Evacuation Pause) 129M->49M(147M) 0.922ms
[852.167s][info][gc] GC(12446) Pause Young (Normal) (G1 Evacuation Pause) 130M->50M(147M) 1.004ms
[852.253s][info][gc] GC(12447) Pause Young (Normal) (G1 Evacuation Pause) 131M->51M(147M) 0.870ms
[852.329s][info][gc] GC(12448) Pause Young (Normal) (G1 Evacuation Pause) 131M->51M(147M) 0.956ms
[852.411s][info][gc] GC(12449) Pause Young (Normal) (G1 Evacuation Pause) 130M->52M(147M) 0.896ms
[852.491s][info][gc] GC(12450) Pause Young (Normal) (G1 Evacuation Pause) 131M->53M(147M) 0.864ms
[852.570s][info][gc] GC(12451) Pause Young (Normal) (G1 Evacuation Pause) 131M->53M(147M) 0.884ms
[852.641s][info][gc] GC(12452) Pause Young (Normal) (G1 Evacuation Pause) 130M->54M(147M) 0.972ms
[852.722s][info][gc] GC(12453) Pause Young (Normal) (G1 Evacuation Pause) 131M->54M(147M) 0.964ms
[852.800s][info][gc] GC(12454) Pause Young (Normal) (G1 Evacuation Pause) 132M->55M(147M) 0.928ms
[852.875s][info][gc] GC(12455) Pause Young (Normal) (G1 Evacuation Pause) 130M->55M(147M) 0.813ms
[852.944s][info][gc] GC(12456) Pause Young (Normal) (G1 Evacuation Pause) 132M->56M(147M) 0.808ms
[853.021s][info][gc] GC(12457) Pause Young (Normal) (G1 Evacuation Pause) 131M->57M(147M) 0.890ms
[853.100s][info][gc] GC(12458) Pause Young (Concurrent Start) (G1 Evacuation Pause) 131M->57M(147M) 0.973ms
[853.100s][info][gc] GC(12459) Concurrent Mark Cycle
[853.106s][info][gc] GC(12459) Pause Remark 61M->58M(147M) 0.413ms
[853.109s][info][gc] GC(12459) Pause Cleanup 61M->61M(147M) 0.037ms
[853.109s][info][gc] GC(12459) Concurrent Mark Cycle 9.202ms
[853.167s][info][gc] GC(12460) Pause Young (Prepare Mixed) (G1 Evacuation Pause) 129M->55M(147M) 0.884ms
[853.246s][info][gc] GC(12461) Pause Young (Mixed) (G1 Evacuation Pause) 130M->54M(147M) 0.889ms
[853.323s][info][gc] GC(12462) Pause Young (Normal) (G1 Evacuation Pause) 132M->55M(147M) 0.953ms
[853.404s][info][gc] GC(12463) Pause Young (Normal) (G1 Evacuation Pause) 133M->55M(147M) 0.832ms
[853.473s][info][gc] GC(12464) Pause Young (Normal) (G1 Evacuation Pause) 130M->56M(147M) 1.009ms
[853.554s][info][gc] GC(12465) Pause Young (Concurrent Start) (G1 Evacuation Pause) 132M->57M(147M) 0.894ms
[853.554s][info][gc] GC(12466) Concurrent Mark Cycle
[853.561s][info][gc] GC(12466) Pause Remark 65M->65M(147M) 0.384ms
[853.564s][info][gc] GC(12466) Pause Cleanup 69M->69M(147M) 0.052ms
[853.565s][info][gc] GC(12466) Concurrent Mark Cycle 10.425ms
[853.630s][info][gc] GC(12467) Pause Young (Prepare Mixed) (G1 Evacuation Pause) 131M->57M(147M) 0.932ms
[853.692s][info][gc] GC(12468) Pause Young (Mixed) (G1 Evacuation Pause) 130M->56M(147M) 0.943ms
[853.770s][info][gc] GC(12469) Pause Young (Concurrent Start) (G1 Evacuation Pause) 131M->57M(147M) 1.059ms
[853.770s][info][gc] GC(12470) Concurrent Mark Cycle
[853.777s][info][gc] GC(12470) Pause Remark 65M->65M(147M) 0.451ms
[853.782s][info][gc] GC(12470) Pause Cleanup 67M->67M(147M) 0.037ms
[853.782s][info][gc] GC(12470) Concurrent Mark Cycle 11.541ms
[853.848s][info][gc] GC(12471) Pause Young (Prepare Mixed) (G1 Evacuation Pause) 132M->58M(147M) 0.882ms
[853.921s][info][gc] GC(12472) Pause Young (Mixed) (G1 Evacuation Pause) 131M->57M(147M) 1.045ms
[853.993s][info][gc] GC(12473) Pause Young (Concurrent Start) (G1 Evacuation Pause) 133M->58M(147M) 0.881ms
[853.993s][info][gc] GC(12474) Concurrent Mark Cycle
[854.000s][info][gc] GC(12474) Pause Remark 67M->67M(147M) 0.393ms
[854.004s][info][gc] GC(12474) Pause Cleanup 72M->72M(147M) 0.058ms
[854.004s][info][gc] GC(12474) Concurrent Mark Cycle 11.329ms
[854.067s][info][gc] GC(12475) Pause Young (Prepare Mixed) (G1 Evacuation Pause) 130M->58M(147M) 0.855ms
[854.144s][info][gc] GC(12476) Pause Young (Mixed) (G1 Evacuation Pause) 131M->59M(147M) 0.948ms
[854.207s][info][gc] GC(12477) Pause Young (Normal) (G1 Evacuation Pause) 131M->59M(147M) 1.086ms
[854.281s][info][gc] GC(12478) Pause Young (Concurrent Start) (G1 Evacuation Pause) 132M->60M(147M) 0.946ms
[854.281s][info][gc] GC(12479) Concurrent Mark Cycle
[854.289s][info][gc] GC(12479) Pause Remark 65M->65M(147M) 0.490ms
[854.294s][info][gc] GC(12479) Pause Cleanup 70M->70M(147M) 0.041ms
[854.294s][info][gc] GC(12479) Concurrent Mark Cycle 13.718ms
[854.358s][info][gc] GC(12480) Pause Young (Prepare Mixed) (G1 Evacuation Pause) 132M->60M(147M) 0.995ms
[854.424s][info][gc] GC(12481) Pause Young (Mixed) (G1 Evacuation Pause) 132M->60M(147M) 0.957ms
[854.501s][info][gc] GC(12482) Pause Young (Concurrent Start) (G1 Evacuation Pause) 131M->61M(147M) 0.918ms
[854.501s][info][gc] GC(12483) Concurrent Mark Cycle
[854.510s][info][gc] GC(12483) Pause Remark 69M->69M(147M) 0.421ms
[854.514s][info][gc] GC(12483) Pause Cleanup 76M->76M(147M) 0.037ms
[854.514s][info][gc] GC(12483) Concurrent Mark Cycle 13.097ms
[854.575s][info][gc] GC(12484) Pause Young (Prepare Mixed) (G1 Evacuation Pause) 132M->62M(147M) 0.857ms
[854.637s][info][gc] GC(12485) Pause Young (Mixed) (G1 Evacuation Pause) 132M->62M(147M) 0.960ms
[854.711s][info][gc] GC(12486) Pause Young (Concurrent Start) (G1 Evacuation Pause) 132M->63M(147M) 0.877ms
[854.711s][info][gc] GC(12487) Concurrent Mark Cycle
[854.719s][info][gc] GC(12487) Pause Remark 69M->69M(147M) 0.397ms
[854.724s][info][gc] GC(12487) Pause Cleanup 74M->74M(147M) 0.032ms
[854.724s][info][gc] GC(12487) Concurrent Mark Cycle 12.929ms
[854.784s][info][gc] GC(12488) Pause Young (Prepare Mixed) (G1 Evacuation Pause) 132M->63M(147M) 0.884ms
[854.843s][info][gc] GC(12489) Pause Young (Mixed) (G1 Evacuation Pause) 132M->64M(147M) 0.904ms
[854.918s][info][gc] GC(12490) Pause Young (Concurrent Start) (G1 Evacuation Pause) 131M->65M(147M) 0.900ms
[854.918s][info][gc] GC(12491) Concurrent Mark Cycle
[854.926s][info][gc] GC(12491) Pause Remark 75M->75M(147M) 0.397ms
[854.931s][info][gc] GC(12491) Pause Cleanup 82M->82M(147M) 0.026ms
[854.931s][info][gc] GC(12491) Concurrent Mark Cycle 13.463ms
[854.984s][info][gc] GC(12492) Pause Young (Prepare Mixed) (G1 Evacuation Pause) 131M->64M(147M) 0.834ms
[855.044s][info][gc] GC(12493) Pause Young (Mixed) (G1 Evacuation Pause) 131M->64M(147M) 0.978ms
[855.111s][info][gc] GC(12494) Pause Young (Normal) (G1 Evacuation Pause) 132M->64M(147M) 0.817ms
[855.168s][info][gc] GC(12495) Pause Young (Concurrent Start) (G1 Evacuation Pause) 131M->65M(147M) 0.801ms
[855.168s][info][gc] GC(12496) Concurrent Mark Cycle
[855.176s][info][gc] GC(12496) Pause Remark 68M->68M(147M) 0.372ms
[855.180s][info][gc] GC(12496) Pause Cleanup 69M->69M(147M) 0.058ms
[855.180s][info][gc] GC(12496) Concurrent Mark Cycle 12.198ms
[855.243s][info][gc] GC(12497) Pause Young (Prepare Mixed) (G1 Evacuation Pause) 132M->65M(147M) 0.792ms
[855.314s][info][gc] GC(12498) Pause Young (Mixed) (G1 Evacuation Pause) 132M->66M(147M) 0.898ms
[855.372s][info][gc] GC(12499) Pause Young (Concurrent Start) (G1 Evacuation Pause) 130M->67M(147M) 0.892ms
[855.372s][info][gc] GC(12500) Concurrent Mark Cycle
[855.380s][info][gc] GC(12500) Pause Remark 77M->77M(147M) 0.380ms
[855.385s][info][gc] GC(12500) Pause Cleanup 84M->84M(147M) 0.037ms
[855.385s][info][gc] GC(12500) Concurrent Mark Cycle 12.863ms
[855.438s][info][gc] GC(12501) Pause Young (Prepare Mixed) (G1 Evacuation Pause) 132M->67M(147M) 0.800ms
[855.511s][info][gc] GC(12502) Pause Young (Mixed) (G1 Evacuation Pause) 133M->67M(147M) 0.867ms
[855.571s][info][gc] GC(12503) Pause Young (Concurrent Start) (G1 Evacuation Pause) 133M->68M(147M) 0.775ms
[855.571s][info][gc] GC(12504) Concurrent Mark Cycle
[855.579s][info][gc] GC(12504) Pause Remark 76M->76M(147M) 0.390ms
[855.584s][info][gc] GC(12504) Pause Cleanup 83M->83M(147M) 0.034ms
[855.584s][info][gc] GC(12504) Concurrent Mark Cycle 13.028ms
[855.641s][info][gc] GC(12505) Pause Young (Prepare Mixed) (G1 Evacuation Pause) 133M->69M(147M) 0.976ms
[855.698s][info][gc] GC(12506) Pause Young (Mixed) (G1 Evacuation Pause) 132M->69M(147M) 0.921ms
[855.769s][info][gc] GC(12507) Pause Young (Concurrent Start) (G1 Evacuation Pause) 133M->70M(147M) 0.863ms
[855.769s][info][gc] GC(12508) Concurrent Mark Cycle
[855.778s][info][gc] GC(12508) Pause Remark 80M->80M(147M) 0.381ms
[855.783s][info][gc] GC(12508) Pause Cleanup 84M->84M(147M) 0.029ms
[855.783s][info][gc] GC(12508) Concurrent Mark Cycle 14.281ms
[855.837s][info][gc] GC(12509) Pause Young (Prepare Mixed) (G1 Evacuation Pause) 132M->70M(147M) 0.931ms
[855.891s][info][gc] GC(12510) Pause Young (Mixed) (G1 Evacuation Pause) 131M->71M(147M) 0.824ms
[855.958s][info][gc] GC(12511) Pause Young (Concurrent Start) (G1 Evacuation Pause) 133M->71M(147M) 0.827ms
[855.958s][info][gc] GC(12512) Concurrent Mark Cycle
[855.966s][info][gc] GC(12512) Pause Remark 83M->83M(147M) 0.383ms
[855.972s][info][gc] GC(12512) Pause Cleanup 89M->89M(147M) 0.038ms
[855.972s][info][gc] GC(12512) Concurrent Mark Cycle 13.903ms
[856.012s][info][gc] GC(12513) Pause Young (Prepare Mixed) (G1 Evacuation Pause) 131M->71M(147M) 0.861ms
[856.136s][info][gc] GC(12514) Pause Young (Mixed) (G1 Evacuation Pause) 132M->73M(147M) 1.023ms
[856.187s][info][gc] GC(12515) Pause Young (Concurrent Start) (G1 Evacuation Pause) 130M->73M(147M) 1.126ms
[856.187s][info][gc] GC(12516) Concurrent Mark Cycle
[856.191s][info][gc] GC(12516) Pause Remark 79M->52M(147M) 0.468ms
[856.193s][info][gc] GC(12516) Pause Cleanup 54M->54M(147M) 0.052ms
[856.193s][info][gc] GC(12516) Concurrent Mark Cycle 6.097ms
[856.253s][info][gc] GC(12517) Pause Young (Prepare Mixed) (G1 Evacuation Pause) 105M->47M(147M) 0.864ms
[856.335s][info][gc] GC(12518) Pause Young (Mixed) (G1 Evacuation Pause) 130M->39M(147M) 1.006ms
[856.406s][info][gc] GC(12519) Pause Young (Normal) (G1 Evacuation Pause) 121M->40M(147M) 0.909ms
[856.492s][info][gc] GC(12520) Pause Young (Normal) (G1 Evacuation Pause) 122M->41M(147M) 0.962ms
[856.570s][info][gc] GC(12521) Pause Young (Normal) (G1 Evacuation Pause) 122M->42M(147M) 0.936ms
[856.652s][info][gc] GC(12522) Pause Young (Normal) (G1 Evacuation Pause) 124M->42M(147M) 0.817ms
[856.738s][info][gc] GC(12523) Pause Young (Normal) (G1 Evacuation Pause) 124M->43M(147M) 0.930ms
[856.811s][info][gc] GC(12524) Pause Young (Normal) (G1 Evacuation Pause) 124M->44M(147M) 0.897ms
[856.893s][info][gc] GC(12525) Pause Young (Normal) (G1 Evacuation Pause) 125M->44M(147M) 0.866ms
[856.981s][info][gc] GC(12526) Pause Young (Normal) (G1 Evacuation Pause) 125M->45M(147M) 0.937ms
[857.064s][info][gc] GC(12527) Pause Young (Normal) (G1 Evacuation Pause) 126M->46M(147M) 0.947ms
[857.136s][info][gc] GC(12528) Pause Young (Normal) (G1 Evacuation Pause) 128M->47M(147M) 0.966ms
[857.222s][info][gc] GC(12529) Pause Young (Normal) (G1 Evacuation Pause) 128M->47M(147M) 0.951ms
[857.303s][info][gc] GC(12530) Pause Young (Normal) (G1 Evacuation Pause) 128M->48M(147M) 1.004ms
[857.385s][info][gc] GC(12531) Pause Young (Normal) (G1 Evacuation Pause) 129M->48M(147M) 0.943ms
[857.462s][info][gc] GC(12532) Pause Young (Normal) (G1 Evacuation Pause) 129M->49M(147M) 0.794ms
[857.545s][info][gc] GC(12533) Pause Young (Normal) (G1 Evacuation Pause) 131M->50M(147M) 0.962ms
[857.627s][info][gc] GC(12534) Pause Young (Normal) (G1 Evacuation Pause) 129M->50M(147M) 0.944ms
[857.707s][info][gc] GC(12535) Pause Young (Normal) (G1 Evacuation Pause) 130M->51M(147M) 0.886ms
[857.790s][info][gc] GC(12536) Pause Young (Normal) (G1 Evacuation Pause) 130M->52M(147M) 0.904ms
[857.858s][info][gc] GC(12537) Pause Young (Normal) (G1 Evacuation Pause) 131M->52M(147M) 0.854ms
[857.940s][info][gc] GC(12538) Pause Young (Normal) (G1 Evacuation Pause) 130M->53M(147M) 0.897ms
[858.013s][info][gc] GC(12539) Pause Young (Normal) (G1 Evacuation Pause) 131M->53M(147M) 0.830ms
[858.100s][info][gc] GC(12540) Pause Young (Normal) (G1 Evacuation Pause) 132M->55M(147M) 0.886ms
[858.166s][info][gc] GC(12541) Pause Young (Normal) (G1 Evacuation Pause) 131M->55M(147M) 0.851ms
[858.247s][info][gc] GC(12542) Pause Young (Normal) (G1 Evacuation Pause) 131M->55M(147M) 0.855ms
[858.323s][info][gc] GC(12543) Pause Young (Concurrent Start) (G1 Evacuation Pause) 130M->57M(147M) 0.897ms
[858.323s][info][gc] GC(12544) Concurrent Mark Cycle
[858.329s][info][gc] GC(12544) Pause Remark 65M->63M(147M) 0.386ms
[858.332s][info][gc] GC(12544) Pause Cleanup 68M->68M(147M) 0.060ms
[858.333s][info][gc] GC(12544) Concurrent Mark Cycle 9.793ms
[858.387s][info][gc] GC(12545) Pause Young (Prepare Mixed) (G1 Evacuation Pause) 129M->54M(147M) 0.910ms
[858.470s][info][gc] GC(12546) Pause Young (Mixed) (G1 Evacuation Pause) 132M->54M(147M) 0.902ms
[858.551s][info][gc] GC(12547) Pause Young (Normal) (G1 Evacuation Pause) 130M->55M(147M) 0.909ms
[858.622s][info][gc] GC(12548) Pause Young (Normal) (G1 Evacuation Pause) 131M->55M(147M) 0.965ms
[858.694s][info][gc] GC(12549) Pause Young (Concurrent Start) (G1 Evacuation Pause) 132M->56M(147M) 0.866ms
[858.694s][info][gc] GC(12550) Concurrent Mark Cycle
[858.701s][info][gc] GC(12550) Pause Remark 61M->61M(147M) 0.381ms
[858.705s][info][gc] GC(12550) Pause Cleanup 62M->62M(147M) 0.038ms
[858.705s][info][gc] GC(12550) Concurrent Mark Cycle 10.759ms
[858.780s][info][gc] GC(12551) Pause Young (Prepare Mixed) (G1 Evacuation Pause) 131M->56M(147M) 0.966ms
[858.857s][info][gc] GC(12552) Pause Young (Mixed) (G1 Evacuation Pause) 130M->56M(147M) 1.235ms
[858.938s][info][gc] GC(12553) Pause Young (Concurrent Start) (G1 Evacuation Pause) 131M->56M(147M) 1.001ms
[858.938s][info][gc] GC(12554) Concurrent Mark Cycle
[858.945s][info][gc] GC(12554) Pause Remark 64M->64M(147M) 0.377ms
[858.950s][info][gc] GC(12554) Pause Cleanup 69M->69M(147M) 0.029ms
[858.950s][info][gc] GC(12554) Concurrent Mark Cycle 11.889ms
[859.003s][info][gc] GC(12555) Pause Young (Prepare Mixed) (G1 Evacuation Pause) 130M->57M(147M) 0.828ms
[859.079s][info][gc] GC(12556) Pause Young (Mixed) (G1 Evacuation Pause) 132M->56M(147M) 0.962ms
[859.157s][info][gc] GC(12557) Pause Young (Concurrent Start) (G1 Evacuation Pause) 131M->57M(147M) 0.984ms
[859.157s][info][gc] GC(12558) Concurrent Mark Cycle
[859.164s][info][gc] GC(12558) Pause Remark 64M->64M(147M) 0.366ms
[859.169s][info][gc] GC(12558) Pause Cleanup 71M->71M(147M) 0.037ms
[859.169s][info][gc] GC(12558) Concurrent Mark Cycle 12.217ms
[859.225s][info][gc] GC(12559) Pause Young (Prepare Mixed) (G1 Evacuation Pause) 132M->57M(147M) 0.845ms
[859.305s][info][gc] GC(12560) Pause Young (Mixed) (G1 Evacuation Pause) 130M->57M(147M) 1.101ms
[859.377s][info][gc] GC(12561) Pause Young (Concurrent Start) (G1 Evacuation Pause) 130M->58M(147M) 0.905ms
[859.377s][info][gc] GC(12562) Concurrent Mark Cycle
[859.384s][info][gc] GC(12562) Pause Remark 66M->66M(147M) 0.422ms
[859.390s][info][gc] GC(12562) Pause Cleanup 74M->74M(147M) 0.058ms
[859.390s][info][gc] GC(12562) Concurrent Mark Cycle 13.067ms
[859.453s][info][gc] GC(12563) Pause Young (Prepare Mixed) (G1 Evacuation Pause) 132M->58M(147M) 0.872ms
[859.520s][info][gc] GC(12564) Pause Young (Mixed) (G1 Evacuation Pause) 131M->58M(147M) 0.947ms
[859.598s][info][gc] GC(12565) Pause Young (Concurrent Start) (G1 Evacuation Pause) 132M->58M(147M) 0.866ms
[859.598s][info][gc] GC(12566) Concurrent Mark Cycle
[859.606s][info][gc] GC(12566) Pause Remark 64M->64M(147M) 0.416ms
[859.611s][info][gc] GC(12566) Pause Cleanup 71M->71M(147M) 0.031ms
[859.611s][info][gc] GC(12566) Concurrent Mark Cycle 13.102ms
[859.676s][info][gc] GC(12567) Pause Young (Prepare Mixed) (G1 Evacuation Pause) 132M->59M(147M) 0.946ms
[859.738s][info][gc] GC(12568) Pause Young (Mixed) (G1 Evacuation Pause) 130M->59M(147M) 0.964ms
[859.820s][info][gc] GC(12569) Pause Young (Concurrent Start) (G1 Evacuation Pause) 131M->60M(147M) 0.843ms
[859.820s][info][gc] GC(12570) Concurrent Mark Cycle
[859.828s][info][gc] GC(12570) Pause Remark 69M->69M(147M) 0.395ms
[859.834s][info][gc] GC(12570) Pause Cleanup 77M->77M(147M) 0.055ms
[859.834s][info][gc] GC(12570) Concurrent Mark Cycle 14.240ms
[859.895s][info][gc] GC(12571) Pause Young (Prepare Mixed) (G1 Evacuation Pause) 130M->61M(147M) 0.977ms
[859.958s][info][gc] GC(12572) Pause Young (Mixed) (G1 Evacuation Pause) 131M->61M(147M) 0.934ms
[860.029s][info][gc] GC(12573) Pause Young (Concurrent Start) (G1 Evacuation Pause) 132M->61M(147M) 0.784ms
[860.029s][info][gc] GC(12574) Concurrent Mark Cycle
[860.037s][info][gc] GC(12574) Pause Remark 67M->67M(147M) 0.427ms
[860.044s][info][gc] GC(12574) Pause Cleanup 72M->72M(147M) 0.052ms
[860.044s][info][gc] GC(12574) Concurrent Mark Cycle 14.476ms
[860.105s][info][gc] GC(12575) Pause Young (Prepare Mixed) (G1 Evacuation Pause) 132M->62M(147M) 0.880ms
[860.170s][info][gc] GC(12576) Pause Young (Mixed) (G1 Evacuation Pause) 132M->62M(147M) 1.007ms
[860.239s][info][gc] GC(12577) Pause Young (Concurrent Start) (G1 Evacuation Pause) 132M->63M(147M) 0.903ms
[860.239s][info][gc] GC(12578) Concurrent Mark Cycle
[860.248s][info][gc] GC(12578) Pause Remark 69M->69M(147M) 0.430ms
[860.254s][info][gc] GC(12578) Pause Cleanup 76M->76M(147M) 0.038ms
[860.254s][info][gc] GC(12578) Concurrent Mark Cycle 14.895ms
[860.303s][info][gc] GC(12579) Pause Young (Prepare Mixed) (G1 Evacuation Pause) 132M->63M(147M) 0.768ms
[860.372s][info][gc] GC(12580) Pause Young (Mixed) (G1 Evacuation Pause) 132M->63M(147M) 0.839ms
[860.444s][info][gc] GC(12581) Pause Young (Concurrent Start) (G1 Evacuation Pause) 132M->64M(147M) 0.888ms
[860.444s][info][gc] GC(12582) Concurrent Mark Cycle
[860.453s][info][gc] GC(12582) Pause Remark 74M->74M(147M) 0.380ms
[860.459s][info][gc] GC(12582) Pause Cleanup 80M->80M(147M) 0.029ms
[860.459s][info][gc] GC(12582) Concurrent Mark Cycle 15.544ms
[860.508s][info][gc] GC(12583) Pause Young (Prepare Mixed) (G1 Evacuation Pause) 130M->65M(147M) 0.845ms
[860.574s][info][gc] GC(12584) Pause Young (Mixed) (G1 Evacuation Pause) 132M->66M(147M) 0.904ms
[860.644s][info][gc] GC(12585) Pause Young (Concurrent Start) (G1 Evacuation Pause) 131M->66M(147M) 0.909ms
[860.644s][info][gc] GC(12586) Concurrent Mark Cycle
[860.653s][info][gc] GC(12586) Pause Remark 77M->77M(147M) 0.423ms
[860.660s][info][gc] GC(12586) Pause Cleanup 86M->86M(147M) 0.028ms
[860.661s][info][gc] GC(12586) Concurrent Mark Cycle 16.304ms
[860.706s][info][gc] GC(12587) Pause Young (Prepare Mixed) (G1 Evacuation Pause) 131M->66M(147M) 0.780ms
[860.774s][info][gc] GC(12588) Pause Young (Mixed) (G1 Evacuation Pause) 132M->68M(147M) 0.876ms
[860.838s][info][gc] GC(12589) Pause Young (Concurrent Start) (G1 Evacuation Pause) 132M->68M(147M) 0.826ms
[860.838s][info][gc] GC(12590) Concurrent Mark Cycle
[860.847s][info][gc] GC(12590) Pause Remark 74M->74M(147M) 0.399ms
[860.855s][info][gc] GC(12590) Pause Cleanup 82M->82M(147M) 0.036ms
[860.855s][info][gc] GC(12590) Concurrent Mark Cycle 17.248ms
[860.900s][info][gc] GC(12591) Pause Young (Prepare Mixed) (G1 Evacuation Pause) 133M->68M(147M) 0.791ms
[860.968s][info][gc] GC(12592) Pause Young (Mixed) (G1 Evacuation Pause) 131M->69M(147M) 1.213ms
[861.029s][info][gc] GC(12593) Pause Young (Concurrent Start) (G1 Evacuation Pause) 132M->69M(147M) 0.809ms
[861.029s][info][gc] GC(12594) Concurrent Mark Cycle
[861.039s][info][gc] GC(12594) Pause Remark 77M->77M(147M) 0.416ms
[861.047s][info][gc] GC(12594) Pause Cleanup 82M->82M(147M) 0.029ms
[861.047s][info][gc] GC(12594) Concurrent Mark Cycle 18.139ms
[861.095s][info][gc] GC(12595) Pause Young (Prepare Mixed) (G1 Evacuation Pause) 133M->70M(147M) 0.787ms
[861.163s][info][gc] GC(12596) Pause Young (Mixed) (G1 Evacuation Pause) 132M->70M(147M) 0.863ms
[861.214s][info][gc] GC(12597) Pause Young (Concurrent Start) (G1 Evacuation Pause) 131M->71M(147M) 0.852ms
[861.214s][info][gc] GC(12598) Concurrent Mark Cycle
[861.225s][info][gc] GC(12598) Pause Remark 82M->82M(147M) 0.401ms
[861.232s][info][gc] GC(12598) Pause Cleanup 87M->87M(147M) 0.028ms
[861.232s][info][gc] GC(12598) Concurrent Mark Cycle 17.898ms
[861.282s][info][gc] GC(12599) Pause Young (Prepare Mixed) (G1 Evacuation Pause) 132M->72M(147M) 0.860ms
[861.341s][info][gc] GC(12600) Pause Young (Mixed) (G1 Evacuation Pause) 132M->70M(147M) 1.058ms
[861.472s][info][gc] GC(12601) Pause Young (Concurrent Start) (G1 Evacuation Pause) 134M->72M(147M) 0.943ms
[861.472s][info][gc] GC(12602) Concurrent Mark Cycle
[861.475s][info][gc] GC(12602) Pause Remark 74M->43M(140M) 0.394ms
[861.476s][info][gc] GC(12602) Pause Cleanup 45M->45M(140M) 0.059ms
[861.477s][info][gc] GC(12602) Concurrent Mark Cycle 4.795ms
[861.528s][info][gc] GC(12603) Pause Young (Prepare Mixed) (G1 Evacuation Pause) 102M->43M(140M) 0.879ms
[861.610s][info][gc] GC(12604) Pause Young (Mixed) (G1 Evacuation Pause) 121M->39M(140M) 0.892ms
[861.687s][info][gc] GC(12605) Pause Young (Normal) (G1 Evacuation Pause) 117M->39M(140M) 0.896ms
[861.765s][info][gc] GC(12606) Pause Young (Normal) (G1 Evacuation Pause) 117M->41M(140M) 0.943ms
[861.835s][info][gc] GC(12607) Pause Young (Normal) (G1 Evacuation Pause) 118M->41M(140M) 0.942ms
[861.920s][info][gc] GC(12608) Pause Young (Normal) (G1 Evacuation Pause) 118M->41M(140M) 0.889ms
[862.000s][info][gc] GC(12609) Pause Young (Normal) (G1 Evacuation Pause) 120M->42M(140M) 0.910ms
[862.081s][info][gc] GC(12610) Pause Young (Normal) (G1 Evacuation Pause) 120M->43M(140M) 0.911ms
[862.151s][info][gc] GC(12611) Pause Young (Normal) (G1 Evacuation Pause) 120M->44M(140M) 0.972ms
[862.231s][info][gc] GC(12612) Pause Young (Normal) (G1 Evacuation Pause) 121M->44M(140M) 0.921ms
[862.312s][info][gc] GC(12613) Pause Young (Normal) (G1 Evacuation Pause) 121M->45M(140M) 0.940ms
[862.391s][info][gc] GC(12614) Pause Young (Normal) (G1 Evacuation Pause) 122M->45M(140M) 0.859ms
[862.464s][info][gc] GC(12615) Pause Young (Normal) (G1 Evacuation Pause) 123M->46M(140M) 0.880ms
[862.542s][info][gc] GC(12616) Pause Young (Normal) (G1 Evacuation Pause) 123M->47M(140M) 0.923ms
[862.625s][info][gc] GC(12617) Pause Young (Normal) (G1 Evacuation Pause) 124M->48M(140M) 0.990ms
[862.702s][info][gc] GC(12618) Pause Young (Normal) (G1 Evacuation Pause) 125M->48M(140M) 1.098ms
[862.775s][info][gc] GC(12619) Pause Young (Normal) (G1 Evacuation Pause) 126M->49M(140M) 1.180ms
[862.855s][info][gc] GC(12620) Pause Young (Normal) (G1 Evacuation Pause) 124M->50M(140M) 1.085ms
[862.935s][info][gc] GC(12621) Pause Young (Normal) (G1 Evacuation Pause) 125M->51M(140M) 1.037ms
[862.996s][info][gc] GC(12622) Pause Young (Normal) (G1 Evacuation Pause) 125M->50M(140M) 0.779ms
[863.075s][info][gc] GC(12623) Pause Young (Normal) (G1 Evacuation Pause) 125M->52M(140M) 0.865ms
[863.147s][info][gc] GC(12624) Pause Young (Normal) (G1 Evacuation Pause) 125M->52M(140M) 0.911ms
[863.217s][info][gc] GC(12625) Pause Young (Normal) (G1 Evacuation Pause) 126M->52M(140M) 0.822ms
[863.289s][info][gc] GC(12626) Pause Young (Normal) (G1 Evacuation Pause) 126M->53M(140M) 0.872ms
[863.367s][info][gc] GC(12627) Pause Young (Concurrent Start) (G1 Evacuation Pause) 126M->54M(140M) 0.899ms
[863.367s][info][gc] GC(12628) Concurrent Mark Cycle
[863.373s][info][gc] GC(12628) Pause Remark 63M->59M(140M) 0.439ms
[863.376s][info][gc] GC(12628) Pause Cleanup 60M->60M(140M) 0.038ms
[863.377s][info][gc] GC(12628) Concurrent Mark Cycle 9.542ms
[863.441s][info][gc] GC(12629) Pause Young (Prepare Mixed) (G1 Evacuation Pause) 122M->50M(140M) 0.860ms
[863.511s][info][gc] GC(12630) Pause Young (Mixed) (G1 Evacuation Pause) 126M->49M(140M) 0.819ms
[863.588s][info][gc] GC(12631) Pause Young (Normal) (G1 Evacuation Pause) 124M->50M(140M) 1.024ms
[863.662s][info][gc] GC(12632) Pause Young (Normal) (G1 Evacuation Pause) 125M->50M(140M) 0.892ms
[863.735s][info][gc] GC(12633) Pause Young (Normal) (G1 Evacuation Pause) 126M->51M(140M) 0.839ms
[863.809s][info][gc] GC(12634) Pause Young (Normal) (G1 Evacuation Pause) 125M->51M(140M) 0.905ms
[863.883s][info][gc] GC(12635) Pause Young (Normal) (G1 Evacuation Pause) 124M->52M(140M) 0.942ms
[863.955s][info][gc] GC(12636) Pause Young (Normal) (G1 Evacuation Pause) 126M->53M(140M) 0.894ms
[864.025s][info][gc] GC(12637) Pause Young (Concurrent Start) (G1 Evacuation Pause) 126M->53M(140M) 0.909ms
[864.025s][info][gc] GC(12638) Concurrent Mark Cycle
[864.032s][info][gc] GC(12638) Pause Remark 61M->61M(140M) 0.383ms
[864.036s][info][gc] GC(12638) Pause Cleanup 67M->67M(140M) 0.038ms
[864.036s][info][gc] GC(12638) Concurrent Mark Cycle 10.858ms
[864.099s][info][gc] GC(12639) Pause Young (Prepare Mixed) (G1 Evacuation Pause) 126M->54M(140M) 0.787ms
[864.178s][info][gc] GC(12640) Pause Young (Mixed) (G1 Evacuation Pause) 126M->54M(140M) 0.985ms
[864.241s][info][gc] GC(12641) Pause Young (Concurrent Start) (G1 Evacuation Pause) 125M->54M(140M) 0.904ms
[864.241s][info][gc] GC(12642) Concurrent Mark Cycle
[864.248s][info][gc] GC(12642) Pause Remark 63M->63M(140M) 0.376ms
[864.253s][info][gc] GC(12642) Pause Cleanup 67M->67M(140M) 0.040ms
[864.253s][info][gc] GC(12642) Concurrent Mark Cycle 11.766ms
[864.317s][info][gc] GC(12643) Pause Young (Prepare Mixed) (G1 Evacuation Pause) 124M->55M(140M) 0.856ms
[864.386s][info][gc] GC(12644) Pause Young (Mixed) (G1 Evacuation Pause) 126M->55M(140M) 0.892ms
[864.449s][info][gc] GC(12645) Pause Young (Concurrent Start) (G1 Evacuation Pause) 124M->55M(140M) 0.867ms
[864.449s][info][gc] GC(12646) Concurrent Mark Cycle
[864.456s][info][gc] GC(12646) Pause Remark 64M->64M(140M) 0.381ms
[864.461s][info][gc] GC(12646) Pause Cleanup 67M->67M(140M) 0.056ms
[864.461s][info][gc] GC(12646) Concurrent Mark Cycle 12.231ms
[864.522s][info][gc] GC(12647) Pause Young (Prepare Mixed) (G1 Evacuation Pause) 125M->56M(140M) 0.904ms
[864.594s][info][gc] GC(12648) Pause Young (Mixed) (G1 Evacuation Pause) 126M->56M(140M) 0.889ms
[864.658s][info][gc] GC(12649) Pause Young (Concurrent Start) (G1 Evacuation Pause) 126M->57M(140M) 0.868ms
[864.658s][info][gc] GC(12650) Concurrent Mark Cycle
[864.665s][info][gc] GC(12650) Pause Remark 66M->66M(140M) 0.388ms
[864.671s][info][gc] GC(12650) Pause Cleanup 72M->72M(140M) 0.056ms
[864.671s][info][gc] GC(12650) Concurrent Mark Cycle 12.908ms
[864.730s][info][gc] GC(12651) Pause Young (Prepare Mixed) (G1 Evacuation Pause) 126M->58M(140M) 0.823ms
[864.796s][info][gc] GC(12652) Pause Young (Mixed) (G1 Evacuation Pause) 126M->58M(140M) 0.892ms
[864.860s][info][gc] GC(12653) Pause Young (Concurrent Start) (G1 Evacuation Pause) 126M->58M(140M) 0.847ms
[864.860s][info][gc] GC(12654) Concurrent Mark Cycle
[864.867s][info][gc] GC(12654) Pause Remark 66M->66M(140M) 0.362ms
[864.873s][info][gc] GC(12654) Pause Cleanup 74M->74M(140M) 0.039ms
[864.873s][info][gc] GC(12654) Concurrent Mark Cycle 13.556ms
[864.929s][info][gc] GC(12655) Pause Young (Prepare Mixed) (G1 Evacuation Pause) 126M->59M(140M) 0.804ms
[865.003s][info][gc] GC(12656) Pause Young (Mixed) (G1 Evacuation Pause) 126M->59M(140M) 1.002ms
[865.068s][info][gc] GC(12657) Pause Young (Concurrent Start) (G1 Evacuation Pause) 126M->60M(140M) 0.827ms
[865.068s][info][gc] GC(12658) Concurrent Mark Cycle
[865.076s][info][gc] GC(12658) Pause Remark 69M->69M(140M) 0.380ms
[865.082s][info][gc] GC(12658) Pause Cleanup 75M->75M(140M) 0.064ms
[865.082s][info][gc] GC(12658) Concurrent Mark Cycle 13.842ms
[865.134s][info][gc] GC(12659) Pause Young (Prepare Mixed) (G1 Evacuation Pause) 126M->60M(140M) 0.913ms
[865.192s][info][gc] GC(12660) Pause Young (Mixed) (G1 Evacuation Pause) 125M->61M(140M) 0.950ms
[865.266s][info][gc] GC(12661) Pause Young (Concurrent Start) (G1 Evacuation Pause) 126M->61M(140M) 0.820ms
[865.266s][info][gc] GC(12662) Concurrent Mark Cycle
[865.274s][info][gc] GC(12662) Pause Remark 73M->73M(140M) 0.376ms
[865.280s][info][gc] GC(12662) Pause Cleanup 77M->77M(140M) 0.029ms
[865.281s][info][gc] GC(12662) Concurrent Mark Cycle 14.667ms
[865.331s][info][gc] GC(12663) Pause Young (Prepare Mixed) (G1 Evacuation Pause) 125M->62M(140M) 0.795ms
[865.392s][info][gc] GC(12664) Pause Young (Mixed) (G1 Evacuation Pause) 127M->62M(140M) 1.004ms
[865.452s][info][gc] GC(12665) Pause Young (Concurrent Start) (G1 Evacuation Pause) 125M->63M(140M) 0.762ms
[865.453s][info][gc] GC(12666) Concurrent Mark Cycle
[865.461s][info][gc] GC(12666) Pause Remark 75M->75M(140M) 0.386ms
[865.467s][info][gc] GC(12666) Pause Cleanup 80M->80M(140M) 0.022ms
[865.467s][info][gc] GC(12666) Concurrent Mark Cycle 14.743ms
[865.510s][info][gc] GC(12667) Pause Young (Prepare Mixed) (G1 Evacuation Pause) 126M->62M(140M) 0.681ms
[865.580s][info][gc] GC(12668) Pause Young (Mixed) (G1 Evacuation Pause) 128M->63M(140M) 0.794ms
[865.644s][info][gc] GC(12669) Pause Young (Concurrent Start) (G1 Evacuation Pause) 125M->64M(140M) 0.858ms
[865.644s][info][gc] GC(12670) Concurrent Mark Cycle
[865.652s][info][gc] GC(12670) Pause Remark 74M->74M(140M) 0.401ms
[865.659s][info][gc] GC(12670) Pause Cleanup 79M->79M(140M) 0.048ms
[865.659s][info][gc] GC(12670) Concurrent Mark Cycle 15.032ms
[865.702s][info][gc] GC(12671) Pause Young (Prepare Mixed) (G1 Evacuation Pause) 125M->64M(140M) 0.781ms
[865.765s][info][gc] GC(12672) Pause Young (Mixed) (G1 Evacuation Pause) 125M->65M(140M) 0.887ms
[865.820s][info][gc] GC(12673) Pause Young (Concurrent Start) (G1 Evacuation Pause) 126M->65M(140M) 0.868ms
[865.820s][info][gc] GC(12674) Concurrent Mark Cycle
[865.829s][info][gc] GC(12674) Pause Remark 76M->76M(140M) 0.382ms
[865.835s][info][gc] GC(12674) Pause Cleanup 79M->79M(140M) 0.034ms
[865.835s][info][gc] GC(12674) Concurrent Mark Cycle 15.163ms
[865.884s][info][gc] GC(12675) Pause Young (Prepare Mixed) (G1 Evacuation Pause) 125M->66M(140M) 0.861ms
[865.950s][info][gc] GC(12676) Pause Young (Mixed) (G1 Evacuation Pause) 126M->66M(140M) 1.854ms
[866.011s][info][gc] GC(12677) Pause Young (Concurrent Start) (G1 Evacuation Pause) 125M->67M(140M) 0.854ms
[866.011s][info][gc] GC(12678) Concurrent Mark Cycle
[866.018s][info][gc] GC(12678) Pause Remark 75M->75M(140M) 0.400ms
[866.024s][info][gc] GC(12678) Pause Cleanup 81M->81M(140M) 0.034ms
[866.024s][info][gc] GC(12678) Concurrent Mark Cycle 13.210ms
[866.080s][info][gc] GC(12679) Pause Young (Normal) (G1 Evacuation Pause) 126M->67M(140M) 0.884ms
[866.131s][info][gc] GC(12680) Pause Young (Concurrent Start) (G1 Evacuation Pause) 125M->67M(140M) 0.896ms
[866.131s][info][gc] GC(12681) Concurrent Mark Cycle
[866.138s][info][gc] GC(12681) Pause Remark 76M->76M(140M) 0.369ms
[866.144s][info][gc] GC(12681) Pause Cleanup 82M->82M(140M) 0.032ms
[866.144s][info][gc] GC(12681) Concurrent Mark Cycle 13.137ms
[866.191s][info][gc] GC(12682) Pause Young (Normal) (G1 Evacuation Pause) 126M->68M(140M) 0.734ms
[866.249s][info][gc] GC(12683) Pause Young (Concurrent Start) (G1 Evacuation Pause) 127M->68M(140M) 0.767ms
[866.249s][info][gc] GC(12684) Concurrent Mark Cycle
[866.257s][info][gc] GC(12684) Pause Remark 79M->79M(140M) 0.407ms
[866.262s][info][gc] GC(12684) Pause Cleanup 85M->85M(140M) 0.031ms
[866.262s][info][gc] GC(12684) Concurrent Mark Cycle 13.479ms
[866.312s][info][gc] GC(12685) Pause Young (Normal) (G1 Evacuation Pause) 126M->69M(140M) 0.771ms
[866.363s][info][gc] GC(12686) Pause Young (Concurrent Start) (G1 Evacuation Pause) 127M->69M(140M) 0.735ms
[866.363s][info][gc] GC(12687) Concurrent Mark Cycle
[866.372s][info][gc] GC(12687) Pause Remark 77M->77M(140M) 0.384ms
[866.377s][info][gc] GC(12687) Pause Cleanup 81M->81M(140M) 0.036ms
[866.377s][info][gc] GC(12687) Concurrent Mark Cycle 13.464ms
[866.425s][info][gc] GC(12688) Pause Young (Normal) (G1 Evacuation Pause) 126M->70M(140M) 0.758ms
[866.474s][info][gc] GC(12689) Pause Young (Concurrent Start) (G1 Evacuation Pause) 125M->70M(140M) 0.795ms
[866.474s][info][gc] GC(12690) Concurrent Mark Cycle
[866.482s][info][gc] GC(12690) Pause Remark 73M->73M(140M) 0.396ms
[866.487s][info][gc] GC(12690) Pause Cleanup 75M->75M(140M) 0.026ms
[866.487s][info][gc] GC(12690) Concurrent Mark Cycle 13.134ms
[866.540s][info][gc] GC(12691) Pause Young (Normal) (G1 Evacuation Pause) 128M->71M(140M) 0.709ms
[866.593s][info][gc] GC(12692) Pause Young (Concurrent Start) (G1 Evacuation Pause) 127M->70M(140M) 0.772ms
[866.593s][info][gc] GC(12693) Concurrent Mark Cycle
[866.601s][info][gc] GC(12693) Pause Remark 76M->76M(140M) 0.365ms
[866.604s][info][gc] GC(12693) Pause Cleanup 79M->79M(140M) 0.005ms
[866.604s][info][gc] GC(12693) Concurrent Mark Cycle 11.396ms
[866.651s][info][gc] GC(12694) Pause Young (Normal) (G1 Evacuation Pause) 128M->72M(140M) 0.769ms
[866.757s][info][gc] GC(12695) Pause Young (Concurrent Start) (G1 Evacuation Pause) 126M->71M(140M) 0.723ms
[866.757s][info][gc] GC(12696) Concurrent Mark Cycle
[866.760s][info][gc] GC(12696) Pause Remark 75M->48M(140M) 0.391ms
[866.761s][info][gc] GC(12696) Pause Cleanup 48M->48M(140M) 0.027ms
[866.762s][info][gc] GC(12696) Concurrent Mark Cycle 4.713ms
[866.824s][info][gc] GC(12697) Pause Young (Prepare Mixed) (G1 Evacuation Pause) 101M->46M(140M) 1.088ms
[866.901s][info][gc] GC(12698) Pause Young (Mixed) (G1 Evacuation Pause) 124M->40M(140M) 1.055ms
[866.969s][info][gc] GC(12699) Pause Young (Normal) (G1 Evacuation Pause) 117M->40M(140M) 0.900ms
[867.055s][info][gc] GC(12700) Pause Young (Normal) (G1 Evacuation Pause) 118M->41M(140M) 1.069ms
[867.128s][info][gc] GC(12701) Pause Young (Normal) (G1 Evacuation Pause) 117M->41M(140M) 0.919ms
[867.210s][info][gc] GC(12702) Pause Young (Normal) (G1 Evacuation Pause) 119M->42M(140M) 0.935ms
[867.281s][info][gc] GC(12703) Pause Young (Normal) (G1 Evacuation Pause) 119M->43M(140M) 0.969ms
[867.361s][info][gc] GC(12704) Pause Young (Normal) (G1 Evacuation Pause) 120M->44M(140M) 0.889ms
[867.435s][info][gc] GC(12705) Pause Young (Normal) (G1 Evacuation Pause) 121M->44M(140M) 0.950ms
[867.518s][info][gc] GC(12706) Pause Young (Normal) (G1 Evacuation Pause) 121M->45M(140M) 0.864ms
[867.589s][info][gc] GC(12707) Pause Young (Normal) (G1 Evacuation Pause) 122M->46M(140M) 0.942ms
[867.671s][info][gc] GC(12708) Pause Young (Normal) (G1 Evacuation Pause) 123M->46M(140M) 0.855ms
[867.746s][info][gc] GC(12709) Pause Young (Normal) (G1 Evacuation Pause) 123M->47M(140M) 0.867ms
[867.829s][info][gc] GC(12710) Pause Young (Normal) (G1 Evacuation Pause) 125M->48M(140M) 0.887ms
[867.894s][info][gc] GC(12711) Pause Young (Normal) (G1 Evacuation Pause) 125M->48M(140M) 0.845ms
[867.973s][info][gc] GC(12712) Pause Young (Normal) (G1 Evacuation Pause) 126M->49M(140M) 0.894ms
[868.049s][info][gc] GC(12713) Pause Young (Normal) (G1 Evacuation Pause) 125M->49M(140M) 0.917ms
[868.119s][info][gc] GC(12714) Pause Young (Normal) (G1 Evacuation Pause) 124M->49M(140M) 0.877ms
[868.194s][info][gc] GC(12715) Pause Young (Normal) (G1 Evacuation Pause) 125M->51M(140M) 0.842ms
[868.270s][info][gc] GC(12716) Pause Young (Normal) (G1 Evacuation Pause) 125M->52M(140M) 1.012ms
[868.343s][info][gc] GC(12717) Pause Young (Normal) (G1 Evacuation Pause) 125M->52M(140M) 0.888ms
[868.412s][info][gc] GC(12718) Pause Young (Normal) (G1 Evacuation Pause) 126M->52M(140M) 0.796ms
[868.490s][info][gc] GC(12719) Pause Young (Normal) (G1 Evacuation Pause) 126M->53M(140M) 0.883ms
[868.561s][info][gc] GC(12720) Pause Young (Concurrent Start) (G1 Evacuation Pause) 124M->54M(140M) 0.883ms
[868.561s][info][gc] GC(12721) Concurrent Mark Cycle
[868.566s][info][gc] GC(12721) Pause Remark 58M->55M(140M) 0.380ms
[868.570s][info][gc] GC(12721) Pause Cleanup 57M->57M(140M) 0.043ms
[868.570s][info][gc] GC(12721) Concurrent Mark Cycle 9.020ms
[868.626s][info][gc] GC(12722) Pause Young (Prepare Mixed) (G1 Evacuation Pause) 123M->51M(140M) 0.781ms
[868.707s][info][gc] GC(12723) Pause Young (Mixed) (G1 Evacuation Pause) 126M->51M(140M) 0.926ms
[868.782s][info][gc] GC(12724) Pause Young (Normal) (G1 Evacuation Pause) 125M->51M(140M) 0.900ms
[868.857s][info][gc] GC(12725) Pause Young (Normal) (G1 Evacuation Pause) 126M->51M(140M) 0.805ms
[868.925s][info][gc] GC(12726) Pause Young (Normal) (G1 Evacuation Pause) 125M->52M(140M) 0.899ms
[869.000s][info][gc] GC(12727) Pause Young (Normal) (G1 Evacuation Pause) 126M->53M(140M) 0.875ms
[869.071s][info][gc] GC(12728) Pause Young (Concurrent Start) (G1 Evacuation Pause) 124M->53M(140M) 0.871ms
[869.071s][info][gc] GC(12729) Concurrent Mark Cycle
[869.076s][info][gc] GC(12729) Pause Remark 59M->59M(140M) 0.394ms
[869.080s][info][gc] GC(12729) Pause Cleanup 61M->61M(140M) 0.062ms
[869.080s][info][gc] GC(12729) Concurrent Mark Cycle 9.095ms
[869.140s][info][gc] GC(12730) Pause Young (Prepare Mixed) (G1 Evacuation Pause) 126M->54M(140M) 0.865ms
[869.210s][info][gc] GC(12731) Pause Young (Mixed) (G1 Evacuation Pause) 124M->53M(140M) 0.945ms
[869.286s][info][gc] GC(12732) Pause Young (Concurrent Start) (G1 Evacuation Pause) 126M->54M(140M) 0.891ms
[869.286s][info][gc] GC(12733) Concurrent Mark Cycle
[869.293s][info][gc] GC(12733) Pause Remark 62M->62M(140M) 0.406ms
[869.297s][info][gc] GC(12733) Pause Cleanup 66M->66M(140M) 0.028ms
[869.297s][info][gc] GC(12733) Concurrent Mark Cycle 10.976ms
[869.349s][info][gc] GC(12734) Pause Young (Prepare Mixed) (G1 Evacuation Pause) 125M->54M(140M) 0.760ms
[869.422s][info][gc] GC(12735) Pause Young (Mixed) (G1 Evacuation Pause) 125M->54M(140M) 1.061ms
[869.495s][info][gc] GC(12736) Pause Young (Concurrent Start) (G1 Evacuation Pause) 126M->55M(140M) 0.877ms
[869.495s][info][gc] GC(12737) Concurrent Mark Cycle
[869.502s][info][gc] GC(12737) Pause Remark 63M->63M(140M) 0.449ms
[869.506s][info][gc] GC(12737) Pause Cleanup 69M->69M(140M) 0.053ms
[869.506s][info][gc] GC(12737) Concurrent Mark Cycle 11.636ms
[869.561s][info][gc] GC(12738) Pause Young (Prepare Mixed) (G1 Evacuation Pause) 126M->55M(140M) 0.986ms
[869.639s][info][gc] GC(12739) Pause Young (Mixed) (G1 Evacuation Pause) 126M->55M(140M) 1.250ms
[869.712s][info][gc] GC(12740) Pause Young (Concurrent Start) (G1 Evacuation Pause) 125M->56M(140M) 0.930ms
[869.713s][info][gc] GC(12741) Concurrent Mark Cycle
[869.719s][info][gc] GC(12741) Pause Remark 65M->65M(140M) 0.426ms
[869.724s][info][gc] GC(12741) Pause Cleanup 68M->68M(140M) 0.030ms
[869.724s][info][gc] GC(12741) Concurrent Mark Cycle 11.158ms
[869.774s][info][gc] GC(12742) Pause Young (Prepare Mixed) (G1 Evacuation Pause) 125M->56M(140M) 0.917ms
[869.850s][info][gc] GC(12743) Pause Young (Mixed) (G1 Evacuation Pause) 126M->55M(140M) 0.868ms
[869.925s][info][gc] GC(12744) Pause Young (Concurrent Start) (G1 Evacuation Pause) 125M->56M(140M) 0.841ms
[869.925s][info][gc] GC(12745) Concurrent Mark Cycle
[869.931s][info][gc] GC(12745) Pause Remark 62M->62M(140M) 0.377ms
[869.936s][info][gc] GC(12745) Pause Cleanup 68M->68M(140M) 0.036ms
[869.936s][info][gc] GC(12745) Concurrent Mark Cycle 11.031ms
[869.988s][info][gc] GC(12746) Pause Young (Prepare Mixed) (G1 Evacuation Pause) 124M->57M(140M) 0.914ms
[870.060s][info][gc] GC(12747) Pause Young (Mixed) (G1 Evacuation Pause) 126M->57M(140M) 0.843ms
[870.126s][info][gc] GC(12748) Pause Young (Concurrent Start) (G1 Evacuation Pause) 124M->57M(140M) 0.863ms
[870.126s][info][gc] GC(12749) Concurrent Mark Cycle
[870.132s][info][gc] GC(12749) Pause Remark 60M->60M(140M) 0.414ms
[870.138s][info][gc] GC(12749) Pause Cleanup 68M->68M(140M) 0.051ms
[870.138s][info][gc] GC(12749) Concurrent Mark Cycle 11.961ms
[870.190s][info][gc] GC(12750) Pause Young (Prepare Mixed) (G1 Evacuation Pause) 126M->58M(140M) 0.903ms
[870.257s][info][gc] GC(12751) Pause Young (Mixed) (G1 Evacuation Pause) 124M->59M(140M) 1.011ms
[870.324s][info][gc] GC(12752) Pause Young (Concurrent Start) (G1 Evacuation Pause) 126M->59M(140M) 0.839ms
[870.324s][info][gc] GC(12753) Concurrent Mark Cycle
[870.330s][info][gc] GC(12753) Pause Remark 65M->65M(140M) 0.372ms
[870.336s][info][gc] GC(12753) Pause Cleanup 69M->69M(140M) 0.058ms
[870.336s][info][gc] GC(12753) Concurrent Mark Cycle 12.089ms
[870.394s][info][gc] GC(12754) Pause Young (Prepare Mixed) (G1 Evacuation Pause) 126M->60M(140M) 0.863ms
[870.458s][info][gc] GC(12755) Pause Young (Mixed) (G1 Evacuation Pause) 124M->60M(140M) 1.041ms
[870.515s][info][gc] GC(12756) Pause Young (Concurrent Start) (G1 Evacuation Pause) 125M->60M(140M) 0.754ms
[870.515s][info][gc] GC(12757) Concurrent Mark Cycle
[870.522s][info][gc] GC(12757) Pause Remark 64M->64M(140M) 0.430ms
[870.527s][info][gc] GC(12757) Pause Cleanup 69M->69M(140M) 0.052ms
[870.527s][info][gc] GC(12757) Concurrent Mark Cycle 12.540ms
[870.586s][info][gc] GC(12758) Pause Young (Prepare Mixed) (G1 Evacuation Pause) 127M->61M(140M) 0.798ms
[870.655s][info][gc] GC(12759) Pause Young (Mixed) (G1 Evacuation Pause) 126M->61M(140M) 1.032ms
[870.712s][info][gc] GC(12760) Pause Young (Concurrent Start) (G1 Evacuation Pause) 127M->62M(140M) 0.788ms
[870.712s][info][gc] GC(12761) Concurrent Mark Cycle
[870.720s][info][gc] GC(12761) Pause Remark 71M->71M(140M) 0.411ms
[870.727s][info][gc] GC(12761) Pause Cleanup 75M->75M(140M) 0.043ms
[870.727s][info][gc] GC(12761) Concurrent Mark Cycle 14.409ms
[870.783s][info][gc] GC(12762) Pause Young (Prepare Mixed) (G1 Evacuation Pause) 126M->62M(140M) 0.914ms
[870.849s][info][gc] GC(12763) Pause Young (Mixed) (G1 Evacuation Pause) 125M->63M(140M) 1.100ms
[870.913s][info][gc] GC(12764) Pause Young (Concurrent Start) (G1 Evacuation Pause) 126M->63M(140M) 0.897ms
[870.913s][info][gc] GC(12765) Concurrent Mark Cycle
[870.921s][info][gc] GC(12765) Pause Remark 70M->70M(140M) 0.478ms
[870.929s][info][gc] GC(12765) Pause Cleanup 79M->79M(140M) 0.056ms
[870.929s][info][gc] GC(12765) Concurrent Mark Cycle 15.734ms
[870.981s][info][gc] GC(12766) Pause Young (Prepare Mixed) (G1 Evacuation Pause) 125M->63M(140M) 0.883ms
[871.046s][info][gc] GC(12767) Pause Young (Mixed) (G1 Evacuation Pause) 127M->64M(140M) 0.955ms
[871.113s][info][gc] GC(12768) Pause Young (Concurrent Start) (G1 Evacuation Pause) 125M->65M(140M) 0.909ms
[871.113s][info][gc] GC(12769) Concurrent Mark Cycle
[871.122s][info][gc] GC(12769) Pause Remark 76M->76M(140M) 0.387ms
[871.129s][info][gc] GC(12769) Pause Cleanup 84M->84M(140M) 0.053ms
[871.129s][info][gc] GC(12769) Concurrent Mark Cycle 16.208ms
[871.179s][info][gc] GC(12770) Pause Young (Prepare Mixed) (G1 Evacuation Pause) 127M->65M(140M) 0.806ms
[871.238s][info][gc] GC(12771) Pause Young (Mixed) (G1 Evacuation Pause) 127M->66M(140M) 0.986ms
[871.299s][info][gc] GC(12772) Pause Young (Concurrent Start) (G1 Evacuation Pause) 127M->66M(140M) 0.759ms
[871.299s][info][gc] GC(12773) Concurrent Mark Cycle
[871.307s][info][gc] GC(12773) Pause Remark 70M->70M(140M) 0.393ms
[871.314s][info][gc] GC(12773) Pause Cleanup 76M->76M(140M) 0.030ms
[871.314s][info][gc] GC(12773) Concurrent Mark Cycle 15.425ms
[871.361s][info][gc] GC(12774) Pause Young (Prepare Mixed) (G1 Evacuation Pause) 127M->67M(140M) 0.803ms
[871.427s][info][gc] GC(12775) Pause Young (Mixed) (G1 Evacuation Pause) 126M->67M(140M) 0.921ms
[871.482s][info][gc] GC(12776) Pause Young (Concurrent Start) (G1 Evacuation Pause) 125M->67M(140M) 0.817ms
[871.482s][info][gc] GC(12777) Concurrent Mark Cycle
[871.491s][info][gc] GC(12777) Pause Remark 75M->75M(140M) 0.441ms
[871.499s][info][gc] GC(12777) Pause Cleanup 82M->82M(140M) 0.049ms
[871.499s][info][gc] GC(12777) Concurrent Mark Cycle 16.567ms
[871.544s][info][gc] GC(12778) Pause Young (Prepare Mixed) (G1 Evacuation Pause) 126M->68M(140M) 0.775ms
[871.607s][info][gc] GC(12779) Pause Young (Mixed) (G1 Evacuation Pause) 127M->68M(140M) 2.158ms
[871.668s][info][gc] GC(12780) Pause Young (Concurrent Start) (G1 Evacuation Pause) 127M->69M(140M) 0.802ms
[871.668s][info][gc] GC(12781) Concurrent Mark Cycle
[871.676s][info][gc] GC(12781) Pause Remark 79M->79M(140M) 0.371ms
[871.684s][info][gc] GC(12781) Pause Cleanup 88M->88M(140M) 0.039ms
[871.684s][info][gc] GC(12781) Concurrent Mark Cycle 15.974ms
[871.723s][info][gc] GC(12782) Pause Young (Prepare Mixed) (G1 Evacuation Pause) 127M->69M(140M) 0.766ms
[871.783s][info][gc] GC(12783) Pause Young (Mixed) (G1 Evacuation Pause) 126M->70M(140M) 1.959ms
[871.839s][info][gc] GC(12784) Pause Young (Concurrent Start) (G1 Evacuation Pause) 127M->70M(140M) 0.810ms
[871.839s][info][gc] GC(12785) Concurrent Mark Cycle
[871.847s][info][gc] GC(12785) Pause Remark 76M->76M(140M) 0.399ms
[871.852s][info][gc] GC(12785) Pause Cleanup 79M->79M(140M) 0.035ms
[871.852s][info][gc] GC(12785) Concurrent Mark Cycle 13.418ms
[871.897s][info][gc] GC(12786) Pause Young (Normal) (G1 Evacuation Pause) 127M->70M(140M) 0.748ms
[871.962s][info][gc] GC(12787) Pause Young (Concurrent Start) (G1 Evacuation Pause) 127M->71M(140M) 0.866ms
[871.962s][info][gc] GC(12788) Concurrent Mark Cycle
[871.970s][info][gc] GC(12788) Pause Remark 82M->82M(140M) 0.430ms
[871.976s][info][gc] GC(12788) Pause Cleanup 90M->90M(140M) 0.023ms
[871.976s][info][gc] GC(12788) Concurrent Mark Cycle 13.922ms
[872.010s][info][gc] GC(12789) Pause Young (Normal) (G1 Evacuation Pause) 127M->71M(140M) 0.771ms
[872.136s][info][gc] GC(12790) Pause Young (Concurrent Start) (G1 Evacuation Pause) 126M->72M(140M) 1.030ms
[872.136s][info][gc] GC(12791) Concurrent Mark Cycle
[872.139s][info][gc] GC(12791) Pause Remark 76M->47M(140M) 0.399ms
[872.141s][info][gc] GC(12791) Pause Cleanup 48M->48M(140M) 0.051ms
[872.141s][info][gc] GC(12791) Concurrent Mark Cycle 5.037ms
[872.190s][info][gc] GC(12792) Pause Young (Prepare Mixed) (G1 Evacuation Pause) 98M->44M(168M) 0.889ms
[872.289s][info][gc] GC(12793) Pause Young (Mixed) (G1 Evacuation Pause) 139M->39M(168M) 1.106ms
[872.383s][info][gc] GC(12794) Pause Young (Normal) (G1 Evacuation Pause) 133M->40M(168M) 1.137ms
[872.478s][info][gc] GC(12795) Pause Young (Normal) (G1 Evacuation Pause) 133M->41M(168M) 1.143ms
[872.568s][info][gc] GC(12796) Pause Young (Normal) (G1 Evacuation Pause) 133M->41M(168M) 1.197ms
[872.664s][info][gc] GC(12797) Pause Young (Normal) (G1 Evacuation Pause) 133M->42M(168M) 1.031ms
[872.746s][info][gc] GC(12798) Pause Young (Normal) (G1 Evacuation Pause) 134M->43M(168M) 1.061ms
[872.843s][info][gc] GC(12799) Pause Young (Normal) (G1 Evacuation Pause) 136M->44M(168M) 0.965ms
[872.938s][info][gc] GC(12800) Pause Young (Normal) (G1 Evacuation Pause) 136M->45M(168M) 1.163ms
[873.033s][info][gc] GC(12801) Pause Young (Normal) (G1 Evacuation Pause) 137M->46M(168M) 0.986ms
[873.126s][info][gc] GC(12802) Pause Young (Normal) (G1 Evacuation Pause) 137M->46M(168M) 1.063ms
[873.218s][info][gc] GC(12803) Pause Young (Normal) (G1 Evacuation Pause) 137M->47M(168M) 1.017ms
[873.310s][info][gc] GC(12804) Pause Young (Normal) (G1 Evacuation Pause) 139M->48M(168M) 0.983ms
[873.398s][info][gc] GC(12805) Pause Young (Normal) (G1 Evacuation Pause) 140M->49M(168M) 0.959ms
[873.481s][info][gc] GC(12806) Pause Young (Normal) (G1 Evacuation Pause) 141M->48M(168M) 0.912ms
[873.573s][info][gc] GC(12807) Pause Young (Normal) (G1 Evacuation Pause) 141M->50M(168M) 1.017ms
[873.669s][info][gc] GC(12808) Pause Young (Normal) (G1 Evacuation Pause) 142M->51M(168M) 1.112ms
[873.761s][info][gc] GC(12809) Pause Young (Normal) (G1 Evacuation Pause) 142M->52M(168M) 1.052ms
[873.854s][info][gc] GC(12810) Pause Young (Normal) (G1 Evacuation Pause) 144M->52M(168M) 0.962ms
[873.945s][info][gc] GC(12811) Pause Young (Normal) (G1 Evacuation Pause) 145M->53M(168M) 0.982ms
[874.035s][info][gc] GC(12812) Pause Young (Normal) (G1 Evacuation Pause) 144M->54M(168M) 0.977ms
[874.129s][info][gc] GC(12813) Pause Young (Normal) (G1 Evacuation Pause) 147M->55M(168M) 0.977ms
[874.211s][info][gc] GC(12814) Pause Young (Normal) (G1 Evacuation Pause) 147M->55M(168M) 0.924ms
[874.302s][info][gc] GC(12815) Pause Young (Normal) (G1 Evacuation Pause) 147M->56M(168M) 0.952ms
[874.394s][info][gc] GC(12816) Pause Young (Normal) (G1 Evacuation Pause) 148M->57M(168M) 0.995ms
[874.486s][info][gc] GC(12817) Pause Young (Normal) (G1 Evacuation Pause) 149M->57M(168M) 0.979ms
[874.580s][info][gc] GC(12818) Pause Young (Normal) (G1 Evacuation Pause) 150M->59M(168M) 0.962ms
[874.668s][info][gc] GC(12819) Pause Young (Normal) (G1 Evacuation Pause) 149M->59M(168M) 1.065ms
[874.756s][info][gc] GC(12820) Pause Young (Normal) (G1 Evacuation Pause) 149M->60M(168M) 0.945ms
[874.845s][info][gc] GC(12821) Pause Young (Normal) (G1 Evacuation Pause) 149M->60M(168M) 0.980ms
[874.922s][info][gc] GC(12822) Pause Young (Normal) (G1 Evacuation Pause) 151M->61M(168M) 0.930ms
[875.015s][info][gc] GC(12823) Pause Young (Normal) (G1 Evacuation Pause) 151M->62M(168M) 0.959ms
[875.101s][info][gc] GC(12824) Pause Young (Normal) (G1 Evacuation Pause) 150M->62M(168M) 0.991ms
[875.194s][info][gc] GC(12825) Pause Young (Normal) (G1 Evacuation Pause) 150M->63M(168M) 0.956ms
[875.278s][info][gc] GC(12826) Pause Young (Normal) (G1 Evacuation Pause) 151M->64M(168M) 0.938ms
[875.362s][info][gc] GC(12827) Pause Young (Concurrent Start) (G1 Evacuation Pause) 151M->65M(168M) 0.956ms
[875.362s][info][gc] GC(12828) Concurrent Mark Cycle
[875.370s][info][gc] GC(12828) Pause Remark 73M->71M(168M) 0.451ms
[875.375s][info][gc] GC(12828) Pause Cleanup 76M->76M(168M) 0.066ms
[875.376s][info][gc] GC(12828) Concurrent Mark Cycle 13.296ms
[875.440s][info][gc] GC(12829) Pause Young (Prepare Mixed) (G1 Evacuation Pause) 149M->63M(168M) 0.991ms
[875.528s][info][gc] GC(12830) Pause Young (Mixed) (G1 Evacuation Pause) 150M->63M(168M) 0.930ms
[875.615s][info][gc] GC(12831) Pause Young (Normal) (G1 Evacuation Pause) 150M->64M(168M) 0.996ms
[875.703s][info][gc] GC(12832) Pause Young (Normal) (G1 Evacuation Pause) 150M->64M(168M) 1.207ms
[875.791s][info][gc] GC(12833) Pause Young (Concurrent Start) (G1 Evacuation Pause) 151M->65M(168M) 1.116ms
[875.791s][info][gc] GC(12834) Concurrent Mark Cycle
[875.800s][info][gc] GC(12834) Pause Remark 75M->75M(168M) 0.389ms
[875.806s][info][gc] GC(12834) Pause Cleanup 82M->82M(168M) 0.043ms
[875.806s][info][gc] GC(12834) Concurrent Mark Cycle 15.325ms
[875.868s][info][gc] GC(12835) Pause Young (Prepare Mixed) (G1 Evacuation Pause) 149M->65M(168M) 0.862ms
[875.957s][info][gc] GC(12836) Pause Young (Mixed) (G1 Evacuation Pause) 152M->65M(168M) 1.001ms
[876.044s][info][gc] GC(12837) Pause Young (Concurrent Start) (G1 Evacuation Pause) 150M->65M(168M) 1.001ms
[876.044s][info][gc] GC(12838) Concurrent Mark Cycle
[876.053s][info][gc] GC(12838) Pause Remark 75M->75M(168M) 0.365ms
[876.059s][info][gc] GC(12838) Pause Cleanup 80M->80M(168M) 0.033ms
[876.059s][info][gc] GC(12838) Concurrent Mark Cycle 15.036ms
[876.132s][info][gc] GC(12839) Pause Young (Prepare Mixed) (G1 Evacuation Pause) 150M->66M(168M) 1.003ms
[876.221s][info][gc] GC(12840) Pause Young (Mixed) (G1 Evacuation Pause) 150M->66M(168M) 1.112ms
[876.305s][info][gc] GC(12841) Pause Young (Concurrent Start) (G1 Evacuation Pause) 151M->66M(168M) 0.950ms
[876.305s][info][gc] GC(12842) Concurrent Mark Cycle
[876.312s][info][gc] GC(12842) Pause Remark 75M->75M(168M) 0.379ms
[876.319s][info][gc] GC(12842) Pause Cleanup 81M->81M(168M) 0.039ms
[876.319s][info][gc] GC(12842) Concurrent Mark Cycle 13.984ms
[876.386s][info][gc] GC(12843) Pause Young (Prepare Mixed) (G1 Evacuation Pause) 151M->67M(168M) 1.041ms
[876.471s][info][gc] GC(12844) Pause Young (Mixed) (G1 Evacuation Pause) 150M->67M(168M) 1.158ms
[876.560s][info][gc] GC(12845) Pause Young (Concurrent Start) (G1 Evacuation Pause) 151M->67M(168M) 0.960ms
[876.560s][info][gc] GC(12846) Concurrent Mark Cycle
[876.567s][info][gc] GC(12846) Pause Remark 76M->76M(168M) 0.410ms
[876.574s][info][gc] GC(12846) Pause Cleanup 84M->84M(168M) 0.053ms
[876.574s][info][gc] GC(12846) Concurrent Mark Cycle 14.548ms
[876.637s][info][gc] GC(12847) Pause Young (Prepare Mixed) (G1 Evacuation Pause) 149M->68M(168M) 1.158ms
[876.722s][info][gc] GC(12848) Pause Young (Mixed) (G1 Evacuation Pause) 151M->67M(168M) 1.169ms
[876.796s][info][gc] GC(12849) Pause Young (Concurrent Start) (G1 Evacuation Pause) 149M->68M(168M) 0.961ms
[876.796s][info][gc] GC(12850) Concurrent Mark Cycle
[876.804s][info][gc] GC(12850) Pause Remark 77M->77M(168M) 0.448ms
[876.811s][info][gc] GC(12850) Pause Cleanup 84M->84M(168M) 0.055ms
[876.811s][info][gc] GC(12850) Concurrent Mark Cycle 15.228ms
[876.881s][info][gc] GC(12851) Pause Young (Prepare Mixed) (G1 Evacuation Pause) 149M->69M(168M) 0.973ms
[876.958s][info][gc] GC(12852) Pause Young (Mixed) (G1 Evacuation Pause) 149M->69M(168M) 1.022ms
[877.041s][info][gc] GC(12853) Pause Young (Concurrent Start) (G1 Evacuation Pause) 150M->70M(168M) 0.922ms
[877.041s][info][gc] GC(12854) Concurrent Mark Cycle
[877.049s][info][gc] GC(12854) Pause Remark 79M->79M(168M) 0.396ms
[877.057s][info][gc] GC(12854) Pause Cleanup 87M->87M(168M) 0.028ms
[877.057s][info][gc] GC(12854) Concurrent Mark Cycle 15.612ms
[877.116s][info][gc] GC(12855) Pause Young (Prepare Mixed) (G1 Evacuation Pause) 150M->71M(168M) 0.935ms
[877.197s][info][gc] GC(12856) Pause Young (Mixed) (G1 Evacuation Pause) 151M->71M(168M) 0.906ms
[877.281s][info][gc] GC(12857) Pause Young (Concurrent Start) (G1 Evacuation Pause) 150M->72M(168M) 0.934ms
[877.281s][info][gc] GC(12858) Concurrent Mark Cycle
[877.290s][info][gc] GC(12858) Pause Remark 82M->82M(168M) 0.409ms
[877.298s][info][gc] GC(12858) Pause Cleanup 94M->94M(168M) 0.056ms
[877.298s][info][gc] GC(12858) Concurrent Mark Cycle 16.959ms
[877.413s][info][gc] GC(12859) Pause Young (Prepare Mixed) (G1 Evacuation Pause) 150M->72M(168M) 0.868ms
[877.455s][info][gc] GC(12860) Pause Young (Mixed) (G1 Evacuation Pause) 152M->79M(168M) 1.647ms
[877.480s][info][gc] GC(12861) Pause Young (Concurrent Start) (G1 Evacuation Pause) 147M->80M(168M) 1.506ms
[877.480s][info][gc] GC(12862) Concurrent Mark Cycle
[877.488s][info][gc] GC(12862) Pause Remark 100M->70M(168M) 0.458ms
[877.495s][info][gc] GC(12862) Pause Cleanup 83M->83M(168M) 0.058ms
[877.495s][info][gc] GC(12862) Concurrent Mark Cycle 15.706ms
[877.508s][info][gc] GC(12863) Pause Young (Prepare Mixed) (G1 Evacuation Pause) 124M->51M(168M) 0.752ms
[877.538s][info][gc] GC(12864) Pause Young (Mixed) (G1 Evacuation Pause) 147M->49M(168M) 0.895ms
[877.582s][info][gc] GC(12865) Pause Young (Normal) (G1 Evacuation Pause) 145M->53M(168M) 1.146ms
[877.617s][info][gc] GC(12866) Pause Young (Normal) (G1 Evacuation Pause) 145M->54M(202M) 1.235ms
[877.655s][info][gc] GC(12867) Pause Young (Normal) (G1 Evacuation Pause) 167M->55M(202M) 1.324ms
[877.708s][info][gc] GC(12868) Pause Young (Normal) (G1 Evacuation Pause) 167M->56M(202M) 1.288ms
[877.748s][info][gc] GC(12869) Pause Young (Normal) (G1 Evacuation Pause) 167M->57M(202M) 1.282ms
[877.782s][info][gc] GC(12870) Pause Young (Normal) (G1 Evacuation Pause) 168M->56M(202M) 1.125ms
[877.835s][info][gc] GC(12871) Pause Young (Normal) (G1 Evacuation Pause) 169M->59M(235M) 1.302ms
[877.884s][info][gc] GC(12872) Pause Young (Normal) (G1 Evacuation Pause) 190M->60M(235M) 1.421ms
[877.941s][info][gc] GC(12873) Pause Young (Normal) (G1 Evacuation Pause) 189M->61M(235M) 1.432ms
[877.986s][info][gc] GC(12874) Pause Young (Normal) (G1 Evacuation Pause) 191M->62M(235M) 1.522ms
[878.029s][info][gc] GC(12875) Pause Young (Normal) (G1 Evacuation Pause) 192M->62M(235M) 1.254ms
[878.087s][info][gc] GC(12876) Pause Young (Normal) (G1 Evacuation Pause) 192M->63M(235M) 1.433ms
[878.133s][info][gc] GC(12877) Pause Young (Normal) (G1 Evacuation Pause) 193M->65M(235M) 1.400ms
[878.186s][info][gc] GC(12878) Pause Young (Normal) (G1 Evacuation Pause) 195M->66M(235M) 1.373ms
[878.232s][info][gc] GC(12879) Pause Young (Normal) (G1 Evacuation Pause) 196M->67M(235M) 1.318ms
[878.282s][info][gc] GC(12880) Pause Young (Normal) (G1 Evacuation Pause) 197M->66M(235M) 1.231ms
[878.335s][info][gc] GC(12881) Pause Young (Normal) (G1 Evacuation Pause) 198M->69M(235M) 1.369ms
[878.380s][info][gc] GC(12882) Pause Young (Normal) (G1 Evacuation Pause) 198M->70M(235M) 1.415ms
[878.436s][info][gc] GC(12883) Pause Young (Normal) (G1 Evacuation Pause) 200M->72M(235M) 1.355ms
[878.480s][info][gc] GC(12884) Pause Young (Normal) (G1 Evacuation Pause) 202M->73M(235M) 1.350ms
[878.532s][info][gc] GC(12885) Pause Young (Normal) (G1 Evacuation Pause) 203M->73M(235M) 1.310ms
[878.582s][info][gc] GC(12886) Pause Young (Normal) (G1 Evacuation Pause) 204M->75M(235M) 1.415ms
[878.627s][info][gc] GC(12887) Pause Young (Normal) (G1 Evacuation Pause) 205M->75M(235M) 1.280ms
[878.683s][info][gc] GC(12888) Pause Young (Normal) (G1 Evacuation Pause) 206M->77M(235M) 1.345ms
[878.729s][info][gc] GC(12889) Pause Young (Normal) (G1 Evacuation Pause) 206M->78M(235M) 1.424ms
[878.782s][info][gc] GC(12890) Pause Young (Normal) (G1 Evacuation Pause) 208M->79M(235M) 1.353ms
[878.833s][info][gc] GC(12891) Pause Young (Normal) (G1 Evacuation Pause) 210M->82M(235M) 1.430ms
[878.876s][info][gc] GC(12892) Pause Young (Normal) (G1 Evacuation Pause) 208M->81M(235M) 1.317ms
[878.932s][info][gc] GC(12893) Pause Young (Normal) (G1 Evacuation Pause) 212M->83M(235M) 1.454ms
[878.976s][info][gc] GC(12894) Pause Young (Normal) (G1 Evacuation Pause) 208M->83M(235M) 1.288ms
[879.027s][info][gc] GC(12895) Pause Young (Normal) (G1 Evacuation Pause) 211M->84M(235M) 1.305ms
[879.074s][info][gc] GC(12896) Pause Young (Normal) (G1 Evacuation Pause) 208M->85M(235M) 1.289ms
[879.120s][info][gc] GC(12897) Pause Young (Concurrent Start) (G1 Evacuation Pause) 211M->87M(235M) 1.373ms
[879.120s][info][gc] GC(12898) Concurrent Mark Cycle
[879.133s][info][gc] GC(12898) Pause Remark 118M->114M(235M) 0.441ms
[879.145s][info][gc] GC(12898) Pause Cleanup 138M->138M(235M) 0.055ms
[879.145s][info][gc] GC(12898) Concurrent Mark Cycle 25.029ms
[879.172s][info][gc] GC(12899) Pause Young (Prepare Mixed) (G1 Evacuation Pause) 206M->83M(235M) 1.401ms
[879.222s][info][gc] GC(12900) Pause Young (Mixed) (G1 Evacuation Pause) 211M->82M(235M) 1.382ms
[879.276s][info][gc] GC(12901) Pause Young (Normal) (G1 Evacuation Pause) 209M->82M(235M) 1.489ms
[879.329s][info][gc] GC(12902) Pause Young (Normal) (G1 Evacuation Pause) 210M->84M(235M) 1.438ms
[879.376s][info][gc] GC(12903) Pause Young (Normal) (G1 Evacuation Pause) 208M->85M(235M) 1.416ms
[879.439s][info][gc] GC(12904) Pause Young (Concurrent Start) (G1 Evacuation Pause) 211M->86M(235M) 1.952ms
[879.439s][info][gc] GC(12905) Concurrent Mark Cycle
[879.455s][info][gc] GC(12905) Pause Remark 117M->117M(235M) 0.455ms
[879.467s][info][gc] GC(12905) Pause Cleanup 142M->142M(235M) 0.117ms
[879.468s][info][gc] GC(12905) Concurrent Mark Cycle 28.933ms
[879.500s][info][gc] GC(12906) Pause Young (Prepare Mixed) (G1 Evacuation Pause) 209M->87M(235M) 1.654ms
[879.561s][info][gc] GC(12907) Pause Young (Mixed) (G1 Evacuation Pause) 212M->85M(235M) 1.343ms
[879.610s][info][gc] GC(12908) Pause Young (Concurrent Start) (G1 Evacuation Pause) 210M->87M(235M) 1.373ms
[879.610s][info][gc] GC(12909) Concurrent Mark Cycle
[879.625s][info][gc] GC(12909) Pause Remark 121M->121M(235M) 0.417ms
[879.637s][info][gc] GC(12909) Pause Cleanup 146M->146M(235M) 0.050ms
[879.637s][info][gc] GC(12909) Concurrent Mark Cycle 26.804ms
[879.663s][info][gc] GC(12910) Pause Young (Prepare Mixed) (G1 Evacuation Pause) 210M->88M(235M) 1.368ms
[879.713s][info][gc] GC(12911) Pause Young (Mixed) (G1 Evacuation Pause) 209M->87M(235M) 1.451ms
[879.760s][info][gc] GC(12912) Pause Young (Concurrent Start) (G1 Evacuation Pause) 210M->88M(235M) 1.376ms
[879.760s][info][gc] GC(12913) Concurrent Mark Cycle
[879.772s][info][gc] GC(12913) Pause Remark 119M->119M(235M) 0.400ms
[879.790s][info][gc] GC(12913) Pause Cleanup 165M->165M(235M) 0.069ms
[879.790s][info][gc] GC(12913) Concurrent Mark Cycle 30.087ms
[879.807s][info][gc] GC(12914) Pause Young (Prepare Mixed) (G1 Evacuation Pause) 210M->89M(235M) 1.231ms
[879.858s][info][gc] GC(12915) Pause Young (Mixed) (G1 Evacuation Pause) 212M->88M(235M) 1.417ms
[879.904s][info][gc] GC(12916) Pause Young (Concurrent Start) (G1 Evacuation Pause) 211M->90M(235M) 1.287ms
[879.904s][info][gc] GC(12917) Concurrent Mark Cycle
[879.915s][info][gc] GC(12917) Pause Remark 112M->112M(235M) 0.424ms
[879.929s][info][gc] GC(12917) Pause Cleanup 149M->149M(235M) 0.039ms
[879.929s][info][gc] GC(12917) Concurrent Mark Cycle 25.327ms
[879.950s][info][gc] GC(12918) Pause Young (Prepare Mixed) (G1 Evacuation Pause) 210M->90M(235M) 1.369ms
[879.999s][info][gc] GC(12919) Pause Young (Mixed) (G1 Evacuation Pause) 211M->91M(235M) 1.450ms
[880.044s][info][gc] GC(12920) Pause Young (Concurrent Start) (G1 Evacuation Pause) 208M->91M(235M) 1.407ms
[880.044s][info][gc] GC(12921) Concurrent Mark Cycle
[880.059s][info][gc] GC(12921) Pause Remark 123M->123M(235M) 0.443ms
[880.077s][info][gc] GC(12921) Pause Cleanup 168M->168M(235M) 0.062ms
[880.077s][info][gc] GC(12921) Concurrent Mark Cycle 32.966ms
[880.094s][info][gc] GC(12922) Pause Young (Prepare Mixed) (G1 Evacuation Pause) 210M->93M(235M) 1.357ms
[880.137s][info][gc] GC(12923) Pause Young (Mixed) (G1 Evacuation Pause) 209M->93M(235M) 1.315ms
[880.184s][info][gc] GC(12924) Pause Young (Concurrent Start) (G1 Evacuation Pause) 212M->94M(235M) 1.337ms
[880.184s][info][gc] GC(12925) Concurrent Mark Cycle
[880.200s][info][gc] GC(12925) Pause Remark 134M->134M(235M) 0.455ms
[880.214s][info][gc] GC(12925) Pause Cleanup 167M->167M(235M) 0.057ms
[880.215s][info][gc] GC(12925) Concurrent Mark Cycle 30.306ms
[880.237s][info][gc] GC(12926) Pause Young (Prepare Mixed) (G1 Evacuation Pause) 211M->95M(235M) 1.445ms
[880.281s][info][gc] GC(12927) Pause Young (Mixed) (G1 Evacuation Pause) 212M->97M(303M) 1.654ms
[880.354s][info][gc] GC(12928) Pause Young (Normal) (G1 Evacuation Pause) 267M->97M(303M) 1.581ms
[880.422s][info][gc] GC(12929) Pause Young (Normal) (G1 Evacuation Pause) 267M->99M(303M) 1.645ms
[880.490s][info][gc] GC(12930) Pause Young (Normal) (G1 Evacuation Pause) 267M->100M(303M) 1.713ms
[880.553s][info][gc] GC(12931) Pause Young (Normal) (G1 Evacuation Pause) 267M->101M(303M) 1.624ms
[880.620s][info][gc] GC(12932) Pause Young (Normal) (G1 Evacuation Pause) 268M->104M(303M) 1.691ms
[880.682s][info][gc] GC(12933) Pause Young (Normal) (G1 Evacuation Pause) 270M->105M(303M) 1.635ms
[880.747s][info][gc] GC(12934) Pause Young (Normal) (G1 Evacuation Pause) 272M->106M(303M) 1.509ms
[880.811s][info][gc] GC(12935) Pause Young (Normal) (G1 Evacuation Pause) 273M->108M(303M) 1.521ms
[880.877s][info][gc] GC(12936) Pause Young (Normal) (G1 Evacuation Pause) 272M->108M(303M) 1.653ms
[880.939s][info][gc] GC(12937) Pause Young (Normal) (G1 Evacuation Pause) 272M->110M(303M) 1.750ms
[881.003s][info][gc] GC(12938) Pause Young (Normal) (G1 Evacuation Pause) 270M->111M(303M) 1.622ms
[881.068s][info][gc] GC(12939) Pause Young (Normal) (G1 Evacuation Pause) 273M->113M(303M) 2.104ms
[881.137s][info][gc] GC(12940) Pause Young (Normal) (G1 Evacuation Pause) 271M->114M(303M) 1.733ms
[881.204s][info][gc] GC(12941) Pause Young (Normal) (G1 Evacuation Pause) 273M->116M(303M) 1.821ms
[881.273s][info][gc] GC(12942) Pause Young (Concurrent Start) (G1 Evacuation Pause) 271M->116M(303M) 1.587ms
[881.273s][info][gc] GC(12943) Concurrent Mark Cycle
[881.294s][info][gc] GC(12943) Pause Remark 159M->159M(303M) 0.473ms
[881.315s][info][gc] GC(12943) Pause Cleanup 197M->197M(303M) 0.078ms
[881.315s][info][gc] GC(12943) Concurrent Mark Cycle 41.811ms
[881.347s][info][gc] GC(12944) Pause Young (Prepare Mixed) (G1 Evacuation Pause) 274M->119M(303M) 1.698ms
[881.415s][info][gc] GC(12945) Pause Young (Mixed) (G1 Evacuation Pause) 271M->119M(303M) 1.760ms
[881.476s][info][gc] GC(12946) Pause Young (Concurrent Start) (G1 Evacuation Pause) 275M->121M(303M) 1.542ms
[881.476s][info][gc] GC(12947) Concurrent Mark Cycle
[881.501s][info][gc] GC(12947) Pause Remark 189M->189M(303M) 0.433ms
[881.526s][info][gc] GC(12947) Pause Cleanup 237M->237M(303M) 0.066ms
[881.526s][info][gc] GC(12947) Concurrent Mark Cycle 50.437ms
[881.541s][info][gc] GC(12948) Pause Young (Prepare Mixed) (G1 Evacuation Pause) 271M->122M(303M) 1.681ms
[881.610s][info][gc] GC(12949) Pause Young (Mixed) (G1 Evacuation Pause) 274M->124M(303M) 1.707ms
[881.671s][info][gc] GC(12950) Pause Young (Concurrent Start) (G1 Evacuation Pause) 272M->124M(303M) 1.903ms
[881.671s][info][gc] GC(12951) Concurrent Mark Cycle
[881.693s][info][gc] GC(12951) Pause Remark 162M->162M(303M) 0.480ms
[881.713s][info][gc] GC(12951) Pause Cleanup 203M->203M(303M) 0.054ms
[881.714s][info][gc] GC(12951) Concurrent Mark Cycle 42.960ms
[881.747s][info][gc] GC(12952) Pause Young (Prepare Mixed) (G1 Evacuation Pause) 274M->125M(303M) 1.508ms
[881.810s][info][gc] GC(12953) Pause Young (Mixed) (G1 Evacuation Pause) 273M->125M(303M) 1.782ms
[881.870s][info][gc] GC(12954) Pause Young (Concurrent Start) (G1 Evacuation Pause) 272M->126M(303M) 1.541ms
[881.870s][info][gc] GC(12955) Concurrent Mark Cycle
[881.891s][info][gc] GC(12955) Pause Remark 176M->176M(303M) 0.432ms
[881.911s][info][gc] GC(12955) Pause Cleanup 224M->224M(303M) 0.055ms
[881.911s][info][gc] GC(12955) Concurrent Mark Cycle 41.521ms
[881.934s][info][gc] GC(12956) Pause Young (Prepare Mixed) (G1 Evacuation Pause) 274M->128M(303M) 1.636ms
[881.986s][info][gc] GC(12957) Pause Young (Mixed) (G1 Evacuation Pause) 273M->128M(303M) 1.490ms
[882.044s][info][gc] GC(12958) Pause Young (Concurrent Start) (G1 Evacuation Pause) 275M->129M(303M) 1.447ms
[882.044s][info][gc] GC(12959) Concurrent Mark Cycle
[882.070s][info][gc] GC(12959) Pause Remark 195M->195M(303M) 0.467ms
[882.095s][info][gc] GC(12959) Pause Cleanup 258M->258M(303M) 0.065ms
[882.095s][info][gc] GC(12959) Concurrent Mark Cycle 51.424ms
[882.106s][info][gc] GC(12960) Pause Young (Prepare Mixed) (G1 Evacuation Pause) 274M->131M(303M) 1.979ms
[882.175s][info][gc] GC(12961) Pause Young (Mixed) (G1 Evacuation Pause) 275M->132M(303M) 1.701ms
[882.230s][info][gc] GC(12962) Pause Young (Concurrent Start) (G1 Evacuation Pause) 272M->133M(303M) 1.695ms
[882.231s][info][gc] GC(12963) Concurrent Mark Cycle
[882.255s][info][gc] GC(12963) Pause Remark 191M->191M(303M) 0.530ms
[882.279s][info][gc] GC(12963) Pause Cleanup 244M->244M(303M) 0.064ms
[882.279s][info][gc] GC(12963) Concurrent Mark Cycle 48.644ms
[882.298s][info][gc] GC(12964) Pause Young (Prepare Mixed) (G1 Evacuation Pause) 275M->133M(303M) 1.436ms
[882.353s][info][gc] GC(12965) Pause Young (Mixed) (G1 Evacuation Pause) 275M->135M(303M) 1.570ms
[882.403s][info][gc] GC(12966) Pause Young (Concurrent Start) (G1 Evacuation Pause) 274M->136M(303M) 1.518ms
[882.403s][info][gc] GC(12967) Concurrent Mark Cycle
[882.426s][info][gc] GC(12967) Pause Remark 190M->190M(303M) 0.437ms
[882.452s][info][gc] GC(12967) Pause Cleanup 242M->242M(303M) 0.066ms
[882.452s][info][gc] GC(12967) Concurrent Mark Cycle 49.020ms
[882.465s][info][gc] GC(12968) Pause Young (Prepare Mixed) (G1 Evacuation Pause) 275M->137M(303M) 1.428ms
[882.517s][info][gc] GC(12969) Pause Young (Mixed) (G1 Evacuation Pause) 275M->138M(303M) 1.439ms
[882.574s][info][gc] GC(12970) Pause Young (Concurrent Start) (G1 Evacuation Pause) 274M->140M(303M) 1.445ms
[882.574s][info][gc] GC(12971) Concurrent Mark Cycle
[882.601s][info][gc] GC(12971) Pause Remark 219M->219M(303M) 0.422ms
[882.623s][info][gc] GC(12971) Pause Cleanup 263M->263M(303M) 0.061ms
[882.623s][info][gc] GC(12971) Concurrent Mark Cycle 49.196ms
[882.627s][info][gc] GC(12972) Pause Young (Prepare Mixed) (G1 Evacuation Pause) 272M->141M(303M) 1.437ms
[882.679s][info][gc] GC(12973) Pause Young (Mixed) (G1 Evacuation Pause) 275M->141M(451M) 1.479ms
[882.777s][info][gc] GC(12974) Pause Young (Normal) (G1 Evacuation Pause) 400M->143M(451M) 2.118ms
[882.876s][info][gc] GC(12975) Pause Young (Normal) (G1 Evacuation Pause) 401M->146M(451M) 1.994ms
[882.974s][info][gc] GC(12976) Pause Young (Normal) (G1 Evacuation Pause) 401M->148M(451M) 1.829ms
[883.073s][info][gc] GC(12977) Pause Young (Normal) (G1 Evacuation Pause) 401M->150M(451M) 1.976ms
[883.172s][info][gc] GC(12978) Pause Young (Normal) (G1 Evacuation Pause) 401M->151M(451M) 2.362ms
[883.280s][info][gc] GC(12979) Pause Young (Normal) (G1 Evacuation Pause) 402M->154M(451M) 2.058ms
[883.382s][info][gc] GC(12980) Pause Young (Normal) (G1 Evacuation Pause) 403M->155M(451M) 2.290ms
[883.501s][info][gc] GC(12981) Pause Young (Normal) (G1 Evacuation Pause) 406M->159M(451M) 2.455ms
[883.604s][info][gc] GC(12982) Pause Young (Normal) (G1 Evacuation Pause) 406M->159M(451M) 2.115ms
[883.708s][info][gc] GC(12983) Pause Young (Normal) (G1 Evacuation Pause) 406M->162M(451M) 2.144ms
[883.810s][info][gc] GC(12984) Pause Young (Normal) (G1 Evacuation Pause) 405M->163M(451M) 1.955ms
[883.982s][info][gc] GC(12985) Pause Young (Normal) (G1 Evacuation Pause) 408M->168M(451M) 2.163ms
[884.083s][info][gc] GC(12986) Pause Young (Normal) (G1 Evacuation Pause) 405M->171M(451M) 2.144ms
[884.183s][info][gc] GC(12987) Pause Young (Normal) (G1 Evacuation Pause) 406M->172M(451M) 2.111ms
[884.282s][info][gc] GC(12988) Pause Young (Normal) (G1 Evacuation Pause) 407M->175M(451M) 2.159ms
[884.384s][info][gc] GC(12989) Pause Young (Concurrent Start) (G1 Evacuation Pause) 407M->176M(451M) 2.302ms
[884.384s][info][gc] GC(12990) Concurrent Mark Cycle
[884.393s][info][gc] GC(12990) Pause Remark 187M->84M(250M) 1.139ms
[884.396s][info][gc] GC(12990) Pause Cleanup 92M->92M(250M) 0.056ms
[884.396s][info][gc] GC(12990) Concurrent Mark Cycle 11.987ms
[884.441s][info][gc] GC(12991) Pause Young (Prepare Mixed) (G1 Evacuation Pause) 208M->75M(250M) 1.837ms
[884.503s][info][gc] GC(12992) Pause Young (Mixed) (G1 Evacuation Pause) 213M->62M(250M) 1.370ms
[884.559s][info][gc] GC(12993) Pause Young (Normal) (G1 Evacuation Pause) 201M->63M(250M) 1.300ms
[884.620s][info][gc] GC(12994) Pause Young (Normal) (G1 Evacuation Pause) 201M->65M(250M) 1.472ms
[884.673s][info][gc] GC(12995) Pause Young (Normal) (G1 Evacuation Pause) 203M->66M(250M) 1.388ms
[884.738s][info][gc] GC(12996) Pause Young (Normal) (G1 Evacuation Pause) 205M->66M(250M) 1.383ms
[884.790s][info][gc] GC(12997) Pause Young (Normal) (G1 Evacuation Pause) 204M->67M(250M) 1.352ms
[884.854s][info][gc] GC(12998) Pause Young (Normal) (G1 Evacuation Pause) 206M->69M(250M) 1.502ms
[884.907s][info][gc] GC(12999) Pause Young (Normal) (G1 Evacuation Pause) 207M->69M(250M) 1.358ms
[884.971s][info][gc] GC(13000) Pause Young (Normal) (G1 Evacuation Pause) 208M->71M(250M) 1.418ms
[885.023s][info][gc] GC(13001) Pause Young (Normal) (G1 Evacuation Pause) 210M->72M(250M) 1.316ms
[885.086s][info][gc] GC(13002) Pause Young (Normal) (G1 Evacuation Pause) 211M->73M(250M) 1.358ms
[885.140s][info][gc] GC(13003) Pause Young (Normal) (G1 Evacuation Pause) 212M->74M(250M) 1.394ms
[885.205s][info][gc] GC(13004) Pause Young (Normal) (G1 Evacuation Pause) 213M->76M(250M) 1.499ms
[885.260s][info][gc] GC(13005) Pause Young (Normal) (G1 Evacuation Pause) 213M->76M(250M) 1.441ms
[885.326s][info][gc] GC(13006) Pause Young (Normal) (G1 Evacuation Pause) 216M->78M(250M) 1.398ms
[885.383s][info][gc] GC(13007) Pause Young (Normal) (G1 Evacuation Pause) 215M->79M(250M) 1.487ms
[885.441s][info][gc] GC(13008) Pause Young (Normal) (G1 Evacuation Pause) 218M->80M(250M) 1.367ms
[885.508s][info][gc] GC(13009) Pause Young (Normal) (G1 Evacuation Pause) 217M->81M(250M) 1.401ms
[885.561s][info][gc] GC(13010) Pause Young (Normal) (G1 Evacuation Pause) 220M->83M(250M) 1.408ms
[885.620s][info][gc] GC(13011) Pause Young (Normal) (G1 Evacuation Pause) 221M->83M(250M) 1.482ms
[885.677s][info][gc] GC(13012) Pause Young (Normal) (G1 Evacuation Pause) 223M->85M(250M) 1.461ms
[885.739s][info][gc] GC(13013) Pause Young (Normal) (G1 Evacuation Pause) 223M->86M(250M) 1.523ms
[885.797s][info][gc] GC(13014) Pause Young (Normal) (G1 Evacuation Pause) 223M->88M(250M) 1.340ms
[885.860s][info][gc] GC(13015) Pause Young (Normal) (G1 Evacuation Pause) 224M->88M(250M) 1.382ms
[885.913s][info][gc] GC(13016) Pause Young (Normal) (G1 Evacuation Pause) 224M->89M(250M) 1.276ms
[885.978s][info][gc] GC(13017) Pause Young (Normal) (G1 Evacuation Pause) 226M->91M(250M) 1.355ms
[886.029s][info][gc] GC(13018) Pause Young (Normal) (G1 Evacuation Pause) 224M->92M(250M) 1.367ms
[886.091s][info][gc] GC(13019) Pause Young (Normal) (G1 Evacuation Pause) 224M->93M(250M) 1.533ms
[886.145s][info][gc] GC(13020) Pause Young (Normal) (G1 Evacuation Pause) 223M->93M(250M) 1.313ms
[886.203s][info][gc] GC(13021) Pause Young (Concurrent Start) (G1 Evacuation Pause) 224M->95M(250M) 1.429ms
[886.203s][info][gc] GC(13022) Concurrent Mark Cycle
[886.219s][info][gc] GC(13022) Pause Remark 126M->120M(250M) 0.427ms
[886.230s][info][gc] GC(13022) Pause Cleanup 149M->149M(250M) 0.062ms
[886.231s][info][gc] GC(13022) Concurrent Mark Cycle 27.222ms
[886.259s][info][gc] GC(13023) Pause Young (Prepare Mixed) (G1 Evacuation Pause) 219M->90M(250M) 1.339ms
[886.324s][info][gc] GC(13024) Pause Young (Mixed) (G1 Evacuation Pause) 225M->89M(250M) 1.460ms
[886.379s][info][gc] GC(13025) Pause Young (Normal) (G1 Evacuation Pause) 223M->90M(250M) 1.354ms
[886.443s][info][gc] GC(13026) Pause Young (Normal) (G1 Evacuation Pause) 225M->91M(250M) 1.375ms
[886.495s][info][gc] GC(13027) Pause Young (Normal) (G1 Evacuation Pause) 225M->92M(250M) 1.346ms
[886.553s][info][gc] GC(13028) Pause Young (Normal) (G1 Evacuation Pause) 225M->93M(250M) 1.324ms
[886.607s][info][gc] GC(13029) Pause Young (Normal) (G1 Evacuation Pause) 223M->95M(250M) 1.377ms
[886.667s][info][gc] GC(13030) Pause Young (Concurrent Start) (G1 Evacuation Pause) 225M->95M(250M) 1.325ms
[886.667s][info][gc] GC(13031) Concurrent Mark Cycle
[886.682s][info][gc] GC(13031) Pause Remark 134M->134M(250M) 0.429ms
[886.695s][info][gc] GC(13031) Pause Cleanup 157M->157M(250M) 0.059ms
[886.695s][info][gc] GC(13031) Concurrent Mark Cycle 28.265ms
[886.720s][info][gc] GC(13032) Pause Young (Prepare Mixed) (G1 Evacuation Pause) 225M->97M(250M) 1.353ms
[886.780s][info][gc] GC(13033) Pause Young (Mixed) (G1 Evacuation Pause) 225M->95M(250M) 1.460ms
[886.827s][info][gc] GC(13034) Pause Young (Concurrent Start) (G1 Evacuation Pause) 223M->96M(250M) 1.378ms
[886.827s][info][gc] GC(13035) Concurrent Mark Cycle
[886.846s][info][gc] GC(13035) Pause Remark 140M->140M(250M) 0.432ms
[886.859s][info][gc] GC(13035) Pause Cleanup 167M->167M(250M) 0.065ms
[886.859s][info][gc] GC(13035) Concurrent Mark Cycle 31.705ms
[886.887s][info][gc] GC(13036) Pause Young (Prepare Mixed) (G1 Evacuation Pause) 225M->97M(250M) 1.448ms
[886.940s][info][gc] GC(13037) Pause Young (Mixed) (G1 Evacuation Pause) 225M->97M(250M) 1.473ms
[886.999s][info][gc] GC(13038) Pause Young (Concurrent Start) (G1 Evacuation Pause) 223M->98M(250M) 1.377ms
[886.999s][info][gc] GC(13039) Concurrent Mark Cycle
[887.015s][info][gc] GC(13039) Pause Remark 138M->138M(250M) 0.417ms
[887.028s][info][gc] GC(13039) Pause Cleanup 171M->171M(250M) 0.050ms
[887.029s][info][gc] GC(13039) Concurrent Mark Cycle 29.541ms
[887.050s][info][gc] GC(13040) Pause Young (Prepare Mixed) (G1 Evacuation Pause) 226M->98M(250M) 1.305ms
[887.108s][info][gc] GC(13041) Pause Young (Mixed) (G1 Evacuation Pause) 224M->97M(250M) 1.401ms
[887.161s][info][gc] GC(13042) Pause Young (Concurrent Start) (G1 Evacuation Pause) 226M->99M(250M) 1.447ms
[887.161s][info][gc] GC(13043) Concurrent Mark Cycle
[887.181s][info][gc] GC(13043) Pause Remark 149M->149M(250M) 0.411ms
[887.194s][info][gc] GC(13043) Pause Cleanup 176M->176M(250M) 0.054ms
[887.194s][info][gc] GC(13043) Concurrent Mark Cycle 33.224ms
[887.220s][info][gc] GC(13044) Pause Young (Prepare Mixed) (G1 Evacuation Pause) 225M->100M(250M) 1.330ms
[887.273s][info][gc] GC(13045) Pause Young (Mixed) (G1 Evacuation Pause) 226M->100M(250M) 1.557ms
[887.330s][info][gc] GC(13046) Pause Young (Concurrent Start) (G1 Evacuation Pause) 225M->100M(250M) 1.283ms
[887.330s][info][gc] GC(13047) Concurrent Mark Cycle
[887.348s][info][gc] GC(13047) Pause Remark 136M->136M(250M) 0.428ms
[887.361s][info][gc] GC(13047) Pause Cleanup 170M->170M(250M) 0.048ms
[887.361s][info][gc] GC(13047) Concurrent Mark Cycle 31.120ms
[887.387s][info][gc] GC(13048) Pause Young (Prepare Mixed) (G1 Evacuation Pause) 227M->101M(250M) 1.509ms
[887.440s][info][gc] GC(13049) Pause Young (Mixed) (G1 Evacuation Pause) 226M->101M(283M) 1.322ms
[887.508s][info][gc] GC(13050) Pause Young (Normal) (G1 Evacuation Pause) 257M->103M(283M) 1.335ms
[887.575s][info][gc] GC(13051) Pause Young (Normal) (G1 Evacuation Pause) 255M->105M(283M) 1.391ms
[887.630s][info][gc] GC(13052) Pause Young (Normal) (G1 Evacuation Pause) 253M->107M(283M) 1.389ms
[887.693s][info][gc] GC(13053) Pause Young (Normal) (G1 Evacuation Pause) 254M->107M(283M) 1.486ms
[887.754s][info][gc] GC(13054) Pause Young (Concurrent Start) (G1 Evacuation Pause) 256M->109M(283M) 1.556ms
[887.755s][info][gc] GC(13055) Concurrent Mark Cycle
[887.775s][info][gc] GC(13055) Pause Remark 143M->143M(283M) 0.476ms
[887.785s][info][gc] GC(13055) Pause Cleanup 157M->157M(283M) 0.053ms
[887.785s][info][gc] GC(13055) Concurrent Mark Cycle 30.577ms
[887.827s][info][gc] GC(13056) Pause Young (Prepare Mixed) (G1 Evacuation Pause) 254M->110M(283M) 1.477ms
[887.884s][info][gc] GC(13057) Pause Young (Mixed) (G1 Evacuation Pause) 255M->110M(283M) 1.339ms
[887.949s][info][gc] GC(13058) Pause Young (Concurrent Start) (G1 Evacuation Pause) 256M->112M(283M) 1.571ms
[887.949s][info][gc] GC(13059) Concurrent Mark Cycle
[887.967s][info][gc] GC(13059) Pause Remark 149M->149M(283M) 0.419ms
[887.983s][info][gc] GC(13059) Pause Cleanup 196M->196M(283M) 0.048ms
[887.983s][info][gc] GC(13059) Concurrent Mark Cycle 33.612ms
[888.014s][info][gc] GC(13060) Pause Young (Prepare Mixed) (G1 Evacuation Pause) 254M->112M(283M) 1.449ms
[888.073s][info][gc] GC(13061) Pause Young (Mixed) (G1 Evacuation Pause) 256M->114M(283M) 1.598ms
[888.137s][info][gc] GC(13062) Pause Young (Concurrent Start) (G1 Evacuation Pause) 254M->116M(283M) 1.633ms
[888.137s][info][gc] GC(13063) Concurrent Mark Cycle
[888.160s][info][gc] GC(13063) Pause Remark 175M->175M(283M) 0.426ms
[888.174s][info][gc] GC(13063) Pause Cleanup 194M->194M(283M) 0.048ms
[888.174s][info][gc] GC(13063) Concurrent Mark Cycle 36.411ms
[888.199s][info][gc] GC(13064) Pause Young (Prepare Mixed) (G1 Evacuation Pause) 255M->117M(283M) 1.442ms
[888.261s][info][gc] GC(13065) Pause Young (Mixed) (G1 Evacuation Pause) 255M->118M(283M) 1.533ms
[888.312s][info][gc] GC(13066) Pause Young (Concurrent Start) (G1 Evacuation Pause) 255M->118M(283M) 1.360ms
[888.313s][info][gc] GC(13067) Concurrent Mark Cycle
[888.331s][info][gc] GC(13067) Pause Remark 161M->161M(283M) 0.417ms
[888.346s][info][gc] GC(13067) Pause Cleanup 182M->182M(283M) 0.049ms
[888.346s][info][gc] GC(13067) Concurrent Mark Cycle 33.745ms
[888.381s][info][gc] GC(13068) Pause Young (Prepare Mixed) (G1 Evacuation Pause) 254M->120M(283M) 1.376ms
[888.433s][info][gc] GC(13069) Pause Young (Mixed) (G1 Evacuation Pause) 255M->120M(283M) 1.438ms
[888.494s][info][gc] GC(13070) Pause Young (Concurrent Start) (G1 Evacuation Pause) 254M->122M(283M) 1.335ms
[888.494s][info][gc] GC(13071) Concurrent Mark Cycle
[888.516s][info][gc] GC(13071) Pause Remark 165M->165M(283M) 0.398ms
[888.535s][info][gc] GC(13071) Pause Cleanup 212M->212M(283M) 0.051ms
[888.535s][info][gc] GC(13071) Concurrent Mark Cycle 41.272ms
[888.551s][info][gc] GC(13072) Pause Young (Prepare Mixed) (G1 Evacuation Pause) 255M->123M(283M) 1.367ms
[888.612s][info][gc] GC(13073) Pause Young (Mixed) (G1 Evacuation Pause) 255M->123M(283M) 1.482ms
[888.666s][info][gc] GC(13074) Pause Young (Concurrent Start) (G1 Evacuation Pause) 257M->124M(283M) 1.384ms
[888.666s][info][gc] GC(13075) Concurrent Mark Cycle
[888.686s][info][gc] GC(13075) Pause Remark 169M->169M(283M) 0.459ms
[888.707s][info][gc] GC(13075) Pause Cleanup 200M->200M(283M) 0.053ms
[888.707s][info][gc] GC(13075) Concurrent Mark Cycle 41.796ms
[888.732s][info][gc] GC(13076) Pause Young (Prepare Mixed) (G1 Evacuation Pause) 256M->126M(283M) 1.360ms
[888.783s][info][gc] GC(13077) Pause Young (Mixed) (G1 Evacuation Pause) 256M->127M(283M) 1.489ms
[888.842s][info][gc] GC(13078) Pause Young (Concurrent Start) (G1 Evacuation Pause) 255M->128M(283M) 1.375ms
[888.842s][info][gc] GC(13079) Concurrent Mark Cycle
[888.868s][info][gc] GC(13079) Pause Remark 195M->195M(283M) 0.464ms
[888.885s][info][gc] GC(13079) Pause Cleanup 230M->230M(283M) 0.045ms
[888.885s][info][gc] GC(13079) Concurrent Mark Cycle 43.187ms
[888.896s][info][gc] GC(13080) Pause Young (Prepare Mixed) (G1 Evacuation Pause) 256M->128M(283M) 1.340ms
[888.955s][info][gc] GC(13081) Pause Young (Mixed) (G1 Evacuation Pause) 255M->129M(283M) 1.493ms
[889.006s][info][gc] GC(13082) Pause Young (Concurrent Start) (G1 Evacuation Pause) 255M->130M(283M) 1.390ms
[889.006s][info][gc] GC(13083) Concurrent Mark Cycle
[889.026s][info][gc] GC(13083) Pause Remark 176M->176M(283M) 0.474ms
[889.043s][info][gc] GC(13083) Pause Cleanup 210M->210M(283M) 0.056ms
[889.043s][info][gc] GC(13083) Concurrent Mark Cycle 37.543ms
[889.072s][info][gc] GC(13084) Pause Young (Prepare Mixed) (G1 Evacuation Pause) 257M->132M(283M) 1.502ms
[889.125s][info][gc] GC(13085) Pause Young (Mixed) (G1 Evacuation Pause) 256M->133M(283M) 1.433ms
[889.184s][info][gc] GC(13086) Pause Young (Concurrent Start) (G1 Evacuation Pause) 257M->134M(283M) 1.442ms
[889.184s][info][gc] GC(13087) Concurrent Mark Cycle
[889.204s][info][gc] GC(13087) Pause Remark 173M->173M(283M) 0.476ms
[889.222s][info][gc] GC(13087) Pause Cleanup 209M->209M(283M) 0.050ms
[889.222s][info][gc] GC(13087) Concurrent Mark Cycle 38.369ms
[889.247s][info][gc] GC(13088) Pause Young (Prepare Mixed) (G1 Evacuation Pause) 257M->135M(283M) 1.366ms
[889.300s][info][gc] GC(13089) Pause Young (Mixed) (G1 Evacuation Pause) 256M->135M(337M) 1.417ms
[889.370s][info][gc] GC(13090) Pause Young (Normal) (G1 Evacuation Pause) 307M->137M(337M) 1.569ms
[889.448s][info][gc] GC(13091) Pause Young (Normal) (G1 Evacuation Pause) 307M->138M(337M) 1.424ms
[889.519s][info][gc] GC(13092) Pause Young (Concurrent Start) (G1 Evacuation Pause) 306M->139M(337M) 1.572ms
[889.520s][info][gc] GC(13093) Concurrent Mark Cycle
[889.543s][info][gc] GC(13093) Pause Remark 184M->184M(337M) 0.415ms
[889.565s][info][gc] GC(13093) Pause Cleanup 238M->238M(337M) 0.039ms
[889.565s][info][gc] GC(13093) Concurrent Mark Cycle 45.758ms
[889.592s][info][gc] GC(13094) Pause Young (Prepare Mixed) (G1 Evacuation Pause) 303M->141M(337M) 1.559ms
[889.711s][info][gc] GC(13095) Pause Young (Mixed) (G1 Evacuation Pause) 304M->142M(337M) 1.731ms
[889.780s][info][gc] GC(13096) Pause Young (Concurrent Start) (G1 Evacuation Pause) 303M->146M(337M) 1.639ms
[889.780s][info][gc] GC(13097) Concurrent Mark Cycle
[889.789s][info][gc] GC(13097) Pause Remark 166M->158M(337M) 0.487ms
[889.801s][info][gc] GC(13097) Pause Cleanup 192M->192M(337M) 0.076ms
[889.801s][info][gc] GC(13097) Concurrent Mark Cycle 21.408ms
[889.852s][info][gc] GC(13098) Pause Young (Prepare Mixed) (G1 Evacuation Pause) 295M->139M(337M) 1.672ms
[889.915s][info][gc] GC(13099) Pause Young (Mixed) (G1 Evacuation Pause) 303M->109M(337M) 1.804ms
[890.001s][info][gc] GC(13100) Pause Young (Mixed) (G1 Evacuation Pause) 298M->85M(337M) 1.945ms
[890.079s][info][gc] GC(13101) Pause Young (Mixed) (G1 Evacuation Pause) 272M->87M(337M) 1.735ms
[890.153s][info][gc] GC(13102) Pause Young (Normal) (G1 Evacuation Pause) 273M->87M(337M) 1.664ms
[890.235s][info][gc] GC(13103) Pause Young (Normal) (G1 Evacuation Pause) 277M->89M(337M) 1.502ms
[890.316s][info][gc] GC(13104) Pause Young (Normal) (G1 Evacuation Pause) 276M->91M(337M) 1.638ms
[890.396s][info][gc] GC(13105) Pause Young (Normal) (G1 Evacuation Pause) 277M->93M(337M) 1.692ms
[890.470s][info][gc] GC(13106) Pause Young (Normal) (G1 Evacuation Pause) 279M->94M(337M) 1.597ms
[890.550s][info][gc] GC(13107) Pause Young (Normal) (G1 Evacuation Pause) 281M->95M(337M) 1.633ms
[890.634s][info][gc] GC(13108) Pause Young (Normal) (G1 Evacuation Pause) 282M->98M(337M) 1.844ms
[890.709s][info][gc] GC(13109) Pause Young (Normal) (G1 Evacuation Pause) 283M->97M(337M) 1.532ms
[890.794s][info][gc] GC(13110) Pause Young (Normal) (G1 Evacuation Pause) 285M->100M(337M) 1.699ms
[890.874s][info][gc] GC(13111) Pause Young (Normal) (G1 Evacuation Pause) 285M->101M(337M) 1.875ms
[890.962s][info][gc] GC(13112) Pause Young (Normal) (G1 Evacuation Pause) 288M->104M(337M) 1.635ms
[891.035s][info][gc] GC(13113) Pause Young (Normal) (G1 Evacuation Pause) 290M->104M(337M) 1.742ms
[891.121s][info][gc] GC(13114) Pause Young (Normal) (G1 Evacuation Pause) 291M->106M(337M) 1.790ms
[891.202s][info][gc] GC(13115) Pause Young (Normal) (G1 Evacuation Pause) 293M->107M(337M) 1.674ms
[891.279s][info][gc] GC(13116) Pause Young (Normal) (G1 Evacuation Pause) 294M->109M(337M) 1.636ms
[891.367s][info][gc] GC(13117) Pause Young (Normal) (G1 Evacuation Pause) 296M->112M(337M) 1.666ms
[891.447s][info][gc] GC(13118) Pause Young (Normal) (G1 Evacuation Pause) 296M->112M(337M) 1.676ms
[891.527s][info][gc] GC(13119) Pause Young (Normal) (G1 Evacuation Pause) 299M->114M(337M) 1.658ms
[891.598s][info][gc] GC(13120) Pause Young (Normal) (G1 Evacuation Pause) 301M->116M(337M) 1.631ms
[891.679s][info][gc] GC(13121) Pause Young (Normal) (G1 Evacuation Pause) 303M->117M(337M) 1.935ms
[891.766s][info][gc] GC(13122) Pause Young (Normal) (G1 Evacuation Pause) 303M->120M(337M) 1.638ms
[891.841s][info][gc] GC(13123) Pause Young (Normal) (G1 Evacuation Pause) 302M->121M(337M) 1.733ms
[891.921s][info][gc] GC(13124) Pause Young (Normal) (G1 Evacuation Pause) 302M->122M(337M) 1.736ms
[891.996s][info][gc] GC(13125) Pause Young (Normal) (G1 Evacuation Pause) 301M->124M(337M) 1.627ms
[892.067s][info][gc] GC(13126) Pause Young (Normal) (G1 Evacuation Pause) 303M->124M(337M) 1.553ms
[892.147s][info][gc] GC(13127) Pause Young (Normal) (G1 Evacuation Pause) 304M->126M(337M) 1.634ms
[892.222s][info][gc] GC(13128) Pause Young (Normal) (G1 Evacuation Pause) 302M->129M(337M) 1.824ms
[892.289s][info][gc] GC(13129) Pause Young (Normal) (G1 Evacuation Pause) 302M->128M(337M) 1.694ms
[892.368s][info][gc] GC(13130) Pause Young (Concurrent Start) (G1 Evacuation Pause) 306M->131M(337M) 1.643ms
[892.368s][info][gc] GC(13131) Concurrent Mark Cycle
[892.387s][info][gc] GC(13131) Pause Remark 175M->172M(337M) 0.461ms
[892.401s][info][gc] GC(13131) Pause Cleanup 205M->205M(337M) 0.063ms
[892.401s][info][gc] GC(13131) Concurrent Mark Cycle 32.829ms
[892.448s][info][gc] GC(13132) Pause Young (Prepare Mixed) (G1 Evacuation Pause) 300M->130M(337M) 1.568ms
[892.518s][info][gc] GC(13133) Pause Young (Mixed) (G1 Evacuation Pause) 303M->124M(337M) 1.663ms
[892.599s][info][gc] GC(13134) Pause Young (Normal) (G1 Evacuation Pause) 305M->125M(337M) 1.521ms
[892.676s][info][gc] GC(13135) Pause Young (Normal) (G1 Evacuation Pause) 302M->126M(337M) 1.635ms
[892.747s][info][gc] GC(13136) Pause Young (Normal) (G1 Evacuation Pause) 304M->127M(337M) 1.434ms
[892.826s][info][gc] GC(13137) Pause Young (Concurrent Start) (G1 Evacuation Pause) 305M->129M(337M) 1.605ms
[892.826s][info][gc] GC(13138) Concurrent Mark Cycle
[892.852s][info][gc] GC(13138) Pause Remark 199M->199M(337M) 0.467ms
[892.874s][info][gc] GC(13138) Pause Cleanup 228M->228M(337M) 0.070ms
[892.874s][info][gc] GC(13138) Concurrent Mark Cycle 48.235ms
[892.904s][info][gc] GC(13139) Pause Young (Prepare Mixed) (G1 Evacuation Pause) 301M->131M(337M) 1.792ms
[892.975s][info][gc] GC(13140) Pause Young (Mixed) (G1 Evacuation Pause) 303M->129M(337M) 1.736ms
[893.051s][info][gc] GC(13141) Pause Young (Concurrent Start) (G1 Evacuation Pause) 303M->130M(337M) 1.779ms
[893.051s][info][gc] GC(13142) Concurrent Mark Cycle
[893.072s][info][gc] GC(13142) Pause Remark 181M->181M(337M) 0.407ms
[893.088s][info][gc] GC(13142) Pause Cleanup 219M->219M(337M) 0.062ms
[893.088s][info][gc] GC(13142) Concurrent Mark Cycle 37.190ms
[893.130s][info][gc] GC(13143) Pause Young (Prepare Mixed) (G1 Evacuation Pause) 302M->132M(337M) 1.659ms
[893.196s][info][gc] GC(13144) Pause Young (Mixed) (G1 Evacuation Pause) 302M->130M(337M) 1.588ms
[893.274s][info][gc] GC(13145) Pause Young (Concurrent Start) (G1 Evacuation Pause) 304M->133M(337M) 1.658ms
[893.274s][info][gc] GC(13146) Concurrent Mark Cycle
[893.296s][info][gc] GC(13146) Pause Remark 187M->187M(337M) 0.391ms
[893.322s][info][gc] GC(13146) Pause Cleanup 242M->242M(337M) 0.073ms
[893.322s][info][gc] GC(13146) Concurrent Mark Cycle 48.779ms
[893.350s][info][gc] GC(13147) Pause Young (Prepare Mixed) (G1 Evacuation Pause) 303M->134M(337M) 1.551ms
[893.418s][info][gc] GC(13148) Pause Young (Mixed) (G1 Evacuation Pause) 304M->133M(337M) 1.654ms
[893.497s][info][gc] GC(13149) Pause Young (Concurrent Start) (G1 Evacuation Pause) 304M->134M(337M) 1.516ms
[893.497s][info][gc] GC(13150) Concurrent Mark Cycle
[893.518s][info][gc] GC(13150) Pause Remark 176M->176M(337M) 0.408ms
[893.542s][info][gc] GC(13150) Pause Cleanup 241M->241M(337M) 0.066ms
[893.542s][info][gc] GC(13150) Concurrent Mark Cycle 45.199ms
[893.577s][info][gc] GC(13151) Pause Young (Prepare Mixed) (G1 Evacuation Pause) 303M->137M(337M) 1.553ms
[893.644s][info][gc] GC(13152) Pause Young (Mixed) (G1 Evacuation Pause) 303M->136M(337M) 1.659ms
[893.717s][info][gc] GC(13153) Pause Young (Concurrent Start) (G1 Evacuation Pause) 303M->138M(337M) 1.536ms
[893.717s][info][gc] GC(13154) Concurrent Mark Cycle
[893.746s][info][gc] GC(13154) Pause Remark 194M->194M(337M) 0.401ms
[893.764s][info][gc] GC(13154) Pause Cleanup 236M->236M(337M) 0.057ms
[893.765s][info][gc] GC(13154) Concurrent Mark Cycle 47.387ms
[893.800s][info][gc] GC(13155) Pause Young (Prepare Mixed) (G1 Evacuation Pause) 305M->139M(337M) 1.579ms
[893.869s][info][gc] GC(13156) Pause Young (Mixed) (G1 Evacuation Pause) 304M->140M(337M) 1.784ms
[893.938s][info][gc] GC(13157) Pause Young (Concurrent Start) (G1 Evacuation Pause) 303M->140M(337M) 1.653ms
[893.938s][info][gc] GC(13158) Concurrent Mark Cycle
[893.964s][info][gc] GC(13158) Pause Remark 191M->191M(337M) 0.437ms
[893.991s][info][gc] GC(13158) Pause Cleanup 249M->249M(337M) 0.066ms
[893.991s][info][gc] GC(13158) Concurrent Mark Cycle 53.165ms
[894.012s][info][gc] GC(13159) Pause Young (Prepare Mixed) (G1 Evacuation Pause) 304M->142M(337M) 1.556ms
[894.084s][info][gc] GC(13160) Pause Young (Mixed) (G1 Evacuation Pause) 302M->143M(337M) 1.852ms
[894.153s][info][gc] GC(13161) Pause Young (Concurrent Start) (G1 Evacuation Pause) 303M->144M(337M) 1.893ms
[894.153s][info][gc] GC(13162) Concurrent Mark Cycle
[894.184s][info][gc] GC(13162) Pause Remark 215M->215M(337M) 0.483ms
[894.211s][info][gc] GC(13162) Pause Cleanup 268M->268M(337M) 0.069ms
[894.211s][info][gc] GC(13162) Concurrent Mark Cycle 58.160ms
[894.227s][info][gc] GC(13163) Pause Young (Prepare Mixed) (G1 Evacuation Pause) 305M->145M(337M) 1.502ms
[894.297s][info][gc] GC(13164) Pause Young (Mixed) (G1 Evacuation Pause) 304M->147M(337M) 1.844ms
[894.364s][info][gc] GC(13165) Pause Young (Concurrent Start) (G1 Evacuation Pause) 306M->147M(337M) 1.635ms
[894.364s][info][gc] GC(13166) Concurrent Mark Cycle
[894.391s][info][gc] GC(13166) Pause Remark 192M->192M(337M) 0.405ms
[894.416s][info][gc] GC(13166) Pause Cleanup 247M->247M(337M) 0.063ms
[894.417s][info][gc] GC(13166) Concurrent Mark Cycle 52.995ms
[894.447s][info][gc] GC(13167) Pause Young (Prepare Mixed) (G1 Evacuation Pause) 306M->148M(337M) 1.580ms
[894.516s][info][gc] GC(13168) Pause Young (Mixed) (G1 Evacuation Pause) 306M->150M(337M) 1.688ms
[894.579s][info][gc] GC(13169) Pause Young (Concurrent Start) (G1 Evacuation Pause) 305M->152M(337M) 1.576ms
[894.579s][info][gc] GC(13170) Concurrent Mark Cycle
[894.606s][info][gc] GC(13170) Pause Remark 217M->217M(337M) 0.424ms
[894.636s][info][gc] GC(13170) Pause Cleanup 268M->268M(337M) 0.047ms
[894.636s][info][gc] GC(13170) Concurrent Mark Cycle 57.027ms
[894.651s][info][gc] GC(13171) Pause Young (Prepare Mixed) (G1 Evacuation Pause) 305M->152M(337M) 1.433ms
[894.713s][info][gc] GC(13172) Pause Young (Mixed) (G1 Evacuation Pause) 304M->153M(337M) 1.624ms
[894.782s][info][gc] GC(13173) Pause Young (Concurrent Start) (G1 Evacuation Pause) 304M->155M(337M) 1.561ms
[894.782s][info][gc] GC(13174) Concurrent Mark Cycle
[894.808s][info][gc] GC(13174) Pause Remark 209M->209M(337M) 0.414ms
[894.832s][info][gc] GC(13174) Pause Cleanup 269M->269M(337M) 0.056ms
[894.833s][info][gc] GC(13174) Concurrent Mark Cycle 51.011ms
[894.848s][info][gc] GC(13175) Pause Young (Prepare Mixed) (G1 Evacuation Pause) 305M->154M(337M) 1.366ms
[894.916s][info][gc] GC(13176) Pause Young (Mixed) (G1 Evacuation Pause) 306M->156M(337M) 1.485ms
[894.985s][info][gc] GC(13177) Pause Young (Concurrent Start) (G1 Evacuation Pause) 305M->158M(337M) 1.595ms
[894.985s][info][gc] GC(13178) Concurrent Mark Cycle
[895.012s][info][gc] GC(13178) Pause Remark 226M->226M(337M) 0.423ms
[895.038s][info][gc] GC(13178) Pause Cleanup 281M->281M(337M) 0.054ms
[895.038s][info][gc] GC(13178) Concurrent Mark Cycle 53.788ms
[895.048s][info][gc] GC(13179) Pause Young (Prepare Mixed) (G1 Evacuation Pause) 303M->159M(337M) 1.441ms
[895.113s][info][gc] GC(13180) Pause Young (Mixed) (G1 Evacuation Pause) 306M->160M(337M) 1.504ms
[895.170s][info][gc] GC(13181) Pause Young (Concurrent Start) (G1 Evacuation Pause) 306M->161M(337M) 1.452ms
[895.170s][info][gc] GC(13182) Concurrent Mark Cycle
[895.199s][info][gc] GC(13182) Pause Remark 219M->219M(337M) 0.431ms
[895.225s][info][gc] GC(13182) Pause Cleanup 258M->258M(337M) 0.067ms
[895.225s][info][gc] GC(13182) Concurrent Mark Cycle 55.220ms
[895.244s][info][gc] GC(13183) Pause Young (Prepare Mixed) (G1 Evacuation Pause) 306M->163M(337M) 1.459ms
[895.302s][info][gc] GC(13184) Pause Young (Mixed) (G1 Evacuation Pause) 306M->163M(337M) 1.499ms
[895.364s][info][gc] GC(13185) Pause Young (Concurrent Start) (G1 Evacuation Pause) 307M->165M(337M) 1.468ms
[895.364s][info][gc] GC(13186) Concurrent Mark Cycle
[895.395s][info][gc] GC(13186) Pause Remark 238M->238M(337M) 0.420ms
[895.420s][info][gc] GC(13186) Pause Cleanup 283M->283M(337M) 0.053ms
[895.420s][info][gc] GC(13186) Concurrent Mark Cycle 55.906ms
[895.446s][info][gc] GC(13187) Pause Young (Prepare Mixed) (G1 Evacuation Pause) 304M->162M(337M) 0.977ms
[895.548s][info][gc] GC(13188) Pause Young (Mixed) (G1 Evacuation Pause) 311M->168M(337M) 1.682ms
[895.621s][info][gc] GC(13189) Pause Young (Concurrent Start) (G1 Evacuation Pause) 305M->169M(337M) 1.533ms
[895.621s][info][gc] GC(13190) Concurrent Mark Cycle
[895.628s][info][gc] GC(13190) Pause Remark 177M->82M(254M) 1.110ms
[895.631s][info][gc] GC(13190) Pause Cleanup 85M->85M(254M) 0.057ms
[895.631s][info][gc] GC(13190) Concurrent Mark Cycle 9.764ms
[895.700s][info][gc] GC(13191) Pause Young (Prepare Mixed) (G1 Evacuation Pause) 214M->75M(254M) 1.500ms
[895.773s][info][gc] GC(13192) Pause Young (Mixed) (G1 Evacuation Pause) 215M->56M(254M) 1.632ms
[895.844s][info][gc] GC(13193) Pause Young (Normal) (G1 Evacuation Pause) 196M->55M(254M) 1.546ms
[895.924s][info][gc] GC(13194) Pause Young (Normal) (G1 Evacuation Pause) 197M->57M(254M) 1.498ms
[895.996s][info][gc] GC(13195) Pause Young (Normal) (G1 Evacuation Pause) 197M->59M(254M) 1.515ms
[896.068s][info][gc] GC(13196) Pause Young (Normal) (G1 Evacuation Pause) 200M->59M(254M) 1.289ms
[896.144s][info][gc] GC(13197) Pause Young (Normal) (G1 Evacuation Pause) 200M->61M(254M) 1.346ms
[896.219s][info][gc] GC(13198) Pause Young (Normal) (G1 Evacuation Pause) 201M->62M(254M) 1.365ms
[896.295s][info][gc] GC(13199) Pause Young (Normal) (G1 Evacuation Pause) 202M->63M(254M) 1.354ms
[896.371s][info][gc] GC(13200) Pause Young (Normal) (G1 Evacuation Pause) 203M->64M(254M) 1.454ms
[896.443s][info][gc] GC(13201) Pause Young (Normal) (G1 Evacuation Pause) 204M->66M(254M) 1.469ms
[896.519s][info][gc] GC(13202) Pause Young (Normal) (G1 Evacuation Pause) 205M->67M(254M) 1.572ms
[896.594s][info][gc] GC(13203) Pause Young (Normal) (G1 Evacuation Pause) 208M->68M(254M) 1.350ms
[896.666s][info][gc] GC(13204) Pause Young (Normal) (G1 Evacuation Pause) 208M->70M(254M) 1.448ms
[896.741s][info][gc] GC(13205) Pause Young (Normal) (G1 Evacuation Pause) 209M->70M(254M) 1.470ms
[896.812s][info][gc] GC(13206) Pause Young (Normal) (G1 Evacuation Pause) 211M->71M(254M) 1.297ms
[896.885s][info][gc] GC(13207) Pause Young (Normal) (G1 Evacuation Pause) 212M->73M(254M) 1.794ms
[896.961s][info][gc] GC(13208) Pause Young (Normal) (G1 Evacuation Pause) 213M->74M(254M) 1.412ms
[897.033s][info][gc] GC(13209) Pause Young (Normal) (G1 Evacuation Pause) 214M->75M(254M) 1.390ms
[897.108s][info][gc] GC(13210) Pause Young (Normal) (G1 Evacuation Pause) 215M->76M(254M) 1.634ms
[897.187s][info][gc] GC(13211) Pause Young (Normal) (G1 Evacuation Pause) 216M->77M(254M) 1.439ms
[897.262s][info][gc] GC(13212) Pause Young (Normal) (G1 Evacuation Pause) 217M->79M(254M) 1.434ms
[897.334s][info][gc] GC(13213) Pause Young (Normal) (G1 Evacuation Pause) 219M->80M(254M) 1.438ms
[897.411s][info][gc] GC(13214) Pause Young (Normal) (G1 Evacuation Pause) 221M->80M(254M) 1.343ms
[897.485s][info][gc] GC(13215) Pause Young (Normal) (G1 Evacuation Pause) 221M->82M(254M) 1.296ms
[897.559s][info][gc] GC(13216) Pause Young (Normal) (G1 Evacuation Pause) 222M->83M(254M) 1.400ms
[897.635s][info][gc] GC(13217) Pause Young (Normal) (G1 Evacuation Pause) 223M->84M(254M) 1.426ms
[897.712s][info][gc] GC(13218) Pause Young (Normal) (G1 Evacuation Pause) 225M->85M(254M) 1.347ms
[897.784s][info][gc] GC(13219) Pause Young (Normal) (G1 Evacuation Pause) 225M->87M(254M) 1.453ms
[897.856s][info][gc] GC(13220) Pause Young (Normal) (G1 Evacuation Pause) 225M->87M(254M) 1.346ms
[897.931s][info][gc] GC(13221) Pause Young (Normal) (G1 Evacuation Pause) 228M->89M(254M) 1.383ms
[898.000s][info][gc] GC(13222) Pause Young (Normal) (G1 Evacuation Pause) 227M->90M(254M) 1.355ms
[898.074s][info][gc] GC(13223) Pause Young (Normal) (G1 Evacuation Pause) 228M->91M(254M) 1.312ms
[898.145s][info][gc] GC(13224) Pause Young (Normal) (G1 Evacuation Pause) 229M->92M(254M) 1.453ms
[898.211s][info][gc] GC(13225) Pause Young (Normal) (G1 Evacuation Pause) 226M->94M(254M) 1.414ms
[898.277s][info][gc] GC(13226) Pause Young (Normal) (G1 Evacuation Pause) 227M->93M(254M) 1.396ms
[898.348s][info][gc] GC(13227) Pause Young (Normal) (G1 Evacuation Pause) 227M->95M(254M) 1.296ms
[898.419s][info][gc] GC(13228) Pause Young (Normal) (G1 Evacuation Pause) 227M->96M(254M) 1.455ms
[898.485s][info][gc] GC(13229) Pause Young (Normal) (G1 Evacuation Pause) 226M->97M(254M) 1.298ms
[898.550s][info][gc] GC(13230) Pause Young (Concurrent Start) (G1 Evacuation Pause) 229M->99M(254M) 1.333ms
[898.550s][info][gc] GC(13231) Concurrent Mark Cycle
[898.565s][info][gc] GC(13231) Pause Remark 123M->118M(254M) 0.412ms
[898.576s][info][gc] GC(13231) Pause Cleanup 134M->134M(254M) 0.063ms
[898.576s][info][gc] GC(13231) Concurrent Mark Cycle 25.927ms
[898.624s][info][gc] GC(13232) Pause Young (Prepare Mixed) (G1 Evacuation Pause) 222M->95M(254M) 1.252ms
[898.691s][info][gc] GC(13233) Pause Young (Mixed) (G1 Evacuation Pause) 226M->92M(254M) 1.444ms
[898.759s][info][gc] GC(13234) Pause Young (Normal) (G1 Evacuation Pause) 226M->93M(254M) 1.445ms
[898.830s][info][gc] GC(13235) Pause Young (Normal) (G1 Evacuation Pause) 228M->95M(254M) 1.357ms
[898.895s][info][gc] GC(13236) Pause Young (Normal) (G1 Evacuation Pause) 227M->95M(254M) 1.369ms
[898.965s][info][gc] GC(13237) Pause Young (Normal) (G1 Evacuation Pause) 227M->97M(254M) 1.516ms
[899.037s][info][gc] GC(13238) Pause Young (Concurrent Start) (G1 Evacuation Pause) 228M->98M(254M) 1.516ms
[899.037s][info][gc] GC(13239) Concurrent Mark Cycle
[899.052s][info][gc] GC(13239) Pause Remark 120M->120M(254M) 0.467ms
[899.061s][info][gc] GC(13239) Pause Cleanup 138M->138M(254M) 0.059ms
[899.061s][info][gc] GC(13239) Concurrent Mark Cycle 23.795ms
[899.108s][info][gc] GC(13240) Pause Young (Prepare Mixed) (G1 Evacuation Pause) 227M->99M(254M) 1.425ms
[899.181s][info][gc] GC(13241) Pause Young (Mixed) (G1 Evacuation Pause) 227M->97M(254M) 1.358ms
[899.247s][info][gc] GC(13242) Pause Young (Concurrent Start) (G1 Evacuation Pause) 228M->98M(254M) 1.237ms
[899.247s][info][gc] GC(13243) Concurrent Mark Cycle
[899.265s][info][gc] GC(13243) Pause Remark 117M->117M(254M) 0.449ms
[899.278s][info][gc] GC(13243) Pause Cleanup 138M->138M(254M) 0.070ms
[899.278s][info][gc] GC(13243) Concurrent Mark Cycle 31.008ms
[899.330s][info][gc] GC(13244) Pause Young (Prepare Mixed) (G1 Evacuation Pause) 227M->101M(254M) 1.444ms
[899.395s][info][gc] GC(13245) Pause Young (Mixed) (G1 Evacuation Pause) 227M->98M(254M) 1.323ms
[899.460s][info][gc] GC(13246) Pause Young (Concurrent Start) (G1 Evacuation Pause) 228M->99M(254M) 1.363ms
[899.460s][info][gc] GC(13247) Concurrent Mark Cycle
[899.476s][info][gc] GC(13247) Pause Remark 132M->132M(254M) 0.418ms
[899.487s][info][gc] GC(13247) Pause Cleanup 150M->150M(254M) 0.059ms
[899.488s][info][gc] GC(13247) Concurrent Mark Cycle 27.745ms
[899.533s][info][gc] GC(13248) Pause Young (Prepare Mixed) (G1 Evacuation Pause) 227M->101M(254M) 1.485ms
[899.602s][info][gc] GC(13249) Pause Young (Mixed) (G1 Evacuation Pause) 228M->99M(254M) 1.330ms
[899.676s][info][gc] GC(13250) Pause Young (Concurrent Start) (G1 Evacuation Pause) 229M->101M(254M) 1.428ms
[899.676s][info][gc] GC(13251) Concurrent Mark Cycle
[899.693s][info][gc] GC(13251) Pause Remark 134M->134M(254M) 0.485ms
[899.704s][info][gc] GC(13251) Pause Cleanup 159M->159M(254M) 0.053ms
[899.704s][info][gc] GC(13251) Concurrent Mark Cycle 27.773ms
[899.741s][info][gc] GC(13252) Pause Young (Prepare Mixed) (G1 Evacuation Pause) 225M->102M(254M) 1.381ms
[899.809s][info][gc] GC(13253) Pause Young (Mixed) (G1 Evacuation Pause) 229M->102M(254M) 1.276ms
[899.878s][info][gc] GC(13254) Pause Young (Concurrent Start) (G1 Evacuation Pause) 226M->103M(254M) 1.358ms
[899.878s][info][gc] GC(13255) Concurrent Mark Cycle
[899.896s][info][gc] GC(13255) Pause Remark 124M->124M(254M) 0.436ms
[899.907s][info][gc] GC(13255) Pause Cleanup 148M->148M(254M) 0.058ms
[899.907s][info][gc] GC(13255) Concurrent Mark Cycle 28.901ms
[899.948s][info][gc] GC(13256) Pause Young (Prepare Mixed) (G1 Evacuation Pause) 229M->103M(254M) 1.339ms
[900.018s][info][gc] GC(13257) Pause Young (Mixed) (G1 Evacuation Pause) 227M->104M(254M) 1.479ms
[900.083s][info][gc] GC(13258) Pause Young (Concurrent Start) (G1 Evacuation Pause) 228M->105M(254M) 1.464ms
[900.083s][info][gc] GC(13259) Concurrent Mark Cycle
[900.102s][info][gc] GC(13259) Pause Remark 136M->136M(254M) 0.455ms
[900.114s][info][gc] GC(13259) Pause Cleanup 153M->153M(254M) 0.053ms
[900.114s][info][gc] GC(13259) Concurrent Mark Cycle 30.785ms
[900.151s][info][gc] GC(13260) Pause Young (Prepare Mixed) (G1 Evacuation Pause) 229M->106M(254M) 1.502ms
[900.219s][info][gc] GC(13261) Pause Young (Mixed) (G1 Evacuation Pause) 228M->107M(254M) 1.375ms
[900.284s][info][gc] GC(13262) Pause Young (Concurrent Start) (G1 Evacuation Pause) 228M->108M(254M) 1.305ms
[900.285s][info][gc] GC(13263) Concurrent Mark Cycle
[900.304s][info][gc] GC(13263) Pause Remark 141M->141M(254M) 0.435ms
[900.318s][info][gc] GC(13263) Pause Cleanup 167M->167M(254M) 0.055ms
[900.318s][info][gc] GC(13263) Concurrent Mark Cycle 33.448ms
[900.350s][info][gc] GC(13264) Pause Young (Prepare Mixed) (G1 Evacuation Pause) 228M->109M(254M) 1.307ms
[900.414s][info][gc] GC(13265) Pause Young (Mixed) (G1 Evacuation Pause) 229M->110M(254M) 1.498ms
[900.473s][info][gc] GC(13266) Pause Young (Concurrent Start) (G1 Evacuation Pause) 228M->110M(254M) 1.234ms
[900.473s][info][gc] GC(13267) Concurrent Mark Cycle
[900.492s][info][gc] GC(13267) Pause Remark 149M->149M(254M) 0.392ms
[900.504s][info][gc] GC(13267) Pause Cleanup 172M->172M(254M) 0.052ms
[900.504s][info][gc] GC(13267) Concurrent Mark Cycle 31.028ms
[900.538s][info][gc] GC(13268) Pause Young (Prepare Mixed) (G1 Evacuation Pause) 228M->111M(254M) 1.205ms
[900.599s][info][gc] GC(13269) Pause Young (Mixed) (G1 Evacuation Pause) 228M->112M(254M) 1.497ms
[900.666s][info][gc] GC(13270) Pause Young (Concurrent Start) (G1 Evacuation Pause) 227M->113M(254M) 1.329ms
[900.666s][info][gc] GC(13271) Concurrent Mark Cycle
[900.687s][info][gc] GC(13271) Pause Remark 148M->148M(254M) 0.420ms
[900.700s][info][gc] GC(13271) Pause Cleanup 163M->163M(254M) 0.056ms
[900.700s][info][gc] GC(13271) Concurrent Mark Cycle 33.947ms
[900.731s][info][gc] GC(13272) Pause Young (Prepare Mixed) (G1 Evacuation Pause) 228M->113M(254M) 1.350ms
[900.799s][info][gc] GC(13273) Pause Young (Mixed) (G1 Evacuation Pause) 229M->114M(254M) 1.326ms
[900.866s][info][gc] GC(13274) Pause Young (Concurrent Start) (G1 Evacuation Pause) 228M->117M(254M) 1.352ms
[900.866s][info][gc] GC(13275) Concurrent Mark Cycle
[900.886s][info][gc] GC(13275) Pause Remark 155M->155M(254M) 0.410ms
[900.898s][info][gc] GC(13275) Pause Cleanup 167M->167M(254M) 0.047ms
[900.899s][info][gc] GC(13275) Concurrent Mark Cycle 32.800ms
[900.931s][info][gc] GC(13276) Pause Young (Prepare Mixed) (G1 Evacuation Pause) 228M->116M(254M) 1.264ms
[900.991s][info][gc] GC(13277) Pause Young (Mixed) (G1 Evacuation Pause) 229M->117M(254M) 1.350ms
[901.053s][info][gc] GC(13278) Pause Young (Concurrent Start) (G1 Evacuation Pause) 228M->119M(254M) 1.441ms
[901.053s][info][gc] GC(13279) Concurrent Mark Cycle
[901.072s][info][gc] GC(13279) Pause Remark 151M->151M(254M) 0.419ms
[901.085s][info][gc] GC(13279) Pause Cleanup 176M->176M(254M) 0.053ms
[901.085s][info][gc] GC(13279) Concurrent Mark Cycle 32.290ms
[901.114s][info][gc] GC(13280) Pause Young (Prepare Mixed) (G1 Evacuation Pause) 230M->119M(254M) 1.153ms
[901.278s][info][gc] GC(13281) Pause Young (Mixed) (G1 Evacuation Pause) 231M->122M(254M) 1.301ms
[901.355s][info][gc] GC(13282) Pause Young (Concurrent Start) (G1 Evacuation Pause) 228M->122M(254M) 1.262ms
[901.355s][info][gc] GC(13283) Concurrent Mark Cycle
[901.360s][info][gc] GC(13283) Pause Remark 128M->64M(197M) 0.407ms
[901.362s][info][gc] GC(13283) Pause Cleanup 69M->69M(197M) 0.050ms
[901.362s][info][gc] GC(13283) Concurrent Mark Cycle 7.234ms
[901.422s][info][gc] GC(13284) Pause Young (Prepare Mixed) (G1 Evacuation Pause) 167M->59M(197M) 1.194ms
[901.498s][info][gc] GC(13285) Pause Young (Mixed) (G1 Evacuation Pause) 168M->49M(197M) 1.418ms
[901.581s][info][gc] GC(13286) Pause Young (Normal) (G1 Evacuation Pause) 158M->51M(197M) 1.391ms
[901.644s][info][gc] GC(13287) Pause Young (Normal) (G1 Evacuation Pause) 159M->52M(197M) 1.268ms
[901.723s][info][gc] GC(13288) Pause Young (Normal) (G1 Evacuation Pause) 162M->52M(197M) 1.120ms
[901.801s][info][gc] GC(13289) Pause Young (Normal) (G1 Evacuation Pause) 162M->53M(197M) 1.111ms
[901.865s][info][gc] GC(13290) Pause Young (Normal) (G1 Evacuation Pause) 161M->54M(197M) 1.112ms
[901.943s][info][gc] GC(13291) Pause Young (Normal) (G1 Evacuation Pause) 164M->55M(197M) 1.105ms
[902.018s][info][gc] GC(13292) Pause Young (Normal) (G1 Evacuation Pause) 164M->56M(197M) 1.309ms
[902.085s][info][gc] GC(13293) Pause Young (Normal) (G1 Evacuation Pause) 164M->56M(197M) 1.042ms
[902.165s][info][gc] GC(13294) Pause Young (Normal) (G1 Evacuation Pause) 166M->58M(197M) 1.106ms
[902.241s][info][gc] GC(13295) Pause Young (Normal) (G1 Evacuation Pause) 167M->59M(197M) 1.131ms
[902.307s][info][gc] GC(13296) Pause Young (Normal) (G1 Evacuation Pause) 167M->59M(197M) 1.128ms
[902.381s][info][gc] GC(13297) Pause Young (Normal) (G1 Evacuation Pause) 169M->60M(197M) 1.140ms
[902.460s][info][gc] GC(13298) Pause Young (Normal) (G1 Evacuation Pause) 168M->61M(197M) 1.201ms
[902.537s][info][gc] GC(13299) Pause Young (Normal) (G1 Evacuation Pause) 170M->61M(197M) 1.095ms
[902.609s][info][gc] GC(13300) Pause Young (Normal) (G1 Evacuation Pause) 170M->63M(197M) 1.118ms
[902.688s][info][gc] GC(13301) Pause Young (Normal) (G1 Evacuation Pause) 172M->64M(197M) 1.320ms
[902.768s][info][gc] GC(13302) Pause Young (Normal) (G1 Evacuation Pause) 173M->65M(197M) 1.244ms
[902.835s][info][gc] GC(13303) Pause Young (Normal) (G1 Evacuation Pause) 173M->66M(197M) 1.137ms
[902.922s][info][gc] GC(13304) Pause Young (Normal) (G1 Evacuation Pause) 175M->67M(197M) 1.212ms
[903.005s][info][gc] GC(13305) Pause Young (Normal) (G1 Evacuation Pause) 176M->67M(197M) 1.178ms
[903.073s][info][gc] GC(13306) Pause Young (Normal) (G1 Evacuation Pause) 175M->68M(197M) 1.153ms
[903.153s][info][gc] GC(13307) Pause Young (Normal) (G1 Evacuation Pause) 176M->69M(197M) 1.136ms
[903.229s][info][gc] GC(13308) Pause Young (Normal) (G1 Evacuation Pause) 176M->70M(197M) 1.234ms
[903.298s][info][gc] GC(13309) Pause Young (Normal) (G1 Evacuation Pause) 176M->71M(197M) 1.153ms
[903.374s][info][gc] GC(13310) Pause Young (Normal) (G1 Evacuation Pause) 176M->72M(197M) 1.293ms
[903.451s][info][gc] GC(13311) Pause Young (Normal) (G1 Evacuation Pause) 176M->73M(197M) 1.272ms
[903.518s][info][gc] GC(13312) Pause Young (Normal) (G1 Evacuation Pause) 176M->73M(197M) 1.244ms
[903.603s][info][gc] GC(13313) Pause Young (Concurrent Start) (G1 Evacuation Pause) 176M->75M(197M) 1.256ms
[903.603s][info][gc] GC(13314) Concurrent Mark Cycle
[903.612s][info][gc] GC(13314) Pause Remark 92M->86M(197M) 0.467ms
[903.621s][info][gc] GC(13314) Pause Cleanup 98M->98M(197M) 0.042ms
[903.621s][info][gc] GC(13314) Concurrent Mark Cycle 17.830ms
[903.677s][info][gc] GC(13315) Pause Young (Prepare Mixed) (G1 Evacuation Pause) 170M->69M(197M) 1.171ms
[903.751s][info][gc] GC(13316) Pause Young (Mixed) (G1 Evacuation Pause) 176M->67M(197M) 1.189ms
[903.830s][info][gc] GC(13317) Pause Young (Normal) (G1 Evacuation Pause) 175M->69M(197M) 1.267ms
[903.900s][info][gc] GC(13318) Pause Young (Normal) (G1 Evacuation Pause) 175M->69M(197M) 1.216ms
[903.973s][info][gc] GC(13319) Pause Young (Normal) (G1 Evacuation Pause) 175M->70M(197M) 1.058ms
[904.051s][info][gc] GC(13320) Pause Young (Normal) (G1 Evacuation Pause) 175M->71M(197M) 1.131ms
[904.123s][info][gc] GC(13321) Pause Young (Normal) (G1 Evacuation Pause) 174M->72M(197M) 1.126ms
[904.187s][info][gc] GC(13322) Pause Young (Normal) (G1 Evacuation Pause) 176M->72M(197M) 1.077ms
[904.259s][info][gc] GC(13323) Pause Young (Normal) (G1 Evacuation Pause) 175M->74M(197M) 1.072ms
[904.334s][info][gc] GC(13324) Pause Young (Normal) (G1 Evacuation Pause) 176M->75M(197M) 1.178ms
[904.395s][info][gc] GC(13325) Pause Young (Concurrent Start) (G1 Evacuation Pause) 176M->76M(197M) 1.160ms
[904.395s][info][gc] GC(13326) Concurrent Mark Cycle
[904.406s][info][gc] GC(13326) Pause Remark 93M->93M(197M) 0.410ms
[904.415s][info][gc] GC(13326) Pause Cleanup 108M->108M(197M) 0.054ms
[904.415s][info][gc] GC(13326) Concurrent Mark Cycle 19.619ms
[904.471s][info][gc] GC(13327) Pause Young (Prepare Mixed) (G1 Evacuation Pause) 176M->77M(197M) 1.244ms
[904.536s][info][gc] GC(13328) Pause Young (Mixed) (G1 Evacuation Pause) 176M->75M(197M) 1.134ms
[904.607s][info][gc] GC(13329) Pause Young (Concurrent Start) (G1 Evacuation Pause) 176M->76M(197M) 1.114ms
[904.607s][info][gc] GC(13330) Concurrent Mark Cycle
[904.619s][info][gc] GC(13330) Pause Remark 94M->94M(197M) 0.503ms
[904.627s][info][gc] GC(13330) Pause Cleanup 108M->108M(197M) 0.052ms
[904.628s][info][gc] GC(13330) Concurrent Mark Cycle 20.154ms
[904.683s][info][gc] GC(13331) Pause Young (Prepare Mixed) (G1 Evacuation Pause) 175M->78M(197M) 1.342ms
[904.744s][info][gc] GC(13332) Pause Young (Mixed) (G1 Evacuation Pause) 176M->77M(197M) 1.114ms
[904.819s][info][gc] GC(13333) Pause Young (Concurrent Start) (G1 Evacuation Pause) 177M->78M(197M) 1.198ms
[904.819s][info][gc] GC(13334) Concurrent Mark Cycle
[904.832s][info][gc] GC(13334) Pause Remark 95M->95M(197M) 0.509ms
[904.841s][info][gc] GC(13334) Pause Cleanup 108M->108M(197M) 0.052ms
[904.841s][info][gc] GC(13334) Concurrent Mark Cycle 22.244ms
[904.926s][info][gc] GC(13335) Pause Young (Prepare Mixed) (G1 Evacuation Pause) 176M->77M(197M) 1.115ms
[905.089s][info][gc] GC(13336) Pause Young (Mixed) (G1 Evacuation Pause) 176M->79M(197M) 1.250ms
[905.156s][info][gc] GC(13337) Pause Young (Concurrent Start) (G1 Evacuation Pause) 175M->79M(197M) 1.207ms
[905.156s][info][gc] GC(13338) Concurrent Mark Cycle
[905.161s][info][gc] GC(13338) Pause Remark 82M->50M(164M) 0.432ms
[905.163s][info][gc] GC(13338) Pause Cleanup 50M->50M(164M) 0.049ms
[905.163s][info][gc] GC(13338) Concurrent Mark Cycle 6.703ms
[905.224s][info][gc] GC(13339) Pause Young (Prepare Mixed) (G1 Evacuation Pause) 137M->49M(164M) 1.205ms
[905.286s][info][gc] GC(13340) Pause Young (Mixed) (G1 Evacuation Pause) 138M->48M(164M) 1.137ms
[905.344s][info][gc] GC(13341) Pause Young (Normal) (G1 Evacuation Pause) 138M->48M(164M) 1.127ms
[905.406s][info][gc] GC(13342) Pause Young (Normal) (G1 Evacuation Pause) 138M->49M(164M) 1.081ms
[905.463s][info][gc] GC(13343) Pause Young (Normal) (G1 Evacuation Pause) 140M->50M(164M) 1.002ms
[905.530s][info][gc] GC(13344) Pause Young (Normal) (G1 Evacuation Pause) 140M->50M(164M) 0.994ms
[905.592s][info][gc] GC(13345) Pause Young (Normal) (G1 Evacuation Pause) 140M->50M(164M) 0.958ms
[905.664s][info][gc] GC(13346) Pause Young (Normal) (G1 Evacuation Pause) 141M->52M(164M) 1.517ms
[905.727s][info][gc] GC(13347) Pause Young (Normal) (G1 Evacuation Pause) 141M->53M(164M) 1.153ms
[905.791s][info][gc] GC(13348) Pause Young (Normal) (G1 Evacuation Pause) 143M->54M(164M) 1.087ms
[905.859s][info][gc] GC(13349) Pause Young (Normal) (G1 Evacuation Pause) 143M->54M(164M) 1.117ms
[905.915s][info][gc] GC(13350) Pause Young (Normal) (G1 Evacuation Pause) 145M->54M(164M) 0.926ms
[905.983s][info][gc] GC(13351) Pause Young (Normal) (G1 Evacuation Pause) 144M->56M(164M) 1.320ms
[906.046s][info][gc] GC(13352) Pause Young (Normal) (G1 Evacuation Pause) 145M->56M(164M) 1.237ms
[906.108s][info][gc] GC(13353) Pause Young (Normal) (G1 Evacuation Pause) 146M->57M(164M) 1.014ms
[906.174s][info][gc] GC(13354) Pause Young (Normal) (G1 Evacuation Pause) 145M->58M(164M) 1.050ms
[906.229s][info][gc] GC(13355) Pause Young (Normal) (G1 Evacuation Pause) 145M->59M(164M) 1.069ms
[906.293s][info][gc] GC(13356) Pause Young (Normal) (G1 Evacuation Pause) 145M->59M(164M) 1.075ms
[906.346s][info][gc] GC(13357) Pause Young (Normal) (G1 Evacuation Pause) 146M->59M(164M) 0.976ms
[906.416s][info][gc] GC(13358) Pause Young (Normal) (G1 Evacuation Pause) 146M->61M(164M) 1.089ms
[906.462s][info][gc] GC(13359) Pause Young (Normal) (G1 Evacuation Pause) 144M->60M(164M) 1.016ms
[906.526s][info][gc] GC(13360) Pause Young (Concurrent Start) (G1 Evacuation Pause) 147M->62M(164M) 0.971ms
[906.526s][info][gc] GC(13361) Concurrent Mark Cycle
[906.532s][info][gc] GC(13361) Pause Remark 71M->66M(164M) 0.400ms
[906.536s][info][gc] GC(13361) Pause Cleanup 74M->74M(164M) 0.049ms
[906.536s][info][gc] GC(13361) Concurrent Mark Cycle 9.638ms
[906.580s][info][gc] GC(13362) Pause Young (Prepare Mixed) (G1 Evacuation Pause) 142M->57M(164M) 1.033ms
[906.644s][info][gc] GC(13363) Pause Young (Mixed) (G1 Evacuation Pause) 146M->56M(164M) 1.004ms
[906.707s][info][gc] GC(13364) Pause Young (Normal) (G1 Evacuation Pause) 146M->56M(164M) 0.998ms
[906.766s][info][gc] GC(13365) Pause Young (Normal) (G1 Evacuation Pause) 145M->58M(164M) 1.010ms
[906.828s][info][gc] GC(13366) Pause Young (Normal) (G1 Evacuation Pause) 145M->58M(164M) 1.239ms
[906.886s][info][gc] GC(13367) Pause Young (Normal) (G1 Evacuation Pause) 145M->59M(164M) 1.040ms
[906.951s][info][gc] GC(13368) Pause Young (Normal) (G1 Evacuation Pause) 147M->59M(164M) 0.968ms
[907.006s][info][gc] GC(13369) Pause Young (Normal) (G1 Evacuation Pause) 146M->59M(164M) 0.963ms
[907.066s][info][gc] GC(13370) Pause Young (Normal) (G1 Evacuation Pause) 146M->61M(164M) 0.986ms
[907.123s][info][gc] GC(13371) Pause Young (Normal) (G1 Evacuation Pause) 146M->61M(164M) 1.000ms
[907.182s][info][gc] GC(13372) Pause Young (Concurrent Start) (G1 Evacuation Pause) 146M->62M(164M) 0.999ms
[907.182s][info][gc] GC(13373) Concurrent Mark Cycle
[907.189s][info][gc] GC(13373) Pause Remark 73M->73M(164M) 0.398ms
[907.194s][info][gc] GC(13373) Pause Cleanup 81M->81M(164M) 0.054ms
[907.194s][info][gc] GC(13373) Concurrent Mark Cycle 11.877ms
[907.240s][info][gc] GC(13374) Pause Young (Prepare Mixed) (G1 Evacuation Pause) 145M->63M(164M) 1.027ms
[907.300s][info][gc] GC(13375) Pause Young (Mixed) (G1 Evacuation Pause) 147M->62M(164M) 1.254ms
[907.359s][info][gc] GC(13376) Pause Young (Concurrent Start) (G1 Evacuation Pause) 145M->63M(164M) 1.183ms
[907.359s][info][gc] GC(13377) Concurrent Mark Cycle
[907.367s][info][gc] GC(13377) Pause Remark 74M->74M(164M) 0.511ms
[907.373s][info][gc] GC(13377) Pause Cleanup 82M->82M(164M) 0.053ms
[907.373s][info][gc] GC(13377) Concurrent Mark Cycle 14.115ms
[907.415s][info][gc] GC(13378) Pause Young (Prepare Mixed) (G1 Evacuation Pause) 147M->64M(164M) 1.076ms
[907.479s][info][gc] GC(13379) Pause Young (Mixed) (G1 Evacuation Pause) 146M->64M(164M) 1.510ms
[907.531s][info][gc] GC(13380) Pause Young (Concurrent Start) (G1 Evacuation Pause) 148M->64M(164M) 0.933ms
[907.531s][info][gc] GC(13381) Concurrent Mark Cycle
[907.539s][info][gc] GC(13381) Pause Remark 78M->78M(164M) 0.435ms
[907.545s][info][gc] GC(13381) Pause Cleanup 86M->86M(164M) 0.057ms
[907.545s][info][gc] GC(13381) Concurrent Mark Cycle 14.391ms
[907.595s][info][gc] GC(13382) Pause Young (Prepare Mixed) (G1 Evacuation Pause) 147M->65M(164M) 1.074ms
[907.649s][info][gc] GC(13383) Pause Young (Mixed) (G1 Evacuation Pause) 147M->65M(164M) 1.154ms
[907.707s][info][gc] GC(13384) Pause Young (Concurrent Start) (G1 Evacuation Pause) 145M->65M(164M) 1.018ms
[907.707s][info][gc] GC(13385) Concurrent Mark Cycle
[907.715s][info][gc] GC(13385) Pause Remark 79M->79M(164M) 0.397ms
[907.724s][info][gc] GC(13385) Pause Cleanup 93M->93M(164M) 0.052ms
[907.724s][info][gc] GC(13385) Concurrent Mark Cycle 16.877ms
[907.763s][info][gc] GC(13386) Pause Young (Prepare Mixed) (G1 Evacuation Pause) 148M->66M(164M) 1.028ms
[907.828s][info][gc] GC(13387) Pause Young (Mixed) (G1 Evacuation Pause) 147M->66M(164M) 1.298ms
[907.884s][info][gc] GC(13388) Pause Young (Concurrent Start) (G1 Evacuation Pause) 147M->66M(164M) 1.125ms
[907.884s][info][gc] GC(13389) Concurrent Mark Cycle
[907.892s][info][gc] GC(13389) Pause Remark 82M->82M(164M) 0.406ms
[907.900s][info][gc] GC(13389) Pause Cleanup 89M->89M(164M) 0.050ms
[907.900s][info][gc] GC(13389) Concurrent Mark Cycle 16.402ms
[907.949s][info][gc] GC(13390) Pause Young (Prepare Mixed) (G1 Evacuation Pause) 146M->67M(164M) 1.275ms
[907.999s][info][gc] GC(13391) Pause Young (Mixed) (G1 Evacuation Pause) 147M->67M(164M) 1.090ms
[908.060s][info][gc] GC(13392) Pause Young (Concurrent Start) (G1 Evacuation Pause) 146M->68M(164M) 0.991ms
[908.060s][info][gc] GC(13393) Concurrent Mark Cycle
[908.068s][info][gc] GC(13393) Pause Remark 78M->78M(164M) 0.381ms
[908.076s][info][gc] GC(13393) Pause Cleanup 89M->89M(164M) 0.058ms
[908.076s][info][gc] GC(13393) Concurrent Mark Cycle 15.658ms
[908.112s][info][gc] GC(13394) Pause Young (Prepare Mixed) (G1 Evacuation Pause) 147M->69M(164M) 0.952ms
[908.169s][info][gc] GC(13395) Pause Young (Mixed) (G1 Evacuation Pause) 147M->69M(164M) 1.072ms
[908.217s][info][gc] GC(13396) Pause Young (Concurrent Start) (G1 Evacuation Pause) 146M->69M(164M) 0.970ms
[908.217s][info][gc] GC(13397) Concurrent Mark Cycle
[908.226s][info][gc] GC(13397) Pause Remark 85M->85M(164M) 0.415ms
[908.234s][info][gc] GC(13397) Pause Cleanup 92M->92M(164M) 0.052ms
[908.234s][info][gc] GC(13397) Concurrent Mark Cycle 17.159ms
[908.275s][info][gc] GC(13398) Pause Young (Prepare Mixed) (G1 Evacuation Pause) 147M->70M(164M) 1.067ms
[908.327s][info][gc] GC(13399) Pause Young (Mixed) (G1 Evacuation Pause) 146M->70M(164M) 1.086ms
[908.389s][info][gc] GC(13400) Pause Young (Concurrent Start) (G1 Evacuation Pause) 146M->71M(164M) 1.253ms
[908.389s][info][gc] GC(13401) Concurrent Mark Cycle
[908.400s][info][gc] GC(13401) Pause Remark 88M->88M(164M) 0.422ms
[908.410s][info][gc] GC(13401) Pause Cleanup 101M->101M(164M) 0.047ms
[908.410s][info][gc] GC(13401) Concurrent Mark Cycle 21.217ms
[908.441s][info][gc] GC(13402) Pause Young (Prepare Mixed) (G1 Evacuation Pause) 147M->71M(164M) 1.096ms
[908.504s][info][gc] GC(13403) Pause Young (Mixed) (G1 Evacuation Pause) 148M->72M(164M) 1.044ms
[908.552s][info][gc] GC(13404) Pause Young (Concurrent Start) (G1 Evacuation Pause) 147M->72M(164M) 1.055ms
[908.552s][info][gc] GC(13405) Concurrent Mark Cycle
[908.563s][info][gc] GC(13405) Pause Remark 89M->89M(164M) 0.423ms
[908.571s][info][gc] GC(13405) Pause Cleanup 104M->104M(164M) 0.039ms
[908.572s][info][gc] GC(13405) Concurrent Mark Cycle 19.096ms
[908.614s][info][gc] GC(13406) Pause Young (Prepare Mixed) (G1 Evacuation Pause) 146M->74M(164M) 0.990ms
[908.656s][info][gc] GC(13407) Pause Young (Mixed) (G1 Evacuation Pause) 147M->73M(164M) 0.985ms
[908.736s][info][gc] GC(13408) Pause Young (Concurrent Start) (G1 Evacuation Pause) 149M->73M(164M) 0.830ms
[908.736s][info][gc] GC(13409) Concurrent Mark Cycle
[908.744s][info][gc] GC(13409) Pause Remark 76M->76M(164M) 0.389ms
[908.753s][info][gc] GC(13409) Pause Cleanup 82M->82M(164M) 0.071ms
[908.753s][info][gc] GC(13409) Concurrent Mark Cycle 17.465ms
[908.890s][info][gc] GC(13410) Pause Young (Prepare Mixed) (G1 Evacuation Pause) 149M->75M(164M) 1.147ms
[908.936s][info][gc] GC(13411) Pause Young (Mixed) (G1 Evacuation Pause) 147M->76M(164M) 1.045ms
[908.990s][info][gc] GC(13412) Pause Young (Concurrent Start) (G1 Evacuation Pause) 146M->77M(164M) 1.081ms
[908.990s][info][gc] GC(13413) Concurrent Mark Cycle
[908.994s][info][gc] GC(13413) Pause Remark 84M->55M(164M) 0.400ms
[908.996s][info][gc] GC(13413) Pause Cleanup 57M->57M(164M) 0.054ms
[908.996s][info][gc] GC(13413) Concurrent Mark Cycle 5.564ms
[909.039s][info][gc] GC(13414) Pause Young (Prepare Mixed) (G1 Evacuation Pause) 119M->48M(164M) 1.029ms
[909.104s][info][gc] GC(13415) Pause Young (Mixed) (G1 Evacuation Pause) 140M->43M(164M) 1.091ms
[909.159s][info][gc] GC(13416) Pause Young (Normal) (G1 Evacuation Pause) 134M->43M(164M) 1.068ms
[909.229s][info][gc] GC(13417) Pause Young (Normal) (G1 Evacuation Pause) 133M->45M(164M) 1.217ms
[909.282s][info][gc] GC(13418) Pause Young (Normal) (G1 Evacuation Pause) 136M->45M(164M) 1.108ms
[909.345s][info][gc] GC(13419) Pause Young (Normal) (G1 Evacuation Pause) 135M->46M(164M) 0.966ms
[909.402s][info][gc] GC(13420) Pause Young (Normal) (G1 Evacuation Pause) 136M->46M(164M) 1.034ms
[909.468s][info][gc] GC(13421) Pause Young (Normal) (G1 Evacuation Pause) 136M->47M(164M) 1.049ms
[909.530s][info][gc] GC(13422) Pause Young (Normal) (G1 Evacuation Pause) 137M->48M(164M) 1.146ms
[909.590s][info][gc] GC(13423) Pause Young (Normal) (G1 Evacuation Pause) 139M->49M(164M) 1.025ms
[909.653s][info][gc] GC(13424) Pause Young (Normal) (G1 Evacuation Pause) 139M->50M(164M) 1.052ms
[909.707s][info][gc] GC(13425) Pause Young (Normal) (G1 Evacuation Pause) 140M->50M(164M) 0.965ms
[909.773s][info][gc] GC(13426) Pause Young (Normal) (G1 Evacuation Pause) 140M->51M(164M) 1.030ms
[909.827s][info][gc] GC(13427) Pause Young (Normal) (G1 Evacuation Pause) 141M->52M(164M) 1.087ms
[909.898s][info][gc] GC(13428) Pause Young (Normal) (G1 Evacuation Pause) 143M->52M(164M) 1.067ms
[909.953s][info][gc] GC(13429) Pause Young (Normal) (G1 Evacuation Pause) 142M->52M(164M) 1.006ms
[910.020s][info][gc] GC(13430) Pause Young (Normal) (G1 Evacuation Pause) 143M->54M(164M) 0.996ms
[910.084s][info][gc] GC(13431) Pause Young (Normal) (G1 Evacuation Pause) 143M->55M(164M) 1.103ms
[910.140s][info][gc] GC(13432) Pause Young (Normal) (G1 Evacuation Pause) 144M->56M(164M) 1.100ms
[910.204s][info][gc] GC(13433) Pause Young (Normal) (G1 Evacuation Pause) 146M->56M(164M) 1.009ms
[910.258s][info][gc] GC(13434) Pause Young (Normal) (G1 Evacuation Pause) 145M->57M(164M) 1.013ms
[910.319s][info][gc] GC(13435) Pause Young (Normal) (G1 Evacuation Pause) 146M->57M(164M) 1.056ms
[910.374s][info][gc] GC(13436) Pause Young (Normal) (G1 Evacuation Pause) 145M->58M(164M) 0.989ms
[910.440s][info][gc] GC(13437) Pause Young (Normal) (G1 Evacuation Pause) 147M->60M(164M) 1.071ms
[910.495s][info][gc] GC(13438) Pause Young (Normal) (G1 Evacuation Pause) 145M->59M(164M) 1.061ms
[910.556s][info][gc] GC(13439) Pause Young (Normal) (G1 Evacuation Pause) 148M->61M(164M) 0.932ms
[910.613s][info][gc] GC(13440) Pause Young (Normal) (G1 Evacuation Pause) 146M->61M(164M) 1.030ms
[910.670s][info][gc] GC(13441) Pause Young (Normal) (G1 Evacuation Pause) 147M->62M(164M) 0.991ms
[910.735s][info][gc] GC(13442) Pause Young (Normal) (G1 Evacuation Pause) 146M->63M(164M) 1.127ms
[910.787s][info][gc] GC(13443) Pause Young (Concurrent Start) (G1 Evacuation Pause) 145M->63M(164M) 1.107ms
[910.787s][info][gc] GC(13444) Concurrent Mark Cycle
[910.794s][info][gc] GC(13444) Pause Remark 72M->71M(164M) 0.443ms
[910.800s][info][gc] GC(13444) Pause Cleanup 81M->81M(164M) 0.049ms
[910.800s][info][gc] GC(13444) Concurrent Mark Cycle 13.721ms
[910.852s][info][gc] GC(13445) Pause Young (Prepare Mixed) (G1 Evacuation Pause) 146M->63M(164M) 1.034ms
[910.903s][info][gc] GC(13446) Pause Young (Mixed) (G1 Evacuation Pause) 145M->62M(164M) 0.970ms
[910.967s][info][gc] GC(13447) Pause Young (Concurrent Start) (G1 Evacuation Pause) 146M->63M(164M) 0.985ms
[910.967s][info][gc] GC(13448) Concurrent Mark Cycle
[910.976s][info][gc] GC(13448) Pause Remark 75M->75M(164M) 0.447ms
[910.982s][info][gc] GC(13448) Pause Cleanup 87M->87M(164M) 0.048ms
[910.982s][info][gc] GC(13448) Concurrent Mark Cycle 14.880ms
[911.021s][info][gc] GC(13449) Pause Young (Prepare Mixed) (G1 Evacuation Pause) 147M->63M(164M) 0.973ms
[911.084s][info][gc] GC(13450) Pause Young (Mixed) (G1 Evacuation Pause) 148M->63M(164M) 1.059ms
[911.136s][info][gc] GC(13451) Pause Young (Normal) (G1 Evacuation Pause) 146M->64M(164M) 0.904ms
[911.193s][info][gc] GC(13452) Pause Young (Concurrent Start) (G1 Evacuation Pause) 147M->64M(164M) 0.992ms
[911.193s][info][gc] GC(13453) Concurrent Mark Cycle
[911.201s][info][gc] GC(13453) Pause Remark 75M->75M(164M) 0.472ms
[911.208s][info][gc] GC(13453) Pause Cleanup 82M->82M(164M) 0.042ms
[911.208s][info][gc] GC(13453) Concurrent Mark Cycle 14.963ms
[911.251s][info][gc] GC(13454) Pause Young (Prepare Mixed) (G1 Evacuation Pause) 145M->65M(164M) 0.987ms
[911.308s][info][gc] GC(13455) Pause Young (Mixed) (G1 Evacuation Pause) 147M->64M(164M) 1.045ms
[911.362s][info][gc] GC(13456) Pause Young (Concurrent Start) (G1 Evacuation Pause) 145M->65M(164M) 1.124ms
[911.362s][info][gc] GC(13457) Concurrent Mark Cycle
[911.369s][info][gc] GC(13457) Pause Remark 79M->79M(164M) 0.426ms
[911.375s][info][gc] GC(13457) Pause Cleanup 82M->82M(164M) 0.065ms
[911.375s][info][gc] GC(13457) Concurrent Mark Cycle 13.687ms
[911.421s][info][gc] GC(13458) Pause Young (Prepare Mixed) (G1 Evacuation Pause) 147M->66M(164M) 1.021ms
[911.475s][info][gc] GC(13459) Pause Young (Mixed) (G1 Evacuation Pause) 146M->65M(164M) 1.050ms
[911.532s][info][gc] GC(13460) Pause Young (Concurrent Start) (G1 Evacuation Pause) 147M->66M(164M) 1.023ms
[911.532s][info][gc] GC(13461) Concurrent Mark Cycle
[911.539s][info][gc] GC(13461) Pause Remark 77M->77M(164M) 0.481ms
[911.546s][info][gc] GC(13461) Pause Cleanup 88M->88M(164M) 0.048ms
[911.546s][info][gc] GC(13461) Concurrent Mark Cycle 14.424ms
[911.586s][info][gc] GC(13462) Pause Young (Prepare Mixed) (G1 Evacuation Pause) 146M->66M(164M) 0.987ms
[911.645s][info][gc] GC(13463) Pause Young (Mixed) (G1 Evacuation Pause) 148M->66M(164M) 1.071ms
[911.699s][info][gc] GC(13464) Pause Young (Concurrent Start) (G1 Evacuation Pause) 146M->66M(164M) 1.075ms
[911.699s][info][gc] GC(13465) Concurrent Mark Cycle
[911.708s][info][gc] GC(13465) Pause Remark 78M->78M(164M) 0.404ms
[911.715s][info][gc] GC(13465) Pause Cleanup 82M->82M(164M) 0.051ms
[911.715s][info][gc] GC(13465) Concurrent Mark Cycle 16.487ms
[911.756s][info][gc] GC(13466) Pause Young (Prepare Mixed) (G1 Evacuation Pause) 146M->67M(164M) 0.995ms
[911.807s][info][gc] GC(13467) Pause Young (Mixed) (G1 Evacuation Pause) 145M->67M(164M) 0.926ms
[911.864s][info][gc] GC(13468) Pause Young (Concurrent Start) (G1 Evacuation Pause) 147M->68M(164M) 1.016ms
[911.864s][info][gc] GC(13469) Concurrent Mark Cycle
[911.872s][info][gc] GC(13469) Pause Remark 82M->82M(164M) 0.400ms
[911.880s][info][gc] GC(13469) Pause Cleanup 90M->90M(164M) 0.046ms
[911.880s][info][gc] GC(13469) Concurrent Mark Cycle 16.035ms
[911.918s][info][gc] GC(13470) Pause Young (Prepare Mixed) (G1 Evacuation Pause) 146M->69M(164M) 0.981ms
[911.972s][info][gc] GC(13471) Pause Young (Mixed) (G1 Evacuation Pause) 148M->70M(164M) 0.971ms
[912.024s][info][gc] GC(13472) Pause Young (Concurrent Start) (G1 Evacuation Pause) 147M->70M(164M) 0.918ms
[912.024s][info][gc] GC(13473) Concurrent Mark Cycle
[912.031s][info][gc] GC(13473) Pause Remark 79M->79M(164M) 0.495ms
[912.039s][info][gc] GC(13473) Pause Cleanup 91M->91M(164M) 0.033ms
[912.039s][info][gc] GC(13473) Concurrent Mark Cycle 15.403ms
[912.073s][info][gc] GC(13474) Pause Young (Prepare Mixed) (G1 Evacuation Pause) 146M->71M(164M) 1.001ms
[912.126s][info][gc] GC(13475) Pause Young (Mixed) (G1 Evacuation Pause) 147M->71M(164M) 0.991ms
[912.178s][info][gc] GC(13476) Pause Young (Concurrent Start) (G1 Evacuation Pause) 146M->71M(164M) 0.965ms
[912.178s][info][gc] GC(13477) Concurrent Mark Cycle
[912.187s][info][gc] GC(13477) Pause Remark 86M->86M(164M) 0.406ms
[912.194s][info][gc] GC(13477) Pause Cleanup 96M->96M(164M) 0.060ms
[912.195s][info][gc] GC(13477) Concurrent Mark Cycle 16.838ms
[912.226s][info][gc] GC(13478) Pause Young (Prepare Mixed) (G1 Evacuation Pause) 146M->72M(164M) 0.927ms
[912.277s][info][gc] GC(13479) Pause Young (Mixed) (G1 Evacuation Pause) 146M->73M(164M) 1.008ms
[912.326s][info][gc] GC(13480) Pause Young (Concurrent Start) (G1 Evacuation Pause) 146M->73M(164M) 0.948ms
[912.326s][info][gc] GC(13481) Concurrent Mark Cycle
[912.334s][info][gc] GC(13481) Pause Remark 84M->84M(164M) 0.400ms
[912.342s][info][gc] GC(13481) Pause Cleanup 94M->94M(164M) 0.081ms
[912.342s][info][gc] GC(13481) Concurrent Mark Cycle 16.777ms
[912.378s][info][gc] GC(13482) Pause Young (Prepare Mixed) (G1 Evacuation Pause) 147M->74M(164M) 0.983ms
[912.420s][info][gc] GC(13483) Pause Young (Mixed) (G1 Evacuation Pause) 146M->74M(197M) 1.071ms
[912.551s][info][gc] GC(13484) Pause Young (Normal) (G1 Evacuation Pause) 179M->73M(197M) 0.702ms
[912.669s][info][gc] GC(13485) Pause Young (Normal) (G1 Evacuation Pause) 180M->77M(197M) 1.070ms
[912.743s][info][gc] GC(13486) Pause Young (Normal) (G1 Evacuation Pause) 176M->79M(197M) 1.275ms
[912.803s][info][gc] GC(13487) Pause Young (Concurrent Start) (G1 Evacuation Pause) 176M->79M(197M) 1.218ms
[912.803s][info][gc] GC(13488) Concurrent Mark Cycle
[912.807s][info][gc] GC(13488) Pause Remark 85M->57M(177M) 0.534ms
[912.810s][info][gc] GC(13488) Pause Cleanup 60M->60M(177M) 0.049ms
[912.810s][info][gc] GC(13488) Concurrent Mark Cycle 7.156ms
[912.875s][info][gc] GC(13489) Pause Young (Prepare Mixed) (G1 Evacuation Pause) 148M->51M(177M) 1.946ms
[912.946s][info][gc] GC(13490) Pause Young (Mixed) (G1 Evacuation Pause) 149M->46M(177M) 1.321ms
[913.009s][info][gc] GC(13491) Pause Young (Normal) (G1 Evacuation Pause) 144M->47M(177M) 1.270ms
[913.082s][info][gc] GC(13492) Pause Young (Normal) (G1 Evacuation Pause) 144M->48M(177M) 1.331ms
[913.142s][info][gc] GC(13493) Pause Young (Normal) (G1 Evacuation Pause) 146M->48M(177M) 1.014ms
[913.214s][info][gc] GC(13494) Pause Young (Normal) (G1 Evacuation Pause) 146M->49M(177M) 1.190ms
[913.283s][info][gc] GC(13495) Pause Young (Normal) (G1 Evacuation Pause) 146M->50M(177M) 1.315ms
[913.346s][info][gc] GC(13496) Pause Young (Normal) (G1 Evacuation Pause) 148M->51M(177M) 1.032ms
[913.415s][info][gc] GC(13497) Pause Young (Normal) (G1 Evacuation Pause) 148M->52M(177M) 1.277ms
[913.482s][info][gc] GC(13498) Pause Young (Normal) (G1 Evacuation Pause) 149M->52M(177M) 1.005ms
[913.547s][info][gc] GC(13499) Pause Young (Normal) (G1 Evacuation Pause) 150M->54M(177M) 1.180ms
[913.615s][info][gc] GC(13500) Pause Young (Normal) (G1 Evacuation Pause) 150M->54M(177M) 1.153ms
[913.674s][info][gc] GC(13501) Pause Young (Normal) (G1 Evacuation Pause) 151M->55M(177M) 1.027ms
[913.743s][info][gc] GC(13502) Pause Young (Normal) (G1 Evacuation Pause) 152M->56M(177M) 1.036ms
[913.813s][info][gc] GC(13503) Pause Young (Normal) (G1 Evacuation Pause) 153M->57M(177M) 1.248ms
[913.870s][info][gc] GC(13504) Pause Young (Normal) (G1 Evacuation Pause) 154M->58M(177M) 1.093ms
[913.940s][info][gc] GC(13505) Pause Young (Normal) (G1 Evacuation Pause) 155M->58M(177M) 1.105ms
[913.998s][info][gc] GC(13506) Pause Young (Normal) (G1 Evacuation Pause) 155M->59M(177M) 0.999ms
[914.070s][info][gc] GC(13507) Pause Young (Normal) (G1 Evacuation Pause) 157M->60M(177M) 1.097ms
[914.134s][info][gc] GC(13508) Pause Young (Normal) (G1 Evacuation Pause) 154M->61M(177M) 1.185ms
[914.194s][info][gc] GC(13509) Pause Young (Normal) (G1 Evacuation Pause) 157M->62M(177M) 1.056ms
[914.259s][info][gc] GC(13510) Pause Young (Normal) (G1 Evacuation Pause) 157M->62M(177M) 1.041ms
[914.317s][info][gc] GC(13511) Pause Young (Normal) (G1 Evacuation Pause) 156M->63M(177M) 1.071ms
[914.386s][info][gc] GC(13512) Pause Young (Normal) (G1 Evacuation Pause) 156M->64M(177M) 1.256ms
[914.454s][info][gc] GC(13513) Pause Young (Normal) (G1 Evacuation Pause) 157M->65M(177M) 0.988ms
[914.509s][info][gc] GC(13514) Pause Young (Normal) (G1 Evacuation Pause) 157M->66M(177M) 0.972ms
[914.576s][info][gc] GC(13515) Pause Young (Concurrent Start) (G1 Evacuation Pause) 157M->67M(177M) 1.012ms
[914.576s][info][gc] GC(13516) Concurrent Mark Cycle
[914.582s][info][gc] GC(13516) Pause Remark 77M->75M(177M) 0.443ms
[914.586s][info][gc] GC(13516) Pause Cleanup 80M->80M(177M) 0.082ms
[914.586s][info][gc] GC(13516) Concurrent Mark Cycle 10.235ms
[914.631s][info][gc] GC(13517) Pause Young (Prepare Mixed) (G1 Evacuation Pause) 155M->65M(177M) 1.132ms
[914.696s][info][gc] GC(13518) Pause Young (Mixed) (G1 Evacuation Pause) 157M->64M(177M) 1.046ms
[914.758s][info][gc] GC(13519) Pause Young (Normal) (G1 Evacuation Pause) 156M->64M(177M) 0.975ms
[914.823s][info][gc] GC(13520) Pause Young (Normal) (G1 Evacuation Pause) 159M->65M(177M) 1.108ms
[914.889s][info][gc] GC(13521) Pause Young (Normal) (G1 Evacuation Pause) 156M->66M(177M) 1.110ms
[914.947s][info][gc] GC(13522) Pause Young (Concurrent Start) (G1 Evacuation Pause) 159M->67M(177M) 0.984ms
[914.947s][info][gc] GC(13523) Concurrent Mark Cycle
[914.954s][info][gc] GC(13523) Pause Remark 78M->78M(177M) 0.409ms
[914.958s][info][gc] GC(13523) Pause Cleanup 83M->83M(177M) 0.070ms
[914.958s][info][gc] GC(13523) Concurrent Mark Cycle 11.130ms
[915.012s][info][gc] GC(13524) Pause Young (Prepare Mixed) (G1 Evacuation Pause) 158M->67M(177M) 1.112ms
[915.069s][info][gc] GC(13525) Pause Young (Mixed) (G1 Evacuation Pause) 158M->67M(177M) 1.017ms
[915.136s][info][gc] GC(13526) Pause Young (Concurrent Start) (G1 Evacuation Pause) 159M->68M(177M) 1.171ms
[915.136s][info][gc] GC(13527) Concurrent Mark Cycle
[915.143s][info][gc] GC(13527) Pause Remark 78M->78M(177M) 0.516ms
[915.148s][info][gc] GC(13527) Pause Cleanup 84M->84M(177M) 0.049ms
[915.148s][info][gc] GC(13527) Concurrent Mark Cycle 12.033ms
[915.202s][info][gc] GC(13528) Pause Young (Prepare Mixed) (G1 Evacuation Pause) 156M->68M(177M) 1.144ms
[915.260s][info][gc] GC(13529) Pause Young (Mixed) (G1 Evacuation Pause) 157M->68M(177M) 1.126ms
[915.325s][info][gc] GC(13530) Pause Young (Concurrent Start) (G1 Evacuation Pause) 158M->69M(177M) 1.185ms
[915.325s][info][gc] GC(13531) Concurrent Mark Cycle
[915.334s][info][gc] GC(13531) Pause Remark 83M->83M(177M) 0.456ms
[915.339s][info][gc] GC(13531) Pause Cleanup 92M->92M(177M) 0.046ms
[915.340s][info][gc] GC(13531) Concurrent Mark Cycle 14.659ms
[915.381s][info][gc] GC(13532) Pause Young (Prepare Mixed) (G1 Evacuation Pause) 158M->69M(177M) 1.237ms
[915.447s][info][gc] GC(13533) Pause Young (Mixed) (G1 Evacuation Pause) 157M->69M(177M) 1.157ms
[915.502s][info][gc] GC(13534) Pause Young (Concurrent Start) (G1 Evacuation Pause) 157M->69M(177M) 0.988ms
[915.502s][info][gc] GC(13535) Concurrent Mark Cycle
[915.510s][info][gc] GC(13535) Pause Remark 78M->78M(177M) 0.438ms
[915.515s][info][gc] GC(13535) Pause Cleanup 80M->80M(177M) 0.052ms
[915.515s][info][gc] GC(13535) Concurrent Mark Cycle 13.420ms
[915.573s][info][gc] GC(13536) Pause Young (Prepare Mixed) (G1 Evacuation Pause) 158M->70M(177M) 1.045ms
[915.634s][info][gc] GC(13537) Pause Young (Mixed) (G1 Evacuation Pause) 157M->70M(177M) 1.068ms
[915.691s][info][gc] GC(13538) Pause Young (Concurrent Start) (G1 Evacuation Pause) 159M->71M(177M) 1.000ms
[915.691s][info][gc] GC(13539) Concurrent Mark Cycle
[915.700s][info][gc] GC(13539) Pause Remark 85M->85M(177M) 0.442ms
[915.706s][info][gc] GC(13539) Pause Cleanup 95M->95M(177M) 0.054ms
[915.706s][info][gc] GC(13539) Concurrent Mark Cycle 14.689ms
[915.753s][info][gc] GC(13540) Pause Young (Prepare Mixed) (G1 Evacuation Pause) 159M->71M(177M) 0.983ms
[915.810s][info][gc] GC(13541) Pause Young (Mixed) (G1 Evacuation Pause) 158M->72M(177M) 1.098ms
[915.872s][info][gc] GC(13542) Pause Young (Concurrent Start) (G1 Evacuation Pause) 159M->72M(177M) 0.979ms
[915.872s][info][gc] GC(13543) Concurrent Mark Cycle
[915.881s][info][gc] GC(13543) Pause Remark 84M->84M(177M) 0.417ms
[915.886s][info][gc] GC(13543) Pause Cleanup 90M->90M(177M) 0.056ms
[915.886s][info][gc] GC(13543) Concurrent Mark Cycle 14.245ms
[915.930s][info][gc] GC(13544) Pause Young (Prepare Mixed) (G1 Evacuation Pause) 159M->73M(177M) 1.001ms
[915.991s][info][gc] GC(13545) Pause Young (Mixed) (G1 Evacuation Pause) 159M->73M(177M) 1.138ms
[916.042s][info][gc] GC(13546) Pause Young (Concurrent Start) (G1 Evacuation Pause) 159M->74M(177M) 1.001ms
[916.042s][info][gc] GC(13547) Concurrent Mark Cycle
[916.051s][info][gc] GC(13547) Pause Remark 89M->89M(177M) 0.519ms
[916.057s][info][gc] GC(13547) Pause Cleanup 93M->93M(177M) 0.066ms
[916.057s][info][gc] GC(13547) Concurrent Mark Cycle 14.547ms
[916.108s][info][gc] GC(13548) Pause Young (Prepare Mixed) (G1 Evacuation Pause) 159M->74M(177M) 0.992ms
[916.160s][info][gc] GC(13549) Pause Young (Mixed) (G1 Evacuation Pause) 158M->75M(177M) 0.979ms
[916.352s][info][gc] GC(13550) Pause Young (Concurrent Start) (G1 Evacuation Pause) 159M->77M(177M) 1.121ms
[916.352s][info][gc] GC(13551) Concurrent Mark Cycle
[916.356s][info][gc] GC(13551) Pause Remark 83M->55M(167M) 0.424ms
[916.357s][info][gc] GC(13551) Pause Cleanup 57M->57M(167M) 0.061ms
[916.358s][info][gc] GC(13551) Concurrent Mark Cycle 5.665ms
[916.400s][info][gc] GC(13552) Pause Young (Prepare Mixed) (G1 Evacuation Pause) 129M->49M(167M) 1.101ms
[916.469s][info][gc] GC(13553) Pause Young (Mixed) (G1 Evacuation Pause) 142M->46M(167M) 1.193ms
[916.525s][info][gc] GC(13554) Pause Young (Normal) (G1 Evacuation Pause) 138M->46M(167M) 1.073ms
[916.589s][info][gc] GC(13555) Pause Young (Normal) (G1 Evacuation Pause) 138M->47M(167M) 1.055ms
[916.646s][info][gc] GC(13556) Pause Young (Normal) (G1 Evacuation Pause) 139M->48M(167M) 1.111ms
[916.715s][info][gc] GC(13557) Pause Young (Normal) (G1 Evacuation Pause) 140M->49M(167M) 1.490ms
[916.779s][info][gc] GC(13558) Pause Young (Normal) (G1 Evacuation Pause) 141M->49M(167M) 1.283ms
[916.838s][info][gc] GC(13559) Pause Young (Normal) (G1 Evacuation Pause) 141M->50M(167M) 1.079ms
[916.905s][info][gc] GC(13560) Pause Young (Normal) (G1 Evacuation Pause) 142M->52M(167M) 1.070ms
[916.961s][info][gc] GC(13561) Pause Young (Normal) (G1 Evacuation Pause) 144M->52M(167M) 1.028ms
[917.027s][info][gc] GC(13562) Pause Young (Normal) (G1 Evacuation Pause) 144M->53M(167M) 1.092ms
[917.079s][info][gc] GC(13563) Pause Young (Normal) (G1 Evacuation Pause) 144M->53M(167M) 1.130ms
[917.151s][info][gc] GC(13564) Pause Young (Normal) (G1 Evacuation Pause) 146M->54M(167M) 1.375ms
[917.227s][info][gc] GC(13565) Pause Young (Normal) (G1 Evacuation Pause) 146M->55M(167M) 1.255ms
[917.287s][info][gc] GC(13566) Pause Young (Normal) (G1 Evacuation Pause) 147M->55M(167M) 1.030ms
[917.358s][info][gc] GC(13567) Pause Young (Normal) (G1 Evacuation Pause) 147M->56M(167M) 1.075ms
[917.411s][info][gc] GC(13568) Pause Young (Normal) (G1 Evacuation Pause) 148M->57M(167M) 1.002ms
[917.478s][info][gc] GC(13569) Pause Young (Normal) (G1 Evacuation Pause) 150M->58M(167M) 1.015ms
[917.541s][info][gc] GC(13570) Pause Young (Normal) (G1 Evacuation Pause) 149M->58M(167M) 1.011ms
[917.602s][info][gc] GC(13571) Pause Young (Normal) (G1 Evacuation Pause) 148M->59M(167M) 1.045ms
[917.664s][info][gc] GC(13572) Pause Young (Normal) (G1 Evacuation Pause) 149M->60M(167M) 1.373ms
[917.719s][info][gc] GC(13573) Pause Young (Normal) (G1 Evacuation Pause) 148M->61M(167M) 0.990ms
[917.780s][info][gc] GC(13574) Pause Young (Normal) (G1 Evacuation Pause) 150M->61M(167M) 1.076ms
[917.835s][info][gc] GC(13575) Pause Young (Normal) (G1 Evacuation Pause) 150M->62M(167M) 0.988ms
[917.896s][info][gc] GC(13576) Pause Young (Normal) (G1 Evacuation Pause) 150M->63M(167M) 0.965ms
[917.956s][info][gc] GC(13577) Pause Young (Concurrent Start) (G1 Evacuation Pause) 150M->63M(167M) 0.862ms
[917.956s][info][gc] GC(13578) Concurrent Mark Cycle
[917.961s][info][gc] GC(13578) Pause Remark 66M->61M(167M) 0.457ms
[917.965s][info][gc] GC(13578) Pause Cleanup 67M->67M(167M) 0.047ms
[917.966s][info][gc] GC(13578) Concurrent Mark Cycle 9.493ms
[918.018s][info][gc] GC(13579) Pause Young (Prepare Mixed) (G1 Evacuation Pause) 145M->60M(167M) 1.027ms
[918.079s][info][gc] GC(13580) Pause Young (Mixed) (G1 Evacuation Pause) 149M->57M(167M) 1.001ms
[918.139s][info][gc] GC(13581) Pause Young (Normal) (G1 Evacuation Pause) 148M->59M(167M) 1.111ms
[918.198s][info][gc] GC(13582) Pause Young (Normal) (G1 Evacuation Pause) 149M->59M(167M) 1.076ms
[918.256s][info][gc] GC(13583) Pause Young (Normal) (G1 Evacuation Pause) 150M->60M(167M) 0.998ms
[918.319s][info][gc] GC(13584) Pause Young (Normal) (G1 Evacuation Pause) 149M->61M(167M) 1.099ms
[918.371s][info][gc] GC(13585) Pause Young (Normal) (G1 Evacuation Pause) 148M->60M(167M) 0.905ms
[918.442s][info][gc] GC(13586) Pause Young (Normal) (G1 Evacuation Pause) 151M->62M(167M) 1.040ms
[918.503s][info][gc] GC(13587) Pause Young (Normal) (G1 Evacuation Pause) 149M->63M(167M) 1.090ms
[918.557s][info][gc] GC(13588) Pause Young (Concurrent Start) (G1 Evacuation Pause) 150M->64M(167M) 0.989ms
[918.557s][info][gc] GC(13589) Concurrent Mark Cycle
[918.564s][info][gc] GC(13589) Pause Remark 77M->77M(167M) 0.400ms
[918.569s][info][gc] GC(13589) Pause Cleanup 85M->85M(167M) 0.081ms
[918.570s][info][gc] GC(13589) Concurrent Mark Cycle 12.299ms
[918.619s][info][gc] GC(13590) Pause Young (Prepare Mixed) (G1 Evacuation Pause) 148M->64M(167M) 0.989ms
[918.670s][info][gc] GC(13591) Pause Young (Mixed) (G1 Evacuation Pause) 150M->64M(167M) 1.047ms
[918.732s][info][gc] GC(13592) Pause Young (Concurrent Start) (G1 Evacuation Pause) 148M->65M(167M) 1.124ms
[918.732s][info][gc] GC(13593) Concurrent Mark Cycle
[918.739s][info][gc] GC(13593) Pause Remark 77M->77M(167M) 0.417ms
[918.745s][info][gc] GC(13593) Pause Cleanup 88M->88M(167M) 0.048ms
[918.745s][info][gc] GC(13593) Concurrent Mark Cycle 13.820ms
[918.783s][info][gc] GC(13594) Pause Young (Prepare Mixed) (G1 Evacuation Pause) 148M->65M(167M) 1.152ms
[918.842s][info][gc] GC(13595) Pause Young (Mixed) (G1 Evacuation Pause) 150M->65M(167M) 1.051ms
[918.896s][info][gc] GC(13596) Pause Young (Concurrent Start) (G1 Evacuation Pause) 150M->65M(167M) 0.957ms
[918.896s][info][gc] GC(13597) Concurrent Mark Cycle
[918.903s][info][gc] GC(13597) Pause Remark 74M->74M(167M) 0.408ms
[918.909s][info][gc] GC(13597) Pause Cleanup 85M->85M(167M) 0.066ms
[918.909s][info][gc] GC(13597) Concurrent Mark Cycle 13.595ms
[918.959s][info][gc] GC(13598) Pause Young (Prepare Mixed) (G1 Evacuation Pause) 149M->66M(167M) 0.975ms
[919.011s][info][gc] GC(13599) Pause Young (Mixed) (G1 Evacuation Pause) 148M->65M(167M) 1.051ms
[919.070s][info][gc] GC(13600) Pause Young (Concurrent Start) (G1 Evacuation Pause) 149M->67M(167M) 1.038ms
[919.070s][info][gc] GC(13601) Concurrent Mark Cycle
[919.077s][info][gc] GC(13601) Pause Remark 76M->76M(167M) 0.393ms
[919.083s][info][gc] GC(13601) Pause Cleanup 87M->87M(167M) 0.038ms
[919.083s][info][gc] GC(13601) Concurrent Mark Cycle 13.741ms
[919.121s][info][gc] GC(13602) Pause Young (Prepare Mixed) (G1 Evacuation Pause) 149M->67M(167M) 0.973ms
[919.180s][info][gc] GC(13603) Pause Young (Mixed) (G1 Evacuation Pause) 149M->68M(167M) 1.194ms
[919.232s][info][gc] GC(13604) Pause Young (Concurrent Start) (G1 Evacuation Pause) 149M->68M(167M) 1.070ms
[919.232s][info][gc] GC(13605) Concurrent Mark Cycle
[919.240s][info][gc] GC(13605) Pause Remark 79M->79M(167M) 0.433ms
[919.247s][info][gc] GC(13605) Pause Cleanup 87M->87M(167M) 0.051ms
[919.248s][info][gc] GC(13605) Concurrent Mark Cycle 15.269ms
[919.292s][info][gc] GC(13606) Pause Young (Prepare Mixed) (G1 Evacuation Pause) 150M->68M(167M) 0.984ms
[919.344s][info][gc] GC(13607) Pause Young (Mixed) (G1 Evacuation Pause) 148M->69M(167M) 1.034ms
[919.402s][info][gc] GC(13608) Pause Young (Concurrent Start) (G1 Evacuation Pause) 149M->70M(167M) 0.956ms
[919.402s][info][gc] GC(13609) Concurrent Mark Cycle
[919.410s][info][gc] GC(13609) Pause Remark 82M->82M(167M) 0.486ms
[919.419s][info][gc] GC(13609) Pause Cleanup 97M->97M(167M) 0.073ms
[919.419s][info][gc] GC(13609) Concurrent Mark Cycle 17.264ms
[919.457s][info][gc] GC(13610) Pause Young (Prepare Mixed) (G1 Evacuation Pause) 150M->70M(167M) 1.023ms
[919.511s][info][gc] GC(13611) Pause Young (Mixed) (G1 Evacuation Pause) 149M->72M(167M) 1.017ms
[919.564s][info][gc] GC(13612) Pause Young (Concurrent Start) (G1 Evacuation Pause) 150M->71M(167M) 0.832ms
[919.564s][info][gc] GC(13613) Concurrent Mark Cycle
[919.572s][info][gc] GC(13613) Pause Remark 78M->78M(167M) 0.422ms
[919.580s][info][gc] GC(13613) Pause Cleanup 85M->85M(167M) 0.046ms
[919.580s][info][gc] GC(13613) Concurrent Mark Cycle 15.902ms
[919.622s][info][gc] GC(13614) Pause Young (Prepare Mixed) (G1 Evacuation Pause) 151M->72M(167M) 0.999ms
[919.670s][info][gc] GC(13615) Pause Young (Mixed) (G1 Evacuation Pause) 150M->72M(167M) 0.990ms
[919.729s][info][gc] GC(13616) Pause Young (Concurrent Start) (G1 Evacuation Pause) 151M->74M(167M) 1.016ms
[919.729s][info][gc] GC(13617) Concurrent Mark Cycle
[919.738s][info][gc] GC(13617) Pause Remark 89M->89M(167M) 0.433ms
[919.746s][info][gc] GC(13617) Pause Cleanup 102M->102M(167M) 0.051ms
[919.746s][info][gc] GC(13617) Concurrent Mark Cycle 17.733ms
[919.782s][info][gc] GC(13618) Pause Young (Prepare Mixed) (G1 Evacuation Pause) 149M->74M(167M) 1.172ms
[919.836s][info][gc] GC(13619) Pause Young (Mixed) (G1 Evacuation Pause) 151M->75M(167M) 0.984ms
[919.882s][info][gc] GC(13620) Pause Young (Concurrent Start) (G1 Evacuation Pause) 149M->74M(167M) 0.966ms
[919.882s][info][gc] GC(13621) Concurrent Mark Cycle
[919.890s][info][gc] GC(13621) Pause Remark 79M->79M(167M) 0.454ms
[919.899s][info][gc] GC(13621) Pause Cleanup 85M->85M(167M) 0.061ms
[919.899s][info][gc] GC(13621) Concurrent Mark Cycle 17.276ms
[920.052s][info][gc] GC(13622) Pause Young (Prepare Mixed) (G1 Evacuation Pause) 150M->77M(167M) 1.072ms
[920.097s][info][gc] GC(13623) Pause Young (Mixed) (G1 Evacuation Pause) 149M->77M(167M) 1.049ms
[920.139s][info][gc] GC(13624) Pause Young (Concurrent Start) (G1 Evacuation Pause) 151M->77M(167M) 1.012ms
[920.139s][info][gc] GC(13625) Concurrent Mark Cycle
[920.143s][info][gc] GC(13625) Pause Remark 80M->50M(164M) 0.421ms
[920.144s][info][gc] GC(13625) Pause Cleanup 51M->51M(164M) 0.041ms
[920.144s][info][gc] GC(13625) Concurrent Mark Cycle 4.994ms
[920.200s][info][gc] GC(13626) Pause Young (Prepare Mixed) (G1 Evacuation Pause) 120M->49M(164M) 1.108ms
[920.265s][info][gc] GC(13627) Pause Young (Mixed) (G1 Evacuation Pause) 140M->42M(164M) 1.089ms
[920.323s][info][gc] GC(13628) Pause Young (Normal) (G1 Evacuation Pause) 133M->43M(164M) 1.093ms
[920.387s][info][gc] GC(13629) Pause Young (Normal) (G1 Evacuation Pause) 133M->44M(164M) 1.280ms
[920.446s][info][gc] GC(13630) Pause Young (Normal) (G1 Evacuation Pause) 135M->45M(164M) 0.998ms
[920.512s][info][gc] GC(13631) Pause Young (Normal) (G1 Evacuation Pause) 135M->46M(164M) 1.046ms
[920.564s][info][gc] GC(13632) Pause Young (Normal) (G1 Evacuation Pause) 136M->46M(164M) 1.020ms
[920.632s][info][gc] GC(13633) Pause Young (Normal) (G1 Evacuation Pause) 136M->47M(164M) 1.174ms
[920.696s][info][gc] GC(13634) Pause Young (Normal) (G1 Evacuation Pause) 137M->48M(164M) 1.294ms
[920.754s][info][gc] GC(13635) Pause Young (Normal) (G1 Evacuation Pause) 138M->48M(164M) 1.047ms
[920.818s][info][gc] GC(13636) Pause Young (Normal) (G1 Evacuation Pause) 138M->49M(164M) 1.125ms
[920.874s][info][gc] GC(13637) Pause Young (Normal) (G1 Evacuation Pause) 139M->50M(164M) 1.032ms
[920.941s][info][gc] GC(13638) Pause Young (Normal) (G1 Evacuation Pause) 140M->51M(164M) 1.097ms
[920.996s][info][gc] GC(13639) Pause Young (Normal) (G1 Evacuation Pause) 141M->51M(164M) 1.319ms
[921.064s][info][gc] GC(13640) Pause Young (Normal) (G1 Evacuation Pause) 141M->52M(164M) 1.034ms
[921.127s][info][gc] GC(13641) Pause Young (Normal) (G1 Evacuation Pause) 142M->53M(164M) 1.022ms
[921.185s][info][gc] GC(13642) Pause Young (Normal) (G1 Evacuation Pause) 143M->54M(164M) 1.130ms
[921.246s][info][gc] GC(13643) Pause Young (Normal) (G1 Evacuation Pause) 143M->55M(164M) 1.036ms
[921.307s][info][gc] GC(13644) Pause Young (Normal) (G1 Evacuation Pause) 145M->55M(164M) 0.987ms
[921.372s][info][gc] GC(13645) Pause Young (Normal) (G1 Evacuation Pause) 145M->56M(164M) 1.098ms
[921.427s][info][gc] GC(13646) Pause Young (Normal) (G1 Evacuation Pause) 145M->57M(164M) 1.000ms
[921.492s][info][gc] GC(13647) Pause Young (Normal) (G1 Evacuation Pause) 145M->57M(164M) 1.079ms
[921.549s][info][gc] GC(13648) Pause Young (Normal) (G1 Evacuation Pause) 146M->58M(164M) 0.952ms
[921.609s][info][gc] GC(13649) Pause Young (Normal) (G1 Evacuation Pause) 146M->59M(164M) 1.029ms
[921.672s][info][gc] GC(13650) Pause Young (Normal) (G1 Evacuation Pause) 145M->60M(164M) 1.040ms
[921.726s][info][gc] GC(13651) Pause Young (Normal) (G1 Evacuation Pause) 145M->60M(164M) 1.019ms
[921.787s][info][gc] GC(13652) Pause Young (Normal) (G1 Evacuation Pause) 146M->61M(164M) 1.048ms
[921.841s][info][gc] GC(13653) Pause Young (Concurrent Start) (G1 Evacuation Pause) 146M->62M(164M) 1.015ms
[921.841s][info][gc] GC(13654) Concurrent Mark Cycle
[921.848s][info][gc] GC(13654) Pause Remark 75M->73M(164M) 0.433ms
[921.852s][info][gc] GC(13654) Pause Cleanup 79M->79M(164M) 0.064ms
[921.852s][info][gc] GC(13654) Concurrent Mark Cycle 10.943ms
[921.901s][info][gc] GC(13655) Pause Young (Prepare Mixed) (G1 Evacuation Pause) 144M->60M(164M) 1.105ms
[921.956s][info][gc] GC(13656) Pause Young (Mixed) (G1 Evacuation Pause) 147M->59M(164M) 0.987ms
[922.021s][info][gc] GC(13657) Pause Young (Normal) (G1 Evacuation Pause) 147M->60M(164M) 1.034ms
[922.074s][info][gc] GC(13658) Pause Young (Normal) (G1 Evacuation Pause) 146M->60M(164M) 0.969ms
[922.133s][info][gc] GC(13659) Pause Young (Normal) (G1 Evacuation Pause) 146M->61M(164M) 1.034ms
[922.188s][info][gc] GC(13660) Pause Young (Normal) (G1 Evacuation Pause) 145M->62M(164M) 0.958ms
[922.250s][info][gc] GC(13661) Pause Young (Concurrent Start) (G1 Evacuation Pause) 147M->63M(164M) 1.085ms
[922.250s][info][gc] GC(13662) Concurrent Mark Cycle
[922.258s][info][gc] GC(13662) Pause Remark 77M->77M(164M) 0.440ms
[922.263s][info][gc] GC(13662) Pause Cleanup 83M->83M(164M) 0.048ms
[922.263s][info][gc] GC(13662) Concurrent Mark Cycle 13.071ms
[922.308s][info][gc] GC(13663) Pause Young (Prepare Mixed) (G1 Evacuation Pause) 146M->63M(164M) 1.008ms
[922.362s][info][gc] GC(13664) Pause Young (Mixed) (G1 Evacuation Pause) 148M->63M(164M) 1.004ms
[922.422s][info][gc] GC(13665) Pause Young (Normal) (G1 Evacuation Pause) 146M->64M(164M) 0.975ms
[922.473s][info][gc] GC(13666) Pause Young (Concurrent Start) (G1 Evacuation Pause) 147M->64M(164M) 0.984ms
[922.473s][info][gc] GC(13667) Concurrent Mark Cycle
[922.480s][info][gc] GC(13667) Pause Remark 77M->77M(164M) 0.383ms
[922.486s][info][gc] GC(13667) Pause Cleanup 90M->90M(164M) 0.064ms
[922.486s][info][gc] GC(13667) Concurrent Mark Cycle 13.466ms
[922.531s][info][gc] GC(13668) Pause Young (Prepare Mixed) (G1 Evacuation Pause) 147M->65M(164M) 1.039ms
[922.584s][info][gc] GC(13669) Pause Young (Mixed) (G1 Evacuation Pause) 146M->64M(164M) 1.066ms
[922.641s][info][gc] GC(13670) Pause Young (Concurrent Start) (G1 Evacuation Pause) 145M->65M(164M) 1.025ms
[922.641s][info][gc] GC(13671) Concurrent Mark Cycle
[922.650s][info][gc] GC(13671) Pause Remark 77M->77M(164M) 0.404ms
[922.655s][info][gc] GC(13671) Pause Cleanup 86M->86M(164M) 0.046ms
[922.655s][info][gc] GC(13671) Concurrent Mark Cycle 13.999ms
[922.693s][info][gc] GC(13672) Pause Young (Prepare Mixed) (G1 Evacuation Pause) 145M->67M(164M) 1.018ms
[922.751s][info][gc] GC(13673) Pause Young (Mixed) (G1 Evacuation Pause) 146M->66M(164M) 1.176ms
[922.800s][info][gc] GC(13674) Pause Young (Concurrent Start) (G1 Evacuation Pause) 146M->67M(164M) 0.948ms
[922.800s][info][gc] GC(13675) Concurrent Mark Cycle
[922.807s][info][gc] GC(13675) Pause Remark 83M->83M(164M) 0.406ms
[922.812s][info][gc] GC(13675) Pause Cleanup 87M->87M(164M) 0.045ms
[922.813s][info][gc] GC(13675) Concurrent Mark Cycle 12.914ms
[922.860s][info][gc] GC(13676) Pause Young (Prepare Mixed) (G1 Evacuation Pause) 147M->68M(164M) 0.962ms
[922.908s][info][gc] GC(13677) Pause Young (Mixed) (G1 Evacuation Pause) 147M->68M(164M) 1.080ms
[922.962s][info][gc] GC(13678) Pause Young (Concurrent Start) (G1 Evacuation Pause) 145M->68M(164M) 0.901ms
[922.962s][info][gc] GC(13679) Concurrent Mark Cycle
[922.970s][info][gc] GC(13679) Pause Remark 81M->81M(164M) 0.392ms
[922.976s][info][gc] GC(13679) Pause Cleanup 88M->88M(164M) 0.074ms
[922.976s][info][gc] GC(13679) Concurrent Mark Cycle 14.416ms
[923.012s][info][gc] GC(13680) Pause Young (Prepare Mixed) (G1 Evacuation Pause) 147M->69M(164M) 0.996ms
[923.070s][info][gc] GC(13681) Pause Young (Mixed) (G1 Evacuation Pause) 146M->69M(164M) 1.001ms
[923.117s][info][gc] GC(13682) Pause Young (Concurrent Start) (G1 Evacuation Pause) 146M->70M(164M) 0.955ms
[923.117s][info][gc] GC(13683) Concurrent Mark Cycle
[923.126s][info][gc] GC(13683) Pause Remark 85M->85M(164M) 0.432ms
[923.132s][info][gc] GC(13683) Pause Cleanup 95M->95M(164M) 0.052ms
[923.132s][info][gc] GC(13683) Concurrent Mark Cycle 14.413ms
[923.171s][info][gc] GC(13684) Pause Young (Prepare Mixed) (G1 Evacuation Pause) 146M->70M(164M) 0.961ms
[923.218s][info][gc] GC(13685) Pause Young (Mixed) (G1 Evacuation Pause) 148M->71M(164M) 0.943ms
[923.274s][info][gc] GC(13686) Pause Young (Concurrent Start) (G1 Evacuation Pause) 148M->71M(164M) 0.890ms
[923.274s][info][gc] GC(13687) Concurrent Mark Cycle
[923.283s][info][gc] GC(13687) Pause Remark 79M->79M(164M) 0.407ms
[923.289s][info][gc] GC(13687) Pause Cleanup 85M->85M(164M) 0.063ms
[923.289s][info][gc] GC(13687) Concurrent Mark Cycle 14.595ms
[923.329s][info][gc] GC(13688) Pause Young (Prepare Mixed) (G1 Evacuation Pause) 148M->73M(164M) 1.002ms
[923.379s][info][gc] GC(13689) Pause Young (Mixed) (G1 Evacuation Pause) 146M->73M(164M) 0.955ms
[923.429s][info][gc] GC(13690) Pause Young (Concurrent Start) (G1 Evacuation Pause) 147M->73M(164M) 0.959ms
[923.429s][info][gc] GC(13691) Concurrent Mark Cycle
[923.438s][info][gc] GC(13691) Pause Remark 83M->83M(164M) 0.428ms
[923.444s][info][gc] GC(13691) Pause Cleanup 93M->93M(164M) 0.065ms
[923.444s][info][gc] GC(13691) Concurrent Mark Cycle 14.972ms
[923.479s][info][gc] GC(13692) Pause Young (Prepare Mixed) (G1 Evacuation Pause) 146M->74M(164M) 0.968ms
[923.531s][info][gc] GC(13693) Pause Young (Mixed) (G1 Evacuation Pause) 148M->74M(164M) 1.080ms
[923.577s][info][gc] GC(13694) Pause Young (Concurrent Start) (G1 Evacuation Pause) 147M->75M(164M) 0.862ms
[923.577s][info][gc] GC(13695) Concurrent Mark Cycle
[923.586s][info][gc] GC(13695) Pause Remark 85M->85M(164M) 0.402ms
[923.592s][info][gc] GC(13695) Pause Cleanup 91M->91M(164M) 0.067ms
[923.592s][info][gc] GC(13695) Concurrent Mark Cycle 15.284ms
[923.711s][info][gc] GC(13696) Pause Young (Prepare Mixed) (G1 Evacuation Pause) 148M->73M(164M) 0.600ms
[923.799s][info][gc] GC(13697) Pause Young (Mixed) (G1 Evacuation Pause) 150M->77M(164M) 1.209ms
[923.840s][info][gc] GC(13698) Pause Young (Concurrent Start) (G1 Evacuation Pause) 146M->78M(164M) 1.012ms
[923.840s][info][gc] GC(13699) Concurrent Mark Cycle
[923.844s][info][gc] GC(13699) Pause Remark 86M->57M(164M) 0.423ms
[923.846s][info][gc] GC(13699) Pause Cleanup 62M->62M(164M) 0.055ms
[923.847s][info][gc] GC(13699) Concurrent Mark Cycle 6.528ms
[923.895s][info][gc] GC(13700) Pause Young (Prepare Mixed) (G1 Evacuation Pause) 119M->49M(164M) 1.023ms
[923.948s][info][gc] GC(13701) Pause Young (Mixed) (G1 Evacuation Pause) 141M->46M(164M) 1.024ms
[924.014s][info][gc] GC(13702) Pause Young (Normal) (G1 Evacuation Pause) 137M->47M(164M) 0.998ms
[924.066s][info][gc] GC(13703) Pause Young (Normal) (G1 Evacuation Pause) 137M->46M(164M) 1.021ms
[924.138s][info][gc] GC(13704) Pause Young (Normal) (G1 Evacuation Pause) 138M->49M(164M) 1.129ms
[924.200s][info][gc] GC(13705) Pause Young (Normal) (G1 Evacuation Pause) 138M->50M(164M) 1.329ms
[924.254s][info][gc] GC(13706) Pause Young (Normal) (G1 Evacuation Pause) 140M->50M(164M) 0.988ms
[924.323s][info][gc] GC(13707) Pause Young (Normal) (G1 Evacuation Pause) 141M->51M(164M) 1.020ms
[924.376s][info][gc] GC(13708) Pause Young (Normal) (G1 Evacuation Pause) 141M->52M(164M) 1.056ms
[924.438s][info][gc] GC(13709) Pause Young (Normal) (G1 Evacuation Pause) 142M->52M(164M) 0.975ms
[924.495s][info][gc] GC(13710) Pause Young (Normal) (G1 Evacuation Pause) 142M->52M(164M) 0.927ms
[924.566s][info][gc] GC(13711) Pause Young (Normal) (G1 Evacuation Pause) 143M->54M(164M) 1.126ms
[924.627s][info][gc] GC(13712) Pause Young (Normal) (G1 Evacuation Pause) 143M->54M(164M) 1.014ms
[924.684s][info][gc] GC(13713) Pause Young (Normal) (G1 Evacuation Pause) 144M->55M(164M) 1.082ms
[924.748s][info][gc] GC(13714) Pause Young (Normal) (G1 Evacuation Pause) 145M->56M(164M) 1.059ms
[924.805s][info][gc] GC(13715) Pause Young (Normal) (G1 Evacuation Pause) 146M->57M(164M) 1.012ms
[924.868s][info][gc] GC(13716) Pause Young (Normal) (G1 Evacuation Pause) 144M->57M(164M) 0.951ms
[924.922s][info][gc] GC(13717) Pause Young (Normal) (G1 Evacuation Pause) 147M->57M(164M) 0.940ms
[924.990s][info][gc] GC(13718) Pause Young (Normal) (G1 Evacuation Pause) 147M->59M(164M) 1.015ms
[925.051s][info][gc] GC(13719) Pause Young (Normal) (G1 Evacuation Pause) 145M->60M(164M) 1.105ms
[925.105s][info][gc] GC(13720) Pause Young (Normal) (G1 Evacuation Pause) 146M->60M(164M) 0.989ms
[925.165s][info][gc] GC(13721) Pause Young (Concurrent Start) (G1 Evacuation Pause) 146M->61M(164M) 1.066ms
[925.166s][info][gc] GC(13722) Concurrent Mark Cycle
[925.172s][info][gc] GC(13722) Pause Remark 71M->67M(164M) 0.443ms
[925.176s][info][gc] GC(13722) Pause Cleanup 72M->72M(164M) 0.072ms
[925.176s][info][gc] GC(13722) Concurrent Mark Cycle 10.221ms
[925.221s][info][gc] GC(13723) Pause Young (Prepare Mixed) (G1 Evacuation Pause) 143M->58M(164M) 0.989ms
[925.284s][info][gc] GC(13724) Pause Young (Mixed) (G1 Evacuation Pause) 147M->57M(164M) 1.028ms
[925.338s][info][gc] GC(13725) Pause Young (Normal) (G1 Evacuation Pause) 145M->57M(164M) 0.940ms
[925.408s][info][gc] GC(13726) Pause Young (Normal) (G1 Evacuation Pause) 147M->58M(164M) 0.961ms
[925.463s][info][gc] GC(13727) Pause Young (Normal) (G1 Evacuation Pause) 146M->58M(164M) 1.013ms
[925.527s][info][gc] GC(13728) Pause Young (Normal) (G1 Evacuation Pause) 148M->59M(164M) 1.051ms
[925.592s][info][gc] GC(13729) Pause Young (Normal) (G1 Evacuation Pause) 145M->60M(164M) 1.033ms
[925.645s][info][gc] GC(13730) Pause Young (Normal) (G1 Evacuation Pause) 147M->60M(164M) 1.040ms
[925.714s][info][gc] GC(13731) Pause Young (Normal) (G1 Evacuation Pause) 146M->62M(164M) 1.071ms
[925.766s][info][gc] GC(13732) Pause Young (Normal) (G1 Evacuation Pause) 146M->62M(164M) 1.072ms
[925.827s][info][gc] GC(13733) Pause Young (Concurrent Start) (G1 Evacuation Pause) 147M->63M(164M) 1.079ms
[925.827s][info][gc] GC(13734) Concurrent Mark Cycle
[925.836s][info][gc] GC(13734) Pause Remark 75M->75M(164M) 0.445ms
[925.840s][info][gc] GC(13734) Pause Cleanup 79M->79M(164M) 0.047ms
[925.840s][info][gc] GC(13734) Concurrent Mark Cycle 12.677ms
[925.884s][info][gc] GC(13735) Pause Young (Prepare Mixed) (G1 Evacuation Pause) 147M->64M(164M) 1.109ms
[925.947s][info][gc] GC(13736) Pause Young (Mixed) (G1 Evacuation Pause) 147M->63M(164M) 1.103ms
[925.999s][info][gc] GC(13737) Pause Young (Concurrent Start) (G1 Evacuation Pause) 147M->64M(164M) 1.197ms
[925.999s][info][gc] GC(13738) Concurrent Mark Cycle
[926.008s][info][gc] GC(13738) Pause Remark 75M->75M(164M) 0.441ms
[926.013s][info][gc] GC(13738) Pause Cleanup 78M->78M(164M) 0.061ms
[926.013s][info][gc] GC(13738) Concurrent Mark Cycle 13.431ms
[926.064s][info][gc] GC(13739) Pause Young (Prepare Mixed) (G1 Evacuation Pause) 145M->64M(164M) 1.203ms
[926.116s][info][gc] GC(13740) Pause Young (Mixed) (G1 Evacuation Pause) 147M->62M(164M) 0.974ms
[926.184s][info][gc] GC(13741) Pause Young (Concurrent Start) (G1 Evacuation Pause) 146M->64M(164M) 1.218ms
[926.184s][info][gc] GC(13742) Concurrent Mark Cycle
[926.192s][info][gc] GC(13742) Pause Remark 79M->79M(164M) 0.423ms
[926.197s][info][gc] GC(13742) Pause Cleanup 88M->88M(164M) 0.059ms
[926.197s][info][gc] GC(13742) Concurrent Mark Cycle 13.409ms
[926.231s][info][gc] GC(13743) Pause Young (Prepare Mixed) (G1 Evacuation Pause) 144M->63M(164M) 1.018ms
[926.299s][info][gc] GC(13744) Pause Young (Mixed) (G1 Evacuation Pause) 147M->65M(164M) 1.133ms
[926.357s][info][gc] GC(13745) Pause Young (Concurrent Start) (G1 Evacuation Pause) 146M->65M(164M) 0.991ms
[926.357s][info][gc] GC(13746) Concurrent Mark Cycle
[926.367s][info][gc] GC(13746) Pause Remark 79M->79M(164M) 0.439ms
[926.372s][info][gc] GC(13746) Pause Cleanup 88M->88M(164M) 0.070ms
[926.372s][info][gc] GC(13746) Concurrent Mark Cycle 14.997ms
[926.410s][info][gc] GC(13747) Pause Young (Prepare Mixed) (G1 Evacuation Pause) 146M->66M(164M) 1.021ms
[926.465s][info][gc] GC(13748) Pause Young (Mixed) (G1 Evacuation Pause) 147M->66M(164M) 0.948ms
[926.521s][info][gc] GC(13749) Pause Young (Concurrent Start) (G1 Evacuation Pause) 148M->67M(164M) 1.106ms
[926.521s][info][gc] GC(13750) Concurrent Mark Cycle
[926.533s][info][gc] GC(13750) Pause Remark 84M->84M(164M) 0.413ms
[926.540s][info][gc] GC(13750) Pause Cleanup 98M->98M(164M) 0.046ms
[926.540s][info][gc] GC(13750) Concurrent Mark Cycle 19.262ms
[926.580s][info][gc] GC(13751) Pause Young (Prepare Mixed) (G1 Evacuation Pause) 147M->68M(164M) 1.197ms
[926.632s][info][gc] GC(13752) Pause Young (Mixed) (G1 Evacuation Pause) 148M->68M(164M) 1.378ms
[926.685s][info][gc] GC(13753) Pause Young (Normal) (G1 Evacuation Pause) 147M->68M(197M) 1.102ms
[926.758s][info][gc] GC(13754) Pause Young (Normal) (G1 Evacuation Pause) 177M->70M(197M) 1.094ms
[926.833s][info][gc] GC(13755) Pause Young (Normal) (G1 Evacuation Pause) 177M->70M(197M) 1.219ms
[926.909s][info][gc] GC(13756) Pause Young (Normal) (G1 Evacuation Pause) 175M->72M(197M) 1.147ms
[926.973s][info][gc] GC(13757) Pause Young (Normal) (G1 Evacuation Pause) 176M->72M(197M) 1.149ms
[927.046s][info][gc] GC(13758) Pause Young (Normal) (G1 Evacuation Pause) 176M->74M(197M) 1.177ms
[927.111s][info][gc] GC(13759) Pause Young (Normal) (G1 Evacuation Pause) 176M->73M(197M) 0.968ms
[927.182s][info][gc] GC(13760) Pause Young (Concurrent Start) (G1 Evacuation Pause) 176M->74M(197M) 1.117ms
[927.182s][info][gc] GC(13761) Concurrent Mark Cycle
[927.193s][info][gc] GC(13761) Pause Remark 91M->91M(197M) 0.456ms
[927.198s][info][gc] GC(13761) Pause Cleanup 100M->100M(197M) 0.052ms
[927.198s][info][gc] GC(13761) Concurrent Mark Cycle 16.747ms
[927.254s][info][gc] GC(13762) Pause Young (Prepare Mixed) (G1 Evacuation Pause) 175M->76M(197M) 1.120ms
[927.315s][info][gc] GC(13763) Pause Young (Mixed) (G1 Evacuation Pause) 176M->76M(197M) 1.175ms
[927.506s][info][gc] GC(13764) Pause Young (Concurrent Start) (G1 Evacuation Pause) 177M->78M(197M) 1.152ms
[927.507s][info][gc] GC(13765) Concurrent Mark Cycle
[927.511s][info][gc] GC(13765) Pause Remark 85M->57M(170M) 0.409ms
[927.512s][info][gc] GC(13765) Pause Cleanup 60M->60M(170M) 0.045ms
[927.512s][info][gc] GC(13765) Concurrent Mark Cycle 5.558ms
[927.567s][info][gc] GC(13766) Pause Young (Prepare Mixed) (G1 Evacuation Pause) 142M->51M(170M) 1.220ms
[927.631s][info][gc] GC(13767) Pause Young (Mixed) (G1 Evacuation Pause) 145M->45M(170M) 1.217ms
[927.689s][info][gc] GC(13768) Pause Young (Normal) (G1 Evacuation Pause) 140M->45M(170M) 0.997ms
[927.758s][info][gc] GC(13769) Pause Young (Normal) (G1 Evacuation Pause) 140M->47M(170M) 1.030ms
[927.826s][info][gc] GC(13770) Pause Young (Normal) (G1 Evacuation Pause) 141M->48M(170M) 1.135ms
[927.884s][info][gc] GC(13771) Pause Young (Normal) (G1 Evacuation Pause) 142M->49M(170M) 1.326ms
[927.948s][info][gc] GC(13772) Pause Young (Normal) (G1 Evacuation Pause) 143M->49M(170M) 1.148ms
[928.006s][info][gc] GC(13773) Pause Young (Normal) (G1 Evacuation Pause) 143M->49M(170M) 0.977ms
[928.074s][info][gc] GC(13774) Pause Young (Normal) (G1 Evacuation Pause) 144M->50M(170M) 0.984ms
[928.144s][info][gc] GC(13775) Pause Young (Normal) (G1 Evacuation Pause) 144M->51M(170M) 1.055ms
[928.201s][info][gc] GC(13776) Pause Young (Normal) (G1 Evacuation Pause) 144M->52M(170M) 1.130ms
[928.271s][info][gc] GC(13777) Pause Young (Normal) (G1 Evacuation Pause) 146M->53M(170M) 1.085ms
[928.324s][info][gc] GC(13778) Pause Young (Normal) (G1 Evacuation Pause) 146M->53M(170M) 1.003ms
[928.393s][info][gc] GC(13779) Pause Young (Normal) (G1 Evacuation Pause) 148M->54M(170M) 1.023ms
[928.463s][info][gc] GC(13780) Pause Young (Normal) (G1 Evacuation Pause) 148M->55M(170M) 1.071ms
[928.519s][info][gc] GC(13781) Pause Young (Normal) (G1 Evacuation Pause) 148M->56M(170M) 1.130ms
[928.584s][info][gc] GC(13782) Pause Young (Normal) (G1 Evacuation Pause) 150M->57M(170M) 1.175ms
[928.640s][info][gc] GC(13783) Pause Young (Normal) (G1 Evacuation Pause) 151M->58M(170M) 1.012ms
[928.706s][info][gc] GC(13784) Pause Young (Normal) (G1 Evacuation Pause) 152M->58M(170M) 1.046ms
[928.771s][info][gc] GC(13785) Pause Young (Normal) (G1 Evacuation Pause) 151M->59M(170M) 1.030ms
[928.835s][info][gc] GC(13786) Pause Young (Normal) (G1 Evacuation Pause) 153M->60M(170M) 1.049ms
[928.899s][info][gc] GC(13787) Pause Young (Normal) (G1 Evacuation Pause) 150M->61M(170M) 1.180ms
[928.956s][info][gc] GC(13788) Pause Young (Normal) (G1 Evacuation Pause) 152M->61M(170M) 1.040ms
[929.022s][info][gc] GC(13789) Pause Young (Normal) (G1 Evacuation Pause) 152M->62M(170M) 0.989ms
[929.077s][info][gc] GC(13790) Pause Young (Normal) (G1 Evacuation Pause) 152M->62M(170M) 0.927ms
[929.142s][info][gc] GC(13791) Pause Young (Normal) (G1 Evacuation Pause) 153M->64M(170M) 1.036ms
[929.206s][info][gc] GC(13792) Pause Young (Normal) (G1 Evacuation Pause) 151M->64M(170M) 1.087ms
[929.263s][info][gc] GC(13793) Pause Young (Concurrent Start) (G1 Evacuation Pause) 153M->65M(170M) 1.007ms
[929.263s][info][gc] GC(13794) Concurrent Mark Cycle
[929.270s][info][gc] GC(13794) Pause Remark 77M->75M(170M) 0.411ms
[929.275s][info][gc] GC(13794) Pause Cleanup 80M->80M(170M) 0.069ms
[929.275s][info][gc] GC(13794) Concurrent Mark Cycle 11.876ms
[929.328s][info][gc] GC(13795) Pause Young (Prepare Mixed) (G1 Evacuation Pause) 151M->64M(170M) 0.994ms
[929.383s][info][gc] GC(13796) Pause Young (Mixed) (G1 Evacuation Pause) 151M->63M(170M) 1.153ms
[929.446s][info][gc] GC(13797) Pause Young (Normal) (G1 Evacuation Pause) 151M->63M(170M) 1.062ms
[929.499s][info][gc] GC(13798) Pause Young (Normal) (G1 Evacuation Pause) 153M->64M(170M) 1.010ms
[929.565s][info][gc] GC(13799) Pause Young (Normal) (G1 Evacuation Pause) 152M->65M(170M) 1.263ms
[929.621s][info][gc] GC(13800) Pause Young (Concurrent Start) (G1 Evacuation Pause) 152M->65M(170M) 1.110ms
[929.621s][info][gc] GC(13801) Concurrent Mark Cycle
[929.630s][info][gc] GC(13801) Pause Remark 73M->73M(170M) 0.487ms
[929.637s][info][gc] GC(13801) Pause Cleanup 78M->78M(170M) 0.052ms
[929.637s][info][gc] GC(13801) Concurrent Mark Cycle 15.433ms
[929.689s][info][gc] GC(13802) Pause Young (Prepare Mixed) (G1 Evacuation Pause) 153M->66M(170M) 1.003ms
[929.749s][info][gc] GC(13803) Pause Young (Mixed) (G1 Evacuation Pause) 152M->65M(170M) 1.006ms
[929.802s][info][gc] GC(13804) Pause Young (Concurrent Start) (G1 Evacuation Pause) 153M->66M(170M) 1.059ms
[929.802s][info][gc] GC(13805) Concurrent Mark Cycle
[929.810s][info][gc] GC(13805) Pause Remark 81M->81M(170M) 0.430ms
[929.816s][info][gc] GC(13805) Pause Cleanup 89M->89M(170M) 0.048ms
[929.816s][info][gc] GC(13805) Concurrent Mark Cycle 14.192ms
[929.865s][info][gc] GC(13806) Pause Young (Prepare Mixed) (G1 Evacuation Pause) 151M->67M(170M) 1.017ms
[929.921s][info][gc] GC(13807) Pause Young (Mixed) (G1 Evacuation Pause) 153M->66M(170M) 1.091ms
[929.980s][info][gc] GC(13808) Pause Young (Concurrent Start) (G1 Evacuation Pause) 151M->66M(170M) 1.059ms
[929.980s][info][gc] GC(13809) Concurrent Mark Cycle
[929.989s][info][gc] GC(13809) Pause Remark 82M->82M(170M) 0.420ms
[929.995s][info][gc] GC(13809) Pause Cleanup 89M->89M(170M) 0.095ms
[929.995s][info][gc] GC(13809) Concurrent Mark Cycle 14.965ms
[930.035s][info][gc] GC(13810) Pause Young (Prepare Mixed) (G1 Evacuation Pause) 152M->67M(170M) 0.990ms
[930.098s][info][gc] GC(13811) Pause Young (Mixed) (G1 Evacuation Pause) 153M->67M(170M) 1.022ms
[930.149s][info][gc] GC(13812) Pause Young (Concurrent Start) (G1 Evacuation Pause) 153M->67M(170M) 1.133ms
[930.150s][info][gc] GC(13813) Concurrent Mark Cycle
[930.158s][info][gc] GC(13813) Pause Remark 77M->77M(170M) 0.391ms
[930.165s][info][gc] GC(13813) Pause Cleanup 86M->86M(170M) 0.050ms
[930.166s][info][gc] GC(13813) Concurrent Mark Cycle 16.118ms
[930.215s][info][gc] GC(13814) Pause Young (Prepare Mixed) (G1 Evacuation Pause) 153M->69M(170M) 1.059ms
[930.265s][info][gc] GC(13815) Pause Young (Mixed) (G1 Evacuation Pause) 152M->67M(170M) 1.059ms
[930.325s][info][gc] GC(13816) Pause Young (Concurrent Start) (G1 Evacuation Pause) 152M->68M(170M) 1.003ms
[930.325s][info][gc] GC(13817) Concurrent Mark Cycle
[930.336s][info][gc] GC(13817) Pause Remark 82M->82M(170M) 0.400ms
[930.342s][info][gc] GC(13817) Pause Cleanup 92M->92M(170M) 0.044ms
[930.343s][info][gc] GC(13817) Concurrent Mark Cycle 17.272ms
[930.380s][info][gc] GC(13818) Pause Young (Prepare Mixed) (G1 Evacuation Pause) 151M->68M(170M) 1.041ms
[930.444s][info][gc] GC(13819) Pause Young (Mixed) (G1 Evacuation Pause) 154M->69M(170M) 1.113ms
[930.498s][info][gc] GC(13820) Pause Young (Concurrent Start) (G1 Evacuation Pause) 152M->69M(170M) 0.984ms
[930.498s][info][gc] GC(13821) Concurrent Mark Cycle
[930.507s][info][gc] GC(13821) Pause Remark 82M->82M(170M) 0.407ms
[930.514s][info][gc] GC(13821) Pause Cleanup 96M->96M(170M) 0.042ms
[930.514s][info][gc] GC(13821) Concurrent Mark Cycle 16.423ms
[930.556s][info][gc] GC(13822) Pause Young (Prepare Mixed) (G1 Evacuation Pause) 152M->71M(170M) 0.999ms
[930.617s][info][gc] GC(13823) Pause Young (Mixed) (G1 Evacuation Pause) 152M->71M(170M) 1.161ms
[930.668s][info][gc] GC(13824) Pause Young (Concurrent Start) (G1 Evacuation Pause) 153M->72M(170M) 1.030ms
[930.668s][info][gc] GC(13825) Concurrent Mark Cycle
[930.678s][info][gc] GC(13825) Pause Remark 88M->88M(170M) 0.507ms
[930.686s][info][gc] GC(13825) Pause Cleanup 101M->101M(170M) 0.067ms
[930.686s][info][gc] GC(13825) Concurrent Mark Cycle 17.615ms
[930.730s][info][gc] GC(13826) Pause Young (Prepare Mixed) (G1 Evacuation Pause) 153M->72M(170M) 1.065ms
[930.781s][info][gc] GC(13827) Pause Young (Mixed) (G1 Evacuation Pause) 153M->72M(170M) 1.237ms
[930.849s][info][gc] GC(13828) Pause Young (Concurrent Start) (G1 Evacuation Pause) 154M->74M(170M) 1.148ms
[930.849s][info][gc] GC(13829) Concurrent Mark Cycle
[930.860s][info][gc] GC(13829) Pause Remark 93M->93M(170M) 0.458ms
[930.870s][info][gc] GC(13829) Pause Cleanup 105M->105M(170M) 0.047ms
[930.870s][info][gc] GC(13829) Concurrent Mark Cycle 21.708ms
[930.898s][info][gc] GC(13830) Pause Young (Prepare Mixed) (G1 Evacuation Pause) 153M->74M(170M) 1.021ms
[930.956s][info][gc] GC(13831) Pause Young (Mixed) (G1 Evacuation Pause) 152M->74M(170M) 1.053ms
[931.008s][info][gc] GC(13832) Pause Young (Concurrent Start) (G1 Evacuation Pause) 154M->75M(170M) 0.989ms
[931.008s][info][gc] GC(13833) Concurrent Mark Cycle
[931.020s][info][gc] GC(13833) Pause Remark 97M->97M(170M) 0.395ms
[931.029s][info][gc] GC(13833) Pause Cleanup 112M->112M(170M) 0.052ms
[931.029s][info][gc] GC(13833) Concurrent Mark Cycle 21.597ms
[931.090s][info][gc] GC(13834) Pause Young (Prepare Mixed) (G1 Evacuation Pause) 153M->74M(170M) 0.889ms
[931.240s][info][gc] GC(13835) Pause Young (Mixed) (G1 Evacuation Pause) 153M->77M(170M) 1.075ms
[931.288s][info][gc] GC(13836) Pause Young (Concurrent Start) (G1 Evacuation Pause) 150M->78M(170M) 1.090ms
[931.289s][info][gc] GC(13837) Concurrent Mark Cycle
[931.293s][info][gc] GC(13837) Pause Remark 85M->57M(170M) 0.427ms
[931.295s][info][gc] GC(13837) Pause Cleanup 61M->61M(170M) 0.069ms
[931.295s][info][gc] GC(13837) Concurrent Mark Cycle 6.243ms
[931.346s][info][gc] GC(13838) Pause Young (Prepare Mixed) (G1 Evacuation Pause) 123M->50M(170M) 1.152ms
[931.407s][info][gc] GC(13839) Pause Young (Mixed) (G1 Evacuation Pause) 146M->47M(170M) 1.124ms
[931.472s][info][gc] GC(13840) Pause Young (Normal) (G1 Evacuation Pause) 142M->47M(170M) 1.047ms
[931.531s][info][gc] GC(13841) Pause Young (Normal) (G1 Evacuation Pause) 141M->48M(170M) 1.205ms
[931.598s][info][gc] GC(13842) Pause Young (Normal) (G1 Evacuation Pause) 142M->49M(170M) 1.177ms
[931.666s][info][gc] GC(13843) Pause Young (Normal) (G1 Evacuation Pause) 144M->50M(170M) 1.183ms
[931.725s][info][gc] GC(13844) Pause Young (Normal) (G1 Evacuation Pause) 143M->50M(170M) 1.051ms
[931.793s][info][gc] GC(13845) Pause Young (Normal) (G1 Evacuation Pause) 144M->51M(170M) 1.008ms
[931.851s][info][gc] GC(13846) Pause Young (Normal) (G1 Evacuation Pause) 145M->51M(170M) 0.927ms
[931.920s][info][gc] GC(13847) Pause Young (Normal) (G1 Evacuation Pause) 146M->53M(170M) 1.018ms
[931.985s][info][gc] GC(13848) Pause Young (Normal) (G1 Evacuation Pause) 146M->54M(170M) 1.092ms
[932.042s][info][gc] GC(13849) Pause Young (Normal) (G1 Evacuation Pause) 148M->55M(170M) 1.018ms
[932.106s][info][gc] GC(13850) Pause Young (Normal) (G1 Evacuation Pause) 149M->55M(170M) 1.043ms
[932.164s][info][gc] GC(13851) Pause Young (Normal) (G1 Evacuation Pause) 149M->56M(170M) 1.020ms
[932.232s][info][gc] GC(13852) Pause Young (Normal) (G1 Evacuation Pause) 150M->56M(170M) 1.058ms
[932.291s][info][gc] GC(13853) Pause Young (Normal) (G1 Evacuation Pause) 150M->57M(170M) 1.027ms
[932.356s][info][gc] GC(13854) Pause Young (Normal) (G1 Evacuation Pause) 152M->58M(170M) 1.008ms
[932.424s][info][gc] GC(13855) Pause Young (Normal) (G1 Evacuation Pause) 152M->59M(170M) 1.103ms
[932.483s][info][gc] GC(13856) Pause Young (Normal) (G1 Evacuation Pause) 151M->60M(170M) 1.058ms
[932.546s][info][gc] GC(13857) Pause Young (Normal) (G1 Evacuation Pause) 152M->60M(170M) 0.950ms
[932.605s][info][gc] GC(13858) Pause Young (Normal) (G1 Evacuation Pause) 152M->61M(170M) 1.053ms
[932.667s][info][gc] GC(13859) Pause Young (Normal) (G1 Evacuation Pause) 150M->62M(170M) 1.147ms
[932.730s][info][gc] GC(13860) Pause Young (Normal) (G1 Evacuation Pause) 153M->63M(170M) 0.986ms
[932.787s][info][gc] GC(13861) Pause Young (Normal) (G1 Evacuation Pause) 152M->63M(170M) 1.026ms
[932.851s][info][gc] GC(13862) Pause Young (Normal) (G1 Evacuation Pause) 151M->64M(170M) 1.006ms
[932.903s][info][gc] GC(13863) Pause Young (Concurrent Start) (G1 Evacuation Pause) 151M->64M(170M) 0.930ms
[932.903s][info][gc] GC(13864) Concurrent Mark Cycle
[932.908s][info][gc] GC(13864) Pause Remark 73M->70M(170M) 0.424ms
[932.913s][info][gc] GC(13864) Pause Cleanup 76M->76M(170M) 0.046ms
[932.913s][info][gc] GC(13864) Concurrent Mark Cycle 10.307ms
[932.966s][info][gc] GC(13865) Pause Young (Prepare Mixed) (G1 Evacuation Pause) 149M->63M(170M) 1.107ms
[933.023s][info][gc] GC(13866) Pause Young (Mixed) (G1 Evacuation Pause) 152M->61M(170M) 1.074ms
[933.086s][info][gc] GC(13867) Pause Young (Normal) (G1 Evacuation Pause) 152M->62M(170M) 1.020ms
[933.146s][info][gc] GC(13868) Pause Young (Normal) (G1 Evacuation Pause) 152M->61M(170M) 0.982ms
[933.206s][info][gc] GC(13869) Pause Young (Normal) (G1 Evacuation Pause) 152M->63M(170M) 1.023ms
[933.270s][info][gc] GC(13870) Pause Young (Normal) (G1 Evacuation Pause) 150M->64M(170M) 1.085ms
[933.329s][info][gc] GC(13871) Pause Young (Concurrent Start) (G1 Evacuation Pause) 153M->65M(170M) 1.020ms
[933.329s][info][gc] GC(13872) Concurrent Mark Cycle
[933.336s][info][gc] GC(13872) Pause Remark 74M->74M(170M) 0.405ms
[933.342s][info][gc] GC(13872) Pause Cleanup 83M->83M(170M) 0.073ms
[933.342s][info][gc] GC(13872) Concurrent Mark Cycle 12.955ms
[933.394s][info][gc] GC(13873) Pause Young (Prepare Mixed) (G1 Evacuation Pause) 153M->66M(170M) 0.996ms
[933.450s][info][gc] GC(13874) Pause Young (Mixed) (G1 Evacuation Pause) 152M->65M(170M) 0.995ms
[933.507s][info][gc] GC(13875) Pause Young (Concurrent Start) (G1 Evacuation Pause) 151M->65M(170M) 0.966ms
[933.507s][info][gc] GC(13876) Concurrent Mark Cycle
[933.514s][info][gc] GC(13876) Pause Remark 78M->78M(170M) 0.447ms
[933.520s][info][gc] GC(13876) Pause Cleanup 87M->87M(170M) 0.066ms
[933.521s][info][gc] GC(13876) Concurrent Mark Cycle 13.382ms
[933.567s][info][gc] GC(13877) Pause Young (Prepare Mixed) (G1 Evacuation Pause) 153M->66M(170M) 1.040ms
[933.623s][info][gc] GC(13878) Pause Young (Mixed) (G1 Evacuation Pause) 151M->66M(170M) 0.984ms
[933.682s][info][gc] GC(13879) Pause Young (Concurrent Start) (G1 Evacuation Pause) 153M->66M(170M) 1.243ms
[933.682s][info][gc] GC(13880) Concurrent Mark Cycle
[933.690s][info][gc] GC(13880) Pause Remark 76M->76M(170M) 0.396ms
[933.696s][info][gc] GC(13880) Pause Cleanup 82M->82M(170M) 0.046ms
[933.696s][info][gc] GC(13880) Concurrent Mark Cycle 13.609ms
[933.740s][info][gc] GC(13881) Pause Young (Prepare Mixed) (G1 Evacuation Pause) 153M->67M(170M) 0.961ms
[933.796s][info][gc] GC(13882) Pause Young (Mixed) (G1 Evacuation Pause) 152M->66M(170M) 1.004ms
[933.857s][info][gc] GC(13883) Pause Young (Concurrent Start) (G1 Evacuation Pause) 154M->67M(170M) 0.900ms
[933.857s][info][gc] GC(13884) Concurrent Mark Cycle
[933.864s][info][gc] GC(13884) Pause Remark 75M->75M(170M) 0.410ms
[933.872s][info][gc] GC(13884) Pause Cleanup 84M->84M(170M) 0.073ms
[933.872s][info][gc] GC(13884) Concurrent Mark Cycle 14.842ms
[933.916s][info][gc] GC(13885) Pause Young (Prepare Mixed) (G1 Evacuation Pause) 153M->68M(170M) 1.157ms
[933.970s][info][gc] GC(13886) Pause Young (Mixed) (G1 Evacuation Pause) 152M->68M(170M) 1.065ms
[934.032s][info][gc] GC(13887) Pause Young (Concurrent Start) (G1 Evacuation Pause) 153M->69M(170M) 1.021ms
[934.032s][info][gc] GC(13888) Concurrent Mark Cycle
[934.040s][info][gc] GC(13888) Pause Remark 85M->85M(170M) 0.399ms
[934.046s][info][gc] GC(13888) Pause Cleanup 98M->98M(170M) 0.049ms
[934.047s][info][gc] GC(13888) Concurrent Mark Cycle 14.512ms
[934.087s][info][gc] GC(13889) Pause Young (Prepare Mixed) (G1 Evacuation Pause) 152M->69M(170M) 1.026ms
[934.145s][info][gc] GC(13890) Pause Young (Mixed) (G1 Evacuation Pause) 153M->69M(170M) 1.064ms
[934.202s][info][gc] GC(13891) Pause Young (Concurrent Start) (G1 Evacuation Pause) 153M->70M(170M) 0.976ms
[934.202s][info][gc] GC(13892) Concurrent Mark Cycle
[934.210s][info][gc] GC(13892) Pause Remark 85M->85M(170M) 0.415ms
[934.219s][info][gc] GC(13892) Pause Cleanup 96M->96M(170M) 0.047ms
[934.220s][info][gc] GC(13892) Concurrent Mark Cycle 17.977ms
[934.261s][info][gc] GC(13893) Pause Young (Prepare Mixed) (G1 Evacuation Pause) 153M->71M(170M) 1.128ms
[934.319s][info][gc] GC(13894) Pause Young (Mixed) (G1 Evacuation Pause) 153M->70M(170M) 1.120ms
[934.381s][info][gc] GC(13895) Pause Young (Concurrent Start) (G1 Evacuation Pause) 152M->71M(170M) 1.007ms
[934.381s][info][gc] GC(13896) Concurrent Mark Cycle
[934.390s][info][gc] GC(13896) Pause Remark 87M->87M(170M) 0.414ms
[934.398s][info][gc] GC(13896) Pause Cleanup 99M->99M(170M) 0.047ms
[934.398s][info][gc] GC(13896) Concurrent Mark Cycle 16.742ms
[934.433s][info][gc] GC(13897) Pause Young (Prepare Mixed) (G1 Evacuation Pause) 151M->71M(170M) 0.978ms
[934.494s][info][gc] GC(13898) Pause Young (Mixed) (G1 Evacuation Pause) 153M->72M(170M) 1.014ms
[934.547s][info][gc] GC(13899) Pause Young (Concurrent Start) (G1 Evacuation Pause) 152M->73M(170M) 0.989ms
[934.548s][info][gc] GC(13900) Concurrent Mark Cycle
[934.556s][info][gc] GC(13900) Pause Remark 84M->84M(170M) 0.394ms
[934.564s][info][gc] GC(13900) Pause Cleanup 92M->92M(170M) 0.047ms
[934.564s][info][gc] GC(13900) Concurrent Mark Cycle 16.666ms
[934.603s][info][gc] GC(13901) Pause Young (Prepare Mixed) (G1 Evacuation Pause) 154M->74M(170M) 0.987ms
[934.657s][info][gc] GC(13902) Pause Young (Mixed) (G1 Evacuation Pause) 153M->74M(170M) 0.910ms
[934.716s][info][gc] GC(13903) Pause Young (Concurrent Start) (G1 Evacuation Pause) 154M->76M(170M) 1.151ms
[934.716s][info][gc] GC(13904) Concurrent Mark Cycle
[934.725s][info][gc] GC(13904) Pause Remark 92M->92M(170M) 0.465ms
[934.733s][info][gc] GC(13904) Pause Cleanup 106M->106M(170M) 0.048ms
[934.733s][info][gc] GC(13904) Concurrent Mark Cycle 17.114ms
[934.768s][info][gc] GC(13905) Pause Young (Prepare Mixed) (G1 Evacuation Pause) 152M->75M(170M) 0.945ms
[934.922s][info][gc] GC(13906) Pause Young (Mixed) (G1 Evacuation Pause) 153M->77M(170M) 0.994ms
[934.972s][info][gc] GC(13907) Pause Young (Concurrent Start) (G1 Evacuation Pause) 151M->78M(170M) 1.044ms
[934.972s][info][gc] GC(13908) Concurrent Mark Cycle
[934.976s][info][gc] GC(13908) Pause Remark 85M->57M(170M) 0.422ms
[934.977s][info][gc] GC(13908) Pause Cleanup 60M->60M(170M) 0.071ms
[934.977s][info][gc] GC(13908) Concurrent Mark Cycle 5.767ms
[935.018s][info][gc] GC(13909) Pause Young (Prepare Mixed) (G1 Evacuation Pause) 125M->49M(170M) 0.937ms
[935.087s][info][gc] GC(13910) Pause Young (Mixed) (G1 Evacuation Pause) 146M->46M(170M) 1.057ms
[935.153s][info][gc] GC(13911) Pause Young (Normal) (G1 Evacuation Pause) 140M->47M(170M) 1.160ms
[935.212s][info][gc] GC(13912) Pause Young (Normal) (G1 Evacuation Pause) 141M->47M(170M) 1.189ms
[935.279s][info][gc] GC(13913) Pause Young (Normal) (G1 Evacuation Pause) 141M->48M(170M) 1.390ms
[935.338s][info][gc] GC(13914) Pause Young (Normal) (G1 Evacuation Pause) 143M->48M(170M) 0.989ms
[935.410s][info][gc] GC(13915) Pause Young (Normal) (G1 Evacuation Pause) 143M->50M(170M) 1.148ms
[935.475s][info][gc] GC(13916) Pause Young (Normal) (G1 Evacuation Pause) 143M->51M(170M) 1.091ms
[935.534s][info][gc] GC(13917) Pause Young (Normal) (G1 Evacuation Pause) 145M->51M(170M) 1.017ms
[935.599s][info][gc] GC(13918) Pause Young (Normal) (G1 Evacuation Pause) 146M->52M(170M) 1.086ms
[935.660s][info][gc] GC(13919) Pause Young (Normal) (G1 Evacuation Pause) 146M->51M(170M) 0.986ms
[935.728s][info][gc] GC(13920) Pause Young (Normal) (G1 Evacuation Pause) 146M->53M(170M) 1.090ms
[935.795s][info][gc] GC(13921) Pause Young (Normal) (G1 Evacuation Pause) 146M->54M(170M) 1.228ms
[935.853s][info][gc] GC(13922) Pause Young (Normal) (G1 Evacuation Pause) 148M->55M(170M) 1.100ms
[935.921s][info][gc] GC(13923) Pause Young (Normal) (G1 Evacuation Pause) 149M->56M(170M) 1.071ms
[935.982s][info][gc] GC(13924) Pause Young (Normal) (G1 Evacuation Pause) 150M->56M(170M) 1.117ms
[936.052s][info][gc] GC(13925) Pause Young (Normal) (G1 Evacuation Pause) 151M->58M(170M) 1.194ms
[936.117s][info][gc] GC(13926) Pause Young (Normal) (G1 Evacuation Pause) 150M->58M(170M) 1.181ms
[936.177s][info][gc] GC(13927) Pause Young (Normal) (G1 Evacuation Pause) 151M->59M(170M) 1.099ms
[936.247s][info][gc] GC(13928) Pause Young (Normal) (G1 Evacuation Pause) 151M->60M(170M) 1.122ms
[936.304s][info][gc] GC(13929) Pause Young (Normal) (G1 Evacuation Pause) 151M->60M(170M) 1.126ms
[936.372s][info][gc] GC(13930) Pause Young (Normal) (G1 Evacuation Pause) 151M->61M(170M) 1.095ms
[936.435s][info][gc] GC(13931) Pause Young (Normal) (G1 Evacuation Pause) 152M->61M(170M) 1.137ms
[936.495s][info][gc] GC(13932) Pause Young (Normal) (G1 Evacuation Pause) 151M->63M(170M) 1.120ms
[936.559s][info][gc] GC(13933) Pause Young (Normal) (G1 Evacuation Pause) 150M->63M(170M) 1.185ms
[936.614s][info][gc] GC(13934) Pause Young (Concurrent Start) (G1 Evacuation Pause) 152M->64M(170M) 1.257ms
[936.614s][info][gc] GC(13935) Concurrent Mark Cycle
[936.624s][info][gc] GC(13935) Pause Remark 78M->75M(170M) 0.418ms
[936.629s][info][gc] GC(13935) Pause Cleanup 84M->84M(170M) 0.047ms
[936.629s][info][gc] GC(13935) Concurrent Mark Cycle 15.006ms
[936.675s][info][gc] GC(13936) Pause Young (Prepare Mixed) (G1 Evacuation Pause) 149M->62M(170M) 1.041ms
[936.732s][info][gc] GC(13937) Pause Young (Mixed) (G1 Evacuation Pause) 153M->62M(170M) 1.116ms
[936.795s][info][gc] GC(13938) Pause Young (Normal) (G1 Evacuation Pause) 151M->62M(170M) 0.998ms
[936.849s][info][gc] GC(13939) Pause Young (Normal) (G1 Evacuation Pause) 152M->62M(170M) 1.016ms
[936.916s][info][gc] GC(13940) Pause Young (Normal) (G1 Evacuation Pause) 153M->63M(170M) 1.015ms
[936.977s][info][gc] GC(13941) Pause Young (Normal) (G1 Evacuation Pause) 150M->64M(170M) 1.099ms
[937.031s][info][gc] GC(13942) Pause Young (Concurrent Start) (G1 Evacuation Pause) 151M->65M(170M) 1.123ms
[937.031s][info][gc] GC(13943) Concurrent Mark Cycle
[937.039s][info][gc] GC(13943) Pause Remark 77M->77M(170M) 0.441ms
[937.044s][info][gc] GC(13943) Pause Cleanup 85M->85M(170M) 0.039ms
[937.045s][info][gc] GC(13943) Concurrent Mark Cycle 13.077ms
[937.091s][info][gc] GC(13944) Pause Young (Prepare Mixed) (G1 Evacuation Pause) 151M->66M(170M) 1.003ms
[937.146s][info][gc] GC(13945) Pause Young (Mixed) (G1 Evacuation Pause) 153M->65M(170M) 1.015ms
[937.207s][info][gc] GC(13946) Pause Young (Concurrent Start) (G1 Evacuation Pause) 153M->66M(170M) 0.996ms
[937.207s][info][gc] GC(13947) Concurrent Mark Cycle
[937.213s][info][gc] GC(13947) Pause Remark 77M->77M(170M) 0.390ms
[937.220s][info][gc] GC(13947) Pause Cleanup 84M->84M(170M) 0.045ms
[937.221s][info][gc] GC(13947) Concurrent Mark Cycle 13.889ms
[937.262s][info][gc] GC(13948) Pause Young (Prepare Mixed) (G1 Evacuation Pause) 153M->66M(170M) 1.075ms
[937.328s][info][gc] GC(13949) Pause Young (Mixed) (G1 Evacuation Pause) 153M->66M(170M) 1.044ms
[937.377s][info][gc] GC(13950) Pause Young (Concurrent Start) (G1 Evacuation Pause) 153M->66M(170M) 0.976ms
[937.377s][info][gc] GC(13951) Concurrent Mark Cycle
[937.385s][info][gc] GC(13951) Pause Remark 73M->73M(170M) 0.461ms
[937.391s][info][gc] GC(13951) Pause Cleanup 77M->77M(170M) 0.069ms
[937.391s][info][gc] GC(13951) Concurrent Mark Cycle 13.521ms
[937.444s][info][gc] GC(13952) Pause Young (Prepare Mixed) (G1 Evacuation Pause) 153M->68M(170M) 1.051ms
[937.496s][info][gc] GC(13953) Pause Young (Mixed) (G1 Evacuation Pause) 151M->65M(170M) 1.006ms
[937.559s][info][gc] GC(13954) Pause Young (Concurrent Start) (G1 Evacuation Pause) 153M->67M(170M) 1.055ms
[937.559s][info][gc] GC(13955) Concurrent Mark Cycle
[937.567s][info][gc] GC(13955) Pause Remark 80M->80M(170M) 0.410ms
[937.574s][info][gc] GC(13955) Pause Cleanup 94M->94M(170M) 0.069ms
[937.574s][info][gc] GC(13955) Concurrent Mark Cycle 14.410ms
[937.622s][info][gc] GC(13956) Pause Young (Prepare Mixed) (G1 Evacuation Pause) 151M->68M(170M) 1.076ms
[937.672s][info][gc] GC(13957) Pause Young (Mixed) (G1 Evacuation Pause) 153M->67M(170M) 1.047ms
[937.736s][info][gc] GC(13958) Pause Young (Normal) (G1 Evacuation Pause) 152M->68M(170M) 0.980ms
[937.789s][info][gc] GC(13959) Pause Young (Normal) (G1 Evacuation Pause) 153M->69M(170M) 0.997ms
[937.849s][info][gc] GC(13960) Pause Young (Concurrent Start) (G1 Evacuation Pause) 153M->69M(170M) 1.110ms
[937.849s][info][gc] GC(13961) Concurrent Mark Cycle
[937.857s][info][gc] GC(13961) Pause Remark 80M->80M(170M) 0.401ms
[937.864s][info][gc] GC(13961) Pause Cleanup 92M->92M(170M) 0.044ms
[937.864s][info][gc] GC(13961) Concurrent Mark Cycle 15.186ms
[937.901s][info][gc] GC(13962) Pause Young (Prepare Mixed) (G1 Evacuation Pause) 152M->70M(170M) 1.059ms
[937.959s][info][gc] GC(13963) Pause Young (Mixed) (G1 Evacuation Pause) 151M->71M(170M) 1.020ms
[938.012s][info][gc] GC(13964) Pause Young (Concurrent Start) (G1 Evacuation Pause) 153M->71M(170M) 0.960ms
[938.012s][info][gc] GC(13965) Concurrent Mark Cycle
[938.020s][info][gc] GC(13965) Pause Remark 86M->86M(170M) 0.425ms
[938.027s][info][gc] GC(13965) Pause Cleanup 96M->96M(170M) 0.035ms
[938.028s][info][gc] GC(13965) Concurrent Mark Cycle 15.668ms
[938.072s][info][gc] GC(13966) Pause Young (Prepare Mixed) (G1 Evacuation Pause) 152M->72M(170M) 0.990ms
[938.120s][info][gc] GC(13967) Pause Young (Mixed) (G1 Evacuation Pause) 153M->72M(170M) 0.984ms
[938.177s][info][gc] GC(13968) Pause Young (Concurrent Start) (G1 Evacuation Pause) 152M->74M(170M) 0.913ms
[938.177s][info][gc] GC(13969) Concurrent Mark Cycle
[938.186s][info][gc] GC(13969) Pause Remark 86M->86M(170M) 0.406ms
[938.194s][info][gc] GC(13969) Pause Cleanup 96M->96M(170M) 0.064ms
[938.194s][info][gc] GC(13969) Concurrent Mark Cycle 16.367ms
[938.228s][info][gc] GC(13970) Pause Young (Prepare Mixed) (G1 Evacuation Pause) 153M->74M(170M) 0.991ms
[938.287s][info][gc] GC(13971) Pause Young (Mixed) (G1 Evacuation Pause) 153M->74M(170M) 1.071ms
[938.336s][info][gc] GC(13972) Pause Young (Concurrent Start) (G1 Evacuation Pause) 153M->75M(170M) 0.951ms
[938.336s][info][gc] GC(13973) Concurrent Mark Cycle
[938.345s][info][gc] GC(13973) Pause Remark 94M->94M(170M) 0.416ms
[938.353s][info][gc] GC(13973) Pause Cleanup 103M->103M(170M) 0.068ms
[938.353s][info][gc] GC(13973) Concurrent Mark Cycle 17.868ms
[938.393s][info][gc] GC(13974) Pause Young (Prepare Mixed) (G1 Evacuation Pause) 153M->75M(170M) 0.931ms
[938.442s][info][gc] GC(13975) Pause Young (Mixed) (G1 Evacuation Pause) 152M->75M(170M) 0.979ms
[938.546s][info][gc] GC(13976) Pause Young (Concurrent Start) (G1 Evacuation Pause) 152M->75M(170M) 0.803ms
[938.546s][info][gc] GC(13977) Concurrent Mark Cycle
[938.555s][info][gc] GC(13977) Pause Remark 81M->81M(170M) 0.405ms
[938.564s][info][gc] GC(13977) Pause Cleanup 82M->82M(170M) 0.048ms
[938.564s][info][gc] GC(13977) Concurrent Mark Cycle 17.795ms
[938.660s][info][gc] GC(13978) Pause Young (Prepare Mixed) (G1 Evacuation Pause) 155M->84M(170M) 1.675ms
[938.679s][info][gc] GC(13979) Pause Young (Mixed) (G1 Evacuation Pause) 149M->86M(170M) 1.592ms
[938.702s][info][gc] GC(13980) Pause Young (Concurrent Start) (G1 Evacuation Pause) 156M->87M(170M) 0.871ms
[938.702s][info][gc] GC(13981) Concurrent Mark Cycle
[938.717s][info][gc] GC(13981) Pause Remark 135M->105M(170M) 0.422ms
[938.724s][info][gc] GC(13982) Pause Young (Normal) (G1 Evacuation Pause) 126M->58M(170M) 0.747ms
[938.726s][info][gc] GC(13981) Pause Cleanup 64M->64M(170M) 0.058ms
[938.726s][info][gc] GC(13981) Concurrent Mark Cycle 23.951ms
[938.752s][info][gc] GC(13983) Pause Young (Prepare Mixed) (G1 Evacuation Pause) 156M->59M(170M) 0.934ms
[938.785s][info][gc] GC(13984) Pause Young (Mixed) (G1 Evacuation Pause) 154M->52M(211M) 1.251ms
[938.829s][info][gc] GC(13985) Pause Young (Normal) (G1 Evacuation Pause) 170M->56M(211M) 1.421ms
[938.866s][info][gc] GC(13986) Pause Young (Normal) (G1 Evacuation Pause) 171M->58M(211M) 1.506ms
[938.897s][info][gc] GC(13987) Pause Young (Normal) (G1 Evacuation Pause) 173M->58M(211M) 1.235ms
[938.945s][info][gc] GC(13988) Pause Young (Normal) (G1 Evacuation Pause) 177M->62M(244M) 1.376ms
[938.987s][info][gc] GC(13989) Pause Young (Normal) (G1 Evacuation Pause) 197M->63M(244M) 1.441ms
[939.026s][info][gc] GC(13990) Pause Young (Normal) (G1 Evacuation Pause) 196M->64M(244M) 1.477ms
[939.076s][info][gc] GC(13991) Pause Young (Normal) (G1 Evacuation Pause) 199M->64M(244M) 1.533ms
[939.120s][info][gc] GC(13992) Pause Young (Normal) (G1 Evacuation Pause) 200M->66M(244M) 1.423ms
[939.158s][info][gc] GC(13993) Pause Young (Normal) (G1 Evacuation Pause) 200M->67M(244M) 1.562ms
[939.210s][info][gc] GC(13994) Pause Young (Normal) (G1 Evacuation Pause) 201M->68M(244M) 1.430ms
[939.251s][info][gc] GC(13995) Pause Young (Normal) (G1 Evacuation Pause) 203M->70M(244M) 1.465ms
[939.291s][info][gc] GC(13996) Pause Young (Normal) (G1 Evacuation Pause) 204M->69M(244M) 1.390ms
[939.338s][info][gc] GC(13997) Pause Young (Normal) (G1 Evacuation Pause) 205M->70M(244M) 1.367ms
[939.388s][info][gc] GC(13998) Pause Young (Normal) (G1 Evacuation Pause) 205M->73M(244M) 1.501ms
[939.430s][info][gc] GC(13999) Pause Young (Normal) (G1 Evacuation Pause) 206M->74M(244M) 1.534ms
[939.473s][info][gc] GC(14000) Pause Young (Normal) (G1 Evacuation Pause) 208M->74M(244M) 1.401ms
[939.524s][info][gc] GC(14001) Pause Young (Normal) (G1 Evacuation Pause) 209M->77M(244M) 1.499ms
[939.568s][info][gc] GC(14002) Pause Young (Normal) (G1 Evacuation Pause) 210M->77M(244M) 1.504ms
[939.611s][info][gc] GC(14003) Pause Young (Normal) (G1 Evacuation Pause) 212M->78M(244M) 1.370ms
[939.660s][info][gc] GC(14004) Pause Young (Normal) (G1 Evacuation Pause) 213M->80M(244M) 1.485ms
[939.700s][info][gc] GC(14005) Pause Young (Normal) (G1 Evacuation Pause) 215M->80M(244M) 1.526ms
[939.741s][info][gc] GC(14006) Pause Young (Normal) (G1 Evacuation Pause) 215M->81M(244M) 1.354ms
[939.792s][info][gc] GC(14007) Pause Young (Normal) (G1 Evacuation Pause) 215M->83M(244M) 1.472ms
[939.832s][info][gc] GC(14008) Pause Young (Normal) (G1 Evacuation Pause) 216M->83M(244M) 1.584ms
[939.874s][info][gc] GC(14009) Pause Young (Normal) (G1 Evacuation Pause) 218M->85M(244M) 1.477ms
[939.922s][info][gc] GC(14010) Pause Young (Normal) (G1 Evacuation Pause) 217M->85M(244M) 1.477ms
[939.965s][info][gc] GC(14011) Pause Young (Normal) (G1 Evacuation Pause) 218M->87M(244M) 1.465ms
[940.007s][info][gc] GC(14012) Pause Young (Normal) (G1 Evacuation Pause) 217M->88M(244M) 1.386ms
[940.044s][info][gc] GC(14013) Pause Young (Normal) (G1 Evacuation Pause) 220M->88M(244M) 1.221ms
[940.093s][info][gc] GC(14014) Pause Young (Normal) (G1 Evacuation Pause) 220M->91M(244M) 1.420ms
[940.131s][info][gc] GC(14015) Pause Young (Normal) (G1 Evacuation Pause) 217M->91M(244M) 1.650ms
[940.173s][info][gc] GC(14016) Pause Young (Concurrent Start) (G1 Evacuation Pause) 221M->93M(244M) 1.424ms
[940.173s][info][gc] GC(14017) Concurrent Mark Cycle
[940.193s][info][gc] GC(14017) Pause Remark 153M->153M(244M) 0.435ms
[940.208s][info][gc] GC(14017) Pause Cleanup 188M->188M(244M) 0.073ms
[940.208s][info][gc] GC(14017) Concurrent Mark Cycle 34.781ms
[940.221s][info][gc] GC(14018) Pause Young (Prepare Mixed) (G1 Evacuation Pause) 219M->93M(244M) 1.393ms
[940.260s][info][gc] GC(14019) Pause Young (Mixed) (G1 Evacuation Pause) 218M->89M(244M) 1.320ms
[940.303s][info][gc] GC(14020) Pause Young (Normal) (G1 Evacuation Pause) 220M->91M(244M) 1.520ms
[940.346s][info][gc] GC(14021) Pause Young (Normal) (G1 Evacuation Pause) 219M->92M(244M) 1.490ms
[940.386s][info][gc] GC(14022) Pause Young (Concurrent Start) (G1 Evacuation Pause) 219M->93M(244M) 1.410ms
[940.386s][info][gc] GC(14023) Concurrent Mark Cycle
[940.400s][info][gc] GC(14023) Pause Remark 131M->131M(244M) 0.414ms
[940.413s][info][gc] GC(14023) Pause Cleanup 162M->162M(244M) 0.061ms
[940.413s][info][gc] GC(14023) Concurrent Mark Cycle 27.229ms
[940.435s][info][gc] GC(14024) Pause Young (Prepare Mixed) (G1 Evacuation Pause) 219M->95M(244M) 1.459ms
[940.471s][info][gc] GC(14025) Pause Young (Mixed) (G1 Evacuation Pause) 218M->93M(244M) 1.446ms
[940.517s][info][gc] GC(14026) Pause Young (Concurrent Start) (G1 Evacuation Pause) 221M->95M(244M) 1.387ms
[940.517s][info][gc] GC(14027) Concurrent Mark Cycle
[940.538s][info][gc] GC(14027) Pause Remark 155M->155M(244M) 0.425ms
[940.552s][info][gc] GC(14027) Pause Cleanup 203M->203M(244M) 0.055ms
[940.552s][info][gc] GC(14027) Concurrent Mark Cycle 34.448ms
[940.561s][info][gc] GC(14028) Pause Young (Prepare Mixed) (G1 Evacuation Pause) 219M->95M(244M) 1.435ms
[940.600s][info][gc] GC(14029) Pause Young (Mixed) (G1 Evacuation Pause) 219M->95M(357M) 1.610ms
[940.672s][info][gc] GC(14030) Pause Young (Normal) (G1 Evacuation Pause) 298M->97M(357M) 1.895ms
[940.740s][info][gc] GC(14031) Pause Young (Normal) (G1 Evacuation Pause) 298M->98M(357M) 1.775ms
[940.815s][info][gc] GC(14032) Pause Young (Normal) (G1 Evacuation Pause) 297M->100M(357M) 1.708ms
[940.882s][info][gc] GC(14033) Pause Young (Normal) (G1 Evacuation Pause) 297M->101M(357M) 1.828ms
[940.949s][info][gc] GC(14034) Pause Young (Normal) (G1 Evacuation Pause) 300M->103M(357M) 1.729ms
[941.010s][info][gc] GC(14035) Pause Young (Normal) (G1 Evacuation Pause) 299M->104M(357M) 1.829ms
[941.085s][info][gc] GC(14036) Pause Young (Normal) (G1 Evacuation Pause) 304M->105M(357M) 1.776ms
[941.151s][info][gc] GC(14037) Pause Young (Normal) (G1 Evacuation Pause) 303M->109M(357M) 1.790ms
[941.217s][info][gc] GC(14038) Pause Young (Normal) (G1 Evacuation Pause) 305M->107M(357M) 1.736ms
[941.287s][info][gc] GC(14039) Pause Young (Normal) (G1 Evacuation Pause) 308M->111M(357M) 1.701ms
[941.358s][info][gc] GC(14040) Pause Young (Normal) (G1 Evacuation Pause) 308M->113M(357M) 1.865ms
[941.434s][info][gc] GC(14041) Pause Young (Normal) (G1 Evacuation Pause) 311M->114M(357M) 1.615ms
[941.503s][info][gc] GC(14042) Pause Young (Normal) (G1 Evacuation Pause) 313M->115M(357M) 1.914ms
[941.578s][info][gc] GC(14043) Pause Young (Normal) (G1 Evacuation Pause) 313M->117M(357M) 2.315ms
[941.657s][info][gc] GC(14044) Pause Young (Normal) (G1 Evacuation Pause) 314M->119M(357M) 2.335ms
[941.730s][info][gc] GC(14045) Pause Young (Normal) (G1 Evacuation Pause) 316M->121M(357M) 2.237ms
[941.812s][info][gc] GC(14046) Pause Young (Normal) (G1 Evacuation Pause) 318M->122M(357M) 2.219ms
[941.898s][info][gc] GC(14047) Pause Young (Normal) (G1 Evacuation Pause) 319M->123M(357M) 2.605ms
[941.979s][info][gc] GC(14048) Pause Young (Normal) (G1 Evacuation Pause) 323M->126M(357M) 2.047ms
[942.043s][info][gc] GC(14049) Pause Young (Normal) (G1 Evacuation Pause) 320M->127M(357M) 1.970ms
[942.109s][info][gc] GC(14050) Pause Young (Normal) (G1 Evacuation Pause) 322M->127M(357M) 1.738ms
[942.175s][info][gc] GC(14051) Pause Young (Normal) (G1 Evacuation Pause) 320M->130M(357M) 1.917ms
[942.238s][info][gc] GC(14052) Pause Young (Normal) (G1 Evacuation Pause) 319M->131M(357M) 1.928ms
[942.305s][info][gc] GC(14053) Pause Young (Normal) (G1 Evacuation Pause) 321M->133M(357M) 1.863ms
[942.369s][info][gc] GC(14054) Pause Young (Normal) (G1 Evacuation Pause) 321M->134M(357M) 1.772ms
[942.438s][info][gc] GC(14055) Pause Young (Normal) (G1 Evacuation Pause) 323M->136M(357M) 1.814ms
[942.500s][info][gc] GC(14056) Pause Young (Concurrent Start) (G1 Evacuation Pause) 319M->136M(357M) 1.776ms
[942.500s][info][gc] GC(14057) Concurrent Mark Cycle
[942.527s][info][gc] GC(14057) Pause Remark 206M->206M(357M) 0.449ms
[942.552s][info][gc] GC(14057) Pause Cleanup 277M->277M(357M) 0.061ms
[942.553s][info][gc] GC(14057) Concurrent Mark Cycle 52.126ms
[942.572s][info][gc] GC(14058) Pause Young (Prepare Mixed) (G1 Evacuation Pause) 324M->139M(357M) 1.948ms
[942.629s][info][gc] GC(14059) Pause Young (Mixed) (G1 Evacuation Pause) 321M->138M(357M) 2.071ms
[942.695s][info][gc] GC(14060) Pause Young (Concurrent Start) (G1 Evacuation Pause) 323M->139M(357M) 1.715ms
[942.695s][info][gc] GC(14061) Concurrent Mark Cycle
[942.722s][info][gc] GC(14061) Pause Remark 205M->205M(357M) 0.418ms
[942.744s][info][gc] GC(14061) Pause Cleanup 262M->262M(357M) 0.058ms
[942.745s][info][gc] GC(14061) Concurrent Mark Cycle 49.917ms
[942.762s][info][gc] GC(14062) Pause Young (Prepare Mixed) (G1 Evacuation Pause) 322M->142M(357M) 1.778ms
[942.819s][info][gc] GC(14063) Pause Young (Mixed) (G1 Evacuation Pause) 319M->142M(357M) 1.836ms
[942.882s][info][gc] GC(14064) Pause Young (Concurrent Start) (G1 Evacuation Pause) 323M->145M(357M) 1.811ms
[942.882s][info][gc] GC(14065) Concurrent Mark Cycle
[942.914s][info][gc] GC(14065) Pause Remark 252M->252M(357M) 0.418ms
[942.938s][info][gc] GC(14065) Pause Cleanup 305M->305M(357M) 0.061ms
[942.938s][info][gc] GC(14065) Concurrent Mark Cycle 56.021ms
[942.946s][info][gc] GC(14066) Pause Young (Prepare Mixed) (G1 Evacuation Pause) 322M->146M(357M) 1.629ms
[943.007s][info][gc] GC(14067) Pause Young (Mixed) (G1 Evacuation Pause) 324M->147M(357M) 1.809ms
[943.057s][info][gc] GC(14068) Pause Young (Concurrent Start) (G1 Evacuation Pause) 322M->147M(357M) 1.665ms
[943.057s][info][gc] GC(14069) Concurrent Mark Cycle
[943.087s][info][gc] GC(14069) Pause Remark 224M->224M(357M) 0.407ms
[943.107s][info][gc] GC(14069) Pause Cleanup 289M->289M(357M) 0.060ms
[943.108s][info][gc] GC(14069) Concurrent Mark Cycle 50.620ms
[943.120s][info][gc] GC(14070) Pause Young (Prepare Mixed) (G1 Evacuation Pause) 324M->149M(357M) 1.582ms
[943.181s][info][gc] GC(14071) Pause Young (Mixed) (G1 Evacuation Pause) 322M->150M(491M) 1.924ms
[943.275s][info][gc] GC(14072) Pause Young (Normal) (G1 Evacuation Pause) 430M->152M(491M) 2.418ms
[943.377s][info][gc] GC(14073) Pause Young (Normal) (G1 Evacuation Pause) 430M->155M(491M) 2.191ms
[943.488s][info][gc] GC(14074) Pause Young (Normal) (G1 Evacuation Pause) 430M->156M(491M) 2.214ms
[943.581s][info][gc] GC(14075) Pause Young (Normal) (G1 Evacuation Pause) 430M->160M(491M) 2.282ms
[943.677s][info][gc] GC(14076) Pause Young (Normal) (G1 Evacuation Pause) 430M->161M(491M) 2.464ms
[943.773s][info][gc] GC(14077) Pause Young (Normal) (G1 Evacuation Pause) 433M->163M(491M) 2.300ms
[943.876s][info][gc] GC(14078) Pause Young (Normal) (G1 Evacuation Pause) 435M->166M(491M) 2.702ms
[943.984s][info][gc] GC(14079) Pause Young (Normal) (G1 Evacuation Pause) 438M->170M(491M) 2.363ms
[944.073s][info][gc] GC(14080) Pause Young (Normal) (G1 Evacuation Pause) 440M->170M(491M) 2.139ms
[944.172s][info][gc] GC(14081) Pause Young (Normal) (G1 Evacuation Pause) 444M->172M(491M) 2.217ms
[944.262s][info][gc] GC(14082) Pause Young (Normal) (G1 Evacuation Pause) 442M->174M(491M) 2.450ms
[944.357s][info][gc] GC(14083) Pause Young (Normal) (G1 Evacuation Pause) 441M->176M(491M) 2.472ms
[944.456s][info][gc] GC(14084) Pause Young (Normal) (G1 Evacuation Pause) 441M->180M(491M) 2.376ms
[944.543s][info][gc] GC(14085) Pause Young (Normal) (G1 Evacuation Pause) 441M->181M(491M) 2.258ms
[944.633s][info][gc] GC(14086) Pause Young (Normal) (G1 Evacuation Pause) 443M->184M(491M) 2.239ms
[944.723s][info][gc] GC(14087) Pause Young (Normal) (G1 Evacuation Pause) 440M->186M(491M) 2.404ms
[944.806s][info][gc] GC(14088) Pause Young (Normal) (G1 Evacuation Pause) 444M->186M(491M) 1.948ms
[944.907s][info][gc] GC(14089) Pause Young (Concurrent Start) (G1 Evacuation Pause) 446M->190M(491M) 2.143ms
[944.907s][info][gc] GC(14090) Concurrent Mark Cycle
[944.954s][info][gc] GC(14090) Pause Remark 329M->329M(491M) 1.071ms
[944.985s][info][gc] GC(14090) Pause Cleanup 408M->408M(491M) 0.063ms
[944.986s][info][gc] GC(14090) Concurrent Mark Cycle 78.799ms
[945.001s][info][gc] GC(14091) Pause Young (Prepare Mixed) (G1 Evacuation Pause) 442M->190M(491M) 2.229ms
[945.094s][info][gc] GC(14092) Pause Young (Mixed) (G1 Evacuation Pause) 446M->194M(491M) 2.352ms
[945.184s][info][gc] GC(14093) Pause Young (Concurrent Start) (G1 Evacuation Pause) 442M->197M(491M) 2.405ms
[945.184s][info][gc] GC(14094) Concurrent Mark Cycle
[945.225s][info][gc] GC(14094) Pause Remark 304M->304M(491M) 0.554ms
[945.263s][info][gc] GC(14094) Pause Cleanup 411M->411M(491M) 0.061ms
[945.263s][info][gc] GC(14094) Concurrent Mark Cycle 78.727ms
[945.276s][info][gc] GC(14095) Pause Young (Prepare Mixed) (G1 Evacuation Pause) 444M->197M(491M) 2.069ms
[945.365s][info][gc] GC(14096) Pause Young (Mixed) (G1 Evacuation Pause) 446M->200M(491M) 2.429ms
[945.448s][info][gc] GC(14097) Pause Young (Concurrent Start) (G1 Evacuation Pause) 441M->201M(491M) 2.091ms
[945.448s][info][gc] GC(14098) Concurrent Mark Cycle
[945.487s][info][gc] GC(14098) Pause Remark 295M->295M(491M) 0.444ms
[945.525s][info][gc] GC(14098) Pause Cleanup 383M->383M(491M) 0.067ms
[945.526s][info][gc] GC(14098) Concurrent Mark Cycle 77.310ms
[945.549s][info][gc] GC(14099) Pause Young (Prepare Mixed) (G1 Evacuation Pause) 446M->204M(491M) 1.935ms
[945.627s][info][gc] GC(14100) Pause Young (Mixed) (G1 Evacuation Pause) 445M->204M(491M) 2.064ms
[945.706s][info][gc] GC(14101) Pause Young (Concurrent Start) (G1 Evacuation Pause) 445M->206M(491M) 2.008ms
[945.706s][info][gc] GC(14102) Concurrent Mark Cycle
[945.750s][info][gc] GC(14102) Pause Remark 312M->312M(491M) 0.440ms
[945.784s][info][gc] GC(14102) Pause Cleanup 403M->403M(491M) 0.059ms
[945.784s][info][gc] GC(14102) Concurrent Mark Cycle 77.744ms
[945.802s][info][gc] GC(14103) Pause Young (Prepare Mixed) (G1 Evacuation Pause) 445M->210M(491M) 2.144ms
[945.875s][info][gc] GC(14104) Pause Young (Mixed) (G1 Evacuation Pause) 442M->209M(559M) 2.289ms
[945.987s][info][gc] GC(14105) Pause Young (Normal) (G1 Evacuation Pause) 510M->210M(559M) 2.170ms
[946.153s][info][gc] GC(14106) Pause Young (Normal) (G1 Evacuation Pause) 511M->215M(559M) 2.533ms
[946.288s][info][gc] GC(14107) Pause Young (Concurrent Start) (G1 Evacuation Pause) 506M->219M(559M) 2.967ms
[946.288s][info][gc] GC(14108) Concurrent Mark Cycle
[946.300s][info][gc] GC(14108) Pause Remark 258M->123M(287M) 0.533ms
[946.304s][info][gc] GC(14108) Pause Cleanup 130M->130M(287M) 0.060ms
[946.304s][info][gc] GC(14108) Concurrent Mark Cycle 16.577ms
[946.347s][info][gc] GC(14109) Pause Young (Prepare Mixed) (G1 Evacuation Pause) 230M->87M(287M) 2.277ms
[946.411s][info][gc] GC(14110) Pause Young (Mixed) (G1 Evacuation Pause) 248M->75M(287M) 1.407ms
[946.470s][info][gc] GC(14111) Pause Young (Normal) (G1 Evacuation Pause) 235M->76M(287M) 1.708ms
[946.538s][info][gc] GC(14112) Pause Young (Normal) (G1 Evacuation Pause) 236M->78M(287M) 1.554ms
[946.595s][info][gc] GC(14113) Pause Young (Normal) (G1 Evacuation Pause) 236M->78M(287M) 1.608ms
[946.660s][info][gc] GC(14114) Pause Young (Normal) (G1 Evacuation Pause) 239M->80M(287M) 1.557ms
[946.724s][info][gc] GC(14115) Pause Young (Normal) (G1 Evacuation Pause) 239M->81M(287M) 1.512ms
[946.785s][info][gc] GC(14116) Pause Young (Normal) (G1 Evacuation Pause) 240M->81M(287M) 1.593ms
[946.850s][info][gc] GC(14117) Pause Young (Normal) (G1 Evacuation Pause) 241M->83M(287M) 1.684ms
[946.913s][info][gc] GC(14118) Pause Young (Normal) (G1 Evacuation Pause) 241M->85M(287M) 1.726ms
[946.973s][info][gc] GC(14119) Pause Young (Normal) (G1 Evacuation Pause) 243M->87M(287M) 1.698ms
[947.035s][info][gc] GC(14120) Pause Young (Normal) (G1 Evacuation Pause) 245M->87M(287M) 1.700ms
[947.098s][info][gc] GC(14121) Pause Young (Normal) (G1 Evacuation Pause) 246M->88M(287M) 1.599ms
[947.161s][info][gc] GC(14122) Pause Young (Normal) (G1 Evacuation Pause) 247M->90M(287M) 1.703ms
[947.225s][info][gc] GC(14123) Pause Young (Normal) (G1 Evacuation Pause) 249M->91M(287M) 1.615ms
[947.292s][info][gc] GC(14124) Pause Young (Normal) (G1 Evacuation Pause) 250M->93M(287M) 1.549ms
[947.360s][info][gc] GC(14125) Pause Young (Normal) (G1 Evacuation Pause) 251M->94M(287M) 1.737ms
[947.423s][info][gc] GC(14126) Pause Young (Normal) (G1 Evacuation Pause) 253M->96M(287M) 1.656ms
[947.492s][info][gc] GC(14127) Pause Young (Normal) (G1 Evacuation Pause) 255M->97M(287M) 1.552ms
[947.555s][info][gc] GC(14128) Pause Young (Normal) (G1 Evacuation Pause) 256M->98M(287M) 1.528ms
[947.617s][info][gc] GC(14129) Pause Young (Normal) (G1 Evacuation Pause) 257M->100M(287M) 1.584ms
[947.680s][info][gc] GC(14130) Pause Young (Normal) (G1 Evacuation Pause) 255M->100M(287M) 1.830ms
[947.744s][info][gc] GC(14131) Pause Young (Normal) (G1 Evacuation Pause) 257M->102M(287M) 1.750ms
[947.806s][info][gc] GC(14132) Pause Young (Normal) (G1 Evacuation Pause) 257M->104M(287M) 1.545ms
[947.873s][info][gc] GC(14133) Pause Young (Normal) (G1 Evacuation Pause) 258M->105M(287M) 1.635ms
[947.933s][info][gc] GC(14134) Pause Young (Normal) (G1 Evacuation Pause) 257M->106M(287M) 1.541ms
[947.989s][info][gc] GC(14135) Pause Young (Concurrent Start) (G1 Evacuation Pause) 257M->107M(287M) 1.477ms
[947.989s][info][gc] GC(14136) Concurrent Mark Cycle
[948.002s][info][gc] GC(14136) Pause Remark 137M->130M(287M) 0.424ms
[948.013s][info][gc] GC(14136) Pause Cleanup 154M->154M(287M) 0.061ms
[948.014s][info][gc] GC(14136) Concurrent Mark Cycle 24.599ms
[948.054s][info][gc] GC(14137) Pause Young (Prepare Mixed) (G1 Evacuation Pause) 252M->103M(287M) 1.505ms
[948.112s][info][gc] GC(14138) Pause Young (Mixed) (G1 Evacuation Pause) 258M->91M(287M) 1.527ms
[948.176s][info][gc] GC(14139) Pause Young (Normal) (G1 Evacuation Pause) 251M->93M(287M) 1.656ms
[948.235s][info][gc] GC(14140) Pause Young (Normal) (G1 Evacuation Pause) 251M->94M(287M) 1.522ms
[948.297s][info][gc] GC(14141) Pause Young (Normal) (G1 Evacuation Pause) 253M->96M(287M) 1.523ms
[948.351s][info][gc] GC(14142) Pause Young (Normal) (G1 Evacuation Pause) 255M->97M(287M) 1.478ms
[948.416s][info][gc] GC(14143) Pause Young (Normal) (G1 Evacuation Pause) 256M->99M(287M) 1.647ms
[948.472s][info][gc] GC(14144) Pause Young (Normal) (G1 Evacuation Pause) 257M->98M(287M) 1.407ms
[948.538s][info][gc] GC(14145) Pause Young (Normal) (G1 Evacuation Pause) 258M->100M(287M) 1.454ms
[948.592s][info][gc] GC(14146) Pause Young (Normal) (G1 Evacuation Pause) 256M->101M(287M) 1.480ms
[948.655s][info][gc] GC(14147) Pause Young (Normal) (G1 Evacuation Pause) 257M->103M(287M) 1.484ms
[948.716s][info][gc] GC(14148) Pause Young (Normal) (G1 Evacuation Pause) 257M->104M(287M) 1.690ms
[948.776s][info][gc] GC(14149) Pause Young (Normal) (G1 Evacuation Pause) 257M->105M(287M) 1.421ms
[948.835s][info][gc] GC(14150) Pause Young (Normal) (G1 Evacuation Pause) 257M->107M(287M) 1.453ms
[948.893s][info][gc] GC(14151) Pause Young (Normal) (G1 Evacuation Pause) 258M->109M(287M) 1.514ms
[948.949s][info][gc] GC(14152) Pause Young (Concurrent Start) (G1 Evacuation Pause) 258M->109M(287M) 1.439ms
[948.949s][info][gc] GC(14153) Concurrent Mark Cycle
[948.968s][info][gc] GC(14153) Pause Remark 153M->153M(287M) 0.410ms
[948.984s][info][gc] GC(14153) Pause Cleanup 193M->193M(287M) 0.072ms
[948.984s][info][gc] GC(14153) Concurrent Mark Cycle 34.499ms
[949.007s][info][gc] GC(14154) Pause Young (Prepare Mixed) (G1 Evacuation Pause) 257M->111M(287M) 1.402ms
[949.066s][info][gc] GC(14155) Pause Young (Mixed) (G1 Evacuation Pause) 257M->110M(287M) 1.632ms
[949.123s][info][gc] GC(14156) Pause Young (Concurrent Start) (G1 Evacuation Pause) 258M->110M(287M) 1.394ms
[949.123s][info][gc] GC(14157) Concurrent Mark Cycle
[949.141s][info][gc] GC(14157) Pause Remark 151M->151M(287M) 0.428ms
[949.158s][info][gc] GC(14157) Pause Cleanup 185M->185M(287M) 0.060ms
[949.158s][info][gc] GC(14157) Concurrent Mark Cycle 35.195ms
[949.189s][info][gc] GC(14158) Pause Young (Prepare Mixed) (G1 Evacuation Pause) 259M->113M(287M) 1.569ms
[949.246s][info][gc] GC(14159) Pause Young (Mixed) (G1 Evacuation Pause) 258M->111M(287M) 1.649ms
[949.306s][info][gc] GC(14160) Pause Young (Concurrent Start) (G1 Evacuation Pause) 259M->112M(287M) 1.557ms
[949.306s][info][gc] GC(14161) Concurrent Mark Cycle
[949.328s][info][gc] GC(14161) Pause Remark 162M->162M(287M) 0.485ms
[949.345s][info][gc] GC(14161) Pause Cleanup 202M->202M(287M) 0.056ms
[949.345s][info][gc] GC(14161) Concurrent Mark Cycle 38.817ms
[949.367s][info][gc] GC(14162) Pause Young (Prepare Mixed) (G1 Evacuation Pause) 260M->114M(287M) 1.661ms
[949.425s][info][gc] GC(14163) Pause Young (Mixed) (G1 Evacuation Pause) 258M->113M(287M) 1.610ms
[949.478s][info][gc] GC(14164) Pause Young (Concurrent Start) (G1 Evacuation Pause) 259M->114M(287M) 1.429ms
[949.478s][info][gc] GC(14165) Concurrent Mark Cycle
[949.498s][info][gc] GC(14165) Pause Remark 169M->169M(287M) 0.484ms
[949.513s][info][gc] GC(14165) Pause Cleanup 211M->211M(287M) 0.055ms
[949.513s][info][gc] GC(14165) Concurrent Mark Cycle 34.852ms
[949.543s][info][gc] GC(14166) Pause Young (Prepare Mixed) (G1 Evacuation Pause) 260M->115M(287M) 1.494ms
[949.596s][info][gc] GC(14167) Pause Young (Mixed) (G1 Evacuation Pause) 258M->116M(317M) 1.649ms
[949.662s][info][gc] GC(14168) Pause Young (Normal) (G1 Evacuation Pause) 287M->116M(317M) 1.442ms
[949.728s][info][gc] GC(14169) Pause Young (Normal) (G1 Evacuation Pause) 285M->118M(317M) 1.482ms
[949.793s][info][gc] GC(14170) Pause Young (Normal) (G1 Evacuation Pause) 285M->120M(317M) 1.624ms
[949.855s][info][gc] GC(14171) Pause Young (Concurrent Start) (G1 Evacuation Pause) 285M->121M(317M) 1.513ms
[949.855s][info][gc] GC(14172) Concurrent Mark Cycle
[949.881s][info][gc] GC(14172) Pause Remark 196M->196M(317M) 0.510ms
[949.895s][info][gc] GC(14172) Pause Cleanup 219M->219M(317M) 0.058ms
[949.895s][info][gc] GC(14172) Concurrent Mark Cycle 40.325ms
[949.924s][info][gc] GC(14173) Pause Young (Prepare Mixed) (G1 Evacuation Pause) 284M->122M(317M) 1.570ms
[949.986s][info][gc] GC(14174) Pause Young (Mixed) (G1 Evacuation Pause) 286M->123M(317M) 1.681ms
[950.047s][info][gc] GC(14175) Pause Young (Concurrent Start) (G1 Evacuation Pause) 285M->124M(317M) 1.593ms
[950.047s][info][gc] GC(14176) Concurrent Mark Cycle
[950.071s][info][gc] GC(14176) Pause Remark 191M->191M(317M) 0.409ms
[950.087s][info][gc] GC(14176) Pause Cleanup 216M->216M(317M) 0.055ms
[950.087s][info][gc] GC(14176) Concurrent Mark Cycle 39.867ms
[950.115s][info][gc] GC(14177) Pause Young (Prepare Mixed) (G1 Evacuation Pause) 287M->126M(317M) 1.653ms
[950.177s][info][gc] GC(14178) Pause Young (Mixed) (G1 Evacuation Pause) 285M->126M(317M) 1.572ms
[950.237s][info][gc] GC(14179) Pause Young (Concurrent Start) (G1 Evacuation Pause) 288M->127M(317M) 1.498ms
[950.237s][info][gc] GC(14180) Concurrent Mark Cycle
[950.263s][info][gc] GC(14180) Pause Remark 199M->199M(317M) 0.420ms
[950.284s][info][gc] GC(14180) Pause Cleanup 235M->235M(317M) 0.058ms
[950.284s][info][gc] GC(14180) Concurrent Mark Cycle 47.745ms
[950.304s][info][gc] GC(14181) Pause Young (Prepare Mixed) (G1 Evacuation Pause) 285M->129M(317M) 1.587ms
[950.363s][info][gc] GC(14182) Pause Young (Mixed) (G1 Evacuation Pause) 286M->130M(317M) 1.714ms
[950.426s][info][gc] GC(14183) Pause Young (Concurrent Start) (G1 Evacuation Pause) 286M->132M(317M) 1.662ms
[950.426s][info][gc] GC(14184) Concurrent Mark Cycle
[950.447s][info][gc] GC(14184) Pause Remark 187M->187M(317M) 0.404ms
[950.464s][info][gc] GC(14184) Pause Cleanup 229M->229M(317M) 0.056ms
[950.465s][info][gc] GC(14184) Concurrent Mark Cycle 38.564ms
[950.486s][info][gc] GC(14185) Pause Young (Prepare Mixed) (G1 Evacuation Pause) 285M->133M(317M) 1.539ms
[950.548s][info][gc] GC(14186) Pause Young (Mixed) (G1 Evacuation Pause) 287M->134M(348M) 1.592ms
[950.619s][info][gc] GC(14187) Pause Young (Normal) (G1 Evacuation Pause) 316M->136M(348M) 1.571ms
[950.687s][info][gc] GC(14188) Pause Young (Normal) (G1 Evacuation Pause) 314M->137M(348M) 1.809ms
[950.759s][info][gc] GC(14189) Pause Young (Concurrent Start) (G1 Evacuation Pause) 314M->139M(348M) 1.659ms
[950.759s][info][gc] GC(14190) Concurrent Mark Cycle
[950.791s][info][gc] GC(14190) Pause Remark 199M->199M(348M) 0.421ms
[950.812s][info][gc] GC(14190) Pause Cleanup 245M->245M(348M) 0.061ms
[950.813s][info][gc] GC(14190) Concurrent Mark Cycle 53.758ms
[950.839s][info][gc] GC(14191) Pause Young (Prepare Mixed) (G1 Evacuation Pause) 314M->140M(348M) 1.708ms
[950.907s][info][gc] GC(14192) Pause Young (Mixed) (G1 Evacuation Pause) 314M->140M(348M) 1.731ms
[950.977s][info][gc] GC(14193) Pause Young (Concurrent Start) (G1 Evacuation Pause) 313M->142M(348M) 1.734ms
[950.977s][info][gc] GC(14194) Concurrent Mark Cycle
[951.003s][info][gc] GC(14194) Pause Remark 197M->197M(348M) 0.440ms
[951.023s][info][gc] GC(14194) Pause Cleanup 248M->248M(348M) 0.060ms
[951.024s][info][gc] GC(14194) Concurrent Mark Cycle 46.530ms
[951.052s][info][gc] GC(14195) Pause Young (Prepare Mixed) (G1 Evacuation Pause) 315M->144M(348M) 1.758ms
[951.119s][info][gc] GC(14196) Pause Young (Mixed) (G1 Evacuation Pause) 315M->146M(348M) 1.698ms
[951.186s][info][gc] GC(14197) Pause Young (Concurrent Start) (G1 Evacuation Pause) 314M->148M(348M) 1.634ms
[951.186s][info][gc] GC(14198) Concurrent Mark Cycle
[951.215s][info][gc] GC(14198) Pause Remark 224M->224M(348M) 0.456ms
[951.236s][info][gc] GC(14198) Pause Cleanup 273M->273M(348M) 0.071ms
[951.236s][info][gc] GC(14198) Concurrent Mark Cycle 50.076ms
[951.257s][info][gc] GC(14199) Pause Young (Prepare Mixed) (G1 Evacuation Pause) 314M->148M(348M) 1.600ms
[951.326s][info][gc] GC(14200) Pause Young (Mixed) (G1 Evacuation Pause) 315M->150M(348M) 1.601ms
[951.391s][info][gc] GC(14201) Pause Young (Concurrent Start) (G1 Evacuation Pause) 315M->150M(348M) 1.552ms
[951.391s][info][gc] GC(14202) Concurrent Mark Cycle
[951.419s][info][gc] GC(14202) Pause Remark 219M->219M(348M) 0.434ms
[951.440s][info][gc] GC(14202) Pause Cleanup 263M->263M(348M) 0.057ms
[951.440s][info][gc] GC(14202) Concurrent Mark Cycle 49.615ms
[951.464s][info][gc] GC(14203) Pause Young (Prepare Mixed) (G1 Evacuation Pause) 316M->153M(348M) 1.508ms
[951.524s][info][gc] GC(14204) Pause Young (Mixed) (G1 Evacuation Pause) 315M->154M(376M) 1.630ms
[951.600s][info][gc] GC(14205) Pause Young (Normal) (G1 Evacuation Pause) 342M->155M(376M) 1.595ms
[951.668s][info][gc] GC(14206) Pause Young (Normal) (G1 Evacuation Pause) 341M->156M(376M) 1.718ms
[951.741s][info][gc] GC(14207) Pause Young (Concurrent Start) (G1 Evacuation Pause) 340M->158M(376M) 1.642ms
[951.741s][info][gc] GC(14208) Concurrent Mark Cycle
[951.772s][info][gc] GC(14208) Pause Remark 223M->223M(376M) 0.499ms
[951.799s][info][gc] GC(14208) Pause Cleanup 287M->287M(376M) 0.058ms
[951.799s][info][gc] GC(14208) Concurrent Mark Cycle 57.701ms
[951.819s][info][gc] GC(14209) Pause Young (Prepare Mixed) (G1 Evacuation Pause) 340M->158M(376M) 1.687ms
[951.893s][info][gc] GC(14210) Pause Young (Mixed) (G1 Evacuation Pause) 341M->159M(376M) 1.784ms
[951.967s][info][gc] GC(14211) Pause Young (Concurrent Start) (G1 Evacuation Pause) 339M->162M(376M) 1.813ms
[951.967s][info][gc] GC(14212) Concurrent Mark Cycle
[952.005s][info][gc] GC(14212) Pause Remark 263M->263M(376M) 0.447ms
[952.030s][info][gc] GC(14212) Pause Cleanup 317M->317M(376M) 0.057ms
[952.031s][info][gc] GC(14212) Concurrent Mark Cycle 63.876ms
[952.039s][info][gc] GC(14213) Pause Young (Prepare Mixed) (G1 Evacuation Pause) 339M->163M(376M) 1.636ms
[952.110s][info][gc] GC(14214) Pause Young (Mixed) (G1 Evacuation Pause) 341M->165M(376M) 1.680ms
[952.175s][info][gc] GC(14215) Pause Young (Concurrent Start) (G1 Evacuation Pause) 339M->167M(376M) 1.682ms
[952.175s][info][gc] GC(14216) Concurrent Mark Cycle
[952.208s][info][gc] GC(14216) Pause Remark 235M->235M(376M) 0.435ms
[952.234s][info][gc] GC(14216) Pause Cleanup 288M->288M(376M) 0.060ms
[952.234s][info][gc] GC(14216) Concurrent Mark Cycle 59.402ms
[952.252s][info][gc] GC(14217) Pause Young (Prepare Mixed) (G1 Evacuation Pause) 340M->169M(376M) 1.642ms
[952.314s][info][gc] GC(14218) Pause Young (Mixed) (G1 Evacuation Pause) 340M->167M(376M) 1.631ms
[952.398s][info][gc] GC(14219) Pause Young (Concurrent Start) (G1 Evacuation Pause) 341M->167M(376M) 1.360ms
[952.398s][info][gc] GC(14220) Concurrent Mark Cycle
[952.428s][info][gc] GC(14220) Pause Remark 210M->210M(376M) 0.492ms
[952.449s][info][gc] GC(14220) Pause Cleanup 247M->247M(376M) 0.065ms
[952.449s][info][gc] GC(14220) Concurrent Mark Cycle 51.193ms
[952.497s][info][gc] GC(14221) Pause Young (Prepare Mixed) (G1 Evacuation Pause) 343M->171M(376M) 1.621ms
[952.570s][info][gc] GC(14222) Pause Young (Mixed) (G1 Evacuation Pause) 339M->175M(376M) 1.947ms
[952.632s][info][gc] GC(14223) Pause Young (Concurrent Start) (G1 Evacuation Pause) 339M->176M(376M) 1.781ms
[952.632s][info][gc] GC(14224) Concurrent Mark Cycle
[952.647s][info][gc] GC(14224) Pause Remark 213M->212M(376M) 0.409ms
[952.662s][info][gc] GC(14224) Pause Cleanup 243M->243M(376M) 0.069ms
[952.662s][info][gc] GC(14224) Concurrent Mark Cycle 30.778ms
[952.707s][info][gc] GC(14225) Pause Young (Prepare Mixed) (G1 Evacuation Pause) 340M->177M(376M) 1.815ms
[952.764s][info][gc] GC(14226) Pause Young (Mixed) (G1 Evacuation Pause) 342M->147M(376M) 1.814ms
[952.842s][info][gc] GC(14227) Pause Young (Mixed) (G1 Evacuation Pause) 340M->123M(376M) 2.532ms
[952.927s][info][gc] GC(14228) Pause Young (Mixed) (G1 Evacuation Pause) 332M->114M(376M) 2.230ms
[952.998s][info][gc] GC(14229) Pause Young (Normal) (G1 Evacuation Pause) 321M->115M(376M) 1.849ms
[953.078s][info][gc] GC(14230) Pause Young (Normal) (G1 Evacuation Pause) 324M->119M(376M) 1.835ms
[953.156s][info][gc] GC(14231) Pause Young (Normal) (G1 Evacuation Pause) 327M->118M(376M) 1.749ms
[953.236s][info][gc] GC(14232) Pause Young (Normal) (G1 Evacuation Pause) 328M->121M(376M) 1.745ms
[953.324s][info][gc] GC(14233) Pause Young (Normal) (G1 Evacuation Pause) 328M->124M(376M) 1.983ms
[953.398s][info][gc] GC(14234) Pause Young (Normal) (G1 Evacuation Pause) 331M->124M(376M) 1.809ms
[953.478s][info][gc] GC(14235) Pause Young (Normal) (G1 Evacuation Pause) 334M->126M(376M) 1.700ms
[953.561s][info][gc] GC(14236) Pause Young (Normal) (G1 Evacuation Pause) 334M->128M(376M) 1.826ms
[953.638s][info][gc] GC(14237) Pause Young (Normal) (G1 Evacuation Pause) 336M->130M(376M) 1.895ms
[953.717s][info][gc] GC(14238) Pause Young (Normal) (G1 Evacuation Pause) 338M->132M(376M) 1.770ms
[953.799s][info][gc] GC(14239) Pause Young (Normal) (G1 Evacuation Pause) 336M->134M(376M) 1.795ms
[953.875s][info][gc] GC(14240) Pause Young (Normal) (G1 Evacuation Pause) 337M->135M(376M) 1.779ms
[953.950s][info][gc] GC(14241) Pause Young (Normal) (G1 Evacuation Pause) 338M->137M(376M) 1.659ms
[954.030s][info][gc] GC(14242) Pause Young (Normal) (G1 Evacuation Pause) 338M->138M(376M) 1.858ms
[954.102s][info][gc] GC(14243) Pause Young (Normal) (G1 Evacuation Pause) 338M->140M(376M) 1.758ms
[954.177s][info][gc] GC(14244) Pause Young (Normal) (G1 Evacuation Pause) 338M->142M(376M) 1.832ms
[954.251s][info][gc] GC(14245) Pause Young (Normal) (G1 Evacuation Pause) 336M->143M(376M) 1.794ms
[954.323s][info][gc] GC(14246) Pause Young (Concurrent Start) (G1 Evacuation Pause) 340M->145M(376M) 1.815ms
[954.323s][info][gc] GC(14247) Concurrent Mark Cycle
[954.348s][info][gc] GC(14247) Pause Remark 197M->195M(376M) 0.417ms
[954.370s][info][gc] GC(14247) Pause Cleanup 249M->249M(376M) 0.069ms
[954.371s][info][gc] GC(14247) Concurrent Mark Cycle 47.456ms
[954.409s][info][gc] GC(14248) Pause Young (Prepare Mixed) (G1 Evacuation Pause) 336M->146M(376M) 1.769ms
[954.480s][info][gc] GC(14249) Pause Young (Mixed) (G1 Evacuation Pause) 337M->139M(376M) 1.829ms
[954.555s][info][gc] GC(14250) Pause Young (Normal) (G1 Evacuation Pause) 340M->141M(376M) 1.669ms
[954.631s][info][gc] GC(14251) Pause Young (Normal) (G1 Evacuation Pause) 338M->142M(376M) 1.860ms
[954.703s][info][gc] GC(14252) Pause Young (Normal) (G1 Evacuation Pause) 339M->144M(376M) 1.849ms
[954.783s][info][gc] GC(14253) Pause Young (Concurrent Start) (G1 Evacuation Pause) 337M->146M(376M) 1.946ms
[954.783s][info][gc] GC(14254) Concurrent Mark Cycle
[954.807s][info][gc] GC(14254) Pause Remark 204M->204M(376M) 0.424ms
[954.823s][info][gc] GC(14254) Pause Cleanup 244M->244M(376M) 0.067ms
[954.824s][info][gc] GC(14254) Concurrent Mark Cycle 40.604ms
[954.858s][info][gc] GC(14255) Pause Young (Prepare Mixed) (G1 Evacuation Pause) 337M->147M(376M) 1.858ms
[954.934s][info][gc] GC(14256) Pause Young (Mixed) (G1 Evacuation Pause) 339M->146M(376M) 1.740ms
[955.007s][info][gc] GC(14257) Pause Young (Concurrent Start) (G1 Evacuation Pause) 336M->147M(376M) 1.845ms
[955.007s][info][gc] GC(14258) Concurrent Mark Cycle
[955.035s][info][gc] GC(14258) Pause Remark 217M->217M(376M) 0.463ms
[955.056s][info][gc] GC(14258) Pause Cleanup 269M->269M(376M) 0.063ms
[955.056s][info][gc] GC(14258) Concurrent Mark Cycle 48.931ms
[955.082s][info][gc] GC(14259) Pause Young (Prepare Mixed) (G1 Evacuation Pause) 339M->149M(376M) 1.631ms
[955.156s][info][gc] GC(14260) Pause Young (Mixed) (G1 Evacuation Pause) 339M->148M(376M) 2.028ms
[955.228s][info][gc] GC(14261) Pause Young (Concurrent Start) (G1 Evacuation Pause) 339M->149M(376M) 1.626ms
[955.228s][info][gc] GC(14262) Concurrent Mark Cycle
[955.259s][info][gc] GC(14262) Pause Remark 221M->221M(376M) 0.431ms
[955.278s][info][gc] GC(14262) Pause Cleanup 272M->272M(376M) 0.065ms
[955.278s][info][gc] GC(14262) Concurrent Mark Cycle 50.265ms
[955.306s][info][gc] GC(14263) Pause Young (Prepare Mixed) (G1 Evacuation Pause) 340M->152M(376M) 1.789ms
[955.382s][info][gc] GC(14264) Pause Young (Mixed) (G1 Evacuation Pause) 338M->151M(376M) 1.912ms
[955.449s][info][gc] GC(14265) Pause Young (Concurrent Start) (G1 Evacuation Pause) 340M->153M(376M) 1.769ms
[955.449s][info][gc] GC(14266) Concurrent Mark Cycle
[955.483s][info][gc] GC(14266) Pause Remark 227M->227M(376M) 0.414ms
[955.505s][info][gc] GC(14266) Pause Cleanup 270M->270M(376M) 0.069ms
[955.506s][info][gc] GC(14266) Concurrent Mark Cycle 56.349ms
[955.532s][info][gc] GC(14267) Pause Young (Prepare Mixed) (G1 Evacuation Pause) 340M->154M(376M) 1.675ms
[955.598s][info][gc] GC(14268) Pause Young (Mixed) (G1 Evacuation Pause) 339M->154M(376M) 1.750ms
[955.676s][info][gc] GC(14269) Pause Young (Concurrent Start) (G1 Evacuation Pause) 341M->156M(376M) 1.802ms
[955.676s][info][gc] GC(14270) Concurrent Mark Cycle
[955.709s][info][gc] GC(14270) Pause Remark 239M->239M(376M) 0.440ms
[955.733s][info][gc] GC(14270) Pause Cleanup 297M->297M(376M) 0.068ms
[955.733s][info][gc] GC(14270) Concurrent Mark Cycle 57.348ms
[955.748s][info][gc] GC(14271) Pause Young (Prepare Mixed) (G1 Evacuation Pause) 337M->156M(376M) 1.672ms
[955.827s][info][gc] GC(14272) Pause Young (Mixed) (G1 Evacuation Pause) 342M->156M(405M) 1.860ms
[955.916s][info][gc] GC(14273) Pause Young (Normal) (G1 Evacuation Pause) 368M->159M(405M) 1.759ms
[955.997s][info][gc] GC(14274) Pause Young (Normal) (G1 Evacuation Pause) 365M->161M(405M) 1.881ms
[956.078s][info][gc] GC(14275) Pause Young (Concurrent Start) (G1 Evacuation Pause) 366M->162M(405M) 1.749ms
[956.078s][info][gc] GC(14276) Concurrent Mark Cycle
[956.108s][info][gc] GC(14276) Pause Remark 212M->212M(405M) 0.525ms
[956.131s][info][gc] GC(14276) Pause Cleanup 261M->261M(405M) 0.066ms
[956.131s][info][gc] GC(14276) Concurrent Mark Cycle 53.533ms
[956.174s][info][gc] GC(14277) Pause Young (Prepare Mixed) (G1 Evacuation Pause) 367M->165M(405M) 1.854ms
[956.255s][info][gc] GC(14278) Pause Young (Mixed) (G1 Evacuation Pause) 366M->163M(405M) 2.142ms
[956.335s][info][gc] GC(14279) Pause Young (Concurrent Start) (G1 Evacuation Pause) 367M->166M(405M) 1.819ms
[956.335s][info][gc] GC(14280) Concurrent Mark Cycle
[956.365s][info][gc] GC(14280) Pause Remark 242M->242M(405M) 0.466ms
[956.393s][info][gc] GC(14280) Pause Cleanup 305M->305M(405M) 0.063ms
[956.394s][info][gc] GC(14280) Concurrent Mark Cycle 58.395ms
[956.418s][info][gc] GC(14281) Pause Young (Prepare Mixed) (G1 Evacuation Pause) 366M->168M(405M) 1.849ms
[956.490s][info][gc] GC(14282) Pause Young (Mixed) (G1 Evacuation Pause) 365M->168M(405M) 1.815ms
[956.568s][info][gc] GC(14283) Pause Young (Concurrent Start) (G1 Evacuation Pause) 368M->169M(405M) 1.693ms
[956.568s][info][gc] GC(14284) Concurrent Mark Cycle
[956.596s][info][gc] GC(14284) Pause Remark 246M->246M(405M) 0.440ms
[956.620s][info][gc] GC(14284) Pause Cleanup 301M->301M(405M) 0.073ms
[956.621s][info][gc] GC(14284) Concurrent Mark Cycle 52.952ms
[956.646s][info][gc] GC(14285) Pause Young (Prepare Mixed) (G1 Evacuation Pause) 365M->172M(405M) 1.758ms
[956.722s][info][gc] GC(14286) Pause Young (Mixed) (G1 Evacuation Pause) 364M->173M(405M) 1.962ms
[956.794s][info][gc] GC(14287) Pause Young (Concurrent Start) (G1 Evacuation Pause) 367M->174M(405M) 1.738ms
[956.794s][info][gc] GC(14288) Concurrent Mark Cycle
[956.829s][info][gc] GC(14288) Pause Remark 249M->249M(405M) 0.414ms
[956.853s][info][gc] GC(14288) Pause Cleanup 320M->320M(405M) 0.065ms
[956.853s][info][gc] GC(14288) Concurrent Mark Cycle 58.487ms
[956.873s][info][gc] GC(14289) Pause Young (Prepare Mixed) (G1 Evacuation Pause) 368M->175M(405M) 1.733ms
[956.953s][info][gc] GC(14290) Pause Young (Mixed) (G1 Evacuation Pause) 367M->177M(405M) 2.005ms
[957.019s][info][gc] GC(14291) Pause Young (Concurrent Start) (G1 Evacuation Pause) 366M->178M(405M) 1.907ms
[957.019s][info][gc] GC(14292) Concurrent Mark Cycle
[957.047s][info][gc] GC(14292) Pause Remark 234M->234M(405M) 0.445ms
[957.070s][info][gc] GC(14292) Pause Cleanup 282M->282M(405M) 0.057ms
[957.070s][info][gc] GC(14292) Concurrent Mark Cycle 51.421ms
[957.102s][info][gc] GC(14293) Pause Young (Prepare Mixed) (G1 Evacuation Pause) 367M->180M(405M) 1.720ms
[957.173s][info][gc] GC(14294) Pause Young (Mixed) (G1 Evacuation Pause) 367M->180M(405M) 1.759ms
[957.245s][info][gc] GC(14295) Pause Young (Concurrent Start) (G1 Evacuation Pause) 367M->182M(405M) 1.761ms
[957.245s][info][gc] GC(14296) Concurrent Mark Cycle
[957.276s][info][gc] GC(14296) Pause Remark 254M->254M(405M) 0.501ms
[957.299s][info][gc] GC(14296) Pause Cleanup 305M->305M(405M) 0.057ms
[957.299s][info][gc] GC(14296) Concurrent Mark Cycle 54.226ms
[957.325s][info][gc] GC(14297) Pause Young (Prepare Mixed) (G1 Evacuation Pause) 365M->183M(405M) 1.653ms
[957.396s][info][gc] GC(14298) Pause Young (Mixed) (G1 Evacuation Pause) 369M->185M(405M) 1.611ms
[957.469s][info][gc] GC(14299) Pause Young (Concurrent Start) (G1 Evacuation Pause) 370M->186M(405M) 1.597ms
[957.469s][info][gc] GC(14300) Concurrent Mark Cycle
[957.506s][info][gc] GC(14300) Pause Remark 281M->281M(405M) 0.450ms
[957.526s][info][gc] GC(14300) Pause Cleanup 316M->316M(405M) 0.054ms
[957.526s][info][gc] GC(14300) Concurrent Mark Cycle 56.740ms
[957.549s][info][gc] GC(14301) Pause Young (Prepare Mixed) (G1 Evacuation Pause) 367M->187M(405M) 1.780ms
[957.620s][info][gc] GC(14302) Pause Young (Mixed) (G1 Evacuation Pause) 368M->189M(405M) 2.051ms
[957.694s][info][gc] GC(14303) Pause Young (Concurrent Start) (G1 Evacuation Pause) 367M->189M(405M) 1.816ms
[957.694s][info][gc] GC(14304) Concurrent Mark Cycle
[957.735s][info][gc] GC(14304) Pause Remark 282M->282M(405M) 0.431ms
[957.760s][info][gc] GC(14304) Pause Cleanup 338M->338M(405M) 0.068ms
[957.761s][info][gc] GC(14304) Concurrent Mark Cycle 66.798ms
[957.773s][info][gc] GC(14305) Pause Young (Prepare Mixed) (G1 Evacuation Pause) 368M->191M(405M) 1.721ms
[957.845s][info][gc] GC(14306) Pause Young (Mixed) (G1 Evacuation Pause) 366M->192M(405M) 1.791ms
[957.909s][info][gc] GC(14307) Pause Young (Concurrent Start) (G1 Evacuation Pause) 369M->194M(405M) 1.655ms
[957.909s][info][gc] GC(14308) Concurrent Mark Cycle
[957.960s][info][gc] GC(14308) Pause Remark 305M->305M(405M) 0.496ms
[957.990s][info][gc] GC(14309) Pause Young (Normal) (G1 Evacuation Pause) 369M->196M(405M) 1.770ms
[957.993s][info][gc] GC(14308) Pause Cleanup 206M->206M(405M) 0.057ms
[957.993s][info][gc] GC(14308) Concurrent Mark Cycle 84.386ms
[958.049s][info][gc] GC(14310) Pause Young (Prepare Mixed) (G1 Evacuation Pause) 369M->196M(405M) 1.623ms
[958.122s][info][gc] GC(14311) Pause Young (Mixed) (G1 Evacuation Pause) 370M->198M(405M) 1.757ms
[958.184s][info][gc] GC(14312) Pause Young (Concurrent Start) (G1 Evacuation Pause) 366M->199M(405M) 1.727ms
[958.184s][info][gc] GC(14313) Concurrent Mark Cycle
[958.222s][info][gc] GC(14313) Pause Remark 268M->268M(405M) 0.428ms
[958.254s][info][gc] GC(14313) Pause Cleanup 338M->338M(405M) 0.062ms
[958.254s][info][gc] GC(14313) Concurrent Mark Cycle 70.077ms
[958.266s][info][gc] GC(14314) Pause Young (Prepare Mixed) (G1 Evacuation Pause) 370M->202M(405M) 1.797ms
[958.326s][info][gc] GC(14315) Pause Young (Mixed) (G1 Evacuation Pause) 367M->202M(405M) 1.565ms
[958.390s][info][gc] GC(14316) Pause Young (Concurrent Start) (G1 Evacuation Pause) 371M->205M(405M) 1.561ms
[958.390s][info][gc] GC(14317) Concurrent Mark Cycle
[958.430s][info][gc] GC(14317) Pause Remark 298M->298M(405M) 0.416ms
[958.456s][info][gc] GC(14317) Pause Cleanup 353M->353M(405M) 0.063ms
[958.456s][info][gc] GC(14317) Concurrent Mark Cycle 65.820ms
[958.464s][info][gc] GC(14318) Pause Young (Prepare Mixed) (G1 Evacuation Pause) 368M->204M(405M) 1.520ms
[958.528s][info][gc] GC(14319) Pause Young (Mixed) (G1 Evacuation Pause) 369M->207M(405M) 1.617ms
[958.583s][info][gc] GC(14320) Pause Young (Concurrent Start) (G1 Evacuation Pause) 366M->206M(405M) 1.508ms
[958.583s][info][gc] GC(14321) Concurrent Mark Cycle
[958.623s][info][gc] GC(14321) Pause Remark 278M->278M(405M) 0.439ms
[958.650s][info][gc] GC(14321) Pause Cleanup 337M->337M(405M) 0.056ms
[958.650s][info][gc] GC(14321) Concurrent Mark Cycle 66.835ms
[958.664s][info][gc] GC(14322) Pause Young (Prepare Mixed) (G1 Evacuation Pause) 371M->208M(405M) 1.489ms
[958.759s][info][gc] GC(14323) Pause Young (Mixed) (G1 Evacuation Pause) 369M->207M(405M) 1.336ms
[958.926s][info][gc] GC(14324) Pause Young (Concurrent Start) (G1 Evacuation Pause) 371M->211M(405M) 1.578ms
[958.926s][info][gc] GC(14325) Concurrent Mark Cycle
[958.933s][info][gc] GC(14325) Pause Remark 226M->121M(360M) 0.464ms
[958.936s][info][gc] GC(14325) Pause Cleanup 129M->129M(360M) 0.084ms
[958.936s][info][gc] GC(14325) Concurrent Mark Cycle 10.011ms
[959.009s][info][gc] GC(14326) Pause Young (Prepare Mixed) (G1 Evacuation Pause) 265M->107M(360M) 1.580ms
[959.117s][info][gc] GC(14327) Pause Young (Mixed) (G1 Evacuation Pause) 310M->74M(360M) 1.690ms
[959.215s][info][gc] GC(14328) Pause Young (Mixed) (G1 Evacuation Pause) 276M->65M(360M) 1.533ms
[959.320s][info][gc] GC(14329) Pause Young (Normal) (G1 Evacuation Pause) 267M->67M(360M) 1.725ms
[959.415s][info][gc] GC(14330) Pause Young (Normal) (G1 Evacuation Pause) 267M->67M(360M) 1.675ms
[959.516s][info][gc] GC(14331) Pause Young (Normal) (G1 Evacuation Pause) 268M->69M(360M) 1.881ms
[959.621s][info][gc] GC(14332) Pause Young (Normal) (G1 Evacuation Pause) 268M->71M(360M) 1.963ms
[959.724s][info][gc] GC(14333) Pause Young (Normal) (G1 Evacuation Pause) 270M->73M(360M) 1.843ms
[959.827s][info][gc] GC(14334) Pause Young (Normal) (G1 Evacuation Pause) 272M->75M(360M) 1.772ms
[959.932s][info][gc] GC(14335) Pause Young (Normal) (G1 Evacuation Pause) 274M->77M(360M) 1.701ms
[960.034s][info][gc] GC(14336) Pause Young (Normal) (G1 Evacuation Pause) 278M->78M(360M) 1.808ms
[960.136s][info][gc] GC(14337) Pause Young (Normal) (G1 Evacuation Pause) 279M->81M(360M) 1.891ms
[960.237s][info][gc] GC(14338) Pause Young (Normal) (G1 Evacuation Pause) 281M->82M(360M) 1.544ms
[960.343s][info][gc] GC(14339) Pause Young (Normal) (G1 Evacuation Pause) 282M->84M(360M) 1.662ms
[960.441s][info][gc] GC(14340) Pause Young (Normal) (G1 Evacuation Pause) 284M->86M(360M) 1.626ms
[960.545s][info][gc] GC(14341) Pause Young (Normal) (G1 Evacuation Pause) 286M->87M(360M) 1.663ms
[960.649s][info][gc] GC(14342) Pause Young (Normal) (G1 Evacuation Pause) 286M->89M(360M) 2.007ms
[960.763s][info][gc] GC(14343) Pause Young (Normal) (G1 Evacuation Pause) 290M->90M(360M) 1.662ms
[960.865s][info][gc] GC(14344) Pause Young (Normal) (G1 Evacuation Pause) 291M->92M(360M) 1.620ms
[960.974s][info][gc] GC(14345) Pause Young (Normal) (G1 Evacuation Pause) 293M->94M(360M) 1.691ms
[961.075s][info][gc] GC(14346) Pause Young (Normal) (G1 Evacuation Pause) 293M->95M(360M) 1.650ms
[961.179s][info][gc] GC(14347) Pause Young (Normal) (G1 Evacuation Pause) 295M->98M(360M) 1.744ms
[961.284s][info][gc] GC(14348) Pause Young (Normal) (G1 Evacuation Pause) 296M->99M(360M) 1.623ms
[961.386s][info][gc] GC(14349) Pause Young (Normal) (G1 Evacuation Pause) 299M->100M(360M) 1.615ms
[961.486s][info][gc] GC(14350) Pause Young (Normal) (G1 Evacuation Pause) 301M->101M(360M) 1.688ms
[961.600s][info][gc] GC(14351) Pause Young (Normal) (G1 Evacuation Pause) 301M->101M(360M) 1.587ms
[961.775s][info][gc] GC(14352) Pause Young (Normal) (G1 Evacuation Pause) 302M->107M(360M) 1.781ms
[961.877s][info][gc] GC(14353) Pause Young (Normal) (G1 Evacuation Pause) 303M->108M(360M) 1.839ms
[961.977s][info][gc] GC(14354) Pause Young (Normal) (G1 Evacuation Pause) 308M->110M(360M) 1.709ms
[962.083s][info][gc] GC(14355) Pause Young (Normal) (G1 Evacuation Pause) 309M->111M(360M) 1.818ms
[962.185s][info][gc] GC(14356) Pause Young (Normal) (G1 Evacuation Pause) 311M->113M(360M) 2.018ms
[962.285s][info][gc] GC(14357) Pause Young (Normal) (G1 Evacuation Pause) 312M->114M(360M) 1.848ms
[962.389s][info][gc] GC(14358) Pause Young (Normal) (G1 Evacuation Pause) 316M->116M(360M) 1.726ms
[962.491s][info][gc] GC(14359) Pause Young (Normal) (G1 Evacuation Pause) 316M->117M(360M) 1.803ms
[962.597s][info][gc] GC(14360) Pause Young (Normal) (G1 Evacuation Pause) 319M->121M(360M) 1.744ms
[962.699s][info][gc] GC(14361) Pause Young (Normal) (G1 Evacuation Pause) 319M->121M(360M) 1.717ms
[962.803s][info][gc] GC(14362) Pause Young (Normal) (G1 Evacuation Pause) 321M->123M(360M) 1.714ms
[962.906s][info][gc] GC(14363) Pause Young (Normal) (G1 Evacuation Pause) 324M->125M(360M) 1.695ms
[963.008s][info][gc] GC(14364) Pause Young (Normal) (G1 Evacuation Pause) 324M->127M(360M) 1.644ms
[963.110s][info][gc] GC(14365) Pause Young (Normal) (G1 Evacuation Pause) 325M->128M(360M) 1.674ms
[963.210s][info][gc] GC(14366) Pause Young (Normal) (G1 Evacuation Pause) 324M->129M(360M) 1.629ms
[963.314s][info][gc] GC(14367) Pause Young (Normal) (G1 Evacuation Pause) 326M->131M(360M) 1.702ms
[963.408s][info][gc] GC(14368) Pause Young (Normal) (G1 Evacuation Pause) 324M->132M(360M) 1.677ms
[963.503s][info][gc] GC(14369) Pause Young (Normal) (G1 Evacuation Pause) 327M->134M(360M) 1.649ms
[963.602s][info][gc] GC(14370) Pause Young (Normal) (G1 Evacuation Pause) 325M->136M(360M) 1.614ms
[963.701s][info][gc] GC(14371) Pause Young (Normal) (G1 Evacuation Pause) 326M->137M(360M) 1.649ms
[963.798s][info][gc] GC(14372) Pause Young (Concurrent Start) (G1 Evacuation Pause) 325M->139M(360M) 1.533ms
[963.798s][info][gc] GC(14373) Concurrent Mark Cycle
[963.810s][info][gc] GC(14373) Pause Remark 165M->116M(304M) 0.433ms
[963.816s][info][gc] GC(14373) Pause Cleanup 128M->128M(304M) 0.058ms
[963.816s][info][gc] GC(14373) Concurrent Mark Cycle 18.030ms
[963.890s][info][gc] GC(14374) Pause Young (Prepare Mixed) (G1 Evacuation Pause) 257M->91M(304M) 1.603ms
[963.984s][info][gc] GC(14375) Pause Young (Mixed) (G1 Evacuation Pause) 260M->85M(304M) 1.570ms
[964.068s][info][gc] GC(14376) Pause Young (Normal) (G1 Evacuation Pause) 252M->86M(304M) 1.461ms
[964.154s][info][gc] GC(14377) Pause Young (Normal) (G1 Evacuation Pause) 256M->86M(304M) 1.494ms
[964.246s][info][gc] GC(14378) Pause Young (Normal) (G1 Evacuation Pause) 255M->89M(304M) 1.452ms
[964.333s][info][gc] GC(14379) Pause Young (Normal) (G1 Evacuation Pause) 257M->91M(304M) 1.530ms
[964.491s][info][gc] GC(14380) Pause Young (Normal) (G1 Evacuation Pause) 259M->92M(304M) 1.507ms
[964.569s][info][gc] GC(14381) Pause Young (Normal) (G1 Evacuation Pause) 260M->93M(304M) 1.508ms
[964.658s][info][gc] GC(14382) Pause Young (Normal) (G1 Evacuation Pause) 263M->96M(304M) 1.476ms
[964.746s][info][gc] GC(14383) Pause Young (Normal) (G1 Evacuation Pause) 263M->97M(304M) 1.570ms
[964.833s][info][gc] GC(14384) Pause Young (Normal) (G1 Evacuation Pause) 266M->99M(304M) 1.810ms
[964.925s][info][gc] GC(14385) Pause Young (Normal) (G1 Evacuation Pause) 268M->100M(304M) 1.483ms
[965.001s][info][gc] GC(14386) Pause Young (Normal) (G1 Evacuation Pause) 268M->100M(304M) 1.446ms
[965.090s][info][gc] GC(14387) Pause Young (Normal) (G1 Evacuation Pause) 271M->103M(304M) 1.469ms
[965.177s][info][gc] GC(14388) Pause Young (Normal) (G1 Evacuation Pause) 271M->104M(304M) 1.522ms
[965.264s][info][gc] GC(14389) Pause Young (Normal) (G1 Evacuation Pause) 273M->106M(304M) 1.517ms
[965.353s][info][gc] GC(14390) Pause Young (Normal) (G1 Evacuation Pause) 272M->107M(304M) 1.518ms
[965.429s][info][gc] GC(14391) Pause Young (Normal) (G1 Evacuation Pause) 272M->108M(304M) 1.496ms
[965.531s][info][gc] GC(14392) Pause Young (Normal) (G1 Evacuation Pause) 274M->110M(304M) 1.885ms
[965.624s][info][gc] GC(14393) Pause Young (Normal) (G1 Evacuation Pause) 272M->112M(304M) 1.573ms
[965.713s][info][gc] GC(14394) Pause Young (Normal) (G1 Evacuation Pause) 273M->112M(304M) 1.476ms
[965.794s][info][gc] GC(14395) Pause Young (Normal) (G1 Evacuation Pause) 273M->112M(304M) 1.495ms
[965.895s][info][gc] GC(14396) Pause Young (Normal) (G1 Evacuation Pause) 274M->115M(304M) 1.545ms
[965.986s][info][gc] GC(14397) Pause Young (Normal) (G1 Evacuation Pause) 273M->117M(304M) 1.631ms
[966.074s][info][gc] GC(14398) Pause Young (Concurrent Start) (G1 Evacuation Pause) 272M->118M(304M) 1.499ms
[966.074s][info][gc] GC(14399) Concurrent Mark Cycle
[966.083s][info][gc] GC(14399) Pause Remark 133M->93M(260M) 0.474ms
[966.090s][info][gc] GC(14399) Pause Cleanup 104M->104M(260M) 0.085ms
[966.090s][info][gc] GC(14399) Concurrent Mark Cycle 16.832ms
[966.145s][info][gc] GC(14400) Pause Young (Prepare Mixed) (G1 Evacuation Pause) 220M->78M(260M) 1.386ms
[966.223s][info][gc] GC(14401) Pause Young (Mixed) (G1 Evacuation Pause) 223M->74M(260M) 1.468ms
[966.302s][info][gc] GC(14402) Pause Young (Normal) (G1 Evacuation Pause) 217M->76M(260M) 1.564ms
[966.371s][info][gc] GC(14403) Pause Young (Normal) (G1 Evacuation Pause) 221M->76M(260M) 1.258ms
[966.453s][info][gc] GC(14404) Pause Young (Normal) (G1 Evacuation Pause) 221M->78M(260M) 1.458ms
[966.529s][info][gc] GC(14405) Pause Young (Normal) (G1 Evacuation Pause) 222M->79M(260M) 1.378ms
[966.603s][info][gc] GC(14406) Pause Young (Normal) (G1 Evacuation Pause) 223M->79M(260M) 1.443ms
[966.675s][info][gc] GC(14407) Pause Young (Normal) (G1 Evacuation Pause) 224M->81M(260M) 1.385ms
[966.749s][info][gc] GC(14408) Pause Young (Normal) (G1 Evacuation Pause) 224M->83M(260M) 1.445ms
[966.825s][info][gc] GC(14409) Pause Young (Normal) (G1 Evacuation Pause) 227M->84M(260M) 1.350ms
[966.894s][info][gc] GC(14410) Pause Young (Normal) (G1 Evacuation Pause) 228M->85M(260M) 1.446ms
[966.971s][info][gc] GC(14411) Pause Young (Normal) (G1 Evacuation Pause) 229M->86M(260M) 1.400ms
[967.049s][info][gc] GC(14412) Pause Young (Normal) (G1 Evacuation Pause) 230M->88M(260M) 1.511ms
[967.116s][info][gc] GC(14413) Pause Young (Normal) (G1 Evacuation Pause) 231M->89M(260M) 1.495ms
[967.192s][info][gc] GC(14414) Pause Young (Normal) (G1 Evacuation Pause) 232M->90M(260M) 1.408ms
[967.336s][info][gc] GC(14415) Pause Young (Normal) (G1 Evacuation Pause) 234M->91M(260M) 1.300ms
[967.412s][info][gc] GC(14416) Pause Young (Normal) (G1 Evacuation Pause) 234M->93M(260M) 1.549ms
[967.484s][info][gc] GC(14417) Pause Young (Normal) (G1 Evacuation Pause) 232M->95M(260M) 1.449ms
[967.552s][info][gc] GC(14418) Pause Young (Normal) (G1 Evacuation Pause) 234M->94M(260M) 1.312ms
[967.628s][info][gc] GC(14419) Pause Young (Normal) (G1 Evacuation Pause) 236M->97M(260M) 1.528ms
[967.700s][info][gc] GC(14420) Pause Young (Normal) (G1 Evacuation Pause) 231M->98M(260M) 1.482ms
[967.761s][info][gc] GC(14421) Pause Young (Concurrent Start) (G1 Evacuation Pause) 233M->98M(260M) 1.326ms
[967.761s][info][gc] GC(14422) Concurrent Mark Cycle
[967.767s][info][gc] GC(14422) Pause Remark 103M->63M(200M) 0.484ms
[967.770s][info][gc] GC(14422) Pause Cleanup 66M->66M(200M) 0.048ms
[967.770s][info][gc] GC(14422) Concurrent Mark Cycle 8.412ms
[967.829s][info][gc] GC(14423) Pause Young (Prepare Mixed) (G1 Evacuation Pause) 168M->61M(200M) 1.372ms
[967.883s][info][gc] GC(14424) Pause Young (Mixed) (G1 Evacuation Pause) 170M->53M(200M) 1.271ms
[967.945s][info][gc] GC(14425) Pause Young (Normal) (G1 Evacuation Pause) 165M->55M(200M) 1.190ms
[968.006s][info][gc] GC(14426) Pause Young (Normal) (G1 Evacuation Pause) 165M->56M(200M) 1.302ms
[968.061s][info][gc] GC(14427) Pause Young (Normal) (G1 Evacuation Pause) 167M->57M(200M) 1.162ms
[968.122s][info][gc] GC(14428) Pause Young (Normal) (G1 Evacuation Pause) 167M->58M(200M) 1.484ms
[968.175s][info][gc] GC(14429) Pause Young (Normal) (G1 Evacuation Pause) 170M->59M(200M) 1.166ms
[968.235s][info][gc] GC(14430) Pause Young (Normal) (G1 Evacuation Pause) 170M->60M(200M) 1.242ms
[968.287s][info][gc] GC(14431) Pause Young (Normal) (G1 Evacuation Pause) 171M->60M(200M) 1.293ms
[968.349s][info][gc] GC(14432) Pause Young (Normal) (G1 Evacuation Pause) 171M->62M(200M) 1.287ms
[968.402s][info][gc] GC(14433) Pause Young (Normal) (G1 Evacuation Pause) 172M->63M(200M) 1.238ms
[968.463s][info][gc] GC(14434) Pause Young (Normal) (G1 Evacuation Pause) 174M->63M(200M) 1.235ms
[968.516s][info][gc] GC(14435) Pause Young (Normal) (G1 Evacuation Pause) 175M->64M(200M) 1.203ms
[968.577s][info][gc] GC(14436) Pause Young (Normal) (G1 Evacuation Pause) 175M->66M(200M) 1.287ms
[968.630s][info][gc] GC(14437) Pause Young (Normal) (G1 Evacuation Pause) 176M->66M(200M) 1.325ms
[968.693s][info][gc] GC(14438) Pause Young (Normal) (G1 Evacuation Pause) 177M->67M(200M) 1.271ms
[968.746s][info][gc] GC(14439) Pause Young (Normal) (G1 Evacuation Pause) 178M->68M(200M) 1.229ms
[968.812s][info][gc] GC(14440) Pause Young (Normal) (G1 Evacuation Pause) 179M->70M(200M) 1.173ms
[968.861s][info][gc] GC(14441) Pause Young (Normal) (G1 Evacuation Pause) 178M->70M(200M) 1.308ms
[968.925s][info][gc] GC(14442) Pause Young (Normal) (G1 Evacuation Pause) 181M->71M(200M) 1.228ms
[968.978s][info][gc] GC(14443) Pause Young (Normal) (G1 Evacuation Pause) 180M->71M(200M) 1.028ms
[969.041s][info][gc] GC(14444) Pause Young (Normal) (G1 Evacuation Pause) 181M->73M(200M) 1.219ms
[969.093s][info][gc] GC(14445) Pause Young (Normal) (G1 Evacuation Pause) 179M->72M(200M) 1.170ms
[969.153s][info][gc] GC(14446) Pause Young (Concurrent Start) (G1 Evacuation Pause) 181M->74M(200M) 1.275ms
[969.153s][info][gc] GC(14447) Concurrent Mark Cycle
[969.163s][info][gc] GC(14447) Pause Remark 91M->89M(200M) 0.434ms
[969.171s][info][gc] GC(14447) Pause Cleanup 109M->109M(200M) 0.063ms
[969.171s][info][gc] GC(14447) Concurrent Mark Cycle 18.516ms
[969.213s][info][gc] GC(14448) Pause Young (Prepare Mixed) (G1 Evacuation Pause) 177M->72M(200M) 1.242ms
[969.263s][info][gc] GC(14449) Pause Young (Mixed) (G1 Evacuation Pause) 178M->72M(200M) 1.165ms
[969.324s][info][gc] GC(14450) Pause Young (Normal) (G1 Evacuation Pause) 178M->73M(200M) 1.185ms
[969.378s][info][gc] GC(14451) Pause Young (Normal) (G1 Evacuation Pause) 179M->74M(200M) 1.330ms
[969.434s][info][gc] GC(14452) Pause Young (Normal) (G1 Evacuation Pause) 178M->75M(200M) 1.166ms
[969.486s][info][gc] GC(14453) Pause Young (Concurrent Start) (G1 Evacuation Pause) 180M->75M(200M) 1.160ms
[969.486s][info][gc] GC(14454) Concurrent Mark Cycle
[969.497s][info][gc] GC(14454) Pause Remark 98M->98M(200M) 0.400ms
[969.504s][info][gc] GC(14454) Pause Cleanup 114M->114M(200M) 0.054ms
[969.504s][info][gc] GC(14454) Concurrent Mark Cycle 17.862ms
[969.544s][info][gc] GC(14455) Pause Young (Prepare Mixed) (G1 Evacuation Pause) 179M->76M(200M) 1.316ms
[969.595s][info][gc] GC(14456) Pause Young (Mixed) (G1 Evacuation Pause) 179M->75M(200M) 1.234ms
[969.648s][info][gc] GC(14457) Pause Young (Concurrent Start) (G1 Evacuation Pause) 179M->75M(200M) 1.126ms
[969.648s][info][gc] GC(14458) Concurrent Mark Cycle
[969.660s][info][gc] GC(14458) Pause Remark 89M->89M(200M) 0.453ms
[969.669s][info][gc] GC(14458) Pause Cleanup 110M->110M(200M) 0.065ms
[969.670s][info][gc] GC(14458) Concurrent Mark Cycle 21.180ms
[969.702s][info][gc] GC(14459) Pause Young (Prepare Mixed) (G1 Evacuation Pause) 180M->77M(200M) 1.159ms
[969.748s][info][gc] GC(14460) Pause Young (Mixed) (G1 Evacuation Pause) 178M->76M(200M) 1.072ms
[969.810s][info][gc] GC(14461) Pause Young (Concurrent Start) (G1 Evacuation Pause) 180M->78M(200M) 1.299ms
[969.810s][info][gc] GC(14462) Concurrent Mark Cycle
[969.822s][info][gc] GC(14462) Pause Remark 103M->103M(200M) 0.445ms
[969.830s][info][gc] GC(14462) Pause Cleanup 118M->118M(200M) 0.052ms
[969.830s][info][gc] GC(14462) Concurrent Mark Cycle 19.938ms
[969.855s][info][gc] GC(14463) Pause Young (Prepare Mixed) (G1 Evacuation Pause) 178M->78M(200M) 1.290ms
[969.914s][info][gc] GC(14464) Pause Young (Mixed) (G1 Evacuation Pause) 182M->78M(200M) 1.078ms
[969.960s][info][gc] GC(14465) Pause Young (Concurrent Start) (G1 Evacuation Pause) 178M->79M(200M) 1.149ms
[969.960s][info][gc] GC(14466) Concurrent Mark Cycle
[969.970s][info][gc] GC(14466) Pause Remark 98M->98M(200M) 0.403ms
[969.983s][info][gc] GC(14466) Pause Cleanup 105M->105M(200M) 0.053ms
[969.983s][info][gc] GC(14466) Concurrent Mark Cycle 23.411ms
[970.020s][info][gc] GC(14467) Pause Young (Prepare Mixed) (G1 Evacuation Pause) 178M->81M(200M) 1.179ms
[970.067s][info][gc] GC(14468) Pause Young (Mixed) (G1 Evacuation Pause) 179M->81M(233M) 1.188ms
[970.202s][info][gc] GC(14469) Pause Young (Normal) (G1 Evacuation Pause) 209M->83M(233M) 1.281ms
[970.257s][info][gc] GC(14470) Pause Young (Normal) (G1 Evacuation Pause) 207M->82M(233M) 1.226ms
[970.329s][info][gc] GC(14471) Pause Young (Normal) (G1 Evacuation Pause) 209M->84M(233M) 1.252ms
[970.397s][info][gc] GC(14472) Pause Young (Normal) (G1 Evacuation Pause) 207M->85M(233M) 1.314ms
[970.453s][info][gc] GC(14473) Pause Young (Normal) (G1 Evacuation Pause) 208M->87M(233M) 1.216ms
[970.523s][info][gc] GC(14474) Pause Young (Normal) (G1 Evacuation Pause) 207M->88M(233M) 1.390ms
[970.575s][info][gc] GC(14475) Pause Young (Concurrent Start) (G1 Evacuation Pause) 207M->89M(233M) 1.280ms
[970.575s][info][gc] GC(14476) Concurrent Mark Cycle
[970.583s][info][gc] GC(14476) Pause Remark 108M->75M(190M) 0.445ms
[970.586s][info][gc] GC(14476) Pause Cleanup 78M->78M(190M) 0.065ms
[970.586s][info][gc] GC(14476) Concurrent Mark Cycle 11.162ms
[970.638s][info][gc] GC(14477) Pause Young (Prepare Mixed) (G1 Evacuation Pause) 159M->56M(190M) 1.417ms
[970.688s][info][gc] GC(14478) Pause Young (Mixed) (G1 Evacuation Pause) 161M->51M(190M) 1.120ms
[970.751s][info][gc] GC(14479) Pause Young (Normal) (G1 Evacuation Pause) 156M->52M(190M) 1.341ms
[970.799s][info][gc] GC(14480) Pause Young (Normal) (G1 Evacuation Pause) 156M->53M(190M) 1.218ms
[970.861s][info][gc] GC(14481) Pause Young (Normal) (G1 Evacuation Pause) 158M->54M(190M) 1.180ms
[970.907s][info][gc] GC(14482) Pause Young (Normal) (G1 Evacuation Pause) 159M->55M(190M) 1.160ms
[970.970s][info][gc] GC(14483) Pause Young (Normal) (G1 Evacuation Pause) 160M->56M(190M) 1.388ms
[971.019s][info][gc] GC(14484) Pause Young (Normal) (G1 Evacuation Pause) 161M->56M(190M) 1.132ms
[971.078s][info][gc] GC(14485) Pause Young (Normal) (G1 Evacuation Pause) 161M->57M(190M) 1.176ms
[971.130s][info][gc] GC(14486) Pause Young (Normal) (G1 Evacuation Pause) 162M->58M(190M) 1.312ms
[971.188s][info][gc] GC(14487) Pause Young (Normal) (G1 Evacuation Pause) 163M->59M(190M) 1.132ms
[971.240s][info][gc] GC(14488) Pause Young (Normal) (G1 Evacuation Pause) 164M->60M(190M) 1.208ms
[971.298s][info][gc] GC(14489) Pause Young (Normal) (G1 Evacuation Pause) 165M->61M(190M) 1.309ms
[971.351s][info][gc] GC(14490) Pause Young (Normal) (G1 Evacuation Pause) 166M->62M(190M) 1.140ms
[971.414s][info][gc] GC(14491) Pause Young (Normal) (G1 Evacuation Pause) 167M->62M(190M) 1.204ms
[971.468s][info][gc] GC(14492) Pause Young (Normal) (G1 Evacuation Pause) 167M->64M(190M) 1.305ms
[971.527s][info][gc] GC(14493) Pause Young (Normal) (G1 Evacuation Pause) 168M->64M(190M) 1.178ms
[971.575s][info][gc] GC(14494) Pause Young (Normal) (G1 Evacuation Pause) 169M->65M(190M) 1.199ms
[971.631s][info][gc] GC(14495) Pause Young (Normal) (G1 Evacuation Pause) 169M->66M(190M) 1.404ms
[971.681s][info][gc] GC(14496) Pause Young (Normal) (G1 Evacuation Pause) 169M->67M(190M) 1.288ms
[971.736s][info][gc] GC(14497) Pause Young (Normal) (G1 Evacuation Pause) 167M->68M(190M) 1.173ms
[971.787s][info][gc] GC(14498) Pause Young (Normal) (G1 Evacuation Pause) 170M->69M(190M) 1.109ms
[971.844s][info][gc] GC(14499) Pause Young (Normal) (G1 Evacuation Pause) 171M->69M(190M) 1.139ms
[971.892s][info][gc] GC(14500) Pause Young (Normal) (G1 Evacuation Pause) 170M->70M(190M) 1.141ms
[971.947s][info][gc] GC(14501) Pause Young (Normal) (G1 Evacuation Pause) 169M->71M(190M) 1.142ms
[971.993s][info][gc] GC(14502) Pause Young (Concurrent Start) (G1 Evacuation Pause) 170M->72M(190M) 1.145ms
[971.993s][info][gc] GC(14503) Concurrent Mark Cycle
[972.001s][info][gc] GC(14503) Pause Remark 90M->90M(190M) 0.444ms
[972.013s][info][gc] GC(14503) Pause Cleanup 114M->114M(190M) 0.055ms
[972.013s][info][gc] GC(14503) Concurrent Mark Cycle 20.461ms
[972.051s][info][gc] GC(14504) Pause Young (Prepare Mixed) (G1 Evacuation Pause) 170M->73M(190M) 1.138ms
[972.095s][info][gc] GC(14505) Pause Young (Mixed) (G1 Evacuation Pause) 170M->72M(190M) 1.104ms
[972.147s][info][gc] GC(14506) Pause Young (Normal) (G1 Evacuation Pause) 170M->72M(190M) 1.284ms
[972.197s][info][gc] GC(14507) Pause Young (Normal) (G1 Evacuation Pause) 172M->74M(190M) 1.047ms
[972.244s][info][gc] GC(14508) Pause Young (Concurrent Start) (G1 Evacuation Pause) 170M->73M(190M) 1.149ms
[972.244s][info][gc] GC(14509) Concurrent Mark Cycle
[972.255s][info][gc] GC(14509) Pause Remark 82M->82M(190M) 0.413ms
[972.268s][info][gc] GC(14509) Pause Cleanup 98M->98M(190M) 0.051ms
[972.268s][info][gc] GC(14509) Concurrent Mark Cycle 23.434ms
[972.304s][info][gc] GC(14510) Pause Young (Prepare Mixed) (G1 Evacuation Pause) 172M->76M(190M) 1.229ms
[972.343s][info][gc] GC(14511) Pause Young (Mixed) (G1 Evacuation Pause) 169M->74M(190M) 1.162ms
[972.401s][info][gc] GC(14512) Pause Young (Concurrent Start) (G1 Evacuation Pause) 172M->75M(190M) 1.098ms
[972.401s][info][gc] GC(14513) Concurrent Mark Cycle
[972.413s][info][gc] GC(14513) Pause Remark 96M->96M(190M) 0.561ms
[972.421s][info][gc] GC(14513) Pause Cleanup 106M->106M(190M) 0.055ms
[972.421s][info][gc] GC(14513) Concurrent Mark Cycle 20.209ms
[972.451s][info][gc] GC(14514) Pause Young (Prepare Mixed) (G1 Evacuation Pause) 171M->76M(190M) 1.092ms
[972.508s][info][gc] GC(14515) Pause Young (Mixed) (G1 Evacuation Pause) 171M->75M(190M) 1.137ms
[972.554s][info][gc] GC(14516) Pause Young (Concurrent Start) (G1 Evacuation Pause) 170M->76M(190M) 1.102ms
[972.554s][info][gc] GC(14517) Concurrent Mark Cycle
[972.566s][info][gc] GC(14517) Pause Remark 103M->103M(190M) 0.522ms
[972.574s][info][gc] GC(14517) Pause Cleanup 115M->115M(190M) 0.059ms
[972.575s][info][gc] GC(14517) Concurrent Mark Cycle 20.789ms
[972.615s][info][gc] GC(14518) Pause Young (Prepare Mixed) (G1 Evacuation Pause) 170M->77M(190M) 1.117ms
[972.658s][info][gc] GC(14519) Pause Young (Mixed) (G1 Evacuation Pause) 170M->77M(190M) 1.094ms
[972.710s][info][gc] GC(14520) Pause Young (Concurrent Start) (G1 Evacuation Pause) 172M->77M(190M) 1.098ms
[972.710s][info][gc] GC(14521) Concurrent Mark Cycle
[972.721s][info][gc] GC(14521) Pause Remark 92M->92M(190M) 0.409ms
[972.733s][info][gc] GC(14521) Pause Cleanup 114M->114M(190M) 0.051ms
[972.733s][info][gc] GC(14521) Concurrent Mark Cycle 22.847ms
[972.763s][info][gc] GC(14522) Pause Young (Prepare Mixed) (G1 Evacuation Pause) 170M->79M(190M) 1.247ms
[972.806s][info][gc] GC(14523) Pause Young (Mixed) (G1 Evacuation Pause) 172M->78M(190M) 1.107ms
[972.861s][info][gc] GC(14524) Pause Young (Concurrent Start) (G1 Evacuation Pause) 172M->79M(190M) 1.187ms
[972.861s][info][gc] GC(14525) Concurrent Mark Cycle
[972.872s][info][gc] GC(14525) Pause Remark 92M->92M(190M) 0.418ms
[972.884s][info][gc] GC(14525) Pause Cleanup 117M->117M(190M) 0.059ms
[972.884s][info][gc] GC(14525) Concurrent Mark Cycle 23.675ms
[972.907s][info][gc] GC(14526) Pause Young (Prepare Mixed) (G1 Evacuation Pause) 171M->80M(190M) 1.106ms
[973.029s][info][gc] GC(14527) Pause Young (Mixed) (G1 Evacuation Pause) 172M->82M(190M) 1.265ms
[973.076s][info][gc] GC(14528) Pause Young (Concurrent Start) (G1 Evacuation Pause) 170M->82M(190M) 1.228ms
[973.076s][info][gc] GC(14529) Concurrent Mark Cycle
[973.083s][info][gc] GC(14529) Pause Remark 101M->70M(177M) 0.451ms
[973.086s][info][gc] GC(14529) Pause Cleanup 73M->73M(177M) 0.053ms
[973.086s][info][gc] GC(14529) Concurrent Mark Cycle 10.625ms
[973.127s][info][gc] GC(14530) Pause Young (Prepare Mixed) (G1 Evacuation Pause) 139M->52M(177M) 1.155ms
[973.179s][info][gc] GC(14531) Pause Young (Mixed) (G1 Evacuation Pause) 151M->50M(177M) 1.255ms
[973.232s][info][gc] GC(14532) Pause Young (Normal) (G1 Evacuation Pause) 148M->50M(177M) 1.159ms
[973.283s][info][gc] GC(14533) Pause Young (Normal) (G1 Evacuation Pause) 148M->52M(177M) 1.373ms
[973.329s][info][gc] GC(14534) Pause Young (Normal) (G1 Evacuation Pause) 149M->52M(177M) 1.180ms
[973.390s][info][gc] GC(14535) Pause Young (Normal) (G1 Evacuation Pause) 150M->54M(177M) 1.242ms
[973.435s][info][gc] GC(14536) Pause Young (Normal) (G1 Evacuation Pause) 151M->54M(177M) 1.094ms
[973.491s][info][gc] GC(14537) Pause Young (Normal) (G1 Evacuation Pause) 152M->55M(177M) 1.247ms
[973.539s][info][gc] GC(14538) Pause Young (Normal) (G1 Evacuation Pause) 152M->56M(177M) 1.132ms
[973.594s][info][gc] GC(14539) Pause Young (Normal) (G1 Evacuation Pause) 153M->57M(177M) 1.267ms
[973.640s][info][gc] GC(14540) Pause Young (Normal) (G1 Evacuation Pause) 154M->57M(177M) 1.215ms
[973.696s][info][gc] GC(14541) Pause Young (Normal) (G1 Evacuation Pause) 155M->58M(177M) 1.213ms
[973.747s][info][gc] GC(14542) Pause Young (Normal) (G1 Evacuation Pause) 156M->59M(177M) 1.309ms
[973.802s][info][gc] GC(14543) Pause Young (Normal) (G1 Evacuation Pause) 156M->60M(177M) 1.264ms
[973.852s][info][gc] GC(14544) Pause Young (Normal) (G1 Evacuation Pause) 156M->61M(177M) 1.104ms
[973.902s][info][gc] GC(14545) Pause Young (Normal) (G1 Evacuation Pause) 156M->61M(177M) 1.150ms
[973.954s][info][gc] GC(14546) Pause Young (Normal) (G1 Evacuation Pause) 159M->63M(177M) 1.162ms
[973.996s][info][gc] GC(14547) Pause Young (Normal) (G1 Evacuation Pause) 157M->63M(177M) 1.202ms
[974.051s][info][gc] GC(14548) Pause Young (Normal) (G1 Evacuation Pause) 157M->64M(177M) 1.122ms
[974.096s][info][gc] GC(14549) Pause Young (Normal) (G1 Evacuation Pause) 157M->64M(177M) 1.091ms
[974.151s][info][gc] GC(14550) Pause Young (Normal) (G1 Evacuation Pause) 157M->65M(177M) 1.243ms
[974.192s][info][gc] GC(14551) Pause Young (Normal) (G1 Evacuation Pause) 156M->65M(177M) 1.086ms
[974.246s][info][gc] GC(14552) Pause Young (Concurrent Start) (G1 Evacuation Pause) 158M->66M(177M) 1.117ms
[974.246s][info][gc] GC(14553) Concurrent Mark Cycle
[974.254s][info][gc] GC(14553) Pause Remark 85M->80M(177M) 0.462ms
[974.259s][info][gc] GC(14553) Pause Cleanup 89M->89M(177M) 0.056ms
[974.259s][info][gc] GC(14553) Concurrent Mark Cycle 13.081ms
[974.293s][info][gc] GC(14554) Pause Young (Prepare Mixed) (G1 Evacuation Pause) 153M->62M(177M) 1.098ms
[974.336s][info][gc] GC(14555) Pause Young (Mixed) (G1 Evacuation Pause) 159M->60M(177M) 0.908ms
[974.394s][info][gc] GC(14556) Pause Young (Normal) (G1 Evacuation Pause) 160M->63M(177M) 1.092ms
[974.436s][info][gc] GC(14557) Pause Young (Normal) (G1 Evacuation Pause) 157M->63M(177M) 1.020ms
[974.493s][info][gc] GC(14558) Pause Young (Normal) (G1 Evacuation Pause) 159M->64M(177M) 1.050ms
[974.536s][info][gc] GC(14559) Pause Young (Normal) (G1 Evacuation Pause) 156M->65M(177M) 1.125ms
[974.589s][info][gc] GC(14560) Pause Young (Concurrent Start) (G1 Evacuation Pause) 157M->67M(177M) 1.152ms
[974.589s][info][gc] GC(14561) Concurrent Mark Cycle
[974.599s][info][gc] GC(14561) Pause Remark 91M->91M(177M) 0.407ms
[974.608s][info][gc] GC(14561) Pause Cleanup 111M->111M(177M) 0.051ms
[974.608s][info][gc] GC(14561) Concurrent Mark Cycle 18.843ms
[974.632s][info][gc] GC(14562) Pause Young (Prepare Mixed) (G1 Evacuation Pause) 157M->66M(177M) 1.230ms
[974.689s][info][gc] GC(14563) Pause Young (Mixed) (G1 Evacuation Pause) 157M->66M(177M) 1.171ms
[974.732s][info][gc] GC(14564) Pause Young (Concurrent Start) (G1 Evacuation Pause) 156M->67M(177M) 1.415ms
[974.732s][info][gc] GC(14565) Concurrent Mark Cycle
[974.741s][info][gc] GC(14565) Pause Remark 79M->79M(177M) 0.412ms
[974.749s][info][gc] GC(14565) Pause Cleanup 94M->94M(177M) 0.056ms
[974.749s][info][gc] GC(14565) Concurrent Mark Cycle 17.096ms
[974.781s][info][gc] GC(14566) Pause Young (Prepare Mixed) (G1 Evacuation Pause) 158M->66M(177M) 0.954ms
[974.835s][info][gc] GC(14567) Pause Young (Mixed) (G1 Evacuation Pause) 160M->67M(177M) 1.213ms
[974.876s][info][gc] GC(14568) Pause Young (Concurrent Start) (G1 Evacuation Pause) 156M->67M(177M) 1.065ms
[974.876s][info][gc] GC(14569) Concurrent Mark Cycle
[974.886s][info][gc] GC(14569) Pause Remark 93M->93M(177M) 0.403ms
[974.894s][info][gc] GC(14569) Pause Cleanup 103M->103M(177M) 0.050ms
[974.894s][info][gc] GC(14569) Concurrent Mark Cycle 18.686ms
[974.930s][info][gc] GC(14570) Pause Young (Prepare Mixed) (G1 Evacuation Pause) 158M->68M(177M) 1.129ms
[974.976s][info][gc] GC(14571) Pause Young (Mixed) (G1 Evacuation Pause) 157M->69M(177M) 1.148ms
[975.025s][info][gc] GC(14572) Pause Young (Concurrent Start) (G1 Evacuation Pause) 157M->69M(177M) 1.400ms
[975.025s][info][gc] GC(14573) Concurrent Mark Cycle
[975.035s][info][gc] GC(14573) Pause Remark 85M->85M(177M) 0.507ms
[975.042s][info][gc] GC(14573) Pause Cleanup 102M->102M(177M) 0.048ms
[975.042s][info][gc] GC(14573) Concurrent Mark Cycle 17.401ms
[975.075s][info][gc] GC(14574) Pause Young (Prepare Mixed) (G1 Evacuation Pause) 159M->70M(177M) 1.152ms
[975.113s][info][gc] GC(14575) Pause Young (Mixed) (G1 Evacuation Pause) 156M->70M(211M) 1.339ms
[975.182s][info][gc] GC(14576) Pause Young (Normal) (G1 Evacuation Pause) 188M->71M(211M) 1.183ms
[975.243s][info][gc] GC(14577) Pause Young (Normal) (G1 Evacuation Pause) 188M->71M(211M) 1.124ms
[975.299s][info][gc] GC(14578) Pause Young (Normal) (G1 Evacuation Pause) 188M->73M(211M) 1.191ms
[975.364s][info][gc] GC(14579) Pause Young (Normal) (G1 Evacuation Pause) 188M->74M(211M) 1.228ms
[975.417s][info][gc] GC(14580) Pause Young (Normal) (G1 Evacuation Pause) 188M->74M(211M) 1.286ms
[975.480s][info][gc] GC(14581) Pause Young (Normal) (G1 Evacuation Pause) 189M->76M(211M) 1.198ms
[975.534s][info][gc] GC(14582) Pause Young (Normal) (G1 Evacuation Pause) 188M->76M(211M) 1.138ms
[975.597s][info][gc] GC(14583) Pause Young (Normal) (G1 Evacuation Pause) 189M->78M(211M) 1.193ms
[975.649s][info][gc] GC(14584) Pause Young (Normal) (G1 Evacuation Pause) 188M->78M(211M) 1.251ms
[975.713s][info][gc] GC(14585) Pause Young (Normal) (G1 Evacuation Pause) 188M->80M(211M) 1.286ms
[975.764s][info][gc] GC(14586) Pause Young (Normal) (G1 Evacuation Pause) 188M->80M(211M) 1.159ms
[975.894s][info][gc] GC(14587) Pause Young (Concurrent Start) (G1 Evacuation Pause) 190M->82M(211M) 1.299ms
[975.894s][info][gc] GC(14588) Concurrent Mark Cycle
[975.899s][info][gc] GC(14588) Pause Remark 92M->61M(177M) 0.433ms
[975.902s][info][gc] GC(14588) Pause Cleanup 66M->66M(177M) 0.044ms
[975.902s][info][gc] GC(14588) Concurrent Mark Cycle 8.104ms
[975.944s][info][gc] GC(14589) Pause Young (Prepare Mixed) (G1 Evacuation Pause) 155M->52M(177M) 1.207ms
[976.000s][info][gc] GC(14590) Pause Young (Mixed) (G1 Evacuation Pause) 150M->50M(177M) 1.168ms
[976.049s][info][gc] GC(14591) Pause Young (Normal) (G1 Evacuation Pause) 148M->51M(177M) 1.320ms
[976.101s][info][gc] GC(14592) Pause Young (Normal) (G1 Evacuation Pause) 149M->52M(177M) 1.141ms
[976.153s][info][gc] GC(14593) Pause Young (Normal) (G1 Evacuation Pause) 151M->53M(177M) 1.347ms
[976.209s][info][gc] GC(14594) Pause Young (Normal) (G1 Evacuation Pause) 151M->53M(177M) 1.193ms
[976.256s][info][gc] GC(14595) Pause Young (Normal) (G1 Evacuation Pause) 151M->54M(177M) 1.127ms
[976.301s][info][gc] GC(14596) Pause Young (Normal) (G1 Evacuation Pause) 151M->54M(177M) 1.028ms
[976.359s][info][gc] GC(14597) Pause Young (Normal) (G1 Evacuation Pause) 153M->56M(177M) 1.036ms
[976.406s][info][gc] GC(14598) Pause Young (Normal) (G1 Evacuation Pause) 154M->56M(177M) 1.104ms
[976.462s][info][gc] GC(14599) Pause Young (Normal) (G1 Evacuation Pause) 154M->57M(177M) 1.132ms
[976.509s][info][gc] GC(14600) Pause Young (Normal) (G1 Evacuation Pause) 155M->58M(177M) 1.074ms
[976.564s][info][gc] GC(14601) Pause Young (Normal) (G1 Evacuation Pause) 156M->59M(177M) 1.084ms
[976.612s][info][gc] GC(14602) Pause Young (Normal) (G1 Evacuation Pause) 156M->61M(177M) 1.278ms
[976.666s][info][gc] GC(14603) Pause Young (Normal) (G1 Evacuation Pause) 157M->61M(177M) 1.218ms
[976.712s][info][gc] GC(14604) Pause Young (Normal) (G1 Evacuation Pause) 157M->61M(177M) 1.129ms
[976.768s][info][gc] GC(14605) Pause Young (Normal) (G1 Evacuation Pause) 158M->63M(177M) 1.134ms
[976.812s][info][gc] GC(14606) Pause Young (Normal) (G1 Evacuation Pause) 157M->64M(177M) 1.181ms
[976.862s][info][gc] GC(14607) Pause Young (Normal) (G1 Evacuation Pause) 158M->64M(177M) 1.046ms
[976.909s][info][gc] GC(14608) Pause Young (Normal) (G1 Evacuation Pause) 159M->65M(177M) 1.057ms
[976.952s][info][gc] GC(14609) Pause Young (Normal) (G1 Evacuation Pause) 156M->65M(177M) 1.075ms
[977.006s][info][gc] GC(14610) Pause Young (Concurrent Start) (G1 Evacuation Pause) 159M->66M(177M) 1.053ms
[977.006s][info][gc] GC(14611) Concurrent Mark Cycle
[977.016s][info][gc] GC(14611) Pause Remark 80M->77M(177M) 0.459ms
[977.020s][info][gc] GC(14611) Pause Cleanup 86M->86M(177M) 0.053ms
[977.021s][info][gc] GC(14611) Concurrent Mark Cycle 14.111ms
[977.052s][info][gc] GC(14612) Pause Young (Prepare Mixed) (G1 Evacuation Pause) 155M->64M(177M) 1.171ms
[977.107s][info][gc] GC(14613) Pause Young (Mixed) (G1 Evacuation Pause) 156M->63M(177M) 1.212ms
[977.152s][info][gc] GC(14614) Pause Young (Normal) (G1 Evacuation Pause) 158M->63M(177M) 1.041ms
[977.204s][info][gc] GC(14615) Pause Young (Normal) (G1 Evacuation Pause) 159M->64M(177M) 1.080ms
[977.250s][info][gc] GC(14616) Pause Young (Normal) (G1 Evacuation Pause) 156M->64M(177M) 1.133ms
[977.304s][info][gc] GC(14617) Pause Young (Normal) (G1 Evacuation Pause) 157M->65M(177M) 1.067ms
[977.347s][info][gc] GC(14618) Pause Young (Concurrent Start) (G1 Evacuation Pause) 159M->66M(177M) 1.100ms
[977.347s][info][gc] GC(14619) Concurrent Mark Cycle
[977.358s][info][gc] GC(14619) Pause Remark 83M->83M(177M) 0.421ms
[977.367s][info][gc] GC(14619) Pause Cleanup 107M->107M(177M) 0.055ms
[977.367s][info][gc] GC(14619) Concurrent Mark Cycle 19.696ms
[977.391s][info][gc] GC(14620) Pause Young (Prepare Mixed) (G1 Evacuation Pause) 157M->66M(177M) 0.976ms
[977.444s][info][gc] GC(14621) Pause Young (Mixed) (G1 Evacuation Pause) 159M->65M(177M) 1.127ms
[977.488s][info][gc] GC(14622) Pause Young (Concurrent Start) (G1 Evacuation Pause) 157M->66M(177M) 1.142ms
[977.488s][info][gc] GC(14623) Concurrent Mark Cycle
[977.499s][info][gc] GC(14623) Pause Remark 92M->92M(177M) 0.439ms
[977.504s][info][gc] GC(14623) Pause Cleanup 99M->99M(177M) 0.055ms
[977.505s][info][gc] GC(14623) Concurrent Mark Cycle 16.115ms
[977.542s][info][gc] GC(14624) Pause Young (Prepare Mixed) (G1 Evacuation Pause) 157M->68M(177M) 1.077ms
[977.586s][info][gc] GC(14625) Pause Young (Mixed) (G1 Evacuation Pause) 158M->67M(177M) 1.239ms
[977.636s][info][gc] GC(14626) Pause Young (Concurrent Start) (G1 Evacuation Pause) 158M->67M(177M) 1.075ms
[977.637s][info][gc] GC(14627) Concurrent Mark Cycle
[977.645s][info][gc] GC(14627) Pause Remark 88M->88M(177M) 0.449ms
[977.654s][info][gc] GC(14627) Pause Cleanup 102M->102M(177M) 0.048ms
[977.654s][info][gc] GC(14627) Concurrent Mark Cycle 17.325ms
[977.685s][info][gc] GC(14628) Pause Young (Prepare Mixed) (G1 Evacuation Pause) 159M->68M(177M) 1.102ms
[977.727s][info][gc] GC(14629) Pause Young (Mixed) (G1 Evacuation Pause) 158M->67M(177M) 1.002ms
[977.780s][info][gc] GC(14630) Pause Young (Concurrent Start) (G1 Evacuation Pause) 158M->68M(177M) 1.099ms
[977.780s][info][gc] GC(14631) Concurrent Mark Cycle
[977.790s][info][gc] GC(14631) Pause Remark 89M->89M(177M) 0.412ms
[977.801s][info][gc] GC(14631) Pause Cleanup 108M->108M(177M) 0.046ms
[977.802s][info][gc] GC(14631) Concurrent Mark Cycle 21.919ms
[977.823s][info][gc] GC(14632) Pause Young (Prepare Mixed) (G1 Evacuation Pause) 157M->69M(177M) 1.083ms
[977.875s][info][gc] GC(14633) Pause Young (Mixed) (G1 Evacuation Pause) 158M->69M(177M) 1.197ms
[977.918s][info][gc] GC(14634) Pause Young (Concurrent Start) (G1 Evacuation Pause) 158M->70M(177M) 1.119ms
[977.918s][info][gc] GC(14635) Concurrent Mark Cycle
[977.927s][info][gc] GC(14635) Pause Remark 88M->88M(177M) 0.438ms
[977.939s][info][gc] GC(14635) Pause Cleanup 110M->110M(177M) 0.051ms
[977.939s][info][gc] GC(14635) Concurrent Mark Cycle 20.867ms
[977.971s][info][gc] GC(14636) Pause Young (Prepare Mixed) (G1 Evacuation Pause) 158M->70M(177M) 1.292ms
[978.012s][info][gc] GC(14637) Pause Young (Mixed) (G1 Evacuation Pause) 158M->71M(211M) 1.222ms
[978.071s][info][gc] GC(14638) Pause Young (Normal) (G1 Evacuation Pause) 189M->70M(211M) 1.043ms
[978.135s][info][gc] GC(14639) Pause Young (Normal) (G1 Evacuation Pause) 189M->73M(211M) 1.234ms
[978.197s][info][gc] GC(14640) Pause Young (Normal) (G1 Evacuation Pause) 188M->74M(211M) 1.227ms
[978.250s][info][gc] GC(14641) Pause Young (Normal) (G1 Evacuation Pause) 187M->75M(211M) 1.265ms
[978.310s][info][gc] GC(14642) Pause Young (Normal) (G1 Evacuation Pause) 188M->75M(211M) 1.208ms
[978.367s][info][gc] GC(14643) Pause Young (Normal) (G1 Evacuation Pause) 189M->76M(211M) 1.197ms
[978.431s][info][gc] GC(14644) Pause Young (Normal) (G1 Evacuation Pause) 186M->78M(211M) 1.249ms
[978.480s][info][gc] GC(14645) Pause Young (Normal) (G1 Evacuation Pause) 188M->78M(211M) 1.129ms
[978.544s][info][gc] GC(14646) Pause Young (Normal) (G1 Evacuation Pause) 188M->79M(211M) 1.195ms
[978.591s][info][gc] GC(14647) Pause Young (Normal) (G1 Evacuation Pause) 187M->79M(211M) 1.186ms
[978.718s][info][gc] GC(14648) Pause Young (Concurrent Start) (G1 Evacuation Pause) 189M->82M(211M) 1.230ms
[978.718s][info][gc] GC(14649) Concurrent Mark Cycle
[978.724s][info][gc] GC(14649) Pause Remark 93M->66M(190M) 0.482ms
[978.726s][info][gc] GC(14649) Pause Cleanup 70M->70M(190M) 0.050ms
[978.726s][info][gc] GC(14649) Concurrent Mark Cycle 8.227ms
[978.771s][info][gc] GC(14650) Pause Young (Prepare Mixed) (G1 Evacuation Pause) 158M->55M(190M) 1.353ms
[978.825s][info][gc] GC(14651) Pause Young (Mixed) (G1 Evacuation Pause) 160M->52M(190M) 1.276ms
[978.878s][info][gc] GC(14652) Pause Young (Normal) (G1 Evacuation Pause) 157M->54M(190M) 1.316ms
[978.940s][info][gc] GC(14653) Pause Young (Normal) (G1 Evacuation Pause) 158M->55M(190M) 1.337ms
[978.989s][info][gc] GC(14654) Pause Young (Normal) (G1 Evacuation Pause) 159M->55M(190M) 1.356ms
[979.049s][info][gc] GC(14655) Pause Young (Normal) (G1 Evacuation Pause) 161M->56M(190M) 1.273ms
[979.100s][info][gc] GC(14656) Pause Young (Normal) (G1 Evacuation Pause) 161M->57M(190M) 1.162ms
[979.158s][info][gc] GC(14657) Pause Young (Normal) (G1 Evacuation Pause) 162M->57M(190M) 1.214ms
[979.210s][info][gc] GC(14658) Pause Young (Normal) (G1 Evacuation Pause) 162M->58M(190M) 1.142ms
[979.270s][info][gc] GC(14659) Pause Young (Normal) (G1 Evacuation Pause) 163M->59M(190M) 1.440ms
[979.320s][info][gc] GC(14660) Pause Young (Normal) (G1 Evacuation Pause) 164M->60M(190M) 1.257ms
[979.377s][info][gc] GC(14661) Pause Young (Normal) (G1 Evacuation Pause) 165M->61M(190M) 1.259ms
[979.431s][info][gc] GC(14662) Pause Young (Normal) (G1 Evacuation Pause) 166M->62M(190M) 1.314ms
[979.491s][info][gc] GC(14663) Pause Young (Normal) (G1 Evacuation Pause) 166M->63M(190M) 1.169ms
[979.538s][info][gc] GC(14664) Pause Young (Normal) (G1 Evacuation Pause) 167M->64M(190M) 1.131ms
[979.596s][info][gc] GC(14665) Pause Young (Normal) (G1 Evacuation Pause) 169M->64M(190M) 1.178ms
[979.646s][info][gc] GC(14666) Pause Young (Normal) (G1 Evacuation Pause) 169M->65M(190M) 1.154ms
[979.703s][info][gc] GC(14667) Pause Young (Normal) (G1 Evacuation Pause) 169M->67M(190M) 1.139ms
[979.753s][info][gc] GC(14668) Pause Young (Normal) (G1 Evacuation Pause) 170M->67M(190M) 1.163ms
[979.810s][info][gc] GC(14669) Pause Young (Normal) (G1 Evacuation Pause) 171M->68M(190M) 1.125ms
[979.859s][info][gc] GC(14670) Pause Young (Normal) (G1 Evacuation Pause) 171M->69M(190M) 1.143ms
[979.916s][info][gc] GC(14671) Pause Young (Normal) (G1 Evacuation Pause) 170M->70M(190M) 1.151ms
[979.962s][info][gc] GC(14672) Pause Young (Normal) (G1 Evacuation Pause) 169M->70M(190M) 1.064ms
[980.018s][info][gc] GC(14673) Pause Young (Concurrent Start) (G1 Evacuation Pause) 170M->71M(190M) 1.160ms
[980.018s][info][gc] GC(14674) Concurrent Mark Cycle
[980.025s][info][gc] GC(14674) Pause Remark 86M->82M(190M) 0.458ms
[980.032s][info][gc] GC(14674) Pause Cleanup 93M->93M(190M) 0.060ms
[980.032s][info][gc] GC(14674) Concurrent Mark Cycle 14.818ms
[980.068s][info][gc] GC(14675) Pause Young (Prepare Mixed) (G1 Evacuation Pause) 165M->68M(190M) 1.145ms
[980.127s][info][gc] GC(14676) Pause Young (Mixed) (G1 Evacuation Pause) 169M->67M(190M) 1.169ms
[980.175s][info][gc] GC(14677) Pause Young (Normal) (G1 Evacuation Pause) 170M->67M(190M) 1.181ms
[980.235s][info][gc] GC(14678) Pause Young (Normal) (G1 Evacuation Pause) 171M->68M(190M) 1.337ms
[980.283s][info][gc] GC(14679) Pause Young (Normal) (G1 Evacuation Pause) 170M->68M(190M) 1.098ms
[980.334s][info][gc] GC(14680) Pause Young (Normal) (G1 Evacuation Pause) 169M->68M(190M) 1.140ms
[980.389s][info][gc] GC(14681) Pause Young (Normal) (G1 Evacuation Pause) 170M->71M(190M) 1.166ms
[980.430s][info][gc] GC(14682) Pause Young (Normal) (G1 Evacuation Pause) 169M->70M(190M) 1.125ms
[980.488s][info][gc] GC(14683) Pause Young (Concurrent Start) (G1 Evacuation Pause) 171M->71M(190M) 1.115ms
[980.488s][info][gc] GC(14684) Concurrent Mark Cycle
[980.498s][info][gc] GC(14684) Pause Remark 85M->85M(190M) 0.414ms
[980.505s][info][gc] GC(14684) Pause Cleanup 101M->101M(190M) 0.057ms
[980.505s][info][gc] GC(14684) Concurrent Mark Cycle 17.403ms
[980.537s][info][gc] GC(14685) Pause Young (Prepare Mixed) (G1 Evacuation Pause) 170M->73M(190M) 1.190ms
[980.594s][info][gc] GC(14686) Pause Young (Mixed) (G1 Evacuation Pause) 170M->71M(190M) 1.164ms
[980.642s][info][gc] GC(14687) Pause Young (Concurrent Start) (G1 Evacuation Pause) 169M->73M(190M) 1.171ms
[980.642s][info][gc] GC(14688) Concurrent Mark Cycle
[980.653s][info][gc] GC(14688) Pause Remark 99M->99M(190M) 0.421ms
[980.659s][info][gc] GC(14688) Pause Cleanup 108M->108M(190M) 0.051ms
[980.660s][info][gc] GC(14688) Concurrent Mark Cycle 17.933ms
[980.698s][info][gc] GC(14689) Pause Young (Prepare Mixed) (G1 Evacuation Pause) 170M->73M(190M) 1.259ms
[980.749s][info][gc] GC(14690) Pause Young (Mixed) (G1 Evacuation Pause) 171M->73M(190M) 1.356ms
[980.801s][info][gc] GC(14691) Pause Young (Normal) (G1 Evacuation Pause) 170M->73M(190M) 1.053ms
[980.851s][info][gc] GC(14692) Pause Young (Concurrent Start) (G1 Evacuation Pause) 170M->74M(190M) 1.197ms
[980.851s][info][gc] GC(14693) Concurrent Mark Cycle
[980.861s][info][gc] GC(14693) Pause Remark 95M->95M(190M) 0.478ms
[980.870s][info][gc] GC(14693) Pause Cleanup 115M->115M(190M) 0.051ms
[980.870s][info][gc] GC(14693) Concurrent Mark Cycle 19.569ms
[980.906s][info][gc] GC(14694) Pause Young (Prepare Mixed) (G1 Evacuation Pause) 169M->76M(190M) 1.187ms
[980.954s][info][gc] GC(14695) Pause Young (Mixed) (G1 Evacuation Pause) 170M->74M(190M) 1.107ms
[980.995s][info][gc] GC(14696) Pause Young (Concurrent Start) (G1 Evacuation Pause) 170M->73M(190M) 0.929ms
[980.995s][info][gc] GC(14697) Concurrent Mark Cycle
[981.005s][info][gc] GC(14697) Pause Remark 77M->77M(190M) 0.417ms
[981.016s][info][gc] GC(14697) Pause Cleanup 88M->88M(190M) 0.054ms
[981.016s][info][gc] GC(14697) Concurrent Mark Cycle 20.616ms
[981.062s][info][gc] GC(14698) Pause Young (Prepare Mixed) (G1 Evacuation Pause) 172M->76M(190M) 1.168ms
[981.104s][info][gc] GC(14699) Pause Young (Mixed) (G1 Evacuation Pause) 169M->76M(190M) 1.193ms
[981.161s][info][gc] GC(14700) Pause Young (Concurrent Start) (G1 Evacuation Pause) 171M->77M(190M) 1.205ms
[981.161s][info][gc] GC(14701) Concurrent Mark Cycle
[981.171s][info][gc] GC(14701) Pause Remark 97M->97M(190M) 0.431ms
[981.185s][info][gc] GC(14701) Pause Cleanup 120M->120M(190M) 0.054ms
[981.185s][info][gc] GC(14701) Concurrent Mark Cycle 24.279ms
[981.210s][info][gc] GC(14702) Pause Young (Prepare Mixed) (G1 Evacuation Pause) 170M->77M(190M) 1.151ms
[981.265s][info][gc] GC(14703) Pause Young (Mixed) (G1 Evacuation Pause) 170M->77M(190M) 1.216ms
[981.307s][info][gc] GC(14704) Pause Young (Concurrent Start) (G1 Evacuation Pause) 170M->78M(190M) 1.276ms
[981.308s][info][gc] GC(14705) Concurrent Mark Cycle
[981.320s][info][gc] GC(14705) Pause Remark 103M->103M(190M) 0.419ms
[981.331s][info][gc] GC(14705) Pause Cleanup 126M->126M(190M) 0.050ms
[981.331s][info][gc] GC(14705) Concurrent Mark Cycle 23.718ms
[981.365s][info][gc] GC(14706) Pause Young (Prepare Mixed) (G1 Evacuation Pause) 170M->79M(190M) 1.167ms
[981.410s][info][gc] GC(14707) Pause Young (Mixed) (G1 Evacuation Pause) 173M->79M(190M) 1.195ms
[981.451s][info][gc] GC(14708) Pause Young (Concurrent Start) (G1 Evacuation Pause) 170M->78M(190M) 0.913ms
[981.451s][info][gc] GC(14709) Concurrent Mark Cycle
[981.461s][info][gc] GC(14709) Pause Remark 81M->81M(190M) 0.551ms
[981.469s][info][gc] GC(14709) Pause Cleanup 83M->83M(190M) 0.079ms
[981.470s][info][gc] GC(14709) Concurrent Mark Cycle 18.464ms
[981.572s][info][gc] GC(14710) Pause Young (Prepare Mixed) (G1 Evacuation Pause) 174M->82M(190M) 1.159ms
[981.615s][info][gc] GC(14711) Pause Young (Mixed) (G1 Evacuation Pause) 170M->82M(190M) 1.316ms
[981.667s][info][gc] GC(14712) Pause Young (Concurrent Start) (G1 Evacuation Pause) 170M->83M(190M) 1.219ms
[981.667s][info][gc] GC(14713) Concurrent Mark Cycle
[981.671s][info][gc] GC(14713) Pause Remark 93M->60M(174M) 0.435ms
[981.674s][info][gc] GC(14713) Pause Cleanup 65M->65M(174M) 0.051ms
[981.674s][info][gc] GC(14713) Concurrent Mark Cycle 7.439ms
[981.711s][info][gc] GC(14714) Pause Young (Prepare Mixed) (G1 Evacuation Pause) 137M->51M(174M) 1.179ms
[981.763s][info][gc] GC(14715) Pause Young (Mixed) (G1 Evacuation Pause) 147M->48M(174M) 1.236ms
[981.810s][info][gc] GC(14716) Pause Young (Normal) (G1 Evacuation Pause) 145M->49M(174M) 1.099ms
[981.853s][info][gc] GC(14717) Pause Young (Normal) (G1 Evacuation Pause) 146M->49M(174M) 0.931ms
[981.909s][info][gc] GC(14718) Pause Young (Normal) (G1 Evacuation Pause) 145M->51M(174M) 1.257ms
[981.956s][info][gc] GC(14719) Pause Young (Normal) (G1 Evacuation Pause) 146M->52M(174M) 1.152ms
[982.011s][info][gc] GC(14720) Pause Young (Normal) (G1 Evacuation Pause) 147M->53M(174M) 1.190ms
[982.057s][info][gc] GC(14721) Pause Young (Normal) (G1 Evacuation Pause) 149M->54M(174M) 1.210ms
[982.115s][info][gc] GC(14722) Pause Young (Normal) (G1 Evacuation Pause) 150M->54M(174M) 1.077ms
[982.159s][info][gc] GC(14723) Pause Young (Normal) (G1 Evacuation Pause) 150M->55M(174M) 1.132ms
[982.214s][info][gc] GC(14724) Pause Young (Normal) (G1 Evacuation Pause) 151M->56M(174M) 1.203ms
[982.255s][info][gc] GC(14725) Pause Young (Normal) (G1 Evacuation Pause) 152M->57M(174M) 1.034ms
[982.312s][info][gc] GC(14726) Pause Young (Normal) (G1 Evacuation Pause) 153M->57M(174M) 1.108ms
[982.358s][info][gc] GC(14727) Pause Young (Normal) (G1 Evacuation Pause) 153M->59M(174M) 1.063ms
[982.398s][info][gc] GC(14728) Pause Young (Normal) (G1 Evacuation Pause) 152M->58M(174M) 0.997ms
[982.457s][info][gc] GC(14729) Pause Young (Normal) (G1 Evacuation Pause) 156M->60M(174M) 1.114ms
[982.498s][info][gc] GC(14730) Pause Young (Normal) (G1 Evacuation Pause) 153M->61M(174M) 1.126ms
[982.553s][info][gc] GC(14731) Pause Young (Normal) (G1 Evacuation Pause) 154M->62M(174M) 1.102ms
[982.596s][info][gc] GC(14732) Pause Young (Normal) (G1 Evacuation Pause) 153M->62M(174M) 1.091ms
[982.648s][info][gc] GC(14733) Pause Young (Normal) (G1 Evacuation Pause) 153M->63M(174M) 1.020ms
[982.692s][info][gc] GC(14734) Pause Young (Normal) (G1 Evacuation Pause) 152M->64M(174M) 1.089ms
[982.737s][info][gc] GC(14735) Pause Young (Normal) (G1 Evacuation Pause) 154M->64M(174M) 0.990ms
[982.787s][info][gc] GC(14736) Pause Young (Concurrent Start) (G1 Evacuation Pause) 155M->66M(174M) 1.084ms
[982.787s][info][gc] GC(14737) Concurrent Mark Cycle
[982.794s][info][gc] GC(14737) Pause Remark 83M->82M(174M) 0.419ms
[982.799s][info][gc] GC(14737) Pause Cleanup 88M->88M(174M) 0.055ms
[982.800s][info][gc] GC(14737) Concurrent Mark Cycle 12.469ms
[982.827s][info][gc] GC(14738) Pause Young (Prepare Mixed) (G1 Evacuation Pause) 152M->64M(174M) 1.095ms
[982.879s][info][gc] GC(14739) Pause Young (Mixed) (G1 Evacuation Pause) 155M->64M(174M) 1.097ms
[982.923s][info][gc] GC(14740) Pause Young (Normal) (G1 Evacuation Pause) 155M->65M(174M) 1.054ms
[982.974s][info][gc] GC(14741) Pause Young (Normal) (G1 Evacuation Pause) 155M->65M(174M) 1.255ms
[983.019s][info][gc] GC(14742) Pause Young (Normal) (G1 Evacuation Pause) 155M->66M(174M) 1.065ms
[983.062s][info][gc] GC(14743) Pause Young (Concurrent Start) (G1 Evacuation Pause) 153M->65M(174M) 1.135ms
[983.062s][info][gc] GC(14744) Concurrent Mark Cycle
[983.070s][info][gc] GC(14744) Pause Remark 72M->72M(174M) 0.406ms
[983.074s][info][gc] GC(14744) Pause Cleanup 75M->75M(174M) 0.050ms
[983.074s][info][gc] GC(14744) Concurrent Mark Cycle 12.819ms
[983.113s][info][gc] GC(14745) Pause Young (Prepare Mixed) (G1 Evacuation Pause) 157M->67M(174M) 1.059ms
[983.157s][info][gc] GC(14746) Pause Young (Mixed) (G1 Evacuation Pause) 155M->67M(174M) 1.040ms
[983.211s][info][gc] GC(14747) Pause Young (Concurrent Start) (G1 Evacuation Pause) 155M->68M(174M) 1.145ms
[983.211s][info][gc] GC(14748) Concurrent Mark Cycle
[983.222s][info][gc] GC(14748) Pause Remark 93M->93M(174M) 0.426ms
[983.227s][info][gc] GC(14748) Pause Cleanup 104M->104M(174M) 0.049ms
[983.227s][info][gc] GC(14748) Concurrent Mark Cycle 16.111ms
[983.253s][info][gc] GC(14749) Pause Young (Prepare Mixed) (G1 Evacuation Pause) 155M->68M(174M) 1.071ms
[983.301s][info][gc] GC(14750) Pause Young (Mixed) (G1 Evacuation Pause) 155M->67M(174M) 1.158ms
[983.344s][info][gc] GC(14751) Pause Young (Concurrent Start) (G1 Evacuation Pause) 155M->68M(174M) 1.087ms
[983.344s][info][gc] GC(14752) Concurrent Mark Cycle
[983.355s][info][gc] GC(14752) Pause Remark 91M->91M(174M) 0.421ms
[983.362s][info][gc] GC(14752) Pause Cleanup 100M->100M(174M) 0.051ms
[983.362s][info][gc] GC(14752) Concurrent Mark Cycle 17.786ms
[983.387s][info][gc] GC(14753) Pause Young (Prepare Mixed) (G1 Evacuation Pause) 154M->69M(174M) 1.125ms
[983.438s][info][gc] GC(14754) Pause Young (Mixed) (G1 Evacuation Pause) 156M->69M(174M) 1.085ms
[983.481s][info][gc] GC(14755) Pause Young (Concurrent Start) (G1 Evacuation Pause) 156M->70M(174M) 1.176ms
[983.481s][info][gc] GC(14756) Concurrent Mark Cycle
[983.494s][info][gc] GC(14756) Pause Remark 103M->103M(174M) 0.405ms
[983.500s][info][gc] GC(14756) Pause Cleanup 118M->118M(174M) 0.046ms
[983.500s][info][gc] GC(14756) Concurrent Mark Cycle 18.704ms
[983.529s][info][gc] GC(14757) Pause Young (Prepare Mixed) (G1 Evacuation Pause) 155M->71M(174M) 0.997ms
[983.569s][info][gc] GC(14758) Pause Young (Mixed) (G1 Evacuation Pause) 155M->70M(208M) 1.087ms
[983.629s][info][gc] GC(14759) Pause Young (Normal) (G1 Evacuation Pause) 187M->70M(208M) 1.119ms
[983.689s][info][gc] GC(14760) Pause Young (Normal) (G1 Evacuation Pause) 186M->72M(208M) 1.226ms
[983.749s][info][gc] GC(14761) Pause Young (Normal) (G1 Evacuation Pause) 187M->73M(208M) 1.334ms
[983.803s][info][gc] GC(14762) Pause Young (Normal) (G1 Evacuation Pause) 185M->74M(208M) 1.175ms
[983.865s][info][gc] GC(14763) Pause Young (Normal) (G1 Evacuation Pause) 185M->75M(208M) 1.312ms
[983.918s][info][gc] GC(14764) Pause Young (Normal) (G1 Evacuation Pause) 186M->76M(208M) 1.230ms
[983.981s][info][gc] GC(14765) Pause Young (Normal) (G1 Evacuation Pause) 186M->78M(208M) 1.385ms
[984.032s][info][gc] GC(14766) Pause Young (Normal) (G1 Evacuation Pause) 186M->78M(208M) 1.143ms
[984.095s][info][gc] GC(14767) Pause Young (Normal) (G1 Evacuation Pause) 187M->79M(208M) 1.153ms
[984.146s][info][gc] GC(14768) Pause Young (Concurrent Start) (G1 Evacuation Pause) 185M->80M(208M) 1.283ms
[984.146s][info][gc] GC(14769) Concurrent Mark Cycle
[984.157s][info][gc] GC(14769) Pause Remark 100M->100M(208M) 0.526ms
[984.164s][info][gc] GC(14769) Pause Cleanup 112M->112M(208M) 0.051ms
[984.164s][info][gc] GC(14769) Concurrent Mark Cycle 18.312ms
[984.215s][info][gc] GC(14770) Pause Young (Prepare Mixed) (G1 Evacuation Pause) 187M->81M(208M) 1.314ms
[984.265s][info][gc] GC(14771) Pause Young (Mixed) (G1 Evacuation Pause) 185M->80M(208M) 1.383ms
[984.399s][info][gc] GC(14772) Pause Young (Concurrent Start) (G1 Evacuation Pause) 188M->82M(208M) 1.222ms
[984.399s][info][gc] GC(14773) Concurrent Mark Cycle
[984.405s][info][gc] GC(14773) Pause Remark 93M->62M(174M) 0.406ms
[984.408s][info][gc] GC(14773) Pause Cleanup 68M->68M(174M) 0.057ms
[984.408s][info][gc] GC(14773) Concurrent Mark Cycle 8.436ms
[984.453s][info][gc] GC(14774) Pause Young (Prepare Mixed) (G1 Evacuation Pause) 155M->52M(174M) 1.377ms
[984.510s][info][gc] GC(14775) Pause Young (Mixed) (G1 Evacuation Pause) 147M->51M(174M) 1.226ms
[984.554s][info][gc] GC(14776) Pause Young (Normal) (G1 Evacuation Pause) 146M->52M(174M) 1.135ms
[984.607s][info][gc] GC(14777) Pause Young (Normal) (G1 Evacuation Pause) 149M->52M(174M) 1.164ms
[984.656s][info][gc] GC(14778) Pause Young (Normal) (G1 Evacuation Pause) 149M->53M(174M) 1.048ms
[984.700s][info][gc] GC(14779) Pause Young (Normal) (G1 Evacuation Pause) 149M->52M(174M) 0.953ms
[984.757s][info][gc] GC(14780) Pause Young (Normal) (G1 Evacuation Pause) 150M->55M(174M) 1.136ms
[984.798s][info][gc] GC(14781) Pause Young (Normal) (G1 Evacuation Pause) 150M->55M(174M) 1.085ms
[984.853s][info][gc] GC(14782) Pause Young (Normal) (G1 Evacuation Pause) 152M->56M(174M) 1.233ms
[984.900s][info][gc] GC(14783) Pause Young (Normal) (G1 Evacuation Pause) 152M->56M(174M) 1.032ms
[984.958s][info][gc] GC(14784) Pause Young (Normal) (G1 Evacuation Pause) 153M->58M(174M) 1.095ms
[985.001s][info][gc] GC(14785) Pause Young (Normal) (G1 Evacuation Pause) 153M->58M(174M) 1.163ms
[985.055s][info][gc] GC(14786) Pause Young (Normal) (G1 Evacuation Pause) 154M->59M(174M) 1.073ms
[985.101s][info][gc] GC(14787) Pause Young (Normal) (G1 Evacuation Pause) 154M->60M(174M) 1.091ms
[985.154s][info][gc] GC(14788) Pause Young (Normal) (G1 Evacuation Pause) 153M->61M(174M) 1.096ms
[985.198s][info][gc] GC(14789) Pause Young (Normal) (G1 Evacuation Pause) 154M->61M(174M) 1.073ms
[985.250s][info][gc] GC(14790) Pause Young (Normal) (G1 Evacuation Pause) 156M->61M(174M) 0.917ms
[985.300s][info][gc] GC(14791) Pause Young (Normal) (G1 Evacuation Pause) 157M->63M(174M) 1.123ms
[985.341s][info][gc] GC(14792) Pause Young (Normal) (G1 Evacuation Pause) 153M->64M(174M) 1.091ms
[985.394s][info][gc] GC(14793) Pause Young (Normal) (G1 Evacuation Pause) 154M->65M(174M) 1.066ms
[985.434s][info][gc] GC(14794) Pause Young (Normal) (G1 Evacuation Pause) 153M->65M(174M) 1.044ms
[985.484s][info][gc] GC(14795) Pause Young (Concurrent Start) (G1 Evacuation Pause) 154M->66M(174M) 1.066ms
[985.484s][info][gc] GC(14796) Concurrent Mark Cycle
[985.492s][info][gc] GC(14796) Pause Remark 87M->83M(174M) 0.416ms
[985.500s][info][gc] GC(14796) Pause Cleanup 96M->96M(174M) 0.050ms
[985.500s][info][gc] GC(14796) Concurrent Mark Cycle 15.688ms
[985.528s][info][gc] GC(14797) Pause Young (Prepare Mixed) (G1 Evacuation Pause) 151M->63M(174M) 1.067ms
[985.574s][info][gc] GC(14798) Pause Young (Mixed) (G1 Evacuation Pause) 154M->60M(174M) 1.008ms
[985.623s][info][gc] GC(14799) Pause Young (Normal) (G1 Evacuation Pause) 155M->63M(174M) 1.149ms
[985.666s][info][gc] GC(14800) Pause Young (Normal) (G1 Evacuation Pause) 152M->64M(174M) 1.175ms
[985.716s][info][gc] GC(14801) Pause Young (Normal) (G1 Evacuation Pause) 155M->64M(174M) 1.149ms
[985.761s][info][gc] GC(14802) Pause Young (Normal) (G1 Evacuation Pause) 154M->65M(174M) 1.017ms
[985.814s][info][gc] GC(14803) Pause Young (Normal) (G1 Evacuation Pause) 155M->66M(174M) 1.174ms
[985.857s][info][gc] GC(14804) Pause Young (Concurrent Start) (G1 Evacuation Pause) 153M->67M(174M) 1.263ms
[985.857s][info][gc] GC(14805) Concurrent Mark Cycle
[985.865s][info][gc] GC(14805) Pause Remark 80M->80M(174M) 0.414ms
[985.871s][info][gc] GC(14805) Pause Cleanup 91M->91M(174M) 0.050ms
[985.872s][info][gc] GC(14805) Concurrent Mark Cycle 14.120ms
[985.900s][info][gc] GC(14806) Pause Young (Prepare Mixed) (G1 Evacuation Pause) 155M->66M(174M) 1.104ms
[985.951s][info][gc] GC(14807) Pause Young (Mixed) (G1 Evacuation Pause) 157M->66M(174M) 1.096ms
[985.996s][info][gc] GC(14808) Pause Young (Concurrent Start) (G1 Evacuation Pause) 154M->68M(174M) 1.257ms
[985.996s][info][gc] GC(14809) Concurrent Mark Cycle
[986.005s][info][gc] GC(14809) Pause Remark 87M->87M(174M) 0.424ms
[986.011s][info][gc] GC(14809) Pause Cleanup 96M->96M(174M) 0.049ms
[986.011s][info][gc] GC(14809) Concurrent Mark Cycle 15.234ms
[986.047s][info][gc] GC(14810) Pause Young (Prepare Mixed) (G1 Evacuation Pause) 155M->68M(174M) 1.196ms
[986.091s][info][gc] GC(14811) Pause Young (Mixed) (G1 Evacuation Pause) 156M->67M(174M) 1.302ms
[986.138s][info][gc] GC(14812) Pause Young (Normal) (G1 Evacuation Pause) 156M->68M(174M) 1.096ms
[986.185s][info][gc] GC(14813) Pause Young (Concurrent Start) (G1 Evacuation Pause) 156M->69M(174M) 1.088ms
[986.185s][info][gc] GC(14814) Concurrent Mark Cycle
[986.194s][info][gc] GC(14814) Pause Remark 89M->89M(174M) 0.443ms
[986.201s][info][gc] GC(14814) Pause Cleanup 103M->103M(174M) 0.051ms
[986.201s][info][gc] GC(14814) Concurrent Mark Cycle 16.248ms
[986.225s][info][gc] GC(14815) Pause Young (Prepare Mixed) (G1 Evacuation Pause) 154M->69M(174M) 1.082ms
[986.283s][info][gc] GC(14816) Pause Young (Mixed) (G1 Evacuation Pause) 157M->70M(174M) 1.308ms
[986.321s][info][gc] GC(14817) Pause Young (Concurrent Start) (G1 Evacuation Pause) 155M->70M(174M) 1.084ms
[986.321s][info][gc] GC(14818) Concurrent Mark Cycle
[986.331s][info][gc] GC(14818) Pause Remark 88M->88M(174M) 0.434ms
[986.338s][info][gc] GC(14818) Pause Cleanup 103M->103M(174M) 0.048ms
[986.338s][info][gc] GC(14818) Concurrent Mark Cycle 17.122ms
[986.374s][info][gc] GC(14819) Pause Young (Prepare Mixed) (G1 Evacuation Pause) 155M->71M(174M) 1.160ms
[986.417s][info][gc] GC(14820) Pause Young (Mixed) (G1 Evacuation Pause) 156M->71M(208M) 1.216ms
[986.480s][info][gc] GC(14821) Pause Young (Normal) (G1 Evacuation Pause) 188M->72M(208M) 1.242ms
[986.534s][info][gc] GC(14822) Pause Young (Normal) (G1 Evacuation Pause) 186M->73M(208M) 1.188ms
[986.597s][info][gc] GC(14823) Pause Young (Normal) (G1 Evacuation Pause) 187M->74M(208M) 1.184ms
[986.650s][info][gc] GC(14824) Pause Young (Normal) (G1 Evacuation Pause) 186M->75M(208M) 1.213ms
[986.711s][info][gc] GC(14825) Pause Young (Normal) (G1 Evacuation Pause) 186M->76M(208M) 1.173ms
[986.766s][info][gc] GC(14826) Pause Young (Normal) (G1 Evacuation Pause) 186M->76M(208M) 1.189ms
[986.827s][info][gc] GC(14827) Pause Young (Normal) (G1 Evacuation Pause) 187M->77M(208M) 1.218ms
[986.878s][info][gc] GC(14828) Pause Young (Normal) (G1 Evacuation Pause) 187M->78M(208M) 1.225ms
[986.936s][info][gc] GC(14829) Pause Young (Normal) (G1 Evacuation Pause) 187M->79M(208M) 1.248ms
[986.989s][info][gc] GC(14830) Pause Young (Concurrent Start) (G1 Evacuation Pause) 187M->80M(208M) 1.193ms
[986.989s][info][gc] GC(14831) Concurrent Mark Cycle
[987.002s][info][gc] GC(14831) Pause Remark 108M->108M(208M) 0.420ms
[987.012s][info][gc] GC(14831) Pause Cleanup 121M->121M(208M) 0.054ms
[987.012s][info][gc] GC(14831) Concurrent Mark Cycle 23.030ms
[987.052s][info][gc] GC(14832) Pause Young (Prepare Mixed) (G1 Evacuation Pause) 187M->81M(208M) 1.238ms
[987.104s][info][gc] GC(14833) Pause Young (Mixed) (G1 Evacuation Pause) 187M->81M(208M) 1.249ms
[987.230s][info][gc] GC(14834) Pause Young (Concurrent Start) (G1 Evacuation Pause) 187M->90M(208M) 1.991ms
[987.230s][info][gc] GC(14835) Concurrent Mark Cycle
[987.242s][info][gc] GC(14835) Pause Remark 123M->95M(208M) 0.441ms
[987.246s][info][gc] GC(14835) Pause Cleanup 103M->103M(208M) 0.056ms
[987.246s][info][gc] GC(14835) Concurrent Mark Cycle 15.805ms
[987.261s][info][gc] GC(14836) Pause Young (Prepare Mixed) (G1 Evacuation Pause) 153M->65M(208M) 1.965ms
[987.296s][info][gc] GC(14837) Pause Young (Mixed) (G1 Evacuation Pause) 185M->64M(208M) 0.949ms
[987.327s][info][gc] GC(14838) Pause Young (Normal) (G1 Evacuation Pause) 183M->66M(208M) 1.085ms
[987.356s][info][gc] GC(14839) Pause Young (Normal) (G1 Evacuation Pause) 183M->66M(208M) 1.014ms
[987.424s][info][gc] GC(14840) Pause Young (Normal) (G1 Evacuation Pause) 183M->71M(208M) 1.875ms
[987.463s][info][gc] GC(14841) Pause Young (Normal) (G1 Evacuation Pause) 182M->73M(208M) 1.850ms
[987.502s][info][gc] GC(14842) Pause Young (Concurrent Start) (G1 Evacuation Pause) 186M->74M(272M) 1.889ms
[987.502s][info][gc] GC(14843) Concurrent Mark Cycle
[987.518s][info][gc] GC(14843) Pause Remark 111M->105M(230M) 0.554ms
[987.528s][info][gc] GC(14843) Pause Cleanup 127M->127M(230M) 0.060ms
[987.528s][info][gc] GC(14843) Concurrent Mark Cycle 26.247ms
[987.554s][info][gc] GC(14844) Pause Young (Prepare Mixed) (G1 Evacuation Pause) 226M->69M(233M) 1.098ms
[987.605s][info][gc] GC(14845) Pause Young (Mixed) (G1 Evacuation Pause) 202M->69M(233M) 1.618ms
[987.640s][info][gc] GC(14846) Pause Young (Normal) (G1 Evacuation Pause) 196M->70M(233M) 1.654ms
[987.675s][info][gc] GC(14847) Pause Young (Normal) (G1 Evacuation Pause) 197M->72M(233M) 1.684ms
[987.709s][info][gc] GC(14848) Pause Young (Normal) (G1 Evacuation Pause) 199M->73M(233M) 1.476ms
[987.753s][info][gc] GC(14849) Pause Young (Normal) (G1 Evacuation Pause) 204M->77M(265M) 1.520ms
[987.799s][info][gc] GC(14850) Pause Young (Normal) (G1 Evacuation Pause) 224M->81M(265M) 1.688ms
[987.837s][info][gc] GC(14851) Pause Young (Normal) (G1 Evacuation Pause) 225M->82M(265M) 1.862ms
[987.878s][info][gc] GC(14852) Pause Young (Normal) (G1 Evacuation Pause) 228M->82M(265M) 1.437ms
[987.934s][info][gc] GC(14853) Pause Young (Normal) (G1 Evacuation Pause) 232M->85M(265M) 1.550ms
[987.973s][info][gc] GC(14854) Pause Young (Normal) (G1 Evacuation Pause) 231M->88M(265M) 1.643ms
[988.015s][info][gc] GC(14855) Pause Young (Normal) (G1 Evacuation Pause) 234M->88M(265M) 1.644ms
[988.057s][info][gc] GC(14856) Pause Young (Normal) (G1 Evacuation Pause) 236M->88M(265M) 1.472ms
[988.110s][info][gc] GC(14857) Pause Young (Normal) (G1 Evacuation Pause) 235M->92M(265M) 2.042ms
[988.150s][info][gc] GC(14858) Pause Young (Normal) (G1 Evacuation Pause) 236M->92M(265M) 1.571ms
[988.190s][info][gc] GC(14859) Pause Young (Normal) (G1 Evacuation Pause) 239M->93M(265M) 1.655ms
[988.243s][info][gc] GC(14860) Pause Young (Concurrent Start) (G1 Evacuation Pause) 240M->95M(265M) 1.652ms
[988.243s][info][gc] GC(14861) Concurrent Mark Cycle
[988.261s][info][gc] GC(14861) Pause Remark 134M->134M(265M) 0.480ms
[988.270s][info][gc] GC(14861) Pause Cleanup 166M->166M(265M) 0.068ms
[988.270s][info][gc] GC(14861) Concurrent Mark Cycle 27.371ms
[988.290s][info][gc] GC(14862) Pause Young (Prepare Mixed) (G1 Evacuation Pause) 238M->97M(265M) 1.831ms
[988.331s][info][gc] GC(14863) Pause Young (Mixed) (G1 Evacuation Pause) 235M->87M(296M) 1.861ms
[988.380s][info][gc] GC(14864) Pause Young (Normal) (G1 Evacuation Pause) 252M->87M(296M) 1.818ms
[988.441s][info][gc] GC(14865) Pause Young (Normal) (G1 Evacuation Pause) 252M->89M(296M) 1.944ms
[988.489s][info][gc] GC(14866) Pause Young (Normal) (G1 Evacuation Pause) 251M->91M(296M) 2.114ms
[988.536s][info][gc] GC(14867) Pause Young (Normal) (G1 Evacuation Pause) 254M->92M(296M) 1.744ms
[988.600s][info][gc] GC(14868) Pause Young (Normal) (G1 Evacuation Pause) 257M->94M(296M) 1.807ms
[988.644s][info][gc] GC(14869) Pause Young (Normal) (G1 Evacuation Pause) 256M->95M(296M) 1.806ms
[988.690s][info][gc] GC(14870) Pause Young (Normal) (G1 Evacuation Pause) 259M->96M(296M) 1.615ms
[988.744s][info][gc] GC(14871) Pause Young (Normal) (G1 Evacuation Pause) 259M->96M(296M) 1.674ms
[988.794s][info][gc] GC(14872) Pause Young (Normal) (G1 Evacuation Pause) 261M->99M(296M) 1.855ms
[988.842s][info][gc] GC(14873) Pause Young (Normal) (G1 Evacuation Pause) 261M->99M(296M) 1.634ms
[988.899s][info][gc] GC(14874) Pause Young (Normal) (G1 Evacuation Pause) 263M->100M(296M) 1.797ms
[988.954s][info][gc] GC(14875) Pause Young (Normal) (G1 Evacuation Pause) 264M->103M(296M) 2.065ms
[989.000s][info][gc] GC(14876) Pause Young (Normal) (G1 Evacuation Pause) 262M->104M(296M) 1.916ms
[989.049s][info][gc] GC(14877) Pause Young (Normal) (G1 Evacuation Pause) 267M->103M(296M) 1.467ms
[989.108s][info][gc] GC(14878) Pause Young (Normal) (G1 Evacuation Pause) 268M->106M(296M) 1.684ms
[989.153s][info][gc] GC(14879) Pause Young (Normal) (G1 Evacuation Pause) 263M->108M(296M) 1.767ms
[989.196s][info][gc] GC(14880) Pause Young (Normal) (G1 Evacuation Pause) 264M->109M(296M) 1.563ms
[989.254s][info][gc] GC(14881) Pause Young (Normal) (G1 Evacuation Pause) 266M->110M(296M) 1.657ms
[989.306s][info][gc] GC(14882) Pause Young (Concurrent Start) (G1 Evacuation Pause) 266M->113M(296M) 2.077ms
[989.306s][info][gc] GC(14883) Concurrent Mark Cycle
[989.339s][info][gc] GC(14883) Pause Remark 217M->217M(296M) 0.476ms
[989.356s][info][gc] GC(14884) Pause Young (Normal) (G1 Evacuation Pause) 265M->114M(296M) 1.784ms
[989.362s][info][gc] GC(14883) Pause Cleanup 141M->141M(296M) 0.074ms
[989.363s][info][gc] GC(14883) Concurrent Mark Cycle 57.174ms
[989.411s][info][gc] GC(14885) Pause Young (Prepare Mixed) (G1 Evacuation Pause) 265M->114M(296M) 1.740ms
[989.468s][info][gc] GC(14886) Pause Young (Mixed) (G1 Evacuation Pause) 267M->115M(296M) 1.852ms
[989.508s][info][gc] GC(14887) Pause Young (Concurrent Start) (G1 Evacuation Pause) 263M->117M(296M) 1.904ms
[989.508s][info][gc] GC(14888) Concurrent Mark Cycle
[989.543s][info][gc] GC(14888) Pause Remark 212M->212M(296M) 0.489ms
[989.568s][info][gc] GC(14889) Pause Young (Normal) (G1 Evacuation Pause) 270M->118M(296M) 1.419ms
[989.578s][info][gc] GC(14888) Pause Cleanup 147M->147M(296M) 0.083ms
[989.589s][info][gc] GC(14888) Concurrent Mark Cycle 80.887ms
[989.629s][info][gc] GC(14890) Pause Young (Prepare Mixed) (G1 Evacuation Pause) 269M->122M(296M) 1.830ms
[989.680s][info][gc] GC(14891) Pause Young (Mixed) (G1 Evacuation Pause) 265M->121M(296M) 1.961ms
[989.721s][info][gc] GC(14892) Pause Young (Concurrent Start) (G1 Evacuation Pause) 266M->122M(296M) 2.403ms
[989.721s][info][gc] GC(14893) Concurrent Mark Cycle
[989.758s][info][gc] GC(14893) Pause Remark 212M->212M(296M) 0.485ms
[989.781s][info][gc] GC(14893) Pause Cleanup 252M->252M(296M) 0.067ms
[989.781s][info][gc] GC(14893) Concurrent Mark Cycle 60.005ms
[989.788s][info][gc] GC(14894) Pause Young (Prepare Mixed) (G1 Evacuation Pause) 268M->124M(296M) 1.833ms
[989.833s][info][gc] GC(14895) Pause Young (Mixed) (G1 Evacuation Pause) 266M->122M(296M) 1.886ms
[989.880s][info][gc] GC(14896) Pause Young (Concurrent Start) (G1 Evacuation Pause) 265M->124M(296M) 1.726ms
[989.880s][info][gc] GC(14897) Concurrent Mark Cycle
[989.917s][info][gc] GC(14897) Pause Remark 233M->233M(296M) 0.451ms
[989.932s][info][gc] GC(14898) Pause Young (Normal) (G1 Evacuation Pause) 267M->124M(296M) 1.591ms
[989.948s][info][gc] GC(14897) Pause Cleanup 158M->158M(296M) 0.078ms
[989.948s][info][gc] GC(14897) Concurrent Mark Cycle 68.224ms
[989.990s][info][gc] GC(14899) Pause Young (Prepare Mixed) (G1 Evacuation Pause) 270M->129M(296M) 1.856ms
[990.036s][info][gc] GC(14900) Pause Young (Mixed) (G1 Evacuation Pause) 265M->127M(296M) 1.811ms
[990.076s][info][gc] GC(14901) Pause Young (Concurrent Start) (G1 Evacuation Pause) 265M->128M(296M) 1.637ms
[990.076s][info][gc] GC(14902) Concurrent Mark Cycle
[990.112s][info][gc] GC(14902) Pause Remark 228M->228M(296M) 0.520ms
[990.132s][info][gc] GC(14903) Pause Young (Normal) (G1 Evacuation Pause) 266M->130M(296M) 1.921ms
[990.141s][info][gc] GC(14902) Pause Cleanup 148M->148M(296M) 0.079ms
[990.150s][info][gc] GC(14902) Concurrent Mark Cycle 73.679ms
[990.182s][info][gc] GC(14904) Pause Young (Prepare Mixed) (G1 Evacuation Pause) 268M->132M(296M) 1.995ms
[990.226s][info][gc] GC(14905) Pause Young (Mixed) (G1 Evacuation Pause) 267M->131M(296M) 1.745ms
[990.267s][info][gc] GC(14906) Pause Young (Concurrent Start) (G1 Evacuation Pause) 267M->133M(296M) 1.647ms
[990.267s][info][gc] GC(14907) Concurrent Mark Cycle
[990.299s][info][gc] GC(14907) Pause Remark 222M->222M(296M) 0.445ms
[990.311s][info][gc] GC(14908) Pause Young (Normal) (G1 Evacuation Pause) 267M->134M(296M) 1.549ms
[990.333s][info][gc] GC(14907) Pause Cleanup 199M->199M(296M) 0.069ms
[990.334s][info][gc] GC(14907) Concurrent Mark Cycle 66.239ms
[990.355s][info][gc] GC(14909) Pause Young (Prepare Mixed) (G1 Evacuation Pause) 267M->136M(296M) 1.897ms
[990.401s][info][gc] GC(14910) Pause Young (Mixed) (G1 Evacuation Pause) 267M->134M(296M) 1.845ms
[990.442s][info][gc] GC(14911) Pause Young (Concurrent Start) (G1 Evacuation Pause) 266M->135M(296M) 1.703ms
[990.442s][info][gc] GC(14912) Concurrent Mark Cycle
[990.478s][info][gc] GC(14912) Pause Remark 234M->234M(296M) 0.445ms
[990.491s][info][gc] GC(14913) Pause Young (Normal) (G1 Evacuation Pause) 267M->137M(296M) 1.931ms
[990.505s][info][gc] GC(14912) Pause Cleanup 187M->187M(296M) 0.065ms
[990.505s][info][gc] GC(14912) Concurrent Mark Cycle 62.941ms
[990.527s][info][gc] GC(14914) Pause Young (Prepare Mixed) (G1 Evacuation Pause) 267M->138M(296M) 1.735ms
[990.567s][info][gc] GC(14915) Pause Young (Mixed) (G1 Evacuation Pause) 269M->137M(296M) 1.530ms
[990.608s][info][gc] GC(14916) Pause Young (Concurrent Start) (G1 Evacuation Pause) 268M->140M(296M) 1.816ms
[990.608s][info][gc] GC(14917) Concurrent Mark Cycle
[990.647s][info][gc] GC(14917) Pause Remark 240M->240M(296M) 0.465ms
[990.657s][info][gc] GC(14918) Pause Young (Normal) (G1 Evacuation Pause) 267M->142M(296M) 1.760ms
[990.684s][info][gc] GC(14917) Pause Cleanup 218M->218M(296M) 0.071ms
[990.685s][info][gc] GC(14917) Concurrent Mark Cycle 76.479ms
[990.699s][info][gc] GC(14919) Pause Young (Prepare Mixed) (G1 Evacuation Pause) 266M->143M(296M) 1.722ms
[990.739s][info][gc] GC(14920) Pause Young (Mixed) (G1 Evacuation Pause) 268M->141M(296M) 1.905ms
[990.781s][info][gc] GC(14921) Pause Young (Concurrent Start) (G1 Evacuation Pause) 268M->143M(365M) 1.768ms
[990.781s][info][gc] GC(14922) Concurrent Mark Cycle
[990.823s][info][gc] GC(14922) Pause Remark 236M->236M(365M) 0.564ms
[990.853s][info][gc] GC(14922) Pause Cleanup 308M->308M(365M) 0.099ms
[990.854s][info][gc] GC(14922) Concurrent Mark Cycle 72.301ms
[990.863s][info][gc] GC(14923) Pause Young (Prepare Mixed) (G1 Evacuation Pause) 332M->146M(365M) 1.775ms
[990.928s][info][gc] GC(14924) Pause Young (Mixed) (G1 Evacuation Pause) 331M->146M(365M) 2.329ms
[990.988s][info][gc] GC(14925) Pause Young (Concurrent Start) (G1 Evacuation Pause) 328M->147M(365M) 1.959ms
[990.988s][info][gc] GC(14926) Concurrent Mark Cycle
[991.018s][info][gc] GC(14926) Pause Remark 223M->223M(365M) 0.483ms
[991.053s][info][gc] GC(14926) Pause Cleanup 314M->314M(365M) 0.077ms
[991.055s][info][gc] GC(14926) Concurrent Mark Cycle 67.280ms
[991.060s][info][gc] GC(14927) Pause Young (Prepare Mixed) (G1 Evacuation Pause) 330M->148M(365M) 1.782ms
[991.116s][info][gc] GC(14928) Pause Young (Mixed) (G1 Evacuation Pause) 329M->148M(365M) 2.233ms
[991.175s][info][gc] GC(14929) Pause Young (Concurrent Start) (G1 Evacuation Pause) 331M->148M(365M) 1.988ms
[991.175s][info][gc] GC(14930) Concurrent Mark Cycle
[991.208s][info][gc] GC(14930) Pause Remark 221M->221M(365M) 0.480ms
[991.234s][info][gc] GC(14930) Pause Cleanup 289M->289M(365M) 0.071ms
[991.234s][info][gc] GC(14930) Concurrent Mark Cycle 58.715ms
[991.247s][info][gc] GC(14931) Pause Young (Prepare Mixed) (G1 Evacuation Pause) 331M->152M(365M) 1.987ms
[991.303s][info][gc] GC(14932) Pause Young (Mixed) (G1 Evacuation Pause) 329M->151M(365M) 2.111ms
[991.364s][info][gc] GC(14933) Pause Young (Concurrent Start) (G1 Evacuation Pause) 329M->152M(365M) 2.004ms
[991.364s][info][gc] GC(14934) Concurrent Mark Cycle
[991.401s][info][gc] GC(14934) Pause Remark 231M->231M(365M) 0.507ms
[991.429s][info][gc] GC(14934) Pause Cleanup 297M->297M(365M) 0.072ms
[991.429s][info][gc] GC(14934) Concurrent Mark Cycle 65.195ms
[991.445s][info][gc] GC(14935) Pause Young (Prepare Mixed) (G1 Evacuation Pause) 332M->154M(365M) 1.780ms
[991.495s][info][gc] GC(14936) Pause Young (Mixed) (G1 Evacuation Pause) 330M->154M(497M) 2.008ms
[991.595s][info][gc] GC(14937) Pause Young (Normal) (G1 Evacuation Pause) 438M->157M(497M) 1.954ms
[991.676s][info][gc] GC(14938) Pause Young (Normal) (G1 Evacuation Pause) 438M->158M(497M) 1.972ms
[991.770s][info][gc] GC(14939) Pause Young (Normal) (G1 Evacuation Pause) 438M->162M(497M) 2.491ms
[991.849s][info][gc] GC(14940) Pause Young (Normal) (G1 Evacuation Pause) 439M->163M(497M) 2.410ms
[991.944s][info][gc] GC(14941) Pause Young (Normal) (G1 Evacuation Pause) 439M->166M(497M) 2.280ms
[992.026s][info][gc] GC(14942) Pause Young (Normal) (G1 Evacuation Pause) 441M->168M(497M) 2.308ms
[992.112s][info][gc] GC(14943) Pause Young (Normal) (G1 Evacuation Pause) 444M->170M(497M) 2.132ms
[992.198s][info][gc] GC(14944) Pause Young (Normal) (G1 Evacuation Pause) 447M->173M(497M) 2.236ms
[992.281s][info][gc] GC(14945) Pause Young (Normal) (G1 Evacuation Pause) 448M->174M(497M) 2.127ms
[992.368s][info][gc] GC(14946) Pause Young (Normal) (G1 Evacuation Pause) 449M->178M(497M) 2.859ms
[992.456s][info][gc] GC(14947) Pause Young (Normal) (G1 Evacuation Pause) 446M->180M(497M) 2.420ms
[992.538s][info][gc] GC(14948) Pause Young (Normal) (G1 Evacuation Pause) 448M->181M(497M) 2.111ms
[992.622s][info][gc] GC(14949) Pause Young (Normal) (G1 Evacuation Pause) 449M->185M(497M) 2.547ms
[992.700s][info][gc] GC(14950) Pause Young (Normal) (G1 Evacuation Pause) 448M->186M(497M) 2.216ms
[992.785s][info][gc] GC(14951) Pause Young (Normal) (G1 Evacuation Pause) 449M->190M(497M) 2.409ms
[992.866s][info][gc] GC(14952) Pause Young (Normal) (G1 Evacuation Pause) 449M->191M(497M) 2.433ms
[992.957s][info][gc] GC(14953) Pause Young (Concurrent Start) (G1 Evacuation Pause) 449M->194M(497M) 2.648ms
[992.957s][info][gc] GC(14954) Concurrent Mark Cycle
[993.016s][info][gc] GC(14954) Pause Remark 358M->358M(497M) 0.570ms
[993.059s][info][gc] GC(14955) Pause Young (Normal) (G1 Evacuation Pause) 448M->195M(497M) 2.688ms
[993.066s][info][gc] GC(14954) Pause Cleanup 209M->209M(497M) 0.109ms
[993.066s][info][gc] GC(14954) Concurrent Mark Cycle 109.777ms
[993.144s][info][gc] GC(14956) Pause Young (Prepare Mixed) (G1 Evacuation Pause) 449M->198M(497M) 3.246ms
[993.235s][info][gc] GC(14957) Pause Young (Mixed) (G1 Evacuation Pause) 447M->200M(497M) 2.350ms
[993.309s][info][gc] GC(14958) Pause Young (Concurrent Start) (G1 Evacuation Pause) 450M->201M(497M) 2.246ms
[993.309s][info][gc] GC(14959) Concurrent Mark Cycle
[993.358s][info][gc] GC(14959) Pause Remark 351M->351M(497M) 0.454ms
[993.402s][info][gc] GC(14960) Pause Young (Normal) (G1 Evacuation Pause) 449M->203M(497M) 2.428ms
[993.411s][info][gc] GC(14959) Pause Cleanup 227M->227M(497M) 0.075ms
[993.411s][info][gc] GC(14959) Concurrent Mark Cycle 102.470ms
[993.475s][info][gc] GC(14961) Pause Young (Prepare Mixed) (G1 Evacuation Pause) 449M->205M(497M) 2.297ms
[993.547s][info][gc] GC(14962) Pause Young (Mixed) (G1 Evacuation Pause) 451M->206M(497M) 2.233ms
[993.621s][info][gc] GC(14963) Pause Young (Concurrent Start) (G1 Evacuation Pause) 448M->209M(497M) 2.326ms
[993.621s][info][gc] GC(14964) Concurrent Mark Cycle
[993.679s][info][gc] GC(14964) Pause Remark 384M->384M(497M) 0.544ms
[993.702s][info][gc] GC(14965) Pause Young (Normal) (G1 Evacuation Pause) 447M->209M(497M) 2.390ms
[993.735s][info][gc] GC(14964) Pause Cleanup 298M->298M(497M) 0.074ms
[993.736s][info][gc] GC(14964) Concurrent Mark Cycle 114.881ms
[993.790s][info][gc] GC(14966) Pause Young (Prepare Mixed) (G1 Evacuation Pause) 453M->212M(497M) 2.206ms
[993.861s][info][gc] GC(14967) Pause Young (Mixed) (G1 Evacuation Pause) 450M->214M(497M) 2.345ms
[993.943s][info][gc] GC(14968) Pause Young (Concurrent Start) (G1 Evacuation Pause) 451M->215M(497M) 1.996ms
[993.943s][info][gc] GC(14969) Concurrent Mark Cycle
[993.986s][info][gc] GC(14969) Pause Remark 348M->348M(497M) 0.500ms
[994.021s][info][gc] GC(14969) Pause Cleanup 449M->449M(497M) 0.068ms
[994.021s][info][gc] GC(14969) Concurrent Mark Cycle 78.245ms
[994.024s][info][gc] GC(14970) Pause Young (Prepare Mixed) (G1 Evacuation Pause) 451M->217M(497M) 2.018ms
[994.094s][info][gc] GC(14971) Pause Young (Mixed) (G1 Evacuation Pause) 451M->218M(497M) 2.066ms
[994.156s][info][gc] GC(14972) Pause Young (Concurrent Start) (G1 Evacuation Pause) 449M->220M(497M) 2.028ms
[994.156s][info][gc] GC(14973) Concurrent Mark Cycle
[994.221s][info][gc] GC(14973) Pause Remark 420M->420M(497M) 0.425ms
[994.234s][info][gc] GC(14974) Pause Young (Normal) (G1 Evacuation Pause) 453M->221M(497M) 1.835ms
[994.267s][info][gc] GC(14973) Pause Cleanup 308M->308M(497M) 0.068ms
[994.268s][info][gc] GC(14973) Concurrent Mark Cycle 111.505ms
[994.313s][info][gc] GC(14975) Pause Young (Prepare Mixed) (G1 Evacuation Pause) 450M->224M(497M) 2.034ms
[994.377s][info][gc] GC(14976) Pause Young (Mixed) (G1 Evacuation Pause) 451M->225M(497M) 2.126ms
[994.446s][info][gc] GC(14977) Pause Young (Concurrent Start) (G1 Evacuation Pause) 451M->227M(497M) 2.165ms
[994.446s][info][gc] GC(14978) Concurrent Mark Cycle
[994.488s][info][gc] GC(14978) Pause Remark 340M->340M(497M) 0.430ms
[994.523s][info][gc] GC(14978) Pause Cleanup 442M->442M(497M) 0.069ms
[994.523s][info][gc] GC(14978) Concurrent Mark Cycle 77.125ms
[994.527s][info][gc] GC(14979) Pause Young (Prepare Mixed) (G1 Evacuation Pause) 453M->230M(497M) 1.971ms
[994.587s][info][gc] GC(14980) Pause Young (Mixed) (G1 Evacuation Pause) 450M->230M(497M) 2.189ms
[994.656s][info][gc] GC(14981) Pause Young (Concurrent Start) (G1 Evacuation Pause) 453M->234M(497M) 2.029ms
[994.656s][info][gc] GC(14982) Concurrent Mark Cycle
[994.703s][info][gc] GC(14982) Pause Remark 365M->365M(497M) 0.484ms
[994.732s][info][gc] GC(14983) Pause Young (Normal) (G1 Evacuation Pause) 452M->235M(497M) 2.043ms
[994.754s][info][gc] GC(14982) Pause Cleanup 305M->305M(497M) 0.060ms
[994.755s][info][gc] GC(14982) Concurrent Mark Cycle 98.852ms
[994.799s][info][gc] GC(14984) Pause Young (Prepare Mixed) (G1 Evacuation Pause) 453M->236M(497M) 1.888ms
[994.867s][info][gc] GC(14985) Pause Young (Mixed) (G1 Evacuation Pause) 454M->237M(497M) 2.066ms
[994.924s][info][gc] GC(14986) Pause Young (Concurrent Start) (G1 Evacuation Pause) 450M->239M(497M) 1.901ms
[994.924s][info][gc] GC(14987) Concurrent Mark Cycle
[994.990s][info][gc] GC(14987) Pause Remark 438M->438M(497M) 0.438ms
[994.998s][info][gc] GC(14988) Pause Young (Normal) (G1 Evacuation Pause) 453M->240M(497M) 1.923ms
[995.036s][info][gc] GC(14987) Pause Cleanup 342M->342M(497M) 0.062ms
[995.036s][info][gc] GC(14987) Concurrent Mark Cycle 112.433ms
[995.068s][info][gc] GC(14989) Pause Young (Prepare Mixed) (G1 Evacuation Pause) 454M->243M(497M) 2.027ms
[995.127s][info][gc] GC(14990) Pause Young (Mixed) (G1 Evacuation Pause) 451M->245M(497M) 2.228ms
[995.188s][info][gc] GC(14991) Pause Young (Concurrent Start) (G1 Evacuation Pause) 452M->245M(497M) 1.911ms
[995.188s][info][gc] GC(14992) Concurrent Mark Cycle
[995.239s][info][gc] GC(14992) Pause Remark 392M->392M(497M) 0.437ms
[995.261s][info][gc] GC(14993) Pause Young (Normal) (G1 Evacuation Pause) 452M->247M(497M) 2.121ms
[995.284s][info][gc] GC(14992) Pause Cleanup 311M->311M(497M) 0.060ms
[995.284s][info][gc] GC(14992) Concurrent Mark Cycle 96.276ms
[995.326s][info][gc] GC(14994) Pause Young (Prepare Mixed) (G1 Evacuation Pause) 452M->248M(497M) 1.953ms
[995.390s][info][gc] GC(14995) Pause Young (Mixed) (G1 Evacuation Pause) 454M->251M(497M) 2.215ms
[995.447s][info][gc] GC(14996) Pause Young (Concurrent Start) (G1 Evacuation Pause) 454M->252M(497M) 1.879ms
[995.447s][info][gc] GC(14997) Concurrent Mark Cycle
[995.499s][info][gc] GC(14997) Pause Remark 408M->408M(497M) 0.423ms
[995.518s][info][gc] GC(14998) Pause Young (Normal) (G1 Evacuation Pause) 453M->253M(497M) 1.793ms
[995.552s][info][gc] GC(14997) Pause Cleanup 348M->348M(497M) 0.065ms
[995.553s][info][gc] GC(14997) Concurrent Mark Cycle 105.363ms
[995.583s][info][gc] GC(14999) Pause Young (Prepare Mixed) (G1 Evacuation Pause) 454M->256M(497M) 1.972ms
[995.637s][info][gc] GC(15000) Pause Young (Mixed) (G1 Evacuation Pause) 453M->257M(497M) 2.204ms
[995.701s][info][gc] GC(15001) Pause Young (Concurrent Start) (G1 Evacuation Pause) 455M->256M(497M) 1.568ms
[995.701s][info][gc] GC(15002) Concurrent Mark Cycle
[995.745s][info][gc] GC(15002) Pause Remark 354M->354M(497M) 0.443ms
[995.791s][info][gc] GC(15003) Pause Young (Normal) (G1 Evacuation Pause) 456M->256M(497M) 1.769ms
[995.807s][info][gc] GC(15002) Pause Cleanup 301M->301M(497M) 0.068ms
[995.807s][info][gc] GC(15002) Concurrent Mark Cycle 106.507ms
[995.874s][info][gc] GC(15004) Pause Young (Prepare Mixed) (G1 Evacuation Pause) 454M->260M(497M) 1.769ms
[995.973s][info][gc] GC(15005) Pause Young (Mixed) (G1 Evacuation Pause) 452M->258M(497M) 1.834ms
[996.069s][info][gc] GC(15006) Pause Young (Concurrent Start) (G1 Evacuation Pause) 456M->265M(497M) 2.130ms
[996.069s][info][gc] GC(15007) Concurrent Mark Cycle
[996.078s][info][gc] GC(15007) Pause Remark 284M->115M(324M) 0.459ms
[996.081s][info][gc] GC(15007) Pause Cleanup 120M->120M(324M) 0.069ms
[996.081s][info][gc] GC(15007) Concurrent Mark Cycle 12.038ms
[996.132s][info][gc] GC(15008) Pause Young (Prepare Mixed) (G1 Evacuation Pause) 269M->99M(324M) 2.280ms
[996.203s][info][gc] GC(15009) Pause Young (Mixed) (G1 Evacuation Pause) 279M->74M(324M) 1.839ms
[996.265s][info][gc] GC(15010) Pause Young (Normal) (G1 Evacuation Pause) 253M->75M(324M) 1.699ms
[996.335s][info][gc] GC(15011) Pause Young (Normal) (G1 Evacuation Pause) 254M->77M(324M) 1.878ms
[996.397s][info][gc] GC(15012) Pause Young (Normal) (G1 Evacuation Pause) 259M->79M(324M) 1.589ms
[996.464s][info][gc] GC(15013) Pause Young (Normal) (G1 Evacuation Pause) 259M->79M(324M) 1.641ms
[996.525s][info][gc] GC(15014) Pause Young (Normal) (G1 Evacuation Pause) 259M->81M(324M) 1.771ms
[996.592s][info][gc] GC(15015) Pause Young (Normal) (G1 Evacuation Pause) 258M->83M(324M) 1.841ms
[996.651s][info][gc] GC(15016) Pause Young (Normal) (G1 Evacuation Pause) 262M->84M(324M) 1.657ms
[996.712s][info][gc] GC(15017) Pause Young (Normal) (G1 Evacuation Pause) 263M->85M(324M) 1.571ms
[996.776s][info][gc] GC(15018) Pause Young (Normal) (G1 Evacuation Pause) 266M->87M(324M) 1.617ms
[996.838s][info][gc] GC(15019) Pause Young (Normal) (G1 Evacuation Pause) 266M->88M(324M) 1.653ms
[996.901s][info][gc] GC(15020) Pause Young (Normal) (G1 Evacuation Pause) 269M->90M(324M) 1.572ms
[996.967s][info][gc] GC(15021) Pause Young (Normal) (G1 Evacuation Pause) 269M->91M(324M) 1.657ms
[997.028s][info][gc] GC(15022) Pause Young (Normal) (G1 Evacuation Pause) 270M->93M(324M) 1.725ms
[997.088s][info][gc] GC(15023) Pause Young (Normal) (G1 Evacuation Pause) 271M->93M(324M) 1.574ms
[997.154s][info][gc] GC(15024) Pause Young (Normal) (G1 Evacuation Pause) 273M->96M(324M) 1.657ms
[997.218s][info][gc] GC(15025) Pause Young (Normal) (G1 Evacuation Pause) 273M->97M(324M) 1.819ms
[997.282s][info][gc] GC(15026) Pause Young (Normal) (G1 Evacuation Pause) 276M->99M(324M) 1.646ms
[997.348s][info][gc] GC(15027) Pause Young (Normal) (G1 Evacuation Pause) 278M->99M(324M) 1.812ms
[997.411s][info][gc] GC(15028) Pause Young (Normal) (G1 Evacuation Pause) 279M->101M(324M) 1.608ms
[997.473s][info][gc] GC(15029) Pause Young (Normal) (G1 Evacuation Pause) 280M->102M(324M) 1.719ms
[997.542s][info][gc] GC(15030) Pause Young (Normal) (G1 Evacuation Pause) 282M->105M(324M) 1.706ms
[997.598s][info][gc] GC(15031) Pause Young (Normal) (G1 Evacuation Pause) 283M->105M(324M) 1.709ms
[997.668s][info][gc] GC(15032) Pause Young (Normal) (G1 Evacuation Pause) 285M->107M(324M) 1.707ms
[997.725s][info][gc] GC(15033) Pause Young (Normal) (G1 Evacuation Pause) 285M->108M(324M) 1.737ms
[997.791s][info][gc] GC(15034) Pause Young (Normal) (G1 Evacuation Pause) 287M->110M(324M) 1.676ms
[997.856s][info][gc] GC(15035) Pause Young (Normal) (G1 Evacuation Pause) 288M->112M(324M) 1.710ms
[997.920s][info][gc] GC(15036) Pause Young (Normal) (G1 Evacuation Pause) 290M->113M(324M) 1.764ms
[997.983s][info][gc] GC(15037) Pause Young (Normal) (G1 Evacuation Pause) 290M->115M(324M) 1.786ms
[998.051s][info][gc] GC(15038) Pause Young (Normal) (G1 Evacuation Pause) 290M->116M(324M) 1.753ms
[998.110s][info][gc] GC(15039) Pause Young (Normal) (G1 Evacuation Pause) 293M->118M(324M) 1.549ms
[998.171s][info][gc] GC(15040) Pause Young (Normal) (G1 Evacuation Pause) 291M->119M(324M) 1.684ms
[998.230s][info][gc] GC(15041) Pause Young (Normal) (G1 Evacuation Pause) 290M->121M(324M) 1.610ms
[998.292s][info][gc] GC(15042) Pause Young (Normal) (G1 Evacuation Pause) 291M->122M(324M) 1.617ms
[998.350s][info][gc] GC(15043) Pause Young (Concurrent Start) (G1 Evacuation Pause) 290M->123M(324M) 1.687ms
[998.351s][info][gc] GC(15044) Concurrent Mark Cycle
[998.372s][info][gc] GC(15044) Pause Remark 187M->184M(324M) 0.418ms
[998.387s][info][gc] GC(15044) Pause Cleanup 226M->226M(324M) 0.058ms
[998.387s][info][gc] GC(15044) Concurrent Mark Cycle 36.244ms
[998.412s][info][gc] GC(15045) Pause Young (Prepare Mixed) (G1 Evacuation Pause) 289M->120M(324M) 1.599ms
[998.473s][info][gc] GC(15046) Pause Young (Mixed) (G1 Evacuation Pause) 294M->114M(324M) 1.521ms
[998.539s][info][gc] GC(15047) Pause Young (Normal) (G1 Evacuation Pause) 293M->116M(324M) 1.613ms
[998.599s][info][gc] GC(15048) Pause Young (Normal) (G1 Evacuation Pause) 291M->118M(324M) 1.723ms
[998.661s][info][gc] GC(15049) Pause Young (Normal) (G1 Evacuation Pause) 292M->119M(324M) 1.542ms
[998.724s][info][gc] GC(15050) Pause Young (Normal) (G1 Evacuation Pause) 291M->121M(324M) 1.570ms
[998.782s][info][gc] GC(15051) Pause Young (Normal) (G1 Evacuation Pause) 289M->123M(324M) 1.919ms
[998.839s][info][gc] GC(15052) Pause Young (Concurrent Start) (G1 Evacuation Pause) 291M->124M(324M) 1.569ms
[998.839s][info][gc] GC(15053) Concurrent Mark Cycle
[998.864s][info][gc] GC(15053) Pause Remark 174M->174M(324M) 0.445ms
[998.878s][info][gc] GC(15053) Pause Cleanup 214M->214M(324M) 0.076ms
[998.879s][info][gc] GC(15053) Concurrent Mark Cycle 39.346ms
[998.908s][info][gc] GC(15054) Pause Young (Prepare Mixed) (G1 Evacuation Pause) 293M->125M(324M) 1.542ms
[998.965s][info][gc] GC(15055) Pause Young (Mixed) (G1 Evacuation Pause) 292M->125M(324M) 1.881ms
[999.025s][info][gc] GC(15056) Pause Young (Concurrent Start) (G1 Evacuation Pause) 292M->125M(324M) 1.648ms
[999.025s][info][gc] GC(15057) Concurrent Mark Cycle
[999.049s][info][gc] GC(15057) Pause Remark 185M->185M(324M) 0.408ms
[999.063s][info][gc] GC(15057) Pause Cleanup 224M->224M(324M) 0.053ms
[999.063s][info][gc] GC(15057) Concurrent Mark Cycle 38.274ms
[999.091s][info][gc] GC(15058) Pause Young (Prepare Mixed) (G1 Evacuation Pause) 293M->127M(324M) 1.663ms
[999.146s][info][gc] GC(15059) Pause Young (Mixed) (G1 Evacuation Pause) 291M->125M(324M) 1.657ms
[999.206s][info][gc] GC(15060) Pause Young (Concurrent Start) (G1 Evacuation Pause) 293M->127M(324M) 1.522ms
[999.206s][info][gc] GC(15061) Concurrent Mark Cycle
[999.237s][info][gc] GC(15061) Pause Remark 205M->205M(324M) 0.408ms
[999.251s][info][gc] GC(15061) Pause Cleanup 247M->247M(324M) 0.064ms
[999.251s][info][gc] GC(15061) Concurrent Mark Cycle 44.865ms
[999.265s][info][gc] GC(15062) Pause Young (Prepare Mixed) (G1 Evacuation Pause) 293M->128M(324M) 1.523ms
[999.324s][info][gc] GC(15063) Pause Young (Mixed) (G1 Evacuation Pause) 292M->127M(324M) 1.590ms
[999.382s][info][gc] GC(15064) Pause Young (Concurrent Start) (G1 Evacuation Pause) 292M->128M(324M) 1.936ms
[999.382s][info][gc] GC(15065) Concurrent Mark Cycle
[999.410s][info][gc] GC(15065) Pause Remark 203M->203M(324M) 0.442ms
[999.428s][info][gc] GC(15065) Pause Cleanup 243M->243M(324M) 0.067ms
[999.428s][info][gc] GC(15065) Concurrent Mark Cycle 45.901ms
[999.443s][info][gc] GC(15066) Pause Young (Prepare Mixed) (G1 Evacuation Pause) 292M->130M(324M) 1.619ms
[999.503s][info][gc] GC(15067) Pause Young (Mixed) (G1 Evacuation Pause) 293M->129M(324M) 1.692ms
[999.565s][info][gc] GC(15068) Pause Young (Concurrent Start) (G1 Evacuation Pause) 292M->131M(324M) 1.723ms
[999.565s][info][gc] GC(15069) Concurrent Mark Cycle
[999.595s][info][gc] GC(15069) Pause Remark 207M->207M(324M) 0.435ms
[999.613s][info][gc] GC(15069) Pause Cleanup 250M->250M(324M) 0.061ms
[999.613s][info][gc] GC(15069) Concurrent Mark Cycle 47.838ms
[999.627s][info][gc] GC(15070) Pause Young (Prepare Mixed) (G1 Evacuation Pause) 293M->132M(324M) 1.582ms
[999.691s][info][gc] GC(15071) Pause Young (Mixed) (G1 Evacuation Pause) 293M->131M(404M) 1.703ms
[999.772s][info][gc] GC(15072) Pause Young (Normal) (G1 Evacuation Pause) 361M->134M(404M) 1.769ms
[999.856s][info][gc] GC(15073) Pause Young (Normal) (G1 Evacuation Pause) 361M->135M(404M) 1.690ms
[999.934s][info][gc] GC(15074) Pause Young (Normal) (G1 Evacuation Pause) 361M->136M(404M) 1.741ms
[1000.028s][info][gc] GC(15075) Pause Young (Normal) (G1 Evacuation Pause) 361M->139M(404M) 2.204ms
[1000.119s][info][gc] GC(15076) Pause Young (Normal) (G1 Evacuation Pause) 361M->141M(404M) 2.457ms
[1000.199s][info][gc] GC(15077) Pause Young (Normal) (G1 Evacuation Pause) 364M->143M(404M) 2.176ms
[1000.281s][info][gc] GC(15078) Pause Young (Normal) (G1 Evacuation Pause) 364M->145M(404M) 2.039ms
[1000.361s][info][gc] GC(15079) Pause Young (Normal) (G1 Evacuation Pause) 365M->146M(404M) 1.771ms
[1000.446s][info][gc] GC(15080) Pause Young (Normal) (G1 Evacuation Pause) 366M->149M(404M) 2.146ms
[1000.522s][info][gc] GC(15081) Pause Young (Normal) (G1 Evacuation Pause) 363M->151M(404M) 1.895ms
[1000.604s][info][gc] GC(15082) Pause Young (Normal) (G1 Evacuation Pause) 363M->152M(404M) 1.868ms
[1000.682s][info][gc] GC(15083) Pause Young (Concurrent Start) (G1 Evacuation Pause) 364M->153M(404M) 1.729ms
[1000.682s][info][gc] GC(15084) Concurrent Mark Cycle
[1000.716s][info][gc] GC(15084) Pause Remark 235M->235M(404M) 0.431ms
[1000.738s][info][gc] GC(15084) Pause Cleanup 289M->289M(404M) 0.065ms
[1000.738s][info][gc] GC(15084) Concurrent Mark Cycle 56.202ms
[1000.767s][info][gc] GC(15085) Pause Young (Prepare Mixed) (G1 Evacuation Pause) 365M->155M(404M) 1.928ms
[1000.847s][info][gc] GC(15086) Pause Young (Mixed) (G1 Evacuation Pause) 363M->156M(404M) 2.206ms
[1000.926s][info][gc] GC(15087) Pause Young (Concurrent Start) (G1 Evacuation Pause) 364M->157M(404M) 2.071ms
[1000.926s][info][gc] GC(15088) Concurrent Mark Cycle
[1000.958s][info][gc] GC(15088) Pause Remark 232M->232M(404M) 0.437ms
[1000.977s][info][gc] GC(15088) Pause Cleanup 279M->279M(404M) 0.065ms
[1000.978s][info][gc] GC(15088) Concurrent Mark Cycle 51.766ms
[1001.005s][info][gc] GC(15089) Pause Young (Prepare Mixed) (G1 Evacuation Pause) 367M->161M(404M) 1.975ms
[1001.080s][info][gc] GC(15090) Pause Young (Mixed) (G1 Evacuation Pause) 363M->160M(404M) 1.981ms
[1001.152s][info][gc] GC(15091) Pause Young (Concurrent Start) (G1 Evacuation Pause) 365M->163M(404M) 1.770ms
[1001.152s][info][gc] GC(15092) Concurrent Mark Cycle
[1001.186s][info][gc] GC(15092) Pause Remark 242M->242M(404M) 0.441ms
[1001.207s][info][gc] GC(15092) Pause Cleanup 295M->295M(404M) 0.063ms
[1001.207s][info][gc] GC(15092) Concurrent Mark Cycle 54.963ms
[1001.236s][info][gc] GC(15093) Pause Young (Prepare Mixed) (G1 Evacuation Pause) 366M->164M(404M) 1.711ms
[1001.310s][info][gc] GC(15094) Pause Young (Mixed) (G1 Evacuation Pause) 365M->166M(404M) 2.055ms
[1001.383s][info][gc] GC(15095) Pause Young (Concurrent Start) (G1 Evacuation Pause) 364M->168M(404M) 2.033ms
[1001.383s][info][gc] GC(15096) Concurrent Mark Cycle
[1001.425s][info][gc] GC(15096) Pause Remark 283M->283M(404M) 0.486ms
[1001.446s][info][gc] GC(15096) Pause Cleanup 338M->338M(404M) 0.060ms
[1001.447s][info][gc] GC(15096) Concurrent Mark Cycle 63.917ms
[1001.458s][info][gc] GC(15097) Pause Young (Prepare Mixed) (G1 Evacuation Pause) 366M->170M(404M) 1.943ms
[1001.531s][info][gc] GC(15098) Pause Young (Mixed) (G1 Evacuation Pause) 366M->171M(404M) 2.058ms
[1001.595s][info][gc] GC(15099) Pause Young (Concurrent Start) (G1 Evacuation Pause) 366M->172M(404M) 1.772ms
[1001.595s][info][gc] GC(15100) Concurrent Mark Cycle
[1001.638s][info][gc] GC(15100) Pause Remark 252M->252M(404M) 0.562ms
[1001.668s][info][gc] GC(15100) Pause Cleanup 296M->296M(404M) 0.080ms
[1001.668s][info][gc] GC(15100) Concurrent Mark Cycle 73.570ms
[1001.703s][info][gc] GC(15101) Pause Young (Prepare Mixed) (G1 Evacuation Pause) 367M->175M(404M) 1.985ms
[1001.774s][info][gc] GC(15102) Pause Young (Mixed) (G1 Evacuation Pause) 367M->175M(404M) 2.129ms
[1001.848s][info][gc] GC(15103) Pause Young (Concurrent Start) (G1 Evacuation Pause) 366M->177M(404M) 1.939ms
[1001.848s][info][gc] GC(15104) Concurrent Mark Cycle
[1001.888s][info][gc] GC(15104) Pause Remark 273M->273M(404M) 0.537ms
[1001.910s][info][gc] GC(15104) Pause Cleanup 319M->319M(404M) 0.067ms
[1001.910s][info][gc] GC(15104) Concurrent Mark Cycle 62.744ms
[1001.932s][info][gc] GC(15105) Pause Young (Prepare Mixed) (G1 Evacuation Pause) 365M->178M(404M) 1.668ms
[1002.018s][info][gc] GC(15106) Pause Young (Mixed) (G1 Evacuation Pause) 367M->180M(404M) 2.144ms
[1002.098s][info][gc] GC(15107) Pause Young (Concurrent Start) (G1 Evacuation Pause) 366M->182M(404M) 2.174ms
[1002.098s][info][gc] GC(15108) Concurrent Mark Cycle
[1002.144s][info][gc] GC(15108) Pause Remark 280M->280M(404M) 0.479ms
[1002.172s][info][gc] GC(15108) Pause Cleanup 339M->339M(404M) 0.079ms
[1002.172s][info][gc] GC(15108) Concurrent Mark Cycle 74.600ms
[1002.184s][info][gc] GC(15109) Pause Young (Prepare Mixed) (G1 Evacuation Pause) 366M->183M(404M) 1.933ms
[1002.251s][info][gc] GC(15110) Pause Young (Mixed) (G1 Evacuation Pause) 367M->184M(404M) 1.840ms
[1002.318s][info][gc] GC(15111) Pause Young (Concurrent Start) (G1 Evacuation Pause) 367M->185M(404M) 1.708ms
[1002.318s][info][gc] GC(15112) Concurrent Mark Cycle
[1002.354s][info][gc] GC(15112) Pause Remark 270M->270M(404M) 0.445ms
[1002.377s][info][gc] GC(15112) Pause Cleanup 330M->330M(404M) 0.067ms
[1002.377s][info][gc] GC(15112) Concurrent Mark Cycle 59.437ms
[1002.391s][info][gc] GC(15113) Pause Young (Prepare Mixed) (G1 Evacuation Pause) 368M->186M(404M) 1.851ms
[1002.460s][info][gc] GC(15114) Pause Young (Mixed) (G1 Evacuation Pause) 368M->189M(404M) 1.921ms
[1002.517s][info][gc] GC(15115) Pause Young (Concurrent Start) (G1 Evacuation Pause) 366M->189M(404M) 1.766ms
[1002.517s][info][gc] GC(15116) Concurrent Mark Cycle
[1002.561s][info][gc] GC(15116) Pause Remark 296M->296M(404M) 0.463ms
[1002.590s][info][gc] GC(15117) Pause Young (Normal) (G1 Evacuation Pause) 369M->191M(404M) 1.606ms
[1002.591s][info][gc] GC(15116) Pause Cleanup 196M->196M(404M) 0.052ms
[1002.592s][info][gc] GC(15116) Concurrent Mark Cycle 74.259ms
[1002.653s][info][gc] GC(15118) Pause Young (Prepare Mixed) (G1 Evacuation Pause) 367M->193M(404M) 1.804ms
[1002.717s][info][gc] GC(15119) Pause Young (Mixed) (G1 Evacuation Pause) 367M->194M(404M) 1.736ms
[1002.778s][info][gc] GC(15120) Pause Young (Concurrent Start) (G1 Evacuation Pause) 367M->195M(404M) 1.711ms
[1002.778s][info][gc] GC(15121) Concurrent Mark Cycle
[1002.815s][info][gc] GC(15121) Pause Remark 283M->283M(404M) 0.408ms
[1002.838s][info][gc] GC(15121) Pause Cleanup 332M->332M(404M) 0.046ms
[1002.839s][info][gc] GC(15121) Concurrent Mark Cycle 60.828ms
[1002.854s][info][gc] GC(15122) Pause Young (Prepare Mixed) (G1 Evacuation Pause) 368M->196M(404M) 1.547ms
[1002.931s][info][gc] GC(15123) Pause Young (Mixed) (G1 Evacuation Pause) 368M->195M(404M) 1.404ms
[1003.040s][info][gc] GC(15124) Pause Young (Concurrent Start) (G1 Evacuation Pause) 369M->197M(404M) 1.514ms
[1003.040s][info][gc] GC(15125) Concurrent Mark Cycle
[1003.057s][info][gc] GC(15125) Pause Remark 219M->215M(404M) 0.481ms
[1003.070s][info][gc] GC(15125) Pause Cleanup 231M->231M(404M) 0.114ms
[1003.070s][info][gc] GC(15125) Concurrent Mark Cycle 30.323ms
[1003.157s][info][gc] GC(15126) Pause Young (Prepare Mixed) (G1 Evacuation Pause) 363M->194M(404M) 1.516ms
[1003.272s][info][gc] GC(15127) Pause Young (Mixed) (G1 Evacuation Pause) 366M->164M(404M) 2.220ms
[1003.408s][info][gc] GC(15128) Pause Young (Mixed) (G1 Evacuation Pause) 367M->141M(404M) 2.548ms
[1003.563s][info][gc] GC(15129) Pause Young (Mixed) (G1 Evacuation Pause) 367M->137M(404M) 1.939ms
[1003.714s][info][gc] GC(15130) Pause Young (Normal) (G1 Evacuation Pause) 362M->138M(404M) 1.848ms
[1003.871s][info][gc] GC(15131) Pause Young (Normal) (G1 Evacuation Pause) 362M->140M(404M) 1.881ms
[1004.018s][info][gc] GC(15132) Pause Young (Normal) (G1 Evacuation Pause) 362M->143M(404M) 1.886ms
[1004.162s][info][gc] GC(15133) Pause Young (Normal) (G1 Evacuation Pause) 363M->144M(404M) 1.774ms
[1004.309s][info][gc] GC(15134) Pause Young (Normal) (G1 Evacuation Pause) 364M->146M(404M) 1.821ms
[1004.454s][info][gc] GC(15135) Pause Young (Normal) (G1 Evacuation Pause) 362M->148M(404M) 1.878ms
[1004.596s][info][gc] GC(15136) Pause Young (Normal) (G1 Evacuation Pause) 365M->149M(404M) 1.805ms
[1004.748s][info][gc] GC(15137) Pause Young (Normal) (G1 Evacuation Pause) 365M->152M(404M) 1.949ms
[1004.892s][info][gc] GC(15138) Pause Young (Normal) (G1 Evacuation Pause) 364M->154M(404M) 1.925ms
[1005.034s][info][gc] GC(15139) Pause Young (Normal) (G1 Evacuation Pause) 364M->155M(404M) 1.664ms
[1005.175s][info][gc] GC(15140) Pause Young (Concurrent Start) (G1 Evacuation Pause) 365M->157M(404M) 1.764ms
[1005.175s][info][gc] GC(15141) Concurrent Mark Cycle
[1005.194s][info][gc] GC(15141) Pause Remark 184M->184M(404M) 0.477ms
[1005.208s][info][gc] GC(15141) Pause Cleanup 201M->201M(404M) 0.081ms
[1005.208s][info][gc] GC(15141) Concurrent Mark Cycle 33.799ms
[1005.316s][info][gc] GC(15142) Pause Young (Prepare Mixed) (G1 Evacuation Pause) 365M->159M(404M) 1.664ms
[1005.456s][info][gc] GC(15143) Pause Young (Mixed) (G1 Evacuation Pause) 365M->151M(404M) 1.919ms
[1005.601s][info][gc] GC(15144) Pause Young (Normal) (G1 Evacuation Pause) 364M->154M(404M) 1.733ms
[1005.744s][info][gc] GC(15145) Pause Young (Concurrent Start) (G1 Evacuation Pause) 365M->156M(404M) 1.933ms
[1005.744s][info][gc] GC(15146) Concurrent Mark Cycle
[1005.766s][info][gc] GC(15146) Pause Remark 193M->193M(404M) 0.439ms
[1005.783s][info][gc] GC(15146) Pause Cleanup 212M->212M(404M) 0.072ms
[1005.783s][info][gc] GC(15146) Concurrent Mark Cycle 38.792ms
[1005.891s][info][gc] GC(15147) Pause Young (Prepare Mixed) (G1 Evacuation Pause) 365M->157M(404M) 1.785ms
[1006.032s][info][gc] GC(15148) Pause Young (Mixed) (G1 Evacuation Pause) 365M->156M(404M) 1.906ms
[1006.178s][info][gc] GC(15149) Pause Young (Concurrent Start) (G1 Evacuation Pause) 365M->157M(404M) 1.813ms
[1006.178s][info][gc] GC(15150) Concurrent Mark Cycle
[1006.201s][info][gc] GC(15150) Pause Remark 194M->194M(404M) 0.455ms
[1006.219s][info][gc] GC(15150) Pause Cleanup 220M->220M(404M) 0.078ms
[1006.219s][info][gc] GC(15150) Concurrent Mark Cycle 41.053ms
[1006.320s][info][gc] GC(15151) Pause Young (Prepare Mixed) (G1 Evacuation Pause) 366M->159M(404M) 1.668ms
[1006.466s][info][gc] GC(15152) Pause Young (Mixed) (G1 Evacuation Pause) 364M->159M(404M) 1.962ms
[1006.605s][info][gc] GC(15153) Pause Young (Concurrent Start) (G1 Evacuation Pause) 365M->161M(404M) 1.723ms
[1006.605s][info][gc] GC(15154) Concurrent Mark Cycle
[1006.628s][info][gc] GC(15154) Pause Remark 200M->200M(404M) 0.433ms
[1006.644s][info][gc] GC(15154) Pause Cleanup 226M->226M(404M) 0.069ms
[1006.644s][info][gc] GC(15154) Concurrent Mark Cycle 38.889ms
[1006.742s][info][gc] GC(15155) Pause Young (Prepare Mixed) (G1 Evacuation Pause) 363M->161M(404M) 1.835ms
[1006.877s][info][gc] GC(15156) Pause Young (Mixed) (G1 Evacuation Pause) 366M->160M(404M) 1.904ms
[1007.028s][info][gc] GC(15157) Pause Young (Concurrent Start) (G1 Evacuation Pause) 365M->163M(404M) 2.020ms
[1007.028s][info][gc] GC(15158) Concurrent Mark Cycle
[1007.056s][info][gc] GC(15158) Pause Remark 199M->199M(404M) 0.522ms
[1007.074s][info][gc] GC(15158) Pause Cleanup 224M->224M(404M) 0.067ms
[1007.074s][info][gc] GC(15158) Concurrent Mark Cycle 45.231ms
[1007.172s][info][gc] GC(15159) Pause Young (Prepare Mixed) (G1 Evacuation Pause) 364M->165M(404M) 1.832ms
[1007.304s][info][gc] GC(15160) Pause Young (Mixed) (G1 Evacuation Pause) 365M->164M(404M) 1.752ms
[1007.442s][info][gc] GC(15161) Pause Young (Concurrent Start) (G1 Evacuation Pause) 364M->165M(404M) 1.659ms
[1007.442s][info][gc] GC(15162) Concurrent Mark Cycle
[1007.466s][info][gc] GC(15162) Pause Remark 200M->200M(404M) 0.455ms
[1007.483s][info][gc] GC(15162) Pause Cleanup 228M->228M(404M) 0.095ms
[1007.483s][info][gc] GC(15162) Concurrent Mark Cycle 41.306ms
[1007.578s][info][gc] GC(15163) Pause Young (Prepare Mixed) (G1 Evacuation Pause) 365M->167M(404M) 1.948ms
[1007.713s][info][gc] GC(15164) Pause Young (Mixed) (G1 Evacuation Pause) 366M->168M(404M) 2.049ms
[1007.841s][info][gc] GC(15165) Pause Young (Concurrent Start) (G1 Evacuation Pause) 366M->170M(404M) 1.693ms
[1007.841s][info][gc] GC(15166) Concurrent Mark Cycle
[1007.867s][info][gc] GC(15166) Pause Remark 202M->202M(404M) 0.419ms
[1007.885s][info][gc] GC(15166) Pause Cleanup 227M->227M(404M) 0.069ms
[1007.885s][info][gc] GC(15166) Concurrent Mark Cycle 44.660ms
[1007.985s][info][gc] GC(15167) Pause Young (Prepare Mixed) (G1 Evacuation Pause) 367M->171M(404M) 1.654ms
[1008.157s][info][gc] GC(15168) Pause Young (Mixed) (G1 Evacuation Pause) 366M->170M(404M) 1.644ms
[1008.335s][info][gc] GC(15169) Pause Young (Concurrent Start) (G1 Evacuation Pause) 368M->175M(404M) 1.850ms
[1008.335s][info][gc] GC(15170) Concurrent Mark Cycle
[1008.343s][info][gc] GC(15170) Pause Remark 197M->123M(340M) 0.450ms
[1008.345s][info][gc] GC(15170) Pause Cleanup 128M->128M(340M) 0.054ms
[1008.345s][info][gc] GC(15170) Concurrent Mark Cycle 9.631ms
[1008.416s][info][gc] GC(15171) Pause Young (Prepare Mixed) (G1 Evacuation Pause) 285M->104M(340M) 2.067ms
[1008.494s][info][gc] GC(15172) Pause Young (Mixed) (G1 Evacuation Pause) 292M->70M(340M) 1.613ms
[1008.575s][info][gc] GC(15173) Pause Young (Normal) (G1 Evacuation Pause) 262M->73M(340M) 1.692ms
[1008.652s][info][gc] GC(15174) Pause Young (Normal) (G1 Evacuation Pause) 261M->74M(340M) 1.909ms
[1008.736s][info][gc] GC(15175) Pause Young (Normal) (G1 Evacuation Pause) 262M->76M(340M) 1.662ms
[1008.810s][info][gc] GC(15176) Pause Young (Normal) (G1 Evacuation Pause) 264M->78M(340M) 1.826ms
[1008.894s][info][gc] GC(15177) Pause Young (Normal) (G1 Evacuation Pause) 268M->79M(340M) 1.736ms
[1008.974s][info][gc] GC(15178) Pause Young (Normal) (G1 Evacuation Pause) 267M->81M(340M) 1.740ms
[1009.051s][info][gc] GC(15179) Pause Young (Normal) (G1 Evacuation Pause) 269M->81M(340M) 1.681ms
[1009.131s][info][gc] GC(15180) Pause Young (Normal) (G1 Evacuation Pause) 271M->84M(340M) 1.620ms
[1009.210s][info][gc] GC(15181) Pause Young (Normal) (G1 Evacuation Pause) 271M->86M(340M) 1.751ms
[1009.294s][info][gc] GC(15182) Pause Young (Normal) (G1 Evacuation Pause) 274M->86M(340M) 1.810ms
[1009.365s][info][gc] GC(15183) Pause Young (Normal) (G1 Evacuation Pause) 275M->88M(340M) 1.610ms
[1009.450s][info][gc] GC(15184) Pause Young (Normal) (G1 Evacuation Pause) 277M->90M(340M) 1.642ms
[1009.527s][info][gc] GC(15185) Pause Young (Normal) (G1 Evacuation Pause) 278M->92M(340M) 1.595ms
[1009.606s][info][gc] GC(15186) Pause Young (Normal) (G1 Evacuation Pause) 280M->92M(340M) 1.548ms
[1009.687s][info][gc] GC(15187) Pause Young (Normal) (G1 Evacuation Pause) 282M->95M(340M) 1.689ms
[1009.776s][info][gc] GC(15188) Pause Young (Normal) (G1 Evacuation Pause) 282M->97M(340M) 2.284ms
[1009.855s][info][gc] GC(15189) Pause Young (Normal) (G1 Evacuation Pause) 285M->97M(340M) 1.716ms
[1009.928s][info][gc] GC(15190) Pause Young (Normal) (G1 Evacuation Pause) 286M->100M(340M) 1.743ms
[1010.012s][info][gc] GC(15191) Pause Young (Normal) (G1 Evacuation Pause) 288M->102M(340M) 1.653ms
[1010.092s][info][gc] GC(15192) Pause Young (Normal) (G1 Evacuation Pause) 290M->103M(340M) 1.657ms
[1010.167s][info][gc] GC(15193) Pause Young (Normal) (G1 Evacuation Pause) 292M->103M(340M) 1.511ms
[1010.249s][info][gc] GC(15194) Pause Young (Normal) (G1 Evacuation Pause) 293M->106M(340M) 1.638ms
[1010.330s][info][gc] GC(15195) Pause Young (Normal) (G1 Evacuation Pause) 293M->108M(340M) 1.711ms
[1010.408s][info][gc] GC(15196) Pause Young (Normal) (G1 Evacuation Pause) 296M->109M(340M) 1.752ms
[1010.485s][info][gc] GC(15197) Pause Young (Normal) (G1 Evacuation Pause) 298M->111M(340M) 1.799ms
[1010.649s][info][gc] GC(15198) Pause Young (Normal) (G1 Evacuation Pause) 299M->113M(340M) 1.819ms
[1010.733s][info][gc] GC(15199) Pause Young (Normal) (G1 Evacuation Pause) 301M->115M(340M) 1.828ms
[1010.811s][info][gc] GC(15200) Pause Young (Normal) (G1 Evacuation Pause) 304M->116M(340M) 1.658ms
[1010.905s][info][gc] GC(15201) Pause Young (Normal) (G1 Evacuation Pause) 304M->119M(340M) 1.760ms
[1010.992s][info][gc] GC(15202) Pause Young (Normal) (G1 Evacuation Pause) 305M->121M(340M) 1.913ms
[1011.075s][info][gc] GC(15203) Pause Young (Normal) (G1 Evacuation Pause) 306M->121M(340M) 1.878ms
[1011.149s][info][gc] GC(15204) Pause Young (Normal) (G1 Evacuation Pause) 307M->122M(340M) 1.587ms
[1011.233s][info][gc] GC(15205) Pause Young (Normal) (G1 Evacuation Pause) 306M->124M(340M) 1.876ms
[1011.317s][info][gc] GC(15206) Pause Young (Normal) (G1 Evacuation Pause) 307M->125M(340M) 1.653ms
[1011.388s][info][gc] GC(15207) Pause Young (Normal) (G1 Evacuation Pause) 307M->127M(340M) 1.778ms
[1011.469s][info][gc] GC(15208) Pause Young (Normal) (G1 Evacuation Pause) 307M->129M(340M) 1.634ms
[1011.547s][info][gc] GC(15209) Pause Young (Concurrent Start) (G1 Evacuation Pause) 306M->131M(340M) 1.601ms
[1011.547s][info][gc] GC(15210) Concurrent Mark Cycle
[1011.555s][info][gc] GC(15210) Pause Remark 152M->102M(274M) 0.425ms
[1011.559s][info][gc] GC(15210) Pause Cleanup 111M->111M(274M) 0.061ms
[1011.560s][info][gc] GC(15210) Concurrent Mark Cycle 12.470ms
[1011.603s][info][gc] GC(15211) Pause Young (Prepare Mixed) (G1 Evacuation Pause) 229M->81M(274M) 1.700ms
[1011.676s][info][gc] GC(15212) Pause Young (Mixed) (G1 Evacuation Pause) 233M->71M(274M) 1.431ms
[1011.743s][info][gc] GC(15213) Pause Young (Normal) (G1 Evacuation Pause) 222M->72M(274M) 1.618ms
[1011.806s][info][gc] GC(15214) Pause Young (Normal) (G1 Evacuation Pause) 223M->74M(274M) 1.452ms
[1011.871s][info][gc] GC(15215) Pause Young (Normal) (G1 Evacuation Pause) 225M->75M(274M) 1.411ms
[1011.933s][info][gc] GC(15216) Pause Young (Normal) (G1 Evacuation Pause) 227M->77M(274M) 1.452ms
[1012.003s][info][gc] GC(15217) Pause Young (Normal) (G1 Evacuation Pause) 228M->78M(274M) 1.524ms
[1012.064s][info][gc] GC(15218) Pause Young (Normal) (G1 Evacuation Pause) 229M->78M(274M) 1.358ms
[1012.132s][info][gc] GC(15219) Pause Young (Normal) (G1 Evacuation Pause) 231M->81M(274M) 1.509ms
[1012.194s][info][gc] GC(15220) Pause Young (Normal) (G1 Evacuation Pause) 231M->81M(274M) 1.471ms
[1012.257s][info][gc] GC(15221) Pause Young (Normal) (G1 Evacuation Pause) 233M->82M(274M) 1.519ms
[1012.323s][info][gc] GC(15222) Pause Young (Normal) (G1 Evacuation Pause) 233M->83M(274M) 1.456ms
[1012.385s][info][gc] GC(15223) Pause Young (Normal) (G1 Evacuation Pause) 236M->84M(274M) 1.496ms
[1012.452s][info][gc] GC(15224) Pause Young (Normal) (G1 Evacuation Pause) 235M->86M(274M) 1.486ms
[1012.510s][info][gc] GC(15225) Pause Young (Normal) (G1 Evacuation Pause) 238M->86M(274M) 1.305ms
[1012.581s][info][gc] GC(15226) Pause Young (Normal) (G1 Evacuation Pause) 239M->89M(274M) 1.483ms
[1012.651s][info][gc] GC(15227) Pause Young (Normal) (G1 Evacuation Pause) 239M->90M(274M) 1.512ms
[1012.712s][info][gc] GC(15228) Pause Young (Normal) (G1 Evacuation Pause) 242M->91M(274M) 1.559ms
[1012.782s][info][gc] GC(15229) Pause Young (Normal) (G1 Evacuation Pause) 243M->91M(274M) 1.398ms
[1012.841s][info][gc] GC(15230) Pause Young (Normal) (G1 Evacuation Pause) 242M->93M(274M) 1.394ms
[1013.021s][info][gc] GC(15231) Pause Young (Normal) (G1 Evacuation Pause) 244M->96M(274M) 2.012ms
[1013.083s][info][gc] GC(15232) Pause Young (Normal) (G1 Evacuation Pause) 242M->96M(274M) 1.653ms
[1013.164s][info][gc] GC(15233) Pause Young (Normal) (G1 Evacuation Pause) 244M->98M(274M) 1.669ms
[1013.224s][info][gc] GC(15234) Pause Young (Normal) (G1 Evacuation Pause) 245M->98M(274M) 1.418ms
[1013.296s][info][gc] GC(15235) Pause Young (Normal) (G1 Evacuation Pause) 248M->101M(274M) 1.500ms
[1013.361s][info][gc] GC(15236) Pause Young (Normal) (G1 Evacuation Pause) 245M->102M(274M) 1.697ms
[1013.422s][info][gc] GC(15237) Pause Young (Concurrent Start) (G1 Evacuation Pause) 246M->103M(274M) 1.309ms
[1013.422s][info][gc] GC(15238) Concurrent Mark Cycle
[1013.429s][info][gc] GC(15238) Pause Remark 118M->78M(217M) 0.438ms
[1013.432s][info][gc] GC(15238) Pause Cleanup 86M->86M(217M) 0.052ms
[1013.433s][info][gc] GC(15238) Concurrent Mark Cycle 10.364ms
[1013.476s][info][gc] GC(15239) Pause Young (Prepare Mixed) (G1 Evacuation Pause) 181M->64M(217M) 1.341ms
[1013.526s][info][gc] GC(15240) Pause Young (Mixed) (G1 Evacuation Pause) 184M->58M(217M) 1.279ms
[1013.579s][info][gc] GC(15241) Pause Young (Normal) (G1 Evacuation Pause) 178M->58M(217M) 1.359ms
[1013.635s][info][gc] GC(15242) Pause Young (Normal) (G1 Evacuation Pause) 179M->61M(217M) 1.418ms
[1013.685s][info][gc] GC(15243) Pause Young (Normal) (G1 Evacuation Pause) 180M->60M(217M) 1.262ms
[1013.741s][info][gc] GC(15244) Pause Young (Normal) (G1 Evacuation Pause) 181M->62M(217M) 1.262ms
[1013.793s][info][gc] GC(15245) Pause Young (Normal) (G1 Evacuation Pause) 182M->63M(217M) 1.207ms
[1013.851s][info][gc] GC(15246) Pause Young (Normal) (G1 Evacuation Pause) 183M->64M(217M) 1.343ms
[1013.902s][info][gc] GC(15247) Pause Young (Normal) (G1 Evacuation Pause) 183M->65M(217M) 1.443ms
[1013.958s][info][gc] GC(15248) Pause Young (Normal) (G1 Evacuation Pause) 184M->65M(217M) 1.406ms
[1014.010s][info][gc] GC(15249) Pause Young (Normal) (G1 Evacuation Pause) 185M->67M(217M) 1.246ms
[1014.061s][info][gc] GC(15250) Pause Young (Normal) (G1 Evacuation Pause) 187M->68M(217M) 1.256ms
[1014.114s][info][gc] GC(15251) Pause Young (Normal) (G1 Evacuation Pause) 187M->70M(217M) 1.332ms
[1014.164s][info][gc] GC(15252) Pause Young (Normal) (G1 Evacuation Pause) 189M->70M(217M) 1.458ms
[1014.218s][info][gc] GC(15253) Pause Young (Normal) (G1 Evacuation Pause) 189M->71M(217M) 1.249ms
[1014.271s][info][gc] GC(15254) Pause Young (Normal) (G1 Evacuation Pause) 191M->73M(217M) 1.321ms
[1014.322s][info][gc] GC(15255) Pause Young (Normal) (G1 Evacuation Pause) 192M->73M(217M) 1.377ms
[1014.374s][info][gc] GC(15256) Pause Young (Normal) (G1 Evacuation Pause) 192M->74M(217M) 1.341ms
[1014.428s][info][gc] GC(15257) Pause Young (Normal) (G1 Evacuation Pause) 194M->75M(217M) 1.272ms
[1014.480s][info][gc] GC(15258) Pause Young (Normal) (G1 Evacuation Pause) 194M->76M(217M) 1.230ms
[1014.536s][info][gc] GC(15259) Pause Young (Normal) (G1 Evacuation Pause) 194M->77M(217M) 1.314ms
[1014.583s][info][gc] GC(15260) Pause Young (Normal) (G1 Evacuation Pause) 194M->79M(217M) 1.331ms
[1014.631s][info][gc] GC(15261) Pause Young (Normal) (G1 Evacuation Pause) 194M->79M(217M) 1.244ms
[1014.684s][info][gc] GC(15262) Pause Young (Concurrent Start) (G1 Evacuation Pause) 195M->81M(217M) 1.364ms
[1014.684s][info][gc] GC(15263) Concurrent Mark Cycle
[1014.696s][info][gc] GC(15263) Pause Remark 106M->106M(217M) 0.431ms
[1014.708s][info][gc] GC(15263) Pause Cleanup 134M->134M(217M) 0.055ms
[1014.708s][info][gc] GC(15263) Concurrent Mark Cycle 23.574ms
[1014.735s][info][gc] GC(15264) Pause Young (Prepare Mixed) (G1 Evacuation Pause) 194M->82M(217M) 1.298ms
[1014.784s][info][gc] GC(15265) Pause Young (Mixed) (G1 Evacuation Pause) 194M->80M(217M) 1.239ms
[1014.834s][info][gc] GC(15266) Pause Young (Concurrent Start) (G1 Evacuation Pause) 195M->81M(217M) 1.319ms
[1014.834s][info][gc] GC(15267) Concurrent Mark Cycle
[1014.846s][info][gc] GC(15267) Pause Remark 110M->110M(217M) 0.462ms
[1014.858s][info][gc] GC(15267) Pause Cleanup 136M->136M(217M) 0.057ms
[1014.859s][info][gc] GC(15267) Concurrent Mark Cycle 24.775ms
[1014.884s][info][gc] GC(15268) Pause Young (Prepare Mixed) (G1 Evacuation Pause) 194M->81M(217M) 1.383ms
[1014.936s][info][gc] GC(15269) Pause Young (Mixed) (G1 Evacuation Pause) 196M->81M(217M) 1.325ms
[1014.981s][info][gc] GC(15270) Pause Young (Concurrent Start) (G1 Evacuation Pause) 192M->82M(217M) 1.315ms
[1014.981s][info][gc] GC(15271) Concurrent Mark Cycle
[1014.993s][info][gc] GC(15271) Pause Remark 106M->106M(217M) 0.478ms
[1015.006s][info][gc] GC(15271) Pause Cleanup 126M->126M(217M) 0.051ms
[1015.006s][info][gc] GC(15271) Concurrent Mark Cycle 24.953ms
[1015.036s][info][gc] GC(15272) Pause Young (Prepare Mixed) (G1 Evacuation Pause) 195M->84M(217M) 1.310ms
[1015.080s][info][gc] GC(15273) Pause Young (Mixed) (G1 Evacuation Pause) 194M->83M(217M) 1.151ms
[1015.129s][info][gc] GC(15274) Pause Young (Concurrent Start) (G1 Evacuation Pause) 195M->84M(217M) 1.303ms
[1015.130s][info][gc] GC(15275) Concurrent Mark Cycle
[1015.142s][info][gc] GC(15275) Pause Remark 116M->116M(217M) 0.412ms
[1015.154s][info][gc] GC(15275) Pause Cleanup 143M->143M(217M) 0.053ms
[1015.154s][info][gc] GC(15275) Concurrent Mark Cycle 24.644ms
[1015.177s][info][gc] GC(15276) Pause Young (Prepare Mixed) (G1 Evacuation Pause) 194M->85M(217M) 1.525ms
[1015.225s][info][gc] GC(15277) Pause Young (Mixed) (G1 Evacuation Pause) 195M->85M(258M) 1.223ms
[1015.285s][info][gc] GC(15278) Pause Young (Normal) (G1 Evacuation Pause) 230M->85M(258M) 1.326ms
[1015.451s][info][gc] GC(15279) Pause Young (Normal) (G1 Evacuation Pause) 229M->88M(258M) 1.501ms
[1015.510s][info][gc] GC(15280) Pause Young (Normal) (G1 Evacuation Pause) 230M->89M(258M) 1.499ms
[1015.577s][info][gc] GC(15281) Pause Young (Normal) (G1 Evacuation Pause) 229M->90M(258M) 1.541ms
[1015.631s][info][gc] GC(15282) Pause Young (Normal) (G1 Evacuation Pause) 231M->91M(258M) 1.455ms
[1015.701s][info][gc] GC(15283) Pause Young (Normal) (G1 Evacuation Pause) 231M->93M(258M) 1.883ms
[1015.757s][info][gc] GC(15284) Pause Young (Normal) (G1 Evacuation Pause) 231M->94M(258M) 1.472ms
[1015.824s][info][gc] GC(15285) Pause Young (Normal) (G1 Evacuation Pause) 231M->95M(258M) 1.521ms
[1015.880s][info][gc] GC(15286) Pause Young (Normal) (G1 Evacuation Pause) 230M->96M(258M) 1.409ms
[1015.945s][info][gc] GC(15287) Pause Young (Concurrent Start) (G1 Evacuation Pause) 230M->97M(258M) 1.408ms
[1015.945s][info][gc] GC(15288) Concurrent Mark Cycle
[1015.952s][info][gc] GC(15288) Pause Remark 112M->75M(204M) 0.425ms
[1015.955s][info][gc] GC(15288) Pause Cleanup 80M->80M(204M) 0.050ms
[1015.955s][info][gc] GC(15288) Concurrent Mark Cycle 10.340ms
[1015.998s][info][gc] GC(15289) Pause Young (Prepare Mixed) (G1 Evacuation Pause) 181M->60M(204M) 1.330ms
[1016.055s][info][gc] GC(15290) Pause Young (Mixed) (G1 Evacuation Pause) 173M->59M(204M) 1.255ms
[1016.101s][info][gc] GC(15291) Pause Young (Normal) (G1 Evacuation Pause) 171M->60M(204M) 1.439ms
[1016.148s][info][gc] GC(15292) Pause Young (Normal) (G1 Evacuation Pause) 172M->58M(204M) 1.171ms
[1016.205s][info][gc] GC(15293) Pause Young (Normal) (G1 Evacuation Pause) 173M->61M(204M) 1.281ms
[1016.250s][info][gc] GC(15294) Pause Young (Normal) (G1 Evacuation Pause) 173M->63M(204M) 1.438ms
[1016.308s][info][gc] GC(15295) Pause Young (Normal) (G1 Evacuation Pause) 175M->63M(204M) 1.298ms
[1016.355s][info][gc] GC(15296) Pause Young (Normal) (G1 Evacuation Pause) 176M->65M(204M) 1.316ms
[1016.413s][info][gc] GC(15297) Pause Young (Normal) (G1 Evacuation Pause) 176M->66M(204M) 1.309ms
[1016.458s][info][gc] GC(15298) Pause Young (Normal) (G1 Evacuation Pause) 178M->67M(204M) 1.232ms
[1016.499s][info][gc] GC(15299) Pause Young (Normal) (G1 Evacuation Pause) 179M->66M(204M) 1.076ms
[1016.555s][info][gc] GC(15300) Pause Young (Normal) (G1 Evacuation Pause) 180M->68M(204M) 1.308ms
[1016.602s][info][gc] GC(15301) Pause Young (Normal) (G1 Evacuation Pause) 180M->69M(204M) 1.511ms
[1016.656s][info][gc] GC(15302) Pause Young (Normal) (G1 Evacuation Pause) 182M->70M(204M) 1.208ms
[1016.702s][info][gc] GC(15303) Pause Young (Normal) (G1 Evacuation Pause) 183M->71M(204M) 1.468ms
[1016.759s][info][gc] GC(15304) Pause Young (Normal) (G1 Evacuation Pause) 180M->72M(204M) 1.179ms
[1016.804s][info][gc] GC(15305) Pause Young (Normal) (G1 Evacuation Pause) 183M->73M(204M) 1.364ms
[1016.848s][info][gc] GC(15306) Pause Young (Normal) (G1 Evacuation Pause) 183M->73M(204M) 1.177ms
[1016.905s][info][gc] GC(15307) Pause Young (Normal) (G1 Evacuation Pause) 184M->74M(204M) 1.202ms
[1016.948s][info][gc] GC(15308) Pause Young (Normal) (G1 Evacuation Pause) 181M->75M(204M) 1.220ms
[1017.002s][info][gc] GC(15309) Pause Young (Concurrent Start) (G1 Evacuation Pause) 182M->76M(204M) 1.314ms
[1017.002s][info][gc] GC(15310) Concurrent Mark Cycle
[1017.013s][info][gc] GC(15310) Pause Remark 105M->105M(204M) 0.404ms
[1017.025s][info][gc] GC(15310) Pause Cleanup 128M->128M(204M) 0.058ms
[1017.025s][info][gc] GC(15310) Concurrent Mark Cycle 22.588ms
[1017.048s][info][gc] GC(15311) Pause Young (Prepare Mixed) (G1 Evacuation Pause) 182M->77M(204M) 1.296ms
[1017.090s][info][gc] GC(15312) Pause Young (Mixed) (G1 Evacuation Pause) 182M->75M(204M) 1.085ms
[1017.143s][info][gc] GC(15313) Pause Young (Concurrent Start) (G1 Evacuation Pause) 185M->78M(204M) 1.293ms
[1017.143s][info][gc] GC(15314) Concurrent Mark Cycle
[1017.155s][info][gc] GC(15314) Pause Remark 108M->108M(204M) 0.427ms
[1017.167s][info][gc] GC(15314) Pause Cleanup 124M->124M(204M) 0.052ms
[1017.167s][info][gc] GC(15314) Concurrent Mark Cycle 24.490ms
[1017.190s][info][gc] GC(15315) Pause Young (Prepare Mixed) (G1 Evacuation Pause) 182M->78M(204M) 1.220ms
[1017.243s][info][gc] GC(15316) Pause Young (Mixed) (G1 Evacuation Pause) 184M->78M(204M) 1.339ms
[1017.289s][info][gc] GC(15317) Pause Young (Concurrent Start) (G1 Evacuation Pause) 182M->78M(204M) 1.303ms
[1017.289s][info][gc] GC(15318) Concurrent Mark Cycle
[1017.300s][info][gc] GC(15318) Pause Remark 107M->107M(204M) 0.423ms
[1017.315s][info][gc] GC(15318) Pause Cleanup 147M->147M(204M) 0.056ms
[1017.315s][info][gc] GC(15318) Concurrent Mark Cycle 25.675ms
[1017.335s][info][gc] GC(15319) Pause Young (Prepare Mixed) (G1 Evacuation Pause) 183M->78M(204M) 1.159ms
[1017.380s][info][gc] GC(15320) Pause Young (Mixed) (G1 Evacuation Pause) 184M->78M(204M) 1.252ms
[1017.423s][info][gc] GC(15321) Pause Young (Concurrent Start) (G1 Evacuation Pause) 181M->79M(204M) 1.292ms
[1017.423s][info][gc] GC(15322) Concurrent Mark Cycle
[1017.432s][info][gc] GC(15322) Pause Remark 102M->102M(204M) 0.416ms
[1017.446s][info][gc] GC(15322) Pause Cleanup 133M->133M(204M) 0.049ms
[1017.446s][info][gc] GC(15322) Concurrent Mark Cycle 22.827ms
[1017.475s][info][gc] GC(15323) Pause Young (Prepare Mixed) (G1 Evacuation Pause) 183M->80M(204M) 1.443ms
[1017.520s][info][gc] GC(15324) Pause Young (Mixed) (G1 Evacuation Pause) 183M->80M(252M) 1.455ms
[1017.583s][info][gc] GC(15325) Pause Young (Normal) (G1 Evacuation Pause) 222M->81M(252M) 1.357ms
[1017.638s][info][gc] GC(15326) Pause Young (Normal) (G1 Evacuation Pause) 222M->82M(252M) 1.342ms
[1017.704s][info][gc] GC(15327) Pause Young (Normal) (G1 Evacuation Pause) 222M->84M(252M) 1.364ms
[1017.758s][info][gc] GC(15328) Pause Young (Normal) (G1 Evacuation Pause) 223M->84M(252M) 1.357ms
[1017.891s][info][gc] GC(15329) Pause Young (Normal) (G1 Evacuation Pause) 224M->87M(252M) 1.419ms
[1017.945s][info][gc] GC(15330) Pause Young (Normal) (G1 Evacuation Pause) 223M->87M(252M) 1.378ms
[1018.004s][info][gc] GC(15331) Pause Young (Normal) (G1 Evacuation Pause) 225M->89M(252M) 1.394ms
[1018.060s][info][gc] GC(15332) Pause Young (Normal) (G1 Evacuation Pause) 226M->90M(252M) 1.388ms
[1018.122s][info][gc] GC(15333) Pause Young (Normal) (G1 Evacuation Pause) 224M->92M(252M) 1.475ms
[1018.173s][info][gc] GC(15334) Pause Young (Normal) (G1 Evacuation Pause) 225M->92M(252M) 1.514ms
[1018.238s][info][gc] GC(15335) Pause Young (Normal) (G1 Evacuation Pause) 227M->93M(252M) 1.516ms
[1018.291s][info][gc] GC(15336) Pause Young (Normal) (G1 Evacuation Pause) 224M->94M(252M) 1.485ms
[1018.351s][info][gc] GC(15337) Pause Young (Concurrent Start) (G1 Evacuation Pause) 227M->95M(252M) 1.373ms
[1018.351s][info][gc] GC(15338) Concurrent Mark Cycle
[1018.359s][info][gc] GC(15338) Pause Remark 109M->73M(200M) 0.424ms
[1018.362s][info][gc] GC(15338) Pause Cleanup 79M->79M(200M) 0.069ms
[1018.362s][info][gc] GC(15338) Concurrent Mark Cycle 10.987ms
[1018.406s][info][gc] GC(15339) Pause Young (Prepare Mixed) (G1 Evacuation Pause) 186M->60M(200M) 1.361ms
[1018.459s][info][gc] GC(15340) Pause Young (Mixed) (G1 Evacuation Pause) 169M->59M(200M) 1.292ms
[1018.500s][info][gc] GC(15341) Pause Young (Normal) (G1 Evacuation Pause) 169M->59M(200M) 1.128ms
[1018.542s][info][gc] GC(15342) Pause Young (Normal) (G1 Evacuation Pause) 171M->58M(200M) 1.044ms
[1018.595s][info][gc] GC(15343) Pause Young (Normal) (G1 Evacuation Pause) 170M->61M(200M) 1.233ms
[1018.638s][info][gc] GC(15344) Pause Young (Normal) (G1 Evacuation Pause) 171M->62M(200M) 1.366ms
[1018.692s][info][gc] GC(15345) Pause Young (Normal) (G1 Evacuation Pause) 172M->63M(200M) 1.192ms
[1018.737s][info][gc] GC(15346) Pause Young (Normal) (G1 Evacuation Pause) 175M->64M(200M) 1.217ms
[1018.786s][info][gc] GC(15347) Pause Young (Normal) (G1 Evacuation Pause) 175M->64M(200M) 1.264ms
[1018.830s][info][gc] GC(15348) Pause Young (Normal) (G1 Evacuation Pause) 175M->65M(200M) 1.189ms
[1018.876s][info][gc] GC(15349) Pause Young (Normal) (G1 Evacuation Pause) 175M->66M(200M) 1.247ms
[1018.930s][info][gc] GC(15350) Pause Young (Normal) (G1 Evacuation Pause) 178M->68M(200M) 1.265ms
[1018.973s][info][gc] GC(15351) Pause Young (Normal) (G1 Evacuation Pause) 178M->68M(200M) 1.289ms
[1019.024s][info][gc] GC(15352) Pause Young (Normal) (G1 Evacuation Pause) 179M->69M(200M) 1.232ms
[1019.069s][info][gc] GC(15353) Pause Young (Normal) (G1 Evacuation Pause) 179M->71M(200M) 1.279ms
[1019.111s][info][gc] GC(15354) Pause Young (Normal) (G1 Evacuation Pause) 178M->69M(200M) 1.068ms
[1019.160s][info][gc] GC(15355) Pause Young (Normal) (G1 Evacuation Pause) 183M->72M(200M) 1.231ms
[1019.206s][info][gc] GC(15356) Pause Young (Normal) (G1 Evacuation Pause) 180M->73M(200M) 1.149ms
[1019.261s][info][gc] GC(15357) Pause Young (Concurrent Start) (G1 Evacuation Pause) 180M->74M(200M) 1.288ms
[1019.262s][info][gc] GC(15358) Concurrent Mark Cycle
[1019.273s][info][gc] GC(15358) Pause Remark 101M->101M(200M) 0.474ms
[1019.284s][info][gc] GC(15358) Pause Cleanup 128M->128M(200M) 0.095ms
[1019.284s][info][gc] GC(15358) Concurrent Mark Cycle 22.658ms
[1019.306s][info][gc] GC(15359) Pause Young (Prepare Mixed) (G1 Evacuation Pause) 179M->75M(200M) 1.209ms
[1019.349s][info][gc] GC(15360) Pause Young (Mixed) (G1 Evacuation Pause) 180M->71M(200M) 1.076ms
[1019.396s][info][gc] GC(15361) Pause Young (Concurrent Start) (G1 Evacuation Pause) 180M->74M(200M) 1.238ms
[1019.396s][info][gc] GC(15362) Concurrent Mark Cycle
[1019.408s][info][gc] GC(15362) Pause Remark 98M->98M(200M) 0.484ms
[1019.416s][info][gc] GC(15362) Pause Cleanup 117M->117M(200M) 0.056ms
[1019.416s][info][gc] GC(15362) Concurrent Mark Cycle 20.243ms
[1019.442s][info][gc] GC(15363) Pause Young (Prepare Mixed) (G1 Evacuation Pause) 179M->74M(200M) 1.197ms
[1019.493s][info][gc] GC(15364) Pause Young (Mixed) (G1 Evacuation Pause) 181M->73M(200M) 1.178ms
[1019.536s][info][gc] GC(15365) Pause Young (Concurrent Start) (G1 Evacuation Pause) 178M->74M(200M) 1.487ms
[1019.536s][info][gc] GC(15366) Concurrent Mark Cycle
[1019.552s][info][gc] GC(15366) Pause Remark 109M->109M(200M) 0.477ms
[1019.561s][info][gc] GC(15366) Pause Cleanup 126M->126M(200M) 0.053ms
[1019.562s][info][gc] GC(15366) Concurrent Mark Cycle 25.852ms
[1019.595s][info][gc] GC(15367) Pause Young (Prepare Mixed) (G1 Evacuation Pause) 179M->75M(200M) 1.253ms
[1019.641s][info][gc] GC(15368) Pause Young (Mixed) (G1 Evacuation Pause) 179M->76M(200M) 1.352ms
[1019.684s][info][gc] GC(15369) Pause Young (Concurrent Start) (G1 Evacuation Pause) 179M->75M(200M) 1.360ms
[1019.684s][info][gc] GC(15370) Concurrent Mark Cycle
[1019.695s][info][gc] GC(15370) Pause Remark 100M->100M(200M) 0.409ms
[1019.708s][info][gc] GC(15370) Pause Cleanup 118M->118M(200M) 0.066ms
[1019.709s][info][gc] GC(15370) Concurrent Mark Cycle 24.102ms
[1019.739s][info][gc] GC(15371) Pause Young (Prepare Mixed) (G1 Evacuation Pause) 181M->77M(200M) 1.189ms
[1019.780s][info][gc] GC(15372) Pause Young (Mixed) (G1 Evacuation Pause) 179M->77M(233M) 1.277ms
[1019.845s][info][gc] GC(15373) Pause Young (Normal) (G1 Evacuation Pause) 207M->78M(233M) 1.286ms
[1019.896s][info][gc] GC(15374) Pause Young (Normal) (G1 Evacuation Pause) 207M->79M(233M) 1.297ms
[1019.954s][info][gc] GC(15375) Pause Young (Normal) (G1 Evacuation Pause) 207M->80M(233M) 1.313ms
[1020.008s][info][gc] GC(15376) Pause Young (Normal) (G1 Evacuation Pause) 208M->81M(233M) 1.331ms
[1020.063s][info][gc] GC(15377) Pause Young (Normal) (G1 Evacuation Pause) 206M->82M(233M) 1.355ms
[1020.115s][info][gc] GC(15378) Pause Young (Normal) (G1 Evacuation Pause) 209M->85M(233M) 1.305ms
[1020.232s][info][gc] GC(15379) Pause Young (Normal) (G1 Evacuation Pause) 207M->83M(233M) 1.284ms
[1020.300s][info][gc] GC(15380) Pause Young (Normal) (G1 Evacuation Pause) 211M->87M(233M) 1.856ms
[1020.344s][info][gc] GC(15381) Pause Young (Normal) (G1 Evacuation Pause) 207M->87M(233M) 1.348ms
[1020.404s][info][gc] GC(15382) Pause Young (Concurrent Start) (G1 Evacuation Pause) 208M->88M(233M) 1.456ms
[1020.404s][info][gc] GC(15383) Concurrent Mark Cycle
[1020.411s][info][gc] GC(15383) Pause Remark 105M->72M(190M) 0.407ms
[1020.414s][info][gc] GC(15383) Pause Cleanup 78M->78M(190M) 0.046ms
[1020.414s][info][gc] GC(15383) Concurrent Mark Cycle 9.979ms
[1020.452s][info][gc] GC(15384) Pause Young (Prepare Mixed) (G1 Evacuation Pause) 175M->57M(190M) 1.336ms
[1020.504s][info][gc] GC(15385) Pause Young (Mixed) (G1 Evacuation Pause) 160M->54M(190M) 1.324ms
[1020.546s][info][gc] GC(15386) Pause Young (Normal) (G1 Evacuation Pause) 160M->55M(190M) 1.131ms
[1020.601s][info][gc] GC(15387) Pause Young (Normal) (G1 Evacuation Pause) 160M->56M(190M) 1.184ms
[1020.643s][info][gc] GC(15388) Pause Young (Normal) (G1 Evacuation Pause) 161M->57M(190M) 1.303ms
[1020.685s][info][gc] GC(15389) Pause Young (Normal) (G1 Evacuation Pause) 162M->58M(190M) 1.155ms
[1020.736s][info][gc] GC(15390) Pause Young (Normal) (G1 Evacuation Pause) 163M->59M(190M) 1.322ms
[1020.781s][info][gc] GC(15391) Pause Young (Normal) (G1 Evacuation Pause) 164M->59M(190M) 1.275ms
[1020.831s][info][gc] GC(15392) Pause Young (Normal) (G1 Evacuation Pause) 164M->60M(190M) 1.225ms
[1020.883s][info][gc] GC(15393) Pause Young (Normal) (G1 Evacuation Pause) 166M->62M(190M) 1.337ms
[1020.925s][info][gc] GC(15394) Pause Young (Normal) (G1 Evacuation Pause) 166M->62M(190M) 1.455ms
[1020.976s][info][gc] GC(15395) Pause Young (Normal) (G1 Evacuation Pause) 167M->63M(190M) 1.176ms
[1021.022s][info][gc] GC(15396) Pause Young (Normal) (G1 Evacuation Pause) 167M->65M(190M) 1.201ms
[1021.066s][info][gc] GC(15397) Pause Young (Normal) (G1 Evacuation Pause) 170M->64M(190M) 1.115ms
[1021.116s][info][gc] GC(15398) Pause Young (Normal) (G1 Evacuation Pause) 170M->66M(190M) 1.174ms
[1021.157s][info][gc] GC(15399) Pause Young (Normal) (G1 Evacuation Pause) 169M->67M(190M) 1.324ms
[1021.213s][info][gc] GC(15400) Pause Young (Normal) (G1 Evacuation Pause) 170M->68M(190M) 1.356ms
[1021.253s][info][gc] GC(15401) Pause Young (Normal) (G1 Evacuation Pause) 169M->69M(190M) 1.249ms
[1021.300s][info][gc] GC(15402) Pause Young (Concurrent Start) (G1 Evacuation Pause) 171M->69M(190M) 1.325ms
[1021.300s][info][gc] GC(15403) Concurrent Mark Cycle
[1021.311s][info][gc] GC(15403) Pause Remark 86M->83M(190M) 0.466ms
[1021.319s][info][gc] GC(15403) Pause Cleanup 96M->96M(190M) 0.066ms
[1021.319s][info][gc] GC(15403) Concurrent Mark Cycle 18.765ms
[1021.352s][info][gc] GC(15404) Pause Young (Prepare Mixed) (G1 Evacuation Pause) 166M->68M(190M) 1.375ms
[1021.392s][info][gc] GC(15405) Pause Young (Mixed) (G1 Evacuation Pause) 170M->66M(190M) 1.140ms
[1021.445s][info][gc] GC(15406) Pause Young (Normal) (G1 Evacuation Pause) 171M->67M(190M) 1.129ms
[1021.489s][info][gc] GC(15407) Pause Young (Normal) (G1 Evacuation Pause) 170M->68M(190M) 1.292ms
[1021.531s][info][gc] GC(15408) Pause Young (Normal) (G1 Evacuation Pause) 170M->68M(190M) 1.241ms
[1021.580s][info][gc] GC(15409) Pause Young (Normal) (G1 Evacuation Pause) 171M->70M(224M) 1.364ms
[1021.629s][info][gc] GC(15410) Pause Young (Normal) (G1 Evacuation Pause) 194M->70M(224M) 1.311ms
[1021.693s][info][gc] GC(15411) Pause Young (Normal) (G1 Evacuation Pause) 194M->71M(224M) 1.311ms
[1021.742s][info][gc] GC(15412) Pause Young (Normal) (G1 Evacuation Pause) 194M->72M(224M) 1.353ms
[1021.803s][info][gc] GC(15413) Pause Young (Normal) (G1 Evacuation Pause) 196M->73M(224M) 1.386ms
[1021.851s][info][gc] GC(15414) Pause Young (Normal) (G1 Evacuation Pause) 197M->74M(224M) 1.382ms
[1021.906s][info][gc] GC(15415) Pause Young (Normal) (G1 Evacuation Pause) 197M->76M(224M) 1.290ms
[1021.958s][info][gc] GC(15416) Pause Young (Normal) (G1 Evacuation Pause) 199M->76M(224M) 1.280ms
[1022.012s][info][gc] GC(15417) Pause Young (Normal) (G1 Evacuation Pause) 199M->77M(224M) 1.248ms
[1022.063s][info][gc] GC(15418) Pause Young (Normal) (G1 Evacuation Pause) 200M->79M(224M) 1.285ms
[1022.114s][info][gc] GC(15419) Pause Young (Normal) (G1 Evacuation Pause) 200M->78M(224M) 1.207ms
[1022.166s][info][gc] GC(15420) Pause Young (Normal) (G1 Evacuation Pause) 201M->80M(224M) 1.254ms
[1022.209s][info][gc] GC(15421) Pause Young (Normal) (G1 Evacuation Pause) 199M->80M(224M) 1.205ms
[1022.269s][info][gc] GC(15422) Pause Young (Normal) (G1 Evacuation Pause) 200M->82M(224M) 1.458ms
[1022.314s][info][gc] GC(15423) Pause Young (Normal) (G1 Evacuation Pause) 198M->83M(224M) 1.321ms
[1022.369s][info][gc] GC(15424) Pause Young (Concurrent Start) (G1 Evacuation Pause) 202M->84M(224M) 1.339ms
[1022.369s][info][gc] GC(15425) Concurrent Mark Cycle
[1022.385s][info][gc] GC(15425) Pause Remark 111M->111M(224M) 0.512ms
[1022.394s][info][gc] GC(15425) Pause Cleanup 133M->133M(224M) 0.050ms
[1022.394s][info][gc] GC(15425) Concurrent Mark Cycle 25.096ms
[1022.421s][info][gc] GC(15426) Pause Young (Prepare Mixed) (G1 Evacuation Pause) 202M->85M(224M) 1.271ms
[1022.475s][info][gc] GC(15427) Pause Young (Mixed) (G1 Evacuation Pause) 199M->85M(224M) 1.266ms
[1022.522s][info][gc] GC(15428) Pause Young (Concurrent Start) (G1 Evacuation Pause) 201M->86M(224M) 1.294ms
[1022.522s][info][gc] GC(15429) Concurrent Mark Cycle
[1022.536s][info][gc] GC(15429) Pause Remark 118M->118M(224M) 0.463ms
[1022.545s][info][gc] GC(15429) Pause Cleanup 140M->140M(224M) 0.060ms
[1022.545s][info][gc] GC(15429) Concurrent Mark Cycle 22.604ms
[1022.593s][info][gc] GC(15430) Pause Young (Prepare Mixed) (G1 Evacuation Pause) 200M->84M(224M) 0.960ms
[1022.720s][info][gc] GC(15431) Pause Young (Mixed) (G1 Evacuation Pause) 205M->88M(224M) 1.383ms
[1022.762s][info][gc] GC(15432) Pause Young (Concurrent Start) (G1 Evacuation Pause) 198M->89M(224M) 1.375ms
[1022.762s][info][gc] GC(15433) Concurrent Mark Cycle
[1022.769s][info][gc] GC(15433) Pause Remark 106M->73M(187M) 0.420ms
[1022.774s][info][gc] GC(15433) Pause Cleanup 86M->86M(187M) 0.056ms
[1022.774s][info][gc] GC(15433) Concurrent Mark Cycle 11.771ms
[1022.818s][info][gc] GC(15434) Pause Young (Prepare Mixed) (G1 Evacuation Pause) 170M->57M(187M) 1.289ms
[1022.858s][info][gc] GC(15435) Pause Young (Mixed) (G1 Evacuation Pause) 158M->55M(187M) 1.255ms
[1022.894s][info][gc] GC(15436) Pause Young (Normal) (G1 Evacuation Pause) 160M->54M(187M) 1.010ms
[1022.949s][info][gc] GC(15437) Pause Young (Normal) (G1 Evacuation Pause) 159M->57M(187M) 1.364ms
[1022.989s][info][gc] GC(15438) Pause Young (Normal) (G1 Evacuation Pause) 159M->58M(187M) 1.166ms
[1023.040s][info][gc] GC(15439) Pause Young (Normal) (G1 Evacuation Pause) 162M->59M(221M) 1.351ms
[1023.090s][info][gc] GC(15440) Pause Young (Normal) (G1 Evacuation Pause) 183M->60M(221M) 1.218ms
[1023.145s][info][gc] GC(15441) Pause Young (Normal) (G1 Evacuation Pause) 182M->61M(221M) 1.235ms
[1023.200s][info][gc] GC(15442) Pause Young (Normal) (G1 Evacuation Pause) 183M->61M(221M) 1.380ms
[1023.253s][info][gc] GC(15443) Pause Young (Normal) (G1 Evacuation Pause) 183M->62M(221M) 1.355ms
[1023.311s][info][gc] GC(15444) Pause Young (Normal) (G1 Evacuation Pause) 184M->63M(221M) 1.285ms
[1023.357s][info][gc] GC(15445) Pause Young (Normal) (G1 Evacuation Pause) 184M->64M(221M) 1.326ms
[1023.415s][info][gc] GC(15446) Pause Young (Normal) (G1 Evacuation Pause) 185M->65M(221M) 1.269ms
[1023.466s][info][gc] GC(15447) Pause Young (Normal) (G1 Evacuation Pause) 187M->67M(221M) 1.442ms
[1023.524s][info][gc] GC(15448) Pause Young (Normal) (G1 Evacuation Pause) 188M->68M(221M) 1.320ms
[1023.572s][info][gc] GC(15449) Pause Young (Normal) (G1 Evacuation Pause) 189M->68M(221M) 1.271ms
[1023.630s][info][gc] GC(15450) Pause Young (Normal) (G1 Evacuation Pause) 190M->70M(221M) 1.335ms
[1023.678s][info][gc] GC(15451) Pause Young (Normal) (G1 Evacuation Pause) 191M->71M(221M) 1.278ms
[1023.734s][info][gc] GC(15452) Pause Young (Normal) (G1 Evacuation Pause) 192M->72M(221M) 1.321ms
[1023.783s][info][gc] GC(15453) Pause Young (Normal) (G1 Evacuation Pause) 193M->72M(221M) 1.249ms
[1023.841s][info][gc] GC(15454) Pause Young (Normal) (G1 Evacuation Pause) 194M->74M(221M) 1.319ms
[1023.888s][info][gc] GC(15455) Pause Young (Normal) (G1 Evacuation Pause) 195M->75M(221M) 1.353ms
[1023.942s][info][gc] GC(15456) Pause Young (Normal) (G1 Evacuation Pause) 197M->75M(221M) 1.250ms
[1023.993s][info][gc] GC(15457) Pause Young (Normal) (G1 Evacuation Pause) 198M->76M(221M) 1.228ms
[1024.041s][info][gc] GC(15458) Pause Young (Normal) (G1 Evacuation Pause) 198M->76M(221M) 1.171ms
[1024.099s][info][gc] GC(15459) Pause Young (Normal) (G1 Evacuation Pause) 199M->78M(221M) 1.333ms
[1024.148s][info][gc] GC(15460) Pause Young (Normal) (G1 Evacuation Pause) 197M->79M(221M) 1.337ms
[1024.205s][info][gc] GC(15461) Pause Young (Normal) (G1 Evacuation Pause) 198M->81M(221M) 1.261ms
[1024.253s][info][gc] GC(15462) Pause Young (Normal) (G1 Evacuation Pause) 197M->81M(221M) 1.363ms
[1024.310s][info][gc] GC(15463) Pause Young (Normal) (G1 Evacuation Pause) 197M->83M(221M) 1.235ms
[1024.357s][info][gc] GC(15464) Pause Young (Concurrent Start) (G1 Evacuation Pause) 198M->84M(221M) 1.238ms
[1024.357s][info][gc] GC(15465) Concurrent Mark Cycle
[1024.367s][info][gc] GC(15465) Pause Remark 111M->107M(221M) 0.466ms
[1024.376s][info][gc] GC(15465) Pause Cleanup 125M->125M(221M) 0.060ms
[1024.376s][info][gc] GC(15465) Concurrent Mark Cycle 18.935ms
[1024.412s][info][gc] GC(15466) Pause Young (Prepare Mixed) (G1 Evacuation Pause) 194M->80M(221M) 1.204ms
[1024.461s][info][gc] GC(15467) Pause Young (Mixed) (G1 Evacuation Pause) 199M->79M(221M) 1.371ms
[1024.512s][info][gc] GC(15468) Pause Young (Normal) (G1 Evacuation Pause) 196M->78M(221M) 1.292ms
[1024.571s][info][gc] GC(15469) Pause Young (Normal) (G1 Evacuation Pause) 200M->80M(221M) 1.282ms
[1024.616s][info][gc] GC(15470) Pause Young (Normal) (G1 Evacuation Pause) 198M->81M(221M) 1.211ms
[1024.672s][info][gc] GC(15471) Pause Young (Normal) (G1 Evacuation Pause) 199M->81M(221M) 1.183ms
[1024.719s][info][gc] GC(15472) Pause Young (Normal) (G1 Evacuation Pause) 197M->84M(221M) 1.371ms
[1024.774s][info][gc] GC(15473) Pause Young (Concurrent Start) (G1 Evacuation Pause) 197M->84M(221M) 1.495ms
[1024.774s][info][gc] GC(15474) Concurrent Mark Cycle
[1024.789s][info][gc] GC(15474) Pause Remark 118M->118M(221M) 0.406ms
[1024.804s][info][gc] GC(15474) Pause Cleanup 146M->146M(221M) 0.078ms
[1024.804s][info][gc] GC(15474) Concurrent Mark Cycle 29.540ms
[1024.824s][info][gc] GC(15475) Pause Young (Prepare Mixed) (G1 Evacuation Pause) 197M->85M(221M) 1.296ms
[1024.875s][info][gc] GC(15476) Pause Young (Mixed) (G1 Evacuation Pause) 199M->84M(221M) 1.201ms
[1024.925s][info][gc] GC(15477) Pause Young (Concurrent Start) (G1 Evacuation Pause) 197M->87M(221M) 1.296ms
[1024.925s][info][gc] GC(15478) Concurrent Mark Cycle
[1024.942s][info][gc] GC(15478) Pause Remark 131M->131M(221M) 0.453ms
[1024.956s][info][gc] GC(15478) Pause Cleanup 163M->163M(221M) 0.055ms
[1024.956s][info][gc] GC(15478) Concurrent Mark Cycle 31.534ms
[1024.972s][info][gc] GC(15479) Pause Young (Prepare Mixed) (G1 Evacuation Pause) 197M->85M(221M) 1.263ms
[1025.115s][info][gc] GC(15480) Pause Young (Mixed) (G1 Evacuation Pause) 199M->88M(221M) 1.403ms
[1025.158s][info][gc] GC(15481) Pause Young (Concurrent Start) (G1 Evacuation Pause) 197M->88M(221M) 1.300ms
[1025.158s][info][gc] GC(15482) Concurrent Mark Cycle
[1025.168s][info][gc] GC(15482) Pause Remark 113M->80M(187M) 0.421ms
[1025.171s][info][gc] GC(15482) Pause Cleanup 86M->86M(187M) 0.058ms
[1025.171s][info][gc] GC(15482) Concurrent Mark Cycle 13.230ms
[1025.211s][info][gc] GC(15483) Pause Young (Prepare Mixed) (G1 Evacuation Pause) 166M->56M(187M) 1.279ms
[1025.253s][info][gc] GC(15484) Pause Young (Mixed) (G1 Evacuation Pause) 159M->55M(187M) 1.308ms
[1025.293s][info][gc] GC(15485) Pause Young (Normal) (G1 Evacuation Pause) 159M->56M(236M) 1.183ms
[1025.357s][info][gc] GC(15486) Pause Young (Normal) (G1 Evacuation Pause) 189M->57M(236M) 1.196ms
[1025.408s][info][gc] GC(15487) Pause Young (Normal) (G1 Evacuation Pause) 189M->58M(236M) 1.357ms
[1025.469s][info][gc] GC(15488) Pause Young (Normal) (G1 Evacuation Pause) 189M->59M(236M) 1.420ms
[1025.521s][info][gc] GC(15489) Pause Young (Normal) (G1 Evacuation Pause) 189M->60M(236M) 1.337ms
[1025.584s][info][gc] GC(15490) Pause Young (Normal) (G1 Evacuation Pause) 190M->62M(236M) 1.335ms
[1025.633s][info][gc] GC(15491) Pause Young (Normal) (G1 Evacuation Pause) 192M->62M(236M) 1.294ms
[1025.699s][info][gc] GC(15492) Pause Young (Normal) (G1 Evacuation Pause) 192M->64M(236M) 1.598ms
[1025.747s][info][gc] GC(15493) Pause Young (Normal) (G1 Evacuation Pause) 193M->65M(236M) 1.357ms
[1025.810s][info][gc] GC(15494) Pause Young (Normal) (G1 Evacuation Pause) 196M->66M(236M) 1.264ms
[1025.864s][info][gc] GC(15495) Pause Young (Normal) (G1 Evacuation Pause) 196M->67M(236M) 1.282ms
[1025.935s][info][gc] GC(15496) Pause Young (Normal) (G1 Evacuation Pause) 197M->68M(236M) 1.329ms
[1025.985s][info][gc] GC(15497) Pause Young (Normal) (G1 Evacuation Pause) 198M->69M(236M) 1.321ms
[1026.050s][info][gc] GC(15498) Pause Young (Normal) (G1 Evacuation Pause) 199M->70M(236M) 1.771ms
[1026.102s][info][gc] GC(15499) Pause Young (Normal) (G1 Evacuation Pause) 200M->71M(236M) 1.491ms
[1026.164s][info][gc] GC(15500) Pause Young (Normal) (G1 Evacuation Pause) 201M->72M(236M) 1.328ms
[1026.216s][info][gc] GC(15501) Pause Young (Normal) (G1 Evacuation Pause) 202M->73M(236M) 1.449ms
[1026.277s][info][gc] GC(15502) Pause Young (Normal) (G1 Evacuation Pause) 203M->74M(236M) 1.330ms
[1026.331s][info][gc] GC(15503) Pause Young (Normal) (G1 Evacuation Pause) 204M->76M(236M) 1.340ms
[1026.393s][info][gc] GC(15504) Pause Young (Normal) (G1 Evacuation Pause) 205M->77M(236M) 1.326ms
[1026.444s][info][gc] GC(15505) Pause Young (Normal) (G1 Evacuation Pause) 208M->77M(236M) 1.228ms
[1026.503s][info][gc] GC(15506) Pause Young (Normal) (G1 Evacuation Pause) 207M->79M(236M) 1.381ms
[1026.554s][info][gc] GC(15507) Pause Young (Normal) (G1 Evacuation Pause) 209M->79M(236M) 1.337ms
[1026.612s][info][gc] GC(15508) Pause Young (Normal) (G1 Evacuation Pause) 209M->80M(236M) 1.330ms
[1026.667s][info][gc] GC(15509) Pause Young (Normal) (G1 Evacuation Pause) 210M->82M(236M) 1.503ms
[1026.725s][info][gc] GC(15510) Pause Young (Normal) (G1 Evacuation Pause) 209M->84M(236M) 1.394ms
[1026.775s][info][gc] GC(15511) Pause Young (Normal) (G1 Evacuation Pause) 211M->84M(236M) 1.547ms
[1026.829s][info][gc] GC(15512) Pause Young (Normal) (G1 Evacuation Pause) 211M->84M(236M) 1.202ms
[1026.883s][info][gc] GC(15513) Pause Young (Normal) (G1 Evacuation Pause) 211M->86M(236M) 1.300ms
[1026.936s][info][gc] GC(15514) Pause Young (Normal) (G1 Evacuation Pause) 209M->86M(236M) 1.333ms
[1026.988s][info][gc] GC(15515) Pause Young (Normal) (G1 Evacuation Pause) 211M->88M(236M) 1.254ms
[1027.040s][info][gc] GC(15516) Pause Young (Concurrent Start) (G1 Evacuation Pause) 210M->88M(236M) 1.358ms
[1027.040s][info][gc] GC(15517) Concurrent Mark Cycle
[1027.055s][info][gc] GC(15517) Pause Remark 114M->109M(236M) 0.407ms
[1027.067s][info][gc] GC(15517) Pause Cleanup 134M->134M(236M) 0.053ms
[1027.068s][info][gc] GC(15517) Concurrent Mark Cycle 27.904ms
[1027.101s][info][gc] GC(15518) Pause Young (Prepare Mixed) (G1 Evacuation Pause) 207M->86M(236M) 1.489ms
[1027.149s][info][gc] GC(15519) Pause Young (Mixed) (G1 Evacuation Pause) 211M->82M(236M) 1.252ms
[1027.208s][info][gc] GC(15520) Pause Young (Normal) (G1 Evacuation Pause) 212M->85M(236M) 1.314ms
[1027.257s][info][gc] GC(15521) Pause Young (Normal) (G1 Evacuation Pause) 211M->84M(236M) 1.197ms
[1027.318s][info][gc] GC(15522) Pause Young (Normal) (G1 Evacuation Pause) 213M->86M(236M) 1.345ms
[1027.364s][info][gc] GC(15523) Pause Young (Normal) (G1 Evacuation Pause) 209M->87M(236M) 1.246ms
[1027.503s][info][gc] GC(15524) Pause Young (Normal) (G1 Evacuation Pause) 212M->90M(236M) 1.437ms
[1027.551s][info][gc] GC(15525) Pause Young (Normal) (G1 Evacuation Pause) 209M->91M(236M) 1.472ms
[1027.609s][info][gc] GC(15526) Pause Young (Concurrent Start) (G1 Evacuation Pause) 211M->92M(236M) 1.519ms
[1027.609s][info][gc] GC(15527) Concurrent Mark Cycle
[1027.616s][info][gc] GC(15527) Pause Remark 111M->73M(184M) 0.422ms
[1027.619s][info][gc] GC(15527) Pause Cleanup 80M->80M(184M) 0.063ms
[1027.619s][info][gc] GC(15527) Concurrent Mark Cycle 10.590ms
[1027.658s][info][gc] GC(15528) Pause Young (Prepare Mixed) (G1 Evacuation Pause) 174M->55M(187M) 1.501ms
[1027.704s][info][gc] GC(15529) Pause Young (Mixed) (G1 Evacuation Pause) 157M->52M(187M) 1.273ms
[1027.750s][info][gc] GC(15530) Pause Young (Normal) (G1 Evacuation Pause) 157M->54M(187M) 1.241ms
[1027.794s][info][gc] GC(15531) Pause Young (Normal) (G1 Evacuation Pause) 157M->56M(187M) 1.268ms
[1027.844s][info][gc] GC(15532) Pause Young (Normal) (G1 Evacuation Pause) 159M->56M(187M) 1.139ms
[1027.887s][info][gc] GC(15533) Pause Young (Normal) (G1 Evacuation Pause) 160M->57M(187M) 1.226ms
[1027.929s][info][gc] GC(15534) Pause Young (Normal) (G1 Evacuation Pause) 161M->56M(187M) 1.093ms
[1027.979s][info][gc] GC(15535) Pause Young (Normal) (G1 Evacuation Pause) 162M->60M(187M) 1.253ms
[1028.018s][info][gc] GC(15536) Pause Young (Normal) (G1 Evacuation Pause) 162M->60M(187M) 1.352ms
[1028.070s][info][gc] GC(15537) Pause Young (Normal) (G1 Evacuation Pause) 164M->60M(187M) 1.263ms
[1028.117s][info][gc] GC(15538) Pause Young (Normal) (G1 Evacuation Pause) 163M->61M(187M) 1.700ms
[1028.161s][info][gc] GC(15539) Pause Young (Normal) (G1 Evacuation Pause) 164M->61M(187M) 1.120ms
[1028.215s][info][gc] GC(15540) Pause Young (Normal) (G1 Evacuation Pause) 165M->63M(187M) 1.231ms
[1028.253s][info][gc] GC(15541) Pause Young (Normal) (G1 Evacuation Pause) 165M->64M(187M) 1.323ms
[1028.305s][info][gc] GC(15542) Pause Young (Normal) (G1 Evacuation Pause) 168M->64M(187M) 1.176ms
[1028.346s][info][gc] GC(15543) Pause Young (Normal) (G1 Evacuation Pause) 167M->65M(187M) 1.376ms
[1028.386s][info][gc] GC(15544) Pause Young (Normal) (G1 Evacuation Pause) 166M->65M(221M) 1.204ms
[1028.447s][info][gc] GC(15545) Pause Young (Normal) (G1 Evacuation Pause) 190M->67M(221M) 1.202ms
[1028.496s][info][gc] GC(15546) Pause Young (Normal) (G1 Evacuation Pause) 190M->67M(221M) 1.144ms
[1028.557s][info][gc] GC(15547) Pause Young (Normal) (G1 Evacuation Pause) 190M->70M(221M) 1.354ms
[1028.599s][info][gc] GC(15548) Pause Young (Normal) (G1 Evacuation Pause) 190M->70M(221M) 1.339ms
[1028.654s][info][gc] GC(15549) Pause Young (Normal) (G1 Evacuation Pause) 193M->71M(221M) 1.300ms
[1028.705s][info][gc] GC(15550) Pause Young (Normal) (G1 Evacuation Pause) 193M->72M(221M) 1.256ms
[1028.762s][info][gc] GC(15551) Pause Young (Normal) (G1 Evacuation Pause) 193M->73M(221M) 1.315ms
[1028.814s][info][gc] GC(15552) Pause Young (Normal) (G1 Evacuation Pause) 196M->74M(221M) 1.277ms
[1028.868s][info][gc] GC(15553) Pause Young (Normal) (G1 Evacuation Pause) 196M->75M(221M) 1.281ms
[1028.917s][info][gc] GC(15554) Pause Young (Normal) (G1 Evacuation Pause) 197M->76M(221M) 1.398ms
[1028.966s][info][gc] GC(15555) Pause Young (Normal) (G1 Evacuation Pause) 198M->76M(221M) 1.373ms
[1029.023s][info][gc] GC(15556) Pause Young (Normal) (G1 Evacuation Pause) 199M->78M(221M) 1.315ms
[1029.073s][info][gc] GC(15557) Pause Young (Normal) (G1 Evacuation Pause) 197M->79M(221M) 1.475ms
[1029.126s][info][gc] GC(15558) Pause Young (Normal) (G1 Evacuation Pause) 196M->80M(221M) 1.478ms
[1029.172s][info][gc] GC(15559) Pause Young (Normal) (G1 Evacuation Pause) 197M->81M(221M) 1.224ms
[1029.226s][info][gc] GC(15560) Pause Young (Normal) (G1 Evacuation Pause) 199M->83M(221M) 1.304ms
[1029.273s][info][gc] GC(15561) Pause Young (Normal) (G1 Evacuation Pause) 197M->84M(221M) 1.274ms
[1029.323s][info][gc] GC(15562) Pause Young (Concurrent Start) (G1 Evacuation Pause) 198M->84M(221M) 1.220ms
[1029.324s][info][gc] GC(15563) Concurrent Mark Cycle
[1029.337s][info][gc] GC(15563) Pause Remark 113M->108M(221M) 0.477ms
[1029.350s][info][gc] GC(15563) Pause Cleanup 140M->140M(221M) 0.059ms
[1029.350s][info][gc] GC(15563) Concurrent Mark Cycle 26.637ms
[1029.377s][info][gc] GC(15564) Pause Young (Prepare Mixed) (G1 Evacuation Pause) 194M->81M(221M) 1.283ms
[1029.421s][info][gc] GC(15565) Pause Young (Mixed) (G1 Evacuation Pause) 197M->78M(221M) 1.152ms
[1029.480s][info][gc] GC(15566) Pause Young (Normal) (G1 Evacuation Pause) 200M->80M(221M) 1.269ms
[1029.525s][info][gc] GC(15567) Pause Young (Normal) (G1 Evacuation Pause) 196M->81M(221M) 1.199ms
[1029.582s][info][gc] GC(15568) Pause Young (Normal) (G1 Evacuation Pause) 199M->82M(221M) 1.328ms
[1029.627s][info][gc] GC(15569) Pause Young (Normal) (G1 Evacuation Pause) 196M->82M(221M) 1.274ms
[1029.684s][info][gc] GC(15570) Pause Young (Concurrent Start) (G1 Evacuation Pause) 199M->84M(221M) 1.286ms
[1029.684s][info][gc] GC(15571) Concurrent Mark Cycle
[1029.696s][info][gc] GC(15571) Pause Remark 110M->110M(221M) 0.407ms
[1029.705s][info][gc] GC(15571) Pause Cleanup 133M->133M(221M) 0.051ms
[1029.706s][info][gc] GC(15571) Concurrent Mark Cycle 21.682ms
[1029.730s][info][gc] GC(15572) Pause Young (Prepare Mixed) (G1 Evacuation Pause) 197M->85M(221M) 1.330ms
[1029.855s][info][gc] GC(15573) Pause Young (Mixed) (G1 Evacuation Pause) 198M->84M(221M) 1.310ms
[1029.911s][info][gc] GC(15574) Pause Young (Concurrent Start) (G1 Evacuation Pause) 200M->86M(221M) 1.304ms
[1029.911s][info][gc] GC(15575) Concurrent Mark Cycle
[1029.918s][info][gc] GC(15575) Pause Remark 99M->65M(180M) 0.466ms
[1029.920s][info][gc] GC(15575) Pause Cleanup 69M->69M(180M) 0.048ms
[1029.921s][info][gc] GC(15575) Concurrent Mark Cycle 9.341ms
[1029.954s][info][gc] GC(15576) Pause Young (Prepare Mixed) (G1 Evacuation Pause) 162M->53M(180M) 1.364ms
[1030.002s][info][gc] GC(15577) Pause Young (Mixed) (G1 Evacuation Pause) 152M->53M(180M) 1.275ms
[1030.043s][info][gc] GC(15578) Pause Young (Normal) (G1 Evacuation Pause) 152M->55M(180M) 1.263ms
[1030.079s][info][gc] GC(15579) Pause Young (Normal) (G1 Evacuation Pause) 154M->54M(180M) 1.025ms
[1030.128s][info][gc] GC(15580) Pause Young (Normal) (G1 Evacuation Pause) 155M->56M(180M) 1.076ms
[1030.169s][info][gc] GC(15581) Pause Young (Normal) (G1 Evacuation Pause) 155M->57M(180M) 1.270ms
[1030.217s][info][gc] GC(15582) Pause Young (Normal) (G1 Evacuation Pause) 156M->58M(180M) 1.126ms
[1030.255s][info][gc] GC(15583) Pause Young (Normal) (G1 Evacuation Pause) 158M->58M(180M) 1.121ms
[1030.294s][info][gc] GC(15584) Pause Young (Normal) (G1 Evacuation Pause) 158M->59M(214M) 1.186ms
[1030.352s][info][gc] GC(15585) Pause Young (Normal) (G1 Evacuation Pause) 179M->61M(214M) 1.253ms
[1030.398s][info][gc] GC(15586) Pause Young (Normal) (G1 Evacuation Pause) 179M->60M(214M) 1.265ms
[1030.457s][info][gc] GC(15587) Pause Young (Normal) (G1 Evacuation Pause) 180M->62M(214M) 1.243ms
[1030.501s][info][gc] GC(15588) Pause Young (Normal) (G1 Evacuation Pause) 180M->63M(214M) 1.207ms
[1030.557s][info][gc] GC(15589) Pause Young (Normal) (G1 Evacuation Pause) 182M->64M(214M) 1.235ms
[1030.605s][info][gc] GC(15590) Pause Young (Normal) (G1 Evacuation Pause) 182M->65M(214M) 1.278ms
[1030.655s][info][gc] GC(15591) Pause Young (Normal) (G1 Evacuation Pause) 183M->66M(214M) 1.198ms
[1030.704s][info][gc] GC(15592) Pause Young (Normal) (G1 Evacuation Pause) 185M->67M(214M) 1.246ms
[1030.750s][info][gc] GC(15593) Pause Young (Normal) (G1 Evacuation Pause) 184M->68M(214M) 1.410ms
[1030.809s][info][gc] GC(15594) Pause Young (Normal) (G1 Evacuation Pause) 187M->69M(214M) 1.216ms
[1030.855s][info][gc] GC(15595) Pause Young (Normal) (G1 Evacuation Pause) 187M->70M(214M) 1.278ms
[1030.913s][info][gc] GC(15596) Pause Young (Normal) (G1 Evacuation Pause) 188M->71M(214M) 1.266ms
[1030.959s][info][gc] GC(15597) Pause Young (Normal) (G1 Evacuation Pause) 189M->72M(214M) 1.226ms
[1031.015s][info][gc] GC(15598) Pause Young (Normal) (G1 Evacuation Pause) 191M->73M(214M) 1.212ms
[1031.062s][info][gc] GC(15599) Pause Young (Normal) (G1 Evacuation Pause) 189M->74M(214M) 1.300ms
[1031.117s][info][gc] GC(15600) Pause Young (Normal) (G1 Evacuation Pause) 192M->74M(214M) 1.399ms
[1031.165s][info][gc] GC(15601) Pause Young (Normal) (G1 Evacuation Pause) 191M->75M(214M) 1.315ms
[1031.210s][info][gc] GC(15602) Pause Young (Normal) (G1 Evacuation Pause) 190M->76M(214M) 1.205ms
[1031.263s][info][gc] GC(15603) Pause Young (Normal) (G1 Evacuation Pause) 190M->78M(214M) 1.245ms
[1031.311s][info][gc] GC(15604) Pause Young (Normal) (G1 Evacuation Pause) 191M->79M(214M) 1.231ms
[1031.364s][info][gc] GC(15605) Pause Young (Normal) (G1 Evacuation Pause) 191M->79M(214M) 1.181ms
[1031.409s][info][gc] GC(15606) Pause Young (Concurrent Start) (G1 Evacuation Pause) 191M->81M(214M) 1.227ms
[1031.409s][info][gc] GC(15607) Concurrent Mark Cycle
[1031.421s][info][gc] GC(15607) Pause Remark 109M->105M(214M) 0.453ms
[1031.429s][info][gc] GC(15607) Pause Cleanup 125M->125M(214M) 0.056ms
[1031.430s][info][gc] GC(15607) Concurrent Mark Cycle 20.177ms
[1031.460s][info][gc] GC(15608) Pause Young (Prepare Mixed) (G1 Evacuation Pause) 186M->77M(214M) 1.239ms
[1031.507s][info][gc] GC(15609) Pause Young (Mixed) (G1 Evacuation Pause) 191M->77M(214M) 1.249ms
[1031.552s][info][gc] GC(15610) Pause Young (Normal) (G1 Evacuation Pause) 191M->78M(214M) 1.305ms
[1031.605s][info][gc] GC(15611) Pause Young (Normal) (G1 Evacuation Pause) 191M->79M(214M) 1.360ms
[1031.648s][info][gc] GC(15612) Pause Young (Normal) (G1 Evacuation Pause) 191M->79M(214M) 1.202ms
[1031.702s][info][gc] GC(15613) Pause Young (Concurrent Start) (G1 Evacuation Pause) 191M->81M(214M) 1.371ms
[1031.702s][info][gc] GC(15614) Concurrent Mark Cycle
[1031.713s][info][gc] GC(15614) Pause Remark 105M->105M(214M) 0.408ms
[1031.722s][info][gc] GC(15614) Pause Cleanup 127M->127M(214M) 0.057ms
[1031.722s][info][gc] GC(15614) Concurrent Mark Cycle 19.926ms
[1031.749s][info][gc] GC(15615) Pause Young (Prepare Mixed) (G1 Evacuation Pause) 191M->82M(214M) 1.213ms
[1031.793s][info][gc] GC(15616) Pause Young (Mixed) (G1 Evacuation Pause) 190M->79M(214M) 1.083ms
[1031.845s][info][gc] GC(15617) Pause Young (Concurrent Start) (G1 Evacuation Pause) 192M->82M(214M) 1.252ms
[1031.845s][info][gc] GC(15618) Concurrent Mark Cycle
[1031.857s][info][gc] GC(15618) Pause Remark 112M->112M(214M) 0.451ms
[1031.870s][info][gc] GC(15618) Pause Cleanup 144M->144M(214M) 0.057ms
[1031.870s][info][gc] GC(15618) Concurrent Mark Cycle 24.615ms
[1031.891s][info][gc] GC(15619) Pause Young (Prepare Mixed) (G1 Evacuation Pause) 191M->83M(214M) 1.321ms
[1031.941s][info][gc] GC(15620) Pause Young (Mixed) (G1 Evacuation Pause) 190M->82M(214M) 1.316ms
[1031.985s][info][gc] GC(15621) Pause Young (Concurrent Start) (G1 Evacuation Pause) 192M->83M(214M) 1.293ms
[1031.985s][info][gc] GC(15622) Concurrent Mark Cycle
[1031.996s][info][gc] GC(15622) Pause Remark 106M->106M(214M) 0.418ms
[1032.008s][info][gc] GC(15622) Pause Cleanup 130M->130M(214M) 0.059ms
[1032.008s][info][gc] GC(15622) Concurrent Mark Cycle 23.144ms
[1032.038s][info][gc] GC(15623) Pause Young (Prepare Mixed) (G1 Evacuation Pause) 192M->83M(214M) 1.309ms
[1032.084s][info][gc] GC(15624) Pause Young (Mixed) (G1 Evacuation Pause) 193M->85M(214M) 1.288ms
[1032.128s][info][gc] GC(15625) Pause Young (Concurrent Start) (G1 Evacuation Pause) 191M->84M(214M) 1.243ms
[1032.128s][info][gc] GC(15626) Concurrent Mark Cycle
[1032.139s][info][gc] GC(15626) Pause Remark 104M->104M(214M) 0.513ms
[1032.148s][info][gc] GC(15626) Pause Cleanup 110M->110M(214M) 0.058ms
[1032.148s][info][gc] GC(15626) Concurrent Mark Cycle 19.864ms
[1032.274s][info][gc] GC(15627) Pause Young (Prepare Mixed) (G1 Evacuation Pause) 192M->95M(214M) 2.536ms
[1032.302s][info][gc] GC(15628) Pause Young (Mixed) (G1 Evacuation Pause) 186M->98M(214M) 2.894ms
[1032.329s][info][gc] GC(15629) Pause Young (Concurrent Start) (G1 Evacuation Pause) 193M->98M(214M) 0.939ms
[1032.329s][info][gc] GC(15630) Concurrent Mark Cycle
[1032.346s][info][gc] GC(15630) Pause Remark 138M->101M(210M) 0.469ms
[1032.354s][info][gc] GC(15630) Pause Cleanup 128M->128M(210M) 0.056ms
[1032.358s][info][gc] GC(15630) Concurrent Mark Cycle 28.880ms
[1032.365s][info][gc] GC(15631) Pause Young (Prepare Mixed) (G1 Evacuation Pause) 158M->63M(210M) 1.069ms
[1032.401s][info][gc] GC(15632) Pause Young (Mixed) (G1 Evacuation Pause) 183M->63M(210M) 1.232ms
[1032.433s][info][gc] GC(15633) Pause Young (Normal) (G1 Evacuation Pause) 181M->63M(291M) 1.450ms
[1032.499s][info][gc] GC(15634) Pause Young (Normal) (G1 Evacuation Pause) 228M->71M(291M) 1.992ms
[1032.540s][info][gc] GC(15635) Pause Young (Normal) (G1 Evacuation Pause) 229M->72M(291M) 2.078ms
[1032.581s][info][gc] GC(15636) Pause Young (Normal) (G1 Evacuation Pause) 234M->72M(291M) 1.727ms
[1032.625s][info][gc] GC(15637) Pause Young (Normal) (G1 Evacuation Pause) 234M->74M(291M) 2.052ms
[1032.685s][info][gc] GC(15638) Pause Young (Normal) (G1 Evacuation Pause) 238M->81M(291M) 1.986ms
[1032.724s][info][gc] GC(15639) Pause Young (Normal) (G1 Evacuation Pause) 239M->82M(291M) 2.013ms
[1032.764s][info][gc] GC(15640) Pause Young (Normal) (G1 Evacuation Pause) 244M->83M(291M) 1.579ms
[1032.810s][info][gc] GC(15641) Pause Young (Normal) (G1 Evacuation Pause) 244M->84M(291M) 1.690ms
[1032.870s][info][gc] GC(15642) Pause Young (Normal) (G1 Evacuation Pause) 249M->91M(291M) 1.894ms
[1032.914s][info][gc] GC(15643) Pause Young (Normal) (G1 Evacuation Pause) 249M->94M(291M) 2.195ms
[1032.955s][info][gc] GC(15644) Pause Young (Normal) (G1 Evacuation Pause) 255M->94M(321M) 1.725ms
[1033.006s][info][gc] GC(15645) Pause Young (Normal) (G1 Evacuation Pause) 273M->96M(321M) 1.847ms
[1033.071s][info][gc] GC(15646) Pause Young (Normal) (G1 Evacuation Pause) 274M->99M(321M) 2.042ms
[1033.119s][info][gc] GC(15647) Pause Young (Normal) (G1 Evacuation Pause) 275M->100M(321M) 2.157ms
[1033.171s][info][gc] GC(15648) Pause Young (Normal) (G1 Evacuation Pause) 277M->101M(321M) 1.877ms
[1033.232s][info][gc] GC(15649) Pause Young (Normal) (G1 Evacuation Pause) 280M->102M(321M) 1.867ms
[1033.283s][info][gc] GC(15650) Pause Young (Normal) (G1 Evacuation Pause) 280M->108M(321M) 1.965ms
[1033.325s][info][gc] GC(15651) Pause Young (Normal) (G1 Evacuation Pause) 282M->108M(321M) 1.921ms
[1033.372s][info][gc] GC(15652) Pause Young (Normal) (G1 Evacuation Pause) 292M->109M(321M) 1.296ms
[1033.435s][info][gc] GC(15653) Pause Young (Normal) (G1 Evacuation Pause) 291M->116M(321M) 1.886ms
[1033.480s][info][gc] GC(15654) Pause Young (Normal) (G1 Evacuation Pause) 287M->118M(321M) 1.853ms
[1033.524s][info][gc] GC(15655) Pause Young (Concurrent Start) (G1 Evacuation Pause) 288M->118M(321M) 1.770ms
[1033.524s][info][gc] GC(15656) Concurrent Mark Cycle
[1033.541s][info][gc] GC(15656) Pause Remark 174M->174M(321M) 0.430ms
[1033.555s][info][gc] GC(15656) Pause Cleanup 221M->221M(321M) 0.068ms
[1033.555s][info][gc] GC(15656) Concurrent Mark Cycle 31.431ms
[1033.577s][info][gc] GC(15657) Pause Young (Prepare Mixed) (G1 Evacuation Pause) 288M->118M(321M) 1.660ms
[1033.634s][info][gc] GC(15658) Pause Young (Mixed) (G1 Evacuation Pause) 293M->104M(321M) 2.557ms
[1033.680s][info][gc] GC(15659) Pause Young (Normal) (G1 Evacuation Pause) 280M->104M(321M) 1.817ms
[1033.730s][info][gc] GC(15660) Pause Young (Normal) (G1 Evacuation Pause) 283M->107M(321M) 1.708ms
[1033.779s][info][gc] GC(15661) Pause Young (Normal) (G1 Evacuation Pause) 283M->107M(321M) 1.806ms
[1033.834s][info][gc] GC(15662) Pause Young (Normal) (G1 Evacuation Pause) 285M->110M(321M) 1.766ms
[1033.879s][info][gc] GC(15663) Pause Young (Normal) (G1 Evacuation Pause) 286M->111M(321M) 1.682ms
[1033.930s][info][gc] GC(15664) Pause Young (Normal) (G1 Evacuation Pause) 290M->111M(321M) 1.541ms
[1033.988s][info][gc] GC(15665) Pause Young (Normal) (G1 Evacuation Pause) 288M->114M(321M) 1.862ms
[1034.035s][info][gc] GC(15666) Pause Young (Normal) (G1 Evacuation Pause) 288M->117M(321M) 2.121ms
[1034.079s][info][gc] GC(15667) Pause Young (Normal) (G1 Evacuation Pause) 288M->119M(321M) 1.763ms
[1034.133s][info][gc] GC(15668) Pause Young (Concurrent Start) (G1 Evacuation Pause) 289M->121M(321M) 1.772ms
[1034.133s][info][gc] GC(15669) Concurrent Mark Cycle
[1034.153s][info][gc] GC(15669) Pause Remark 193M->193M(321M) 0.414ms
[1034.170s][info][gc] GC(15669) Pause Cleanup 249M->249M(321M) 0.069ms
[1034.170s][info][gc] GC(15669) Concurrent Mark Cycle 37.559ms
[1034.184s][info][gc] GC(15670) Pause Young (Prepare Mixed) (G1 Evacuation Pause) 289M->122M(321M) 1.701ms
[1034.234s][info][gc] GC(15671) Pause Young (Mixed) (G1 Evacuation Pause) 288M->120M(321M) 2.076ms
[1034.280s][info][gc] GC(15672) Pause Young (Concurrent Start) (G1 Evacuation Pause) 287M->122M(321M) 1.854ms
[1034.280s][info][gc] GC(15673) Concurrent Mark Cycle
[1034.310s][info][gc] GC(15673) Pause Remark 219M->219M(321M) 0.472ms
[1034.333s][info][gc] GC(15674) Pause Young (Normal) (G1 Evacuation Pause) 290M->124M(321M) 1.789ms
[1034.354s][info][gc] GC(15673) Pause Cleanup 200M->200M(321M) 0.075ms
[1034.365s][info][gc] GC(15673) Concurrent Mark Cycle 84.942ms
[1034.379s][info][gc] GC(15675) Pause Young (Prepare Mixed) (G1 Evacuation Pause) 288M->125M(321M) 1.747ms
[1034.431s][info][gc] GC(15676) Pause Young (Mixed) (G1 Evacuation Pause) 289M->124M(321M) 1.933ms
[1034.475s][info][gc] GC(15677) Pause Young (Concurrent Start) (G1 Evacuation Pause) 288M->124M(321M) 1.684ms
[1034.475s][info][gc] GC(15678) Concurrent Mark Cycle
[1034.496s][info][gc] GC(15678) Pause Remark 184M->184M(321M) 0.423ms
[1034.512s][info][gc] GC(15678) Pause Cleanup 235M->235M(321M) 0.060ms
[1034.512s][info][gc] GC(15678) Concurrent Mark Cycle 37.229ms
[1034.530s][info][gc] GC(15679) Pause Young (Prepare Mixed) (G1 Evacuation Pause) 289M->126M(321M) 1.759ms
[1034.576s][info][gc] GC(15680) Pause Young (Mixed) (G1 Evacuation Pause) 289M->125M(321M) 1.977ms
[1034.620s][info][gc] GC(15681) Pause Young (Concurrent Start) (G1 Evacuation Pause) 289M->126M(321M) 1.765ms
[1034.620s][info][gc] GC(15682) Concurrent Mark Cycle
[1034.642s][info][gc] GC(15682) Pause Remark 189M->189M(321M) 0.406ms
[1034.659s][info][gc] GC(15682) Pause Cleanup 249M->249M(321M) 0.062ms
[1034.659s][info][gc] GC(15682) Concurrent Mark Cycle 39.487ms
[1034.673s][info][gc] GC(15683) Pause Young (Prepare Mixed) (G1 Evacuation Pause) 290M->128M(321M) 1.857ms
[1034.719s][info][gc] GC(15684) Pause Young (Mixed) (G1 Evacuation Pause) 288M->126M(350M) 2.011ms
[1034.779s][info][gc] GC(15685) Pause Young (Normal) (G1 Evacuation Pause) 316M->130M(350M) 1.851ms
[1034.825s][info][gc] GC(15686) Pause Young (Normal) (G1 Evacuation Pause) 312M->133M(350M) 2.052ms
[1034.871s][info][gc] GC(15687) Pause Young (Concurrent Start) (G1 Evacuation Pause) 316M->132M(350M) 1.785ms
[1034.871s][info][gc] GC(15688) Concurrent Mark Cycle
[1034.894s][info][gc] GC(15688) Pause Remark 191M->191M(350M) 0.432ms
[1034.913s][info][gc] GC(15688) Pause Cleanup 242M->242M(350M) 0.058ms
[1034.913s][info][gc] GC(15688) Concurrent Mark Cycle 42.371ms
[1034.940s][info][gc] GC(15689) Pause Young (Prepare Mixed) (G1 Evacuation Pause) 320M->137M(350M) 1.831ms
[1034.989s][info][gc] GC(15690) Pause Young (Mixed) (G1 Evacuation Pause) 315M->136M(350M) 2.114ms
[1035.033s][info][gc] GC(15691) Pause Young (Concurrent Start) (G1 Evacuation Pause) 315M->138M(350M) 1.734ms
[1035.033s][info][gc] GC(15692) Concurrent Mark Cycle
[1035.057s][info][gc] GC(15692) Pause Remark 205M->205M(350M) 0.413ms
[1035.079s][info][gc] GC(15692) Pause Cleanup 272M->272M(350M) 0.062ms
[1035.079s][info][gc] GC(15692) Concurrent Mark Cycle 45.692ms
[1035.096s][info][gc] GC(15693) Pause Young (Prepare Mixed) (G1 Evacuation Pause) 317M->139M(350M) 1.678ms
[1035.147s][info][gc] GC(15694) Pause Young (Mixed) (G1 Evacuation Pause) 316M->139M(350M) 1.972ms
[1035.197s][info][gc] GC(15695) Pause Young (Concurrent Start) (G1 Evacuation Pause) 315M->142M(350M) 1.938ms
[1035.197s][info][gc] GC(15696) Concurrent Mark Cycle
[1035.224s][info][gc] GC(15696) Pause Remark 232M->232M(350M) 0.399ms
[1035.238s][info][gc] GC(15696) Pause Cleanup 268M->268M(350M) 0.060ms
[1035.239s][info][gc] GC(15696) Concurrent Mark Cycle 41.316ms
[1035.251s][info][gc] GC(15697) Pause Young (Prepare Mixed) (G1 Evacuation Pause) 316M->143M(350M) 1.784ms
[1035.309s][info][gc] GC(15698) Pause Young (Mixed) (G1 Evacuation Pause) 319M->145M(350M) 1.896ms
[1035.354s][info][gc] GC(15699) Pause Young (Concurrent Start) (G1 Evacuation Pause) 315M->146M(350M) 1.865ms
[1035.354s][info][gc] GC(15700) Concurrent Mark Cycle
[1035.394s][info][gc] GC(15700) Pause Remark 279M->279M(350M) 0.444ms
[1035.409s][info][gc] GC(15701) Pause Young (Normal) (G1 Evacuation Pause) 317M->149M(350M) 1.836ms
[1035.420s][info][gc] GC(15700) Pause Cleanup 189M->189M(350M) 0.066ms
[1035.420s][info][gc] GC(15700) Concurrent Mark Cycle 65.911ms
[1035.457s][info][gc] GC(15702) Pause Young (Prepare Mixed) (G1 Evacuation Pause) 317M->150M(350M) 1.777ms
[1035.506s][info][gc] GC(15703) Pause Young (Mixed) (G1 Evacuation Pause) 320M->152M(350M) 1.854ms
[1035.563s][info][gc] GC(15704) Pause Young (Concurrent Start) (G1 Evacuation Pause) 315M->154M(350M) 1.894ms
[1035.563s][info][gc] GC(15705) Concurrent Mark Cycle
[1035.616s][info][gc] GC(15706) Pause Young (Normal) (G1 Evacuation Pause) 316M->153M(350M) 2.030ms
[1035.617s][info][gc] GC(15705) Pause Remark 155M->155M(350M) 0.466ms
[1035.647s][info][gc] GC(15705) Pause Cleanup 237M->237M(350M) 0.076ms
[1035.653s][info][gc] GC(15705) Concurrent Mark Cycle 89.902ms
[1035.675s][info][gc] GC(15707) Pause Young (Prepare Mixed) (G1 Evacuation Pause) 319M->156M(350M) 1.886ms
[1035.729s][info][gc] GC(15708) Pause Young (Mixed) (G1 Evacuation Pause) 316M->154M(350M) 1.896ms
[1035.779s][info][gc] GC(15709) Pause Young (Concurrent Start) (G1 Evacuation Pause) 316M->155M(350M) 1.771ms
[1035.779s][info][gc] GC(15710) Concurrent Mark Cycle
[1035.818s][info][gc] GC(15710) Pause Remark 273M->273M(350M) 0.429ms
[1035.837s][info][gc] GC(15711) Pause Young (Normal) (G1 Evacuation Pause) 318M->156M(350M) 1.820ms
[1035.841s][info][gc] GC(15710) Pause Cleanup 161M->161M(350M) 0.059ms
[1035.841s][info][gc] GC(15710) Concurrent Mark Cycle 62.014ms
[1035.886s][info][gc] GC(15712) Pause Young (Prepare Mixed) (G1 Evacuation Pause) 320M->160M(350M) 1.724ms
[1035.939s][info][gc] GC(15713) Pause Young (Mixed) (G1 Evacuation Pause) 316M->160M(350M) 2.124ms
[1035.987s][info][gc] GC(15714) Pause Young (Concurrent Start) (G1 Evacuation Pause) 316M->161M(350M) 2.059ms
[1035.987s][info][gc] GC(15715) Concurrent Mark Cycle
[1036.029s][info][gc] GC(15715) Pause Remark 294M->294M(350M) 0.423ms
[1036.039s][info][gc] GC(15716) Pause Young (Normal) (G1 Evacuation Pause) 319M->163M(350M) 1.613ms
[1036.074s][info][gc] GC(15715) Pause Cleanup 258M->258M(350M) 0.071ms
[1036.075s][info][gc] GC(15715) Concurrent Mark Cycle 87.819ms
[1036.092s][info][gc] GC(15717) Pause Young (Prepare Mixed) (G1 Evacuation Pause) 317M->166M(350M) 2.064ms
[1036.138s][info][gc] GC(15718) Pause Young (Mixed) (G1 Evacuation Pause) 316M->164M(350M) 2.078ms
[1036.184s][info][gc] GC(15719) Pause Young (Concurrent Start) (G1 Evacuation Pause) 315M->166M(350M) 1.984ms
[1036.184s][info][gc] GC(15720) Concurrent Mark Cycle
[1036.225s][info][gc] GC(15720) Pause Remark 277M->277M(350M) 0.533ms
[1036.243s][info][gc] GC(15721) Pause Young (Normal) (G1 Evacuation Pause) 319M->168M(350M) 1.728ms
[1036.257s][info][gc] GC(15720) Pause Cleanup 208M->208M(350M) 0.065ms
[1036.257s][info][gc] GC(15720) Concurrent Mark Cycle 73.099ms
[1036.292s][info][gc] GC(15722) Pause Young (Prepare Mixed) (G1 Evacuation Pause) 318M->171M(350M) 1.736ms
[1036.329s][info][gc] GC(15723) Pause Young (Mixed) (G1 Evacuation Pause) 315M->169M(350M) 1.763ms
[1036.377s][info][gc] GC(15724) Pause Young (Concurrent Start) (G1 Evacuation Pause) 319M->173M(350M) 1.763ms
[1036.377s][info][gc] GC(15725) Concurrent Mark Cycle
[1036.412s][info][gc] GC(15725) Pause Remark 274M->274M(350M) 0.471ms
[1036.432s][info][gc] GC(15726) Pause Young (Normal) (G1 Evacuation Pause) 317M->173M(350M) 1.850ms
[1036.443s][info][gc] GC(15725) Pause Cleanup 211M->211M(350M) 0.073ms
[1036.444s][info][gc] GC(15725) Concurrent Mark Cycle 66.337ms
[1036.483s][info][gc] GC(15727) Pause Young (Prepare Mixed) (G1 Evacuation Pause) 320M->175M(350M) 1.625ms
[1036.532s][info][gc] GC(15728) Pause Young (Mixed) (G1 Evacuation Pause) 318M->175M(350M) 2.091ms
[1036.575s][info][gc] GC(15729) Pause Young (Concurrent Start) (G1 Evacuation Pause) 316M->177M(350M) 2.169ms
[1036.575s][info][gc] GC(15730) Concurrent Mark Cycle
[1036.610s][info][gc] GC(15730) Pause Remark 279M->279M(350M) 0.451ms
[1036.624s][info][gc] GC(15731) Pause Young (Normal) (G1 Evacuation Pause) 318M->179M(350M) 1.860ms
[1036.644s][info][gc] GC(15730) Pause Cleanup 233M->233M(350M) 0.072ms
[1036.644s][info][gc] GC(15730) Concurrent Mark Cycle 69.068ms
[1036.673s][info][gc] GC(15732) Pause Young (Prepare Mixed) (G1 Evacuation Pause) 319M->181M(350M) 1.838ms
[1036.714s][info][gc] GC(15733) Pause Young (Mixed) (G1 Evacuation Pause) 321M->182M(350M) 1.993ms
[1036.752s][info][gc] GC(15734) Pause Young (Concurrent Start) (G1 Evacuation Pause) 317M->183M(350M) 1.759ms
[1036.752s][info][gc] GC(15735) Concurrent Mark Cycle
[1036.781s][info][gc] GC(15735) Pause Remark 262M->262M(350M) 0.438ms
[1036.801s][info][gc] GC(15736) Pause Young (Normal) (G1 Evacuation Pause) 319M->185M(350M) 1.614ms
[1036.813s][info][gc] GC(15735) Pause Cleanup 227M->227M(350M) 0.073ms
[1036.813s][info][gc] GC(15735) Concurrent Mark Cycle 60.698ms
[1036.839s][info][gc] GC(15737) Pause Young (Prepare Mixed) (G1 Evacuation Pause) 318M->188M(350M) 1.681ms
[1036.875s][info][gc] GC(15738) Pause Young (Mixed) (G1 Evacuation Pause) 320M->186M(350M) 1.497ms
[1036.917s][info][gc] GC(15739) Pause Young (Concurrent Start) (G1 Evacuation Pause) 318M->188M(350M) 1.787ms
[1036.917s][info][gc] GC(15740) Concurrent Mark Cycle
[1036.959s][info][gc] GC(15740) Pause Remark 310M->310M(350M) 0.449ms
[1036.963s][info][gc] GC(15741) Pause Young (Normal) (G1 Evacuation Pause) 316M->190M(350M) 1.791ms
[1036.990s][info][gc] GC(15740) Pause Cleanup 265M->265M(350M) 0.072ms
[1036.991s][info][gc] GC(15740) Concurrent Mark Cycle 73.387ms
[1037.010s][info][gc] GC(15742) Pause Young (Prepare Mixed) (G1 Evacuation Pause) 319M->193M(350M) 1.745ms
[1037.043s][info][gc] GC(15743) Pause Young (Mixed) (G1 Evacuation Pause) 319M->189M(350M) 1.684ms
[1037.079s][info][gc] GC(15744) Pause Young (Concurrent Start) (G1 Evacuation Pause) 320M->192M(350M) 1.555ms
[1037.079s][info][gc] GC(15745) Concurrent Mark Cycle
[1037.129s][info][gc] GC(15746) Pause Young (Normal) (G1 Evacuation Pause) 319M->194M(350M) 1.610ms
[1037.129s][info][gc] GC(15745) Pause Remark 195M->195M(350M) 0.398ms
[1037.163s][info][gc] GC(15745) Pause Cleanup 295M->295M(350M) 0.072ms
[1037.163s][info][gc] GC(15745) Concurrent Mark Cycle 84.061ms
[1037.172s][info][gc] GC(15747) Pause Young (Prepare Mixed) (G1 Evacuation Pause) 317M->197M(350M) 1.615ms
[1037.207s][info][gc] GC(15748) Pause Young (Mixed) (G1 Evacuation Pause) 319M->194M(350M) 1.727ms
[1037.244s][info][gc] GC(15749) Pause Young (Concurrent Start) (G1 Evacuation Pause) 320M->196M(350M) 1.693ms
[1037.244s][info][gc] GC(15750) Concurrent Mark Cycle
[1037.284s][info][gc] GC(15750) Pause Remark 289M->289M(350M) 0.473ms
[1037.293s][info][gc] GC(15751) Pause Young (Normal) (G1 Evacuation Pause) 321M->199M(350M) 1.655ms
[1037.319s][info][gc] GC(15750) Pause Cleanup 273M->273M(350M) 0.079ms
[1037.320s][info][gc] GC(15750) Concurrent Mark Cycle 75.315ms
[1037.333s][info][gc] GC(15752) Pause Young (Prepare Mixed) (G1 Evacuation Pause) 321M->201M(350M) 1.827ms
[1037.369s][info][gc] GC(15753) Pause Young (Mixed) (G1 Evacuation Pause) 321M->199M(350M) 1.680ms
[1037.410s][info][gc] GC(15754) Pause Young (Concurrent Start) (G1 Evacuation Pause) 320M->202M(350M) 1.619ms
[1037.410s][info][gc] GC(15755) Concurrent Mark Cycle
[1037.447s][info][gc] GC(15755) Pause Remark 310M->310M(350M) 0.473ms
[1037.453s][info][gc] GC(15756) Pause Young (Normal) (G1 Evacuation Pause) 320M->204M(350M) 1.772ms
[1037.480s][info][gc] GC(15755) Pause Cleanup 288M->288M(350M) 0.083ms
[1037.481s][info][gc] GC(15755) Concurrent Mark Cycle 70.989ms
[1037.491s][info][gc] GC(15757) Pause Young (Prepare Mixed) (G1 Evacuation Pause) 319M->206M(350M) 1.565ms
[1037.523s][info][gc] GC(15758) Pause Young (Mixed) (G1 Evacuation Pause) 320M->204M(350M) 1.587ms
[1037.554s][info][gc] GC(15759) Pause Young (Concurrent Start) (G1 Evacuation Pause) 321M->206M(350M) 1.364ms
[1037.555s][info][gc] GC(15760) Concurrent Mark Cycle
[1037.601s][info][gc] GC(15761) Pause Young (Normal) (G1 Evacuation Pause) 322M->209M(350M) 1.587ms
[1037.602s][info][gc] GC(15760) Pause Remark 211M->211M(352M) 0.423ms
[1037.637s][info][gc] GC(15760) Pause Cleanup 314M->314M(352M) 0.082ms
[1037.638s][info][gc] GC(15760) Concurrent Mark Cycle 83.051ms
[1037.640s][info][gc] GC(15762) Pause Young (Prepare Mixed) (G1 Evacuation Pause) 317M->210M(352M) 1.491ms
[1037.677s][info][gc] GC(15763) Pause Young (Mixed) (G1 Evacuation Pause) 322M->206M(352M) 1.563ms
[1037.713s][info][gc] GC(15764) Pause Young (Concurrent Start) (G1 Evacuation Pause) 321M->210M(352M) 1.520ms
[1037.713s][info][gc] GC(15765) Concurrent Mark Cycle
[1037.748s][info][gc] GC(15766) Pause Young (Normal) (G1 Evacuation Pause) 322M->210M(352M) 1.195ms
[1037.755s][info][gc] GC(15765) Pause Remark 230M->230M(352M) 0.407ms
[1037.787s][info][gc] GC(15765) Pause Cleanup 304M->304M(352M) 0.078ms
[1037.787s][info][gc] GC(15765) Concurrent Mark Cycle 73.903ms
[1037.795s][info][gc] GC(15767) Pause Young (Prepare Mixed) (G1 Evacuation Pause) 324M->214M(352M) 1.473ms
[1037.823s][info][gc] GC(15768) Pause Young (Mixed) (G1 Evacuation Pause) 318M->212M(352M) 1.844ms
[1037.851s][info][gc] GC(15769) Pause Young (Concurrent Start) (G1 Evacuation Pause) 321M->213M(352M) 1.406ms
[1037.851s][info][gc] GC(15770) Concurrent Mark Cycle
[1037.898s][info][gc] GC(15771) Pause Young (Normal) (G1 Evacuation Pause) 327M->216M(352M) 1.415ms
[1037.898s][info][gc] GC(15770) Pause Remark 217M->217M(364M) 0.447ms
[1037.933s][info][gc] GC(15772) Pause Young (Normal) (G1 Evacuation Pause) 322M->218M(628M) 1.548ms
[1037.940s][info][gc] GC(15770) Pause Cleanup 245M->245M(628M) 0.082ms
[1037.942s][info][gc] GC(15770) Concurrent Mark Cycle 90.858ms
[1038.042s][info][gc] GC(15773) Pause Young (Prepare Mixed) (G1 Evacuation Pause) 585M->224M(628M) 2.297ms
[1038.142s][info][gc] GC(15774) Pause Young (Mixed) (G1 Evacuation Pause) 580M->223M(628M) 2.375ms
[1038.245s][info][gc] GC(15775) Pause Young (Normal) (G1 Evacuation Pause) 577M->225M(628M) 2.105ms
[1038.342s][info][gc] GC(15776) Pause Young (Normal) (G1 Evacuation Pause) 575M->227M(628M) 2.337ms
[1038.447s][info][gc] GC(15777) Pause Young (Normal) (G1 Evacuation Pause) 573M->231M(628M) 2.716ms
[1038.539s][info][gc] GC(15778) Pause Young (Normal) (G1 Evacuation Pause) 569M->234M(628M) 2.528ms
[1038.634s][info][gc] GC(15779) Pause Young (Normal) (G1 Evacuation Pause) 567M->237M(628M) 3.059ms
[1038.735s][info][gc] GC(15780) Pause Young (Concurrent Start) (G1 Evacuation Pause) 569M->241M(628M) 3.039ms
[1038.735s][info][gc] GC(15781) Concurrent Mark Cycle
[1038.779s][info][gc] GC(15781) Pause Remark 389M->389M(628M) 0.463ms
[1038.817s][info][gc] GC(15781) Pause Cleanup 481M->481M(628M) 0.088ms
[1038.818s][info][gc] GC(15781) Concurrent Mark Cycle 82.199ms
[1038.852s][info][gc] GC(15782) Pause Young (Prepare Mixed) (G1 Evacuation Pause) 568M->244M(628M) 2.661ms
[1038.942s][info][gc] GC(15783) Pause Young (Mixed) (G1 Evacuation Pause) 568M->240M(628M) 2.743ms
[1039.040s][info][gc] GC(15784) Pause Young (Concurrent Start) (G1 Evacuation Pause) 571M->243M(628M) 2.542ms
[1039.040s][info][gc] GC(15785) Concurrent Mark Cycle
[1039.085s][info][gc] GC(15785) Pause Remark 396M->396M(628M) 0.459ms
[1039.121s][info][gc] GC(15785) Pause Cleanup 479M->479M(628M) 0.081ms
[1039.122s][info][gc] GC(15785) Concurrent Mark Cycle 81.791ms
[1039.150s][info][gc] GC(15786) Pause Young (Prepare Mixed) (G1 Evacuation Pause) 568M->245M(628M) 2.721ms
[1039.245s][info][gc] GC(15787) Pause Young (Mixed) (G1 Evacuation Pause) 569M->246M(628M) 3.009ms
[1039.337s][info][gc] GC(15788) Pause Young (Concurrent Start) (G1 Evacuation Pause) 568M->248M(628M) 2.584ms
[1039.337s][info][gc] GC(15789) Concurrent Mark Cycle
[1039.386s][info][gc] GC(15789) Pause Remark 418M->418M(628M) 0.462ms
[1039.421s][info][gc] GC(15789) Pause Cleanup 504M->504M(628M) 0.083ms
[1039.422s][info][gc] GC(15789) Concurrent Mark Cycle 85.103ms
[1039.444s][info][gc] GC(15790) Pause Young (Prepare Mixed) (G1 Evacuation Pause) 569M->251M(628M) 2.439ms
[1039.534s][info][gc] GC(15791) Pause Young (Mixed) (G1 Evacuation Pause) 569M->251M(628M) 2.848ms
[1039.662s][info][gc] GC(15792) Pause Young (Concurrent Start) (G1 Evacuation Pause) 570M->255M(628M) 3.689ms
[1039.662s][info][gc] GC(15793) Concurrent Mark Cycle
[1039.719s][info][gc] GC(15793) Pause Remark 408M->408M(628M) 0.502ms
[1039.753s][info][gc] GC(15793) Pause Cleanup 490M->490M(628M) 0.089ms
[1039.753s][info][gc] GC(15793) Concurrent Mark Cycle 91.495ms
[1039.782s][info][gc] GC(15794) Pause Young (Prepare Mixed) (G1 Evacuation Pause) 567M->257M(628M) 2.622ms
[1039.878s][info][gc] GC(15795) Pause Young (Mixed) (G1 Evacuation Pause) 568M->258M(628M) 2.995ms
[1039.974s][info][gc] GC(15796) Pause Young (Concurrent Start) (G1 Evacuation Pause) 568M->262M(628M) 2.396ms
[1039.974s][info][gc] GC(15797) Concurrent Mark Cycle
[1040.036s][info][gc] GC(15797) Pause Remark 463M->463M(628M) 0.448ms
[1040.077s][info][gc] GC(15798) Pause Young (Normal) (G1 Evacuation Pause) 567M->263M(628M) 2.396ms
[1040.083s][info][gc] GC(15797) Pause Cleanup 280M->280M(628M) 0.076ms
[1040.083s][info][gc] GC(15797) Concurrent Mark Cycle 109.279ms
[1040.160s][info][gc] GC(15799) Pause Young (Prepare Mixed) (G1 Evacuation Pause) 569M->266M(628M) 2.435ms
[1040.244s][info][gc] GC(15800) Pause Young (Mixed) (G1 Evacuation Pause) 570M->265M(628M) 2.722ms
[1040.331s][info][gc] GC(15801) Pause Young (Concurrent Start) (G1 Evacuation Pause) 572M->269M(628M) 2.385ms
[1040.331s][info][gc] GC(15802) Concurrent Mark Cycle
[1040.382s][info][gc] GC(15802) Pause Remark 420M->420M(628M) 0.521ms
[1040.420s][info][gc] GC(15802) Pause Cleanup 526M->526M(628M) 0.083ms
[1040.420s][info][gc] GC(15802) Concurrent Mark Cycle 89.568ms
[1040.433s][info][gc] GC(15803) Pause Young (Prepare Mixed) (G1 Evacuation Pause) 571M->273M(628M) 2.408ms
[1040.515s][info][gc] GC(15804) Pause Young (Mixed) (G1 Evacuation Pause) 570M->272M(628M) 2.629ms
[1040.594s][info][gc] GC(15805) Pause Young (Concurrent Start) (G1 Evacuation Pause) 570M->276M(628M) 2.403ms
[1040.594s][info][gc] GC(15806) Concurrent Mark Cycle
[1040.658s][info][gc] GC(15806) Pause Remark 472M->472M(628M) 0.432ms
[1040.698s][info][gc] GC(15807) Pause Young (Normal) (G1 Evacuation Pause) 569M->279M(628M) 2.379ms
[1040.700s][info][gc] GC(15806) Pause Cleanup 287M->287M(628M) 0.064ms
[1040.701s][info][gc] GC(15806) Concurrent Mark Cycle 107.065ms
[1040.786s][info][gc] GC(15808) Pause Young (Prepare Mixed) (G1 Evacuation Pause) 570M->283M(628M) 2.564ms
[1040.867s][info][gc] GC(15809) Pause Young (Mixed) (G1 Evacuation Pause) 571M->282M(628M) 2.598ms
[1040.953s][info][gc] GC(15810) Pause Young (Concurrent Start) (G1 Evacuation Pause) 572M->285M(628M) 2.573ms
[1040.953s][info][gc] GC(15811) Concurrent Mark Cycle
[1041.022s][info][gc] GC(15811) Pause Remark 506M->506M(628M) 0.465ms
[1041.047s][info][gc] GC(15812) Pause Young (Normal) (G1 Evacuation Pause) 569M->287M(628M) 2.392ms
[1041.063s][info][gc] GC(15811) Pause Cleanup 327M->327M(628M) 0.073ms
[1041.063s][info][gc] GC(15811) Concurrent Mark Cycle 110.344ms
[1041.139s][info][gc] GC(15813) Pause Young (Prepare Mixed) (G1 Evacuation Pause) 574M->290M(628M) 2.344ms
[1041.220s][info][gc] GC(15814) Pause Young (Mixed) (G1 Evacuation Pause) 569M->291M(628M) 2.611ms
[1041.304s][info][gc] GC(15815) Pause Young (Concurrent Start) (G1 Evacuation Pause) 571M->293M(628M) 2.526ms
[1041.304s][info][gc] GC(15816) Concurrent Mark Cycle
[1041.362s][info][gc] GC(15816) Pause Remark 457M->457M(628M) 0.447ms
[1041.407s][info][gc] GC(15817) Pause Young (Normal) (G1 Evacuation Pause) 574M->296M(628M) 2.369ms
[1041.411s][info][gc] GC(15816) Pause Cleanup 308M->308M(628M) 0.074ms
[1041.411s][info][gc] GC(15816) Concurrent Mark Cycle 107.181ms
[1041.482s][info][gc] GC(15818) Pause Young (Prepare Mixed) (G1 Evacuation Pause) 573M->296M(628M) 2.145ms
[1041.561s][info][gc] GC(15819) Pause Young (Mixed) (G1 Evacuation Pause) 576M->299M(628M) 2.571ms
[1041.636s][info][gc] GC(15820) Pause Young (Concurrent Start) (G1 Evacuation Pause) 572M->302M(628M) 2.640ms
[1041.636s][info][gc] GC(15821) Concurrent Mark Cycle
[1041.690s][info][gc] GC(15821) Pause Remark 454M->454M(628M) 0.445ms
[1041.740s][info][gc] GC(15822) Pause Young (Normal) (G1 Evacuation Pause) 574M->305M(628M) 2.341ms
[1041.744s][info][gc] GC(15821) Pause Cleanup 314M->314M(628M) 0.082ms
[1041.744s][info][gc] GC(15821) Concurrent Mark Cycle 108.178ms
[1041.823s][info][gc] GC(15823) Pause Young (Prepare Mixed) (G1 Evacuation Pause) 574M->308M(628M) 2.357ms
[1041.905s][info][gc] GC(15824) Pause Young (Mixed) (G1 Evacuation Pause) 575M->306M(628M) 2.607ms
[1042.000s][info][gc] GC(15825) Pause Young (Concurrent Start) (G1 Evacuation Pause) 576M->304M(628M) 2.073ms
[1042.000s][info][gc] GC(15826) Concurrent Mark Cycle
[1042.064s][info][gc] GC(15826) Pause Remark 423M->423M(628M) 0.444ms
[1042.135s][info][gc] GC(15826) Pause Cleanup 526M->526M(628M) 0.080ms
[1042.135s][info][gc] GC(15826) Concurrent Mark Cycle 134.813ms
[1042.164s][info][gc] GC(15827) Pause Young (Prepare Mixed) (G1 Evacuation Pause) 576M->310M(628M) 2.296ms
[1042.276s][info][gc] GC(15828) Pause Young (Mixed) (G1 Evacuation Pause) 570M->311M(628M) 2.843ms
[1042.387s][info][gc] GC(15829) Pause Young (Concurrent Start) (G1 Evacuation Pause) 572M->314M(628M) 2.220ms
[1042.387s][info][gc] GC(15830) Concurrent Mark Cycle
[1042.396s][info][gc] GC(15830) Pause Remark 331M->109M(310M) 0.544ms
[1042.400s][info][gc] GC(15830) Pause Cleanup 115M->115M(310M) 0.072ms
[1042.401s][info][gc] GC(15830) Concurrent Mark Cycle 13.705ms
[1042.468s][info][gc] GC(15831) Pause Young (Prepare Mixed) (G1 Evacuation Pause) 257M->94M(310M) 2.296ms
[1042.542s][info][gc] GC(15832) Pause Young (Mixed) (G1 Evacuation Pause) 269M->80M(310M) 1.602ms
[1042.612s][info][gc] GC(15833) Pause Young (Normal) (G1 Evacuation Pause) 254M->80M(310M) 1.516ms
[1042.690s][info][gc] GC(15834) Pause Young (Normal) (G1 Evacuation Pause) 254M->83M(310M) 1.730ms
[1042.763s][info][gc] GC(15835) Pause Young (Normal) (G1 Evacuation Pause) 254M->85M(310M) 1.661ms
[1042.835s][info][gc] GC(15836) Pause Young (Normal) (G1 Evacuation Pause) 256M->85M(310M) 1.807ms
[1042.916s][info][gc] GC(15837) Pause Young (Normal) (G1 Evacuation Pause) 258M->87M(310M) 1.873ms
[1042.987s][info][gc] GC(15838) Pause Young (Normal) (G1 Evacuation Pause) 258M->87M(310M) 1.588ms
[1043.057s][info][gc] GC(15839) Pause Young (Normal) (G1 Evacuation Pause) 259M->90M(310M) 1.619ms
[1043.130s][info][gc] GC(15840) Pause Young (Normal) (G1 Evacuation Pause) 261M->90M(310M) 1.570ms
[1043.203s][info][gc] GC(15841) Pause Young (Normal) (G1 Evacuation Pause) 262M->92M(310M) 1.618ms
[1043.273s][info][gc] GC(15842) Pause Young (Normal) (G1 Evacuation Pause) 264M->93M(310M) 1.677ms
[1043.349s][info][gc] GC(15843) Pause Young (Normal) (G1 Evacuation Pause) 265M->95M(310M) 1.709ms
[1043.422s][info][gc] GC(15844) Pause Young (Normal) (G1 Evacuation Pause) 267M->97M(310M) 1.595ms
[1043.494s][info][gc] GC(15845) Pause Young (Normal) (G1 Evacuation Pause) 268M->98M(310M) 1.660ms
[1043.564s][info][gc] GC(15846) Pause Young (Normal) (G1 Evacuation Pause) 270M->99M(310M) 1.515ms
[1043.640s][info][gc] GC(15847) Pause Young (Normal) (G1 Evacuation Pause) 271M->100M(310M) 1.521ms
[1043.719s][info][gc] GC(15848) Pause Young (Normal) (G1 Evacuation Pause) 272M->103M(310M) 1.612ms
[1043.792s][info][gc] GC(15849) Pause Young (Normal) (G1 Evacuation Pause) 273M->103M(310M) 1.639ms
[1043.863s][info][gc] GC(15850) Pause Young (Normal) (G1 Evacuation Pause) 275M->104M(310M) 1.559ms
[1043.942s][info][gc] GC(15851) Pause Young (Normal) (G1 Evacuation Pause) 276M->107M(310M) 1.607ms
[1044.011s][info][gc] GC(15852) Pause Young (Normal) (G1 Evacuation Pause) 275M->108M(310M) 1.645ms
[1044.089s][info][gc] GC(15853) Pause Young (Normal) (G1 Evacuation Pause) 280M->109M(310M) 1.568ms
[1044.161s][info][gc] GC(15854) Pause Young (Normal) (G1 Evacuation Pause) 279M->111M(310M) 1.571ms
[1044.237s][info][gc] GC(15855) Pause Young (Normal) (G1 Evacuation Pause) 277M->112M(310M) 1.677ms
[1044.308s][info][gc] GC(15856) Pause Young (Normal) (G1 Evacuation Pause) 277M->113M(310M) 1.687ms
[1044.387s][info][gc] GC(15857) Pause Young (Concurrent Start) (G1 Evacuation Pause) 281M->115M(310M) 1.810ms
[1044.387s][info][gc] GC(15858) Concurrent Mark Cycle
[1044.404s][info][gc] GC(15858) Pause Remark 151M->143M(310M) 0.636ms
[1044.419s][info][gc] GC(15858) Pause Cleanup 171M->171M(310M) 0.096ms
[1044.420s][info][gc] GC(15858) Concurrent Mark Cycle 32.983ms
[1044.473s][info][gc] GC(15859) Pause Young (Prepare Mixed) (G1 Evacuation Pause) 271M->108M(310M) 2.301ms
[1044.552s][info][gc] GC(15860) Pause Young (Mixed) (G1 Evacuation Pause) 279M->103M(310M) 1.644ms
[1044.622s][info][gc] GC(15861) Pause Young (Normal) (G1 Evacuation Pause) 274M->105M(310M) 1.513ms
[1044.699s][info][gc] GC(15862) Pause Young (Normal) (G1 Evacuation Pause) 277M->106M(310M) 1.767ms
[1044.771s][info][gc] GC(15863) Pause Young (Normal) (G1 Evacuation Pause) 277M->108M(310M) 1.536ms
[1044.843s][info][gc] GC(15864) Pause Young (Normal) (G1 Evacuation Pause) 278M->108M(310M) 1.606ms
[1044.916s][info][gc] GC(15865) Pause Young (Normal) (G1 Evacuation Pause) 278M->110M(310M) 1.679ms
[1044.984s][info][gc] GC(15866) Pause Young (Normal) (G1 Evacuation Pause) 279M->111M(310M) 1.553ms
[1045.055s][info][gc] GC(15867) Pause Young (Normal) (G1 Evacuation Pause) 279M->113M(310M) 1.592ms
[1045.121s][info][gc] GC(15868) Pause Young (Normal) (G1 Evacuation Pause) 277M->114M(310M) 1.569ms
[1045.192s][info][gc] GC(15869) Pause Young (Concurrent Start) (G1 Evacuation Pause) 279M->115M(310M) 1.434ms
[1045.192s][info][gc] GC(15870) Concurrent Mark Cycle
[1045.210s][info][gc] GC(15870) Pause Remark 148M->148M(310M) 0.434ms
[1045.226s][info][gc] GC(15870) Pause Cleanup 190M->190M(310M) 0.068ms
[1045.227s][info][gc] GC(15870) Concurrent Mark Cycle 34.763ms
[1045.265s][info][gc] GC(15871) Pause Young (Prepare Mixed) (G1 Evacuation Pause) 278M->117M(310M) 1.693ms
[1045.335s][info][gc] GC(15872) Pause Young (Mixed) (G1 Evacuation Pause) 279M->116M(310M) 1.723ms
[1045.400s][info][gc] GC(15873) Pause Young (Concurrent Start) (G1 Evacuation Pause) 280M->117M(310M) 1.816ms
[1045.400s][info][gc] GC(15874) Concurrent Mark Cycle
[1045.420s][info][gc] GC(15874) Pause Remark 158M->158M(310M) 0.432ms
[1045.442s][info][gc] GC(15874) Pause Cleanup 189M->189M(310M) 0.079ms
[1045.442s][info][gc] GC(15874) Concurrent Mark Cycle 41.791ms
[1045.478s][info][gc] GC(15875) Pause Young (Prepare Mixed) (G1 Evacuation Pause) 279M->118M(310M) 1.662ms
[1045.552s][info][gc] GC(15876) Pause Young (Mixed) (G1 Evacuation Pause) 280M->116M(310M) 1.528ms
[1045.618s][info][gc] GC(15877) Pause Young (Concurrent Start) (G1 Evacuation Pause) 281M->117M(310M) 1.573ms
[1045.618s][info][gc] GC(15878) Concurrent Mark Cycle
[1045.638s][info][gc] GC(15878) Pause Remark 164M->164M(310M) 0.410ms
[1045.654s][info][gc] GC(15878) Pause Cleanup 194M->194M(310M) 0.075ms
[1045.654s][info][gc] GC(15878) Concurrent Mark Cycle 36.321ms
[1045.694s][info][gc] GC(15879) Pause Young (Prepare Mixed) (G1 Evacuation Pause) 278M->118M(310M) 1.616ms
[1045.760s][info][gc] GC(15880) Pause Young (Mixed) (G1 Evacuation Pause) 278M->118M(310M) 1.529ms
[1045.842s][info][gc] GC(15881) Pause Young (Concurrent Start) (G1 Evacuation Pause) 281M->120M(310M) 1.611ms
[1045.842s][info][gc] GC(15882) Concurrent Mark Cycle
[1045.864s][info][gc] GC(15882) Pause Remark 165M->165M(310M) 0.421ms
[1045.879s][info][gc] GC(15882) Pause Cleanup 193M->193M(310M) 0.061ms
[1045.879s][info][gc] GC(15882) Concurrent Mark Cycle 37.529ms
[1045.920s][info][gc] GC(15883) Pause Young (Prepare Mixed) (G1 Evacuation Pause) 277M->121M(310M) 1.734ms
[1045.985s][info][gc] GC(15884) Pause Young (Mixed) (G1 Evacuation Pause) 280M->121M(310M) 1.516ms
[1046.056s][info][gc] GC(15885) Pause Young (Concurrent Start) (G1 Evacuation Pause) 279M->122M(310M) 1.598ms
[1046.056s][info][gc] GC(15886) Concurrent Mark Cycle
[1046.080s][info][gc] GC(15886) Pause Remark 171M->171M(310M) 0.460ms
[1046.100s][info][gc] GC(15886) Pause Cleanup 215M->215M(310M) 0.061ms
[1046.100s][info][gc] GC(15886) Concurrent Mark Cycle 43.749ms
[1046.129s][info][gc] GC(15887) Pause Young (Prepare Mixed) (G1 Evacuation Pause) 279M->123M(310M) 1.497ms
[1046.197s][info][gc] GC(15888) Pause Young (Mixed) (G1 Evacuation Pause) 280M->124M(310M) 1.619ms
[1046.266s][info][gc] GC(15889) Pause Young (Concurrent Start) (G1 Evacuation Pause) 279M->125M(310M) 1.565ms
[1046.266s][info][gc] GC(15890) Concurrent Mark Cycle
[1046.289s][info][gc] GC(15890) Pause Remark 177M->177M(310M) 0.428ms
[1046.307s][info][gc] GC(15890) Pause Cleanup 206M->206M(310M) 0.051ms
[1046.307s][info][gc] GC(15890) Concurrent Mark Cycle 41.526ms
[1046.339s][info][gc] GC(15891) Pause Young (Prepare Mixed) (G1 Evacuation Pause) 281M->126M(310M) 1.412ms
[1046.407s][info][gc] GC(15892) Pause Young (Mixed) (G1 Evacuation Pause) 281M->127M(310M) 1.417ms
[1046.477s][info][gc] GC(15893) Pause Young (Concurrent Start) (G1 Evacuation Pause) 281M->128M(310M) 1.534ms
[1046.477s][info][gc] GC(15894) Concurrent Mark Cycle
[1046.500s][info][gc] GC(15894) Pause Remark 172M->172M(310M) 0.477ms
[1046.518s][info][gc] GC(15894) Pause Cleanup 203M->203M(310M) 0.054ms
[1046.518s][info][gc] GC(15894) Concurrent Mark Cycle 41.167ms
[1046.548s][info][gc] GC(15895) Pause Young (Prepare Mixed) (G1 Evacuation Pause) 280M->130M(310M) 1.540ms
[1046.612s][info][gc] GC(15896) Pause Young (Mixed) (G1 Evacuation Pause) 281M->130M(310M) 1.463ms
[1046.675s][info][gc] GC(15897) Pause Young (Concurrent Start) (G1 Evacuation Pause) 280M->131M(310M) 1.485ms
[1046.675s][info][gc] GC(15898) Concurrent Mark Cycle
[1046.697s][info][gc] GC(15898) Pause Remark 171M->171M(310M) 0.465ms
[1046.717s][info][gc] GC(15898) Pause Cleanup 211M->211M(310M) 0.060ms
[1046.717s][info][gc] GC(15898) Concurrent Mark Cycle 41.561ms
[1046.748s][info][gc] GC(15899) Pause Young (Prepare Mixed) (G1 Evacuation Pause) 279M->133M(310M) 1.573ms
[1046.807s][info][gc] GC(15900) Pause Young (Mixed) (G1 Evacuation Pause) 280M->134M(310M) 1.510ms
[1046.870s][info][gc] GC(15901) Pause Young (Concurrent Start) (G1 Evacuation Pause) 281M->136M(310M) 1.403ms
[1046.870s][info][gc] GC(15902) Concurrent Mark Cycle
[1046.892s][info][gc] GC(15902) Pause Remark 184M->184M(310M) 0.444ms
[1046.918s][info][gc] GC(15902) Pause Cleanup 235M->235M(310M) 0.064ms
[1046.918s][info][gc] GC(15902) Concurrent Mark Cycle 48.132ms
[1046.937s][info][gc] GC(15903) Pause Young (Prepare Mixed) (G1 Evacuation Pause) 281M->137M(310M) 1.462ms
[1046.999s][info][gc] GC(15904) Pause Young (Mixed) (G1 Evacuation Pause) 281M->137M(310M) 1.444ms
[1047.060s][info][gc] GC(15905) Pause Young (Concurrent Start) (G1 Evacuation Pause) 280M->138M(310M) 1.541ms
[1047.060s][info][gc] GC(15906) Concurrent Mark Cycle
[1047.084s][info][gc] GC(15906) Pause Remark 177M->177M(310M) 0.426ms
[1047.115s][info][gc] GC(15906) Pause Cleanup 255M->255M(310M) 0.053ms
[1047.115s][info][gc] GC(15906) Concurrent Mark Cycle 54.710ms
[1047.128s][info][gc] GC(15907) Pause Young (Prepare Mixed) (G1 Evacuation Pause) 282M->138M(310M) 1.338ms
[1047.192s][info][gc] GC(15908) Pause Young (Mixed) (G1 Evacuation Pause) 282M->141M(310M) 1.573ms
[1047.249s][info][gc] GC(15909) Pause Young (Concurrent Start) (G1 Evacuation Pause) 280M->142M(310M) 1.449ms
[1047.249s][info][gc] GC(15910) Concurrent Mark Cycle
[1047.279s][info][gc] GC(15910) Pause Remark 208M->208M(310M) 0.481ms
[1047.304s][info][gc] GC(15910) Pause Cleanup 258M->258M(310M) 0.055ms
[1047.304s][info][gc] GC(15910) Concurrent Mark Cycle 54.593ms
[1047.315s][info][gc] GC(15911) Pause Young (Prepare Mixed) (G1 Evacuation Pause) 281M->143M(310M) 1.408ms
[1047.372s][info][gc] GC(15912) Pause Young (Mixed) (G1 Evacuation Pause) 282M->144M(310M) 1.370ms
[1047.433s][info][gc] GC(15913) Pause Young (Concurrent Start) (G1 Evacuation Pause) 282M->146M(310M) 1.574ms
[1047.433s][info][gc] GC(15914) Concurrent Mark Cycle
[1047.460s][info][gc] GC(15914) Pause Remark 201M->201M(310M) 0.414ms
[1047.489s][info][gc] GC(15914) Pause Cleanup 274M->274M(310M) 0.051ms
[1047.489s][info][gc] GC(15914) Concurrent Mark Cycle 55.438ms
[1047.493s][info][gc] GC(15915) Pause Young (Prepare Mixed) (G1 Evacuation Pause) 281M->146M(310M) 1.362ms
[1047.558s][info][gc] GC(15916) Pause Young (Mixed) (G1 Evacuation Pause) 282M->148M(453M) 1.646ms
[1047.670s][info][gc] GC(15917) Pause Young (Normal) (G1 Evacuation Pause) 407M->149M(453M) 1.823ms
[1047.776s][info][gc] GC(15918) Pause Young (Normal) (G1 Evacuation Pause) 407M->152M(453M) 1.842ms
[1047.886s][info][gc] GC(15919) Pause Young (Normal) (G1 Evacuation Pause) 407M->154M(453M) 1.751ms
[1048.016s][info][gc] GC(15920) Pause Young (Normal) (G1 Evacuation Pause) 407M->154M(453M) 1.690ms
[1048.186s][info][gc] GC(15921) Pause Young (Normal) (G1 Evacuation Pause) 407M->156M(453M) 1.937ms
[1048.354s][info][gc] GC(15922) Pause Young (Normal) (G1 Evacuation Pause) 407M->159M(453M) 2.102ms
[1048.525s][info][gc] GC(15923) Pause Young (Normal) (G1 Evacuation Pause) 407M->161M(453M) 1.997ms
[1048.685s][info][gc] GC(15924) Pause Young (Normal) (G1 Evacuation Pause) 408M->162M(453M) 2.254ms
[1048.857s][info][gc] GC(15925) Pause Young (Normal) (G1 Evacuation Pause) 409M->164M(453M) 1.962ms
[1049.020s][info][gc] GC(15926) Pause Young (Normal) (G1 Evacuation Pause) 409M->167M(453M) 1.908ms
[1049.187s][info][gc] GC(15927) Pause Young (Normal) (G1 Evacuation Pause) 408M->169M(453M) 2.013ms
[1049.342s][info][gc] GC(15928) Pause Young (Normal) (G1 Evacuation Pause) 408M->170M(453M) 1.879ms
[1049.505s][info][gc] GC(15929) Pause Young (Normal) (G1 Evacuation Pause) 408M->172M(453M) 2.009ms
[1049.665s][info][gc] GC(15930) Pause Young (Normal) (G1 Evacuation Pause) 408M->175M(453M) 2.054ms
[1049.839s][info][gc] GC(15931) Pause Young (Concurrent Start) (G1 Evacuation Pause) 409M->177M(453M) 1.851ms
[1049.839s][info][gc] GC(15932) Concurrent Mark Cycle
[1049.858s][info][gc] GC(15932) Pause Remark 210M->210M(453M) 0.427ms
[1049.871s][info][gc] GC(15932) Pause Cleanup 231M->231M(453M) 0.121ms
[1049.872s][info][gc] GC(15932) Concurrent Mark Cycle 32.893ms
[1049.993s][info][gc] GC(15933) Pause Young (Prepare Mixed) (G1 Evacuation Pause) 409M->179M(453M) 1.847ms
[1050.153s][info][gc] GC(15934) Pause Young (Mixed) (G1 Evacuation Pause) 409M->153M(453M) 2.608ms
[1050.323s][info][gc] GC(15935) Pause Young (Mixed) (G1 Evacuation Pause) 406M->156M(453M) 1.993ms
[1050.497s][info][gc] GC(15936) Pause Young (Normal) (G1 Evacuation Pause) 406M->159M(453M) 2.271ms
[1050.667s][info][gc] GC(15937) Pause Young (Normal) (G1 Evacuation Pause) 406M->159M(453M) 2.075ms
[1050.845s][info][gc] GC(15938) Pause Young (Normal) (G1 Evacuation Pause) 408M->163M(453M) 2.162ms
[1051.013s][info][gc] GC(15939) Pause Young (Normal) (G1 Evacuation Pause) 407M->164M(453M) 2.117ms
[1051.178s][info][gc] GC(15940) Pause Young (Normal) (G1 Evacuation Pause) 409M->166M(453M) 2.001ms
[1051.354s][info][gc] GC(15941) Pause Young (Normal) (G1 Evacuation Pause) 409M->169M(453M) 1.963ms
[1051.518s][info][gc] GC(15942) Pause Young (Normal) (G1 Evacuation Pause) 408M->170M(453M) 2.104ms
[1051.688s][info][gc] GC(15943) Pause Young (Normal) (G1 Evacuation Pause) 409M->173M(453M) 1.857ms
[1051.845s][info][gc] GC(15944) Pause Young (Normal) (G1 Evacuation Pause) 408M->174M(453M) 2.063ms
[1052.007s][info][gc] GC(15945) Pause Young (Concurrent Start) (G1 Evacuation Pause) 409M->175M(453M) 1.883ms
[1052.007s][info][gc] GC(15946) Concurrent Mark Cycle
[1052.030s][info][gc] GC(15946) Pause Remark 210M->210M(453M) 0.455ms
[1052.047s][info][gc] GC(15946) Pause Cleanup 233M->233M(453M) 0.111ms
[1052.047s][info][gc] GC(15946) Concurrent Mark Cycle 40.353ms
[1052.167s][info][gc] GC(15947) Pause Young (Prepare Mixed) (G1 Evacuation Pause) 409M->178M(453M) 1.828ms
[1052.326s][info][gc] GC(15948) Pause Young (Mixed) (G1 Evacuation Pause) 408M->175M(453M) 2.012ms
[1052.484s][info][gc] GC(15949) Pause Young (Concurrent Start) (G1 Evacuation Pause) 408M->178M(453M) 1.810ms
[1052.484s][info][gc] GC(15950) Concurrent Mark Cycle
[1052.510s][info][gc] GC(15950) Pause Remark 223M->223M(453M) 0.430ms
[1052.529s][info][gc] GC(15950) Pause Cleanup 237M->237M(453M) 0.124ms
[1052.529s][info][gc] GC(15950) Concurrent Mark Cycle 44.894ms
[1052.649s][info][gc] GC(15951) Pause Young (Prepare Mixed) (G1 Evacuation Pause) 409M->180M(453M) 1.873ms
[1052.797s][info][gc] GC(15952) Pause Young (Mixed) (G1 Evacuation Pause) 409M->178M(453M) 1.935ms
[1052.957s][info][gc] GC(15953) Pause Young (Concurrent Start) (G1 Evacuation Pause) 408M->180M(453M) 1.798ms
[1052.957s][info][gc] GC(15954) Concurrent Mark Cycle
[1052.982s][info][gc] GC(15954) Pause Remark 224M->224M(453M) 0.469ms
[1053.002s][info][gc] GC(15954) Pause Cleanup 255M->255M(453M) 0.074ms
[1053.003s][info][gc] GC(15954) Concurrent Mark Cycle 45.760ms
[1053.113s][info][gc] GC(15955) Pause Young (Prepare Mixed) (G1 Evacuation Pause) 410M->183M(453M) 2.012ms
[1053.260s][info][gc] GC(15956) Pause Young (Mixed) (G1 Evacuation Pause) 409M->181M(453M) 1.987ms
[1053.433s][info][gc] GC(15957) Pause Young (Concurrent Start) (G1 Evacuation Pause) 410M->187M(453M) 2.010ms
[1053.433s][info][gc] GC(15958) Concurrent Mark Cycle
[1053.444s][info][gc] GC(15958) Pause Remark 204M->120M(347M) 0.514ms
[1053.447s][info][gc] GC(15958) Pause Cleanup 126M->126M(347M) 0.069ms
[1053.447s][info][gc] GC(15958) Concurrent Mark Cycle 13.904ms
[1053.521s][info][gc] GC(15959) Pause Young (Prepare Mixed) (G1 Evacuation Pause) 289M->106M(347M) 2.253ms
[1053.589s][info][gc] GC(15960) Pause Young (Mixed) (G1 Evacuation Pause) 297M->80M(347M) 1.913ms
[1053.666s][info][gc] GC(15961) Pause Young (Normal) (G1 Evacuation Pause) 272M->81M(347M) 1.892ms
[1053.735s][info][gc] GC(15962) Pause Young (Normal) (G1 Evacuation Pause) 273M->81M(347M) 1.819ms
[1053.812s][info][gc] GC(15963) Pause Young (Normal) (G1 Evacuation Pause) 275M->84M(347M) 1.696ms
[1053.889s][info][gc] GC(15964) Pause Young (Normal) (G1 Evacuation Pause) 276M->86M(347M) 2.103ms
[1053.957s][info][gc] GC(15965) Pause Young (Normal) (G1 Evacuation Pause) 279M->88M(347M) 1.643ms
[1054.036s][info][gc] GC(15966) Pause Young (Normal) (G1 Evacuation Pause) 279M->89M(347M) 1.726ms
[1054.107s][info][gc] GC(15967) Pause Young (Normal) (G1 Evacuation Pause) 282M->89M(347M) 1.713ms
[1054.182s][info][gc] GC(15968) Pause Young (Normal) (G1 Evacuation Pause) 283M->92M(347M) 1.662ms
[1054.260s][info][gc] GC(15969) Pause Young (Normal) (G1 Evacuation Pause) 283M->94M(347M) 1.742ms
[1054.326s][info][gc] GC(15970) Pause Young (Normal) (G1 Evacuation Pause) 286M->95M(347M) 1.639ms
[1054.402s][info][gc] GC(15971) Pause Young (Normal) (G1 Evacuation Pause) 289M->97M(347M) 1.691ms
[1054.473s][info][gc] GC(15972) Pause Young (Normal) (G1 Evacuation Pause) 290M->98M(347M) 1.634ms
[1054.546s][info][gc] GC(15973) Pause Young (Normal) (G1 Evacuation Pause) 291M->100M(347M) 1.702ms
[1054.626s][info][gc] GC(15974) Pause Young (Normal) (G1 Evacuation Pause) 292M->102M(347M) 1.832ms
[1054.692s][info][gc] GC(15975) Pause Young (Normal) (G1 Evacuation Pause) 294M->103M(347M) 1.642ms
[1054.770s][info][gc] GC(15976) Pause Young (Normal) (G1 Evacuation Pause) 296M->104M(347M) 1.743ms
[1054.839s][info][gc] GC(15977) Pause Young (Normal) (G1 Evacuation Pause) 296M->105M(347M) 1.646ms
[1054.913s][info][gc] GC(15978) Pause Young (Normal) (G1 Evacuation Pause) 299M->108M(347M) 1.670ms
[1054.990s][info][gc] GC(15979) Pause Young (Normal) (G1 Evacuation Pause) 299M->109M(347M) 1.690ms
[1055.060s][info][gc] GC(15980) Pause Young (Normal) (G1 Evacuation Pause) 302M->111M(347M) 1.646ms
[1055.133s][info][gc] GC(15981) Pause Young (Normal) (G1 Evacuation Pause) 304M->113M(347M) 1.839ms
[1055.205s][info][gc] GC(15982) Pause Young (Normal) (G1 Evacuation Pause) 306M->113M(347M) 1.648ms
[1055.277s][info][gc] GC(15983) Pause Young (Normal) (G1 Evacuation Pause) 307M->116M(347M) 1.750ms
[1055.351s][info][gc] GC(15984) Pause Young (Normal) (G1 Evacuation Pause) 307M->116M(347M) 1.759ms
[1055.520s][info][gc] GC(15985) Pause Young (Normal) (G1 Evacuation Pause) 308M->120M(347M) 1.688ms
[1055.588s][info][gc] GC(15986) Pause Young (Normal) (G1 Evacuation Pause) 309M->122M(347M) 1.773ms
[1055.663s][info][gc] GC(15987) Pause Young (Normal) (G1 Evacuation Pause) 311M->123M(347M) 1.783ms
[1055.737s][info][gc] GC(15988) Pause Young (Normal) (G1 Evacuation Pause) 311M->124M(347M) 1.631ms
[1055.816s][info][gc] GC(15989) Pause Young (Normal) (G1 Evacuation Pause) 312M->127M(347M) 1.727ms
[1055.885s][info][gc] GC(15990) Pause Young (Normal) (G1 Evacuation Pause) 309M->127M(347M) 1.913ms
[1055.953s][info][gc] GC(15991) Pause Young (Concurrent Start) (G1 Evacuation Pause) 313M->129M(347M) 1.603ms
[1055.954s][info][gc] GC(15992) Concurrent Mark Cycle
[1055.964s][info][gc] GC(15992) Pause Remark 157M->103M(257M) 0.468ms
[1055.967s][info][gc] GC(15992) Pause Cleanup 114M->114M(257M) 0.070ms
[1055.968s][info][gc] GC(15992) Concurrent Mark Cycle 13.966ms
[1056.016s][info][gc] GC(15993) Pause Young (Prepare Mixed) (G1 Evacuation Pause) 214M->76M(257M) 1.690ms
[1056.067s][info][gc] GC(15994) Pause Young (Mixed) (G1 Evacuation Pause) 217M->66M(257M) 1.521ms
[1056.127s][info][gc] GC(15995) Pause Young (Normal) (G1 Evacuation Pause) 208M->68M(257M) 1.514ms
[1056.184s][info][gc] GC(15996) Pause Young (Normal) (G1 Evacuation Pause) 210M->70M(257M) 1.596ms
[1056.245s][info][gc] GC(15997) Pause Young (Normal) (G1 Evacuation Pause) 212M->70M(257M) 1.500ms
[1056.300s][info][gc] GC(15998) Pause Young (Normal) (G1 Evacuation Pause) 213M->72M(257M) 1.677ms
[1056.347s][info][gc] GC(15999) Pause Young (Normal) (G1 Evacuation Pause) 213M->72M(257M) 1.379ms
[1056.413s][info][gc] GC(16000) Pause Young (Normal) (G1 Evacuation Pause) 216M->74M(257M) 1.543ms
[1056.464s][info][gc] GC(16001) Pause Young (Normal) (G1 Evacuation Pause) 216M->75M(257M) 1.437ms
[1056.527s][info][gc] GC(16002) Pause Young (Normal) (G1 Evacuation Pause) 217M->77M(257M) 1.510ms
[1056.577s][info][gc] GC(16003) Pause Young (Normal) (G1 Evacuation Pause) 218M->77M(257M) 1.504ms
[1056.638s][info][gc] GC(16004) Pause Young (Normal) (G1 Evacuation Pause) 219M->79M(257M) 1.446ms
[1056.692s][info][gc] GC(16005) Pause Young (Normal) (G1 Evacuation Pause) 221M->80M(257M) 1.467ms
[1056.745s][info][gc] GC(16006) Pause Young (Normal) (G1 Evacuation Pause) 222M->80M(257M) 1.368ms
[1056.801s][info][gc] GC(16007) Pause Young (Normal) (G1 Evacuation Pause) 224M->84M(257M) 1.400ms
[1056.851s][info][gc] GC(16008) Pause Young (Normal) (G1 Evacuation Pause) 224M->83M(257M) 1.450ms
[1056.909s][info][gc] GC(16009) Pause Young (Normal) (G1 Evacuation Pause) 227M->85M(257M) 1.362ms
[1056.960s][info][gc] GC(16010) Pause Young (Normal) (G1 Evacuation Pause) 226M->85M(257M) 1.483ms
[1057.014s][info][gc] GC(16011) Pause Young (Normal) (G1 Evacuation Pause) 228M->86M(257M) 1.460ms
[1057.067s][info][gc] GC(16012) Pause Young (Normal) (G1 Evacuation Pause) 228M->88M(257M) 1.451ms
[1057.126s][info][gc] GC(16013) Pause Young (Normal) (G1 Evacuation Pause) 230M->89M(257M) 1.374ms
[1057.177s][info][gc] GC(16014) Pause Young (Normal) (G1 Evacuation Pause) 230M->91M(257M) 1.421ms
[1057.230s][info][gc] GC(16015) Pause Young (Normal) (G1 Evacuation Pause) 229M->90M(257M) 1.383ms
[1057.286s][info][gc] GC(16016) Pause Young (Normal) (G1 Evacuation Pause) 232M->92M(257M) 1.500ms
[1057.338s][info][gc] GC(16017) Pause Young (Normal) (G1 Evacuation Pause) 230M->93M(257M) 1.531ms
[1057.395s][info][gc] GC(16018) Pause Young (Concurrent Start) (G1 Evacuation Pause) 232M->95M(257M) 1.386ms
[1057.395s][info][gc] GC(16019) Concurrent Mark Cycle
[1057.410s][info][gc] GC(16019) Pause Remark 138M->138M(257M) 0.484ms
[1057.422s][info][gc] GC(16019) Pause Cleanup 162M->162M(257M) 0.063ms
[1057.422s][info][gc] GC(16019) Concurrent Mark Cycle 27.391ms
[1057.451s][info][gc] GC(16020) Pause Young (Prepare Mixed) (G1 Evacuation Pause) 230M->96M(257M) 1.416ms
[1057.506s][info][gc] GC(16021) Pause Young (Mixed) (G1 Evacuation Pause) 231M->92M(257M) 1.243ms
[1057.655s][info][gc] GC(16022) Pause Young (Concurrent Start) (G1 Evacuation Pause) 231M->93M(257M) 1.367ms
[1057.655s][info][gc] GC(16023) Concurrent Mark Cycle
[1057.662s][info][gc] GC(16023) Pause Remark 96M->62M(200M) 0.639ms
[1057.664s][info][gc] GC(16023) Pause Cleanup 63M->63M(200M) 0.061ms
[1057.664s][info][gc] GC(16023) Concurrent Mark Cycle 9.442ms
[1057.711s][info][gc] GC(16024) Pause Young (Prepare Mixed) (G1 Evacuation Pause) 170M->63M(200M) 1.544ms
[1057.752s][info][gc] GC(16025) Pause Young (Mixed) (G1 Evacuation Pause) 170M->60M(200M) 1.419ms
[1057.801s][info][gc] GC(16026) Pause Young (Normal) (G1 Evacuation Pause) 171M->61M(200M) 1.212ms
[1057.844s][info][gc] GC(16027) Pause Young (Normal) (G1 Evacuation Pause) 174M->62M(200M) 1.207ms
[1057.881s][info][gc] GC(16028) Pause Young (Normal) (G1 Evacuation Pause) 173M->63M(200M) 1.282ms
[1057.925s][info][gc] GC(16029) Pause Young (Normal) (G1 Evacuation Pause) 174M->63M(233M) 1.409ms
[1057.983s][info][gc] GC(16030) Pause Young (Normal) (G1 Evacuation Pause) 194M->66M(233M) 1.604ms
[1058.040s][info][gc] GC(16031) Pause Young (Normal) (G1 Evacuation Pause) 194M->65M(233M) 1.347ms
[1058.101s][info][gc] GC(16032) Pause Young (Normal) (G1 Evacuation Pause) 195M->67M(233M) 1.492ms
[1058.151s][info][gc] GC(16033) Pause Young (Normal) (G1 Evacuation Pause) 194M->68M(233M) 1.494ms
[1058.208s][info][gc] GC(16034) Pause Young (Normal) (G1 Evacuation Pause) 197M->69M(233M) 1.394ms
[1058.262s][info][gc] GC(16035) Pause Young (Normal) (G1 Evacuation Pause) 198M->70M(233M) 1.359ms
[1058.313s][info][gc] GC(16036) Pause Young (Normal) (G1 Evacuation Pause) 198M->70M(233M) 1.351ms
[1058.370s][info][gc] GC(16037) Pause Young (Normal) (G1 Evacuation Pause) 199M->72M(233M) 1.648ms
[1058.419s][info][gc] GC(16038) Pause Young (Normal) (G1 Evacuation Pause) 199M->73M(233M) 1.535ms
[1058.478s][info][gc] GC(16039) Pause Young (Normal) (G1 Evacuation Pause) 201M->75M(233M) 1.421ms
[1058.523s][info][gc] GC(16040) Pause Young (Normal) (G1 Evacuation Pause) 203M->75M(233M) 1.393ms
[1058.567s][info][gc] GC(16041) Pause Young (Normal) (G1 Evacuation Pause) 204M->76M(233M) 1.251ms
[1058.624s][info][gc] GC(16042) Pause Young (Normal) (G1 Evacuation Pause) 205M->78M(233M) 1.349ms
[1058.670s][info][gc] GC(16043) Pause Young (Normal) (G1 Evacuation Pause) 205M->79M(233M) 1.461ms
[1058.719s][info][gc] GC(16044) Pause Young (Normal) (G1 Evacuation Pause) 207M->80M(233M) 1.324ms
[1058.772s][info][gc] GC(16045) Pause Young (Normal) (G1 Evacuation Pause) 209M->82M(233M) 1.343ms
[1058.814s][info][gc] GC(16046) Pause Young (Normal) (G1 Evacuation Pause) 207M->81M(233M) 1.269ms
[1058.876s][info][gc] GC(16047) Pause Young (Normal) (G1 Evacuation Pause) 210M->84M(233M) 1.508ms
[1058.920s][info][gc] GC(16048) Pause Young (Normal) (G1 Evacuation Pause) 207M->84M(233M) 1.381ms
[1058.972s][info][gc] GC(16049) Pause Young (Normal) (G1 Evacuation Pause) 208M->85M(233M) 1.319ms
[1059.016s][info][gc] GC(16050) Pause Young (Concurrent Start) (G1 Evacuation Pause) 207M->86M(233M) 1.502ms
[1059.016s][info][gc] GC(16051) Concurrent Mark Cycle
[1059.031s][info][gc] GC(16051) Pause Remark 127M->124M(233M) 0.480ms
[1059.041s][info][gc] GC(16051) Pause Cleanup 149M->149M(233M) 0.073ms
[1059.041s][info][gc] GC(16051) Concurrent Mark Cycle 25.218ms
[1059.060s][info][gc] GC(16052) Pause Young (Prepare Mixed) (G1 Evacuation Pause) 204M->84M(233M) 1.176ms
[1059.114s][info][gc] GC(16053) Pause Young (Mixed) (G1 Evacuation Pause) 210M->83M(233M) 1.309ms
[1059.161s][info][gc] GC(16054) Pause Young (Normal) (G1 Evacuation Pause) 208M->84M(233M) 1.365ms
[1059.213s][info][gc] GC(16055) Pause Young (Normal) (G1 Evacuation Pause) 207M->84M(233M) 1.440ms
[1059.267s][info][gc] GC(16056) Pause Young (Concurrent Start) (G1 Evacuation Pause) 210M->85M(233M) 1.327ms
[1059.267s][info][gc] GC(16057) Concurrent Mark Cycle
[1059.279s][info][gc] GC(16057) Pause Remark 109M->109M(233M) 0.475ms
[1059.291s][info][gc] GC(16057) Pause Cleanup 145M->145M(233M) 0.059ms
[1059.291s][info][gc] GC(16057) Concurrent Mark Cycle 24.065ms
[1059.315s][info][gc] GC(16058) Pause Young (Prepare Mixed) (G1 Evacuation Pause) 207M->85M(233M) 1.418ms
[1059.372s][info][gc] GC(16059) Pause Young (Mixed) (G1 Evacuation Pause) 209M->85M(233M) 1.333ms
[1059.417s][info][gc] GC(16060) Pause Young (Normal) (G1 Evacuation Pause) 208M->85M(233M) 1.311ms
[1059.468s][info][gc] GC(16061) Pause Young (Concurrent Start) (G1 Evacuation Pause) 208M->87M(233M) 1.418ms
[1059.468s][info][gc] GC(16062) Concurrent Mark Cycle
[1059.481s][info][gc] GC(16062) Pause Remark 111M->111M(233M) 0.415ms
[1059.490s][info][gc] GC(16062) Pause Cleanup 131M->131M(233M) 0.052ms
[1059.490s][info][gc] GC(16062) Concurrent Mark Cycle 22.247ms
[1059.523s][info][gc] GC(16063) Pause Young (Prepare Mixed) (G1 Evacuation Pause) 207M->89M(233M) 1.425ms
[1059.565s][info][gc] GC(16064) Pause Young (Mixed) (G1 Evacuation Pause) 208M->87M(233M) 1.407ms
[1059.618s][info][gc] GC(16065) Pause Young (Concurrent Start) (G1 Evacuation Pause) 210M->87M(233M) 1.401ms
[1059.618s][info][gc] GC(16066) Concurrent Mark Cycle
[1059.632s][info][gc] GC(16066) Pause Remark 115M->115M(233M) 0.468ms
[1059.644s][info][gc] GC(16066) Pause Cleanup 141M->141M(233M) 0.059ms
[1059.645s][info][gc] GC(16066) Concurrent Mark Cycle 26.468ms
[1059.669s][info][gc] GC(16067) Pause Young (Prepare Mixed) (G1 Evacuation Pause) 208M->89M(233M) 1.410ms
[1059.716s][info][gc] GC(16068) Pause Young (Mixed) (G1 Evacuation Pause) 208M->88M(233M) 1.526ms
[1059.770s][info][gc] GC(16069) Pause Young (Concurrent Start) (G1 Evacuation Pause) 209M->88M(233M) 1.274ms
[1059.770s][info][gc] GC(16070) Concurrent Mark Cycle
[1059.781s][info][gc] GC(16070) Pause Remark 113M->113M(233M) 0.444ms
[1059.792s][info][gc] GC(16070) Pause Cleanup 132M->132M(233M) 0.057ms
[1059.792s][info][gc] GC(16070) Concurrent Mark Cycle 22.130ms
[1059.833s][info][gc] GC(16071) Pause Young (Prepare Mixed) (G1 Evacuation Pause) 210M->89M(233M) 1.209ms
[1059.960s][info][gc] GC(16072) Pause Young (Mixed) (G1 Evacuation Pause) 209M->92M(233M) 1.614ms
[1060.002s][info][gc] GC(16073) Pause Young (Concurrent Start) (G1 Evacuation Pause) 205M->92M(233M) 1.523ms
[1060.002s][info][gc] GC(16074) Concurrent Mark Cycle
[1060.011s][info][gc] GC(16074) Pause Remark 116M->84M(204M) 0.534ms
[1060.016s][info][gc] GC(16074) Pause Cleanup 94M->94M(204M) 0.051ms
[1060.016s][info][gc] GC(16074) Concurrent Mark Cycle 13.371ms
[1060.047s][info][gc] GC(16075) Pause Young (Prepare Mixed) (G1 Evacuation Pause) 178M->59M(204M) 1.124ms
[1060.098s][info][gc] GC(16076) Pause Young (Mixed) (G1 Evacuation Pause) 173M->60M(204M) 1.308ms
[1060.136s][info][gc] GC(16077) Pause Young (Normal) (G1 Evacuation Pause) 170M->60M(204M) 1.398ms
[1060.189s][info][gc] GC(16078) Pause Young (Normal) (G1 Evacuation Pause) 173M->61M(204M) 1.395ms
[1060.233s][info][gc] GC(16079) Pause Young (Normal) (G1 Evacuation Pause) 173M->62M(204M) 1.365ms
[1060.275s][info][gc] GC(16080) Pause Young (Normal) (G1 Evacuation Pause) 174M->63M(204M) 1.242ms
[1060.324s][info][gc] GC(16081) Pause Young (Normal) (G1 Evacuation Pause) 175M->63M(204M) 1.192ms
[1060.370s][info][gc] GC(16082) Pause Young (Normal) (G1 Evacuation Pause) 176M->65M(204M) 1.309ms
[1060.407s][info][gc] GC(16083) Pause Young (Normal) (G1 Evacuation Pause) 175M->65M(204M) 1.266ms
[1060.458s][info][gc] GC(16084) Pause Young (Normal) (G1 Evacuation Pause) 179M->66M(204M) 1.215ms
[1060.502s][info][gc] GC(16085) Pause Young (Normal) (G1 Evacuation Pause) 178M->68M(204M) 1.311ms
[1060.545s][info][gc] GC(16086) Pause Young (Normal) (G1 Evacuation Pause) 179M->68M(204M) 1.351ms
[1060.591s][info][gc] GC(16087) Pause Young (Normal) (G1 Evacuation Pause) 181M->69M(204M) 1.299ms
[1060.633s][info][gc] GC(16088) Pause Young (Normal) (G1 Evacuation Pause) 182M->71M(204M) 1.469ms
[1060.677s][info][gc] GC(16089) Pause Young (Normal) (G1 Evacuation Pause) 182M->70M(204M) 1.276ms
[1060.727s][info][gc] GC(16090) Pause Young (Normal) (G1 Evacuation Pause) 183M->72M(204M) 1.271ms
[1060.766s][info][gc] GC(16091) Pause Young (Normal) (G1 Evacuation Pause) 181M->73M(204M) 1.471ms
[1060.812s][info][gc] GC(16092) Pause Young (Concurrent Start) (G1 Evacuation Pause) 181M->74M(204M) 1.239ms
[1060.812s][info][gc] GC(16093) Concurrent Mark Cycle
[1060.821s][info][gc] GC(16093) Pause Remark 93M->88M(204M) 0.442ms
[1060.826s][info][gc] GC(16093) Pause Cleanup 101M->101M(204M) 0.060ms
[1060.826s][info][gc] GC(16093) Concurrent Mark Cycle 14.188ms
[1060.862s][info][gc] GC(16094) Pause Young (Prepare Mixed) (G1 Evacuation Pause) 179M->71M(204M) 1.309ms
[1060.899s][info][gc] GC(16095) Pause Young (Mixed) (G1 Evacuation Pause) 182M->68M(237M) 1.390ms
[1060.960s][info][gc] GC(16096) Pause Young (Normal) (G1 Evacuation Pause) 201M->69M(237M) 1.293ms
[1061.008s][info][gc] GC(16097) Pause Young (Normal) (G1 Evacuation Pause) 201M->71M(237M) 1.294ms
[1061.059s][info][gc] GC(16098) Pause Young (Normal) (G1 Evacuation Pause) 202M->71M(237M) 1.316ms
[1061.117s][info][gc] GC(16099) Pause Young (Normal) (G1 Evacuation Pause) 202M->73M(237M) 1.529ms
[1061.165s][info][gc] GC(16100) Pause Young (Normal) (G1 Evacuation Pause) 203M->73M(237M) 1.399ms
[1061.223s][info][gc] GC(16101) Pause Young (Normal) (G1 Evacuation Pause) 205M->75M(237M) 1.311ms
[1061.271s][info][gc] GC(16102) Pause Young (Normal) (G1 Evacuation Pause) 205M->75M(237M) 1.385ms
[1061.322s][info][gc] GC(16103) Pause Young (Normal) (G1 Evacuation Pause) 206M->77M(237M) 1.324ms
[1061.378s][info][gc] GC(16104) Pause Young (Normal) (G1 Evacuation Pause) 209M->79M(237M) 1.366ms
[1061.426s][info][gc] GC(16105) Pause Young (Normal) (G1 Evacuation Pause) 209M->78M(237M) 1.363ms
[1061.482s][info][gc] GC(16106) Pause Young (Normal) (G1 Evacuation Pause) 210M->81M(237M) 1.488ms
[1061.529s][info][gc] GC(16107) Pause Young (Normal) (G1 Evacuation Pause) 211M->81M(237M) 1.481ms
[1061.576s][info][gc] GC(16108) Pause Young (Normal) (G1 Evacuation Pause) 211M->81M(237M) 1.265ms
[1061.630s][info][gc] GC(16109) Pause Young (Normal) (G1 Evacuation Pause) 214M->84M(237M) 1.368ms
[1061.679s][info][gc] GC(16110) Pause Young (Normal) (G1 Evacuation Pause) 211M->84M(237M) 1.365ms
[1061.733s][info][gc] GC(16111) Pause Young (Normal) (G1 Evacuation Pause) 213M->86M(237M) 1.688ms
[1061.784s][info][gc] GC(16112) Pause Young (Normal) (G1 Evacuation Pause) 212M->87M(237M) 1.548ms
[1061.835s][info][gc] GC(16113) Pause Young (Concurrent Start) (G1 Evacuation Pause) 212M->87M(237M) 1.545ms
[1061.835s][info][gc] GC(16114) Concurrent Mark Cycle
[1061.857s][info][gc] GC(16114) Pause Remark 117M->117M(237M) 0.499ms
[1061.866s][info][gc] GC(16114) Pause Cleanup 128M->128M(237M) 0.057ms
[1061.866s][info][gc] GC(16114) Concurrent Mark Cycle 31.283ms
[1061.899s][info][gc] GC(16115) Pause Young (Prepare Mixed) (G1 Evacuation Pause) 214M->89M(237M) 1.516ms
[1061.947s][info][gc] GC(16116) Pause Young (Mixed) (G1 Evacuation Pause) 212M->86M(237M) 1.274ms
[1062.006s][info][gc] GC(16117) Pause Young (Concurrent Start) (G1 Evacuation Pause) 215M->87M(237M) 1.234ms
[1062.006s][info][gc] GC(16118) Concurrent Mark Cycle
[1062.020s][info][gc] GC(16118) Pause Remark 109M->109M(237M) 0.414ms
[1062.030s][info][gc] GC(16118) Pause Cleanup 127M->127M(237M) 0.137ms
[1062.030s][info][gc] GC(16118) Concurrent Mark Cycle 23.966ms
[1062.138s][info][gc] GC(16119) Pause Young (Prepare Mixed) (G1 Evacuation Pause) 214M->87M(237M) 1.221ms
[1062.203s][info][gc] GC(16120) Pause Young (Mixed) (G1 Evacuation Pause) 214M->90M(237M) 1.596ms
[1062.243s][info][gc] GC(16121) Pause Young (Concurrent Start) (G1 Evacuation Pause) 208M->91M(237M) 1.587ms
[1062.243s][info][gc] GC(16122) Concurrent Mark Cycle
[1062.251s][info][gc] GC(16122) Pause Remark 115M->83M(200M) 0.446ms
[1062.256s][info][gc] GC(16122) Pause Cleanup 97M->97M(200M) 0.066ms
[1062.256s][info][gc] GC(16122) Concurrent Mark Cycle 13.024ms
[1062.297s][info][gc] GC(16123) Pause Young (Prepare Mixed) (G1 Evacuation Pause) 182M->60M(200M) 1.354ms
[1062.338s][info][gc] GC(16124) Pause Young (Mixed) (G1 Evacuation Pause) 170M->59M(200M) 1.347ms
[1062.377s][info][gc] GC(16125) Pause Young (Normal) (G1 Evacuation Pause) 170M->60M(200M) 1.234ms
[1062.430s][info][gc] GC(16126) Pause Young (Normal) (G1 Evacuation Pause) 171M->61M(233M) 1.510ms
[1062.476s][info][gc] GC(16127) Pause Young (Normal) (G1 Evacuation Pause) 191M->62M(233M) 1.362ms
[1062.523s][info][gc] GC(16128) Pause Young (Normal) (G1 Evacuation Pause) 190M->62M(233M) 1.254ms
[1062.575s][info][gc] GC(16129) Pause Young (Normal) (G1 Evacuation Pause) 192M->64M(233M) 1.426ms
[1062.617s][info][gc] GC(16130) Pause Young (Normal) (G1 Evacuation Pause) 192M->65M(233M) 1.403ms
[1062.676s][info][gc] GC(16131) Pause Young (Normal) (G1 Evacuation Pause) 194M->66M(233M) 1.449ms
[1062.721s][info][gc] GC(16132) Pause Young (Normal) (G1 Evacuation Pause) 193M->67M(233M) 1.459ms
[1062.771s][info][gc] GC(16133) Pause Young (Normal) (G1 Evacuation Pause) 195M->68M(233M) 1.328ms
[1062.824s][info][gc] GC(16134) Pause Young (Normal) (G1 Evacuation Pause) 197M->70M(233M) 1.431ms
[1062.866s][info][gc] GC(16135) Pause Young (Normal) (G1 Evacuation Pause) 198M->70M(233M) 1.253ms
[1062.921s][info][gc] GC(16136) Pause Young (Normal) (G1 Evacuation Pause) 199M->71M(233M) 1.322ms
[1062.967s][info][gc] GC(16137) Pause Young (Normal) (G1 Evacuation Pause) 199M->72M(233M) 1.351ms
[1063.019s][info][gc] GC(16138) Pause Young (Normal) (G1 Evacuation Pause) 201M->73M(233M) 1.287ms
[1063.067s][info][gc] GC(16139) Pause Young (Normal) (G1 Evacuation Pause) 202M->74M(233M) 1.366ms
[1063.111s][info][gc] GC(16140) Pause Young (Normal) (G1 Evacuation Pause) 201M->75M(233M) 1.350ms
[1063.167s][info][gc] GC(16141) Pause Young (Normal) (G1 Evacuation Pause) 204M->76M(233M) 1.307ms
[1063.213s][info][gc] GC(16142) Pause Young (Normal) (G1 Evacuation Pause) 203M->78M(233M) 1.480ms
[1063.263s][info][gc] GC(16143) Pause Young (Normal) (G1 Evacuation Pause) 205M->78M(233M) 1.288ms
[1063.310s][info][gc] GC(16144) Pause Young (Normal) (G1 Evacuation Pause) 208M->79M(233M) 1.369ms
[1063.359s][info][gc] GC(16145) Pause Young (Normal) (G1 Evacuation Pause) 208M->80M(233M) 1.253ms
[1063.412s][info][gc] GC(16146) Pause Young (Normal) (G1 Evacuation Pause) 209M->82M(233M) 1.434ms
[1063.453s][info][gc] GC(16147) Pause Young (Normal) (G1 Evacuation Pause) 207M->82M(233M) 1.397ms
[1063.506s][info][gc] GC(16148) Pause Young (Normal) (G1 Evacuation Pause) 208M->84M(233M) 1.352ms
[1063.551s][info][gc] GC(16149) Pause Young (Normal) (G1 Evacuation Pause) 207M->85M(233M) 1.477ms
[1063.594s][info][gc] GC(16150) Pause Young (Concurrent Start) (G1 Evacuation Pause) 207M->84M(233M) 1.203ms
[1063.594s][info][gc] GC(16151) Concurrent Mark Cycle
[1063.607s][info][gc] GC(16151) Pause Remark 105M->99M(233M) 0.438ms
[1063.621s][info][gc] GC(16151) Pause Cleanup 131M->131M(233M) 0.050ms
[1063.621s][info][gc] GC(16151) Concurrent Mark Cycle 26.897ms
[1063.650s][info][gc] GC(16152) Pause Young (Prepare Mixed) (G1 Evacuation Pause) 205M->81M(233M) 1.427ms
[1063.696s][info][gc] GC(16153) Pause Young (Mixed) (G1 Evacuation Pause) 206M->80M(233M) 1.361ms
[1063.751s][info][gc] GC(16154) Pause Young (Normal) (G1 Evacuation Pause) 208M->81M(233M) 1.393ms
[1063.802s][info][gc] GC(16155) Pause Young (Normal) (G1 Evacuation Pause) 209M->83M(233M) 1.437ms
[1063.845s][info][gc] GC(16156) Pause Young (Normal) (G1 Evacuation Pause) 206M->83M(233M) 1.395ms
[1063.900s][info][gc] GC(16157) Pause Young (Normal) (G1 Evacuation Pause) 210M->84M(233M) 1.313ms
[1063.948s][info][gc] GC(16158) Pause Young (Normal) (G1 Evacuation Pause) 207M->86M(233M) 1.458ms
[1064.002s][info][gc] GC(16159) Pause Young (Normal) (G1 Evacuation Pause) 208M->86M(233M) 1.340ms
[1064.050s][info][gc] GC(16160) Pause Young (Concurrent Start) (G1 Evacuation Pause) 210M->86M(233M) 1.387ms
[1064.050s][info][gc] GC(16161) Concurrent Mark Cycle
[1064.065s][info][gc] GC(16161) Pause Remark 118M->118M(233M) 0.552ms
[1064.074s][info][gc] GC(16161) Pause Cleanup 135M->135M(233M) 0.059ms
[1064.074s][info][gc] GC(16161) Concurrent Mark Cycle 24.451ms
[1064.098s][info][gc] GC(16162) Pause Young (Prepare Mixed) (G1 Evacuation Pause) 208M->87M(233M) 1.286ms
[1064.157s][info][gc] GC(16163) Pause Young (Mixed) (G1 Evacuation Pause) 208M->87M(233M) 1.530ms
[1064.216s][info][gc] GC(16164) Pause Young (Concurrent Start) (G1 Evacuation Pause) 209M->86M(233M) 1.245ms
[1064.216s][info][gc] GC(16165) Concurrent Mark Cycle
[1064.226s][info][gc] GC(16165) Pause Remark 92M->92M(233M) 0.480ms
[1064.235s][info][gc] GC(16165) Pause Cleanup 93M->93M(233M) 0.087ms
[1064.235s][info][gc] GC(16165) Concurrent Mark Cycle 19.330ms
[1064.342s][info][gc] GC(16166) Pause Young (Prepare Mixed) (G1 Evacuation Pause) 211M->90M(233M) 1.434ms
[1064.389s][info][gc] GC(16167) Pause Young (Mixed) (G1 Evacuation Pause) 205M->92M(233M) 1.577ms
[1064.440s][info][gc] GC(16168) Pause Young (Concurrent Start) (G1 Evacuation Pause) 208M->92M(233M) 1.388ms
[1064.440s][info][gc] GC(16169) Concurrent Mark Cycle
[1064.447s][info][gc] GC(16169) Pause Remark 103M->68M(194M) 0.457ms
[1064.451s][info][gc] GC(16169) Pause Cleanup 78M->78M(194M) 0.060ms
[1064.451s][info][gc] GC(16169) Concurrent Mark Cycle 10.811ms
[1064.485s][info][gc] GC(16170) Pause Young (Prepare Mixed) (G1 Evacuation Pause) 175M->58M(194M) 1.238ms
[1064.523s][info][gc] GC(16171) Pause Young (Mixed) (G1 Evacuation Pause) 164M->56M(194M) 1.323ms
[1064.574s][info][gc] GC(16172) Pause Young (Normal) (G1 Evacuation Pause) 163M->57M(194M) 1.251ms
[1064.608s][info][gc] GC(16173) Pause Young (Normal) (G1 Evacuation Pause) 163M->58M(194M) 1.270ms
[1064.645s][info][gc] GC(16174) Pause Young (Normal) (G1 Evacuation Pause) 165M->59M(194M) 1.259ms
[1064.694s][info][gc] GC(16175) Pause Young (Normal) (G1 Evacuation Pause) 166M->60M(228M) 1.298ms
[1064.740s][info][gc] GC(16176) Pause Young (Normal) (G1 Evacuation Pause) 186M->60M(228M) 1.275ms
[1064.783s][info][gc] GC(16177) Pause Young (Normal) (G1 Evacuation Pause) 186M->61M(228M) 1.278ms
[1064.840s][info][gc] GC(16178) Pause Young (Normal) (G1 Evacuation Pause) 186M->62M(228M) 1.376ms
[1064.887s][info][gc] GC(16179) Pause Young (Normal) (G1 Evacuation Pause) 188M->64M(228M) 1.341ms
[1064.939s][info][gc] GC(16180) Pause Young (Normal) (G1 Evacuation Pause) 189M->64M(228M) 1.304ms
[1064.989s][info][gc] GC(16181) Pause Young (Normal) (G1 Evacuation Pause) 191M->66M(228M) 1.300ms
[1065.030s][info][gc] GC(16182) Pause Young (Normal) (G1 Evacuation Pause) 191M->66M(228M) 1.233ms
[1065.085s][info][gc] GC(16183) Pause Young (Normal) (G1 Evacuation Pause) 193M->69M(228M) 1.331ms
[1065.130s][info][gc] GC(16184) Pause Young (Normal) (G1 Evacuation Pause) 193M->69M(228M) 1.565ms
[1065.186s][info][gc] GC(16185) Pause Young (Normal) (G1 Evacuation Pause) 195M->70M(228M) 1.335ms
[1065.230s][info][gc] GC(16186) Pause Young (Normal) (G1 Evacuation Pause) 195M->71M(228M) 1.488ms
[1065.275s][info][gc] GC(16187) Pause Young (Normal) (G1 Evacuation Pause) 196M->71M(228M) 1.507ms
[1065.329s][info][gc] GC(16188) Pause Young (Normal) (G1 Evacuation Pause) 197M->73M(228M) 1.417ms
[1065.376s][info][gc] GC(16189) Pause Young (Normal) (G1 Evacuation Pause) 199M->74M(228M) 1.370ms
[1065.431s][info][gc] GC(16190) Pause Young (Normal) (G1 Evacuation Pause) 199M->75M(228M) 1.239ms
[1065.474s][info][gc] GC(16191) Pause Young (Normal) (G1 Evacuation Pause) 201M->76M(228M) 1.312ms
[1065.517s][info][gc] GC(16192) Pause Young (Normal) (G1 Evacuation Pause) 201M->77M(228M) 1.265ms
[1065.573s][info][gc] GC(16193) Pause Young (Normal) (G1 Evacuation Pause) 203M->78M(228M) 1.315ms
[1065.616s][info][gc] GC(16194) Pause Young (Normal) (G1 Evacuation Pause) 203M->79M(228M) 1.396ms
[1065.669s][info][gc] GC(16195) Pause Young (Normal) (G1 Evacuation Pause) 205M->79M(228M) 1.409ms
[1065.721s][info][gc] GC(16196) Pause Young (Normal) (G1 Evacuation Pause) 206M->81M(228M) 1.350ms
[1065.765s][info][gc] GC(16197) Pause Young (Normal) (G1 Evacuation Pause) 204M->81M(228M) 1.305ms
[1065.820s][info][gc] GC(16198) Pause Young (Normal) (G1 Evacuation Pause) 204M->84M(228M) 1.340ms
[1065.866s][info][gc] GC(16199) Pause Young (Normal) (G1 Evacuation Pause) 203M->85M(228M) 1.561ms
[1065.912s][info][gc] GC(16200) Pause Young (Concurrent Start) (G1 Evacuation Pause) 203M->85M(228M) 1.318ms
[1065.912s][info][gc] GC(16201) Concurrent Mark Cycle
[1065.927s][info][gc] GC(16201) Pause Remark 115M->111M(228M) 0.447ms
[1065.934s][info][gc] GC(16201) Pause Cleanup 122M->122M(228M) 0.054ms
[1065.934s][info][gc] GC(16201) Concurrent Mark Cycle 21.494ms
[1065.965s][info][gc] GC(16202) Pause Young (Prepare Mixed) (G1 Evacuation Pause) 201M->83M(228M) 1.266ms
[1066.009s][info][gc] GC(16203) Pause Young (Mixed) (G1 Evacuation Pause) 203M->81M(228M) 1.231ms
[1066.065s][info][gc] GC(16204) Pause Young (Normal) (G1 Evacuation Pause) 204M->82M(228M) 1.241ms
[1066.109s][info][gc] GC(16205) Pause Young (Normal) (G1 Evacuation Pause) 204M->84M(228M) 1.334ms
[1066.156s][info][gc] GC(16206) Pause Young (Normal) (G1 Evacuation Pause) 204M->84M(228M) 1.332ms
[1066.215s][info][gc] GC(16207) Pause Young (Concurrent Start) (G1 Evacuation Pause) 204M->87M(228M) 1.311ms
[1066.215s][info][gc] GC(16208) Concurrent Mark Cycle
[1066.229s][info][gc] GC(16208) Pause Remark 128M->128M(228M) 0.500ms
[1066.237s][info][gc] GC(16208) Pause Cleanup 150M->150M(228M) 0.051ms
[1066.237s][info][gc] GC(16208) Concurrent Mark Cycle 22.099ms
[1066.259s][info][gc] GC(16209) Pause Young (Prepare Mixed) (G1 Evacuation Pause) 203M->88M(228M) 1.555ms
[1066.303s][info][gc] GC(16210) Pause Young (Mixed) (G1 Evacuation Pause) 205M->87M(228M) 1.222ms
[1066.362s][info][gc] GC(16211) Pause Young (Concurrent Start) (G1 Evacuation Pause) 206M->86M(228M) 1.446ms
[1066.362s][info][gc] GC(16212) Concurrent Mark Cycle
[1066.375s][info][gc] GC(16212) Pause Remark 111M->111M(228M) 0.466ms
[1066.382s][info][gc] GC(16212) Pause Cleanup 126M->126M(228M) 0.055ms
[1066.382s][info][gc] GC(16212) Concurrent Mark Cycle 20.821ms
[1066.508s][info][gc] GC(16213) Pause Young (Prepare Mixed) (G1 Evacuation Pause) 207M->88M(228M) 1.328ms
[1066.554s][info][gc] GC(16214) Pause Young (Mixed) (G1 Evacuation Pause) 203M->91M(228M) 1.531ms
[1066.591s][info][gc] GC(16215) Pause Young (Concurrent Start) (G1 Evacuation Pause) 203M->90M(228M) 1.344ms
[1066.591s][info][gc] GC(16216) Concurrent Mark Cycle
[1066.601s][info][gc] GC(16216) Pause Remark 109M->73M(187M) 0.538ms
[1066.604s][info][gc] GC(16216) Pause Cleanup 84M->84M(187M) 0.053ms
[1066.604s][info][gc] GC(16216) Concurrent Mark Cycle 13.172ms
[1066.645s][info][gc] GC(16217) Pause Young (Prepare Mixed) (G1 Evacuation Pause) 169M->56M(187M) 1.381ms
[1066.681s][info][gc] GC(16218) Pause Young (Mixed) (G1 Evacuation Pause) 158M->55M(187M) 1.318ms
[1066.719s][info][gc] GC(16219) Pause Young (Normal) (G1 Evacuation Pause) 158M->56M(187M) 1.228ms
[1066.761s][info][gc] GC(16220) Pause Young (Normal) (G1 Evacuation Pause) 159M->55M(187M) 1.294ms
[1066.805s][info][gc] GC(16221) Pause Young (Normal) (G1 Evacuation Pause) 160M->58M(221M) 1.337ms
[1066.849s][info][gc] GC(16222) Pause Young (Normal) (G1 Evacuation Pause) 180M->58M(221M) 1.245ms
[1066.903s][info][gc] GC(16223) Pause Young (Normal) (G1 Evacuation Pause) 181M->59M(221M) 1.196ms
[1066.945s][info][gc] GC(16224) Pause Young (Normal) (G1 Evacuation Pause) 181M->60M(221M) 1.286ms
[1066.992s][info][gc] GC(16225) Pause Young (Normal) (G1 Evacuation Pause) 182M->61M(221M) 1.245ms
[1067.043s][info][gc] GC(16226) Pause Young (Normal) (G1 Evacuation Pause) 182M->62M(221M) 1.343ms
[1067.089s][info][gc] GC(16227) Pause Young (Normal) (G1 Evacuation Pause) 183M->64M(221M) 1.441ms
[1067.140s][info][gc] GC(16228) Pause Young (Normal) (G1 Evacuation Pause) 185M->63M(221M) 1.226ms
[1067.191s][info][gc] GC(16229) Pause Young (Normal) (G1 Evacuation Pause) 186M->65M(221M) 1.259ms
[1067.231s][info][gc] GC(16230) Pause Young (Normal) (G1 Evacuation Pause) 187M->65M(221M) 1.134ms
[1067.282s][info][gc] GC(16231) Pause Young (Normal) (G1 Evacuation Pause) 188M->67M(221M) 1.257ms
[1067.328s][info][gc] GC(16232) Pause Young (Normal) (G1 Evacuation Pause) 188M->68M(221M) 1.456ms
[1067.381s][info][gc] GC(16233) Pause Young (Normal) (G1 Evacuation Pause) 189M->70M(221M) 1.341ms
[1067.424s][info][gc] GC(16234) Pause Young (Normal) (G1 Evacuation Pause) 191M->70M(221M) 1.419ms
[1067.467s][info][gc] GC(16235) Pause Young (Normal) (G1 Evacuation Pause) 192M->70M(221M) 1.207ms
[1067.520s][info][gc] GC(16236) Pause Young (Normal) (G1 Evacuation Pause) 193M->73M(221M) 1.225ms
[1067.563s][info][gc] GC(16237) Pause Young (Normal) (G1 Evacuation Pause) 193M->73M(221M) 1.332ms
[1067.610s][info][gc] GC(16238) Pause Young (Normal) (G1 Evacuation Pause) 194M->73M(221M) 1.201ms
[1067.660s][info][gc] GC(16239) Pause Young (Normal) (G1 Evacuation Pause) 195M->76M(221M) 1.256ms
[1067.703s][info][gc] GC(16240) Pause Young (Normal) (G1 Evacuation Pause) 195M->76M(221M) 1.332ms
[1067.757s][info][gc] GC(16241) Pause Young (Normal) (G1 Evacuation Pause) 197M->78M(221M) 1.296ms
[1067.801s][info][gc] GC(16242) Pause Young (Normal) (G1 Evacuation Pause) 196M->79M(221M) 1.257ms
[1067.840s][info][gc] GC(16243) Pause Young (Normal) (G1 Evacuation Pause) 197M->79M(221M) 1.381ms
[1067.894s][info][gc] GC(16244) Pause Young (Normal) (G1 Evacuation Pause) 198M->80M(221M) 1.475ms
[1067.939s][info][gc] GC(16245) Pause Young (Normal) (G1 Evacuation Pause) 197M->81M(221M) 1.316ms
[1067.988s][info][gc] GC(16246) Pause Young (Concurrent Start) (G1 Evacuation Pause) 197M->82M(221M) 1.263ms
[1067.988s][info][gc] GC(16247) Concurrent Mark Cycle
[1068.000s][info][gc] GC(16247) Pause Remark 108M->105M(221M) 0.449ms
[1068.011s][info][gc] GC(16247) Pause Cleanup 140M->140M(221M) 0.058ms
[1068.012s][info][gc] GC(16247) Concurrent Mark Cycle 23.814ms
[1068.032s][info][gc] GC(16248) Pause Young (Prepare Mixed) (G1 Evacuation Pause) 194M->80M(221M) 1.276ms
[1068.078s][info][gc] GC(16249) Pause Young (Mixed) (G1 Evacuation Pause) 198M->81M(221M) 1.538ms
[1068.126s][info][gc] GC(16250) Pause Young (Normal) (G1 Evacuation Pause) 197M->81M(221M) 1.314ms
[1068.169s][info][gc] GC(16251) Pause Young (Concurrent Start) (G1 Evacuation Pause) 198M->81M(221M) 1.238ms
[1068.169s][info][gc] GC(16252) Concurrent Mark Cycle
[1068.187s][info][gc] GC(16252) Pause Remark 126M->126M(221M) 0.392ms
[1068.201s][info][gc] GC(16252) Pause Cleanup 160M->160M(221M) 0.053ms
[1068.201s][info][gc] GC(16252) Concurrent Mark Cycle 31.669ms
[1068.213s][info][gc] GC(16253) Pause Young (Prepare Mixed) (G1 Evacuation Pause) 198M->83M(221M) 1.450ms
[1068.262s][info][gc] GC(16254) Pause Young (Mixed) (G1 Evacuation Pause) 196M->83M(221M) 1.394ms
[1068.306s][info][gc] GC(16255) Pause Young (Concurrent Start) (G1 Evacuation Pause) 198M->83M(221M) 1.363ms
[1068.307s][info][gc] GC(16256) Concurrent Mark Cycle
[1068.320s][info][gc] GC(16256) Pause Remark 119M->119M(221M) 0.419ms
[1068.333s][info][gc] GC(16256) Pause Cleanup 158M->158M(221M) 0.038ms
[1068.333s][info][gc] GC(16256) Concurrent Mark Cycle 26.702ms
[1068.350s][info][gc] GC(16257) Pause Young (Prepare Mixed) (G1 Evacuation Pause) 199M->83M(221M) 1.208ms
[1068.402s][info][gc] GC(16258) Pause Young (Mixed) (G1 Evacuation Pause) 200M->85M(221M) 1.394ms
[1068.443s][info][gc] GC(16259) Pause Young (Concurrent Start) (G1 Evacuation Pause) 196M->85M(221M) 1.440ms
[1068.443s][info][gc] GC(16260) Concurrent Mark Cycle
[1068.454s][info][gc] GC(16260) Pause Remark 114M->114M(221M) 0.459ms
[1068.471s][info][gc] GC(16260) Pause Cleanup 163M->163M(221M) 0.058ms
[1068.471s][info][gc] GC(16260) Concurrent Mark Cycle 27.400ms
[1068.488s][info][gc] GC(16261) Pause Young (Prepare Mixed) (G1 Evacuation Pause) 198M->85M(221M) 1.102ms
[1068.539s][info][gc] GC(16262) Pause Young (Mixed) (G1 Evacuation Pause) 198M->86M(221M) 1.499ms
[1068.600s][info][gc] GC(16263) Pause Young (Concurrent Start) (G1 Evacuation Pause) 198M->84M(221M) 0.853ms
[1068.600s][info][gc] GC(16264) Concurrent Mark Cycle
[1068.609s][info][gc] GC(16264) Pause Remark 85M->85M(221M) 0.391ms
[1068.618s][info][gc] GC(16264) Pause Cleanup 87M->87M(221M) 0.034ms
[1068.618s][info][gc] GC(16264) Concurrent Mark Cycle 18.221ms
[1068.714s][info][gc] GC(16265) Pause Young (Prepare Mixed) (G1 Evacuation Pause) 201M->89M(221M) 1.649ms
[1068.756s][info][gc] GC(16266) Pause Young (Mixed) (G1 Evacuation Pause) 196M->91M(221M) 1.453ms
[1068.791s][info][gc] GC(16267) Pause Young (Concurrent Start) (G1 Evacuation Pause) 197M->90M(221M) 1.277ms
[1068.791s][info][gc] GC(16268) Concurrent Mark Cycle
[1068.798s][info][gc] GC(16268) Pause Remark 97M->66M(200M) 0.434ms
[1068.801s][info][gc] GC(16268) Pause Cleanup 67M->67M(200M) 0.053ms
[1068.801s][info][gc] GC(16268) Concurrent Mark Cycle 9.705ms
[1068.845s][info][gc] GC(16269) Pause Young (Prepare Mixed) (G1 Evacuation Pause) 170M->62M(200M) 1.409ms
[1068.885s][info][gc] GC(16270) Pause Young (Mixed) (G1 Evacuation Pause) 172M->57M(243M) 1.373ms
[1068.943s][info][gc] GC(16271) Pause Young (Normal) (G1 Evacuation Pause) 193M->59M(243M) 1.292ms
[1068.988s][info][gc] GC(16272) Pause Young (Normal) (G1 Evacuation Pause) 194M->60M(243M) 1.336ms
[1069.037s][info][gc] GC(16273) Pause Young (Normal) (G1 Evacuation Pause) 194M->59M(243M) 1.237ms
[1069.097s][info][gc] GC(16274) Pause Young (Normal) (G1 Evacuation Pause) 194M->61M(243M) 1.362ms
[1069.142s][info][gc] GC(16275) Pause Young (Normal) (G1 Evacuation Pause) 194M->63M(243M) 1.429ms
[1069.200s][info][gc] GC(16276) Pause Young (Normal) (G1 Evacuation Pause) 196M->65M(243M) 1.445ms
[1069.246s][info][gc] GC(16277) Pause Young (Normal) (G1 Evacuation Pause) 199M->66M(243M) 1.386ms
[1069.303s][info][gc] GC(16278) Pause Young (Normal) (G1 Evacuation Pause) 200M->67M(243M) 1.414ms
[1069.349s][info][gc] GC(16279) Pause Young (Normal) (G1 Evacuation Pause) 201M->68M(243M) 1.390ms
[1069.397s][info][gc] GC(16280) Pause Young (Normal) (G1 Evacuation Pause) 202M->68M(243M) 1.441ms
[1069.456s][info][gc] GC(16281) Pause Young (Normal) (G1 Evacuation Pause) 203M->70M(243M) 1.480ms
[1069.503s][info][gc] GC(16282) Pause Young (Normal) (G1 Evacuation Pause) 203M->70M(243M) 1.414ms
[1069.562s][info][gc] GC(16283) Pause Young (Normal) (G1 Evacuation Pause) 205M->73M(243M) 1.456ms
[1069.606s][info][gc] GC(16284) Pause Young (Normal) (G1 Evacuation Pause) 205M->73M(243M) 1.347ms
[1069.654s][info][gc] GC(16285) Pause Young (Normal) (G1 Evacuation Pause) 207M->73M(243M) 1.212ms
[1069.709s][info][gc] GC(16286) Pause Young (Normal) (G1 Evacuation Pause) 208M->75M(243M) 1.534ms
[1069.759s][info][gc] GC(16287) Pause Young (Normal) (G1 Evacuation Pause) 207M->77M(243M) 1.573ms
[1069.816s][info][gc] GC(16288) Pause Young (Normal) (G1 Evacuation Pause) 209M->78M(243M) 1.398ms
[1069.862s][info][gc] GC(16289) Pause Young (Normal) (G1 Evacuation Pause) 212M->78M(243M) 1.442ms
[1069.920s][info][gc] GC(16290) Pause Young (Normal) (G1 Evacuation Pause) 213M->80M(243M) 1.332ms
[1069.965s][info][gc] GC(16291) Pause Young (Normal) (G1 Evacuation Pause) 213M->81M(243M) 1.406ms
[1070.012s][info][gc] GC(16292) Pause Young (Normal) (G1 Evacuation Pause) 214M->81M(243M) 1.437ms
[1070.068s][info][gc] GC(16293) Pause Young (Normal) (G1 Evacuation Pause) 216M->83M(243M) 1.384ms
[1070.118s][info][gc] GC(16294) Pause Young (Normal) (G1 Evacuation Pause) 216M->85M(243M) 1.437ms
[1070.172s][info][gc] GC(16295) Pause Young (Normal) (G1 Evacuation Pause) 215M->86M(243M) 1.430ms
[1070.218s][info][gc] GC(16296) Pause Young (Normal) (G1 Evacuation Pause) 218M->86M(243M) 1.342ms
[1070.269s][info][gc] GC(16297) Pause Young (Normal) (G1 Evacuation Pause) 216M->88M(243M) 1.340ms
[1070.317s][info][gc] GC(16298) Pause Young (Normal) (G1 Evacuation Pause) 217M->89M(243M) 1.324ms
[1070.363s][info][gc] GC(16299) Pause Young (Normal) (G1 Evacuation Pause) 217M->90M(243M) 1.424ms
[1070.416s][info][gc] GC(16300) Pause Young (Concurrent Start) (G1 Evacuation Pause) 217M->91M(243M) 1.347ms
[1070.416s][info][gc] GC(16301) Concurrent Mark Cycle
[1070.433s][info][gc] GC(16301) Pause Remark 123M->121M(243M) 0.437ms
[1070.448s][info][gc] GC(16301) Pause Cleanup 158M->158M(243M) 0.064ms
[1070.448s][info][gc] GC(16301) Concurrent Mark Cycle 32.018ms
[1070.466s][info][gc] GC(16302) Pause Young (Prepare Mixed) (G1 Evacuation Pause) 215M->89M(243M) 1.301ms
[1070.516s][info][gc] GC(16303) Pause Young (Mixed) (G1 Evacuation Pause) 219M->87M(243M) 1.201ms
[1070.567s][info][gc] GC(16304) Pause Young (Normal) (G1 Evacuation Pause) 217M->89M(243M) 1.429ms
[1070.613s][info][gc] GC(16305) Pause Young (Normal) (G1 Evacuation Pause) 216M->89M(243M) 1.346ms
[1070.675s][info][gc] GC(16306) Pause Young (Normal) (G1 Evacuation Pause) 218M->90M(243M) 1.484ms
[1070.786s][info][gc] GC(16307) Pause Young (Concurrent Start) (G1 Evacuation Pause) 217M->88M(243M) 1.627ms
[1070.786s][info][gc] GC(16308) Concurrent Mark Cycle
[1070.797s][info][gc] GC(16308) Pause Remark 89M->89M(243M) 0.435ms
[1070.806s][info][gc] GC(16308) Pause Cleanup 91M->91M(243M) 0.077ms
[1070.806s][info][gc] GC(16308) Concurrent Mark Cycle 19.761ms
[1070.892s][info][gc] GC(16309) Pause Young (Prepare Mixed) (G1 Evacuation Pause) 221M->95M(243M) 1.817ms
[1070.937s][info][gc] GC(16310) Pause Young (Mixed) (G1 Evacuation Pause) 212M->93M(243M) 1.542ms
[1070.990s][info][gc] GC(16311) Pause Young (Concurrent Start) (G1 Evacuation Pause) 218M->95M(243M) 1.306ms
[1070.990s][info][gc] GC(16312) Concurrent Mark Cycle
[1070.998s][info][gc] GC(16312) Pause Remark 118M->82M(200M) 0.523ms
[1071.002s][info][gc] GC(16312) Pause Cleanup 89M->89M(200M) 0.054ms
[1071.002s][info][gc] GC(16312) Concurrent Mark Cycle 11.504ms
[1071.048s][info][gc] GC(16313) Pause Young (Prepare Mixed) (G1 Evacuation Pause) 179M->59M(200M) 1.795ms
[1071.089s][info][gc] GC(16314) Pause Young (Mixed) (G1 Evacuation Pause) 169M->58M(200M) 1.482ms
[1071.141s][info][gc] GC(16315) Pause Young (Normal) (G1 Evacuation Pause) 168M->59M(200M) 1.424ms
[1071.184s][info][gc] GC(16316) Pause Young (Normal) (G1 Evacuation Pause) 170M->59M(200M) 1.401ms
[1071.221s][info][gc] GC(16317) Pause Young (Normal) (G1 Evacuation Pause) 170M->60M(200M) 1.192ms
[1071.274s][info][gc] GC(16318) Pause Young (Normal) (G1 Evacuation Pause) 172M->62M(200M) 1.575ms
[1071.314s][info][gc] GC(16319) Pause Young (Normal) (G1 Evacuation Pause) 172M->63M(200M) 1.432ms
[1071.351s][info][gc] GC(16320) Pause Young (Normal) (G1 Evacuation Pause) 173M->61M(200M) 1.093ms
[1071.403s][info][gc] GC(16321) Pause Young (Normal) (G1 Evacuation Pause) 174M->64M(200M) 1.255ms
[1071.441s][info][gc] GC(16322) Pause Young (Normal) (G1 Evacuation Pause) 174M->65M(200M) 1.339ms
[1071.484s][info][gc] GC(16323) Pause Young (Normal) (G1 Evacuation Pause) 176M->64M(233M) 1.151ms
[1071.540s][info][gc] GC(16324) Pause Young (Normal) (G1 Evacuation Pause) 195M->67M(233M) 1.425ms
[1071.586s][info][gc] GC(16325) Pause Young (Normal) (G1 Evacuation Pause) 196M->67M(233M) 1.271ms
[1071.642s][info][gc] GC(16326) Pause Young (Normal) (G1 Evacuation Pause) 196M->69M(233M) 1.503ms
[1071.688s][info][gc] GC(16327) Pause Young (Normal) (G1 Evacuation Pause) 196M->70M(233M) 1.339ms
[1071.742s][info][gc] GC(16328) Pause Young (Normal) (G1 Evacuation Pause) 198M->70M(233M) 1.251ms
[1071.795s][info][gc] GC(16329) Pause Young (Normal) (G1 Evacuation Pause) 199M->72M(233M) 1.703ms
[1071.839s][info][gc] GC(16330) Pause Young (Normal) (G1 Evacuation Pause) 199M->72M(233M) 1.315ms
[1071.898s][info][gc] GC(16331) Pause Young (Normal) (G1 Evacuation Pause) 201M->74M(233M) 1.524ms
[1071.948s][info][gc] GC(16332) Pause Young (Normal) (G1 Evacuation Pause) 201M->75M(233M) 1.483ms
[1072.006s][info][gc] GC(16333) Pause Young (Normal) (G1 Evacuation Pause) 203M->76M(233M) 1.330ms
[1072.057s][info][gc] GC(16334) Pause Young (Normal) (G1 Evacuation Pause) 205M->78M(233M) 1.290ms
[1072.102s][info][gc] GC(16335) Pause Young (Normal) (G1 Evacuation Pause) 205M->78M(233M) 1.380ms
[1072.162s][info][gc] GC(16336) Pause Young (Normal) (G1 Evacuation Pause) 206M->79M(233M) 1.485ms
[1072.207s][info][gc] GC(16337) Pause Young (Normal) (G1 Evacuation Pause) 206M->81M(233M) 1.366ms
[1072.256s][info][gc] GC(16338) Pause Young (Normal) (G1 Evacuation Pause) 208M->81M(233M) 1.249ms
[1072.304s][info][gc] GC(16339) Pause Young (Normal) (G1 Evacuation Pause) 209M->82M(233M) 1.345ms
[1072.349s][info][gc] GC(16340) Pause Young (Normal) (G1 Evacuation Pause) 208M->83M(233M) 1.482ms
[1072.401s][info][gc] GC(16341) Pause Young (Normal) (G1 Evacuation Pause) 209M->85M(233M) 1.344ms
[1072.444s][info][gc] GC(16342) Pause Young (Normal) (G1 Evacuation Pause) 208M->86M(233M) 1.369ms
[1072.488s][info][gc] GC(16343) Pause Young (Normal) (G1 Evacuation Pause) 207M->85M(233M) 1.200ms
[1072.542s][info][gc] GC(16344) Pause Young (Concurrent Start) (G1 Evacuation Pause) 209M->88M(233M) 1.227ms
[1072.542s][info][gc] GC(16345) Concurrent Mark Cycle
[1072.554s][info][gc] GC(16345) Pause Remark 111M->108M(233M) 0.419ms
[1072.570s][info][gc] GC(16345) Pause Cleanup 154M->154M(233M) 0.057ms
[1072.570s][info][gc] GC(16345) Concurrent Mark Cycle 28.779ms
[1072.589s][info][gc] GC(16346) Pause Young (Prepare Mixed) (G1 Evacuation Pause) 205M->86M(233M) 1.426ms
[1072.645s][info][gc] GC(16347) Pause Young (Mixed) (G1 Evacuation Pause) 207M->85M(233M) 1.342ms
[1072.689s][info][gc] GC(16348) Pause Young (Normal) (G1 Evacuation Pause) 210M->86M(233M) 1.362ms
[1072.733s][info][gc] GC(16349) Pause Young (Normal) (G1 Evacuation Pause) 207M->86M(233M) 1.313ms
[1072.785s][info][gc] GC(16350) Pause Young (Concurrent Start) (G1 Evacuation Pause) 209M->88M(233M) 1.293ms
[1072.785s][info][gc] GC(16351) Concurrent Mark Cycle
[1072.802s][info][gc] GC(16351) Pause Remark 132M->132M(233M) 0.441ms
[1072.816s][info][gc] GC(16351) Pause Cleanup 170M->170M(233M) 0.055ms
[1072.816s][info][gc] GC(16351) Concurrent Mark Cycle 31.069ms
[1072.833s][info][gc] GC(16352) Pause Young (Prepare Mixed) (G1 Evacuation Pause) 207M->89M(233M) 1.396ms
[1072.885s][info][gc] GC(16353) Pause Young (Mixed) (G1 Evacuation Pause) 209M->87M(233M) 1.217ms
[1072.943s][info][gc] GC(16354) Pause Young (Concurrent Start) (G1 Evacuation Pause) 210M->87M(233M) 1.113ms
[1072.943s][info][gc] GC(16355) Concurrent Mark Cycle
[1072.956s][info][gc] GC(16355) Pause Remark 107M->107M(233M) 0.539ms
[1072.967s][info][gc] GC(16355) Pause Cleanup 121M->121M(233M) 0.036ms
[1072.967s][info][gc] GC(16355) Concurrent Mark Cycle 23.797ms
[1073.095s][info][gc] GC(16356) Pause Young (Prepare Mixed) (G1 Evacuation Pause) 210M->91M(233M) 1.563ms
[1073.143s][info][gc] GC(16357) Pause Young (Mixed) (G1 Evacuation Pause) 204M->92M(233M) 1.735ms
[1073.185s][info][gc] GC(16358) Pause Young (Concurrent Start) (G1 Evacuation Pause) 209M->92M(233M) 1.246ms
[1073.185s][info][gc] GC(16359) Concurrent Mark Cycle
[1073.191s][info][gc] GC(16359) Pause Remark 110M->73M(187M) 0.458ms
[1073.194s][info][gc] GC(16359) Pause Cleanup 78M->78M(187M) 0.058ms
[1073.194s][info][gc] GC(16359) Concurrent Mark Cycle 9.153ms
[1073.241s][info][gc] GC(16360) Pause Young (Prepare Mixed) (G1 Evacuation Pause) 173M->56M(187M) 1.294ms
[1073.281s][info][gc] GC(16361) Pause Young (Mixed) (G1 Evacuation Pause) 157M->55M(187M) 1.506ms
[1073.316s][info][gc] GC(16362) Pause Young (Normal) (G1 Evacuation Pause) 158M->55M(187M) 1.312ms
[1073.361s][info][gc] GC(16363) Pause Young (Normal) (G1 Evacuation Pause) 159M->57M(187M) 1.247ms
[1073.400s][info][gc] GC(16364) Pause Young (Normal) (G1 Evacuation Pause) 160M->57M(187M) 1.366ms
[1073.435s][info][gc] GC(16365) Pause Young (Normal) (G1 Evacuation Pause) 161M->58M(187M) 1.158ms
[1073.488s][info][gc] GC(16366) Pause Young (Normal) (G1 Evacuation Pause) 162M->60M(221M) 1.364ms
[1073.534s][info][gc] GC(16367) Pause Young (Normal) (G1 Evacuation Pause) 182M->61M(221M) 1.408ms
[1073.575s][info][gc] GC(16368) Pause Young (Normal) (G1 Evacuation Pause) 182M->59M(221M) 1.105ms
[1073.634s][info][gc] GC(16369) Pause Young (Normal) (G1 Evacuation Pause) 183M->62M(221M) 1.419ms
[1073.680s][info][gc] GC(16370) Pause Young (Normal) (G1 Evacuation Pause) 183M->63M(221M) 1.398ms
[1073.731s][info][gc] GC(16371) Pause Young (Normal) (G1 Evacuation Pause) 184M->64M(221M) 1.455ms
[1073.773s][info][gc] GC(16372) Pause Young (Normal) (G1 Evacuation Pause) 186M->65M(221M) 1.259ms
[1073.815s][info][gc] GC(16373) Pause Young (Normal) (G1 Evacuation Pause) 187M->65M(221M) 1.271ms
[1073.870s][info][gc] GC(16374) Pause Young (Normal) (G1 Evacuation Pause) 188M->67M(221M) 1.365ms
[1073.915s][info][gc] GC(16375) Pause Young (Normal) (G1 Evacuation Pause) 187M->67M(221M) 1.563ms
[1073.969s][info][gc] GC(16376) Pause Young (Normal) (G1 Evacuation Pause) 190M->68M(221M) 1.161ms
[1074.017s][info][gc] GC(16377) Pause Young (Normal) (G1 Evacuation Pause) 191M->70M(221M) 1.416ms
[1074.058s][info][gc] GC(16378) Pause Young (Normal) (G1 Evacuation Pause) 190M->71M(221M) 1.312ms
[1074.111s][info][gc] GC(16379) Pause Young (Normal) (G1 Evacuation Pause) 192M->72M(221M) 1.240ms
[1074.154s][info][gc] GC(16380) Pause Young (Normal) (G1 Evacuation Pause) 193M->73M(221M) 1.322ms
[1074.200s][info][gc] GC(16381) Pause Young (Normal) (G1 Evacuation Pause) 194M->73M(221M) 1.324ms
[1074.248s][info][gc] GC(16382) Pause Young (Normal) (G1 Evacuation Pause) 196M->75M(221M) 1.398ms
[1074.295s][info][gc] GC(16383) Pause Young (Normal) (G1 Evacuation Pause) 196M->77M(221M) 1.363ms
[1074.346s][info][gc] GC(16384) Pause Young (Normal) (G1 Evacuation Pause) 196M->76M(221M) 1.497ms
[1074.393s][info][gc] GC(16385) Pause Young (Normal) (G1 Evacuation Pause) 196M->78M(221M) 1.423ms
[1074.435s][info][gc] GC(16386) Pause Young (Normal) (G1 Evacuation Pause) 194M->79M(221M) 1.273ms
[1074.489s][info][gc] GC(16387) Pause Young (Normal) (G1 Evacuation Pause) 198M->81M(221M) 1.375ms
[1074.526s][info][gc] GC(16388) Pause Young (Normal) (G1 Evacuation Pause) 196M->82M(221M) 1.478ms
[1074.570s][info][gc] GC(16389) Pause Young (Concurrent Start) (G1 Evacuation Pause) 197M->81M(221M) 1.364ms
[1074.570s][info][gc] GC(16390) Concurrent Mark Cycle
[1074.585s][info][gc] GC(16390) Pause Remark 108M->106M(221M) 0.479ms
[1074.597s][info][gc] GC(16390) Pause Cleanup 125M->125M(221M) 0.064ms
[1074.597s][info][gc] GC(16390) Concurrent Mark Cycle 26.802ms
[1074.624s][info][gc] GC(16391) Pause Young (Prepare Mixed) (G1 Evacuation Pause) 197M->82M(221M) 1.351ms
[1074.664s][info][gc] GC(16392) Pause Young (Mixed) (G1 Evacuation Pause) 196M->80M(221M) 1.299ms
[1074.713s][info][gc] GC(16393) Pause Young (Normal) (G1 Evacuation Pause) 199M->80M(221M) 1.245ms
[1074.762s][info][gc] GC(16394) Pause Young (Normal) (G1 Evacuation Pause) 200M->82M(221M) 1.356ms
[1074.804s][info][gc] GC(16395) Pause Young (Normal) (G1 Evacuation Pause) 198M->83M(221M) 1.530ms
[1074.853s][info][gc] GC(16396) Pause Young (Concurrent Start) (G1 Evacuation Pause) 197M->83M(221M) 1.242ms
[1074.853s][info][gc] GC(16397) Concurrent Mark Cycle
[1074.867s][info][gc] GC(16397) Pause Remark 115M->115M(221M) 0.396ms
[1074.880s][info][gc] GC(16397) Pause Cleanup 150M->150M(221M) 0.060ms
[1074.881s][info][gc] GC(16397) Concurrent Mark Cycle 27.590ms
[1074.899s][info][gc] GC(16398) Pause Young (Prepare Mixed) (G1 Evacuation Pause) 198M->85M(221M) 1.237ms
[1074.943s][info][gc] GC(16399) Pause Young (Mixed) (G1 Evacuation Pause) 196M->84M(254M) 1.475ms
[1075.005s][info][gc] GC(16400) Pause Young (Normal) (G1 Evacuation Pause) 227M->85M(254M) 1.540ms
[1075.057s][info][gc] GC(16401) Pause Young (Normal) (G1 Evacuation Pause) 227M->87M(254M) 1.347ms
[1075.116s][info][gc] GC(16402) Pause Young (Normal) (G1 Evacuation Pause) 226M->86M(254M) 1.304ms
[1075.240s][info][gc] GC(16403) Pause Young (Normal) (G1 Evacuation Pause) 228M->85M(254M) 0.978ms
[1075.327s][info][gc] GC(16404) Pause Young (Normal) (G1 Evacuation Pause) 228M->96M(254M) 3.200ms
[1075.384s][info][gc] GC(16405) Pause Young (Normal) (G1 Evacuation Pause) 220M->99M(254M) 2.537ms
[1075.447s][info][gc] GC(16406) Pause Young (Concurrent Start) (G1 Evacuation Pause) 235M->100M(254M) 1.180ms
[1075.447s][info][gc] GC(16407) Concurrent Mark Cycle
[1075.460s][info][gc] GC(16407) Pause Remark 118M->85M(227M) 0.423ms
[1075.466s][info][gc] GC(16407) Pause Cleanup 94M->94M(227M) 0.072ms
[1075.466s][info][gc] GC(16407) Concurrent Mark Cycle 19.287ms
[1075.499s][info][gc] GC(16408) Pause Young (Prepare Mixed) (G1 Evacuation Pause) 199M->71M(227M) 1.342ms
[1075.541s][info][gc] GC(16409) Pause Young (Mixed) (G1 Evacuation Pause) 197M->66M(227M) 1.475ms
[1075.590s][info][gc] GC(16410) Pause Young (Normal) (G1 Evacuation Pause) 192M->65M(227M) 1.277ms
[1075.631s][info][gc] GC(16411) Pause Young (Normal) (G1 Evacuation Pause) 193M->67M(227M) 1.298ms
[1075.673s][info][gc] GC(16412) Pause Young (Normal) (G1 Evacuation Pause) 193M->68M(227M) 1.449ms
[1075.728s][info][gc] GC(16413) Pause Young (Normal) (G1 Evacuation Pause) 194M->70M(227M) 1.357ms
[1075.769s][info][gc] GC(16414) Pause Young (Normal) (G1 Evacuation Pause) 195M->70M(227M) 1.372ms
[1075.810s][info][gc] GC(16415) Pause Young (Normal) (G1 Evacuation Pause) 196M->72M(227M) 1.374ms
[1075.861s][info][gc] GC(16416) Pause Young (Normal) (G1 Evacuation Pause) 197M->72M(227M) 1.262ms
[1075.905s][info][gc] GC(16417) Pause Young (Normal) (G1 Evacuation Pause) 199M->74M(227M) 1.419ms
[1075.946s][info][gc] GC(16418) Pause Young (Normal) (G1 Evacuation Pause) 199M->74M(227M) 1.546ms
[1076.001s][info][gc] GC(16419) Pause Young (Normal) (G1 Evacuation Pause) 200M->76M(227M) 1.344ms
[1076.046s][info][gc] GC(16420) Pause Young (Normal) (G1 Evacuation Pause) 202M->77M(227M) 1.450ms
[1076.084s][info][gc] GC(16421) Pause Young (Normal) (G1 Evacuation Pause) 203M->77M(227M) 1.334ms
[1076.139s][info][gc] GC(16422) Pause Young (Normal) (G1 Evacuation Pause) 203M->79M(227M) 1.364ms
[1076.177s][info][gc] GC(16423) Pause Young (Normal) (G1 Evacuation Pause) 201M->80M(227M) 1.475ms
[1076.217s][info][gc] GC(16424) Pause Young (Normal) (G1 Evacuation Pause) 202M->81M(227M) 1.276ms
[1076.274s][info][gc] GC(16425) Pause Young (Normal) (G1 Evacuation Pause) 204M->83M(227M) 1.490ms
[1076.312s][info][gc] GC(16426) Pause Young (Concurrent Start) (G1 Evacuation Pause) 203M->83M(227M) 1.616ms
[1076.312s][info][gc] GC(16427) Concurrent Mark Cycle
[1076.326s][info][gc] GC(16427) Pause Remark 120M->120M(227M) 0.524ms
[1076.335s][info][gc] GC(16427) Pause Cleanup 149M->149M(227M) 0.067ms
[1076.336s][info][gc] GC(16427) Concurrent Mark Cycle 23.729ms
[1076.353s][info][gc] GC(16428) Pause Young (Prepare Mixed) (G1 Evacuation Pause) 203M->84M(227M) 1.282ms
[1076.402s][info][gc] GC(16429) Pause Young (Mixed) (G1 Evacuation Pause) 202M->81M(227M) 1.438ms
[1076.444s][info][gc] GC(16430) Pause Young (Concurrent Start) (G1 Evacuation Pause) 203M->83M(227M) 1.411ms
[1076.444s][info][gc] GC(16431) Concurrent Mark Cycle
[1076.459s][info][gc] GC(16431) Pause Remark 119M->119M(227M) 0.486ms
[1076.469s][info][gc] GC(16431) Pause Cleanup 148M->148M(227M) 0.076ms
[1076.469s][info][gc] GC(16431) Concurrent Mark Cycle 24.949ms
[1076.485s][info][gc] GC(16432) Pause Young (Prepare Mixed) (G1 Evacuation Pause) 201M->84M(227M) 1.424ms
[1076.530s][info][gc] GC(16433) Pause Young (Mixed) (G1 Evacuation Pause) 203M->82M(227M) 1.289ms
[1076.574s][info][gc] GC(16434) Pause Young (Concurrent Start) (G1 Evacuation Pause) 203M->84M(227M) 1.444ms
[1076.574s][info][gc] GC(16435) Concurrent Mark Cycle
[1076.593s][info][gc] GC(16435) Pause Remark 137M->137M(227M) 0.396ms
[1076.606s][info][gc] GC(16435) Pause Cleanup 172M->172M(227M) 0.054ms
[1076.606s][info][gc] GC(16435) Concurrent Mark Cycle 31.947ms
[1076.615s][info][gc] GC(16436) Pause Young (Prepare Mixed) (G1 Evacuation Pause) 203M->86M(227M) 1.415ms
[1076.658s][info][gc] GC(16437) Pause Young (Mixed) (G1 Evacuation Pause) 203M->83M(227M) 1.403ms
[1076.703s][info][gc] GC(16438) Pause Young (Concurrent Start) (G1 Evacuation Pause) 206M->85M(227M) 1.318ms
[1076.703s][info][gc] GC(16439) Concurrent Mark Cycle
[1076.722s][info][gc] GC(16439) Pause Remark 136M->136M(227M) 0.423ms
[1076.734s][info][gc] GC(16439) Pause Cleanup 168M->168M(227M) 0.056ms
[1076.734s][info][gc] GC(16439) Concurrent Mark Cycle 31.197ms
[1076.748s][info][gc] GC(16440) Pause Young (Prepare Mixed) (G1 Evacuation Pause) 204M->86M(227M) 1.315ms
[1076.788s][info][gc] GC(16441) Pause Young (Mixed) (G1 Evacuation Pause) 204M->85M(227M) 1.287ms
[1076.832s][info][gc] GC(16442) Pause Young (Concurrent Start) (G1 Evacuation Pause) 204M->88M(227M) 1.407ms
[1076.832s][info][gc] GC(16443) Concurrent Mark Cycle
[1076.847s][info][gc] GC(16443) Pause Remark 126M->126M(227M) 0.405ms
[1076.860s][info][gc] GC(16443) Pause Cleanup 155M->155M(227M) 0.041ms
[1076.860s][info][gc] GC(16443) Concurrent Mark Cycle 27.555ms
[1076.876s][info][gc] GC(16444) Pause Young (Prepare Mixed) (G1 Evacuation Pause) 203M->89M(227M) 1.453ms
[1076.913s][info][gc] GC(16445) Pause Young (Mixed) (G1 Evacuation Pause) 202M->88M(369M) 1.365ms
[1076.994s][info][gc] GC(16446) Pause Young (Normal) (G1 Evacuation Pause) 302M->92M(369M) 1.519ms
[1077.066s][info][gc] GC(16447) Pause Young (Normal) (G1 Evacuation Pause) 302M->93M(369M) 1.644ms
[1077.136s][info][gc] GC(16448) Pause Young (Normal) (G1 Evacuation Pause) 302M->95M(369M) 1.703ms
[1077.210s][info][gc] GC(16449) Pause Young (Normal) (G1 Evacuation Pause) 301M->96M(369M) 1.660ms
[1077.278s][info][gc] GC(16450) Pause Young (Normal) (G1 Evacuation Pause) 302M->99M(369M) 1.732ms
[1077.353s][info][gc] GC(16451) Pause Young (Normal) (G1 Evacuation Pause) 302M->100M(369M) 1.880ms
[1077.420s][info][gc] GC(16452) Pause Young (Normal) (G1 Evacuation Pause) 305M->101M(369M) 1.810ms
[1077.498s][info][gc] GC(16453) Pause Young (Normal) (G1 Evacuation Pause) 306M->103M(369M) 1.828ms
[1077.566s][info][gc] GC(16454) Pause Young (Normal) (G1 Evacuation Pause) 308M->104M(369M) 1.674ms
[1077.640s][info][gc] GC(16455) Pause Young (Normal) (G1 Evacuation Pause) 310M->108M(369M) 1.872ms
[1077.711s][info][gc] GC(16456) Pause Young (Normal) (G1 Evacuation Pause) 310M->107M(369M) 1.700ms
[1077.784s][info][gc] GC(16457) Pause Young (Normal) (G1 Evacuation Pause) 313M->111M(369M) 2.005ms
[1077.859s][info][gc] GC(16458) Pause Young (Normal) (G1 Evacuation Pause) 313M->111M(369M) 1.804ms
[1077.926s][info][gc] GC(16459) Pause Young (Normal) (G1 Evacuation Pause) 316M->114M(369M) 1.869ms
[1077.999s][info][gc] GC(16460) Pause Young (Normal) (G1 Evacuation Pause) 318M->115M(369M) 1.804ms
[1078.067s][info][gc] GC(16461) Pause Young (Normal) (G1 Evacuation Pause) 320M->117M(369M) 1.782ms
[1078.142s][info][gc] GC(16462) Pause Young (Normal) (G1 Evacuation Pause) 322M->119M(369M) 1.780ms
[1078.211s][info][gc] GC(16463) Pause Young (Normal) (G1 Evacuation Pause) 324M->119M(369M) 1.699ms
[1078.284s][info][gc] GC(16464) Pause Young (Normal) (G1 Evacuation Pause) 325M->122M(369M) 1.813ms
[1078.355s][info][gc] GC(16465) Pause Young (Normal) (G1 Evacuation Pause) 325M->123M(369M) 1.748ms
[1078.425s][info][gc] GC(16466) Pause Young (Normal) (G1 Evacuation Pause) 328M->126M(369M) 1.986ms
[1078.492s][info][gc] GC(16467) Pause Young (Normal) (G1 Evacuation Pause) 330M->127M(369M) 1.732ms
[1078.563s][info][gc] GC(16468) Pause Young (Normal) (G1 Evacuation Pause) 332M->129M(369M) 1.716ms
[1078.633s][info][gc] GC(16469) Pause Young (Normal) (G1 Evacuation Pause) 331M->130M(369M) 1.898ms
[1078.703s][info][gc] GC(16470) Pause Young (Normal) (G1 Evacuation Pause) 332M->132M(369M) 1.693ms
[1078.772s][info][gc] GC(16471) Pause Young (Normal) (G1 Evacuation Pause) 330M->134M(369M) 1.905ms
[1078.838s][info][gc] GC(16472) Pause Young (Normal) (G1 Evacuation Pause) 331M->135M(369M) 1.837ms
[1078.911s][info][gc] GC(16473) Pause Young (Normal) (G1 Evacuation Pause) 334M->137M(369M) 1.686ms
[1078.978s][info][gc] GC(16474) Pause Young (Normal) (G1 Evacuation Pause) 333M->139M(369M) 1.730ms
[1079.046s][info][gc] GC(16475) Pause Young (Normal) (G1 Evacuation Pause) 331M->141M(369M) 1.687ms
[1079.115s][info][gc] GC(16476) Pause Young (Concurrent Start) (G1 Evacuation Pause) 333M->142M(369M) 1.797ms
[1079.115s][info][gc] GC(16477) Concurrent Mark Cycle
[1079.148s][info][gc] GC(16477) Pause Remark 241M->241M(369M) 0.414ms
[1079.169s][info][gc] GC(16477) Pause Cleanup 283M->283M(369M) 0.054ms
[1079.169s][info][gc] GC(16477) Concurrent Mark Cycle 54.158ms
[1079.187s][info][gc] GC(16478) Pause Young (Prepare Mixed) (G1 Evacuation Pause) 332M->144M(369M) 1.642ms
[1079.253s][info][gc] GC(16479) Pause Young (Mixed) (G1 Evacuation Pause) 333M->146M(369M) 1.836ms
[1079.315s][info][gc] GC(16480) Pause Young (Concurrent Start) (G1 Evacuation Pause) 332M->146M(369M) 1.689ms
[1079.316s][info][gc] GC(16481) Concurrent Mark Cycle
[1079.341s][info][gc] GC(16481) Pause Remark 213M->213M(369M) 0.455ms
[1079.365s][info][gc] GC(16481) Pause Cleanup 269M->269M(369M) 0.058ms
[1079.365s][info][gc] GC(16481) Concurrent Mark Cycle 49.338ms
[1079.390s][info][gc] GC(16482) Pause Young (Prepare Mixed) (G1 Evacuation Pause) 335M->148M(369M) 1.995ms
[1079.459s][info][gc] GC(16483) Pause Young (Mixed) (G1 Evacuation Pause) 333M->149M(369M) 2.035ms
[1079.525s][info][gc] GC(16484) Pause Young (Concurrent Start) (G1 Evacuation Pause) 333M->150M(369M) 1.922ms
[1079.525s][info][gc] GC(16485) Concurrent Mark Cycle
[1079.559s][info][gc] GC(16485) Pause Remark 245M->245M(369M) 0.507ms
[1079.587s][info][gc] GC(16485) Pause Cleanup 296M->296M(369M) 0.061ms
[1079.587s][info][gc] GC(16485) Concurrent Mark Cycle 62.149ms
[1079.602s][info][gc] GC(16486) Pause Young (Prepare Mixed) (G1 Evacuation Pause) 334M->152M(369M) 1.687ms
[1079.664s][info][gc] GC(16487) Pause Young (Mixed) (G1 Evacuation Pause) 334M->153M(369M) 1.701ms
[1079.729s][info][gc] GC(16488) Pause Young (Concurrent Start) (G1 Evacuation Pause) 334M->154M(369M) 1.629ms
[1079.729s][info][gc] GC(16489) Concurrent Mark Cycle
[1079.757s][info][gc] GC(16489) Pause Remark 230M->230M(369M) 0.449ms
[1079.786s][info][gc] GC(16489) Pause Cleanup 307M->307M(369M) 0.060ms
[1079.787s][info][gc] GC(16489) Concurrent Mark Cycle 57.405ms
[1079.798s][info][gc] GC(16490) Pause Young (Prepare Mixed) (G1 Evacuation Pause) 333M->157M(369M) 1.757ms
[1079.862s][info][gc] GC(16491) Pause Young (Mixed) (G1 Evacuation Pause) 333M->157M(459M) 1.830ms
[1079.947s][info][gc] GC(16492) Pause Young (Normal) (G1 Evacuation Pause) 418M->158M(459M) 1.721ms
[1080.039s][info][gc] GC(16493) Pause Young (Normal) (G1 Evacuation Pause) 418M->161M(459M) 1.850ms
[1080.132s][info][gc] GC(16494) Pause Young (Normal) (G1 Evacuation Pause) 416M->163M(459M) 2.125ms
[1080.213s][info][gc] GC(16495) Pause Young (Normal) (G1 Evacuation Pause) 414M->165M(459M) 2.091ms
[1080.302s][info][gc] GC(16496) Pause Young (Normal) (G1 Evacuation Pause) 414M->167M(459M) 2.017ms
[1080.390s][info][gc] GC(16497) Pause Young (Normal) (G1 Evacuation Pause) 413M->170M(459M) 2.244ms
[1080.468s][info][gc] GC(16498) Pause Young (Normal) (G1 Evacuation Pause) 413M->170M(459M) 1.983ms
[1080.558s][info][gc] GC(16499) Pause Young (Normal) (G1 Evacuation Pause) 417M->174M(459M) 2.060ms
[1080.642s][info][gc] GC(16500) Pause Young (Normal) (G1 Evacuation Pause) 413M->175M(459M) 2.203ms
[1080.726s][info][gc] GC(16501) Pause Young (Concurrent Start) (G1 Evacuation Pause) 416M->177M(459M) 2.126ms
[1080.726s][info][gc] GC(16502) Concurrent Mark Cycle
[1080.762s][info][gc] GC(16502) Pause Remark 238M->238M(459M) 0.477ms
[1080.793s][info][gc] GC(16502) Pause Cleanup 294M->294M(459M) 0.063ms
[1080.794s][info][gc] GC(16502) Concurrent Mark Cycle 67.289ms
[1080.836s][info][gc] GC(16503) Pause Young (Prepare Mixed) (G1 Evacuation Pause) 414M->179M(459M) 2.362ms
[1080.922s][info][gc] GC(16504) Pause Young (Mixed) (G1 Evacuation Pause) 414M->180M(459M) 2.225ms
[1081.006s][info][gc] GC(16505) Pause Young (Concurrent Start) (G1 Evacuation Pause) 417M->182M(459M) 2.132ms
[1081.006s][info][gc] GC(16506) Concurrent Mark Cycle
[1081.038s][info][gc] GC(16506) Pause Remark 259M->259M(459M) 0.449ms
[1081.069s][info][gc] GC(16506) Pause Cleanup 330M->330M(459M) 0.069ms
[1081.069s][info][gc] GC(16506) Concurrent Mark Cycle 62.713ms
[1081.102s][info][gc] GC(16507) Pause Young (Prepare Mixed) (G1 Evacuation Pause) 415M->184M(459M) 2.108ms
[1081.186s][info][gc] GC(16508) Pause Young (Mixed) (G1 Evacuation Pause) 413M->186M(459M) 2.191ms
[1081.267s][info][gc] GC(16509) Pause Young (Concurrent Start) (G1 Evacuation Pause) 416M->188M(459M) 1.905ms
[1081.267s][info][gc] GC(16510) Concurrent Mark Cycle
[1081.305s][info][gc] GC(16510) Pause Remark 287M->287M(459M) 0.416ms
[1081.339s][info][gc] GC(16510) Pause Cleanup 359M->359M(459M) 0.066ms
[1081.339s][info][gc] GC(16510) Concurrent Mark Cycle 72.421ms
[1081.364s][info][gc] GC(16511) Pause Young (Prepare Mixed) (G1 Evacuation Pause) 416M->189M(459M) 2.071ms
[1081.441s][info][gc] GC(16512) Pause Young (Mixed) (G1 Evacuation Pause) 417M->191M(459M) 2.034ms
[1081.526s][info][gc] GC(16513) Pause Young (Concurrent Start) (G1 Evacuation Pause) 417M->193M(459M) 2.203ms
[1081.526s][info][gc] GC(16514) Concurrent Mark Cycle
[1081.559s][info][gc] GC(16514) Pause Remark 276M->276M(459M) 0.419ms
[1081.596s][info][gc] GC(16514) Pause Cleanup 377M->377M(459M) 0.067ms
[1081.597s][info][gc] GC(16514) Concurrent Mark Cycle 70.759ms
[1081.615s][info][gc] GC(16515) Pause Young (Prepare Mixed) (G1 Evacuation Pause) 417M->195M(459M) 1.798ms
[1081.692s][info][gc] GC(16516) Pause Young (Mixed) (G1 Evacuation Pause) 417M->197M(459M) 2.044ms
[1081.769s][info][gc] GC(16517) Pause Young (Concurrent Start) (G1 Evacuation Pause) 416M->199M(459M) 1.828ms
[1081.769s][info][gc] GC(16518) Concurrent Mark Cycle
[1081.808s][info][gc] GC(16518) Pause Remark 297M->297M(459M) 0.430ms
[1081.842s][info][gc] GC(16518) Pause Cleanup 393M->393M(459M) 0.060ms
[1081.843s][info][gc] GC(16518) Concurrent Mark Cycle 73.552ms
[1081.853s][info][gc] GC(16519) Pause Young (Prepare Mixed) (G1 Evacuation Pause) 416M->200M(459M) 1.816ms
[1081.930s][info][gc] GC(16520) Pause Young (Mixed) (G1 Evacuation Pause) 417M->201M(459M) 1.914ms
[1082.003s][info][gc] GC(16521) Pause Young (Concurrent Start) (G1 Evacuation Pause) 416M->203M(459M) 1.904ms
[1082.003s][info][gc] GC(16522) Concurrent Mark Cycle
[1082.046s][info][gc] GC(16522) Pause Remark 310M->310M(459M) 0.428ms
[1082.083s][info][gc] GC(16522) Pause Cleanup 408M->408M(459M) 0.065ms
[1082.083s][info][gc] GC(16522) Concurrent Mark Cycle 80.215ms
[1082.088s][info][gc] GC(16523) Pause Young (Prepare Mixed) (G1 Evacuation Pause) 418M->205M(459M) 1.888ms
[1082.164s][info][gc] GC(16524) Pause Young (Mixed) (G1 Evacuation Pause) 416M->207M(573M) 1.854ms
[1082.273s][info][gc] GC(16525) Pause Young (Normal) (G1 Evacuation Pause) 525M->208M(573M) 1.992ms
[1082.384s][info][gc] GC(16526) Pause Young (Normal) (G1 Evacuation Pause) 524M->211M(573M) 2.155ms
[1082.493s][info][gc] GC(16527) Pause Young (Normal) (G1 Evacuation Pause) 521M->214M(573M) 2.178ms
[1082.599s][info][gc] GC(16528) Pause Young (Normal) (G1 Evacuation Pause) 518M->218M(573M) 2.387ms
[1082.706s][info][gc] GC(16529) Pause Young (Normal) (G1 Evacuation Pause) 516M->219M(573M) 2.569ms
[1082.814s][info][gc] GC(16530) Pause Young (Normal) (G1 Evacuation Pause) 517M->223M(573M) 2.664ms
[1082.922s][info][gc] GC(16531) Pause Young (Concurrent Start) (G1 Evacuation Pause) 515M->224M(573M) 2.484ms
[1082.922s][info][gc] GC(16532) Concurrent Mark Cycle
[1082.968s][info][gc] GC(16532) Pause Remark 332M->332M(573M) 0.588ms
[1083.011s][info][gc] GC(16532) Pause Cleanup 437M->437M(573M) 0.062ms
[1083.011s][info][gc] GC(16532) Concurrent Mark Cycle 88.918ms
[1083.041s][info][gc] GC(16533) Pause Young (Prepare Mixed) (G1 Evacuation Pause) 519M->226M(573M) 2.374ms
[1083.155s][info][gc] GC(16534) Pause Young (Mixed) (G1 Evacuation Pause) 520M->229M(573M) 3.004ms
[1083.260s][info][gc] GC(16535) Pause Young (Concurrent Start) (G1 Evacuation Pause) 519M->233M(573M) 2.296ms
[1083.260s][info][gc] GC(16536) Concurrent Mark Cycle
[1083.312s][info][gc] GC(16536) Pause Remark 376M->376M(573M) 0.417ms
[1083.359s][info][gc] GC(16536) Pause Cleanup 497M->497M(573M) 0.068ms
[1083.359s][info][gc] GC(16536) Concurrent Mark Cycle 98.902ms
[1083.368s][info][gc] GC(16537) Pause Young (Prepare Mixed) (G1 Evacuation Pause) 518M->234M(573M) 2.198ms
[1083.471s][info][gc] GC(16538) Pause Young (Mixed) (G1 Evacuation Pause) 520M->236M(573M) 2.268ms
[1083.568s][info][gc] GC(16539) Pause Young (Concurrent Start) (G1 Evacuation Pause) 518M->238M(573M) 2.316ms
[1083.568s][info][gc] GC(16540) Concurrent Mark Cycle
[1083.610s][info][gc] GC(16540) Pause Remark 356M->356M(573M) 0.446ms
[1083.656s][info][gc] GC(16540) Pause Cleanup 467M->467M(573M) 0.076ms
[1083.656s][info][gc] GC(16540) Concurrent Mark Cycle 88.516ms
[1083.679s][info][gc] GC(16541) Pause Young (Prepare Mixed) (G1 Evacuation Pause) 520M->241M(573M) 2.240ms
[1083.773s][info][gc] GC(16542) Pause Young (Mixed) (G1 Evacuation Pause) 520M->242M(573M) 2.302ms
[1083.868s][info][gc] GC(16543) Pause Young (Concurrent Start) (G1 Evacuation Pause) 519M->245M(573M) 2.198ms
[1083.868s][info][gc] GC(16544) Concurrent Mark Cycle
[1083.926s][info][gc] GC(16544) Pause Remark 387M->387M(573M) 0.468ms
[1083.977s][info][gc] GC(16544) Pause Cleanup 516M->516M(573M) 0.066ms
[1083.977s][info][gc] GC(16544) Concurrent Mark Cycle 109.008ms
[1083.980s][info][gc] GC(16545) Pause Young (Prepare Mixed) (G1 Evacuation Pause) 520M->249M(573M) 2.063ms
[1084.072s][info][gc] GC(16546) Pause Young (Mixed) (G1 Evacuation Pause) 519M->250M(573M) 2.316ms
[1084.162s][info][gc] GC(16547) Pause Young (Concurrent Start) (G1 Evacuation Pause) 520M->252M(573M) 2.161ms
[1084.162s][info][gc] GC(16548) Concurrent Mark Cycle
[1084.213s][info][gc] GC(16548) Pause Remark 371M->371M(573M) 0.419ms
[1084.260s][info][gc] GC(16548) Pause Cleanup 495M->495M(573M) 0.060ms
[1084.261s][info][gc] GC(16548) Concurrent Mark Cycle 98.374ms
[1084.272s][info][gc] GC(16549) Pause Young (Prepare Mixed) (G1 Evacuation Pause) 520M->254M(573M) 2.334ms
[1084.367s][info][gc] GC(16550) Pause Young (Mixed) (G1 Evacuation Pause) 521M->257M(722M) 2.521ms
[1084.509s][info][gc] GC(16551) Pause Young (Normal) (G1 Evacuation Pause) 662M->260M(722M) 2.706ms
[1084.648s][info][gc] GC(16552) Pause Young (Normal) (G1 Evacuation Pause) 659M->263M(722M) 2.624ms
[1084.788s][info][gc] GC(16553) Pause Young (Normal) (G1 Evacuation Pause) 654M->266M(722M) 2.948ms
[1084.919s][info][gc] GC(16554) Pause Young (Normal) (G1 Evacuation Pause) 653M->268M(722M) 2.796ms
[1085.058s][info][gc] GC(16555) Pause Young (Normal) (G1 Evacuation Pause) 655M->271M(722M) 3.116ms
[1085.210s][info][gc] GC(16556) Pause Young (Normal) (G1 Evacuation Pause) 653M->276M(722M) 3.151ms
[1085.359s][info][gc] GC(16557) Pause Young (Normal) (G1 Evacuation Pause) 652M->280M(722M) 3.101ms
[1085.489s][info][gc] GC(16558) Pause Young (Concurrent Start) (G1 Evacuation Pause) 654M->282M(722M) 2.859ms
[1085.489s][info][gc] GC(16559) Concurrent Mark Cycle
[1085.547s][info][gc] GC(16559) Pause Remark 444M->444M(722M) 0.479ms
[1085.599s][info][gc] GC(16559) Pause Cleanup 566M->566M(722M) 0.075ms
[1085.600s][info][gc] GC(16559) Concurrent Mark Cycle 110.815ms
[1085.634s][info][gc] GC(16560) Pause Young (Prepare Mixed) (G1 Evacuation Pause) 656M->285M(722M) 2.868ms
[1085.772s][info][gc] GC(16561) Pause Young (Mixed) (G1 Evacuation Pause) 653M->287M(722M) 2.788ms
[1085.915s][info][gc] GC(16562) Pause Young (Concurrent Start) (G1 Evacuation Pause) 655M->290M(722M) 2.791ms
[1085.915s][info][gc] GC(16563) Concurrent Mark Cycle
[1085.988s][info][gc] GC(16563) Pause Remark 463M->463M(722M) 0.454ms
[1086.042s][info][gc] GC(16563) Pause Cleanup 587M->587M(722M) 0.198ms
[1086.043s][info][gc] GC(16563) Concurrent Mark Cycle 128.001ms
[1086.072s][info][gc] GC(16564) Pause Young (Prepare Mixed) (G1 Evacuation Pause) 657M->294M(722M) 2.758ms
[1086.206s][info][gc] GC(16565) Pause Young (Mixed) (G1 Evacuation Pause) 655M->296M(722M) 2.813ms
[1086.337s][info][gc] GC(16566) Pause Young (Concurrent Start) (G1 Evacuation Pause) 657M->299M(722M) 2.886ms
[1086.337s][info][gc] GC(16567) Concurrent Mark Cycle
[1086.408s][info][gc] GC(16567) Pause Remark 488M->488M(722M) 0.417ms
[1086.466s][info][gc] GC(16567) Pause Cleanup 626M->626M(722M) 0.120ms
[1086.467s][info][gc] GC(16567) Concurrent Mark Cycle 129.910ms
[1086.479s][info][gc] GC(16568) Pause Young (Prepare Mixed) (G1 Evacuation Pause) 657M->302M(722M) 2.564ms
[1086.602s][info][gc] GC(16569) Pause Young (Mixed) (G1 Evacuation Pause) 657M->305M(722M) 2.484ms
[1086.723s][info][gc] GC(16570) Pause Young (Concurrent Start) (G1 Evacuation Pause) 658M->307M(722M) 2.607ms
[1086.723s][info][gc] GC(16571) Concurrent Mark Cycle
[1086.785s][info][gc] GC(16571) Pause Remark 462M->462M(722M) 0.458ms
[1086.836s][info][gc] GC(16571) Pause Cleanup 580M->580M(722M) 0.080ms
[1086.836s][info][gc] GC(16571) Concurrent Mark Cycle 113.195ms
[1086.863s][info][gc] GC(16572) Pause Young (Prepare Mixed) (G1 Evacuation Pause) 658M->310M(722M) 2.490ms
[1086.984s][info][gc] GC(16573) Pause Young (Mixed) (G1 Evacuation Pause) 653M->313M(752M) 2.760ms
[1087.111s][info][gc] GC(16574) Pause Young (Normal) (G1 Evacuation Pause) 685M->316M(752M) 2.629ms
[1087.242s][info][gc] GC(16575) Pause Young (Normal) (G1 Evacuation Pause) 682M->319M(752M) 2.690ms
[1087.372s][info][gc] GC(16576) Pause Young (Concurrent Start) (G1 Evacuation Pause) 682M->321M(752M) 2.603ms
[1087.372s][info][gc] GC(16577) Concurrent Mark Cycle
[1087.441s][info][gc] GC(16577) Pause Remark 509M->509M(752M) 0.453ms
[1087.495s][info][gc] GC(16577) Pause Cleanup 637M->637M(752M) 0.075ms
[1087.495s][info][gc] GC(16577) Concurrent Mark Cycle 123.010ms
[1087.513s][info][gc] GC(16578) Pause Young (Prepare Mixed) (G1 Evacuation Pause) 683M->325M(752M) 2.681ms
[1087.633s][info][gc] GC(16579) Pause Young (Mixed) (G1 Evacuation Pause) 682M->327M(752M) 2.757ms
[1087.755s][info][gc] GC(16580) Pause Young (Concurrent Start) (G1 Evacuation Pause) 684M->330M(752M) 2.837ms
[1087.755s][info][gc] GC(16581) Concurrent Mark Cycle
[1087.821s][info][gc] GC(16581) Pause Remark 492M->492M(752M) 0.425ms
[1087.886s][info][gc] GC(16581) Pause Cleanup 663M->663M(752M) 0.067ms
[1087.887s][info][gc] GC(16581) Concurrent Mark Cycle 131.350ms
[1087.896s][info][gc] GC(16582) Pause Young (Prepare Mixed) (G1 Evacuation Pause) 683M->334M(752M) 2.603ms
[1088.017s][info][gc] GC(16583) Pause Young (Mixed) (G1 Evacuation Pause) 682M->334M(752M) 2.667ms
[1088.138s][info][gc] GC(16584) Pause Young (Concurrent Start) (G1 Evacuation Pause) 685M->337M(752M) 2.550ms
[1088.138s][info][gc] GC(16585) Concurrent Mark Cycle
[1088.213s][info][gc] GC(16585) Pause Remark 532M->532M(752M) 0.423ms
[1088.277s][info][gc] GC(16585) Pause Cleanup 679M->679M(752M) 0.077ms
[1088.278s][info][gc] GC(16585) Concurrent Mark Cycle 139.107ms
[1088.281s][info][gc] GC(16586) Pause Young (Prepare Mixed) (G1 Evacuation Pause) 684M->342M(752M) 2.587ms
[1088.408s][info][gc] GC(16587) Pause Young (Mixed) (G1 Evacuation Pause) 682M->343M(752M) 3.021ms
[1088.526s][info][gc] GC(16588) Pause Young (Concurrent Start) (G1 Evacuation Pause) 688M->346M(752M) 2.418ms
[1088.526s][info][gc] GC(16589) Concurrent Mark Cycle
[1088.591s][info][gc] GC(16589) Pause Remark 512M->512M(752M) 0.435ms
[1088.662s][info][gc] GC(16589) Pause Cleanup 685M->685M(752M) 0.079ms
[1088.665s][info][gc] GC(16590) Pause Young (Prepare Mixed) (G1 Evacuation Pause) 685M->349M(752M) 2.458ms
[1088.665s][info][gc] GC(16589) Concurrent Mark Cycle 139.216ms
[1088.833s][info][gc] GC(16591) Pause Young (Mixed) (G1 Evacuation Pause) 687M->352M(861M) 2.688ms
[1089.119s][info][gc] GC(16592) Pause Young (Normal) (G1 Evacuation Pause) 786M->356M(861M) 3.019ms
[1089.403s][info][gc] GC(16593) Pause Young (Normal) (G1 Evacuation Pause) 784M->359M(861M) 3.458ms
[1089.687s][info][gc] GC(16594) Pause Young (Concurrent Start) (G1 Evacuation Pause) 782M->363M(861M) 3.380ms
[1089.687s][info][gc] GC(16595) Concurrent Mark Cycle
[1089.695s][info][gc] GC(16595) Pause Remark 376M->122M(367M) 0.535ms
[1089.698s][info][gc] GC(16595) Pause Cleanup 124M->124M(367M) 0.083ms
[1089.698s][info][gc] GC(16595) Concurrent Mark Cycle 10.628ms
[1089.815s][info][gc] GC(16596) Pause Young (Prepare Mixed) (G1 Evacuation Pause) 295M->111M(367M) 2.463ms
[1089.950s][info][gc] GC(16597) Pause Young (Mixed) (G1 Evacuation Pause) 315M->98M(367M) 1.865ms
[1090.083s][info][gc] GC(16598) Pause Young (Normal) (G1 Evacuation Pause) 301M->100M(367M) 1.683ms
[1090.223s][info][gc] GC(16599) Pause Young (Normal) (G1 Evacuation Pause) 305M->102M(367M) 1.626ms
[1090.371s][info][gc] GC(16600) Pause Young (Normal) (G1 Evacuation Pause) 305M->104M(367M) 1.885ms
[1090.516s][info][gc] GC(16601) Pause Young (Normal) (G1 Evacuation Pause) 309M->105M(367M) 1.987ms
[1090.656s][info][gc] GC(16602) Pause Young (Normal) (G1 Evacuation Pause) 308M->107M(367M) 1.750ms
[1090.798s][info][gc] GC(16603) Pause Young (Normal) (G1 Evacuation Pause) 312M->109M(367M) 1.699ms
[1090.945s][info][gc] GC(16604) Pause Young (Normal) (G1 Evacuation Pause) 312M->111M(367M) 1.710ms
[1091.078s][info][gc] GC(16605) Pause Young (Normal) (G1 Evacuation Pause) 314M->112M(367M) 1.656ms
[1091.214s][info][gc] GC(16606) Pause Young (Normal) (G1 Evacuation Pause) 315M->113M(367M) 1.706ms
[1091.355s][info][gc] GC(16607) Pause Young (Normal) (G1 Evacuation Pause) 317M->114M(367M) 1.623ms
[1091.492s][info][gc] GC(16608) Pause Young (Normal) (G1 Evacuation Pause) 318M->117M(367M) 1.693ms
[1091.623s][info][gc] GC(16609) Pause Young (Normal) (G1 Evacuation Pause) 321M->118M(367M) 1.655ms
[1091.764s][info][gc] GC(16610) Pause Young (Normal) (G1 Evacuation Pause) 322M->120M(367M) 1.642ms
[1091.902s][info][gc] GC(16611) Pause Young (Normal) (G1 Evacuation Pause) 324M->122M(367M) 1.689ms
[1092.037s][info][gc] GC(16612) Pause Young (Normal) (G1 Evacuation Pause) 325M->123M(367M) 1.843ms
[1092.175s][info][gc] GC(16613) Pause Young (Normal) (G1 Evacuation Pause) 327M->125M(367M) 1.665ms
[1092.316s][info][gc] GC(16614) Pause Young (Normal) (G1 Evacuation Pause) 329M->127M(367M) 1.658ms
[1092.452s][info][gc] GC(16615) Pause Young (Normal) (G1 Evacuation Pause) 329M->129M(367M) 1.708ms
[1092.583s][info][gc] GC(16616) Pause Young (Normal) (G1 Evacuation Pause) 330M->131M(367M) 1.702ms
[1092.717s][info][gc] GC(16617) Pause Young (Normal) (G1 Evacuation Pause) 330M->132M(367M) 1.626ms
[1092.857s][info][gc] GC(16618) Pause Young (Normal) (G1 Evacuation Pause) 331M->134M(367M) 1.584ms
[1092.985s][info][gc] GC(16619) Pause Young (Normal) (G1 Evacuation Pause) 329M->136M(367M) 1.648ms
[1093.114s][info][gc] GC(16620) Pause Young (Normal) (G1 Evacuation Pause) 330M->137M(367M) 1.708ms
[1093.245s][info][gc] GC(16621) Pause Young (Normal) (G1 Evacuation Pause) 331M->139M(367M) 1.635ms
[1093.375s][info][gc] GC(16622) Pause Young (Concurrent Start) (G1 Evacuation Pause) 331M->140M(367M) 1.609ms
[1093.375s][info][gc] GC(16623) Concurrent Mark Cycle
[1093.389s][info][gc] GC(16623) Pause Remark 159M->147M(367M) 0.429ms
[1093.398s][info][gc] GC(16623) Pause Cleanup 164M->164M(367M) 0.094ms
[1093.398s][info][gc] GC(16623) Concurrent Mark Cycle 23.244ms
[1093.505s][info][gc] GC(16624) Pause Young (Prepare Mixed) (G1 Evacuation Pause) 318M->130M(367M) 2.134ms
[1093.646s][info][gc] GC(16625) Pause Young (Mixed) (G1 Evacuation Pause) 331M->120M(367M) 1.815ms
[1093.795s][info][gc] GC(16626) Pause Young (Normal) (G1 Evacuation Pause) 324M->121M(367M) 1.754ms
[1093.939s][info][gc] GC(16627) Pause Young (Normal) (G1 Evacuation Pause) 326M->123M(367M) 1.713ms
[1094.070s][info][gc] GC(16628) Pause Young (Normal) (G1 Evacuation Pause) 326M->125M(367M) 1.854ms
[1094.206s][info][gc] GC(16629) Pause Young (Normal) (G1 Evacuation Pause) 329M->127M(367M) 1.675ms
[1094.347s][info][gc] GC(16630) Pause Young (Normal) (G1 Evacuation Pause) 329M->129M(367M) 1.792ms
[1094.480s][info][gc] GC(16631) Pause Young (Normal) (G1 Evacuation Pause) 331M->130M(367M) 1.720ms
[1094.615s][info][gc] GC(16632) Pause Young (Normal) (G1 Evacuation Pause) 331M->133M(367M) 1.680ms
[1094.741s][info][gc] GC(16633) Pause Young (Normal) (G1 Evacuation Pause) 330M->134M(367M) 1.630ms
[1094.883s][info][gc] GC(16634) Pause Young (Normal) (G1 Evacuation Pause) 331M->136M(367M) 1.777ms
[1095.011s][info][gc] GC(16635) Pause Young (Normal) (G1 Evacuation Pause) 331M->137M(367M) 1.657ms
[1095.142s][info][gc] GC(16636) Pause Young (Normal) (G1 Evacuation Pause) 331M->139M(367M) 1.702ms
[1095.268s][info][gc] GC(16637) Pause Young (Concurrent Start) (G1 Evacuation Pause) 331M->141M(367M) 1.707ms
[1095.268s][info][gc] GC(16638) Concurrent Mark Cycle
[1095.288s][info][gc] GC(16638) Pause Remark 163M->163M(367M) 0.488ms
[1095.300s][info][gc] GC(16638) Pause Cleanup 176M->176M(367M) 0.066ms
[1095.300s][info][gc] GC(16638) Concurrent Mark Cycle 31.871ms
[1095.406s][info][gc] GC(16639) Pause Young (Prepare Mixed) (G1 Evacuation Pause) 331M->142M(367M) 1.617ms
[1095.530s][info][gc] GC(16640) Pause Young (Mixed) (G1 Evacuation Pause) 331M->140M(367M) 1.647ms
[1095.658s][info][gc] GC(16641) Pause Young (Concurrent Start) (G1 Evacuation Pause) 331M->141M(367M) 1.663ms
[1095.658s][info][gc] GC(16642) Concurrent Mark Cycle
[1095.677s][info][gc] GC(16642) Pause Remark 173M->173M(367M) 0.447ms
[1095.692s][info][gc] GC(16642) Pause Cleanup 196M->196M(367M) 0.076ms
[1095.692s][info][gc] GC(16642) Concurrent Mark Cycle 33.890ms
[1095.787s][info][gc] GC(16643) Pause Young (Prepare Mixed) (G1 Evacuation Pause) 332M->143M(367M) 1.758ms
[1095.909s][info][gc] GC(16644) Pause Young (Mixed) (G1 Evacuation Pause) 330M->140M(367M) 1.632ms
[1096.055s][info][gc] GC(16645) Pause Young (Concurrent Start) (G1 Evacuation Pause) 332M->142M(367M) 1.741ms
[1096.055s][info][gc] GC(16646) Concurrent Mark Cycle
[1096.077s][info][gc] GC(16646) Pause Remark 174M->174M(367M) 0.453ms
[1096.092s][info][gc] GC(16646) Pause Cleanup 194M->194M(367M) 0.065ms
[1096.092s][info][gc] GC(16646) Concurrent Mark Cycle 37.729ms
[1096.189s][info][gc] GC(16647) Pause Young (Prepare Mixed) (G1 Evacuation Pause) 330M->145M(367M) 1.790ms
[1096.314s][info][gc] GC(16648) Pause Young (Mixed) (G1 Evacuation Pause) 331M->143M(367M) 1.712ms
[1096.441s][info][gc] GC(16649) Pause Young (Concurrent Start) (G1 Evacuation Pause) 331M->144M(367M) 1.641ms
[1096.441s][info][gc] GC(16650) Concurrent Mark Cycle
[1096.462s][info][gc] GC(16650) Pause Remark 175M->175M(367M) 0.452ms
[1096.478s][info][gc] GC(16650) Pause Cleanup 202M->202M(367M) 0.063ms
[1096.478s][info][gc] GC(16650) Concurrent Mark Cycle 36.599ms
[1096.572s][info][gc] GC(16651) Pause Young (Prepare Mixed) (G1 Evacuation Pause) 332M->146M(367M) 1.630ms
[1096.696s][info][gc] GC(16652) Pause Young (Mixed) (G1 Evacuation Pause) 332M->145M(367M) 1.695ms
[1096.830s][info][gc] GC(16653) Pause Young (Concurrent Start) (G1 Evacuation Pause) 332M->147M(367M) 1.660ms
[1096.830s][info][gc] GC(16654) Concurrent Mark Cycle
[1096.851s][info][gc] GC(16654) Pause Remark 183M->183M(367M) 0.527ms
[1096.867s][info][gc] GC(16654) Pause Cleanup 205M->205M(367M) 0.055ms
[1096.867s][info][gc] GC(16654) Concurrent Mark Cycle 37.254ms
[1096.953s][info][gc] GC(16655) Pause Young (Prepare Mixed) (G1 Evacuation Pause) 332M->150M(367M) 1.697ms
[1097.074s][info][gc] GC(16656) Pause Young (Mixed) (G1 Evacuation Pause) 331M->150M(367M) 1.771ms
[1097.198s][info][gc] GC(16657) Pause Young (Concurrent Start) (G1 Evacuation Pause) 331M->152M(367M) 1.639ms
[1097.198s][info][gc] GC(16658) Concurrent Mark Cycle
[1097.220s][info][gc] GC(16658) Pause Remark 190M->190M(367M) 0.403ms
[1097.235s][info][gc] GC(16658) Pause Cleanup 214M->214M(367M) 0.068ms
[1097.236s][info][gc] GC(16658) Concurrent Mark Cycle 38.110ms
[1097.318s][info][gc] GC(16659) Pause Young (Prepare Mixed) (G1 Evacuation Pause) 331M->153M(367M) 1.603ms
[1097.438s][info][gc] GC(16660) Pause Young (Mixed) (G1 Evacuation Pause) 332M->154M(367M) 1.808ms
[1097.559s][info][gc] GC(16661) Pause Young (Concurrent Start) (G1 Evacuation Pause) 330M->154M(367M) 1.467ms
[1097.559s][info][gc] GC(16662) Concurrent Mark Cycle
[1097.581s][info][gc] GC(16662) Pause Remark 175M->175M(367M) 0.440ms
[1097.598s][info][gc] GC(16662) Pause Cleanup 203M->203M(367M) 0.058ms
[1097.598s][info][gc] GC(16662) Concurrent Mark Cycle 38.858ms
[1097.690s][info][gc] GC(16663) Pause Young (Prepare Mixed) (G1 Evacuation Pause) 335M->157M(367M) 1.474ms
[1097.808s][info][gc] GC(16664) Pause Young (Mixed) (G1 Evacuation Pause) 332M->157M(367M) 1.606ms
[1097.925s][info][gc] GC(16665) Pause Young (Concurrent Start) (G1 Evacuation Pause) 331M->159M(367M) 1.533ms
[1097.925s][info][gc] GC(16666) Concurrent Mark Cycle
[1097.949s][info][gc] GC(16666) Pause Remark 191M->191M(367M) 0.433ms
[1097.966s][info][gc] GC(16666) Pause Cleanup 219M->219M(367M) 0.054ms
[1097.966s][info][gc] GC(16666) Concurrent Mark Cycle 41.529ms
[1098.048s][info][gc] GC(16667) Pause Young (Prepare Mixed) (G1 Evacuation Pause) 331M->161M(367M) 1.566ms
[1098.162s][info][gc] GC(16668) Pause Young (Mixed) (G1 Evacuation Pause) 332M->162M(367M) 1.649ms
[1098.275s][info][gc] GC(16669) Pause Young (Concurrent Start) (G1 Evacuation Pause) 332M->163M(367M) 1.700ms
[1098.275s][info][gc] GC(16670) Concurrent Mark Cycle
[1098.299s][info][gc] GC(16670) Pause Remark 202M->202M(367M) 0.391ms
[1098.317s][info][gc] GC(16670) Pause Cleanup 222M->222M(367M) 0.060ms
[1098.317s][info][gc] GC(16670) Concurrent Mark Cycle 42.115ms
[1098.391s][info][gc] GC(16671) Pause Young (Prepare Mixed) (G1 Evacuation Pause) 333M->165M(367M) 1.530ms
[1098.506s][info][gc] GC(16672) Pause Young (Mixed) (G1 Evacuation Pause) 332M->166M(367M) 1.533ms
[1098.618s][info][gc] GC(16673) Pause Young (Concurrent Start) (G1 Evacuation Pause) 332M->167M(367M) 1.539ms
[1098.618s][info][gc] GC(16674) Concurrent Mark Cycle
[1098.643s][info][gc] GC(16674) Pause Remark 201M->201M(367M) 0.411ms
[1098.662s][info][gc] GC(16674) Pause Cleanup 215M->215M(367M) 0.073ms
[1098.663s][info][gc] GC(16674) Concurrent Mark Cycle 44.459ms
[1098.734s][info][gc] GC(16675) Pause Young (Prepare Mixed) (G1 Evacuation Pause) 334M->168M(367M) 1.533ms
[1098.850s][info][gc] GC(16676) Pause Young (Mixed) (G1 Evacuation Pause) 335M->169M(367M) 1.566ms
[1098.962s][info][gc] GC(16677) Pause Young (Concurrent Start) (G1 Evacuation Pause) 333M->170M(367M) 1.480ms
[1098.962s][info][gc] GC(16678) Concurrent Mark Cycle
[1098.989s][info][gc] GC(16678) Pause Remark 197M->197M(367M) 0.445ms
[1099.008s][info][gc] GC(16678) Pause Cleanup 229M->229M(367M) 0.080ms
[1099.008s][info][gc] GC(16678) Concurrent Mark Cycle 45.876ms
[1099.077s][info][gc] GC(16679) Pause Young (Prepare Mixed) (G1 Evacuation Pause) 332M->171M(367M) 1.452ms
[1099.188s][info][gc] GC(16680) Pause Young (Mixed) (G1 Evacuation Pause) 334M->172M(367M) 1.568ms
[1099.300s][info][gc] GC(16681) Pause Young (Concurrent Start) (G1 Evacuation Pause) 334M->174M(367M) 1.426ms
[1099.300s][info][gc] GC(16682) Concurrent Mark Cycle
[1099.327s][info][gc] GC(16682) Pause Remark 204M->204M(367M) 0.464ms
[1099.347s][info][gc] GC(16682) Pause Cleanup 236M->236M(367M) 0.072ms
[1099.347s][info][gc] GC(16682) Concurrent Mark Cycle 47.320ms
[1099.414s][info][gc] GC(16683) Pause Young (Prepare Mixed) (G1 Evacuation Pause) 334M->175M(367M) 1.462ms
[1099.525s][info][gc] GC(16684) Pause Young (Mixed) (G1 Evacuation Pause) 334M->174M(367M) 1.284ms
[1099.650s][info][gc] GC(16685) Pause Young (Concurrent Start) (G1 Evacuation Pause) 336M->183M(367M) 2.244ms
[1099.650s][info][gc] GC(16686) Concurrent Mark Cycle
[1099.659s][info][gc] GC(16686) Pause Remark 209M->106M(270M) 0.451ms
[1099.662s][info][gc] GC(16686) Pause Cleanup 115M->115M(270M) 0.064ms
[1099.662s][info][gc] GC(16686) Concurrent Mark Cycle 12.597ms
