[0.004s][info][gc] Using Parallel
[0.094s][info][gc] GC(0) Pause Young (Allocation Failure) 73M->6M(276M) 0.714ms
[0.122s][info][gc] GC(1) Pause Young (Allocation Failure) 78M->10M(276M) 1.046ms
[0.150s][info][gc] GC(2) Pause Young (Allocation Failure) 82M->16M(276M) 1.481ms
[0.233s][info][gc] GC(3) Pause Young (Allocation Failure) 88M->22M(348M) 2.275ms
[0.447s][info][gc] GC(4) Pause Young (Allocation Failure) 166M->27M(348M) 3.237ms
[0.522s][info][gc] GC(5) Pause Young (Allocation Failure) 171M->31M(503M) 2.586ms
[0.665s][info][gc] GC(6) Pause Young (Allocation Failure) 319M->33M(503M) 2.717ms
[0.806s][info][gc] GC(7) Pause Young (Allocation Failure) 321M->36M(789M) 2.994ms
[1.083s][info][gc] GC(8) Pause Young (Allocation Failure) 612M->40M(790M) 3.906ms
[1.359s][info][gc] GC(9) Pause Young (Allocation Failure) 616M->45M(1134M) 2.088ms
[1.815s][info][gc] GC(10) Pause Young (Allocation Failure) 967M->52M(1135M) 7.477ms
[2.262s][info][gc] GC(11) Pause Young (Allocation Failure) 974M->59M(1687M) 2.334ms
[2.998s][info][gc] GC(12) Pause Young (Allocation Failure) 1535M->71M(1687M) 8.897ms
[3.736s][info][gc] GC(13) Pause Young (Allocation Failure) 1546M->83M(1708M) 3.901ms
[4.701s][info][gc] GC(14) Pause Young (Allocation Failure) 1579M->94M(1631M) 3.699ms
[6.020s][info][gc] GC(15) Pause Young (Allocation Failure) 1519M->105M(1685M) 16.481ms
[7.357s][info][gc] GC(16) Pause Young (Allocation Failure) 1591M->117M(1621M) 3.014ms
[9.193s][info][gc] GC(17) Pause Young (Allocation Failure) 1533M->128M(1551M) 3.428ms
[11.580s][info][gc] GC(18) Pause Young (Allocation Failure) 1477M->139M(1488M) 3.560ms
[13.868s][info][gc] GC(19) Pause Young (Allocation Failure) 1424M->149M(1427M) 2.947ms
[16.206s][info][gc] GC(20) Pause Young (Allocation Failure) 1374M->160M(1370M) 3.290ms
[18.269s][info][gc] GC(21) Pause Young (Allocation Failure) 1327M->169M(1315M) 3.178ms
[20.271s][info][gc] GC(22) Pause Young (Allocation Failure) 1282M->178M(1262M) 2.911ms
[22.139s][info][gc] GC(23) Pause Young (Allocation Failure) 1238M->186M(1212M) 2.816ms
[24.082s][info][gc] GC(24) Pause Full (Ergonomics) 1197M->35M(1089M) 10.520ms
[25.827s][info][gc] GC(25) Pause Young (Allocation Failure) 999M->43M(1052M) 1.580ms
[27.480s][info][gc] GC(26) Pause Young (Allocation Failure) 963M->50M(1009M) 1.779ms
[29.036s][info][gc] GC(27) Pause Young (Allocation Failure) 927M->57M(969M) 1.763ms
[30.533s][info][gc] GC(28) Pause Young (Allocation Failure) 894M->67M(933M) 1.927ms
[30.909s][info][gc] GC(29) Pause Young (Allocation Failure) 865M->74M(895M) 2.160ms
[31.295s][info][gc] GC(30) Pause Young (Allocation Failure) 835M->80M(860M) 2.012ms
[31.642s][info][gc] GC(31) Pause Young (Allocation Failure) 807M->86M(827M) 1.779ms
[31.979s][info][gc] GC(32) Pause Young (Allocation Failure) 780M->90M(795M) 2.504ms
[32.303s][info][gc] GC(33) Pause Young (Allocation Failure) 753M->95M(765M) 1.522ms
[32.611s][info][gc] GC(34) Pause Young (Allocation Failure) 729M->101M(737M) 1.719ms
[32.907s][info][gc] GC(35) Pause Young (Allocation Failure) 706M->105M(710M) 1.524ms
[33.190s][info][gc] GC(36) Pause Young (Allocation Failure) 684M->110M(684M) 1.405ms
[33.471s][info][gc] GC(37) Pause Young (Allocation Failure) 663M->114M(660M) 1.467ms
[33.742s][info][gc] GC(38) Pause Young (Allocation Failure) 643M->119M(637M) 1.361ms
[33.990s][info][gc] GC(39) Pause Young (Allocation Failure) 625M->123M(615M) 1.289ms
[34.240s][info][gc] GC(40) Pause Full (Ergonomics) 607M->85M(632M) 24.103ms
[34.461s][info][gc] GC(41) Pause Young (Allocation Failure) 548M->88M(615M) 0.821ms
[35.003s][info][gc] GC(42) Pause Young (Allocation Failure) 531M->94M(598M) 1.151ms
[35.396s][info][gc] GC(43) Pause Young (Allocation Failure) 518M->97M(579M) 1.221ms
[35.766s][info][gc] GC(44) Pause Young (Allocation Failure) 503M->100M(562M) 1.011ms
[36.129s][info][gc] GC(45) Pause Young (Allocation Failure) 489M->104M(546M) 1.154ms
[36.467s][info][gc] GC(46) Pause Young (Allocation Failure) 477M->107M(530M) 0.964ms
[36.790s][info][gc] GC(47) Pause Young (Allocation Failure) 464M->109M(516M) 1.641ms
[37.107s][info][gc] GC(48) Pause Young (Allocation Failure) 452M->112M(502M) 0.908ms
[37.402s][info][gc] GC(49) Pause Young (Allocation Failure) 441M->115M(489M) 0.902ms
[37.692s][info][gc] GC(50) Pause Young (Allocation Failure) 431M->117M(476M) 0.869ms
[37.970s][info][gc] GC(51) Pause Young (Allocation Failure) 421M->119M(463M) 0.830ms
[38.231s][info][gc] GC(52) Pause Young (Allocation Failure) 411M->122M(452M) 0.807ms
[38.662s][info][gc] GC(53) Pause Young (Allocation Failure) 402M->125M(442M) 1.089ms
[38.914s][info][gc] GC(54) Pause Young (Allocation Failure) 394M->127M(430M) 1.121ms
[39.154s][info][gc] GC(55) Pause Young (Allocation Failure) 386M->130M(420M) 1.024ms
[39.378s][info][gc] GC(56) Pause Young (Allocation Failure) 378M->132M(411M) 0.838ms
[39.595s][info][gc] GC(57) Pause Young (Allocation Failure) 371M->134M(402M) 0.859ms
[39.807s][info][gc] GC(58) Pause Young (Allocation Failure) 364M->135M(393M) 0.857ms
[40.010s][info][gc] GC(59) Pause Young (Allocation Failure) 357M->137M(385M) 0.807ms
[40.208s][info][gc] GC(60) Pause Young (Allocation Failure) 351M->139M(378M) 0.882ms
[40.407s][info][gc] GC(61) Pause Young (Allocation Failure) 345M->141M(370M) 0.806ms
[40.590s][info][gc] GC(62) Pause Young (Allocation Failure) 339M->142M(363M) 0.896ms
[40.767s][info][gc] GC(63) Pause Young (Allocation Failure) 334M->144M(356M) 0.774ms
[40.936s][info][gc] GC(64) Pause Young (Allocation Failure) 329M->145M(350M) 0.728ms
[41.097s][info][gc] GC(65) Pause Young (Allocation Failure) 324M->147M(344M) 0.761ms
[41.253s][info][gc] GC(66) Pause Young (Allocation Failure) 319M->148M(338M) 0.780ms
[41.405s][info][gc] GC(67) Pause Young (Allocation Failure) 314M->149M(332M) 0.705ms
[41.554s][info][gc] GC(68) Pause Young (Allocation Failure) 310M->150M(326M) 0.798ms
[41.698s][info][gc] GC(69) Pause Young (Allocation Failure) 306M->152M(321M) 0.722ms
[41.835s][info][gc] GC(70) Pause Young (Allocation Failure) 302M->153M(316M) 0.836ms
[41.972s][info][gc] GC(71) Pause Young (Allocation Failure) 299M->154M(312M) 0.698ms
[42.104s][info][gc] GC(72) Pause Young (Allocation Failure) 295M->155M(307M) 0.661ms
[42.268s][info][gc] GC(73) Pause Young (Allocation Failure) 292M->156M(302M) 1.187ms
[42.514s][info][gc] GC(74) Pause Young (Allocation Failure) 288M->158M(300M) 0.829ms
[42.627s][info][gc] GC(75) Pause Young (Allocation Failure) 287M->159M(295M) 0.815ms
[42.741s][info][gc] GC(76) Pause Young (Allocation Failure) 284M->160M(292M) 0.736ms
[42.845s][info][gc] GC(77) Pause Young (Allocation Failure) 281M->161M(288M) 0.619ms
[42.957s][info][gc] GC(78) Pause Young (Allocation Failure) 279M->162M(285M) 0.629ms
[43.057s][info][gc] GC(79) Pause Young (Allocation Failure) 276M->163M(282M) 0.645ms
[43.162s][info][gc] GC(80) Pause Young (Allocation Failure) 274M->164M(279M) 0.655ms
[43.260s][info][gc] GC(81) Pause Young (Allocation Failure) 272M->165M(275M) 0.629ms
[43.352s][info][gc] GC(82) Pause Young (Allocation Failure) 270M->166M(273M) 0.650ms
[43.450s][info][gc] GC(83) Pause Young (Allocation Failure) 268M->166M(270M) 0.672ms
[43.538s][info][gc] GC(84) Pause Young (Allocation Failure) 266M->167M(267M) 0.585ms
[43.639s][info][gc] GC(85) Pause Full (Ergonomics) 264M->35M(204M) 9.941ms
[43.723s][info][gc] GC(86) Pause Young (Allocation Failure) 130M->37M(206M) 0.406ms
[43.805s][info][gc] GC(87) Pause Young (Allocation Failure) 129M->38M(201M) 0.503ms
[43.882s][info][gc] GC(88) Pause Young (Allocation Failure) 128M->39M(198M) 0.451ms
[43.964s][info][gc] GC(89) Pause Young (Allocation Failure) 126M->39M(196M) 0.429ms
[44.044s][info][gc] GC(90) Pause Young (Allocation Failure) 124M->40M(194M) 0.463ms
[44.122s][info][gc] GC(91) Pause Young (Allocation Failure) 123M->41M(193M) 0.458ms
[44.196s][info][gc] GC(92) Pause Young (Allocation Failure) 122M->42M(191M) 0.476ms
[44.265s][info][gc] GC(93) Pause Young (Allocation Failure) 121M->42M(188M) 0.448ms
[44.338s][info][gc] GC(94) Pause Young (Allocation Failure) 119M->43M(187M) 0.463ms
[44.404s][info][gc] GC(95) Pause Young (Allocation Failure) 118M->43M(184M) 0.548ms
[44.466s][info][gc] GC(96) Pause Young (Allocation Failure) 117M->44M(183M) 0.408ms
[44.533s][info][gc] GC(97) Pause Young (Allocation Failure) 116M->45M(182M) 0.440ms
[44.599s][info][gc] GC(98) Pause Young (Allocation Failure) 116M->46M(180M) 0.458ms
[44.667s][info][gc] GC(99) Pause Young (Allocation Failure) 115M->47M(179M) 0.530ms
[44.728s][info][gc] GC(100) Pause Young (Allocation Failure) 114M->47M(177M) 0.427ms
[44.791s][info][gc] GC(101) Pause Young (Allocation Failure) 113M->47M(176M) 0.417ms
[44.846s][info][gc] GC(102) Pause Young (Allocation Failure) 112M->47M(174M) 0.395ms
[44.905s][info][gc] GC(103) Pause Young (Allocation Failure) 110M->49M(173M) 0.438ms
[44.962s][info][gc] GC(104) Pause Young (Allocation Failure) 111M->49M(172M) 0.446ms
[45.017s][info][gc] GC(105) Pause Young (Allocation Failure) 110M->50M(171M) 0.447ms
[45.074s][info][gc] GC(106) Pause Young (Allocation Failure) 110M->50M(170M) 0.434ms
[45.127s][info][gc] GC(107) Pause Young (Allocation Failure) 109M->51M(169M) 0.454ms
[45.183s][info][gc] GC(108) Pause Young (Allocation Failure) 109M->52M(168M) 0.413ms
[45.234s][info][gc] GC(109) Pause Young (Allocation Failure) 109M->53M(167M) 0.383ms
[45.279s][info][gc] GC(110) Pause Young (Allocation Failure) 109M->53M(165M) 0.439ms
[45.331s][info][gc] GC(111) Pause Young (Allocation Failure) 108M->54M(165M) 0.410ms
[45.382s][info][gc] GC(112) Pause Young (Allocation Failure) 108M->55M(164M) 0.403ms
[45.425s][info][gc] GC(113) Pause Young (Allocation Failure) 108M->55M(162M) 0.420ms
[45.478s][info][gc] GC(114) Pause Young (Allocation Failure) 107M->56M(162M) 0.404ms
[45.524s][info][gc] GC(115) Pause Young (Allocation Failure) 107M->57M(161M) 0.390ms
[45.569s][info][gc] GC(116) Pause Young (Allocation Failure) 107M->57M(159M) 0.479ms
[45.616s][info][gc] GC(117) Pause Young (Allocation Failure) 106M->58M(159M) 0.373ms
[45.656s][info][gc] GC(118) Pause Young (Allocation Failure) 106M->58M(158M) 0.361ms
[45.700s][info][gc] GC(119) Pause Young (Allocation Failure) 106M->59M(158M) 0.342ms
[45.742s][info][gc] GC(120) Pause Young (Allocation Failure) 106M->60M(157M) 0.376ms
[45.784s][info][gc] GC(121) Pause Young (Allocation Failure) 106M->61M(157M) 0.479ms
[45.826s][info][gc] GC(122) Pause Young (Allocation Failure) 107M->62M(157M) 0.434ms
[45.866s][info][gc] GC(123) Pause Young (Allocation Failure) 107M->62M(164M) 0.388ms
[45.916s][info][gc] GC(124) Pause Young (Allocation Failure) 116M->63M(164M) 0.353ms
[45.966s][info][gc] GC(125) Pause Young (Allocation Failure) 116M->63M(163M) 0.454ms
[46.010s][info][gc] GC(126) Pause Young (Allocation Failure) 115M->64M(162M) 0.414ms
[46.057s][info][gc] GC(127) Pause Young (Allocation Failure) 115M->65M(161M) 0.408ms
[46.125s][info][gc] GC(128) Pause Young (Allocation Failure) 115M->65M(159M) 0.269ms
[46.318s][info][gc] GC(129) Pause Young (Allocation Failure) 114M->67M(160M) 0.542ms
[46.359s][info][gc] GC(130) Pause Young (Allocation Failure) 115M->67M(158M) 0.496ms
[46.406s][info][gc] GC(131) Pause Young (Allocation Failure) 115M->68M(158M) 0.428ms
[46.442s][info][gc] GC(132) Pause Young (Allocation Failure) 115M->69M(157M) 0.413ms
[46.486s][info][gc] GC(133) Pause Young (Allocation Failure) 115M->70M(157M) 0.430ms
[46.528s][info][gc] GC(134) Pause Young (Allocation Failure) 116M->70M(156M) 0.363ms
[46.572s][info][gc] GC(135) Pause Young (Allocation Failure) 115M->71M(156M) 0.442ms
[46.614s][info][gc] GC(136) Pause Young (Allocation Failure) 116M->72M(156M) 0.407ms
[46.653s][info][gc] GC(137) Pause Young (Allocation Failure) 116M->72M(163M) 0.506ms
[46.702s][info][gc] GC(138) Pause Young (Allocation Failure) 125M->73M(173M) 0.382ms
[46.760s][info][gc] GC(139) Pause Young (Allocation Failure) 135M->74M(172M) 0.490ms
[46.810s][info][gc] GC(140) Pause Young (Allocation Failure) 135M->74M(171M) 0.433ms
[46.868s][info][gc] GC(141) Pause Young (Allocation Failure) 134M->75M(170M) 0.385ms
[46.921s][info][gc] GC(142) Pause Young (Allocation Failure) 134M->76M(169M) 0.410ms
[46.977s][info][gc] GC(143) Pause Young (Allocation Failure) 134M->76M(168M) 0.433ms
[47.027s][info][gc] GC(144) Pause Young (Allocation Failure) 133M->77M(167M) 0.521ms
[47.084s][info][gc] GC(145) Pause Young (Allocation Failure) 133M->78M(166M) 0.615ms
[47.140s][info][gc] GC(146) Pause Young (Allocation Failure) 133M->79M(176M) 0.558ms
[47.200s][info][gc] GC(147) Pause Young (Allocation Failure) 144M->79M(174M) 0.416ms
[47.256s][info][gc] GC(148) Pause Young (Allocation Failure) 142M->80M(173M) 0.530ms
[47.316s][info][gc] GC(149) Pause Young (Allocation Failure) 142M->81M(172M) 0.426ms
[47.374s][info][gc] GC(150) Pause Young (Allocation Failure) 142M->81M(171M) 0.430ms
[47.430s][info][gc] GC(151) Pause Young (Allocation Failure) 141M->82M(170M) 0.410ms
[47.480s][info][gc] GC(152) Pause Young (Allocation Failure) 141M->82M(168M) 0.427ms
[47.535s][info][gc] GC(153) Pause Young (Allocation Failure) 140M->83M(168M) 0.446ms
[47.586s][info][gc] GC(154) Pause Young (Allocation Failure) 140M->83M(167M) 0.393ms
[47.636s][info][gc] GC(155) Pause Young (Allocation Failure) 139M->84M(166M) 0.441ms
[47.692s][info][gc] GC(156) Pause Young (Allocation Failure) 139M->84M(165M) 0.440ms
[47.743s][info][gc] GC(157) Pause Young (Allocation Failure) 138M->86M(164M) 0.461ms
[47.793s][info][gc] GC(158) Pause Young (Allocation Failure) 139M->86M(163M) 0.448ms
[47.834s][info][gc] GC(159) Pause Young (Allocation Failure) 138M->86M(161M) 0.380ms
[47.883s][info][gc] GC(160) Pause Young (Allocation Failure) 137M->88M(161M) 0.480ms
[47.923s][info][gc] GC(161) Pause Young (Allocation Failure) 138M->88M(159M) 0.428ms
[47.974s][info][gc] GC(162) Pause Young (Allocation Failure) 137M->89M(159M) 0.416ms
[48.018s][info][gc] GC(163) Pause Young (Allocation Failure) 137M->89M(168M) 0.514ms
[48.064s][info][gc] GC(164) Pause Young (Allocation Failure) 146M->90M(178M) 0.456ms
[48.127s][info][gc] GC(165) Pause Young (Allocation Failure) 157M->91M(177M) 0.465ms
[48.191s][info][gc] GC(166) Pause Young (Allocation Failure) 157M->92M(176M) 0.491ms
[48.250s][info][gc] GC(167) Pause Young (Allocation Failure) 156M->92M(173M) 0.557ms
[48.308s][info][gc] GC(168) Pause Young (Allocation Failure) 155M->94M(173M) 0.497ms
[48.358s][info][gc] GC(169) Pause Young (Allocation Failure) 156M->94M(171M) 0.447ms
[48.419s][info][gc] GC(170) Pause Young (Allocation Failure) 155M->96M(171M) 0.515ms
[48.476s][info][gc] GC(171) Pause Young (Allocation Failure) 156M->96M(170M) 0.484ms
[48.533s][info][gc] GC(172) Pause Young (Allocation Failure) 155M->96M(169M) 0.485ms
[48.581s][info][gc] GC(173) Pause Young (Allocation Failure) 154M->97M(167M) 0.493ms
[48.634s][info][gc] GC(174) Pause Young (Allocation Failure) 154M->98M(167M) 0.416ms
[48.687s][info][gc] GC(175) Pause Young (Allocation Failure) 154M->98M(166M) 0.450ms
[48.731s][info][gc] GC(176) Pause Young (Allocation Failure) 153M->98M(164M) 0.467ms
[48.786s][info][gc] GC(177) Pause Young (Allocation Failure) 152M->100M(164M) 0.466ms
[48.832s][info][gc] GC(178) Pause Young (Allocation Failure) 153M->100M(163M) 1.113ms
[48.876s][info][gc] GC(179) Pause Young (Allocation Failure) 152M->100M(161M) 0.445ms
[48.925s][info][gc] GC(180) Pause Young (Allocation Failure) 151M->101M(161M) 0.431ms
[48.975s][info][gc] GC(181) Pause Young (Allocation Failure) 151M->102M(160M) 0.446ms
[49.015s][info][gc] GC(182) Pause Young (Allocation Failure) 151M->102M(168M) 0.447ms
[49.069s][info][gc] GC(183) Pause Young (Allocation Failure) 160M->104M(168M) 0.443ms
[49.124s][info][gc] GC(184) Pause Young (Allocation Failure) 161M->104M(167M) 0.497ms
[49.171s][info][gc] GC(185) Pause Young (Allocation Failure) 160M->104M(177M) 0.496ms
[49.234s][info][gc] GC(186) Pause Young (Allocation Failure) 171M->105M(176M) 0.427ms
[49.295s][info][gc] GC(187) Pause Young (Allocation Failure) 170M->106M(175M) 0.493ms
[49.351s][info][gc] GC(188) Pause Young (Allocation Failure) 170M->106M(173M) 0.388ms
[49.412s][info][gc] GC(189) Pause Young (Allocation Failure) 168M->107M(172M) 0.454ms
[49.463s][info][gc] GC(190) Pause Young (Allocation Failure) 168M->107M(171M) 0.452ms
[49.521s][info][gc] GC(191) Pause Young (Allocation Failure) 167M->108M(170M) 0.491ms
[49.579s][info][gc] GC(192) Pause Young (Allocation Failure) 167M->109M(169M) 0.508ms
[49.632s][info][gc] GC(193) Pause Young (Allocation Failure) 167M->109M(168M) 0.484ms
[49.679s][info][gc] GC(194) Pause Young (Allocation Failure) 166M->110M(167M) 0.481ms
[49.749s][info][gc] GC(195) Pause Full (Ergonomics) 166M->54M(181M) 15.210ms
[49.802s][info][gc] GC(196) Pause Young (Allocation Failure) 109M->56M(182M) 0.435ms
[49.848s][info][gc] GC(197) Pause Young (Allocation Failure) 110M->56M(180M) 0.534ms
[49.897s][info][gc] GC(198) Pause Young (Allocation Failure) 109M->57M(179M) 0.425ms
[49.946s][info][gc] GC(199) Pause Young (Allocation Failure) 109M->58M(178M) 0.434ms
[49.987s][info][gc] GC(200) Pause Young (Allocation Failure) 109M->58M(176M) 0.354ms
[50.211s][info][gc] GC(201) Pause Young (Allocation Failure) 108M->59M(176M) 0.487ms
[50.241s][info][gc] GC(202) Pause Young (Allocation Failure) 108M->65M(186M) 0.987ms
[50.260s][info][gc] GC(203) Pause Young (Allocation Failure) 123M->66M(195M) 0.607ms
[50.282s][info][gc] GC(204) Pause Young (Allocation Failure) 135M->67M(212M) 0.422ms
[50.308s][info][gc] GC(205) Pause Young (Allocation Failure) 149M->68M(225M) 0.477ms
[50.346s][info][gc] GC(206) Pause Young (Allocation Failure) 165M->71M(244M) 0.636ms
[50.382s][info][gc] GC(207) Pause Young (Allocation Failure) 186M->72M(265M) 0.594ms
[50.432s][info][gc] GC(208) Pause Young (Allocation Failure) 209M->75M(292M) 0.661ms
[50.492s][info][gc] GC(209) Pause Young (Allocation Failure) 237M->77M(319M) 0.924ms
[50.552s][info][gc] GC(210) Pause Young (Allocation Failure) 268M->79M(355M) 0.798ms
[50.630s][info][gc] GC(211) Pause Young (Allocation Failure) 305M->82M(398M) 0.830ms
[50.723s][info][gc] GC(212) Pause Young (Allocation Failure) 350M->84M(445M) 0.822ms
[50.840s][info][gc] GC(213) Pause Young (Allocation Failure) 399M->88M(500M) 1.102ms
[50.967s][info][gc] GC(214) Pause Young (Allocation Failure) 458M->91M(568M) 1.077ms
[51.121s][info][gc] GC(215) Pause Young (Allocation Failure) 527M->94M(642M) 1.177ms
[51.296s][info][gc] GC(216) Pause Young (Allocation Failure) 605M->99M(732M) 1.340ms
[51.507s][info][gc] GC(217) Pause Young (Allocation Failure) 698M->103M(834M) 1.426ms
[51.757s][info][gc] GC(218) Pause Young (Allocation Failure) 804M->108M(803M) 1.483ms
[51.991s][info][gc] GC(219) Pause Young (Allocation Failure) 777M->114M(771M) 1.616ms
[52.212s][info][gc] GC(220) Pause Young (Allocation Failure) 753M->119M(744M) 1.481ms
[52.424s][info][gc] GC(221) Pause Young (Allocation Failure) 730M->124M(718M) 1.551ms
[52.622s][info][gc] GC(222) Pause Young (Allocation Failure) 708M->128M(691M) 1.593ms
[52.837s][info][gc] GC(223) Pause Full (Ergonomics) 686M->86M(809M) 21.974ms
[53.058s][info][gc] GC(224) Pause Young (Allocation Failure) 724M->95M(795M) 1.232ms
[53.267s][info][gc] GC(225) Pause Young (Allocation Failure) 704M->100M(762M) 1.477ms
[53.472s][info][gc] GC(226) Pause Young (Allocation Failure) 682M->104M(736M) 1.506ms
[53.669s][info][gc] GC(227) Pause Young (Allocation Failure) 661M->109M(712M) 1.437ms
[53.855s][info][gc] GC(228) Pause Young (Allocation Failure) 642M->113M(689M) 1.327ms
[54.030s][info][gc] GC(229) Pause Young (Allocation Failure) 623M->117M(667M) 1.327ms
[54.197s][info][gc] GC(230) Pause Young (Allocation Failure) 605M->121M(646M) 1.291ms
[54.358s][info][gc] GC(231) Pause Young (Allocation Failure) 588M->125M(626M) 1.255ms
[54.751s][info][gc] GC(232) Pause Young (Allocation Failure) 572M->128M(606M) 1.233ms
[55.021s][info][gc] GC(233) Pause Young (Allocation Failure) 556M->131M(587M) 1.694ms
[55.276s][info][gc] GC(234) Pause Young (Allocation Failure) 541M->135M(570M) 1.253ms
[55.513s][info][gc] GC(235) Pause Young (Allocation Failure) 528M->138M(553M) 1.286ms
[55.745s][info][gc] GC(236) Pause Young (Allocation Failure) 515M->141M(538M) 1.212ms
[55.968s][info][gc] GC(237) Pause Young (Allocation Failure) 502M->143M(522M) 1.099ms
[56.187s][info][gc] GC(238) Pause Young (Allocation Failure) 490M->146M(509M) 1.193ms
[56.397s][info][gc] GC(239) Pause Young (Allocation Failure) 479M->149M(496M) 1.238ms
[56.595s][info][gc] GC(240) Pause Young (Allocation Failure) 469M->152M(483M) 1.183ms
[56.783s][info][gc] GC(241) Pause Young (Allocation Failure) 459M->154M(471M) 1.060ms
[56.970s][info][gc] GC(242) Pause Young (Allocation Failure) 449M->156M(459M) 0.921ms
[57.145s][info][gc] GC(243) Pause Young (Allocation Failure) 440M->159M(448M) 1.065ms
[57.528s][info][gc] GC(244) Pause Young (Allocation Failure) 431M->162M(438M) 1.076ms
[57.688s][info][gc] GC(245) Pause Young (Allocation Failure) 424M->163M(427M) 1.000ms
[57.842s][info][gc] GC(246) Pause Young (Allocation Failure) 415M->165M(418M) 0.966ms
[57.994s][info][gc] GC(247) Pause Young (Allocation Failure) 408M->168M(409M) 0.885ms
[58.136s][info][gc] GC(248) Pause Young (Allocation Failure) 401M->169M(400M) 0.884ms
[58.280s][info][gc] GC(249) Pause Young (Allocation Failure) 394M->171M(392M) 1.768ms
[58.420s][info][gc] GC(250) Pause Full (Ergonomics) 388M->40M(331M) 10.062ms
[58.544s][info][gc] GC(251) Pause Young (Allocation Failure) 249M->44M(327M) 0.640ms
[58.672s][info][gc] GC(252) Pause Young (Allocation Failure) 245M->46M(320M) 0.721ms
[58.794s][info][gc] GC(253) Pause Young (Allocation Failure) 240M->47M(313M) 0.671ms
[58.906s][info][gc] GC(254) Pause Young (Allocation Failure) 235M->49M(307M) 0.704ms
[59.018s][info][gc] GC(255) Pause Young (Allocation Failure) 230M->50M(301M) 0.656ms
[59.127s][info][gc] GC(256) Pause Young (Allocation Failure) 225M->52M(295M) 0.630ms
[59.231s][info][gc] GC(257) Pause Young (Allocation Failure) 221M->53M(289M) 0.633ms
[59.333s][info][gc] GC(258) Pause Young (Allocation Failure) 217M->54M(284M) 0.625ms
[59.425s][info][gc] GC(259) Pause Young (Allocation Failure) 213M->55M(279M) 0.642ms
[59.518s][info][gc] GC(260) Pause Young (Allocation Failure) 209M->57M(273M) 0.621ms
[59.615s][info][gc] GC(261) Pause Young (Allocation Failure) 205M->58M(269M) 0.607ms
[59.702s][info][gc] GC(262) Pause Young (Allocation Failure) 202M->60M(265M) 0.638ms
[59.786s][info][gc] GC(263) Pause Young (Allocation Failure) 199M->60M(260M) 0.638ms
[59.869s][info][gc] GC(264) Pause Young (Allocation Failure) 195M->61M(256M) 0.662ms
[60.162s][info][gc] GC(265) Pause Young (Allocation Failure) 192M->62M(251M) 0.618ms
[60.252s][info][gc] GC(266) Pause Young (Allocation Failure) 189M->64M(248M) 0.676ms
[60.324s][info][gc] GC(267) Pause Young (Allocation Failure) 188M->65M(244M) 0.506ms
[60.397s][info][gc] GC(268) Pause Young (Allocation Failure) 185M->66M(241M) 0.492ms
[60.466s][info][gc] GC(269) Pause Young (Allocation Failure) 182M->66M(237M) 0.477ms
[60.537s][info][gc] GC(270) Pause Young (Allocation Failure) 179M->68M(234M) 0.489ms
[60.603s][info][gc] GC(271) Pause Young (Allocation Failure) 178M->69M(231M) 0.565ms
[60.673s][info][gc] GC(272) Pause Young (Allocation Failure) 176M->70M(229M) 0.582ms
[60.736s][info][gc] GC(273) Pause Young (Allocation Failure) 174M->71M(225M) 0.568ms
[60.800s][info][gc] GC(274) Pause Young (Allocation Failure) 172M->72M(223M) 0.485ms
[60.862s][info][gc] GC(275) Pause Young (Allocation Failure) 170M->73M(221M) 0.530ms
[60.922s][info][gc] GC(276) Pause Young (Allocation Failure) 169M->73M(218M) 0.491ms
[60.977s][info][gc] GC(277) Pause Young (Allocation Failure) 167M->74M(232M) 0.494ms
[61.045s][info][gc] GC(278) Pause Young (Allocation Failure) 182M->76M(249M) 0.568ms
[61.121s][info][gc] GC(279) Pause Young (Allocation Failure) 200M->77M(268M) 0.665ms
[61.210s][info][gc] GC(280) Pause Young (Allocation Failure) 220M->77M(263M) 0.588ms
[61.301s][info][gc] GC(281) Pause Young (Allocation Failure) 216M->80M(260M) 0.610ms
[61.379s][info][gc] GC(282) Pause Young (Allocation Failure) 215M->80M(256M) 0.587ms
[61.462s][info][gc] GC(283) Pause Young (Allocation Failure) 211M->82M(252M) 0.626ms
[61.537s][info][gc] GC(284) Pause Young (Allocation Failure) 209M->82M(248M) 0.534ms
[61.616s][info][gc] GC(285) Pause Young (Allocation Failure) 206M->84M(245M) 0.624ms
[61.691s][info][gc] GC(286) Pause Young (Allocation Failure) 204M->84M(241M) 0.581ms
[61.764s][info][gc] GC(287) Pause Young (Allocation Failure) 201M->85M(238M) 0.559ms
[61.834s][info][gc] GC(288) Pause Young (Allocation Failure) 198M->86M(255M) 0.642ms
[61.915s][info][gc] GC(289) Pause Young (Allocation Failure) 217M->87M(275M) 0.680ms
[62.008s][info][gc] GC(290) Pause Young (Allocation Failure) 238M->89M(298M) 0.700ms
[62.120s][info][gc] GC(291) Pause Young (Allocation Failure) 262M->90M(293M) 0.674ms
[62.223s][info][gc] GC(292) Pause Young (Allocation Failure) 258M->92M(287M) 0.673ms
[62.321s][info][gc] GC(293) Pause Young (Allocation Failure) 254M->93M(280M) 0.621ms
[62.423s][info][gc] GC(294) Pause Young (Allocation Failure) 249M->95M(277M) 0.619ms
[62.516s][info][gc] GC(295) Pause Young (Allocation Failure) 246M->96M(272M) 0.772ms
[62.602s][info][gc] GC(296) Pause Young (Allocation Failure) 243M->97M(267M) 0.749ms
[62.904s][info][gc] GC(297) Pause Young (Allocation Failure) 239M->101M(262M) 1.243ms
[62.953s][info][gc] GC(298) Pause Young (Allocation Failure) 239M->104M(284M) 1.100ms
[63.008s][info][gc] GC(299) Pause Young (Allocation Failure) 264M->107M(312M) 0.704ms
[63.069s][info][gc] GC(300) Pause Young (Allocation Failure) 293M->108M(342M) 0.760ms
[63.140s][info][gc] GC(301) Pause Young (Allocation Failure) 324M->110M(377M) 0.804ms
[63.232s][info][gc] GC(302) Pause Young (Allocation Failure) 362M->113M(419M) 0.881ms
[63.334s][info][gc] GC(303) Pause Young (Allocation Failure) 405M->116M(465M) 0.881ms
[63.450s][info][gc] GC(304) Pause Young (Allocation Failure) 454M->119M(520M) 1.814ms
[63.585s][info][gc] GC(305) Pause Young (Allocation Failure) 511M->122M(579M) 1.156ms
[63.752s][info][gc] GC(306) Pause Full (Ergonomics) 575M->52M(664M) 11.737ms
[63.931s][info][gc] GC(307) Pause Young (Allocation Failure) 578M->60M(743M) 1.111ms
[64.133s][info][gc] GC(308) Pause Young (Allocation Failure) 656M->64M(744M) 1.437ms
[64.340s][info][gc] GC(309) Pause Young (Allocation Failure) 660M->68M(715M) 1.411ms
[64.537s][info][gc] GC(310) Pause Young (Allocation Failure) 638M->74M(802M) 1.798ms
[64.776s][info][gc] GC(311) Pause Young (Allocation Failure) 730M->78M(821M) 1.783ms
[65.034s][info][gc] GC(312) Pause Young (Allocation Failure) 755M->84M(794M) 1.769ms
[65.261s][info][gc] GC(313) Pause Young (Allocation Failure) 731M->89M(761M) 1.570ms
[65.472s][info][gc] GC(314) Pause Young (Allocation Failure) 707M->93M(737M) 1.269ms
[65.685s][info][gc] GC(315) Pause Young (Allocation Failure) 685M->99M(712M) 1.489ms
[65.879s][info][gc] GC(316) Pause Young (Allocation Failure) 665M->103M(687M) 1.424ms
[66.065s][info][gc] GC(317) Pause Young (Allocation Failure) 644M->108M(663M) 1.391ms
[66.247s][info][gc] GC(318) Pause Young (Allocation Failure) 625M->112M(641M) 1.390ms
[66.418s][info][gc] GC(319) Pause Young (Allocation Failure) 608M->116M(620M) 1.405ms
[66.578s][info][gc] GC(320) Pause Young (Allocation Failure) 591M->119M(599M) 1.264ms
[66.739s][info][gc] GC(321) Pause Young (Allocation Failure) 574M->123M(581M) 1.244ms
[66.885s][info][gc] GC(322) Pause Young (Allocation Failure) 559M->126M(562M) 1.183ms
[67.029s][info][gc] GC(323) Pause Young (Allocation Failure) 544M->130M(626M) 1.371ms
[67.397s][info][gc] GC(324) Pause Young (Allocation Failure) 611M->134M(606M) 1.458ms
[67.612s][info][gc] GC(325) Pause Young (Allocation Failure) 595M->138M(585M) 1.500ms
[67.828s][info][gc] GC(326) Pause Full (Ergonomics) 579M->39M(550M) 8.698ms
[68.019s][info][gc] GC(327) Pause Young (Allocation Failure) 462M->45M(538M) 1.262ms
[68.213s][info][gc] GC(328) Pause Young (Allocation Failure) 450M->49M(521M) 1.082ms
[68.390s][info][gc] GC(329) Pause Young (Allocation Failure) 437M->51M(505M) 1.111ms
[68.560s][info][gc] GC(330) Pause Young (Allocation Failure) 424M->54M(489M) 0.945ms
[68.733s][info][gc] GC(331) Pause Young (Allocation Failure) 411M->58M(476M) 0.952ms
[68.892s][info][gc] GC(332) Pause Young (Allocation Failure) 401M->60M(462M) 0.948ms
[69.047s][info][gc] GC(333) Pause Young (Allocation Failure) 390M->63M(449M) 0.947ms
[69.196s][info][gc] GC(334) Pause Young (Allocation Failure) 379M->65M(436M) 1.071ms
[69.526s][info][gc] GC(335) Pause Young (Allocation Failure) 369M->68M(425M) 0.960ms
[69.655s][info][gc] GC(336) Pause Young (Allocation Failure) 360M->70M(412M) 0.993ms
[69.790s][info][gc] GC(337) Pause Young (Allocation Failure) 351M->73M(402M) 0.841ms
[69.921s][info][gc] GC(338) Pause Young (Allocation Failure) 343M->75M(392M) 0.903ms
[70.043s][info][gc] GC(339) Pause Young (Allocation Failure) 335M->76M(382M) 0.810ms
[70.166s][info][gc] GC(340) Pause Young (Allocation Failure) 327M->79M(373M) 0.825ms
[70.278s][info][gc] GC(341) Pause Young (Allocation Failure) 320M->80M(363M) 0.764ms
[70.389s][info][gc] GC(342) Pause Young (Allocation Failure) 313M->83M(355M) 0.813ms
[70.490s][info][gc] GC(343) Pause Young (Allocation Failure) 307M->84M(347M) 0.786ms
[70.596s][info][gc] GC(344) Pause Young (Allocation Failure) 300M->87M(340M) 0.754ms
[70.694s][info][gc] GC(345) Pause Young (Allocation Failure) 295M->88M(332M) 0.764ms
[70.783s][info][gc] GC(346) Pause Young (Allocation Failure) 289M->90M(325M) 0.780ms
[70.871s][info][gc] GC(347) Pause Young (Allocation Failure) 284M->91M(318M) 0.710ms
[70.960s][info][gc] GC(348) Pause Young (Allocation Failure) 278M->92M(311M) 0.675ms
[71.046s][info][gc] GC(349) Pause Young (Allocation Failure) 273M->94M(306M) 0.679ms
[71.127s][info][gc] GC(350) Pause Young (Allocation Failure) 269M->95M(300M) 0.688ms
[71.204s][info][gc] GC(351) Pause Young (Allocation Failure) 265M->97M(326M) 0.721ms
[71.294s][info][gc] GC(352) Pause Young (Allocation Failure) 292M->98M(357M) 0.745ms
[71.591s][info][gc] GC(353) Pause Young (Allocation Failure) 324M->101M(350M) 0.918ms
[71.690s][info][gc] GC(354) Pause Young (Allocation Failure) 319M->102M(341M) 0.816ms
[71.794s][info][gc] GC(355) Pause Young (Allocation Failure) 312M->104M(334M) 0.781ms
[71.887s][info][gc] GC(356) Pause Young (Allocation Failure) 307M->106M(327M) 0.751ms
[71.976s][info][gc] GC(357) Pause Young (Allocation Failure) 302M->107M(320M) 0.742ms
[72.065s][info][gc] GC(358) Pause Young (Allocation Failure) 297M->109M(313M) 0.705ms
[72.158s][info][gc] GC(359) Pause Young (Allocation Failure) 292M->111M(308M) 0.722ms
[72.241s][info][gc] GC(360) Pause Young (Allocation Failure) 288M->112M(336M) 0.773ms
[72.336s][info][gc] GC(361) Pause Young (Allocation Failure) 317M->114M(367M) 0.815ms
[72.444s][info][gc] GC(362) Pause Young (Allocation Failure) 350M->115M(403M) 0.818ms
[72.575s][info][gc] GC(363) Pause Young (Allocation Failure) 388M->118M(393M) 0.901ms
[72.703s][info][gc] GC(364) Pause Young (Allocation Failure) 380M->120M(383M) 0.806ms
[72.815s][info][gc] GC(365) Pause Young (Allocation Failure) 372M->121M(373M) 0.891ms
[72.931s][info][gc] GC(366) Pause Young (Allocation Failure) 364M->124M(365M) 0.835ms
[73.038s][info][gc] GC(367) Pause Young (Allocation Failure) 358M->125M(356M) 0.885ms
[73.149s][info][gc] GC(368) Pause Young (Allocation Failure) 350M->128M(348M) 0.901ms
[73.250s][info][gc] GC(369) Pause Young (Allocation Failure) 345M->129M(341M) 0.794ms
[73.361s][info][gc] GC(370) Pause Full (Ergonomics) 339M->62M(347M) 15.510ms
[73.619s][info][gc] GC(371) Pause Young (Allocation Failure) 264M->64M(342M) 0.645ms
[73.724s][info][gc] GC(372) Pause Young (Allocation Failure) 259M->72M(340M) 1.175ms
[73.791s][info][gc] GC(373) Pause Young (Allocation Failure) 260M->74M(368M) 1.066ms
[73.869s][info][gc] GC(374) Pause Young (Allocation Failure) 292M->77M(404M) 1.507ms
[73.954s][info][gc] GC(375) Pause Young (Allocation Failure) 330M->78M(445M) 0.875ms
[74.052s][info][gc] GC(376) Pause Young (Allocation Failure) 373M->80M(492M) 0.965ms
[74.179s][info][gc] GC(377) Pause Young (Allocation Failure) 422M->84M(547M) 0.959ms
[74.309s][info][gc] GC(378) Pause Young (Allocation Failure) 479M->87M(589M) 1.105ms
[74.459s][info][gc] GC(379) Pause Young (Allocation Failure) 522M->90M(611M) 1.281ms
[74.621s][info][gc] GC(380) Pause Young (Allocation Failure) 547M->94M(611M) 1.364ms
[74.784s][info][gc] GC(381) Pause Young (Allocation Failure) 551M->97M(682M) 1.507ms
[74.968s][info][gc] GC(382) Pause Young (Allocation Failure) 625M->101M(682M) 1.425ms
[75.156s][info][gc] GC(383) Pause Young (Allocation Failure) 629M->106M(763M) 1.815ms
[75.387s][info][gc] GC(384) Pause Young (Allocation Failure) 714M->110M(764M) 1.732ms
[75.599s][info][gc] GC(385) Pause Young (Allocation Failure) 719M->115M(857M) 1.560ms
[75.842s][info][gc] GC(386) Pause Young (Allocation Failure) 816M->121M(857M) 1.841ms
[76.083s][info][gc] GC(387) Pause Young (Allocation Failure) 822M->126M(963M) 1.905ms
[76.366s][info][gc] GC(388) Pause Young (Allocation Failure) 934M->132M(964M) 2.078ms
[76.643s][info][gc] GC(389) Pause Young (Allocation Failure) 940M->139M(1086M) 2.155ms
[76.966s][info][gc] GC(390) Pause Young (Allocation Failure) 1068M->146M(1086M) 2.614ms
[77.291s][info][gc] GC(391) Pause Young (Allocation Failure) 1075M->153M(1227M) 2.814ms
[77.695s][info][gc] GC(392) Pause Full (Ergonomics) 1222M->124M(1302M) 31.871ms
[78.290s][info][gc] GC(393) Pause Young (Allocation Failure) 1193M->137M(1438M) 2.285ms
[78.756s][info][gc] GC(394) Pause Young (Allocation Failure) 1342M->146M(1446M) 3.564ms
[79.218s][info][gc] GC(395) Pause Young (Allocation Failure) 1358M->155M(1596M) 2.843ms
[79.995s][info][gc] GC(396) Pause Young (Allocation Failure) 1516M->167M(1531M) 3.802ms
[80.499s][info][gc] GC(397) Pause Young (Allocation Failure) 1464M->177M(1575M) 4.513ms
[81.019s][info][gc] GC(398) Pause Young (Allocation Failure) 1530M->189M(1523M) 2.439ms
[81.505s][info][gc] GC(399) Pause Young (Allocation Failure) 1479M->199M(1570M) 3.597ms
[82.209s][info][gc] GC(400) Pause Young (Allocation Failure) 1541M->211M(1512M) 3.512ms
[82.702s][info][gc] GC(401) Pause Young (Allocation Failure) 1489M->221M(1559M) 3.600ms
[83.236s][info][gc] GC(402) Pause Full (Ergonomics) 1549M->65M(1438M) 20.504ms
[83.919s][info][gc] GC(403) Pause Young (Allocation Failure) 1331M->81M(1394M) 2.248ms
[84.335s][info][gc] GC(404) Pause Young (Allocation Failure) 1288M->91M(1336M) 2.813ms
[84.742s][info][gc] GC(405) Pause Young (Allocation Failure) 1242M->100M(1281M) 2.866ms
[85.133s][info][gc] GC(406) Pause Young (Allocation Failure) 1197M->108M(1230M) 2.457ms
[85.497s][info][gc] GC(407) Pause Young (Allocation Failure) 1155M->116M(1181M) 2.149ms
[85.851s][info][gc] GC(408) Pause Young (Allocation Failure) 1115M->125M(1137M) 2.372ms
[86.184s][info][gc] GC(409) Pause Young (Allocation Failure) 1078M->132M(1092M) 2.372ms
[86.501s][info][gc] GC(410) Pause Young (Allocation Failure) 1042M->139M(1051M) 2.139ms
[86.799s][info][gc] GC(411) Pause Young (Allocation Failure) 1008M->146M(1161M) 2.076ms
[87.137s][info][gc] GC(412) Pause Young (Allocation Failure) 1125M->153M(1285M) 3.066ms
[87.518s][info][gc] GC(413) Pause Young (Allocation Failure) 1256M->163M(1236M) 2.360ms
[88.101s][info][gc] GC(414) Pause Young (Allocation Failure) 1215M->171M(1187M) 2.678ms
[88.453s][info][gc] GC(415) Pause Full (Ergonomics) 1175M->48M(1106M) 10.146ms
[88.778s][info][gc] GC(416) Pause Young (Allocation Failure) 1005M->59M(1081M) 1.546ms
[89.090s][info][gc] GC(417) Pause Young (Allocation Failure) 973M->65M(1031M) 1.979ms
[89.401s][info][gc] GC(418) Pause Young (Allocation Failure) 938M->71M(989M) 1.941ms
[89.885s][info][gc] GC(419) Pause Young (Allocation Failure) 904M->80M(954M) 1.986ms
[90.161s][info][gc] GC(420) Pause Young (Allocation Failure) 876M->86M(918M) 1.872ms
[90.423s][info][gc] GC(421) Pause Young (Allocation Failure) 846M->92M(883M) 1.715ms
[90.671s][info][gc] GC(422) Pause Young (Allocation Failure) 818M->98M(851M) 1.663ms
[90.907s][info][gc] GC(423) Pause Young (Allocation Failure) 792M->104M(821M) 1.621ms
[91.343s][info][gc] GC(424) Pause Young (Allocation Failure) 767M->110M(792M) 1.644ms
[91.557s][info][gc] GC(425) Pause Young (Allocation Failure) 744M->114M(763M) 1.608ms
[91.769s][info][gc] GC(426) Pause Young (Allocation Failure) 721M->119M(737M) 1.528ms
[91.963s][info][gc] GC(427) Pause Young (Allocation Failure) 700M->123M(711M) 1.440ms
[92.159s][info][gc] GC(428) Pause Young (Allocation Failure) 679M->128M(687M) 1.402ms
[92.341s][info][gc] GC(429) Pause Young (Allocation Failure) 659M->132M(665M) 2.123ms
[92.517s][info][gc] GC(430) Pause Young (Allocation Failure) 641M->136M(734M) 1.365ms
[92.929s][info][gc] GC(431) Pause Young (Allocation Failure) 715M->143M(712M) 1.699ms
[93.121s][info][gc] GC(432) Pause Young (Allocation Failure) 696M->148M(686M) 1.734ms
[93.315s][info][gc] GC(433) Pause Full (Ergonomics) 678M->51M(655M) 9.181ms
[93.492s][info][gc] GC(434) Pause Young (Allocation Failure) 559M->58M(648M) 1.020ms
[93.664s][info][gc] GC(435) Pause Young (Allocation Failure) 544M->63M(620M) 1.327ms
[93.827s][info][gc] GC(436) Pause Young (Allocation Failure) 528M->66M(600M) 1.386ms
[93.981s][info][gc] GC(437) Pause Young (Allocation Failure) 512M->69M(581M) 1.308ms
[94.133s][info][gc] GC(438) Pause Young (Allocation Failure) 497M->73M(643M) 1.295ms
[94.305s][info][gc] GC(439) Pause Young (Allocation Failure) 562M->76M(713M) 1.199ms
[94.499s][info][gc] GC(440) Pause Young (Allocation Failure) 635M->81M(690M) 1.363ms
[94.694s][info][gc] GC(441) Pause Young (Allocation Failure) 616M->86M(667M) 1.493ms
[94.899s][info][gc] GC(442) Pause Young (Allocation Failure) 598M->89M(739M) 1.559ms
[95.113s][info][gc] GC(443) Pause Young (Allocation Failure) 674M->94M(715M) 1.427ms
[95.318s][info][gc] GC(444) Pause Young (Allocation Failure) 654M->98M(690M) 1.520ms
[95.531s][info][gc] GC(445) Pause Young (Allocation Failure) 634M->102M(667M) 1.409ms
[95.712s][info][gc] GC(446) Pause Young (Allocation Failure) 615M->106M(645M) 1.402ms
[95.880s][info][gc] GC(447) Pause Young (Allocation Failure) 597M->110M(625M) 1.257ms
[96.042s][info][gc] GC(448) Pause Young (Allocation Failure) 581M->114M(692M) 1.300ms
[96.237s][info][gc] GC(449) Pause Young (Allocation Failure) 652M->119M(770M) 1.403ms
[96.445s][info][gc] GC(450) Pause Young (Allocation Failure) 734M->123M(744M) 1.474ms
[96.650s][info][gc] GC(451) Pause Young (Allocation Failure) 712M->128M(828M) 1.638ms
[96.883s][info][gc] GC(452) Pause Young (Allocation Failure) 801M->133M(799M) 1.599ms
[97.100s][info][gc] GC(453) Pause Young (Allocation Failure) 777M->138M(891M) 1.670ms
[97.540s][info][gc] GC(454) Pause Young (Allocation Failure) 874M->146M(861M) 1.828ms
[97.765s][info][gc] GC(455) Pause Young (Allocation Failure) 849M->152M(824M) 1.821ms
[97.984s][info][gc] GC(456) Pause Full (Ergonomics) 824M->56M(794M) 13.256ms
[98.185s][info][gc] GC(457) Pause Young (Allocation Failure) 699M->64M(774M) 1.201ms
[98.382s][info][gc] GC(458) Pause Young (Allocation Failure) 679M->70M(747M) 1.511ms
[98.573s][info][gc] GC(459) Pause Young (Allocation Failure) 658M->75M(722M) 1.710ms
[98.977s][info][gc] GC(460) Pause Young (Allocation Failure) 638M->80M(698M) 1.550ms
[99.145s][info][gc] GC(461) Pause Young (Allocation Failure) 618M->84M(675M) 1.542ms
[99.314s][info][gc] GC(462) Pause Young (Allocation Failure) 599M->88M(653M) 1.487ms
[99.469s][info][gc] GC(463) Pause Young (Allocation Failure) 582M->92M(724M) 1.301ms
[99.650s][info][gc] GC(464) Pause Young (Allocation Failure) 658M->97M(808M) 1.400ms
[99.859s][info][gc] GC(465) Pause Young (Allocation Failure) 745M->102M(903M) 1.634ms
[100.102s][info][gc] GC(466) Pause Young (Allocation Failure) 845M->107M(1010M) 1.674ms
[100.591s][info][gc] GC(467) Pause Young (Allocation Failure) 957M->115M(972M) 1.961ms
[100.851s][info][gc] GC(468) Pause Young (Allocation Failure) 926M->121M(936M) 1.863ms
[101.103s][info][gc] GC(469) Pause Young (Allocation Failure) 896M->128M(902M) 1.852ms
[101.337s][info][gc] GC(470) Pause Young (Allocation Failure) 868M->133M(867M) 1.673ms
[101.560s][info][gc] GC(471) Pause Young (Allocation Failure) 840M->139M(836M) 1.835ms
[102.024s][info][gc] GC(472) Pause Young (Allocation Failure) 814M->147M(809M) 1.931ms
[102.253s][info][gc] GC(473) Pause Young (Allocation Failure) 793M->152M(776M) 1.910ms
[102.487s][info][gc] GC(474) Pause Full (Ergonomics) 769M->39M(724M) 10.309ms
[102.700s][info][gc] GC(475) Pause Young (Allocation Failure) 629M->47M(706M) 1.110ms
[102.905s][info][gc] GC(476) Pause Young (Allocation Failure) 612M->52M(682M) 1.408ms
[103.104s][info][gc] GC(477) Pause Young (Allocation Failure) 592M->56M(659M) 2.490ms
[103.291s][info][gc] GC(478) Pause Young (Allocation Failure) 573M->61M(637M) 1.462ms
[103.468s][info][gc] GC(479) Pause Young (Allocation Failure) 556M->64M(616M) 1.326ms
[103.637s][info][gc] GC(480) Pause Young (Allocation Failure) 538M->68M(596M) 1.267ms
[103.797s][info][gc] GC(481) Pause Young (Allocation Failure) 522M->71M(576M) 1.361ms
[103.964s][info][gc] GC(482) Pause Young (Allocation Failure) 507M->75M(559M) 1.335ms
[104.108s][info][gc] GC(483) Pause Young (Allocation Failure) 492M->78M(620M) 1.232ms
[104.282s][info][gc] GC(484) Pause Young (Allocation Failure) 557M->81M(600M) 1.252ms
[104.447s][info][gc] GC(485) Pause Young (Allocation Failure) 540M->84M(580M) 1.204ms
[104.615s][info][gc] GC(486) Pause Young (Allocation Failure) 524M->88M(563M) 1.314ms
[104.771s][info][gc] GC(487) Pause Young (Allocation Failure) 510M->91M(544M) 1.176ms
[104.927s][info][gc] GC(488) Pause Young (Allocation Failure) 495M->95M(529M) 1.274ms
[105.072s][info][gc] GC(489) Pause Young (Allocation Failure) 483M->98M(586M) 1.299ms
[105.243s][info][gc] GC(490) Pause Young (Allocation Failure) 544M->102M(654M) 1.285ms
[105.438s][info][gc] GC(491) Pause Young (Allocation Failure) 615M->105M(632M) 1.340ms
[105.619s][info][gc] GC(492) Pause Young (Allocation Failure) 596M->109M(612M) 1.335ms
[105.793s][info][gc] GC(493) Pause Young (Allocation Failure) 580M->113M(681M) 1.838ms
[105.985s][info][gc] GC(494) Pause Young (Allocation Failure) 653M->117M(659M) 1.402ms
[106.175s][info][gc] GC(495) Pause Young (Allocation Failure) 634M->121M(635M) 1.353ms
[106.346s][info][gc] GC(496) Pause Young (Allocation Failure) 616M->125M(615M) 1.342ms
[106.521s][info][gc] GC(497) Pause Young (Allocation Failure) 599M->129M(596M) 1.313ms
[106.685s][info][gc] GC(498) Pause Young (Allocation Failure) 583M->132M(576M) 1.271ms
[106.841s][info][gc] GC(499) Pause Young (Allocation Failure) 567M->136M(640M) 1.241ms
[107.053s][info][gc] GC(500) Pause Full (Ergonomics) 635M->134M(796M) 32.429ms
[107.378s][info][gc] GC(501) Pause Young (Allocation Failure) 699M->143M(880M) 4.010ms
[107.684s][info][gc] GC(502) Pause Young (Allocation Failure) 784M->148M(909M) 1.909ms
[108.012s][info][gc] GC(503) Pause Young (Allocation Failure) 815M->153M(908M) 1.841ms
[108.326s][info][gc] GC(504) Pause Young (Allocation Failure) 820M->158M(991M) 1.893ms
[108.692s][info][gc] GC(505) Pause Young (Allocation Failure) 909M->164M(992M) 2.246ms
[109.065s][info][gc] GC(506) Pause Young (Allocation Failure) 916M->170M(957M) 2.065ms
[109.422s][info][gc] GC(507) Pause Young (Allocation Failure) 888M->176M(925M) 2.189ms
[109.760s][info][gc] GC(508) Pause Young (Allocation Failure) 862M->181M(891M) 2.239ms
[110.084s][info][gc] GC(509) Pause Young (Allocation Failure) 837M->186M(866M) 1.703ms
[110.388s][info][gc] GC(510) Pause Young (Allocation Failure) 814M->190M(838M) 1.834ms
[110.688s][info][gc] GC(511) Pause Young (Allocation Failure) 791M->196M(813M) 1.972ms
[110.966s][info][gc] GC(512) Pause Young (Allocation Failure) 771M->200M(788M) 1.667ms
[111.230s][info][gc] GC(513) Pause Young (Allocation Failure) 751M->204M(857M) 2.153ms
[111.528s][info][gc] GC(514) Pause Young (Allocation Failure) 825M->209M(936M) 1.777ms
[111.865s][info][gc] GC(515) Pause Young (Allocation Failure) 908M->215M(906M) 1.961ms
[112.945s][info][gc] GC(516) Pause Young (Allocation Failure) 883M->219M(876M) 1.822ms
[114.126s][info][gc] GC(517) Pause Young (Allocation Failure) 858M->224M(847M) 2.498ms
[115.273s][info][gc] GC(518) Pause Young (Allocation Failure) 836M->229M(820M) 1.842ms
[116.386s][info][gc] GC(519) Pause Full (Ergonomics) 814M->41M(700M) 12.042ms
[117.420s][info][gc] GC(520) Pause Young (Allocation Failure) 601M->46M(681M) 1.167ms
[118.411s][info][gc] GC(521) Pause Young (Allocation Failure) 582M->50M(662M) 1.328ms
[119.369s][info][gc] GC(522) Pause Young (Allocation Failure) 563M->54M(643M) 1.581ms
[120.287s][info][gc] GC(523) Pause Young (Allocation Failure) 546M->58M(619M) 1.494ms
[121.250s][info][gc] GC(524) Pause Young (Allocation Failure) 529M->62M(601M) 1.344ms
[122.090s][info][gc] GC(525) Pause Young (Allocation Failure) 514M->66M(581M) 1.686ms
[122.891s][info][gc] GC(526) Pause Young (Allocation Failure) 500M->69M(567M) 1.335ms
[123.653s][info][gc] GC(527) Pause Young (Allocation Failure) 485M->73M(553M) 1.370ms
[124.406s][info][gc] GC(528) Pause Young (Allocation Failure) 472M->76M(526M) 1.714ms
[125.127s][info][gc] GC(529) Pause Young (Allocation Failure) 459M->80M(512M) 1.061ms
[125.819s][info][gc] GC(530) Pause Young (Allocation Failure) 448M->82M(500M) 1.274ms
[126.489s][info][gc] GC(531) Pause Young (Allocation Failure) 436M->85M(489M) 1.056ms
[127.125s][info][gc] GC(532) Pause Young (Allocation Failure) 425M->88M(478M) 1.168ms
[127.722s][info][gc] GC(533) Pause Young (Allocation Failure) 414M->90M(468M) 1.281ms
[128.309s][info][gc] GC(534) Pause Young (Allocation Failure) 404M->92M(450M) 1.419ms
[128.868s][info][gc] GC(535) Pause Young (Allocation Failure) 394M->95M(441M) 1.051ms
[129.403s][info][gc] GC(536) Pause Young (Allocation Failure) 385M->97M(433M) 1.360ms
[130.007s][info][gc] GC(537) Pause Young (Allocation Failure) 377M->100M(425M) 1.620ms
[130.512s][info][gc] GC(538) Pause Young (Allocation Failure) 369M->102M(408M) 1.550ms
[130.996s][info][gc] GC(539) Pause Young (Allocation Failure) 361M->105M(398M) 1.505ms
[131.453s][info][gc] GC(540) Pause Young (Allocation Failure) 354M->107M(391M) 1.159ms
[131.894s][info][gc] GC(541) Pause Young (Allocation Failure) 348M->109M(384M) 1.151ms
[132.331s][info][gc] GC(542) Pause Young (Allocation Failure) 341M->110M(378M) 1.237ms
[132.748s][info][gc] GC(543) Pause Young (Allocation Failure) 334M->112M(373M) 1.331ms
[133.151s][info][gc] GC(544) Pause Young (Allocation Failure) 329M->114M(359M) 1.556ms
[133.533s][info][gc] GC(545) Pause Young (Allocation Failure) 323M->116M(353M) 1.218ms
[133.907s][info][gc] GC(546) Pause Young (Allocation Failure) 318M->117M(348M) 1.843ms
[134.264s][info][gc] GC(547) Pause Young (Allocation Failure) 313M->119M(343M) 1.293ms
[134.615s][info][gc] GC(548) Pause Young (Allocation Failure) 308M->120M(338M) 1.585ms
[134.974s][info][gc] GC(549) Pause Young (Allocation Failure) 303M->122M(332M) 1.459ms
[135.307s][info][gc] GC(550) Pause Young (Allocation Failure) 299M->123M(323M) 1.448ms
[135.631s][info][gc] GC(551) Pause Young (Allocation Failure) 294M->124M(316M) 1.214ms
[135.928s][info][gc] GC(552) Pause Young (Allocation Failure) 290M->126M(311M) 1.023ms
[136.235s][info][gc] GC(553) Pause Young (Allocation Failure) 287M->127M(307M) 1.180ms
[136.532s][info][gc] GC(554) Pause Young (Allocation Failure) 283M->128M(301M) 1.149ms
[136.815s][info][gc] GC(555) Pause Young (Allocation Failure) 280M->129M(295M) 1.763ms
[137.085s][info][gc] GC(556) Pause Young (Allocation Failure) 276M->131M(290M) 0.956ms
[137.349s][info][gc] GC(557) Pause Young (Allocation Failure) 273M->132M(285M) 0.989ms
[137.606s][info][gc] GC(558) Pause Young (Allocation Failure) 270M->133M(279M) 1.285ms
[137.868s][info][gc] GC(559) Pause Young (Allocation Failure) 267M->134M(275M) 0.854ms
[138.116s][info][gc] GC(560) Pause Young (Allocation Failure) 264M->135M(271M) 0.832ms
[138.351s][info][gc] GC(561) Pause Young (Allocation Failure) 262M->136M(268M) 0.764ms
[138.576s][info][gc] GC(562) Pause Young (Allocation Failure) 259M->137M(264M) 1.425ms
[138.878s][info][gc] GC(563) Pause Young (Allocation Failure) 257M->138M(262M) 0.812ms
[139.096s][info][gc] GC(564) Pause Young (Allocation Failure) 255M->140M(259M) 1.132ms
[139.303s][info][gc] GC(565) Pause Young (Allocation Failure) 254M->140M(256M) 0.880ms
[139.520s][info][gc] GC(566) Pause Full (Ergonomics) 251M->27M(229M) 6.742ms
[139.722s][info][gc] GC(567) Pause Young (Allocation Failure) 135M->28M(244M) 0.410ms
[139.923s][info][gc] GC(568) Pause Young (Allocation Failure) 134M->29M(226M) 0.619ms
[140.110s][info][gc] GC(569) Pause Young (Allocation Failure) 132M->30M(223M) 0.626ms
[140.313s][info][gc] GC(570) Pause Young (Allocation Failure) 130M->31M(220M) 0.546ms
[140.493s][info][gc] GC(571) Pause Young (Allocation Failure) 129M->32M(218M) 0.548ms
[140.680s][info][gc] GC(572) Pause Young (Allocation Failure) 127M->32M(216M) 0.469ms
[140.846s][info][gc] GC(573) Pause Young (Allocation Failure) 126M->33M(213M) 0.396ms
[141.019s][info][gc] GC(574) Pause Young (Allocation Failure) 124M->34M(211M) 0.445ms
[141.195s][info][gc] GC(575) Pause Young (Allocation Failure) 123M->35M(210M) 0.405ms
[141.345s][info][gc] GC(576) Pause Young (Allocation Failure) 122M->35M(207M) 0.453ms
[141.513s][info][gc] GC(577) Pause Young (Allocation Failure) 121M->36M(218M) 0.436ms
[141.680s][info][gc] GC(578) Pause Young (Allocation Failure) 119M->37M(204M) 1.125ms
[141.837s][info][gc] GC(579) Pause Young (Allocation Failure) 118M->37M(202M) 0.429ms
[141.983s][info][gc] GC(580) Pause Young (Allocation Failure) 117M->37M(200M) 0.406ms
[142.137s][info][gc] GC(581) Pause Young (Allocation Failure) 116M->38M(209M) 0.406ms
[142.282s][info][gc] GC(582) Pause Young (Allocation Failure) 115M->39M(197M) 0.418ms
[142.413s][info][gc] GC(583) Pause Young (Allocation Failure) 115M->40M(196M) 0.402ms
[142.557s][info][gc] GC(584) Pause Young (Allocation Failure) 114M->40M(194M) 0.425ms
[142.689s][info][gc] GC(585) Pause Young (Allocation Failure) 113M->40M(193M) 0.382ms
[142.822s][info][gc] GC(586) Pause Young (Allocation Failure) 111M->41M(191M) 0.614ms
[142.943s][info][gc] GC(587) Pause Young (Allocation Failure) 111M->41M(189M) 0.307ms
[143.073s][info][gc] GC(588) Pause Young (Allocation Failure) 109M->42M(189M) 0.403ms
[143.200s][info][gc] GC(589) Pause Young (Allocation Failure) 109M->43M(188M) 0.374ms
[143.319s][info][gc] GC(590) Pause Young (Allocation Failure) 109M->43M(187M) 0.394ms
[143.438s][info][gc] GC(591) Pause Young (Allocation Failure) 108M->44M(186M) 0.521ms
[143.555s][info][gc] GC(592) Pause Young (Allocation Failure) 108M->44M(185M) 0.369ms
[143.672s][info][gc] GC(593) Pause Young (Allocation Failure) 107M->45M(184M) 0.362ms
[143.792s][info][gc] GC(594) Pause Young (Allocation Failure) 107M->45M(183M) 0.364ms
[143.903s][info][gc] GC(595) Pause Young (Allocation Failure) 106M->46M(182M) 0.363ms
[144.024s][info][gc] GC(596) Pause Young (Allocation Failure) 106M->47M(181M) 0.409ms
[144.125s][info][gc] GC(597) Pause Young (Allocation Failure) 106M->47M(180M) 0.350ms
[144.235s][info][gc] GC(598) Pause Young (Allocation Failure) 105M->48M(179M) 0.372ms
[144.338s][info][gc] GC(599) Pause Young (Allocation Failure) 105M->48M(178M) 0.370ms
[144.448s][info][gc] GC(600) Pause Young (Allocation Failure) 104M->48M(177M) 0.346ms
[144.549s][info][gc] GC(601) Pause Young (Allocation Failure) 103M->49M(176M) 0.347ms
[144.653s][info][gc] GC(602) Pause Young (Allocation Failure) 103M->49M(175M) 0.379ms
[144.754s][info][gc] GC(603) Pause Young (Allocation Failure) 102M->50M(174M) 0.343ms
[144.853s][info][gc] GC(604) Pause Young (Allocation Failure) 102M->50M(174M) 0.387ms
[144.949s][info][gc] GC(605) Pause Young (Allocation Failure) 102M->50M(173M) 0.356ms
[145.047s][info][gc] GC(606) Pause Young (Allocation Failure) 102M->51M(173M) 0.363ms
[145.144s][info][gc] GC(607) Pause Young (Allocation Failure) 102M->51M(172M) 0.384ms
[145.237s][info][gc] GC(608) Pause Young (Allocation Failure) 102M->51M(171M) 0.275ms
[145.339s][info][gc] GC(609) Pause Young (Allocation Failure) 101M->52M(171M) 0.349ms
[145.432s][info][gc] GC(610) Pause Young (Allocation Failure) 102M->52M(171M) 0.334ms
[145.524s][info][gc] GC(611) Pause Young (Allocation Failure) 101M->53M(170M) 0.344ms
[145.614s][info][gc] GC(612) Pause Young (Allocation Failure) 101M->53M(170M) 0.335ms
[145.702s][info][gc] GC(613) Pause Young (Allocation Failure) 101M->54M(169M) 0.348ms
[145.788s][info][gc] GC(614) Pause Young (Allocation Failure) 101M->54M(169M) 0.330ms
[145.877s][info][gc] GC(615) Pause Young (Allocation Failure) 101M->54M(168M) 0.331ms
[145.960s][info][gc] GC(616) Pause Young (Allocation Failure) 101M->55M(168M) 0.326ms
[146.052s][info][gc] GC(617) Pause Young (Allocation Failure) 101M->55M(167M) 0.345ms
[146.130s][info][gc] GC(618) Pause Young (Allocation Failure) 101M->55M(167M) 0.302ms
[146.203s][info][gc] GC(619) Pause Young (Allocation Failure) 100M->55M(166M) 0.280ms
[146.286s][info][gc] GC(620) Pause Young (Allocation Failure) 100M->56M(165M) 0.364ms
[146.371s][info][gc] GC(621) Pause Young (Allocation Failure) 100M->57M(165M) 0.364ms
[146.460s][info][gc] GC(622) Pause Young (Allocation Failure) 100M->57M(165M) 0.408ms
[146.542s][info][gc] GC(623) Pause Young (Allocation Failure) 100M->58M(164M) 0.393ms
[146.624s][info][gc] GC(624) Pause Young (Allocation Failure) 100M->58M(163M) 0.355ms
[146.704s][info][gc] GC(625) Pause Young (Allocation Failure) 100M->58M(163M) 0.398ms
[146.788s][info][gc] GC(626) Pause Young (Allocation Failure) 100M->59M(163M) 0.421ms
[146.858s][info][gc] GC(627) Pause Young (Allocation Failure) 100M->59M(162M) 0.344ms
[146.943s][info][gc] GC(628) Pause Young (Allocation Failure) 99M->59M(162M) 0.393ms
[147.013s][info][gc] GC(629) Pause Young (Allocation Failure) 99M->59M(161M) 0.354ms
[147.089s][info][gc] GC(630) Pause Young (Allocation Failure) 99M->60M(160M) 0.380ms
[147.159s][info][gc] GC(631) Pause Young (Allocation Failure) 99M->60M(160M) 0.364ms
[147.227s][info][gc] GC(632) Pause Young (Allocation Failure) 99M->61M(159M) 0.346ms
[147.303s][info][gc] GC(633) Pause Young (Allocation Failure) 99M->61M(159M) 0.349ms
[147.371s][info][gc] GC(634) Pause Young (Allocation Failure) 99M->61M(158M) 0.357ms
[147.436s][info][gc] GC(635) Pause Young (Allocation Failure) 98M->62M(158M) 0.354ms
[147.506s][info][gc] GC(636) Pause Young (Allocation Failure) 98M->62M(157M) 0.354ms
[147.578s][info][gc] GC(637) Pause Young (Allocation Failure) 98M->63M(157M) 0.364ms
[147.669s][info][gc] GC(638) Pause Young (Allocation Failure) 98M->63M(156M) 0.251ms
[147.793s][info][gc] GC(639) Pause Young (Allocation Failure) 98M->64M(157M) 0.523ms
[147.857s][info][gc] GC(640) Pause Young (Allocation Failure) 99M->65M(156M) 0.523ms
[147.917s][info][gc] GC(641) Pause Young (Allocation Failure) 100M->65M(156M) 0.347ms
[147.985s][info][gc] GC(642) Pause Young (Allocation Failure) 100M->66M(157M) 0.350ms
[148.048s][info][gc] GC(643) Pause Young (Allocation Failure) 101M->66M(157M) 0.362ms
[148.117s][info][gc] GC(644) Pause Young (Allocation Failure) 101M->66M(156M) 0.353ms
[148.176s][info][gc] GC(645) Pause Young (Allocation Failure) 101M->67M(156M) 0.357ms
[148.244s][info][gc] GC(646) Pause Young (Allocation Failure) 102M->67M(157M) 0.359ms
[148.310s][info][gc] GC(647) Pause Young (Allocation Failure) 102M->68M(157M) 0.365ms
[148.378s][info][gc] GC(648) Pause Young (Allocation Failure) 103M->68M(157M) 0.345ms
[148.437s][info][gc] GC(649) Pause Young (Allocation Failure) 103M->68M(156M) 0.361ms
[148.512s][info][gc] GC(650) Pause Young (Allocation Failure) 103M->69M(157M) 0.378ms
[148.573s][info][gc] GC(651) Pause Young (Allocation Failure) 104M->69M(156M) 0.336ms
[148.646s][info][gc] GC(652) Pause Young (Allocation Failure) 104M->69M(156M) 0.362ms
[148.710s][info][gc] GC(653) Pause Young (Allocation Failure) 104M->70M(156M) 0.361ms
[148.776s][info][gc] GC(654) Pause Young (Allocation Failure) 105M->70M(156M) 0.380ms
[148.838s][info][gc] GC(655) Pause Young (Allocation Failure) 105M->71M(157M) 0.363ms
[148.909s][info][gc] GC(656) Pause Young (Allocation Failure) 106M->71M(157M) 0.338ms
[148.965s][info][gc] GC(657) Pause Young (Allocation Failure) 106M->71M(156M) 0.361ms
[149.035s][info][gc] GC(658) Pause Young (Allocation Failure) 106M->72M(156M) 0.346ms
[149.101s][info][gc] GC(659) Pause Young (Allocation Failure) 107M->72M(157M) 0.377ms
[149.160s][info][gc] GC(660) Pause Young (Allocation Failure) 107M->72M(156M) 0.311ms
[149.226s][info][gc] GC(661) Pause Young (Allocation Failure) 107M->73M(156M) 0.322ms
[149.294s][info][gc] GC(662) Pause Young (Allocation Failure) 108M->74M(156M) 0.375ms
[149.359s][info][gc] GC(663) Pause Young (Allocation Failure) 109M->74M(157M) 0.349ms
[149.427s][info][gc] GC(664) Pause Young (Allocation Failure) 109M->74M(156M) 0.357ms
[149.487s][info][gc] GC(665) Pause Young (Allocation Failure) 109M->74M(156M) 0.389ms
[149.552s][info][gc] GC(666) Pause Young (Allocation Failure) 109M->75M(157M) 0.450ms
[149.622s][info][gc] GC(667) Pause Young (Allocation Failure) 110M->75M(156M) 0.368ms
[149.685s][info][gc] GC(668) Pause Young (Allocation Failure) 110M->76M(156M) 0.351ms
[149.746s][info][gc] GC(669) Pause Young (Allocation Failure) 111M->76M(156M) 0.376ms
[149.817s][info][gc] GC(670) Pause Young (Allocation Failure) 111M->77M(157M) 0.367ms
[149.884s][info][gc] GC(671) Pause Young (Allocation Failure) 112M->77M(156M) 0.364ms
[149.948s][info][gc] GC(672) Pause Young (Allocation Failure) 112M->77M(156M) 0.320ms
[150.014s][info][gc] GC(673) Pause Young (Allocation Failure) 112M->78M(156M) 0.370ms
[150.079s][info][gc] GC(674) Pause Young (Allocation Failure) 113M->78M(157M) 0.359ms
[150.149s][info][gc] GC(675) Pause Young (Allocation Failure) 113M->79M(157M) 0.366ms
[150.216s][info][gc] GC(676) Pause Young (Allocation Failure) 114M->79M(156M) 0.376ms
[150.278s][info][gc] GC(677) Pause Young (Allocation Failure) 114M->79M(157M) 0.341ms
[150.343s][info][gc] GC(678) Pause Young (Allocation Failure) 114M->80M(157M) 0.357ms
[150.411s][info][gc] GC(679) Pause Young (Allocation Failure) 115M->80M(157M) 0.396ms
[150.474s][info][gc] GC(680) Pause Young (Allocation Failure) 115M->80M(156M) 0.324ms
[150.537s][info][gc] GC(681) Pause Young (Allocation Failure) 115M->81M(157M) 0.319ms
[150.604s][info][gc] GC(682) Pause Young (Allocation Failure) 116M->82M(157M) 0.353ms
[150.671s][info][gc] GC(683) Pause Young (Allocation Failure) 117M->82M(156M) 0.373ms
[150.727s][info][gc] GC(684) Pause Young (Allocation Failure) 117M->82M(156M) 0.361ms
[150.797s][info][gc] GC(685) Pause Young (Allocation Failure) 117M->83M(157M) 0.371ms
[150.865s][info][gc] GC(686) Pause Young (Allocation Failure) 118M->83M(156M) 0.334ms
[150.928s][info][gc] GC(687) Pause Young (Allocation Failure) 118M->83M(156M) 0.357ms
[150.989s][info][gc] GC(688) Pause Young (Allocation Failure) 118M->84M(156M) 0.429ms
[151.055s][info][gc] GC(689) Pause Young (Allocation Failure) 119M->84M(156M) 0.344ms
[151.117s][info][gc] GC(690) Pause Young (Allocation Failure) 119M->85M(156M) 0.329ms
[151.187s][info][gc] GC(691) Pause Young (Allocation Failure) 120M->85M(157M) 0.374ms
[151.247s][info][gc] GC(692) Pause Young (Allocation Failure) 120M->85M(156M) 0.373ms
[151.319s][info][gc] GC(693) Pause Young (Allocation Failure) 120M->86M(157M) 0.380ms
[151.385s][info][gc] GC(694) Pause Young (Allocation Failure) 121M->86M(156M) 0.349ms
[151.450s][info][gc] GC(695) Pause Young (Allocation Failure) 121M->86M(156M) 0.355ms
[151.512s][info][gc] GC(696) Pause Young (Allocation Failure) 121M->87M(156M) 0.381ms
[151.574s][info][gc] GC(697) Pause Young (Allocation Failure) 122M->87M(156M) 0.353ms
[151.644s][info][gc] GC(698) Pause Young (Allocation Failure) 122M->88M(157M) 0.357ms
[151.716s][info][gc] GC(699) Pause Young (Allocation Failure) 123M->88M(157M) 0.369ms
[151.781s][info][gc] GC(700) Pause Young (Allocation Failure) 123M->88M(156M) 0.345ms
[151.844s][info][gc] GC(701) Pause Young (Allocation Failure) 123M->89M(157M) 0.365ms
[151.911s][info][gc] GC(702) Pause Young (Allocation Failure) 124M->89M(156M) 0.339ms
[151.966s][info][gc] GC(703) Pause Young (Allocation Failure) 124M->89M(156M) 0.307ms
[152.034s][info][gc] GC(704) Pause Young (Allocation Failure) 124M->90M(156M) 0.345ms
[152.098s][info][gc] GC(705) Pause Young (Allocation Failure) 125M->90M(157M) 0.346ms
[152.165s][info][gc] GC(706) Pause Young (Allocation Failure) 125M->91M(156M) 0.400ms
[152.224s][info][gc] GC(707) Pause Young (Allocation Failure) 126M->91M(156M) 0.342ms
[152.290s][info][gc] GC(708) Pause Young (Allocation Failure) 126M->92M(157M) 0.371ms
[152.356s][info][gc] GC(709) Pause Young (Allocation Failure) 127M->92M(156M) 0.350ms
[152.420s][info][gc] GC(710) Pause Young (Allocation Failure) 127M->92M(156M) 0.347ms
[152.482s][info][gc] GC(711) Pause Young (Allocation Failure) 127M->92M(156M) 0.362ms
[152.548s][info][gc] GC(712) Pause Young (Allocation Failure) 127M->93M(156M) 0.359ms
[152.615s][info][gc] GC(713) Pause Young (Allocation Failure) 128M->94M(157M) 0.366ms
[152.677s][info][gc] GC(714) Pause Young (Allocation Failure) 129M->94M(156M) 0.333ms
[152.742s][info][gc] GC(715) Pause Young (Allocation Failure) 129M->94M(156M) 0.385ms
[152.810s][info][gc] GC(716) Pause Young (Allocation Failure) 129M->95M(156M) 0.364ms
[152.876s][info][gc] GC(717) Pause Young (Allocation Failure) 130M->95M(156M) 0.372ms
[152.943s][info][gc] GC(718) Pause Young (Allocation Failure) 130M->95M(156M) 0.344ms
[153.000s][info][gc] GC(719) Pause Young (Allocation Failure) 130M->96M(156M) 0.337ms
[153.065s][info][gc] GC(720) Pause Young (Allocation Failure) 131M->96M(157M) 0.410ms
[153.133s][info][gc] GC(721) Pause Young (Allocation Failure) 131M->97M(157M) 0.372ms
[153.196s][info][gc] GC(722) Pause Young (Allocation Failure) 132M->97M(156M) 0.365ms
[153.255s][info][gc] GC(723) Pause Young (Allocation Failure) 132M->97M(157M) 0.343ms
[153.325s][info][gc] GC(724) Pause Young (Allocation Failure) 132M->98M(157M) 0.385ms
[153.391s][info][gc] GC(725) Pause Young (Allocation Failure) 133M->98M(156M) 0.381ms
[153.462s][info][gc] GC(726) Pause Young (Allocation Failure) 133M->99M(156M) 0.394ms
[153.515s][info][gc] GC(727) Pause Young (Allocation Failure) 134M->99M(156M) 0.393ms
[153.585s][info][gc] GC(728) Pause Young (Allocation Failure) 134M->100M(157M) 0.406ms
[153.651s][info][gc] GC(729) Pause Young (Allocation Failure) 135M->100M(157M) 0.391ms
[153.711s][info][gc] GC(730) Pause Young (Allocation Failure) 135M->100M(156M) 0.327ms
[153.773s][info][gc] GC(731) Pause Young (Allocation Failure) 135M->100M(156M) 0.365ms
[153.848s][info][gc] GC(732) Pause Young (Allocation Failure) 135M->101M(157M) 0.414ms
[153.914s][info][gc] GC(733) Pause Young (Allocation Failure) 136M->102M(157M) 0.386ms
[153.974s][info][gc] GC(734) Pause Young (Allocation Failure) 137M->102M(156M) 0.330ms
[154.033s][info][gc] GC(735) Pause Young (Allocation Failure) 137M->102M(156M) 0.376ms
[154.100s][info][gc] GC(736) Pause Young (Allocation Failure) 137M->103M(157M) 0.355ms
[154.166s][info][gc] GC(737) Pause Young (Allocation Failure) 138M->103M(156M) 0.401ms
[154.223s][info][gc] GC(738) Pause Young (Allocation Failure) 138M->103M(156M) 0.351ms
[154.294s][info][gc] GC(739) Pause Young (Allocation Failure) 138M->104M(157M) 0.376ms
[154.356s][info][gc] GC(740) Pause Young (Allocation Failure) 139M->104M(156M) 0.357ms
[154.426s][info][gc] GC(741) Pause Young (Allocation Failure) 139M->105M(157M) 0.376ms
[154.480s][info][gc] GC(742) Pause Young (Allocation Failure) 140M->105M(156M) 0.343ms
[154.547s][info][gc] GC(743) Pause Young (Allocation Failure) 140M->106M(157M) 0.386ms
[154.617s][info][gc] GC(744) Pause Young (Allocation Failure) 141M->106M(157M) 0.397ms
[154.683s][info][gc] GC(745) Pause Young (Allocation Failure) 141M->106M(157M) 0.368ms
[154.741s][info][gc] GC(746) Pause Young (Allocation Failure) 141M->106M(156M) 0.365ms
[154.813s][info][gc] GC(747) Pause Young (Allocation Failure) 141M->107M(156M) 0.380ms
[154.876s][info][gc] GC(748) Pause Young (Allocation Failure) 142M->107M(156M) 0.370ms
[154.945s][info][gc] GC(749) Pause Young (Allocation Failure) 142M->108M(156M) 0.374ms
[155.005s][info][gc] GC(750) Pause Young (Allocation Failure) 143M->108M(156M) 0.970ms
[155.075s][info][gc] GC(751) Pause Young (Allocation Failure) 143M->109M(157M) 0.386ms
[155.145s][info][gc] GC(752) Pause Young (Allocation Failure) 144M->109M(156M) 0.391ms
[155.214s][info][gc] GC(753) Pause Young (Allocation Failure) 144M->109M(157M) 0.408ms
[155.271s][info][gc] GC(754) Pause Young (Allocation Failure) 144M->110M(156M) 0.369ms
[155.339s][info][gc] GC(755) Pause Young (Allocation Failure) 145M->110M(157M) 0.358ms
[155.402s][info][gc] GC(756) Pause Young (Allocation Failure) 145M->111M(157M) 0.384ms
[155.471s][info][gc] GC(757) Pause Young (Allocation Failure) 146M->111M(157M) 0.396ms
[155.529s][info][gc] GC(758) Pause Young (Allocation Failure) 146M->111M(156M) 0.377ms
[155.599s][info][gc] GC(759) Pause Young (Allocation Failure) 146M->112M(157M) 0.412ms
[155.663s][info][gc] GC(760) Pause Young (Allocation Failure) 147M->112M(157M) 0.379ms
[155.725s][info][gc] GC(761) Pause Young (Allocation Failure) 147M->112M(156M) 0.355ms
[155.790s][info][gc] GC(762) Pause Young (Allocation Failure) 147M->113M(156M) 0.388ms
[155.860s][info][gc] GC(763) Pause Young (Allocation Failure) 148M->113M(157M) 0.336ms
[155.923s][info][gc] GC(764) Pause Young (Allocation Failure) 148M->114M(156M) 0.362ms
[155.985s][info][gc] GC(765) Pause Young (Allocation Failure) 149M->114M(156M) 0.373ms
[156.052s][info][gc] GC(766) Pause Young (Allocation Failure) 149M->114M(156M) 0.379ms
[156.121s][info][gc] GC(767) Pause Young (Allocation Failure) 149M->115M(156M) 0.380ms
[156.187s][info][gc] GC(768) Pause Young (Allocation Failure) 150M->115M(156M) 0.361ms
[156.257s][info][gc] GC(769) Pause Young (Allocation Failure) 150M->115M(157M) 0.377ms
[156.311s][info][gc] GC(770) Pause Young (Allocation Failure) 150M->116M(156M) 0.347ms
[156.380s][info][gc] GC(771) Pause Young (Allocation Failure) 151M->116M(157M) 0.402ms
[156.448s][info][gc] GC(772) Pause Young (Allocation Failure) 151M->117M(157M) 0.463ms
[156.530s][info][gc] GC(773) Pause Young (Allocation Failure) 152M->116M(156M) 0.303ms
[156.639s][info][gc] GC(774) Pause Young (Allocation Failure) 151M->121M(157M) 1.090ms
[156.659s][info][gc] GC(775) Pause Full (Ergonomics) 156M->26M(149M) 4.428ms
[156.676s][info][gc] GC(776) Pause Young (Allocation Failure) 61M->27M(150M) 0.316ms
[156.692s][info][gc] GC(777) Pause Young (Allocation Failure) 62M->28M(156M) 0.385ms
[156.710s][info][gc] GC(778) Pause Young (Allocation Failure) 68M->28M(163M) 0.352ms
[156.737s][info][gc] GC(779) Pause Young (Allocation Failure) 76M->30M(174M) 0.471ms
[156.764s][info][gc] GC(780) Pause Young (Allocation Failure) 87M->31M(183M) 0.673ms
[156.794s][info][gc] GC(781) Pause Young (Allocation Failure) 98M->32M(195M) 0.369ms
[156.835s][info][gc] GC(782) Pause Young (Allocation Failure) 111M->34M(211M) 0.535ms
[156.882s][info][gc] GC(783) Pause Young (Allocation Failure) 128M->36M(227M) 0.770ms
[156.942s][info][gc] GC(784) Pause Young (Allocation Failure) 147M->38M(247M) 0.945ms
[157.001s][info][gc] GC(785) Pause Young (Allocation Failure) 169M->40M(256M) 0.799ms
[157.075s][info][gc] GC(786) Pause Young (Allocation Failure) 177M->43M(272M) 0.779ms
[157.153s][info][gc] GC(787) Pause Young (Allocation Failure) 197M->44M(273M) 0.837ms
[157.227s][info][gc] GC(788) Pause Young (Allocation Failure) 198M->45M(300M) 0.807ms
[157.320s][info][gc] GC(789) Pause Young (Allocation Failure) 226M->47M(300M) 0.841ms
[157.407s][info][gc] GC(790) Pause Young (Allocation Failure) 228M->48M(332M) 0.851ms
[157.513s][info][gc] GC(791) Pause Young (Allocation Failure) 260M->50M(332M) 1.045ms
[157.616s][info][gc] GC(792) Pause Young (Allocation Failure) 262M->51M(368M) 1.039ms
[157.738s][info][gc] GC(793) Pause Young (Allocation Failure) 299M->53M(368M) 0.991ms
[157.853s][info][gc] GC(794) Pause Young (Allocation Failure) 301M->54M(409M) 0.852ms
[157.996s][info][gc] GC(795) Pause Young (Allocation Failure) 343M->57M(409M) 1.046ms
[158.132s][info][gc] GC(796) Pause Young (Allocation Failure) 346M->59M(396M) 0.971ms
[158.273s][info][gc] GC(797) Pause Young (Allocation Failure) 337M->62M(386M) 0.963ms
[158.397s][info][gc] GC(798) Pause Young (Allocation Failure) 329M->64M(376M) 1.145ms
[158.525s][info][gc] GC(799) Pause Young (Allocation Failure) 321M->66M(366M) 0.941ms
[158.649s][info][gc] GC(800) Pause Young (Allocation Failure) 314M->68M(357M) 0.953ms
[158.774s][info][gc] GC(801) Pause Young (Allocation Failure) 307M->70M(349M) 0.974ms
[158.885s][info][gc] GC(802) Pause Young (Allocation Failure) 300M->72M(340M) 0.832ms
[158.993s][info][gc] GC(803) Pause Young (Allocation Failure) 294M->73M(332M) 0.870ms
[159.100s][info][gc] GC(804) Pause Young (Allocation Failure) 287M->75M(325M) 0.793ms
[159.199s][info][gc] GC(805) Pause Young (Allocation Failure) 282M->77M(359M) 1.117ms
[159.315s][info][gc] GC(806) Pause Young (Allocation Failure) 317M->79M(351M) 0.837ms
[159.424s][info][gc] GC(807) Pause Young (Allocation Failure) 311M->80M(342M) 1.024ms
[159.531s][info][gc] GC(808) Pause Young (Allocation Failure) 304M->82M(334M) 0.903ms
[159.647s][info][gc] GC(809) Pause Young (Allocation Failure) 298M->84M(327M) 1.015ms
[159.748s][info][gc] GC(810) Pause Young (Allocation Failure) 293M->86M(320M) 0.791ms
[159.847s][info][gc] GC(811) Pause Young (Allocation Failure) 287M->87M(313M) 0.858ms
[159.946s][info][gc] GC(812) Pause Young (Allocation Failure) 282M->89M(307M) 0.794ms
[160.037s][info][gc] GC(813) Pause Young (Allocation Failure) 277M->90M(300M) 1.210ms
[160.131s][info][gc] GC(814) Pause Young (Allocation Failure) 272M->92M(330M) 0.920ms
[160.234s][info][gc] GC(815) Pause Young (Allocation Failure) 304M->94M(365M) 0.840ms
[160.352s][info][gc] GC(816) Pause Young (Allocation Failure) 341M->96M(357M) 0.837ms
[160.468s][info][gc] GC(817) Pause Young (Allocation Failure) 334M->98M(348M) 0.895ms
[160.583s][info][gc] GC(818) Pause Young (Allocation Failure) 328M->99M(339M) 0.763ms
[160.689s][info][gc] GC(819) Pause Young (Allocation Failure) 321M->102M(333M) 0.770ms
[160.788s][info][gc] GC(820) Pause Young (Allocation Failure) 316M->103M(325M) 0.821ms
[160.888s][info][gc] GC(821) Pause Young (Allocation Failure) 310M->105M(318M) 0.846ms
[160.985s][info][gc] GC(822) Pause Young (Allocation Failure) 304M->106M(311M) 0.789ms
[161.078s][info][gc] GC(823) Pause Young (Allocation Failure) 299M->108M(305M) 0.736ms
[161.168s][info][gc] GC(824) Pause Young (Allocation Failure) 294M->109M(298M) 0.718ms
[161.259s][info][gc] GC(825) Pause Young (Allocation Failure) 290M->111M(293M) 0.812ms
[161.459s][info][gc] GC(826) Pause Young (Allocation Failure) 286M->114M(287M) 0.891ms
[161.537s][info][gc] GC(827) Pause Young (Allocation Failure) 283M->115M(281M) 0.920ms
[161.617s][info][gc] GC(828) Pause Full (Ergonomics) 278M->28M(275M) 5.846ms
[161.696s][info][gc] GC(829) Pause Young (Allocation Failure) 187M->32M(277M) 0.661ms
[161.772s][info][gc] GC(830) Pause Young (Allocation Failure) 186M->34M(269M) 0.694ms
[161.844s][info][gc] GC(831) Pause Young (Allocation Failure) 183M->35M(265M) 0.800ms
[161.918s][info][gc] GC(832) Pause Young (Allocation Failure) 179M->36M(260M) 0.599ms
[161.982s][info][gc] GC(833) Pause Young (Allocation Failure) 176M->37M(283M) 0.801ms
[162.062s][info][gc] GC(834) Pause Young (Allocation Failure) 201M->40M(279M) 0.652ms
[162.140s][info][gc] GC(835) Pause Young (Allocation Failure) 199M->41M(306M) 0.714ms
[162.230s][info][gc] GC(836) Pause Young (Allocation Failure) 227M->43M(338M) 0.790ms
[162.333s][info][gc] GC(837) Pause Young (Allocation Failure) 260M->45M(331M) 0.780ms
[162.434s][info][gc] GC(838) Pause Young (Allocation Failure) 254M->46M(323M) 0.771ms
[162.530s][info][gc] GC(839) Pause Young (Allocation Failure) 248M->48M(316M) 0.754ms
[162.624s][info][gc] GC(840) Pause Young (Allocation Failure) 244M->50M(310M) 0.738ms
[162.716s][info][gc] GC(841) Pause Young (Allocation Failure) 239M->51M(303M) 0.738ms
[162.805s][info][gc] GC(842) Pause Young (Allocation Failure) 233M->53M(297M) 0.718ms
[162.893s][info][gc] GC(843) Pause Young (Allocation Failure) 229M->54M(292M) 0.752ms
[162.975s][info][gc] GC(844) Pause Young (Allocation Failure) 225M->56M(286M) 0.717ms
[163.055s][info][gc] GC(845) Pause Young (Allocation Failure) 221M->57M(281M) 0.899ms
[163.136s][info][gc] GC(846) Pause Young (Allocation Failure) 217M->58M(275M) 0.625ms
[163.214s][info][gc] GC(847) Pause Young (Allocation Failure) 213M->60M(271M) 0.759ms
[163.278s][info][gc] GC(848) Pause Young (Allocation Failure) 210M->60M(295M) 0.640ms
[163.365s][info][gc] GC(849) Pause Young (Allocation Failure) 236M->63M(291M) 0.711ms
[163.449s][info][gc] GC(850) Pause Young (Allocation Failure) 233M->65M(286M) 0.731ms
[163.531s][info][gc] GC(851) Pause Young (Allocation Failure) 230M->66M(313M) 0.783ms
[163.620s][info][gc] GC(852) Pause Young (Allocation Failure) 259M->67M(306M) 0.699ms
[163.713s][info][gc] GC(853) Pause Young (Allocation Failure) 253M->69M(301M) 0.755ms
[163.798s][info][gc] GC(854) Pause Young (Allocation Failure) 249M->71M(295M) 0.792ms
[163.884s][info][gc] GC(855) Pause Young (Allocation Failure) 245M->72M(289M) 0.723ms
[163.965s][info][gc] GC(856) Pause Young (Allocation Failure) 241M->73M(283M) 0.653ms
[164.047s][info][gc] GC(857) Pause Young (Allocation Failure) 236M->75M(279M) 0.799ms
[164.113s][info][gc] GC(858) Pause Young (Allocation Failure) 233M->75M(272M) 0.578ms
[164.189s][info][gc] GC(859) Pause Young (Allocation Failure) 228M->78M(299M) 0.773ms
[164.277s][info][gc] GC(860) Pause Young (Allocation Failure) 257M->80M(309M) 0.750ms
[164.369s][info][gc] GC(861) Pause Young (Allocation Failure) 266M->82M(309M) 0.770ms
[164.460s][info][gc] GC(862) Pause Young (Allocation Failure) 268M->83M(340M) 0.848ms
[164.564s][info][gc] GC(863) Pause Young (Allocation Failure) 301M->84M(331M) 0.845ms
[164.667s][info][gc] GC(864) Pause Young (Allocation Failure) 294M->85M(335M) 0.980ms
[164.782s][info][gc] GC(865) Pause Young (Allocation Failure) 301M->88M(330M) 0.833ms
[164.882s][info][gc] GC(866) Pause Young (Allocation Failure) 297M->90M(332M) 0.971ms
[164.986s][info][gc] GC(867) Pause Young (Allocation Failure) 304M->93M(328M) 0.881ms
[165.088s][info][gc] GC(868) Pause Young (Allocation Failure) 300M->95M(319M) 0.837ms
[165.188s][info][gc] GC(869) Pause Young (Allocation Failure) 295M->97M(314M) 0.787ms
[165.280s][info][gc] GC(870) Pause Young (Allocation Failure) 290M->99M(308M) 0.773ms
[165.372s][info][gc] GC(871) Pause Young (Allocation Failure) 285M->100M(301M) 0.773ms
[165.459s][info][gc] GC(872) Pause Young (Allocation Failure) 281M->102M(295M) 0.740ms
[165.544s][info][gc] GC(873) Pause Young (Allocation Failure) 276M->103M(290M) 0.754ms
[165.625s][info][gc] GC(874) Pause Young (Allocation Failure) 272M->104M(284M) 0.723ms
[165.704s][info][gc] GC(875) Pause Young (Allocation Failure) 268M->105M(278M) 0.732ms
[165.777s][info][gc] GC(876) Pause Young (Allocation Failure) 264M->107M(273M) 0.635ms
[165.854s][info][gc] GC(877) Pause Young (Allocation Failure) 260M->110M(300M) 0.739ms
[165.943s][info][gc] GC(878) Pause Young (Allocation Failure) 289M->111M(310M) 0.792ms
[166.032s][info][gc] GC(879) Pause Young (Allocation Failure) 298M->112M(302M) 0.832ms
[166.269s][info][gc] GC(880) Pause Young (Allocation Failure) 293M->114M(294M) 0.843ms
[166.433s][info][gc] GC(881) Pause Young (Allocation Failure) 289M->116M(289M) 0.922ms
[166.604s][info][gc] GC(882) Pause Full (Ergonomics) 285M->28M(280M) 6.459ms
[166.757s][info][gc] GC(883) Pause Young (Allocation Failure) 192M->31M(281M) 0.477ms
[166.902s][info][gc] GC(884) Pause Young (Allocation Failure) 190M->32M(273M) 0.608ms
[167.047s][info][gc] GC(885) Pause Young (Allocation Failure) 186M->34M(268M) 0.568ms
[167.184s][info][gc] GC(886) Pause Young (Allocation Failure) 183M->34M(263M) 0.563ms
[167.328s][info][gc] GC(887) Pause Young (Allocation Failure) 179M->36M(259M) 0.522ms
[167.465s][info][gc] GC(888) Pause Young (Allocation Failure) 177M->37M(255M) 0.617ms
[167.591s][info][gc] GC(889) Pause Young (Allocation Failure) 174M->38M(251M) 0.569ms
[167.717s][info][gc] GC(890) Pause Young (Allocation Failure) 171M->40M(247M) 0.603ms
[167.848s][info][gc] GC(891) Pause Young (Allocation Failure) 168M->40M(244M) 0.746ms
[167.970s][info][gc] GC(892) Pause Young (Allocation Failure) 165M->42M(240M) 0.627ms
[168.082s][info][gc] GC(893) Pause Young (Allocation Failure) 163M->42M(237M) 0.597ms
[168.198s][info][gc] GC(894) Pause Young (Allocation Failure) 160M->43M(233M) 0.534ms
[168.309s][info][gc] GC(895) Pause Young (Allocation Failure) 158M->44M(231M) 0.541ms
[168.414s][info][gc] GC(896) Pause Young (Allocation Failure) 156M->45M(227M) 0.573ms
[168.513s][info][gc] GC(897) Pause Young (Allocation Failure) 154M->46M(224M) 0.601ms
[168.613s][info][gc] GC(898) Pause Young (Allocation Failure) 152M->47M(222M) 0.658ms
[168.710s][info][gc] GC(899) Pause Young (Allocation Failure) 150M->47M(219M) 0.482ms
[168.814s][info][gc] GC(900) Pause Young (Allocation Failure) 148M->48M(217M) 0.500ms
[168.908s][info][gc] GC(901) Pause Young (Allocation Failure) 147M->49M(214M) 0.469ms
[168.996s][info][gc] GC(902) Pause Young (Allocation Failure) 145M->50M(212M) 0.558ms
[169.088s][info][gc] GC(903) Pause Young (Allocation Failure) 143M->51M(210M) 0.476ms
[169.177s][info][gc] GC(904) Pause Young (Allocation Failure) 142M->52M(208M) 0.566ms
[169.250s][info][gc] GC(905) Pause Young (Allocation Failure) 141M->52M(205M) 0.396ms
[169.329s][info][gc] GC(906) Pause Young (Allocation Failure) 139M->53M(203M) 0.485ms
[169.413s][info][gc] GC(907) Pause Young (Allocation Failure) 138M->54M(201M) 0.557ms
[169.493s][info][gc] GC(908) Pause Young (Allocation Failure) 137M->55M(200M) 0.482ms
[169.569s][info][gc] GC(909) Pause Young (Allocation Failure) 136M->56M(198M) 0.546ms
[169.643s][info][gc] GC(910) Pause Young (Allocation Failure) 135M->56M(196M) 0.562ms
[169.719s][info][gc] GC(911) Pause Young (Allocation Failure) 134M->57M(195M) 0.477ms
[169.796s][info][gc] GC(912) Pause Young (Allocation Failure) 133M->57M(193M) 0.479ms
[169.861s][info][gc] GC(913) Pause Young (Allocation Failure) 132M->58M(191M) 0.456ms
[169.935s][info][gc] GC(914) Pause Young (Allocation Failure) 132M->59M(190M) 0.465ms
[170.004s][info][gc] GC(915) Pause Young (Allocation Failure) 131M->60M(189M) 0.453ms
[170.076s][info][gc] GC(916) Pause Young (Allocation Failure) 131M->61M(187M) 0.599ms
[170.135s][info][gc] GC(917) Pause Young (Allocation Failure) 130M->61M(185M) 0.633ms
[170.204s][info][gc] GC(918) Pause Young (Allocation Failure) 129M->63M(184M) 0.505ms
[170.275s][info][gc] GC(919) Pause Young (Allocation Failure) 129M->64M(183M) 0.584ms
[170.325s][info][gc] GC(920) Pause Young (Allocation Failure) 129M->64M(181M) 0.452ms
[170.392s][info][gc] GC(921) Pause Young (Allocation Failure) 128M->66M(181M) 0.487ms
[170.450s][info][gc] GC(922) Pause Young (Allocation Failure) 129M->66M(180M) 0.449ms
[170.502s][info][gc] GC(923) Pause Young (Allocation Failure) 128M->66M(178M) 0.426ms
[170.565s][info][gc] GC(924) Pause Young (Allocation Failure) 127M->67M(178M) 0.502ms
[170.623s][info][gc] GC(925) Pause Young (Allocation Failure) 127M->68M(177M) 0.487ms
[170.674s][info][gc] GC(926) Pause Young (Allocation Failure) 127M->68M(175M) 0.434ms
[170.846s][info][gc] GC(927) Pause Young (Allocation Failure) 126M->71M(176M) 0.599ms
[170.896s][info][gc] GC(928) Pause Young (Allocation Failure) 128M->71M(173M) 0.909ms
[170.954s][info][gc] GC(929) Pause Young (Allocation Failure) 127M->73M(173M) 0.501ms
[171.006s][info][gc] GC(930) Pause Young (Allocation Failure) 128M->73M(172M) 0.432ms
[171.054s][info][gc] GC(931) Pause Young (Allocation Failure) 127M->74M(170M) 0.464ms
[171.109s][info][gc] GC(932) Pause Young (Allocation Failure) 127M->75M(170M) 0.476ms
[171.157s][info][gc] GC(933) Pause Young (Allocation Failure) 127M->76M(169M) 0.470ms
[171.205s][info][gc] GC(934) Pause Young (Allocation Failure) 127M->76M(169M) 0.438ms
[171.253s][info][gc] GC(935) Pause Young (Allocation Failure) 127M->77M(177M) 0.495ms
[171.311s][info][gc] GC(936) Pause Young (Allocation Failure) 137M->78M(177M) 0.483ms
[171.365s][info][gc] GC(937) Pause Young (Allocation Failure) 137M->78M(175M) 0.367ms
[171.418s][info][gc] GC(938) Pause Young (Allocation Failure) 136M->79M(174M) 0.463ms
[171.474s][info][gc] GC(939) Pause Young (Allocation Failure) 136M->80M(174M) 0.449ms
[171.521s][info][gc] GC(940) Pause Young (Allocation Failure) 136M->81M(172M) 0.493ms
[171.579s][info][gc] GC(941) Pause Young (Allocation Failure) 136M->82M(183M) 0.568ms
[171.641s][info][gc] GC(942) Pause Young (Allocation Failure) 147M->83M(181M) 0.482ms
[171.695s][info][gc] GC(943) Pause Young (Allocation Failure) 146M->83M(180M) 0.421ms
[171.757s][info][gc] GC(944) Pause Young (Allocation Failure) 146M->85M(180M) 0.479ms
[171.818s][info][gc] GC(945) Pause Young (Allocation Failure) 146M->85M(178M) 0.456ms
[171.870s][info][gc] GC(946) Pause Young (Allocation Failure) 146M->86M(177M) 0.501ms
[171.927s][info][gc] GC(947) Pause Young (Allocation Failure) 145M->87M(177M) 0.471ms
[171.975s][info][gc] GC(948) Pause Young (Allocation Failure) 146M->87M(175M) 0.450ms
[172.039s][info][gc] GC(949) Pause Young (Allocation Failure) 145M->89M(175M) 0.476ms
[172.088s][info][gc] GC(950) Pause Young (Allocation Failure) 146M->89M(173M) 0.506ms
[172.141s][info][gc] GC(951) Pause Young (Allocation Failure) 145M->90M(172M) 0.444ms
[172.196s][info][gc] GC(952) Pause Young (Allocation Failure) 144M->91M(171M) 0.451ms
[172.241s][info][gc] GC(953) Pause Young (Allocation Failure) 145M->91M(169M) 0.450ms
[172.296s][info][gc] GC(954) Pause Young (Allocation Failure) 144M->93M(178M) 0.554ms
[172.348s][info][gc] GC(955) Pause Young (Allocation Failure) 152M->93M(176M) 0.383ms
[172.404s][info][gc] GC(956) Pause Young (Allocation Failure) 151M->94M(175M) 0.477ms
[172.458s][info][gc] GC(957) Pause Young (Allocation Failure) 151M->95M(174M) 0.505ms
[172.508s][info][gc] GC(958) Pause Young (Allocation Failure) 152M->96M(175M) 0.546ms
[172.561s][info][gc] GC(959) Pause Young (Allocation Failure) 152M->97M(173M) 0.428ms
[172.613s][info][gc] GC(960) Pause Young (Allocation Failure) 152M->97M(172M) 0.445ms
[172.668s][info][gc] GC(961) Pause Young (Allocation Failure) 152M->98M(171M) 0.501ms
[172.721s][info][gc] GC(962) Pause Young (Allocation Failure) 152M->99M(170M) 0.479ms
[172.767s][info][gc] GC(963) Pause Young (Allocation Failure) 151M->99M(171M) 0.483ms
[172.817s][info][gc] GC(964) Pause Young (Allocation Failure) 152M->101M(180M) 0.493ms
[172.871s][info][gc] GC(965) Pause Young (Allocation Failure) 162M->101M(180M) 0.512ms
[172.932s][info][gc] GC(966) Pause Young (Allocation Failure) 163M->103M(191M) 0.558ms
[173.000s][info][gc] GC(967) Pause Young (Allocation Failure) 175M->103M(191M) 0.524ms
[173.073s][info][gc] GC(968) Pause Young (Allocation Failure) 176M->104M(189M) 0.548ms
[173.133s][info][gc] GC(969) Pause Young (Allocation Failure) 175M->104M(187M) 0.558ms
[173.202s][info][gc] GC(970) Pause Young (Allocation Failure) 174M->106M(186M) 0.565ms
[173.269s][info][gc] GC(971) Pause Young (Allocation Failure) 174M->106M(185M) 0.639ms
[173.325s][info][gc] GC(972) Pause Young (Allocation Failure) 173M->107M(183M) 0.481ms
[173.389s][info][gc] GC(973) Pause Young (Allocation Failure) 172M->108M(195M) 0.623ms
[173.464s][info][gc] GC(974) Pause Young (Allocation Failure) 185M->109M(194M) 0.569ms
[173.539s][info][gc] GC(975) Pause Young (Allocation Failure) 185M->109M(192M) 0.547ms
[173.610s][info][gc] GC(976) Pause Young (Allocation Failure) 183M->110M(190M) 0.523ms
[173.671s][info][gc] GC(977) Pause Young (Allocation Failure) 182M->111M(188M) 0.558ms
[173.742s][info][gc] GC(978) Pause Young (Allocation Failure) 182M->112M(188M) 0.636ms
[173.810s][info][gc] GC(979) Pause Young (Allocation Failure) 182M->113M(186M) 0.564ms
[173.865s][info][gc] GC(980) Pause Young (Allocation Failure) 181M->113M(184M) 0.480ms
[173.933s][info][gc] GC(981) Pause Young (Allocation Failure) 179M->114M(183M) 0.508ms
[173.996s][info][gc] GC(982) Pause Young (Allocation Failure) 179M->115M(182M) 0.509ms
[174.060s][info][gc] GC(983) Pause Young (Allocation Failure) 179M->116M(182M) 0.547ms
[174.113s][info][gc] GC(984) Pause Young (Allocation Failure) 179M->116M(180M) 0.512ms
[174.190s][info][gc] GC(985) Pause Full (Ergonomics) 178M->52M(198M) 14.403ms
[174.249s][info][gc] GC(986) Pause Young (Allocation Failure) 114M->54M(199M) 0.493ms
[174.302s][info][gc] GC(987) Pause Young (Allocation Failure) 115M->55M(197M) 0.470ms
[174.362s][info][gc] GC(988) Pause Young (Allocation Failure) 115M->56M(197M) 0.476ms
[174.411s][info][gc] GC(989) Pause Young (Allocation Failure) 115M->56M(195M) 0.512ms
[174.473s][info][gc] GC(990) Pause Young (Allocation Failure) 114M->58M(195M) 0.535ms
[174.537s][info][gc] GC(991) Pause Young (Allocation Failure) 114M->59M(194M) 0.459ms
[174.584s][info][gc] GC(992) Pause Young (Allocation Failure) 114M->59M(192M) 0.551ms
[174.639s][info][gc] GC(993) Pause Young (Allocation Failure) 113M->60M(198M) 0.514ms
[174.692s][info][gc] GC(994) Pause Young (Allocation Failure) 119M->60M(203M) 0.518ms
[174.760s][info][gc] GC(995) Pause Young (Allocation Failure) 124M->61M(201M) 0.414ms
[174.818s][info][gc] GC(996) Pause Young (Allocation Failure) 124M->62M(200M) 0.559ms
[174.874s][info][gc] GC(997) Pause Young (Allocation Failure) 124M->63M(199M) 0.483ms
[174.936s][info][gc] GC(998) Pause Young (Allocation Failure) 124M->64M(199M) 0.464ms
[174.993s][info][gc] GC(999) Pause Young (Allocation Failure) 124M->65M(197M) 0.602ms
[175.047s][info][gc] GC(1000) Pause Young (Allocation Failure) 124M->65M(198M) 0.529ms
[175.106s][info][gc] GC(1001) Pause Young (Allocation Failure) 125M->66M(197M) 0.450ms
[175.166s][info][gc] GC(1002) Pause Young (Allocation Failure) 125M->67M(196M) 0.463ms
[175.215s][info][gc] GC(1003) Pause Young (Allocation Failure) 124M->68M(194M) 0.470ms
[175.272s][info][gc] GC(1004) Pause Young (Allocation Failure) 124M->69M(194M) 0.453ms
[175.319s][info][gc] GC(1005) Pause Young (Allocation Failure) 124M->69M(192M) 0.433ms
[175.478s][info][gc] GC(1006) Pause Young (Allocation Failure) 124M->71M(192M) 0.471ms
[175.526s][info][gc] GC(1007) Pause Young (Allocation Failure) 125M->72M(190M) 0.624ms
[175.580s][info][gc] GC(1008) Pause Young (Allocation Failure) 124M->73M(190M) 0.395ms
[175.625s][info][gc] GC(1009) Pause Young (Allocation Failure) 125M->74M(188M) 0.449ms
[175.675s][info][gc] GC(1010) Pause Young (Allocation Failure) 125M->75M(189M) 0.448ms
[175.720s][info][gc] GC(1011) Pause Young (Allocation Failure) 125M->75M(187M) 0.448ms
[175.772s][info][gc] GC(1012) Pause Young (Allocation Failure) 125M->77M(188M) 0.430ms
[175.813s][info][gc] GC(1013) Pause Young (Allocation Failure) 126M->77M(187M) 0.398ms
[175.866s][info][gc] GC(1014) Pause Young (Allocation Failure) 126M->78M(188M) 0.488ms
[175.905s][info][gc] GC(1015) Pause Young (Allocation Failure) 127M->78M(188M) 0.384ms
[175.957s][info][gc] GC(1016) Pause Young (Allocation Failure) 127M->79M(197M) 0.444ms
[176.015s][info][gc] GC(1017) Pause Young (Allocation Failure) 137M->80M(197M) 0.602ms
[176.064s][info][gc] GC(1018) Pause Young (Allocation Failure) 138M->81M(207M) 0.415ms
[176.131s][info][gc] GC(1019) Pause Young (Allocation Failure) 148M->82M(207M) 0.630ms
[176.197s][info][gc] GC(1020) Pause Young (Allocation Failure) 150M->83M(218M) 0.655ms
[176.266s][info][gc] GC(1021) Pause Young (Allocation Failure) 162M->83M(215M) 0.476ms
[176.341s][info][gc] GC(1022) Pause Young (Allocation Failure) 160M->84M(214M) 0.534ms
[176.413s][info][gc] GC(1023) Pause Young (Allocation Failure) 160M->85M(213M) 0.529ms
[176.485s][info][gc] GC(1024) Pause Young (Allocation Failure) 160M->86M(211M) 0.514ms
[176.553s][info][gc] GC(1025) Pause Young (Allocation Failure) 159M->86M(210M) 0.518ms
[176.615s][info][gc] GC(1026) Pause Young (Allocation Failure) 158M->87M(208M) 0.482ms
[176.685s][info][gc] GC(1027) Pause Young (Allocation Failure) 157M->88M(207M) 0.514ms
[176.751s][info][gc] GC(1028) Pause Young (Allocation Failure) 157M->89M(206M) 0.544ms
[176.813s][info][gc] GC(1029) Pause Young (Allocation Failure) 156M->89M(204M) 0.522ms
[176.872s][info][gc] GC(1030) Pause Young (Allocation Failure) 155M->90M(202M) 0.625ms
[176.935s][info][gc] GC(1031) Pause Young (Allocation Failure) 155M->92M(202M) 0.476ms
[177.001s][info][gc] GC(1032) Pause Young (Allocation Failure) 155M->92M(201M) 0.493ms
[177.055s][info][gc] GC(1033) Pause Young (Allocation Failure) 155M->93M(199M) 0.527ms
[177.116s][info][gc] GC(1034) Pause Young (Allocation Failure) 154M->94M(199M) 0.441ms
[177.175s][info][gc] GC(1035) Pause Young (Allocation Failure) 154M->94M(198M) 0.463ms
[177.231s][info][gc] GC(1036) Pause Young (Allocation Failure) 154M->95M(196M) 0.418ms
[177.288s][info][gc] GC(1037) Pause Young (Allocation Failure) 153M->96M(196M) 0.475ms
[177.334s][info][gc] GC(1038) Pause Young (Allocation Failure) 154M->96M(194M) 0.528ms
[177.394s][info][gc] GC(1039) Pause Young (Allocation Failure) 153M->97M(194M) 0.414ms
[177.453s][info][gc] GC(1040) Pause Young (Allocation Failure) 153M->98M(193M) 0.496ms
[177.499s][info][gc] GC(1041) Pause Young (Allocation Failure) 153M->98M(191M) 0.433ms
[177.550s][info][gc] GC(1042) Pause Young (Allocation Failure) 152M->100M(191M) 0.426ms
[177.598s][info][gc] GC(1043) Pause Young (Allocation Failure) 152M->100M(189M) 0.464ms
[177.650s][info][gc] GC(1044) Pause Young (Allocation Failure) 152M->102M(190M) 0.504ms
[177.692s][info][gc] GC(1045) Pause Young (Allocation Failure) 153M->102M(190M) 0.483ms
[177.748s][info][gc] GC(1046) Pause Young (Allocation Failure) 153M->103M(199M) 0.523ms
[177.806s][info][gc] GC(1047) Pause Young (Allocation Failure) 163M->104M(199M) 0.527ms
[177.856s][info][gc] GC(1048) Pause Young (Allocation Failure) 164M->104M(210M) 0.572ms
[177.930s][info][gc] GC(1049) Pause Young (Allocation Failure) 175M->106M(210M) 0.590ms
[177.996s][info][gc] GC(1050) Pause Young (Allocation Failure) 176M->106M(222M) 0.582ms
[178.076s][info][gc] GC(1051) Pause Young (Allocation Failure) 189M->107M(220M) 0.606ms
[178.144s][info][gc] GC(1052) Pause Young (Allocation Failure) 188M->107M(217M) 0.491ms
[178.226s][info][gc] GC(1053) Pause Young (Allocation Failure) 186M->109M(216M) 0.565ms
[178.306s][info][gc] GC(1054) Pause Young (Allocation Failure) 186M->109M(214M) 0.555ms
[178.377s][info][gc] GC(1055) Pause Young (Allocation Failure) 185M->110M(213M) 0.582ms
[178.456s][info][gc] GC(1056) Pause Young (Allocation Failure) 184M->111M(212M) 0.649ms
[178.529s][info][gc] GC(1057) Pause Young (Allocation Failure) 184M->111M(210M) 0.538ms
[178.594s][info][gc] GC(1058) Pause Young (Allocation Failure) 183M->112M(208M) 0.515ms
[178.662s][info][gc] GC(1059) Pause Young (Allocation Failure) 182M->113M(207M) 0.496ms
[178.729s][info][gc] GC(1060) Pause Young (Allocation Failure) 182M->114M(206M) 0.551ms
[178.784s][info][gc] GC(1061) Pause Young (Allocation Failure) 181M->114M(203M) 0.419ms
[178.848s][info][gc] GC(1062) Pause Young (Allocation Failure) 179M->115M(203M) 0.593ms
[178.908s][info][gc] GC(1063) Pause Young (Allocation Failure) 180M->116M(202M) 0.556ms
[178.975s][info][gc] GC(1064) Pause Young (Allocation Failure) 179M->116M(201M) 0.476ms
[179.030s][info][gc] GC(1065) Pause Young (Allocation Failure) 179M->117M(199M) 0.545ms
[179.086s][info][gc] GC(1066) Pause Young (Allocation Failure) 179M->118M(199M) 0.520ms
[179.138s][info][gc] GC(1067) Pause Young (Allocation Failure) 179M->118M(197M) 0.497ms
[179.202s][info][gc] GC(1068) Pause Young (Allocation Failure) 178M->120M(197M) 0.514ms
[179.258s][info][gc] GC(1069) Pause Young (Allocation Failure) 178M->120M(196M) 0.521ms
[179.309s][info][gc] GC(1070) Pause Young (Allocation Failure) 178M->121M(202M) 0.540ms
[179.371s][info][gc] GC(1071) Pause Young (Allocation Failure) 184M->122M(202M) 0.544ms
[179.434s][info][gc] GC(1072) Pause Young (Allocation Failure) 185M->123M(213M) 0.541ms
[179.496s][info][gc] GC(1073) Pause Young (Allocation Failure) 197M->123M(213M) 0.569ms
[179.570s][info][gc] GC(1074) Pause Young (Allocation Failure) 197M->124M(211M) 0.529ms
[179.643s][info][gc] GC(1075) Pause Young (Allocation Failure) 197M->125M(210M) 0.713ms
[179.711s][info][gc] GC(1076) Pause Young (Allocation Failure) 196M->126M(222M) 0.646ms
[179.793s][info][gc] GC(1077) Pause Young (Allocation Failure) 209M->127M(220M) 0.573ms
[179.862s][info][gc] GC(1078) Pause Young (Allocation Failure) 208M->126M(217M) 0.449ms
[179.938s][info][gc] GC(1079) Pause Young (Allocation Failure) 206M->128M(216M) 0.627ms
[180.128s][info][gc] GC(1080) Pause Young (Allocation Failure) 206M->130M(216M) 0.692ms
[180.199s][info][gc] GC(1081) Pause Young (Allocation Failure) 206M->130M(213M) 0.786ms
[180.263s][info][gc] GC(1082) Pause Young (Allocation Failure) 205M->131M(211M) 0.663ms
[180.340s][info][gc] GC(1083) Pause Young (Allocation Failure) 204M->132M(211M) 0.591ms
[180.408s][info][gc] GC(1084) Pause Young (Allocation Failure) 204M->133M(209M) 0.597ms
[180.475s][info][gc] GC(1085) Pause Young (Allocation Failure) 204M->134M(208M) 0.625ms
[180.535s][info][gc] GC(1086) Pause Young (Allocation Failure) 203M->134M(205M) 0.562ms
[180.599s][info][gc] GC(1087) Pause Young (Allocation Failure) 201M->135M(204M) 0.556ms
[180.667s][info][gc] GC(1088) Pause Young (Allocation Failure) 201M->136M(203M) 0.574ms
[180.732s][info][gc] GC(1089) Pause Young (Allocation Failure) 201M->137M(203M) 0.551ms
[180.792s][info][gc] GC(1090) Pause Full (Ergonomics) 201M->31M(176M) 6.557ms
[180.851s][info][gc] GC(1091) Pause Young (Allocation Failure) 94M->33M(178M) 0.361ms
[180.908s][info][gc] GC(1092) Pause Young (Allocation Failure) 95M->33M(176M) 0.405ms
[180.966s][info][gc] GC(1093) Pause Young (Allocation Failure) 94M->34M(175M) 0.545ms
[181.023s][info][gc] GC(1094) Pause Young (Allocation Failure) 94M->35M(174M) 0.488ms
[181.075s][info][gc] GC(1095) Pause Young (Allocation Failure) 94M->35M(172M) 0.341ms
[181.135s][info][gc] GC(1096) Pause Young (Allocation Failure) 93M->36M(172M) 0.531ms
[181.189s][info][gc] GC(1097) Pause Young (Allocation Failure) 93M->37M(171M) 0.443ms
[181.236s][info][gc] GC(1098) Pause Young (Allocation Failure) 93M->38M(169M) 0.420ms
[181.296s][info][gc] GC(1099) Pause Young (Allocation Failure) 93M->39M(169M) 0.495ms
[181.343s][info][gc] GC(1100) Pause Young (Allocation Failure) 93M->39M(167M) 0.409ms
[181.394s][info][gc] GC(1101) Pause Young (Allocation Failure) 92M->40M(167M) 0.528ms
[181.448s][info][gc] GC(1102) Pause Young (Allocation Failure) 92M->41M(166M) 0.437ms
[181.493s][info][gc] GC(1103) Pause Young (Allocation Failure) 92M->42M(165M) 0.430ms
[181.543s][info][gc] GC(1104) Pause Young (Allocation Failure) 92M->43M(165M) 0.464ms
[181.585s][info][gc] GC(1105) Pause Young (Allocation Failure) 93M->43M(163M) 0.447ms
[181.634s][info][gc] GC(1106) Pause Young (Allocation Failure) 93M->45M(164M) 0.492ms
[181.678s][info][gc] GC(1107) Pause Young (Allocation Failure) 94M->45M(165M) 0.492ms
[181.729s][info][gc] GC(1108) Pause Young (Allocation Failure) 94M->46M(174M) 0.426ms
[181.776s][info][gc] GC(1109) Pause Young (Allocation Failure) 104M->47M(171M) 0.410ms
[181.834s][info][gc] GC(1110) Pause Young (Allocation Failure) 104M->48M(171M) 0.437ms
[181.886s][info][gc] GC(1111) Pause Young (Allocation Failure) 104M->48M(169M) 0.385ms
[181.935s][info][gc] GC(1112) Pause Young (Allocation Failure) 103M->49M(169M) 0.440ms
[181.994s][info][gc] GC(1113) Pause Young (Allocation Failure) 103M->51M(168M) 0.398ms
[182.035s][info][gc] GC(1114) Pause Young (Allocation Failure) 104M->51M(166M) 0.410ms
[182.089s][info][gc] GC(1115) Pause Young (Allocation Failure) 103M->52M(166M) 0.449ms
[182.131s][info][gc] GC(1116) Pause Young (Allocation Failure) 103M->52M(165M) 0.483ms
[182.181s][info][gc] GC(1117) Pause Young (Allocation Failure) 103M->54M(166M) 0.495ms
[182.227s][info][gc] GC(1118) Pause Young (Allocation Failure) 104M->54M(175M) 0.520ms
[182.285s][info][gc] GC(1119) Pause Young (Allocation Failure) 114M->56M(175M) 0.487ms
[182.345s][info][gc] GC(1120) Pause Young (Allocation Failure) 115M->56M(174M) 0.484ms
[182.392s][info][gc] GC(1121) Pause Young (Allocation Failure) 115M->56M(183M) 0.445ms
[182.459s][info][gc] GC(1122) Pause Young (Allocation Failure) 125M->58M(182M) 0.483ms
[182.527s][info][gc] GC(1123) Pause Young (Allocation Failure) 125M->59M(181M) 0.501ms
[182.583s][info][gc] GC(1124) Pause Young (Allocation Failure) 125M->59M(179M) 0.581ms
[182.651s][info][gc] GC(1125) Pause Young (Allocation Failure) 124M->60M(179M) 0.533ms
[182.719s][info][gc] GC(1126) Pause Young (Allocation Failure) 124M->61M(178M) 0.622ms
[182.774s][info][gc] GC(1127) Pause Young (Allocation Failure) 124M->61M(180M) 0.583ms
[182.839s][info][gc] GC(1128) Pause Young (Allocation Failure) 126M->63M(178M) 0.494ms
[182.903s][info][gc] GC(1129) Pause Young (Allocation Failure) 126M->63M(178M) 0.527ms
[182.959s][info][gc] GC(1130) Pause Young (Allocation Failure) 126M->64M(176M) 0.530ms
[183.019s][info][gc] GC(1131) Pause Young (Allocation Failure) 125M->65M(175M) 0.565ms
[183.078s][info][gc] GC(1132) Pause Young (Allocation Failure) 126M->66M(175M) 0.429ms
[183.129s][info][gc] GC(1133) Pause Young (Allocation Failure) 125M->66M(172M) 0.402ms
[183.188s][info][gc] GC(1134) Pause Young (Allocation Failure) 125M->68M(173M) 0.488ms
[183.233s][info][gc] GC(1135) Pause Young (Allocation Failure) 125M->68M(171M) 0.444ms
[183.288s][info][gc] GC(1136) Pause Young (Allocation Failure) 124M->69M(170M) 0.488ms
[183.344s][info][gc] GC(1137) Pause Young (Allocation Failure) 124M->70M(169M) 0.484ms
[183.392s][info][gc] GC(1138) Pause Young (Allocation Failure) 124M->70M(167M) 0.460ms
[183.444s][info][gc] GC(1139) Pause Young (Allocation Failure) 124M->71M(167M) 0.437ms
[183.492s][info][gc] GC(1140) Pause Young (Allocation Failure) 124M->72M(165M) 0.520ms
[183.544s][info][gc] GC(1141) Pause Young (Allocation Failure) 123M->73M(165M) 0.424ms
[183.588s][info][gc] GC(1142) Pause Young (Allocation Failure) 124M->73M(164M) 0.402ms
[183.644s][info][gc] GC(1143) Pause Young (Allocation Failure) 123M->75M(165M) 0.528ms
[183.683s][info][gc] GC(1144) Pause Young (Allocation Failure) 124M->74M(163M) 0.312ms
[183.736s][info][gc] GC(1145) Pause Young (Allocation Failure) 123M->76M(163M) 0.466ms
[183.778s][info][gc] GC(1146) Pause Young (Allocation Failure) 124M->75M(162M) 0.441ms
[183.825s][info][gc] GC(1147) Pause Young (Allocation Failure) 123M->76M(168M) 0.466ms
[183.876s][info][gc] GC(1148) Pause Young (Allocation Failure) 128M->77M(173M) 0.480ms
[183.927s][info][gc] GC(1149) Pause Young (Allocation Failure) 134M->78M(170M) 0.419ms
[183.984s][info][gc] GC(1150) Pause Young (Allocation Failure) 134M->79M(170M) 0.478ms
[184.030s][info][gc] GC(1151) Pause Young (Allocation Failure) 134M->80M(168M) 0.448ms
[184.083s][info][gc] GC(1152) Pause Young (Allocation Failure) 134M->81M(168M) 0.447ms
[184.136s][info][gc] GC(1153) Pause Young (Allocation Failure) 134M->81M(166M) 0.427ms
[184.187s][info][gc] GC(1154) Pause Young (Allocation Failure) 133M->82M(165M) 0.542ms
[184.239s][info][gc] GC(1155) Pause Young (Allocation Failure) 133M->83M(165M) 0.444ms
[184.283s][info][gc] GC(1156) Pause Young (Allocation Failure) 134M->84M(165M) 0.447ms
[184.336s][info][gc] GC(1157) Pause Young (Allocation Failure) 134M->85M(164M) 0.480ms
[184.378s][info][gc] GC(1158) Pause Young (Allocation Failure) 134M->85M(165M) 0.431ms
[184.428s][info][gc] GC(1159) Pause Young (Allocation Failure) 135M->87M(165M) 0.483ms
[184.472s][info][gc] GC(1160) Pause Young (Allocation Failure) 137M->87M(174M) 0.521ms
[184.530s][info][gc] GC(1161) Pause Young (Allocation Failure) 146M->89M(174M) 0.511ms
[184.602s][info][gc] GC(1162) Pause Young (Allocation Failure) 147M->88M(171M) 0.287ms
[184.753s][info][gc] GC(1163) Pause Young (Allocation Failure) 145M->90M(172M) 0.626ms
[184.800s][info][gc] GC(1164) Pause Young (Allocation Failure) 147M->91M(169M) 0.633ms
[184.855s][info][gc] GC(1165) Pause Young (Allocation Failure) 146M->92M(169M) 0.536ms
[184.909s][info][gc] GC(1166) Pause Young (Allocation Failure) 147M->92M(168M) 0.488ms
[184.961s][info][gc] GC(1167) Pause Young (Allocation Failure) 146M->93M(179M) 0.552ms
[185.021s][info][gc] GC(1168) Pause Young (Allocation Failure) 156M->94M(179M) 0.520ms
[185.085s][info][gc] GC(1169) Pause Young (Allocation Failure) 157M->95M(177M) 0.482ms
[185.141s][info][gc] GC(1170) Pause Young (Allocation Failure) 157M->95M(176M) 0.502ms
[185.199s][info][gc] GC(1171) Pause Young (Allocation Failure) 156M->97M(175M) 0.537ms
[185.251s][info][gc] GC(1172) Pause Young (Allocation Failure) 157M->96M(174M) 0.410ms
[185.314s][info][gc] GC(1173) Pause Young (Allocation Failure) 155M->98M(173M) 0.476ms
[185.372s][info][gc] GC(1174) Pause Young (Allocation Failure) 156M->99M(172M) 0.532ms
[185.418s][info][gc] GC(1175) Pause Young (Allocation Failure) 156M->99M(170M) 0.422ms
[185.474s][info][gc] GC(1176) Pause Young (Allocation Failure) 155M->100M(170M) 0.479ms
[185.526s][info][gc] GC(1177) Pause Young (Allocation Failure) 155M->100M(168M) 0.415ms
[185.578s][info][gc] GC(1178) Pause Young (Allocation Failure) 154M->101M(168M) 0.486ms
[185.633s][info][gc] GC(1179) Pause Young (Allocation Failure) 154M->102M(167M) 0.470ms
[185.676s][info][gc] GC(1180) Pause Young (Allocation Failure) 154M->102M(168M) 0.487ms
[185.728s][info][gc] GC(1181) Pause Young (Allocation Failure) 155M->104M(168M) 0.562ms
[185.775s][info][gc] GC(1182) Pause Young (Allocation Failure) 156M->104M(178M) 0.473ms
[185.834s][info][gc] GC(1183) Pause Young (Allocation Failure) 166M->106M(178M) 0.565ms
[185.898s][info][gc] GC(1184) Pause Young (Allocation Failure) 168M->106M(189M) 0.527ms
[185.961s][info][gc] GC(1185) Pause Young (Allocation Failure) 179M->107M(186M) 0.467ms
[186.031s][info][gc] GC(1186) Pause Young (Allocation Failure) 178M->108M(185M) 0.580ms
[186.101s][info][gc] GC(1187) Pause Young (Allocation Failure) 178M->109M(184M) 0.523ms
[186.167s][info][gc] GC(1188) Pause Young (Allocation Failure) 177M->109M(181M) 0.515ms
[186.227s][info][gc] GC(1189) Pause Young (Allocation Failure) 176M->110M(180M) 0.591ms
[186.294s][info][gc] GC(1190) Pause Young (Allocation Failure) 176M->111M(179M) 0.556ms
[186.358s][info][gc] GC(1191) Pause Young (Allocation Failure) 176M->112M(179M) 0.534ms
[186.413s][info][gc] GC(1192) Pause Young (Allocation Failure) 175M->112M(176M) 0.498ms
[186.487s][info][gc] GC(1193) Pause Full (Ergonomics) 175M->40M(182M) 10.151ms
[186.547s][info][gc] GC(1194) Pause Young (Allocation Failure) 102M->42M(183M) 0.469ms
[186.597s][info][gc] GC(1195) Pause Young (Allocation Failure) 103M->43M(181M) 0.499ms
[186.657s][info][gc] GC(1196) Pause Young (Allocation Failure) 102M->44M(180M) 0.448ms
[186.716s][info][gc] GC(1197) Pause Young (Allocation Failure) 102M->45M(180M) 0.504ms
[186.766s][info][gc] GC(1198) Pause Young (Allocation Failure) 102M->45M(178M) 0.432ms
[186.818s][info][gc] GC(1199) Pause Young (Allocation Failure) 102M->46M(177M) 0.445ms
[186.868s][info][gc] GC(1200) Pause Young (Allocation Failure) 102M->47M(176M) 0.396ms
[186.921s][info][gc] GC(1201) Pause Young (Allocation Failure) 101M->48M(175M) 0.428ms
[186.969s][info][gc] GC(1202) Pause Young (Allocation Failure) 101M->48M(173M) 0.365ms
[187.025s][info][gc] GC(1203) Pause Young (Allocation Failure) 100M->49M(173M) 0.450ms
[187.073s][info][gc] GC(1204) Pause Young (Allocation Failure) 101M->50M(172M) 0.483ms
[187.117s][info][gc] GC(1205) Pause Young (Allocation Failure) 100M->50M(171M) 0.409ms
[187.165s][info][gc] GC(1206) Pause Young (Allocation Failure) 100M->51M(172M) 0.544ms
[187.212s][info][gc] GC(1207) Pause Young (Allocation Failure) 101M->52M(170M) 0.465ms
[187.260s][info][gc] GC(1208) Pause Young (Allocation Failure) 101M->53M(171M) 0.414ms
[187.302s][info][gc] GC(1209) Pause Young (Allocation Failure) 102M->53M(169M) 0.393ms
[187.354s][info][gc] GC(1210) Pause Young (Allocation Failure) 101M->55M(170M) 0.433ms
[187.395s][info][gc] GC(1211) Pause Young (Allocation Failure) 103M->55M(170M) 0.470ms
[187.443s][info][gc] GC(1212) Pause Young (Allocation Failure) 103M->57M(179M) 0.448ms
[187.491s][info][gc] GC(1213) Pause Young (Allocation Failure) 113M->57M(179M) 0.428ms
[187.546s][info][gc] GC(1214) Pause Young (Allocation Failure) 113M->58M(177M) 0.403ms
[187.592s][info][gc] GC(1215) Pause Young (Allocation Failure) 113M->59M(175M) 0.481ms
[187.650s][info][gc] GC(1216) Pause Young (Allocation Failure) 113M->60M(175M) 0.485ms
[187.704s][info][gc] GC(1217) Pause Young (Allocation Failure) 113M->61M(174M) 0.470ms
[187.752s][info][gc] GC(1218) Pause Young (Allocation Failure) 113M->61M(172M) 0.465ms
[187.799s][info][gc] GC(1219) Pause Young (Allocation Failure) 112M->62M(182M) 0.441ms
[187.852s][info][gc] GC(1220) Pause Young (Allocation Failure) 122M->63M(181M) 0.465ms
[187.912s][info][gc] GC(1221) Pause Young (Allocation Failure) 122M->64M(180M) 0.491ms
[187.970s][info][gc] GC(1222) Pause Young (Allocation Failure) 122M->65M(179M) 0.443ms
[188.019s][info][gc] GC(1223) Pause Young (Allocation Failure) 122M->65M(177M) 0.507ms
[188.073s][info][gc] GC(1224) Pause Young (Allocation Failure) 121M->66M(177M) 0.441ms
[188.123s][info][gc] GC(1225) Pause Young (Allocation Failure) 121M->67M(175M) 0.465ms
[188.174s][info][gc] GC(1226) Pause Young (Allocation Failure) 121M->68M(175M) 0.417ms
[188.223s][info][gc] GC(1227) Pause Young (Allocation Failure) 121M->68M(173M) 0.405ms
[188.275s][info][gc] GC(1228) Pause Young (Allocation Failure) 120M->69M(172M) 0.417ms
[188.326s][info][gc] GC(1229) Pause Young (Allocation Failure) 120M->70M(172M) 0.404ms
[188.370s][info][gc] GC(1230) Pause Young (Allocation Failure) 120M->71M(170M) 0.440ms
[188.424s][info][gc] GC(1231) Pause Young (Allocation Failure) 120M->72M(171M) 0.474ms
[188.462s][info][gc] GC(1232) Pause Young (Allocation Failure) 121M->72M(172M) 0.475ms
[188.510s][info][gc] GC(1233) Pause Young (Allocation Failure) 121M->74M(172M) 0.410ms
[188.554s][info][gc] GC(1234) Pause Young (Allocation Failure) 123M->74M(180M) 0.424ms
[188.612s][info][gc] GC(1235) Pause Young (Allocation Failure) 131M->76M(180M) 0.527ms
[188.663s][info][gc] GC(1236) Pause Young (Allocation Failure) 133M->76M(190M) 0.508ms
[188.732s][info][gc] GC(1237) Pause Young (Allocation Failure) 143M->77M(190M) 0.637ms
[188.795s][info][gc] GC(1238) Pause Young (Allocation Failure) 145M->78M(202M) 0.479ms
[188.880s][info][gc] GC(1239) Pause Young (Allocation Failure) 157M->79M(200M) 0.543ms
[188.946s][info][gc] GC(1240) Pause Young (Allocation Failure) 156M->79M(197M) 0.540ms
[189.019s][info][gc] GC(1241) Pause Young (Allocation Failure) 155M->80M(196M) 0.560ms
[189.090s][info][gc] GC(1242) Pause Young (Allocation Failure) 155M->81M(195M) 0.532ms
[189.163s][info][gc] GC(1243) Pause Young (Allocation Failure) 154M->82M(194M) 0.549ms
[189.262s][info][gc] GC(1244) Pause Young (Allocation Failure) 153M->81M(191M) 0.292ms
[189.408s][info][gc] GC(1245) Pause Young (Allocation Failure) 151M->83M(191M) 0.568ms
[189.474s][info][gc] GC(1246) Pause Young (Allocation Failure) 152M->84M(189M) 0.603ms
[189.530s][info][gc] GC(1247) Pause Young (Allocation Failure) 151M->84M(186M) 0.434ms
[189.595s][info][gc] GC(1248) Pause Young (Allocation Failure) 150M->86M(186M) 0.554ms
[189.660s][info][gc] GC(1249) Pause Young (Allocation Failure) 150M->87M(185M) 0.691ms
[189.714s][info][gc] GC(1250) Pause Young (Allocation Failure) 150M->87M(183M) 0.516ms
[189.782s][info][gc] GC(1251) Pause Young (Allocation Failure) 149M->88M(183M) 0.517ms
[189.842s][info][gc] GC(1252) Pause Young (Allocation Failure) 149M->89M(182M) 0.512ms
[189.892s][info][gc] GC(1253) Pause Young (Allocation Failure) 149M->89M(180M) 0.466ms
[189.952s][info][gc] GC(1254) Pause Young (Allocation Failure) 148M->90M(180M) 0.487ms
[190.011s][info][gc] GC(1255) Pause Young (Allocation Failure) 148M->91M(179M) 0.470ms
[190.060s][info][gc] GC(1256) Pause Young (Allocation Failure) 148M->91M(182M) 0.593ms
[190.120s][info][gc] GC(1257) Pause Young (Allocation Failure) 151M->93M(181M) 0.499ms
[190.178s][info][gc] GC(1258) Pause Young (Allocation Failure) 152M->93M(180M) 0.511ms
[190.229s][info][gc] GC(1259) Pause Young (Allocation Failure) 151M->94M(178M) 0.515ms
[190.283s][info][gc] GC(1260) Pause Young (Allocation Failure) 151M->95M(178M) 0.517ms
[190.329s][info][gc] GC(1261) Pause Young (Allocation Failure) 151M->95M(179M) 0.546ms
[190.388s][info][gc] GC(1262) Pause Young (Allocation Failure) 151M->97M(189M) 0.490ms
[190.449s][info][gc] GC(1263) Pause Young (Allocation Failure) 163M->97M(189M) 0.545ms
[190.507s][info][gc] GC(1264) Pause Young (Allocation Failure) 163M->98M(200M) 0.523ms
[190.580s][info][gc] GC(1265) Pause Young (Allocation Failure) 175M->99M(200M) 0.630ms
[190.656s][info][gc] GC(1266) Pause Young (Allocation Failure) 177M->100M(198M) 0.545ms
[190.729s][info][gc] GC(1267) Pause Young (Allocation Failure) 176M->101M(197M) 0.613ms
[190.800s][info][gc] GC(1268) Pause Young (Allocation Failure) 175M->101M(194M) 0.564ms
[190.862s][info][gc] GC(1269) Pause Young (Allocation Failure) 174M->102M(193M) 0.565ms
[190.934s][info][gc] GC(1270) Pause Young (Allocation Failure) 173M->103M(192M) 0.560ms
[190.999s][info][gc] GC(1271) Pause Young (Allocation Failure) 173M->104M(191M) 0.635ms
[191.066s][info][gc] GC(1272) Pause Young (Allocation Failure) 173M->105M(189M) 0.617ms
[191.123s][info][gc] GC(1273) Pause Young (Allocation Failure) 172M->105M(187M) 0.535ms
[191.187s][info][gc] GC(1274) Pause Young (Allocation Failure) 171M->106M(186M) 0.531ms
[191.249s][info][gc] GC(1275) Pause Young (Allocation Failure) 170M->107M(185M) 0.520ms
[191.306s][info][gc] GC(1276) Pause Young (Allocation Failure) 170M->107M(183M) 0.565ms
[191.367s][info][gc] GC(1277) Pause Young (Allocation Failure) 169M->109M(183M) 0.487ms
[191.427s][info][gc] GC(1278) Pause Young (Allocation Failure) 170M->109M(182M) 0.492ms
[191.481s][info][gc] GC(1279) Pause Young (Allocation Failure) 169M->110M(180M) 0.564ms
[191.536s][info][gc] GC(1280) Pause Young (Allocation Failure) 169M->111M(180M) 0.488ms
[191.586s][info][gc] GC(1281) Pause Young (Allocation Failure) 169M->111M(178M) 0.457ms
[191.643s][info][gc] GC(1282) Pause Young (Allocation Failure) 168M->113M(178M) 0.466ms
[191.698s][info][gc] GC(1283) Pause Young (Allocation Failure) 169M->113M(177M) 0.524ms
[191.749s][info][gc] GC(1284) Pause Young (Allocation Failure) 168M->114M(186M) 0.639ms
[191.810s][info][gc] GC(1285) Pause Young (Allocation Failure) 178M->115M(191M) 0.629ms
[191.876s][info][gc] GC(1286) Pause Young (Allocation Failure) 184M->116M(199M) 0.573ms
[191.943s][info][gc] GC(1287) Pause Young (Allocation Failure) 192M->116M(199M) 0.541ms
[192.018s][info][gc] GC(1288) Pause Young (Allocation Failure) 192M->117M(196M) 0.607ms
[192.088s][info][gc] GC(1289) Pause Young (Allocation Failure) 192M->118M(195M) 0.609ms
[192.156s][info][gc] GC(1290) Pause Young (Allocation Failure) 191M->119M(193M) 0.561ms
[192.227s][info][gc] GC(1291) Pause Young (Allocation Failure) 190M->119M(192M) 0.570ms
[192.283s][info][gc] GC(1292) Pause Young (Allocation Failure) 189M->120M(189M) 0.541ms
[192.364s][info][gc] GC(1293) Pause Full (Ergonomics) 188M->51M(196M) 12.370ms
[192.431s][info][gc] GC(1294) Pause Young (Allocation Failure) 118M->53M(196M) 0.535ms
[192.485s][info][gc] GC(1295) Pause Young (Allocation Failure) 118M->53M(194M) 0.480ms
[192.548s][info][gc] GC(1296) Pause Young (Allocation Failure) 117M->54M(193M) 0.561ms
[192.611s][info][gc] GC(1297) Pause Young (Allocation Failure) 117M->55M(193M) 0.523ms
[192.661s][info][gc] GC(1298) Pause Young (Allocation Failure) 117M->55M(191M) 0.394ms
[192.723s][info][gc] GC(1299) Pause Young (Allocation Failure) 116M->56M(190M) 0.434ms
[192.782s][info][gc] GC(1300) Pause Young (Allocation Failure) 116M->57M(190M) 0.443ms
[192.830s][info][gc] GC(1301) Pause Young (Allocation Failure) 116M->57M(187M) 0.455ms
[192.889s][info][gc] GC(1302) Pause Young (Allocation Failure) 115M->59M(188M) 0.477ms
[192.942s][info][gc] GC(1303) Pause Young (Allocation Failure) 116M->59M(186M) 0.386ms
[192.993s][info][gc] GC(1304) Pause Young (Allocation Failure) 115M->60M(185M) 0.428ms
[193.047s][info][gc] GC(1305) Pause Young (Allocation Failure) 115M->61M(184M) 0.391ms
[193.094s][info][gc] GC(1306) Pause Young (Allocation Failure) 115M->61M(183M) 0.431ms
[193.149s][info][gc] GC(1307) Pause Young (Allocation Failure) 114M->63M(183M) 0.581ms
[193.193s][info][gc] GC(1308) Pause Young (Allocation Failure) 115M->63M(180M) 0.393ms
[193.242s][info][gc] GC(1309) Pause Young (Allocation Failure) 114M->64M(180M) 0.552ms
[193.284s][info][gc] GC(1310) Pause Young (Allocation Failure) 114M->64M(188M) 0.405ms
[193.344s][info][gc] GC(1311) Pause Young (Allocation Failure) 122M->65M(188M) 0.502ms
[193.402s][info][gc] GC(1312) Pause Young (Allocation Failure) 123M->66M(187M) 0.461ms
[193.448s][info][gc] GC(1313) Pause Young (Allocation Failure) 123M->67M(194M) 0.516ms
[193.510s][info][gc] GC(1314) Pause Young (Allocation Failure) 129M->68M(198M) 0.550ms
[193.578s][info][gc] GC(1315) Pause Young (Allocation Failure) 134M->68M(196M) 0.508ms
[193.634s][info][gc] GC(1316) Pause Young (Allocation Failure) 133M->69M(193M) 0.448ms
[193.698s][info][gc] GC(1317) Pause Young (Allocation Failure) 132M->70M(193M) 0.587ms
[193.758s][info][gc] GC(1318) Pause Young (Allocation Failure) 133M->71M(192M) 0.449ms
[193.811s][info][gc] GC(1319) Pause Young (Allocation Failure) 132M->71M(190M) 0.348ms
[193.970s][info][gc] GC(1320) Pause Young (Allocation Failure) 131M->77M(191M) 1.251ms
[193.992s][info][gc] GC(1321) Pause Young (Allocation Failure) 136M->79M(193M) 0.823ms
[194.011s][info][gc] GC(1322) Pause Young (Allocation Failure) 138M->79M(203M) 0.425ms
[194.035s][info][gc] GC(1323) Pause Young (Allocation Failure) 150M->80M(203M) 0.511ms
[194.057s][info][gc] GC(1324) Pause Young (Allocation Failure) 151M->81M(216M) 0.466ms
[194.096s][info][gc] GC(1325) Pause Young (Allocation Failure) 165M->85M(216M) 0.876ms
[194.124s][info][gc] GC(1326) Pause Young (Allocation Failure) 169M->86M(233M) 0.701ms
[194.155s][info][gc] GC(1327) Pause Young (Allocation Failure) 186M->87M(233M) 0.498ms
[194.198s][info][gc] GC(1328) Pause Young (Allocation Failure) 187M->90M(251M) 0.890ms
[194.238s][info][gc] GC(1329) Pause Young (Allocation Failure) 208M->92M(252M) 0.779ms
[194.281s][info][gc] GC(1330) Pause Young (Allocation Failure) 210M->94M(273M) 0.769ms
[194.332s][info][gc] GC(1331) Pause Young (Allocation Failure) 234M->97M(274M) 1.034ms
[194.378s][info][gc] GC(1332) Pause Young (Allocation Failure) 237M->99M(300M) 0.761ms
[194.439s][info][gc] GC(1333) Pause Young (Allocation Failure) 265M->102M(300M) 0.942ms
[194.501s][info][gc] GC(1334) Pause Young (Allocation Failure) 268M->104M(330M) 0.925ms
[194.571s][info][gc] GC(1335) Pause Young (Allocation Failure) 300M->106M(331M) 0.975ms
[194.647s][info][gc] GC(1336) Pause Young (Allocation Failure) 302M->109M(367M) 1.040ms
[194.733s][info][gc] GC(1337) Pause Young (Allocation Failure) 341M->112M(367M) 0.987ms
[194.817s][info][gc] GC(1338) Pause Young (Allocation Failure) 344M->113M(409M) 1.040ms
[194.921s][info][gc] GC(1339) Pause Young (Allocation Failure) 387M->116M(409M) 1.092ms
[195.018s][info][gc] GC(1340) Pause Young (Allocation Failure) 390M->118M(458M) 1.174ms
[195.138s][info][gc] GC(1341) Pause Young (Allocation Failure) 440M->120M(459M) 1.268ms
[195.254s][info][gc] GC(1342) Pause Young (Allocation Failure) 442M->123M(515M) 1.141ms
[195.389s][info][gc] GC(1343) Pause Young (Allocation Failure) 501M->126M(516M) 1.226ms
[195.525s][info][gc] GC(1344) Pause Young (Allocation Failure) 504M->129M(581M) 1.347ms
[195.685s][info][gc] GC(1345) Pause Young (Allocation Failure) 573M->133M(582M) 1.472ms
[195.857s][info][gc] GC(1346) Pause Full (Ergonomics) 577M->70M(675M) 16.210ms
[196.039s][info][gc] GC(1347) Pause Young (Allocation Failure) 585M->77M(679M) 1.256ms
[196.224s][info][gc] GC(1348) Pause Young (Allocation Failure) 593M->82M(759M) 1.454ms
[196.439s][info][gc] GC(1349) Pause Young (Allocation Failure) 677M->86M(760M) 1.626ms
[196.653s][info][gc] GC(1350) Pause Young (Allocation Failure) 681M->91M(851M) 1.705ms
[196.904s][info][gc] GC(1351) Pause Young (Allocation Failure) 778M->97M(852M) 1.855ms
[197.150s][info][gc] GC(1352) Pause Young (Allocation Failure) 784M->102M(957M) 1.908ms
[197.435s][info][gc] GC(1353) Pause Young (Allocation Failure) 894M->108M(920M) 1.989ms
[197.704s][info][gc] GC(1354) Pause Young (Allocation Failure) 864M->114M(878M) 1.934ms
[197.958s][info][gc] GC(1355) Pause Young (Allocation Failure) 836M->122M(853M) 1.530ms
[198.206s][info][gc] GC(1356) Pause Young (Allocation Failure) 812M->127M(822M) 1.794ms
[198.435s][info][gc] GC(1357) Pause Young (Allocation Failure) 786M->132M(793M) 1.663ms
[198.662s][info][gc] GC(1358) Pause Young (Allocation Failure) 762M->136M(764M) 1.526ms
[198.882s][info][gc] GC(1359) Pause Young (Allocation Failure) 739M->142M(738M) 1.791ms
[199.089s][info][gc] GC(1360) Pause Young (Allocation Failure) 718M->144M(711M) 1.566ms
[199.460s][info][gc] GC(1361) Pause Young (Allocation Failure) 695M->151M(689M) 1.730ms
[199.729s][info][gc] GC(1362) Pause Young (Allocation Failure) 678M->155M(665M) 1.888ms
[199.995s][info][gc] GC(1363) Pause Full (Ergonomics) 660M->40M(611M) 10.573ms
[200.237s][info][gc] GC(1364) Pause Young (Allocation Failure) 523M->46M(597M) 1.113ms
[200.456s][info][gc] GC(1365) Pause Young (Allocation Failure) 509M->49M(577M) 1.218ms
[200.684s][info][gc] GC(1366) Pause Young (Allocation Failure) 492M->53M(558M) 1.150ms
[200.884s][info][gc] GC(1367) Pause Young (Allocation Failure) 478M->56M(540M) 1.123ms
[201.086s][info][gc] GC(1368) Pause Young (Allocation Failure) 463M->60M(524M) 1.158ms
[201.274s][info][gc] GC(1369) Pause Young (Allocation Failure) 450M->63M(508M) 1.160ms
[201.455s][info][gc] GC(1370) Pause Young (Allocation Failure) 437M->66M(492M) 1.924ms
[201.628s][info][gc] GC(1371) Pause Young (Allocation Failure) 425M->68M(477M) 1.125ms
[201.791s][info][gc] GC(1372) Pause Young (Allocation Failure) 413M->71M(463M) 1.023ms
[201.955s][info][gc] GC(1373) Pause Young (Allocation Failure) 402M->74M(451M) 0.998ms
[202.106s][info][gc] GC(1374) Pause Young (Allocation Failure) 392M->77M(438M) 0.993ms
[202.252s][info][gc] GC(1375) Pause Young (Allocation Failure) 382M->78M(425M) 0.916ms
[202.393s][info][gc] GC(1376) Pause Young (Allocation Failure) 371M->81M(414M) 0.984ms
[202.527s][info][gc] GC(1377) Pause Young (Allocation Failure) 363M->82M(402M) 0.910ms
[202.660s][info][gc] GC(1378) Pause Young (Allocation Failure) 353M->85M(393M) 0.903ms
[202.787s][info][gc] GC(1379) Pause Young (Allocation Failure) 346M->87M(383M) 0.992ms
[202.907s][info][gc] GC(1380) Pause Young (Allocation Failure) 338M->89M(373M) 0.815ms
[203.021s][info][gc] GC(1381) Pause Young (Allocation Failure) 330M->91M(364M) 0.897ms
[203.130s][info][gc] GC(1382) Pause Young (Allocation Failure) 323M->93M(355M) 0.886ms
[203.247s][info][gc] GC(1383) Pause Young (Allocation Failure) 316M->94M(390M) 1.304ms
[203.389s][info][gc] GC(1384) Pause Young (Allocation Failure) 352M->97M(381M) 1.003ms
[203.513s][info][gc] GC(1385) Pause Young (Allocation Failure) 345M->99M(419M) 1.030ms
[203.654s][info][gc] GC(1386) Pause Young (Allocation Failure) 385M->101M(408M) 0.961ms
[203.786s][info][gc] GC(1387) Pause Young (Allocation Failure) 376M->103M(397M) 0.947ms
[203.940s][info][gc] GC(1388) Pause Young (Allocation Failure) 368M->103M(385M) 1.056ms
[204.207s][info][gc] GC(1389) Pause Young (Allocation Failure) 358M->108M(379M) 1.019ms
[204.365s][info][gc] GC(1390) Pause Young (Allocation Failure) 354M->110M(368M) 0.899ms
[204.509s][info][gc] GC(1391) Pause Young (Allocation Failure) 346M->112M(360M) 0.903ms
[204.665s][info][gc] GC(1392) Pause Young (Allocation Failure) 340M->113M(351M) 0.771ms
[204.804s][info][gc] GC(1393) Pause Young (Allocation Failure) 333M->114M(343M) 0.758ms
[204.944s][info][gc] GC(1394) Pause Young (Allocation Failure) 326M->117M(336M) 0.762ms
[205.070s][info][gc] GC(1395) Pause Young (Allocation Failure) 321M->118M(328M) 0.812ms
[205.201s][info][gc] GC(1396) Pause Young (Allocation Failure) 315M->120M(322M) 0.874ms
[205.322s][info][gc] GC(1397) Pause Young (Allocation Failure) 310M->122M(315M) 0.783ms
[205.436s][info][gc] GC(1398) Pause Young (Allocation Failure) 306M->123M(309M) 0.718ms
[205.557s][info][gc] GC(1399) Pause Young (Allocation Failure) 301M->125M(303M) 0.808ms
[205.666s][info][gc] GC(1400) Pause Young (Allocation Failure) 297M->126M(297M) 0.788ms
[205.771s][info][gc] GC(1401) Pause Young (Allocation Failure) 292M->127M(292M) 0.789ms
[205.885s][info][gc] GC(1402) Pause Full (Ergonomics) 288M->50M(288M) 12.735ms
[205.982s][info][gc] GC(1403) Pause Young (Allocation Failure) 206M->53M(289M) 0.567ms
[206.078s][info][gc] GC(1404) Pause Young (Allocation Failure) 204M->54M(281M) 0.631ms
[206.171s][info][gc] GC(1405) Pause Young (Allocation Failure) 201M->55M(277M) 0.648ms
[206.261s][info][gc] GC(1406) Pause Young (Allocation Failure) 197M->57M(272M) 0.724ms
[206.348s][info][gc] GC(1407) Pause Young (Allocation Failure) 194M->58M(268M) 0.707ms
[206.434s][info][gc] GC(1408) Pause Young (Allocation Failure) 191M->59M(264M) 0.653ms
[206.520s][info][gc] GC(1409) Pause Young (Allocation Failure) 189M->60M(260M) 0.642ms
[206.603s][info][gc] GC(1410) Pause Young (Allocation Failure) 186M->61M(257M) 0.609ms
[206.680s][info][gc] GC(1411) Pause Young (Allocation Failure) 183M->62M(253M) 0.647ms
[206.758s][info][gc] GC(1412) Pause Young (Allocation Failure) 180M->63M(250M) 0.647ms
[206.835s][info][gc] GC(1413) Pause Young (Allocation Failure) 178M->63M(246M) 0.547ms
[206.899s][info][gc] GC(1414) Pause Young (Allocation Failure) 175M->64M(242M) 0.934ms
[206.971s][info][gc] GC(1415) Pause Young (Allocation Failure) 173M->67M(241M) 0.634ms
[207.039s][info][gc] GC(1416) Pause Young (Allocation Failure) 173M->67M(237M) 0.566ms
[207.115s][info][gc] GC(1417) Pause Young (Allocation Failure) 170M->67M(234M) 0.468ms
[207.329s][info][gc] GC(1418) Pause Young (Allocation Failure) 168M->70M(233M) 0.585ms
[207.385s][info][gc] GC(1419) Pause Young (Allocation Failure) 168M->71M(229M) 0.635ms
[207.452s][info][gc] GC(1420) Pause Young (Allocation Failure) 166M->73M(227M) 0.566ms
[207.512s][info][gc] GC(1421) Pause Young (Allocation Failure) 166M->73M(242M) 0.671ms
[207.574s][info][gc] GC(1422) Pause Young (Allocation Failure) 181M->73M(258M) 0.473ms
[207.657s][info][gc] GC(1423) Pause Young (Allocation Failure) 198M->75M(256M) 0.619ms
[207.738s][info][gc] GC(1424) Pause Young (Allocation Failure) 197M->77M(253M) 0.634ms
[207.815s][info][gc] GC(1425) Pause Young (Allocation Failure) 195M->78M(271M) 0.755ms
[207.903s][info][gc] GC(1426) Pause Young (Allocation Failure) 214M->79M(293M) 0.652ms
[208.000s][info][gc] GC(1427) Pause Young (Allocation Failure) 237M->80M(288M) 0.589ms
[208.098s][info][gc] GC(1428) Pause Young (Allocation Failure) 233M->81M(282M) 0.795ms
[208.193s][info][gc] GC(1429) Pause Young (Allocation Failure) 229M->83M(278M) 0.736ms
[208.283s][info][gc] GC(1430) Pause Young (Allocation Failure) 227M->85M(274M) 0.761ms
[208.375s][info][gc] GC(1431) Pause Young (Allocation Failure) 224M->86M(270M) 0.690ms
[208.463s][info][gc] GC(1432) Pause Young (Allocation Failure) 221M->87M(265M) 0.660ms
[208.549s][info][gc] GC(1433) Pause Young (Allocation Failure) 218M->88M(262M) 0.615ms
[208.631s][info][gc] GC(1434) Pause Young (Allocation Failure) 215M->89M(258M) 0.736ms
[208.711s][info][gc] GC(1435) Pause Young (Allocation Failure) 212M->90M(255M) 0.606ms
[208.790s][info][gc] GC(1436) Pause Young (Allocation Failure) 210M->91M(251M) 0.581ms
[208.870s][info][gc] GC(1437) Pause Young (Allocation Failure) 207M->92M(248M) 0.583ms
[208.933s][info][gc] GC(1438) Pause Young (Allocation Failure) 205M->93M(265M) 0.630ms
[209.021s][info][gc] GC(1439) Pause Young (Allocation Failure) 224M->95M(262M) 0.666ms
[209.103s][info][gc] GC(1440) Pause Young (Allocation Failure) 222M->96M(258M) 0.639ms
[209.186s][info][gc] GC(1441) Pause Young (Allocation Failure) 220M->97M(255M) 0.618ms
[209.261s][info][gc] GC(1442) Pause Young (Allocation Failure) 217M->98M(251M) 0.540ms
[209.341s][info][gc] GC(1443) Pause Young (Allocation Failure) 215M->99M(248M) 0.639ms
[209.417s][info][gc] GC(1444) Pause Young (Allocation Failure) 212M->100M(245M) 0.628ms
[209.479s][info][gc] GC(1445) Pause Young (Allocation Failure) 210M->100M(240M) 0.547ms
[209.550s][info][gc] GC(1446) Pause Young (Allocation Failure) 208M->103M(259M) 0.616ms
[209.632s][info][gc] GC(1447) Pause Young (Allocation Failure) 227M->104M(278M) 0.734ms
[209.724s][info][gc] GC(1448) Pause Young (Allocation Failure) 247M->105M(300M) 0.763ms
[209.830s][info][gc] GC(1449) Pause Young (Allocation Failure) 271M->107M(327M) 0.811ms
[209.953s][info][gc] GC(1450) Pause Young (Allocation Failure) 299M->107M(320M) 0.698ms
[210.085s][info][gc] GC(1451) Pause Young (Allocation Failure) 293M->110M(314M) 0.811ms
[210.198s][info][gc] GC(1452) Pause Young (Allocation Failure) 289M->111M(307M) 0.891ms
[210.306s][info][gc] GC(1453) Pause Young (Allocation Failure) 284M->113M(302M) 0.755ms
[210.592s][info][gc] GC(1454) Pause Young (Allocation Failure) 281M->116M(298M) 0.774ms
[210.692s][info][gc] GC(1455) Pause Young (Allocation Failure) 278M->117M(292M) 0.807ms
[210.792s][info][gc] GC(1456) Pause Young (Allocation Failure) 274M->118M(286M) 0.752ms
[210.887s][info][gc] GC(1457) Pause Young (Allocation Failure) 270M->120M(282M) 1.114ms
[210.982s][info][gc] GC(1458) Pause Young (Allocation Failure) 267M->121M(277M) 0.674ms
[211.072s][info][gc] GC(1459) Pause Young (Allocation Failure) 263M->122M(273M) 0.714ms
[211.161s][info][gc] GC(1460) Pause Young (Allocation Failure) 260M->123M(269M) 0.646ms
[211.246s][info][gc] GC(1461) Pause Young (Allocation Failure) 257M->124M(265M) 0.691ms
[211.330s][info][gc] GC(1462) Pause Young (Allocation Failure) 254M->125M(261M) 0.727ms
[211.410s][info][gc] GC(1463) Pause Young (Allocation Failure) 251M->126M(257M) 0.621ms
[211.493s][info][gc] GC(1464) Pause Young (Allocation Failure) 249M->127M(254M) 0.674ms
[211.567s][info][gc] GC(1465) Pause Young (Allocation Failure) 246M->128M(272M) 0.658ms
[211.658s][info][gc] GC(1466) Pause Young (Allocation Failure) 265M->129M(267M) 0.684ms
[211.742s][info][gc] GC(1467) Pause Young (Allocation Failure) 262M->130M(264M) 0.669ms
[211.826s][info][gc] GC(1468) Pause Young (Allocation Failure) 260M->131M(260M) 0.708ms
[211.896s][info][gc] GC(1469) Pause Young (Allocation Failure) 256M->132M(279M) 0.761ms
[212.001s][info][gc] GC(1470) Pause Full (Ergonomics) 277M->47M(300M) 11.457ms
[212.116s][info][gc] GC(1471) Pause Young (Allocation Failure) 216M->50M(299M) 0.590ms
[212.220s][info][gc] GC(1472) Pause Young (Allocation Failure) 214M->52M(293M) 0.711ms
[212.319s][info][gc] GC(1473) Pause Young (Allocation Failure) 210M->53M(287M) 0.661ms
[212.417s][info][gc] GC(1474) Pause Young (Allocation Failure) 206M->54M(282M) 0.631ms
[212.510s][info][gc] GC(1475) Pause Young (Allocation Failure) 202M->55M(278M) 0.681ms
[212.601s][info][gc] GC(1476) Pause Young (Allocation Failure) 199M->56M(273M) 0.592ms
[212.687s][info][gc] GC(1477) Pause Young (Allocation Failure) 196M->57M(269M) 0.585ms
[212.774s][info][gc] GC(1478) Pause Young (Allocation Failure) 193M->59M(265M) 0.602ms
[212.860s][info][gc] GC(1479) Pause Young (Allocation Failure) 190M->60M(261M) 0.650ms
[212.940s][info][gc] GC(1480) Pause Young (Allocation Failure) 187M->61M(258M) 0.559ms
[213.021s][info][gc] GC(1481) Pause Young (Allocation Failure) 185M->62M(254M) 0.566ms
[213.090s][info][gc] GC(1482) Pause Young (Allocation Failure) 182M->62M(249M) 0.595ms
[213.170s][info][gc] GC(1483) Pause Young (Allocation Failure) 179M->64M(247M) 0.628ms
[213.243s][info][gc] GC(1484) Pause Young (Allocation Failure) 178M->65M(244M) 0.608ms
[213.316s][info][gc] GC(1485) Pause Young (Allocation Failure) 176M->66M(241M) 0.578ms
[213.390s][info][gc] GC(1486) Pause Young (Allocation Failure) 174M->68M(239M) 0.559ms
[213.451s][info][gc] GC(1487) Pause Young (Allocation Failure) 173M->68M(235M) 0.581ms
[213.519s][info][gc] GC(1488) Pause Young (Allocation Failure) 171M->70M(234M) 0.542ms
[213.635s][info][gc] GC(1489) Pause Young (Allocation Failure) 170M->69M(229M) 0.421ms
[213.811s][info][gc] GC(1490) Pause Young (Allocation Failure) 167M->73M(229M) 0.643ms
[213.872s][info][gc] GC(1491) Pause Young (Allocation Failure) 168M->73M(226M) 0.657ms
[213.927s][info][gc] GC(1492) Pause Young (Allocation Failure) 166M->74M(239M) 0.660ms
[213.998s][info][gc] GC(1493) Pause Young (Allocation Failure) 181M->76M(258M) 0.604ms
[214.074s][info][gc] GC(1494) Pause Young (Allocation Failure) 200M->77M(254M) 0.527ms
[214.157s][info][gc] GC(1495) Pause Young (Allocation Failure) 197M->78M(251M) 0.628ms
[214.234s][info][gc] GC(1496) Pause Young (Allocation Failure) 195M->79M(247M) 0.592ms
[214.297s][info][gc] GC(1497) Pause Young (Allocation Failure) 193M->80M(243M) 0.878ms
[214.372s][info][gc] GC(1498) Pause Young (Allocation Failure) 191M->82M(241M) 0.641ms
[214.442s][info][gc] GC(1499) Pause Young (Allocation Failure) 190M->83M(239M) 0.598ms
[214.509s][info][gc] GC(1500) Pause Young (Allocation Failure) 188M->84M(255M) 0.636ms
[214.593s][info][gc] GC(1501) Pause Young (Allocation Failure) 205M->85M(275M) 0.666ms
[214.683s][info][gc] GC(1502) Pause Young (Allocation Failure) 226M->86M(270M) 0.655ms
[214.770s][info][gc] GC(1503) Pause Young (Allocation Failure) 223M->86M(266M) 0.551ms
[214.852s][info][gc] GC(1504) Pause Young (Allocation Failure) 219M->88M(262M) 0.670ms
[214.938s][info][gc] GC(1505) Pause Young (Allocation Failure) 217M->89M(259M) 0.621ms
[215.020s][info][gc] GC(1506) Pause Young (Allocation Failure) 215M->91M(256M) 0.618ms
[215.103s][info][gc] GC(1507) Pause Young (Allocation Failure) 213M->92M(252M) 0.646ms
[215.182s][info][gc] GC(1508) Pause Young (Allocation Failure) 211M->93M(248M) 0.768ms
[215.255s][info][gc] GC(1509) Pause Young (Allocation Failure) 208M->94M(267M) 0.696ms
[215.340s][info][gc] GC(1510) Pause Young (Allocation Failure) 227M->95M(263M) 0.570ms
[215.421s][info][gc] GC(1511) Pause Young (Allocation Failure) 224M->96M(259M) 0.590ms
[215.497s][info][gc] GC(1512) Pause Young (Allocation Failure) 222M->97M(255M) 0.558ms
[215.580s][info][gc] GC(1513) Pause Young (Allocation Failure) 219M->99M(252M) 0.688ms
[215.660s][info][gc] GC(1514) Pause Young (Allocation Failure) 218M->101M(249M) 0.735ms
[215.735s][info][gc] GC(1515) Pause Young (Allocation Failure) 216M->102M(246M) 0.657ms
[215.807s][info][gc] GC(1516) Pause Young (Allocation Failure) 214M->102M(263M) 0.643ms
[215.891s][info][gc] GC(1517) Pause Young (Allocation Failure) 232M->103M(260M) 0.621ms
[215.971s][info][gc] GC(1518) Pause Young (Allocation Failure) 229M->104M(255M) 0.542ms
[216.048s][info][gc] GC(1519) Pause Young (Allocation Failure) 226M->105M(252M) 0.590ms
[216.124s][info][gc] GC(1520) Pause Young (Allocation Failure) 224M->107M(249M) 0.611ms
[216.197s][info][gc] GC(1521) Pause Young (Allocation Failure) 222M->108M(246M) 0.619ms
[216.272s][info][gc] GC(1522) Pause Young (Allocation Failure) 221M->109M(243M) 0.591ms
[216.339s][info][gc] GC(1523) Pause Young (Allocation Failure) 219M->110M(260M) 0.705ms
[216.422s][info][gc] GC(1524) Pause Young (Allocation Failure) 237M->111M(280M) 0.771ms
[216.514s][info][gc] GC(1525) Pause Young (Allocation Failure) 258M->113M(304M) 0.652ms
[216.628s][info][gc] GC(1526) Pause Young (Allocation Failure) 284M->115M(299M) 0.693ms
[216.728s][info][gc] GC(1527) Pause Young (Allocation Failure) 280M->116M(294M) 0.762ms
[216.985s][info][gc] GC(1528) Pause Young (Allocation Failure) 276M->118M(288M) 0.768ms
[217.083s][info][gc] GC(1529) Pause Young (Allocation Failure) 273M->120M(284M) 0.938ms
[217.182s][info][gc] GC(1530) Pause Young (Allocation Failure) 270M->121M(280M) 0.728ms
[217.273s][info][gc] GC(1531) Pause Young (Allocation Failure) 267M->122M(275M) 0.708ms
[217.364s][info][gc] GC(1532) Pause Young (Allocation Failure) 263M->123M(270M) 0.697ms
[217.456s][info][gc] GC(1533) Pause Young (Allocation Failure) 260M->125M(267M) 0.710ms
[217.538s][info][gc] GC(1534) Pause Young (Allocation Failure) 258M->126M(263M) 0.677ms
[217.619s][info][gc] GC(1535) Pause Young (Allocation Failure) 255M->126M(259M) 0.898ms
[217.693s][info][gc] GC(1536) Pause Young (Allocation Failure) 252M->127M(255M) 0.663ms
[217.771s][info][gc] GC(1537) Pause Young (Allocation Failure) 249M->130M(252M) 0.681ms
[217.847s][info][gc] GC(1538) Pause Young (Allocation Failure) 248M->131M(249M) 0.611ms
[217.923s][info][gc] GC(1539) Pause Young (Allocation Failure) 246M->132M(267M) 0.661ms
[218.014s][info][gc] GC(1540) Pause Full (Ergonomics) 265M->42M(253M) 9.958ms
[218.098s][info][gc] GC(1541) Pause Young (Allocation Failure) 171M->45M(254M) 0.551ms
[218.180s][info][gc] GC(1542) Pause Young (Allocation Failure) 170M->46M(249M) 0.573ms
[218.255s][info][gc] GC(1543) Pause Young (Allocation Failure) 168M->46M(245M) 0.548ms
[218.327s][info][gc] GC(1544) Pause Young (Allocation Failure) 165M->48M(241M) 0.571ms
[218.404s][info][gc] GC(1545) Pause Young (Allocation Failure) 163M->50M(239M) 0.638ms
[218.473s][info][gc] GC(1546) Pause Young (Allocation Failure) 162M->51M(236M) 0.560ms
[218.546s][info][gc] GC(1547) Pause Young (Allocation Failure) 160M->52M(233M) 0.545ms
[218.609s][info][gc] GC(1548) Pause Young (Allocation Failure) 158M->52M(229M) 0.546ms
[218.676s][info][gc] GC(1549) Pause Young (Allocation Failure) 155M->54M(227M) 0.606ms
[218.742s][info][gc] GC(1550) Pause Young (Allocation Failure) 154M->55M(225M) 0.571ms
[218.803s][info][gc] GC(1551) Pause Young (Allocation Failure) 153M->56M(241M) 0.599ms
[218.871s][info][gc] GC(1552) Pause Young (Allocation Failure) 170M->56M(237M) 0.533ms
[218.942s][info][gc] GC(1553) Pause Young (Allocation Failure) 167M->58M(256M) 0.646ms
[219.025s][info][gc] GC(1554) Pause Young (Allocation Failure) 187M->59M(252M) 0.506ms
[219.106s][info][gc] GC(1555) Pause Young (Allocation Failure) 185M->60M(249M) 0.602ms
[219.185s][info][gc] GC(1556) Pause Young (Allocation Failure) 182M->62M(245M) 0.614ms
[219.263s][info][gc] GC(1557) Pause Young (Allocation Failure) 180M->63M(242M) 0.599ms
[219.326s][info][gc] GC(1558) Pause Young (Allocation Failure) 178M->63M(238M) 0.556ms
[219.401s][info][gc] GC(1559) Pause Young (Allocation Failure) 175M->65M(235M) 0.581ms
[219.470s][info][gc] GC(1560) Pause Young (Allocation Failure) 174M->66M(233M) 0.576ms
[219.541s][info][gc] GC(1561) Pause Young (Allocation Failure) 172M->67M(230M) 0.608ms
[219.603s][info][gc] GC(1562) Pause Young (Allocation Failure) 170M->67M(226M) 0.540ms
[219.669s][info][gc] GC(1563) Pause Young (Allocation Failure) 168M->69M(224M) 0.588ms
[219.733s][info][gc] GC(1564) Pause Young (Allocation Failure) 167M->71M(241M) 0.648ms
[219.810s][info][gc] GC(1565) Pause Young (Allocation Failure) 185M->72M(260M) 0.808ms
[219.897s][info][gc] GC(1566) Pause Young (Allocation Failure) 204M->73M(280M) 0.715ms
[220.028s][info][gc] GC(1567) Pause Young (Allocation Failure) 227M->73M(275M) 0.580ms
[220.223s][info][gc] GC(1568) Pause Young (Allocation Failure) 222M->83M(273M) 1.723ms
[220.264s][info][gc] GC(1569) Pause Young (Allocation Failure) 228M->86M(296M) 1.093ms
[220.322s][info][gc] GC(1570) Pause Young (Allocation Failure) 255M->91M(330M) 0.907ms
[220.375s][info][gc] GC(1571) Pause Young (Allocation Failure) 290M->93M(362M) 1.082ms
[220.452s][info][gc] GC(1572) Pause Young (Allocation Failure) 327M->98M(390M) 1.121ms
[220.527s][info][gc] GC(1573) Pause Young (Allocation Failure) 358M->100M(393M) 1.146ms
[220.610s][info][gc] GC(1574) Pause Young (Allocation Failure) 360M->105M(438M) 1.359ms
[220.713s][info][gc] GC(1575) Pause Young (Allocation Failure) 410M->108M(438M) 1.353ms
[220.809s][info][gc] GC(1576) Pause Young (Allocation Failure) 413M->110M(492M) 1.486ms
[220.914s][info][gc] GC(1577) Pause Young (Allocation Failure) 468M->112M(492M) 1.341ms
[221.028s][info][gc] GC(1578) Pause Young (Allocation Failure) 470M->116M(555M) 1.502ms
[221.170s][info][gc] GC(1579) Pause Young (Allocation Failure) 536M->120M(555M) 1.462ms
[221.298s][info][gc] GC(1580) Pause Young (Allocation Failure) 540M->123M(628M) 1.463ms
[221.447s][info][gc] GC(1581) Pause Young (Allocation Failure) 616M->127M(628M) 1.522ms
[221.595s][info][gc] GC(1582) Pause Young (Allocation Failure) 620M->131M(712M) 1.508ms
[221.785s][info][gc] GC(1583) Pause Full (Ergonomics) 707M->73M(751M) 16.692ms
[221.958s][info][gc] GC(1584) Pause Young (Allocation Failure) 650M->83M(840M) 1.637ms
[222.167s][info][gc] GC(1585) Pause Young (Allocation Failure) 750M->88M(842M) 1.917ms
[222.370s][info][gc] GC(1586) Pause Young (Allocation Failure) 755M->93M(946M) 1.925ms
[222.650s][info][gc] GC(1587) Pause Young (Allocation Failure) 863M->100M(947M) 2.120ms
[222.883s][info][gc] GC(1588) Pause Young (Allocation Failure) 870M->105M(1065M) 2.189ms
[223.152s][info][gc] GC(1589) Pause Young (Allocation Failure) 993M->113M(1066M) 2.340ms
[223.422s][info][gc] GC(1590) Pause Young (Allocation Failure) 1001M->119M(1203M) 2.464ms
[223.734s][info][gc] GC(1591) Pause Young (Allocation Failure) 1144M->127M(1204M) 2.818ms
[224.047s][info][gc] GC(1592) Pause Young (Allocation Failure) 1151M->135M(1361M) 2.564ms
[224.409s][info][gc] GC(1593) Pause Young (Allocation Failure) 1316M->144M(1362M) 3.643ms
[224.774s][info][gc] GC(1594) Pause Young (Allocation Failure) 1326M->154M(1544M) 3.169ms
[225.211s][info][gc] GC(1595) Pause Young (Allocation Failure) 1517M->164M(1545M) 4.388ms
[225.656s][info][gc] GC(1596) Pause Young (Allocation Failure) 1527M->175M(1676M) 3.742ms
[226.203s][info][gc] GC(1597) Pause Full (Ergonomics) 1668M->179M(1779M) 40.709ms
[227.556s][info][gc] GC(1598) Pause Young (Allocation Failure) 1655M->189M(1777M) 6.177ms
[228.957s][info][gc] GC(1599) Pause Young (Allocation Failure) 1680M->201M(1778M) 4.588ms
[230.370s][info][gc] GC(1600) Pause Young (Allocation Failure) 1692M->212M(1699M) 3.338ms
[231.377s][info][gc] GC(1601) Pause Young (Allocation Failure) 1633M->226M(1635M) 3.532ms
[232.037s][info][gc] GC(1602) Pause Young (Allocation Failure) 1580M->236M(1758M) 7.000ms
[232.747s][info][gc] GC(1603) Pause Young (Allocation Failure) 1716M->247M(1766M) 3.487ms
[233.595s][info][gc] GC(1604) Pause Young (Allocation Failure) 1727M->260M(1690M) 3.932ms
[234.276s][info][gc] GC(1605) Pause Young (Allocation Failure) 1670M->270M(1622M) 3.752ms
[234.964s][info][gc] GC(1606) Pause Full (Ergonomics) 1614M->57M(1447M) 17.086ms
[235.581s][info][gc] GC(1607) Pause Young (Allocation Failure) 1338M->69M(1406M) 1.843ms
[236.289s][info][gc] GC(1608) Pause Young (Allocation Failure) 1291M->80M(1344M) 2.492ms
[236.849s][info][gc] GC(1609) Pause Young (Allocation Failure) 1246M->89M(1288M) 2.436ms
[237.387s][info][gc] GC(1610) Pause Young (Allocation Failure) 1200M->97M(1237M) 2.292ms
[237.900s][info][gc] GC(1611) Pause Young (Allocation Failure) 1158M->106M(1188M) 2.230ms
[238.511s][info][gc] GC(1612) Pause Young (Allocation Failure) 1118M->113M(1140M) 2.163ms
[238.985s][info][gc] GC(1613) Pause Young (Allocation Failure) 1078M->121M(1096M) 2.130ms
[239.427s][info][gc] GC(1614) Pause Young (Allocation Failure) 1043M->128M(1053M) 1.958ms
[239.865s][info][gc] GC(1615) Pause Young (Allocation Failure) 1007M->136M(1015M) 2.174ms
[240.282s][info][gc] GC(1616) Pause Young (Allocation Failure) 976M->142M(977M) 1.819ms
[240.791s][info][gc] GC(1617) Pause Young (Allocation Failure) 945M->149M(941M) 1.967ms
[241.158s][info][gc] GC(1618) Pause Young (Allocation Failure) 916M->155M(906M) 1.828ms
[241.510s][info][gc] GC(1619) Pause Young (Allocation Failure) 888M->161M(873M) 1.744ms
[241.855s][info][gc] GC(1620) Pause Full (Ergonomics) 861M->51M(822M) 14.124ms
[242.183s][info][gc] GC(1621) Pause Young (Allocation Failure) 720M->59M(809M) 1.236ms
[242.489s][info][gc] GC(1622) Pause Young (Allocation Failure) 699M->64M(772M) 1.507ms
[242.782s][info][gc] GC(1623) Pause Young (Allocation Failure) 676M->68M(744M) 1.383ms
[243.152s][info][gc] GC(1624) Pause Young (Allocation Failure) 653M->81M(728M) 1.905ms
[243.301s][info][gc] GC(1625) Pause Young (Allocation Failure) 641M->86M(700M) 1.964ms
[243.445s][info][gc] GC(1626) Pause Young (Allocation Failure) 622M->90M(774M) 1.751ms
[243.609s][info][gc] GC(1627) Pause Young (Allocation Failure) 702M->94M(863M) 1.574ms
[243.800s][info][gc] GC(1628) Pause Young (Allocation Failure) 794M->102M(967M) 1.840ms
[244.013s][info][gc] GC(1629) Pause Young (Allocation Failure) 903M->106M(1083M) 2.408ms
[244.252s][info][gc] GC(1630) Pause Young (Allocation Failure) 1024M->113M(1215M) 2.106ms
[244.530s][info][gc] GC(1631) Pause Young (Allocation Failure) 1165M->122M(1371M) 2.290ms
[244.864s][info][gc] GC(1632) Pause Young (Allocation Failure) 1326M->131M(1458M) 2.819ms
[245.217s][info][gc] GC(1633) Pause Young (Allocation Failure) 1422M->141M(1467M) 2.960ms
[245.595s][info][gc] GC(1634) Pause Young (Allocation Failure) 1431M->152M(1653M) 3.277ms
[245.992s][info][gc] GC(1635) Pause Young (Allocation Failure) 1628M->162M(1653M) 3.635ms
[246.413s][info][gc] GC(1636) Pause Full (Ergonomics) 1639M->133M(1753M) 31.888ms
[246.812s][info][gc] GC(1637) Pause Young (Allocation Failure) 1620M->151M(1753M) 2.790ms
[247.216s][info][gc] GC(1638) Pause Young (Allocation Failure) 1638M->163M(1752M) 4.162ms
[247.612s][info][gc] GC(1639) Pause Young (Allocation Failure) 1649M->174M(1752M) 3.213ms
[248.012s][info][gc] GC(1640) Pause Young (Allocation Failure) 1660M->185M(1752M) 3.619ms
[248.407s][info][gc] GC(1641) Pause Young (Allocation Failure) 1671M->197M(1752M) 3.653ms
[248.801s][info][gc] GC(1642) Pause Young (Allocation Failure) 1683M->208M(1752M) 3.534ms
[249.194s][info][gc] GC(1643) Pause Young (Allocation Failure) 1694M->220M(1752M) 3.567ms
[249.796s][info][gc] GC(1644) Pause Young (Allocation Failure) 1706M->230M(1750M) 3.811ms
[250.396s][info][gc] GC(1645) Pause Young (Allocation Failure) 1716M->240M(1751M) 4.057ms
[251.003s][info][gc] GC(1646) Pause Full (Ergonomics) 1726M->59M(1691M) 15.771ms
[251.592s][info][gc] GC(1647) Pause Young (Allocation Failure) 1547M->75M(1682M) 2.329ms
[252.300s][info][gc] GC(1648) Pause Young (Allocation Failure) 1563M->87M(1613M) 3.002ms
[252.872s][info][gc] GC(1649) Pause Young (Allocation Failure) 1505M->97M(1546M) 2.948ms
[253.416s][info][gc] GC(1650) Pause Young (Allocation Failure) 1450M->108M(1483M) 2.823ms
[254.056s][info][gc] GC(1651) Pause Young (Allocation Failure) 1398M->119M(1424M) 2.626ms
[254.543s][info][gc] GC(1652) Pause Young (Allocation Failure) 1349M->128M(1365M) 2.661ms
[255.021s][info][gc] GC(1653) Pause Young (Allocation Failure) 1302M->137M(1311M) 2.414ms
[255.471s][info][gc] GC(1654) Pause Young (Allocation Failure) 1257M->146M(1260M) 2.292ms
[256.032s][info][gc] GC(1655) Pause Young (Allocation Failure) 1215M->155M(1212M) 2.303ms
[256.437s][info][gc] GC(1656) Pause Young (Allocation Failure) 1175M->163M(1165M) 2.323ms
[256.828s][info][gc] GC(1657) Pause Young (Allocation Failure) 1138M->171M(1121M) 2.298ms
[257.195s][info][gc] GC(1658) Pause Young (Allocation Failure) 1101M->178M(1079M) 2.104ms
[257.566s][info][gc] GC(1659) Pause Full (Ergonomics) 1067M->69M(1034M) 19.096ms
[258.030s][info][gc] GC(1660) Pause Young (Allocation Failure) 918M->80M(1007M) 1.569ms
[258.356s][info][gc] GC(1661) Pause Young (Allocation Failure) 892M->86M(970M) 1.919ms
[258.660s][info][gc] GC(1662) Pause Young (Allocation Failure) 862M->92M(936M) 1.830ms
[258.956s][info][gc] GC(1663) Pause Young (Allocation Failure) 834M->98M(903M) 1.826ms
[259.235s][info][gc] GC(1664) Pause Young (Allocation Failure) 807M->103M(871M) 1.616ms
[259.504s][info][gc] GC(1665) Pause Young (Allocation Failure) 782M->109M(842M) 1.591ms
[259.894s][info][gc] GC(1666) Pause Young (Allocation Failure) 758M->113M(813M) 1.538ms
[260.132s][info][gc] GC(1667) Pause Young (Allocation Failure) 734M->124M(789M) 1.901ms
[260.346s][info][gc] GC(1668) Pause Young (Allocation Failure) 718M->128M(762M) 1.761ms
[260.552s][info][gc] GC(1669) Pause Young (Allocation Failure) 698M->133M(836M) 1.767ms
[260.784s][info][gc] GC(1670) Pause Young (Allocation Failure) 776M->138M(920M) 1.905ms
[261.039s][info][gc] GC(1671) Pause Young (Allocation Failure) 865M->142M(1012M) 1.572ms
[261.351s][info][gc] GC(1672) Pause Young (Allocation Failure) 962M->149M(977M) 1.861ms
[261.661s][info][gc] GC(1673) Pause Young (Allocation Failure) 932M->156M(943M) 1.976ms
[261.935s][info][gc] GC(1674) Pause Young (Allocation Failure) 905M->162M(910M) 1.796ms
[262.189s][info][gc] GC(1675) Pause Young (Allocation Failure) 878M->167M(1000M) 1.797ms
[262.481s][info][gc] GC(1676) Pause Young (Allocation Failure) 974M->173M(966M) 1.808ms
[262.765s][info][gc] GC(1677) Pause Young (Allocation Failure) 945M->180M(932M) 1.873ms
[263.027s][info][gc] GC(1678) Pause Young (Allocation Failure) 917M->184M(1025M) 1.980ms
[263.351s][info][gc] GC(1679) Pause Full (Ergonomics) 1017M->112M(1168M) 26.372ms
[263.714s][info][gc] GC(1680) Pause Young (Allocation Failure) 1049M->123M(1137M) 1.905ms
[264.052s][info][gc] GC(1681) Pause Young (Allocation Failure) 1019M->130M(1097M) 2.111ms
[264.363s][info][gc] GC(1682) Pause Young (Allocation Failure) 986M->137M(1056M) 1.965ms
[264.662s][info][gc] GC(1683) Pause Young (Allocation Failure) 955M->143M(1023M) 1.897ms
[264.957s][info][gc] GC(1684) Pause Young (Allocation Failure) 925M->148M(988M) 1.781ms
[265.244s][info][gc] GC(1685) Pause Young (Allocation Failure) 897M->154M(955M) 1.843ms
[265.584s][info][gc] GC(1686) Pause Young (Allocation Failure) 870M->159M(923M) 2.623ms
[265.916s][info][gc] GC(1687) Pause Young (Allocation Failure) 844M->164M(893M) 1.647ms
[266.234s][info][gc] GC(1688) Pause Young (Allocation Failure) 820M->170M(866M) 1.642ms
[266.546s][info][gc] GC(1689) Pause Young (Allocation Failure) 797M->174M(838M) 1.463ms
[266.838s][info][gc] GC(1690) Pause Young (Allocation Failure) 775M->179M(813M) 1.720ms
[267.111s][info][gc] GC(1691) Pause Young (Allocation Failure) 755M->184M(789M) 1.490ms
[267.374s][info][gc] GC(1692) Pause Young (Allocation Failure) 736M->188M(766M) 1.441ms
[267.629s][info][gc] GC(1693) Pause Young (Allocation Failure) 717M->192M(744M) 1.402ms
[267.874s][info][gc] GC(1694) Pause Young (Allocation Failure) 699M->196M(724M) 1.520ms
[268.111s][info][gc] GC(1695) Pause Young (Allocation Failure) 683M->200M(704M) 1.391ms
[268.335s][info][gc] GC(1696) Pause Young (Allocation Failure) 668M->204M(685M) 1.410ms
[268.560s][info][gc] GC(1697) Pause Young (Allocation Failure) 653M->207M(667M) 1.461ms
[268.766s][info][gc] GC(1698) Pause Young (Allocation Failure) 638M->210M(650M) 1.353ms
[268.964s][info][gc] GC(1699) Pause Young (Allocation Failure) 624M->213M(634M) 1.289ms
[269.159s][info][gc] GC(1700) Pause Young (Allocation Failure) 611M->217M(683M) 1.392ms
[269.373s][info][gc] GC(1701) Pause Young (Allocation Failure) 664M->220M(665M) 1.307ms
[269.579s][info][gc] GC(1702) Pause Young (Allocation Failure) 649M->223M(718M) 1.377ms
[269.955s][info][gc] GC(1703) Pause Young (Allocation Failure) 706M->230M(703M) 1.497ms
[270.122s][info][gc] GC(1704) Pause Young (Allocation Failure) 693M->234M(761M) 1.923ms
[270.319s][info][gc] GC(1705) Pause Full (Ergonomics) 757M->46M(765M) 9.771ms
[270.529s][info][gc] GC(1706) Pause Young (Allocation Failure) 641M->55M(749M) 1.276ms
[270.733s][info][gc] GC(1707) Pause Young (Allocation Failure) 625M->59M(725M) 1.444ms
[270.927s][info][gc] GC(1708) Pause Young (Allocation Failure) 606M->64M(702M) 1.530ms
[271.114s][info][gc] GC(1709) Pause Young (Allocation Failure) 588M->68M(681M) 1.326ms
[271.295s][info][gc] GC(1710) Pause Young (Allocation Failure) 571M->72M(662M) 2.157ms
[271.461s][info][gc] GC(1711) Pause Young (Allocation Failure) 555M->75M(727M) 1.440ms
[271.803s][info][gc] GC(1712) Pause Young (Allocation Failure) 625M->79M(705M) 1.466ms
[271.988s][info][gc] GC(1713) Pause Young (Allocation Failure) 606M->84M(684M) 1.526ms
[272.171s][info][gc] GC(1714) Pause Young (Allocation Failure) 590M->88M(753M) 1.386ms
[272.376s][info][gc] GC(1715) Pause Young (Allocation Failure) 663M->93M(831M) 1.499ms
[272.612s][info][gc] GC(1716) Pause Young (Allocation Failure) 746M->97M(918M) 1.610ms
[272.875s][info][gc] GC(1717) Pause Young (Allocation Failure) 839M->104M(889M) 1.624ms
[273.130s][info][gc] GC(1718) Pause Young (Allocation Failure) 813M->108M(857M) 1.607ms
[273.373s][info][gc] GC(1719) Pause Young (Allocation Failure) 787M->114M(829M) 1.640ms
[273.766s][info][gc] GC(1720) Pause Young (Allocation Failure) 764M->119M(800M) 1.565ms
[273.988s][info][gc] GC(1721) Pause Young (Allocation Failure) 742M->125M(775M) 1.631ms
[274.201s][info][gc] GC(1722) Pause Young (Allocation Failure) 722M->130M(751M) 1.543ms
[274.405s][info][gc] GC(1723) Pause Young (Allocation Failure) 702M->134M(727M) 1.551ms
[274.603s][info][gc] GC(1724) Pause Young (Allocation Failure) 683M->138M(801M) 1.505ms
[274.836s][info][gc] GC(1725) Pause Young (Allocation Failure) 761M->143M(887M) 1.714ms
[275.092s][info][gc] GC(1726) Pause Young (Allocation Failure) 851M->148M(856M) 1.560ms
[275.359s][info][gc] GC(1727) Pause Young (Allocation Failure) 826M->152M(827M) 1.659ms
[275.738s][info][gc] GC(1728) Pause Young (Allocation Failure) 802M->160M(801M) 1.697ms
[275.958s][info][gc] GC(1729) Pause Young (Allocation Failure) 782M->164M(774M) 1.667ms
[276.176s][info][gc] GC(1730) Pause Young (Allocation Failure) 760M->168M(749M) 1.647ms
[276.379s][info][gc] GC(1731) Pause Young (Allocation Failure) 740M->173M(725M) 1.445ms
[276.584s][info][gc] GC(1732) Pause Full (Ergonomics) 721M->60M(707M) 13.689ms
[276.772s][info][gc] GC(1733) Pause Young (Allocation Failure) 585M->68M(698M) 1.090ms
[276.950s][info][gc] GC(1734) Pause Young (Allocation Failure) 572M->72M(673M) 1.341ms
[277.125s][info][gc] GC(1735) Pause Young (Allocation Failure) 556M->76M(653M) 1.390ms
[277.434s][info][gc] GC(1736) Pause Young (Allocation Failure) 540M->80M(635M) 1.351ms
[277.589s][info][gc] GC(1737) Pause Young (Allocation Failure) 526M->83M(617M) 1.336ms
[277.741s][info][gc] GC(1738) Pause Young (Allocation Failure) 511M->87M(600M) 1.170ms
[277.885s][info][gc] GC(1739) Pause Young (Allocation Failure) 498M->89M(583M) 2.331ms
[278.030s][info][gc] GC(1740) Pause Young (Allocation Failure) 485M->93M(639M) 1.148ms
[278.193s][info][gc] GC(1741) Pause Young (Allocation Failure) 544M->96M(704M) 1.287ms
[278.371s][info][gc] GC(1742) Pause Young (Allocation Failure) 612M->100M(777M) 1.279ms
[278.580s][info][gc] GC(1743) Pause Young (Allocation Failure) 689M->105M(753M) 1.421ms
[278.778s][info][gc] GC(1744) Pause Young (Allocation Failure) 669M->109M(833M) 1.495ms
[279.009s][info][gc] GC(1745) Pause Young (Allocation Failure) 753M->114M(806M) 1.511ms
[279.378s][info][gc] GC(1746) Pause Young (Allocation Failure) 730M->124M(779M) 2.019ms
[279.595s][info][gc] GC(1747) Pause Young (Allocation Failure) 715M->131M(757M) 1.939ms
[279.801s][info][gc] GC(1748) Pause Young (Allocation Failure) 698M->135M(733M) 1.471ms
[280.002s][info][gc] GC(1749) Pause Young (Allocation Failure) 678M->139M(711M) 1.441ms
[280.191s][info][gc] GC(1750) Pause Young (Allocation Failure) 660M->142M(688M) 1.393ms
[280.368s][info][gc] GC(1751) Pause Young (Allocation Failure) 642M->147M(759M) 1.342ms
[280.569s][info][gc] GC(1752) Pause Young (Allocation Failure) 717M->151M(736M) 1.402ms
[280.765s][info][gc] GC(1753) Pause Young (Allocation Failure) 698M->155M(713M) 1.387ms
[280.950s][info][gc] GC(1754) Pause Young (Allocation Failure) 680M->160M(692M) 1.380ms
[281.130s][info][gc] GC(1755) Pause Young (Allocation Failure) 663M->164M(764M) 1.405ms
[281.337s][info][gc] GC(1756) Pause Young (Allocation Failure) 739M->168M(740M) 1.425ms
[281.535s][info][gc] GC(1757) Pause Young (Allocation Failure) 719M->173M(718M) 1.447ms
[281.727s][info][gc] GC(1758) Pause Young (Allocation Failure) 701M->177M(793M) 1.652ms
[281.938s][info][gc] GC(1759) Pause Young (Allocation Failure) 781M->181M(880M) 1.578ms
[282.181s][info][gc] GC(1760) Pause Young (Allocation Failure) 871M->187M(977M) 1.907ms
[282.487s][info][gc] GC(1761) Pause Full (Ergonomics) 975M->112M(1043M) 24.187ms
[282.776s][info][gc] GC(1762) Pause Young (Allocation Failure) 900M->122M(1006M) 1.783ms
[283.042s][info][gc] GC(1763) Pause Young (Allocation Failure) 877M->127M(972M) 1.953ms
[283.303s][info][gc] GC(1764) Pause Young (Allocation Failure) 850M->134M(940M) 1.891ms
[283.547s][info][gc] GC(1765) Pause Young (Allocation Failure) 826M->139M(1036M) 1.823ms
[283.827s][info][gc] GC(1766) Pause Young (Allocation Failure) 924M->145M(1131M) 2.099ms
[284.143s][info][gc] GC(1767) Pause Young (Allocation Failure) 1022M->152M(1132M) 2.236ms
[284.481s][info][gc] GC(1768) Pause Young (Allocation Failure) 1029M->157M(1089M) 2.130ms
[284.899s][info][gc] GC(1769) Pause Young (Allocation Failure) 996M->164M(1052M) 2.106ms
[285.298s][info][gc] GC(1770) Pause Young (Allocation Failure) 966M->170M(1017M) 2.178ms
[285.694s][info][gc] GC(1771) Pause Young (Allocation Failure) 938M->176M(984M) 2.061ms
[286.052s][info][gc] GC(1772) Pause Young (Allocation Failure) 911M->182M(953M) 1.776ms
[286.394s][info][gc] GC(1773) Pause Young (Allocation Failure) 886M->187M(923M) 1.881ms
[286.720s][info][gc] GC(1774) Pause Young (Allocation Failure) 861M->193M(894M) 1.888ms
[287.036s][info][gc] GC(1775) Pause Young (Allocation Failure) 838M->197M(867M) 1.814ms
[287.335s][info][gc] GC(1776) Pause Young (Allocation Failure) 816M->202M(841M) 1.739ms
[287.622s][info][gc] GC(1777) Pause Young (Allocation Failure) 795M->207M(817M) 1.805ms
[287.894s][info][gc] GC(1778) Pause Young (Allocation Failure) 776M->211M(793M) 1.701ms
[288.157s][info][gc] GC(1779) Pause Young (Allocation Failure) 756M->216M(771M) 1.808ms
[288.416s][info][gc] GC(1780) Pause Young (Allocation Failure) 739M->220M(750M) 1.653ms
[288.654s][info][gc] GC(1781) Pause Young (Allocation Failure) 723M->223M(729M) 1.637ms
[288.888s][info][gc] GC(1782) Pause Young (Allocation Failure) 706M->227M(711M) 1.444ms
[289.212s][info][gc] GC(1783) Pause Young (Allocation Failure) 691M->235M(696M) 2.162ms
[289.356s][info][gc] GC(1784) Pause Young (Allocation Failure) 680M->238M(757M) 1.721ms
[289.526s][info][gc] GC(1785) Pause Young (Allocation Failure) 746M->241M(830M) 1.647ms
[289.727s][info][gc] GC(1786) Pause Full (Ergonomics) 823M->53M(858M) 10.995ms
[289.951s][info][gc] GC(1787) Pause Young (Allocation Failure) 721M->63M(841M) 1.510ms
[290.170s][info][gc] GC(1788) Pause Young (Allocation Failure) 703M->68M(813M) 1.744ms
[290.373s][info][gc] GC(1789) Pause Young (Allocation Failure) 682M->73M(902M) 1.938ms
[290.601s][info][gc] GC(1790) Pause Young (Allocation Failure) 776M->78M(999M) 1.753ms
[291.026s][info][gc] GC(1791) Pause Young (Allocation Failure) 882M->87M(971M) 1.852ms
[291.280s][info][gc] GC(1792) Pause Young (Allocation Failure) 856M->91M(936M) 1.798ms
[291.522s][info][gc] GC(1793) Pause Young (Allocation Failure) 828M->98M(906M) 1.858ms
[291.753s][info][gc] GC(1794) Pause Young (Allocation Failure) 804M->104M(875M) 1.672ms
[291.974s][info][gc] GC(1795) Pause Young (Allocation Failure) 780M->109M(848M) 1.716ms
[292.187s][info][gc] GC(1796) Pause Young (Allocation Failure) 757M->114M(821M) 1.658ms
[292.388s][info][gc] GC(1797) Pause Young (Allocation Failure) 736M->119M(911M) 1.658ms
[292.793s][info][gc] GC(1798) Pause Young (Allocation Failure) 831M->124M(880M) 1.789ms
[293.017s][info][gc] GC(1799) Pause Young (Allocation Failure) 806M->130M(853M) 1.779ms
[293.229s][info][gc] GC(1800) Pause Young (Allocation Failure) 783M->135M(825M) 1.600ms
[293.443s][info][gc] GC(1801) Pause Young (Allocation Failure) 761M->139M(799M) 1.744ms
[293.651s][info][gc] GC(1802) Pause Young (Allocation Failure) 739M->145M(775M) 1.532ms
[293.841s][info][gc] GC(1803) Pause Young (Allocation Failure) 721M->149M(858M) 1.569ms
[294.054s][info][gc] GC(1804) Pause Young (Allocation Failure) 808M->154M(954M) 1.599ms
[294.479s][info][gc] GC(1805) Pause Young (Allocation Failure) 909M->161M(924M) 1.802ms
[294.732s][info][gc] GC(1806) Pause Young (Allocation Failure) 884M->167M(889M) 2.226ms
[294.971s][info][gc] GC(1807) Pause Young (Allocation Failure) 859M->172M(863M) 1.607ms
[295.199s][info][gc] GC(1808) Pause Young (Allocation Failure) 835M->177M(835M) 1.869ms
[295.417s][info][gc] GC(1809) Pause Young (Allocation Failure) 813M->181M(809M) 2.055ms
[295.626s][info][gc] GC(1810) Pause Young (Allocation Failure) 791M->187M(899M) 1.980ms
[295.886s][info][gc] GC(1811) Pause Young (Allocation Failure) 887M->192M(980M) 1.840ms
[296.313s][info][gc] GC(1812) Pause Full (Ergonomics) 967M->45M(924M) 7.301ms
[296.552s][info][gc] GC(1813) Pause Young (Allocation Failure) 788M->56M(907M) 1.470ms
[296.779s][info][gc] GC(1814) Pause Young (Allocation Failure) 767M->61M(872M) 1.794ms
[297.000s][info][gc] GC(1815) Pause Young (Allocation Failure) 742M->66M(843M) 1.639ms
[297.212s][info][gc] GC(1816) Pause Young (Allocation Failure) 718M->71M(816M) 1.515ms
[297.415s][info][gc] GC(1817) Pause Young (Allocation Failure) 696M->76M(791M) 2.276ms
[297.610s][info][gc] GC(1818) Pause Young (Allocation Failure) 676M->81M(766M) 1.538ms
[297.956s][info][gc] GC(1819) Pause Young (Allocation Failure) 656M->83M(740M) 1.338ms
[298.135s][info][gc] GC(1820) Pause Young (Allocation Failure) 635M->94M(723M) 1.997ms
[298.300s][info][gc] GC(1821) Pause Young (Allocation Failure) 624M->99M(803M) 1.661ms
[298.494s][info][gc] GC(1822) Pause Young (Allocation Failure) 710M->104M(895M) 1.701ms
[298.705s][info][gc] GC(1823) Pause Young (Allocation Failure) 810M->109M(938M) 1.619ms
[298.935s][info][gc] GC(1824) Pause Young (Allocation Failure) 850M->115M(1013M) 1.986ms
[299.188s][info][gc] GC(1825) Pause Young (Allocation Failure) 931M->122M(1012M) 2.377ms
[299.436s][info][gc] GC(1826) Pause Young (Allocation Failure) 938M->128M(1140M) 2.302ms
[299.736s][info][gc] GC(1827) Pause Young (Allocation Failure) 1071M->134M(1140M) 2.467ms
[300.039s][info][gc] GC(1828) Pause Young (Allocation Failure) 1077M->142M(1288M) 2.933ms
[300.381s][info][gc] GC(1829) Pause Young (Allocation Failure) 1233M->150M(1288M) 2.969ms
[300.724s][info][gc] GC(1830) Pause Young (Allocation Failure) 1241M->159M(1458M) 2.993ms
[301.107s][info][gc] GC(1831) Pause Young (Allocation Failure) 1420M->169M(1459M) 3.389ms
[301.495s][info][gc] GC(1832) Pause Young (Allocation Failure) 1429M->177M(1657M) 3.195ms
[301.947s][info][gc] GC(1833) Pause Young (Allocation Failure) 1635M->189M(1658M) 3.980ms
[302.427s][info][gc] GC(1834) Pause Full (Ergonomics) 1647M->138M(1803M) 35.094ms
[302.898s][info][gc] GC(1835) Pause Young (Allocation Failure) 1635M->156M(1801M) 3.012ms
[303.362s][info][gc] GC(1836) Pause Young (Allocation Failure) 1653M->167M(1800M) 3.717ms
[303.826s][info][gc] GC(1837) Pause Young (Allocation Failure) 1660M->179M(1797M) 3.444ms
[304.291s][info][gc] GC(1838) Pause Young (Allocation Failure) 1672M->189M(1800M) 3.086ms
[304.934s][info][gc] GC(1839) Pause Young (Allocation Failure) 1681M->203M(1797M) 3.722ms
[305.532s][info][gc] GC(1840) Pause Young (Allocation Failure) 1695M->215M(1800M) 4.937ms
[306.080s][info][gc] GC(1841) Pause Young (Allocation Failure) 1705M->226M(1793M) 3.345ms
[306.632s][info][gc] GC(1842) Pause Young (Allocation Failure) 1717M->238M(1725M) 3.579ms
[307.171s][info][gc] GC(1843) Pause Young (Allocation Failure) 1661M->249M(1793M) 7.959ms
[307.716s][info][gc] GC(1844) Pause Young (Allocation Failure) 1734M->260M(1799M) 3.337ms
[308.259s][info][gc] GC(1845) Pause Young (Allocation Failure) 1753M->271M(1800M) 3.482ms
[308.809s][info][gc] GC(1846) Pause Young (Allocation Failure) 1764M->283M(1801M) 3.732ms
[309.354s][info][gc] GC(1847) Pause Young (Allocation Failure) 1778M->295M(1801M) 3.476ms
[309.957s][info][gc] GC(1848) Pause Full (Ergonomics) 1789M->140M(1817M) 40.318ms
[310.877s][info][gc] GC(1849) Pause Young (Allocation Failure) 1635M->152M(1742M) 2.282ms
[312.241s][info][gc] GC(1850) Pause Young (Allocation Failure) 1580M->164M(1672M) 3.283ms
[313.546s][info][gc] GC(1851) Pause Young (Allocation Failure) 1527M->174M(1615M) 2.365ms
[314.789s][info][gc] GC(1852) Pause Young (Allocation Failure) 1476M->184M(1556M) 2.648ms
[316.730s][info][gc] GC(1853) Pause Young (Allocation Failure) 1427M->195M(1501M) 3.101ms
[319.010s][info][gc] GC(1854) Pause Young (Allocation Failure) 1382M->204M(1458M) 2.378ms
[321.164s][info][gc] GC(1855) Pause Young (Allocation Failure) 1339M->213M(1411M) 2.882ms
[323.213s][info][gc] GC(1856) Pause Young (Allocation Failure) 1298M->221M(1343M) 3.368ms
[325.268s][info][gc] GC(1857) Pause Young (Allocation Failure) 1258M->230M(1304M) 1.854ms
[327.141s][info][gc] GC(1858) Pause Young (Allocation Failure) 1222M->237M(1268M) 2.647ms
[328.930s][info][gc] GC(1859) Pause Young (Allocation Failure) 1186M->245M(1235M) 2.562ms
[330.636s][info][gc] GC(1860) Pause Young (Allocation Failure) 1153M->252M(1192M) 3.096ms
[332.279s][info][gc] GC(1861) Pause Young (Allocation Failure) 1121M->259M(1147M) 3.108ms
[333.844s][info][gc] GC(1862) Pause Young (Allocation Failure) 1091M->265M(1118M) 1.946ms
[335.403s][info][gc] GC(1863) Pause Young (Allocation Failure) 1062M->271M(1091M) 2.304ms
[336.841s][info][gc] GC(1864) Pause Young (Allocation Failure) 1035M->278M(1057M) 2.667ms
[338.224s][info][gc] GC(1865) Pause Young (Allocation Failure) 1009M->283M(1028M) 2.511ms
[339.563s][info][gc] GC(1866) Pause Young (Allocation Failure) 984M->289M(1002M) 2.711ms
[340.830s][info][gc] GC(1867) Pause Young (Allocation Failure) 961M->294M(968M) 2.812ms
[342.064s][info][gc] GC(1868) Pause Young (Allocation Failure) 939M->299M(947M) 2.253ms
[343.257s][info][gc] GC(1869) Pause Young (Allocation Failure) 918M->304M(927M) 3.074ms
[344.397s][info][gc] GC(1870) Pause Young (Allocation Failure) 897M->309M(890M) 3.882ms
[345.540s][info][gc] GC(1871) Pause Full (Ergonomics) 879M->27M(740M) 6.240ms
[346.582s][info][gc] GC(1872) Pause Young (Allocation Failure) 574M->32M(724M) 1.263ms
[347.582s][info][gc] GC(1873) Pause Young (Allocation Failure) 558M->36M(707M) 1.083ms
[348.524s][info][gc] GC(1874) Pause Young (Allocation Failure) 541M->40M(692M) 1.304ms
[349.448s][info][gc] GC(1875) Pause Young (Allocation Failure) 526M->43M(677M) 1.431ms
[350.356s][info][gc] GC(1876) Pause Young (Allocation Failure) 511M->47M(663M) 1.590ms
[351.221s][info][gc] GC(1877) Pause Young (Allocation Failure) 497M->50M(649M) 1.999ms
[352.043s][info][gc] GC(1878) Pause Young (Allocation Failure) 483M->54M(637M) 1.844ms
[352.831s][info][gc] GC(1879) Pause Young (Allocation Failure) 471M->57M(625M) 2.623ms
[353.593s][info][gc] GC(1880) Pause Young (Allocation Failure) 459M->60M(602M) 2.200ms
[354.328s][info][gc] GC(1881) Pause Young (Allocation Failure) 447M->63M(591M) 2.064ms
[355.098s][info][gc] GC(1882) Pause Young (Allocation Failure) 436M->67M(582M) 1.875ms
[355.786s][info][gc] GC(1883) Pause Young (Allocation Failure) 427M->70M(573M) 2.039ms
[356.434s][info][gc] GC(1884) Pause Young (Allocation Failure) 418M->72M(553M) 2.269ms
[357.060s][info][gc] GC(1885) Pause Young (Allocation Failure) 408M->75M(544M) 1.965ms
[357.681s][info][gc] GC(1886) Pause Young (Allocation Failure) 399M->77M(532M) 2.050ms
[358.262s][info][gc] GC(1887) Pause Young (Allocation Failure) 391M->80M(519M) 1.935ms
[358.838s][info][gc] GC(1888) Pause Young (Allocation Failure) 383M->82M(508M) 3.045ms
[359.387s][info][gc] GC(1889) Pause Young (Allocation Failure) 375M->84M(497M) 1.889ms
[359.949s][info][gc] GC(1890) Pause Young (Allocation Failure) 368M->87M(487M) 1.777ms
[360.475s][info][gc] GC(1891) Pause Young (Allocation Failure) 361M->89M(479M) 1.675ms
[360.981s][info][gc] GC(1892) Pause Young (Allocation Failure) 354M->91M(472M) 1.630ms
[361.465s][info][gc] GC(1893) Pause Young (Allocation Failure) 348M->93M(466M) 2.124ms
[361.937s][info][gc] GC(1894) Pause Young (Allocation Failure) 342M->95M(460M) 1.779ms
[362.388s][info][gc] GC(1895) Pause Young (Allocation Failure) 336M->97M(452M) 1.930ms
[362.833s][info][gc] GC(1896) Pause Young (Allocation Failure) 331M->99M(438M) 1.768ms
[363.254s][info][gc] GC(1897) Pause Young (Allocation Failure) 326M->100M(430M) 1.536ms
[363.667s][info][gc] GC(1898) Pause Young (Allocation Failure) 320M->102M(422M) 1.339ms
[364.083s][info][gc] GC(1899) Pause Young (Allocation Failure) 316M->104M(415M) 1.288ms
[364.526s][info][gc] GC(1900) Pause Young (Allocation Failure) 312M->106M(408M) 1.342ms
[364.911s][info][gc] GC(1901) Pause Young (Allocation Failure) 308M->108M(403M) 2.202ms
[365.286s][info][gc] GC(1902) Pause Young (Allocation Failure) 304M->109M(398M) 1.225ms
[365.648s][info][gc] GC(1903) Pause Young (Allocation Failure) 300M->111M(392M) 1.255ms
[366.004s][info][gc] GC(1904) Pause Young (Allocation Failure) 297M->112M(388M) 1.191ms
[366.343s][info][gc] GC(1905) Pause Young (Allocation Failure) 293M->114M(382M) 1.758ms
[366.673s][info][gc] GC(1906) Pause Young (Allocation Failure) 290M->115M(376M) 1.372ms
[366.991s][info][gc] GC(1907) Pause Young (Allocation Failure) 287M->117M(369M) 1.311ms
[367.312s][info][gc] GC(1908) Pause Young (Allocation Failure) 284M->118M(363M) 1.022ms
[367.618s][info][gc] GC(1909) Pause Young (Allocation Failure) 281M->119M(358M) 0.904ms
[367.917s][info][gc] GC(1910) Pause Young (Allocation Failure) 278M->120M(352M) 1.234ms
[368.210s][info][gc] GC(1911) Pause Young (Allocation Failure) 275M->122M(348M) 0.771ms
[368.493s][info][gc] GC(1912) Pause Young (Allocation Failure) 273M->123M(345M) 0.855ms
[368.767s][info][gc] GC(1913) Pause Young (Allocation Failure) 270M->124M(341M) 0.680ms
[369.039s][info][gc] GC(1914) Pause Young (Allocation Failure) 268M->125M(337M) 0.715ms
[369.314s][info][gc] GC(1915) Pause Young (Allocation Failure) 266M->126M(335M) 0.674ms
[369.569s][info][gc] GC(1916) Pause Young (Allocation Failure) 264M->128M(334M) 1.161ms
[369.824s][info][gc] GC(1917) Pause Young (Allocation Failure) 262M->128M(331M) 0.717ms
[370.080s][info][gc] GC(1918) Pause Young (Allocation Failure) 260M->129M(329M) 0.895ms
[370.341s][info][gc] GC(1919) Pause Young (Allocation Failure) 258M->130M(326M) 1.020ms
[370.578s][info][gc] GC(1920) Pause Young (Allocation Failure) 256M->131M(324M) 0.877ms
[370.809s][info][gc] GC(1921) Pause Young (Allocation Failure) 254M->132M(321M) 0.876ms
[371.039s][info][gc] GC(1922) Pause Young (Allocation Failure) 253M->133M(318M) 1.167ms
[371.261s][info][gc] GC(1923) Pause Young (Allocation Failure) 251M->134M(315M) 0.851ms
[371.481s][info][gc] GC(1924) Pause Young (Allocation Failure) 250M->135M(311M) 0.841ms
[371.707s][info][gc] GC(1925) Pause Young (Allocation Failure) 248M->136M(308M) 0.814ms
[371.912s][info][gc] GC(1926) Pause Young (Allocation Failure) 247M->137M(305M) 0.748ms
[372.119s][info][gc] GC(1927) Pause Young (Allocation Failure) 246M->138M(302M) 0.666ms
[372.320s][info][gc] GC(1928) Pause Young (Allocation Failure) 245M->139M(299M) 0.959ms
[372.533s][info][gc] GC(1929) Pause Young (Allocation Failure) 244M->139M(297M) 0.577ms
[372.734s][info][gc] GC(1930) Pause Young (Allocation Failure) 242M->140M(295M) 0.612ms
[372.931s][info][gc] GC(1931) Pause Young (Allocation Failure) 241M->141M(293M) 0.553ms
[373.119s][info][gc] GC(1932) Pause Young (Allocation Failure) 240M->142M(291M) 0.523ms
[373.304s][info][gc] GC(1933) Pause Young (Allocation Failure) 239M->142M(289M) 0.488ms
[373.482s][info][gc] GC(1934) Pause Young (Allocation Failure) 238M->143M(288M) 0.581ms
[373.662s][info][gc] GC(1935) Pause Young (Allocation Failure) 237M->144M(300M) 0.920ms
[373.837s][info][gc] GC(1936) Pause Young (Allocation Failure) 237M->145M(285M) 0.565ms
[374.057s][info][gc] GC(1937) Pause Young (Allocation Failure) 236M->146M(284M) 0.656ms
[374.227s][info][gc] GC(1938) Pause Young (Allocation Failure) 236M->147M(282M) 0.698ms
[374.390s][info][gc] GC(1939) Pause Young (Allocation Failure) 235M->148M(280M) 0.519ms
[374.568s][info][gc] GC(1940) Pause Young (Allocation Failure) 234M->148M(279M) 0.781ms
[374.728s][info][gc] GC(1941) Pause Young (Allocation Failure) 233M->149M(277M) 0.463ms
[374.883s][info][gc] GC(1942) Pause Young (Allocation Failure) 232M->150M(276M) 0.506ms
[375.040s][info][gc] GC(1943) Pause Young (Allocation Failure) 232M->150M(275M) 0.528ms
[375.201s][info][gc] GC(1944) Pause Young (Allocation Failure) 231M->151M(274M) 0.870ms
[375.353s][info][gc] GC(1945) Pause Young (Allocation Failure) 231M->152M(273M) 0.531ms
[375.495s][info][gc] GC(1946) Pause Young (Allocation Failure) 231M->152M(272M) 0.557ms
[375.640s][info][gc] GC(1947) Pause Young (Allocation Failure) 230M->153M(271M) 0.504ms
[375.781s][info][gc] GC(1948) Pause Young (Allocation Failure) 230M->154M(270M) 0.528ms
[375.931s][info][gc] GC(1949) Pause Young (Allocation Failure) 230M->154M(269M) 0.487ms
[376.066s][info][gc] GC(1950) Pause Young (Allocation Failure) 229M->155M(268M) 0.509ms
[376.204s][info][gc] GC(1951) Pause Young (Allocation Failure) 229M->155M(266M) 0.899ms
[376.345s][info][gc] GC(1952) Pause Young (Allocation Failure) 228M->156M(266M) 0.465ms
[376.475s][info][gc] GC(1953) Pause Young (Allocation Failure) 228M->157M(265M) 0.455ms
[376.617s][info][gc] GC(1954) Pause Young (Allocation Failure) 228M->157M(264M) 0.551ms
[376.752s][info][gc] GC(1955) Pause Young (Allocation Failure) 227M->158M(263M) 0.449ms
[376.885s][info][gc] GC(1956) Pause Young (Allocation Failure) 227M->158M(262M) 0.487ms
[377.006s][info][gc] GC(1957) Pause Young (Allocation Failure) 226M->159M(261M) 0.495ms
[377.139s][info][gc] GC(1958) Pause Young (Allocation Failure) 226M->159M(260M) 0.541ms
[377.264s][info][gc] GC(1959) Pause Young (Allocation Failure) 225M->160M(259M) 0.515ms
[377.397s][info][gc] GC(1960) Pause Young (Allocation Failure) 225M->161M(258M) 0.448ms
[377.511s][info][gc] GC(1961) Pause Young (Allocation Failure) 225M->161M(257M) 0.527ms
[377.635s][info][gc] GC(1962) Pause Young (Allocation Failure) 224M->161M(257M) 0.510ms
[377.746s][info][gc] GC(1963) Pause Young (Allocation Failure) 224M->162M(256M) 0.443ms
[377.872s][info][gc] GC(1964) Pause Young (Allocation Failure) 224M->163M(256M) 0.476ms
[377.984s][info][gc] GC(1965) Pause Young (Allocation Failure) 225M->163M(255M) 0.469ms
[378.101s][info][gc] GC(1966) Pause Young (Allocation Failure) 224M->163M(255M) 0.475ms
[378.211s][info][gc] GC(1967) Pause Young (Allocation Failure) 224M->164M(254M) 0.477ms
[378.328s][info][gc] GC(1968) Pause Young (Allocation Failure) 224M->164M(254M) 0.516ms
[378.447s][info][gc] GC(1969) Pause Young (Allocation Failure) 224M->165M(253M) 0.713ms
[378.558s][info][gc] GC(1970) Pause Young (Allocation Failure) 224M->165M(253M) 0.494ms
[378.665s][info][gc] GC(1971) Pause Young (Allocation Failure) 224M->166M(252M) 0.453ms
[378.776s][info][gc] GC(1972) Pause Young (Allocation Failure) 224M->166M(252M) 0.533ms
[378.882s][info][gc] GC(1973) Pause Young (Allocation Failure) 224M->167M(251M) 0.479ms
[378.988s][info][gc] GC(1974) Pause Young (Allocation Failure) 224M->168M(251M) 0.495ms
[379.091s][info][gc] GC(1975) Pause Young (Allocation Failure) 225M->168M(250M) 0.464ms
[379.196s][info][gc] GC(1976) Pause Young (Allocation Failure) 224M->168M(250M) 0.456ms
[379.299s][info][gc] GC(1977) Pause Young (Allocation Failure) 224M->169M(249M) 0.430ms
[379.420s][info][gc] GC(1978) Pause Young (Allocation Failure) 224M->169M(249M) 0.399ms
[379.520s][info][gc] GC(1979) Pause Young (Allocation Failure) 224M->170M(248M) 0.388ms
[379.617s][info][gc] GC(1980) Pause Young (Allocation Failure) 224M->170M(248M) 0.374ms
[379.722s][info][gc] GC(1981) Pause Young (Allocation Failure) 224M->170M(247M) 0.388ms
[379.822s][info][gc] GC(1982) Pause Young (Allocation Failure) 224M->171M(247M) 0.553ms
[379.935s][info][gc] GC(1983) Pause Young (Allocation Failure) 224M->171M(246M) 0.390ms
[380.034s][info][gc] GC(1984) Pause Young (Allocation Failure) 224M->172M(246M) 0.361ms
[380.127s][info][gc] GC(1985) Pause Young (Allocation Failure) 224M->172M(245M) 0.379ms
[380.229s][info][gc] GC(1986) Pause Young (Allocation Failure) 224M->173M(245M) 0.385ms
[380.330s][info][gc] GC(1987) Pause Young (Allocation Failure) 224M->173M(244M) 0.734ms
[380.432s][info][gc] GC(1988) Pause Young (Allocation Failure) 224M->173M(244M) 0.535ms
[380.532s][info][gc] GC(1989) Pause Young (Allocation Failure) 223M->174M(243M) 0.538ms
[380.637s][info][gc] GC(1990) Pause Young (Allocation Failure) 223M->174M(243M) 0.534ms
[380.733s][info][gc] GC(1991) Pause Young (Allocation Failure) 223M->175M(242M) 0.423ms
[380.829s][info][gc] GC(1992) Pause Young (Allocation Failure) 223M->175M(242M) 0.561ms
[380.924s][info][gc] GC(1993) Pause Young (Allocation Failure) 223M->175M(241M) 0.394ms
[381.016s][info][gc] GC(1994) Pause Young (Allocation Failure) 223M->176M(241M) 0.361ms
[381.094s][info][gc] GC(1995) Pause Young (Allocation Failure) 223M->176M(240M) 0.308ms
[381.184s][info][gc] GC(1996) Pause Young (Allocation Failure) 222M->176M(240M) 0.495ms
[381.273s][info][gc] GC(1997) Pause Young (Allocation Failure) 222M->177M(239M) 0.388ms
[381.363s][info][gc] GC(1998) Pause Young (Allocation Failure) 222M->177M(239M) 0.365ms
[381.451s][info][gc] GC(1999) Pause Young (Allocation Failure) 222M->178M(238M) 0.573ms
[381.539s][info][gc] GC(2000) Pause Young (Allocation Failure) 222M->178M(238M) 0.368ms
[381.622s][info][gc] GC(2001) Pause Young (Allocation Failure) 222M->178M(237M) 0.378ms
[381.709s][info][gc] GC(2002) Pause Young (Allocation Failure) 222M->179M(236M) 0.380ms
[381.779s][info][gc] GC(2003) Pause Young (Allocation Failure) 222M->179M(237M) 0.323ms
[381.865s][info][gc] GC(2004) Pause Young (Allocation Failure) 222M->180M(237M) 0.476ms
[381.954s][info][gc] GC(2005) Pause Young (Allocation Failure) 223M->181M(237M) 0.457ms
[382.036s][info][gc] GC(2006) Pause Young (Allocation Failure) 224M->181M(237M) 0.561ms
[382.124s][info][gc] GC(2007) Pause Young (Allocation Failure) 224M->181M(237M) 0.685ms
[382.215s][info][gc] GC(2008) Pause Young (Allocation Failure) 224M->182M(237M) 0.590ms
[382.286s][info][gc] GC(2009) Pause Young (Allocation Failure) 225M->181M(236M) 0.355ms
[382.377s][info][gc] GC(2010) Pause Young (Allocation Failure) 224M->183M(236M) 0.517ms
[382.463s][info][gc] GC(2011) Pause Young (Allocation Failure) 226M->183M(237M) 0.534ms
[382.544s][info][gc] GC(2012) Pause Young (Allocation Failure) 226M->184M(237M) 0.542ms
[382.633s][info][gc] GC(2013) Pause Young (Allocation Failure) 227M->184M(237M) 0.423ms
[382.718s][info][gc] GC(2014) Pause Young (Allocation Failure) 227M->185M(237M) 0.370ms
[382.790s][info][gc] GC(2015) Pause Young (Allocation Failure) 227M->184M(236M) 0.316ms
[382.871s][info][gc] GC(2016) Pause Young (Allocation Failure) 227M->185M(236M) 0.375ms
[382.956s][info][gc] GC(2017) Pause Young (Allocation Failure) 228M->186M(237M) 0.377ms
[383.037s][info][gc] GC(2018) Pause Young (Allocation Failure) 229M->186M(237M) 0.356ms
[383.120s][info][gc] GC(2019) Pause Young (Allocation Failure) 229M->186M(237M) 0.508ms
[383.201s][info][gc] GC(2020) Pause Young (Allocation Failure) 229M->187M(237M) 0.352ms
[383.290s][info][gc] GC(2021) Pause Young (Allocation Failure) 230M->187M(237M) 0.498ms
[383.362s][info][gc] GC(2022) Pause Young (Allocation Failure) 230M->187M(236M) 0.479ms
[383.447s][info][gc] GC(2023) Pause Young (Allocation Failure) 230M->188M(237M) 0.379ms
[383.530s][info][gc] GC(2024) Pause Young (Allocation Failure) 231M->189M(237M) 0.466ms
[383.612s][info][gc] GC(2025) Pause Young (Allocation Failure) 232M->189M(237M) 0.358ms
[383.690s][info][gc] GC(2026) Pause Young (Allocation Failure) 232M->189M(237M) 0.366ms
[383.803s][info][gc] GC(2027) Pause Young (Allocation Failure) 232M->189M(236M) 0.464ms
[383.905s][info][gc] GC(2028) Pause Young (Allocation Failure) 232M->191M(237M) 0.649ms
[383.987s][info][gc] GC(2029) Pause Young (Allocation Failure) 234M->191M(237M) 0.440ms
[384.072s][info][gc] GC(2030) Pause Young (Allocation Failure) 234M->191M(236M) 0.344ms
[384.150s][info][gc] GC(2031) Pause Young (Allocation Failure) 234M->192M(237M) 0.401ms
[384.233s][info][gc] GC(2032) Pause Young (Allocation Failure) 235M->193M(237M) 0.341ms
[384.314s][info][gc] GC(2033) Pause Full (Ergonomics) 236M->26M(210M) 6.051ms
[384.398s][info][gc] GC(2034) Pause Young (Allocation Failure) 69M->27M(210M) 0.287ms
[384.485s][info][gc] GC(2035) Pause Young (Allocation Failure) 70M->28M(210M) 0.384ms
[384.571s][info][gc] GC(2036) Pause Young (Allocation Failure) 70M->28M(210M) 0.462ms
[384.654s][info][gc] GC(2037) Pause Young (Allocation Failure) 70M->28M(210M) 0.374ms
[384.737s][info][gc] GC(2038) Pause Young (Allocation Failure) 71M->29M(210M) 0.428ms
[384.812s][info][gc] GC(2039) Pause Young (Allocation Failure) 71M->29M(210M) 0.390ms
[384.895s][info][gc] GC(2040) Pause Young (Allocation Failure) 71M->29M(210M) 0.362ms
[384.980s][info][gc] GC(2041) Pause Young (Allocation Failure) 72M->30M(210M) 0.328ms
[385.063s][info][gc] GC(2042) Pause Young (Allocation Failure) 73M->30M(210M) 0.440ms
[385.145s][info][gc] GC(2043) Pause Young (Allocation Failure) 73M->31M(210M) 0.302ms
[385.232s][info][gc] GC(2044) Pause Young (Allocation Failure) 73M->31M(210M) 0.294ms
[385.317s][info][gc] GC(2045) Pause Young (Allocation Failure) 74M->31M(210M) 0.305ms
[385.391s][info][gc] GC(2046) Pause Young (Allocation Failure) 74M->32M(209M) 0.299ms
[385.472s][info][gc] GC(2047) Pause Young (Allocation Failure) 74M->33M(211M) 0.292ms
[385.555s][info][gc] GC(2048) Pause Young (Allocation Failure) 75M->33M(210M) 0.290ms
[385.634s][info][gc] GC(2049) Pause Young (Allocation Failure) 76M->33M(210M) 0.371ms
[385.718s][info][gc] GC(2050) Pause Young (Allocation Failure) 76M->34M(210M) 0.294ms
[385.794s][info][gc] GC(2051) Pause Young (Allocation Failure) 76M->34M(210M) 0.282ms
[385.870s][info][gc] GC(2052) Pause Young (Allocation Failure) 76M->34M(210M) 0.430ms
[385.950s][info][gc] GC(2053) Pause Young (Allocation Failure) 77M->35M(210M) 0.298ms
[386.032s][info][gc] GC(2054) Pause Young (Allocation Failure) 78M->36M(210M) 0.307ms
[386.111s][info][gc] GC(2055) Pause Young (Allocation Failure) 78M->36M(210M) 0.288ms
[386.199s][info][gc] GC(2056) Pause Young (Allocation Failure) 78M->36M(210M) 0.273ms
[386.278s][info][gc] GC(2057) Pause Young (Allocation Failure) 79M->37M(210M) 0.313ms
[386.352s][info][gc] GC(2058) Pause Young (Allocation Failure) 79M->37M(210M) 0.377ms
[386.434s][info][gc] GC(2059) Pause Young (Allocation Failure) 79M->38M(210M) 0.291ms
[386.513s][info][gc] GC(2060) Pause Young (Allocation Failure) 80M->38M(210M) 0.397ms
[386.597s][info][gc] GC(2061) Pause Young (Allocation Failure) 81M->39M(210M) 0.287ms
[386.671s][info][gc] GC(2062) Pause Young (Allocation Failure) 81M->39M(210M) 0.274ms
[386.753s][info][gc] GC(2063) Pause Young (Allocation Failure) 81M->39M(210M) 0.354ms
[386.829s][info][gc] GC(2064) Pause Young (Allocation Failure) 82M->40M(210M) 0.284ms
[386.912s][info][gc] GC(2065) Pause Young (Allocation Failure) 82M->40M(211M) 0.296ms
[386.992s][info][gc] GC(2066) Pause Young (Allocation Failure) 83M->41M(210M) 0.281ms
[387.070s][info][gc] GC(2067) Pause Young (Allocation Failure) 83M->41M(210M) 0.522ms
[387.149s][info][gc] GC(2068) Pause Young (Allocation Failure) 84M->41M(210M) 0.305ms
[387.232s][info][gc] GC(2069) Pause Young (Allocation Failure) 84M->42M(210M) 0.286ms
[387.301s][info][gc] GC(2070) Pause Young (Allocation Failure) 84M->42M(209M) 0.289ms
[387.384s][info][gc] GC(2071) Pause Young (Allocation Failure) 84M->43M(210M) 0.287ms
[387.464s][info][gc] GC(2072) Pause Young (Allocation Failure) 85M->43M(210M) 0.272ms
[387.541s][info][gc] GC(2073) Pause Young (Allocation Failure) 86M->44M(210M) 0.311ms
[387.624s][info][gc] GC(2074) Pause Young (Allocation Failure) 86M->44M(209M) 0.388ms
[387.701s][info][gc] GC(2075) Pause Young (Allocation Failure) 86M->45M(211M) 0.319ms
[387.776s][info][gc] GC(2076) Pause Young (Allocation Failure) 87M->45M(210M) 0.290ms
[387.862s][info][gc] GC(2077) Pause Young (Allocation Failure) 87M->46M(210M) 0.305ms
[387.949s][info][gc] GC(2078) Pause Young (Allocation Failure) 88M->46M(210M) 0.298ms
[388.026s][info][gc] GC(2079) Pause Young (Allocation Failure) 89M->47M(210M) 0.381ms
[388.113s][info][gc] GC(2080) Pause Young (Allocation Failure) 89M->47M(210M) 0.313ms
[388.197s][info][gc] GC(2081) Pause Young (Allocation Failure) 90M->47M(210M) 0.291ms
[388.266s][info][gc] GC(2082) Pause Young (Allocation Failure) 90M->48M(210M) 0.281ms
[388.347s][info][gc] GC(2083) Pause Young (Allocation Failure) 90M->48M(210M) 0.315ms
[388.430s][info][gc] GC(2084) Pause Young (Allocation Failure) 91M->49M(210M) 0.306ms
[388.510s][info][gc] GC(2085) Pause Young (Allocation Failure) 91M->49M(210M) 0.434ms
[388.592s][info][gc] GC(2086) Pause Young (Allocation Failure) 92M->49M(210M) 0.281ms
[388.666s][info][gc] GC(2087) Pause Young (Allocation Failure) 92M->50M(210M) 0.281ms
[388.745s][info][gc] GC(2088) Pause Young (Allocation Failure) 92M->50M(210M) 0.305ms
[388.827s][info][gc] GC(2089) Pause Young (Allocation Failure) 93M->51M(210M) 0.295ms
[388.910s][info][gc] GC(2090) Pause Young (Allocation Failure) 94M->51M(210M) 0.550ms
[388.991s][info][gc] GC(2091) Pause Young (Allocation Failure) 94M->52M(210M) 0.288ms
[389.074s][info][gc] GC(2092) Pause Young (Allocation Failure) 94M->52M(210M) 0.370ms
[389.159s][info][gc] GC(2093) Pause Young (Allocation Failure) 95M->52M(210M) 0.310ms
[389.229s][info][gc] GC(2094) Pause Young (Allocation Failure) 95M->53M(209M) 0.287ms
[389.310s][info][gc] GC(2095) Pause Young (Allocation Failure) 95M->54M(211M) 0.307ms
[389.397s][info][gc] GC(2096) Pause Young (Allocation Failure) 96M->54M(210M) 0.323ms
[389.477s][info][gc] GC(2097) Pause Young (Allocation Failure) 97M->54M(210M) 0.308ms
[389.557s][info][gc] GC(2098) Pause Young (Allocation Failure) 97M->55M(210M) 0.393ms
[389.642s][info][gc] GC(2099) Pause Young (Allocation Failure) 97M->55M(210M) 0.306ms
[389.715s][info][gc] GC(2100) Pause Young (Allocation Failure) 98M->56M(210M) 0.325ms
[389.800s][info][gc] GC(2101) Pause Young (Allocation Failure) 98M->56M(210M) 0.437ms
[389.877s][info][gc] GC(2102) Pause Young (Allocation Failure) 99M->57M(210M) 0.299ms
[389.959s][info][gc] GC(2103) Pause Young (Allocation Failure) 99M->57M(210M) 0.296ms
[390.042s][info][gc] GC(2104) Pause Young (Allocation Failure) 99M->57M(209M) 0.464ms
[390.114s][info][gc] GC(2105) Pause Young (Allocation Failure) 100M->58M(211M) 0.270ms
[390.196s][info][gc] GC(2106) Pause Young (Allocation Failure) 100M->59M(210M) 0.339ms
[390.285s][info][gc] GC(2107) Pause Young (Allocation Failure) 101M->59M(210M) 0.311ms
[390.367s][info][gc] GC(2108) Pause Young (Allocation Failure) 102M->59M(210M) 0.284ms
[390.448s][info][gc] GC(2109) Pause Young (Allocation Failure) 102M->59M(210M) 0.296ms
[390.538s][info][gc] GC(2110) Pause Young (Allocation Failure) 102M->60M(210M) 0.291ms
[390.620s][info][gc] GC(2111) Pause Young (Allocation Failure) 102M->60M(210M) 0.551ms
[390.690s][info][gc] GC(2112) Pause Young (Allocation Failure) 103M->61M(210M) 0.316ms
[390.772s][info][gc] GC(2113) Pause Young (Allocation Failure) 103M->62M(210M) 0.341ms
[390.856s][info][gc] GC(2114) Pause Young (Allocation Failure) 104M->62M(210M) 0.351ms
[390.940s][info][gc] GC(2115) Pause Young (Allocation Failure) 104M->62M(210M) 0.441ms
[391.023s][info][gc] GC(2116) Pause Young (Allocation Failure) 105M->62M(210M) 0.411ms
[391.117s][info][gc] GC(2117) Pause Young (Allocation Failure) 105M->63M(210M) 0.322ms
[391.185s][info][gc] GC(2118) Pause Young (Allocation Failure) 106M->63M(209M) 0.374ms
[391.271s][info][gc] GC(2119) Pause Young (Allocation Failure) 106M->64M(211M) 0.481ms
[391.358s][info][gc] GC(2120) Pause Young (Allocation Failure) 107M->64M(210M) 0.323ms
[391.440s][info][gc] GC(2121) Pause Young (Allocation Failure) 107M->65M(210M) 0.457ms
[391.516s][info][gc] GC(2122) Pause Young (Allocation Failure) 107M->65M(210M) 0.310ms
[391.605s][info][gc] GC(2123) Pause Young (Allocation Failure) 107M->65M(210M) 0.445ms
[391.672s][info][gc] GC(2124) Pause Young (Allocation Failure) 108M->66M(210M) 0.309ms
[391.754s][info][gc] GC(2125) Pause Young (Allocation Failure) 108M->67M(210M) 0.322ms
[391.839s][info][gc] GC(2126) Pause Young (Allocation Failure) 109M->67M(210M) 0.443ms
[391.919s][info][gc] GC(2127) Pause Young (Allocation Failure) 109M->67M(210M) 0.305ms
[391.997s][info][gc] GC(2128) Pause Young (Allocation Failure) 110M->68M(210M) 0.292ms
[392.066s][info][gc] GC(2129) Pause Young (Allocation Failure) 110M->68M(210M) 0.259ms
[392.152s][info][gc] GC(2130) Pause Young (Allocation Failure) 110M->68M(210M) 0.304ms
[392.232s][info][gc] GC(2131) Pause Young (Allocation Failure) 111M->69M(210M) 0.299ms
[392.318s][info][gc] GC(2132) Pause Young (Allocation Failure) 111M->69M(210M) 0.314ms
[392.399s][info][gc] GC(2133) Pause Young (Allocation Failure) 112M->70M(210M) 0.313ms
[392.471s][info][gc] GC(2134) Pause Young (Allocation Failure) 112M->70M(210M) 0.288ms
[392.552s][info][gc] GC(2135) Pause Young (Allocation Failure) 112M->70M(210M) 0.284ms
[392.629s][info][gc] GC(2136) Pause Young (Allocation Failure) 112M->71M(210M) 0.346ms
[392.710s][info][gc] GC(2137) Pause Young (Allocation Failure) 113M->71M(210M) 0.318ms
[392.798s][info][gc] GC(2138) Pause Young (Allocation Failure) 114M->72M(211M) 0.355ms
[392.873s][info][gc] GC(2139) Pause Young (Allocation Failure) 115M->72M(210M) 0.295ms
[392.953s][info][gc] GC(2140) Pause Young (Allocation Failure) 115M->72M(210M) 0.375ms
[393.027s][info][gc] GC(2141) Pause Young (Allocation Failure) 115M->73M(210M) 0.433ms
[393.110s][info][gc] GC(2142) Pause Young (Allocation Failure) 115M->74M(210M) 0.316ms
[393.186s][info][gc] GC(2143) Pause Young (Allocation Failure) 116M->74M(210M) 0.418ms
[393.275s][info][gc] GC(2144) Pause Young (Allocation Failure) 116M->74M(210M) 0.305ms
[393.358s][info][gc] GC(2145) Pause Young (Allocation Failure) 117M->75M(210M) 0.476ms
[393.433s][info][gc] GC(2146) Pause Young (Allocation Failure) 117M->75M(210M) 0.289ms
[393.508s][info][gc] GC(2147) Pause Young (Allocation Failure) 117M->75M(209M) 0.371ms
[393.616s][info][gc] GC(2148) Pause Young (Allocation Failure) 117M->80M(211M) 1.313ms
[393.635s][info][gc] GC(2149) Pause Young (Allocation Failure) 122M->81M(218M) 0.868ms
[393.659s][info][gc] GC(2150) Pause Young (Allocation Failure) 131M->82M(227M) 0.451ms
[393.686s][info][gc] GC(2151) Pause Young (Allocation Failure) 141M->82M(238M) 0.436ms
[393.723s][info][gc] GC(2152) Pause Young (Allocation Failure) 152M->85M(252M) 0.597ms
[393.764s][info][gc] GC(2153) Pause Young (Allocation Failure) 167M->86M(266M) 0.687ms
[393.806s][info][gc] GC(2154) Pause Young (Allocation Failure) 182M->87M(267M) 0.511ms
[393.857s][info][gc] GC(2155) Pause Young (Allocation Failure) 184M->90M(267M) 0.749ms
[393.898s][info][gc] GC(2156) Pause Young (Allocation Failure) 187M->91M(284M) 0.568ms
[393.960s][info][gc] GC(2157) Pause Young (Allocation Failure) 205M->94M(284M) 0.793ms
[394.015s][info][gc] GC(2158) Pause Young (Allocation Failure) 208M->94M(305M) 0.714ms
[394.078s][info][gc] GC(2159) Pause Young (Allocation Failure) 228M->96M(305M) 0.686ms
[394.152s][info][gc] GC(2160) Pause Young (Allocation Failure) 230M->99M(327M) 0.979ms
[394.233s][info][gc] GC(2161) Pause Young (Allocation Failure) 256M->100M(328M) 0.846ms
[394.301s][info][gc] GC(2162) Pause Young (Allocation Failure) 257M->101M(355M) 0.797ms
[394.395s][info][gc] GC(2163) Pause Young (Allocation Failure) 285M->105M(355M) 0.939ms
[394.487s][info][gc] GC(2164) Pause Young (Allocation Failure) 288M->106M(386M) 0.956ms
[394.594s][info][gc] GC(2165) Pause Young (Allocation Failure) 320M->108M(387M) 1.091ms
[394.701s][info][gc] GC(2166) Pause Young (Allocation Failure) 322M->109M(422M) 0.991ms
[394.826s][info][gc] GC(2167) Pause Young (Allocation Failure) 359M->111M(423M) 1.033ms
[394.958s][info][gc] GC(2168) Pause Young (Allocation Failure) 360M->113M(463M) 1.059ms
[395.103s][info][gc] GC(2169) Pause Young (Allocation Failure) 403M->116M(463M) 1.209ms
[395.250s][info][gc] GC(2170) Pause Young (Allocation Failure) 406M->117M(509M) 1.043ms
[395.414s][info][gc] GC(2171) Pause Young (Allocation Failure) 453M->121M(510M) 1.159ms
[395.583s][info][gc] GC(2172) Pause Young (Allocation Failure) 457M->123M(497M) 1.137ms
[395.742s][info][gc] GC(2173) Pause Young (Allocation Failure) 448M->125M(485M) 1.213ms
[395.905s][info][gc] GC(2174) Pause Young (Allocation Failure) 438M->128M(474M) 1.077ms
[396.049s][info][gc] GC(2175) Pause Young (Allocation Failure) 431M->130M(465M) 1.084ms
[396.203s][info][gc] GC(2176) Pause Young (Allocation Failure) 423M->133M(456M) 1.201ms
[396.337s][info][gc] GC(2177) Pause Young (Allocation Failure) 417M->135M(446M) 1.213ms
[396.478s][info][gc] GC(2178) Pause Young (Allocation Failure) 409M->137M(437M) 1.126ms
[396.607s][info][gc] GC(2179) Pause Young (Allocation Failure) 402M->139M(428M) 1.083ms
[396.733s][info][gc] GC(2180) Pause Young (Allocation Failure) 395M->141M(420M) 0.941ms
[396.853s][info][gc] GC(2181) Pause Young (Allocation Failure) 390M->143M(412M) 1.077ms
[396.969s][info][gc] GC(2182) Pause Young (Allocation Failure) 384M->144M(404M) 0.854ms
[397.092s][info][gc] GC(2183) Pause Young (Allocation Failure) 377M->147M(398M) 1.005ms
[397.205s][info][gc] GC(2184) Pause Young (Allocation Failure) 373M->149M(391M) 0.915ms
[397.310s][info][gc] GC(2185) Pause Young (Allocation Failure) 368M->150M(426M) 0.987ms
[397.437s][info][gc] GC(2186) Pause Young (Allocation Failure) 404M->152M(466M) 0.993ms
[397.577s][info][gc] GC(2187) Pause Young (Allocation Failure) 447M->154M(456M) 1.032ms
[397.725s][info][gc] GC(2188) Pause Young (Allocation Failure) 438M->157M(447M) 0.932ms
[397.860s][info][gc] GC(2189) Pause Young (Allocation Failure) 432M->159M(438M) 1.049ms
[397.987s][info][gc] GC(2190) Pause Young (Allocation Failure) 425M->159M(427M) 0.759ms
[398.117s][info][gc] GC(2191) Pause Young (Allocation Failure) 417M->163M(421M) 1.143ms
[398.238s][info][gc] GC(2192) Pause Young (Allocation Failure) 413M->164M(413M) 0.908ms
[398.358s][info][gc] GC(2193) Pause Young (Allocation Failure) 406M->167M(405M) 0.941ms
[398.471s][info][gc] GC(2194) Pause Young (Allocation Failure) 401M->168M(398M) 0.928ms
[398.603s][info][gc] GC(2195) Pause Full (Ergonomics) 395M->102M(461M) 24.099ms
[398.725s][info][gc] GC(2196) Pause Young (Allocation Failure) 322M->104M(456M) 0.475ms
[398.886s][info][gc] GC(2197) Pause Young (Allocation Failure) 317M->110M(454M) 0.952ms
[398.987s][info][gc] GC(2198) Pause Young (Allocation Failure) 317M->112M(447M) 1.036ms
[399.086s][info][gc] GC(2199) Pause Young (Allocation Failure) 313M->113M(441M) 0.801ms
[399.184s][info][gc] GC(2200) Pause Young (Allocation Failure) 309M->115M(436M) 0.827ms
[399.278s][info][gc] GC(2201) Pause Young (Allocation Failure) 305M->116M(430M) 0.791ms
[399.373s][info][gc] GC(2202) Pause Young (Allocation Failure) 300M->118M(425M) 0.869ms
[399.459s][info][gc] GC(2203) Pause Young (Allocation Failure) 297M->119M(454M) 0.798ms
[399.562s][info][gc] GC(2204) Pause Young (Allocation Failure) 327M->121M(447M) 0.823ms
[399.666s][info][gc] GC(2205) Pause Young (Allocation Failure) 323M->124M(481M) 0.953ms
[399.779s][info][gc] GC(2206) Pause Young (Allocation Failure) 359M->125M(474M) 0.808ms
[399.892s][info][gc] GC(2207) Pause Young (Allocation Failure) 353M->126M(466M) 0.863ms
[400.001s][info][gc] GC(2208) Pause Young (Allocation Failure) 347M->129M(460M) 0.850ms
[400.106s][info][gc] GC(2209) Pause Young (Allocation Failure) 343M->130M(454M) 0.861ms
[400.211s][info][gc] GC(2210) Pause Young (Allocation Failure) 338M->132M(447M) 1.117ms
[400.313s][info][gc] GC(2211) Pause Young (Allocation Failure) 334M->133M(441M) 0.809ms
[400.411s][info][gc] GC(2212) Pause Young (Allocation Failure) 329M->135M(436M) 0.824ms
[400.507s][info][gc] GC(2213) Pause Young (Allocation Failure) 326M->136M(467M) 0.945ms
[400.617s][info][gc] GC(2214) Pause Young (Allocation Failure) 358M->139M(504M) 0.952ms
[400.748s][info][gc] GC(2215) Pause Young (Allocation Failure) 396M->140M(495M) 0.859ms
[400.873s][info][gc] GC(2216) Pause Young (Allocation Failure) 390M->143M(485M) 1.000ms
[400.990s][info][gc] GC(2217) Pause Young (Allocation Failure) 384M->145M(480M) 0.861ms
[401.106s][info][gc] GC(2218) Pause Young (Allocation Failure) 379M->147M(473M) 0.836ms
[401.222s][info][gc] GC(2219) Pause Young (Allocation Failure) 374M->148M(466M) 0.923ms
[401.332s][info][gc] GC(2220) Pause Young (Allocation Failure) 368M->150M(458M) 0.945ms
[401.439s][info][gc] GC(2221) Pause Young (Allocation Failure) 364M->152M(494M) 1.079ms
[401.558s][info][gc] GC(2222) Pause Young (Allocation Failure) 400M->153M(485M) 0.777ms
[401.692s][info][gc] GC(2223) Pause Young (Allocation Failure) 393M->156M(479M) 1.024ms
[401.811s][info][gc] GC(2224) Pause Young (Allocation Failure) 389M->158M(471M) 0.881ms
[401.922s][info][gc] GC(2225) Pause Young (Allocation Failure) 384M->160M(464M) 0.877ms
[402.028s][info][gc] GC(2226) Pause Young (Allocation Failure) 378M->161M(458M) 0.895ms
[402.136s][info][gc] GC(2227) Pause Young (Allocation Failure) 373M->163M(452M) 1.119ms
[402.237s][info][gc] GC(2228) Pause Young (Allocation Failure) 369M->165M(445M) 0.859ms
[402.337s][info][gc] GC(2229) Pause Young (Allocation Failure) 365M->167M(478M) 0.983ms
[402.447s][info][gc] GC(2230) Pause Young (Allocation Failure) 399M->169M(493M) 1.032ms
[402.566s][info][gc] GC(2231) Pause Young (Allocation Failure) 415M->171M(494M) 0.933ms
[402.688s][info][gc] GC(2232) Pause Young (Allocation Failure) 417M->172M(533M) 0.988ms
[402.835s][info][gc] GC(2233) Pause Young (Allocation Failure) 458M->175M(523M) 1.030ms
[402.972s][info][gc] GC(2234) Pause Young (Allocation Failure) 451M->177M(527M) 1.308ms
[403.110s][info][gc] GC(2235) Pause Young (Allocation Failure) 461M->179M(519M) 0.963ms
[403.249s][info][gc] GC(2236) Pause Young (Allocation Failure) 454M->183M(510M) 1.112ms
[403.379s][info][gc] GC(2237) Pause Young (Allocation Failure) 448M->185M(503M) 0.987ms
[403.500s][info][gc] GC(2238) Pause Young (Allocation Failure) 442M->187M(521M) 1.200ms
[403.649s][info][gc] GC(2239) Pause Young (Allocation Failure) 460M->189M(511M) 1.240ms
[403.778s][info][gc] GC(2240) Pause Young (Allocation Failure) 454M->191M(515M) 1.222ms
[403.908s][info][gc] GC(2241) Pause Young (Allocation Failure) 462M->193M(507M) 0.960ms
[404.113s][info][gc] GC(2242) Pause Young (Allocation Failure) 455M->198M(511M) 1.917ms
[404.246s][info][gc] GC(2243) Pause Young (Allocation Failure) 464M->201M(516M) 1.223ms
[404.388s][info][gc] GC(2244) Pause Young (Allocation Failure) 467M->204M(559M) 1.447ms
[404.554s][info][gc] GC(2245) Pause Young (Allocation Failure) 513M->205M(559M) 1.170ms
[404.709s][info][gc] GC(2246) Pause Young (Allocation Failure) 514M->208M(609M) 1.410ms
[404.896s][info][gc] GC(2247) Pause Young (Allocation Failure) 568M->211M(609M) 1.483ms
[405.078s][info][gc] GC(2248) Pause Young (Allocation Failure) 570M->214M(593M) 1.327ms
[405.254s][info][gc] GC(2249) Pause Young (Allocation Failure) 560M->216M(581M) 1.294ms
[405.422s][info][gc] GC(2250) Pause Young (Allocation Failure) 551M->219M(568M) 1.306ms
[405.579s][info][gc] GC(2251) Pause Young (Allocation Failure) 542M->221M(558M) 1.248ms
[405.735s][info][gc] GC(2252) Pause Young (Allocation Failure) 533M->224M(548M) 1.171ms
[405.880s][info][gc] GC(2253) Pause Young (Allocation Failure) 526M->226M(538M) 1.166ms
[406.027s][info][gc] GC(2254) Pause Young (Allocation Failure) 518M->229M(529M) 1.154ms
[406.163s][info][gc] GC(2255) Pause Young (Allocation Failure) 511M->230M(573M) 1.303ms
[406.328s][info][gc] GC(2256) Pause Young (Allocation Failure) 557M->233M(562M) 1.171ms
[406.486s][info][gc] GC(2257) Pause Young (Allocation Failure) 549M->236M(551M) 1.333ms
[406.635s][info][gc] GC(2258) Pause Young (Allocation Failure) 540M->238M(540M) 1.125ms
[406.774s][info][gc] GC(2259) Pause Young (Allocation Failure) 532M->240M(530M) 1.192ms
[406.914s][info][gc] GC(2260) Pause Young (Allocation Failure) 524M->242M(520M) 1.013ms
[407.068s][info][gc] GC(2261) Pause Full (Ergonomics) 516M->73M(477M) 18.714ms
[407.195s][info][gc] GC(2262) Pause Young (Allocation Failure) 338M->78M(473M) 1.081ms
[407.322s][info][gc] GC(2263) Pause Young (Allocation Failure) 335M->79M(464M) 0.910ms
[407.449s][info][gc] GC(2264) Pause Young (Allocation Failure) 328M->82M(457M) 0.910ms
[407.570s][info][gc] GC(2265) Pause Young (Allocation Failure) 323M->84M(450M) 1.080ms
[407.690s][info][gc] GC(2266) Pause Young (Allocation Failure) 317M->86M(443M) 0.932ms
[407.802s][info][gc] GC(2267) Pause Young (Allocation Failure) 313M->87M(435M) 1.086ms
[407.906s][info][gc] GC(2268) Pause Young (Allocation Failure) 307M->89M(429M) 0.836ms
[408.013s][info][gc] GC(2269) Pause Young (Allocation Failure) 302M->90M(422M) 0.785ms
[408.115s][info][gc] GC(2270) Pause Young (Allocation Failure) 296M->92M(416M) 0.755ms
[408.217s][info][gc] GC(2271) Pause Young (Allocation Failure) 292M->94M(410M) 0.867ms
[408.318s][info][gc] GC(2272) Pause Young (Allocation Failure) 289M->96M(405M) 0.936ms
[408.417s][info][gc] GC(2273) Pause Young (Allocation Failure) 285M->98M(400M) 0.849ms
[408.508s][info][gc] GC(2274) Pause Young (Allocation Failure) 281M->99M(428M) 1.029ms
[408.613s][info][gc] GC(2275) Pause Young (Allocation Failure) 312M->100M(464M) 1.185ms
[408.741s][info][gc] GC(2276) Pause Young (Allocation Failure) 349M->102M(505M) 0.842ms
[408.894s][info][gc] GC(2277) Pause Young (Allocation Failure) 392M->105M(552M) 1.066ms
[409.057s][info][gc] GC(2278) Pause Young (Allocation Failure) 441M->107M(539M) 0.990ms
[409.299s][info][gc] GC(2279) Pause Young (Allocation Failure) 431M->112M(531M) 1.090ms
[409.448s][info][gc] GC(2280) Pause Young (Allocation Failure) 425M->114M(517M) 1.176ms
[409.605s][info][gc] GC(2281) Pause Young (Allocation Failure) 417M->117M(509M) 0.885ms
[409.750s][info][gc] GC(2282) Pause Young (Allocation Failure) 410M->119M(499M) 1.157ms
[409.897s][info][gc] GC(2283) Pause Young (Allocation Failure) 402M->121M(489M) 1.152ms
[410.048s][info][gc] GC(2284) Pause Young (Allocation Failure) 394M->124M(480M) 1.223ms
[410.183s][info][gc] GC(2285) Pause Young (Allocation Failure) 388M->126M(472M) 1.203ms
[410.312s][info][gc] GC(2286) Pause Young (Allocation Failure) 381M->128M(463M) 0.913ms
[410.440s][info][gc] GC(2287) Pause Young (Allocation Failure) 375M->129M(455M) 0.895ms
[410.559s][info][gc] GC(2288) Pause Young (Allocation Failure) 369M->131M(448M) 0.896ms
[410.676s][info][gc] GC(2289) Pause Young (Allocation Failure) 363M->133M(441M) 0.912ms
[410.789s][info][gc] GC(2290) Pause Young (Allocation Failure) 358M->135M(434M) 0.865ms
[410.898s][info][gc] GC(2291) Pause Young (Allocation Failure) 353M->137M(427M) 0.863ms
[411.003s][info][gc] GC(2292) Pause Young (Allocation Failure) 348M->139M(421M) 0.843ms
[411.104s][info][gc] GC(2293) Pause Young (Allocation Failure) 344M->140M(415M) 0.975ms
[411.206s][info][gc] GC(2294) Pause Young (Allocation Failure) 340M->142M(410M) 0.877ms
[411.303s][info][gc] GC(2295) Pause Young (Allocation Failure) 336M->143M(441M) 0.883ms
[411.409s][info][gc] GC(2296) Pause Young (Allocation Failure) 368M->145M(434M) 0.856ms
[411.516s][info][gc] GC(2297) Pause Young (Allocation Failure) 363M->147M(469M) 0.971ms
[411.637s][info][gc] GC(2298) Pause Young (Allocation Failure) 400M->148M(490M) 1.073ms
[411.808s][info][gc] GC(2299) Pause Young (Allocation Failure) 423M->152M(483M) 0.956ms
[411.939s][info][gc] GC(2300) Pause Young (Allocation Failure) 418M->153M(470M) 1.113ms
[412.071s][info][gc] GC(2301) Pause Young (Allocation Failure) 411M->157M(465M) 1.089ms
[412.201s][info][gc] GC(2302) Pause Young (Allocation Failure) 407M->159M(457M) 1.180ms
[412.327s][info][gc] GC(2303) Pause Young (Allocation Failure) 400M->161M(450M) 0.955ms
[412.440s][info][gc] GC(2304) Pause Young (Allocation Failure) 395M->163M(443M) 0.902ms
[412.555s][info][gc] GC(2305) Pause Young (Allocation Failure) 390M->165M(436M) 0.921ms
[412.662s][info][gc] GC(2306) Pause Young (Allocation Failure) 385M->167M(429M) 0.978ms
[412.767s][info][gc] GC(2307) Pause Young (Allocation Failure) 380M->168M(464M) 0.922ms
[412.887s][info][gc] GC(2308) Pause Young (Allocation Failure) 416M->170M(468M) 1.031ms
[413.009s][info][gc] GC(2309) Pause Young (Allocation Failure) 423M->172M(460M) 0.918ms
[413.138s][info][gc] GC(2310) Pause Young (Allocation Failure) 416M->175M(451M) 0.918ms
[413.270s][info][gc] GC(2311) Pause Young (Allocation Failure) 412M->177M(446M) 1.036ms
[413.388s][info][gc] GC(2312) Pause Young (Allocation Failure) 406M->178M(438M) 0.934ms
[413.506s][info][gc] GC(2313) Pause Young (Allocation Failure) 401M->180M(458M) 1.190ms
[413.630s][info][gc] GC(2314) Pause Young (Allocation Failure) 420M->182M(476M) 1.154ms
[413.760s][info][gc] GC(2315) Pause Young (Allocation Failure) 440M->183M(476M) 1.645ms
[413.905s][info][gc] GC(2316) Pause Young (Allocation Failure) 441M->186M(517M) 1.073ms
[414.048s][info][gc] GC(2317) Pause Young (Allocation Failure) 486M->188M(518M) 1.043ms
[414.197s][info][gc] GC(2318) Pause Young (Allocation Failure) 488M->190M(566M) 1.141ms
[414.362s][info][gc] GC(2319) Pause Young (Allocation Failure) 538M->193M(552M) 1.213ms
[414.658s][info][gc] GC(2320) Pause Young (Allocation Failure) 529M->196M(536M) 1.577ms
[414.969s][info][gc] GC(2321) Pause Young (Allocation Failure) 520M->200M(528M) 1.140ms
[415.276s][info][gc] GC(2322) Pause Young (Allocation Failure) 513M->202M(518M) 0.944ms
[415.570s][info][gc] GC(2323) Pause Young (Allocation Failure) 505M->204M(507M) 1.005ms
[415.854s][info][gc] GC(2324) Pause Young (Allocation Failure) 497M->207M(498M) 1.010ms
[416.125s][info][gc] GC(2325) Pause Young (Allocation Failure) 490M->209M(488M) 0.934ms
[416.378s][info][gc] GC(2326) Pause Young (Allocation Failure) 482M->211M(478M) 0.874ms
[416.649s][info][gc] GC(2327) Pause Full (Ergonomics) 475M->41M(434M) 11.706ms
[416.898s][info][gc] GC(2328) Pause Young (Allocation Failure) 297M->45M(429M) 0.611ms
[417.135s][info][gc] GC(2329) Pause Young (Allocation Failure) 292M->47M(421M) 0.794ms
[417.361s][info][gc] GC(2330) Pause Young (Allocation Failure) 286M->48M(413M) 0.714ms
[417.583s][info][gc] GC(2331) Pause Young (Allocation Failure) 280M->50M(406M) 0.754ms
[417.792s][info][gc] GC(2332) Pause Young (Allocation Failure) 275M->52M(399M) 1.012ms
[418.004s][info][gc] GC(2333) Pause Young (Allocation Failure) 270M->54M(393M) 0.709ms
[418.204s][info][gc] GC(2334) Pause Young (Allocation Failure) 265M->55M(386M) 0.670ms
[418.403s][info][gc] GC(2335) Pause Young (Allocation Failure) 260M->57M(380M) 0.679ms
[418.593s][info][gc] GC(2336) Pause Young (Allocation Failure) 256M->59M(375M) 0.667ms
[418.782s][info][gc] GC(2337) Pause Young (Allocation Failure) 252M->60M(369M) 0.664ms
[418.964s][info][gc] GC(2338) Pause Young (Allocation Failure) 248M->62M(364M) 0.639ms
[419.135s][info][gc] GC(2339) Pause Young (Allocation Failure) 244M->63M(358M) 0.838ms
[419.311s][info][gc] GC(2340) Pause Young (Allocation Failure) 240M->64M(354M) 0.697ms
[419.475s][info][gc] GC(2341) Pause Young (Allocation Failure) 237M->66M(349M) 0.705ms
[419.714s][info][gc] GC(2342) Pause Young (Allocation Failure) 234M->68M(345M) 0.675ms
[419.892s][info][gc] GC(2343) Pause Young (Allocation Failure) 231M->69M(340M) 0.797ms
[420.046s][info][gc] GC(2344) Pause Young (Allocation Failure) 228M->71M(336M) 0.738ms
[420.205s][info][gc] GC(2345) Pause Young (Allocation Failure) 226M->71M(331M) 0.775ms
[420.350s][info][gc] GC(2346) Pause Young (Allocation Failure) 222M->73M(328M) 0.828ms
[420.493s][info][gc] GC(2347) Pause Young (Allocation Failure) 220M->74M(324M) 0.681ms
[420.626s][info][gc] GC(2348) Pause Young (Allocation Failure) 218M->75M(321M) 0.621ms
[420.766s][info][gc] GC(2349) Pause Young (Allocation Failure) 215M->76M(317M) 0.661ms
[420.892s][info][gc] GC(2350) Pause Young (Allocation Failure) 213M->77M(314M) 0.618ms
[421.018s][info][gc] GC(2351) Pause Young (Allocation Failure) 211M->79M(311M) 0.751ms
[421.137s][info][gc] GC(2352) Pause Young (Allocation Failure) 209M->79M(308M) 0.604ms
[421.272s][info][gc] GC(2353) Pause Young (Allocation Failure) 207M->81M(305M) 0.629ms
[421.387s][info][gc] GC(2354) Pause Young (Allocation Failure) 205M->82M(302M) 0.612ms
[421.506s][info][gc] GC(2355) Pause Young (Allocation Failure) 203M->82M(300M) 0.778ms
[421.623s][info][gc] GC(2356) Pause Young (Allocation Failure) 201M->83M(297M) 0.729ms
[421.730s][info][gc] GC(2357) Pause Young (Allocation Failure) 200M->84M(295M) 0.576ms
[421.837s][info][gc] GC(2358) Pause Young (Allocation Failure) 198M->84M(291M) 0.570ms
[421.957s][info][gc] GC(2359) Pause Young (Allocation Failure) 196M->86M(289M) 0.626ms
[422.062s][info][gc] GC(2360) Pause Young (Allocation Failure) 195M->87M(287M) 0.588ms
[422.170s][info][gc] GC(2361) Pause Young (Allocation Failure) 194M->88M(286M) 0.612ms
[422.270s][info][gc] GC(2362) Pause Young (Allocation Failure) 193M->89M(284M) 0.633ms
[422.373s][info][gc] GC(2363) Pause Young (Allocation Failure) 192M->90M(282M) 0.750ms
[422.470s][info][gc] GC(2364) Pause Young (Allocation Failure) 191M->90M(279M) 0.590ms
[422.566s][info][gc] GC(2365) Pause Young (Allocation Failure) 189M->91M(278M) 0.626ms
[422.664s][info][gc] GC(2366) Pause Young (Allocation Failure) 188M->91M(275M) 0.611ms
[422.748s][info][gc] GC(2367) Pause Young (Allocation Failure) 186M->92M(273M) 0.677ms
[422.843s][info][gc] GC(2368) Pause Young (Allocation Failure) 185M->94M(272M) 0.584ms
[422.935s][info][gc] GC(2369) Pause Young (Allocation Failure) 186M->95M(271M) 0.636ms
[423.029s][info][gc] GC(2370) Pause Young (Allocation Failure) 185M->95M(269M) 0.652ms
[423.121s][info][gc] GC(2371) Pause Young (Allocation Failure) 184M->96M(268M) 0.598ms
[423.206s][info][gc] GC(2372) Pause Young (Allocation Failure) 184M->97M(266M) 0.559ms
[423.290s][info][gc] GC(2373) Pause Young (Allocation Failure) 183M->98M(265M) 0.933ms
[423.373s][info][gc] GC(2374) Pause Young (Allocation Failure) 182M->98M(263M) 0.487ms
[423.451s][info][gc] GC(2375) Pause Young (Allocation Failure) 181M->99M(261M) 0.548ms
[423.532s][info][gc] GC(2376) Pause Young (Allocation Failure) 181M->101M(260M) 0.561ms
[423.611s][info][gc] GC(2377) Pause Young (Allocation Failure) 181M->101M(259M) 0.498ms
[423.690s][info][gc] GC(2378) Pause Young (Allocation Failure) 180M->102M(258M) 0.524ms
[423.760s][info][gc] GC(2379) Pause Young (Allocation Failure) 179M->102M(256M) 0.590ms
[423.838s][info][gc] GC(2380) Pause Young (Allocation Failure) 179M->104M(256M) 0.615ms
[423.910s][info][gc] GC(2381) Pause Young (Allocation Failure) 179M->104M(255M) 0.619ms
[423.979s][info][gc] GC(2382) Pause Young (Allocation Failure) 179M->104M(253M) 0.511ms
[424.049s][info][gc] GC(2383) Pause Young (Allocation Failure) 178M->106M(252M) 0.515ms
[424.123s][info][gc] GC(2384) Pause Young (Allocation Failure) 178M->107M(252M) 0.504ms
[424.199s][info][gc] GC(2385) Pause Young (Allocation Failure) 178M->108M(251M) 0.592ms
[424.255s][info][gc] GC(2386) Pause Young (Allocation Failure) 178M->108M(248M) 0.636ms
[424.327s][info][gc] GC(2387) Pause Young (Allocation Failure) 177M->110M(249M) 0.587ms
[424.397s][info][gc] GC(2388) Pause Young (Allocation Failure) 178M->110M(248M) 0.589ms
[424.454s][info][gc] GC(2389) Pause Young (Allocation Failure) 178M->110M(258M) 0.610ms
[424.535s][info][gc] GC(2390) Pause Young (Allocation Failure) 189M->112M(258M) 0.565ms
[424.616s][info][gc] GC(2391) Pause Young (Allocation Failure) 190M->113M(257M) 0.608ms
[424.758s][info][gc] GC(2392) Pause Young (Allocation Failure) 190M->114M(256M) 0.610ms
[424.828s][info][gc] GC(2393) Pause Young (Allocation Failure) 190M->114M(254M) 0.623ms
[424.902s][info][gc] GC(2394) Pause Young (Allocation Failure) 189M->116M(254M) 0.564ms
[424.973s][info][gc] GC(2395) Pause Young (Allocation Failure) 190M->117M(253M) 0.520ms
[425.036s][info][gc] GC(2396) Pause Young (Allocation Failure) 190M->117M(251M) 0.602ms
[425.108s][info][gc] GC(2397) Pause Young (Allocation Failure) 189M->119M(251M) 0.541ms
[425.183s][info][gc] GC(2398) Pause Young (Allocation Failure) 190M->120M(250M) 0.809ms
[425.240s][info][gc] GC(2399) Pause Young (Allocation Failure) 190M->120M(248M) 0.581ms
[425.312s][info][gc] GC(2400) Pause Young (Allocation Failure) 189M->121M(248M) 0.591ms
[425.380s][info][gc] GC(2401) Pause Young (Allocation Failure) 189M->122M(247M) 0.558ms
[425.434s][info][gc] GC(2402) Pause Young (Allocation Failure) 189M->122M(245M) 0.529ms
[425.502s][info][gc] GC(2403) Pause Young (Allocation Failure) 188M->124M(245M) 0.504ms
[425.570s][info][gc] GC(2404) Pause Young (Allocation Failure) 189M->125M(244M) 0.590ms
[425.625s][info][gc] GC(2405) Pause Young (Allocation Failure) 189M->125M(254M) 0.617ms
[425.701s][info][gc] GC(2406) Pause Young (Allocation Failure) 200M->126M(254M) 0.561ms
[425.773s][info][gc] GC(2407) Pause Young (Allocation Failure) 200M->127M(253M) 0.561ms
[425.838s][info][gc] GC(2408) Pause Young (Allocation Failure) 200M->128M(265M) 0.652ms
[425.917s][info][gc] GC(2409) Pause Young (Allocation Failure) 213M->129M(264M) 0.561ms
[425.999s][info][gc] GC(2410) Pause Young (Allocation Failure) 213M->130M(263M) 0.584ms
[426.079s][info][gc] GC(2411) Pause Young (Allocation Failure) 213M->131M(261M) 0.632ms
[426.164s][info][gc] GC(2412) Pause Young (Allocation Failure) 212M->131M(260M) 0.563ms
[426.231s][info][gc] GC(2413) Pause Young (Allocation Failure) 211M->132M(258M) 0.573ms
[426.309s][info][gc] GC(2414) Pause Young (Allocation Failure) 211M->134M(258M) 0.610ms
[426.386s][info][gc] GC(2415) Pause Young (Allocation Failure) 211M->134M(257M) 0.580ms
[426.461s][info][gc] GC(2416) Pause Young (Allocation Failure) 211M->135M(256M) 0.510ms
[426.527s][info][gc] GC(2417) Pause Young (Allocation Failure) 210M->135M(254M) 0.672ms
[426.600s][info][gc] GC(2418) Pause Young (Allocation Failure) 210M->137M(254M) 0.578ms
[426.677s][info][gc] GC(2419) Pause Young (Allocation Failure) 210M->138M(253M) 0.568ms
[426.745s][info][gc] GC(2420) Pause Young (Allocation Failure) 210M->138M(251M) 0.487ms
[426.811s][info][gc] GC(2421) Pause Young (Allocation Failure) 209M->139M(250M) 0.558ms
[426.881s][info][gc] GC(2422) Pause Young (Allocation Failure) 209M->140M(250M) 0.610ms
[426.950s][info][gc] GC(2423) Pause Young (Allocation Failure) 210M->141M(249M) 0.550ms
[427.008s][info][gc] GC(2424) Pause Young (Allocation Failure) 209M->141M(247M) 0.541ms
[427.078s][info][gc] GC(2425) Pause Young (Allocation Failure) 209M->143M(247M) 0.534ms
[427.151s][info][gc] GC(2426) Pause Young (Allocation Failure) 209M->144M(246M) 0.546ms
[427.204s][info][gc] GC(2427) Pause Young (Allocation Failure) 209M->144M(244M) 0.586ms
[427.269s][info][gc] GC(2428) Pause Young (Allocation Failure) 208M->145M(244M) 0.524ms
[427.332s][info][gc] GC(2429) Pause Young (Allocation Failure) 209M->146M(242M) 0.512ms
[427.390s][info][gc] GC(2430) Pause Young (Allocation Failure) 208M->147M(252M) 0.678ms
[427.457s][info][gc] GC(2431) Pause Young (Allocation Failure) 220M->148M(266M) 0.576ms
[427.545s][info][gc] GC(2432) Pause Young (Allocation Failure) 233M->149M(264M) 0.626ms
[427.613s][info][gc] GC(2433) Pause Young (Allocation Failure) 233M->150M(277M) 0.614ms
[427.711s][info][gc] GC(2434) Pause Young (Allocation Failure) 248M->151M(276M) 0.690ms
[427.805s][info][gc] GC(2435) Pause Young (Allocation Failure) 247M->152M(274M) 0.651ms
[427.897s][info][gc] GC(2436) Pause Young (Allocation Failure) 246M->153M(273M) 0.608ms
[427.987s][info][gc] GC(2437) Pause Young (Allocation Failure) 245M->154M(272M) 0.764ms
[428.076s][info][gc] GC(2438) Pause Young (Allocation Failure) 245M->154M(269M) 0.652ms
[428.162s][info][gc] GC(2439) Pause Young (Allocation Failure) 244M->155M(268M) 0.617ms
[428.245s][info][gc] GC(2440) Pause Young (Allocation Failure) 243M->156M(267M) 0.591ms
[428.326s][info][gc] GC(2441) Pause Young (Allocation Failure) 242M->156M(265M) 0.514ms
[428.405s][info][gc] GC(2442) Pause Young (Allocation Failure) 241M->157M(263M) 0.589ms
[428.487s][info][gc] GC(2443) Pause Young (Allocation Failure) 241M->159M(262M) 0.586ms
[428.570s][info][gc] GC(2444) Pause Young (Allocation Failure) 241M->160M(261M) 0.619ms
[428.646s][info][gc] GC(2445) Pause Young (Allocation Failure) 240M->160M(259M) 0.594ms
[428.726s][info][gc] GC(2446) Pause Young (Allocation Failure) 239M->161M(258M) 0.559ms
[428.795s][info][gc] GC(2447) Pause Young (Allocation Failure) 239M->161M(256M) 0.573ms
[428.870s][info][gc] GC(2448) Pause Young (Allocation Failure) 238M->163M(256M) 0.545ms
[428.946s][info][gc] GC(2449) Pause Young (Allocation Failure) 239M->163M(255M) 0.559ms
[429.023s][info][gc] GC(2450) Pause Young (Allocation Failure) 238M->164M(254M) 0.533ms
[429.088s][info][gc] GC(2451) Pause Young (Allocation Failure) 238M->165M(252M) 0.550ms
[429.160s][info][gc] GC(2452) Pause Young (Allocation Failure) 238M->166M(252M) 0.532ms
[429.232s][info][gc] GC(2453) Pause Young (Allocation Failure) 238M->167M(251M) 0.549ms
[429.295s][info][gc] GC(2454) Pause Young (Allocation Failure) 238M->167M(249M) 0.629ms
[429.366s][info][gc] GC(2455) Pause Young (Allocation Failure) 237M->169M(249M) 0.612ms
[429.439s][info][gc] GC(2456) Pause Young (Allocation Failure) 238M->169M(248M) 0.616ms
[429.500s][info][gc] GC(2457) Pause Young (Allocation Failure) 237M->170M(246M) 0.684ms
[429.572s][info][gc] GC(2458) Pause Young (Allocation Failure) 237M->171M(258M) 0.669ms
[429.645s][info][gc] GC(2459) Pause Young (Allocation Failure) 249M->172M(272M) 0.662ms
[429.807s][info][gc] GC(2460) Pause Young (Allocation Failure) 263M->173M(269M) 0.785ms
[429.887s][info][gc] GC(2461) Pause Young (Allocation Failure) 263M->174M(268M) 0.671ms
[429.977s][info][gc] GC(2462) Pause Young (Allocation Failure) 263M->176M(268M) 0.656ms
[430.061s][info][gc] GC(2463) Pause Young (Allocation Failure) 263M->177M(266M) 0.725ms
[430.150s][info][gc] GC(2464) Pause Young (Allocation Failure) 262M->177M(264M) 0.702ms
[430.232s][info][gc] GC(2465) Pause Young (Allocation Failure) 261M->178M(263M) 0.615ms
[430.321s][info][gc] GC(2466) Pause Full (Ergonomics) 261M->30M(241M) 7.046ms
[430.391s][info][gc] GC(2467) Pause Young (Allocation Failure) 111M->31M(243M) 0.350ms
[430.472s][info][gc] GC(2468) Pause Young (Allocation Failure) 110M->32M(240M) 0.456ms
[430.549s][info][gc] GC(2469) Pause Young (Allocation Failure) 110M->33M(239M) 0.512ms
[430.623s][info][gc] GC(2470) Pause Young (Allocation Failure) 110M->33M(238M) 0.465ms
[430.689s][info][gc] GC(2471) Pause Young (Allocation Failure) 109M->34M(236M) 0.431ms
[430.765s][info][gc] GC(2472) Pause Young (Allocation Failure) 109M->36M(236M) 0.593ms
[430.843s][info][gc] GC(2473) Pause Young (Allocation Failure) 110M->37M(235M) 0.594ms
[430.913s][info][gc] GC(2474) Pause Young (Allocation Failure) 110M->37M(234M) 0.457ms
[430.975s][info][gc] GC(2475) Pause Young (Allocation Failure) 109M->37M(232M) 0.471ms
[431.048s][info][gc] GC(2476) Pause Young (Allocation Failure) 108M->39M(232M) 0.459ms
[431.116s][info][gc] GC(2477) Pause Young (Allocation Failure) 109M->39M(231M) 0.427ms
[431.177s][info][gc] GC(2478) Pause Young (Allocation Failure) 108M->40M(229M) 0.486ms
[431.248s][info][gc] GC(2479) Pause Young (Allocation Failure) 108M->42M(229M) 0.448ms
[431.312s][info][gc] GC(2480) Pause Young (Allocation Failure) 109M->42M(228M) 0.446ms
[431.370s][info][gc] GC(2481) Pause Young (Allocation Failure) 108M->43M(226M) 0.462ms
[431.439s][info][gc] GC(2482) Pause Young (Allocation Failure) 108M->44M(226M) 0.530ms
[431.502s][info][gc] GC(2483) Pause Young (Allocation Failure) 108M->45M(225M) 0.454ms
[431.558s][info][gc] GC(2484) Pause Young (Allocation Failure) 108M->45M(223M) 0.423ms
[431.617s][info][gc] GC(2485) Pause Young (Allocation Failure) 107M->47M(223M) 0.491ms
[431.669s][info][gc] GC(2486) Pause Young (Allocation Failure) 108M->46M(221M) 0.416ms
[431.733s][info][gc] GC(2487) Pause Young (Allocation Failure) 107M->48M(222M) 0.463ms
[431.793s][info][gc] GC(2488) Pause Young (Allocation Failure) 108M->49M(222M) 0.464ms
[431.848s][info][gc] GC(2489) Pause Young (Allocation Failure) 108M->49M(220M) 0.502ms
[431.906s][info][gc] GC(2490) Pause Young (Allocation Failure) 108M->51M(220M) 0.411ms
[431.958s][info][gc] GC(2491) Pause Young (Allocation Failure) 109M->51M(219M) 0.628ms
[432.017s][info][gc] GC(2492) Pause Young (Allocation Failure) 109M->52M(219M) 0.428ms
[432.066s][info][gc] GC(2493) Pause Young (Allocation Failure) 110M->53M(218M) 0.587ms
[432.126s][info][gc] GC(2494) Pause Young (Allocation Failure) 110M->54M(218M) 0.422ms
[432.184s][info][gc] GC(2495) Pause Young (Allocation Failure) 111M->55M(218M) 0.480ms
[432.237s][info][gc] GC(2496) Pause Young (Allocation Failure) 111M->55M(217M) 0.457ms
[432.294s][info][gc] GC(2497) Pause Young (Allocation Failure) 111M->57M(217M) 0.458ms
[432.343s][info][gc] GC(2498) Pause Young (Allocation Failure) 112M->57M(216M) 0.543ms
[432.406s][info][gc] GC(2499) Pause Young (Allocation Failure) 112M->59M(216M) 0.523ms
[432.452s][info][gc] GC(2500) Pause Young (Allocation Failure) 113M->59M(225M) 0.516ms
[432.515s][info][gc] GC(2501) Pause Young (Allocation Failure) 122M->60M(225M) 0.474ms
[432.574s][info][gc] GC(2502) Pause Young (Allocation Failure) 123M->60M(223M) 0.425ms
[432.633s][info][gc] GC(2503) Pause Young (Allocation Failure) 122M->62M(222M) 0.502ms
[432.695s][info][gc] GC(2504) Pause Young (Allocation Failure) 123M->63M(223M) 0.569ms
[432.751s][info][gc] GC(2505) Pause Young (Allocation Failure) 123M->63M(221M) 0.484ms
[432.818s][info][gc] GC(2506) Pause Young (Allocation Failure) 123M->65M(222M) 0.501ms
[432.868s][info][gc] GC(2507) Pause Young (Allocation Failure) 124M->64M(220M) 0.454ms
[432.931s][info][gc] GC(2508) Pause Young (Allocation Failure) 123M->66M(221M) 0.467ms
[432.991s][info][gc] GC(2509) Pause Young (Allocation Failure) 125M->67M(220M) 0.561ms
[433.043s][info][gc] GC(2510) Pause Young (Allocation Failure) 125M->67M(220M) 0.471ms
[433.107s][info][gc] GC(2511) Pause Young (Allocation Failure) 124M->69M(220M) 0.476ms
[433.155s][info][gc] GC(2512) Pause Young (Allocation Failure) 126M->69M(221M) 0.593ms
[433.221s][info][gc] GC(2513) Pause Young (Allocation Failure) 127M->71M(220M) 0.661ms
[433.273s][info][gc] GC(2514) Pause Young (Allocation Failure) 128M->71M(231M) 0.664ms
[433.344s][info][gc] GC(2515) Pause Young (Allocation Failure) 139M->73M(231M) 0.518ms
[433.414s][info][gc] GC(2516) Pause Young (Allocation Failure) 140M->73M(242M) 0.564ms
[433.500s][info][gc] GC(2517) Pause Young (Allocation Failure) 152M->74M(240M) 0.570ms
[433.573s][info][gc] GC(2518) Pause Young (Allocation Failure) 151M->75M(238M) 0.575ms
[433.651s][info][gc] GC(2519) Pause Young (Allocation Failure) 151M->76M(238M) 0.576ms
[433.728s][info][gc] GC(2520) Pause Young (Allocation Failure) 152M->77M(237M) 0.517ms
[433.801s][info][gc] GC(2521) Pause Young (Allocation Failure) 151M->77M(235M) 0.478ms
[433.865s][info][gc] GC(2522) Pause Young (Allocation Failure) 151M->78M(235M) 0.529ms
[433.938s][info][gc] GC(2523) Pause Young (Allocation Failure) 150M->79M(234M) 0.484ms
[434.012s][info][gc] GC(2524) Pause Young (Allocation Failure) 151M->80M(233M) 0.539ms
[434.076s][info][gc] GC(2525) Pause Young (Allocation Failure) 150M->80M(231M) 0.603ms
[434.149s][info][gc] GC(2526) Pause Young (Allocation Failure) 150M->82M(231M) 0.573ms
[434.222s][info][gc] GC(2527) Pause Young (Allocation Failure) 151M->83M(230M) 0.680ms
[434.283s][info][gc] GC(2528) Pause Young (Allocation Failure) 150M->83M(229M) 0.525ms
[434.348s][info][gc] GC(2529) Pause Young (Allocation Failure) 150M->85M(228M) 0.540ms
[434.416s][info][gc] GC(2530) Pause Young (Allocation Failure) 150M->85M(227M) 0.550ms
[434.474s][info][gc] GC(2531) Pause Young (Allocation Failure) 150M->86M(225M) 0.578ms
[434.534s][info][gc] GC(2532) Pause Young (Allocation Failure) 149M->87M(225M) 0.510ms
[434.592s][info][gc] GC(2533) Pause Young (Allocation Failure) 150M->87M(223M) 0.539ms
[434.659s][info][gc] GC(2534) Pause Young (Allocation Failure) 149M->89M(225M) 0.789ms
[434.724s][info][gc] GC(2535) Pause Young (Allocation Failure) 151M->90M(225M) 0.573ms
[434.777s][info][gc] GC(2536) Pause Young (Allocation Failure) 152M->90M(236M) 0.548ms
[434.919s][info][gc] GC(2537) Pause Young (Allocation Failure) 163M->92M(235M) 0.703ms
[434.989s][info][gc] GC(2538) Pause Young (Allocation Failure) 164M->92M(233M) 0.484ms
[435.061s][info][gc] GC(2539) Pause Young (Allocation Failure) 163M->94M(231M) 0.628ms
[435.135s][info][gc] GC(2540) Pause Young (Allocation Failure) 164M->95M(231M) 0.567ms
[435.209s][info][gc] GC(2541) Pause Young (Allocation Failure) 164M->95M(230M) 0.563ms
[435.272s][info][gc] GC(2542) Pause Young (Allocation Failure) 163M->96M(229M) 0.558ms
[435.340s][info][gc] GC(2543) Pause Young (Allocation Failure) 163M->97M(228M) 0.520ms
[435.407s][info][gc] GC(2544) Pause Young (Allocation Failure) 163M->97M(226M) 0.470ms
[435.474s][info][gc] GC(2545) Pause Young (Allocation Failure) 162M->99M(226M) 0.538ms
[435.542s][info][gc] GC(2546) Pause Young (Allocation Failure) 163M->100M(225M) 0.632ms
[435.594s][info][gc] GC(2547) Pause Young (Allocation Failure) 163M->100M(223M) 0.573ms
[435.656s][info][gc] GC(2548) Pause Young (Allocation Failure) 162M->102M(224M) 0.453ms
[435.716s][info][gc] GC(2549) Pause Young (Allocation Failure) 163M->102M(222M) 0.465ms
[435.770s][info][gc] GC(2550) Pause Young (Allocation Failure) 163M->103M(222M) 0.497ms
[435.830s][info][gc] GC(2551) Pause Young (Allocation Failure) 163M->104M(221M) 0.487ms
[435.886s][info][gc] GC(2552) Pause Young (Allocation Failure) 163M->105M(221M) 0.605ms
[435.945s][info][gc] GC(2553) Pause Young (Allocation Failure) 164M->106M(220M) 0.480ms
[435.994s][info][gc] GC(2554) Pause Young (Allocation Failure) 164M->105M(220M) 0.481ms
[436.059s][info][gc] GC(2555) Pause Young (Allocation Failure) 163M->107M(220M) 0.613ms
[436.112s][info][gc] GC(2556) Pause Young (Allocation Failure) 165M->107M(219M) 0.499ms
[436.170s][info][gc] GC(2557) Pause Young (Allocation Failure) 164M->108M(220M) 0.594ms
[436.224s][info][gc] GC(2558) Pause Young (Allocation Failure) 165M->109M(230M) 0.598ms
[436.287s][info][gc] GC(2559) Pause Young (Allocation Failure) 176M->110M(230M) 0.558ms
[436.357s][info][gc] GC(2560) Pause Young (Allocation Failure) 177M->111M(228M) 0.519ms
[436.422s][info][gc] GC(2561) Pause Young (Allocation Failure) 177M->112M(227M) 0.533ms
[436.479s][info][gc] GC(2562) Pause Young (Allocation Failure) 177M->112M(225M) 0.517ms
[436.546s][info][gc] GC(2563) Pause Young (Allocation Failure) 176M->114M(225M) 0.572ms
[436.613s][info][gc] GC(2564) Pause Young (Allocation Failure) 177M->115M(224M) 0.532ms
[436.664s][info][gc] GC(2565) Pause Young (Allocation Failure) 177M->115M(234M) 0.611ms
[436.736s][info][gc] GC(2566) Pause Young (Allocation Failure) 188M->117M(234M) 0.541ms
[436.809s][info][gc] GC(2567) Pause Young (Allocation Failure) 189M->117M(233M) 0.642ms
[436.878s][info][gc] GC(2568) Pause Young (Allocation Failure) 188M->118M(235M) 0.699ms
[436.950s][info][gc] GC(2569) Pause Young (Allocation Failure) 190M->119M(234M) 0.706ms
[437.024s][info][gc] GC(2570) Pause Young (Allocation Failure) 191M->120M(233M) 0.521ms
[437.088s][info][gc] GC(2571) Pause Young (Allocation Failure) 190M->121M(244M) 0.661ms
[437.168s][info][gc] GC(2572) Pause Young (Allocation Failure) 204M->122M(244M) 0.600ms
[437.252s][info][gc] GC(2573) Pause Young (Allocation Failure) 203M->123M(242M) 0.619ms
[437.326s][info][gc] GC(2574) Pause Young (Allocation Failure) 203M->123M(240M) 0.568ms
[437.393s][info][gc] GC(2575) Pause Young (Allocation Failure) 202M->123M(239M) 0.475ms
[437.471s][info][gc] GC(2576) Pause Young (Allocation Failure) 201M->125M(238M) 0.554ms
[437.547s][info][gc] GC(2577) Pause Young (Allocation Failure) 201M->126M(238M) 0.619ms
[437.621s][info][gc] GC(2578) Pause Young (Allocation Failure) 201M->127M(237M) 0.532ms
[437.688s][info][gc] GC(2579) Pause Young (Allocation Failure) 201M->126M(235M) 0.492ms
[437.762s][info][gc] GC(2580) Pause Young (Allocation Failure) 200M->128M(235M) 0.602ms
[437.833s][info][gc] GC(2581) Pause Young (Allocation Failure) 201M->129M(234M) 0.523ms
[437.902s][info][gc] GC(2582) Pause Young (Allocation Failure) 200M->129M(232M) 0.615ms
[437.969s][info][gc] GC(2583) Pause Young (Allocation Failure) 200M->130M(231M) 0.576ms
[438.035s][info][gc] GC(2584) Pause Young (Allocation Failure) 200M->132M(231M) 0.544ms
[438.108s][info][gc] GC(2585) Pause Young (Allocation Failure) 200M->132M(230M) 0.512ms
[438.167s][info][gc] GC(2586) Pause Young (Allocation Failure) 200M->133M(228M) 0.723ms
[438.235s][info][gc] GC(2587) Pause Young (Allocation Failure) 199M->134M(228M) 0.578ms
[438.301s][info][gc] GC(2588) Pause Young (Allocation Failure) 200M->135M(227M) 0.503ms
[438.358s][info][gc] GC(2589) Pause Young (Allocation Failure) 199M->135M(225M) 0.577ms
[438.422s][info][gc] GC(2590) Pause Young (Allocation Failure) 199M->136M(224M) 0.484ms
[438.475s][info][gc] GC(2591) Pause Young (Allocation Failure) 199M->137M(222M) 0.491ms
[438.539s][info][gc] GC(2592) Pause Young (Allocation Failure) 198M->138M(223M) 0.469ms
[438.601s][info][gc] GC(2593) Pause Young (Allocation Failure) 199M->139M(223M) 0.519ms
[438.653s][info][gc] GC(2594) Pause Young (Allocation Failure) 199M->139M(222M) 0.531ms
[438.714s][info][gc] GC(2595) Pause Young (Allocation Failure) 199M->140M(221M) 0.515ms
[438.766s][info][gc] GC(2596) Pause Young (Allocation Failure) 200M->141M(221M) 0.528ms
[438.830s][info][gc] GC(2597) Pause Young (Allocation Failure) 200M->142M(220M) 0.579ms
[438.891s][info][gc] GC(2598) Pause Young (Allocation Failure) 201M->143M(220M) 0.560ms
[438.942s][info][gc] GC(2599) Pause Young (Allocation Failure) 201M->143M(221M) 0.581ms
[439.000s][info][gc] GC(2600) Pause Young (Allocation Failure) 201M->145M(231M) 0.550ms
[439.060s][info][gc] GC(2601) Pause Young (Allocation Failure) 213M->146M(231M) 0.647ms
[439.129s][info][gc] GC(2602) Pause Young (Allocation Failure) 214M->147M(243M) 0.548ms
[439.202s][info][gc] GC(2603) Pause Young (Allocation Failure) 227M->147M(243M) 0.662ms
[439.287s][info][gc] GC(2604) Pause Young (Allocation Failure) 228M->148M(241M) 0.669ms
[439.355s][info][gc] GC(2605) Pause Young (Allocation Failure) 227M->148M(239M) 0.501ms
[439.431s][info][gc] GC(2606) Pause Young (Allocation Failure) 226M->150M(239M) 0.594ms
[439.502s][info][gc] GC(2607) Pause Young (Allocation Failure) 226M->151M(238M) 0.666ms
[439.579s][info][gc] GC(2608) Pause Young (Allocation Failure) 226M->151M(236M) 0.572ms
[439.645s][info][gc] GC(2609) Pause Young (Allocation Failure) 226M->152M(235M) 0.614ms
[439.721s][info][gc] GC(2610) Pause Young (Allocation Failure) 226M->154M(235M) 0.582ms
[439.795s][info][gc] GC(2611) Pause Young (Allocation Failure) 226M->154M(234M) 0.753ms
[439.875s][info][gc] GC(2612) Pause Young (Allocation Failure) 226M->153M(231M) 0.498ms
[440.000s][info][gc] GC(2613) Pause Young (Allocation Failure) 224M->156M(232M) 0.704ms
[440.070s][info][gc] GC(2614) Pause Young (Allocation Failure) 226M->157M(231M) 0.789ms
[440.132s][info][gc] GC(2615) Pause Young (Allocation Failure) 225M->157M(242M) 0.681ms
[440.215s][info][gc] GC(2616) Pause Young (Allocation Failure) 238M->159M(241M) 0.691ms
[440.290s][info][gc] GC(2617) Pause Young (Allocation Failure) 238M->159M(240M) 0.617ms
[440.368s][info][gc] GC(2618) Pause Young (Allocation Failure) 237M->160M(239M) 0.575ms
[440.440s][info][gc] GC(2619) Pause Full (Ergonomics) 237M->30M(232M) 6.631ms
[440.515s][info][gc] GC(2620) Pause Young (Allocation Failure) 105M->32M(233M) 0.429ms
[440.588s][info][gc] GC(2621) Pause Young (Allocation Failure) 106M->33M(232M) 0.511ms
[440.662s][info][gc] GC(2622) Pause Young (Allocation Failure) 106M->33M(231M) 0.464ms
[440.724s][info][gc] GC(2623) Pause Young (Allocation Failure) 106M->33M(229M) 0.520ms
[440.798s][info][gc] GC(2624) Pause Young (Allocation Failure) 105M->35M(229M) 0.459ms
[440.865s][info][gc] GC(2625) Pause Young (Allocation Failure) 106M->36M(228M) 0.465ms
[440.927s][info][gc] GC(2626) Pause Young (Allocation Failure) 105M->36M(227M) 0.470ms
[440.998s][info][gc] GC(2627) Pause Young (Allocation Failure) 104M->38M(226M) 0.618ms
[441.058s][info][gc] GC(2628) Pause Young (Allocation Failure) 105M->38M(225M) 0.417ms
[441.116s][info][gc] GC(2629) Pause Young (Allocation Failure) 104M->39M(223M) 0.451ms
[441.183s][info][gc] GC(2630) Pause Young (Allocation Failure) 104M->40M(223M) 0.463ms
[441.251s][info][gc] GC(2631) Pause Young (Allocation Failure) 104M->41M(222M) 0.469ms
[441.304s][info][gc] GC(2632) Pause Young (Allocation Failure) 104M->41M(221M) 0.426ms
[441.367s][info][gc] GC(2633) Pause Young (Allocation Failure) 103M->43M(220M) 0.483ms
[441.421s][info][gc] GC(2634) Pause Young (Allocation Failure) 104M->43M(219M) 0.416ms
[441.484s][info][gc] GC(2635) Pause Young (Allocation Failure) 103M->44M(218M) 0.546ms
[441.544s][info][gc] GC(2636) Pause Young (Allocation Failure) 104M->45M(218M) 0.436ms
[441.599s][info][gc] GC(2637) Pause Young (Allocation Failure) 104M->45M(216M) 0.429ms
[441.654s][info][gc] GC(2638) Pause Young (Allocation Failure) 104M->47M(217M) 0.450ms
[441.707s][info][gc] GC(2639) Pause Young (Allocation Failure) 105M->47M(215M) 0.514ms
[441.768s][info][gc] GC(2640) Pause Young (Allocation Failure) 105M->49M(216M) 0.524ms
[441.820s][info][gc] GC(2641) Pause Young (Allocation Failure) 106M->49M(214M) 0.500ms
[441.879s][info][gc] GC(2642) Pause Young (Allocation Failure) 106M->50M(215M) 0.424ms
[441.932s][info][gc] GC(2643) Pause Young (Allocation Failure) 107M->51M(214M) 0.493ms
[441.984s][info][gc] GC(2644) Pause Young (Allocation Failure) 107M->51M(214M) 0.400ms
[442.040s][info][gc] GC(2645) Pause Young (Allocation Failure) 107M->53M(213M) 0.422ms
[442.087s][info][gc] GC(2646) Pause Young (Allocation Failure) 108M->53M(213M) 0.460ms
[442.146s][info][gc] GC(2647) Pause Young (Allocation Failure) 108M->55M(212M) 0.467ms
[442.190s][info][gc] GC(2648) Pause Young (Allocation Failure) 109M->55M(212M) 0.392ms
[442.246s][info][gc] GC(2649) Pause Young (Allocation Failure) 108M->56M(211M) 0.459ms
[442.292s][info][gc] GC(2650) Pause Young (Allocation Failure) 109M->57M(211M) 0.463ms
[442.346s][info][gc] GC(2651) Pause Young (Allocation Failure) 109M->58M(210M) 0.441ms
[442.393s][info][gc] GC(2652) Pause Young (Allocation Failure) 110M->59M(210M) 0.503ms
[442.446s][info][gc] GC(2653) Pause Young (Allocation Failure) 110M->60M(209M) 0.425ms
[442.492s][info][gc] GC(2654) Pause Young (Allocation Failure) 111M->60M(209M) 0.447ms
[442.548s][info][gc] GC(2655) Pause Young (Allocation Failure) 111M->62M(208M) 0.484ms
[442.591s][info][gc] GC(2656) Pause Young (Allocation Failure) 112M->62M(208M) 0.408ms
[442.643s][info][gc] GC(2657) Pause Young (Allocation Failure) 111M->63M(208M) 0.545ms
[442.687s][info][gc] GC(2658) Pause Young (Allocation Failure) 113M->63M(217M) 0.452ms
[442.748s][info][gc] GC(2659) Pause Young (Allocation Failure) 122M->65M(217M) 0.528ms
[442.803s][info][gc] GC(2660) Pause Young (Allocation Failure) 123M->66M(216M) 0.451ms
[442.858s][info][gc] GC(2661) Pause Young (Allocation Failure) 124M->67M(215M) 0.491ms
[442.908s][info][gc] GC(2662) Pause Young (Allocation Failure) 124M->67M(214M) 0.421ms
[442.970s][info][gc] GC(2663) Pause Young (Allocation Failure) 124M->68M(214M) 0.529ms
[443.020s][info][gc] GC(2664) Pause Young (Allocation Failure) 125M->68M(214M) 0.435ms
[443.071s][info][gc] GC(2665) Pause Young (Allocation Failure) 124M->69M(213M) 0.522ms
[443.130s][info][gc] GC(2666) Pause Young (Allocation Failure) 125M->70M(213M) 0.422ms
[443.179s][info][gc] GC(2667) Pause Young (Allocation Failure) 125M->71M(212M) 0.457ms
[443.237s][info][gc] GC(2668) Pause Young (Allocation Failure) 125M->73M(212M) 0.494ms
[443.283s][info][gc] GC(2669) Pause Young (Allocation Failure) 127M->73M(219M) 0.581ms
[443.354s][info][gc] GC(2670) Pause Young (Allocation Failure) 134M->75M(223M) 0.617ms
[443.417s][info][gc] GC(2671) Pause Young (Allocation Failure) 139M->75M(223M) 0.769ms
[443.482s][info][gc] GC(2672) Pause Young (Allocation Failure) 139M->76M(234M) 0.674ms
[443.564s][info][gc] GC(2673) Pause Young (Allocation Failure) 152M->77M(234M) 0.608ms
[443.643s][info][gc] GC(2674) Pause Young (Allocation Failure) 153M->78M(232M) 0.515ms
[443.711s][info][gc] GC(2675) Pause Young (Allocation Failure) 152M->78M(231M) 0.537ms
[443.790s][info][gc] GC(2676) Pause Young (Allocation Failure) 152M->80M(230M) 0.565ms
[443.867s][info][gc] GC(2677) Pause Young (Allocation Failure) 152M->81M(230M) 0.672ms
[443.932s][info][gc] GC(2678) Pause Young (Allocation Failure) 152M->81M(228M) 0.504ms
[444.001s][info][gc] GC(2679) Pause Young (Allocation Failure) 151M->82M(227M) 0.514ms
[444.070s][info][gc] GC(2680) Pause Young (Allocation Failure) 151M->83M(227M) 0.527ms
[444.136s][info][gc] GC(2681) Pause Young (Allocation Failure) 151M->83M(225M) 0.562ms
[444.201s][info][gc] GC(2682) Pause Young (Allocation Failure) 151M->85M(224M) 0.528ms
[444.267s][info][gc] GC(2683) Pause Young (Allocation Failure) 151M->86M(224M) 0.661ms
[444.330s][info][gc] GC(2684) Pause Young (Allocation Failure) 151M->86M(222M) 0.541ms
[444.392s][info][gc] GC(2685) Pause Young (Allocation Failure) 151M->87M(221M) 0.519ms
[444.459s][info][gc] GC(2686) Pause Young (Allocation Failure) 150M->88M(221M) 0.477ms
[444.513s][info][gc] GC(2687) Pause Young (Allocation Failure) 151M->88M(218M) 0.489ms
[444.577s][info][gc] GC(2688) Pause Young (Allocation Failure) 149M->90M(218M) 0.615ms
[444.636s][info][gc] GC(2689) Pause Young (Allocation Failure) 150M->90M(229M) 0.685ms
[444.708s][info][gc] GC(2690) Pause Young (Allocation Failure) 162M->91M(228M) 0.668ms
[444.787s][info][gc] GC(2691) Pause Young (Allocation Failure) 162M->93M(228M) 0.712ms
[444.852s][info][gc] GC(2692) Pause Young (Allocation Failure) 162M->92M(226M) 0.537ms
[444.919s][info][gc] GC(2693) Pause Young (Allocation Failure) 161M->93M(225M) 0.553ms
[445.080s][info][gc] GC(2694) Pause Young (Allocation Failure) 161M->95M(225M) 0.739ms
[445.138s][info][gc] GC(2695) Pause Young (Allocation Failure) 162M->96M(222M) 0.604ms
[445.205s][info][gc] GC(2696) Pause Young (Allocation Failure) 161M->97M(223M) 0.476ms
[445.270s][info][gc] GC(2697) Pause Young (Allocation Failure) 162M->98M(221M) 0.580ms
[445.331s][info][gc] GC(2698) Pause Young (Allocation Failure) 161M->99M(220M) 0.476ms
[445.398s][info][gc] GC(2699) Pause Young (Allocation Failure) 161M->100M(220M) 0.517ms
[445.454s][info][gc] GC(2700) Pause Young (Allocation Failure) 162M->100M(218M) 0.440ms
[445.515s][info][gc] GC(2701) Pause Young (Allocation Failure) 160M->101M(218M) 0.601ms
[445.573s][info][gc] GC(2702) Pause Young (Allocation Failure) 161M->102M(218M) 0.492ms
[445.625s][info][gc] GC(2703) Pause Young (Allocation Failure) 162M->103M(216M) 0.533ms
[445.689s][info][gc] GC(2704) Pause Young (Allocation Failure) 162M->104M(217M) 0.490ms
[445.740s][info][gc] GC(2705) Pause Young (Allocation Failure) 162M->104M(215M) 0.489ms
[445.796s][info][gc] GC(2706) Pause Young (Allocation Failure) 162M->105M(216M) 0.598ms
[445.850s][info][gc] GC(2707) Pause Young (Allocation Failure) 163M->106M(216M) 0.556ms
[445.909s][info][gc] GC(2708) Pause Young (Allocation Failure) 164M->107M(227M) 0.568ms
[445.978s][info][gc] GC(2709) Pause Young (Allocation Failure) 175M->108M(225M) 0.537ms
[446.039s][info][gc] GC(2710) Pause Young (Allocation Failure) 175M->109M(223M) 0.489ms
[446.107s][info][gc] GC(2711) Pause Young (Allocation Failure) 175M->110M(223M) 0.535ms
[446.170s][info][gc] GC(2712) Pause Young (Allocation Failure) 175M->111M(222M) 0.565ms
[446.228s][info][gc] GC(2713) Pause Young (Allocation Failure) 175M->111M(223M) 0.668ms
[446.293s][info][gc] GC(2714) Pause Young (Allocation Failure) 176M->113M(234M) 0.656ms
[446.367s][info][gc] GC(2715) Pause Young (Allocation Failure) 188M->113M(233M) 0.566ms
[446.439s][info][gc] GC(2716) Pause Young (Allocation Failure) 188M->113M(231M) 0.551ms
[446.517s][info][gc] GC(2717) Pause Young (Allocation Failure) 187M->115M(230M) 0.562ms
[446.588s][info][gc] GC(2718) Pause Young (Allocation Failure) 187M->116M(230M) 0.616ms
[446.657s][info][gc] GC(2719) Pause Young (Allocation Failure) 187M->116M(228M) 0.510ms
[446.722s][info][gc] GC(2720) Pause Young (Allocation Failure) 187M->117M(227M) 0.530ms
[446.797s][info][gc] GC(2721) Pause Young (Allocation Failure) 187M->119M(227M) 0.572ms
[446.855s][info][gc] GC(2722) Pause Young (Allocation Failure) 187M->119M(225M) 0.580ms
[446.920s][info][gc] GC(2723) Pause Young (Allocation Failure) 186M->120M(224M) 0.535ms
[446.987s][info][gc] GC(2724) Pause Young (Allocation Failure) 187M->121M(224M) 0.562ms
[447.050s][info][gc] GC(2725) Pause Young (Allocation Failure) 187M->122M(222M) 0.679ms
[447.108s][info][gc] GC(2726) Pause Young (Allocation Failure) 186M->122M(221M) 0.499ms
[447.172s][info][gc] GC(2727) Pause Young (Allocation Failure) 186M->123M(220M) 0.474ms
[447.227s][info][gc] GC(2728) Pause Young (Allocation Failure) 186M->123M(218M) 0.480ms
[447.293s][info][gc] GC(2729) Pause Young (Allocation Failure) 185M->125M(218M) 0.470ms
[447.347s][info][gc] GC(2730) Pause Young (Allocation Failure) 185M->126M(218M) 0.498ms
[447.403s][info][gc] GC(2731) Pause Young (Allocation Failure) 186M->127M(217M) 0.534ms
[447.455s][info][gc] GC(2732) Pause Young (Allocation Failure) 186M->127M(217M) 0.499ms
[447.513s][info][gc] GC(2733) Pause Young (Allocation Failure) 186M->128M(217M) 0.807ms
[447.575s][info][gc] GC(2734) Pause Young (Allocation Failure) 187M->130M(228M) 0.604ms
[447.639s][info][gc] GC(2735) Pause Young (Allocation Failure) 200M->130M(228M) 0.672ms
[447.704s][info][gc] GC(2736) Pause Young (Allocation Failure) 200M->131M(241M) 0.581ms
[447.786s][info][gc] GC(2737) Pause Young (Allocation Failure) 214M->132M(239M) 0.606ms
[447.862s][info][gc] GC(2738) Pause Young (Allocation Failure) 213M->133M(237M) 0.497ms
[447.934s][info][gc] GC(2739) Pause Young (Allocation Failure) 212M->133M(236M) 0.598ms
[448.007s][info][gc] GC(2740) Pause Young (Allocation Failure) 211M->134M(234M) 0.572ms
[448.084s][info][gc] GC(2741) Pause Young (Allocation Failure) 211M->136M(234M) 0.580ms
[448.157s][info][gc] GC(2742) Pause Young (Allocation Failure) 211M->136M(232M) 0.623ms
[448.226s][info][gc] GC(2743) Pause Young (Allocation Failure) 211M->136M(231M) 0.512ms
[448.297s][info][gc] GC(2744) Pause Young (Allocation Failure) 210M->138M(230M) 0.594ms
[448.368s][info][gc] GC(2745) Pause Young (Allocation Failure) 210M->139M(229M) 0.536ms
[448.438s][info][gc] GC(2746) Pause Young (Allocation Failure) 210M->139M(228M) 0.533ms
[448.503s][info][gc] GC(2747) Pause Young (Allocation Failure) 210M->140M(227M) 0.515ms
[448.574s][info][gc] GC(2748) Pause Young (Allocation Failure) 209M->141M(227M) 0.542ms
[448.637s][info][gc] GC(2749) Pause Young (Allocation Failure) 210M->141M(225M) 0.659ms
[448.703s][info][gc] GC(2750) Pause Young (Allocation Failure) 209M->142M(224M) 0.548ms
[448.772s][info][gc] GC(2751) Pause Young (Allocation Failure) 209M->144M(224M) 0.681ms
[448.831s][info][gc] GC(2752) Pause Young (Allocation Failure) 209M->143M(222M) 0.479ms
[448.890s][info][gc] GC(2753) Pause Young (Allocation Failure) 208M->144M(221M) 0.610ms
[448.958s][info][gc] GC(2754) Pause Young (Allocation Failure) 208M->145M(220M) 0.567ms
[449.013s][info][gc] GC(2755) Pause Young (Allocation Failure) 208M->145M(219M) 0.506ms
[449.075s][info][gc] GC(2756) Pause Young (Allocation Failure) 207M->147M(218M) 0.550ms
[449.136s][info][gc] GC(2757) Pause Young (Allocation Failure) 207M->147M(218M) 0.524ms
[449.190s][info][gc] GC(2758) Pause Young (Allocation Failure) 207M->148M(217M) 0.534ms
[449.252s][info][gc] GC(2759) Pause Young (Allocation Failure) 208M->150M(217M) 0.531ms
[449.301s][info][gc] GC(2760) Pause Young (Allocation Failure) 209M->150M(218M) 0.581ms
[449.361s][info][gc] GC(2761) Pause Young (Allocation Failure) 209M->151M(218M) 0.541ms
[449.413s][info][gc] GC(2762) Pause Young (Allocation Failure) 211M->151M(229M) 0.493ms
[449.484s][info][gc] GC(2763) Pause Young (Allocation Failure) 221M->153M(227M) 0.563ms
[449.556s][info][gc] GC(2764) Pause Young (Allocation Failure) 222M->154M(226M) 0.652ms
[449.617s][info][gc] GC(2765) Pause Young (Allocation Failure) 222M->154M(224M) 0.529ms
[449.685s][info][gc] GC(2766) Pause Young (Allocation Failure) 221M->155M(224M) 0.619ms
[449.752s][info][gc] GC(2767) Pause Young (Allocation Failure) 221M->156M(223M) 0.546ms
[449.808s][info][gc] GC(2768) Pause Young (Allocation Failure) 221M->156M(221M) 0.442ms
[449.894s][info][gc] GC(2769) Pause Full (Ergonomics) 220M->64M(250M) 16.760ms
[449.954s][info][gc] GC(2770) Pause Young (Allocation Failure) 127M->66M(250M) 0.426ms
[450.011s][info][gc] GC(2771) Pause Young (Allocation Failure) 128M->67M(249M) 0.471ms
[450.154s][info][gc] GC(2772) Pause Young (Allocation Failure) 128M->69M(249M) 0.770ms
[450.210s][info][gc] GC(2773) Pause Young (Allocation Failure) 129M->69M(247M) 0.658ms
[450.269s][info][gc] GC(2774) Pause Young (Allocation Failure) 129M->71M(247M) 0.537ms
[450.321s][info][gc] GC(2775) Pause Young (Allocation Failure) 130M->71M(246M) 0.503ms
[450.381s][info][gc] GC(2776) Pause Young (Allocation Failure) 130M->73M(247M) 0.594ms
[450.444s][info][gc] GC(2777) Pause Young (Allocation Failure) 131M->73M(247M) 0.467ms
[450.492s][info][gc] GC(2778) Pause Young (Allocation Failure) 131M->74M(246M) 0.469ms
[450.549s][info][gc] GC(2779) Pause Young (Allocation Failure) 131M->75M(245M) 0.561ms
[450.601s][info][gc] GC(2780) Pause Young (Allocation Failure) 132M->76M(244M) 0.467ms
[450.655s][info][gc] GC(2781) Pause Young (Allocation Failure) 132M->77M(244M) 0.419ms
[450.710s][info][gc] GC(2782) Pause Young (Allocation Failure) 132M->78M(244M) 0.621ms
[450.764s][info][gc] GC(2783) Pause Young (Allocation Failure) 133M->79M(243M) 0.468ms
[450.812s][info][gc] GC(2784) Pause Young (Allocation Failure) 133M->79M(243M) 0.465ms
[450.870s][info][gc] GC(2785) Pause Young (Allocation Failure) 133M->81M(242M) 0.474ms
[450.915s][info][gc] GC(2786) Pause Young (Allocation Failure) 134M->81M(242M) 0.461ms
[450.970s][info][gc] GC(2787) Pause Young (Allocation Failure) 134M->82M(241M) 0.488ms
[451.017s][info][gc] GC(2788) Pause Young (Allocation Failure) 135M->83M(241M) 0.451ms
[451.068s][info][gc] GC(2789) Pause Young (Allocation Failure) 135M->84M(239M) 0.471ms
[451.115s][info][gc] GC(2790) Pause Young (Allocation Failure) 135M->84M(240M) 0.381ms
[451.169s][info][gc] GC(2791) Pause Young (Allocation Failure) 135M->85M(239M) 0.576ms
[451.215s][info][gc] GC(2792) Pause Young (Allocation Failure) 136M->86M(238M) 0.459ms
[451.266s][info][gc] GC(2793) Pause Young (Allocation Failure) 136M->86M(237M) 0.489ms
[451.310s][info][gc] GC(2794) Pause Young (Allocation Failure) 136M->87M(237M) 0.399ms
[451.362s][info][gc] GC(2795) Pause Young (Allocation Failure) 136M->88M(237M) 0.444ms
[451.403s][info][gc] GC(2796) Pause Young (Allocation Failure) 137M->89M(236M) 0.427ms
[451.456s][info][gc] GC(2797) Pause Young (Allocation Failure) 137M->90M(236M) 0.447ms
[451.495s][info][gc] GC(2798) Pause Young (Allocation Failure) 137M->90M(236M) 0.454ms
[451.540s][info][gc] GC(2799) Pause Young (Allocation Failure) 138M->91M(236M) 0.474ms
[451.589s][info][gc] GC(2800) Pause Young (Allocation Failure) 139M->92M(245M) 0.451ms
[451.648s][info][gc] GC(2801) Pause Young (Allocation Failure) 148M->94M(245M) 0.584ms
[451.696s][info][gc] GC(2802) Pause Young (Allocation Failure) 150M->94M(255M) 0.503ms
[451.763s][info][gc] GC(2803) Pause Young (Allocation Failure) 160M->96M(255M) 0.558ms
[451.827s][info][gc] GC(2804) Pause Young (Allocation Failure) 162M->96M(267M) 0.518ms
[451.895s][info][gc] GC(2805) Pause Young (Allocation Failure) 174M->96M(264M) 0.457ms
[451.969s][info][gc] GC(2806) Pause Young (Allocation Failure) 173M->98M(264M) 0.565ms
[452.041s][info][gc] GC(2807) Pause Young (Allocation Failure) 173M->99M(263M) 0.490ms
[452.119s][info][gc] GC(2808) Pause Young (Allocation Failure) 173M->99M(262M) 0.557ms
[452.181s][info][gc] GC(2809) Pause Young (Allocation Failure) 173M->100M(260M) 0.491ms
[452.259s][info][gc] GC(2810) Pause Young (Allocation Failure) 172M->101M(260M) 0.505ms
[452.329s][info][gc] GC(2811) Pause Young (Allocation Failure) 173M->102M(259M) 0.605ms
[452.389s][info][gc] GC(2812) Pause Young (Allocation Failure) 173M->102M(258M) 0.450ms
[452.460s][info][gc] GC(2813) Pause Young (Allocation Failure) 172M->104M(257M) 0.584ms
[452.527s][info][gc] GC(2814) Pause Young (Allocation Failure) 173M->104M(256M) 0.621ms
[452.586s][info][gc] GC(2815) Pause Young (Allocation Failure) 172M->105M(254M) 0.544ms
[452.656s][info][gc] GC(2816) Pause Young (Allocation Failure) 172M->107M(254M) 0.495ms
[452.721s][info][gc] GC(2817) Pause Young (Allocation Failure) 172M->107M(253M) 0.467ms
[452.779s][info][gc] GC(2818) Pause Young (Allocation Failure) 171M->108M(252M) 0.649ms
[452.845s][info][gc] GC(2819) Pause Young (Allocation Failure) 171M->109M(251M) 0.503ms
[452.911s][info][gc] GC(2820) Pause Young (Allocation Failure) 172M->110M(250M) 0.540ms
[452.960s][info][gc] GC(2821) Pause Young (Allocation Failure) 171M->110M(248M) 0.582ms
[453.025s][info][gc] GC(2822) Pause Young (Allocation Failure) 171M->112M(248M) 0.503ms
[453.074s][info][gc] GC(2823) Pause Young (Allocation Failure) 171M->112M(247M) 0.507ms
[453.133s][info][gc] GC(2824) Pause Young (Allocation Failure) 171M->113M(249M) 0.599ms
[453.184s][info][gc] GC(2825) Pause Young (Allocation Failure) 173M->114M(249M) 0.474ms
[453.248s][info][gc] GC(2826) Pause Young (Allocation Failure) 173M->115M(259M) 0.548ms
[453.315s][info][gc] GC(2827) Pause Young (Allocation Failure) 185M->116M(258M) 0.560ms
[453.374s][info][gc] GC(2828) Pause Young (Allocation Failure) 185M->116M(259M) 0.609ms
[453.447s][info][gc] GC(2829) Pause Young (Allocation Failure) 185M->118M(257M) 0.557ms
[453.512s][info][gc] GC(2830) Pause Young (Allocation Failure) 186M->118M(256M) 0.524ms
[453.573s][info][gc] GC(2831) Pause Young (Allocation Failure) 185M->119M(254M) 0.478ms
[453.641s][info][gc] GC(2832) Pause Young (Allocation Failure) 185M->120M(254M) 0.607ms
[453.709s][info][gc] GC(2833) Pause Young (Allocation Failure) 185M->121M(252M) 0.497ms
[453.765s][info][gc] GC(2834) Pause Young (Allocation Failure) 185M->121M(251M) 0.551ms
[453.832s][info][gc] GC(2835) Pause Young (Allocation Failure) 184M->123M(250M) 0.534ms
[453.897s][info][gc] GC(2836) Pause Young (Allocation Failure) 185M->124M(250M) 0.503ms
[453.951s][info][gc] GC(2837) Pause Young (Allocation Failure) 185M->124M(248M) 0.659ms
[454.012s][info][gc] GC(2838) Pause Young (Allocation Failure) 184M->125M(248M) 0.465ms
[454.068s][info][gc] GC(2839) Pause Young (Allocation Failure) 185M->126M(247M) 0.553ms
[454.127s][info][gc] GC(2840) Pause Young (Allocation Failure) 185M->127M(247M) 0.556ms
[454.183s][info][gc] GC(2841) Pause Young (Allocation Failure) 186M->127M(246M) 0.516ms
[454.245s][info][gc] GC(2842) Pause Young (Allocation Failure) 185M->129M(247M) 0.582ms
[454.300s][info][gc] GC(2843) Pause Young (Allocation Failure) 187M->129M(246M) 0.483ms
[454.358s][info][gc] GC(2844) Pause Young (Allocation Failure) 187M->130M(247M) 0.632ms
[454.415s][info][gc] GC(2845) Pause Young (Allocation Failure) 188M->131M(247M) 0.515ms
[454.468s][info][gc] GC(2846) Pause Young (Allocation Failure) 189M->132M(257M) 0.551ms
[454.536s][info][gc] GC(2847) Pause Young (Allocation Failure) 199M->133M(257M) 0.636ms
[454.600s][info][gc] GC(2848) Pause Young (Allocation Failure) 201M->133M(269M) 0.531ms
[454.680s][info][gc] GC(2849) Pause Young (Allocation Failure) 213M->134M(266M) 0.557ms
[454.757s][info][gc] GC(2850) Pause Young (Allocation Failure) 212M->135M(265M) 0.606ms
[454.831s][info][gc] GC(2851) Pause Young (Allocation Failure) 212M->136M(264M) 0.588ms
[454.904s][info][gc] GC(2852) Pause Young (Allocation Failure) 212M->136M(262M) 0.595ms
[454.973s][info][gc] GC(2853) Pause Young (Allocation Failure) 211M->137M(261M) 0.609ms
[455.049s][info][gc] GC(2854) Pause Young (Allocation Failure) 211M->139M(261M) 0.582ms
[455.186s][info][gc] GC(2855) Pause Young (Allocation Failure) 211M->142M(261M) 0.733ms
[455.227s][info][gc] GC(2856) Pause Young (Allocation Failure) 214M->146M(260M) 1.200ms
[455.251s][info][gc] GC(2857) Pause Young (Allocation Failure) 217M->148M(263M) 0.737ms
[455.275s][info][gc] GC(2858) Pause Young (Allocation Failure) 219M->149M(276M) 0.571ms
[455.302s][info][gc] GC(2859) Pause Young (Allocation Failure) 233M->149M(276M) 0.542ms
[455.348s][info][gc] GC(2860) Pause Young (Allocation Failure) 234M->154M(292M) 1.012ms
[455.384s][info][gc] GC(2861) Pause Young (Allocation Failure) 254M->155M(292M) 0.799ms
[455.416s][info][gc] GC(2862) Pause Young (Allocation Failure) 255M->155M(310M) 0.590ms
[455.472s][info][gc] GC(2863) Pause Young (Allocation Failure) 274M->160M(311M) 1.020ms
[455.517s][info][gc] GC(2864) Pause Young (Allocation Failure) 279M->161M(333M) 1.008ms
[455.576s][info][gc] GC(2865) Pause Young (Allocation Failure) 302M->164M(334M) 1.098ms
[455.627s][info][gc] GC(2866) Pause Young (Allocation Failure) 306M->166M(361M) 1.150ms
[455.691s][info][gc] GC(2867) Pause Young (Allocation Failure) 335M->170M(361M) 1.038ms
[455.750s][info][gc] GC(2868) Pause Young (Allocation Failure) 338M->172M(393M) 1.340ms
[455.833s][info][gc] GC(2869) Pause Young (Allocation Failure) 373M->177M(393M) 1.103ms
[455.899s][info][gc] GC(2870) Pause Young (Allocation Failure) 377M->176M(433M) 1.234ms
[455.997s][info][gc] GC(2871) Pause Young (Allocation Failure) 415M->182M(433M) 1.215ms
[456.088s][info][gc] GC(2872) Pause Young (Allocation Failure) 420M->183M(477M) 1.346ms
[456.194s][info][gc] GC(2873) Pause Young (Allocation Failure) 466M->186M(478M) 1.319ms
[456.294s][info][gc] GC(2874) Pause Young (Allocation Failure) 468M->187M(529M) 1.147ms
[456.419s][info][gc] GC(2875) Pause Young (Allocation Failure) 521M->190M(530M) 1.454ms
[456.553s][info][gc] GC(2876) Pause Full (Ergonomics) 524M->59M(589M) 13.420ms
[456.699s][info][gc] GC(2877) Pause Young (Allocation Failure) 453M->66M(590M) 1.522ms
[456.858s][info][gc] GC(2878) Pause Young (Allocation Failure) 460M->69M(660M) 1.424ms
[457.036s][info][gc] GC(2879) Pause Young (Allocation Failure) 532M->73M(660M) 2.100ms
[457.215s][info][gc] GC(2880) Pause Young (Allocation Failure) 536M->77M(741M) 1.777ms
[457.421s][info][gc] GC(2881) Pause Young (Allocation Failure) 621M->80M(742M) 1.839ms
[457.630s][info][gc] GC(2882) Pause Young (Allocation Failure) 624M->85M(836M) 1.816ms
[457.866s][info][gc] GC(2883) Pause Young (Allocation Failure) 723M->89M(837M) 2.006ms
[458.094s][info][gc] GC(2884) Pause Young (Allocation Failure) 727M->95M(946M) 1.905ms
[458.375s][info][gc] GC(2885) Pause Young (Allocation Failure) 842M->101M(947M) 2.432ms
[458.675s][info][gc] GC(2886) Pause Young (Allocation Failure) 848M->106M(1075M) 2.695ms
[459.003s][info][gc] GC(2887) Pause Young (Allocation Failure) 981M->113M(1075M) 2.945ms
[459.320s][info][gc] GC(2888) Pause Young (Allocation Failure) 988M->120M(1034M) 2.254ms
[459.630s][info][gc] GC(2889) Pause Young (Allocation Failure) 956M->126M(998M) 2.164ms
[459.927s][info][gc] GC(2890) Pause Young (Allocation Failure) 926M->132M(961M) 2.456ms
[460.221s][info][gc] GC(2891) Pause Young (Allocation Failure) 898M->138M(930M) 2.364ms
[460.480s][info][gc] GC(2892) Pause Young (Allocation Failure) 871M->144M(899M) 1.923ms
[460.734s][info][gc] GC(2893) Pause Young (Allocation Failure) 846M->149M(869M) 2.017ms
[460.977s][info][gc] GC(2894) Pause Young (Allocation Failure) 822M->152M(838M) 1.623ms
[461.304s][info][gc] GC(2895) Pause Young (Allocation Failure) 796M->161M(815M) 2.025ms
[461.555s][info][gc] GC(2896) Pause Young (Allocation Failure) 778M->166M(787M) 1.927ms
[461.812s][info][gc] GC(2897) Pause Young (Allocation Failure) 758M->170M(762M) 1.875ms
[462.061s][info][gc] GC(2898) Pause Young (Allocation Failure) 737M->175M(740M) 1.720ms
[462.296s][info][gc] GC(2899) Pause Young (Allocation Failure) 720M->179M(717M) 1.701ms
[462.514s][info][gc] GC(2900) Pause Young (Allocation Failure) 702M->183M(696M) 1.560ms
[462.720s][info][gc] GC(2901) Pause Young (Allocation Failure) 685M->187M(676M) 1.708ms
[462.931s][info][gc] GC(2902) Pause Full (Ergonomics) 668M->64M(658M) 15.978ms
[463.127s][info][gc] GC(2903) Pause Young (Allocation Failure) 527M->71M(653M) 1.555ms
[463.319s][info][gc] GC(2904) Pause Young (Allocation Failure) 515M->75M(630M) 1.490ms
[463.508s][info][gc] GC(2905) Pause Young (Allocation Failure) 503M->78M(613M) 1.552ms
[463.681s][info][gc] GC(2906) Pause Young (Allocation Failure) 489M->81M(597M) 1.149ms
[463.839s][info][gc] GC(2907) Pause Young (Allocation Failure) 477M->85M(583M) 1.438ms
[463.997s][info][gc] GC(2908) Pause Young (Allocation Failure) 465M->87M(568M) 1.274ms
[464.149s][info][gc] GC(2909) Pause Young (Allocation Failure) 454M->91M(555M) 1.202ms
[464.286s][info][gc] GC(2910) Pause Young (Allocation Failure) 444M->93M(541M) 2.191ms
[464.429s][info][gc] GC(2911) Pause Young (Allocation Failure) 433M->96M(529M) 1.165ms
[464.561s][info][gc] GC(2912) Pause Young (Allocation Failure) 423M->98M(517M) 1.249ms
[464.695s][info][gc] GC(2913) Pause Young (Allocation Failure) 414M->101M(506M) 1.151ms
[464.826s][info][gc] GC(2914) Pause Young (Allocation Failure) 406M->103M(556M) 1.265ms
[464.987s][info][gc] GC(2915) Pause Young (Allocation Failure) 458M->106M(544M) 1.112ms
[465.130s][info][gc] GC(2916) Pause Young (Allocation Failure) 448M->108M(531M) 1.146ms
[465.264s][info][gc] GC(2917) Pause Young (Allocation Failure) 438M->110M(519M) 1.057ms
[465.407s][info][gc] GC(2918) Pause Young (Allocation Failure) 428M->114M(509M) 1.182ms
[465.530s][info][gc] GC(2919) Pause Young (Allocation Failure) 421M->116M(498M) 1.114ms
[465.654s][info][gc] GC(2920) Pause Young (Allocation Failure) 413M->118M(487M) 1.026ms
[465.768s][info][gc] GC(2921) Pause Young (Allocation Failure) 404M->120M(477M) 1.052ms
[465.887s][info][gc] GC(2922) Pause Young (Allocation Failure) 396M->123M(468M) 1.029ms
[465.993s][info][gc] GC(2923) Pause Young (Allocation Failure) 389M->125M(511M) 0.953ms
[466.118s][info][gc] GC(2924) Pause Young (Allocation Failure) 435M->126M(562M) 1.098ms
[466.271s][info][gc] GC(2925) Pause Young (Allocation Failure) 488M->130M(550M) 1.093ms
[466.412s][info][gc] GC(2926) Pause Young (Allocation Failure) 478M->133M(538M) 1.114ms
[466.606s][info][gc] GC(2927) Pause Young (Allocation Failure) 469M->136M(527M) 1.253ms
[466.739s][info][gc] GC(2928) Pause Young (Allocation Failure) 460M->139M(511M) 1.362ms
[466.870s][info][gc] GC(2929) Pause Young (Allocation Failure) 452M->143M(566M) 1.412ms
[467.010s][info][gc] GC(2930) Pause Young (Allocation Failure) 508M->146M(627M) 1.116ms
[467.186s][info][gc] GC(2931) Pause Young (Allocation Failure) 571M->149M(611M) 1.310ms
[467.343s][info][gc] GC(2932) Pause Young (Allocation Failure) 558M->151M(594M) 1.183ms
[467.504s][info][gc] GC(2933) Pause Young (Allocation Failure) 544M->156M(580M) 1.225ms
[467.655s][info][gc] GC(2934) Pause Young (Allocation Failure) 534M->158M(565M) 1.065ms
[467.807s][info][gc] GC(2935) Pause Young (Allocation Failure) 522M->161M(552M) 1.057ms
[467.947s][info][gc] GC(2936) Pause Young (Allocation Failure) 512M->164M(539M) 1.112ms
[468.090s][info][gc] GC(2937) Pause Young (Allocation Failure) 502M->166M(527M) 1.132ms
[468.237s][info][gc] GC(2938) Pause Young (Allocation Failure) 492M->169M(516M) 1.011ms
[468.369s][info][gc] GC(2939) Pause Young (Allocation Failure) 484M->172M(505M) 1.156ms
[468.490s][info][gc] GC(2940) Pause Young (Allocation Failure) 476M->174M(494M) 0.989ms
[468.608s][info][gc] GC(2941) Pause Young (Allocation Failure) 467M->177M(484M) 1.098ms
[468.726s][info][gc] GC(2942) Pause Young (Allocation Failure) 460M->178M(474M) 0.910ms
[468.839s][info][gc] GC(2943) Pause Young (Allocation Failure) 452M->180M(519M) 1.134ms
[468.976s][info][gc] GC(2944) Pause Young (Allocation Failure) 499M->183M(509M) 0.962ms
[469.100s][info][gc] GC(2945) Pause Young (Allocation Failure) 490M->186M(498M) 1.618ms
[469.220s][info][gc] GC(2946) Pause Young (Allocation Failure) 482M->188M(545M) 1.158ms
[469.356s][info][gc] GC(2947) Pause Young (Allocation Failure) 533M->191M(534M) 1.107ms
[469.499s][info][gc] GC(2948) Pause Young (Allocation Failure) 524M->194M(590M) 1.270ms
[469.670s][info][gc] GC(2949) Pause Young (Allocation Failure) 583M->197M(576M) 1.249ms
[469.831s][info][gc] GC(2950) Pause Young (Allocation Failure) 571M->199M(636M) 1.501ms
[470.045s][info][gc] GC(2951) Pause Full (Ergonomics) 635M->114M(752M) 28.167ms
[470.269s][info][gc] GC(2952) Pause Young (Allocation Failure) 619M->122M(740M) 1.106ms
[470.468s][info][gc] GC(2953) Pause Young (Allocation Failure) 606M->126M(721M) 1.420ms
[470.662s][info][gc] GC(2954) Pause Young (Allocation Failure) 591M->129M(698M) 1.410ms
[470.855s][info][gc] GC(2955) Pause Young (Allocation Failure) 577M->135M(686M) 1.406ms
[471.038s][info][gc] GC(2956) Pause Young (Allocation Failure) 565M->137M(668M) 1.261ms
[471.222s][info][gc] GC(2957) Pause Young (Allocation Failure) 551M->140M(653M) 1.291ms
[471.382s][info][gc] GC(2958) Pause Young (Allocation Failure) 539M->143M(637M) 1.132ms
[471.536s][info][gc] GC(2959) Pause Young (Allocation Failure) 526M->147M(624M) 1.370ms
[471.696s][info][gc] GC(2960) Pause Young (Allocation Failure) 516M->149M(609M) 1.449ms
[471.845s][info][gc] GC(2961) Pause Young (Allocation Failure) 505M->152M(597M) 1.100ms
[472.098s][info][gc] GC(2962) Pause Young (Allocation Failure) 495M->155M(584M) 1.058ms
[472.313s][info][gc] GC(2963) Pause Young (Allocation Failure) 485M->157M(571M) 1.107ms
[472.538s][info][gc] GC(2964) Pause Young (Allocation Failure) 476M->160M(560M) 1.024ms
[472.743s][info][gc] GC(2965) Pause Young (Allocation Failure) 468M->162M(549M) 0.982ms
[472.947s][info][gc] GC(2966) Pause Young (Allocation Failure) 460M->165M(540M) 1.471ms
[473.152s][info][gc] GC(2967) Pause Young (Allocation Failure) 452M->166M(529M) 0.976ms
[473.345s][info][gc] GC(2968) Pause Young (Allocation Failure) 444M->169M(521M) 1.027ms
[473.529s][info][gc] GC(2969) Pause Young (Allocation Failure) 438M->171M(511M) 1.052ms
[473.693s][info][gc] GC(2970) Pause Young (Allocation Failure) 431M->173M(502M) 0.882ms
[473.857s][info][gc] GC(2971) Pause Young (Allocation Failure) 424M->175M(495M) 0.908ms
[474.018s][info][gc] GC(2972) Pause Young (Allocation Failure) 418M->177M(487M) 0.921ms
[474.167s][info][gc] GC(2973) Pause Young (Allocation Failure) 413M->178M(479M) 0.862ms
[474.318s][info][gc] GC(2974) Pause Young (Allocation Failure) 406M->181M(473M) 1.700ms
[474.460s][info][gc] GC(2975) Pause Young (Allocation Failure) 402M->183M(466M) 0.962ms
[474.606s][info][gc] GC(2976) Pause Young (Allocation Failure) 397M->184M(459M) 0.838ms
[474.748s][info][gc] GC(2977) Pause Young (Allocation Failure) 391M->185M(453M) 0.881ms
[474.883s][info][gc] GC(2978) Pause Young (Allocation Failure) 387M->187M(446M) 0.816ms
[475.015s][info][gc] GC(2979) Pause Young (Allocation Failure) 382M->189M(441M) 0.759ms
[475.153s][info][gc] GC(2980) Pause Young (Allocation Failure) 379M->190M(436M) 0.946ms
[475.279s][info][gc] GC(2981) Pause Young (Allocation Failure) 375M->192M(431M) 0.866ms
[475.393s][info][gc] GC(2982) Pause Young (Allocation Failure) 371M->193M(426M) 0.839ms
[475.644s][info][gc] GC(2983) Pause Young (Allocation Failure) 368M->195M(421M) 0.859ms
[475.756s][info][gc] GC(2984) Pause Young (Allocation Failure) 365M->197M(416M) 1.089ms
[475.864s][info][gc] GC(2985) Pause Young (Allocation Failure) 362M->198M(412M) 0.863ms
[475.972s][info][gc] GC(2986) Pause Young (Allocation Failure) 359M->199M(408M) 0.825ms
[476.072s][info][gc] GC(2987) Pause Young (Allocation Failure) 356M->201M(404M) 0.962ms
[476.174s][info][gc] GC(2988) Pause Young (Allocation Failure) 353M->202M(400M) 0.876ms
[476.272s][info][gc] GC(2989) Pause Young (Allocation Failure) 350M->203M(423M) 0.904ms
[476.385s][info][gc] GC(2990) Pause Young (Allocation Failure) 375M->204M(450M) 0.864ms
[476.508s][info][gc] GC(2991) Pause Young (Allocation Failure) 403M->205M(443M) 0.878ms
[476.639s][info][gc] GC(2992) Pause Young (Allocation Failure) 397M->207M(438M) 0.870ms
[476.764s][info][gc] GC(2993) Pause Young (Allocation Failure) 394M->209M(468M) 1.323ms
[476.913s][info][gc] GC(2994) Pause Young (Allocation Failure) 425M->210M(461M) 0.961ms
[477.056s][info][gc] GC(2995) Pause Young (Allocation Failure) 420M->212M(455M) 1.017ms
[477.196s][info][gc] GC(2996) Pause Young (Allocation Failure) 415M->214M(448M) 1.076ms
[477.328s][info][gc] GC(2997) Pause Young (Allocation Failure) 411M->215M(443M) 0.982ms
[477.450s][info][gc] GC(2998) Pause Young (Allocation Failure) 407M->216M(437M) 0.862ms
[477.579s][info][gc] GC(2999) Pause Young (Allocation Failure) 402M->219M(432M) 0.889ms
[477.696s][info][gc] GC(3000) Pause Young (Allocation Failure) 399M->220M(427M) 0.769ms
[477.821s][info][gc] GC(3001) Pause Young (Allocation Failure) 396M->221M(422M) 0.868ms
[477.937s][info][gc] GC(3002) Pause Young (Allocation Failure) 391M->222M(416M) 0.898ms
[478.045s][info][gc] GC(3003) Pause Young (Allocation Failure) 388M->225M(413M) 0.994ms
[478.155s][info][gc] GC(3004) Pause Young (Allocation Failure) 386M->226M(408M) 0.893ms
[478.258s][info][gc] GC(3005) Pause Young (Allocation Failure) 383M->227M(432M) 0.959ms
[478.388s][info][gc] GC(3006) Pause Young (Allocation Failure) 408M->228M(461M) 1.028ms
[478.544s][info][gc] GC(3007) Pause Young (Allocation Failure) 438M->230M(455M) 0.956ms
[478.685s][info][gc] GC(3008) Pause Young (Allocation Failure) 434M->231M(448M) 0.887ms
[478.811s][info][gc] GC(3009) Pause Young (Allocation Failure) 429M->233M(443M) 0.866ms
[478.944s][info][gc] GC(3010) Pause Young (Allocation Failure) 425M->234M(437M) 0.847ms
[479.118s][info][gc] GC(3011) Pause Young (Allocation Failure) 420M->234M(430M) 1.445ms
[479.315s][info][gc] GC(3012) Pause Young (Allocation Failure) 415M->238M(427M) 0.949ms
[479.431s][info][gc] GC(3013) Pause Young (Allocation Failure) 414M->240M(422M) 1.032ms
[479.538s][info][gc] GC(3014) Pause Young (Allocation Failure) 411M->241M(417M) 0.872ms
[479.657s][info][gc] GC(3015) Pause Young (Allocation Failure) 407M->243M(413M) 0.878ms
[479.761s][info][gc] GC(3016) Pause Young (Allocation Failure) 404M->244M(408M) 0.785ms
[479.872s][info][gc] GC(3017) Pause Young (Allocation Failure) 401M->245M(404M) 1.059ms
[479.975s][info][gc] GC(3018) Pause Young (Allocation Failure) 398M->246M(428M) 1.044ms
[480.090s][info][gc] GC(3019) Pause Young (Allocation Failure) 423M->248M(456M) 0.910ms
[480.227s][info][gc] GC(3020) Pause Young (Allocation Failure) 452M->249M(449M) 0.884ms
[480.377s][info][gc] GC(3021) Pause Full (Ergonomics) 448M->42M(364M) 12.088ms
[480.504s][info][gc] GC(3022) Pause Young (Allocation Failure) 235M->46M(362M) 0.770ms
[480.631s][info][gc] GC(3023) Pause Young (Allocation Failure) 233M->48M(356M) 0.742ms
[480.753s][info][gc] GC(3024) Pause Young (Allocation Failure) 229M->49M(351M) 0.893ms
[480.877s][info][gc] GC(3025) Pause Young (Allocation Failure) 226M->50M(346M) 0.718ms
[480.995s][info][gc] GC(3026) Pause Young (Allocation Failure) 222M->52M(341M) 0.649ms
[481.109s][info][gc] GC(3027) Pause Young (Allocation Failure) 219M->53M(337M) 0.662ms
[481.220s][info][gc] GC(3028) Pause Young (Allocation Failure) 215M->55M(332M) 0.741ms
[481.325s][info][gc] GC(3029) Pause Young (Allocation Failure) 213M->56M(329M) 0.723ms
[481.427s][info][gc] GC(3030) Pause Young (Allocation Failure) 210M->57M(324M) 1.105ms
[481.539s][info][gc] GC(3031) Pause Young (Allocation Failure) 207M->59M(321M) 0.846ms
[481.632s][info][gc] GC(3032) Pause Young (Allocation Failure) 205M->59M(316M) 0.583ms
[481.722s][info][gc] GC(3033) Pause Young (Allocation Failure) 201M->60M(313M) 0.666ms
[481.815s][info][gc] GC(3034) Pause Young (Allocation Failure) 199M->62M(310M) 0.713ms
[481.917s][info][gc] GC(3035) Pause Young (Allocation Failure) 198M->63M(306M) 0.607ms
[482.010s][info][gc] GC(3036) Pause Young (Allocation Failure) 195M->65M(303M) 0.739ms
[482.097s][info][gc] GC(3037) Pause Young (Allocation Failure) 194M->65M(300M) 0.601ms
[482.182s][info][gc] GC(3038) Pause Young (Allocation Failure) 191M->67M(297M) 0.601ms
[482.263s][info][gc] GC(3039) Pause Young (Allocation Failure) 190M->67M(294M) 0.620ms
[482.343s][info][gc] GC(3040) Pause Young (Allocation Failure) 187M->68M(291M) 0.648ms
[482.423s][info][gc] GC(3041) Pause Young (Allocation Failure) 185M->70M(289M) 0.664ms
[482.505s][info][gc] GC(3042) Pause Young (Allocation Failure) 185M->71M(287M) 0.612ms
[482.582s][info][gc] GC(3043) Pause Young (Allocation Failure) 183M->72M(284M) 0.606ms
[482.650s][info][gc] GC(3044) Pause Young (Allocation Failure) 182M->73M(281M) 0.631ms
[482.850s][info][gc] GC(3045) Pause Young (Allocation Failure) 181M->75M(280M) 0.698ms
[482.915s][info][gc] GC(3046) Pause Young (Allocation Failure) 181M->77M(276M) 0.695ms
[482.988s][info][gc] GC(3047) Pause Young (Allocation Failure) 180M->79M(276M) 0.673ms
[483.058s][info][gc] GC(3048) Pause Young (Allocation Failure) 181M->79M(273M) 0.591ms
[483.116s][info][gc] GC(3049) Pause Young (Allocation Failure) 179M->80M(289M) 0.659ms
[483.198s][info][gc] GC(3050) Pause Young (Allocation Failure) 196M->83M(309M) 0.756ms
[483.291s][info][gc] GC(3051) Pause Young (Allocation Failure) 218M->84M(332M) 0.935ms
[483.396s][info][gc] GC(3052) Pause Young (Allocation Failure) 241M->85M(356M) 0.771ms
[483.520s][info][gc] GC(3053) Pause Young (Allocation Failure) 268M->88M(353M) 1.412ms
[483.635s][info][gc] GC(3054) Pause Young (Allocation Failure) 265M->89M(347M) 0.755ms
[483.750s][info][gc] GC(3055) Pause Young (Allocation Failure) 261M->90M(343M) 0.750ms
[483.866s][info][gc] GC(3056) Pause Young (Allocation Failure) 258M->91M(337M) 0.622ms
[483.979s][info][gc] GC(3057) Pause Young (Allocation Failure) 254M->92M(333M) 0.696ms
[484.092s][info][gc] GC(3058) Pause Young (Allocation Failure) 251M->94M(329M) 0.753ms
[484.201s][info][gc] GC(3059) Pause Young (Allocation Failure) 249M->95M(325M) 0.727ms
[484.300s][info][gc] GC(3060) Pause Young (Allocation Failure) 246M->96M(321M) 0.667ms
[484.405s][info][gc] GC(3061) Pause Young (Allocation Failure) 243M->98M(318M) 0.716ms
[484.499s][info][gc] GC(3062) Pause Young (Allocation Failure) 241M->98M(314M) 0.671ms
[484.595s][info][gc] GC(3063) Pause Young (Allocation Failure) 238M->100M(310M) 0.617ms
[484.696s][info][gc] GC(3064) Pause Young (Allocation Failure) 236M->101M(307M) 0.860ms
[484.802s][info][gc] GC(3065) Pause Young (Allocation Failure) 234M->103M(304M) 0.759ms
[484.896s][info][gc] GC(3066) Pause Young (Allocation Failure) 233M->104M(301M) 0.715ms
[484.985s][info][gc] GC(3067) Pause Young (Allocation Failure) 231M->105M(298M) 0.689ms
[485.070s][info][gc] GC(3068) Pause Young (Allocation Failure) 229M->106M(295M) 0.750ms
[485.159s][info][gc] GC(3069) Pause Young (Allocation Failure) 227M->107M(292M) 0.732ms
[485.268s][info][gc] GC(3070) Pause Young (Allocation Failure) 225M->109M(290M) 0.755ms
[485.353s][info][gc] GC(3071) Pause Young (Allocation Failure) 225M->110M(288M) 0.784ms
[485.453s][info][gc] GC(3072) Pause Young (Allocation Failure) 224M->111M(284M) 0.635ms
[485.548s][info][gc] GC(3073) Pause Young (Allocation Failure) 222M->112M(281M) 0.734ms
[485.630s][info][gc] GC(3074) Pause Young (Allocation Failure) 220M->114M(280M) 0.754ms
[485.714s][info][gc] GC(3075) Pause Young (Allocation Failure) 220M->115M(278M) 0.686ms
[485.786s][info][gc] GC(3076) Pause Young (Allocation Failure) 219M->116M(295M) 0.754ms
[485.876s][info][gc] GC(3077) Pause Young (Allocation Failure) 237M->117M(292M) 0.716ms
[485.970s][info][gc] GC(3078) Pause Young (Allocation Failure) 236M->119M(312M) 0.926ms
[486.078s][info][gc] GC(3079) Pause Young (Allocation Failure) 257M->120M(309M) 0.711ms
[486.172s][info][gc] GC(3080) Pause Young (Allocation Failure) 255M->121M(330M) 0.911ms
[486.277s][info][gc] GC(3081) Pause Young (Allocation Failure) 277M->122M(326M) 0.739ms
[486.388s][info][gc] GC(3082) Pause Young (Allocation Failure) 275M->124M(323M) 0.957ms
[486.530s][info][gc] GC(3083) Pause Young (Allocation Failure) 272M->124M(318M) 0.710ms
[486.722s][info][gc] GC(3084) Pause Young (Allocation Failure) 268M->127M(315M) 1.183ms
[486.825s][info][gc] GC(3085) Pause Young (Allocation Failure) 268M->129M(312M) 1.119ms
[486.942s][info][gc] GC(3086) Pause Young (Allocation Failure) 266M->130M(309M) 0.846ms
[487.049s][info][gc] GC(3087) Pause Young (Allocation Failure) 264M->132M(306M) 0.820ms
[487.142s][info][gc] GC(3088) Pause Young (Allocation Failure) 263M->133M(302M) 0.652ms
[487.228s][info][gc] GC(3089) Pause Young (Allocation Failure) 261M->133M(299M) 0.738ms
[487.306s][info][gc] GC(3090) Pause Young (Allocation Failure) 258M->134M(318M) 0.839ms
[487.409s][info][gc] GC(3091) Pause Young (Allocation Failure) 279M->137M(316M) 0.770ms
[487.508s][info][gc] GC(3092) Pause Young (Allocation Failure) 278M->138M(313M) 0.751ms
[487.612s][info][gc] GC(3093) Pause Young (Allocation Failure) 276M->139M(309M) 0.818ms
[487.706s][info][gc] GC(3094) Pause Young (Allocation Failure) 274M->140M(306M) 0.692ms
[487.801s][info][gc] GC(3095) Pause Young (Allocation Failure) 271M->141M(303M) 0.996ms
[487.894s][info][gc] GC(3096) Pause Young (Allocation Failure) 269M->142M(300M) 0.661ms
[487.970s][info][gc] GC(3097) Pause Young (Allocation Failure) 268M->143M(296M) 0.774ms
[488.050s][info][gc] GC(3098) Pause Young (Allocation Failure) 265M->144M(293M) 0.668ms
[488.130s][info][gc] GC(3099) Pause Young (Allocation Failure) 264M->146M(313M) 0.744ms
[488.226s][info][gc] GC(3100) Pause Young (Allocation Failure) 285M->147M(310M) 0.776ms
[488.316s][info][gc] GC(3101) Pause Young (Allocation Failure) 283M->149M(306M) 0.742ms
[488.408s][info][gc] GC(3102) Pause Young (Allocation Failure) 281M->149M(303M) 0.709ms
[488.488s][info][gc] GC(3103) Pause Young (Allocation Failure) 278M->150M(323M) 0.826ms
[488.592s][info][gc] GC(3104) Pause Young (Allocation Failure) 300M->152M(320M) 0.785ms
[488.696s][info][gc] GC(3105) Pause Young (Allocation Failure) 298M->153M(317M) 0.860ms
[488.800s][info][gc] GC(3106) Pause Young (Allocation Failure) 296M->155M(313M) 0.724ms
[488.901s][info][gc] GC(3107) Pause Young (Allocation Failure) 294M->156M(310M) 0.783ms
[488.994s][info][gc] GC(3108) Pause Young (Allocation Failure) 291M->156M(305M) 0.623ms
[489.082s][info][gc] GC(3109) Pause Young (Allocation Failure) 288M->158M(303M) 0.795ms
[489.172s][info][gc] GC(3110) Pause Young (Allocation Failure) 287M->160M(324M) 0.923ms
[489.287s][info][gc] GC(3111) Pause Young (Allocation Failure) 310M->161M(349M) 1.049ms
[489.409s][info][gc] GC(3112) Pause Young (Allocation Failure) 336M->162M(343M) 0.765ms
[489.531s][info][gc] GC(3113) Pause Young (Allocation Failure) 332M->164M(339M) 0.800ms
[489.658s][info][gc] GC(3114) Pause Young (Allocation Failure) 329M->166M(335M) 0.775ms
[489.769s][info][gc] GC(3115) Pause Young (Allocation Failure) 326M->167M(331M) 0.748ms
[489.882s][info][gc] GC(3116) Pause Young (Allocation Failure) 323M->168M(325M) 0.831ms
[489.985s][info][gc] GC(3117) Pause Young (Allocation Failure) 320M->170M(323M) 0.831ms
[490.086s][info][gc] GC(3118) Pause Young (Allocation Failure) 318M->171M(318M) 0.860ms
[490.192s][info][gc] GC(3119) Pause Young (Allocation Failure) 315M->172M(315M) 0.860ms
[490.421s][info][gc] GC(3120) Pause Full (Ergonomics) 312M->30M(293M) 6.230ms
[490.514s][info][gc] GC(3121) Pause Young (Allocation Failure) 167M->33M(294M) 0.502ms
[490.604s][info][gc] GC(3122) Pause Young (Allocation Failure) 167M->34M(289M) 0.774ms
[490.691s][info][gc] GC(3123) Pause Young (Allocation Failure) 165M->36M(287M) 0.706ms
[490.780s][info][gc] GC(3124) Pause Young (Allocation Failure) 164M->38M(284M) 0.650ms
[490.863s][info][gc] GC(3125) Pause Young (Allocation Failure) 162M->39M(281M) 0.611ms
[490.945s][info][gc] GC(3126) Pause Young (Allocation Failure) 160M->39M(277M) 0.579ms
[491.015s][info][gc] GC(3127) Pause Young (Allocation Failure) 158M->40M(274M) 0.608ms
[491.093s][info][gc] GC(3128) Pause Young (Allocation Failure) 156M->42M(272M) 0.591ms
[491.167s][info][gc] GC(3129) Pause Young (Allocation Failure) 156M->44M(271M) 0.818ms
[491.243s][info][gc] GC(3130) Pause Young (Allocation Failure) 155M->45M(268M) 0.585ms
[491.307s][info][gc] GC(3131) Pause Young (Allocation Failure) 153M->45M(264M) 0.860ms
[491.377s][info][gc] GC(3132) Pause Young (Allocation Failure) 151M->48M(263M) 0.690ms
[491.448s][info][gc] GC(3133) Pause Young (Allocation Failure) 152M->48M(261M) 0.630ms
[491.512s][info][gc] GC(3134) Pause Young (Allocation Failure) 150M->49M(277M) 0.628ms
[491.593s][info][gc] GC(3135) Pause Young (Allocation Failure) 168M->51M(276M) 0.616ms
[491.673s][info][gc] GC(3136) Pause Young (Allocation Failure) 168M->52M(274M) 0.593ms
[491.745s][info][gc] GC(3137) Pause Young (Allocation Failure) 167M->53M(271M) 0.607ms
[491.814s][info][gc] GC(3138) Pause Young (Allocation Failure) 165M->53M(268M) 0.487ms
[491.887s][info][gc] GC(3139) Pause Young (Allocation Failure) 163M->56M(266M) 0.697ms
[491.958s][info][gc] GC(3140) Pause Young (Allocation Failure) 163M->57M(264M) 0.609ms
[492.027s][info][gc] GC(3141) Pause Young (Allocation Failure) 162M->58M(262M) 0.586ms
[492.088s][info][gc] GC(3142) Pause Young (Allocation Failure) 161M->59M(279M) 0.730ms
[492.173s][info][gc] GC(3143) Pause Young (Allocation Failure) 180M->61M(277M) 0.586ms
[492.247s][info][gc] GC(3144) Pause Young (Allocation Failure) 179M->62M(275M) 0.521ms
[492.323s][info][gc] GC(3145) Pause Young (Allocation Failure) 177M->63M(272M) 0.586ms
[492.393s][info][gc] GC(3146) Pause Young (Allocation Failure) 176M->64M(269M) 0.714ms
[492.469s][info][gc] GC(3147) Pause Young (Allocation Failure) 175M->66M(267M) 0.603ms
[492.536s][info][gc] GC(3148) Pause Young (Allocation Failure) 174M->66M(264M) 0.568ms
[492.603s][info][gc] GC(3149) Pause Young (Allocation Failure) 172M->68M(262M) 0.614ms
[492.674s][info][gc] GC(3150) Pause Young (Allocation Failure) 172M->70M(261M) 0.593ms
[492.738s][info][gc] GC(3151) Pause Young (Allocation Failure) 172M->70M(258M) 0.607ms
[492.802s][info][gc] GC(3152) Pause Young (Allocation Failure) 170M->72M(275M) 0.606ms
[492.880s][info][gc] GC(3153) Pause Young (Allocation Failure) 188M->74M(296M) 0.672ms
[492.972s][info][gc] GC(3154) Pause Young (Allocation Failure) 210M->75M(319M) 0.842ms
[493.080s][info][gc] GC(3155) Pause Young (Allocation Failure) 235M->77M(347M) 0.924ms
[493.200s][info][gc] GC(3156) Pause Young (Allocation Failure) 263M->78M(339M) 0.735ms
[493.317s][info][gc] GC(3157) Pause Young (Allocation Failure) 259M->79M(335M) 0.887ms
[493.441s][info][gc] GC(3158) Pause Young (Allocation Failure) 255M->81M(331M) 0.719ms
[493.551s][info][gc] GC(3159) Pause Young (Allocation Failure) 252M->82M(326M) 0.726ms
[493.656s][info][gc] GC(3160) Pause Young (Allocation Failure) 249M->83M(321M) 0.665ms
[493.796s][info][gc] GC(3161) Pause Young (Allocation Failure) 245M->84M(316M) 0.626ms
[493.981s][info][gc] GC(3162) Pause Young (Allocation Failure) 241M->87M(314M) 0.837ms
[494.083s][info][gc] GC(3163) Pause Young (Allocation Failure) 240M->88M(309M) 1.114ms
[494.180s][info][gc] GC(3164) Pause Young (Allocation Failure) 238M->89M(304M) 0.645ms
[494.279s][info][gc] GC(3165) Pause Young (Allocation Failure) 235M->91M(302M) 0.815ms
[494.370s][info][gc] GC(3166) Pause Young (Allocation Failure) 233M->92M(298M) 0.703ms
[494.460s][info][gc] GC(3167) Pause Young (Allocation Failure) 230M->93M(294M) 0.722ms
[494.549s][info][gc] GC(3168) Pause Young (Allocation Failure) 228M->94M(290M) 0.732ms
[494.635s][info][gc] GC(3169) Pause Young (Allocation Failure) 225M->95M(288M) 0.672ms
[494.721s][info][gc] GC(3170) Pause Young (Allocation Failure) 224M->96M(285M) 0.622ms
[494.798s][info][gc] GC(3171) Pause Young (Allocation Failure) 222M->97M(281M) 0.602ms
[494.882s][info][gc] GC(3172) Pause Young (Allocation Failure) 220M->100M(279M) 0.675ms
[494.962s][info][gc] GC(3173) Pause Young (Allocation Failure) 219M->101M(276M) 0.798ms
[495.042s][info][gc] GC(3174) Pause Young (Allocation Failure) 218M->102M(274M) 0.663ms
[495.109s][info][gc] GC(3175) Pause Young (Allocation Failure) 216M->102M(270M) 0.654ms
[495.189s][info][gc] GC(3176) Pause Young (Allocation Failure) 214M->104M(268M) 0.739ms
[495.262s][info][gc] GC(3177) Pause Young (Allocation Failure) 214M->106M(287M) 0.736ms
[495.347s][info][gc] GC(3178) Pause Young (Allocation Failure) 234M->107M(284M) 0.576ms
[495.423s][info][gc] GC(3179) Pause Young (Allocation Failure) 232M->107M(280M) 0.567ms
[495.502s][info][gc] GC(3180) Pause Young (Allocation Failure) 229M->108M(277M) 0.603ms
[495.581s][info][gc] GC(3181) Pause Young (Allocation Failure) 227M->110M(276M) 0.777ms
[495.655s][info][gc] GC(3182) Pause Young (Allocation Failure) 227M->111M(273M) 0.628ms
[495.726s][info][gc] GC(3183) Pause Young (Allocation Failure) 225M->112M(292M) 0.836ms
[495.816s][info][gc] GC(3184) Pause Young (Allocation Failure) 245M->114M(316M) 0.702ms
[495.915s][info][gc] GC(3185) Pause Young (Allocation Failure) 270M->115M(312M) 0.714ms
[496.014s][info][gc] GC(3186) Pause Young (Allocation Failure) 268M->116M(306M) 0.801ms
[496.112s][info][gc] GC(3187) Pause Young (Allocation Failure) 265M->118M(304M) 0.617ms
[496.205s][info][gc] GC(3188) Pause Young (Allocation Failure) 262M->118M(300M) 0.730ms
[496.303s][info][gc] GC(3189) Pause Young (Allocation Failure) 259M->120M(297M) 0.763ms
[496.392s][info][gc] GC(3190) Pause Young (Allocation Failure) 257M->122M(294M) 0.713ms
[496.479s][info][gc] GC(3191) Pause Young (Allocation Failure) 256M->123M(291M) 1.045ms
[496.566s][info][gc] GC(3192) Pause Young (Allocation Failure) 254M->123M(285M) 0.785ms
[496.647s][info][gc] GC(3193) Pause Young (Allocation Failure) 251M->126M(284M) 0.787ms
[496.727s][info][gc] GC(3194) Pause Young (Allocation Failure) 251M->127M(281M) 0.633ms
[496.810s][info][gc] GC(3195) Pause Young (Allocation Failure) 249M->129M(278M) 0.645ms
[496.886s][info][gc] GC(3196) Pause Young (Allocation Failure) 248M->130M(275M) 0.628ms
[496.965s][info][gc] GC(3197) Pause Young (Allocation Failure) 246M->131M(274M) 0.811ms
[497.036s][info][gc] GC(3198) Pause Young (Allocation Failure) 245M->132M(270M) 0.608ms
[497.112s][info][gc] GC(3199) Pause Young (Allocation Failure) 244M->133M(267M) 0.614ms
[497.189s][info][gc] GC(3200) Pause Young (Allocation Failure) 242M->135M(266M) 0.718ms
[497.269s][info][gc] GC(3201) Pause Young (Allocation Failure) 242M->134M(262M) 0.581ms
[497.443s][info][gc] GC(3202) Pause Young (Allocation Failure) 239M->138M(262M) 0.744ms
[497.515s][info][gc] GC(3203) Pause Young (Allocation Failure) 240M->138M(260M) 0.786ms
[497.579s][info][gc] GC(3204) Pause Young (Allocation Failure) 239M->139M(276M) 0.823ms
[497.660s][info][gc] GC(3205) Pause Young (Allocation Failure) 257M->141M(298M) 0.637ms
[497.748s][info][gc] GC(3206) Pause Young (Allocation Failure) 280M->142M(321M) 0.755ms
[497.857s][info][gc] GC(3207) Pause Young (Allocation Failure) 304M->144M(317M) 0.719ms
[497.960s][info][gc] GC(3208) Pause Young (Allocation Failure) 301M->145M(312M) 0.786ms
[498.059s][info][gc] GC(3209) Pause Young (Allocation Failure) 298M->146M(309M) 0.748ms
[498.156s][info][gc] GC(3210) Pause Young (Allocation Failure) 296M->148M(305M) 0.857ms
[498.248s][info][gc] GC(3211) Pause Young (Allocation Failure) 293M->148M(301M) 0.653ms
[498.340s][info][gc] GC(3212) Pause Young (Allocation Failure) 290M->150M(298M) 0.820ms
[498.432s][info][gc] GC(3213) Pause Young (Allocation Failure) 288M->151M(294M) 0.738ms
[498.521s][info][gc] GC(3214) Pause Young (Allocation Failure) 286M->152M(291M) 0.680ms
[498.598s][info][gc] GC(3215) Pause Young (Allocation Failure) 283M->152M(286M) 0.562ms
[498.685s][info][gc] GC(3216) Pause Young (Allocation Failure) 281M->155M(284M) 0.716ms
[498.768s][info][gc] GC(3217) Pause Young (Allocation Failure) 280M->156M(282M) 0.816ms
[498.851s][info][gc] GC(3218) Pause Young (Allocation Failure) 279M->157M(278M) 0.684ms
[498.942s][info][gc] GC(3219) Pause Full (Ergonomics) 276M->48M(288M) 11.667ms
[499.009s][info][gc] GC(3220) Pause Young (Allocation Failure) 165M->50M(287M) 0.436ms
[499.087s][info][gc] GC(3221) Pause Young (Allocation Failure) 164M->52M(286M) 0.635ms
[499.163s][info][gc] GC(3222) Pause Young (Allocation Failure) 164M->54M(283M) 0.562ms
[499.237s][info][gc] GC(3223) Pause Young (Allocation Failure) 163M->54M(281M) 0.574ms
[499.302s][info][gc] GC(3224) Pause Young (Allocation Failure) 161M->55M(277M) 0.627ms
[499.375s][info][gc] GC(3225) Pause Young (Allocation Failure) 160M->58M(276M) 0.557ms
[499.443s][info][gc] GC(3226) Pause Young (Allocation Failure) 160M->58M(274M) 0.552ms
[499.503s][info][gc] GC(3227) Pause Young (Allocation Failure) 159M->59M(271M) 0.576ms
[499.570s][info][gc] GC(3228) Pause Young (Allocation Failure) 158M->61M(270M) 0.591ms
[499.636s][info][gc] GC(3229) Pause Young (Allocation Failure) 158M->62M(268M) 0.561ms
[499.695s][info][gc] GC(3230) Pause Young (Allocation Failure) 157M->63M(283M) 0.648ms
[499.770s][info][gc] GC(3231) Pause Young (Allocation Failure) 174M->65M(303M) 0.740ms
[499.860s][info][gc] GC(3232) Pause Young (Allocation Failure) 195M->66M(300M) 0.550ms
[499.946s][info][gc] GC(3233) Pause Young (Allocation Failure) 193M->68M(298M) 0.674ms
[500.017s][info][gc] GC(3234) Pause Young (Allocation Failure) 191M->68M(293M) 0.579ms
[500.102s][info][gc] GC(3235) Pause Young (Allocation Failure) 188M->71M(291M) 0.615ms
[500.181s][info][gc] GC(3236) Pause Young (Allocation Failure) 188M->72M(289M) 0.599ms
[500.258s][info][gc] GC(3237) Pause Young (Allocation Failure) 187M->73M(286M) 0.790ms
[500.326s][info][gc] GC(3238) Pause Young (Allocation Failure) 185M->73M(282M) 0.657ms
[500.400s][info][gc] GC(3239) Pause Young (Allocation Failure) 183M->76M(281M) 0.724ms
[500.471s][info][gc] GC(3240) Pause Young (Allocation Failure) 183M->76M(279M) 0.564ms
[500.535s][info][gc] GC(3241) Pause Young (Allocation Failure) 181M->76M(275M) 0.489ms
[500.607s][info][gc] GC(3242) Pause Young (Allocation Failure) 179M->78M(274M) 0.626ms
[500.679s][info][gc] GC(3243) Pause Young (Allocation Failure) 179M->80M(273M) 0.582ms
[500.738s][info][gc] GC(3244) Pause Young (Allocation Failure) 179M->80M(269M) 0.554ms
[500.928s][info][gc] GC(3245) Pause Young (Allocation Failure) 177M->87M(270M) 1.381ms
[500.959s][info][gc] GC(3246) Pause Young (Allocation Failure) 182M->90M(285M) 1.011ms
[500.993s][info][gc] GC(3247) Pause Young (Allocation Failure) 202M->92M(306M) 0.663ms
[501.030s][info][gc] GC(3248) Pause Young (Allocation Failure) 224M->93M(325M) 0.627ms
[501.082s][info][gc] GC(3249) Pause Young (Allocation Failure) 241M->98M(325M) 0.825ms
[501.128s][info][gc] GC(3250) Pause Young (Allocation Failure) 246M->100M(352M) 1.026ms
[501.177s][info][gc] GC(3251) Pause Young (Allocation Failure) 274M->102M(353M) 0.887ms
[501.241s][info][gc] GC(3252) Pause Young (Allocation Failure) 277M->107M(385M) 1.141ms
[501.298s][info][gc] GC(3253) Pause Young (Allocation Failure) 314M->108M(385M) 1.025ms
[501.371s][info][gc] GC(3254) Pause Young (Allocation Failure) 314M->114M(422M) 1.458ms
[501.443s][info][gc] GC(3255) Pause Young (Allocation Failure) 358M->114M(423M) 1.124ms
[501.524s][info][gc] GC(3256) Pause Young (Allocation Failure) 358M->119M(467M) 1.198ms
[501.623s][info][gc] GC(3257) Pause Young (Allocation Failure) 408M->123M(468M) 1.453ms
[501.705s][info][gc] GC(3258) Pause Young (Allocation Failure) 412M->125M(521M) 1.461ms
[501.811s][info][gc] GC(3259) Pause Young (Allocation Failure) 467M->130M(521M) 1.543ms
[501.921s][info][gc] GC(3260) Pause Young (Allocation Failure) 471M->134M(584M) 1.481ms
[502.043s][info][gc] GC(3261) Pause Young (Allocation Failure) 537M->137M(584M) 1.726ms
[502.173s][info][gc] GC(3262) Pause Young (Allocation Failure) 540M->141M(657M) 1.540ms
[502.320s][info][gc] GC(3263) Pause Young (Allocation Failure) 617M->144M(658M) 1.639ms
[502.468s][info][gc] GC(3264) Pause Young (Allocation Failure) 620M->147M(744M) 1.736ms
[502.646s][info][gc] GC(3265) Pause Young (Allocation Failure) 708M->152M(744M) 2.058ms
[502.823s][info][gc] GC(3266) Pause Young (Allocation Failure) 713M->156M(844M) 1.871ms
[503.028s][info][gc] GC(3267) Pause Young (Allocation Failure) 817M->162M(845M) 2.125ms
[503.233s][info][gc] GC(3268) Pause Young (Allocation Failure) 822M->166M(962M) 2.367ms
[503.508s][info][gc] GC(3269) Pause Young (Allocation Failure) 943M->172M(962M) 2.485ms
[503.761s][info][gc] GC(3270) Pause Young (Allocation Failure) 949M->178M(1098M) 2.441ms
[504.073s][info][gc] GC(3271) Pause Full (Ergonomics) 1090M->110M(1170M) 27.288ms
[504.354s][info][gc] GC(3272) Pause Young (Allocation Failure) 1022M->123M(1310M) 2.262ms
[504.700s][info][gc] GC(3273) Pause Young (Allocation Failure) 1177M->130M(1314M) 4.024ms
[505.052s][info][gc] GC(3274) Pause Young (Allocation Failure) 1185M->139M(1480M) 3.178ms
[505.440s][info][gc] GC(3275) Pause Young (Allocation Failure) 1359M->148M(1481M) 2.874ms
[505.815s][info][gc] GC(3276) Pause Young (Allocation Failure) 1368M->158M(1670M) 3.169ms
[506.253s][info][gc] GC(3277) Pause Young (Allocation Failure) 1566M->168M(1671M) 5.488ms
[506.691s][info][gc] GC(3278) Pause Young (Allocation Failure) 1577M->179M(1755M) 3.407ms
[507.149s][info][gc] GC(3279) Pause Young (Allocation Failure) 1670M->190M(1750M) 3.836ms
[507.719s][info][gc] GC(3280) Pause Young (Allocation Failure) 1681M->204M(1752M) 3.774ms
[508.280s][info][gc] GC(3281) Pause Young (Allocation Failure) 1691M->216M(1754M) 4.447ms
[508.848s][info][gc] GC(3282) Pause Young (Allocation Failure) 1703M->227M(1754M) 4.731ms
[509.393s][info][gc] GC(3283) Pause Young (Allocation Failure) 1714M->239M(1754M) 3.102ms
[509.945s][info][gc] GC(3284) Pause Young (Allocation Failure) 1726M->249M(1676M) 3.457ms
[510.492s][info][gc] GC(3285) Pause Full (Ergonomics) 1668M->94M(1748M) 24.439ms
[511.028s][info][gc] GC(3286) Pause Young (Allocation Failure) 1574M->109M(1673M) 2.348ms
[511.543s][info][gc] GC(3287) Pause Young (Allocation Failure) 1522M->119M(1607M) 2.866ms
[512.033s][info][gc] GC(3288) Pause Young (Allocation Failure) 1467M->130M(1547M) 2.895ms
[512.502s][info][gc] GC(3289) Pause Young (Allocation Failure) 1417M->140M(1488M) 2.625ms
[512.960s][info][gc] GC(3290) Pause Young (Allocation Failure) 1369M->149M(1432M) 2.531ms
[513.575s][info][gc] GC(3291) Pause Young (Allocation Failure) 1323M->156M(1377M) 2.506ms
[514.650s][info][gc] GC(3292) Pause Young (Allocation Failure) 1278M->165M(1327M) 2.426ms
[515.694s][info][gc] GC(3293) Pause Young (Allocation Failure) 1237M->173M(1279M) 2.260ms
[516.675s][info][gc] GC(3294) Pause Young (Allocation Failure) 1197M->181M(1233M) 2.239ms
[517.620s][info][gc] GC(3295) Pause Young (Allocation Failure) 1160M->189M(1190M) 2.592ms
[518.472s][info][gc] GC(3296) Pause Young (Allocation Failure) 1125M->199M(1152M) 2.258ms
[518.942s][info][gc] GC(3297) Pause Young (Allocation Failure) 1094M->205M(1111M) 2.303ms
[519.363s][info][gc] GC(3298) Pause Young (Allocation Failure) 1062M->212M(1074M) 1.995ms
[519.772s][info][gc] GC(3299) Pause Young (Allocation Failure) 1032M->219M(1039M) 1.979ms
[520.175s][info][gc] GC(3300) Pause Young (Allocation Failure) 1003M->225M(1006M) 1.946ms
[520.567s][info][gc] GC(3301) Pause Young (Allocation Failure) 976M->230M(973M) 1.774ms
[520.921s][info][gc] GC(3302) Pause Young (Allocation Failure) 950M->235M(943M) 2.499ms
[521.341s][info][gc] GC(3303) Pause Young (Allocation Failure) 925M->241M(914M) 1.742ms
[521.671s][info][gc] GC(3304) Pause Full (Ergonomics) 902M->42M(821M) 9.783ms
[521.984s][info][gc] GC(3305) Pause Young (Allocation Failure) 676M->50M(812M) 1.129ms
[522.281s][info][gc] GC(3306) Pause Young (Allocation Failure) 658M->55M(778M) 1.459ms
[522.567s][info][gc] GC(3307) Pause Young (Allocation Failure) 638M->59M(754M) 1.342ms
[522.834s][info][gc] GC(3308) Pause Young (Allocation Failure) 619M->64M(732M) 1.373ms
[523.099s][info][gc] GC(3309) Pause Young (Allocation Failure) 601M->67M(709M) 1.218ms
[523.355s][info][gc] GC(3310) Pause Young (Allocation Failure) 583M->72M(689M) 1.388ms
[523.698s][info][gc] GC(3311) Pause Young (Allocation Failure) 567M->77M(670M) 1.462ms
[523.927s][info][gc] GC(3312) Pause Young (Allocation Failure) 552M->80M(651M) 1.323ms
[524.151s][info][gc] GC(3313) Pause Young (Allocation Failure) 537M->84M(633M) 1.146ms
[524.364s][info][gc] GC(3314) Pause Young (Allocation Failure) 523M->88M(617M) 1.214ms
[524.571s][info][gc] GC(3315) Pause Young (Allocation Failure) 511M->91M(600M) 1.153ms
[524.775s][info][gc] GC(3316) Pause Young (Allocation Failure) 498M->93M(585M) 1.256ms
[524.974s][info][gc] GC(3317) Pause Young (Allocation Failure) 485M->97M(571M) 1.204ms
[525.167s][info][gc] GC(3318) Pause Young (Allocation Failure) 474M->100M(557M) 2.990ms
[525.371s][info][gc] GC(3319) Pause Young (Allocation Failure) 464M->103M(544M) 1.104ms
[525.542s][info][gc] GC(3320) Pause Young (Allocation Failure) 454M->105M(531M) 1.212ms
[525.709s][info][gc] GC(3321) Pause Young (Allocation Failure) 444M->108M(519M) 1.030ms
[525.873s][info][gc] GC(3322) Pause Young (Allocation Failure) 434M->111M(508M) 1.024ms
[526.023s][info][gc] GC(3323) Pause Young (Allocation Failure) 426M->113M(496M) 0.990ms
[526.179s][info][gc] GC(3324) Pause Young (Allocation Failure) 417M->116M(486M) 1.020ms
[526.414s][info][gc] GC(3325) Pause Young (Allocation Failure) 409M->119M(477M) 1.251ms
[526.562s][info][gc] GC(3326) Pause Young (Allocation Failure) 402M->120M(466M) 1.058ms
[526.700s][info][gc] GC(3327) Pause Young (Allocation Failure) 394M->123M(458M) 1.139ms
[526.832s][info][gc] GC(3328) Pause Young (Allocation Failure) 388M->125M(449M) 1.008ms
[526.960s][info][gc] GC(3329) Pause Young (Allocation Failure) 381M->126M(439M) 0.902ms
[527.091s][info][gc] GC(3330) Pause Young (Allocation Failure) 374M->129M(433M) 0.898ms
[527.207s][info][gc] GC(3331) Pause Young (Allocation Failure) 369M->130M(425M) 0.902ms
[527.319s][info][gc] GC(3332) Pause Young (Allocation Failure) 363M->132M(418M) 0.889ms
[527.430s][info][gc] GC(3333) Pause Young (Allocation Failure) 358M->134M(411M) 0.943ms
[527.538s][info][gc] GC(3334) Pause Young (Allocation Failure) 353M->136M(404M) 0.970ms
[527.647s][info][gc] GC(3335) Pause Young (Allocation Failure) 348M->138M(398M) 0.906ms
[527.751s][info][gc] GC(3336) Pause Young (Allocation Failure) 344M->139M(430M) 0.969ms
[527.868s][info][gc] GC(3337) Pause Young (Allocation Failure) 377M->141M(422M) 0.810ms
[527.980s][info][gc] GC(3338) Pause Young (Allocation Failure) 371M->141M(414M) 0.805ms
[528.096s][info][gc] GC(3339) Pause Young (Allocation Failure) 364M->144M(408M) 0.858ms
[528.203s][info][gc] GC(3340) Pause Young (Allocation Failure) 361M->146M(402M) 0.958ms
[528.313s][info][gc] GC(3341) Pause Young (Allocation Failure) 356M->148M(396M) 0.878ms
[528.420s][info][gc] GC(3342) Pause Young (Allocation Failure) 352M->149M(427M) 0.943ms
[528.543s][info][gc] GC(3343) Pause Young (Allocation Failure) 385M->152M(464M) 0.971ms
[528.685s][info][gc] GC(3344) Pause Young (Allocation Failure) 424M->154M(455M) 1.045ms
[528.817s][info][gc] GC(3345) Pause Young (Allocation Failure) 417M->155M(446M) 0.924ms
[529.037s][info][gc] GC(3346) Pause Young (Allocation Failure) 410M->158M(438M) 0.926ms
[529.163s][info][gc] GC(3347) Pause Young (Allocation Failure) 405M->160M(431M) 1.057ms
[529.285s][info][gc] GC(3348) Pause Young (Allocation Failure) 399M->162M(423M) 0.995ms
[529.395s][info][gc] GC(3349) Pause Young (Allocation Failure) 393M->164M(416M) 0.945ms
[529.505s][info][gc] GC(3350) Pause Young (Allocation Failure) 388M->166M(408M) 0.921ms
[529.613s][info][gc] GC(3351) Pause Young (Allocation Failure) 383M->168M(443M) 1.023ms
[529.738s][info][gc] GC(3352) Pause Young (Allocation Failure) 419M->170M(482M) 1.000ms
[529.893s][info][gc] GC(3353) Pause Young (Allocation Failure) 460M->172M(473M) 0.972ms
[530.031s][info][gc] GC(3354) Pause Young (Allocation Failure) 453M->174M(462M) 1.140ms
[530.166s][info][gc] GC(3355) Pause Young (Allocation Failure) 445M->175M(453M) 0.808ms
[530.304s][info][gc] GC(3356) Pause Young (Allocation Failure) 437M->179M(446M) 1.003ms
[530.426s][info][gc] GC(3357) Pause Young (Allocation Failure) 432M->181M(438M) 0.982ms
[530.548s][info][gc] GC(3358) Pause Young (Allocation Failure) 426M->183M(430M) 0.959ms
[530.664s][info][gc] GC(3359) Pause Young (Allocation Failure) 421M->185M(423M) 0.995ms
[530.788s][info][gc] GC(3360) Pause Young (Allocation Failure) 415M->185M(414M) 0.785ms
[530.902s][info][gc] GC(3361) Pause Young (Allocation Failure) 409M->188M(408M) 1.458ms
[531.006s][info][gc] GC(3362) Pause Young (Allocation Failure) 405M->190M(402M) 0.822ms
[531.126s][info][gc] GC(3363) Pause Full (Ergonomics) 400M->65M(402M) 16.255ms
[531.225s][info][gc] GC(3364) Pause Young (Allocation Failure) 269M->70M(400M) 0.674ms
[531.326s][info][gc] GC(3365) Pause Young (Allocation Failure) 268M->71M(394M) 0.999ms
[531.422s][info][gc] GC(3366) Pause Young (Allocation Failure) 263M->72M(389M) 0.775ms
[531.514s][info][gc] GC(3367) Pause Young (Allocation Failure) 259M->73M(383M) 0.835ms
[531.604s][info][gc] GC(3368) Pause Young (Allocation Failure) 255M->74M(377M) 0.776ms
[531.777s][info][gc] GC(3369) Pause Young (Allocation Failure) 251M->78M(374M) 0.856ms
[531.866s][info][gc] GC(3370) Pause Young (Allocation Failure) 250M->80M(369M) 0.917ms
[531.947s][info][gc] GC(3371) Pause Young (Allocation Failure) 247M->81M(364M) 0.733ms
[532.033s][info][gc] GC(3372) Pause Young (Allocation Failure) 243M->82M(391M) 0.823ms
[532.124s][info][gc] GC(3373) Pause Young (Allocation Failure) 271M->83M(384M) 0.679ms
[532.214s][info][gc] GC(3374) Pause Young (Allocation Failure) 266M->85M(413M) 0.807ms
[532.322s][info][gc] GC(3375) Pause Young (Allocation Failure) 297M->88M(448M) 0.861ms
[532.451s][info][gc] GC(3376) Pause Young (Allocation Failure) 334M->90M(440M) 0.867ms
[532.570s][info][gc] GC(3377) Pause Young (Allocation Failure) 328M->92M(433M) 0.898ms
[532.682s][info][gc] GC(3378) Pause Young (Allocation Failure) 323M->94M(424M) 0.838ms
[532.791s][info][gc] GC(3379) Pause Young (Allocation Failure) 317M->97M(419M) 0.840ms
[532.897s][info][gc] GC(3380) Pause Young (Allocation Failure) 313M->98M(412M) 0.830ms
[532.998s][info][gc] GC(3381) Pause Young (Allocation Failure) 308M->100M(406M) 0.826ms
[533.099s][info][gc] GC(3382) Pause Young (Allocation Failure) 303M->101M(399M) 0.827ms
[533.196s][info][gc] GC(3383) Pause Young (Allocation Failure) 299M->103M(394M) 0.846ms
[533.293s][info][gc] GC(3384) Pause Young (Allocation Failure) 295M->105M(389M) 0.804ms
[533.385s][info][gc] GC(3385) Pause Young (Allocation Failure) 292M->106M(419M) 0.963ms
[533.495s][info][gc] GC(3386) Pause Young (Allocation Failure) 323M->108M(453M) 0.850ms
[533.616s][info][gc] GC(3387) Pause Young (Allocation Failure) 359M->110M(493M) 0.904ms
[533.761s][info][gc] GC(3388) Pause Young (Allocation Failure) 400M->111M(483M) 0.854ms
[533.898s][info][gc] GC(3389) Pause Young (Allocation Failure) 392M->114M(474M) 0.882ms
[534.029s][info][gc] GC(3390) Pause Young (Allocation Failure) 385M->116M(464M) 0.874ms
[534.157s][info][gc] GC(3391) Pause Young (Allocation Failure) 378M->117M(455M) 0.853ms
[534.374s][info][gc] GC(3392) Pause Young (Allocation Failure) 371M->121M(449M) 0.983ms
[534.495s][info][gc] GC(3393) Pause Young (Allocation Failure) 367M->123M(441M) 1.023ms
[534.615s][info][gc] GC(3394) Pause Young (Allocation Failure) 361M->125M(431M) 0.936ms
[534.728s][info][gc] GC(3395) Pause Young (Allocation Failure) 355M->127M(425M) 0.858ms
[534.839s][info][gc] GC(3396) Pause Young (Allocation Failure) 350M->128M(418M) 0.887ms
[534.946s][info][gc] GC(3397) Pause Young (Allocation Failure) 344M->130M(412M) 0.991ms
[535.050s][info][gc] GC(3398) Pause Young (Allocation Failure) 340M->132M(406M) 0.853ms
[535.154s][info][gc] GC(3399) Pause Young (Allocation Failure) 336M->134M(438M) 1.054ms
[535.269s][info][gc] GC(3400) Pause Young (Allocation Failure) 370M->135M(430M) 0.819ms
[535.385s][info][gc] GC(3401) Pause Young (Allocation Failure) 363M->136M(423M) 0.756ms
[535.496s][info][gc] GC(3402) Pause Young (Allocation Failure) 358M->139M(417M) 0.804ms
[535.601s][info][gc] GC(3403) Pause Young (Allocation Failure) 354M->141M(411M) 0.854ms
[535.699s][info][gc] GC(3404) Pause Young (Allocation Failure) 349M->142M(405M) 0.831ms
[535.799s][info][gc] GC(3405) Pause Young (Allocation Failure) 345M->144M(399M) 0.852ms
[535.889s][info][gc] GC(3406) Pause Young (Allocation Failure) 340M->144M(392M) 0.714ms
[535.981s][info][gc] GC(3407) Pause Young (Allocation Failure) 335M->146M(423M) 0.858ms
[536.097s][info][gc] GC(3408) Pause Young (Allocation Failure) 368M->149M(417M) 0.777ms
[536.202s][info][gc] GC(3409) Pause Young (Allocation Failure) 364M->151M(411M) 0.966ms
[536.306s][info][gc] GC(3410) Pause Young (Allocation Failure) 359M->153M(442M) 0.870ms
[536.422s][info][gc] GC(3411) Pause Young (Allocation Failure) 394M->155M(437M) 0.927ms
[536.534s][info][gc] GC(3412) Pause Young (Allocation Failure) 389M->157M(429M) 0.861ms
[536.643s][info][gc] GC(3413) Pause Young (Allocation Failure) 383M->158M(422M) 0.904ms
[536.753s][info][gc] GC(3414) Pause Young (Allocation Failure) 378M->160M(414M) 0.850ms
[536.857s][info][gc] GC(3415) Pause Young (Allocation Failure) 373M->162M(409M) 0.861ms
[537.038s][info][gc] GC(3416) Pause Young (Allocation Failure) 369M->165M(403M) 0.851ms
[537.139s][info][gc] GC(3417) Pause Young (Allocation Failure) 365M->166M(397M) 0.908ms
[537.234s][info][gc] GC(3418) Pause Young (Allocation Failure) 361M->168M(390M) 0.866ms
[537.328s][info][gc] GC(3419) Pause Young (Allocation Failure) 357M->169M(421M) 1.353ms
[537.435s][info][gc] GC(3420) Pause Young (Allocation Failure) 388M->171M(414M) 0.767ms
[537.540s][info][gc] GC(3421) Pause Young (Allocation Failure) 384M->173M(409M) 0.937ms
[537.641s][info][gc] GC(3422) Pause Young (Allocation Failure) 379M->175M(402M) 0.809ms
[537.740s][info][gc] GC(3423) Pause Young (Allocation Failure) 375M->177M(434M) 0.967ms
[537.849s][info][gc] GC(3424) Pause Young (Allocation Failure) 408M->178M(470M) 0.853ms
[537.974s][info][gc] GC(3425) Pause Young (Allocation Failure) 446M->180M(461M) 0.980ms
[538.111s][info][gc] GC(3426) Pause Young (Allocation Failure) 439M->182M(502M) 1.144ms
[538.256s][info][gc] GC(3427) Pause Young (Allocation Failure) 482M->185M(550M) 1.199ms
[538.432s][info][gc] GC(3428) Pause Young (Allocation Failure) 532M->188M(537M) 1.098ms
[538.587s][info][gc] GC(3429) Pause Young (Allocation Failure) 522M->189M(525M) 0.923ms
[538.753s][info][gc] GC(3430) Pause Young (Allocation Failure) 512M->193M(514M) 1.077ms
[538.909s][info][gc] GC(3431) Pause Young (Allocation Failure) 504M->195M(503M) 1.136ms
[539.056s][info][gc] GC(3432) Pause Young (Allocation Failure) 495M->197M(492M) 1.068ms
[539.196s][info][gc] GC(3433) Pause Young (Allocation Failure) 487M->199M(482M) 1.051ms
[539.361s][info][gc] GC(3434) Pause Full (Ergonomics) 479M->70M(472M) 18.456ms
[539.495s][info][gc] GC(3435) Pause Young (Allocation Failure) 341M->76M(471M) 0.870ms
[539.676s][info][gc] GC(3436) Pause Young (Allocation Failure) 337M->86M(462M) 2.089ms
[539.741s][info][gc] GC(3437) Pause Young (Allocation Failure) 339M->89M(502M) 1.450ms
[539.829s][info][gc] GC(3438) Pause Young (Allocation Failure) 385M->96M(557M) 1.256ms
[539.927s][info][gc] GC(3439) Pause Young (Allocation Failure) 442M->97M(614M) 1.211ms
[540.032s][info][gc] GC(3440) Pause Young (Allocation Failure) 501M->102M(681M) 1.352ms
[540.167s][info][gc] GC(3441) Pause Young (Allocation Failure) 575M->109M(765M) 1.740ms
[540.320s][info][gc] GC(3442) Pause Young (Allocation Failure) 662M->113M(854M) 1.825ms
[540.494s][info][gc] GC(3443) Pause Young (Allocation Failure) 759M->120M(967M) 1.568ms
[540.713s][info][gc] GC(3444) Pause Young (Allocation Failure) 874M->126M(1057M) 1.949ms
[540.961s][info][gc] GC(3445) Pause Young (Allocation Failure) 969M->133M(1062M) 2.111ms
[541.195s][info][gc] GC(3446) Pause Young (Allocation Failure) 976M->139M(1201M) 2.598ms
[541.473s][info][gc] GC(3447) Pause Young (Allocation Failure) 1120M->147M(1202M) 3.037ms
[541.740s][info][gc] GC(3448) Pause Young (Allocation Failure) 1128M->155M(1364M) 2.747ms
[542.056s][info][gc] GC(3449) Pause Young (Allocation Failure) 1297M->163M(1365M) 3.379ms
[542.361s][info][gc] GC(3450) Pause Young (Allocation Failure) 1305M->172M(1554M) 3.040ms
[542.728s][info][gc] GC(3451) Pause Young (Allocation Failure) 1503M->181M(1554M) 3.264ms
[543.088s][info][gc] GC(3452) Pause Young (Allocation Failure) 1512M->193M(1712M) 3.652ms
[543.495s][info][gc] GC(3453) Pause Young (Allocation Failure) 1681M->204M(1708M) 4.101ms
[543.906s][info][gc] GC(3454) Pause Young (Allocation Failure) 1692M->216M(1710M) 3.616ms
[544.343s][info][gc] GC(3455) Pause Full (Ergonomics) 1700M->170M(1830M) 39.710ms
[544.755s][info][gc] GC(3456) Pause Young (Allocation Failure) 1654M->188M(1829M) 2.746ms
[545.178s][info][gc] GC(3457) Pause Young (Allocation Failure) 1671M->199M(1829M) 3.279ms
[545.595s][info][gc] GC(3458) Pause Young (Allocation Failure) 1682M->211M(1829M) 3.193ms
[545.998s][info][gc] GC(3459) Pause Young (Allocation Failure) 1694M->223M(1822M) 3.269ms
[546.397s][info][gc] GC(3460) Pause Young (Allocation Failure) 1706M->234M(1829M) 3.516ms
[546.860s][info][gc] GC(3461) Pause Young (Allocation Failure) 1716M->240M(1815M) 3.089ms
[547.605s][info][gc] GC(3462) Pause Young (Allocation Failure) 1722M->255M(1829M) 4.011ms
[548.341s][info][gc] GC(3463) Pause Young (Allocation Failure) 1738M->267M(1828M) 3.797ms
[549.081s][info][gc] GC(3464) Pause Young (Allocation Failure) 1750M->278M(1829M) 4.485ms
[549.818s][info][gc] GC(3465) Pause Young (Allocation Failure) 1763M->289M(1751M) 4.012ms
[550.533s][info][gc] GC(3466) Pause Young (Allocation Failure) 1706M->300M(1682M) 3.572ms
[551.196s][info][gc] GC(3467) Pause Young (Allocation Failure) 1652M->311M(1624M) 2.999ms
[551.825s][info][gc] GC(3468) Pause Young (Allocation Failure) 1602M->321M(1566M) 3.078ms
[552.856s][info][gc] GC(3469) Pause Full (Ergonomics) 1554M->80M(1411M) 21.009ms
[553.983s][info][gc] GC(3470) Pause Young (Allocation Failure) 1257M->91M(1369M) 1.777ms
[555.070s][info][gc] GC(3471) Pause Young (Allocation Failure) 1216M->100M(1319M) 2.379ms
[556.097s][info][gc] GC(3472) Pause Young (Allocation Failure) 1175M->108M(1271M) 2.149ms
[557.055s][info][gc] GC(3473) Pause Young (Allocation Failure) 1135M->119M(1229M) 2.518ms
[557.455s][info][gc] GC(3474) Pause Young (Allocation Failure) 1102M->127M(1185M) 2.467ms
[557.837s][info][gc] GC(3475) Pause Young (Allocation Failure) 1066M->133M(1143M) 2.128ms
[558.195s][info][gc] GC(3476) Pause Young (Allocation Failure) 1032M->140M(1104M) 2.091ms
[558.540s][info][gc] GC(3477) Pause Young (Allocation Failure) 1000M->146M(1065M) 1.767ms
[558.883s][info][gc] GC(3478) Pause Young (Allocation Failure) 968M->154M(1031M) 2.662ms
[559.292s][info][gc] GC(3479) Pause Young (Allocation Failure) 941M->161M(998M) 2.015ms
[559.598s][info][gc] GC(3480) Pause Young (Allocation Failure) 915M->166M(965M) 1.979ms
[559.892s][info][gc] GC(3481) Pause Young (Allocation Failure) 888M->170M(933M) 1.800ms
[560.183s][info][gc] GC(3482) Pause Young (Allocation Failure) 862M->177M(906M) 1.817ms
[560.459s][info][gc] GC(3483) Pause Young (Allocation Failure) 841M->182M(879M) 1.672ms
[560.717s][info][gc] GC(3484) Pause Young (Allocation Failure) 818M->187M(852M) 1.996ms
[560.965s][info][gc] GC(3485) Pause Young (Allocation Failure) 797M->191M(826M) 1.525ms
[561.211s][info][gc] GC(3486) Pause Young (Allocation Failure) 776M->196M(803M) 1.561ms
[561.534s][info][gc] GC(3487) Pause Young (Allocation Failure) 758M->202M(782M) 1.709ms
[561.754s][info][gc] GC(3488) Pause Young (Allocation Failure) 741M->206M(759M) 1.648ms
[561.962s][info][gc] GC(3489) Pause Young (Allocation Failure) 723M->210M(738M) 1.401ms
[562.165s][info][gc] GC(3490) Pause Young (Allocation Failure) 707M->214M(719M) 1.424ms
[562.358s][info][gc] GC(3491) Pause Young (Allocation Failure) 692M->217M(700M) 1.357ms
[562.545s][info][gc] GC(3492) Pause Young (Allocation Failure) 676M->221M(682M) 1.395ms
[562.717s][info][gc] GC(3493) Pause Young (Allocation Failure) 662M->224M(741M) 1.327ms
[562.917s][info][gc] GC(3494) Pause Young (Allocation Failure) 725M->228M(722M) 1.346ms
[563.114s][info][gc] GC(3495) Pause Young (Allocation Failure) 709M->232M(704M) 1.389ms
[563.321s][info][gc] GC(3496) Pause Full (Ergonomics) 695M->72M(661M) 19.052ms
[563.613s][info][gc] GC(3497) Pause Young (Allocation Failure) 518M->79M(659M) 0.895ms
[563.789s][info][gc] GC(3498) Pause Young (Allocation Failure) 507M->84M(635M) 1.286ms
[563.959s][info][gc] GC(3499) Pause Young (Allocation Failure) 496M->87M(620M) 1.958ms
[564.117s][info][gc] GC(3500) Pause Young (Allocation Failure) 484M->89M(604M) 1.295ms
[564.275s][info][gc] GC(3501) Pause Young (Allocation Failure) 472M->93M(591M) 1.154ms
[564.419s][info][gc] GC(3502) Pause Young (Allocation Failure) 461M->95M(577M) 1.116ms
[564.570s][info][gc] GC(3503) Pause Young (Allocation Failure) 450M->98M(628M) 1.276ms
[564.739s][info][gc] GC(3504) Pause Young (Allocation Failure) 504M->101M(613M) 1.204ms
[564.909s][info][gc] GC(3505) Pause Young (Allocation Failure) 492M->104M(598M) 1.606ms
[565.060s][info][gc] GC(3506) Pause Young (Allocation Failure) 480M->107M(585M) 1.120ms
[565.216s][info][gc] GC(3507) Pause Young (Allocation Failure) 470M->110M(637M) 1.403ms
[565.382s][info][gc] GC(3508) Pause Young (Allocation Failure) 525M->113M(696M) 1.226ms
[565.575s][info][gc] GC(3509) Pause Young (Allocation Failure) 587M->117M(678M) 1.261ms
[565.855s][info][gc] GC(3510) Pause Young (Allocation Failure) 572M->121M(661M) 1.283ms
[566.033s][info][gc] GC(3511) Pause Young (Allocation Failure) 559M->124M(644M) 1.437ms
[566.200s][info][gc] GC(3512) Pause Young (Allocation Failure) 546M->128M(628M) 1.244ms
[566.364s][info][gc] GC(3513) Pause Young (Allocation Failure) 534M->131M(613M) 1.200ms
[566.520s][info][gc] GC(3514) Pause Young (Allocation Failure) 522M->134M(668M) 1.265ms
[566.703s][info][gc] GC(3515) Pause Young (Allocation Failure) 580M->138M(732M) 1.342ms
[566.908s][info][gc] GC(3516) Pause Young (Allocation Failure) 648M->142M(713M) 1.324ms
[567.108s][info][gc] GC(3517) Pause Young (Allocation Failure) 632M->146M(694M) 1.323ms
[567.297s][info][gc] GC(3518) Pause Young (Allocation Failure) 617M->149M(673M) 1.281ms
[567.481s][info][gc] GC(3519) Pause Young (Allocation Failure) 602M->152M(657M) 1.292ms
[567.656s][info][gc] GC(3520) Pause Young (Allocation Failure) 587M->157M(641M) 1.267ms
[567.825s][info][gc] GC(3521) Pause Young (Allocation Failure) 575M->160M(626M) 1.206ms
[568.075s][info][gc] GC(3522) Pause Young (Allocation Failure) 563M->164M(611M) 1.268ms
[568.238s][info][gc] GC(3523) Pause Young (Allocation Failure) 552M->167M(597M) 1.383ms
[568.383s][info][gc] GC(3524) Pause Young (Allocation Failure) 541M->170M(649M) 1.210ms
[568.559s][info][gc] GC(3525) Pause Young (Allocation Failure) 597M->173M(634M) 1.207ms
[568.728s][info][gc] GC(3526) Pause Young (Allocation Failure) 584M->176M(618M) 1.142ms
[568.884s][info][gc] GC(3527) Pause Young (Allocation Failure) 571M->179M(603M) 1.173ms
[569.042s][info][gc] GC(3528) Pause Young (Allocation Failure) 560M->182M(589M) 1.198ms
[569.188s][info][gc] GC(3529) Pause Young (Allocation Failure) 549M->186M(642M) 1.191ms
[569.355s][info][gc] GC(3530) Pause Young (Allocation Failure) 605M->188M(626M) 1.133ms
[569.517s][info][gc] GC(3531) Pause Young (Allocation Failure) 592M->192M(684M) 1.307ms
[569.710s][info][gc] GC(3532) Pause Young (Allocation Failure) 653M->195M(667M) 1.280ms
[569.899s][info][gc] GC(3533) Pause Young (Allocation Failure) 639M->199M(650M) 1.346ms
[570.073s][info][gc] GC(3534) Pause Young (Allocation Failure) 626M->199M(631M) 1.171ms
[570.330s][info][gc] GC(3535) Pause Young (Allocation Failure) 610M->206M(619M) 1.357ms
[570.488s][info][gc] GC(3536) Pause Young (Allocation Failure) 601M->208M(602M) 1.321ms
[570.645s][info][gc] GC(3537) Pause Young (Allocation Failure) 589M->212M(658M) 2.229ms
[570.820s][info][gc] GC(3538) Pause Young (Allocation Failure) 647M->215M(719M) 1.320ms
[571.025s][info][gc] GC(3539) Pause Young (Allocation Failure) 711M->219M(790M) 1.578ms
[571.278s][info][gc] GC(3540) Pause Full (Ergonomics) 786M->57M(738M) 16.592ms
[571.498s][info][gc] GC(3541) Pause Young (Allocation Failure) 601M->65M(726M) 1.154ms
[571.714s][info][gc] GC(3542) Pause Young (Allocation Failure) 588M->69M(703M) 1.382ms
[571.918s][info][gc] GC(3543) Pause Young (Allocation Failure) 571M->72M(684M) 1.454ms
[572.114s][info][gc] GC(3544) Pause Young (Allocation Failure) 555M->76M(662M) 1.228ms
[572.375s][info][gc] GC(3545) Pause Young (Allocation Failure) 540M->78M(645M) 0.950ms
[572.563s][info][gc] GC(3546) Pause Young (Allocation Failure) 525M->85M(630M) 1.444ms
[572.737s][info][gc] GC(3547) Pause Young (Allocation Failure) 514M->88M(614M) 1.193ms
[572.903s][info][gc] GC(3548) Pause Young (Allocation Failure) 502M->90M(597M) 1.074ms
[573.063s][info][gc] GC(3549) Pause Young (Allocation Failure) 488M->94M(583M) 1.162ms
[573.222s][info][gc] GC(3550) Pause Young (Allocation Failure) 478M->97M(569M) 1.177ms
[573.366s][info][gc] GC(3551) Pause Young (Allocation Failure) 467M->100M(556M) 1.119ms
[573.508s][info][gc] GC(3552) Pause Young (Allocation Failure) 456M->102M(543M) 1.021ms
[573.651s][info][gc] GC(3553) Pause Young (Allocation Failure) 446M->105M(531M) 1.112ms
[573.786s][info][gc] GC(3554) Pause Young (Allocation Failure) 437M->108M(520M) 1.034ms
[573.913s][info][gc] GC(3555) Pause Young (Allocation Failure) 428M->110M(508M) 1.079ms
[574.043s][info][gc] GC(3556) Pause Young (Allocation Failure) 419M->112M(496M) 0.912ms
[574.164s][info][gc] GC(3557) Pause Young (Allocation Failure) 410M->115M(541M) 0.997ms
[574.300s][info][gc] GC(3558) Pause Young (Allocation Failure) 458M->118M(593M) 1.109ms
[574.522s][info][gc] GC(3559) Pause Young (Allocation Failure) 511M->117M(575M) 0.880ms
[574.645s][info][gc] GC(3560) Pause Young (Allocation Failure) 496M->133M(639M) 2.478ms
[574.771s][info][gc] GC(3561) Pause Young (Allocation Failure) 571M->140M(715M) 1.944ms
[574.907s][info][gc] GC(3562) Pause Young (Allocation Failure) 649M->143M(793M) 1.801ms
[575.065s][info][gc] GC(3563) Pause Young (Allocation Failure) 736M->149M(894M) 1.661ms
[575.250s][info][gc] GC(3564) Pause Young (Allocation Failure) 838M->155M(1006M) 2.024ms
[575.454s][info][gc] GC(3565) Pause Young (Allocation Failure) 955M->158M(1099M) 1.970ms
[575.690s][info][gc] GC(3566) Pause Young (Allocation Failure) 1045M->167M(1139M) 2.594ms
[575.943s][info][gc] GC(3567) Pause Young (Allocation Failure) 1094M->174M(1140M) 2.851ms
[576.190s][info][gc] GC(3568) Pause Young (Allocation Failure) 1101M->181M(1289M) 2.722ms
[576.477s][info][gc] GC(3569) Pause Young (Allocation Failure) 1256M->190M(1289M) 3.217ms
[576.761s][info][gc] GC(3570) Pause Young (Allocation Failure) 1266M->198M(1463M) 2.976ms
[577.113s][info][gc] GC(3571) Pause Full (Ergonomics) 1446M->116M(1536M) 27.244ms
[577.442s][info][gc] GC(3572) Pause Young (Allocation Failure) 1364M->133M(1716M) 2.803ms
[577.813s][info][gc] GC(3573) Pause Young (Allocation Failure) 1566M->144M(1723M) 3.568ms
[578.188s][info][gc] GC(3574) Pause Young (Allocation Failure) 1578M->155M(1775M) 3.787ms
[578.574s][info][gc] GC(3575) Pause Young (Allocation Failure) 1640M->166M(1769M) 3.758ms
[578.960s][info][gc] GC(3576) Pause Young (Allocation Failure) 1651M->179M(1773M) 3.421ms
[579.344s][info][gc] GC(3577) Pause Young (Allocation Failure) 1661M->189M(1774M) 3.242ms
[579.737s][info][gc] GC(3578) Pause Young (Allocation Failure) 1671M->200M(1773M) 3.407ms
[580.139s][info][gc] GC(3579) Pause Young (Allocation Failure) 1681M->212M(1774M) 3.431ms
[580.528s][info][gc] GC(3580) Pause Young (Allocation Failure) 1693M->224M(1774M) 3.473ms
[580.922s][info][gc] GC(3581) Pause Young (Allocation Failure) 1705M->235M(1774M) 3.844ms
[581.339s][info][gc] GC(3582) Pause Young (Allocation Failure) 1716M->247M(1774M) 3.544ms
[581.728s][info][gc] GC(3583) Pause Young (Allocation Failure) 1728M->258M(1774M) 3.349ms
[582.176s][info][gc] GC(3584) Pause Young (Allocation Failure) 1739M->265M(1772M) 3.211ms
[582.925s][info][gc] GC(3585) Pause Full (Ergonomics) 1746M->70M(1741M) 16.946ms
[583.654s][info][gc] GC(3586) Pause Young (Allocation Failure) 1551M->84M(1663M) 2.338ms
[584.347s][info][gc] GC(3587) Pause Young (Allocation Failure) 1498M->96M(1598M) 2.827ms
[585.013s][info][gc] GC(3588) Pause Young (Allocation Failure) 1446M->104M(1536M) 2.547ms
[585.658s][info][gc] GC(3589) Pause Young (Allocation Failure) 1394M->116M(1479M) 2.572ms
[586.265s][info][gc] GC(3590) Pause Young (Allocation Failure) 1348M->125M(1424M) 2.725ms
[586.836s][info][gc] GC(3591) Pause Young (Allocation Failure) 1302M->134M(1371M) 2.554ms
[587.842s][info][gc] GC(3592) Pause Young (Allocation Failure) 1259M->141M(1319M) 2.249ms
[589.862s][info][gc] GC(3593) Pause Young (Allocation Failure) 1216M->149M(1272M) 2.149ms
[591.789s][info][gc] GC(3594) Pause Young (Allocation Failure) 1178M->157M(1226M) 2.032ms
[592.447s][info][gc] GC(3595) Pause Young (Allocation Failure) 1140M->169M(1196M) 2.604ms
[592.788s][info][gc] GC(3596) Pause Young (Allocation Failure) 1110M->177M(1153M) 2.641ms
[593.124s][info][gc] GC(3597) Pause Young (Allocation Failure) 1077M->184M(1108M) 2.874ms
[593.483s][info][gc] GC(3598) Pause Young (Allocation Failure) 1046M->190M(1071M) 2.407ms
[593.790s][info][gc] GC(3599) Pause Young (Allocation Failure) 1016M->195M(1034M) 1.887ms
[594.100s][info][gc] GC(3600) Pause Young (Allocation Failure) 986M->201M(1001M) 1.992ms
[594.480s][info][gc] GC(3601) Pause Young (Allocation Failure) 958M->209M(971M) 1.975ms
[594.763s][info][gc] GC(3602) Pause Young (Allocation Failure) 935M->215M(941M) 2.159ms
[595.024s][info][gc] GC(3603) Pause Young (Allocation Failure) 911M->219M(911M) 2.334ms
[595.286s][info][gc] GC(3604) Pause Young (Allocation Failure) 887M->224M(883M) 1.718ms
[595.520s][info][gc] GC(3605) Pause Young (Allocation Failure) 865M->229M(857M) 2.130ms
[595.770s][info][gc] GC(3606) Pause Full (Ergonomics) 844M->69M(818M) 16.903ms
[595.996s][info][gc] GC(3607) Pause Young (Allocation Failure) 659M->78M(818M) 1.279ms
[596.317s][info][gc] GC(3608) Pause Young (Allocation Failure) 644M->83M(781M) 1.482ms
[596.510s][info][gc] GC(3609) Pause Young (Allocation Failure) 627M->88M(760M) 2.627ms
[596.698s][info][gc] GC(3610) Pause Young (Allocation Failure) 611M->91M(739M) 1.394ms
[596.882s][info][gc] GC(3611) Pause Young (Allocation Failure) 594M->95M(719M) 1.354ms
[597.053s][info][gc] GC(3612) Pause Young (Allocation Failure) 579M->100M(702M) 1.426ms
[597.227s][info][gc] GC(3613) Pause Young (Allocation Failure) 565M->103M(684M) 1.302ms
[597.388s][info][gc] GC(3614) Pause Young (Allocation Failure) 550M->107M(667M) 1.287ms
[597.551s][info][gc] GC(3615) Pause Young (Allocation Failure) 538M->109M(650M) 1.205ms
[597.704s][info][gc] GC(3616) Pause Young (Allocation Failure) 524M->113M(636M) 1.270ms
[597.845s][info][gc] GC(3617) Pause Young (Allocation Failure) 513M->116M(695M) 1.327ms
[598.014s][info][gc] GC(3618) Pause Young (Allocation Failure) 576M->119M(763M) 1.247ms
[598.320s][info][gc] GC(3619) Pause Young (Allocation Failure) 647M->124M(744M) 1.687ms
[598.503s][info][gc] GC(3620) Pause Young (Allocation Failure) 631M->128M(724M) 1.575ms
[598.695s][info][gc] GC(3621) Pause Young (Allocation Failure) 616M->133M(706M) 1.508ms
[598.864s][info][gc] GC(3622) Pause Young (Allocation Failure) 602M->135M(774M) 1.380ms
[599.067s][info][gc] GC(3623) Pause Young (Allocation Failure) 673M->140M(754M) 2.600ms
[599.267s][info][gc] GC(3624) Pause Young (Allocation Failure) 657M->144M(734M) 1.467ms
[599.448s][info][gc] GC(3625) Pause Young (Allocation Failure) 642M->147M(714M) 1.344ms
[599.632s][info][gc] GC(3626) Pause Young (Allocation Failure) 625M->152M(697M) 1.406ms
[599.813s][info][gc] GC(3627) Pause Young (Allocation Failure) 612M->155M(765M) 1.605ms
[600.008s][info][gc] GC(3628) Pause Young (Allocation Failure) 684M->159M(844M) 1.502ms
[600.330s][info][gc] GC(3629) Pause Young (Allocation Failure) 767M->161M(817M) 1.382ms
[600.547s][info][gc] GC(3630) Pause Young (Allocation Failure) 744M->169M(797M) 1.797ms
[600.753s][info][gc] GC(3631) Pause Young (Allocation Failure) 729M->174M(775M) 1.763ms
[600.949s][info][gc] GC(3632) Pause Young (Allocation Failure) 712M->178M(852M) 1.504ms
[601.172s][info][gc] GC(3633) Pause Young (Allocation Failure) 795M->183M(830M) 1.869ms
[601.388s][info][gc] GC(3634) Pause Young (Allocation Failure) 775M->187M(806M) 1.581ms
[601.604s][info][gc] GC(3635) Pause Young (Allocation Failure) 756M->191M(783M) 1.510ms
[601.811s][info][gc] GC(3636) Pause Young (Allocation Failure) 737M->195M(761M) 1.533ms
[602.004s][info][gc] GC(3637) Pause Young (Allocation Failure) 720M->200M(742M) 1.532ms
[602.197s][info][gc] GC(3638) Pause Young (Allocation Failure) 705M->202M(720M) 1.532ms
[602.503s][info][gc] GC(3639) Pause Young (Allocation Failure) 687M->209M(704M) 1.772ms
[602.677s][info][gc] GC(3640) Pause Young (Allocation Failure) 675M->212M(772M) 1.630ms
[602.885s][info][gc] GC(3641) Pause Young (Allocation Failure) 747M->216M(851M) 1.556ms
[603.118s][info][gc] GC(3642) Pause Young (Allocation Failure) 830M->221M(827M) 1.618ms
[603.330s][info][gc] GC(3643) Pause Young (Allocation Failure) 811M->225M(803M) 1.619ms
[603.535s][info][gc] GC(3644) Pause Young (Allocation Failure) 791M->230M(781M) 1.581ms
[603.732s][info][gc] GC(3645) Pause Young (Allocation Failure) 774M->233M(861M) 1.637ms
[603.978s][info][gc] GC(3646) Pause Full (Ergonomics) 858M->72M(822M) 17.966ms
[604.196s][info][gc] GC(3647) Pause Young (Allocation Failure) 671M->80M(811M) 1.185ms
[604.511s][info][gc] GC(3648) Pause Young (Allocation Failure) 655M->85M(783M) 1.631ms
[604.744s][info][gc] GC(3649) Pause Young (Allocation Failure) 637M->90M(761M) 1.588ms
[604.950s][info][gc] GC(3650) Pause Young (Allocation Failure) 621M->95M(741M) 1.435ms
[605.142s][info][gc] GC(3651) Pause Young (Allocation Failure) 605M->98M(721M) 1.518ms
[605.318s][info][gc] GC(3652) Pause Young (Allocation Failure) 589M->102M(702M) 1.378ms
[605.494s][info][gc] GC(3653) Pause Young (Allocation Failure) 574M->106M(685M) 1.409ms
[605.664s][info][gc] GC(3654) Pause Young (Allocation Failure) 561M->109M(667M) 1.288ms
[605.835s][info][gc] GC(3655) Pause Young (Allocation Failure) 547M->113M(652M) 1.678ms
[605.989s][info][gc] GC(3656) Pause Young (Allocation Failure) 535M->116M(636M) 1.252ms
[606.139s][info][gc] GC(3657) Pause Young (Allocation Failure) 522M->119M(697M) 1.257ms
[606.330s][info][gc] GC(3658) Pause Young (Allocation Failure) 586M->122M(678M) 1.277ms
[606.607s][info][gc] GC(3659) Pause Young (Allocation Failure) 571M->127M(663M) 1.588ms
[606.762s][info][gc] GC(3660) Pause Young (Allocation Failure) 560M->131M(647M) 1.494ms
[606.911s][info][gc] GC(3661) Pause Young (Allocation Failure) 547M->133M(709M) 1.299ms
[607.096s][info][gc] GC(3662) Pause Young (Allocation Failure) 613M->137M(780M) 1.406ms
[607.303s][info][gc] GC(3663) Pause Young (Allocation Failure) 689M->142M(761M) 1.513ms
[607.486s][info][gc] GC(3664) Pause Young (Allocation Failure) 672M->144M(738M) 1.308ms
[607.677s][info][gc] GC(3665) Pause Young (Allocation Failure) 654M->150M(720M) 1.808ms
[607.860s][info][gc] GC(3666) Pause Young (Allocation Failure) 640M->154M(702M) 1.368ms
[608.025s][info][gc] GC(3667) Pause Young (Allocation Failure) 626M->158M(773M) 1.446ms
[608.223s][info][gc] GC(3668) Pause Young (Allocation Failure) 700M->162M(851M) 1.435ms
[608.552s][info][gc] GC(3669) Pause Young (Allocation Failure) 785M->174M(833M) 2.707ms
[608.756s][info][gc] GC(3670) Pause Young (Allocation Failure) 772M->179M(919M) 2.306ms
[608.986s][info][gc] GC(3671) Pause Young (Allocation Failure) 869M->188M(1028M) 1.817ms
[609.246s][info][gc] GC(3672) Pause Young (Allocation Failure) 983M->194M(1109M) 1.864ms
[609.533s][info][gc] GC(3673) Pause Young (Allocation Failure) 1063M->200M(1066M) 2.000ms
[609.822s][info][gc] GC(3674) Pause Young (Allocation Failure) 1032M->206M(1025M) 2.183ms
[610.096s][info][gc] GC(3675) Pause Young (Allocation Failure) 1004M->214M(997M) 1.708ms
[610.354s][info][gc] GC(3676) Pause Young (Allocation Failure) 978M->220M(965M) 1.945ms
[610.594s][info][gc] GC(3677) Pause Young (Allocation Failure) 952M->225M(934M) 2.160ms
[610.852s][info][gc] GC(3678) Pause Full (Ergonomics) 926M->99M(925M) 22.185ms
[611.079s][info][gc] GC(3679) Pause Young (Allocation Failure) 771M->110M(915M) 1.451ms
[611.296s][info][gc] GC(3680) Pause Young (Allocation Failure) 755M->113M(881M) 1.639ms
[611.512s][info][gc] GC(3681) Pause Young (Allocation Failure) 732M->118M(856M) 1.631ms
[611.721s][info][gc] GC(3682) Pause Young (Allocation Failure) 712M->124M(833M) 1.703ms
[611.924s][info][gc] GC(3683) Pause Young (Allocation Failure) 694M->128M(810M) 1.581ms
[612.108s][info][gc] GC(3684) Pause Young (Allocation Failure) 676M->131M(788M) 1.514ms
[612.296s][info][gc] GC(3685) Pause Young (Allocation Failure) 658M->136M(866M) 1.517ms
[612.503s][info][gc] GC(3686) Pause Young (Allocation Failure) 740M->140M(842M) 2.105ms
[612.710s][info][gc] GC(3687) Pause Young (Allocation Failure) 720M->145M(928M) 1.811ms
[612.957s][info][gc] GC(3688) Pause Young (Allocation Failure) 811M->150M(1027M) 1.905ms
[613.213s][info][gc] GC(3689) Pause Young (Allocation Failure) 914M->156M(1033M) 1.929ms
[613.466s][info][gc] GC(3690) Pause Young (Allocation Failure) 923M->162M(1143M) 2.044ms
[613.761s][info][gc] GC(3691) Pause Young (Allocation Failure) 1039M->168M(1143M) 2.322ms
[614.050s][info][gc] GC(3692) Pause Young (Allocation Failure) 1045M->176M(1273M) 2.280ms
[614.388s][info][gc] GC(3693) Pause Young (Allocation Failure) 1182M->183M(1273M) 2.610ms
[614.735s][info][gc] GC(3694) Pause Young (Allocation Failure) 1189M->191M(1421M) 2.709ms
[615.155s][info][gc] GC(3695) Pause Young (Allocation Failure) 1345M->200M(1422M) 3.501ms
[615.555s][info][gc] GC(3696) Pause Young (Allocation Failure) 1355M->208M(1593M) 2.902ms
[616.017s][info][gc] GC(3697) Pause Young (Allocation Failure) 1533M->218M(1593M) 3.520ms
[616.473s][info][gc] GC(3698) Pause Young (Allocation Failure) 1543M->229M(1770M) 3.333ms
[616.999s][info][gc] GC(3699) Pause Young (Allocation Failure) 1730M->240M(1701M) 3.585ms
[617.478s][info][gc] GC(3700) Pause Young (Allocation Failure) 1673M->251M(1745M) 4.644ms
[618.015s][info][gc] GC(3701) Pause Full (Ergonomics) 1741M->256M(1936M) 42.300ms
[618.516s][info][gc] GC(3702) Pause Young (Allocation Failure) 1742M->270M(1915M) 7.839ms
[619.016s][info][gc] GC(3703) Pause Young (Allocation Failure) 1759M->284M(1935M) 2.795ms
[619.511s][info][gc] GC(3704) Pause Young (Allocation Failure) 1773M->295M(1935M) 3.849ms
[620.023s][info][gc] GC(3705) Pause Young (Allocation Failure) 1784M->306M(1928M) 3.435ms
[620.520s][info][gc] GC(3706) Pause Young (Allocation Failure) 1795M->318M(1935M) 3.634ms
[622.008s][info][gc] GC(3707) Pause Young (Allocation Failure) 1807M->326M(1858M) 3.555ms
[624.688s][info][gc] GC(3708) Pause Young (Allocation Failure) 1748M->337M(1790M) 4.385ms
[627.265s][info][gc] GC(3709) Pause Young (Allocation Failure) 1695M->348M(1731M) 3.145ms
[629.708s][info][gc] GC(3710) Pause Young (Allocation Failure) 1645M->358M(1673M) 3.557ms
[630.763s][info][gc] GC(3711) Pause Young (Allocation Failure) 1597M->373M(1623M) 3.341ms
[631.157s][info][gc] GC(3712) Pause Young (Allocation Failure) 1557M->382M(1578M) 3.032ms
[631.537s][info][gc] GC(3713) Pause Young (Allocation Failure) 1514M->391M(1519M) 4.834ms
[631.903s][info][gc] GC(3714) Pause Young (Allocation Failure) 1473M->398M(1661M) 2.990ms
[632.436s][info][gc] GC(3715) Pause Young (Allocation Failure) 1623M->409M(1824M) 3.411ms
[632.895s][info][gc] GC(3716) Pause Young (Allocation Failure) 1795M->420M(1838M) 3.315ms
[633.353s][info][gc] GC(3717) Pause Young (Allocation Failure) 1812M->431M(1839M) 3.647ms
[633.827s][info][gc] GC(3718) Pause Full (Ergonomics) 1823M->76M(1576M) 19.451ms
[634.382s][info][gc] GC(3719) Pause Young (Allocation Failure) 1405M->92M(1539M) 2.629ms
[634.811s][info][gc] GC(3720) Pause Young (Allocation Failure) 1362M->100M(1473M) 3.085ms
[635.230s][info][gc] GC(3721) Pause Young (Allocation Failure) 1314M->111M(1421M) 2.876ms
[635.613s][info][gc] GC(3722) Pause Young (Allocation Failure) 1271M->120M(1369M) 2.561ms
[636.117s][info][gc] GC(3723) Pause Young (Allocation Failure) 1229M->130M(1321M) 2.840ms
[636.479s][info][gc] GC(3724) Pause Young (Allocation Failure) 1190M->137M(1274M) 2.634ms
[636.817s][info][gc] GC(3725) Pause Young (Allocation Failure) 1152M->145M(1229M) 2.422ms
[637.138s][info][gc] GC(3726) Pause Young (Allocation Failure) 1116M->152M(1187M) 2.159ms
[637.443s][info][gc] GC(3727) Pause Young (Allocation Failure) 1081M->160M(1148M) 2.164ms
[637.744s][info][gc] GC(3728) Pause Young (Allocation Failure) 1050M->164M(1107M) 2.106ms
[638.131s][info][gc] GC(3729) Pause Young (Allocation Failure) 1016M->172M(1072M) 1.939ms
[638.405s][info][gc] GC(3730) Pause Young (Allocation Failure) 987M->180M(1039M) 2.135ms
[638.660s][info][gc] GC(3731) Pause Young (Allocation Failure) 961M->187M(1006M) 1.987ms
[638.907s][info][gc] GC(3732) Pause Young (Allocation Failure) 936M->192M(975M) 1.919ms
[639.145s][info][gc] GC(3733) Pause Young (Allocation Failure) 910M->198M(945M) 1.844ms
[639.377s][info][gc] GC(3734) Pause Young (Allocation Failure) 886M->204M(1044M) 1.820ms
[639.770s][info][gc] GC(3735) Pause Young (Allocation Failure) 991M->210M(1012M) 2.016ms
[640.033s][info][gc] GC(3736) Pause Young (Allocation Failure) 964M->216M(981M) 2.031ms
[640.280s][info][gc] GC(3737) Pause Young (Allocation Failure) 939M->221M(951M) 2.381ms
[640.511s][info][gc] GC(3738) Pause Young (Allocation Failure) 915M->227M(1050M) 1.878ms
[640.770s][info][gc] GC(3739) Pause Young (Allocation Failure) 1020M->233M(1164M) 2.063ms
[641.073s][info][gc] GC(3740) Pause Young (Allocation Failure) 1140M->240M(1294M) 2.165ms
[641.434s][info][gc] GC(3741) Pause Young (Allocation Failure) 1276M->245M(1248M) 2.303ms
[641.879s][info][gc] GC(3742) Pause Young (Allocation Failure) 1236M->257M(1209M) 2.420ms
[642.195s][info][gc] GC(3743) Pause Full (Ergonomics) 1205M->56M(1126M) 11.954ms
[642.496s][info][gc] GC(3744) Pause Young (Allocation Failure) 964M->69M(1100M) 1.898ms
[642.779s][info][gc] GC(3745) Pause Young (Allocation Failure) 938M->74M(1061M) 1.931ms
[643.058s][info][gc] GC(3746) Pause Young (Allocation Failure) 906M->82M(1027M) 1.922ms
[643.452s][info][gc] GC(3747) Pause Young (Allocation Failure) 879M->88M(994M) 2.081ms
[643.707s][info][gc] GC(3748) Pause Young (Allocation Failure) 852M->94M(962M) 1.860ms
[643.947s][info][gc] GC(3749) Pause Young (Allocation Failure) 827M->100M(931M) 1.802ms
[644.180s][info][gc] GC(3750) Pause Young (Allocation Failure) 802M->105M(902M) 1.688ms
[644.406s][info][gc] GC(3751) Pause Young (Allocation Failure) 779M->110M(875M) 1.840ms
[644.619s][info][gc] GC(3752) Pause Young (Allocation Failure) 757M->115M(849M) 1.768ms
[644.834s][info][gc] GC(3753) Pause Young (Allocation Failure) 736M->120M(824M) 1.642ms
[645.038s][info][gc] GC(3754) Pause Young (Allocation Failure) 716M->124M(800M) 1.484ms
[645.368s][info][gc] GC(3755) Pause Young (Allocation Failure) 697M->135M(783M) 2.426ms
[645.534s][info][gc] GC(3756) Pause Young (Allocation Failure) 685M->139M(860M) 2.170ms
[645.736s][info][gc] GC(3757) Pause Young (Allocation Failure) 774M->145M(963M) 1.805ms
[645.954s][info][gc] GC(3758) Pause Young (Allocation Failure) 879M->149M(1075M) 1.806ms
[646.220s][info][gc] GC(3759) Pause Young (Allocation Failure) 996M->156M(1205M) 2.002ms
[646.532s][info][gc] GC(3760) Pause Young (Allocation Failure) 1132M->165M(1356M) 2.297ms
[646.884s][info][gc] GC(3761) Pause Young (Allocation Failure) 1289M->173M(1413M) 2.517ms
[647.261s][info][gc] GC(3762) Pause Young (Allocation Failure) 1350M->182M(1530M) 2.988ms
[647.670s][info][gc] GC(3763) Pause Young (Allocation Failure) 1475M->192M(1530M) 3.339ms
[648.067s][info][gc] GC(3764) Pause Young (Allocation Failure) 1486M->202M(1725M) 3.174ms
[648.537s][info][gc] GC(3765) Pause Young (Allocation Failure) 1690M->214M(1726M) 4.039ms
[648.994s][info][gc] GC(3766) Pause Young (Allocation Failure) 1703M->225M(1732M) 3.370ms
[649.484s][info][gc] GC(3767) Pause Full (Ergonomics) 1719M->133M(1821M) 34.272ms
[649.955s][info][gc] GC(3768) Pause Young (Allocation Failure) 1627M->149M(1750M) 2.529ms
[650.414s][info][gc] GC(3769) Pause Young (Allocation Failure) 1576M->161M(1686M) 3.077ms
[650.834s][info][gc] GC(3770) Pause Young (Allocation Failure) 1524M->172M(1618M) 3.019ms
[651.271s][info][gc] GC(3771) Pause Young (Allocation Failure) 1474M->182M(1567M) 3.494ms
[651.695s][info][gc] GC(3772) Pause Young (Allocation Failure) 1427M->191M(1512M) 2.865ms
[652.140s][info][gc] GC(3773) Pause Young (Allocation Failure) 1381M->201M(1460M) 2.873ms
[652.570s][info][gc] GC(3774) Pause Young (Allocation Failure) 1339M->210M(1408M) 2.723ms
[652.986s][info][gc] GC(3775) Pause Young (Allocation Failure) 1298M->219M(1361M) 2.519ms
[653.383s][info][gc] GC(3776) Pause Young (Allocation Failure) 1260M->227M(1316M) 2.645ms
[653.758s][info][gc] GC(3777) Pause Young (Allocation Failure) 1223M->235M(1272M) 2.392ms
[654.106s][info][gc] GC(3778) Pause Young (Allocation Failure) 1188M->242M(1232M) 2.396ms
[654.439s][info][gc] GC(3779) Pause Young (Allocation Failure) 1155M->249M(1193M) 2.259ms
[654.788s][info][gc] GC(3780) Pause Young (Allocation Failure) 1124M->255M(1156M) 2.583ms
[655.104s][info][gc] GC(3781) Pause Young (Allocation Failure) 1093M->261M(1273M) 2.722ms
[655.468s][info][gc] GC(3782) Pause Young (Allocation Failure) 1217M->270M(1407M) 2.495ms
[655.891s][info][gc] GC(3783) Pause Young (Allocation Failure) 1358M->278M(1361M) 3.420ms
[656.277s][info][gc] GC(3784) Pause Young (Allocation Failure) 1319M->285M(1315M) 2.568ms
[656.657s][info][gc] GC(3785) Pause Young (Allocation Failure) 1281M->293M(1273M) 2.587ms
[657.004s][info][gc] GC(3786) Pause Young (Allocation Failure) 1247M->300M(1232M) 2.492ms
[657.332s][info][gc] GC(3787) Pause Young (Allocation Failure) 1214M->307M(1358M) 2.500ms
[657.773s][info][gc] GC(3788) Pause Full (Ergonomics) 1347M->184M(1544M) 46.787ms
[658.278s][info][gc] GC(3789) Pause Young (Allocation Failure) 1361M->198M(1511M) 2.017ms
[658.845s][info][gc] GC(3790) Pause Young (Allocation Failure) 1323M->207M(1456M) 2.638ms
[659.374s][info][gc] GC(3791) Pause Young (Allocation Failure) 1284M->215M(1410M) 2.660ms
[659.891s][info][gc] GC(3792) Pause Young (Allocation Failure) 1246M->223M(1365M) 2.238ms
[660.391s][info][gc] GC(3793) Pause Young (Allocation Failure) 1210M->230M(1322M) 2.263ms
[660.853s][info][gc] GC(3794) Pause Young (Allocation Failure) 1175M->238M(1282M) 2.112ms
[661.298s][info][gc] GC(3795) Pause Young (Allocation Failure) 1143M->245M(1244M) 2.097ms
[661.721s][info][gc] GC(3796) Pause Young (Allocation Failure) 1112M->251M(1207M) 2.008ms
[662.135s][info][gc] GC(3797) Pause Young (Allocation Failure) 1082M->258M(1173M) 1.975ms
[662.529s][info][gc] GC(3798) Pause Young (Allocation Failure) 1055M->264M(1141M) 1.949ms
[662.907s][info][gc] GC(3799) Pause Young (Allocation Failure) 1028M->270M(1109M) 1.794ms
[663.258s][info][gc] GC(3800) Pause Young (Allocation Failure) 1003M->276M(1080M) 1.738ms
[663.840s][info][gc] GC(3801) Pause Young (Allocation Failure) 980M->280M(1050M) 1.724ms
[664.489s][info][gc] GC(3802) Pause Young (Allocation Failure) 956M->285M(1023M) 1.574ms
[665.118s][info][gc] GC(3803) Pause Young (Allocation Failure) 934M->290M(998M) 1.529ms
[665.714s][info][gc] GC(3804) Pause Young (Allocation Failure) 914M->294M(973M) 1.464ms
[666.282s][info][gc] GC(3805) Pause Young (Allocation Failure) 894M->299M(955M) 1.484ms
[666.848s][info][gc] GC(3806) Pause Young (Allocation Failure) 876M->304M(937M) 1.561ms
[667.380s][info][gc] GC(3807) Pause Young (Allocation Failure) 859M->308M(911M) 2.789ms
[667.897s][info][gc] GC(3808) Pause Young (Allocation Failure) 842M->312M(891M) 1.676ms
[668.501s][info][gc] GC(3809) Pause Young (Allocation Failure) 826M->317M(870M) 2.031ms
[669.436s][info][gc] GC(3810) Pause Young (Allocation Failure) 812M->320M(856M) 1.450ms
[670.352s][info][gc] GC(3811) Pause Young (Allocation Failure) 797M->324M(842M) 2.451ms
[671.211s][info][gc] GC(3812) Pause Young (Allocation Failure) 784M->328M(817M) 2.746ms
[672.046s][info][gc] GC(3813) Pause Young (Allocation Failure) 771M->331M(800M) 1.995ms
[672.861s][info][gc] GC(3814) Pause Young (Allocation Failure) 759M->335M(788M) 1.489ms
[673.635s][info][gc] GC(3815) Pause Young (Allocation Failure) 747M->338M(777M) 1.297ms
[674.378s][info][gc] GC(3816) Pause Young (Allocation Failure) 736M->340M(766M) 1.575ms
[675.130s][info][gc] GC(3817) Pause Young (Allocation Failure) 725M->344M(756M) 1.541ms
[675.833s][info][gc] GC(3818) Pause Young (Allocation Failure) 715M->347M(735M) 3.314ms
[676.508s][info][gc] GC(3819) Pause Young (Allocation Failure) 706M->350M(725M) 1.463ms
[677.156s][info][gc] GC(3820) Pause Young (Allocation Failure) 697M->352M(717M) 1.387ms
[677.795s][info][gc] GC(3821) Pause Young (Allocation Failure) 688M->355M(708M) 1.514ms
[678.451s][info][gc] GC(3822) Pause Young (Allocation Failure) 680M->358M(696M) 2.112ms
[679.053s][info][gc] GC(3823) Pause Young (Allocation Failure) 672M->361M(685M) 1.954ms
[679.630s][info][gc] GC(3824) Pause Young (Allocation Failure) 665M->363M(677M) 1.464ms
[680.202s][info][gc] GC(3825) Pause Young (Allocation Failure) 658M->365M(670M) 1.543ms
[680.744s][info][gc] GC(3826) Pause Young (Allocation Failure) 651M->367M(657M) 2.181ms
[681.267s][info][gc] GC(3827) Pause Young (Allocation Failure) 644M->370M(649M) 1.530ms
[681.772s][info][gc] GC(3828) Pause Young (Allocation Failure) 638M->371M(643M) 1.395ms
[682.267s][info][gc] GC(3829) Pause Young (Allocation Failure) 632M->373M(637M) 2.348ms
[682.748s][info][gc] GC(3830) Pause Young (Allocation Failure) 626M->376M(627M) 1.983ms
[683.232s][info][gc] GC(3831) Pause Full (Ergonomics) 621M->42M(459M) 12.140ms
[683.699s][info][gc] GC(3832) Pause Young (Allocation Failure) 281M->45M(455M) 0.745ms
[684.132s][info][gc] GC(3833) Pause Young (Allocation Failure) 277M->47M(450M) 0.690ms
[684.560s][info][gc] GC(3834) Pause Young (Allocation Failure) 272M->48M(445M) 0.841ms
[684.991s][info][gc] GC(3835) Pause Young (Allocation Failure) 267M->50M(441M) 0.857ms
[685.391s][info][gc] GC(3836) Pause Young (Allocation Failure) 263M->52M(437M) 0.858ms
[685.790s][info][gc] GC(3837) Pause Young (Allocation Failure) 259M->53M(433M) 0.859ms
[686.175s][info][gc] GC(3838) Pause Young (Allocation Failure) 255M->55M(429M) 1.061ms
[686.536s][info][gc] GC(3839) Pause Young (Allocation Failure) 251M->57M(426M) 1.090ms
[686.905s][info][gc] GC(3840) Pause Young (Allocation Failure) 248M->58M(423M) 1.074ms
[687.258s][info][gc] GC(3841) Pause Young (Allocation Failure) 245M->59M(419M) 1.955ms
[687.607s][info][gc] GC(3842) Pause Young (Allocation Failure) 241M->61M(410M) 1.277ms
[687.941s][info][gc] GC(3843) Pause Young (Allocation Failure) 238M->62M(407M) 1.015ms
[688.276s][info][gc] GC(3844) Pause Young (Allocation Failure) 235M->63M(404M) 1.181ms
[688.641s][info][gc] GC(3845) Pause Young (Allocation Failure) 232M->66M(403M) 1.585ms
[688.944s][info][gc] GC(3846) Pause Young (Allocation Failure) 231M->67M(395M) 1.473ms
[689.247s][info][gc] GC(3847) Pause Young (Allocation Failure) 228M->68M(393M) 1.192ms
[689.560s][info][gc] GC(3848) Pause Young (Allocation Failure) 226M->70M(389M) 1.271ms
[689.849s][info][gc] GC(3849) Pause Young (Allocation Failure) 224M->70M(384M) 1.438ms
[690.149s][info][gc] GC(3850) Pause Young (Allocation Failure) 221M->72M(379M) 1.250ms
[690.415s][info][gc] GC(3851) Pause Young (Allocation Failure) 219M->73M(374M) 1.109ms
[690.689s][info][gc] GC(3852) Pause Young (Allocation Failure) 217M->74M(369M) 1.057ms
[690.956s][info][gc] GC(3853) Pause Young (Allocation Failure) 215M->75M(366M) 1.396ms
[691.209s][info][gc] GC(3854) Pause Young (Allocation Failure) 213M->76M(361M) 0.815ms
[691.474s][info][gc] GC(3855) Pause Young (Allocation Failure) 211M->77M(357M) 0.725ms
[691.728s][info][gc] GC(3856) Pause Young (Allocation Failure) 209M->78M(353M) 0.733ms
[691.970s][info][gc] GC(3857) Pause Young (Allocation Failure) 208M->79M(351M) 0.670ms
[692.209s][info][gc] GC(3858) Pause Young (Allocation Failure) 206M->80M(348M) 0.613ms
[692.446s][info][gc] GC(3859) Pause Young (Allocation Failure) 205M->81M(346M) 0.603ms
[692.672s][info][gc] GC(3860) Pause Young (Allocation Failure) 203M->83M(344M) 0.678ms
[692.894s][info][gc] GC(3861) Pause Young (Allocation Failure) 202M->83M(343M) 0.673ms
[693.124s][info][gc] GC(3862) Pause Young (Allocation Failure) 201M->84M(341M) 1.154ms
[693.337s][info][gc] GC(3863) Pause Young (Allocation Failure) 200M->85M(339M) 0.718ms
[693.558s][info][gc] GC(3864) Pause Young (Allocation Failure) 199M->86M(337M) 0.643ms
[693.765s][info][gc] GC(3865) Pause Young (Allocation Failure) 197M->87M(335M) 0.648ms
[693.968s][info][gc] GC(3866) Pause Young (Allocation Failure) 196M->88M(333M) 0.676ms
[694.177s][info][gc] GC(3867) Pause Young (Allocation Failure) 195M->89M(331M) 0.599ms
[694.379s][info][gc] GC(3868) Pause Young (Allocation Failure) 194M->89M(329M) 0.688ms
[694.576s][info][gc] GC(3869) Pause Young (Allocation Failure) 193M->90M(327M) 0.647ms
[694.769s][info][gc] GC(3870) Pause Young (Allocation Failure) 192M->91M(325M) 0.664ms
[694.966s][info][gc] GC(3871) Pause Young (Allocation Failure) 192M->92M(324M) 0.706ms
[695.158s][info][gc] GC(3872) Pause Young (Allocation Failure) 191M->93M(322M) 0.767ms
[695.337s][info][gc] GC(3873) Pause Young (Allocation Failure) 190M->93M(321M) 0.611ms
[695.521s][info][gc] GC(3874) Pause Young (Allocation Failure) 189M->94M(319M) 0.645ms
[695.703s][info][gc] GC(3875) Pause Young (Allocation Failure) 188M->94M(317M) 0.623ms
[695.879s][info][gc] GC(3876) Pause Young (Allocation Failure) 187M->96M(316M) 1.111ms
[696.062s][info][gc] GC(3877) Pause Young (Allocation Failure) 187M->96M(314M) 0.654ms
[696.237s][info][gc] GC(3878) Pause Young (Allocation Failure) 186M->97M(311M) 0.590ms
[696.392s][info][gc] GC(3879) Pause Young (Allocation Failure) 186M->97M(309M) 0.438ms
[696.561s][info][gc] GC(3880) Pause Young (Allocation Failure) 184M->98M(309M) 0.681ms
[696.725s][info][gc] GC(3881) Pause Young (Allocation Failure) 184M->99M(308M) 0.482ms
[696.883s][info][gc] GC(3882) Pause Young (Allocation Failure) 184M->100M(307M) 0.547ms
[697.045s][info][gc] GC(3883) Pause Young (Allocation Failure) 184M->101M(306M) 0.531ms
[697.193s][info][gc] GC(3884) Pause Young (Allocation Failure) 184M->101M(305M) 0.663ms
[697.355s][info][gc] GC(3885) Pause Young (Allocation Failure) 183M->102M(303M) 0.510ms
[697.516s][info][gc] GC(3886) Pause Young (Allocation Failure) 183M->103M(302M) 0.537ms
[697.652s][info][gc] GC(3887) Pause Young (Allocation Failure) 183M->103M(301M) 0.491ms
[697.803s][info][gc] GC(3888) Pause Young (Allocation Failure) 182M->104M(300M) 0.500ms
[697.948s][info][gc] GC(3889) Pause Young (Allocation Failure) 182M->104M(299M) 0.470ms
[698.097s][info][gc] GC(3890) Pause Young (Allocation Failure) 181M->105M(298M) 0.503ms
[698.231s][info][gc] GC(3891) Pause Young (Allocation Failure) 181M->106M(297M) 0.503ms
[698.373s][info][gc] GC(3892) Pause Young (Allocation Failure) 181M->106M(296M) 0.447ms
[698.551s][info][gc] GC(3893) Pause Young (Allocation Failure) 180M->108M(296M) 0.630ms
[698.701s][info][gc] GC(3894) Pause Young (Allocation Failure) 181M->108M(295M) 0.587ms
[698.835s][info][gc] GC(3895) Pause Young (Allocation Failure) 180M->109M(292M) 0.937ms
[698.979s][info][gc] GC(3896) Pause Young (Allocation Failure) 180M->109M(291M) 0.448ms
[699.107s][info][gc] GC(3897) Pause Young (Allocation Failure) 179M->110M(290M) 0.437ms
[699.231s][info][gc] GC(3898) Pause Young (Allocation Failure) 179M->110M(289M) 0.479ms
[699.361s][info][gc] GC(3899) Pause Young (Allocation Failure) 178M->110M(288M) 0.397ms
[699.486s][info][gc] GC(3900) Pause Young (Allocation Failure) 178M->112M(288M) 0.500ms
[699.616s][info][gc] GC(3901) Pause Young (Allocation Failure) 179M->112M(288M) 0.468ms
[699.739s][info][gc] GC(3902) Pause Young (Allocation Failure) 179M->113M(287M) 0.499ms
[699.876s][info][gc] GC(3903) Pause Young (Allocation Failure) 179M->113M(287M) 0.516ms
[699.999s][info][gc] GC(3904) Pause Young (Allocation Failure) 179M->113M(286M) 0.488ms
[700.136s][info][gc] GC(3905) Pause Young (Allocation Failure) 178M->114M(286M) 0.533ms
[700.261s][info][gc] GC(3906) Pause Young (Allocation Failure) 179M->115M(285M) 0.613ms
[700.396s][info][gc] GC(3907) Pause Young (Allocation Failure) 179M->115M(285M) 0.410ms
[700.509s][info][gc] GC(3908) Pause Young (Allocation Failure) 179M->116M(284M) 0.413ms
[700.631s][info][gc] GC(3909) Pause Young (Allocation Failure) 179M->116M(284M) 0.443ms
[700.749s][info][gc] GC(3910) Pause Young (Allocation Failure) 179M->117M(283M) 0.497ms
[700.858s][info][gc] GC(3911) Pause Young (Allocation Failure) 179M->117M(282M) 0.355ms
[700.985s][info][gc] GC(3912) Pause Young (Allocation Failure) 178M->118M(282M) 0.439ms
[701.097s][info][gc] GC(3913) Pause Young (Allocation Failure) 179M->118M(282M) 0.461ms
[701.216s][info][gc] GC(3914) Pause Young (Allocation Failure) 179M->119M(281M) 0.461ms
[701.328s][info][gc] GC(3915) Pause Young (Allocation Failure) 179M->119M(281M) 0.480ms
[701.441s][info][gc] GC(3916) Pause Young (Allocation Failure) 179M->120M(280M) 0.479ms
[701.550s][info][gc] GC(3917) Pause Young (Allocation Failure) 179M->120M(280M) 0.461ms
[701.669s][info][gc] GC(3918) Pause Young (Allocation Failure) 179M->121M(279M) 0.430ms
[701.783s][info][gc] GC(3919) Pause Young (Allocation Failure) 179M->121M(279M) 0.438ms
[701.886s][info][gc] GC(3920) Pause Young (Allocation Failure) 179M->122M(278M) 0.465ms
[701.989s][info][gc] GC(3921) Pause Young (Allocation Failure) 179M->122M(278M) 0.406ms
[702.095s][info][gc] GC(3922) Pause Young (Allocation Failure) 179M->123M(277M) 0.406ms
[702.200s][info][gc] GC(3923) Pause Young (Allocation Failure) 179M->123M(277M) 0.451ms
[702.305s][info][gc] GC(3924) Pause Young (Allocation Failure) 179M->123M(276M) 0.454ms
[702.412s][info][gc] GC(3925) Pause Young (Allocation Failure) 178M->124M(276M) 0.426ms
[702.512s][info][gc] GC(3926) Pause Young (Allocation Failure) 179M->124M(275M) 0.462ms
[702.615s][info][gc] GC(3927) Pause Young (Allocation Failure) 178M->125M(275M) 0.459ms
[702.713s][info][gc] GC(3928) Pause Young (Allocation Failure) 178M->125M(274M) 0.533ms
[702.811s][info][gc] GC(3929) Pause Young (Allocation Failure) 178M->126M(274M) 0.437ms
[702.910s][info][gc] GC(3930) Pause Young (Allocation Failure) 178M->126M(273M) 0.423ms
[703.007s][info][gc] GC(3931) Pause Young (Allocation Failure) 178M->127M(273M) 0.389ms
[703.098s][info][gc] GC(3932) Pause Young (Allocation Failure) 178M->127M(272M) 0.440ms
[703.199s][info][gc] GC(3933) Pause Young (Allocation Failure) 178M->127M(272M) 0.432ms
[703.294s][info][gc] GC(3934) Pause Young (Allocation Failure) 178M->128M(271M) 0.410ms
[703.393s][info][gc] GC(3935) Pause Young (Allocation Failure) 178M->128M(271M) 0.410ms
[703.485s][info][gc] GC(3936) Pause Young (Allocation Failure) 178M->129M(270M) 0.387ms
[703.585s][info][gc] GC(3937) Pause Young (Allocation Failure) 178M->129M(270M) 0.413ms
[703.679s][info][gc] GC(3938) Pause Young (Allocation Failure) 178M->129M(269M) 0.487ms
[703.763s][info][gc] GC(3939) Pause Young (Allocation Failure) 177M->130M(269M) 0.506ms
[703.862s][info][gc] GC(3940) Pause Young (Allocation Failure) 177M->130M(268M) 0.468ms
[703.939s][info][gc] GC(3941) Pause Young (Allocation Failure) 177M->130M(267M) 0.438ms
[704.030s][info][gc] GC(3942) Pause Young (Allocation Failure) 177M->131M(267M) 0.479ms
[704.118s][info][gc] GC(3943) Pause Young (Allocation Failure) 177M->131M(267M) 0.450ms
[704.208s][info][gc] GC(3944) Pause Young (Allocation Failure) 177M->132M(267M) 0.423ms
[704.293s][info][gc] GC(3945) Pause Young (Allocation Failure) 178M->132M(267M) 0.445ms
[704.387s][info][gc] GC(3946) Pause Young (Allocation Failure) 178M->132M(267M) 0.447ms
[704.477s][info][gc] GC(3947) Pause Young (Allocation Failure) 178M->133M(267M) 0.436ms
[704.570s][info][gc] GC(3948) Pause Young (Allocation Failure) 179M->133M(267M) 0.452ms
[704.657s][info][gc] GC(3949) Pause Young (Allocation Failure) 179M->134M(267M) 0.482ms
[704.739s][info][gc] GC(3950) Pause Young (Allocation Failure) 180M->134M(267M) 0.468ms
[704.829s][info][gc] GC(3951) Pause Young (Allocation Failure) 180M->134M(267M) 0.496ms
[704.921s][info][gc] GC(3952) Pause Young (Allocation Failure) 180M->135M(267M) 0.465ms
[705.009s][info][gc] GC(3953) Pause Young (Allocation Failure) 181M->135M(267M) 0.519ms
[705.098s][info][gc] GC(3954) Pause Young (Allocation Failure) 181M->136M(267M) 0.427ms
[705.183s][info][gc] GC(3955) Pause Young (Allocation Failure) 182M->136M(267M) 0.768ms
[705.280s][info][gc] GC(3956) Pause Young (Allocation Failure) 182M->137M(267M) 0.448ms
[705.366s][info][gc] GC(3957) Pause Young (Allocation Failure) 183M->137M(267M) 0.444ms
[705.455s][info][gc] GC(3958) Pause Young (Allocation Failure) 183M->138M(267M) 0.429ms
[705.527s][info][gc] GC(3959) Pause Young (Allocation Failure) 184M->137M(267M) 0.426ms
[705.619s][info][gc] GC(3960) Pause Young (Allocation Failure) 183M->138M(267M) 0.497ms
[705.706s][info][gc] GC(3961) Pause Young (Allocation Failure) 184M->139M(267M) 0.464ms
[705.802s][info][gc] GC(3962) Pause Young (Allocation Failure) 185M->139M(267M) 0.446ms
[705.888s][info][gc] GC(3963) Pause Young (Allocation Failure) 185M->139M(267M) 0.459ms
[705.976s][info][gc] GC(3964) Pause Young (Allocation Failure) 185M->140M(267M) 0.438ms
[706.065s][info][gc] GC(3965) Pause Young (Allocation Failure) 186M->140M(267M) 0.401ms
[706.150s][info][gc] GC(3966) Pause Young (Allocation Failure) 186M->140M(267M) 0.411ms
[706.239s][info][gc] GC(3967) Pause Young (Allocation Failure) 186M->141M(267M) 0.509ms
[706.324s][info][gc] GC(3968) Pause Young (Allocation Failure) 187M->141M(267M) 0.395ms
[706.411s][info][gc] GC(3969) Pause Young (Allocation Failure) 187M->141M(267M) 0.498ms
[706.502s][info][gc] GC(3970) Pause Young (Allocation Failure) 187M->142M(267M) 0.471ms
[706.592s][info][gc] GC(3971) Pause Young (Allocation Failure) 188M->143M(267M) 0.458ms
[706.676s][info][gc] GC(3972) Pause Young (Allocation Failure) 189M->143M(267M) 0.419ms
[706.764s][info][gc] GC(3973) Pause Young (Allocation Failure) 189M->143M(267M) 0.471ms
[706.853s][info][gc] GC(3974) Pause Young (Allocation Failure) 189M->144M(267M) 0.449ms
[706.950s][info][gc] GC(3975) Pause Young (Allocation Failure) 190M->144M(267M) 0.446ms
[707.023s][info][gc] GC(3976) Pause Young (Allocation Failure) 190M->144M(267M) 0.407ms
[707.115s][info][gc] GC(3977) Pause Young (Allocation Failure) 190M->145M(267M) 0.429ms
[707.201s][info][gc] GC(3978) Pause Young (Allocation Failure) 191M->146M(267M) 0.456ms
[707.296s][info][gc] GC(3979) Pause Young (Allocation Failure) 192M->146M(267M) 0.469ms
[707.383s][info][gc] GC(3980) Pause Young (Allocation Failure) 192M->146M(267M) 0.433ms
[707.469s][info][gc] GC(3981) Pause Young (Allocation Failure) 192M->147M(267M) 0.431ms
[707.555s][info][gc] GC(3982) Pause Young (Allocation Failure) 193M->147M(267M) 0.432ms
[707.647s][info][gc] GC(3983) Pause Young (Allocation Failure) 193M->148M(267M) 0.460ms
[707.721s][info][gc] GC(3984) Pause Young (Allocation Failure) 194M->147M(267M) 0.386ms
[707.808s][info][gc] GC(3985) Pause Young (Allocation Failure) 193M->148M(267M) 0.425ms
[707.896s][info][gc] GC(3986) Pause Young (Allocation Failure) 194M->149M(267M) 0.460ms
[707.983s][info][gc] GC(3987) Pause Young (Allocation Failure) 195M->149M(267M) 0.456ms
[708.078s][info][gc] GC(3988) Pause Young (Allocation Failure) 195M->150M(267M) 0.373ms
[708.161s][info][gc] GC(3989) Pause Young (Allocation Failure) 196M->150M(267M) 0.499ms
[708.251s][info][gc] GC(3990) Pause Young (Allocation Failure) 196M->150M(267M) 0.454ms
[708.340s][info][gc] GC(3991) Pause Young (Allocation Failure) 196M->151M(267M) 0.441ms
[708.427s][info][gc] GC(3992) Pause Young (Allocation Failure) 197M->150M(267M) 0.359ms
[708.551s][info][gc] GC(3993) Pause Young (Allocation Failure) 196M->152M(268M) 0.489ms
[708.640s][info][gc] GC(3994) Pause Young (Allocation Failure) 198M->153M(267M) 0.763ms
[708.731s][info][gc] GC(3995) Pause Young (Allocation Failure) 199M->153M(267M) 0.571ms
[708.819s][info][gc] GC(3996) Pause Young (Allocation Failure) 199M->153M(267M) 0.440ms
[708.912s][info][gc] GC(3997) Pause Young (Allocation Failure) 199M->154M(267M) 0.529ms
[709.003s][info][gc] GC(3998) Pause Young (Allocation Failure) 200M->154M(267M) 0.421ms
[709.079s][info][gc] GC(3999) Pause Young (Allocation Failure) 200M->154M(267M) 0.491ms
[709.170s][info][gc] GC(4000) Pause Young (Allocation Failure) 200M->155M(267M) 0.429ms
[709.265s][info][gc] GC(4001) Pause Young (Allocation Failure) 201M->156M(267M) 0.534ms
[709.350s][info][gc] GC(4002) Pause Young (Allocation Failure) 202M->156M(267M) 0.494ms
[709.440s][info][gc] GC(4003) Pause Young (Allocation Failure) 202M->156M(267M) 0.422ms
[709.530s][info][gc] GC(4004) Pause Young (Allocation Failure) 202M->157M(267M) 0.452ms
[709.623s][info][gc] GC(4005) Pause Young (Allocation Failure) 203M->157M(267M) 0.567ms
[709.708s][info][gc] GC(4006) Pause Young (Allocation Failure) 203M->157M(267M) 0.458ms
[709.790s][info][gc] GC(4007) Pause Young (Allocation Failure) 203M->157M(267M) 0.401ms
[709.880s][info][gc] GC(4008) Pause Young (Allocation Failure) 203M->158M(267M) 0.454ms
[709.969s][info][gc] GC(4009) Pause Young (Allocation Failure) 204M->159M(267M) 0.505ms
[710.056s][info][gc] GC(4010) Pause Young (Allocation Failure) 205M->159M(267M) 0.652ms
[710.147s][info][gc] GC(4011) Pause Young (Allocation Failure) 205M->159M(267M) 0.446ms
[710.240s][info][gc] GC(4012) Pause Young (Allocation Failure) 205M->160M(267M) 0.486ms
[710.324s][info][gc] GC(4013) Pause Young (Allocation Failure) 206M->160M(267M) 0.481ms
[710.419s][info][gc] GC(4014) Pause Young (Allocation Failure) 206M->160M(267M) 0.433ms
[710.495s][info][gc] GC(4015) Pause Young (Allocation Failure) 206M->161M(267M) 0.507ms
[710.586s][info][gc] GC(4016) Pause Young (Allocation Failure) 207M->162M(267M) 0.492ms
[710.681s][info][gc] GC(4017) Pause Young (Allocation Failure) 208M->162M(267M) 0.511ms
[710.778s][info][gc] GC(4018) Pause Young (Allocation Failure) 208M->162M(267M) 0.470ms
[710.865s][info][gc] GC(4019) Pause Young (Allocation Failure) 208M->163M(267M) 0.485ms
[710.956s][info][gc] GC(4020) Pause Young (Allocation Failure) 209M->163M(266M) 0.535ms
[711.038s][info][gc] GC(4021) Pause Young (Allocation Failure) 209M->164M(268M) 0.492ms
[711.128s][info][gc] GC(4022) Pause Young (Allocation Failure) 210M->165M(267M) 0.501ms
[711.217s][info][gc] GC(4023) Pause Young (Allocation Failure) 211M->165M(267M) 0.463ms
[711.293s][info][gc] GC(4024) Pause Young (Allocation Failure) 211M->165M(267M) 0.516ms
[711.382s][info][gc] GC(4025) Pause Young (Allocation Failure) 211M->166M(267M) 0.429ms
[711.469s][info][gc] GC(4026) Pause Young (Allocation Failure) 212M->167M(267M) 0.440ms
[711.559s][info][gc] GC(4027) Pause Young (Allocation Failure) 213M->167M(267M) 0.438ms
[711.645s][info][gc] GC(4028) Pause Young (Allocation Failure) 213M->167M(267M) 0.474ms
[711.732s][info][gc] GC(4029) Pause Young (Allocation Failure) 213M->168M(267M) 0.455ms
[711.826s][info][gc] GC(4030) Pause Young (Allocation Failure) 214M->168M(267M) 0.496ms
[711.919s][info][gc] GC(4031) Pause Young (Allocation Failure) 214M->169M(267M) 0.458ms
[711.992s][info][gc] GC(4032) Pause Young (Allocation Failure) 215M->169M(267M) 0.440ms
[712.082s][info][gc] GC(4033) Pause Young (Allocation Failure) 215M->170M(267M) 0.501ms
[712.173s][info][gc] GC(4034) Pause Young (Allocation Failure) 216M->170M(267M) 0.503ms
[712.260s][info][gc] GC(4035) Pause Young (Allocation Failure) 216M->170M(267M) 0.475ms
[712.345s][info][gc] GC(4036) Pause Young (Allocation Failure) 216M->171M(267M) 0.443ms
[712.430s][info][gc] GC(4037) Pause Young (Allocation Failure) 217M->171M(267M) 0.438ms
[712.518s][info][gc] GC(4038) Pause Young (Allocation Failure) 217M->172M(267M) 0.432ms
[712.602s][info][gc] GC(4039) Pause Young (Allocation Failure) 218M->172M(267M) 0.457ms
[712.691s][info][gc] GC(4040) Pause Young (Allocation Failure) 218M->172M(267M) 0.509ms
[712.773s][info][gc] GC(4041) Pause Young (Allocation Failure) 218M->173M(267M) 0.418ms
[712.865s][info][gc] GC(4042) Pause Young (Allocation Failure) 219M->173M(267M) 0.483ms
[712.955s][info][gc] GC(4043) Pause Young (Allocation Failure) 219M->174M(267M) 0.503ms
[713.041s][info][gc] GC(4044) Pause Young (Allocation Failure) 220M->175M(267M) 0.435ms
[713.124s][info][gc] GC(4045) Pause Young (Allocation Failure) 221M->175M(267M) 0.447ms
[713.214s][info][gc] GC(4046) Pause Young (Allocation Failure) 221M->175M(267M) 0.472ms
[713.299s][info][gc] GC(4047) Pause Young (Allocation Failure) 221M->176M(267M) 0.493ms
[713.393s][info][gc] GC(4048) Pause Young (Allocation Failure) 222M->176M(267M) 0.551ms
[713.471s][info][gc] GC(4049) Pause Young (Allocation Failure) 222M->177M(267M) 0.521ms
[713.566s][info][gc] GC(4050) Pause Young (Allocation Failure) 223M->177M(267M) 0.454ms
[713.653s][info][gc] GC(4051) Pause Young (Allocation Failure) 223M->178M(267M) 0.460ms
[713.741s][info][gc] GC(4052) Pause Young (Allocation Failure) 224M->178M(267M) 0.438ms
[713.829s][info][gc] GC(4053) Pause Young (Allocation Failure) 224M->179M(267M) 0.480ms
[713.913s][info][gc] GC(4054) Pause Young (Allocation Failure) 225M->179M(267M) 0.426ms
[714.000s][info][gc] GC(4055) Pause Young (Allocation Failure) 225M->179M(267M) 0.446ms
[714.087s][info][gc] GC(4056) Pause Young (Allocation Failure) 225M->180M(267M) 0.436ms
[714.161s][info][gc] GC(4057) Pause Young (Allocation Failure) 226M->180M(267M) 0.520ms
[714.257s][info][gc] GC(4058) Pause Young (Allocation Failure) 226M->181M(267M) 0.488ms
[714.348s][info][gc] GC(4059) Pause Young (Allocation Failure) 227M->181M(267M) 0.532ms
[714.434s][info][gc] GC(4060) Pause Young (Allocation Failure) 227M->182M(267M) 0.440ms
[714.521s][info][gc] GC(4061) Pause Young (Allocation Failure) 228M->182M(267M) 0.517ms
[714.615s][info][gc] GC(4062) Pause Young (Allocation Failure) 228M->182M(267M) 0.653ms
[714.708s][info][gc] GC(4063) Pause Young (Allocation Failure) 228M->183M(267M) 0.473ms
[714.797s][info][gc] GC(4064) Pause Young (Allocation Failure) 229M->183M(267M) 0.469ms
[714.883s][info][gc] GC(4065) Pause Young (Allocation Failure) 229M->183M(267M) 0.488ms
[714.963s][info][gc] GC(4066) Pause Young (Allocation Failure) 229M->184M(267M) 0.589ms
[715.053s][info][gc] GC(4067) Pause Young (Allocation Failure) 230M->185M(267M) 0.488ms
[715.144s][info][gc] GC(4068) Pause Young (Allocation Failure) 231M->185M(267M) 0.445ms
[715.236s][info][gc] GC(4069) Pause Young (Allocation Failure) 231M->186M(267M) 0.479ms
[715.321s][info][gc] GC(4070) Pause Young (Allocation Failure) 232M->186M(267M) 0.459ms
[715.412s][info][gc] GC(4071) Pause Young (Allocation Failure) 232M->186M(267M) 0.679ms
[715.497s][info][gc] GC(4072) Pause Young (Allocation Failure) 232M->187M(267M) 0.450ms
[715.582s][info][gc] GC(4073) Pause Young (Allocation Failure) 233M->187M(267M) 0.450ms
[715.662s][info][gc] GC(4074) Pause Young (Allocation Failure) 233M->187M(267M) 0.522ms
[715.754s][info][gc] GC(4075) Pause Young (Allocation Failure) 233M->188M(267M) 0.577ms
[715.838s][info][gc] GC(4076) Pause Young (Allocation Failure) 234M->189M(267M) 0.492ms
[715.930s][info][gc] GC(4077) Pause Young (Allocation Failure) 235M->189M(267M) 0.450ms
[716.013s][info][gc] GC(4078) Pause Young (Allocation Failure) 235M->190M(267M) 0.465ms
[716.104s][info][gc] GC(4079) Pause Young (Allocation Failure) 236M->190M(267M) 0.450ms
[716.191s][info][gc] GC(4080) Pause Young (Allocation Failure) 236M->190M(267M) 0.464ms
[716.276s][info][gc] GC(4081) Pause Young (Allocation Failure) 236M->191M(267M) 0.490ms
[716.353s][info][gc] GC(4082) Pause Young (Allocation Failure) 237M->191M(267M) 0.476ms
[716.439s][info][gc] GC(4083) Pause Young (Allocation Failure) 237M->192M(267M) 0.505ms
[716.534s][info][gc] GC(4084) Pause Young (Allocation Failure) 238M->192M(267M) 0.467ms
[716.623s][info][gc] GC(4085) Pause Young (Allocation Failure) 238M->193M(267M) 0.473ms
[716.706s][info][gc] GC(4086) Pause Young (Allocation Failure) 239M->193M(267M) 0.482ms
[716.798s][info][gc] GC(4087) Pause Young (Allocation Failure) 239M->193M(267M) 0.470ms
[716.884s][info][gc] GC(4088) Pause Young (Allocation Failure) 239M->194M(267M) 0.463ms
[716.976s][info][gc] GC(4089) Pause Young (Allocation Failure) 240M->194M(267M) 0.549ms
[717.067s][info][gc] GC(4090) Pause Young (Allocation Failure) 240M->194M(266M) 0.454ms
[717.147s][info][gc] GC(4091) Pause Young (Allocation Failure) 240M->195M(268M) 0.449ms
[717.241s][info][gc] GC(4092) Pause Young (Allocation Failure) 241M->196M(267M) 0.491ms
[717.331s][info][gc] GC(4093) Pause Young (Allocation Failure) 242M->196M(267M) 0.503ms
[717.419s][info][gc] GC(4094) Pause Young (Allocation Failure) 242M->196M(267M) 0.562ms
[717.508s][info][gc] GC(4095) Pause Young (Allocation Failure) 242M->197M(267M) 0.474ms
[717.592s][info][gc] GC(4096) Pause Young (Allocation Failure) 243M->197M(266M) 0.543ms
[717.686s][info][gc] GC(4097) Pause Young (Allocation Failure) 243M->198M(268M) 0.484ms
[717.771s][info][gc] GC(4098) Pause Young (Allocation Failure) 244M->198M(267M) 0.440ms
[717.866s][info][gc] GC(4099) Pause Young (Allocation Failure) 244M->199M(267M) 0.454ms
[717.941s][info][gc] GC(4100) Pause Young (Allocation Failure) 245M->199M(266M) 0.424ms
[718.032s][info][gc] GC(4101) Pause Young (Allocation Failure) 245M->200M(268M) 0.474ms
[718.121s][info][gc] GC(4102) Pause Young (Allocation Failure) 246M->200M(267M) 0.509ms
[718.210s][info][gc] GC(4103) Pause Young (Allocation Failure) 246M->201M(267M) 0.497ms
[718.298s][info][gc] GC(4104) Pause Young (Allocation Failure) 247M->201M(267M) 0.445ms
[718.388s][info][gc] GC(4105) Pause Young (Allocation Failure) 247M->201M(267M) 0.503ms
[718.515s][info][gc] GC(4106) Pause Young (Allocation Failure) 247M->202M(267M) 0.621ms
[718.594s][info][gc] GC(4107) Pause Young (Allocation Failure) 248M->203M(267M) 0.566ms
[718.685s][info][gc] GC(4108) Pause Young (Allocation Failure) 249M->204M(267M) 0.526ms
[718.770s][info][gc] GC(4109) Pause Young (Allocation Failure) 250M->204M(267M) 0.490ms
[718.865s][info][gc] GC(4110) Pause Young (Allocation Failure) 250M->204M(267M) 0.499ms
[718.952s][info][gc] GC(4111) Pause Young (Allocation Failure) 250M->205M(267M) 0.508ms
[719.044s][info][gc] GC(4112) Pause Young (Allocation Failure) 251M->205M(267M) 0.540ms
[719.132s][info][gc] GC(4113) Pause Young (Allocation Failure) 251M->205M(267M) 0.490ms
[719.216s][info][gc] GC(4114) Pause Young (Allocation Failure) 251M->206M(267M) 0.431ms
[719.308s][info][gc] GC(4115) Pause Young (Allocation Failure) 252M->206M(267M) 0.469ms
[719.387s][info][gc] GC(4116) Pause Young (Allocation Failure) 252M->206M(267M) 0.403ms
[719.476s][info][gc] GC(4117) Pause Young (Allocation Failure) 252M->207M(267M) 0.563ms
[719.571s][info][gc] GC(4118) Pause Young (Allocation Failure) 253M->207M(267M) 0.483ms
[719.659s][info][gc] GC(4119) Pause Young (Allocation Failure) 253M->208M(267M) 0.492ms
[719.748s][info][gc] GC(4120) Pause Young (Allocation Failure) 254M->208M(267M) 0.605ms
[719.836s][info][gc] GC(4121) Pause Young (Allocation Failure) 254M->208M(267M) 0.474ms
[719.923s][info][gc] GC(4122) Pause Young (Allocation Failure) 254M->209M(267M) 0.458ms
[720.019s][info][gc] GC(4123) Pause Young (Allocation Failure) 255M->209M(267M) 0.496ms
[720.096s][info][gc] GC(4124) Pause Young (Allocation Failure) 255M->209M(267M) 0.518ms
[720.189s][info][gc] GC(4125) Pause Young (Allocation Failure) 255M->210M(267M) 0.479ms
[720.275s][info][gc] GC(4126) Pause Young (Allocation Failure) 256M->211M(267M) 0.463ms
[720.365s][info][gc] GC(4127) Pause Young (Allocation Failure) 257M->211M(267M) 0.477ms
[720.452s][info][gc] GC(4128) Pause Young (Allocation Failure) 257M->212M(267M) 0.493ms
[720.541s][info][gc] GC(4129) Pause Young (Allocation Failure) 258M->212M(267M) 0.484ms
[720.631s][info][gc] GC(4130) Pause Young (Allocation Failure) 258M->212M(267M) 0.449ms
[720.717s][info][gc] GC(4131) Pause Young (Allocation Failure) 258M->213M(267M) 0.457ms
[720.798s][info][gc] GC(4132) Pause Young (Allocation Failure) 259M->213M(267M) 0.532ms
[720.890s][info][gc] GC(4133) Pause Young (Allocation Failure) 259M->213M(267M) 0.541ms
[720.984s][info][gc] GC(4134) Pause Young (Allocation Failure) 259M->214M(267M) 0.485ms
[721.077s][info][gc] GC(4135) Pause Young (Allocation Failure) 260M->215M(267M) 0.554ms
[721.167s][info][gc] GC(4136) Pause Young (Allocation Failure) 261M->215M(267M) 0.497ms
[721.259s][info][gc] GC(4137) Pause Young (Allocation Failure) 261M->216M(267M) 0.495ms
[721.343s][info][gc] GC(4138) Pause Young (Allocation Failure) 262M->216M(267M) 0.487ms
[721.434s][info][gc] GC(4139) Pause Young (Allocation Failure) 262M->216M(267M) 0.476ms
[721.522s][info][gc] GC(4140) Pause Young (Allocation Failure) 262M->217M(267M) 0.484ms
[721.611s][info][gc] GC(4141) Pause Young (Allocation Failure) 263M->217M(267M) 0.478ms
[721.690s][info][gc] GC(4142) Pause Young (Allocation Failure) 263M->217M(267M) 0.452ms
[721.778s][info][gc] GC(4143) Pause Young (Allocation Failure) 263M->218M(267M) 0.479ms
[721.868s][info][gc] GC(4144) Pause Young (Allocation Failure) 264M->219M(267M) 0.500ms
[721.957s][info][gc] GC(4145) Pause Young (Allocation Failure) 265M->219M(267M) 0.494ms
[722.043s][info][gc] GC(4146) Pause Young (Allocation Failure) 265M->219M(267M) 0.477ms
[722.130s][info][gc] GC(4147) Pause Young (Allocation Failure) 265M->220M(267M) 0.475ms
[722.216s][info][gc] GC(4148) Pause Young (Allocation Failure) 266M->220M(267M) 0.453ms
[722.312s][info][gc] GC(4149) Pause Young (Allocation Failure) 266M->221M(267M) 0.487ms
[722.398s][info][gc] GC(4150) Pause Full (Ergonomics) 267M->39M(248M) 11.359ms
[722.483s][info][gc] GC(4151) Pause Young (Allocation Failure) 85M->40M(249M) 0.281ms
[722.575s][info][gc] GC(4152) Pause Young (Allocation Failure) 86M->41M(248M) 0.292ms
[722.662s][info][gc] GC(4153) Pause Young (Allocation Failure) 86M->41M(248M) 0.300ms
[722.744s][info][gc] GC(4154) Pause Young (Allocation Failure) 86M->41M(248M) 0.292ms
[722.829s][info][gc] GC(4155) Pause Young (Allocation Failure) 86M->42M(248M) 0.296ms
[722.918s][info][gc] GC(4156) Pause Young (Allocation Failure) 87M->42M(248M) 0.295ms
[722.995s][info][gc] GC(4157) Pause Young (Allocation Failure) 87M->42M(247M) 0.373ms
[723.082s][info][gc] GC(4158) Pause Young (Allocation Failure) 87M->43M(248M) 0.296ms
[723.174s][info][gc] GC(4159) Pause Young (Allocation Failure) 88M->44M(248M) 0.337ms
[723.261s][info][gc] GC(4160) Pause Young (Allocation Failure) 89M->44M(248M) 0.295ms
[723.350s][info][gc] GC(4161) Pause Young (Allocation Failure) 89M->44M(248M) 0.312ms
[723.431s][info][gc] GC(4162) Pause Young (Allocation Failure) 89M->45M(248M) 0.276ms
[723.522s][info][gc] GC(4163) Pause Young (Allocation Failure) 90M->45M(248M) 0.301ms
[723.606s][info][gc] GC(4164) Pause Young (Allocation Failure) 90M->45M(248M) 0.293ms
[723.683s][info][gc] GC(4165) Pause Young (Allocation Failure) 90M->46M(247M) 0.316ms
[723.771s][info][gc] GC(4166) Pause Young (Allocation Failure) 91M->47M(247M) 0.304ms
[723.858s][info][gc] GC(4167) Pause Young (Allocation Failure) 92M->47M(248M) 0.308ms
[723.941s][info][gc] GC(4168) Pause Young (Allocation Failure) 92M->48M(248M) 0.405ms
[724.030s][info][gc] GC(4169) Pause Young (Allocation Failure) 93M->48M(248M) 0.360ms
[724.111s][info][gc] GC(4170) Pause Young (Allocation Failure) 93M->48M(248M) 0.410ms
[724.204s][info][gc] GC(4171) Pause Young (Allocation Failure) 93M->49M(248M) 0.551ms
[724.277s][info][gc] GC(4172) Pause Young (Allocation Failure) 94M->49M(247M) 0.374ms
[724.366s][info][gc] GC(4173) Pause Young (Allocation Failure) 94M->50M(248M) 0.382ms
[724.449s][info][gc] GC(4174) Pause Young (Allocation Failure) 95M->50M(248M) 0.317ms
[724.535s][info][gc] GC(4175) Pause Young (Allocation Failure) 95M->51M(248M) 0.313ms
[724.624s][info][gc] GC(4176) Pause Young (Allocation Failure) 96M->51M(247M) 0.281ms
[724.711s][info][gc] GC(4177) Pause Young (Allocation Failure) 96M->52M(248M) 0.427ms
[724.809s][info][gc] GC(4178) Pause Young (Allocation Failure) 97M->52M(248M) 0.328ms
[724.881s][info][gc] GC(4179) Pause Young (Allocation Failure) 97M->52M(247M) 0.256ms
[724.970s][info][gc] GC(4180) Pause Young (Allocation Failure) 97M->52M(248M) 0.338ms
[725.060s][info][gc] GC(4181) Pause Young (Allocation Failure) 97M->53M(248M) 0.370ms
[725.147s][info][gc] GC(4182) Pause Young (Allocation Failure) 98M->53M(248M) 0.443ms
[725.232s][info][gc] GC(4183) Pause Young (Allocation Failure) 98M->54M(248M) 0.413ms
[725.317s][info][gc] GC(4184) Pause Young (Allocation Failure) 99M->54M(248M) 0.318ms
[725.409s][info][gc] GC(4185) Pause Young (Allocation Failure) 99M->54M(248M) 0.391ms
[725.486s][info][gc] GC(4186) Pause Young (Allocation Failure) 99M->55M(247M) 0.307ms
[725.574s][info][gc] GC(4187) Pause Young (Allocation Failure) 100M->56M(248M) 0.325ms
[725.661s][info][gc] GC(4188) Pause Young (Allocation Failure) 101M->56M(248M) 0.463ms
[725.748s][info][gc] GC(4189) Pause Young (Allocation Failure) 101M->56M(248M) 0.314ms
[725.830s][info][gc] GC(4190) Pause Young (Allocation Failure) 101M->57M(248M) 0.308ms
[725.916s][info][gc] GC(4191) Pause Young (Allocation Failure) 102M->57M(248M) 0.300ms
[726.002s][info][gc] GC(4192) Pause Young (Allocation Failure) 102M->57M(248M) 0.316ms
[726.080s][info][gc] GC(4193) Pause Young (Allocation Failure) 102M->58M(247M) 0.346ms
[726.171s][info][gc] GC(4194) Pause Young (Allocation Failure) 103M->59M(247M) 0.343ms
[726.252s][info][gc] GC(4195) Pause Young (Allocation Failure) 104M->60M(248M) 0.346ms
[726.342s][info][gc] GC(4196) Pause Young (Allocation Failure) 105M->60M(248M) 0.488ms
[726.428s][info][gc] GC(4197) Pause Young (Allocation Failure) 105M->60M(248M) 0.353ms
[726.513s][info][gc] GC(4198) Pause Young (Allocation Failure) 105M->61M(248M) 0.450ms
[726.593s][info][gc] GC(4199) Pause Young (Allocation Failure) 106M->61M(247M) 0.273ms
[726.672s][info][gc] GC(4200) Pause Young (Allocation Failure) 106M->61M(247M) 0.313ms
[726.760s][info][gc] GC(4201) Pause Young (Allocation Failure) 106M->62M(248M) 0.434ms
[726.842s][info][gc] GC(4202) Pause Young (Allocation Failure) 107M->63M(248M) 0.315ms
[726.929s][info][gc] GC(4203) Pause Young (Allocation Failure) 108M->63M(248M) 0.325ms
[727.017s][info][gc] GC(4204) Pause Young (Allocation Failure) 108M->63M(248M) 0.344ms
[727.104s][info][gc] GC(4205) Pause Young (Allocation Failure) 108M->64M(248M) 0.315ms
[727.178s][info][gc] GC(4206) Pause Young (Allocation Failure) 109M->64M(247M) 0.308ms
[727.268s][info][gc] GC(4207) Pause Young (Allocation Failure) 109M->65M(248M) 0.392ms
[727.352s][info][gc] GC(4208) Pause Young (Allocation Failure) 110M->65M(248M) 0.316ms
[727.441s][info][gc] GC(4209) Pause Young (Allocation Failure) 110M->66M(248M) 0.301ms
[727.531s][info][gc] GC(4210) Pause Young (Allocation Failure) 111M->66M(248M) 0.312ms
[727.618s][info][gc] GC(4211) Pause Young (Allocation Failure) 111M->66M(248M) 0.335ms
[727.700s][info][gc] GC(4212) Pause Young (Allocation Failure) 111M->67M(248M) 0.291ms
[727.776s][info][gc] GC(4213) Pause Young (Allocation Failure) 112M->67M(247M) 0.375ms
[727.866s][info][gc] GC(4214) Pause Young (Allocation Failure) 112M->68M(248M) 0.317ms
[727.951s][info][gc] GC(4215) Pause Young (Allocation Failure) 113M->68M(248M) 0.318ms
[728.042s][info][gc] GC(4216) Pause Young (Allocation Failure) 113M->69M(248M) 0.458ms
[728.128s][info][gc] GC(4217) Pause Young (Allocation Failure) 114M->69M(248M) 0.395ms
[728.213s][info][gc] GC(4218) Pause Young (Allocation Failure) 114M->69M(248M) 0.303ms
[728.297s][info][gc] GC(4219) Pause Young (Allocation Failure) 114M->70M(248M) 0.315ms
[728.379s][info][gc] GC(4220) Pause Young (Allocation Failure) 115M->70M(247M) 0.280ms
[728.462s][info][gc] GC(4221) Pause Young (Allocation Failure) 115M->70M(247M) 0.330ms
[728.589s][info][gc] GC(4222) Pause Young (Allocation Failure) 115M->72M(248M) 0.417ms
[728.667s][info][gc] GC(4223) Pause Young (Allocation Failure) 117M->72M(248M) 0.397ms
[728.758s][info][gc] GC(4224) Pause Young (Allocation Failure) 117M->73M(247M) 0.458ms
[728.834s][info][gc] GC(4225) Pause Young (Allocation Failure) 118M->73M(247M) 0.301ms
[728.918s][info][gc] GC(4226) Pause Young (Allocation Failure) 118M->74M(247M) 0.324ms
[729.006s][info][gc] GC(4227) Pause Young (Allocation Failure) 119M->75M(248M) 0.525ms
[729.090s][info][gc] GC(4228) Pause Young (Allocation Failure) 120M->75M(248M) 0.298ms
[729.181s][info][gc] GC(4229) Pause Young (Allocation Failure) 120M->76M(248M) 0.363ms
[729.262s][info][gc] GC(4230) Pause Young (Allocation Failure) 121M->76M(248M) 0.314ms
[729.345s][info][gc] GC(4231) Pause Young (Allocation Failure) 121M->76M(248M) 0.303ms
[729.422s][info][gc] GC(4232) Pause Young (Allocation Failure) 121M->77M(247M) 0.359ms
[729.510s][info][gc] GC(4233) Pause Young (Allocation Failure) 122M->77M(248M) 0.454ms
[729.598s][info][gc] GC(4234) Pause Young (Allocation Failure) 122M->78M(248M) 0.491ms
[729.688s][info][gc] GC(4235) Pause Young (Allocation Failure) 123M->78M(248M) 0.490ms
[729.769s][info][gc] GC(4236) Pause Young (Allocation Failure) 123M->78M(248M) 0.304ms
[729.858s][info][gc] GC(4237) Pause Young (Allocation Failure) 123M->79M(248M) 0.455ms
[729.952s][info][gc] GC(4238) Pause Young (Allocation Failure) 124M->79M(248M) 0.326ms
[730.029s][info][gc] GC(4239) Pause Young (Allocation Failure) 124M->80M(247M) 0.313ms
[730.125s][info][gc] GC(4240) Pause Young (Allocation Failure) 125M->80M(248M) 0.328ms
[730.215s][info][gc] GC(4241) Pause Young (Allocation Failure) 125M->81M(248M) 0.431ms
[730.304s][info][gc] GC(4242) Pause Young (Allocation Failure) 126M->81M(248M) 0.305ms
[730.386s][info][gc] GC(4243) Pause Young (Allocation Failure) 126M->81M(248M) 0.315ms
[730.474s][info][gc] GC(4244) Pause Young (Allocation Failure) 126M->82M(248M) 0.299ms
[730.559s][info][gc] GC(4245) Pause Young (Allocation Failure) 127M->82M(248M) 0.394ms
[730.645s][info][gc] GC(4246) Pause Young (Allocation Failure) 127M->82M(247M) 0.356ms
[730.727s][info][gc] GC(4247) Pause Young (Allocation Failure) 127M->83M(247M) 0.420ms
[730.817s][info][gc] GC(4248) Pause Young (Allocation Failure) 128M->84M(248M) 0.332ms
[730.906s][info][gc] GC(4249) Pause Young (Allocation Failure) 129M->84M(248M) 0.556ms
[730.995s][info][gc] GC(4250) Pause Young (Allocation Failure) 129M->85M(248M) 0.307ms
[731.079s][info][gc] GC(4251) Pause Young (Allocation Failure) 130M->85M(248M) 0.323ms
[731.162s][info][gc] GC(4252) Pause Young (Allocation Failure) 130M->85M(248M) 0.304ms
[731.253s][info][gc] GC(4253) Pause Young (Allocation Failure) 130M->86M(248M) 0.337ms
[731.335s][info][gc] GC(4254) Pause Young (Allocation Failure) 131M->86M(247M) 0.333ms
[731.426s][info][gc] GC(4255) Pause Young (Allocation Failure) 131M->87M(248M) 0.460ms
[731.515s][info][gc] GC(4256) Pause Young (Allocation Failure) 132M->87M(248M) 0.415ms
[731.604s][info][gc] GC(4257) Pause Young (Allocation Failure) 132M->88M(248M) 0.334ms
[731.695s][info][gc] GC(4258) Pause Young (Allocation Failure) 133M->88M(248M) 0.505ms
[731.780s][info][gc] GC(4259) Pause Young (Allocation Failure) 133M->88M(248M) 0.322ms
[731.869s][info][gc] GC(4260) Pause Young (Allocation Failure) 133M->89M(248M) 0.466ms
[731.957s][info][gc] GC(4261) Pause Young (Allocation Failure) 134M->89M(248M) 0.419ms
[732.035s][info][gc] GC(4262) Pause Young (Allocation Failure) 134M->89M(247M) 0.329ms
[732.122s][info][gc] GC(4263) Pause Young (Allocation Failure) 134M->90M(248M) 0.356ms
[732.212s][info][gc] GC(4264) Pause Young (Allocation Failure) 135M->91M(248M) 0.489ms
[732.298s][info][gc] GC(4265) Pause Young (Allocation Failure) 136M->91M(248M) 0.323ms
[732.384s][info][gc] GC(4266) Pause Young (Allocation Failure) 136M->91M(248M) 0.319ms
[732.465s][info][gc] GC(4267) Pause Young (Allocation Failure) 136M->92M(248M) 0.326ms
[732.552s][info][gc] GC(4268) Pause Young (Allocation Failure) 137M->92M(248M) 0.323ms
[732.631s][info][gc] GC(4269) Pause Young (Allocation Failure) 137M->92M(247M) 0.330ms
[732.722s][info][gc] GC(4270) Pause Young (Allocation Failure) 137M->93M(248M) 0.336ms
[732.807s][info][gc] GC(4271) Pause Young (Allocation Failure) 138M->94M(248M) 0.471ms
[732.889s][info][gc] GC(4272) Pause Young (Allocation Failure) 139M->94M(248M) 0.321ms
[732.980s][info][gc] GC(4273) Pause Young (Allocation Failure) 139M->95M(248M) 0.342ms
[733.071s][info][gc] GC(4274) Pause Young (Allocation Failure) 140M->95M(248M) 0.327ms
[733.153s][info][gc] GC(4275) Pause Young (Allocation Failure) 140M->95M(248M) 0.339ms
[733.229s][info][gc] GC(4276) Pause Young (Allocation Failure) 140M->95M(247M) 0.318ms
[733.319s][info][gc] GC(4277) Pause Young (Allocation Failure) 140M->96M(248M) 0.320ms
[733.403s][info][gc] GC(4278) Pause Young (Allocation Failure) 141M->97M(248M) 0.324ms
[733.489s][info][gc] GC(4279) Pause Young (Allocation Failure) 142M->97M(248M) 0.325ms
[733.578s][info][gc] GC(4280) Pause Young (Allocation Failure) 142M->97M(248M) 0.299ms
[733.671s][info][gc] GC(4281) Pause Young (Allocation Failure) 142M->98M(248M) 0.443ms
[733.757s][info][gc] GC(4282) Pause Young (Allocation Failure) 143M->98M(248M) 0.413ms
[733.847s][info][gc] GC(4283) Pause Young (Allocation Failure) 143M->99M(248M) 0.477ms
[733.921s][info][gc] GC(4284) Pause Young (Allocation Failure) 144M->98M(247M) 0.288ms
[734.011s][info][gc] GC(4285) Pause Young (Allocation Failure) 143M->99M(248M) 0.300ms
[734.099s][info][gc] GC(4286) Pause Young (Allocation Failure) 144M->100M(248M) 0.337ms
[734.185s][info][gc] GC(4287) Pause Young (Allocation Failure) 145M->100M(248M) 0.329ms
[734.270s][info][gc] GC(4288) Pause Young (Allocation Failure) 145M->100M(248M) 0.305ms
[734.357s][info][gc] GC(4289) Pause Young (Allocation Failure) 145M->101M(248M) 0.354ms
[734.443s][info][gc] GC(4290) Pause Young (Allocation Failure) 146M->101M(248M) 0.438ms
[734.525s][info][gc] GC(4291) Pause Young (Allocation Failure) 146M->101M(247M) 0.280ms
[734.616s][info][gc] GC(4292) Pause Young (Allocation Failure) 146M->102M(248M) 0.503ms
[734.702s][info][gc] GC(4293) Pause Young (Allocation Failure) 147M->102M(248M) 0.354ms
[734.792s][info][gc] GC(4294) Pause Young (Allocation Failure) 147M->103M(248M) 0.412ms
[734.875s][info][gc] GC(4295) Pause Young (Allocation Failure) 148M->103M(247M) 0.332ms
[734.966s][info][gc] GC(4296) Pause Young (Allocation Failure) 148M->103M(247M) 0.328ms
[735.049s][info][gc] GC(4297) Pause Young (Allocation Failure) 148M->104M(248M) 0.340ms
[735.140s][info][gc] GC(4298) Pause Young (Allocation Failure) 149M->105M(248M) 0.488ms
[735.220s][info][gc] GC(4299) Pause Young (Allocation Failure) 150M->105M(247M) 0.347ms
[735.312s][info][gc] GC(4300) Pause Young (Allocation Failure) 150M->106M(248M) 0.375ms
[735.400s][info][gc] GC(4301) Pause Young (Allocation Failure) 151M->106M(248M) 0.333ms
[735.489s][info][gc] GC(4302) Pause Young (Allocation Failure) 151M->107M(248M) 0.333ms
[735.574s][info][gc] GC(4303) Pause Young (Allocation Failure) 152M->107M(248M) 0.327ms
[735.663s][info][gc] GC(4304) Pause Young (Allocation Failure) 152M->107M(248M) 0.335ms
[735.757s][info][gc] GC(4305) Pause Young (Allocation Failure) 152M->108M(248M) 0.354ms
[735.831s][info][gc] GC(4306) Pause Young (Allocation Failure) 153M->107M(247M) 0.306ms
[735.918s][info][gc] GC(4307) Pause Young (Allocation Failure) 152M->109M(248M) 0.389ms
[736.001s][info][gc] GC(4308) Pause Young (Allocation Failure) 154M->109M(248M) 0.330ms
[736.091s][info][gc] GC(4309) Pause Young (Allocation Failure) 154M->109M(248M) 0.326ms
[736.173s][info][gc] GC(4310) Pause Young (Allocation Failure) 154M->110M(248M) 0.429ms
[736.262s][info][gc] GC(4311) Pause Young (Allocation Failure) 155M->110M(248M) 0.353ms
[736.351s][info][gc] GC(4312) Pause Young (Allocation Failure) 155M->111M(248M) 0.327ms
[736.421s][info][gc] GC(4313) Pause Young (Allocation Failure) 156M->111M(247M) 0.331ms
[736.510s][info][gc] GC(4314) Pause Young (Allocation Failure) 156M->112M(248M) 0.487ms
[736.597s][info][gc] GC(4315) Pause Young (Allocation Failure) 157M->112M(248M) 0.358ms
[736.681s][info][gc] GC(4316) Pause Young (Allocation Failure) 157M->112M(248M) 0.337ms
[736.765s][info][gc] GC(4317) Pause Young (Allocation Failure) 157M->113M(248M) 0.343ms
[736.856s][info][gc] GC(4318) Pause Young (Allocation Failure) 158M->113M(248M) 0.310ms
[736.937s][info][gc] GC(4319) Pause Young (Allocation Failure) 158M->113M(247M) 0.550ms
[737.025s][info][gc] GC(4320) Pause Young (Allocation Failure) 158M->114M(247M) 0.497ms
[737.116s][info][gc] GC(4321) Pause Young (Allocation Failure) 159M->115M(248M) 0.353ms
[737.203s][info][gc] GC(4322) Pause Young (Allocation Failure) 160M->115M(248M) 0.340ms
[737.287s][info][gc] GC(4323) Pause Young (Allocation Failure) 160M->115M(248M) 0.345ms
[737.372s][info][gc] GC(4324) Pause Young (Allocation Failure) 160M->116M(248M) 0.324ms
[737.463s][info][gc] GC(4325) Pause Young (Allocation Failure) 161M->116M(248M) 0.322ms
[737.537s][info][gc] GC(4326) Pause Young (Allocation Failure) 161M->116M(247M) 0.325ms
[737.624s][info][gc] GC(4327) Pause Young (Allocation Failure) 161M->117M(248M) 0.432ms
[737.711s][info][gc] GC(4328) Pause Young (Allocation Failure) 162M->118M(248M) 0.416ms
[737.796s][info][gc] GC(4329) Pause Young (Allocation Failure) 163M->118M(248M) 0.334ms
[737.887s][info][gc] GC(4330) Pause Young (Allocation Failure) 163M->119M(247M) 0.395ms
[737.972s][info][gc] GC(4331) Pause Young (Allocation Failure) 164M->120M(248M) 0.369ms
[738.061s][info][gc] GC(4332) Pause Young (Allocation Failure) 165M->120M(248M) 0.364ms
[738.135s][info][gc] GC(4333) Pause Young (Allocation Failure) 165M->120M(247M) 0.293ms
[738.218s][info][gc] GC(4334) Pause Young (Allocation Failure) 165M->121M(247M) 0.345ms
[738.306s][info][gc] GC(4335) Pause Young (Allocation Failure) 166M->121M(248M) 0.340ms
[738.389s][info][gc] GC(4336) Pause Young (Allocation Failure) 166M->122M(248M) 0.392ms
[738.478s][info][gc] GC(4337) Pause Young (Allocation Failure) 167M->122M(248M) 0.470ms
[738.604s][info][gc] GC(4338) Pause Young (Allocation Failure) 167M->123M(248M) 0.406ms
[738.686s][info][gc] GC(4339) Pause Young (Allocation Failure) 168M->124M(247M) 0.435ms
[738.775s][info][gc] GC(4340) Pause Young (Allocation Failure) 169M->124M(248M) 0.334ms
[738.862s][info][gc] GC(4341) Pause Young (Allocation Failure) 169M->125M(248M) 0.340ms
[738.946s][info][gc] GC(4342) Pause Young (Allocation Failure) 170M->125M(248M) 0.317ms
[739.030s][info][gc] GC(4343) Pause Young (Allocation Failure) 170M->126M(248M) 0.344ms
[739.115s][info][gc] GC(4344) Pause Young (Allocation Failure) 171M->126M(248M) 0.324ms
[739.202s][info][gc] GC(4345) Pause Young (Allocation Failure) 171M->126M(248M) 0.345ms
[739.278s][info][gc] GC(4346) Pause Young (Allocation Failure) 171M->126M(247M) 0.302ms
[739.367s][info][gc] GC(4347) Pause Young (Allocation Failure) 171M->127M(247M) 0.341ms
[739.455s][info][gc] GC(4348) Pause Young (Allocation Failure) 172M->128M(248M) 0.354ms
[739.541s][info][gc] GC(4349) Pause Young (Allocation Failure) 173M->128M(248M) 0.330ms
[739.623s][info][gc] GC(4350) Pause Young (Allocation Failure) 173M->128M(248M) 0.333ms
[739.716s][info][gc] GC(4351) Pause Young (Allocation Failure) 173M->129M(248M) 0.346ms
[739.798s][info][gc] GC(4352) Pause Young (Allocation Failure) 174M->129M(248M) 0.335ms
[739.876s][info][gc] GC(4353) Pause Young (Allocation Failure) 174M->129M(247M) 0.500ms
[739.969s][info][gc] GC(4354) Pause Young (Allocation Failure) 174M->130M(248M) 0.350ms
[740.056s][info][gc] GC(4355) Pause Young (Allocation Failure) 175M->131M(248M) 0.558ms
[740.140s][info][gc] GC(4356) Pause Young (Allocation Failure) 176M->131M(248M) 0.541ms
[740.226s][info][gc] GC(4357) Pause Young (Allocation Failure) 176M->131M(248M) 0.454ms
[740.315s][info][gc] GC(4358) Pause Young (Allocation Failure) 176M->132M(248M) 0.320ms
[740.399s][info][gc] GC(4359) Pause Young (Allocation Failure) 177M->132M(248M) 0.329ms
[740.476s][info][gc] GC(4360) Pause Young (Allocation Failure) 177M->132M(247M) 0.292ms
[740.568s][info][gc] GC(4361) Pause Young (Allocation Failure) 177M->133M(247M) 0.374ms
[740.661s][info][gc] GC(4362) Pause Young (Allocation Failure) 178M->133M(248M) 0.351ms
[740.749s][info][gc] GC(4363) Pause Young (Allocation Failure) 178M->134M(248M) 0.358ms
[740.833s][info][gc] GC(4364) Pause Young (Allocation Failure) 179M->134M(247M) 0.350ms
[740.922s][info][gc] GC(4365) Pause Young (Allocation Failure) 179M->135M(248M) 0.382ms
[741.006s][info][gc] GC(4366) Pause Young (Allocation Failure) 180M->136M(248M) 0.345ms
[741.092s][info][gc] GC(4367) Pause Young (Allocation Failure) 181M->136M(248M) 0.333ms
[741.170s][info][gc] GC(4368) Pause Young (Allocation Failure) 181M->136M(247M) 0.368ms
[741.258s][info][gc] GC(4369) Pause Young (Allocation Failure) 181M->137M(248M) 0.489ms
[741.345s][info][gc] GC(4370) Pause Young (Allocation Failure) 182M->137M(248M) 0.356ms
[741.427s][info][gc] GC(4371) Pause Young (Allocation Failure) 182M->138M(248M) 0.326ms
[741.515s][info][gc] GC(4372) Pause Young (Allocation Failure) 183M->138M(248M) 0.371ms
[741.604s][info][gc] GC(4373) Pause Young (Allocation Failure) 183M->138M(248M) 0.353ms
[741.693s][info][gc] GC(4374) Pause Young (Allocation Failure) 183M->139M(248M) 0.330ms
[741.765s][info][gc] GC(4375) Pause Young (Allocation Failure) 184M->139M(247M) 0.418ms
[741.854s][info][gc] GC(4376) Pause Young (Allocation Failure) 184M->140M(248M) 0.496ms
[741.945s][info][gc] GC(4377) Pause Young (Allocation Failure) 185M->140M(248M) 0.661ms
[742.030s][info][gc] GC(4378) Pause Young (Allocation Failure) 185M->141M(248M) 0.382ms
[742.121s][info][gc] GC(4379) Pause Young (Allocation Failure) 186M->141M(248M) 0.384ms
[742.210s][info][gc] GC(4380) Pause Young (Allocation Failure) 186M->141M(248M) 0.336ms
[742.302s][info][gc] GC(4381) Pause Young (Allocation Failure) 186M->142M(248M) 0.354ms
[742.379s][info][gc] GC(4382) Pause Young (Allocation Failure) 187M->142M(247M) 0.355ms
[742.467s][info][gc] GC(4383) Pause Young (Allocation Failure) 187M->143M(248M) 0.413ms
[742.556s][info][gc] GC(4384) Pause Young (Allocation Failure) 188M->144M(248M) 0.351ms
[742.643s][info][gc] GC(4385) Pause Young (Allocation Failure) 189M->144M(248M) 0.516ms
[742.730s][info][gc] GC(4386) Pause Young (Allocation Failure) 189M->144M(248M) 0.341ms
[742.810s][info][gc] GC(4387) Pause Young (Allocation Failure) 189M->144M(248M) 0.340ms
[742.898s][info][gc] GC(4388) Pause Young (Allocation Failure) 189M->145M(248M) 0.320ms
[742.976s][info][gc] GC(4389) Pause Young (Allocation Failure) 190M->145M(247M) 0.424ms
[743.063s][info][gc] GC(4390) Pause Young (Allocation Failure) 190M->146M(247M) 0.497ms
[743.154s][info][gc] GC(4391) Pause Young (Allocation Failure) 191M->146M(248M) 0.370ms
[743.234s][info][gc] GC(4392) Pause Young (Allocation Failure) 191M->147M(248M) 0.342ms
[743.324s][info][gc] GC(4393) Pause Young (Allocation Failure) 192M->147M(248M) 0.441ms
[743.412s][info][gc] GC(4394) Pause Young (Allocation Failure) 192M->147M(248M) 0.334ms
[743.502s][info][gc] GC(4395) Pause Young (Allocation Failure) 192M->148M(248M) 0.336ms
[743.578s][info][gc] GC(4396) Pause Young (Allocation Failure) 193M->148M(247M) 0.459ms
[743.664s][info][gc] GC(4397) Pause Young (Allocation Failure) 193M->149M(248M) 0.347ms
[743.754s][info][gc] GC(4398) Pause Young (Allocation Failure) 194M->149M(248M) 0.348ms
[743.840s][info][gc] GC(4399) Pause Young (Allocation Failure) 194M->150M(248M) 0.339ms
[743.925s][info][gc] GC(4400) Pause Young (Allocation Failure) 195M->150M(248M) 0.464ms
[744.011s][info][gc] GC(4401) Pause Young (Allocation Failure) 195M->150M(248M) 0.467ms
[744.102s][info][gc] GC(4402) Pause Young (Allocation Failure) 195M->151M(248M) 0.353ms
[744.182s][info][gc] GC(4403) Pause Young (Allocation Failure) 196M->151M(248M) 0.345ms
[744.262s][info][gc] GC(4404) Pause Young (Allocation Failure) 196M->152M(247M) 0.408ms
[744.350s][info][gc] GC(4405) Pause Young (Allocation Failure) 197M->152M(248M) 0.367ms
[744.436s][info][gc] GC(4406) Pause Young (Allocation Failure) 197M->153M(248M) 0.452ms
[744.525s][info][gc] GC(4407) Pause Young (Allocation Failure) 198M->153M(248M) 0.437ms
[744.614s][info][gc] GC(4408) Pause Young (Allocation Failure) 198M->153M(248M) 0.528ms
[744.705s][info][gc] GC(4409) Pause Young (Allocation Failure) 198M->154M(248M) 0.475ms
[744.794s][info][gc] GC(4410) Pause Young (Allocation Failure) 199M->154M(247M) 0.529ms
[744.870s][info][gc] GC(4411) Pause Young (Allocation Failure) 199M->155M(248M) 0.352ms
[744.953s][info][gc] GC(4412) Pause Young (Allocation Failure) 200M->156M(248M) 0.388ms
[745.043s][info][gc] GC(4413) Pause Young (Allocation Failure) 201M->156M(248M) 0.546ms
[745.131s][info][gc] GC(4414) Pause Young (Allocation Failure) 201M->156M(248M) 0.355ms
[745.218s][info][gc] GC(4415) Pause Young (Allocation Failure) 201M->157M(248M) 0.362ms
[745.307s][info][gc] GC(4416) Pause Young (Allocation Failure) 202M->157M(248M) 0.496ms
[745.397s][info][gc] GC(4417) Pause Young (Allocation Failure) 202M->158M(248M) 0.359ms
[745.476s][info][gc] GC(4418) Pause Young (Allocation Failure) 203M->158M(247M) 0.483ms
[745.569s][info][gc] GC(4419) Pause Young (Allocation Failure) 203M->159M(248M) 0.361ms
[745.653s][info][gc] GC(4420) Pause Young (Allocation Failure) 204M->159M(248M) 0.364ms
[745.734s][info][gc] GC(4421) Pause Young (Allocation Failure) 204M->159M(247M) 0.331ms
[745.818s][info][gc] GC(4422) Pause Young (Allocation Failure) 204M->160M(248M) 0.363ms
[745.908s][info][gc] GC(4423) Pause Young (Allocation Failure) 205M->160M(248M) 0.376ms
[746.000s][info][gc] GC(4424) Pause Young (Allocation Failure) 205M->161M(248M) 0.348ms
[746.070s][info][gc] GC(4425) Pause Young (Allocation Failure) 206M->161M(247M) 0.382ms
[746.161s][info][gc] GC(4426) Pause Young (Allocation Failure) 206M->162M(248M) 0.426ms
[746.247s][info][gc] GC(4427) Pause Young (Allocation Failure) 207M->162M(248M) 0.388ms
[746.325s][info][gc] GC(4428) Pause Young (Allocation Failure) 207M->163M(248M) 0.442ms
[746.417s][info][gc] GC(4429) Pause Young (Allocation Failure) 208M->163M(248M) 0.433ms
[746.499s][info][gc] GC(4430) Pause Young (Allocation Failure) 208M->163M(248M) 0.344ms
[746.585s][info][gc] GC(4431) Pause Young (Allocation Failure) 208M->164M(248M) 0.341ms
[746.663s][info][gc] GC(4432) Pause Young (Allocation Failure) 209M->164M(247M) 0.361ms
[746.749s][info][gc] GC(4433) Pause Young (Allocation Failure) 209M->165M(248M) 0.369ms
[746.838s][info][gc] GC(4434) Pause Young (Allocation Failure) 210M->165M(248M) 0.347ms
[746.920s][info][gc] GC(4435) Pause Young (Allocation Failure) 210M->166M(248M) 0.366ms
[747.001s][info][gc] GC(4436) Pause Young (Allocation Failure) 211M->166M(248M) 0.351ms
[747.089s][info][gc] GC(4437) Pause Young (Allocation Failure) 211M->166M(248M) 0.339ms
[747.174s][info][gc] GC(4438) Pause Young (Allocation Failure) 211M->166M(247M) 0.308ms
[747.261s][info][gc] GC(4439) Pause Young (Allocation Failure) 211M->167M(247M) 0.537ms
[747.346s][info][gc] GC(4440) Pause Young (Allocation Failure) 212M->168M(248M) 0.348ms
[747.438s][info][gc] GC(4441) Pause Young (Allocation Failure) 213M->168M(248M) 0.377ms
[747.526s][info][gc] GC(4442) Pause Young (Allocation Failure) 213M->169M(247M) 0.557ms
[747.608s][info][gc] GC(4443) Pause Young (Allocation Failure) 214M->170M(248M) 0.366ms
[747.695s][info][gc] GC(4444) Pause Young (Allocation Failure) 215M->170M(248M) 0.413ms
[747.778s][info][gc] GC(4445) Pause Young (Allocation Failure) 215M->170M(247M) 0.310ms
[747.860s][info][gc] GC(4446) Pause Young (Allocation Failure) 215M->171M(247M) 0.472ms
[747.945s][info][gc] GC(4447) Pause Young (Allocation Failure) 216M->171M(248M) 0.522ms
[748.030s][info][gc] GC(4448) Pause Young (Allocation Failure) 216M->172M(248M) 0.350ms
[748.111s][info][gc] GC(4449) Pause Young (Allocation Failure) 217M->172M(248M) 0.405ms
[748.202s][info][gc] GC(4450) Pause Young (Allocation Failure) 217M->173M(248M) 0.344ms
[748.287s][info][gc] GC(4451) Pause Young (Allocation Failure) 218M->173M(248M) 0.358ms
[748.364s][info][gc] GC(4452) Pause Young (Allocation Failure) 218M->173M(247M) 0.404ms
[748.448s][info][gc] GC(4453) Pause Young (Allocation Failure) 218M->174M(248M) 0.367ms
[748.536s][info][gc] GC(4454) Pause Young (Allocation Failure) 219M->174M(248M) 0.387ms
[748.661s][info][gc] GC(4455) Pause Young (Allocation Failure) 219M->175M(248M) 0.618ms
[748.748s][info][gc] GC(4456) Pause Young (Allocation Failure) 220M->176M(247M) 0.430ms
[748.831s][info][gc] GC(4457) Pause Young (Allocation Failure) 221M->176M(247M) 0.320ms
[748.913s][info][gc] GC(4458) Pause Young (Allocation Failure) 221M->176M(247M) 0.347ms
[749.004s][info][gc] GC(4459) Pause Young (Allocation Failure) 221M->177M(248M) 0.364ms
[749.096s][info][gc] GC(4460) Pause Young (Allocation Failure) 222M->178M(248M) 0.513ms
[749.179s][info][gc] GC(4461) Pause Young (Allocation Failure) 223M->178M(248M) 0.389ms
[749.264s][info][gc] GC(4462) Pause Young (Allocation Failure) 223M->178M(248M) 0.364ms
[749.352s][info][gc] GC(4463) Pause Young (Allocation Failure) 223M->179M(248M) 0.350ms
[749.432s][info][gc] GC(4464) Pause Young (Allocation Failure) 224M->179M(247M) 0.310ms
[749.514s][info][gc] GC(4465) Pause Young (Allocation Failure) 224M->179M(247M) 0.356ms
[749.605s][info][gc] GC(4466) Pause Young (Allocation Failure) 224M->180M(248M) 0.381ms
[749.691s][info][gc] GC(4467) Pause Young (Allocation Failure) 225M->181M(248M) 0.378ms
[749.775s][info][gc] GC(4468) Pause Young (Allocation Failure) 226M->181M(248M) 0.366ms
[749.862s][info][gc] GC(4469) Pause Young (Allocation Failure) 226M->181M(248M) 0.394ms
[749.952s][info][gc] GC(4470) Pause Young (Allocation Failure) 226M->182M(248M) 0.357ms
[750.045s][info][gc] GC(4471) Pause Young (Allocation Failure) 227M->182M(248M) 0.387ms
[750.123s][info][gc] GC(4472) Pause Young (Allocation Failure) 227M->182M(247M) 0.578ms
[750.215s][info][gc] GC(4473) Pause Young (Allocation Failure) 227M->183M(247M) 0.381ms
[750.298s][info][gc] GC(4474) Pause Young (Allocation Failure) 228M->183M(248M) 0.376ms
[750.391s][info][gc] GC(4475) Pause Young (Allocation Failure) 228M->184M(248M) 0.387ms
[750.472s][info][gc] GC(4476) Pause Young (Allocation Failure) 229M->184M(248M) 0.362ms
[750.561s][info][gc] GC(4477) Pause Young (Allocation Failure) 229M->184M(248M) 0.542ms
[750.656s][info][gc] GC(4478) Pause Young (Allocation Failure) 229M->185M(248M) 0.407ms
[750.735s][info][gc] GC(4479) Pause Young (Allocation Failure) 230M->185M(247M) 0.357ms
[750.812s][info][gc] GC(4480) Pause Young (Allocation Failure) 230M->185M(247M) 0.374ms
[750.895s][info][gc] GC(4481) Pause Young (Allocation Failure) 230M->186M(248M) 0.546ms
[750.987s][info][gc] GC(4482) Pause Young (Allocation Failure) 231M->187M(248M) 0.370ms
[751.065s][info][gc] GC(4483) Pause Young (Allocation Failure) 232M->187M(248M) 0.357ms
[751.156s][info][gc] GC(4484) Pause Young (Allocation Failure) 232M->187M(248M) 0.378ms
[751.246s][info][gc] GC(4485) Pause Young (Allocation Failure) 232M->188M(248M) 0.374ms
[751.333s][info][gc] GC(4486) Pause Young (Allocation Failure) 233M->188M(248M) 0.363ms
[751.405s][info][gc] GC(4487) Pause Young (Allocation Failure) 233M->188M(247M) 0.382ms
[751.495s][info][gc] GC(4488) Pause Young (Allocation Failure) 233M->189M(248M) 0.383ms
[751.578s][info][gc] GC(4489) Pause Young (Allocation Failure) 234M->190M(248M) 0.441ms
[751.665s][info][gc] GC(4490) Pause Young (Allocation Failure) 235M->190M(248M) 0.387ms
[751.752s][info][gc] GC(4491) Pause Young (Allocation Failure) 235M->190M(248M) 0.356ms
[751.841s][info][gc] GC(4492) Pause Young (Allocation Failure) 235M->191M(248M) 0.371ms
[751.927s][info][gc] GC(4493) Pause Young (Allocation Failure) 236M->191M(248M) 0.507ms
[752.001s][info][gc] GC(4494) Pause Young (Allocation Failure) 236M->191M(247M) 0.374ms
[752.091s][info][gc] GC(4495) Pause Young (Allocation Failure) 236M->192M(248M) 0.360ms
[752.173s][info][gc] GC(4496) Pause Young (Allocation Failure) 237M->193M(248M) 0.358ms
[752.267s][info][gc] GC(4497) Pause Young (Allocation Failure) 238M->193M(248M) 0.464ms
[752.352s][info][gc] GC(4498) Pause Young (Allocation Failure) 238M->193M(248M) 0.358ms
[752.448s][info][gc] GC(4499) Pause Young (Allocation Failure) 238M->194M(248M) 0.563ms
[752.539s][info][gc] GC(4500) Pause Young (Allocation Failure) 239M->194M(248M) 0.520ms
[752.615s][info][gc] GC(4501) Pause Young (Allocation Failure) 239M->195M(247M) 0.407ms
[752.705s][info][gc] GC(4502) Pause Young (Allocation Failure) 240M->195M(248M) 0.516ms
[752.790s][info][gc] GC(4503) Pause Young (Allocation Failure) 240M->196M(248M) 0.375ms
[752.877s][info][gc] GC(4504) Pause Young (Allocation Failure) 241M->196M(248M) 0.478ms
[752.960s][info][gc] GC(4505) Pause Young (Allocation Failure) 241M->197M(248M) 0.380ms
[753.053s][info][gc] GC(4506) Pause Young (Allocation Failure) 242M->197M(248M) 0.419ms
[753.133s][info][gc] GC(4507) Pause Young (Allocation Failure) 242M->197M(248M) 0.366ms
[753.216s][info][gc] GC(4508) Pause Young (Allocation Failure) 242M->197M(248M) 0.365ms
[753.294s][info][gc] GC(4509) Pause Young (Allocation Failure) 242M->198M(247M) 0.362ms
[753.378s][info][gc] GC(4510) Pause Young (Allocation Failure) 243M->199M(247M) 0.374ms
[753.472s][info][gc] GC(4511) Pause Young (Allocation Failure) 244M->200M(248M) 0.425ms
[753.556s][info][gc] GC(4512) Pause Young (Allocation Failure) 245M->200M(248M) 0.389ms
[753.637s][info][gc] GC(4513) Pause Young (Allocation Failure) 245M->200M(248M) 0.498ms
[753.725s][info][gc] GC(4514) Pause Young (Allocation Failure) 245M->201M(248M) 0.350ms
[753.814s][info][gc] GC(4515) Pause Young (Allocation Failure) 246M->201M(248M) 0.386ms
[753.889s][info][gc] GC(4516) Pause Young (Allocation Failure) 246M->201M(247M) 0.379ms
[753.989s][info][gc] GC(4517) Pause Full (Ergonomics) 246M->46M(248M) 12.568ms
[754.078s][info][gc] GC(4518) Pause Young (Allocation Failure) 91M->47M(248M) 0.436ms
[754.159s][info][gc] GC(4519) Pause Young (Allocation Failure) 92M->47M(248M) 0.392ms
[754.245s][info][gc] GC(4520) Pause Young (Allocation Failure) 92M->48M(248M) 0.307ms
[754.329s][info][gc] GC(4521) Pause Young (Allocation Failure) 92M->48M(248M) 0.290ms
[754.406s][info][gc] GC(4522) Pause Young (Allocation Failure) 92M->48M(248M) 0.297ms
[754.494s][info][gc] GC(4523) Pause Young (Allocation Failure) 93M->49M(248M) 0.329ms
[754.585s][info][gc] GC(4524) Pause Young (Allocation Failure) 94M->50M(248M) 0.302ms
[754.677s][info][gc] GC(4525) Pause Young (Allocation Failure) 94M->50M(248M) 0.354ms
[754.763s][info][gc] GC(4526) Pause Young (Allocation Failure) 94M->50M(248M) 0.285ms
[754.851s][info][gc] GC(4527) Pause Young (Allocation Failure) 95M->51M(248M) 0.330ms
[754.932s][info][gc] GC(4528) Pause Young (Allocation Failure) 95M->51M(248M) 0.288ms
[755.015s][info][gc] GC(4529) Pause Young (Allocation Failure) 95M->51M(248M) 0.397ms
[755.097s][info][gc] GC(4530) Pause Young (Allocation Failure) 96M->52M(248M) 0.326ms
[755.185s][info][gc] GC(4531) Pause Young (Allocation Failure) 97M->53M(248M) 0.312ms
[755.269s][info][gc] GC(4532) Pause Young (Allocation Failure) 97M->53M(248M) 0.296ms
[755.351s][info][gc] GC(4533) Pause Young (Allocation Failure) 97M->53M(248M) 0.308ms
[755.440s][info][gc] GC(4534) Pause Young (Allocation Failure) 98M->54M(248M) 0.283ms
[755.518s][info][gc] GC(4535) Pause Young (Allocation Failure) 98M->54M(248M) 0.312ms
[755.606s][info][gc] GC(4536) Pause Young (Allocation Failure) 99M->55M(248M) 0.311ms
[755.692s][info][gc] GC(4537) Pause Young (Allocation Failure) 99M->55M(248M) 0.298ms
[755.776s][info][gc] GC(4538) Pause Young (Allocation Failure) 100M->55M(248M) 0.407ms
[755.857s][info][gc] GC(4539) Pause Young (Allocation Failure) 100M->56M(248M) 0.317ms
[755.944s][info][gc] GC(4540) Pause Young (Allocation Failure) 101M->57M(248M) 0.442ms
[756.030s][info][gc] GC(4541) Pause Young (Allocation Failure) 101M->57M(248M) 0.305ms
[756.102s][info][gc] GC(4542) Pause Young (Allocation Failure) 102M->57M(247M) 0.521ms
[756.188s][info][gc] GC(4543) Pause Young (Allocation Failure) 102M->58M(249M) 0.326ms
[756.274s][info][gc] GC(4544) Pause Young (Allocation Failure) 103M->59M(248M) 0.298ms
[756.360s][info][gc] GC(4545) Pause Young (Allocation Failure) 103M->59M(248M) 0.389ms
[756.440s][info][gc] GC(4546) Pause Young (Allocation Failure) 104M->59M(248M) 0.284ms
[756.533s][info][gc] GC(4547) Pause Young (Allocation Failure) 104M->60M(248M) 0.324ms
[756.607s][info][gc] GC(4548) Pause Young (Allocation Failure) 104M->60M(247M) 0.309ms
[756.697s][info][gc] GC(4549) Pause Young (Allocation Failure) 105M->61M(249M) 0.328ms
[756.785s][info][gc] GC(4550) Pause Young (Allocation Failure) 106M->62M(248M) 0.316ms
[756.873s][info][gc] GC(4551) Pause Young (Allocation Failure) 106M->62M(248M) 0.414ms
[756.955s][info][gc] GC(4552) Pause Young (Allocation Failure) 106M->62M(248M) 0.302ms
[757.042s][info][gc] GC(4553) Pause Young (Allocation Failure) 107M->63M(248M) 0.451ms
[757.127s][info][gc] GC(4554) Pause Young (Allocation Failure) 107M->63M(248M) 0.415ms
[757.205s][info][gc] GC(4555) Pause Young (Allocation Failure) 107M->63M(248M) 0.231ms
[757.293s][info][gc] GC(4556) Pause Young (Allocation Failure) 107M->64M(248M) 0.299ms
[757.379s][info][gc] GC(4557) Pause Young (Allocation Failure) 108M->64M(248M) 0.317ms
[757.467s][info][gc] GC(4558) Pause Young (Allocation Failure) 109M->65M(248M) 0.297ms
[757.557s][info][gc] GC(4559) Pause Young (Allocation Failure) 109M->65M(248M) 0.312ms
[757.641s][info][gc] GC(4560) Pause Young (Allocation Failure) 110M->65M(248M) 0.388ms
[757.733s][info][gc] GC(4561) Pause Young (Allocation Failure) 110M->66M(248M) 0.349ms
[757.806s][info][gc] GC(4562) Pause Young (Allocation Failure) 110M->66M(248M) 0.304ms
[757.897s][info][gc] GC(4563) Pause Young (Allocation Failure) 111M->67M(248M) 0.320ms
[757.986s][info][gc] GC(4564) Pause Young (Allocation Failure) 111M->67M(248M) 0.311ms
[758.076s][info][gc] GC(4565) Pause Young (Allocation Failure) 112M->68M(248M) 0.314ms
[758.157s][info][gc] GC(4566) Pause Young (Allocation Failure) 112M->68M(248M) 0.283ms
[758.245s][info][gc] GC(4567) Pause Young (Allocation Failure) 113M->68M(248M) 0.309ms
[758.328s][info][gc] GC(4568) Pause Young (Allocation Failure) 113M->69M(248M) 0.300ms
[758.403s][info][gc] GC(4569) Pause Young (Allocation Failure) 113M->69M(248M) 0.321ms
[758.492s][info][gc] GC(4570) Pause Young (Allocation Failure) 114M->70M(248M) 0.291ms
[758.582s][info][gc] GC(4571) Pause Young (Allocation Failure) 114M->71M(248M) 0.360ms
[758.711s][info][gc] GC(4572) Pause Young (Allocation Failure) 115M->72M(249M) 0.543ms
[758.799s][info][gc] GC(4573) Pause Young (Allocation Failure) 116M->72M(248M) 0.518ms
[758.877s][info][gc] GC(4574) Pause Young (Allocation Failure) 116M->73M(248M) 0.479ms
[758.965s][info][gc] GC(4575) Pause Young (Allocation Failure) 117M->73M(248M) 0.313ms
[759.050s][info][gc] GC(4576) Pause Young (Allocation Failure) 118M->74M(248M) 0.358ms
[759.139s][info][gc] GC(4577) Pause Young (Allocation Failure) 118M->74M(249M) 0.438ms
[759.220s][info][gc] GC(4578) Pause Young (Allocation Failure) 119M->74M(248M) 0.296ms
[759.311s][info][gc] GC(4579) Pause Young (Allocation Failure) 119M->75M(248M) 0.467ms
[759.381s][info][gc] GC(4580) Pause Young (Allocation Failure) 120M->75M(248M) 0.375ms
[759.468s][info][gc] GC(4581) Pause Young (Allocation Failure) 119M->76M(248M) 0.321ms
[759.553s][info][gc] GC(4582) Pause Young (Allocation Failure) 120M->76M(248M) 0.342ms
[759.635s][info][gc] GC(4583) Pause Young (Allocation Failure) 121M->77M(248M) 0.415ms
[759.725s][info][gc] GC(4584) Pause Young (Allocation Failure) 121M->77M(248M) 0.440ms
[759.808s][info][gc] GC(4585) Pause Young (Allocation Failure) 122M->77M(248M) 0.334ms
[759.894s][info][gc] GC(4586) Pause Young (Allocation Failure) 122M->78M(248M) 0.300ms
[759.974s][info][gc] GC(4587) Pause Young (Allocation Failure) 122M->78M(248M) 0.511ms
[760.061s][info][gc] GC(4588) Pause Young (Allocation Failure) 123M->79M(248M) 0.427ms
[760.152s][info][gc] GC(4589) Pause Young (Allocation Failure) 123M->79M(248M) 0.339ms
[760.235s][info][gc] GC(4590) Pause Young (Allocation Failure) 124M->80M(248M) 0.314ms
[760.323s][info][gc] GC(4591) Pause Young (Allocation Failure) 124M->80M(248M) 0.307ms
[760.404s][info][gc] GC(4592) Pause Young (Allocation Failure) 125M->80M(248M) 0.289ms
[760.490s][info][gc] GC(4593) Pause Young (Allocation Failure) 125M->81M(248M) 0.439ms
[760.567s][info][gc] GC(4594) Pause Young (Allocation Failure) 125M->81M(248M) 0.357ms
[760.656s][info][gc] GC(4595) Pause Young (Allocation Failure) 126M->82M(248M) 0.330ms
[760.744s][info][gc] GC(4596) Pause Young (Allocation Failure) 126M->82M(248M) 0.531ms
[760.829s][info][gc] GC(4597) Pause Young (Allocation Failure) 127M->83M(248M) 0.334ms
[760.915s][info][gc] GC(4598) Pause Young (Allocation Failure) 127M->83M(248M) 0.324ms
[761.003s][info][gc] GC(4599) Pause Young (Allocation Failure) 128M->84M(248M) 0.333ms
[761.085s][info][gc] GC(4600) Pause Young (Allocation Failure) 128M->84M(248M) 0.303ms
[761.160s][info][gc] GC(4601) Pause Young (Allocation Failure) 128M->84M(248M) 0.305ms
[761.245s][info][gc] GC(4602) Pause Young (Allocation Failure) 129M->85M(248M) 0.328ms
[761.332s][info][gc] GC(4603) Pause Young (Allocation Failure) 129M->85M(248M) 0.339ms
[761.417s][info][gc] GC(4604) Pause Young (Allocation Failure) 130M->86M(248M) 0.307ms
[761.500s][info][gc] GC(4605) Pause Young (Allocation Failure) 130M->86M(248M) 0.402ms
[761.591s][info][gc] GC(4606) Pause Young (Allocation Failure) 130M->86M(248M) 0.307ms
[761.671s][info][gc] GC(4607) Pause Young (Allocation Failure) 131M->86M(248M) 0.345ms
[761.756s][info][gc] GC(4608) Pause Young (Allocation Failure) 131M->87M(248M) 0.310ms
[761.843s][info][gc] GC(4609) Pause Young (Allocation Failure) 132M->88M(248M) 0.440ms
[761.932s][info][gc] GC(4610) Pause Young (Allocation Failure) 133M->88M(248M) 0.551ms
[762.019s][info][gc] GC(4611) Pause Young (Allocation Failure) 133M->89M(248M) 0.322ms
[762.099s][info][gc] GC(4612) Pause Young (Allocation Failure) 133M->89M(248M) 0.301ms
[762.183s][info][gc] GC(4613) Pause Young (Allocation Failure) 133M->89M(248M) 0.326ms
[762.267s][info][gc] GC(4614) Pause Young (Allocation Failure) 134M->89M(248M) 0.307ms
[762.344s][info][gc] GC(4615) Pause Young (Allocation Failure) 134M->90M(248M) 0.315ms
[762.431s][info][gc] GC(4616) Pause Young (Allocation Failure) 135M->91M(248M) 0.378ms
[762.512s][info][gc] GC(4617) Pause Young (Allocation Failure) 135M->91M(248M) 0.324ms
[762.600s][info][gc] GC(4618) Pause Young (Allocation Failure) 136M->92M(248M) 0.325ms
[762.689s][info][gc] GC(4619) Pause Young (Allocation Failure) 136M->92M(248M) 0.333ms
[762.783s][info][gc] GC(4620) Pause Young (Allocation Failure) 137M->92M(248M) 0.413ms
[762.856s][info][gc] GC(4621) Pause Young (Allocation Failure) 137M->93M(248M) 0.333ms
[762.943s][info][gc] GC(4622) Pause Young (Allocation Failure) 137M->94M(248M) 0.328ms
[763.032s][info][gc] GC(4623) Pause Young (Allocation Failure) 138M->94M(248M) 0.426ms
[763.117s][info][gc] GC(4624) Pause Young (Allocation Failure) 139M->94M(248M) 0.400ms
[763.208s][info][gc] GC(4625) Pause Young (Allocation Failure) 139M->95M(248M) 0.378ms
[763.294s][info][gc] GC(4626) Pause Young (Allocation Failure) 139M->95M(248M) 0.436ms
[763.379s][info][gc] GC(4627) Pause Young (Allocation Failure) 140M->95M(248M) 0.338ms
[763.453s][info][gc] GC(4628) Pause Young (Allocation Failure) 140M->96M(248M) 0.335ms
[763.536s][info][gc] GC(4629) Pause Young (Allocation Failure) 140M->96M(248M) 0.332ms
[763.622s][info][gc] GC(4630) Pause Young (Allocation Failure) 141M->97M(248M) 0.337ms
[763.702s][info][gc] GC(4631) Pause Young (Allocation Failure) 141M->97M(248M) 0.339ms
[763.791s][info][gc] GC(4632) Pause Young (Allocation Failure) 142M->98M(248M) 0.321ms
[763.878s][info][gc] GC(4633) Pause Young (Allocation Failure) 142M->98M(249M) 0.321ms
[763.948s][info][gc] GC(4634) Pause Young (Allocation Failure) 143M->98M(249M) 0.297ms
[764.031s][info][gc] GC(4635) Pause Young (Allocation Failure) 143M->99M(249M) 0.336ms
[764.123s][info][gc] GC(4636) Pause Young (Allocation Failure) 144M->100M(249M) 0.426ms
[764.209s][info][gc] GC(4637) Pause Young (Allocation Failure) 144M->100M(249M) 0.313ms
[764.288s][info][gc] GC(4638) Pause Young (Allocation Failure) 145M->100M(249M) 0.338ms
[764.372s][info][gc] GC(4639) Pause Young (Allocation Failure) 145M->101M(249M) 0.309ms
[764.456s][info][gc] GC(4640) Pause Young (Allocation Failure) 145M->101M(249M) 0.313ms
[764.534s][info][gc] GC(4641) Pause Young (Allocation Failure) 146M->101M(249M) 0.319ms
[764.623s][info][gc] GC(4642) Pause Young (Allocation Failure) 146M->102M(249M) 0.331ms
[764.710s][info][gc] GC(4643) Pause Young (Allocation Failure) 147M->103M(249M) 0.473ms
[764.795s][info][gc] GC(4644) Pause Young (Allocation Failure) 147M->103M(249M) 0.329ms
[764.876s][info][gc] GC(4645) Pause Young (Allocation Failure) 147M->103M(249M) 0.418ms
[764.960s][info][gc] GC(4646) Pause Young (Allocation Failure) 148M->104M(248M) 0.438ms
[765.039s][info][gc] GC(4647) Pause Young (Allocation Failure) 148M->104M(248M) 0.326ms
[765.130s][info][gc] GC(4648) Pause Young (Allocation Failure) 149M->105M(248M) 0.336ms
[765.213s][info][gc] GC(4649) Pause Young (Allocation Failure) 149M->105M(248M) 0.465ms
[765.301s][info][gc] GC(4650) Pause Young (Allocation Failure) 150M->106M(249M) 0.332ms
[765.389s][info][gc] GC(4651) Pause Young (Allocation Failure) 150M->106M(249M) 0.327ms
[765.469s][info][gc] GC(4652) Pause Young (Allocation Failure) 151M->106M(249M) 0.332ms
[765.556s][info][gc] GC(4653) Pause Young (Allocation Failure) 151M->107M(249M) 0.317ms
[765.628s][info][gc] GC(4654) Pause Young (Allocation Failure) 151M->107M(249M) 0.309ms
[765.714s][info][gc] GC(4655) Pause Young (Allocation Failure) 151M->108M(249M) 0.332ms
[765.798s][info][gc] GC(4656) Pause Young (Allocation Failure) 152M->108M(249M) 0.319ms
[765.884s][info][gc] GC(4657) Pause Young (Allocation Failure) 153M->109M(249M) 0.338ms
[765.968s][info][gc] GC(4658) Pause Young (Allocation Failure) 153M->109M(249M) 0.313ms
[766.047s][info][gc] GC(4659) Pause Young (Allocation Failure) 154M->109M(249M) 0.290ms
[766.128s][info][gc] GC(4660) Pause Young (Allocation Failure) 154M->110M(249M) 0.439ms
[766.214s][info][gc] GC(4661) Pause Young (Allocation Failure) 154M->111M(249M) 0.329ms
[766.298s][info][gc] GC(4662) Pause Young (Allocation Failure) 155M->111M(249M) 0.318ms
[766.384s][info][gc] GC(4663) Pause Young (Allocation Failure) 155M->111M(249M) 0.319ms
[766.468s][info][gc] GC(4664) Pause Young (Allocation Failure) 156M->112M(249M) 0.320ms
[766.559s][info][gc] GC(4665) Pause Young (Allocation Failure) 156M->112M(249M) 0.416ms
[766.640s][info][gc] GC(4666) Pause Young (Allocation Failure) 157M->112M(249M) 0.425ms
[766.718s][info][gc] GC(4667) Pause Young (Allocation Failure) 157M->113M(249M) 0.316ms
[766.806s][info][gc] GC(4668) Pause Young (Allocation Failure) 157M->114M(249M) 0.353ms
[766.892s][info][gc] GC(4669) Pause Young (Allocation Failure) 158M->114M(249M) 0.414ms
[766.980s][info][gc] GC(4670) Pause Young (Allocation Failure) 158M->114M(249M) 0.419ms
[767.064s][info][gc] GC(4671) Pause Young (Allocation Failure) 159M->115M(249M) 0.323ms
[767.155s][info][gc] GC(4672) Pause Young (Allocation Failure) 159M->115M(249M) 0.330ms
[767.237s][info][gc] GC(4673) Pause Young (Allocation Failure) 160M->115M(249M) 0.320ms
[767.314s][info][gc] GC(4674) Pause Young (Allocation Failure) 160M->116M(249M) 0.322ms
[767.404s][info][gc] GC(4675) Pause Young (Allocation Failure) 160M->117M(249M) 0.405ms
[767.486s][info][gc] GC(4676) Pause Young (Allocation Failure) 161M->117M(249M) 0.328ms
[767.567s][info][gc] GC(4677) Pause Young (Allocation Failure) 162M->117M(249M) 0.340ms
[767.659s][info][gc] GC(4678) Pause Young (Allocation Failure) 162M->118M(249M) 0.333ms
[767.740s][info][gc] GC(4679) Pause Young (Allocation Failure) 162M->118M(249M) 0.425ms
[767.813s][info][gc] GC(4680) Pause Young (Allocation Failure) 163M->118M(249M) 0.316ms
[767.898s][info][gc] GC(4681) Pause Young (Allocation Failure) 163M->119M(249M) 0.325ms
[767.981s][info][gc] GC(4682) Pause Young (Allocation Failure) 164M->120M(249M) 0.330ms
[768.071s][info][gc] GC(4683) Pause Young (Allocation Failure) 164M->120M(249M) 0.343ms
[768.157s][info][gc] GC(4684) Pause Young (Allocation Failure) 165M->120M(249M) 0.320ms
[768.240s][info][gc] GC(4685) Pause Young (Allocation Failure) 165M->121M(249M) 0.308ms
[768.313s][info][gc] GC(4686) Pause Young (Allocation Failure) 165M->121M(249M) 0.316ms
[768.405s][info][gc] GC(4687) Pause Young (Allocation Failure) 166M->122M(249M) 0.334ms
[768.492s][info][gc] GC(4688) Pause Young (Allocation Failure) 166M->122M(249M) 0.319ms
[768.579s][info][gc] GC(4689) Pause Young (Allocation Failure) 167M->123M(249M) 0.334ms
[768.683s][info][gc] GC(4690) Pause Young (Allocation Failure) 167M->125M(248M) 1.057ms
[768.715s][info][gc] GC(4691) Pause Young (Allocation Failure) 169M->128M(249M) 0.842ms
[768.734s][info][gc] GC(4692) Pause Young (Allocation Failure) 171M->128M(257M) 0.532ms
[768.759s][info][gc] GC(4693) Pause Young (Allocation Failure) 180M->129M(257M) 0.406ms
[768.780s][info][gc] GC(4694) Pause Young (Allocation Failure) 181M->129M(266M) 0.433ms
[768.819s][info][gc] GC(4695) Pause Young (Allocation Failure) 190M->132M(266M) 0.889ms
[768.848s][info][gc] GC(4696) Pause Young (Allocation Failure) 193M->133M(278M) 0.655ms
[768.880s][info][gc] GC(4697) Pause Young (Allocation Failure) 205M->134M(278M) 0.460ms
[768.923s][info][gc] GC(4698) Pause Young (Allocation Failure) 206M->137M(291M) 0.809ms
[768.961s][info][gc] GC(4699) Pause Young (Allocation Failure) 222M->137M(292M) 0.698ms
[768.998s][info][gc] GC(4700) Pause Young (Allocation Failure) 223M->138M(308M) 0.559ms
[769.054s][info][gc] GC(4701) Pause Young (Allocation Failure) 240M->141M(308M) 0.805ms
[769.100s][info][gc] GC(4702) Pause Young (Allocation Failure) 243M->142M(326M) 0.732ms
[769.164s][info][gc] GC(4703) Pause Young (Allocation Failure) 262M->144M(326M) 0.886ms
[769.227s][info][gc] GC(4704) Pause Young (Allocation Failure) 264M->145M(348M) 0.978ms
[769.295s][info][gc] GC(4705) Pause Young (Allocation Failure) 286M->148M(348M) 0.975ms
[769.364s][info][gc] GC(4706) Pause Young (Allocation Failure) 289M->151M(373M) 0.834ms
[769.451s][info][gc] GC(4707) Pause Young (Allocation Failure) 317M->152M(374M) 0.932ms
[769.525s][info][gc] GC(4708) Pause Young (Allocation Failure) 318M->153M(403M) 0.746ms
[769.623s][info][gc] GC(4709) Pause Young (Allocation Failure) 348M->155M(403M) 0.968ms
[769.723s][info][gc] GC(4710) Pause Young (Allocation Failure) 351M->157M(437M) 0.913ms
[769.840s][info][gc] GC(4711) Pause Young (Allocation Failure) 386M->159M(438M) 0.984ms
[769.954s][info][gc] GC(4712) Pause Young (Allocation Failure) 388M->160M(476M) 1.079ms
[770.099s][info][gc] GC(4713) Pause Young (Allocation Failure) 428M->163M(477M) 1.024ms
[770.234s][info][gc] GC(4714) Pause Young (Allocation Failure) 432M->165M(522M) 1.032ms
[770.390s][info][gc] GC(4715) Pause Young (Allocation Failure) 479M->166M(510M) 0.997ms
[770.544s][info][gc] GC(4716) Pause Young (Allocation Failure) 470M->170M(499M) 1.336ms
[770.687s][info][gc] GC(4717) Pause Young (Allocation Failure) 464M->173M(492M) 1.074ms
[770.831s][info][gc] GC(4718) Pause Young (Allocation Failure) 457M->175M(483M) 1.021ms
[770.962s][info][gc] GC(4719) Pause Young (Allocation Failure) 450M->177M(474M) 0.936ms
[771.090s][info][gc] GC(4720) Pause Young (Allocation Failure) 444M->179M(466M) 1.032ms
[771.219s][info][gc] GC(4721) Pause Young (Allocation Failure) 437M->181M(458M) 0.958ms
[771.350s][info][gc] GC(4722) Pause Young (Allocation Failure) 432M->184M(451M) 0.951ms
[771.463s][info][gc] GC(4723) Pause Young (Allocation Failure) 427M->185M(444M) 0.964ms
[771.580s][info][gc] GC(4724) Pause Young (Allocation Failure) 421M->187M(436M) 0.881ms
[771.692s][info][gc] GC(4725) Pause Young (Allocation Failure) 416M->189M(430M) 0.930ms
[771.800s][info][gc] GC(4726) Pause Young (Allocation Failure) 412M->191M(423M) 0.976ms
[771.906s][info][gc] GC(4727) Pause Young (Allocation Failure) 407M->192M(417M) 0.980ms
[772.008s][info][gc] GC(4728) Pause Young (Allocation Failure) 402M->194M(452M) 0.990ms
[772.127s][info][gc] GC(4729) Pause Young (Allocation Failure) 439M->196M(445M) 0.888ms
[772.249s][info][gc] GC(4730) Pause Young (Allocation Failure) 433M->198M(437M) 0.904ms
[772.364s][info][gc] GC(4731) Pause Young (Allocation Failure) 428M->200M(431M) 1.296ms
[772.479s][info][gc] GC(4732) Pause Young (Allocation Failure) 424M->201M(424M) 0.783ms
[772.586s][info][gc] GC(4733) Pause Young (Allocation Failure) 419M->202M(418M) 0.857ms
[772.692s][info][gc] GC(4734) Pause Young (Allocation Failure) 414M->204M(412M) 0.881ms
[772.810s][info][gc] GC(4735) Pause Full (Ergonomics) 410M->88M(443M) 21.589ms
[772.909s][info][gc] GC(4736) Pause Young (Allocation Failure) 288M->92M(441M) 0.736ms
[773.008s][info][gc] GC(4737) Pause Young (Allocation Failure) 286M->94M(437M) 0.810ms
[773.104s][info][gc] GC(4738) Pause Young (Allocation Failure) 283M->95M(432M) 0.740ms
[773.197s][info][gc] GC(4739) Pause Young (Allocation Failure) 280M->98M(427M) 0.860ms
[773.288s][info][gc] GC(4740) Pause Young (Allocation Failure) 277M->99M(422M) 0.859ms
[773.379s][info][gc] GC(4741) Pause Young (Allocation Failure) 274M->101M(418M) 0.909ms
[773.465s][info][gc] GC(4742) Pause Young (Allocation Failure) 272M->102M(447M) 0.849ms
[773.571s][info][gc] GC(4743) Pause Young (Allocation Failure) 302M->104M(442M) 0.846ms
[773.666s][info][gc] GC(4744) Pause Young (Allocation Failure) 298M->105M(436M) 0.778ms
[773.760s][info][gc] GC(4745) Pause Young (Allocation Failure) 294M->107M(431M) 0.850ms
[773.846s][info][gc] GC(4746) Pause Young (Allocation Failure) 291M->108M(462M) 0.829ms
[773.957s][info][gc] GC(4747) Pause Young (Allocation Failure) 324M->109M(455M) 0.619ms
[774.118s][info][gc] GC(4748) Pause Young (Allocation Failure) 319M->115M(453M) 1.135ms
[774.219s][info][gc] GC(4749) Pause Young (Allocation Failure) 318M->116M(445M) 1.210ms
[774.318s][info][gc] GC(4750) Pause Young (Allocation Failure) 314M->118M(440M) 0.841ms
[774.413s][info][gc] GC(4751) Pause Young (Allocation Failure) 310M->120M(435M) 0.897ms
[774.506s][info][gc] GC(4752) Pause Young (Allocation Failure) 307M->121M(430M) 0.856ms
[774.600s][info][gc] GC(4753) Pause Young (Allocation Failure) 304M->123M(461M) 0.880ms
[774.708s][info][gc] GC(4754) Pause Young (Allocation Failure) 336M->124M(455M) 0.849ms
[774.813s][info][gc] GC(4755) Pause Young (Allocation Failure) 332M->126M(450M) 0.982ms
[774.918s][info][gc] GC(4756) Pause Young (Allocation Failure) 328M->128M(443M) 0.868ms
[775.016s][info][gc] GC(4757) Pause Young (Allocation Failure) 324M->130M(439M) 0.893ms
[775.113s][info][gc] GC(4758) Pause Young (Allocation Failure) 321M->131M(433M) 0.833ms
[775.211s][info][gc] GC(4759) Pause Young (Allocation Failure) 317M->131M(428M) 0.820ms
[775.299s][info][gc] GC(4760) Pause Young (Allocation Failure) 312M->134M(447M) 0.892ms
[775.404s][info][gc] GC(4761) Pause Young (Allocation Failure) 332M->137M(448M) 0.945ms
[775.505s][info][gc] GC(4762) Pause Young (Allocation Failure) 335M->139M(482M) 0.887ms
[775.620s][info][gc] GC(4763) Pause Young (Allocation Failure) 371M->140M(482M) 1.052ms
[775.731s][info][gc] GC(4764) Pause Young (Allocation Failure) 373M->141M(472M) 0.854ms
[775.851s][info][gc] GC(4765) Pause Young (Allocation Failure) 367M->144M(467M) 1.006ms
[775.960s][info][gc] GC(4766) Pause Young (Allocation Failure) 363M->145M(503M) 1.047ms
[776.086s][info][gc] GC(4767) Pause Young (Allocation Failure) 401M->148M(496M) 0.961ms
[776.207s][info][gc] GC(4768) Pause Young (Allocation Failure) 396M->150M(487M) 1.058ms
[776.324s][info][gc] GC(4769) Pause Young (Allocation Failure) 390M->152M(511M) 1.119ms
[776.448s][info][gc] GC(4770) Pause Young (Allocation Failure) 413M->154M(500M) 0.996ms
[776.568s][info][gc] GC(4771) Pause Young (Allocation Failure) 406M->155M(492M) 0.882ms
[776.698s][info][gc] GC(4772) Pause Young (Allocation Failure) 400M->158M(486M) 1.071ms
[776.813s][info][gc] GC(4773) Pause Young (Allocation Failure) 396M->160M(478M) 0.982ms
[776.930s][info][gc] GC(4774) Pause Young (Allocation Failure) 390M->162M(471M) 0.998ms
[777.042s][info][gc] GC(4775) Pause Young (Allocation Failure) 386M->165M(466M) 0.953ms
[777.149s][info][gc] GC(4776) Pause Young (Allocation Failure) 382M->166M(459M) 0.919ms
[777.260s][info][gc] GC(4777) Pause Young (Allocation Failure) 378M->168M(454M) 1.054ms
[777.360s][info][gc] GC(4778) Pause Young (Allocation Failure) 374M->169M(447M) 0.890ms
[777.458s][info][gc] GC(4779) Pause Young (Allocation Failure) 369M->171M(442M) 0.844ms
[777.557s][info][gc] GC(4780) Pause Young (Allocation Failure) 366M->173M(437M) 0.833ms
[777.652s][info][gc] GC(4781) Pause Young (Allocation Failure) 362M->175M(433M) 0.881ms
[777.748s][info][gc] GC(4782) Pause Young (Allocation Failure) 359M->176M(426M) 0.838ms
[777.830s][info][gc] GC(4783) Pause Young (Allocation Failure) 355M->176M(456M) 0.787ms
[777.934s][info][gc] GC(4784) Pause Young (Allocation Failure) 386M->178M(450M) 0.792ms
[778.037s][info][gc] GC(4785) Pause Young (Allocation Failure) 382M->180M(445M) 0.817ms
[778.136s][info][gc] GC(4786) Pause Young (Allocation Failure) 379M->182M(440M) 0.833ms
[778.232s][info][gc] GC(4787) Pause Young (Allocation Failure) 375M->184M(435M) 0.824ms
[778.326s][info][gc] GC(4788) Pause Young (Allocation Failure) 372M->185M(467M) 0.977ms
[778.436s][info][gc] GC(4789) Pause Young (Allocation Failure) 405M->188M(462M) 1.118ms
[778.541s][info][gc] GC(4790) Pause Young (Allocation Failure) 401M->189M(455M) 0.834ms
[778.642s][info][gc] GC(4791) Pause Young (Allocation Failure) 397M->191M(480M) 1.014ms
[778.757s][info][gc] GC(4792) Pause Young (Allocation Failure) 420M->192M(492M) 0.975ms
[778.872s][info][gc] GC(4793) Pause Young (Allocation Failure) 435M->194M(483M) 0.952ms
[778.993s][info][gc] GC(4794) Pause Young (Allocation Failure) 430M->196M(486M) 1.482ms
[779.114s][info][gc] GC(4795) Pause Young (Allocation Failure) 436M->200M(490M) 1.067ms
[779.230s][info][gc] GC(4796) Pause Young (Allocation Failure) 440M->201M(531M) 0.965ms
[779.427s][info][gc] GC(4797) Pause Young (Allocation Failure) 483M->205M(531M) 1.572ms
[779.565s][info][gc] GC(4798) Pause Young (Allocation Failure) 487M->207M(580M) 1.478ms
[779.741s][info][gc] GC(4799) Pause Young (Allocation Failure) 536M->210M(580M) 1.353ms
[779.907s][info][gc] GC(4800) Pause Young (Allocation Failure) 539M->212M(566M) 1.240ms
[780.069s][info][gc] GC(4801) Pause Young (Allocation Failure) 530M->215M(556M) 1.366ms
[780.223s][info][gc] GC(4802) Pause Young (Allocation Failure) 523M->217M(544M) 1.351ms
[780.372s][info][gc] GC(4803) Pause Young (Allocation Failure) 514M->220M(596M) 1.337ms
[780.542s][info][gc] GC(4804) Pause Young (Allocation Failure) 568M->222M(583M) 1.145ms
[780.710s][info][gc] GC(4805) Pause Young (Allocation Failure) 557M->225M(572M) 1.326ms
[780.875s][info][gc] GC(4806) Pause Young (Allocation Failure) 549M->228M(562M) 1.211ms
[781.024s][info][gc] GC(4807) Pause Young (Allocation Failure) 541M->230M(551M) 1.213ms
[781.180s][info][gc] GC(4808) Pause Young (Allocation Failure) 533M->232M(539M) 1.325ms
[781.319s][info][gc] GC(4809) Pause Young (Allocation Failure) 525M->235M(531M) 1.175ms
[781.457s][info][gc] GC(4810) Pause Young (Allocation Failure) 518M->237M(522M) 1.039ms
[781.596s][info][gc] GC(4811) Pause Young (Allocation Failure) 511M->239M(513M) 1.166ms
[781.728s][info][gc] GC(4812) Pause Young (Allocation Failure) 505M->242M(506M) 1.014ms
[781.854s][info][gc] GC(4813) Pause Young (Allocation Failure) 499M->244M(498M) 1.196ms
[781.975s][info][gc] GC(4814) Pause Young (Allocation Failure) 494M->246M(489M) 1.151ms
[782.111s][info][gc] GC(4815) Pause Full (Ergonomics) 488M->68M(513M) 17.082ms
[782.254s][info][gc] GC(4816) Pause Young (Allocation Failure) 350M->73M(509M) 1.008ms
[782.384s][info][gc] GC(4817) Pause Young (Allocation Failure) 347M->75M(500M) 0.981ms
[782.516s][info][gc] GC(4818) Pause Young (Allocation Failure) 340M->77M(491M) 0.886ms
[782.644s][info][gc] GC(4819) Pause Young (Allocation Failure) 334M->79M(484M) 0.906ms
[782.768s][info][gc] GC(4820) Pause Young (Allocation Failure) 328M->81M(477M) 1.042ms
[782.883s][info][gc] GC(4821) Pause Young (Allocation Failure) 323M->83M(470M) 0.833ms
[782.997s][info][gc] GC(4822) Pause Young (Allocation Failure) 318M->85M(463M) 0.810ms
[783.109s][info][gc] GC(4823) Pause Young (Allocation Failure) 313M->87M(456M) 0.853ms
[783.217s][info][gc] GC(4824) Pause Young (Allocation Failure) 308M->88M(450M) 0.848ms
[783.324s][info][gc] GC(4825) Pause Young (Allocation Failure) 303M->90M(444M) 0.838ms
[783.424s][info][gc] GC(4826) Pause Young (Allocation Failure) 299M->91M(438M) 0.792ms
[783.527s][info][gc] GC(4827) Pause Young (Allocation Failure) 295M->93M(433M) 0.827ms
[783.629s][info][gc] GC(4828) Pause Young (Allocation Failure) 292M->95M(427M) 0.765ms
[783.726s][info][gc] GC(4829) Pause Young (Allocation Failure) 288M->97M(423M) 0.845ms
[783.822s][info][gc] GC(4830) Pause Young (Allocation Failure) 285M->98M(418M) 0.749ms
[783.916s][info][gc] GC(4831) Pause Young (Allocation Failure) 281M->100M(414M) 0.935ms
[784.002s][info][gc] GC(4832) Pause Young (Allocation Failure) 279M->101M(407M) 0.794ms
[784.097s][info][gc] GC(4833) Pause Young (Allocation Failure) 275M->103M(404M) 0.873ms
[784.186s][info][gc] GC(4834) Pause Young (Allocation Failure) 273M->104M(432M) 0.810ms
[784.287s][info][gc] GC(4835) Pause Young (Allocation Failure) 302M->106M(427M) 0.795ms
[784.385s][info][gc] GC(4836) Pause Young (Allocation Failure) 299M->108M(422M) 0.799ms
[784.482s][info][gc] GC(4837) Pause Young (Allocation Failure) 295M->110M(417M) 0.800ms
[784.575s][info][gc] GC(4838) Pause Young (Allocation Failure) 293M->112M(412M) 0.849ms
[784.725s][info][gc] GC(4839) Pause Young (Allocation Failure) 290M->114M(409M) 1.219ms
[784.818s][info][gc] GC(4840) Pause Young (Allocation Failure) 287M->117M(403M) 0.905ms
[784.898s][info][gc] GC(4841) Pause Young (Allocation Failure) 286M->118M(431M) 0.918ms
[785.001s][info][gc] GC(4842) Pause Young (Allocation Failure) 316M->121M(467M) 0.914ms
[785.116s][info][gc] GC(4843) Pause Young (Allocation Failure) 353M->122M(506M) 0.947ms
[785.252s][info][gc] GC(4844) Pause Young (Allocation Failure) 393M->124M(496M) 0.971ms
[785.386s][info][gc] GC(4845) Pause Young (Allocation Failure) 387M->128M(490M) 0.960ms
[785.508s][info][gc] GC(4846) Pause Young (Allocation Failure) 382M->129M(482M) 0.977ms
[785.637s][info][gc] GC(4847) Pause Young (Allocation Failure) 376M->131M(474M) 0.937ms
[785.759s][info][gc] GC(4848) Pause Young (Allocation Failure) 371M->133M(467M) 0.975ms
[785.883s][info][gc] GC(4849) Pause Young (Allocation Failure) 366M->135M(461M) 0.845ms
[785.995s][info][gc] GC(4850) Pause Young (Allocation Failure) 361M->136M(454M) 0.850ms
[786.102s][info][gc] GC(4851) Pause Young (Allocation Failure) 356M->138M(448M) 0.892ms
[786.209s][info][gc] GC(4852) Pause Young (Allocation Failure) 352M->139M(441M) 0.901ms
[786.313s][info][gc] GC(4853) Pause Young (Allocation Failure) 347M->141M(436M) 0.825ms
[786.412s][info][gc] GC(4854) Pause Young (Allocation Failure) 343M->143M(431M) 0.835ms
[786.508s][info][gc] GC(4855) Pause Young (Allocation Failure) 340M->145M(426M) 1.045ms
[786.598s][info][gc] GC(4856) Pause Young (Allocation Failure) 337M->146M(421M) 0.804ms
[786.696s][info][gc] GC(4857) Pause Young (Allocation Failure) 333M->149M(416M) 0.890ms
[786.792s][info][gc] GC(4858) Pause Young (Allocation Failure) 330M->151M(411M) 0.771ms
[786.885s][info][gc] GC(4859) Pause Young (Allocation Failure) 328M->152M(407M) 1.087ms
[786.973s][info][gc] GC(4860) Pause Young (Allocation Failure) 325M->153M(402M) 0.763ms
[787.060s][info][gc] GC(4861) Pause Young (Allocation Failure) 321M->155M(431M) 0.908ms
[787.162s][info][gc] GC(4862) Pause Young (Allocation Failure) 352M->156M(465M) 0.849ms
[787.275s][info][gc] GC(4863) Pause Young (Allocation Failure) 387M->158M(458M) 0.931ms
[787.396s][info][gc] GC(4864) Pause Young (Allocation Failure) 382M->160M(452M) 0.863ms
[787.511s][info][gc] GC(4865) Pause Young (Allocation Failure) 377M->162M(446M) 0.949ms
[787.623s][info][gc] GC(4866) Pause Young (Allocation Failure) 373M->163M(438M) 0.864ms
[787.727s][info][gc] GC(4867) Pause Young (Allocation Failure) 369M->166M(435M) 0.938ms
[787.830s][info][gc] GC(4868) Pause Young (Allocation Failure) 366M->167M(429M) 0.838ms
[787.929s][info][gc] GC(4869) Pause Young (Allocation Failure) 361M->169M(424M) 0.881ms
[788.026s][info][gc] GC(4870) Pause Young (Allocation Failure) 358M->170M(418M) 0.891ms
[788.116s][info][gc] GC(4871) Pause Young (Allocation Failure) 354M->171M(414M) 0.876ms
[788.205s][info][gc] GC(4872) Pause Young (Allocation Failure) 351M->173M(444M) 0.922ms
[788.313s][info][gc] GC(4873) Pause Young (Allocation Failure) 384M->176M(439M) 0.862ms
[788.417s][info][gc] GC(4874) Pause Young (Allocation Failure) 380M->177M(443M) 1.014ms
[788.523s][info][gc] GC(4875) Pause Young (Allocation Failure) 386M->179M(446M) 0.998ms
[788.631s][info][gc] GC(4876) Pause Young (Allocation Failure) 388M->181M(480M) 1.030ms
[788.753s][info][gc] GC(4877) Pause Young (Allocation Failure) 425M->183M(481M) 1.268ms
[788.870s][info][gc] GC(4878) Pause Young (Allocation Failure) 427M->184M(522M) 1.046ms
[789.013s][info][gc] GC(4879) Pause Young (Allocation Failure) 469M->187M(522M) 1.109ms
[789.152s][info][gc] GC(4880) Pause Young (Allocation Failure) 472M->189M(570M) 1.098ms
[789.324s][info][gc] GC(4881) Pause Young (Allocation Failure) 522M->192M(559M) 1.421ms
[789.481s][info][gc] GC(4882) Pause Young (Allocation Failure) 514M->193M(543M) 1.077ms
[789.643s][info][gc] GC(4883) Pause Young (Allocation Failure) 505M->198M(538M) 1.078ms
[789.786s][info][gc] GC(4884) Pause Young (Allocation Failure) 500M->200M(528M) 1.054ms
[789.932s][info][gc] GC(4885) Pause Young (Allocation Failure) 493M->202M(518M) 0.980ms
[790.144s][info][gc] GC(4886) Pause Young (Allocation Failure) 485M->206M(509M) 1.026ms
[790.285s][info][gc] GC(4887) Pause Young (Allocation Failure) 480M->209M(501M) 1.239ms
[790.414s][info][gc] GC(4888) Pause Young (Allocation Failure) 475M->211M(493M) 1.109ms
[790.546s][info][gc] GC(4889) Pause Young (Allocation Failure) 468M->212M(484M) 0.899ms
[790.669s][info][gc] GC(4890) Pause Young (Allocation Failure) 462M->215M(477M) 0.948ms
[790.789s][info][gc] GC(4891) Pause Young (Allocation Failure) 457M->217M(470M) 0.979ms
[790.905s][info][gc] GC(4892) Pause Young (Allocation Failure) 452M->219M(464M) 1.037ms
[791.019s][info][gc] GC(4893) Pause Young (Allocation Failure) 447M->220M(457M) 0.991ms
[791.128s][info][gc] GC(4894) Pause Young (Allocation Failure) 442M->222M(451M) 0.948ms
[791.234s][info][gc] GC(4895) Pause Young (Allocation Failure) 438M->224M(445M) 0.994ms
[791.340s][info][gc] GC(4896) Pause Young (Allocation Failure) 434M->225M(480M) 1.010ms
[791.457s][info][gc] GC(4897) Pause Young (Allocation Failure) 471M->227M(473M) 1.064ms
[791.577s][info][gc] GC(4898) Pause Young (Allocation Failure) 465M->228M(465M) 0.977ms
[791.697s][info][gc] GC(4899) Pause Young (Allocation Failure) 460M->230M(459M) 0.950ms
[791.816s][info][gc] GC(4900) Pause Young (Allocation Failure) 455M->233M(454M) 0.941ms
[791.940s][info][gc] GC(4901) Pause Full (Ergonomics) 451M->55M(426M) 12.469ms
[792.042s][info][gc] GC(4902) Pause Young (Allocation Failure) 267M->60M(424M) 0.710ms
[792.146s][info][gc] GC(4903) Pause Young (Allocation Failure) 266M->62M(419M) 0.800ms
[792.247s][info][gc] GC(4904) Pause Young (Allocation Failure) 263M->63M(412M) 0.753ms
[792.339s][info][gc] GC(4905) Pause Young (Allocation Failure) 258M->64M(408M) 0.781ms
[792.431s][info][gc] GC(4906) Pause Young (Allocation Failure) 254M->65M(402M) 0.724ms
[792.522s][info][gc] GC(4907) Pause Young (Allocation Failure) 251M->67M(397M) 0.839ms
[792.611s][info][gc] GC(4908) Pause Young (Allocation Failure) 248M->70M(393M) 0.748ms
[792.698s][info][gc] GC(4909) Pause Young (Allocation Failure) 246M->72M(389M) 0.771ms
[792.784s][info][gc] GC(4910) Pause Young (Allocation Failure) 243M->73M(385M) 0.763ms
[792.866s][info][gc] GC(4911) Pause Young (Allocation Failure) 240M->74M(381M) 0.718ms
[792.944s][info][gc] GC(4912) Pause Young (Allocation Failure) 237M->75M(407M) 1.399ms
[793.060s][info][gc] GC(4913) Pause Young (Allocation Failure) 266M->78M(442M) 1.152ms
[793.177s][info][gc] GC(4914) Pause Young (Allocation Failure) 303M->80M(462M) 1.092ms
[793.311s][info][gc] GC(4915) Pause Young (Allocation Failure) 322M->81M(462M) 0.874ms
[793.432s][info][gc] GC(4916) Pause Young (Allocation Failure) 324M->84M(454M) 0.918ms
[793.545s][info][gc] GC(4917) Pause Young (Allocation Failure) 319M->86M(447M) 0.932ms
[793.657s][info][gc] GC(4918) Pause Young (Allocation Failure) 314M->87M(437M) 0.878ms
[793.769s][info][gc] GC(4919) Pause Young (Allocation Failure) 309M->91M(434M) 0.992ms
[793.872s][info][gc] GC(4920) Pause Young (Allocation Failure) 306M->92M(427M) 0.785ms
[793.979s][info][gc] GC(4921) Pause Young (Allocation Failure) 302M->94M(421M) 0.997ms
[794.082s][info][gc] GC(4922) Pause Young (Allocation Failure) 297M->95M(415M) 0.823ms
[794.179s][info][gc] GC(4923) Pause Young (Allocation Failure) 293M->97M(410M) 0.971ms
[794.275s][info][gc] GC(4924) Pause Young (Allocation Failure) 290M->99M(405M) 0.802ms
[794.369s][info][gc] GC(4925) Pause Young (Allocation Failure) 286M->100M(437M) 1.025ms
[794.480s][info][gc] GC(4926) Pause Young (Allocation Failure) 320M->102M(431M) 0.756ms
[794.590s][info][gc] GC(4927) Pause Young (Allocation Failure) 315M->104M(468M) 1.150ms
[794.719s][info][gc] GC(4928) Pause Young (Allocation Failure) 354M->106M(460M) 0.856ms
[794.841s][info][gc] GC(4929) Pause Young (Allocation Failure) 348M->108M(454M) 1.081ms
[794.961s][info][gc] GC(4930) Pause Young (Allocation Failure) 343M->109M(446M) 1.051ms
[795.077s][info][gc] GC(4931) Pause Young (Allocation Failure) 338M->111M(440M) 0.899ms
[795.193s][info][gc] GC(4932) Pause Young (Allocation Failure) 333M->112M(433M) 1.023ms
[795.302s][info][gc] GC(4933) Pause Young (Allocation Failure) 328M->114M(427M) 1.180ms
[795.409s][info][gc] GC(4934) Pause Young (Allocation Failure) 323M->115M(421M) 0.735ms
[795.660s][info][gc] GC(4935) Pause Young (Allocation Failure) 319M->118M(416M) 1.168ms
[795.854s][info][gc] GC(4936) Pause Young (Allocation Failure) 316M->119M(408M) 0.857ms
[796.049s][info][gc] GC(4937) Pause Young (Allocation Failure) 311M->121M(404M) 0.733ms
[796.215s][info][gc] GC(4938) Pause Young (Allocation Failure) 309M->122M(399M) 0.738ms
[796.394s][info][gc] GC(4939) Pause Young (Allocation Failure) 305M->124M(394M) 0.706ms
[796.564s][info][gc] GC(4940) Pause Young (Allocation Failure) 302M->125M(389M) 0.665ms
[796.732s][info][gc] GC(4941) Pause Young (Allocation Failure) 298M->126M(385M) 0.660ms
[796.891s][info][gc] GC(4942) Pause Young (Allocation Failure) 295M->128M(381M) 0.622ms
[797.048s][info][gc] GC(4943) Pause Young (Allocation Failure) 293M->129M(377M) 0.672ms
[797.200s][info][gc] GC(4944) Pause Young (Allocation Failure) 290M->130M(373M) 0.847ms
[797.353s][info][gc] GC(4945) Pause Young (Allocation Failure) 287M->132M(369M) 0.861ms
[797.502s][info][gc] GC(4946) Pause Young (Allocation Failure) 285M->133M(366M) 0.669ms
[797.647s][info][gc] GC(4947) Pause Young (Allocation Failure) 283M->134M(362M) 0.746ms
[797.787s][info][gc] GC(4948) Pause Young (Allocation Failure) 280M->135M(359M) 0.690ms
[797.920s][info][gc] GC(4949) Pause Young (Allocation Failure) 278M->136M(356M) 0.905ms
[798.061s][info][gc] GC(4950) Pause Young (Allocation Failure) 276M->137M(353M) 0.630ms
[798.189s][info][gc] GC(4951) Pause Young (Allocation Failure) 274M->138M(350M) 0.649ms
[798.317s][info][gc] GC(4952) Pause Young (Allocation Failure) 272M->139M(347M) 0.618ms
[798.442s][info][gc] GC(4953) Pause Young (Allocation Failure) 270M->141M(344M) 0.629ms
[798.569s][info][gc] GC(4954) Pause Young (Allocation Failure) 269M->142M(341M) 0.640ms
[798.688s][info][gc] GC(4955) Pause Young (Allocation Failure) 267M->143M(339M) 0.710ms
[798.806s][info][gc] GC(4956) Pause Young (Allocation Failure) 266M->144M(336M) 0.632ms
[798.920s][info][gc] GC(4957) Pause Young (Allocation Failure) 264M->144M(334M) 0.602ms
[799.032s][info][gc] GC(4958) Pause Young (Allocation Failure) 262M->145M(331M) 0.649ms
[799.143s][info][gc] GC(4959) Pause Young (Allocation Failure) 261M->146M(329M) 0.691ms
[799.250s][info][gc] GC(4960) Pause Young (Allocation Failure) 259M->146M(326M) 0.763ms
[799.366s][info][gc] GC(4961) Pause Young (Allocation Failure) 258M->148M(325M) 0.654ms
[799.465s][info][gc] GC(4962) Pause Young (Allocation Failure) 257M->148M(323M) 0.628ms
[799.568s][info][gc] GC(4963) Pause Young (Allocation Failure) 256M->149M(320M) 0.556ms
[799.674s][info][gc] GC(4964) Pause Young (Allocation Failure) 255M->151M(319M) 0.566ms
[799.774s][info][gc] GC(4965) Pause Young (Allocation Failure) 254M->151M(317M) 0.756ms
[799.867s][info][gc] GC(4966) Pause Young (Allocation Failure) 253M->152M(314M) 0.564ms
[799.959s][info][gc] GC(4967) Pause Young (Allocation Failure) 251M->153M(313M) 0.566ms
[800.054s][info][gc] GC(4968) Pause Young (Allocation Failure) 251M->153M(311M) 0.578ms
[800.149s][info][gc] GC(4969) Pause Young (Allocation Failure) 250M->155M(310M) 0.577ms
[800.242s][info][gc] GC(4970) Pause Young (Allocation Failure) 250M->156M(309M) 0.603ms
[800.335s][info][gc] GC(4971) Pause Young (Allocation Failure) 249M->156M(307M) 0.589ms
[800.420s][info][gc] GC(4972) Pause Young (Allocation Failure) 248M->157M(306M) 0.668ms
[800.511s][info][gc] GC(4973) Pause Young (Allocation Failure) 248M->158M(304M) 0.729ms
[800.658s][info][gc] GC(4974) Pause Young (Allocation Failure) 247M->159M(303M) 0.687ms
[800.734s][info][gc] GC(4975) Pause Young (Allocation Failure) 247M->160M(300M) 0.631ms
[800.821s][info][gc] GC(4976) Pause Young (Allocation Failure) 246M->162M(300M) 0.582ms
[800.904s][info][gc] GC(4977) Pause Young (Allocation Failure) 246M->162M(299M) 0.585ms
[800.984s][info][gc] GC(4978) Pause Young (Allocation Failure) 246M->163M(298M) 0.579ms
[801.062s][info][gc] GC(4979) Pause Young (Allocation Failure) 245M->164M(297M) 0.577ms
[801.132s][info][gc] GC(4980) Pause Young (Allocation Failure) 245M->164M(295M) 0.622ms
[801.215s][info][gc] GC(4981) Pause Young (Allocation Failure) 245M->166M(295M) 0.561ms
[801.297s][info][gc] GC(4982) Pause Young (Allocation Failure) 245M->166M(294M) 0.564ms
[801.377s][info][gc] GC(4983) Pause Young (Allocation Failure) 245M->167M(293M) 0.665ms
[801.443s][info][gc] GC(4984) Pause Young (Allocation Failure) 245M->167M(291M) 0.526ms
[801.521s][info][gc] GC(4985) Pause Young (Allocation Failure) 243M->169M(291M) 0.755ms
[801.596s][info][gc] GC(4986) Pause Young (Allocation Failure) 244M->170M(290M) 0.542ms
[801.669s][info][gc] GC(4987) Pause Young (Allocation Failure) 244M->170M(289M) 0.577ms
[801.732s][info][gc] GC(4988) Pause Young (Allocation Failure) 244M->170M(287M) 0.577ms
[801.804s][info][gc] GC(4989) Pause Young (Allocation Failure) 243M->172M(287M) 0.588ms
[801.870s][info][gc] GC(4990) Pause Young (Allocation Failure) 244M->173M(285M) 0.685ms
[801.937s][info][gc] GC(4991) Pause Young (Allocation Failure) 243M->173M(284M) 0.604ms
[802.010s][info][gc] GC(4992) Pause Young (Allocation Failure) 243M->175M(284M) 0.608ms
[802.077s][info][gc] GC(4993) Pause Young (Allocation Failure) 243M->176M(283M) 0.655ms
[802.137s][info][gc] GC(4994) Pause Young (Allocation Failure) 243M->176M(281M) 0.566ms
[802.204s][info][gc] GC(4995) Pause Young (Allocation Failure) 242M->177M(281M) 0.538ms
[802.270s][info][gc] GC(4996) Pause Young (Allocation Failure) 243M->178M(280M) 0.566ms
[802.330s][info][gc] GC(4997) Pause Young (Allocation Failure) 243M->179M(279M) 0.557ms
[802.398s][info][gc] GC(4998) Pause Young (Allocation Failure) 243M->180M(279M) 0.566ms
[802.459s][info][gc] GC(4999) Pause Young (Allocation Failure) 244M->180M(278M) 0.538ms
[802.521s][info][gc] GC(5000) Pause Young (Allocation Failure) 244M->182M(289M) 0.655ms
[802.595s][info][gc] GC(5001) Pause Young (Allocation Failure) 256M->183M(303M) 0.636ms
[802.678s][info][gc] GC(5002) Pause Young (Allocation Failure) 270M->183M(301M) 0.567ms
[802.751s][info][gc] GC(5003) Pause Young (Allocation Failure) 269M->184M(299M) 0.543ms
[802.836s][info][gc] GC(5004) Pause Young (Allocation Failure) 268M->186M(299M) 0.554ms
[802.919s][info][gc] GC(5005) Pause Young (Allocation Failure) 269M->186M(298M) 0.640ms
[803.003s][info][gc] GC(5006) Pause Young (Allocation Failure) 269M->187M(297M) 0.759ms
[803.082s][info][gc] GC(5007) Pause Young (Allocation Failure) 269M->187M(296M) 0.572ms
[803.155s][info][gc] GC(5008) Pause Young (Allocation Failure) 268M->188M(294M) 0.674ms
[803.234s][info][gc] GC(5009) Pause Young (Allocation Failure) 268M->190M(294M) 0.633ms
[803.315s][info][gc] GC(5010) Pause Young (Allocation Failure) 268M->191M(293M) 0.639ms
[803.390s][info][gc] GC(5011) Pause Young (Allocation Failure) 268M->191M(292M) 0.695ms
[803.459s][info][gc] GC(5012) Pause Young (Allocation Failure) 268M->191M(290M) 0.609ms
[803.540s][info][gc] GC(5013) Pause Young (Allocation Failure) 267M->193M(290M) 0.601ms
[803.610s][info][gc] GC(5014) Pause Young (Allocation Failure) 268M->194M(288M) 0.552ms
[803.688s][info][gc] GC(5015) Pause Young (Allocation Failure) 267M->194M(288M) 0.620ms
[803.755s][info][gc] GC(5016) Pause Young (Allocation Failure) 267M->195M(286M) 0.629ms
[803.826s][info][gc] GC(5017) Pause Young (Allocation Failure) 266M->197M(286M) 0.728ms
[803.896s][info][gc] GC(5018) Pause Young (Allocation Failure) 267M->197M(285M) 0.580ms
[803.956s][info][gc] GC(5019) Pause Young (Allocation Failure) 266M->198M(283M) 0.622ms
[804.024s][info][gc] GC(5020) Pause Young (Allocation Failure) 266M->199M(283M) 0.579ms
[804.084s][info][gc] GC(5021) Pause Young (Allocation Failure) 267M->199M(281M) 0.522ms
[804.150s][info][gc] GC(5022) Pause Young (Allocation Failure) 265M->200M(292M) 0.683ms
[804.231s][info][gc] GC(5023) Pause Young (Allocation Failure) 278M->201M(292M) 0.580ms
[804.309s][info][gc] GC(5024) Pause Young (Allocation Failure) 278M->202M(291M) 0.568ms
[804.377s][info][gc] GC(5025) Pause Young (Allocation Failure) 278M->203M(289M) 0.600ms
[804.455s][info][gc] GC(5026) Pause Young (Allocation Failure) 278M->205M(289M) 0.615ms
[804.529s][info][gc] GC(5027) Pause Young (Allocation Failure) 279M->205M(288M) 0.671ms
[804.594s][info][gc] GC(5028) Pause Young (Allocation Failure) 278M->205M(287M) 0.655ms
[804.670s][info][gc] GC(5029) Pause Young (Allocation Failure) 277M->206M(286M) 0.723ms
[804.743s][info][gc] GC(5030) Pause Young (Allocation Failure) 277M->207M(285M) 0.591ms
[804.818s][info][gc] GC(5031) Pause Young (Allocation Failure) 277M->208M(284M) 0.599ms
[804.884s][info][gc] GC(5032) Pause Young (Allocation Failure) 277M->208M(282M) 0.698ms
[804.950s][info][gc] GC(5033) Pause Young (Allocation Failure) 276M->210M(284M) 0.662ms
[805.011s][info][gc] GC(5034) Pause Young (Allocation Failure) 278M->209M(296M) 0.547ms
[805.094s][info][gc] GC(5035) Pause Young (Allocation Failure) 289M->211M(294M) 0.603ms
[805.176s][info][gc] GC(5036) Pause Young (Allocation Failure) 290M->212M(294M) 0.641ms
[805.254s][info][gc] GC(5037) Pause Young (Allocation Failure) 290M->213M(293M) 0.665ms
[805.322s][info][gc] GC(5038) Pause Young (Allocation Failure) 290M->213M(291M) 0.535ms
[805.422s][info][gc] GC(5039) Pause Full (Ergonomics) 289M->62M(289M) 18.442ms
[805.500s][info][gc] GC(5040) Pause Young (Allocation Failure) 137M->64M(290M) 0.598ms
[805.580s][info][gc] GC(5041) Pause Young (Allocation Failure) 138M->65M(290M) 0.567ms
[805.641s][info][gc] GC(5042) Pause Young (Allocation Failure) 138M->66M(288M) 0.555ms
[805.715s][info][gc] GC(5043) Pause Young (Allocation Failure) 138M->67M(287M) 0.485ms
[805.839s][info][gc] GC(5044) Pause Young (Allocation Failure) 138M->68M(287M) 0.531ms
[805.905s][info][gc] GC(5045) Pause Young (Allocation Failure) 138M->69M(284M) 0.594ms
[805.973s][info][gc] GC(5046) Pause Young (Allocation Failure) 138M->71M(284M) 0.511ms
[806.033s][info][gc] GC(5047) Pause Young (Allocation Failure) 139M->71M(282M) 0.598ms
[806.101s][info][gc] GC(5048) Pause Young (Allocation Failure) 138M->72M(282M) 0.596ms
[806.168s][info][gc] GC(5049) Pause Young (Allocation Failure) 138M->73M(281M) 0.506ms
[806.225s][info][gc] GC(5050) Pause Young (Allocation Failure) 138M->74M(281M) 0.509ms
[806.292s][info][gc] GC(5051) Pause Young (Allocation Failure) 138M->75M(280M) 0.475ms
[806.358s][info][gc] GC(5052) Pause Young (Allocation Failure) 139M->76M(280M) 0.504ms
[806.411s][info][gc] GC(5053) Pause Young (Allocation Failure) 139M->76M(278M) 0.521ms
[806.472s][info][gc] GC(5054) Pause Young (Allocation Failure) 139M->78M(279M) 0.485ms
[806.529s][info][gc] GC(5055) Pause Young (Allocation Failure) 140M->78M(277M) 0.489ms
[806.591s][info][gc] GC(5056) Pause Young (Allocation Failure) 140M->80M(278M) 0.476ms
[806.648s][info][gc] GC(5057) Pause Young (Allocation Failure) 141M->80M(276M) 0.407ms
[806.711s][info][gc] GC(5058) Pause Young (Allocation Failure) 141M->81M(277M) 0.524ms
[806.773s][info][gc] GC(5059) Pause Young (Allocation Failure) 142M->82M(276M) 0.584ms
[806.826s][info][gc] GC(5060) Pause Young (Allocation Failure) 142M->82M(276M) 0.513ms
[806.886s][info][gc] GC(5061) Pause Young (Allocation Failure) 142M->84M(275M) 0.523ms
[806.936s][info][gc] GC(5062) Pause Young (Allocation Failure) 143M->84M(275M) 0.501ms
[806.996s][info][gc] GC(5063) Pause Young (Allocation Failure) 143M->86M(275M) 0.542ms
[807.047s][info][gc] GC(5064) Pause Young (Allocation Failure) 144M->86M(275M) 0.525ms
[807.106s][info][gc] GC(5065) Pause Young (Allocation Failure) 144M->88M(275M) 0.541ms
[807.165s][info][gc] GC(5066) Pause Young (Allocation Failure) 146M->88M(273M) 0.503ms
[807.218s][info][gc] GC(5067) Pause Young (Allocation Failure) 145M->88M(284M) 0.511ms
[807.287s][info][gc] GC(5068) Pause Young (Allocation Failure) 155M->90M(282M) 0.489ms
[807.345s][info][gc] GC(5069) Pause Young (Allocation Failure) 156M->90M(280M) 0.521ms
[807.408s][info][gc] GC(5070) Pause Young (Allocation Failure) 155M->92M(281M) 0.527ms
[807.475s][info][gc] GC(5071) Pause Young (Allocation Failure) 156M->92M(280M) 0.514ms
[807.535s][info][gc] GC(5072) Pause Young (Allocation Failure) 156M->93M(280M) 0.474ms
[807.599s][info][gc] GC(5073) Pause Young (Allocation Failure) 156M->94M(279M) 0.477ms
[807.655s][info][gc] GC(5074) Pause Young (Allocation Failure) 157M->95M(279M) 0.527ms
[807.721s][info][gc] GC(5075) Pause Young (Allocation Failure) 157M->96M(278M) 0.546ms
[807.782s][info][gc] GC(5076) Pause Young (Allocation Failure) 158M->97M(278M) 0.538ms
[807.836s][info][gc] GC(5077) Pause Young (Allocation Failure) 158M->97M(276M) 0.499ms
[807.897s][info][gc] GC(5078) Pause Young (Allocation Failure) 158M->99M(277M) 0.461ms
[807.950s][info][gc] GC(5079) Pause Young (Allocation Failure) 159M->99M(275M) 0.472ms
[808.013s][info][gc] GC(5080) Pause Young (Allocation Failure) 159M->101M(276M) 0.495ms
[808.064s][info][gc] GC(5081) Pause Young (Allocation Failure) 161M->101M(274M) 0.463ms
[808.123s][info][gc] GC(5082) Pause Young (Allocation Failure) 160M->103M(275M) 0.558ms
[808.180s][info][gc] GC(5083) Pause Young (Allocation Failure) 161M->103M(274M) 0.562ms
[808.235s][info][gc] GC(5084) Pause Young (Allocation Failure) 161M->104M(275M) 0.559ms
[808.294s][info][gc] GC(5085) Pause Young (Allocation Failure) 162M->105M(273M) 0.528ms
[808.347s][info][gc] GC(5086) Pause Young (Allocation Failure) 162M->106M(274M) 0.455ms
[808.403s][info][gc] GC(5087) Pause Young (Allocation Failure) 163M->107M(272M) 0.471ms
[808.462s][info][gc] GC(5088) Pause Young (Allocation Failure) 163M->108M(272M) 0.498ms
[808.518s][info][gc] GC(5089) Pause Young (Allocation Failure) 164M->109M(273M) 0.600ms
[808.569s][info][gc] GC(5090) Pause Young (Allocation Failure) 165M->109M(283M) 0.535ms
[808.638s][info][gc] GC(5091) Pause Young (Allocation Failure) 175M->111M(283M) 0.673ms
[808.706s][info][gc] GC(5092) Pause Young (Allocation Failure) 177M->111M(295M) 0.586ms
[808.776s][info][gc] GC(5093) Pause Young (Allocation Failure) 189M->112M(292M) 0.537ms
[808.857s][info][gc] GC(5094) Pause Young (Allocation Failure) 189M->114M(292M) 0.564ms
[808.927s][info][gc] GC(5095) Pause Young (Allocation Failure) 190M->114M(291M) 0.496ms
[808.993s][info][gc] GC(5096) Pause Young (Allocation Failure) 189M->114M(290M) 0.407ms
[809.068s][info][gc] GC(5097) Pause Young (Allocation Failure) 188M->116M(289M) 0.561ms
[809.141s][info][gc] GC(5098) Pause Young (Allocation Failure) 189M->116M(288M) 0.537ms
[809.217s][info][gc] GC(5099) Pause Young (Allocation Failure) 188M->117M(287M) 0.573ms
[809.280s][info][gc] GC(5100) Pause Young (Allocation Failure) 188M->118M(286M) 0.564ms
[809.343s][info][gc] GC(5101) Pause Young (Allocation Failure) 188M->119M(285M) 0.536ms
[809.417s][info][gc] GC(5102) Pause Young (Allocation Failure) 188M->120M(284M) 0.517ms
[809.479s][info][gc] GC(5103) Pause Young (Allocation Failure) 188M->121M(282M) 0.548ms
[809.545s][info][gc] GC(5104) Pause Young (Allocation Failure) 188M->122M(282M) 0.567ms
[809.604s][info][gc] GC(5105) Pause Young (Allocation Failure) 188M->122M(280M) 0.640ms
[809.677s][info][gc] GC(5106) Pause Young (Allocation Failure) 187M->124M(281M) 0.533ms
[809.747s][info][gc] GC(5107) Pause Young (Allocation Failure) 188M->125M(280M) 0.620ms
[809.802s][info][gc] GC(5108) Pause Young (Allocation Failure) 189M->125M(280M) 0.501ms
[809.866s][info][gc] GC(5109) Pause Young (Allocation Failure) 188M->126M(279M) 0.657ms
[809.918s][info][gc] GC(5110) Pause Young (Allocation Failure) 189M->126M(279M) 0.424ms
[809.985s][info][gc] GC(5111) Pause Young (Allocation Failure) 188M->127M(278M) 0.583ms
[810.048s][info][gc] GC(5112) Pause Young (Allocation Failure) 189M->128M(278M) 0.613ms
[810.105s][info][gc] GC(5113) Pause Young (Allocation Failure) 190M->129M(279M) 0.718ms
[810.167s][info][gc] GC(5114) Pause Young (Allocation Failure) 190M->130M(289M) 0.583ms
[810.233s][info][gc] GC(5115) Pause Young (Allocation Failure) 203M->130M(289M) 0.499ms
[810.306s][info][gc] GC(5116) Pause Young (Allocation Failure) 203M->132M(287M) 0.582ms
[810.376s][info][gc] GC(5117) Pause Young (Allocation Failure) 203M->132M(286M) 0.562ms
[810.438s][info][gc] GC(5118) Pause Young (Allocation Failure) 203M->132M(285M) 0.505ms
[810.508s][info][gc] GC(5119) Pause Young (Allocation Failure) 202M->134M(298M) 0.730ms
[810.585s][info][gc] GC(5120) Pause Young (Allocation Failure) 215M->135M(297M) 0.488ms
[810.663s][info][gc] GC(5121) Pause Young (Allocation Failure) 215M->135M(296M) 0.592ms
[810.736s][info][gc] GC(5122) Pause Young (Allocation Failure) 215M->136M(294M) 0.601ms
[810.813s][info][gc] GC(5123) Pause Young (Allocation Failure) 214M->137M(293M) 0.507ms
[810.887s][info][gc] GC(5124) Pause Young (Allocation Failure) 215M->138M(292M) 0.525ms
[811.017s][info][gc] GC(5125) Pause Young (Allocation Failure) 214M->137M(290M) 0.408ms
[811.099s][info][gc] GC(5126) Pause Young (Allocation Failure) 213M->140M(291M) 0.722ms
[811.176s][info][gc] GC(5127) Pause Young (Allocation Failure) 215M->141M(290M) 0.636ms
[811.251s][info][gc] GC(5128) Pause Young (Allocation Failure) 214M->142M(289M) 0.548ms
[811.315s][info][gc] GC(5129) Pause Young (Allocation Failure) 214M->142M(287M) 0.801ms
[811.387s][info][gc] GC(5130) Pause Young (Allocation Failure) 213M->143M(287M) 0.508ms
[811.460s][info][gc] GC(5131) Pause Young (Allocation Failure) 214M->144M(286M) 0.581ms
[811.517s][info][gc] GC(5132) Pause Young (Allocation Failure) 214M->145M(285M) 0.541ms
[811.589s][info][gc] GC(5133) Pause Young (Allocation Failure) 213M->146M(283M) 0.518ms
[811.657s][info][gc] GC(5134) Pause Young (Allocation Failure) 213M->147M(283M) 0.578ms
[811.717s][info][gc] GC(5135) Pause Young (Allocation Failure) 213M->147M(281M) 0.573ms
[811.781s][info][gc] GC(5136) Pause Young (Allocation Failure) 213M->149M(282M) 0.577ms
[811.836s][info][gc] GC(5137) Pause Young (Allocation Failure) 214M->149M(280M) 0.517ms
[811.906s][info][gc] GC(5138) Pause Young (Allocation Failure) 213M->150M(281M) 0.508ms
[811.971s][info][gc] GC(5139) Pause Young (Allocation Failure) 214M->151M(280M) 0.557ms
[812.028s][info][gc] GC(5140) Pause Young (Allocation Failure) 215M->152M(280M) 0.602ms
[812.093s][info][gc] GC(5141) Pause Young (Allocation Failure) 215M->153M(279M) 0.522ms
[812.146s][info][gc] GC(5142) Pause Young (Allocation Failure) 215M->153M(280M) 0.594ms
[812.211s][info][gc] GC(5143) Pause Young (Allocation Failure) 215M->154M(278M) 0.749ms
[812.276s][info][gc] GC(5144) Pause Young (Allocation Failure) 216M->155M(278M) 0.515ms
[812.331s][info][gc] GC(5145) Pause Young (Allocation Failure) 217M->156M(276M) 0.517ms
[812.394s][info][gc] GC(5146) Pause Young (Allocation Failure) 217M->157M(277M) 0.567ms
[812.446s][info][gc] GC(5147) Pause Young (Allocation Failure) 218M->157M(275M) 0.474ms
[812.509s][info][gc] GC(5148) Pause Young (Allocation Failure) 217M->159M(276M) 0.547ms
[812.571s][info][gc] GC(5149) Pause Young (Allocation Failure) 218M->159M(275M) 0.603ms
[812.624s][info][gc] GC(5150) Pause Young (Allocation Failure) 218M->160M(276M) 0.637ms
[812.683s][info][gc] GC(5151) Pause Young (Allocation Failure) 219M->161M(276M) 0.539ms
[812.733s][info][gc] GC(5152) Pause Young (Allocation Failure) 220M->162M(286M) 0.541ms
[812.801s][info][gc] GC(5153) Pause Young (Allocation Failure) 231M->163M(286M) 0.688ms
[812.873s][info][gc] GC(5154) Pause Young (Allocation Failure) 233M->164M(298M) 0.585ms
[812.946s][info][gc] GC(5155) Pause Young (Allocation Failure) 245M->165M(298M) 0.650ms
[813.029s][info][gc] GC(5156) Pause Young (Allocation Failure) 246M->166M(297M) 0.664ms
[813.106s][info][gc] GC(5157) Pause Young (Allocation Failure) 247M->167M(296M) 0.627ms
[813.183s][info][gc] GC(5158) Pause Young (Allocation Failure) 247M->167M(294M) 0.621ms
[813.252s][info][gc] GC(5159) Pause Young (Allocation Failure) 246M->168M(293M) 0.635ms
[813.330s][info][gc] GC(5160) Pause Young (Allocation Failure) 246M->170M(293M) 0.592ms
[813.403s][info][gc] GC(5161) Pause Young (Allocation Failure) 247M->171M(292M) 0.656ms
[813.470s][info][gc] GC(5162) Pause Young (Allocation Failure) 246M->170M(290M) 0.543ms
[813.549s][info][gc] GC(5163) Pause Young (Allocation Failure) 245M->172M(289M) 0.654ms
[813.622s][info][gc] GC(5164) Pause Young (Allocation Failure) 245M->173M(289M) 0.603ms
[813.695s][info][gc] GC(5165) Pause Young (Allocation Failure) 245M->173M(288M) 0.598ms
[813.759s][info][gc] GC(5166) Pause Young (Allocation Failure) 245M->174M(286M) 0.596ms
[813.832s][info][gc] GC(5167) Pause Young (Allocation Failure) 245M->176M(286M) 0.626ms
[813.900s][info][gc] GC(5168) Pause Young (Allocation Failure) 245M->176M(285M) 0.679ms
[813.962s][info][gc] GC(5169) Pause Young (Allocation Failure) 245M->177M(296M) 0.643ms
[814.045s][info][gc] GC(5170) Pause Young (Allocation Failure) 257M->178M(296M) 0.576ms
[814.121s][info][gc] GC(5171) Pause Young (Allocation Failure) 258M->179M(295M) 0.534ms
[814.199s][info][gc] GC(5172) Pause Young (Allocation Failure) 257M->179M(294M) 0.535ms
[814.269s][info][gc] GC(5173) Pause Young (Allocation Failure) 257M->180M(292M) 0.583ms
[814.346s][info][gc] GC(5174) Pause Young (Allocation Failure) 257M->181M(292M) 0.535ms
[814.415s][info][gc] GC(5175) Pause Young (Allocation Failure) 257M->182M(291M) 0.495ms
[814.486s][info][gc] GC(5176) Pause Young (Allocation Failure) 257M->182M(290M) 0.452ms
[814.555s][info][gc] GC(5177) Pause Young (Allocation Failure) 255M->183M(288M) 0.575ms
[814.632s][info][gc] GC(5178) Pause Young (Allocation Failure) 256M->185M(288M) 0.569ms
[814.706s][info][gc] GC(5179) Pause Young (Allocation Failure) 256M->185M(287M) 0.580ms
[814.773s][info][gc] GC(5180) Pause Young (Allocation Failure) 256M->186M(286M) 0.696ms
[814.845s][info][gc] GC(5181) Pause Young (Allocation Failure) 255M->187M(285M) 0.741ms
[814.917s][info][gc] GC(5182) Pause Young (Allocation Failure) 256M->188M(284M) 0.628ms
[814.976s][info][gc] GC(5183) Pause Young (Allocation Failure) 255M->188M(285M) 0.646ms
[815.047s][info][gc] GC(5184) Pause Young (Allocation Failure) 256M->190M(283M) 0.613ms
[815.109s][info][gc] GC(5185) Pause Young (Allocation Failure) 256M->190M(281M) 0.561ms
[815.174s][info][gc] GC(5186) Pause Young (Allocation Failure) 255M->191M(293M) 0.638ms
[815.249s][info][gc] GC(5187) Pause Young (Allocation Failure) 267M->192M(294M) 0.670ms
[815.325s][info][gc] GC(5188) Pause Young (Allocation Failure) 268M->193M(307M) 0.654ms
[815.411s][info][gc] GC(5189) Pause Young (Allocation Failure) 283M->193M(304M) 0.619ms
[815.491s][info][gc] GC(5190) Pause Young (Allocation Failure) 282M->195M(303M) 0.592ms
[815.582s][info][gc] GC(5191) Pause Young (Allocation Failure) 282M->196M(302M) 0.676ms
[815.665s][info][gc] GC(5192) Pause Young (Allocation Failure) 281M->196M(300M) 0.681ms
[815.750s][info][gc] GC(5193) Pause Young (Allocation Failure) 280M->198M(299M) 0.704ms
[815.823s][info][gc] GC(5194) Pause Young (Allocation Failure) 280M->198M(297M) 0.594ms
[815.906s][info][gc] GC(5195) Pause Young (Allocation Failure) 279M->199M(296M) 0.651ms
[815.988s][info][gc] GC(5196) Pause Young (Allocation Failure) 280M->200M(296M) 0.662ms
[816.068s][info][gc] GC(5197) Pause Young (Allocation Failure) 280M->201M(295M) 0.716ms
[816.165s][info][gc] GC(5198) Pause Young (Allocation Failure) 280M->200M(293M) 0.496ms
[816.280s][info][gc] GC(5199) Pause Young (Allocation Failure) 278M->203M(293M) 0.734ms
[816.356s][info][gc] GC(5200) Pause Young (Allocation Failure) 279M->204M(292M) 0.757ms
[816.434s][info][gc] GC(5201) Pause Young (Allocation Failure) 279M->204M(291M) 0.635ms
[816.497s][info][gc] GC(5202) Pause Young (Allocation Failure) 279M->205M(289M) 0.587ms
[816.569s][info][gc] GC(5203) Pause Young (Allocation Failure) 278M->207M(289M) 0.642ms
[816.643s][info][gc] GC(5204) Pause Young (Allocation Failure) 279M->207M(288M) 0.579ms
[816.707s][info][gc] GC(5205) Pause Young (Allocation Failure) 278M->208M(286M) 0.614ms
[816.782s][info][gc] GC(5206) Pause Young (Allocation Failure) 278M->209M(286M) 0.557ms
[816.849s][info][gc] GC(5207) Pause Young (Allocation Failure) 279M->210M(285M) 0.552ms
[816.912s][info][gc] GC(5208) Pause Young (Allocation Failure) 278M->210M(284M) 0.666ms
[816.982s][info][gc] GC(5209) Pause Young (Allocation Failure) 278M->212M(283M) 0.639ms
[817.048s][info][gc] GC(5210) Pause Young (Allocation Failure) 278M->212M(282M) 0.560ms
[817.108s][info][gc] GC(5211) Pause Young (Allocation Failure) 278M->213M(280M) 0.600ms
[817.181s][info][gc] GC(5212) Pause Full (Ergonomics) 278M->33M(248M) 8.017ms
[817.232s][info][gc] GC(5213) Pause Young (Allocation Failure) 98M->34M(245M) 0.284ms
[817.300s][info][gc] GC(5214) Pause Young (Allocation Failure) 98M->36M(247M) 0.423ms
[817.362s][info][gc] GC(5215) Pause Young (Allocation Failure) 99M->36M(245M) 0.437ms
[817.421s][info][gc] GC(5216) Pause Young (Allocation Failure) 99M->37M(246M) 0.427ms
[817.483s][info][gc] GC(5217) Pause Young (Allocation Failure) 100M->39M(245M) 0.460ms
[817.535s][info][gc] GC(5218) Pause Young (Allocation Failure) 101M->39M(245M) 0.409ms
[817.597s][info][gc] GC(5219) Pause Young (Allocation Failure) 100M->40M(243M) 0.417ms
[817.667s][info][gc] GC(5220) Pause Young (Allocation Failure) 101M->41M(244M) 0.448ms
[817.715s][info][gc] GC(5221) Pause Young (Allocation Failure) 102M->41M(241M) 0.441ms
[817.776s][info][gc] GC(5222) Pause Young (Allocation Failure) 101M->43M(243M) 0.458ms
[817.830s][info][gc] GC(5223) Pause Young (Allocation Failure) 103M->44M(241M) 0.454ms
[817.892s][info][gc] GC(5224) Pause Young (Allocation Failure) 103M->45M(242M) 0.474ms
[817.942s][info][gc] GC(5225) Pause Young (Allocation Failure) 104M->45M(240M) 0.479ms
[818.000s][info][gc] GC(5226) Pause Young (Allocation Failure) 103M->46M(240M) 0.501ms
[818.060s][info][gc] GC(5227) Pause Young (Allocation Failure) 104M->47M(239M) 0.420ms
[818.110s][info][gc] GC(5228) Pause Young (Allocation Failure) 104M->48M(239M) 0.441ms
[818.170s][info][gc] GC(5229) Pause Young (Allocation Failure) 104M->49M(239M) 0.818ms
[818.220s][info][gc] GC(5230) Pause Young (Allocation Failure) 105M->50M(238M) 0.481ms
[818.274s][info][gc] GC(5231) Pause Young (Allocation Failure) 105M->51M(237M) 0.465ms
[818.323s][info][gc] GC(5232) Pause Young (Allocation Failure) 106M->51M(237M) 0.446ms
[818.379s][info][gc] GC(5233) Pause Young (Allocation Failure) 106M->53M(237M) 0.445ms
[818.429s][info][gc] GC(5234) Pause Young (Allocation Failure) 107M->53M(236M) 0.444ms
[818.487s][info][gc] GC(5235) Pause Young (Allocation Failure) 107M->54M(235M) 0.564ms
[818.544s][info][gc] GC(5236) Pause Young (Allocation Failure) 107M->55M(235M) 0.571ms
[818.596s][info][gc] GC(5237) Pause Young (Allocation Failure) 108M->56M(235M) 0.538ms
[818.648s][info][gc] GC(5238) Pause Young (Allocation Failure) 108M->57M(234M) 0.508ms
[818.703s][info][gc] GC(5239) Pause Young (Allocation Failure) 109M->58M(234M) 0.434ms
[818.749s][info][gc] GC(5240) Pause Young (Allocation Failure) 109M->59M(233M) 0.461ms
[818.807s][info][gc] GC(5241) Pause Young (Allocation Failure) 109M->60M(232M) 0.519ms
[818.852s][info][gc] GC(5242) Pause Young (Allocation Failure) 110M->61M(233M) 0.636ms
[818.902s][info][gc] GC(5243) Pause Young (Allocation Failure) 111M->62M(233M) 0.502ms
[818.953s][info][gc] GC(5244) Pause Young (Allocation Failure) 112M->63M(242M) 0.699ms
[819.013s][info][gc] GC(5245) Pause Young (Allocation Failure) 122M->64M(242M) 0.529ms
[819.063s][info][gc] GC(5246) Pause Young (Allocation Failure) 123M->64M(253M) 0.473ms
[819.134s][info][gc] GC(5247) Pause Young (Allocation Failure) 134M->66M(253M) 0.634ms
[819.200s][info][gc] GC(5248) Pause Young (Allocation Failure) 136M->66M(266M) 0.529ms
[819.280s][info][gc] GC(5249) Pause Young (Allocation Failure) 149M->67M(264M) 0.564ms
[819.356s][info][gc] GC(5250) Pause Young (Allocation Failure) 148M->68M(263M) 0.547ms
[819.435s][info][gc] GC(5251) Pause Young (Allocation Failure) 149M->69M(262M) 0.561ms
[819.514s][info][gc] GC(5252) Pause Young (Allocation Failure) 149M->70M(261M) 0.571ms
[819.587s][info][gc] GC(5253) Pause Young (Allocation Failure) 148M->70M(260M) 0.589ms
[819.662s][info][gc] GC(5254) Pause Young (Allocation Failure) 148M->71M(259M) 0.495ms
[819.739s][info][gc] GC(5255) Pause Young (Allocation Failure) 148M->73M(258M) 0.635ms
[819.813s][info][gc] GC(5256) Pause Young (Allocation Failure) 148M->73M(257M) 0.502ms
[819.879s][info][gc] GC(5257) Pause Young (Allocation Failure) 148M->74M(255M) 0.475ms
[819.953s][info][gc] GC(5258) Pause Young (Allocation Failure) 147M->75M(255M) 0.467ms
[820.030s][info][gc] GC(5259) Pause Young (Allocation Failure) 148M->76M(254M) 0.528ms
[820.099s][info][gc] GC(5260) Pause Young (Allocation Failure) 147M->76M(253M) 0.510ms
[820.168s][info][gc] GC(5261) Pause Young (Allocation Failure) 147M->78M(252M) 0.559ms
[820.238s][info][gc] GC(5262) Pause Young (Allocation Failure) 147M->79M(251M) 0.533ms
[820.294s][info][gc] GC(5263) Pause Young (Allocation Failure) 147M->79M(249M) 0.604ms
[820.364s][info][gc] GC(5264) Pause Young (Allocation Failure) 146M->80M(249M) 0.511ms
[820.427s][info][gc] GC(5265) Pause Young (Allocation Failure) 147M->81M(248M) 0.498ms
[820.488s][info][gc] GC(5266) Pause Young (Allocation Failure) 146M->82M(246M) 0.474ms
[820.556s][info][gc] GC(5267) Pause Young (Allocation Failure) 146M->83M(246M) 0.509ms
[820.614s][info][gc] GC(5268) Pause Young (Allocation Failure) 147M->84M(246M) 0.417ms
[820.678s][info][gc] GC(5269) Pause Young (Allocation Failure) 147M->84M(245M) 0.480ms
[820.743s][info][gc] GC(5270) Pause Young (Allocation Failure) 147M->86M(245M) 0.493ms
[820.797s][info][gc] GC(5271) Pause Young (Allocation Failure) 148M->86M(244M) 0.459ms
[820.861s][info][gc] GC(5272) Pause Young (Allocation Failure) 148M->87M(244M) 0.505ms
[820.919s][info][gc] GC(5273) Pause Young (Allocation Failure) 149M->87M(243M) 0.534ms
[820.980s][info][gc] GC(5274) Pause Young (Allocation Failure) 148M->89M(243M) 0.570ms
[821.042s][info][gc] GC(5275) Pause Young (Allocation Failure) 149M->90M(243M) 0.527ms
[821.095s][info][gc] GC(5276) Pause Young (Allocation Failure) 150M->90M(242M) 0.469ms
[821.159s][info][gc] GC(5277) Pause Young (Allocation Failure) 149M->91M(242M) 0.625ms
[821.213s][info][gc] GC(5278) Pause Young (Allocation Failure) 150M->92M(241M) 0.510ms
[821.270s][info][gc] GC(5279) Pause Young (Allocation Failure) 150M->93M(240M) 0.524ms
[821.373s][info][gc] GC(5280) Pause Young (Allocation Failure) 151M->92M(240M) 0.265ms
[821.448s][info][gc] GC(5281) Pause Young (Allocation Failure) 150M->95M(240M) 0.539ms
[821.503s][info][gc] GC(5282) Pause Young (Allocation Failure) 152M->95M(240M) 0.570ms
[821.556s][info][gc] GC(5283) Pause Young (Allocation Failure) 152M->96M(238M) 0.537ms
[821.614s][info][gc] GC(5284) Pause Young (Allocation Failure) 152M->97M(238M) 0.504ms
[821.669s][info][gc] GC(5285) Pause Young (Allocation Failure) 153M->98M(237M) 0.584ms
[821.725s][info][gc] GC(5286) Pause Young (Allocation Failure) 153M->99M(238M) 0.596ms
[821.776s][info][gc] GC(5287) Pause Young (Allocation Failure) 154M->100M(238M) 0.478ms
[821.831s][info][gc] GC(5288) Pause Young (Allocation Failure) 155M->101M(248M) 0.577ms
[821.891s][info][gc] GC(5289) Pause Young (Allocation Failure) 166M->102M(248M) 0.540ms
[821.959s][info][gc] GC(5290) Pause Young (Allocation Failure) 167M->103M(247M) 0.514ms
[822.029s][info][gc] GC(5291) Pause Young (Allocation Failure) 167M->104M(247M) 0.591ms
[822.080s][info][gc] GC(5292) Pause Young (Allocation Failure) 168M->104M(257M) 0.578ms
[822.156s][info][gc] GC(5293) Pause Young (Allocation Failure) 179M->106M(256M) 0.556ms
[822.230s][info][gc] GC(5294) Pause Young (Allocation Failure) 180M->107M(255M) 0.520ms
[822.295s][info][gc] GC(5295) Pause Young (Allocation Failure) 179M->107M(253M) 0.566ms
[822.366s][info][gc] GC(5296) Pause Young (Allocation Failure) 179M->109M(253M) 0.570ms
[822.439s][info][gc] GC(5297) Pause Young (Allocation Failure) 179M->109M(252M) 0.517ms
[822.501s][info][gc] GC(5298) Pause Young (Allocation Failure) 179M->110M(251M) 0.553ms
[822.568s][info][gc] GC(5299) Pause Young (Allocation Failure) 178M->111M(250M) 0.460ms
[822.639s][info][gc] GC(5300) Pause Young (Allocation Failure) 179M->112M(249M) 0.523ms
[822.698s][info][gc] GC(5301) Pause Young (Allocation Failure) 178M->112M(247M) 0.481ms
[822.763s][info][gc] GC(5302) Pause Young (Allocation Failure) 178M->113M(247M) 0.458ms
[822.827s][info][gc] GC(5303) Pause Young (Allocation Failure) 178M->114M(246M) 0.535ms
[822.889s][info][gc] GC(5304) Pause Young (Allocation Failure) 178M->115M(246M) 0.574ms
[822.947s][info][gc] GC(5305) Pause Young (Allocation Failure) 178M->116M(246M) 0.511ms
[823.006s][info][gc] GC(5306) Pause Young (Allocation Failure) 179M->117M(245M) 0.541ms
[823.071s][info][gc] GC(5307) Pause Young (Allocation Failure) 179M->119M(245M) 0.542ms
[823.129s][info][gc] GC(5308) Pause Young (Allocation Failure) 181M->118M(244M) 0.499ms
[823.190s][info][gc] GC(5309) Pause Young (Allocation Failure) 180M->119M(243M) 0.532ms
[823.252s][info][gc] GC(5310) Pause Young (Allocation Failure) 180M->121M(243M) 0.560ms
[823.308s][info][gc] GC(5311) Pause Young (Allocation Failure) 181M->121M(242M) 0.542ms
[823.369s][info][gc] GC(5312) Pause Young (Allocation Failure) 181M->123M(242M) 0.586ms
[823.418s][info][gc] GC(5313) Pause Young (Allocation Failure) 182M->123M(240M) 0.471ms
[823.481s][info][gc] GC(5314) Pause Young (Allocation Failure) 182M->125M(242M) 0.581ms
[823.540s][info][gc] GC(5315) Pause Young (Allocation Failure) 183M->125M(240M) 0.529ms
[823.593s][info][gc] GC(5316) Pause Young (Allocation Failure) 183M->126M(241M) 0.549ms
[823.654s][info][gc] GC(5317) Pause Young (Allocation Failure) 184M->127M(240M) 0.526ms
[823.705s][info][gc] GC(5318) Pause Young (Allocation Failure) 185M->127M(240M) 0.490ms
[823.762s][info][gc] GC(5319) Pause Young (Allocation Failure) 184M->129M(239M) 0.472ms
[823.816s][info][gc] GC(5320) Pause Young (Allocation Failure) 185M->129M(240M) 0.589ms
[823.877s][info][gc] GC(5321) Pause Young (Allocation Failure) 186M->131M(240M) 0.545ms
[823.929s][info][gc] GC(5322) Pause Young (Allocation Failure) 187M->131M(250M) 0.526ms
[823.996s][info][gc] GC(5323) Pause Young (Allocation Failure) 198M->133M(250M) 0.593ms
[824.065s][info][gc] GC(5324) Pause Young (Allocation Failure) 200M->133M(249M) 0.600ms
[824.125s][info][gc] GC(5325) Pause Young (Allocation Failure) 199M->134M(262M) 0.630ms
[824.201s][info][gc] GC(5326) Pause Young (Allocation Failure) 212M->135M(260M) 0.551ms
[824.279s][info][gc] GC(5327) Pause Young (Allocation Failure) 212M->136M(259M) 0.575ms
[824.343s][info][gc] GC(5328) Pause Young (Allocation Failure) 212M->137M(258M) 0.583ms
[824.421s][info][gc] GC(5329) Pause Young (Allocation Failure) 212M->138M(256M) 0.552ms
[824.492s][info][gc] GC(5330) Pause Young (Allocation Failure) 212M->139M(255M) 0.514ms
[824.570s][info][gc] GC(5331) Pause Young (Allocation Failure) 212M->139M(255M) 0.499ms
[824.633s][info][gc] GC(5332) Pause Young (Allocation Failure) 211M->140M(253M) 0.552ms
[824.706s][info][gc] GC(5333) Pause Young (Allocation Failure) 211M->141M(253M) 0.542ms
[824.776s][info][gc] GC(5334) Pause Young (Allocation Failure) 211M->142M(252M) 0.566ms
[824.835s][info][gc] GC(5335) Pause Young (Allocation Failure) 211M->143M(250M) 0.591ms
[824.904s][info][gc] GC(5336) Pause Young (Allocation Failure) 211M->144M(250M) 0.541ms
[824.969s][info][gc] GC(5337) Pause Young (Allocation Failure) 211M->144M(248M) 0.584ms
[825.035s][info][gc] GC(5338) Pause Young (Allocation Failure) 210M->145M(247M) 0.556ms
[825.098s][info][gc] GC(5339) Pause Young (Allocation Failure) 210M->146M(246M) 0.590ms
[825.156s][info][gc] GC(5340) Pause Young (Allocation Failure) 210M->147M(246M) 0.550ms
[825.224s][info][gc] GC(5341) Pause Young (Allocation Failure) 210M->148M(246M) 0.550ms
[825.288s][info][gc] GC(5342) Pause Young (Allocation Failure) 211M->149M(245M) 0.533ms
[825.345s][info][gc] GC(5343) Pause Young (Allocation Failure) 212M->150M(244M) 0.559ms
[825.409s][info][gc] GC(5344) Pause Young (Allocation Failure) 212M->151M(245M) 0.561ms
[825.463s][info][gc] GC(5345) Pause Young (Allocation Failure) 213M->152M(245M) 0.649ms
[825.523s][info][gc] GC(5346) Pause Young (Allocation Failure) 213M->153M(255M) 0.585ms
[825.597s][info][gc] GC(5347) Pause Young (Allocation Failure) 225M->154M(256M) 0.699ms
[825.660s][info][gc] GC(5348) Pause Young (Allocation Failure) 226M->154M(269M) 0.645ms
[825.743s][info][gc] GC(5349) Pause Young (Allocation Failure) 240M->156M(267M) 0.610ms
[825.830s][info][gc] GC(5350) Pause Young (Allocation Failure) 240M->157M(265M) 0.658ms
[825.906s][info][gc] GC(5351) Pause Young (Allocation Failure) 239M->158M(264M) 0.632ms
[825.981s][info][gc] GC(5352) Pause Young (Allocation Failure) 239M->159M(263M) 0.603ms
[826.061s][info][gc] GC(5353) Pause Young (Allocation Failure) 239M->160M(262M) 0.607ms
[826.139s][info][gc] GC(5354) Pause Young (Allocation Failure) 240M->161M(261M) 0.565ms
[826.219s][info][gc] GC(5355) Pause Young (Allocation Failure) 239M->161M(260M) 0.697ms
[826.286s][info][gc] GC(5356) Pause Young (Allocation Failure) 239M->162M(259M) 0.576ms
[826.364s][info][gc] GC(5357) Pause Young (Allocation Failure) 238M->164M(258M) 0.545ms
[826.443s][info][gc] GC(5358) Pause Young (Allocation Failure) 239M->164M(257M) 0.614ms
[826.561s][info][gc] GC(5359) Pause Young (Allocation Failure) 239M->163M(255M) 0.476ms
[826.642s][info][gc] GC(5360) Pause Young (Allocation Failure) 237M->166M(256M) 0.659ms
[826.717s][info][gc] GC(5361) Pause Young (Allocation Failure) 239M->167M(255M) 0.704ms
[826.777s][info][gc] GC(5362) Pause Young (Allocation Failure) 239M->167M(254M) 0.647ms
[826.853s][info][gc] GC(5363) Pause Young (Allocation Failure) 237M->168M(252M) 0.733ms
[826.928s][info][gc] GC(5364) Pause Young (Allocation Failure) 238M->169M(251M) 0.623ms
[826.982s][info][gc] GC(5365) Pause Young (Allocation Failure) 238M->170M(249M) 0.592ms
[827.052s][info][gc] GC(5366) Pause Young (Allocation Failure) 237M->171M(249M) 0.620ms
[827.115s][info][gc] GC(5367) Pause Young (Allocation Failure) 238M->172M(248M) 0.521ms
[827.177s][info][gc] GC(5368) Pause Young (Allocation Failure) 237M->172M(247M) 0.589ms
[827.244s][info][gc] GC(5369) Pause Young (Allocation Failure) 237M->174M(247M) 0.620ms
[827.310s][info][gc] GC(5370) Pause Young (Allocation Failure) 238M->174M(247M) 0.548ms
[827.366s][info][gc] GC(5371) Pause Young (Allocation Failure) 238M->175M(247M) 0.621ms
[827.433s][info][gc] GC(5372) Pause Young (Allocation Failure) 238M->177M(259M) 0.611ms
[827.495s][info][gc] GC(5373) Pause Young (Allocation Failure) 252M->176M(256M) 0.538ms
[827.572s][info][gc] GC(5374) Pause Young (Allocation Failure) 250M->178M(256M) 0.599ms
[827.643s][info][gc] GC(5375) Pause Young (Allocation Failure) 251M->179M(255M) 0.574ms
[827.719s][info][gc] GC(5376) Pause Young (Allocation Failure) 251M->179M(254M) 0.660ms
[827.781s][info][gc] GC(5377) Pause Young (Allocation Failure) 250M->180M(252M) 0.570ms
[827.861s][info][gc] GC(5378) Pause Full (Ergonomics) 250M->36M(250M) 8.245ms
[827.930s][info][gc] GC(5379) Pause Young (Allocation Failure) 105M->38M(249M) 0.437ms
[827.992s][info][gc] GC(5380) Pause Young (Allocation Failure) 106M->39M(248M) 0.457ms
[828.059s][info][gc] GC(5381) Pause Young (Allocation Failure) 106M->40M(247M) 0.455ms
[828.125s][info][gc] GC(5382) Pause Young (Allocation Failure) 106M->40M(246M) 0.402ms
[828.186s][info][gc] GC(5383) Pause Young (Allocation Failure) 105M->41M(244M) 0.526ms
[828.248s][info][gc] GC(5384) Pause Young (Allocation Failure) 105M->43M(244M) 0.482ms
[828.303s][info][gc] GC(5385) Pause Young (Allocation Failure) 106M->43M(243M) 0.517ms
[828.368s][info][gc] GC(5386) Pause Young (Allocation Failure) 106M->45M(244M) 0.438ms
[828.427s][info][gc] GC(5387) Pause Young (Allocation Failure) 107M->45M(242M) 0.628ms
[828.487s][info][gc] GC(5388) Pause Young (Allocation Failure) 107M->46M(242M) 0.496ms
[828.547s][info][gc] GC(5389) Pause Young (Allocation Failure) 107M->48M(242M) 0.475ms
[828.601s][info][gc] GC(5390) Pause Young (Allocation Failure) 108M->48M(242M) 0.516ms
[828.661s][info][gc] GC(5391) Pause Young (Allocation Failure) 108M->49M(240M) 0.467ms
[828.715s][info][gc] GC(5392) Pause Young (Allocation Failure) 109M->50M(240M) 0.398ms
[828.775s][info][gc] GC(5393) Pause Young (Allocation Failure) 109M->51M(240M) 0.484ms
[828.839s][info][gc] GC(5394) Pause Young (Allocation Failure) 110M->52M(240M) 0.439ms
[828.888s][info][gc] GC(5395) Pause Young (Allocation Failure) 110M->52M(237M) 0.436ms
[828.949s][info][gc] GC(5396) Pause Young (Allocation Failure) 109M->54M(239M) 0.450ms
[829.000s][info][gc] GC(5397) Pause Young (Allocation Failure) 111M->54M(236M) 0.468ms
[829.053s][info][gc] GC(5398) Pause Young (Allocation Failure) 111M->55M(238M) 0.442ms
[829.107s][info][gc] GC(5399) Pause Young (Allocation Failure) 111M->56M(236M) 0.555ms
[829.166s][info][gc] GC(5400) Pause Young (Allocation Failure) 112M->58M(237M) 0.507ms
[829.216s][info][gc] GC(5401) Pause Young (Allocation Failure) 113M->58M(234M) 0.389ms
[829.274s][info][gc] GC(5402) Pause Young (Allocation Failure) 112M->60M(236M) 0.611ms
[829.320s][info][gc] GC(5403) Pause Young (Allocation Failure) 114M->60M(234M) 0.463ms
[829.379s][info][gc] GC(5404) Pause Young (Allocation Failure) 113M->62M(235M) 0.462ms
[829.423s][info][gc] GC(5405) Pause Young (Allocation Failure) 115M->62M(232M) 0.438ms
[829.479s][info][gc] GC(5406) Pause Young (Allocation Failure) 114M->63M(234M) 0.462ms
[829.524s][info][gc] GC(5407) Pause Young (Allocation Failure) 115M->63M(231M) 0.435ms
[829.580s][info][gc] GC(5408) Pause Young (Allocation Failure) 115M->65M(232M) 0.463ms
[829.626s][info][gc] GC(5409) Pause Young (Allocation Failure) 116M->65M(231M) 0.497ms
[829.684s][info][gc] GC(5410) Pause Young (Allocation Failure) 116M->67M(232M) 0.501ms
[829.728s][info][gc] GC(5411) Pause Young (Allocation Failure) 117M->67M(232M) 0.515ms
[829.780s][info][gc] GC(5412) Pause Young (Allocation Failure) 117M->69M(241M) 0.585ms
[829.834s][info][gc] GC(5413) Pause Young (Allocation Failure) 128M->69M(241M) 0.562ms
[829.896s][info][gc] GC(5414) Pause Young (Allocation Failure) 128M->71M(251M) 0.578ms
[829.966s][info][gc] GC(5415) Pause Young (Allocation Failure) 140M->71M(250M) 0.486ms
[830.030s][info][gc] GC(5416) Pause Young (Allocation Failure) 140M->72M(249M) 0.525ms
[830.103s][info][gc] GC(5417) Pause Young (Allocation Failure) 139M->74M(248M) 0.525ms
[830.167s][info][gc] GC(5418) Pause Young (Allocation Failure) 140M->74M(247M) 0.549ms
[830.231s][info][gc] GC(5419) Pause Young (Allocation Failure) 139M->74M(245M) 0.540ms
[830.297s][info][gc] GC(5420) Pause Young (Allocation Failure) 139M->76M(245M) 0.546ms
[830.357s][info][gc] GC(5421) Pause Young (Allocation Failure) 139M->76M(243M) 0.661ms
[830.417s][info][gc] GC(5422) Pause Young (Allocation Failure) 139M->77M(244M) 0.460ms
[830.480s][info][gc] GC(5423) Pause Young (Allocation Failure) 140M->78M(242M) 0.354ms
[830.538s][info][gc] GC(5424) Pause Young (Allocation Failure) 140M->79M(243M) 0.615ms
[830.601s][info][gc] GC(5425) Pause Young (Allocation Failure) 140M->80M(242M) 0.431ms
[830.662s][info][gc] GC(5426) Pause Young (Allocation Failure) 141M->80M(242M) 0.453ms
[830.720s][info][gc] GC(5427) Pause Young (Allocation Failure) 141M->82M(241M) 0.614ms
[830.773s][info][gc] GC(5428) Pause Young (Allocation Failure) 142M->82M(241M) 0.485ms
[830.832s][info][gc] GC(5429) Pause Young (Allocation Failure) 142M->84M(240M) 0.582ms
[830.887s][info][gc] GC(5430) Pause Young (Allocation Failure) 143M->84M(239M) 0.491ms
[830.946s][info][gc] GC(5431) Pause Young (Allocation Failure) 142M->85M(239M) 0.492ms
[831.003s][info][gc] GC(5432) Pause Young (Allocation Failure) 143M->86M(238M) 0.621ms
[831.058s][info][gc] GC(5433) Pause Young (Allocation Failure) 143M->86M(237M) 0.496ms
[831.117s][info][gc] GC(5434) Pause Young (Allocation Failure) 143M->88M(237M) 0.512ms
[831.167s][info][gc] GC(5435) Pause Young (Allocation Failure) 144M->88M(238M) 0.575ms
[831.225s][info][gc] GC(5436) Pause Young (Allocation Failure) 145M->90M(248M) 0.548ms
[831.285s][info][gc] GC(5437) Pause Young (Allocation Failure) 157M->90M(246M) 0.439ms
[831.352s][info][gc] GC(5438) Pause Young (Allocation Failure) 156M->92M(245M) 0.513ms
[831.419s][info][gc] GC(5439) Pause Young (Allocation Failure) 156M->92M(245M) 0.454ms
[831.474s][info][gc] GC(5440) Pause Young (Allocation Failure) 156M->93M(244M) 0.517ms
[831.541s][info][gc] GC(5441) Pause Young (Allocation Failure) 156M->94M(244M) 0.520ms
[831.599s][info][gc] GC(5442) Pause Young (Allocation Failure) 157M->95M(243M) 0.436ms
[831.658s][info][gc] GC(5443) Pause Young (Allocation Failure) 157M->96M(242M) 0.517ms
[831.783s][info][gc] GC(5444) Pause Young (Allocation Failure) 157M->97M(242M) 0.579ms
[831.842s][info][gc] GC(5445) Pause Young (Allocation Failure) 158M->98M(241M) 0.604ms
[831.903s][info][gc] GC(5446) Pause Young (Allocation Failure) 159M->100M(241M) 0.436ms
[831.956s][info][gc] GC(5447) Pause Young (Allocation Failure) 160M->100M(239M) 0.507ms
[832.015s][info][gc] GC(5448) Pause Young (Allocation Failure) 159M->102M(240M) 0.454ms
[832.069s][info][gc] GC(5449) Pause Young (Allocation Failure) 161M->102M(239M) 0.565ms
[832.131s][info][gc] GC(5450) Pause Young (Allocation Failure) 161M->104M(239M) 0.492ms
[832.186s][info][gc] GC(5451) Pause Young (Allocation Failure) 162M->103M(238M) 0.474ms
[832.241s][info][gc] GC(5452) Pause Young (Allocation Failure) 161M->105M(238M) 0.496ms
[832.301s][info][gc] GC(5453) Pause Young (Allocation Failure) 162M->106M(238M) 0.558ms
[832.350s][info][gc] GC(5454) Pause Young (Allocation Failure) 163M->106M(238M) 0.642ms
[832.408s][info][gc] GC(5455) Pause Young (Allocation Failure) 163M->108M(238M) 0.506ms
[832.457s][info][gc] GC(5456) Pause Young (Allocation Failure) 164M->108M(249M) 0.477ms
[832.521s][info][gc] GC(5457) Pause Young (Allocation Failure) 175M->110M(247M) 0.487ms
[832.581s][info][gc] GC(5458) Pause Young (Allocation Failure) 176M->110M(246M) 0.466ms
[832.649s][info][gc] GC(5459) Pause Young (Allocation Failure) 175M->111M(245M) 0.490ms
[832.715s][info][gc] GC(5460) Pause Young (Allocation Failure) 175M->112M(244M) 0.556ms
[832.772s][info][gc] GC(5461) Pause Young (Allocation Failure) 175M->113M(243M) 0.625ms
[832.836s][info][gc] GC(5462) Pause Young (Allocation Failure) 175M->114M(243M) 0.481ms
[832.898s][info][gc] GC(5463) Pause Young (Allocation Failure) 176M->114M(242M) 0.454ms
[832.955s][info][gc] GC(5464) Pause Young (Allocation Failure) 176M->115M(242M) 0.539ms
[833.013s][info][gc] GC(5465) Pause Young (Allocation Failure) 176M->116M(242M) 0.506ms
[833.071s][info][gc] GC(5466) Pause Young (Allocation Failure) 177M->117M(241M) 0.498ms
[833.129s][info][gc] GC(5467) Pause Young (Allocation Failure) 177M->118M(240M) 0.506ms
[833.183s][info][gc] GC(5468) Pause Young (Allocation Failure) 178M->119M(240M) 0.499ms
[833.244s][info][gc] GC(5469) Pause Young (Allocation Failure) 178M->121M(240M) 0.551ms
[833.298s][info][gc] GC(5470) Pause Young (Allocation Failure) 179M->120M(239M) 0.537ms
[833.359s][info][gc] GC(5471) Pause Young (Allocation Failure) 178M->121M(238M) 0.554ms
[833.418s][info][gc] GC(5472) Pause Young (Allocation Failure) 179M->122M(238M) 0.506ms
[833.467s][info][gc] GC(5473) Pause Young (Allocation Failure) 179M->123M(236M) 0.533ms
[833.526s][info][gc] GC(5474) Pause Young (Allocation Failure) 179M->124M(237M) 0.531ms
[833.573s][info][gc] GC(5475) Pause Young (Allocation Failure) 180M->125M(235M) 0.556ms
[833.630s][info][gc] GC(5476) Pause Young (Allocation Failure) 180M->126M(236M) 0.497ms
[833.683s][info][gc] GC(5477) Pause Young (Allocation Failure) 181M->127M(237M) 0.566ms
[833.746s][info][gc] GC(5478) Pause Young (Allocation Failure) 182M->128M(247M) 0.666ms
[833.799s][info][gc] GC(5479) Pause Young (Allocation Failure) 193M->128M(247M) 0.465ms
[833.866s][info][gc] GC(5480) Pause Young (Allocation Failure) 193M->130M(258M) 0.672ms
[833.938s][info][gc] GC(5481) Pause Young (Allocation Failure) 206M->130M(257M) 0.589ms
[834.010s][info][gc] GC(5482) Pause Young (Allocation Failure) 206M->131M(255M) 0.548ms
[834.081s][info][gc] GC(5483) Pause Young (Allocation Failure) 205M->132M(254M) 0.627ms
[834.154s][info][gc] GC(5484) Pause Young (Allocation Failure) 206M->133M(254M) 0.572ms
[834.220s][info][gc] GC(5485) Pause Young (Allocation Failure) 206M->133M(252M) 0.484ms
[834.289s][info][gc] GC(5486) Pause Young (Allocation Failure) 205M->134M(251M) 0.528ms
[834.357s][info][gc] GC(5487) Pause Young (Allocation Failure) 205M->135M(250M) 0.528ms
[834.426s][info][gc] GC(5488) Pause Young (Allocation Failure) 205M->135M(249M) 0.480ms
[834.493s][info][gc] GC(5489) Pause Young (Allocation Failure) 204M->137M(248M) 0.646ms
[834.563s][info][gc] GC(5490) Pause Young (Allocation Failure) 204M->138M(248M) 0.620ms
[834.625s][info][gc] GC(5491) Pause Young (Allocation Failure) 204M->138M(246M) 0.518ms
[834.690s][info][gc] GC(5492) Pause Young (Allocation Failure) 203M->139M(245M) 0.526ms
[834.755s][info][gc] GC(5493) Pause Young (Allocation Failure) 204M->140M(245M) 0.719ms
[834.814s][info][gc] GC(5494) Pause Young (Allocation Failure) 204M->141M(243M) 0.662ms
[834.879s][info][gc] GC(5495) Pause Young (Allocation Failure) 204M->142M(244M) 0.570ms
[834.938s][info][gc] GC(5496) Pause Young (Allocation Failure) 205M->142M(243M) 0.468ms
[834.997s][info][gc] GC(5497) Pause Young (Allocation Failure) 204M->143M(242M) 0.563ms
[835.060s][info][gc] GC(5498) Pause Young (Allocation Failure) 205M->145M(242M) 0.547ms
[835.115s][info][gc] GC(5499) Pause Young (Allocation Failure) 206M->145M(241M) 0.521ms
[835.176s][info][gc] GC(5500) Pause Young (Allocation Failure) 206M->147M(241M) 0.512ms
[835.230s][info][gc] GC(5501) Pause Young (Allocation Failure) 207M->147M(240M) 0.506ms
[835.295s][info][gc] GC(5502) Pause Young (Allocation Failure) 206M->148M(240M) 0.528ms
[835.355s][info][gc] GC(5503) Pause Young (Allocation Failure) 207M->148M(239M) 0.572ms
[835.406s][info][gc] GC(5504) Pause Young (Allocation Failure) 207M->149M(239M) 0.550ms
[835.467s][info][gc] GC(5505) Pause Young (Allocation Failure) 207M->151M(239M) 0.567ms
[835.519s][info][gc] GC(5506) Pause Young (Allocation Failure) 208M->151M(239M) 0.575ms
[835.575s][info][gc] GC(5507) Pause Young (Allocation Failure) 209M->153M(239M) 0.549ms
[835.628s][info][gc] GC(5508) Pause Young (Allocation Failure) 210M->153M(250M) 0.586ms
[835.692s][info][gc] GC(5509) Pause Young (Allocation Failure) 221M->155M(250M) 0.593ms
[835.761s][info][gc] GC(5510) Pause Young (Allocation Failure) 223M->155M(262M) 0.555ms
[835.834s][info][gc] GC(5511) Pause Young (Allocation Failure) 235M->156M(260M) 0.595ms
[835.913s][info][gc] GC(5512) Pause Young (Allocation Failure) 235M->157M(260M) 0.602ms
[835.992s][info][gc] GC(5513) Pause Young (Allocation Failure) 236M->158M(259M) 0.564ms
[836.066s][info][gc] GC(5514) Pause Young (Allocation Failure) 235M->158M(257M) 0.479ms
[836.138s][info][gc] GC(5515) Pause Young (Allocation Failure) 235M->160M(256M) 0.600ms
[836.218s][info][gc] GC(5516) Pause Young (Allocation Failure) 235M->161M(256M) 0.675ms
[836.298s][info][gc] GC(5517) Pause Young (Allocation Failure) 236M->162M(255M) 0.604ms
[836.356s][info][gc] GC(5518) Pause Young (Allocation Failure) 236M->162M(253M) 0.565ms
[836.432s][info][gc] GC(5519) Pause Young (Allocation Failure) 235M->164M(253M) 0.549ms
[836.503s][info][gc] GC(5520) Pause Young (Allocation Failure) 235M->164M(252M) 0.554ms
[836.562s][info][gc] GC(5521) Pause Young (Allocation Failure) 235M->164M(250M) 0.489ms
[836.633s][info][gc] GC(5522) Pause Young (Allocation Failure) 234M->166M(250M) 0.530ms
[836.700s][info][gc] GC(5523) Pause Young (Allocation Failure) 234M->167M(249M) 0.679ms
[836.761s][info][gc] GC(5524) Pause Young (Allocation Failure) 234M->167M(248M) 0.650ms
[836.831s][info][gc] GC(5525) Pause Young (Allocation Failure) 234M->169M(247M) 0.565ms
[836.945s][info][gc] GC(5526) Pause Young (Allocation Failure) 234M->169M(246M) 0.534ms
[837.019s][info][gc] GC(5527) Pause Young (Allocation Failure) 234M->171M(245M) 0.674ms
[837.083s][info][gc] GC(5528) Pause Young (Allocation Failure) 234M->171M(245M) 0.634ms
[837.142s][info][gc] GC(5529) Pause Young (Allocation Failure) 234M->172M(243M) 0.562ms
[837.207s][info][gc] GC(5530) Pause Young (Allocation Failure) 234M->173M(244M) 0.612ms
[837.262s][info][gc] GC(5531) Pause Young (Allocation Failure) 235M->173M(241M) 0.554ms
[837.331s][info][gc] GC(5532) Pause Young (Allocation Failure) 234M->175M(243M) 0.607ms
[837.392s][info][gc] GC(5533) Pause Young (Allocation Failure) 236M->175M(242M) 0.634ms
[837.450s][info][gc] GC(5534) Pause Young (Allocation Failure) 236M->176M(243M) 0.630ms
[837.508s][info][gc] GC(5535) Pause Young (Allocation Failure) 236M->177M(243M) 0.516ms
[837.566s][info][gc] GC(5536) Pause Young (Allocation Failure) 237M->178M(254M) 0.662ms
[837.646s][info][gc] GC(5537) Pause Full (Ergonomics) 250M->32M(252M) 6.590ms
[837.719s][info][gc] GC(5538) Pause Young (Allocation Failure) 104M->34M(251M) 0.493ms
[837.780s][info][gc] GC(5539) Pause Young (Allocation Failure) 105M->34M(249M) 0.432ms
[837.856s][info][gc] GC(5540) Pause Young (Allocation Failure) 104M->36M(249M) 0.531ms
[837.923s][info][gc] GC(5541) Pause Young (Allocation Failure) 105M->36M(248M) 0.507ms
[837.983s][info][gc] GC(5542) Pause Young (Allocation Failure) 104M->37M(246M) 0.433ms
[838.047s][info][gc] GC(5543) Pause Young (Allocation Failure) 104M->38M(245M) 0.450ms
[838.113s][info][gc] GC(5544) Pause Young (Allocation Failure) 104M->39M(245M) 0.486ms
[838.172s][info][gc] GC(5545) Pause Young (Allocation Failure) 104M->39M(242M) 0.473ms
[838.235s][info][gc] GC(5546) Pause Young (Allocation Failure) 103M->41M(243M) 0.483ms
[838.296s][info][gc] GC(5547) Pause Young (Allocation Failure) 104M->41M(242M) 0.441ms
[838.352s][info][gc] GC(5548) Pause Young (Allocation Failure) 104M->42M(241M) 0.425ms
[838.417s][info][gc] GC(5549) Pause Young (Allocation Failure) 104M->43M(242M) 0.612ms
[838.471s][info][gc] GC(5550) Pause Young (Allocation Failure) 105M->44M(240M) 0.507ms
[838.538s][info][gc] GC(5551) Pause Young (Allocation Failure) 105M->45M(241M) 0.527ms
[838.592s][info][gc] GC(5552) Pause Young (Allocation Failure) 106M->45M(239M) 0.471ms
[838.655s][info][gc] GC(5553) Pause Young (Allocation Failure) 106M->47M(239M) 0.532ms
[838.713s][info][gc] GC(5554) Pause Young (Allocation Failure) 107M->47M(239M) 0.487ms
[838.768s][info][gc] GC(5555) Pause Young (Allocation Failure) 107M->48M(238M) 0.449ms
[838.829s][info][gc] GC(5556) Pause Young (Allocation Failure) 107M->49M(238M) 0.489ms
[838.882s][info][gc] GC(5557) Pause Young (Allocation Failure) 108M->50M(237M) 0.437ms
[838.944s][info][gc] GC(5558) Pause Young (Allocation Failure) 108M->52M(237M) 0.462ms
[838.993s][info][gc] GC(5559) Pause Young (Allocation Failure) 109M->51M(236M) 0.482ms
[839.050s][info][gc] GC(5560) Pause Young (Allocation Failure) 108M->53M(236M) 0.505ms
[839.103s][info][gc] GC(5561) Pause Young (Allocation Failure) 109M->53M(235M) 0.504ms
[839.159s][info][gc] GC(5562) Pause Young (Allocation Failure) 109M->54M(235M) 0.667ms
[839.215s][info][gc] GC(5563) Pause Young (Allocation Failure) 110M->55M(234M) 0.423ms
[839.267s][info][gc] GC(5564) Pause Young (Allocation Failure) 110M->55M(233M) 0.589ms
[839.318s][info][gc] GC(5565) Pause Young (Allocation Failure) 110M->56M(233M) 0.378ms
[839.368s][info][gc] GC(5566) Pause Young (Allocation Failure) 110M->57M(233M) 0.521ms
[839.423s][info][gc] GC(5567) Pause Young (Allocation Failure) 111M->58M(232M) 0.467ms
[839.470s][info][gc] GC(5568) Pause Young (Allocation Failure) 111M->59M(232M) 0.410ms
[839.521s][info][gc] GC(5569) Pause Young (Allocation Failure) 112M->60M(231M) 0.395ms
[839.568s][info][gc] GC(5570) Pause Young (Allocation Failure) 112M->61M(231M) 0.519ms
[839.623s][info][gc] GC(5571) Pause Young (Allocation Failure) 112M->62M(230M) 0.593ms
[839.671s][info][gc] GC(5572) Pause Young (Allocation Failure) 113M->63M(230M) 0.541ms
[839.718s][info][gc] GC(5573) Pause Young (Allocation Failure) 113M->64M(229M) 0.606ms
[839.771s][info][gc] GC(5574) Pause Young (Allocation Failure) 114M->65M(229M) 0.573ms
[839.816s][info][gc] GC(5575) Pause Young (Allocation Failure) 114M->65M(229M) 0.540ms
[839.865s][info][gc] GC(5576) Pause Young (Allocation Failure) 115M->66M(238M) 0.446ms
[839.923s][info][gc] GC(5577) Pause Young (Allocation Failure) 125M->67M(238M) 0.565ms
[839.986s][info][gc] GC(5578) Pause Young (Allocation Failure) 126M->68M(237M) 0.548ms
[840.046s][info][gc] GC(5579) Pause Young (Allocation Failure) 126M->69M(237M) 0.559ms
[840.098s][info][gc] GC(5580) Pause Young (Allocation Failure) 127M->70M(235M) 0.504ms
[840.160s][info][gc] GC(5581) Pause Young (Allocation Failure) 127M->71M(236M) 0.522ms
[840.210s][info][gc] GC(5582) Pause Young (Allocation Failure) 128M->72M(235M) 0.476ms
[840.266s][info][gc] GC(5583) Pause Young (Allocation Failure) 128M->73M(245M) 0.589ms
[840.324s][info][gc] GC(5584) Pause Young (Allocation Failure) 138M->73M(242M) 0.458ms
[840.390s][info][gc] GC(5585) Pause Young (Allocation Failure) 137M->75M(242M) 0.492ms
[840.447s][info][gc] GC(5586) Pause Young (Allocation Failure) 138M->75M(242M) 0.384ms
[840.511s][info][gc] GC(5587) Pause Young (Allocation Failure) 137M->76M(241M) 0.526ms
[840.571s][info][gc] GC(5588) Pause Young (Allocation Failure) 138M->77M(241M) 0.484ms
[840.623s][info][gc] GC(5589) Pause Young (Allocation Failure) 139M->78M(240M) 0.492ms
[840.687s][info][gc] GC(5590) Pause Young (Allocation Failure) 139M->79M(240M) 0.551ms
[840.744s][info][gc] GC(5591) Pause Young (Allocation Failure) 140M->80M(239M) 0.470ms
[840.799s][info][gc] GC(5592) Pause Young (Allocation Failure) 140M->81M(239M) 0.448ms
[840.856s][info][gc] GC(5593) Pause Young (Allocation Failure) 140M->81M(238M) 0.531ms
[840.911s][info][gc] GC(5594) Pause Young (Allocation Failure) 140M->82M(238M) 0.566ms
[840.969s][info][gc] GC(5595) Pause Young (Allocation Failure) 141M->83M(237M) 0.419ms
[841.021s][info][gc] GC(5596) Pause Young (Allocation Failure) 141M->84M(237M) 0.507ms
[841.083s][info][gc] GC(5597) Pause Young (Allocation Failure) 141M->85M(237M) 0.507ms
[841.138s][info][gc] GC(5598) Pause Young (Allocation Failure) 142M->85M(236M) 0.473ms
[841.194s][info][gc] GC(5599) Pause Young (Allocation Failure) 142M->87M(235M) 0.539ms
[841.251s][info][gc] GC(5600) Pause Young (Allocation Failure) 143M->88M(235M) 0.485ms
[841.305s][info][gc] GC(5601) Pause Young (Allocation Failure) 143M->88M(234M) 0.494ms
[841.360s][info][gc] GC(5602) Pause Young (Allocation Failure) 143M->89M(234M) 0.456ms
[841.410s][info][gc] GC(5603) Pause Young (Allocation Failure) 144M->90M(233M) 0.493ms
[841.466s][info][gc] GC(5604) Pause Young (Allocation Failure) 144M->91M(233M) 0.582ms
[841.517s][info][gc] GC(5605) Pause Young (Allocation Failure) 145M->92M(233M) 0.584ms
[841.570s][info][gc] GC(5606) Pause Young (Allocation Failure) 146M->93M(243M) 0.504ms
[841.633s][info][gc] GC(5607) Pause Young (Allocation Failure) 156M->94M(242M) 0.463ms
[841.700s][info][gc] GC(5608) Pause Young (Allocation Failure) 157M->95M(242M) 0.490ms
[841.760s][info][gc] GC(5609) Pause Young (Allocation Failure) 158M->95M(241M) 0.484ms
[841.821s][info][gc] GC(5610) Pause Young (Allocation Failure) 157M->97M(241M) 0.521ms
[841.879s][info][gc] GC(5611) Pause Young (Allocation Failure) 158M->97M(240M) 0.450ms
[841.934s][info][gc] GC(5612) Pause Young (Allocation Failure) 158M->98M(240M) 0.482ms
[842.004s][info][gc] GC(5613) Pause Young (Allocation Failure) 159M->100M(240M) 0.561ms
[842.053s][info][gc] GC(5614) Pause Young (Allocation Failure) 160M->100M(239M) 0.543ms
[842.182s][info][gc] GC(5615) Pause Young (Allocation Failure) 160M->103M(239M) 0.670ms
[842.236s][info][gc] GC(5616) Pause Young (Allocation Failure) 162M->103M(238M) 0.619ms
[842.297s][info][gc] GC(5617) Pause Young (Allocation Failure) 161M->105M(238M) 0.517ms
[842.348s][info][gc] GC(5618) Pause Young (Allocation Failure) 163M->105M(238M) 0.470ms
[842.412s][info][gc] GC(5619) Pause Young (Allocation Failure) 162M->107M(237M) 0.572ms
[842.457s][info][gc] GC(5620) Pause Young (Allocation Failure) 164M->106M(237M) 0.435ms
[842.516s][info][gc] GC(5621) Pause Young (Allocation Failure) 163M->108M(235M) 0.459ms
[842.569s][info][gc] GC(5622) Pause Young (Allocation Failure) 164M->108M(236M) 0.476ms
[842.622s][info][gc] GC(5623) Pause Young (Allocation Failure) 163M->109M(234M) 0.496ms
[842.678s][info][gc] GC(5624) Pause Young (Allocation Failure) 164M->110M(234M) 0.482ms
[842.727s][info][gc] GC(5625) Pause Young (Allocation Failure) 164M->110M(233M) 0.506ms
[842.779s][info][gc] GC(5626) Pause Young (Allocation Failure) 164M->112M(233M) 0.459ms
[842.831s][info][gc] GC(5627) Pause Young (Allocation Failure) 165M->112M(232M) 0.497ms
[842.885s][info][gc] GC(5628) Pause Young (Allocation Failure) 165M->114M(232M) 0.535ms
[842.932s][info][gc] GC(5629) Pause Young (Allocation Failure) 166M->114M(230M) 0.429ms
[842.987s][info][gc] GC(5630) Pause Young (Allocation Failure) 166M->116M(231M) 0.506ms
[843.033s][info][gc] GC(5631) Pause Young (Allocation Failure) 167M->116M(230M) 0.506ms
[843.085s][info][gc] GC(5632) Pause Young (Allocation Failure) 167M->117M(230M) 0.437ms
[843.133s][info][gc] GC(5633) Pause Young (Allocation Failure) 168M->118M(229M) 0.462ms
[843.186s][info][gc] GC(5634) Pause Young (Allocation Failure) 168M->119M(229M) 0.550ms
[843.229s][info][gc] GC(5635) Pause Young (Allocation Failure) 169M->120M(230M) 0.617ms
[843.270s][info][gc] GC(5636) Pause Young (Allocation Failure) 170M->120M(239M) 0.380ms
[843.332s][info][gc] GC(5637) Pause Young (Allocation Failure) 179M->122M(239M) 0.502ms
[843.393s][info][gc] GC(5638) Pause Young (Allocation Failure) 181M->123M(250M) 0.548ms
[843.455s][info][gc] GC(5639) Pause Young (Allocation Failure) 193M->123M(248M) 0.537ms
[843.523s][info][gc] GC(5640) Pause Young (Allocation Failure) 192M->125M(248M) 0.622ms
[843.595s][info][gc] GC(5641) Pause Young (Allocation Failure) 193M->125M(247M) 0.545ms
[843.656s][info][gc] GC(5642) Pause Young (Allocation Failure) 192M->126M(245M) 0.600ms
[843.720s][info][gc] GC(5643) Pause Young (Allocation Failure) 192M->127M(244M) 0.563ms
[843.781s][info][gc] GC(5644) Pause Young (Allocation Failure) 192M->127M(243M) 0.391ms
[843.846s][info][gc] GC(5645) Pause Young (Allocation Failure) 191M->129M(243M) 0.522ms
[843.908s][info][gc] GC(5646) Pause Young (Allocation Failure) 192M->129M(243M) 0.537ms
[843.964s][info][gc] GC(5647) Pause Young (Allocation Failure) 192M->130M(241M) 0.509ms
[844.026s][info][gc] GC(5648) Pause Young (Allocation Failure) 192M->132M(242M) 0.539ms
[844.082s][info][gc] GC(5649) Pause Young (Allocation Failure) 194M->131M(240M) 0.495ms
[844.145s][info][gc] GC(5650) Pause Young (Allocation Failure) 193M->133M(241M) 0.487ms
[844.211s][info][gc] GC(5651) Pause Young (Allocation Failure) 194M->134M(240M) 0.570ms
[844.264s][info][gc] GC(5652) Pause Young (Allocation Failure) 195M->134M(240M) 0.509ms
[844.322s][info][gc] GC(5653) Pause Young (Allocation Failure) 194M->136M(239M) 0.516ms
[844.373s][info][gc] GC(5654) Pause Young (Allocation Failure) 195M->136M(239M) 0.689ms
[844.435s][info][gc] GC(5655) Pause Young (Allocation Failure) 195M->138M(239M) 0.559ms
[844.489s][info][gc] GC(5656) Pause Young (Allocation Failure) 196M->137M(237M) 0.400ms
[844.549s][info][gc] GC(5657) Pause Young (Allocation Failure) 195M->139M(236M) 0.650ms
[844.609s][info][gc] GC(5658) Pause Young (Allocation Failure) 196M->140M(237M) 0.523ms
[844.657s][info][gc] GC(5659) Pause Young (Allocation Failure) 197M->140M(237M) 0.554ms
[844.715s][info][gc] GC(5660) Pause Young (Allocation Failure) 197M->142M(248M) 0.528ms
[844.775s][info][gc] GC(5661) Pause Young (Allocation Failure) 209M->142M(248M) 0.574ms
[844.841s][info][gc] GC(5662) Pause Young (Allocation Failure) 210M->144M(246M) 0.594ms
[844.909s][info][gc] GC(5663) Pause Young (Allocation Failure) 210M->144M(245M) 0.654ms
[844.969s][info][gc] GC(5664) Pause Young (Allocation Failure) 210M->145M(257M) 0.666ms
[845.045s][info][gc] GC(5665) Pause Young (Allocation Failure) 222M->146M(256M) 0.584ms
[845.121s][info][gc] GC(5666) Pause Young (Allocation Failure) 223M->147M(255M) 0.654ms
[845.189s][info][gc] GC(5667) Pause Young (Allocation Failure) 222M->147M(253M) 0.571ms
[845.265s][info][gc] GC(5668) Pause Young (Allocation Failure) 222M->149M(253M) 0.530ms
[845.335s][info][gc] GC(5669) Pause Young (Allocation Failure) 222M->150M(252M) 0.610ms
[845.397s][info][gc] GC(5670) Pause Young (Allocation Failure) 222M->150M(251M) 0.500ms
[845.472s][info][gc] GC(5671) Pause Young (Allocation Failure) 221M->151M(250M) 0.621ms
[845.538s][info][gc] GC(5672) Pause Young (Allocation Failure) 222M->152M(249M) 0.558ms
[845.601s][info][gc] GC(5673) Pause Young (Allocation Failure) 221M->152M(247M) 0.533ms
[845.671s][info][gc] GC(5674) Pause Young (Allocation Failure) 220M->154M(247M) 0.568ms
[845.740s][info][gc] GC(5675) Pause Young (Allocation Failure) 221M->155M(246M) 0.635ms
[845.796s][info][gc] GC(5676) Pause Young (Allocation Failure) 221M->155M(245M) 0.536ms
[845.862s][info][gc] GC(5677) Pause Young (Allocation Failure) 220M->156M(244M) 0.532ms
[845.929s][info][gc] GC(5678) Pause Young (Allocation Failure) 221M->157M(243M) 0.541ms
[845.982s][info][gc] GC(5679) Pause Young (Allocation Failure) 220M->157M(241M) 0.504ms
[846.048s][info][gc] GC(5680) Pause Young (Allocation Failure) 220M->159M(243M) 0.633ms
[846.104s][info][gc] GC(5681) Pause Young (Allocation Failure) 222M->159M(241M) 0.532ms
[846.169s][info][gc] GC(5682) Pause Young (Allocation Failure) 221M->161M(242M) 0.653ms
[846.229s][info][gc] GC(5683) Pause Young (Allocation Failure) 223M->161M(241M) 0.546ms
[846.285s][info][gc] GC(5684) Pause Young (Allocation Failure) 222M->162M(242M) 0.596ms
[846.348s][info][gc] GC(5685) Pause Young (Allocation Failure) 223M->164M(240M) 0.569ms
[846.400s][info][gc] GC(5686) Pause Young (Allocation Failure) 224M->164M(241M) 0.537ms
[846.463s][info][gc] GC(5687) Pause Young (Allocation Failure) 224M->165M(240M) 0.559ms
[846.518s][info][gc] GC(5688) Pause Young (Allocation Failure) 225M->165M(241M) 0.610ms
[846.582s][info][gc] GC(5689) Pause Young (Allocation Failure) 225M->167M(239M) 0.544ms
[846.646s][info][gc] GC(5690) Pause Young (Allocation Failure) 226M->168M(239M) 0.569ms
[846.697s][info][gc] GC(5691) Pause Young (Allocation Failure) 227M->168M(240M) 0.565ms
[846.756s][info][gc] GC(5692) Pause Young (Allocation Failure) 227M->169M(251M) 0.635ms
[846.819s][info][gc] GC(5693) Pause Young (Allocation Failure) 239M->170M(251M) 0.682ms
[846.892s][info][gc] GC(5694) Pause Young (Allocation Failure) 240M->172M(263M) 0.694ms
[846.976s][info][gc] GC(5695) Pause Young (Allocation Failure) 254M->172M(263M) 0.758ms
[847.055s][info][gc] GC(5696) Pause Young (Allocation Failure) 255M->173M(278M) 0.778ms
[847.146s][info][gc] GC(5697) Pause Young (Allocation Failure) 270M->173M(275M) 0.582ms
[847.240s][info][gc] GC(5698) Pause Young (Allocation Failure) 269M->174M(274M) 0.628ms
[847.356s][info][gc] GC(5699) Pause Young (Allocation Failure) 268M->181M(276M) 1.573ms
[847.394s][info][gc] GC(5700) Pause Full (Ergonomics) 276M->33M(301M) 6.192ms
[847.430s][info][gc] GC(5701) Pause Young (Allocation Failure) 145M->35M(296M) 0.453ms
[847.478s][info][gc] GC(5702) Pause Young (Allocation Failure) 145M->40M(298M) 0.865ms
[847.515s][info][gc] GC(5703) Pause Young (Allocation Failure) 149M->41M(299M) 0.846ms
[847.549s][info][gc] GC(5704) Pause Young (Allocation Failure) 150M->42M(319M) 0.560ms
[847.609s][info][gc] GC(5705) Pause Young (Allocation Failure) 172M->47M(319M) 0.937ms
[847.653s][info][gc] GC(5706) Pause Young (Allocation Failure) 177M->47M(344M) 0.836ms
[847.714s][info][gc] GC(5707) Pause Young (Allocation Failure) 202M->52M(344M) 0.949ms
[847.769s][info][gc] GC(5708) Pause Young (Allocation Failure) 206M->53M(373M) 0.974ms
[847.839s][info][gc] GC(5709) Pause Young (Allocation Failure) 237M->58M(374M) 1.014ms
[847.900s][info][gc] GC(5710) Pause Young (Allocation Failure) 242M->59M(409M) 0.991ms
[847.989s][info][gc] GC(5711) Pause Young (Allocation Failure) 278M->64M(409M) 1.480ms
[848.072s][info][gc] GC(5712) Pause Young (Allocation Failure) 283M->65M(451M) 1.108ms
[848.166s][info][gc] GC(5713) Pause Young (Allocation Failure) 325M->67M(452M) 1.126ms
[848.265s][info][gc] GC(5714) Pause Young (Allocation Failure) 327M->70M(501M) 1.248ms
[848.382s][info][gc] GC(5715) Pause Young (Allocation Failure) 379M->74M(501M) 1.359ms
[848.494s][info][gc] GC(5716) Pause Young (Allocation Failure) 383M->76M(559M) 1.209ms
[848.628s][info][gc] GC(5717) Pause Young (Allocation Failure) 442M->78M(559M) 1.266ms
[848.770s][info][gc] GC(5718) Pause Young (Allocation Failure) 445M->82M(627M) 1.445ms
[848.929s][info][gc] GC(5719) Pause Young (Allocation Failure) 516M->85M(628M) 1.468ms
[849.088s][info][gc] GC(5720) Pause Young (Allocation Failure) 519M->87M(708M) 1.343ms
[849.275s][info][gc] GC(5721) Pause Young (Allocation Failure) 601M->92M(708M) 1.531ms
[849.468s][info][gc] GC(5722) Pause Young (Allocation Failure) 606M->96M(802M) 1.655ms
[849.700s][info][gc] GC(5723) Pause Young (Allocation Failure) 704M->101M(776M) 1.915ms
[849.927s][info][gc] GC(5724) Pause Young (Allocation Failure) 684M->106M(747M) 1.869ms
[850.138s][info][gc] GC(5725) Pause Young (Allocation Failure) 666M->112M(730M) 1.446ms
[850.347s][info][gc] GC(5726) Pause Young (Allocation Failure) 650M->117M(710M) 1.510ms
[850.536s][info][gc] GC(5727) Pause Young (Allocation Failure) 634M->120M(689M) 1.424ms
[850.717s][info][gc] GC(5728) Pause Young (Allocation Failure) 618M->125M(671M) 1.889ms
[850.895s][info][gc] GC(5729) Pause Young (Allocation Failure) 603M->129M(653M) 1.385ms
[851.073s][info][gc] GC(5730) Pause Young (Allocation Failure) 589M->132M(635M) 1.402ms
[851.248s][info][gc] GC(5731) Pause Young (Allocation Failure) 575M->135M(618M) 1.274ms
[851.408s][info][gc] GC(5732) Pause Young (Allocation Failure) 562M->139M(603M) 1.338ms
[851.558s][info][gc] GC(5733) Pause Young (Allocation Failure) 550M->141M(587M) 1.358ms
[851.708s][info][gc] GC(5734) Pause Young (Allocation Failure) 537M->145M(574M) 1.208ms
[851.847s][info][gc] GC(5735) Pause Young (Allocation Failure) 528M->148M(560M) 1.332ms
[851.985s][info][gc] GC(5736) Pause Young (Allocation Failure) 517M->150M(546M) 1.250ms
[852.122s][info][gc] GC(5737) Pause Young (Allocation Failure) 506M->154M(534M) 1.254ms
[852.248s][info][gc] GC(5738) Pause Young (Allocation Failure) 497M->156M(523M) 1.117ms
[852.371s][info][gc] GC(5739) Pause Young (Allocation Failure) 488M->159M(511M) 1.185ms
[852.488s][info][gc] GC(5740) Pause Young (Allocation Failure) 479M->161M(500M) 1.086ms
[852.606s][info][gc] GC(5741) Pause Young (Allocation Failure) 470M->164M(490M) 1.146ms
[852.715s][info][gc] GC(5742) Pause Young (Allocation Failure) 463M->166M(479M) 1.110ms
[852.821s][info][gc] GC(5743) Pause Young (Allocation Failure) 455M->168M(531M) 1.592ms
[852.945s][info][gc] GC(5744) Pause Young (Allocation Failure) 510M->170M(520M) 1.063ms
[853.067s][info][gc] GC(5745) Pause Young (Allocation Failure) 501M->174M(510M) 1.140ms
[853.183s][info][gc] GC(5746) Pause Young (Allocation Failure) 493M->176M(499M) 1.074ms
[853.359s][info][gc] GC(5747) Pause Young (Allocation Failure) 485M->180M(490M) 1.143ms
[853.484s][info][gc] GC(5748) Pause Young (Allocation Failure) 479M->183M(478M) 1.379ms
[853.604s][info][gc] GC(5749) Pause Young (Allocation Failure) 472M->185M(469M) 1.080ms
[853.722s][info][gc] GC(5750) Pause Full (Ergonomics) 465M->39M(459M) 8.293ms
[853.832s][info][gc] GC(5751) Pause Young (Allocation Failure) 310M->45M(461M) 0.749ms
[853.941s][info][gc] GC(5752) Pause Young (Allocation Failure) 307M->47M(448M) 0.977ms
[854.048s][info][gc] GC(5753) Pause Young (Allocation Failure) 301M->50M(441M) 0.954ms
[854.148s][info][gc] GC(5754) Pause Young (Allocation Failure) 296M->51M(433M) 0.874ms
[854.246s][info][gc] GC(5755) Pause Young (Allocation Failure) 290M->53M(426M) 0.870ms
[854.340s][info][gc] GC(5756) Pause Young (Allocation Failure) 284M->55M(419M) 0.924ms
[854.431s][info][gc] GC(5757) Pause Young (Allocation Failure) 279M->56M(411M) 0.840ms
[854.522s][info][gc] GC(5758) Pause Young (Allocation Failure) 274M->58M(405M) 0.921ms
[854.615s][info][gc] GC(5759) Pause Young (Allocation Failure) 269M->60M(399M) 0.846ms
[854.703s][info][gc] GC(5760) Pause Young (Allocation Failure) 266M->62M(393M) 0.866ms
[854.788s][info][gc] GC(5761) Pause Young (Allocation Failure) 262M->64M(388M) 0.804ms
[854.872s][info][gc] GC(5762) Pause Young (Allocation Failure) 258M->66M(381M) 1.394ms
[854.953s][info][gc] GC(5763) Pause Young (Allocation Failure) 254M->69M(417M) 0.913ms
[855.048s][info][gc] GC(5764) Pause Young (Allocation Failure) 292M->71M(457M) 0.929ms
[855.169s][info][gc] GC(5765) Pause Young (Allocation Failure) 335M->73M(450M) 0.964ms
[855.280s][info][gc] GC(5766) Pause Young (Allocation Failure) 329M->75M(441M) 0.915ms
[855.387s][info][gc] GC(5767) Pause Young (Allocation Failure) 323M->78M(434M) 1.067ms
[855.490s][info][gc] GC(5768) Pause Young (Allocation Failure) 318M->80M(427M) 0.925ms
[855.584s][info][gc] GC(5769) Pause Young (Allocation Failure) 312M->81M(419M) 0.839ms
[855.677s][info][gc] GC(5770) Pause Young (Allocation Failure) 306M->83M(413M) 0.860ms
[855.767s][info][gc] GC(5771) Pause Young (Allocation Failure) 302M->85M(406M) 0.799ms
[855.851s][info][gc] GC(5772) Pause Young (Allocation Failure) 297M->87M(444M) 0.904ms
[855.950s][info][gc] GC(5773) Pause Young (Allocation Failure) 338M->89M(437M) 0.899ms
[856.050s][info][gc] GC(5774) Pause Young (Allocation Failure) 333M->91M(430M) 0.867ms
[856.150s][info][gc] GC(5775) Pause Young (Allocation Failure) 327M->94M(423M) 0.913ms
[856.246s][info][gc] GC(5776) Pause Young (Allocation Failure) 323M->96M(463M) 0.994ms
[856.353s][info][gc] GC(5777) Pause Young (Allocation Failure) 366M->99M(456M) 0.984ms
[856.461s][info][gc] GC(5778) Pause Young (Allocation Failure) 361M->101M(449M) 0.959ms
[856.572s][info][gc] GC(5779) Pause Young (Allocation Failure) 355M->104M(441M) 1.005ms
[856.672s][info][gc] GC(5780) Pause Young (Allocation Failure) 350M->105M(483M) 1.253ms
[856.794s][info][gc] GC(5781) Pause Young (Allocation Failure) 396M->108M(538M) 0.953ms
[856.929s][info][gc] GC(5782) Pause Young (Allocation Failure) 452M->111M(526M) 1.010ms
[857.069s][info][gc] GC(5783) Pause Young (Allocation Failure) 443M->114M(515M) 1.163ms
[857.201s][info][gc] GC(5784) Pause Young (Allocation Failure) 434M->116M(502M) 1.242ms
[857.329s][info][gc] GC(5785) Pause Young (Allocation Failure) 426M->120M(494M) 1.381ms
[857.454s][info][gc] GC(5786) Pause Young (Allocation Failure) 419M->122M(484M) 1.103ms
[857.576s][info][gc] GC(5787) Pause Young (Allocation Failure) 411M->124M(473M) 0.975ms
[857.690s][info][gc] GC(5788) Pause Young (Allocation Failure) 403M->126M(464M) 0.972ms
[857.805s][info][gc] GC(5789) Pause Young (Allocation Failure) 397M->128M(456M) 0.958ms
[857.914s][info][gc] GC(5790) Pause Young (Allocation Failure) 390M->130M(448M) 0.944ms
[858.018s][info][gc] GC(5791) Pause Young (Allocation Failure) 384M->133M(440M) 1.108ms
[858.121s][info][gc] GC(5792) Pause Young (Allocation Failure) 379M->135M(433M) 0.939ms
[858.225s][info][gc] GC(5793) Pause Young (Allocation Failure) 374M->137M(476M) 1.120ms
[858.344s][info][gc] GC(5794) Pause Young (Allocation Failure) 419M->139M(467M) 1.013ms
[858.453s][info][gc] GC(5795) Pause Young (Allocation Failure) 412M->141M(459M) 1.038ms
[858.564s][info][gc] GC(5796) Pause Young (Allocation Failure) 406M->144M(450M) 1.050ms
[858.677s][info][gc] GC(5797) Pause Young (Allocation Failure) 400M->146M(443M) 1.061ms
[858.781s][info][gc] GC(5798) Pause Young (Allocation Failure) 394M->147M(486M) 1.097ms
[858.950s][info][gc] GC(5799) Pause Young (Allocation Failure) 440M->152M(479M) 1.332ms
[859.069s][info][gc] GC(5800) Pause Young (Allocation Failure) 435M->154M(520M) 1.300ms
[859.199s][info][gc] GC(5801) Pause Young (Allocation Failure) 481M->157M(510M) 1.048ms
[859.337s][info][gc] GC(5802) Pause Young (Allocation Failure) 473M->159M(498M) 1.002ms
[859.459s][info][gc] GC(5803) Pause Young (Allocation Failure) 465M->163M(490M) 1.076ms
[859.595s][info][gc] GC(5804) Pause Young (Allocation Failure) 458M->165M(481M) 1.155ms
[859.736s][info][gc] GC(5805) Pause Young (Allocation Failure) 451M->167M(471M) 1.324ms
[859.853s][info][gc] GC(5806) Pause Young (Allocation Failure) 444M->169M(462M) 1.064ms
[859.968s][info][gc] GC(5807) Pause Young (Allocation Failure) 437M->170M(453M) 0.996ms
[860.078s][info][gc] GC(5808) Pause Young (Allocation Failure) 429M->173M(445M) 0.977ms
[860.186s][info][gc] GC(5809) Pause Young (Allocation Failure) 424M->175M(437M) 1.052ms
[860.290s][info][gc] GC(5810) Pause Young (Allocation Failure) 419M->178M(430M) 0.954ms
[860.385s][info][gc] GC(5811) Pause Young (Allocation Failure) 414M->179M(423M) 0.934ms
[860.483s][info][gc] GC(5812) Pause Young (Allocation Failure) 408M->181M(416M) 0.930ms
[860.572s][info][gc] GC(5813) Pause Young (Allocation Failure) 403M->182M(409M) 0.833ms
[860.673s][info][gc] GC(5814) Pause Young (Allocation Failure) 397M->184M(402M) 0.960ms
[860.764s][info][gc] GC(5815) Pause Young (Allocation Failure) 393M->187M(441M) 1.285ms
[860.864s][info][gc] GC(5816) Pause Young (Allocation Failure) 435M->189M(468M) 1.034ms
[860.977s][info][gc] GC(5817) Pause Young (Allocation Failure) 460M->191M(468M) 1.076ms
[861.108s][info][gc] GC(5818) Pause Full (Ergonomics) 462M->90M(566M) 20.388ms
[861.246s][info][gc] GC(5819) Pause Young (Allocation Failure) 409M->96M(556M) 1.016ms
[861.377s][info][gc] GC(5820) Pause Young (Allocation Failure) 405M->97M(544M) 1.112ms
[861.504s][info][gc] GC(5821) Pause Young (Allocation Failure) 396M->101M(537M) 1.072ms
[861.621s][info][gc] GC(5822) Pause Young (Allocation Failure) 390M->103M(527M) 1.020ms
[861.739s][info][gc] GC(5823) Pause Young (Allocation Failure) 383M->106M(518M) 1.153ms
[861.854s][info][gc] GC(5824) Pause Young (Allocation Failure) 376M->108M(552M) 1.122ms
[861.975s][info][gc] GC(5825) Pause Young (Allocation Failure) 414M->111M(556M) 1.053ms
[862.101s][info][gc] GC(5826) Pause Young (Allocation Failure) 417M->114M(609M) 1.118ms
[862.250s][info][gc] GC(5827) Pause Young (Allocation Failure) 473M->116M(594M) 1.254ms
[862.391s][info][gc] GC(5828) Pause Young (Allocation Failure) 462M->119M(600M) 1.424ms
[862.536s][info][gc] GC(5829) Pause Young (Allocation Failure) 475M->124M(607M) 1.380ms
[862.691s][info][gc] GC(5830) Pause Young (Allocation Failure) 480M->127M(668M) 1.320ms
[862.867s][info][gc] GC(5831) Pause Young (Allocation Failure) 544M->131M(668M) 1.519ms
[863.037s][info][gc] GC(5832) Pause Young (Allocation Failure) 548M->134M(651M) 1.409ms
[863.203s][info][gc] GC(5833) Pause Young (Allocation Failure) 536M->137M(636M) 1.371ms
[863.379s][info][gc] GC(5834) Pause Young (Allocation Failure) 525M->139M(619M) 1.380ms
[863.557s][info][gc] GC(5835) Pause Young (Allocation Failure) 513M->144M(610M) 1.437ms
[863.715s][info][gc] GC(5836) Pause Young (Allocation Failure) 505M->146M(596M) 1.225ms
[863.870s][info][gc] GC(5837) Pause Young (Allocation Failure) 494M->150M(585M) 1.365ms
[864.011s][info][gc] GC(5838) Pause Young (Allocation Failure) 486M->152M(572M) 1.189ms
[864.145s][info][gc] GC(5839) Pause Young (Allocation Failure) 477M->154M(562M) 1.312ms
[864.276s][info][gc] GC(5840) Pause Young (Allocation Failure) 468M->156M(550M) 1.033ms
[864.401s][info][gc] GC(5841) Pause Young (Allocation Failure) 459M->158M(540M) 1.092ms
[864.573s][info][gc] GC(5842) Pause Young (Allocation Failure) 452M->161M(531M) 1.068ms
[864.727s][info][gc] GC(5843) Pause Young (Allocation Failure) 445M->165M(523M) 1.412ms
[864.873s][info][gc] GC(5844) Pause Young (Allocation Failure) 440M->167M(513M) 1.073ms
[865.005s][info][gc] GC(5845) Pause Young (Allocation Failure) 434M->169M(504M) 1.152ms
[865.133s][info][gc] GC(5846) Pause Young (Allocation Failure) 427M->170M(496M) 0.959ms
[865.261s][info][gc] GC(5847) Pause Young (Allocation Failure) 420M->173M(489M) 1.007ms
[865.381s][info][gc] GC(5848) Pause Young (Allocation Failure) 416M->174M(481M) 0.937ms
[865.498s][info][gc] GC(5849) Pause Young (Allocation Failure) 409M->177M(475M) 0.926ms
[865.615s][info][gc] GC(5850) Pause Young (Allocation Failure) 405M->179M(469M) 1.064ms
[865.724s][info][gc] GC(5851) Pause Young (Allocation Failure) 401M->181M(462M) 1.177ms
[865.828s][info][gc] GC(5852) Pause Young (Allocation Failure) 396M->182M(455M) 0.914ms
[865.932s][info][gc] GC(5853) Pause Young (Allocation Failure) 391M->184M(450M) 0.967ms
[866.032s][info][gc] GC(5854) Pause Young (Allocation Failure) 387M->185M(444M) 0.951ms
[866.132s][info][gc] GC(5855) Pause Young (Allocation Failure) 383M->187M(438M) 0.870ms
[866.237s][info][gc] GC(5856) Pause Young (Allocation Failure) 379M->189M(434M) 0.996ms
[866.329s][info][gc] GC(5857) Pause Young (Allocation Failure) 376M->189M(428M) 0.827ms
[866.420s][info][gc] GC(5858) Pause Young (Allocation Failure) 371M->191M(459M) 0.878ms
[866.530s][info][gc] GC(5859) Pause Young (Allocation Failure) 404M->193M(454M) 0.921ms
[866.632s][info][gc] GC(5860) Pause Young (Allocation Failure) 400M->194M(448M) 0.961ms
[866.734s][info][gc] GC(5861) Pause Young (Allocation Failure) 396M->196M(483M) 1.000ms
[866.855s][info][gc] GC(5862) Pause Young (Allocation Failure) 433M->198M(476M) 0.956ms
[866.973s][info][gc] GC(5863) Pause Young (Allocation Failure) 427M->200M(469M) 1.007ms
[867.093s][info][gc] GC(5864) Pause Young (Allocation Failure) 423M->202M(462M) 0.967ms
[867.198s][info][gc] GC(5865) Pause Young (Allocation Failure) 418M->204M(457M) 1.005ms
[867.302s][info][gc] GC(5866) Pause Young (Allocation Failure) 414M->205M(451M) 0.905ms
[867.400s][info][gc] GC(5867) Pause Young (Allocation Failure) 410M->206M(445M) 0.901ms
[867.499s][info][gc] GC(5868) Pause Young (Allocation Failure) 405M->208M(439M) 0.902ms
[867.597s][info][gc] GC(5869) Pause Young (Allocation Failure) 402M->210M(473M) 1.019ms
[867.710s][info][gc] GC(5870) Pause Young (Allocation Failure) 437M->211M(466M) 0.878ms
[867.822s][info][gc] GC(5871) Pause Young (Allocation Failure) 431M->213M(460M) 1.024ms
[867.928s][info][gc] GC(5872) Pause Young (Allocation Failure) 427M->215M(454M) 0.911ms
[868.031s][info][gc] GC(5873) Pause Young (Allocation Failure) 423M->217M(490M) 0.992ms
[868.152s][info][gc] GC(5874) Pause Young (Allocation Failure) 461M->219M(482M) 1.016ms
[868.274s][info][gc] GC(5875) Pause Young (Allocation Failure) 455M->221M(476M) 1.598ms
[868.387s][info][gc] GC(5876) Pause Young (Allocation Failure) 451M->222M(469M) 1.020ms
[868.496s][info][gc] GC(5877) Pause Young (Allocation Failure) 445M->225M(508M) 1.092ms
[868.627s][info][gc] GC(5878) Pause Young (Allocation Failure) 487M->227M(501M) 1.026ms
[868.755s][info][gc] GC(5879) Pause Young (Allocation Failure) 481M->229M(545M) 1.294ms
[868.910s][info][gc] GC(5880) Pause Young (Allocation Failure) 527M->231M(533M) 1.285ms
[869.057s][info][gc] GC(5881) Pause Young (Allocation Failure) 520M->234M(525M) 1.064ms
[869.198s][info][gc] GC(5882) Pause Young (Allocation Failure) 513M->237M(517M) 1.200ms
[869.331s][info][gc] GC(5883) Pause Young (Allocation Failure) 507M->239M(508M) 1.186ms
[869.468s][info][gc] GC(5884) Pause Young (Allocation Failure) 500M->241M(499M) 1.165ms
[869.596s][info][gc] GC(5885) Pause Young (Allocation Failure) 494M->243M(492M) 1.176ms
[869.753s][info][gc] GC(5886) Pause Full (Ergonomics) 488M->108M(551M) 28.398ms
[869.919s][info][gc] GC(5887) Pause Young (Allocation Failure) 394M->111M(550M) 0.680ms
[870.178s][info][gc] GC(5888) Pause Young (Allocation Failure) 388M->116M(539M) 1.390ms
[870.361s][info][gc] GC(5889) Pause Young (Allocation Failure) 384M->118M(530M) 1.052ms
[870.525s][info][gc] GC(5890) Pause Young (Allocation Failure) 378M->120M(522M) 0.846ms
[870.692s][info][gc] GC(5891) Pause Young (Allocation Failure) 372M->122M(514M) 0.817ms
[870.854s][info][gc] GC(5892) Pause Young (Allocation Failure) 366M->124M(506M) 0.820ms
[871.004s][info][gc] GC(5893) Pause Young (Allocation Failure) 361M->126M(500M) 0.985ms
[871.150s][info][gc] GC(5894) Pause Young (Allocation Failure) 356M->127M(492M) 0.709ms
[871.300s][info][gc] GC(5895) Pause Young (Allocation Failure) 350M->130M(486M) 0.809ms
[871.441s][info][gc] GC(5896) Pause Young (Allocation Failure) 347M->131M(480M) 0.783ms
[871.583s][info][gc] GC(5897) Pause Young (Allocation Failure) 342M->133M(474M) 0.918ms
[871.712s][info][gc] GC(5898) Pause Young (Allocation Failure) 338M->134M(468M) 0.761ms
[871.840s][info][gc] GC(5899) Pause Young (Allocation Failure) 334M->136M(463M) 0.774ms
[871.965s][info][gc] GC(5900) Pause Young (Allocation Failure) 330M->137M(458M) 0.803ms
[872.094s][info][gc] GC(5901) Pause Young (Allocation Failure) 326M->139M(453M) 0.726ms
[872.216s][info][gc] GC(5902) Pause Young (Allocation Failure) 323M->141M(448M) 0.798ms
[872.331s][info][gc] GC(5903) Pause Young (Allocation Failure) 320M->142M(443M) 0.780ms
[872.441s][info][gc] GC(5904) Pause Young (Allocation Failure) 316M->143M(439M) 0.757ms
[872.555s][info][gc] GC(5905) Pause Young (Allocation Failure) 313M->145M(435M) 1.221ms
[872.665s][info][gc] GC(5906) Pause Young (Allocation Failure) 311M->145M(430M) 0.736ms
[872.772s][info][gc] GC(5907) Pause Young (Allocation Failure) 307M->147M(427M) 0.762ms
[872.873s][info][gc] GC(5908) Pause Young (Allocation Failure) 305M->148M(422M) 0.644ms
[872.974s][info][gc] GC(5909) Pause Young (Allocation Failure) 302M->150M(419M) 0.879ms
[873.073s][info][gc] GC(5910) Pause Young (Allocation Failure) 300M->151M(416M) 0.655ms
[873.169s][info][gc] GC(5911) Pause Young (Allocation Failure) 298M->152M(412M) 0.928ms
[873.266s][info][gc] GC(5912) Pause Young (Allocation Failure) 295M->153M(409M) 0.675ms
[873.359s][info][gc] GC(5913) Pause Young (Allocation Failure) 293M->154M(406M) 0.746ms
[873.482s][info][gc] GC(5914) Pause Young (Allocation Failure) 292M->154M(402M) 0.585ms
[873.654s][info][gc] GC(5915) Pause Young (Allocation Failure) 288M->157M(401M) 0.943ms
[873.744s][info][gc] GC(5916) Pause Young (Allocation Failure) 289M->158M(397M) 0.728ms
[873.834s][info][gc] GC(5917) Pause Young (Allocation Failure) 286M->159M(394M) 0.688ms
[873.919s][info][gc] GC(5918) Pause Young (Allocation Failure) 285M->160M(392M) 0.693ms
[873.993s][info][gc] GC(5919) Pause Young (Allocation Failure) 283M->161M(388M) 0.814ms
[874.081s][info][gc] GC(5920) Pause Young (Allocation Failure) 282M->164M(387M) 0.680ms
[874.161s][info][gc] GC(5921) Pause Young (Allocation Failure) 283M->165M(407M) 0.949ms
[874.259s][info][gc] GC(5922) Pause Young (Allocation Failure) 303M->166M(430M) 0.883ms
[874.367s][info][gc] GC(5923) Pause Young (Allocation Failure) 327M->167M(456M) 0.824ms
[874.491s][info][gc] GC(5924) Pause Young (Allocation Failure) 355M->169M(452M) 0.867ms
[874.609s][info][gc] GC(5925) Pause Young (Allocation Failure) 352M->169M(447M) 0.868ms
[874.728s][info][gc] GC(5926) Pause Young (Allocation Failure) 348M->171M(442M) 0.816ms
[874.850s][info][gc] GC(5927) Pause Young (Allocation Failure) 345M->172M(438M) 0.864ms
[874.969s][info][gc] GC(5928) Pause Young (Allocation Failure) 341M->174M(434M) 0.695ms
[875.078s][info][gc] GC(5929) Pause Young (Allocation Failure) 339M->175M(430M) 0.820ms
[875.185s][info][gc] GC(5930) Pause Young (Allocation Failure) 337M->176M(426M) 0.844ms
[875.291s][info][gc] GC(5931) Pause Young (Allocation Failure) 334M->178M(423M) 0.699ms
[875.395s][info][gc] GC(5932) Pause Young (Allocation Failure) 332M->179M(419M) 0.777ms
[875.494s][info][gc] GC(5933) Pause Young (Allocation Failure) 330M->180M(416M) 0.784ms
[875.588s][info][gc] GC(5934) Pause Young (Allocation Failure) 327M->181M(412M) 0.686ms
[875.679s][info][gc] GC(5935) Pause Young (Allocation Failure) 325M->182M(408M) 1.121ms
[875.772s][info][gc] GC(5936) Pause Young (Allocation Failure) 323M->184M(406M) 0.878ms
[875.864s][info][gc] GC(5937) Pause Young (Allocation Failure) 322M->186M(404M) 0.767ms
[875.955s][info][gc] GC(5938) Pause Young (Allocation Failure) 320M->187M(399M) 0.758ms
[876.040s][info][gc] GC(5939) Pause Young (Allocation Failure) 318M->188M(397M) 0.774ms
[876.124s][info][gc] GC(5940) Pause Young (Allocation Failure) 317M->189M(394M) 0.680ms
[876.202s][info][gc] GC(5941) Pause Young (Allocation Failure) 315M->190M(391M) 0.702ms
[876.290s][info][gc] GC(5942) Pause Young (Allocation Failure) 313M->192M(389M) 0.693ms
[876.373s][info][gc] GC(5943) Pause Young (Allocation Failure) 313M->193M(409M) 0.829ms
[876.469s][info][gc] GC(5944) Pause Young (Allocation Failure) 334M->194M(407M) 0.691ms
[876.559s][info][gc] GC(5945) Pause Young (Allocation Failure) 332M->196M(404M) 0.781ms
[876.645s][info][gc] GC(5946) Pause Young (Allocation Failure) 331M->196M(399M) 0.729ms
[876.731s][info][gc] GC(5947) Pause Young (Allocation Failure) 328M->197M(396M) 0.723ms
[876.815s][info][gc] GC(5948) Pause Young (Allocation Failure) 326M->199M(394M) 0.695ms
[876.903s][info][gc] GC(5949) Pause Young (Allocation Failure) 326M->201M(393M) 0.696ms
[876.987s][info][gc] GC(5950) Pause Young (Allocation Failure) 325M->202M(390M) 0.746ms
[877.087s][info][gc] GC(5951) Pause Young (Allocation Failure) 324M->202M(386M) 0.629ms
[877.258s][info][gc] GC(5952) Pause Young (Allocation Failure) 321M->205M(386M) 0.798ms
[877.338s][info][gc] GC(5953) Pause Young (Allocation Failure) 321M->206M(382M) 1.144ms
[877.407s][info][gc] GC(5954) Pause Young (Allocation Failure) 320M->207M(379M) 0.660ms
[877.486s][info][gc] GC(5955) Pause Young (Allocation Failure) 319M->209M(378M) 0.740ms
[877.565s][info][gc] GC(5956) Pause Young (Allocation Failure) 319M->210M(397M) 0.754ms
[877.650s][info][gc] GC(5957) Pause Young (Allocation Failure) 338M->211M(418M) 0.712ms
[877.750s][info][gc] GC(5958) Pause Young (Allocation Failure) 360M->211M(414M) 0.651ms
[877.841s][info][gc] GC(5959) Pause Young (Allocation Failure) 357M->213M(410M) 0.657ms
[877.937s][info][gc] GC(5960) Pause Young (Allocation Failure) 355M->215M(408M) 0.903ms
[878.031s][info][gc] GC(5961) Pause Young (Allocation Failure) 355M->217M(405M) 0.724ms
[878.121s][info][gc] GC(5962) Pause Young (Allocation Failure) 353M->218M(427M) 0.946ms
[878.229s][info][gc] GC(5963) Pause Young (Allocation Failure) 377M->219M(440M) 0.941ms
[878.337s][info][gc] GC(5964) Pause Young (Allocation Failure) 389M->221M(434M) 0.822ms
[878.446s][info][gc] GC(5965) Pause Young (Allocation Failure) 386M->222M(454M) 0.961ms
[878.564s][info][gc] GC(5966) Pause Young (Allocation Failure) 407M->223M(448M) 0.857ms
[878.679s][info][gc] GC(5967) Pause Young (Allocation Failure) 403M->224M(443M) 0.784ms
[878.799s][info][gc] GC(5968) Pause Young (Allocation Failure) 399M->226M(439M) 0.878ms
[878.910s][info][gc] GC(5969) Pause Young (Allocation Failure) 396M->228M(435M) 0.962ms
[879.022s][info][gc] GC(5970) Pause Young (Allocation Failure) 394M->229M(430M) 0.824ms
[879.128s][info][gc] GC(5971) Pause Young (Allocation Failure) 391M->231M(428M) 0.952ms
[879.232s][info][gc] GC(5972) Pause Young (Allocation Failure) 389M->232M(423M) 0.775ms
[879.332s][info][gc] GC(5973) Pause Young (Allocation Failure) 386M->233M(420M) 0.738ms
[879.431s][info][gc] GC(5974) Pause Young (Allocation Failure) 384M->234M(416M) 0.745ms
[879.530s][info][gc] GC(5975) Pause Young (Allocation Failure) 382M->235M(413M) 0.900ms
[879.616s][info][gc] GC(5976) Pause Young (Allocation Failure) 379M->235M(409M) 0.695ms
[879.712s][info][gc] GC(5977) Pause Young (Allocation Failure) 376M->238M(406M) 0.737ms
[879.802s][info][gc] GC(5978) Pause Young (Allocation Failure) 376M->239M(403M) 0.769ms
[879.900s][info][gc] GC(5979) Pause Young (Allocation Failure) 374M->241M(400M) 0.836ms
[879.989s][info][gc] GC(5980) Pause Young (Allocation Failure) 373M->242M(397M) 0.826ms
[880.076s][info][gc] GC(5981) Pause Young (Allocation Failure) 371M->243M(395M) 0.783ms
[880.159s][info][gc] GC(5982) Pause Young (Allocation Failure) 369M->244M(415M) 0.844ms
[880.258s][info][gc] GC(5983) Pause Young (Allocation Failure) 391M->245M(433M) 0.893ms
[880.366s][info][gc] GC(5984) Pause Young (Allocation Failure) 409M->246M(442M) 0.875ms
[880.475s][info][gc] GC(5985) Pause Young (Allocation Failure) 419M->248M(442M) 0.940ms
[880.588s][info][gc] GC(5986) Pause Young (Allocation Failure) 420M->249M(436M) 0.901ms
[880.720s][info][gc] GC(5987) Pause Young (Allocation Failure) 417M->249M(431M) 0.779ms
[880.903s][info][gc] GC(5988) Pause Young (Allocation Failure) 413M->253M(428M) 0.998ms
[881.008s][info][gc] GC(5989) Pause Young (Allocation Failure) 413M->254M(424M) 1.138ms
[881.108s][info][gc] GC(5990) Pause Young (Allocation Failure) 410M->255M(421M) 0.861ms
[881.209s][info][gc] GC(5991) Pause Young (Allocation Failure) 408M->257M(417M) 0.874ms
[881.308s][info][gc] GC(5992) Pause Young (Allocation Failure) 406M->258M(414M) 0.833ms
[881.406s][info][gc] GC(5993) Pause Young (Allocation Failure) 403M->259M(438M) 0.893ms
[881.515s][info][gc] GC(5994) Pause Young (Allocation Failure) 429M->260M(455M) 0.944ms
[881.635s][info][gc] GC(5995) Pause Young (Allocation Failure) 448M->262M(451M) 0.978ms
[881.767s][info][gc] GC(5996) Pause Young (Allocation Failure) 445M->264M(444M) 1.079ms
[881.888s][info][gc] GC(5997) Pause Full (Ergonomics) 442M->42M(368M) 9.889ms
[882.002s][info][gc] GC(5998) Pause Young (Allocation Failure) 215M->45M(367M) 0.657ms
[882.109s][info][gc] GC(5999) Pause Young (Allocation Failure) 214M->47M(363M) 0.721ms
[882.217s][info][gc] GC(6000) Pause Young (Allocation Failure) 212M->48M(359M) 0.698ms
[882.321s][info][gc] GC(6001) Pause Young (Allocation Failure) 209M->49M(355M) 0.811ms
[882.421s][info][gc] GC(6002) Pause Young (Allocation Failure) 206M->51M(351M) 0.675ms
[882.520s][info][gc] GC(6003) Pause Young (Allocation Failure) 204M->51M(347M) 0.798ms
[882.616s][info][gc] GC(6004) Pause Young (Allocation Failure) 201M->53M(344M) 0.633ms
[882.716s][info][gc] GC(6005) Pause Young (Allocation Failure) 199M->54M(341M) 0.685ms
[882.806s][info][gc] GC(6006) Pause Young (Allocation Failure) 197M->55M(337M) 0.580ms
[882.900s][info][gc] GC(6007) Pause Young (Allocation Failure) 194M->56M(334M) 0.644ms
[882.985s][info][gc] GC(6008) Pause Young (Allocation Failure) 192M->57M(330M) 0.613ms
[883.074s][info][gc] GC(6009) Pause Young (Allocation Failure) 190M->59M(328M) 0.759ms
[883.161s][info][gc] GC(6010) Pause Young (Allocation Failure) 190M->61M(326M) 0.646ms
[883.245s][info][gc] GC(6011) Pause Young (Allocation Failure) 189M->62M(323M) 0.788ms
[883.328s][info][gc] GC(6012) Pause Young (Allocation Failure) 187M->63M(320M) 0.604ms
[883.410s][info][gc] GC(6013) Pause Young (Allocation Failure) 185M->64M(318M) 0.683ms
[883.483s][info][gc] GC(6014) Pause Young (Allocation Failure) 184M->65M(314M) 0.721ms
[883.564s][info][gc] GC(6015) Pause Young (Allocation Failure) 183M->68M(313M) 0.623ms
[883.643s][info][gc] GC(6016) Pause Young (Allocation Failure) 183M->69M(311M) 0.744ms
[883.709s][info][gc] GC(6017) Pause Young (Allocation Failure) 182M->69M(307M) 0.558ms
[883.789s][info][gc] GC(6018) Pause Young (Allocation Failure) 180M->71M(306M) 0.651ms
[883.860s][info][gc] GC(6019) Pause Young (Allocation Failure) 180M->72M(305M) 0.653ms
[883.936s][info][gc] GC(6020) Pause Young (Allocation Failure) 179M->72M(302M) 0.559ms
[884.005s][info][gc] GC(6021) Pause Young (Allocation Failure) 177M->74M(299M) 0.654ms
[884.074s][info][gc] GC(6022) Pause Young (Allocation Failure) 177M->76M(299M) 0.664ms
[884.131s][info][gc] GC(6023) Pause Young (Allocation Failure) 177M->76M(295M) 0.646ms
[884.205s][info][gc] GC(6024) Pause Young (Allocation Failure) 175M->78M(295M) 0.604ms
[884.313s][info][gc] GC(6025) Pause Young (Allocation Failure) 176M->78M(292M) 0.464ms
[884.450s][info][gc] GC(6026) Pause Young (Allocation Failure) 174M->81M(293M) 0.660ms
[884.510s][info][gc] GC(6027) Pause Young (Allocation Failure) 176M->81M(290M) 0.588ms
[884.571s][info][gc] GC(6028) Pause Young (Allocation Failure) 174M->82M(288M) 0.597ms
[884.632s][info][gc] GC(6029) Pause Young (Allocation Failure) 174M->84M(288M) 0.596ms
[884.690s][info][gc] GC(6030) Pause Young (Allocation Failure) 174M->85M(302M) 0.736ms
[884.762s][info][gc] GC(6031) Pause Young (Allocation Failure) 191M->88M(315M) 0.636ms
[884.843s][info][gc] GC(6032) Pause Young (Allocation Failure) 204M->89M(323M) 0.856ms
[884.915s][info][gc] GC(6033) Pause Young (Allocation Failure) 213M->89M(323M) 0.638ms
[885.004s][info][gc] GC(6034) Pause Young (Allocation Failure) 213M->92M(344M) 0.698ms
[885.099s][info][gc] GC(6035) Pause Young (Allocation Failure) 237M->93M(344M) 0.807ms
[885.196s][info][gc] GC(6036) Pause Young (Allocation Failure) 238M->94M(369M) 0.862ms
[885.308s][info][gc] GC(6037) Pause Young (Allocation Failure) 264M->95M(369M) 0.956ms
[885.416s][info][gc] GC(6038) Pause Young (Allocation Failure) 265M->97M(363M) 0.837ms
[885.525s][info][gc] GC(6039) Pause Young (Allocation Failure) 262M->98M(359M) 0.984ms
[885.629s][info][gc] GC(6040) Pause Young (Allocation Failure) 259M->99M(355M) 0.850ms
[885.733s][info][gc] GC(6041) Pause Young (Allocation Failure) 256M->100M(351M) 0.789ms
[885.829s][info][gc] GC(6042) Pause Young (Allocation Failure) 253M->102M(347M) 0.701ms
[885.930s][info][gc] GC(6043) Pause Young (Allocation Failure) 251M->103M(344M) 0.826ms
[886.024s][info][gc] GC(6044) Pause Young (Allocation Failure) 249M->104M(340M) 0.635ms
[886.123s][info][gc] GC(6045) Pause Young (Allocation Failure) 246M->105M(338M) 0.722ms
[886.212s][info][gc] GC(6046) Pause Young (Allocation Failure) 245M->106M(334M) 0.709ms
[886.301s][info][gc] GC(6047) Pause Young (Allocation Failure) 243M->108M(331M) 0.760ms
[886.388s][info][gc] GC(6048) Pause Young (Allocation Failure) 241M->109M(328M) 0.920ms
[886.469s][info][gc] GC(6049) Pause Young (Allocation Failure) 239M->109M(324M) 0.655ms
[886.553s][info][gc] GC(6050) Pause Young (Allocation Failure) 236M->111M(322M) 0.735ms
[886.638s][info][gc] GC(6051) Pause Young (Allocation Failure) 236M->113M(344M) 0.867ms
[886.731s][info][gc] GC(6052) Pause Young (Allocation Failure) 259M->114M(340M) 0.693ms
[886.825s][info][gc] GC(6053) Pause Young (Allocation Failure) 256M->115M(338M) 0.915ms
[886.915s][info][gc] GC(6054) Pause Young (Allocation Failure) 255M->116M(334M) 0.666ms
[887.005s][info][gc] GC(6055) Pause Young (Allocation Failure) 253M->117M(331M) 0.655ms
[887.087s][info][gc] GC(6056) Pause Young (Allocation Failure) 251M->118M(327M) 0.596ms
[887.172s][info][gc] GC(6057) Pause Young (Allocation Failure) 248M->120M(325M) 0.714ms
[887.257s][info][gc] GC(6058) Pause Young (Allocation Failure) 248M->122M(323M) 0.825ms
[887.342s][info][gc] GC(6059) Pause Young (Allocation Failure) 247M->122M(320M) 0.787ms
[887.425s][info][gc] GC(6060) Pause Young (Allocation Failure) 245M->124M(318M) 0.639ms
[887.499s][info][gc] GC(6061) Pause Young (Allocation Failure) 244M->125M(314M) 0.704ms
[887.578s][info][gc] GC(6062) Pause Young (Allocation Failure) 242M->127M(312M) 0.656ms
[887.658s][info][gc] GC(6063) Pause Young (Allocation Failure) 242M->129M(311M) 0.628ms
[887.735s][info][gc] GC(6064) Pause Young (Allocation Failure) 242M->129M(309M) 0.627ms
[887.799s][info][gc] GC(6065) Pause Young (Allocation Failure) 240M->130M(305M) 0.668ms
[887.982s][info][gc] GC(6066) Pause Young (Allocation Failure) 239M->133M(305M) 0.732ms
[888.048s][info][gc] GC(6067) Pause Young (Allocation Failure) 240M->134M(301M) 0.910ms
[888.124s][info][gc] GC(6068) Pause Young (Allocation Failure) 239M->136M(301M) 0.674ms
[888.193s][info][gc] GC(6069) Pause Young (Allocation Failure) 239M->137M(319M) 0.722ms
[888.265s][info][gc] GC(6070) Pause Young (Allocation Failure) 258M->136M(315M) 0.551ms
[888.349s][info][gc] GC(6071) Pause Young (Allocation Failure) 255M->139M(313M) 0.787ms
[888.426s][info][gc] GC(6072) Pause Young (Allocation Failure) 255M->140M(334M) 0.780ms
[888.515s][info][gc] GC(6073) Pause Young (Allocation Failure) 276M->141M(331M) 0.679ms
[888.604s][info][gc] GC(6074) Pause Young (Allocation Failure) 274M->142M(327M) 0.699ms
[888.682s][info][gc] GC(6075) Pause Young (Allocation Failure) 272M->142M(323M) 0.577ms
[888.769s][info][gc] GC(6076) Pause Young (Allocation Failure) 269M->144M(322M) 0.747ms
[888.854s][info][gc] GC(6077) Pause Young (Allocation Failure) 269M->146M(320M) 0.763ms
[888.933s][info][gc] GC(6078) Pause Young (Allocation Failure) 268M->146M(317M) 0.662ms
[889.013s][info][gc] GC(6079) Pause Young (Allocation Failure) 266M->147M(315M) 0.796ms
[889.083s][info][gc] GC(6080) Pause Young (Allocation Failure) 264M->148M(321M) 0.726ms
[889.169s][info][gc] GC(6081) Pause Young (Allocation Failure) 272M->151M(323M) 0.776ms
[889.252s][info][gc] GC(6082) Pause Young (Allocation Failure) 275M->152M(344M) 0.736ms
[889.349s][info][gc] GC(6083) Pause Young (Allocation Failure) 296M->153M(339M) 0.808ms
[889.441s][info][gc] GC(6084) Pause Young (Allocation Failure) 294M->154M(340M) 1.021ms
[889.536s][info][gc] GC(6085) Pause Young (Allocation Failure) 297M->156M(343M) 0.815ms
[889.631s][info][gc] GC(6086) Pause Young (Allocation Failure) 299M->157M(338M) 0.736ms
[889.719s][info][gc] GC(6087) Pause Young (Allocation Failure) 297M->158M(334M) 0.786ms
[889.810s][info][gc] GC(6088) Pause Young (Allocation Failure) 295M->160M(358M) 0.890ms
[889.915s][info][gc] GC(6089) Pause Young (Allocation Failure) 320M->161M(354M) 0.788ms
[890.017s][info][gc] GC(6090) Pause Young (Allocation Failure) 318M->162M(350M) 0.729ms
[890.120s][info][gc] GC(6091) Pause Young (Allocation Failure) 315M->164M(347M) 0.895ms
[890.220s][info][gc] GC(6092) Pause Young (Allocation Failure) 313M->165M(343M) 0.704ms
[890.316s][info][gc] GC(6093) Pause Young (Allocation Failure) 311M->167M(340M) 0.848ms
[890.412s][info][gc] GC(6094) Pause Young (Allocation Failure) 309M->168M(335M) 0.779ms
[890.502s][info][gc] GC(6095) Pause Young (Allocation Failure) 307M->170M(334M) 0.699ms
[890.596s][info][gc] GC(6096) Pause Young (Allocation Failure) 306M->171M(331M) 0.748ms
[890.686s][info][gc] GC(6097) Pause Young (Allocation Failure) 304M->172M(328M) 0.846ms
[890.765s][info][gc] GC(6098) Pause Young (Allocation Failure) 302M->173M(323M) 0.711ms
[890.848s][info][gc] GC(6099) Pause Young (Allocation Failure) 300M->175M(322M) 0.677ms
[890.930s][info][gc] GC(6100) Pause Young (Allocation Failure) 299M->176M(320M) 0.638ms
[891.010s][info][gc] GC(6101) Pause Young (Allocation Failure) 298M->178M(318M) 0.839ms
[891.088s][info][gc] GC(6102) Pause Young (Allocation Failure) 297M->177M(314M) 0.588ms
[891.162s][info][gc] GC(6103) Pause Young (Allocation Failure) 294M->179M(311M) 0.671ms
[891.244s][info][gc] GC(6104) Pause Young (Allocation Failure) 294M->181M(310M) 0.770ms
[891.319s][info][gc] GC(6105) Pause Young (Allocation Failure) 294M->182M(308M) 0.651ms
[891.385s][info][gc] GC(6106) Pause Young (Allocation Failure) 293M->183M(326M) 0.694ms
[891.584s][info][gc] GC(6107) Pause Young (Allocation Failure) 312M->186M(325M) 0.771ms
[891.670s][info][gc] GC(6108) Pause Young (Allocation Failure) 313M->187M(322M) 0.838ms
[891.741s][info][gc] GC(6109) Pause Young (Allocation Failure) 311M->188M(329M) 0.764ms
[891.827s][info][gc] GC(6110) Pause Young (Allocation Failure) 317M->190M(346M) 0.824ms
[891.925s][info][gc] GC(6111) Pause Young (Allocation Failure) 336M->192M(345M) 1.003ms
[892.021s][info][gc] GC(6112) Pause Young (Allocation Failure) 337M->193M(370M) 0.878ms
[892.136s][info][gc] GC(6113) Pause Young (Allocation Failure) 363M->194M(370M) 0.849ms
[892.249s][info][gc] GC(6114) Pause Young (Allocation Failure) 365M->195M(399M) 0.953ms
[892.377s][info][gc] GC(6115) Pause Young (Allocation Failure) 395M->196M(392M) 0.865ms
[892.520s][info][gc] GC(6116) Pause Full (Ergonomics) 390M->41M(380M) 10.124ms
[892.643s][info][gc] GC(6117) Pause Young (Allocation Failure) 230M->45M(380M) 0.602ms
[892.763s][info][gc] GC(6118) Pause Young (Allocation Failure) 229M->46M(374M) 0.699ms
[892.877s][info][gc] GC(6119) Pause Young (Allocation Failure) 225M->48M(369M) 0.688ms
[892.989s][info][gc] GC(6120) Pause Young (Allocation Failure) 222M->49M(363M) 0.851ms
[893.098s][info][gc] GC(6121) Pause Young (Allocation Failure) 219M->51M(360M) 0.696ms
[893.207s][info][gc] GC(6122) Pause Young (Allocation Failure) 216M->51M(355M) 0.663ms
[893.324s][info][gc] GC(6123) Pause Young (Allocation Failure) 212M->53M(351M) 0.612ms
[893.427s][info][gc] GC(6124) Pause Young (Allocation Failure) 210M->54M(347M) 0.657ms
[893.527s][info][gc] GC(6125) Pause Young (Allocation Failure) 208M->55M(344M) 0.792ms
[893.623s][info][gc] GC(6126) Pause Young (Allocation Failure) 205M->57M(340M) 0.601ms
[893.718s][info][gc] GC(6127) Pause Young (Allocation Failure) 203M->58M(336M) 0.653ms
[893.812s][info][gc] GC(6128) Pause Young (Allocation Failure) 201M->60M(333M) 0.739ms
[893.907s][info][gc] GC(6129) Pause Young (Allocation Failure) 200M->61M(331M) 0.863ms
[894.001s][info][gc] GC(6130) Pause Young (Allocation Failure) 198M->62M(327M) 0.690ms
[894.088s][info][gc] GC(6131) Pause Young (Allocation Failure) 196M->64M(325M) 0.729ms
[894.174s][info][gc] GC(6132) Pause Young (Allocation Failure) 194M->65M(321M) 0.668ms
[894.258s][info][gc] GC(6133) Pause Young (Allocation Failure) 192M->65M(318M) 0.614ms
[894.336s][info][gc] GC(6134) Pause Young (Allocation Failure) 190M->67M(315M) 0.626ms
[894.418s][info][gc] GC(6135) Pause Young (Allocation Failure) 190M->69M(314M) 0.659ms
[894.498s][info][gc] GC(6136) Pause Young (Allocation Failure) 189M->70M(312M) 0.630ms
[894.577s][info][gc] GC(6137) Pause Young (Allocation Failure) 188M->71M(309M) 0.679ms
[894.650s][info][gc] GC(6138) Pause Young (Allocation Failure) 186M->72M(305M) 0.752ms
[894.729s][info][gc] GC(6139) Pause Young (Allocation Failure) 184M->74M(304M) 0.784ms
[894.808s][info][gc] GC(6140) Pause Young (Allocation Failure) 184M->75M(303M) 0.717ms
[894.872s][info][gc] GC(6141) Pause Young (Allocation Failure) 183M->75M(299M) 0.618ms
[894.944s][info][gc] GC(6142) Pause Young (Allocation Failure) 182M->78M(298M) 0.617ms
[895.045s][info][gc] GC(6143) Pause Young (Allocation Failure) 182M->77M(295M) 0.546ms
[895.201s][info][gc] GC(6144) Pause Young (Allocation Failure) 180M->80M(295M) 0.704ms
[895.271s][info][gc] GC(6145) Pause Young (Allocation Failure) 181M->81M(292M) 0.792ms
[895.331s][info][gc] GC(6146) Pause Young (Allocation Failure) 180M->82M(289M) 0.597ms
[895.395s][info][gc] GC(6147) Pause Young (Allocation Failure) 179M->84M(289M) 0.566ms
[895.452s][info][gc] GC(6148) Pause Young (Allocation Failure) 180M->85M(286M) 0.606ms
[895.518s][info][gc] GC(6149) Pause Young (Allocation Failure) 179M->87M(286M) 0.582ms
[895.583s][info][gc] GC(6150) Pause Young (Allocation Failure) 180M->88M(285M) 0.552ms
[895.637s][info][gc] GC(6151) Pause Young (Allocation Failure) 179M->88M(299M) 0.680ms
[895.710s][info][gc] GC(6152) Pause Young (Allocation Failure) 195M->91M(319M) 0.689ms
[895.794s][info][gc] GC(6153) Pause Young (Allocation Failure) 216M->92M(317M) 0.626ms
[895.866s][info][gc] GC(6154) Pause Young (Allocation Failure) 215M->92M(313M) 0.582ms
[895.951s][info][gc] GC(6155) Pause Young (Allocation Failure) 213M->95M(312M) 0.748ms
[896.028s][info][gc] GC(6156) Pause Young (Allocation Failure) 213M->96M(310M) 0.692ms
[896.109s][info][gc] GC(6157) Pause Young (Allocation Failure) 211M->97M(307M) 0.664ms
[896.173s][info][gc] GC(6158) Pause Young (Allocation Failure) 210M->97M(303M) 0.645ms
[896.249s][info][gc] GC(6159) Pause Young (Allocation Failure) 208M->100M(303M) 0.609ms
[896.322s][info][gc] GC(6160) Pause Young (Allocation Failure) 209M->101M(301M) 0.612ms
[896.385s][info][gc] GC(6161) Pause Young (Allocation Failure) 208M->101M(297M) 0.697ms
[896.461s][info][gc] GC(6162) Pause Young (Allocation Failure) 206M->104M(297M) 0.667ms
[896.532s][info][gc] GC(6163) Pause Young (Allocation Failure) 207M->104M(295M) 0.628ms
[896.591s][info][gc] GC(6164) Pause Young (Allocation Failure) 205M->104M(291M) 0.548ms
[896.660s][info][gc] GC(6165) Pause Young (Allocation Failure) 203M->107M(291M) 0.635ms
[896.727s][info][gc] GC(6166) Pause Young (Allocation Failure) 205M->108M(290M) 0.579ms
[896.784s][info][gc] GC(6167) Pause Young (Allocation Failure) 204M->109M(296M) 0.603ms
[896.852s][info][gc] GC(6168) Pause Young (Allocation Failure) 210M->111M(308M) 0.638ms
[896.929s][info][gc] GC(6169) Pause Young (Allocation Failure) 224M->112M(305M) 0.629ms
[896.997s][info][gc] GC(6170) Pause Young (Allocation Failure) 223M->113M(306M) 0.704ms
[897.074s][info][gc] GC(6171) Pause Young (Allocation Failure) 224M->115M(303M) 0.609ms
[897.147s][info][gc] GC(6172) Pause Young (Allocation Failure) 224M->116M(301M) 0.607ms
[897.211s][info][gc] GC(6173) Pause Young (Allocation Failure) 223M->116M(298M) 0.598ms
[897.283s][info][gc] GC(6174) Pause Young (Allocation Failure) 222M->118M(297M) 0.635ms
[897.352s][info][gc] GC(6175) Pause Young (Allocation Failure) 222M->119M(295M) 0.655ms
[897.413s][info][gc] GC(6176) Pause Young (Allocation Failure) 221M->120M(297M) 0.678ms
[897.488s][info][gc] GC(6177) Pause Young (Allocation Failure) 224M->122M(298M) 0.632ms
[897.556s][info][gc] GC(6178) Pause Young (Allocation Failure) 226M->123M(316M) 0.619ms
[897.629s][info][gc] GC(6179) Pause Young (Allocation Failure) 245M->124M(311M) 0.621ms
[897.711s][info][gc] GC(6180) Pause Young (Allocation Failure) 243M->126M(313M) 0.831ms
[897.788s][info][gc] GC(6181) Pause Young (Allocation Failure) 245M->127M(314M) 0.686ms
[897.866s][info][gc] GC(6182) Pause Young (Allocation Failure) 246M->128M(334M) 0.686ms
[897.959s][info][gc] GC(6183) Pause Young (Allocation Failure) 267M->129M(334M) 0.891ms
[898.039s][info][gc] GC(6184) Pause Young (Allocation Failure) 268M->130M(328M) 0.651ms
[898.133s][info][gc] GC(6185) Pause Young (Allocation Failure) 266M->132M(327M) 0.816ms
[898.224s][info][gc] GC(6186) Pause Young (Allocation Failure) 265M->134M(324M) 0.777ms
[898.309s][info][gc] GC(6187) Pause Young (Allocation Failure) 264M->135M(346M) 0.855ms
[898.410s][info][gc] GC(6188) Pause Young (Allocation Failure) 287M->136M(343M) 0.656ms
[898.505s][info][gc] GC(6189) Pause Young (Allocation Failure) 285M->137M(339M) 0.888ms
[898.650s][info][gc] GC(6190) Pause Young (Allocation Failure) 282M->137M(334M) 0.671ms
[898.811s][info][gc] GC(6191) Pause Young (Allocation Failure) 279M->141M(334M) 0.984ms
[898.906s][info][gc] GC(6192) Pause Young (Allocation Failure) 280M->141M(330M) 0.891ms
[898.992s][info][gc] GC(6193) Pause Young (Allocation Failure) 277M->142M(327M) 0.863ms
[899.082s][info][gc] GC(6194) Pause Young (Allocation Failure) 275M->144M(324M) 0.692ms
[899.171s][info][gc] GC(6195) Pause Young (Allocation Failure) 274M->145M(321M) 0.774ms
[899.246s][info][gc] GC(6196) Pause Young (Allocation Failure) 272M->145M(317M) 0.605ms
[899.333s][info][gc] GC(6197) Pause Young (Allocation Failure) 269M->147M(316M) 0.736ms
[899.416s][info][gc] GC(6198) Pause Young (Allocation Failure) 269M->149M(314M) 0.713ms
[899.493s][info][gc] GC(6199) Pause Young (Allocation Failure) 268M->150M(311M) 0.728ms
[899.566s][info][gc] GC(6200) Pause Young (Allocation Failure) 267M->150M(308M) 0.670ms
[899.638s][info][gc] GC(6201) Pause Young (Allocation Failure) 264M->151M(323M) 0.830ms
[899.728s][info][gc] GC(6202) Pause Young (Allocation Failure) 279M->154M(330M) 0.845ms
[899.820s][info][gc] GC(6203) Pause Young (Allocation Failure) 288M->155M(330M) 0.756ms
[899.910s][info][gc] GC(6204) Pause Young (Allocation Failure) 289M->156M(326M) 0.746ms
[899.994s][info][gc] GC(6205) Pause Young (Allocation Failure) 287M->156M(322M) 0.671ms
[900.079s][info][gc] GC(6206) Pause Young (Allocation Failure) 285M->158M(319M) 0.804ms
[900.162s][info][gc] GC(6207) Pause Young (Allocation Failure) 283M->159M(316M) 0.735ms
[900.245s][info][gc] GC(6208) Pause Young (Allocation Failure) 282M->161M(314M) 0.804ms
[900.327s][info][gc] GC(6209) Pause Young (Allocation Failure) 281M->162M(335M) 0.787ms
[900.421s][info][gc] GC(6210) Pause Young (Allocation Failure) 303M->163M(332M) 0.752ms
[900.504s][info][gc] GC(6211) Pause Young (Allocation Failure) 301M->163M(341M) 0.783ms
[900.601s][info][gc] GC(6212) Pause Young (Allocation Failure) 309M->165M(358M) 0.875ms
[900.708s][info][gc] GC(6213) Pause Young (Allocation Failure) 327M->167M(353M) 0.860ms
[900.814s][info][gc] GC(6214) Pause Young (Allocation Failure) 325M->168M(347M) 0.855ms
[900.920s][info][gc] GC(6215) Pause Young (Allocation Failure) 322M->170M(345M) 0.771ms
[901.021s][info][gc] GC(6216) Pause Young (Allocation Failure) 321M->171M(342M) 0.738ms
[901.120s][info][gc] GC(6217) Pause Young (Allocation Failure) 319M->173M(338M) 0.896ms
[901.212s][info][gc] GC(6218) Pause Young (Allocation Failure) 317M->173M(334M) 0.738ms
[901.305s][info][gc] GC(6219) Pause Young (Allocation Failure) 313M->174M(331M) 0.775ms
[901.394s][info][gc] GC(6220) Pause Young (Allocation Failure) 312M->175M(328M) 0.724ms
[901.485s][info][gc] GC(6221) Pause Young (Allocation Failure) 310M->177M(325M) 0.848ms
[901.575s][info][gc] GC(6222) Pause Young (Allocation Failure) 308M->178M(322M) 0.769ms
[901.655s][info][gc] GC(6223) Pause Young (Allocation Failure) 306M->179M(319M) 0.663ms
[901.740s][info][gc] GC(6224) Pause Young (Allocation Failure) 304M->180M(317M) 0.719ms
[901.822s][info][gc] GC(6225) Pause Young (Allocation Failure) 303M->182M(314M) 0.702ms
[901.904s][info][gc] GC(6226) Pause Young (Allocation Failure) 302M->183M(311M) 0.689ms
[901.984s][info][gc] GC(6227) Pause Young (Allocation Failure) 301M->184M(309M) 0.697ms
[902.060s][info][gc] GC(6228) Pause Young (Allocation Failure) 299M->185M(306M) 0.776ms
[902.135s][info][gc] GC(6229) Pause Young (Allocation Failure) 298M->188M(327M) 0.814ms
[902.312s][info][gc] GC(6230) Pause Young (Allocation Failure) 321M->187M(323M) 0.697ms
[902.401s][info][gc] GC(6231) Pause Young (Allocation Failure) 317M->191M(321M) 0.853ms
[902.487s][info][gc] GC(6232) Pause Young (Allocation Failure) 318M->192M(319M) 0.724ms
[902.575s][info][gc] GC(6233) Pause Full (Ergonomics) 316M->33M(301M) 7.268ms
[902.655s][info][gc] GC(6234) Pause Young (Allocation Failure) 155M->36M(302M) 0.554ms
[902.726s][info][gc] GC(6235) Pause Young (Allocation Failure) 156M->37M(297M) 0.640ms
[902.808s][info][gc] GC(6236) Pause Young (Allocation Failure) 154M->40M(297M) 0.684ms
[902.882s][info][gc] GC(6237) Pause Young (Allocation Failure) 154M->41M(294M) 0.598ms
[902.960s][info][gc] GC(6238) Pause Young (Allocation Failure) 153M->41M(291M) 0.542ms
[903.025s][info][gc] GC(6239) Pause Young (Allocation Failure) 151M->42M(288M) 0.805ms
[903.102s][info][gc] GC(6240) Pause Young (Allocation Failure) 150M->45M(288M) 0.585ms
[903.170s][info][gc] GC(6241) Pause Young (Allocation Failure) 151M->46M(286M) 0.586ms
[903.233s][info][gc] GC(6242) Pause Young (Allocation Failure) 150M->47M(282M) 0.591ms
[903.303s][info][gc] GC(6243) Pause Young (Allocation Failure) 149M->49M(281M) 0.540ms
[903.375s][info][gc] GC(6244) Pause Young (Allocation Failure) 149M->50M(280M) 0.517ms
[903.433s][info][gc] GC(6245) Pause Young (Allocation Failure) 148M->50M(277M) 0.563ms
[903.497s][info][gc] GC(6246) Pause Young (Allocation Failure) 147M->52M(276M) 0.541ms
[903.554s][info][gc] GC(6247) Pause Young (Allocation Failure) 147M->53M(274M) 0.787ms
[903.619s][info][gc] GC(6248) Pause Young (Allocation Failure) 146M->55M(273M) 0.582ms
[903.685s][info][gc] GC(6249) Pause Young (Allocation Failure) 147M->56M(272M) 0.542ms
[903.740s][info][gc] GC(6250) Pause Young (Allocation Failure) 147M->57M(269M) 0.612ms
[903.799s][info][gc] GC(6251) Pause Young (Allocation Failure) 146M->59M(277M) 0.640ms
[903.856s][info][gc] GC(6252) Pause Young (Allocation Failure) 153M->60M(288M) 0.678ms
[903.929s][info][gc] GC(6253) Pause Young (Allocation Failure) 165M->62M(288M) 0.682ms
[903.998s][info][gc] GC(6254) Pause Young (Allocation Failure) 167M->63M(307M) 0.615ms
[904.071s][info][gc] GC(6255) Pause Young (Allocation Failure) 187M->63M(301M) 0.595ms
[904.150s][info][gc] GC(6256) Pause Young (Allocation Failure) 184M->65M(300M) 0.688ms
[904.226s][info][gc] GC(6257) Pause Young (Allocation Failure) 184M->66M(297M) 0.699ms
[904.306s][info][gc] GC(6258) Pause Young (Allocation Failure) 182M->68M(295M) 0.582ms
[904.373s][info][gc] GC(6259) Pause Young (Allocation Failure) 181M->69M(291M) 0.685ms
[904.448s][info][gc] GC(6260) Pause Young (Allocation Failure) 180M->71M(291M) 0.616ms
[904.519s][info][gc] GC(6261) Pause Young (Allocation Failure) 180M->72M(289M) 0.827ms
[904.582s][info][gc] GC(6262) Pause Young (Allocation Failure) 179M->72M(285M) 0.566ms
[904.656s][info][gc] GC(6263) Pause Young (Allocation Failure) 177M->75M(293M) 0.765ms
[904.734s][info][gc] GC(6264) Pause Young (Allocation Failure) 185M->76M(291M) 0.676ms
[904.797s][info][gc] GC(6265) Pause Young (Allocation Failure) 185M->75M(287M) 0.545ms
[904.869s][info][gc] GC(6266) Pause Young (Allocation Failure) 182M->78M(286M) 0.669ms
[904.942s][info][gc] GC(6267) Pause Young (Allocation Failure) 182M->80M(285M) 0.659ms
[905.002s][info][gc] GC(6268) Pause Young (Allocation Failure) 182M->79M(281M) 0.572ms
[905.076s][info][gc] GC(6269) Pause Young (Allocation Failure) 180M->82M(280M) 0.632ms
[905.142s][info][gc] GC(6270) Pause Young (Allocation Failure) 180M->83M(278M) 0.593ms
[905.200s][info][gc] GC(6271) Pause Young (Allocation Failure) 179M->83M(293M) 0.611ms
[905.280s][info][gc] GC(6272) Pause Young (Allocation Failure) 193M->86M(290M) 0.718ms
[905.349s][info][gc] GC(6273) Pause Young (Allocation Failure) 194M->87M(288M) 0.713ms
[905.410s][info][gc] GC(6274) Pause Young (Allocation Failure) 193M->87M(284M) 0.564ms
[905.484s][info][gc] GC(6275) Pause Young (Allocation Failure) 191M->89M(284M) 0.667ms
[905.552s][info][gc] GC(6276) Pause Young (Allocation Failure) 191M->90M(282M) 0.560ms
[905.615s][info][gc] GC(6277) Pause Young (Allocation Failure) 190M->91M(278M) 0.691ms
[905.682s][info][gc] GC(6278) Pause Young (Allocation Failure) 189M->93M(278M) 0.595ms
[905.759s][info][gc] GC(6279) Pause Young (Allocation Failure) 190M->92M(275M) 0.667ms
[905.922s][info][gc] GC(6280) Pause Young (Allocation Failure) 187M->102M(278M) 1.727ms
[905.948s][info][gc] GC(6281) Pause Young (Allocation Failure) 197M->104M(281M) 0.966ms
[905.972s][info][gc] GC(6282) Pause Young (Allocation Failure) 199M->104M(299M) 0.585ms
[906.005s][info][gc] GC(6283) Pause Young (Allocation Failure) 217M->106M(299M) 0.614ms
[906.046s][info][gc] GC(6284) Pause Young (Allocation Failure) 219M->110M(319M) 0.863ms
[906.087s][info][gc] GC(6285) Pause Young (Allocation Failure) 244M->113M(320M) 1.027ms
[906.126s][info][gc] GC(6286) Pause Young (Allocation Failure) 247M->114M(345M) 0.732ms
[906.180s][info][gc] GC(6287) Pause Young (Allocation Failure) 273M->117M(345M) 1.004ms
[906.231s][info][gc] GC(6288) Pause Young (Allocation Failure) 277M->120M(375M) 1.036ms
[906.282s][info][gc] GC(6289) Pause Young (Allocation Failure) 310M->122M(375M) 0.863ms
[906.348s][info][gc] GC(6290) Pause Young (Allocation Failure) 312M->127M(411M) 1.249ms
[906.413s][info][gc] GC(6291) Pause Young (Allocation Failure) 353M->129M(411M) 1.233ms
[906.488s][info][gc] GC(6292) Pause Young (Allocation Failure) 354M->134M(453M) 1.289ms
[906.575s][info][gc] GC(6293) Pause Young (Allocation Failure) 402M->136M(454M) 1.268ms
[906.657s][info][gc] GC(6294) Pause Young (Allocation Failure) 403M->140M(504M) 1.441ms
[906.761s][info][gc] GC(6295) Pause Young (Allocation Failure) 457M->145M(504M) 1.654ms
[906.855s][info][gc] GC(6296) Pause Young (Allocation Failure) 463M->147M(565M) 1.383ms
[906.973s][info][gc] GC(6297) Pause Young (Allocation Failure) 524M->151M(566M) 1.929ms
[907.085s][info][gc] GC(6298) Pause Young (Allocation Failure) 527M->152M(636M) 1.478ms
[907.231s][info][gc] GC(6299) Pause Young (Allocation Failure) 599M->156M(636M) 1.625ms
[907.373s][info][gc] GC(6300) Pause Young (Allocation Failure) 603M->160M(719M) 1.701ms
[907.542s][info][gc] GC(6301) Pause Young (Allocation Failure) 689M->166M(719M) 1.926ms
[907.702s][info][gc] GC(6302) Pause Young (Allocation Failure) 694M->169M(816M) 1.941ms
[907.891s][info][gc] GC(6303) Pause Young (Allocation Failure) 794M->173M(817M) 1.978ms
[908.088s][info][gc] GC(6304) Pause Young (Allocation Failure) 797M->179M(930M) 2.061ms
[908.318s][info][gc] GC(6305) Pause Young (Allocation Failure) 916M->184M(931M) 2.575ms
[908.570s][info][gc] GC(6306) Pause Full (Ergonomics) 921M->99M(1126M) 22.800ms
[908.857s][info][gc] GC(6307) Pause Young (Allocation Failure) 963M->111M(1133M) 2.388ms
[909.124s][info][gc] GC(6308) Pause Young (Allocation Failure) 975M->118M(1277M) 2.357ms
[909.433s][info][gc] GC(6309) Pause Young (Allocation Failure) 1125M->126M(1278M) 2.738ms
[909.754s][info][gc] GC(6310) Pause Young (Allocation Failure) 1133M->133M(1446M) 2.806ms
[910.132s][info][gc] GC(6311) Pause Young (Allocation Failure) 1308M->143M(1446M) 3.019ms
[910.509s][info][gc] GC(6312) Pause Young (Allocation Failure) 1318M->152M(1641M) 3.208ms
[910.938s][info][gc] GC(6313) Pause Young (Allocation Failure) 1519M->162M(1641M) 4.913ms
[911.362s][info][gc] GC(6314) Pause Young (Allocation Failure) 1529M->172M(1767M) 3.457ms
[911.854s][info][gc] GC(6315) Pause Young (Allocation Failure) 1664M->184M(1762M) 4.254ms
[912.328s][info][gc] GC(6316) Pause Young (Allocation Failure) 1676M->194M(1766M) 3.384ms
[912.912s][info][gc] GC(6317) Pause Young (Allocation Failure) 1684M->209M(1695M) 4.169ms
[913.434s][info][gc] GC(6318) Pause Young (Allocation Failure) 1631M->219M(1735M) 4.795ms
[913.975s][info][gc] GC(6319) Pause Young (Allocation Failure) 1696M->233M(1679M) 2.731ms
[914.489s][info][gc] GC(6320) Pause Young (Allocation Failure) 1643M->244M(1616M) 3.191ms
[914.996s][info][gc] GC(6321) Pause Young (Allocation Failure) 1591M->254M(1554M) 3.280ms
[915.493s][info][gc] GC(6322) Pause Full (Ergonomics) 1540M->93M(1490M) 23.457ms
[915.941s][info][gc] GC(6323) Pause Young (Allocation Failure) 1321M->106M(1461M) 1.995ms
[916.367s][info][gc] GC(6324) Pause Young (Allocation Failure) 1280M->116M(1397M) 2.485ms
[916.774s][info][gc] GC(6325) Pause Young (Allocation Failure) 1238M->125M(1348M) 2.606ms
[917.165s][info][gc] GC(6326) Pause Young (Allocation Failure) 1197M->133M(1300M) 2.349ms
[917.536s][info][gc] GC(6327) Pause Young (Allocation Failure) 1158M->140M(1254M) 2.189ms
[917.900s][info][gc] GC(6328) Pause Young (Allocation Failure) 1121M->148M(1212M) 2.172ms
[918.242s][info][gc] GC(6329) Pause Young (Allocation Failure) 1086M->156M(1172M) 2.995ms
[918.618s][info][gc] GC(6330) Pause Young (Allocation Failure) 1054M->164M(1134M) 2.131ms
[918.932s][info][gc] GC(6331) Pause Young (Allocation Failure) 1024M->171M(1096M) 2.190ms
[919.232s][info][gc] GC(6332) Pause Young (Allocation Failure) 994M->177M(1061M) 1.959ms
[919.521s][info][gc] GC(6333) Pause Young (Allocation Failure) 965M->183M(1028M) 1.889ms
[919.813s][info][gc] GC(6334) Pause Young (Allocation Failure) 938M->189M(996M) 2.080ms
[920.080s][info][gc] GC(6335) Pause Young (Allocation Failure) 913M->194M(966M) 1.849ms
[920.338s][info][gc] GC(6336) Pause Young (Allocation Failure) 888M->199M(936M) 2.374ms
[920.584s][info][gc] GC(6337) Pause Young (Allocation Failure) 864M->204M(910M) 1.805ms
[920.835s][info][gc] GC(6338) Pause Young (Allocation Failure) 843M->209M(883M) 1.922ms
[921.067s][info][gc] GC(6339) Pause Young (Allocation Failure) 822M->214M(859M) 1.677ms
[921.280s][info][gc] GC(6340) Pause Young (Allocation Failure) 803M->218M(835M) 1.552ms
[921.486s][info][gc] GC(6341) Pause Young (Allocation Failure) 783M->223M(814M) 1.620ms
[921.689s][info][gc] GC(6342) Pause Young (Allocation Failure) 766M->227M(792M) 1.661ms
[921.878s][info][gc] GC(6343) Pause Young (Allocation Failure) 749M->230M(771M) 1.483ms
[922.064s][info][gc] GC(6344) Pause Young (Allocation Failure) 732M->234M(752M) 1.609ms
[922.246s][info][gc] GC(6345) Pause Young (Allocation Failure) 717M->239M(734M) 1.468ms
[922.428s][info][gc] GC(6346) Pause Young (Allocation Failure) 703M->242M(717M) 1.572ms
[922.592s][info][gc] GC(6347) Pause Young (Allocation Failure) 689M->246M(787M) 1.522ms
[922.777s][info][gc] GC(6348) Pause Young (Allocation Failure) 763M->250M(868M) 1.530ms
[922.997s][info][gc] GC(6349) Pause Young (Allocation Failure) 848M->255M(962M) 1.647ms
[923.270s][info][gc] GC(6350) Pause Young (Allocation Failure) 946M->259M(934M) 1.934ms
[923.535s][info][gc] GC(6351) Pause Young (Allocation Failure) 922M->265M(907M) 1.969ms
[923.809s][info][gc] GC(6352) Pause Full (Ergonomics) 901M->181M(1074M) 42.425ms
[924.076s][info][gc] GC(6353) Pause Young (Allocation Failure) 908M->191M(1059M) 1.425ms
[924.333s][info][gc] GC(6354) Pause Young (Allocation Failure) 889M->196M(1025M) 1.667ms
[924.711s][info][gc] GC(6355) Pause Young (Allocation Failure) 865M->202M(999M) 1.783ms
[925.037s][info][gc] GC(6356) Pause Young (Allocation Failure) 844M->206M(971M) 1.703ms
[925.343s][info][gc] GC(6357) Pause Young (Allocation Failure) 823M->211M(947M) 1.648ms
[925.640s][info][gc] GC(6358) Pause Young (Allocation Failure) 804M->216M(924M) 1.480ms
[925.930s][info][gc] GC(6359) Pause Young (Allocation Failure) 786M->220M(902M) 1.467ms
[926.212s][info][gc] GC(6360) Pause Young (Allocation Failure) 768M->224M(880M) 1.879ms
[926.487s][info][gc] GC(6361) Pause Young (Allocation Failure) 751M->229M(861M) 1.436ms
[926.742s][info][gc] GC(6362) Pause Young (Allocation Failure) 735M->232M(841M) 1.457ms
[926.984s][info][gc] GC(6363) Pause Young (Allocation Failure) 720M->236M(823M) 1.395ms
[927.215s][info][gc] GC(6364) Pause Young (Allocation Failure) 705M->240M(806M) 1.330ms
[927.514s][info][gc] GC(6365) Pause Young (Allocation Failure) 692M->244M(789M) 1.395ms
[927.733s][info][gc] GC(6366) Pause Young (Allocation Failure) 680M->248M(773M) 1.406ms
[927.935s][info][gc] GC(6367) Pause Young (Allocation Failure) 667M->251M(757M) 1.313ms
[928.135s][info][gc] GC(6368) Pause Young (Allocation Failure) 655M->254M(743M) 1.417ms
[928.337s][info][gc] GC(6369) Pause Young (Allocation Failure) 644M->257M(729M) 1.172ms
[928.523s][info][gc] GC(6370) Pause Young (Allocation Failure) 633M->260M(716M) 1.161ms
[928.707s][info][gc] GC(6371) Pause Young (Allocation Failure) 623M->262M(703M) 1.486ms
[928.892s][info][gc] GC(6372) Pause Young (Allocation Failure) 613M->265M(691M) 1.223ms
[929.064s][info][gc] GC(6373) Pause Young (Allocation Failure) 604M->268M(680M) 1.292ms
[929.223s][info][gc] GC(6374) Pause Young (Allocation Failure) 595M->271M(669M) 1.360ms
[929.383s][info][gc] GC(6375) Pause Young (Allocation Failure) 587M->273M(658M) 1.141ms
[929.530s][info][gc] GC(6376) Pause Young (Allocation Failure) 579M->275M(648M) 1.160ms
[929.678s][info][gc] GC(6377) Pause Young (Allocation Failure) 571M->277M(690M) 1.156ms
[929.852s][info][gc] GC(6378) Pause Young (Allocation Failure) 615M->280M(739M) 1.397ms
[930.127s][info][gc] GC(6379) Pause Young (Allocation Failure) 667M->284M(727M) 1.342ms
[930.315s][info][gc] GC(6380) Pause Young (Allocation Failure) 657M->287M(713M) 1.416ms
[930.484s][info][gc] GC(6381) Pause Young (Allocation Failure) 648M->289M(700M) 1.238ms
[930.659s][info][gc] GC(6382) Pause Young (Allocation Failure) 637M->292M(688M) 1.263ms
[930.828s][info][gc] GC(6383) Pause Young (Allocation Failure) 628M->295M(677M) 1.326ms
[930.987s][info][gc] GC(6384) Pause Young (Allocation Failure) 620M->298M(724M) 1.322ms
[931.173s][info][gc] GC(6385) Pause Young (Allocation Failure) 670M->301M(777M) 1.277ms
[931.378s][info][gc] GC(6386) Pause Young (Allocation Failure) 725M->304M(761M) 1.421ms
[931.589s][info][gc] GC(6387) Pause Young (Allocation Failure) 713M->308M(748M) 1.452ms
[931.784s][info][gc] GC(6388) Pause Young (Allocation Failure) 702M->310M(734M) 1.424ms
[931.974s][info][gc] GC(6389) Pause Young (Allocation Failure) 691M->313M(787M) 2.353ms
[932.189s][info][gc] GC(6390) Pause Young (Allocation Failure) 748M->316M(771M) 1.475ms
[932.396s][info][gc] GC(6391) Pause Young (Allocation Failure) 735M->319M(757M) 1.265ms
[932.589s][info][gc] GC(6392) Pause Young (Allocation Failure) 723M->322M(741M) 1.309ms
[932.856s][info][gc] GC(6393) Pause Young (Allocation Failure) 711M->326M(729M) 1.412ms
[933.046s][info][gc] GC(6394) Pause Young (Allocation Failure) 702M->330M(716M) 1.471ms
[933.229s][info][gc] GC(6395) Pause Young (Allocation Failure) 693M->332M(703M) 1.280ms
[933.403s][info][gc] GC(6396) Pause Young (Allocation Failure) 682M->334M(690M) 1.495ms
[933.579s][info][gc] GC(6397) Pause Young (Allocation Failure) 673M->337M(679M) 1.242ms
[933.749s][info][gc] GC(6398) Pause Young (Allocation Failure) 664M->340M(668M) 1.213ms
[933.909s][info][gc] GC(6399) Pause Young (Allocation Failure) 656M->343M(714M) 1.440ms
[934.093s][info][gc] GC(6400) Pause Young (Allocation Failure) 704M->345M(766M) 1.486ms
[934.303s][info][gc] GC(6401) Pause Young (Allocation Failure) 759M->348M(826M) 1.475ms
[934.564s][info][gc] GC(6402) Pause Full (Ergonomics) 821M->59M(673M) 16.738ms
[934.796s][info][gc] GC(6403) Pause Young (Allocation Failure) 514M->66M(664M) 1.059ms
[935.018s][info][gc] GC(6404) Pause Young (Allocation Failure) 504M->69M(647M) 1.293ms
[935.232s][info][gc] GC(6405) Pause Young (Allocation Failure) 492M->73M(632M) 1.254ms
[935.435s][info][gc] GC(6406) Pause Young (Allocation Failure) 480M->75M(614M) 1.208ms
[935.695s][info][gc] GC(6407) Pause Young (Allocation Failure) 468M->80M(603M) 1.150ms
[935.886s][info][gc] GC(6408) Pause Young (Allocation Failure) 459M->84M(590M) 1.208ms
[936.070s][info][gc] GC(6409) Pause Young (Allocation Failure) 450M->86M(577M) 1.142ms
[936.239s][info][gc] GC(6410) Pause Young (Allocation Failure) 440M->89M(564M) 1.183ms
[936.414s][info][gc] GC(6411) Pause Young (Allocation Failure) 430M->92M(553M) 1.099ms
[936.570s][info][gc] GC(6412) Pause Young (Allocation Failure) 422M->94M(541M) 0.882ms
[936.734s][info][gc] GC(6413) Pause Young (Allocation Failure) 413M->97M(531M) 0.976ms
[936.881s][info][gc] GC(6414) Pause Young (Allocation Failure) 406M->99M(520M) 0.889ms
[937.031s][info][gc] GC(6415) Pause Young (Allocation Failure) 397M->102M(512M) 0.936ms
[937.175s][info][gc] GC(6416) Pause Young (Allocation Failure) 391M->104M(503M) 0.973ms
[937.318s][info][gc] GC(6417) Pause Young (Allocation Failure) 384M->106M(494M) 0.889ms
[937.445s][info][gc] GC(6418) Pause Young (Allocation Failure) 377M->109M(486M) 0.926ms
[937.575s][info][gc] GC(6419) Pause Young (Allocation Failure) 371M->111M(477M) 0.900ms
[937.698s][info][gc] GC(6420) Pause Young (Allocation Failure) 365M->113M(470M) 0.901ms
[937.823s][info][gc] GC(6421) Pause Young (Allocation Failure) 360M->113M(461M) 0.830ms
[937.946s][info][gc] GC(6422) Pause Young (Allocation Failure) 353M->116M(455M) 0.900ms
[938.063s][info][gc] GC(6423) Pause Young (Allocation Failure) 349M->118M(449M) 0.867ms
[938.237s][info][gc] GC(6424) Pause Young (Allocation Failure) 344M->120M(442M) 0.899ms
[938.352s][info][gc] GC(6425) Pause Young (Allocation Failure) 340M->123M(436M) 0.948ms
[938.455s][info][gc] GC(6426) Pause Young (Allocation Failure) 336M->124M(430M) 0.867ms
[938.564s][info][gc] GC(6427) Pause Young (Allocation Failure) 332M->126M(425M) 0.915ms
[938.665s][info][gc] GC(6428) Pause Young (Allocation Failure) 328M->127M(418M) 0.800ms
[938.767s][info][gc] GC(6429) Pause Young (Allocation Failure) 324M->129M(448M) 0.895ms
[938.878s][info][gc] GC(6430) Pause Young (Allocation Failure) 355M->131M(442M) 0.851ms
[938.985s][info][gc] GC(6431) Pause Young (Allocation Failure) 350M->132M(435M) 0.774ms
[939.095s][info][gc] GC(6432) Pause Young (Allocation Failure) 345M->134M(469M) 1.152ms
[939.233s][info][gc] GC(6433) Pause Young (Allocation Failure) 381M->136M(507M) 1.266ms
[939.375s][info][gc] GC(6434) Pause Young (Allocation Failure) 421M->137M(549M) 0.912ms
[939.551s][info][gc] GC(6435) Pause Young (Allocation Failure) 465M->141M(540M) 1.558ms
[939.705s][info][gc] GC(6436) Pause Young (Allocation Failure) 457M->142M(527M) 0.951ms
[939.864s][info][gc] GC(6437) Pause Young (Allocation Failure) 448M->146M(519M) 1.035ms
[940.006s][info][gc] GC(6438) Pause Young (Allocation Failure) 442M->148M(509M) 0.957ms
[940.156s][info][gc] GC(6439) Pause Young (Allocation Failure) 434M->150M(500M) 1.057ms
[940.295s][info][gc] GC(6440) Pause Young (Allocation Failure) 428M->153M(490M) 1.009ms
[940.423s][info][gc] GC(6441) Pause Young (Allocation Failure) 422M->156M(483M) 1.000ms
[940.548s][info][gc] GC(6442) Pause Young (Allocation Failure) 416M->156M(474M) 0.809ms
[940.686s][info][gc] GC(6443) Pause Young (Allocation Failure) 408M->159M(468M) 0.876ms
[940.807s][info][gc] GC(6444) Pause Young (Allocation Failure) 404M->162M(460M) 0.853ms
[940.985s][info][gc] GC(6445) Pause Young (Allocation Failure) 399M->164M(454M) 0.997ms
[941.096s][info][gc] GC(6446) Pause Young (Allocation Failure) 395M->166M(445M) 1.068ms
[941.208s][info][gc] GC(6447) Pause Young (Allocation Failure) 390M->168M(440M) 0.997ms
[941.313s][info][gc] GC(6448) Pause Young (Allocation Failure) 386M->170M(473M) 0.904ms
[941.437s][info][gc] GC(6449) Pause Young (Allocation Failure) 420M->172M(510M) 0.944ms
[941.586s][info][gc] GC(6450) Pause Young (Allocation Failure) 459M->174M(501M) 1.047ms
[941.726s][info][gc] GC(6451) Pause Young (Allocation Failure) 452M->176M(493M) 1.001ms
[941.854s][info][gc] GC(6452) Pause Young (Allocation Failure) 446M->178M(483M) 1.063ms
[941.984s][info][gc] GC(6453) Pause Young (Allocation Failure) 440M->179M(475M) 0.884ms
[942.113s][info][gc] GC(6454) Pause Young (Allocation Failure) 433M->183M(469M) 0.950ms
[942.234s][info][gc] GC(6455) Pause Young (Allocation Failure) 429M->185M(461M) 0.931ms
[942.364s][info][gc] GC(6456) Pause Young (Allocation Failure) 423M->187M(454M) 0.999ms
[942.480s][info][gc] GC(6457) Pause Young (Allocation Failure) 418M->188M(448M) 0.960ms
[942.595s][info][gc] GC(6458) Pause Young (Allocation Failure) 413M->190M(481M) 1.013ms
[942.722s][info][gc] GC(6459) Pause Young (Allocation Failure) 449M->192M(520M) 0.920ms
[942.874s][info][gc] GC(6460) Pause Young (Allocation Failure) 490M->195M(511M) 0.923ms
[943.014s][info][gc] GC(6461) Pause Young (Allocation Failure) 483M->197M(502M) 1.001ms
[943.158s][info][gc] GC(6462) Pause Young (Allocation Failure) 476M->199M(492M) 0.912ms
[943.295s][info][gc] GC(6463) Pause Young (Allocation Failure) 470M->202M(485M) 1.019ms
[943.423s][info][gc] GC(6464) Pause Young (Allocation Failure) 464M->203M(476M) 0.977ms
[943.547s][info][gc] GC(6465) Pause Young (Allocation Failure) 457M->205M(469M) 1.184ms
[943.745s][info][gc] GC(6466) Pause Young (Allocation Failure) 452M->208M(462M) 1.176ms
[943.873s][info][gc] GC(6467) Pause Young (Allocation Failure) 447M->210M(454M) 1.137ms
[943.986s][info][gc] GC(6468) Pause Young (Allocation Failure) 442M->212M(489M) 0.947ms
[944.117s][info][gc] GC(6469) Pause Young (Allocation Failure) 479M->214M(530M) 1.235ms
[944.268s][info][gc] GC(6470) Pause Young (Allocation Failure) 522M->217M(576M) 1.097ms
[944.447s][info][gc] GC(6471) Pause Young (Allocation Failure) 570M->219M(565M) 1.111ms
[944.620s][info][gc] GC(6472) Pause Young (Allocation Failure) 561M->222M(553M) 1.251ms
[944.793s][info][gc] GC(6473) Pause Full (Ergonomics) 552M->50M(526M) 11.763ms
[944.956s][info][gc] GC(6474) Pause Young (Allocation Failure) 369M->56M(521M) 0.819ms
[945.107s][info][gc] GC(6475) Pause Young (Allocation Failure) 365M->59M(511M) 1.040ms
[945.266s][info][gc] GC(6476) Pause Young (Allocation Failure) 357M->61M(501M) 0.946ms
[945.407s][info][gc] GC(6477) Pause Young (Allocation Failure) 350M->63M(492M) 1.002ms
[945.543s][info][gc] GC(6478) Pause Young (Allocation Failure) 343M->66M(484M) 0.972ms
[945.682s][info][gc] GC(6479) Pause Young (Allocation Failure) 337M->67M(475M) 0.865ms
[945.808s][info][gc] GC(6480) Pause Young (Allocation Failure) 330M->69M(467M) 0.872ms
[945.935s][info][gc] GC(6481) Pause Young (Allocation Failure) 324M->72M(460M) 0.937ms
[946.055s][info][gc] GC(6482) Pause Young (Allocation Failure) 319M->73M(451M) 0.903ms
[946.171s][info][gc] GC(6483) Pause Young (Allocation Failure) 313M->74M(444M) 1.598ms
[946.318s][info][gc] GC(6484) Pause Young (Allocation Failure) 307M->74M(435M) 0.569ms
[946.466s][info][gc] GC(6485) Pause Young (Allocation Failure) 300M->78M(430M) 0.913ms
[946.581s][info][gc] GC(6486) Pause Young (Allocation Failure) 297M->81M(424M) 0.853ms
[946.687s][info][gc] GC(6487) Pause Young (Allocation Failure) 294M->83M(419M) 0.821ms
[946.791s][info][gc] GC(6488) Pause Young (Allocation Failure) 290M->84M(413M) 0.767ms
[946.890s][info][gc] GC(6489) Pause Young (Allocation Failure) 286M->85M(407M) 0.690ms
[946.979s][info][gc] GC(6490) Pause Young (Allocation Failure) 281M->86M(401M) 0.691ms
[947.071s][info][gc] GC(6491) Pause Young (Allocation Failure) 277M->89M(396M) 0.765ms
[947.165s][info][gc] GC(6492) Pause Young (Allocation Failure) 275M->91M(392M) 0.766ms
[947.257s][info][gc] GC(6493) Pause Young (Allocation Failure) 272M->94M(388M) 0.812ms
[947.346s][info][gc] GC(6494) Pause Young (Allocation Failure) 270M->95M(383M) 0.759ms
[947.436s][info][gc] GC(6495) Pause Young (Allocation Failure) 266M->96M(378M) 0.742ms
[947.516s][info][gc] GC(6496) Pause Young (Allocation Failure) 263M->97M(374M) 0.712ms
[947.594s][info][gc] GC(6497) Pause Young (Allocation Failure) 260M->99M(399M) 0.774ms
[947.689s][info][gc] GC(6498) Pause Young (Allocation Failure) 288M->102M(430M) 0.876ms
[947.797s][info][gc] GC(6499) Pause Young (Allocation Failure) 321M->104M(466M) 0.880ms
[947.923s][info][gc] GC(6500) Pause Young (Allocation Failure) 358M->104M(457M) 0.731ms
[948.051s][info][gc] GC(6501) Pause Young (Allocation Failure) 351M->108M(451M) 0.839ms
[948.168s][info][gc] GC(6502) Pause Young (Allocation Failure) 347M->109M(444M) 0.940ms
[948.279s][info][gc] GC(6503) Pause Young (Allocation Failure) 341M->111M(437M) 0.872ms
[948.389s][info][gc] GC(6504) Pause Young (Allocation Failure) 336M->113M(430M) 0.788ms
[948.500s][info][gc] GC(6505) Pause Young (Allocation Failure) 331M->115M(424M) 0.843ms
[948.606s][info][gc] GC(6506) Pause Young (Allocation Failure) 327M->116M(418M) 0.871ms
[948.711s][info][gc] GC(6507) Pause Young (Allocation Failure) 323M->118M(413M) 0.793ms
[948.812s][info][gc] GC(6508) Pause Young (Allocation Failure) 319M->120M(407M) 0.820ms
[948.911s][info][gc] GC(6509) Pause Young (Allocation Failure) 315M->122M(403M) 0.827ms
[949.076s][info][gc] GC(6510) Pause Young (Allocation Failure) 312M->123M(397M) 0.835ms
[949.172s][info][gc] GC(6511) Pause Young (Allocation Failure) 309M->125M(392M) 0.800ms
[949.250s][info][gc] GC(6512) Pause Young (Allocation Failure) 306M->126M(418M) 0.838ms
[949.354s][info][gc] GC(6513) Pause Young (Allocation Failure) 335M->130M(454M) 0.849ms
[949.480s][info][gc] GC(6514) Pause Young (Allocation Failure) 372M->131M(447M) 0.828ms
[949.600s][info][gc] GC(6515) Pause Young (Allocation Failure) 366M->134M(440M) 0.898ms
[949.713s][info][gc] GC(6516) Pause Young (Allocation Failure) 362M->135M(433M) 0.876ms
[949.823s][info][gc] GC(6517) Pause Young (Allocation Failure) 357M->137M(427M) 0.854ms
[949.931s][info][gc] GC(6518) Pause Young (Allocation Failure) 352M->139M(420M) 0.856ms
[950.039s][info][gc] GC(6519) Pause Young (Allocation Failure) 348M->141M(415M) 0.989ms
[950.141s][info][gc] GC(6520) Pause Young (Allocation Failure) 344M->142M(447M) 0.919ms
[950.259s][info][gc] GC(6521) Pause Young (Allocation Failure) 377M->144M(441M) 0.901ms
[950.369s][info][gc] GC(6522) Pause Young (Allocation Failure) 373M->146M(476M) 1.117ms
[950.498s][info][gc] GC(6523) Pause Young (Allocation Failure) 411M->148M(519M) 1.015ms
[950.652s][info][gc] GC(6524) Pause Young (Allocation Failure) 455M->151M(509M) 0.917ms
[950.795s][info][gc] GC(6525) Pause Young (Allocation Failure) 448M->153M(500M) 1.055ms
[950.930s][info][gc] GC(6526) Pause Young (Allocation Failure) 441M->154M(488M) 0.886ms
[951.076s][info][gc] GC(6527) Pause Young (Allocation Failure) 432M->158M(482M) 1.047ms
[951.209s][info][gc] GC(6528) Pause Young (Allocation Failure) 428M->160M(473M) 1.605ms
[951.338s][info][gc] GC(6529) Pause Young (Allocation Failure) 421M->162M(465M) 1.062ms
[951.468s][info][gc] GC(6530) Pause Young (Allocation Failure) 415M->162M(456M) 0.817ms
[951.600s][info][gc] GC(6531) Pause Young (Allocation Failure) 408M->165M(450M) 0.926ms
[951.782s][info][gc] GC(6532) Pause Young (Allocation Failure) 403M->175M(444M) 1.658ms
[951.845s][info][gc] GC(6533) Pause Young (Allocation Failure) 406M->178M(481M) 1.398ms
[951.931s][info][gc] GC(6534) Pause Young (Allocation Failure) 448M->185M(532M) 1.192ms
[952.012s][info][gc] GC(6535) Pause Young (Allocation Failure) 500M->187M(581M) 1.277ms
[952.123s][info][gc] GC(6536) Pause Young (Allocation Failure) 556M->194M(647M) 1.500ms
[952.253s][info][gc] GC(6537) Pause Young (Allocation Failure) 627M->200M(724M) 1.605ms
[952.404s][info][gc] GC(6538) Pause Young (Allocation Failure) 706M->203M(806M) 1.664ms
[952.574s][info][gc] GC(6539) Pause Young (Allocation Failure) 795M->208M(815M) 1.667ms
[952.757s][info][gc] GC(6540) Pause Young (Allocation Failure) 800M->212M(913M) 1.991ms
[952.969s][info][gc] GC(6541) Pause Full (Ergonomics) 903M->71M(944M) 16.391ms
[953.169s][info][gc] GC(6542) Pause Young (Allocation Failure) 762M->82M(1054M) 1.868ms
[953.410s][info][gc] GC(6543) Pause Young (Allocation Failure) 886M->88M(1057M) 2.991ms
[953.655s][info][gc] GC(6544) Pause Young (Allocation Failure) 892M->96M(1189M) 2.549ms
[953.931s][info][gc] GC(6545) Pause Young (Allocation Failure) 1032M->102M(1190M) 2.742ms
[954.208s][info][gc] GC(6546) Pause Young (Allocation Failure) 1038M->110M(1344M) 2.637ms
[954.534s][info][gc] GC(6547) Pause Young (Allocation Failure) 1199M->119M(1345M) 3.486ms
[954.891s][info][gc] GC(6548) Pause Young (Allocation Failure) 1208M->126M(1525M) 3.742ms
[955.285s][info][gc] GC(6549) Pause Young (Allocation Failure) 1395M->137M(1526M) 3.435ms
[955.653s][info][gc] GC(6550) Pause Young (Allocation Failure) 1405M->147M(1733M) 3.434ms
[956.079s][info][gc] GC(6551) Pause Young (Allocation Failure) 1622M->157M(1735M) 3.744ms
[956.512s][info][gc] GC(6552) Pause Young (Allocation Failure) 1632M->169M(1747M) 3.983ms
[956.940s][info][gc] GC(6553) Pause Young (Allocation Failure) 1655M->180M(1741M) 3.508ms
[957.369s][info][gc] GC(6554) Pause Young (Allocation Failure) 1666M->192M(1746M) 3.277ms
[957.799s][info][gc] GC(6555) Pause Young (Allocation Failure) 1676M->202M(1747M) 3.055ms
[958.231s][info][gc] GC(6556) Pause Young (Allocation Failure) 1686M->214M(1747M) 3.012ms
[958.660s][info][gc] GC(6557) Pause Young (Allocation Failure) 1698M->226M(1672M) 3.358ms
[959.193s][info][gc] GC(6558) Pause Young (Allocation Failure) 1643M->237M(1598M) 4.399ms
[959.716s][info][gc] GC(6559) Pause Full (Ergonomics) 1590M->76M(1743M) 19.109ms
[960.257s][info][gc] GC(6560) Pause Young (Allocation Failure) 1526M->91M(1662M) 2.436ms
[960.766s][info][gc] GC(6561) Pause Young (Allocation Failure) 1475M->102M(1601M) 2.887ms
[961.274s][info][gc] GC(6562) Pause Young (Allocation Failure) 1425M->113M(1543M) 2.897ms
[961.744s][info][gc] GC(6563) Pause Young (Allocation Failure) 1377M->123M(1486M) 2.686ms
[962.181s][info][gc] GC(6564) Pause Young (Allocation Failure) 1332M->131M(1433M) 2.501ms
[962.598s][info][gc] GC(6565) Pause Young (Allocation Failure) 1287M->140M(1382M) 2.447ms
[963.001s][info][gc] GC(6566) Pause Young (Allocation Failure) 1246M->149M(1334M) 2.412ms
[963.390s][info][gc] GC(6567) Pause Young (Allocation Failure) 1206M->157M(1288M) 3.243ms
[963.762s][info][gc] GC(6568) Pause Young (Allocation Failure) 1169M->165M(1244M) 2.221ms
[964.124s][info][gc] GC(6569) Pause Young (Allocation Failure) 1133M->173M(1203M) 2.320ms
[964.467s][info][gc] GC(6570) Pause Young (Allocation Failure) 1100M->179M(1163M) 2.304ms
[964.840s][info][gc] GC(6571) Pause Young (Allocation Failure) 1068M->187M(1126M) 2.210ms
[965.194s][info][gc] GC(6572) Pause Young (Allocation Failure) 1038M->192M(1088M) 2.050ms
[965.532s][info][gc] GC(6573) Pause Young (Allocation Failure) 1008M->198M(1055M) 1.882ms
[965.856s][info][gc] GC(6574) Pause Young (Allocation Failure) 981M->205M(1023M) 1.824ms
[966.159s][info][gc] GC(6575) Pause Young (Allocation Failure) 955M->211M(992M) 1.918ms
[966.450s][info][gc] GC(6576) Pause Young (Allocation Failure) 931M->217M(964M) 1.866ms
[966.736s][info][gc] GC(6577) Pause Young (Allocation Failure) 908M->222M(936M) 1.784ms
[967.008s][info][gc] GC(6578) Pause Young (Allocation Failure) 885M->227M(909M) 3.223ms
[967.269s][info][gc] GC(6579) Pause Young (Allocation Failure) 864M->231M(883M) 1.664ms
[967.519s][info][gc] GC(6580) Pause Young (Allocation Failure) 843M->237M(860M) 2.077ms
[967.773s][info][gc] GC(6581) Pause Young (Allocation Failure) 825M->241M(837M) 1.667ms
[968.014s][info][gc] GC(6582) Pause Young (Allocation Failure) 807M->245M(815M) 1.728ms
[968.236s][info][gc] GC(6583) Pause Young (Allocation Failure) 789M->250M(795M) 1.805ms
[968.455s][info][gc] GC(6584) Pause Young (Allocation Failure) 773M->254M(775M) 2.175ms
[968.662s][info][gc] GC(6585) Pause Young (Allocation Failure) 758M->257M(756M) 1.628ms
[968.866s][info][gc] GC(6586) Pause Young (Allocation Failure) 743M->262M(739M) 1.645ms
[969.100s][info][gc] GC(6587) Pause Full (Ergonomics) 729M->177M(898M) 40.871ms
[969.317s][info][gc] GC(6588) Pause Young (Allocation Failure) 712M->185M(885M) 1.290ms
[969.543s][info][gc] GC(6589) Pause Young (Allocation Failure) 700M->189M(867M) 1.581ms
[969.768s][info][gc] GC(6590) Pause Young (Allocation Failure) 685M->193M(849M) 1.597ms
[969.986s][info][gc] GC(6591) Pause Young (Allocation Failure) 671M->196M(830M) 1.828ms
[970.257s][info][gc] GC(6592) Pause Young (Allocation Failure) 656M->199M(813M) 1.636ms
[970.621s][info][gc] GC(6593) Pause Young (Allocation Failure) 643M->205M(881M) 4.163ms
[970.889s][info][gc] GC(6594) Pause Young (Allocation Failure) 714M->209M(956M) 2.715ms
[971.342s][info][gc] GC(6595) Pause Young (Allocation Failure) 795M->213M(1043M) 2.574ms
[971.782s][info][gc] GC(6596) Pause Young (Allocation Failure) 885M->218M(1144M) 4.566ms
[972.199s][info][gc] GC(6597) Pause Young (Allocation Failure) 991M->224M(1260M) 3.681ms
[972.634s][info][gc] GC(6598) Pause Young (Allocation Failure) 1112M->231M(1388M) 2.162ms
[973.048s][info][gc] GC(6599) Pause Young (Allocation Failure) 1248M->239M(1496M) 3.123ms
[973.606s][info][gc] GC(6600) Pause Young (Allocation Failure) 1357M->248M(1446M) 2.879ms
[974.080s][info][gc] GC(6601) Pause Young (Allocation Failure) 1319M->257M(1540M) 4.527ms
[974.580s][info][gc] GC(6602) Pause Young (Allocation Failure) 1418M->264M(1605M) 4.097ms
[975.159s][info][gc] GC(6603) Pause Young (Allocation Failure) 1491M->275M(1605M) 3.489ms
[975.713s][info][gc] GC(6604) Pause Young (Allocation Failure) 1501M->285M(1549M) 3.479ms
[976.299s][info][gc] GC(6605) Pause Young (Allocation Failure) 1458M->294M(1498M) 3.328ms
[976.810s][info][gc] GC(6606) Pause Young (Allocation Failure) 1416M->302M(1443M) 3.524ms
[977.281s][info][gc] GC(6607) Pause Young (Allocation Failure) 1375M->309M(1401M) 2.704ms
[977.730s][info][gc] GC(6608) Pause Young (Allocation Failure) 1337M->318M(1358M) 2.647ms
[978.145s][info][gc] GC(6609) Pause Young (Allocation Failure) 1302M->326M(1316M) 3.244ms
[978.646s][info][gc] GC(6610) Pause Young (Allocation Failure) 1269M->333M(1276M) 2.568ms
[979.072s][info][gc] GC(6611) Pause Young (Allocation Failure) 1236M->341M(1239M) 3.475ms
[979.464s][info][gc] GC(6612) Pause Young (Allocation Failure) 1207M->348M(1203M) 2.481ms
[979.867s][info][gc] GC(6613) Pause Young (Allocation Failure) 1177M->353M(1167M) 2.943ms
[980.240s][info][gc] GC(6614) Pause Young (Allocation Failure) 1149M->359M(1134M) 2.639ms
[980.590s][info][gc] GC(6615) Pause Full (Ergonomics) 1122M->73M(990M) 22.838ms
[980.974s][info][gc] GC(6616) Pause Young (Allocation Failure) 805M->83M(971M) 1.713ms
[981.284s][info][gc] GC(6617) Pause Young (Allocation Failure) 786M->89M(942M) 2.370ms
[981.565s][info][gc] GC(6618) Pause Young (Allocation Failure) 764M->94M(915M) 1.897ms
[981.839s][info][gc] GC(6619) Pause Young (Allocation Failure) 742M->99M(889M) 1.967ms
[982.092s][info][gc] GC(6620) Pause Young (Allocation Failure) 721M->104M(866M) 1.698ms
[982.330s][info][gc] GC(6621) Pause Young (Allocation Failure) 703M->108M(841M) 1.638ms
[982.570s][info][gc] GC(6622) Pause Young (Allocation Failure) 683M->113M(820M) 1.684ms
[982.798s][info][gc] GC(6623) Pause Young (Allocation Failure) 666M->117M(799M) 1.710ms
[983.084s][info][gc] GC(6624) Pause Young (Allocation Failure) 650M->122M(779M) 1.726ms
[983.302s][info][gc] GC(6625) Pause Young (Allocation Failure) 634M->126M(759M) 1.749ms
[983.512s][info][gc] GC(6626) Pause Young (Allocation Failure) 620M->130M(741M) 1.709ms
[983.705s][info][gc] GC(6627) Pause Young (Allocation Failure) 605M->133M(724M) 1.338ms
[983.899s][info][gc] GC(6628) Pause Young (Allocation Failure) 591M->137M(707M) 1.696ms
[984.082s][info][gc] GC(6629) Pause Young (Allocation Failure) 579M->141M(692M) 1.297ms
[984.258s][info][gc] GC(6630) Pause Young (Allocation Failure) 567M->143M(676M) 1.167ms
[984.436s][info][gc] GC(6631) Pause Young (Allocation Failure) 555M->147M(663M) 1.291ms
[984.605s][info][gc] GC(6632) Pause Young (Allocation Failure) 545M->149M(648M) 1.328ms
[984.781s][info][gc] GC(6633) Pause Young (Allocation Failure) 533M->153M(707M) 1.720ms
[984.977s][info][gc] GC(6634) Pause Young (Allocation Failure) 595M->157M(773M) 1.631ms
[985.198s][info][gc] GC(6635) Pause Young (Allocation Failure) 665M->160M(755M) 1.497ms
[985.465s][info][gc] GC(6636) Pause Young (Allocation Failure) 650M->165M(738M) 1.513ms
[985.684s][info][gc] GC(6637) Pause Young (Allocation Failure) 636M->168M(720M) 1.965ms
[985.876s][info][gc] GC(6638) Pause Young (Allocation Failure) 623M->172M(704M) 1.487ms
[986.058s][info][gc] GC(6639) Pause Young (Allocation Failure) 610M->175M(769M) 2.185ms
[986.261s][info][gc] GC(6640) Pause Young (Allocation Failure) 679M->179M(845M) 1.736ms
[986.520s][info][gc] GC(6641) Pause Young (Allocation Failure) 758M->184M(933M) 1.884ms
[986.802s][info][gc] GC(6642) Pause Young (Allocation Failure) 850M->189M(904M) 1.799ms
[987.100s][info][gc] GC(6643) Pause Young (Allocation Failure) 829M->194M(882M) 1.423ms
[987.353s][info][gc] GC(6644) Pause Young (Allocation Failure) 809M->199M(858M) 1.592ms
[987.596s][info][gc] GC(6645) Pause Young (Allocation Failure) 790M->203M(835M) 1.623ms
[987.908s][info][gc] GC(6646) Pause Young (Allocation Failure) 772M->208M(813M) 1.647ms
[988.158s][info][gc] GC(6647) Pause Young (Allocation Failure) 755M->212M(792M) 1.636ms
[988.395s][info][gc] GC(6648) Pause Young (Allocation Failure) 739M->216M(772M) 1.567ms
[988.638s][info][gc] GC(6649) Pause Young (Allocation Failure) 723M->221M(754M) 1.978ms
[988.865s][info][gc] GC(6650) Pause Young (Allocation Failure) 709M->224M(736M) 1.447ms
[989.081s][info][gc] GC(6651) Pause Young (Allocation Failure) 695M->229M(719M) 1.386ms
[989.282s][info][gc] GC(6652) Pause Young (Allocation Failure) 682M->232M(703M) 1.584ms
[989.479s][info][gc] GC(6653) Pause Young (Allocation Failure) 669M->235M(687M) 2.578ms
[989.670s][info][gc] GC(6654) Pause Young (Allocation Failure) 657M->238M(672M) 1.320ms
[989.854s][info][gc] GC(6655) Pause Young (Allocation Failure) 646M->241M(658M) 1.358ms
[990.036s][info][gc] GC(6656) Pause Young (Allocation Failure) 635M->245M(645M) 1.262ms
[990.303s][info][gc] GC(6657) Pause Young (Allocation Failure) 625M->248M(633M) 1.364ms
[990.477s][info][gc] GC(6658) Pause Young (Allocation Failure) 615M->251M(620M) 1.669ms
[990.626s][info][gc] GC(6659) Pause Young (Allocation Failure) 606M->254M(609M) 1.340ms
[990.761s][info][gc] GC(6660) Pause Young (Allocation Failure) 598M->256M(659M) 1.120ms
[990.940s][info][gc] GC(6661) Pause Young (Allocation Failure) 651M->260M(647M) 1.225ms
[991.119s][info][gc] GC(6662) Pause Full (Ergonomics) 641M->52M(598M) 14.720ms
[991.297s][info][gc] GC(6663) Pause Young (Allocation Failure) 421M->59M(595M) 0.895ms
[991.445s][info][gc] GC(6664) Pause Young (Allocation Failure) 415M->62M(580M) 1.168ms
[991.585s][info][gc] GC(6665) Pause Young (Allocation Failure) 406M->64M(567M) 1.031ms
[991.728s][info][gc] GC(6666) Pause Young (Allocation Failure) 396M->67M(557M) 1.034ms
[991.858s][info][gc] GC(6667) Pause Young (Allocation Failure) 388M->69M(546M) 1.080ms
[991.988s][info][gc] GC(6668) Pause Young (Allocation Failure) 380M->72M(536M) 1.006ms
[992.110s][info][gc] GC(6669) Pause Young (Allocation Failure) 373M->74M(527M) 1.049ms
[992.232s][info][gc] GC(6670) Pause Young (Allocation Failure) 366M->76M(517M) 0.993ms
[992.352s][info][gc] GC(6671) Pause Young (Allocation Failure) 359M->78M(508M) 0.898ms
[992.471s][info][gc] GC(6672) Pause Young (Allocation Failure) 352M->78M(499M) 1.016ms
[992.672s][info][gc] GC(6673) Pause Young (Allocation Failure) 344M->84M(494M) 1.422ms
[992.792s][info][gc] GC(6674) Pause Young (Allocation Failure) 342M->85M(485M) 1.088ms
[992.906s][info][gc] GC(6675) Pause Young (Allocation Failure) 336M->88M(526M) 1.495ms
[993.032s][info][gc] GC(6676) Pause Young (Allocation Failure) 379M->89M(572M) 0.945ms
[993.181s][info][gc] GC(6677) Pause Young (Allocation Failure) 426M->93M(626M) 1.181ms
[993.338s][info][gc] GC(6678) Pause Young (Allocation Failure) 483M->96M(685M) 1.173ms
[993.525s][info][gc] GC(6679) Pause Young (Allocation Failure) 546M->99M(671M) 1.185ms
[993.712s][info][gc] GC(6680) Pause Young (Allocation Failure) 534M->102M(655M) 1.197ms
[993.877s][info][gc] GC(6681) Pause Young (Allocation Failure) 521M->106M(641M) 1.214ms
[994.051s][info][gc] GC(6682) Pause Young (Allocation Failure) 510M->109M(627M) 1.353ms
[994.209s][info][gc] GC(6683) Pause Young (Allocation Failure) 499M->112M(613M) 1.153ms
[994.368s][info][gc] GC(6684) Pause Young (Allocation Failure) 489M->114M(600M) 1.126ms
[994.515s][info][gc] GC(6685) Pause Young (Allocation Failure) 479M->118M(588M) 1.465ms
[994.659s][info][gc] GC(6686) Pause Young (Allocation Failure) 470M->120M(642M) 1.166ms
[994.921s][info][gc] GC(6687) Pause Young (Allocation Failure) 527M->133M(709M) 2.396ms
[995.036s][info][gc] GC(6688) Pause Young (Allocation Failure) 604M->136M(780M) 1.785ms
[995.201s][info][gc] GC(6689) Pause Young (Allocation Failure) 684M->147M(877M) 1.919ms
[995.382s][info][gc] GC(6690) Pause Young (Allocation Failure) 784M->151M(982M) 1.738ms
[995.636s][info][gc] GC(6691) Pause Young (Allocation Failure) 892M->159M(1105M) 2.508ms
[995.906s][info][gc] GC(6692) Pause Young (Allocation Failure) 1020M->165M(1182M) 2.726ms
[996.235s][info][gc] GC(6693) Pause Young (Allocation Failure) 1113M->177M(1197M) 3.415ms
[996.538s][info][gc] GC(6694) Pause Young (Allocation Failure) 1125M->183M(1352M) 2.944ms
[996.852s][info][gc] GC(6695) Pause Young (Allocation Failure) 1285M->192M(1352M) 3.326ms
[997.156s][info][gc] GC(6696) Pause Young (Allocation Failure) 1295M->199M(1533M) 3.191ms
[997.517s][info][gc] GC(6697) Pause Young (Allocation Failure) 1481M->210M(1533M) 4.312ms
[997.933s][info][gc] GC(6698) Pause Young (Allocation Failure) 1492M->220M(1741M) 3.974ms
[998.384s][info][gc] GC(6699) Pause Young (Allocation Failure) 1709M->232M(1737M) 4.129ms
[998.781s][info][gc] GC(6700) Pause Young (Allocation Failure) 1721M->244M(1738M) 3.570ms
[999.200s][info][gc] GC(6701) Pause Full (Ergonomics) 1728M->154M(1858M) 35.777ms
[999.639s][info][gc] GC(6702) Pause Young (Allocation Failure) 1638M->173M(1857M) 2.644ms
[1000.076s][info][gc] GC(6703) Pause Young (Allocation Failure) 1656M->185M(1851M) 3.788ms
[1000.520s][info][gc] GC(6704) Pause Young (Allocation Failure) 1668M->197M(1856M) 3.444ms
[1000.937s][info][gc] GC(6705) Pause Young (Allocation Failure) 1678M->209M(1850M) 3.339ms
[1001.355s][info][gc] GC(6706) Pause Young (Allocation Failure) 1690M->218M(1856M) 3.611ms
[1001.752s][info][gc] GC(6707) Pause Young (Allocation Failure) 1698M->230M(1848M) 3.174ms
[1002.207s][info][gc] GC(6708) Pause Young (Allocation Failure) 1710M->241M(1856M) 3.175ms
[1002.648s][info][gc] GC(6709) Pause Young (Allocation Failure) 1721M->253M(1856M) 3.708ms
[1003.052s][info][gc] GC(6710) Pause Young (Allocation Failure) 1733M->265M(1856M) 3.543ms
[1003.547s][info][gc] GC(6711) Pause Young (Allocation Failure) 1746M->276M(1856M) 3.970ms
[1004.165s][info][gc] GC(6712) Pause Young (Allocation Failure) 1757M->287M(1857M) 4.269ms
[1004.740s][info][gc] GC(6713) Pause Young (Allocation Failure) 1770M->298M(1857M) 3.601ms
[1005.328s][info][gc] GC(6714) Pause Young (Allocation Failure) 1781M->311M(1781M) 3.392ms
[1005.894s][info][gc] GC(6715) Pause Young (Allocation Failure) 1727M->321M(1849M) 4.590ms
[1006.481s][info][gc] GC(6716) Pause Young (Allocation Failure) 1797M->332M(1775M) 3.641ms
[1007.127s][info][gc] GC(6717) Pause Young (Allocation Failure) 1743M->343M(1852M) 6.907ms
[1007.722s][info][gc] GC(6718) Pause Young (Allocation Failure) 1823M->354M(1859M) 3.773ms
[1008.364s][info][gc] GC(6719) Pause Full (Ergonomics) 1842M->152M(1869M) 38.589ms
[1008.957s][info][gc] GC(6720) Pause Young (Allocation Failure) 1640M->168M(1796M) 2.388ms
[1009.493s][info][gc] GC(6721) Pause Young (Allocation Failure) 1590M->178M(1733M) 3.041ms
[1010.176s][info][gc] GC(6722) Pause Young (Allocation Failure) 1538M->187M(1671M) 2.765ms
[1011.029s][info][gc] GC(6723) Pause Young (Allocation Failure) 1487M->197M(1614M) 2.539ms
[1011.844s][info][gc] GC(6724) Pause Young (Allocation Failure) 1441M->207M(1560M) 2.536ms
[1012.629s][info][gc] GC(6725) Pause Young (Allocation Failure) 1397M->216M(1509M) 2.530ms
[1013.375s][info][gc] GC(6726) Pause Young (Allocation Failure) 1355M->225M(1460M) 2.528ms
[1014.101s][info][gc] GC(6727) Pause Young (Allocation Failure) 1316M->233M(1413M) 2.430ms
[1014.803s][info][gc] GC(6728) Pause Young (Allocation Failure) 1278M->241M(1369M) 2.746ms
[1015.372s][info][gc] GC(6729) Pause Young (Allocation Failure) 1242M->253M(1331M) 2.779ms
[1015.723s][info][gc] GC(6730) Pause Young (Allocation Failure) 1212M->260M(1289M) 2.440ms
[1016.057s][info][gc] GC(6731) Pause Young (Allocation Failure) 1179M->267M(1251M) 2.214ms
[1016.381s][info][gc] GC(6732) Pause Young (Allocation Failure) 1148M->274M(1214M) 2.203ms
[1016.702s][info][gc] GC(6733) Pause Young (Allocation Failure) 1119M->280M(1179M) 2.125ms
[1017.007s][info][gc] GC(6734) Pause Young (Allocation Failure) 1090M->286M(1146M) 2.683ms
[1017.393s][info][gc] GC(6735) Pause Young (Allocation Failure) 1064M->293M(1116M) 2.016ms
[1017.670s][info][gc] GC(6736) Pause Young (Allocation Failure) 1040M->299M(1086M) 2.251ms
[1017.932s][info][gc] GC(6737) Pause Young (Allocation Failure) 1016M->303M(1056M) 1.951ms
[1018.193s][info][gc] GC(6738) Pause Young (Allocation Failure) 993M->309M(1030M) 1.781ms
[1018.439s][info][gc] GC(6739) Pause Young (Allocation Failure) 972M->315M(1005M) 1.726ms
[1018.672s][info][gc] GC(6740) Pause Young (Allocation Failure) 952M->320M(980M) 1.637ms
[1018.900s][info][gc] GC(6741) Pause Young (Allocation Failure) 932M->325M(1064M) 1.933ms
[1019.166s][info][gc] GC(6742) Pause Young (Allocation Failure) 1022M->328M(1159M) 1.748ms
[1019.548s][info][gc] GC(6743) Pause Young (Allocation Failure) 1120M->336M(1130M) 2.779ms
[1019.868s][info][gc] GC(6744) Pause Young (Allocation Failure) 1097M->342M(1099M) 2.503ms
[1020.147s][info][gc] GC(6745) Pause Young (Allocation Failure) 1073M->347M(1199M) 2.068ms
[1020.462s][info][gc] GC(6746) Pause Young (Allocation Failure) 1178M->355M(1315M) 2.244ms
[1020.812s][info][gc] GC(6747) Pause Young (Allocation Failure) 1301M->361M(1276M) 2.237ms
[1021.161s][info][gc] GC(6748) Pause Full (Ergonomics) 1268M->76M(1144M) 22.089ms
[1021.568s][info][gc] GC(6749) Pause Young (Allocation Failure) 946M->89M(1124M) 1.687ms
[1021.876s][info][gc] GC(6750) Pause Young (Allocation Failure) 923M->94M(1085M) 1.984ms
[1022.171s][info][gc] GC(6751) Pause Young (Allocation Failure) 894M->101M(1054M) 1.860ms
[1022.447s][info][gc] GC(6752) Pause Young (Allocation Failure) 869M->107M(1021M) 1.932ms
[1022.730s][info][gc] GC(6753) Pause Young (Allocation Failure) 844M->113M(994M) 2.133ms
[1023.000s][info][gc] GC(6754) Pause Young (Allocation Failure) 821M->117M(965M) 1.662ms
[1023.250s][info][gc] GC(6755) Pause Young (Allocation Failure) 798M->123M(938M) 1.686ms
[1023.589s][info][gc] GC(6756) Pause Young (Allocation Failure) 777M->127M(912M) 1.526ms
[1023.820s][info][gc] GC(6757) Pause Young (Allocation Failure) 756M->132M(887M) 1.529ms
[1024.038s][info][gc] GC(6758) Pause Young (Allocation Failure) 737M->137M(865M) 1.473ms
[1024.249s][info][gc] GC(6759) Pause Young (Allocation Failure) 719M->142M(843M) 1.512ms
[1024.456s][info][gc] GC(6760) Pause Young (Allocation Failure) 702M->147M(823M) 1.507ms
[1024.662s][info][gc] GC(6761) Pause Young (Allocation Failure) 687M->151M(802M) 1.525ms
[1024.855s][info][gc] GC(6762) Pause Young (Allocation Failure) 670M->154M(783M) 1.358ms
[1025.047s][info][gc] GC(6763) Pause Young (Allocation Failure) 655M->159M(766M) 1.517ms
[1025.229s][info][gc] GC(6764) Pause Young (Allocation Failure) 642M->162M(747M) 1.357ms
[1025.412s][info][gc] GC(6765) Pause Young (Allocation Failure) 627M->165M(730M) 1.374ms
[1025.667s][info][gc] GC(6766) Pause Young (Allocation Failure) 614M->171M(717M) 1.399ms
[1025.825s][info][gc] GC(6767) Pause Young (Allocation Failure) 604M->174M(779M) 1.610ms
[1026.010s][info][gc] GC(6768) Pause Young (Allocation Failure) 671M->178M(852M) 1.445ms
[1026.213s][info][gc] GC(6769) Pause Young (Allocation Failure) 747M->182M(934M) 1.509ms
[1026.452s][info][gc] GC(6770) Pause Young (Allocation Failure) 833M->186M(909M) 1.454ms
[1026.682s][info][gc] GC(6771) Pause Young (Allocation Failure) 812M->190M(885M) 1.542ms
[1026.903s][info][gc] GC(6772) Pause Young (Allocation Failure) 793M->196M(863M) 1.581ms
[1027.113s][info][gc] GC(6773) Pause Young (Allocation Failure) 776M->201M(842M) 2.194ms
[1027.330s][info][gc] GC(6774) Pause Young (Allocation Failure) 759M->206M(921M) 1.770ms
[1027.655s][info][gc] GC(6775) Pause Young (Allocation Failure) 845M->211M(900M) 1.704ms
[1027.886s][info][gc] GC(6776) Pause Young (Allocation Failure) 826M->216M(875M) 1.783ms
[1028.106s][info][gc] GC(6777) Pause Young (Allocation Failure) 808M->221M(853M) 1.603ms
[1028.315s][info][gc] GC(6778) Pause Young (Allocation Failure) 790M->225M(832M) 1.558ms
[1028.519s][info][gc] GC(6779) Pause Young (Allocation Failure) 773M->230M(812M) 1.542ms
[1028.705s][info][gc] GC(6780) Pause Young (Allocation Failure) 758M->233M(792M) 1.430ms
[1028.896s][info][gc] GC(6781) Pause Young (Allocation Failure) 742M->237M(866M) 1.774ms
[1029.108s][info][gc] GC(6782) Pause Young (Allocation Failure) 821M->242M(952M) 1.483ms
[1029.350s][info][gc] GC(6783) Pause Young (Allocation Failure) 910M->247M(927M) 1.681ms
[1029.682s][info][gc] GC(6784) Pause Young (Allocation Failure) 889M->252M(900M) 1.788ms
[1029.915s][info][gc] GC(6785) Pause Young (Allocation Failure) 870M->258M(879M) 1.782ms
[1030.141s][info][gc] GC(6786) Pause Young (Allocation Failure) 852M->262M(856M) 1.811ms
[1030.355s][info][gc] GC(6787) Pause Young (Allocation Failure) 834M->267M(835M) 1.625ms
[1030.552s][info][gc] GC(6788) Pause Young (Allocation Failure) 817M->271M(913M) 1.524ms
[1030.785s][info][gc] GC(6789) Pause Young (Allocation Failure) 901M->275M(890M) 1.557ms
[1031.005s][info][gc] GC(6790) Pause Young (Allocation Failure) 882M->280M(867M) 1.604ms
[1031.227s][info][gc] GC(6791) Pause Full (Ergonomics) 864M->73M(828M) 17.773ms
[1031.435s][info][gc] GC(6792) Pause Young (Allocation Failure) 635M->82M(815M) 1.198ms
[1031.733s][info][gc] GC(6793) Pause Young (Allocation Failure) 623M->88M(796M) 1.991ms
[1031.924s][info][gc] GC(6794) Pause Young (Allocation Failure) 608M->91M(776M) 1.483ms
[1032.105s][info][gc] GC(6795) Pause Young (Allocation Failure) 593M->94M(757M) 1.307ms
[1032.284s][info][gc] GC(6796) Pause Young (Allocation Failure) 578M->99M(741M) 1.375ms
[1032.449s][info][gc] GC(6797) Pause Young (Allocation Failure) 566M->102M(724M) 1.322ms
[1032.619s][info][gc] GC(6798) Pause Young (Allocation Failure) 552M->106M(709M) 1.286ms
[1032.779s][info][gc] GC(6799) Pause Young (Allocation Failure) 540M->109M(694M) 1.362ms
[1032.927s][info][gc] GC(6800) Pause Young (Allocation Failure) 529M->111M(677M) 1.140ms
[1033.081s][info][gc] GC(6801) Pause Young (Allocation Failure) 516M->115M(665M) 1.294ms
[1033.223s][info][gc] GC(6802) Pause Young (Allocation Failure) 507M->119M(724M) 1.179ms
[1033.384s][info][gc] GC(6803) Pause Young (Allocation Failure) 569M->121M(792M) 1.250ms
[1033.604s][info][gc] GC(6804) Pause Young (Allocation Failure) 640M->123M(771M) 1.178ms
[1033.855s][info][gc] GC(6805) Pause Young (Allocation Failure) 622M->130M(756M) 1.420ms
[1034.034s][info][gc] GC(6806) Pause Young (Allocation Failure) 612M->133M(738M) 1.754ms
[1034.222s][info][gc] GC(6807) Pause Young (Allocation Failure) 598M->138M(722M) 2.001ms
[1034.391s][info][gc] GC(6808) Pause Young (Allocation Failure) 586M->141M(706M) 1.330ms
[1034.552s][info][gc] GC(6809) Pause Young (Allocation Failure) 574M->145M(692M) 1.377ms
[1034.702s][info][gc] GC(6810) Pause Young (Allocation Failure) 563M->148M(753M) 1.360ms
[1034.883s][info][gc] GC(6811) Pause Young (Allocation Failure) 628M->152M(828M) 1.819ms
[1035.092s][info][gc] GC(6812) Pause Young (Allocation Failure) 706M->155M(912M) 1.569ms
[1035.328s][info][gc] GC(6813) Pause Young (Allocation Failure) 794M->161M(1010M) 1.541ms
[1035.608s][info][gc] GC(6814) Pause Young (Allocation Failure) 896M->166M(980M) 1.662ms
[1035.939s][info][gc] GC(6815) Pause Young (Allocation Failure) 872M->180M(958M) 2.575ms
[1036.165s][info][gc] GC(6816) Pause Young (Allocation Failure) 858M->187M(1054M) 2.558ms
[1036.424s][info][gc] GC(6817) Pause Young (Allocation Failure) 970M->197M(1179M) 1.948ms
[1036.716s][info][gc] GC(6818) Pause Young (Allocation Failure) 1090M->204M(1188M) 2.058ms
[1037.013s][info][gc] GC(6819) Pause Young (Allocation Failure) 1106M->210M(1187M) 2.137ms
[1037.314s][info][gc] GC(6820) Pause Young (Allocation Failure) 1112M->218M(1322M) 2.581ms
[1037.663s][info][gc] GC(6821) Pause Young (Allocation Failure) 1255M->226M(1322M) 2.697ms
[1038.015s][info][gc] GC(6822) Pause Young (Allocation Failure) 1263M->234M(1477M) 2.579ms
[1038.423s][info][gc] GC(6823) Pause Young (Allocation Failure) 1427M->243M(1477M) 3.444ms
[1038.826s][info][gc] GC(6824) Pause Young (Allocation Failure) 1436M->251M(1656M) 2.834ms
[1039.289s][info][gc] GC(6825) Pause Young (Allocation Failure) 1623M->263M(1594M) 3.334ms
[1039.735s][info][gc] GC(6826) Pause Young (Allocation Failure) 1575M->272M(1527M) 3.379ms
[1040.203s][info][gc] GC(6827) Pause Full (Ergonomics) 1527M->146M(1728M) 34.190ms
[1040.656s][info][gc] GC(6828) Pause Young (Allocation Failure) 1491M->162M(1662M) 2.860ms
[1041.083s][info][gc] GC(6829) Pause Young (Allocation Failure) 1449M->172M(1606M) 3.182ms
[1041.497s][info][gc] GC(6830) Pause Young (Allocation Failure) 1403M->180M(1552M) 2.969ms
[1041.893s][info][gc] GC(6831) Pause Young (Allocation Failure) 1359M->190M(1501M) 2.997ms
[1042.267s][info][gc] GC(6832) Pause Young (Allocation Failure) 1318M->198M(1453M) 2.534ms
[1042.626s][info][gc] GC(6833) Pause Young (Allocation Failure) 1278M->206M(1407M) 2.847ms
[1042.966s][info][gc] GC(6834) Pause Young (Allocation Failure) 1241M->214M(1363M) 2.314ms
[1043.307s][info][gc] GC(6835) Pause Young (Allocation Failure) 1205M->222M(1322M) 2.660ms
[1043.642s][info][gc] GC(6836) Pause Young (Allocation Failure) 1172M->229M(1283M) 2.334ms
[1043.947s][info][gc] GC(6837) Pause Young (Allocation Failure) 1141M->237M(1246M) 2.283ms
[1044.247s][info][gc] GC(6838) Pause Young (Allocation Failure) 1111M->243M(1209M) 2.174ms
[1044.534s][info][gc] GC(6839) Pause Young (Allocation Failure) 1082M->249M(1329M) 2.476ms
[1044.892s][info][gc] GC(6840) Pause Young (Allocation Failure) 1208M->257M(1291M) 2.541ms
[1045.261s][info][gc] GC(6841) Pause Young (Allocation Failure) 1176M->264M(1423M) 2.964ms
[1045.642s][info][gc] GC(6842) Pause Young (Allocation Failure) 1316M->273M(1378M) 2.322ms
[1045.974s][info][gc] GC(6843) Pause Young (Allocation Failure) 1281M->280M(1338M) 2.194ms
[1046.301s][info][gc] GC(6844) Pause Young (Allocation Failure) 1246M->288M(1298M) 2.618ms
[1046.636s][info][gc] GC(6845) Pause Young (Allocation Failure) 1214M->294M(1259M) 2.654ms
[1046.940s][info][gc] GC(6846) Pause Young (Allocation Failure) 1182M->302M(1387M) 2.498ms
[1047.278s][info][gc] GC(6847) Pause Young (Allocation Failure) 1318M->309M(1535M) 2.647ms
[1047.673s][info][gc] GC(6848) Pause Young (Allocation Failure) 1472M->318M(1673M) 3.054ms
[1048.203s][info][gc] GC(6849) Pause Young (Allocation Failure) 1621M->329M(1621M) 2.937ms
[1048.753s][info][gc] GC(6850) Pause Young (Allocation Failure) 1575M->338M(1557M) 3.679ms
[1049.533s][info][gc] GC(6851) Pause Young (Allocation Failure) 1530M->348M(1511M) 2.497ms
[1050.291s][info][gc] GC(6852) Pause Young (Allocation Failure) 1490M->358M(1463M) 2.949ms
[1051.032s][info][gc] GC(6853) Pause Full (Ergonomics) 1451M->70M(1327M) 16.813ms
[1051.713s][info][gc] GC(6854) Pause Young (Allocation Failure) 1117M->79M(1293M) 1.589ms
[1052.370s][info][gc] GC(6855) Pause Young (Allocation Failure) 1082M->88M(1251M) 2.113ms
[1052.997s][info][gc] GC(6856) Pause Young (Allocation Failure) 1049M->95M(1212M) 2.044ms
[1053.595s][info][gc] GC(6857) Pause Young (Allocation Failure) 1017M->103M(1174M) 2.009ms
[1054.162s][info][gc] GC(6858) Pause Young (Allocation Failure) 987M->109M(1137M) 2.019ms
[1054.724s][info][gc] GC(6859) Pause Young (Allocation Failure) 957M->116M(1103M) 2.634ms
[1055.251s][info][gc] GC(6860) Pause Young (Allocation Failure) 930M->122M(1070M) 1.812ms
[1055.767s][info][gc] GC(6861) Pause Young (Allocation Failure) 903M->128M(1039M) 1.808ms
[1056.244s][info][gc] GC(6862) Pause Young (Allocation Failure) 879M->133M(1008M) 1.745ms
[1056.716s][info][gc] GC(6863) Pause Young (Allocation Failure) 854M->139M(981M) 1.684ms
[1057.172s][info][gc] GC(6864) Pause Young (Allocation Failure) 832M->144M(953M) 1.540ms
[1057.612s][info][gc] GC(6865) Pause Young (Allocation Failure) 810M->150M(928M) 1.616ms
[1058.033s][info][gc] GC(6866) Pause Young (Allocation Failure) 791M->155M(904M) 1.610ms
[1058.433s][info][gc] GC(6867) Pause Young (Allocation Failure) 771M->159M(880M) 1.431ms
[1058.817s][info][gc] GC(6868) Pause Young (Allocation Failure) 752M->163M(857M) 1.453ms
[1059.089s][info][gc] GC(6869) Pause Young (Allocation Failure) 734M->173M(841M) 1.658ms
[1059.266s][info][gc] GC(6870) Pause Young (Allocation Failure) 723M->177M(819M) 1.686ms
[1059.450s][info][gc] GC(6871) Pause Young (Allocation Failure) 707M->181M(800M) 1.496ms
[1059.625s][info][gc] GC(6872) Pause Young (Allocation Failure) 692M->185M(782M) 1.594ms
[1059.798s][info][gc] GC(6873) Pause Young (Allocation Failure) 678M->188M(764M) 1.513ms
[1059.976s][info][gc] GC(6874) Pause Young (Allocation Failure) 663M->192M(748M) 1.534ms
[1060.132s][info][gc] GC(6875) Pause Young (Allocation Failure) 651M->196M(817M) 1.458ms
[1060.312s][info][gc] GC(6876) Pause Young (Allocation Failure) 724M->200M(898M) 1.477ms
[1060.517s][info][gc] GC(6877) Pause Young (Allocation Failure) 808M->205M(991M) 2.348ms
[1060.866s][info][gc] GC(6878) Pause Young (Allocation Failure) 906M->211M(963M) 1.731ms
[1061.087s][info][gc] GC(6879) Pause Young (Allocation Failure) 885M->215M(937M) 1.798ms
[1061.300s][info][gc] GC(6880) Pause Young (Allocation Failure) 863M->221M(914M) 1.799ms
[1061.512s][info][gc] GC(6881) Pause Young (Allocation Failure) 845M->226M(890M) 1.648ms
[1061.714s][info][gc] GC(6882) Pause Young (Allocation Failure) 826M->229M(866M) 1.542ms
[1061.906s][info][gc] GC(6883) Pause Young (Allocation Failure) 807M->235M(955M) 1.626ms
[1062.123s][info][gc] GC(6884) Pause Young (Allocation Failure) 900M->240M(1054M) 1.636ms
[1062.380s][info][gc] GC(6885) Pause Young (Allocation Failure) 1004M->247M(1171M) 2.007ms
[1062.793s][info][gc] GC(6886) Pause Young (Allocation Failure) 1126M->254M(1133M) 2.263ms
[1063.069s][info][gc] GC(6887) Pause Young (Allocation Failure) 1098M->258M(1100M) 1.907ms
[1063.347s][info][gc] GC(6888) Pause Young (Allocation Failure) 1068M->266M(1069M) 2.106ms
[1063.602s][info][gc] GC(6889) Pause Young (Allocation Failure) 1044M->272M(1037M) 1.913ms
[1063.855s][info][gc] GC(6890) Pause Young (Allocation Failure) 1018M->278M(1008M) 1.848ms
[1064.093s][info][gc] GC(6891) Pause Young (Allocation Failure) 995M->284M(980M) 1.889ms
[1064.346s][info][gc] GC(6892) Pause Full (Ergonomics) 973M->79M(944M) 19.460ms
[1064.690s][info][gc] GC(6893) Pause Young (Allocation Failure) 742M->91M(934M) 1.451ms
[1064.910s][info][gc] GC(6894) Pause Young (Allocation Failure) 728M->96M(905M) 1.853ms
[1065.116s][info][gc] GC(6895) Pause Young (Allocation Failure) 709M->99M(881M) 1.751ms
[1065.322s][info][gc] GC(6896) Pause Young (Allocation Failure) 689M->105M(860M) 1.568ms
[1065.506s][info][gc] GC(6897) Pause Young (Allocation Failure) 673M->108M(837M) 1.471ms
[1065.697s][info][gc] GC(6898) Pause Young (Allocation Failure) 655M->113M(818M) 1.592ms
[1065.868s][info][gc] GC(6899) Pause Young (Allocation Failure) 640M->117M(798M) 1.443ms
[1066.046s][info][gc] GC(6900) Pause Young (Allocation Failure) 625M->122M(879M) 1.771ms
[1066.256s][info][gc] GC(6901) Pause Young (Allocation Failure) 710M->125M(971M) 2.145ms
[1066.605s][info][gc] GC(6902) Pause Young (Allocation Failure) 805M->132M(945M) 1.756ms
[1066.842s][info][gc] GC(6903) Pause Young (Allocation Failure) 786M->137M(921M) 1.775ms
[1067.058s][info][gc] GC(6904) Pause Young (Allocation Failure) 766M->141M(896M) 1.759ms
[1067.271s][info][gc] GC(6905) Pause Young (Allocation Failure) 746M->146M(874M) 1.580ms
[1067.479s][info][gc] GC(6906) Pause Young (Allocation Failure) 728M->150M(851M) 1.569ms
[1067.667s][info][gc] GC(6907) Pause Young (Allocation Failure) 711M->155M(831M) 1.545ms
[1067.867s][info][gc] GC(6908) Pause Young (Allocation Failure) 695M->160M(812M) 1.563ms
[1068.040s][info][gc] GC(6909) Pause Young (Allocation Failure) 681M->164M(793M) 1.563ms
[1068.208s][info][gc] GC(6910) Pause Young (Allocation Failure) 666M->166M(774M) 1.324ms
[1068.402s][info][gc] GC(6911) Pause Young (Allocation Failure) 650M->167M(754M) 1.293ms
[1068.647s][info][gc] GC(6912) Pause Young (Allocation Failure) 634M->176M(742M) 1.507ms
[1068.798s][info][gc] GC(6913) Pause Young (Allocation Failure) 626M->179M(726M) 1.505ms
[1068.942s][info][gc] GC(6914) Pause Young (Allocation Failure) 614M->182M(793M) 1.328ms
[1069.108s][info][gc] GC(6915) Pause Young (Allocation Failure) 685M->186M(873M) 1.447ms
[1069.307s][info][gc] GC(6916) Pause Young (Allocation Failure) 768M->190M(963M) 1.480ms
[1069.567s][info][gc] GC(6917) Pause Young (Allocation Failure) 863M->196M(938M) 1.938ms
[1069.814s][info][gc] GC(6918) Pause Young (Allocation Failure) 842M->200M(912M) 1.620ms
[1070.035s][info][gc] GC(6919) Pause Young (Allocation Failure) 822M->205M(890M) 1.791ms
[1070.259s][info][gc] GC(6920) Pause Young (Allocation Failure) 803M->210M(867M) 1.718ms
[1070.563s][info][gc] GC(6921) Pause Young (Allocation Failure) 786M->215M(847M) 2.406ms
[1070.766s][info][gc] GC(6922) Pause Young (Allocation Failure) 770M->220M(825M) 1.945ms
[1070.993s][info][gc] GC(6923) Pause Young (Allocation Failure) 754M->224M(805M) 1.746ms
[1071.216s][info][gc] GC(6924) Pause Young (Allocation Failure) 738M->226M(785M) 1.689ms
[1071.414s][info][gc] GC(6925) Pause Young (Allocation Failure) 722M->232M(769M) 1.780ms
[1071.586s][info][gc] GC(6926) Pause Young (Allocation Failure) 710M->236M(845M) 1.504ms
[1071.775s][info][gc] GC(6927) Pause Young (Allocation Failure) 789M->239M(931M) 1.495ms
[1071.987s][info][gc] GC(6928) Pause Young (Allocation Failure) 879M->245M(1032M) 1.797ms
[1072.255s][info][gc] GC(6929) Pause Young (Allocation Failure) 985M->250M(1003M) 1.927ms
[1072.634s][info][gc] GC(6930) Pause Young (Allocation Failure) 961M->256M(972M) 2.100ms
[1072.879s][info][gc] GC(6931) Pause Young (Allocation Failure) 940M->263M(949M) 2.031ms
[1073.113s][info][gc] GC(6932) Pause Young (Allocation Failure) 920M->267M(924M) 1.954ms
[1073.341s][info][gc] GC(6933) Pause Young (Allocation Failure) 899M->272M(899M) 1.929ms
[1073.566s][info][gc] GC(6934) Pause Young (Allocation Failure) 880M->277M(995M) 2.015ms
[1073.820s][info][gc] GC(6935) Pause Young (Allocation Failure) 980M->282M(1029M) 1.961ms
[1074.076s][info][gc] GC(6936) Pause Young (Allocation Failure) 1015M->288M(1108M) 2.168ms
[1074.391s][info][gc] GC(6937) Pause Full (Ergonomics) 1100M->82M(1118M) 21.037ms
[1074.821s][info][gc] GC(6938) Pause Young (Allocation Failure) 894M->94M(1084M) 2.151ms
[1075.111s][info][gc] GC(6939) Pause Young (Allocation Failure) 874M->100M(1053M) 2.590ms
[1075.374s][info][gc] GC(6940) Pause Young (Allocation Failure) 850M->105M(1016M) 2.047ms
[1075.615s][info][gc] GC(6941) Pause Young (Allocation Failure) 825M->113M(1136M) 2.469ms
[1075.911s][info][gc] GC(6942) Pause Young (Allocation Failure) 946M->119M(1226M) 2.260ms
[1076.244s][info][gc] GC(6943) Pause Young (Allocation Failure) 1038M->126M(1185M) 2.448ms
[1076.677s][info][gc] GC(6944) Pause Young (Allocation Failure) 1008M->134M(1141M) 2.542ms
[1076.968s][info][gc] GC(6945) Pause Young (Allocation Failure) 980M->144M(1116M) 2.018ms
[1077.251s][info][gc] GC(6946) Pause Young (Allocation Failure) 956M->150M(1082M) 1.979ms
[1077.512s][info][gc] GC(6947) Pause Young (Allocation Failure) 930M->156M(1051M) 2.027ms
[1077.773s][info][gc] GC(6948) Pause Young (Allocation Failure) 905M->162M(1022M) 1.893ms
[1078.012s][info][gc] GC(6949) Pause Young (Allocation Failure) 882M->167M(994M) 1.847ms
[1078.251s][info][gc] GC(6950) Pause Young (Allocation Failure) 859M->173M(968M) 1.803ms
[1078.659s][info][gc] GC(6951) Pause Young (Allocation Failure) 839M->176M(940M) 1.945ms
[1080.918s][info][gc] GC(6952) Pause Young (Allocation Failure) 811M->225M(921M) 2.551ms
[1085.405s][info][gc] GC(6953) Pause Young (Allocation Failure) 840M->237M(904M) 1.958ms
[1106.813s][info][gc] GC(6954) Pause Young (Allocation Failure) 830M->228M(869M) 1.463ms
[1112.934s][info][gc] GC(6955) Pause Young (Allocation Failure) 799M->241M(855M) 1.472ms
[1134.585s][info][gc] GC(6956) Pause Young (Allocation Failure) 787M->264M(845M) 2.137ms
[1141.887s][info][gc] GC(6957) Pause Young (Allocation Failure) 791M->267M(829M) 1.482ms
[1163.417s][info][gc] GC(6958) Pause Young (Allocation Failure) 778M->257M(800M) 1.825ms
[1170.262s][info][gc] GC(6959) Pause Young (Allocation Failure) 743M->260M(784M) 1.582ms
[1190.714s][info][gc] GC(6960) Pause Young (Allocation Failure) 735M->270M(778M) 1.615ms
[1197.193s][info][gc] GC(6961) Pause Young (Allocation Failure) 728M->281M(769M) 2.203ms
[1215.720s][info][gc] GC(6962) Pause Young (Allocation Failure) 725M->300M(730M) 5.375ms
[1217.915s][info][gc] GC(6963) Pause Full (Ergonomics) 727M->65M(712M) 7.414ms
[1220.753s][info][gc] GC(6964) Pause Young (Allocation Failure) 477M->91M(724M) 1.112ms
[1224.013s][info][gc] GC(6965) Pause Young (Allocation Failure) 487M->85M(705M) 1.961ms
[1243.380s][info][gc] GC(6966) Pause Young (Allocation Failure) 473M->75M(682M) 1.160ms
[1246.176s][info][gc] GC(6967) Pause Young (Allocation Failure) 444M->94M(690M) 1.957ms
[1251.732s][info][gc] GC(6968) Pause Young (Allocation Failure) 455M->96M(680M) 1.516ms
[1270.508s][info][gc] GC(6969) Pause Young (Allocation Failure) 448M->81M(654M) 2.335ms
[1270.528s][info][gc] GC(6970) Pause Young (Allocation Failure) 417M->128M(750M) 2.796ms
[1272.244s][info][gc] GC(6971) Pause Young (Allocation Failure) 533M->146M(839M) 2.179ms
[1273.912s][info][gc] GC(6972) Pause Young (Allocation Failure) 621M->157M(842M) 2.042ms
[1276.532s][info][gc] GC(6973) Pause Young (Allocation Failure) 632M->159M(855M) 2.153ms
[1279.036s][info][gc] GC(6974) Pause Young (Allocation Failure) 635M->171M(944M) 4.843ms
[1299.263s][info][gc] GC(6975) Pause Young (Allocation Failure) 737M->138M(946M) 1.228ms
[1299.844s][info][gc] GC(6976) Pause Young (Allocation Failure) 702M->214M(1028M) 8.745ms
[1302.166s][info][gc] GC(6977) Pause Young (Allocation Failure) 860M->212M(956M) 3.596ms
[1305.596s][info][gc] GC(6978) Pause Young (Allocation Failure) 833M->216M(956M) 2.032ms
[1308.643s][info][gc] GC(6979) Pause Young (Allocation Failure) 814M->227M(917M) 1.401ms
[1328.291s][info][gc] GC(6980) Pause Young (Allocation Failure) 805M->208M(914M) 2.552ms
[1329.486s][info][gc] GC(6981) Pause Young (Allocation Failure) 759M->271M(898M) 3.706ms
[1331.472s][info][gc] GC(6982) Pause Young (Allocation Failure) 806M->268M(874M) 2.454ms
[1334.380s][info][gc] GC(6983) Pause Young (Allocation Failure) 781M->271M(830M) 1.200ms
[1337.017s][info][gc] GC(6984) Pause Young (Allocation Failure) 768M->274M(834M) 1.094ms
[1357.403s][info][gc] GC(6985) Pause Young (Allocation Failure) 755M->248M(767M) 2.006ms
[1357.432s][info][gc] GC(6986) Pause Young (Allocation Failure) 712M->284M(841M) 3.122ms
[1359.211s][info][gc] GC(6987) Pause Young (Allocation Failure) 744M->321M(839M) 3.804ms
[1360.908s][info][gc] GC(6988) Pause Full (Ergonomics) 786M->102M(973M) 9.346ms
[1363.904s][info][gc] GC(6989) Pause Young (Allocation Failure) 653M->143M(973M) 0.940ms
[1366.736s][info][gc] GC(6990) Pause Young (Allocation Failure) 695M->139M(1063M) 2.321ms
[1386.321s][info][gc] GC(6991) Pause Young (Allocation Failure) 791M->135M(1069M) 3.320ms
[1388.301s][info][gc] GC(6992) Pause Young (Allocation Failure) 787M->185M(1027M) 5.171ms
[1390.974s][info][gc] GC(6993) Pause Young (Allocation Failure) 806M->189M(988M) 2.734ms
[1394.079s][info][gc] GC(6994) Pause Young (Allocation Failure) 787M->200M(972M) 2.622ms
[1414.634s][info][gc] GC(6995) Pause Young (Allocation Failure) 782M->165M(913M) 1.578ms
[1415.412s][info][gc] GC(6996) Pause Young (Allocation Failure) 726M->207M(931M) 3.762ms
[1417.988s][info][gc] GC(6997) Pause Young (Allocation Failure) 743M->256M(919M) 3.872ms
[1420.866s][info][gc] GC(6998) Pause Young (Allocation Failure) 770M->260M(893M) 2.183ms
[1424.542s][info][gc] GC(6999) Pause Young (Allocation Failure) 759M->264M(875M) 1.854ms
[1428.313s][info][gc] GC(7000) Pause Young (Allocation Failure) 746M->267M(858M) 1.263ms
[1442.190s][info][gc] GC(7001) Pause Young (Allocation Failure) 727M->246M(818M) 1.828ms
[1444.083s][info][gc] GC(7002) Pause Young (Allocation Failure) 694M->287M(825M) 2.586ms
[1447.695s][info][gc] GC(7003) Pause Young (Allocation Failure) 717M->283M(789M) 2.999ms
[1452.679s][info][gc] GC(7004) Pause Young (Allocation Failure) 703M->286M(806M) 0.943ms
[1468.343s][info][gc] GC(7005) Pause Young (Allocation Failure) 694M->275M(753M) 0.973ms
[1471.273s][info][gc] GC(7006) Pause Young (Allocation Failure) 665M->298M(778M) 1.819ms
[1479.083s][info][gc] GC(7007) Pause Young (Allocation Failure) 673M->301M(754M) 1.774ms
[1494.065s][info][gc] GC(7008) Pause Young (Allocation Failure) 670M->289M(753M) 2.947ms
[1499.620s][info][gc] GC(7009) Pause Young (Allocation Failure) 641M->292M(723M) 1.969ms
[1507.084s][info][gc] GC(7010) Pause Young (Allocation Failure) 634M->295M(727M) 1.933ms
[1520.051s][info][gc] GC(7011) Pause Young (Allocation Failure) 626M->298M(708M) 1.843ms
[1525.831s][info][gc] GC(7012) Pause Young (Allocation Failure) 617M->293M(704M) 1.823ms
[1534.726s][info][gc] GC(7013) Pause Young (Allocation Failure) 608M->294M(684M) 1.644ms
[1545.833s][info][gc] GC(7014) Pause Young (Allocation Failure) 597M->291M(684M) 2.004ms
[1551.084s][info][gc] GC(7015) Pause Young (Allocation Failure) 586M->293M(666M) 1.698ms
[1557.180s][info][gc] GC(7016) Pause Young (Allocation Failure) 581M->302M(670M) 1.766ms
[1570.448s][info][gc] GC(7017) Pause Young (Allocation Failure) 583M->289M(646M) 2.838ms
[1574.029s][info][gc] GC(7018) Pause Young (Allocation Failure) 555M->292M(652M) 1.661ms
[1579.649s][info][gc] GC(7019) Pause Young (Allocation Failure) 557M->294M(630M) 1.576ms
[1595.593s][info][gc] GC(7020) Pause Young (Allocation Failure) 552M->275M(644M) 0.763ms
[1595.617s][info][gc] GC(7021) Pause Young (Allocation Failure) 526M->293M(648M) 2.459ms
[1596.340s][info][gc] GC(7022) Pause Young (Allocation Failure) 537M->329M(686M) 5.211ms
[1598.653s][info][gc] GC(7023) Pause Young (Allocation Failure) 617M->324M(695M) 1.988ms
[1601.282s][info][gc] GC(7024) Pause Young (Allocation Failure) 612M->333M(746M) 4.825ms
[1605.029s][info][gc] GC(7025) Pause Young (Allocation Failure) 668M->328M(752M) 2.259ms
[1608.712s][info][gc] GC(7026) Pause Young (Allocation Failure) 663M->338M(734M) 5.170ms
[1621.313s][info][gc] GC(7027) Pause Young (Allocation Failure) 663M->326M(711M) 3.156ms
[1622.190s][info][gc] GC(7028) Pause Young (Allocation Failure) 640M->361M(700M) 7.458ms
[1624.669s][info][gc] GC(7029) Pause Full (Ergonomics) 664M->71M(602M) 8.793ms
[1627.516s][info][gc] GC(7030) Pause Young (Allocation Failure) 367M->89M(667M) 0.743ms
[1630.625s][info][gc] GC(7031) Pause Young (Allocation Failure) 377M->98M(611M) 0.806ms
[1634.056s][info][gc] GC(7032) Pause Young (Allocation Failure) 379M->100M(643M) 0.882ms
[1647.608s][info][gc] GC(7033) Pause Young (Allocation Failure) 374M->80M(578M) 0.745ms
[1649.374s][info][gc] GC(7034) Pause Young (Allocation Failure) 341M->95M(628M) 1.501ms
[1653.717s][info][gc] GC(7035) Pause Young (Allocation Failure) 354M->105M(579M) 1.703ms
[1659.113s][info][gc] GC(7036) Pause Young (Allocation Failure) 349M->99M(616M) 1.479ms
[1672.833s][info][gc] GC(7037) Pause Young (Allocation Failure) 344M->103M(544M) 0.705ms
[1672.848s][info][gc] GC(7038) Pause Young (Allocation Failure) 341M->122M(619M) 1.867ms
[1672.863s][info][gc] GC(7039) Pause Young (Allocation Failure) 364M->147M(615M) 3.541ms
[1673.813s][info][gc] GC(7040) Pause Young (Allocation Failure) 383M->177M(653M) 2.251ms
[1675.462s][info][gc] GC(7041) Pause Young (Allocation Failure) 465M->187M(656M) 1.177ms
[1676.641s][info][gc] GC(7042) Pause Young (Allocation Failure) 475M->196M(711M) 2.384ms
[1679.462s][info][gc] GC(7043) Pause Young (Allocation Failure) 539M->199M(712M) 1.089ms
[1681.891s][info][gc] GC(7044) Pause Young (Allocation Failure) 541M->201M(780M) 2.974ms
[1685.330s][info][gc] GC(7045) Pause Young (Allocation Failure) 614M->196M(780M) 1.109ms
[1699.831s][info][gc] GC(7046) Pause Young (Allocation Failure) 609M->170M(855M) 1.030ms
[1701.041s][info][gc] GC(7047) Pause Young (Allocation Failure) 655M->215M(856M) 3.274ms
[1704.901s][info][gc] GC(7048) Pause Young (Allocation Failure) 704M->221M(794M) 2.675ms
[1710.644s][info][gc] GC(7049) Pause Young (Allocation Failure) 686M->224M(777M) 1.810ms
[1726.467s][info][gc] GC(7050) Pause Young (Allocation Failure) 680M->214M(750M) 1.408ms
[1726.489s][info][gc] GC(7051) Pause Young (Allocation Failure) 655M->243M(829M) 2.639ms
[1726.978s][info][gc] GC(7052) Pause Young (Allocation Failure) 705M->332M(859M) 7.444ms
[1729.118s][info][gc] GC(7053) Pause Full (Ergonomics) 823M->136M(967M) 9.737ms
[1730.988s][info][gc] GC(7054) Pause Young (Allocation Failure) 626M->194M(1062M) 4.168ms
[1734.547s][info][gc] GC(7055) Pause Young (Allocation Failure) 780M->190M(1064M) 1.751ms
[1738.144s][info][gc] GC(7056) Pause Young (Allocation Failure) 774M->202M(1176M) 4.763ms
[1754.916s][info][gc] GC(7057) Pause Young (Allocation Failure) 905M->153M(1177M) 1.118ms
[1764.099s][info][gc] GC(7058) Pause Young (Allocation Failure) 855M->179M(1082M) 3.124ms
[1780.192s][info][gc] GC(7059) Pause Young (Allocation Failure) 855M->196M(1054M) 3.617ms
[1780.223s][info][gc] GC(7060) Pause Young (Allocation Failure) 840M->324M(1183M) 8.503ms
[1782.942s][info][gc] GC(7061) Pause Young (Allocation Failure) 1040M->331M(1221M) 6.036ms
[1785.296s][info][gc] GC(7062) Pause Young (Allocation Failure) 1047M->336M(1364M) 5.322ms
[1789.695s][info][gc] GC(7063) Pause Young (Allocation Failure) 1192M->342M(1366M) 2.257ms
[1793.799s][info][gc] GC(7064) Pause Young (Allocation Failure) 1198M->347M(1532M) 5.612ms
[1810.606s][info][gc] GC(7065) Pause Young (Allocation Failure) 1370M->311M(1533M) 3.641ms
[1812.333s][info][gc] GC(7066) Pause Young (Allocation Failure) 1330M->426M(1711M) 11.746ms
[1816.853s][info][gc] GC(7067) Pause Young (Allocation Failure) 1629M->438M(1727M) 11.373ms
[1822.717s][info][gc] GC(7068) Pause Full (Ergonomics) 1642M->193M(1843M) 18.553ms
[1840.135s][info][gc] GC(7069) Pause Young (Allocation Failure) 1447M->221M(1684M) 2.804ms
[1842.335s][info][gc] GC(7070) Pause Young (Allocation Failure) 1416M->344M(1728M) 6.977ms
[1846.417s][info][gc] GC(7071) Pause Young (Allocation Failure) 1486M->362M(1634M) 6.633ms
[1851.769s][info][gc] GC(7072) Pause Young (Allocation Failure) 1457M->370M(1604M) 4.346ms
[1869.615s][info][gc] GC(7073) Pause Young (Allocation Failure) 1424M->310M(1475M) 1.544ms
[1870.794s][info][gc] GC(7074) Pause Young (Allocation Failure) 1315M->431M(1556M) 6.146ms
[1875.656s][info][gc] GC(7075) Pause Young (Allocation Failure) 1395M->434M(1437M) 7.018ms
[1882.150s][info][gc] GC(7076) Pause Full (Ergonomics) 1355M->158M(1445M) 12.855ms
[1896.307s][info][gc] GC(7077) Pause Young (Allocation Failure) 1049M->173M(1308M) 2.113ms
[1896.920s][info][gc] GC(7078) Pause Young (Allocation Failure) 1022M->280M(1393M) 4.953ms
[1900.711s][info][gc] GC(7079) Pause Young (Allocation Failure) 1100M->297M(1287M) 5.052ms
[1905.900s][info][gc] GC(7080) Pause Young (Allocation Failure) 1082M->295M(1303M) 1.761ms
[1912.222s][info][gc] GC(7081) Pause Young (Allocation Failure) 1050M->308M(1225M) 2.386ms
[1924.527s][info][gc] GC(7082) Pause Young (Allocation Failure) 1029M->283M(1244M) 2.024ms
[1948.377s][info][gc] GC(7083) Pause Young (Allocation Failure) 981M->259M(1111M) 0.939ms
[1958.162s][info][gc] GC(7084) Pause Young (Allocation Failure) 923M->279M(1192M) 2.051ms
[1975.711s][info][gc] GC(7085) Pause Young (Allocation Failure) 924M->306M(1088M) 3.481ms
[1997.893s][info][gc] GC(7086) Pause Young (Allocation Failure) 928M->282M(1144M) 0.661ms
[2006.234s][info][gc] GC(7087) Pause Young (Allocation Failure) 879M->301M(1035M) 1.648ms
[2023.031s][info][gc] GC(7088) Pause Young (Allocation Failure) 874M->320M(1082M) 2.371ms
[2036.495s][info][gc] GC(7089) Pause Young (Allocation Failure) 873M->332M(1025M) 3.003ms
[2050.179s][info][gc] GC(7090) Pause Young (Allocation Failure) 863M->329M(1040M) 2.568ms
[2063.576s][info][gc] GC(7091) Pause Young (Allocation Failure) 844M->333M(988M) 2.547ms
[2076.122s][info][gc] GC(7092) Pause Young (Allocation Failure) 830M->330M(998M) 2.850ms
[2095.818s][info][gc] GC(7093) Pause Young (Allocation Failure) 810M->325M(946M) 2.383ms
[2101.151s][info][gc] GC(7094) Pause Young (Allocation Failure) 784M->322M(957M) 3.013ms
[2112.954s][info][gc] GC(7095) Pause Young (Allocation Failure) 770M->333M(923M) 2.372ms
[2122.053s][info][gc] GC(7096) Pause Young (Allocation Failure) 766M->332M(927M) 3.759ms
[2125.194s][info][gc] GC(7097) Pause Young (Allocation Failure) 745M->356M(918M) 3.661ms
[2129.453s][info][gc] GC(7098) Pause Young (Allocation Failure) 755M->368M(914M) 3.654ms
[2135.321s][info][gc] GC(7099) Pause Young (Allocation Failure) 751M->363M(876M) 2.820ms
[2147.189s][info][gc] GC(7100) Pause Young (Allocation Failure) 741M->327M(889M) 1.501ms
[2147.758s][info][gc] GC(7101) Pause Young (Allocation Failure) 693M->347M(837M) 3.121ms
[2150.303s][info][gc] GC(7102) Pause Young (Allocation Failure) 696M->364M(863M) 2.501ms
[2153.283s][info][gc] GC(7103) Pause Young (Allocation Failure) 707M->367M(835M) 2.490ms
[2158.041s][info][gc] GC(7104) Pause Young (Allocation Failure) 694M->370M(847M) 3.019ms
[2162.711s][info][gc] GC(7105) Pause Young (Allocation Failure) 689M->365M(812M) 2.670ms
[2172.659s][info][gc] GC(7106) Pause Young (Allocation Failure) 678M->337M(825M) 2.549ms
[2172.908s][info][gc] GC(7107) Pause Young (Allocation Failure) 641M->375M(786M) 4.242ms
[2175.597s][info][gc] GC(7108) Pause Young (Allocation Failure) 664M->380M(800M) 2.398ms
[2177.955s][info][gc] GC(7109) Pause Young (Allocation Failure) 660M->382M(762M) 2.454ms
[2181.592s][info][gc] GC(7110) Pause Young (Allocation Failure) 655M->393M(786M) 2.377ms
[2185.984s][info][gc] GC(7111) Pause Young (Allocation Failure) 658M->395M(727M) 1.100ms
[2189.513s][info][gc] GC(7112) Pause Young (Allocation Failure) 652M->389M(774M) 0.833ms
[2198.180s][info][gc] GC(7113) Pause Young (Allocation Failure) 645M->387M(701M) 2.292ms
[2198.379s][info][gc] GC(7114) Pause Young (Allocation Failure) 636M->419M(754M) 3.285ms
[2200.235s][info][gc] GC(7115) Pause Young (Allocation Failure) 655M->435M(705M) 3.594ms
[2202.094s][info][gc] GC(7116) Pause Young (Allocation Failure) 670M->437M(739M) 2.370ms
[2204.695s][info][gc] GC(7117) Pause Full (Ergonomics) 663M->77M(528M) 8.753ms
[2207.654s][info][gc] GC(7118) Pause Young (Allocation Failure) 295M->94M(594M) 0.608ms
[2211.541s][info][gc] GC(7119) Pause Young (Allocation Failure) 312M->95M(534M) 0.734ms
[2214.021s][info][gc] GC(7120) Pause Young (Allocation Failure) 306M->105M(576M) 0.767ms
[2223.980s][info][gc] GC(7121) Pause Young (Allocation Failure) 312M->86M(510M) 0.695ms
[2223.993s][info][gc] GC(7122) Pause Young (Allocation Failure) 288M->95M(581M) 1.293ms
[2224.005s][info][gc] GC(7123) Pause Young (Allocation Failure) 299M->116M(580M) 2.070ms
[2224.018s][info][gc] GC(7124) Pause Young (Allocation Failure) 317M->147M(611M) 2.486ms
[2225.461s][info][gc] GC(7125) Pause Young (Allocation Failure) 388M->172M(615M) 1.810ms
[2227.011s][info][gc] GC(7126) Pause Young (Allocation Failure) 414M->182M(661M) 2.073ms
[2228.437s][info][gc] GC(7127) Pause Young (Allocation Failure) 472M->176M(662M) 1.013ms
[2230.992s][info][gc] GC(7128) Pause Young (Allocation Failure) 465M->186M(717M) 2.517ms
[2234.443s][info][gc] GC(7129) Pause Young (Allocation Failure) 529M->189M(718M) 1.103ms
[2237.778s][info][gc] GC(7130) Pause Young (Allocation Failure) 532M->191M(787M) 3.132ms
[2248.894s][info][gc] GC(7131) Pause Young (Allocation Failure) 610M->156M(787M) 0.643ms
[2250.230s][info][gc] GC(7132) Pause Young (Allocation Failure) 574M->199M(869M) 4.773ms
[2251.338s][info][gc] GC(7133) Pause Young (Allocation Failure) 692M->249M(849M) 4.877ms
[2254.109s][info][gc] GC(7134) Pause Young (Allocation Failure) 727M->246M(814M) 2.321ms
[2257.985s][info][gc] GC(7135) Pause Young (Allocation Failure) 705M->257M(794M) 1.494ms
[2262.440s][info][gc] GC(7136) Pause Young (Allocation Failure) 701M->253M(785M) 1.684ms
[2266.574s][info][gc] GC(7137) Pause Young (Allocation Failure) 681M->264M(763M) 1.367ms
[2276.363s][info][gc] GC(7138) Pause Young (Allocation Failure) 682M->259M(756M) 3.284ms
[2278.213s][info][gc] GC(7139) Pause Young (Allocation Failure) 656M->278M(728M) 2.446ms
[2281.425s][info][gc] GC(7140) Pause Young (Allocation Failure) 665M->290M(728M) 1.737ms
[2287.267s][info][gc] GC(7141) Pause Young (Allocation Failure) 666M->292M(695M) 1.073ms
[2292.383s][info][gc] GC(7142) Pause Young (Allocation Failure) 658M->288M(706M) 1.347ms
[2301.907s][info][gc] GC(7143) Pause Young (Allocation Failure) 642M->277M(652M) 1.138ms
[2301.923s][info][gc] GC(7144) Pause Young (Allocation Failure) 620M->311M(710M) 2.855ms
[2301.946s][info][gc] GC(7145) Pause Full (Ergonomics) 648M->108M(737M) 9.271ms
[2303.546s][info][gc] GC(7146) Pause Young (Allocation Failure) 451M->157M(802M) 4.095ms
[2305.457s][info][gc] GC(7147) Pause Young (Allocation Failure) 562M->160M(806M) 1.328ms
[2307.315s][info][gc] GC(7148) Pause Young (Allocation Failure) 565M->163M(887M) 3.936ms
[2310.875s][info][gc] GC(7149) Pause Young (Allocation Failure) 646M->166M(890M) 2.228ms
[2314.226s][info][gc] GC(7150) Pause Young (Allocation Failure) 649M->170M(988M) 4.160ms
[2318.614s][info][gc] GC(7151) Pause Young (Allocation Failure) 746M->174M(945M) 2.193ms
[2328.603s][info][gc] GC(7152) Pause Young (Allocation Failure) 736M->168M(921M) 2.784ms
[2329.089s][info][gc] GC(7153) Pause Young (Allocation Failure) 709M->235M(925M) 4.161ms
[2331.201s][info][gc] GC(7154) Pause Young (Allocation Failure) 756M->251M(912M) 3.072ms
[2333.268s][info][gc] GC(7155) Pause Young (Allocation Failure) 749M->255M(868M) 2.080ms
[2336.593s][info][gc] GC(7156) Pause Young (Allocation Failure) 740M->259M(867M) 1.475ms
[2340.213s][info][gc] GC(7157) Pause Young (Allocation Failure) 726M->262M(834M) 1.765ms
[2343.918s][info][gc] GC(7158) Pause Young (Allocation Failure) 714M->265M(831M) 1.346ms
[2352.047s][info][gc] GC(7159) Pause Young (Allocation Failure) 702M->222M(757M) 0.771ms
[2355.904s][info][gc] GC(7160) Pause Young (Allocation Failure) 644M->236M(813M) 1.569ms
[2355.921s][info][gc] GC(7161) Pause Young (Allocation Failure) 644M->277M(826M) 3.535ms
[2355.944s][info][gc] GC(7162) Pause Young (Allocation Failure) 680M->385M(867M) 8.170ms
[2357.934s][info][gc] GC(7163) Pause Full (Ergonomics) 837M->183M(998M) 10.955ms
[2359.558s][info][gc] GC(7164) Pause Young (Allocation Failure) 635M->256M(1088M) 6.363ms
[2361.738s][info][gc] GC(7165) Pause Young (Allocation Failure) 795M->253M(1089M) 1.957ms
[2365.068s][info][gc] GC(7166) Pause Young (Allocation Failure) 790M->264M(1196M) 4.987ms
[2368.808s][info][gc] GC(7167) Pause Young (Allocation Failure) 910M->261M(1196M) 2.301ms
[2372.893s][info][gc] GC(7168) Pause Young (Allocation Failure) 908M->274M(1323M) 5.948ms
[2383.592s][info][gc] GC(7169) Pause Young (Allocation Failure) 1054M->264M(1324M) 3.003ms
[2386.965s][info][gc] GC(7170) Pause Young (Allocation Failure) 1043M->295M(1464M) 5.621ms
[2395.125s][info][gc] GC(7171) Pause Young (Allocation Failure) 1225M->303M(1469M) 2.501ms
[2409.828s][info][gc] GC(7172) Pause Young (Allocation Failure) 1238M->282M(1649M) 1.719ms
[2409.882s][info][gc] GC(7173) Pause Young (Allocation Failure) 1392M->425M(1652M) 14.061ms
[2413.785s][info][gc] GC(7174) Pause Young (Allocation Failure) 1536M->494M(1820M) 17.243ms
[2419.200s][info][gc] GC(7175) Pause Full (Ergonomics) 1744M->231M(1898M) 15.269ms
[2426.738s][info][gc] GC(7176) Pause Young (Allocation Failure) 1478M->325M(1891M) 3.007ms
[2441.050s][info][gc] GC(7177) Pause Young (Allocation Failure) 1566M->295M(1806M) 6.374ms
[2456.110s][info][gc] GC(7178) Pause Young (Allocation Failure) 1535M->306M(1893M) 9.973ms
[2466.280s][info][gc] GC(7179) Pause Young (Allocation Failure) 1556M->363M(1893M) 6.596ms
[2468.650s][info][gc] GC(7180) Pause Young (Allocation Failure) 1613M->513M(1801M) 11.476ms
[2472.051s][info][gc] GC(7181) Pause Young (Allocation Failure) 1673M->548M(1775M) 7.082ms
[2477.984s][info][gc] GC(7182) Pause Full (Ergonomics) 1710M->262M(1904M) 20.140ms
[2484.874s][info][gc] GC(7183) Pause Young (Allocation Failure) 1421M->371M(1776M) 2.807ms
[2499.858s][info][gc] GC(7184) Pause Young (Allocation Failure) 1478M->302M(1758M) 5.303ms
[2525.521s][info][gc] GC(7185) Pause Young (Allocation Failure) 1366M->284M(1584M) 2.317ms
[2526.183s][info][gc] GC(7186) Pause Young (Allocation Failure) 1298M->435M(1715M) 7.622ms
[2530.022s][info][gc] GC(7187) Pause Young (Allocation Failure) 1408M->448M(1570M) 9.322ms
[2536.724s][info][gc] GC(7188) Pause Young (Allocation Failure) 1378M->455M(1588M) 3.899ms
[2543.105s][info][gc] GC(7189) Pause Young (Allocation Failure) 1352M->462M(1494M) 2.405ms
[2554.487s][info][gc] GC(7190) Pause Young (Allocation Failure) 1324M->414M(1522M) 3.734ms
[2555.030s][info][gc] GC(7191) Pause Young (Allocation Failure) 1241M->531M(1467M) 6.337ms
[2557.611s][info][gc] GC(7192) Pause Young (Allocation Failure) 1324M->563M(1456M) 12.077ms
[2560.879s][info][gc] GC(7193) Pause Full (Ergonomics) 1323M->181M(1201M) 14.916ms
[2565.725s][info][gc] GC(7194) Pause Young (Allocation Failure) 911M->256M(1300M) 1.736ms
[2570.919s][info][gc] GC(7195) Pause Young (Allocation Failure) 959M->262M(1220M) 3.340ms
[2578.597s][info][gc] GC(7196) Pause Young (Allocation Failure) 938M->197M(1260M) 0.942ms
[2590.255s][info][gc] GC(7197) Pause Young (Allocation Failure) 844M->218M(1116M) 1.884ms
[2608.320s][info][gc] GC(7198) Pause Young (Allocation Failure) 840M->216M(1207M) 1.321ms
[2623.755s][info][gc] GC(7199) Pause Young (Allocation Failure) 817M->229M(1061M) 3.781ms
[2637.044s][info][gc] GC(7200) Pause Young (Allocation Failure) 805M->249M(1153M) 2.882ms
[2657.864s][info][gc] GC(7201) Pause Young (Allocation Failure) 808M->225M(1010M) 0.936ms
[2666.388s][info][gc] GC(7202) Pause Young (Allocation Failure) 762M->243M(1109M) 1.785ms
[2682.933s][info][gc] GC(7203) Pause Young (Allocation Failure) 762M->259M(985M) 3.191ms
[2693.842s][info][gc] GC(7204) Pause Young (Allocation Failure) 758M->275M(1064M) 2.538ms
[2707.902s][info][gc] GC(7205) Pause Young (Allocation Failure) 758M->286M(953M) 3.339ms
[2718.978s][info][gc] GC(7206) Pause Young (Allocation Failure) 751M->298M(1022M) 2.164ms
[2733.186s][info][gc] GC(7207) Pause Young (Allocation Failure) 748M->306M(918M) 2.526ms
[2741.665s][info][gc] GC(7208) Pause Young (Allocation Failure) 734M->313M(984M) 2.031ms
[2758.468s][info][gc] GC(7209) Pause Young (Allocation Failure) 733M->319M(888M) 1.297ms
[2763.106s][info][gc] GC(7210) Pause Young (Allocation Failure) 722M->335M(941M) 1.907ms
[2775.119s][info][gc] GC(7211) Pause Young (Allocation Failure) 724M->338M(880M) 2.218ms
[2784.918s][info][gc] GC(7212) Pause Young (Allocation Failure) 713M->333M(907M) 1.707ms
[2793.734s][info][gc] GC(7213) Pause Young (Allocation Failure) 699M->344M(863M) 3.126ms
[2808.679s][info][gc] GC(7214) Pause Young (Allocation Failure) 699M->318M(884M) 1.005ms
[2812.236s][info][gc] GC(7215) Pause Young (Allocation Failure) 658M->334M(832M) 1.836ms
[2821.080s][info][gc] GC(7216) Pause Young (Allocation Failure) 661M->337M(852M) 1.890ms
[2833.478s][info][gc] GC(7217) Pause Young (Allocation Failure) 660M->318M(787M) 1.236ms
[2833.504s][info][gc] GC(7218) Pause Young (Allocation Failure) 631M->349M(857M) 3.907ms
[2836.209s][info][gc] GC(7219) Pause Young (Allocation Failure) 662M->369M(856M) 2.535ms
[2839.237s][info][gc] GC(7220) Pause Young (Allocation Failure) 680M->371M(919M) 5.387ms
[2845.351s][info][gc] GC(7221) Pause Young (Allocation Failure) 737M->382M(924M) 3.705ms
[2851.000s][info][gc] GC(7222) Pause Young (Allocation Failure) 748M->377M(1000M) 6.621ms
[2860.237s][info][gc] GC(7223) Pause Young (Allocation Failure) 818M->338M(916M) 3.963ms
[2863.200s][info][gc] GC(7224) Pause Young (Allocation Failure) 763M->369M(959M) 4.445ms
[2867.451s][info][gc] GC(7225) Pause Young (Allocation Failure) 774M->372M(923M) 3.069ms
[2873.795s][info][gc] GC(7226) Pause Young (Allocation Failure) 769M->385M(927M) 4.196ms
[2885.905s][info][gc] GC(7227) Pause Young (Allocation Failure) 770M->365M(845M) 0.994ms
[2886.080s][info][gc] GC(7228) Pause Young (Allocation Failure) 737M->406M(935M) 5.482ms
[2889.005s][info][gc] GC(7229) Pause Young (Allocation Failure) 782M->426M(866M) 2.955ms
[2892.655s][info][gc] GC(7230) Pause Young (Allocation Failure) 784M->429M(886M) 1.707ms
[2898.683s][info][gc] GC(7231) Pause Young (Allocation Failure) 780M->424M(828M) 1.082ms
[2903.747s][info][gc] GC(7232) Pause Young (Allocation Failure) 759M->434M(860M) 1.133ms
[2911.561s][info][gc] GC(7233) Pause Young (Allocation Failure) 764M->430M(808M) 1.423ms
[2912.393s][info][gc] GC(7234) Pause Young (Allocation Failure) 749M->472M(843M) 3.163ms
[2915.440s][info][gc] GC(7235) Pause Young (Allocation Failure) 778M->468M(788M) 2.032ms
[2918.885s][info][gc] GC(7236) Pause Full (Ergonomics) 764M->78M(660M) 9.933ms
[2923.927s][info][gc] GC(7237) Pause Young (Allocation Failure) 366M->103M(614M) 1.403ms
[2928.475s][info][gc] GC(7238) Pause Young (Allocation Failure) 383M->105M(635M) 0.968ms
[2937.510s][info][gc] GC(7239) Pause Young (Allocation Failure) 381M->87M(578M) 0.746ms
[2937.646s][info][gc] GC(7240) Pause Young (Allocation Failure) 355M->122M(623M) 1.909ms
[2938.794s][info][gc] GC(7241) Pause Young (Allocation Failure) 379M->144M(595M) 4.713ms
[2941.207s][info][gc] GC(7242) Pause Young (Allocation Failure) 395M->147M(603M) 2.136ms
[2943.956s][info][gc] GC(7243) Pause Young (Allocation Failure) 391M->141M(563M) 0.907ms
[2947.842s][info][gc] GC(7244) Pause Young (Allocation Failure) 377M->143M(589M) 0.996ms
[2951.743s][info][gc] GC(7245) Pause Young (Allocation Failure) 369M->152M(557M) 2.206ms
[2954.866s][info][gc] GC(7246) Pause Young (Allocation Failure) 380M->146M(573M) 2.232ms
[2963.386s][info][gc] GC(7247) Pause Young (Allocation Failure) 368M->135M(525M) 0.985ms
[2963.401s][info][gc] GC(7248) Pause Young (Allocation Failure) 351M->149M(578M) 1.795ms
[2963.415s][info][gc] GC(7249) Pause Young (Allocation Failure) 366M->171M(576M) 2.639ms
[2963.616s][info][gc] GC(7250) Pause Young (Allocation Failure) 387M->221M(610M) 4.195ms
[2965.415s][info][gc] GC(7251) Pause Young (Allocation Failure) 472M->224M(617M) 3.290ms
[2966.962s][info][gc] GC(7252) Pause Young (Allocation Failure) 474M->226M(667M) 1.926ms
[2968.907s][info][gc] GC(7253) Pause Young (Allocation Failure) 524M->228M(667M) 1.105ms
[2971.905s][info][gc] GC(7254) Pause Young (Allocation Failure) 526M->230M(727M) 2.424ms
[2976.203s][info][gc] GC(7255) Pause Young (Allocation Failure) 596M->241M(727M) 1.720ms
[2980.579s][info][gc] GC(7256) Pause Young (Allocation Failure) 607M->236M(800M) 2.621ms
[2989.689s][info][gc] GC(7257) Pause Young (Allocation Failure) 675M->218M(742M) 2.217ms
[2990.268s][info][gc] GC(7258) Pause Young (Allocation Failure) 642M->276M(771M) 3.360ms
[2991.925s][info][gc] GC(7259) Pause Young (Allocation Failure) 681M->295M(749M) 3.471ms
[2994.165s][info][gc] GC(7260) Pause Young (Allocation Failure) 689M->299M(740M) 2.150ms
[2997.759s][info][gc] GC(7261) Pause Young (Allocation Failure) 675M->301M(710M) 1.360ms
[3002.009s][info][gc] GC(7262) Pause Young (Allocation Failure) 670M->312M(716M) 1.810ms
[3005.891s][info][gc] GC(7263) Pause Young (Allocation Failure) 670M->314M(693M) 1.738ms
[3012.438s][info][gc] GC(7264) Pause Young (Allocation Failure) 661M->279M(699M) 1.009ms
[3016.370s][info][gc] GC(7265) Pause Young (Allocation Failure) 615M->313M(665M) 2.143ms
[3016.745s][info][gc] GC(7266) Pause Full (Ergonomics) 638M->94M(680M) 7.580ms
[3018.003s][info][gc] GC(7267) Pause Young (Allocation Failure) 409M->141M(663M) 2.306ms
[3019.916s][info][gc] GC(7268) Pause Young (Allocation Failure) 446M->152M(663M) 2.445ms
[3021.824s][info][gc] GC(7269) Pause Young (Allocation Failure) 442M->146M(631M) 1.332ms
[3024.733s][info][gc] GC(7270) Pause Young (Allocation Failure) 429M->149M(639M) 1.036ms
[3027.988s][info][gc] GC(7271) Pause Young (Allocation Failure) 421M->158M(622M) 1.081ms
[3031.058s][info][gc] GC(7272) Pause Young (Allocation Failure) 423M->160M(625M) 1.041ms
[3033.746s][info][gc] GC(7273) Pause Young (Allocation Failure) 419M->155M(599M) 1.258ms
[3042.565s][info][gc] GC(7274) Pause Young (Allocation Failure) 411M->126M(616M) 0.713ms
[3042.748s][info][gc] GC(7275) Pause Young (Allocation Failure) 372M->151M(577M) 1.499ms
[3047.116s][info][gc] GC(7276) Pause Young (Allocation Failure) 389M->154M(600M) 1.401ms
[3054.347s][info][gc] GC(7277) Pause Young (Allocation Failure) 382M->148M(541M) 0.662ms
[3064.860s][info][gc] GC(7278) Pause Young (Allocation Failure) 377M->150M(590M) 0.479ms
[3067.633s][info][gc] GC(7279) Pause Young (Allocation Failure) 373M->154M(531M) 0.742ms
[3067.643s][info][gc] GC(7280) Pause Young (Allocation Failure) 371M->173M(592M) 1.734ms
[3067.654s][info][gc] GC(7281) Pause Young (Allocation Failure) 393M->196M(589M) 2.387ms
[3067.664s][info][gc] GC(7282) Pause Young (Allocation Failure) 416M->219M(624M) 2.415ms
[3068.553s][info][gc] GC(7283) Pause Young (Allocation Failure) 477M->283M(627M) 2.980ms
[3069.980s][info][gc] GC(7284) Pause Young (Allocation Failure) 540M->285M(697M) 4.047ms
[3071.337s][info][gc] GC(7285) Pause Young (Allocation Failure) 597M->288M(700M) 2.088ms
[3072.614s][info][gc] GC(7286) Pause Young (Allocation Failure) 600M->291M(764M) 2.985ms
[3075.942s][info][gc] GC(7287) Pause Young (Allocation Failure) 664M->293M(766M) 1.999ms
[3079.712s][info][gc] GC(7288) Pause Young (Allocation Failure) 667M->296M(842M) 3.751ms
[3083.177s][info][gc] GC(7289) Pause Young (Allocation Failure) 740M->307M(842M) 1.981ms
[3086.345s][info][gc] GC(7290) Pause Young (Allocation Failure) 751M->303M(934M) 4.105ms
[3094.842s][info][gc] GC(7291) Pause Young (Allocation Failure) 844M->300M(935M) 2.807ms
[3094.979s][info][gc] GC(7292) Pause Young (Allocation Failure) 840M->370M(1015M) 8.917ms
[3098.066s][info][gc] GC(7293) Pause Full (Ergonomics) 992M->146M(1097M) 10.368ms
[3101.113s][info][gc] GC(7294) Pause Young (Allocation Failure) 770M->197M(1211M) 3.792ms
[3107.543s][info][gc] GC(7295) Pause Young (Allocation Failure) 945M->203M(1216M) 1.829ms
[3113.720s][info][gc] GC(7296) Pause Young (Allocation Failure) 950M->209M(1353M) 4.079ms
[3124.656s][info][gc] GC(7297) Pause Young (Allocation Failure) 1101M->224M(1290M) 6.664ms
[3136.693s][info][gc] GC(7298) Pause Young (Allocation Failure) 1077M->225M(1247M) 3.567ms
[3147.949s][info][gc] GC(7299) Pause Young (Allocation Failure) 1049M->237M(1188M) 2.308ms
[3148.165s][info][gc] GC(7300) Pause Young (Allocation Failure) 1027M->371M(1213M) 7.319ms
[3151.698s][info][gc] GC(7301) Pause Young (Allocation Failure) 1124M->404M(1167M) 5.920ms
[3155.064s][info][gc] GC(7302) Pause Full (Ergonomics) 1122M->193M(1240M) 14.370ms
[3160.738s][info][gc] GC(7303) Pause Young (Allocation Failure) 886M->261M(1179M) 2.811ms
[3165.221s][info][gc] GC(7304) Pause Young (Allocation Failure) 922M->273M(1184M) 1.957ms
[3176.287s][info][gc] GC(7305) Pause Young (Allocation Failure) 914M->209M(1067M) 0.922ms
[3176.828s][info][gc] GC(7306) Pause Young (Allocation Failure) 826M->280M(1139M) 3.626ms
[3177.224s][info][gc] GC(7307) Pause Young (Allocation Failure) 873M->353M(1116M) 5.738ms
[3179.350s][info][gc] GC(7308) Pause Young (Allocation Failure) 922M->367M(1103M) 3.808ms
[3181.353s][info][gc] GC(7309) Pause Young (Allocation Failure) 916M->372M(1040M) 2.878ms
[3184.250s][info][gc] GC(7310) Pause Young (Allocation Failure) 896M->383M(1057M) 1.930ms
[3187.944s][info][gc] GC(7311) Pause Young (Allocation Failure) 893M->380M(1002M) 1.964ms
[3191.179s][info][gc] GC(7312) Pause Young (Allocation Failure) 864M->383M(1010M) 2.148ms
[3194.799s][info][gc] GC(7313) Pause Young (Allocation Failure) 850M->387M(967M) 1.731ms
[3204.600s][info][gc] GC(7314) Pause Young (Allocation Failure) 844M->329M(991M) 0.811ms
[3205.493s][info][gc] GC(7315) Pause Young (Allocation Failure) 770M->343M(885M) 1.766ms
[3205.510s][info][gc] GC(7316) Pause Young (Allocation Failure) 769M->384M(992M) 4.024ms
[3205.530s][info][gc] GC(7317) Pause Young (Allocation Failure) 815M->430M(988M) 6.978ms
[3206.585s][info][gc] GC(7318) Pause Young (Allocation Failure) 858M->532M(1058M) 10.712ms
[3208.532s][info][gc] GC(7319) Pause Full (Ergonomics) 1034M->221M(1098M) 13.222ms
[3210.131s][info][gc] GC(7320) Pause Young (Allocation Failure) 723M->310M(1193M) 5.086ms
[3212.889s][info][gc] GC(7321) Pause Young (Allocation Failure) 906M->315M(1199M) 2.209ms
[3217.079s][info][gc] GC(7322) Pause Young (Allocation Failure) 909M->319M(1321M) 7.718ms
[3221.314s][info][gc] GC(7323) Pause Young (Allocation Failure) 1035M->325M(1324M) 2.585ms
[3225.721s][info][gc] GC(7324) Pause Young (Allocation Failure) 1041M->330M(1468M) 6.559ms
[3236.120s][info][gc] GC(7325) Pause Young (Allocation Failure) 1186M->299M(1469M) 2.866ms
[3238.301s][info][gc] GC(7326) Pause Young (Allocation Failure) 1156M->369M(1633M) 8.781ms
[3243.956s][info][gc] GC(7327) Pause Young (Allocation Failure) 1395M->380M(1635M) 3.628ms
[3252.858s][info][gc] GC(7328) Pause Young (Allocation Failure) 1406M->395M(1520M) 5.583ms
[3263.384s][info][gc] GC(7329) Pause Young (Allocation Failure) 1381M->362M(1439M) 2.999ms
[3263.427s][info][gc] GC(7330) Pause Young (Allocation Failure) 1308M->470M(1698M) 14.047ms
[3266.750s][info][gc] GC(7331) Pause Young (Allocation Failure) 1562M->584M(1708M) 25.695ms
[3270.577s][info][gc] GC(7332) Pause Full (Ergonomics) 1680M->250M(1903M) 18.069ms
[3277.893s][info][gc] GC(7333) Pause Young (Allocation Failure) 1475M->352M(1854M) 2.456ms
[3284.643s][info][gc] GC(7334) Pause Young (Allocation Failure) 1581M->361M(1897M) 7.473ms
[3296.713s][info][gc] GC(7335) Pause Young (Allocation Failure) 1585M->348M(1823M) 4.369ms
[3305.438s][info][gc] GC(7336) Pause Young (Allocation Failure) 1572M->375M(1896M) 8.652ms
