[0.003s][info][gc] Using G1
[0.069s][info][gc] GC(0) Pause Young (Normal) (G1 Evacuation Pause) 25M->3M(292M) 0.757ms
[0.087s][info][gc] GC(1) Pause Young (Normal) (G1 Evacuation Pause) 39M->5M(292M) 0.798ms
[0.164s][info][gc] GC(2) Pause Young (Normal) (G1 Evacuation Pause) 169M->17M(292M) 1.820ms
[0.462s][info][gc] GC(3) Pause Young (Normal) (G1 Evacuation Pause) 169M->29M(292M) 2.726ms
[0.551s][info][gc] GC(4) Pause Young (Normal) (G1 Evacuation Pause) 177M->30M(292M) 2.968ms
[0.632s][info][gc] GC(5) Pause Young (Normal) (G1 Evacuation Pause) 186M->30M(292M) 1.620ms
[0.709s][info][gc] GC(6) Pause Young (Normal) (G1 Evacuation Pause) 186M->32M(368M) 2.019ms
[0.817s][info][gc] GC(7) Pause Young (Normal) (G1 Evacuation Pause) 244M->34M(368M) 1.541ms
[0.916s][info][gc] GC(8) Pause Young (Normal) (G1 Evacuation Pause) 242M->34M(368M) 1.229ms
[1.026s][info][gc] GC(9) Pause Young (Normal) (G1 Evacuation Pause) 242M->37M(368M) 1.430ms
[1.126s][info][gc] GC(10) Pause Young (Normal) (G1 Evacuation Pause) 245M->39M(368M) 1.398ms
[1.224s][info][gc] GC(11) Pause Young (Normal) (G1 Evacuation Pause) 243M->41M(444M) 1.633ms
[1.350s][info][gc] GC(12) Pause Young (Normal) (G1 Evacuation Pause) 285M->43M(444M) 1.762ms
[1.468s][info][gc] GC(13) Pause Young (Normal) (G1 Evacuation Pause) 287M->45M(444M) 1.738ms
[1.595s][info][gc] GC(14) Pause Young (Normal) (G1 Evacuation Pause) 289M->47M(444M) 1.686ms
[1.708s][info][gc] GC(15) Pause Young (Normal) (G1 Evacuation Pause) 287M->49M(444M) 1.964ms
[1.831s][info][gc] GC(16) Pause Young (Normal) (G1 Evacuation Pause) 289M->50M(444M) 1.815ms
[1.946s][info][gc] GC(17) Pause Young (Normal) (G1 Evacuation Pause) 294M->52M(444M) 1.766ms
[2.068s][info][gc] GC(18) Pause Young (Normal) (G1 Evacuation Pause) 296M->55M(444M) 1.851ms
[2.186s][info][gc] GC(19) Pause Young (Normal) (G1 Evacuation Pause) 295M->57M(444M) 1.938ms
[2.307s][info][gc] GC(20) Pause Young (Normal) (G1 Evacuation Pause) 297M->60M(536M) 1.885ms
[2.466s][info][gc] GC(21) Pause Young (Normal) (G1 Evacuation Pause) 356M->61M(536M) 2.168ms
[2.612s][info][gc] GC(22) Pause Young (Normal) (G1 Evacuation Pause) 357M->64M(536M) 2.033ms
[2.756s][info][gc] GC(23) Pause Young (Normal) (G1 Evacuation Pause) 356M->67M(536M) 2.200ms
[2.911s][info][gc] GC(24) Pause Young (Normal) (G1 Evacuation Pause) 363M->68M(536M) 1.907ms
[3.058s][info][gc] GC(25) Pause Young (Normal) (G1 Evacuation Pause) 364M->71M(536M) 2.844ms
[3.210s][info][gc] GC(26) Pause Young (Normal) (G1 Evacuation Pause) 367M->74M(536M) 2.164ms
[3.352s][info][gc] GC(27) Pause Young (Normal) (G1 Evacuation Pause) 370M->76M(536M) 2.169ms
[3.508s][info][gc] GC(28) Pause Young (Normal) (G1 Evacuation Pause) 372M->79M(536M) 2.359ms
[3.657s][info][gc] GC(29) Pause Young (Normal) (G1 Evacuation Pause) 371M->80M(536M) 2.390ms
[3.802s][info][gc] GC(30) Pause Young (Normal) (G1 Evacuation Pause) 376M->85M(536M) 2.025ms
[3.948s][info][gc] GC(31) Pause Young (Normal) (G1 Evacuation Pause) 381M->87M(536M) 1.973ms
[4.092s][info][gc] GC(32) Pause Young (Normal) (G1 Evacuation Pause) 383M->89M(536M) 2.115ms
[4.234s][info][gc] GC(33) Pause Young (Normal) (G1 Evacuation Pause) 385M->91M(536M) 2.126ms
[4.376s][info][gc] GC(34) Pause Young (Normal) (G1 Evacuation Pause) 387M->94M(536M) 2.109ms
[4.754s][info][gc] GC(35) Pause Young (Normal) (G1 Evacuation Pause) 390M->96M(536M) 2.046ms
[5.041s][info][gc] GC(36) Pause Young (Normal) (G1 Evacuation Pause) 392M->100M(536M) 2.477ms
[5.323s][info][gc] GC(37) Pause Young (Normal) (G1 Evacuation Pause) 396M->102M(536M) 2.177ms
[5.606s][info][gc] GC(38) Pause Young (Normal) (G1 Evacuation Pause) 398M->104M(536M) 2.313ms
[5.893s][info][gc] GC(39) Pause Young (Normal) (G1 Evacuation Pause) 400M->108M(536M) 1.974ms
[6.185s][info][gc] GC(40) Pause Young (Normal) (G1 Evacuation Pause) 404M->111M(536M) 2.202ms
[6.460s][info][gc] GC(41) Pause Young (Normal) (G1 Evacuation Pause) 407M->112M(536M) 2.062ms
[6.741s][info][gc] GC(42) Pause Young (Normal) (G1 Evacuation Pause) 408M->115M(536M) 2.261ms
[7.029s][info][gc] GC(43) Pause Young (Normal) (G1 Evacuation Pause) 411M->118M(536M) 2.043ms
[7.306s][info][gc] GC(44) Pause Young (Normal) (G1 Evacuation Pause) 414M->122M(536M) 1.923ms
[7.585s][info][gc] GC(45) Pause Young (Normal) (G1 Evacuation Pause) 414M->124M(536M) 2.106ms
[7.865s][info][gc] GC(46) Pause Young (Normal) (G1 Evacuation Pause) 416M->125M(536M) 1.961ms
[8.145s][info][gc] GC(47) Pause Young (Normal) (G1 Evacuation Pause) 421M->127M(536M) 1.975ms
[8.426s][info][gc] GC(48) Pause Young (Normal) (G1 Evacuation Pause) 423M->129M(536M) 1.908ms
[9.019s][info][gc] GC(49) Pause Young (Normal) (G1 Evacuation Pause) 425M->134M(536M) 2.134ms
[9.553s][info][gc] GC(50) Pause Young (Normal) (G1 Evacuation Pause) 426M->137M(536M) 2.323ms
[10.108s][info][gc] GC(51) Pause Young (Normal) (G1 Evacuation Pause) 433M->138M(536M) 1.885ms
[10.658s][info][gc] GC(52) Pause Young (Normal) (G1 Evacuation Pause) 434M->142M(536M) 1.943ms
[11.201s][info][gc] GC(53) Pause Young (Normal) (G1 Evacuation Pause) 438M->144M(536M) 2.097ms
[11.768s][info][gc] GC(54) Pause Young (Normal) (G1 Evacuation Pause) 440M->147M(536M) 2.462ms
[12.334s][info][gc] GC(55) Pause Young (Normal) (G1 Evacuation Pause) 443M->149M(536M) 2.136ms
[12.877s][info][gc] GC(56) Pause Young (Normal) (G1 Evacuation Pause) 445M->151M(536M) 2.120ms
[13.420s][info][gc] GC(57) Pause Young (Normal) (G1 Evacuation Pause) 447M->154M(536M) 2.193ms
[13.973s][info][gc] GC(58) Pause Young (Normal) (G1 Evacuation Pause) 450M->157M(536M) 1.734ms
[14.523s][info][gc] GC(59) Pause Young (Normal) (G1 Evacuation Pause) 453M->160M(536M) 1.910ms
[15.081s][info][gc] GC(60) Pause Young (Normal) (G1 Evacuation Pause) 452M->162M(536M) 2.041ms
[15.620s][info][gc] GC(61) Pause Young (Normal) (G1 Evacuation Pause) 454M->165M(536M) 1.927ms
[16.157s][info][gc] GC(62) Pause Young (Normal) (G1 Evacuation Pause) 457M->166M(536M) 1.778ms
[16.843s][info][gc] GC(63) Pause Young (Normal) (G1 Evacuation Pause) 462M->170M(536M) 2.122ms
[17.392s][info][gc] GC(64) Pause Young (Normal) (G1 Evacuation Pause) 466M->173M(536M) 2.265ms
[17.940s][info][gc] GC(65) Pause Young (Normal) (G1 Evacuation Pause) 465M->175M(536M) 2.049ms
[18.486s][info][gc] GC(66) Pause Young (Normal) (G1 Evacuation Pause) 471M->178M(536M) 1.977ms
[19.020s][info][gc] GC(67) Pause Young (Normal) (G1 Evacuation Pause) 466M->180M(536M) 1.996ms
[19.562s][info][gc] GC(68) Pause Young (Normal) (G1 Evacuation Pause) 476M->182M(536M) 2.182ms
[20.111s][info][gc] GC(69) Pause Young (Normal) (G1 Evacuation Pause) 474M->187M(536M) 2.205ms
[20.628s][info][gc] GC(70) Pause Young (Normal) (G1 Evacuation Pause) 467M->187M(536M) 2.154ms
[21.167s][info][gc] GC(71) Pause Young (Normal) (G1 Evacuation Pause) 475M->189M(536M) 2.331ms
[21.681s][info][gc] GC(72) Pause Young (Normal) (G1 Evacuation Pause) 473M->192M(536M) 2.259ms
[22.192s][info][gc] GC(73) Pause Young (Normal) (G1 Evacuation Pause) 472M->195M(536M) 2.372ms
[22.702s][info][gc] GC(74) Pause Young (Normal) (G1 Evacuation Pause) 475M->197M(536M) 1.784ms
[23.209s][info][gc] GC(75) Pause Young (Normal) (G1 Evacuation Pause) 473M->201M(536M) 2.022ms
[23.713s][info][gc] GC(76) Pause Young (Normal) (G1 Evacuation Pause) 473M->203M(536M) 1.924ms
[24.344s][info][gc] GC(77) Pause Young (Normal) (G1 Evacuation Pause) 475M->205M(536M) 2.084ms
[24.847s][info][gc] GC(78) Pause Young (Normal) (G1 Evacuation Pause) 473M->208M(536M) 1.986ms
[25.344s][info][gc] GC(79) Pause Young (Normal) (G1 Evacuation Pause) 476M->210M(536M) 2.055ms
[25.836s][info][gc] GC(80) Pause Young (Normal) (G1 Evacuation Pause) 474M->212M(536M) 1.911ms
[26.340s][info][gc] GC(81) Pause Young (Normal) (G1 Evacuation Pause) 480M->214M(536M) 1.797ms
[26.837s][info][gc] GC(82) Pause Young (Normal) (G1 Evacuation Pause) 478M->217M(536M) 1.778ms
[27.322s][info][gc] GC(83) Pause Young (Normal) (G1 Evacuation Pause) 477M->220M(536M) 2.009ms
[27.804s][info][gc] GC(84) Pause Young (Normal) (G1 Evacuation Pause) 472M->223M(536M) 1.804ms
[28.264s][info][gc] GC(85) Pause Young (Normal) (G1 Evacuation Pause) 471M->224M(536M) 2.131ms
[28.723s][info][gc] GC(86) Pause Young (Normal) (G1 Evacuation Pause) 472M->226M(536M) 1.946ms
[29.186s][info][gc] GC(87) Pause Young (Normal) (G1 Evacuation Pause) 474M->228M(536M) 1.699ms
[29.636s][info][gc] GC(88) Pause Young (Normal) (G1 Evacuation Pause) 472M->230M(536M) 1.637ms
[30.091s][info][gc] GC(89) Pause Young (Normal) (G1 Evacuation Pause) 470M->232M(536M) 1.804ms
[30.548s][info][gc] GC(90) Pause Young (Normal) (G1 Evacuation Pause) 472M->234M(536M) 1.790ms
[30.981s][info][gc] GC(91) Pause Young (Normal) (G1 Evacuation Pause) 470M->235M(536M) 1.697ms
[31.445s][info][gc] GC(92) Pause Young (Normal) (G1 Evacuation Pause) 479M->237M(536M) 1.647ms
[31.723s][info][gc] GC(93) Pause Young (Normal) (G1 Evacuation Pause) 473M->244M(536M) 2.092ms
[31.832s][info][gc] GC(94) Pause Young (Normal) (G1 Evacuation Pause) 468M->247M(536M) 2.219ms
[31.939s][info][gc] GC(95) Pause Young (Normal) (G1 Evacuation Pause) 471M->246M(536M) 1.660ms
[32.059s][info][gc] GC(96) Pause Young (Normal) (G1 Evacuation Pause) 478M->250M(536M) 1.996ms
[32.168s][info][gc] GC(97) Pause Young (Normal) (G1 Evacuation Pause) 478M->252M(536M) 1.864ms
[32.281s][info][gc] GC(98) Pause Young (Normal) (G1 Evacuation Pause) 476M->253M(536M) 2.032ms
[32.388s][info][gc] GC(99) Pause Young (Normal) (G1 Evacuation Pause) 477M->255M(536M) 1.749ms
[32.494s][info][gc] GC(100) Pause Young (Concurrent Start) (G1 Evacuation Pause) 475M->257M(536M) 1.902ms
[32.494s][info][gc] GC(101) Concurrent Mark Cycle
[32.503s][info][gc] GC(101) Pause Remark 268M->100M(320M) 1.149ms
[32.505s][info][gc] GC(101) Pause Cleanup 103M->103M(320M) 0.068ms
[32.505s][info][gc] GC(101) Concurrent Mark Cycle 10.736ms
[32.613s][info][gc] GC(102) Pause Young (Prepare Mixed) (G1 Evacuation Pause) 313M->91M(340M) 2.315ms
[32.702s][info][gc] GC(103) Pause Young (Mixed) (G1 Evacuation Pause) 275M->57M(340M) 1.625ms
[32.793s][info][gc] GC(104) Pause Young (Mixed) (G1 Evacuation Pause) 245M->55M(408M) 1.622ms
[32.910s][info][gc] GC(105) Pause Young (Normal) (G1 Evacuation Pause) 283M->57M(408M) 1.663ms
[33.016s][info][gc] GC(106) Pause Young (Normal) (G1 Evacuation Pause) 281M->59M(408M) 1.619ms
[33.123s][info][gc] GC(107) Pause Young (Normal) (G1 Evacuation Pause) 283M->60M(408M) 1.612ms
[33.233s][info][gc] GC(108) Pause Young (Normal) (G1 Evacuation Pause) 284M->62M(492M) 1.723ms
[33.366s][info][gc] GC(109) Pause Young (Normal) (G1 Evacuation Pause) 334M->64M(492M) 2.211ms
[33.501s][info][gc] GC(110) Pause Young (Normal) (G1 Evacuation Pause) 332M->68M(492M) 2.021ms
[33.631s][info][gc] GC(111) Pause Young (Normal) (G1 Evacuation Pause) 332M->69M(492M) 2.113ms
[33.760s][info][gc] GC(112) Pause Young (Normal) (G1 Evacuation Pause) 337M->73M(492M) 1.965ms
[33.892s][info][gc] GC(113) Pause Young (Normal) (G1 Evacuation Pause) 341M->74M(492M) 1.992ms
[34.025s][info][gc] GC(114) Pause Young (Normal) (G1 Evacuation Pause) 342M->77M(492M) 2.025ms
[34.153s][info][gc] GC(115) Pause Young (Normal) (G1 Evacuation Pause) 341M->80M(492M) 1.905ms
[34.279s][info][gc] GC(116) Pause Young (Normal) (G1 Evacuation Pause) 344M->81M(492M) 2.131ms
[34.416s][info][gc] GC(117) Pause Young (Normal) (G1 Evacuation Pause) 349M->82M(492M) 2.105ms
[34.553s][info][gc] GC(118) Pause Young (Normal) (G1 Evacuation Pause) 350M->85M(492M) 1.852ms
[34.681s][info][gc] GC(119) Pause Young (Normal) (G1 Evacuation Pause) 353M->87M(492M) 2.068ms
[34.819s][info][gc] GC(120) Pause Young (Normal) (G1 Evacuation Pause) 355M->91M(492M) 1.839ms
[34.951s][info][gc] GC(121) Pause Young (Normal) (G1 Evacuation Pause) 359M->92M(492M) 2.180ms
[35.086s][info][gc] GC(122) Pause Young (Normal) (G1 Evacuation Pause) 360M->95M(492M) 1.923ms
[35.218s][info][gc] GC(123) Pause Young (Normal) (G1 Evacuation Pause) 363M->97M(492M) 2.041ms
[35.346s][info][gc] GC(124) Pause Young (Normal) (G1 Evacuation Pause) 365M->99M(492M) 2.021ms
[35.480s][info][gc] GC(125) Pause Young (Normal) (G1 Evacuation Pause) 367M->103M(492M) 2.107ms
[35.706s][info][gc] GC(126) Pause Young (Normal) (G1 Evacuation Pause) 367M->102M(492M) 1.633ms
[36.012s][info][gc] GC(127) Pause Young (Normal) (G1 Evacuation Pause) 370M->105M(492M) 2.029ms
[36.264s][info][gc] GC(128) Pause Young (Normal) (G1 Evacuation Pause) 369M->108M(492M) 2.180ms
[36.520s][info][gc] GC(129) Pause Young (Normal) (G1 Evacuation Pause) 376M->111M(492M) 2.014ms
[36.765s][info][gc] GC(130) Pause Young (Normal) (G1 Evacuation Pause) 379M->112M(492M) 2.074ms
[37.026s][info][gc] GC(131) Pause Young (Normal) (G1 Evacuation Pause) 380M->116M(492M) 2.095ms
[37.275s][info][gc] GC(132) Pause Young (Normal) (G1 Evacuation Pause) 384M->118M(492M) 2.070ms
[37.523s][info][gc] GC(133) Pause Young (Normal) (G1 Evacuation Pause) 386M->119M(492M) 1.850ms
[37.787s][info][gc] GC(134) Pause Young (Normal) (G1 Evacuation Pause) 387M->122M(492M) 2.231ms
[38.042s][info][gc] GC(135) Pause Young (Normal) (G1 Evacuation Pause) 390M->124M(492M) 2.206ms
[38.287s][info][gc] GC(136) Pause Young (Normal) (G1 Evacuation Pause) 392M->126M(492M) 1.878ms
[38.542s][info][gc] GC(137) Pause Young (Normal) (G1 Evacuation Pause) 394M->129M(492M) 2.392ms
[38.795s][info][gc] GC(138) Pause Young (Normal) (G1 Evacuation Pause) 393M->131M(492M) 2.256ms
[39.046s][info][gc] GC(139) Pause Young (Normal) (G1 Evacuation Pause) 399M->133M(492M) 2.084ms
[39.298s][info][gc] GC(140) Pause Young (Normal) (G1 Evacuation Pause) 397M->136M(492M) 1.998ms
[39.544s][info][gc] GC(141) Pause Young (Normal) (G1 Evacuation Pause) 400M->137M(492M) 2.009ms
[39.992s][info][gc] GC(142) Pause Young (Normal) (G1 Evacuation Pause) 405M->142M(492M) 2.237ms
[40.234s][info][gc] GC(143) Pause Young (Normal) (G1 Evacuation Pause) 406M->144M(492M) 2.123ms
[40.487s][info][gc] GC(144) Pause Young (Normal) (G1 Evacuation Pause) 412M->145M(492M) 1.921ms
[40.738s][info][gc] GC(145) Pause Young (Normal) (G1 Evacuation Pause) 413M->148M(492M) 1.935ms
[40.986s][info][gc] GC(146) Pause Young (Normal) (G1 Evacuation Pause) 416M->151M(492M) 1.902ms
[41.246s][info][gc] GC(147) Pause Young (Normal) (G1 Evacuation Pause) 419M->153M(492M) 2.282ms
[41.497s][info][gc] GC(148) Pause Young (Normal) (G1 Evacuation Pause) 421M->157M(492M) 2.037ms
[41.742s][info][gc] GC(149) Pause Young (Normal) (G1 Evacuation Pause) 421M->158M(492M) 2.049ms
[41.997s][info][gc] GC(150) Pause Young (Normal) (G1 Evacuation Pause) 426M->160M(492M) 2.280ms
[42.247s][info][gc] GC(151) Pause Young (Normal) (G1 Evacuation Pause) 428M->164M(492M) 2.193ms
[42.518s][info][gc] GC(152) Pause Young (Normal) (G1 Evacuation Pause) 432M->164M(492M) 1.791ms
[42.773s][info][gc] GC(153) Pause Young (Normal) (G1 Evacuation Pause) 428M->167M(492M) 1.807ms
[43.024s][info][gc] GC(154) Pause Young (Normal) (G1 Evacuation Pause) 431M->170M(492M) 1.899ms
[43.265s][info][gc] GC(155) Pause Young (Normal) (G1 Evacuation Pause) 430M->173M(492M) 1.923ms
[43.506s][info][gc] GC(156) Pause Young (Normal) (G1 Evacuation Pause) 429M->173M(492M) 1.787ms
[43.910s][info][gc] GC(157) Pause Young (Normal) (G1 Evacuation Pause) 429M->176M(492M) 1.937ms
[44.146s][info][gc] GC(158) Pause Young (Normal) (G1 Evacuation Pause) 428M->179M(492M) 1.885ms
[44.393s][info][gc] GC(159) Pause Young (Normal) (G1 Evacuation Pause) 435M->181M(492M) 1.850ms
[44.627s][info][gc] GC(160) Pause Young (Normal) (G1 Evacuation Pause) 429M->183M(492M) 1.806ms
[44.862s][info][gc] GC(161) Pause Young (Normal) (G1 Evacuation Pause) 431M->186M(492M) 2.045ms
[45.094s][info][gc] GC(162) Pause Young (Normal) (G1 Evacuation Pause) 430M->187M(492M) 1.992ms
[45.314s][info][gc] GC(163) Pause Young (Normal) (G1 Evacuation Pause) 427M->190M(492M) 1.881ms
[45.543s][info][gc] GC(164) Pause Young (Normal) (G1 Evacuation Pause) 430M->192M(492M) 1.938ms
[45.765s][info][gc] GC(165) Pause Young (Normal) (G1 Evacuation Pause) 428M->194M(492M) 2.023ms
[45.987s][info][gc] GC(166) Pause Young (Normal) (G1 Evacuation Pause) 430M->195M(492M) 1.793ms
[46.213s][info][gc] GC(167) Pause Young (Normal) (G1 Evacuation Pause) 435M->198M(492M) 1.763ms
[46.420s][info][gc] GC(168) Pause Young (Normal) (G1 Evacuation Pause) 426M->200M(492M) 1.604ms
[46.637s][info][gc] GC(169) Pause Young (Normal) (G1 Evacuation Pause) 432M->202M(492M) 1.498ms
[46.851s][info][gc] GC(170) Pause Young (Normal) (G1 Evacuation Pause) 434M->203M(492M) 1.643ms
[47.071s][info][gc] GC(171) Pause Young (Normal) (G1 Evacuation Pause) 435M->206M(492M) 1.644ms
[47.279s][info][gc] GC(172) Pause Young (Normal) (G1 Evacuation Pause) 434M->207M(492M) 1.762ms
[47.489s][info][gc] GC(173) Pause Young (Normal) (G1 Evacuation Pause) 431M->209M(492M) 1.473ms
[47.871s][info][gc] GC(174) Pause Young (Normal) (G1 Evacuation Pause) 433M->212M(492M) 1.647ms
[48.079s][info][gc] GC(175) Pause Young (Normal) (G1 Evacuation Pause) 436M->214M(492M) 1.806ms
[48.289s][info][gc] GC(176) Pause Young (Normal) (G1 Evacuation Pause) 434M->216M(492M) 1.751ms
[48.503s][info][gc] GC(177) Pause Young (Normal) (G1 Evacuation Pause) 436M->218M(492M) 1.995ms
[48.709s][info][gc] GC(178) Pause Young (Normal) (G1 Evacuation Pause) 434M->220M(492M) 1.757ms
[48.903s][info][gc] GC(179) Pause Young (Normal) (G1 Evacuation Pause) 428M->220M(492M) 1.638ms
[49.105s][info][gc] GC(180) Pause Young (Normal) (G1 Evacuation Pause) 432M->223M(492M) 1.539ms
[49.307s][info][gc] GC(181) Pause Young (Normal) (G1 Evacuation Pause) 435M->225M(492M) 1.763ms
[49.503s][info][gc] GC(182) Pause Young (Normal) (G1 Evacuation Pause) 433M->226M(492M) 1.735ms
[49.703s][info][gc] GC(183) Pause Young (Normal) (G1 Evacuation Pause) 434M->228M(492M) 1.730ms
[49.890s][info][gc] GC(184) Pause Young (Normal) (G1 Evacuation Pause) 432M->230M(492M) 1.813ms
[50.092s][info][gc] GC(185) Pause Young (Concurrent Start) (G1 Evacuation Pause) 438M->232M(492M) 1.539ms
[50.092s][info][gc] GC(186) Concurrent Mark Cycle
[50.097s][info][gc] GC(186) Pause Remark 238M->89M(308M) 0.833ms
[50.100s][info][gc] GC(186) Pause Cleanup 93M->93M(308M) 0.060ms
[50.100s][info][gc] GC(186) Concurrent Mark Cycle 8.159ms
[50.283s][info][gc] GC(187) Pause Young (Prepare Mixed) (G1 Evacuation Pause) 283M->85M(312M) 1.764ms
[50.439s][info][gc] GC(188) Pause Young (Mixed) (G1 Evacuation Pause) 253M->61M(312M) 1.613ms
[50.596s][info][gc] GC(189) Pause Young (Normal) (G1 Evacuation Pause) 229M->62M(312M) 1.387ms
[50.752s][info][gc] GC(190) Pause Young (Normal) (G1 Evacuation Pause) 230M->64M(312M) 1.385ms
[50.915s][info][gc] GC(191) Pause Young (Normal) (G1 Evacuation Pause) 232M->65M(312M) 1.484ms
[51.072s][info][gc] GC(192) Pause Young (Normal) (G1 Evacuation Pause) 233M->66M(312M) 1.376ms
[51.232s][info][gc] GC(193) Pause Young (Normal) (G1 Evacuation Pause) 234M->68M(312M) 1.446ms
[51.389s][info][gc] GC(194) Pause Young (Normal) (G1 Evacuation Pause) 236M->69M(312M) 1.524ms
[51.547s][info][gc] GC(195) Pause Young (Normal) (G1 Evacuation Pause) 237M->70M(312M) 1.434ms
[51.828s][info][gc] GC(196) Pause Young (Normal) (G1 Evacuation Pause) 238M->78M(312M) 2.635ms
[51.897s][info][gc] GC(197) Pause Young (Normal) (G1 Evacuation Pause) 242M->79M(312M) 2.119ms
[51.956s][info][gc] GC(198) Pause Young (Normal) (G1 Evacuation Pause) 247M->80M(312M) 1.494ms
[52.021s][info][gc] GC(199) Pause Young (Normal) (G1 Evacuation Pause) 248M->81M(312M) 1.493ms
[52.086s][info][gc] GC(200) Pause Young (Normal) (G1 Evacuation Pause) 249M->83M(312M) 1.612ms
[52.141s][info][gc] GC(201) Pause Young (Normal) (G1 Evacuation Pause) 251M->83M(376M) 1.726ms
[52.222s][info][gc] GC(202) Pause Young (Normal) (G1 Evacuation Pause) 295M->85M(376M) 1.361ms
[52.301s][info][gc] GC(203) Pause Young (Normal) (G1 Evacuation Pause) 293M->87M(376M) 1.454ms
[52.378s][info][gc] GC(204) Pause Young (Normal) (G1 Evacuation Pause) 295M->89M(376M) 1.660ms
[52.456s][info][gc] GC(205) Pause Young (Normal) (G1 Evacuation Pause) 297M->91M(452M) 1.634ms
[52.550s][info][gc] GC(206) Pause Young (Normal) (G1 Evacuation Pause) 339M->93M(452M) 1.897ms
[52.639s][info][gc] GC(207) Pause Young (Normal) (G1 Evacuation Pause) 341M->95M(452M) 1.691ms
[52.737s][info][gc] GC(208) Pause Young (Normal) (G1 Evacuation Pause) 339M->97M(452M) 1.751ms
[52.831s][info][gc] GC(209) Pause Young (Normal) (G1 Evacuation Pause) 341M->99M(544M) 2.012ms
[52.941s][info][gc] GC(210) Pause Young (Normal) (G1 Evacuation Pause) 399M->101M(544M) 2.133ms
[53.054s][info][gc] GC(211) Pause Young (Normal) (G1 Evacuation Pause) 401M->104M(544M) 2.042ms
[53.161s][info][gc] GC(212) Pause Young (Normal) (G1 Evacuation Pause) 400M->106M(544M) 2.229ms
[53.273s][info][gc] GC(213) Pause Young (Normal) (G1 Evacuation Pause) 402M->110M(544M) 2.178ms
[53.384s][info][gc] GC(214) Pause Young (Normal) (G1 Evacuation Pause) 406M->113M(656M) 2.545ms
[53.524s][info][gc] GC(215) Pause Young (Normal) (G1 Evacuation Pause) 477M->115M(656M) 2.663ms
[53.655s][info][gc] GC(216) Pause Young (Normal) (G1 Evacuation Pause) 475M->119M(656M) 2.331ms
[53.791s][info][gc] GC(217) Pause Young (Normal) (G1 Evacuation Pause) 479M->120M(656M) 3.007ms
[53.926s][info][gc] GC(218) Pause Young (Normal) (G1 Evacuation Pause) 480M->126M(656M) 2.559ms
[54.059s][info][gc] GC(219) Pause Young (Normal) (G1 Evacuation Pause) 482M->125M(656M) 2.528ms
[54.192s][info][gc] GC(220) Pause Young (Normal) (G1 Evacuation Pause) 489M->129M(656M) 2.475ms
[54.327s][info][gc] GC(221) Pause Young (Normal) (G1 Evacuation Pause) 489M->132M(656M) 2.620ms
[54.468s][info][gc] GC(222) Pause Young (Normal) (G1 Evacuation Pause) 492M->137M(656M) 2.446ms
[54.606s][info][gc] GC(223) Pause Young (Normal) (G1 Evacuation Pause) 497M->139M(656M) 2.670ms
[54.745s][info][gc] GC(224) Pause Young (Normal) (G1 Evacuation Pause) 499M->143M(656M) 2.582ms
[54.880s][info][gc] GC(225) Pause Young (Normal) (G1 Evacuation Pause) 503M->146M(656M) 2.747ms
[55.023s][info][gc] GC(226) Pause Young (Normal) (G1 Evacuation Pause) 506M->150M(656M) 2.759ms
[55.154s][info][gc] GC(227) Pause Young (Normal) (G1 Evacuation Pause) 506M->151M(656M) 2.351ms
[55.291s][info][gc] GC(228) Pause Young (Normal) (G1 Evacuation Pause) 515M->156M(656M) 2.481ms
[55.422s][info][gc] GC(229) Pause Young (Normal) (G1 Evacuation Pause) 512M->158M(656M) 2.451ms
[55.561s][info][gc] GC(230) Pause Young (Normal) (G1 Evacuation Pause) 518M->161M(656M) 2.641ms
[55.693s][info][gc] GC(231) Pause Young (Normal) (G1 Evacuation Pause) 521M->163M(656M) 2.523ms
[55.831s][info][gc] GC(232) Pause Young (Normal) (G1 Evacuation Pause) 523M->168M(656M) 2.641ms
[55.966s][info][gc] GC(233) Pause Young (Normal) (G1 Evacuation Pause) 528M->171M(656M) 2.590ms
[56.098s][info][gc] GC(234) Pause Young (Normal) (G1 Evacuation Pause) 531M->174M(656M) 2.619ms
[56.228s][info][gc] GC(235) Pause Young (Normal) (G1 Evacuation Pause) 534M->177M(656M) 2.504ms
[56.436s][info][gc] GC(236) Pause Young (Normal) (G1 Evacuation Pause) 537M->176M(656M) 2.143ms
[56.807s][info][gc] GC(237) Pause Young (Normal) (G1 Evacuation Pause) 540M->182M(656M) 2.695ms
[57.034s][info][gc] GC(238) Pause Young (Normal) (G1 Evacuation Pause) 538M->186M(656M) 3.327ms
[57.262s][info][gc] GC(239) Pause Young (Normal) (G1 Evacuation Pause) 546M->189M(656M) 2.578ms
[57.490s][info][gc] GC(240) Pause Young (Normal) (G1 Evacuation Pause) 549M->192M(656M) 2.590ms
[57.717s][info][gc] GC(241) Pause Young (Normal) (G1 Evacuation Pause) 552M->196M(656M) 2.400ms
[57.946s][info][gc] GC(242) Pause Young (Normal) (G1 Evacuation Pause) 556M->198M(656M) 2.570ms
[58.172s][info][gc] GC(243) Pause Young (Normal) (G1 Evacuation Pause) 558M->201M(656M) 2.587ms
[58.403s][info][gc] GC(244) Pause Young (Normal) (G1 Evacuation Pause) 561M->205M(656M) 2.610ms
[58.632s][info][gc] GC(245) Pause Young (Normal) (G1 Evacuation Pause) 565M->207M(656M) 2.552ms
[58.867s][info][gc] GC(246) Pause Young (Normal) (G1 Evacuation Pause) 567M->211M(656M) 2.677ms
[59.100s][info][gc] GC(247) Pause Young (Normal) (G1 Evacuation Pause) 571M->214M(656M) 2.332ms
[59.560s][info][gc] GC(248) Pause Young (Normal) (G1 Evacuation Pause) 574M->220M(656M) 2.640ms
[59.789s][info][gc] GC(249) Pause Young (Normal) (G1 Evacuation Pause) 580M->224M(656M) 2.578ms
[60.017s][info][gc] GC(250) Pause Young (Normal) (G1 Evacuation Pause) 572M->225M(656M) 2.399ms
[60.243s][info][gc] GC(251) Pause Young (Normal) (G1 Evacuation Pause) 585M->228M(656M) 2.529ms
[60.461s][info][gc] GC(252) Pause Young (Normal) (G1 Evacuation Pause) 580M->230M(656M) 2.617ms
[60.688s][info][gc] GC(253) Pause Young (Normal) (G1 Evacuation Pause) 582M->234M(656M) 2.471ms
[60.907s][info][gc] GC(254) Pause Young (Normal) (G1 Evacuation Pause) 582M->236M(656M) 2.244ms
[61.130s][info][gc] GC(255) Pause Young (Normal) (G1 Evacuation Pause) 584M->240M(656M) 2.480ms
[61.343s][info][gc] GC(256) Pause Young (Normal) (G1 Evacuation Pause) 584M->242M(656M) 2.280ms
[61.557s][info][gc] GC(257) Pause Young (Normal) (G1 Evacuation Pause) 582M->247M(656M) 2.220ms
[61.765s][info][gc] GC(258) Pause Young (Normal) (G1 Evacuation Pause) 579M->248M(656M) 2.412ms
[61.975s][info][gc] GC(259) Pause Young (Normal) (G1 Evacuation Pause) 576M->251M(656M) 2.214ms
[62.387s][info][gc] GC(260) Pause Young (Normal) (G1 Evacuation Pause) 575M->255M(656M) 2.218ms
[62.591s][info][gc] GC(261) Pause Young (Normal) (G1 Evacuation Pause) 579M->257M(656M) 2.465ms
[62.796s][info][gc] GC(262) Pause Young (Normal) (G1 Evacuation Pause) 577M->260M(656M) 2.422ms
[63.005s][info][gc] GC(263) Pause Young (Normal) (G1 Evacuation Pause) 584M->261M(656M) 2.146ms
[63.204s][info][gc] GC(264) Pause Young (Normal) (G1 Evacuation Pause) 581M->265M(656M) 2.098ms
[63.405s][info][gc] GC(265) Pause Young (Normal) (G1 Evacuation Pause) 581M->267M(656M) 2.152ms
[63.598s][info][gc] GC(266) Pause Young (Normal) (G1 Evacuation Pause) 579M->270M(656M) 2.200ms
[63.799s][info][gc] GC(267) Pause Young (Normal) (G1 Evacuation Pause) 582M->273M(656M) 2.464ms
[63.996s][info][gc] GC(268) Pause Young (Normal) (G1 Evacuation Pause) 585M->275M(656M) 2.311ms
[64.192s][info][gc] GC(269) Pause Young (Normal) (G1 Evacuation Pause) 587M->277M(656M) 2.115ms
[64.391s][info][gc] GC(270) Pause Young (Normal) (G1 Evacuation Pause) 581M->280M(656M) 2.271ms
[64.584s][info][gc] GC(271) Pause Young (Normal) (G1 Evacuation Pause) 580M->282M(656M) 2.283ms
[64.812s][info][gc] GC(272) Pause Young (Normal) (G1 Evacuation Pause) 582M->285M(656M) 2.040ms
[65.133s][info][gc] GC(273) Pause Young (Normal) (G1 Evacuation Pause) 581M->291M(656M) 2.543ms
[65.242s][info][gc] GC(274) Pause Young (Normal) (G1 Evacuation Pause) 579M->295M(656M) 3.047ms
[65.355s][info][gc] GC(275) Pause Young (Normal) (G1 Evacuation Pause) 583M->296M(656M) 2.114ms
[65.471s][info][gc] GC(276) Pause Young (Normal) (G1 Evacuation Pause) 588M->299M(656M) 2.193ms
[65.578s][info][gc] GC(277) Pause Young (Normal) (G1 Evacuation Pause) 579M->301M(656M) 2.319ms
[65.690s][info][gc] GC(278) Pause Young (Normal) (G1 Evacuation Pause) 589M->304M(656M) 2.330ms
[65.801s][info][gc] GC(279) Pause Young (Normal) (G1 Evacuation Pause) 588M->307M(656M) 2.242ms
[65.904s][info][gc] GC(280) Pause Young (Normal) (G1 Evacuation Pause) 587M->308M(656M) 2.287ms
[66.010s][info][gc] GC(281) Pause Young (Concurrent Start) (G1 Evacuation Pause) 592M->312M(656M) 2.209ms
[66.010s][info][gc] GC(282) Concurrent Mark Cycle
[66.019s][info][gc] GC(282) Pause Remark 338M->137M(388M) 0.464ms
[66.023s][info][gc] GC(282) Pause Cleanup 147M->147M(388M) 0.049ms
[66.024s][info][gc] GC(282) Concurrent Mark Cycle 13.142ms
[66.115s][info][gc] GC(283) Pause Young (Prepare Mixed) (G1 Evacuation Pause) 383M->113M(416M) 2.184ms
[66.197s][info][gc] GC(284) Pause Young (Mixed) (G1 Evacuation Pause) 337M->74M(416M) 2.194ms
[66.285s][info][gc] GC(285) Pause Young (Normal) (G1 Evacuation Pause) 302M->76M(416M) 1.590ms
[66.370s][info][gc] GC(286) Pause Young (Normal) (G1 Evacuation Pause) 304M->78M(500M) 1.618ms
[66.476s][info][gc] GC(287) Pause Young (Normal) (G1 Evacuation Pause) 358M->80M(500M) 1.967ms
[66.579s][info][gc] GC(288) Pause Young (Normal) (G1 Evacuation Pause) 356M->84M(500M) 1.806ms
[66.678s][info][gc] GC(289) Pause Young (Normal) (G1 Evacuation Pause) 356M->85M(500M) 2.107ms
[66.781s][info][gc] GC(290) Pause Young (Normal) (G1 Evacuation Pause) 361M->87M(600M) 2.023ms
[66.913s][info][gc] GC(291) Pause Young (Normal) (G1 Evacuation Pause) 423M->91M(600M) 2.215ms
[67.038s][info][gc] GC(292) Pause Young (Normal) (G1 Evacuation Pause) 423M->92M(600M) 2.380ms
[67.163s][info][gc] GC(293) Pause Young (Normal) (G1 Evacuation Pause) 424M->96M(600M) 2.321ms
[67.283s][info][gc] GC(294) Pause Young (Normal) (G1 Evacuation Pause) 424M->97M(600M) 2.206ms
[67.413s][info][gc] GC(295) Pause Young (Normal) (G1 Evacuation Pause) 429M->101M(600M) 2.376ms
[67.530s][info][gc] GC(296) Pause Young (Normal) (G1 Evacuation Pause) 429M->103M(600M) 2.330ms
[67.657s][info][gc] GC(297) Pause Young (Normal) (G1 Evacuation Pause) 435M->107M(600M) 2.453ms
[67.780s][info][gc] GC(298) Pause Young (Normal) (G1 Evacuation Pause) 439M->111M(600M) 2.596ms
[67.906s][info][gc] GC(299) Pause Young (Normal) (G1 Evacuation Pause) 439M->112M(600M) 2.442ms
[68.030s][info][gc] GC(300) Pause Young (Normal) (G1 Evacuation Pause) 444M->117M(600M) 2.363ms
[68.152s][info][gc] GC(301) Pause Young (Normal) (G1 Evacuation Pause) 449M->119M(600M) 2.291ms
[68.278s][info][gc] GC(302) Pause Young (Normal) (G1 Evacuation Pause) 447M->121M(600M) 2.699ms
[68.403s][info][gc] GC(303) Pause Young (Normal) (G1 Evacuation Pause) 449M->125M(600M) 2.446ms
[68.522s][info][gc] GC(304) Pause Young (Normal) (G1 Evacuation Pause) 453M->127M(600M) 2.610ms
[68.645s][info][gc] GC(305) Pause Young (Normal) (G1 Evacuation Pause) 455M->129M(600M) 2.271ms
[68.771s][info][gc] GC(306) Pause Young (Normal) (G1 Evacuation Pause) 457M->134M(600M) 2.645ms
[68.897s][info][gc] GC(307) Pause Young (Normal) (G1 Evacuation Pause) 462M->135M(720M) 2.304ms
[69.049s][info][gc] GC(308) Pause Young (Normal) (G1 Evacuation Pause) 535M->138M(720M) 2.592ms
[69.192s][info][gc] GC(309) Pause Young (Normal) (G1 Evacuation Pause) 538M->142M(720M) 2.574ms
[69.347s][info][gc] GC(310) Pause Young (Normal) (G1 Evacuation Pause) 538M->146M(720M) 2.456ms
[69.503s][info][gc] GC(311) Pause Young (Normal) (G1 Evacuation Pause) 542M->149M(720M) 2.864ms
[69.769s][info][gc] GC(312) Pause Young (Normal) (G1 Evacuation Pause) 545M->149M(720M) 2.448ms
[70.082s][info][gc] GC(313) Pause Young (Normal) (G1 Evacuation Pause) 549M->158M(720M) 2.590ms
[70.266s][info][gc] GC(314) Pause Young (Normal) (G1 Evacuation Pause) 550M->161M(720M) 2.682ms
[70.457s][info][gc] GC(315) Pause Young (Normal) (G1 Evacuation Pause) 557M->161M(720M) 2.704ms
[70.657s][info][gc] GC(316) Pause Young (Normal) (G1 Evacuation Pause) 561M->165M(720M) 2.733ms
[70.850s][info][gc] GC(317) Pause Young (Normal) (G1 Evacuation Pause) 561M->169M(720M) 2.838ms
[71.043s][info][gc] GC(318) Pause Young (Normal) (G1 Evacuation Pause) 569M->173M(720M) 3.003ms
[71.243s][info][gc] GC(319) Pause Young (Normal) (G1 Evacuation Pause) 573M->177M(720M) 2.382ms
[71.439s][info][gc] GC(320) Pause Young (Normal) (G1 Evacuation Pause) 577M->181M(720M) 2.469ms
[71.630s][info][gc] GC(321) Pause Young (Normal) (G1 Evacuation Pause) 577M->182M(720M) 2.843ms
[71.824s][info][gc] GC(322) Pause Young (Normal) (G1 Evacuation Pause) 582M->186M(720M) 2.429ms
[72.201s][info][gc] GC(323) Pause Young (Normal) (G1 Evacuation Pause) 582M->191M(720M) 2.923ms
[72.404s][info][gc] GC(324) Pause Young (Normal) (G1 Evacuation Pause) 587M->193M(720M) 2.839ms
[72.595s][info][gc] GC(325) Pause Young (Normal) (G1 Evacuation Pause) 589M->198M(720M) 2.780ms
[72.784s][info][gc] GC(326) Pause Young (Normal) (G1 Evacuation Pause) 594M->199M(720M) 3.164ms
[72.978s][info][gc] GC(327) Pause Young (Normal) (G1 Evacuation Pause) 595M->205M(720M) 2.796ms
[73.168s][info][gc] GC(328) Pause Young (Normal) (G1 Evacuation Pause) 601M->208M(720M) 2.758ms
[73.369s][info][gc] GC(329) Pause Young (Normal) (G1 Evacuation Pause) 604M->212M(720M) 2.976ms
[73.555s][info][gc] GC(330) Pause Young (Normal) (G1 Evacuation Pause) 608M->215M(720M) 2.767ms
[73.749s][info][gc] GC(331) Pause Young (Normal) (G1 Evacuation Pause) 611M->218M(720M) 3.047ms
[73.938s][info][gc] GC(332) Pause Young (Normal) (G1 Evacuation Pause) 614M->221M(720M) 2.914ms
[74.330s][info][gc] GC(333) Pause Young (Normal) (G1 Evacuation Pause) 617M->223M(720M) 2.750ms
[74.532s][info][gc] GC(334) Pause Young (Normal) (G1 Evacuation Pause) 619M->229M(720M) 3.222ms
[74.725s][info][gc] GC(335) Pause Young (Normal) (G1 Evacuation Pause) 625M->230M(720M) 2.674ms
[74.927s][info][gc] GC(336) Pause Young (Normal) (G1 Evacuation Pause) 626M->235M(720M) 2.636ms
[75.116s][info][gc] GC(337) Pause Young (Normal) (G1 Evacuation Pause) 631M->237M(720M) 2.814ms
[75.315s][info][gc] GC(338) Pause Young (Normal) (G1 Evacuation Pause) 633M->243M(720M) 2.874ms
[75.504s][info][gc] GC(339) Pause Young (Normal) (G1 Evacuation Pause) 639M->247M(720M) 2.814ms
[75.696s][info][gc] GC(340) Pause Young (Normal) (G1 Evacuation Pause) 639M->251M(720M) 2.773ms
[75.887s][info][gc] GC(341) Pause Young (Normal) (G1 Evacuation Pause) 643M->252M(720M) 3.258ms
[76.082s][info][gc] GC(342) Pause Young (Normal) (G1 Evacuation Pause) 640M->257M(720M) 2.898ms
[76.472s][info][gc] GC(343) Pause Young (Normal) (G1 Evacuation Pause) 641M->264M(720M) 2.928ms
[76.613s][info][gc] GC(344) Pause Young (Normal) (G1 Evacuation Pause) 636M->265M(720M) 2.947ms
[76.753s][info][gc] GC(345) Pause Young (Normal) (G1 Evacuation Pause) 641M->269M(720M) 2.822ms
[76.892s][info][gc] GC(346) Pause Young (Concurrent Start) (G1 Evacuation Pause) 641M->274M(720M) 2.546ms
[76.892s][info][gc] GC(347) Concurrent Mark Cycle
[76.902s][info][gc] GC(347) Pause Remark 304M->142M(400M) 0.522ms
[76.905s][info][gc] GC(347) Pause Cleanup 148M->148M(400M) 0.041ms
[76.905s][info][gc] GC(347) Concurrent Mark Cycle 13.071ms
[76.996s][info][gc] GC(348) Pause Young (Prepare Mixed) (G1 Evacuation Pause) 392M->113M(436M) 2.602ms
[77.084s][info][gc] GC(349) Pause Young (Mixed) (G1 Evacuation Pause) 341M->82M(436M) 2.638ms
[77.173s][info][gc] GC(350) Pause Young (Normal) (G1 Evacuation Pause) 322M->82M(436M) 1.573ms
[77.263s][info][gc] GC(351) Pause Young (Normal) (G1 Evacuation Pause) 322M->85M(436M) 2.176ms
[77.355s][info][gc] GC(352) Pause Young (Normal) (G1 Evacuation Pause) 321M->87M(524M) 1.937ms
[77.467s][info][gc] GC(353) Pause Young (Normal) (G1 Evacuation Pause) 375M->88M(524M) 1.808ms
[77.579s][info][gc] GC(354) Pause Young (Normal) (G1 Evacuation Pause) 376M->93M(524M) 2.186ms
[77.680s][info][gc] GC(355) Pause Young (Normal) (G1 Evacuation Pause) 377M->94M(524M) 2.205ms
[77.786s][info][gc] GC(356) Pause Young (Normal) (G1 Evacuation Pause) 382M->98M(524M) 2.038ms
[77.891s][info][gc] GC(357) Pause Young (Normal) (G1 Evacuation Pause) 382M->99M(632M) 2.123ms
[78.026s][info][gc] GC(358) Pause Young (Normal) (G1 Evacuation Pause) 447M->103M(632M) 2.332ms
[78.157s][info][gc] GC(359) Pause Young (Normal) (G1 Evacuation Pause) 451M->106M(632M) 2.215ms
[78.285s][info][gc] GC(360) Pause Young (Normal) (G1 Evacuation Pause) 450M->107M(632M) 2.829ms
[78.420s][info][gc] GC(361) Pause Young (Normal) (G1 Evacuation Pause) 451M->110M(632M) 2.454ms
[78.548s][info][gc] GC(362) Pause Young (Normal) (G1 Evacuation Pause) 458M->115M(632M) 2.348ms
[78.680s][info][gc] GC(363) Pause Young (Normal) (G1 Evacuation Pause) 459M->117M(632M) 2.451ms
[78.806s][info][gc] GC(364) Pause Young (Normal) (G1 Evacuation Pause) 461M->121M(632M) 2.370ms
[78.940s][info][gc] GC(365) Pause Young (Normal) (G1 Evacuation Pause) 469M->123M(632M) 2.286ms
[79.076s][info][gc] GC(366) Pause Young (Normal) (G1 Evacuation Pause) 467M->126M(632M) 2.541ms
[79.209s][info][gc] GC(367) Pause Young (Normal) (G1 Evacuation Pause) 474M->128M(632M) 2.310ms
[79.349s][info][gc] GC(368) Pause Young (Normal) (G1 Evacuation Pause) 476M->133M(632M) 2.418ms
[79.479s][info][gc] GC(369) Pause Young (Normal) (G1 Evacuation Pause) 477M->133M(632M) 2.406ms
[79.618s][info][gc] GC(370) Pause Young (Normal) (G1 Evacuation Pause) 481M->136M(632M) 2.432ms
[79.754s][info][gc] GC(371) Pause Young (Normal) (G1 Evacuation Pause) 484M->140M(632M) 2.882ms
[79.896s][info][gc] GC(372) Pause Young (Normal) (G1 Evacuation Pause) 488M->145M(632M) 2.416ms
[80.029s][info][gc] GC(373) Pause Young (Normal) (G1 Evacuation Pause) 489M->146M(632M) 3.105ms
[80.172s][info][gc] GC(374) Pause Young (Normal) (G1 Evacuation Pause) 494M->148M(632M) 2.395ms
[80.305s][info][gc] GC(375) Pause Young (Normal) (G1 Evacuation Pause) 496M->153M(632M) 2.447ms
[80.441s][info][gc] GC(376) Pause Young (Normal) (G1 Evacuation Pause) 501M->154M(632M) 2.285ms
[80.572s][info][gc] GC(377) Pause Young (Normal) (G1 Evacuation Pause) 502M->157M(632M) 2.444ms
[80.704s][info][gc] GC(378) Pause Young (Normal) (G1 Evacuation Pause) 505M->162M(632M) 2.662ms
[80.838s][info][gc] GC(379) Pause Young (Normal) (G1 Evacuation Pause) 510M->164M(632M) 2.343ms
[80.966s][info][gc] GC(380) Pause Young (Normal) (G1 Evacuation Pause) 512M->167M(632M) 2.338ms
[81.167s][info][gc] GC(381) Pause Young (Normal) (G1 Evacuation Pause) 515M->169M(632M) 2.112ms
[81.486s][info][gc] GC(382) Pause Young (Normal) (G1 Evacuation Pause) 517M->176M(632M) 2.589ms
[81.623s][info][gc] GC(383) Pause Young (Normal) (G1 Evacuation Pause) 516M->176M(632M) 2.435ms
[81.767s][info][gc] GC(384) Pause Young (Normal) (G1 Evacuation Pause) 524M->180M(632M) 2.553ms
[81.913s][info][gc] GC(385) Pause Young (Normal) (G1 Evacuation Pause) 524M->184M(632M) 2.492ms
[82.057s][info][gc] GC(386) Pause Young (Normal) (G1 Evacuation Pause) 528M->186M(632M) 2.274ms
[82.194s][info][gc] GC(387) Pause Young (Normal) (G1 Evacuation Pause) 530M->188M(632M) 2.309ms
[82.338s][info][gc] GC(388) Pause Young (Normal) (G1 Evacuation Pause) 536M->192M(632M) 2.519ms
[82.484s][info][gc] GC(389) Pause Young (Normal) (G1 Evacuation Pause) 540M->197M(632M) 2.518ms
[82.623s][info][gc] GC(390) Pause Young (Normal) (G1 Evacuation Pause) 541M->198M(632M) 2.351ms
[82.768s][info][gc] GC(391) Pause Young (Normal) (G1 Evacuation Pause) 546M->200M(632M) 2.312ms
[82.915s][info][gc] GC(392) Pause Young (Normal) (G1 Evacuation Pause) 544M->203M(632M) 2.568ms
[83.268s][info][gc] GC(393) Pause Young (Normal) (G1 Evacuation Pause) 547M->208M(632M) 2.588ms
[83.409s][info][gc] GC(394) Pause Young (Normal) (G1 Evacuation Pause) 556M->213M(632M) 2.424ms
[83.556s][info][gc] GC(395) Pause Young (Normal) (G1 Evacuation Pause) 557M->215M(632M) 2.266ms
[83.698s][info][gc] GC(396) Pause Young (Normal) (G1 Evacuation Pause) 555M->217M(632M) 3.065ms
[83.857s][info][gc] GC(397) Pause Young (Normal) (G1 Evacuation Pause) 561M->220M(632M) 2.405ms
[84.011s][info][gc] GC(398) Pause Young (Normal) (G1 Evacuation Pause) 564M->224M(632M) 2.594ms
[84.155s][info][gc] GC(399) Pause Young (Normal) (G1 Evacuation Pause) 560M->226M(632M) 2.565ms
[84.293s][info][gc] GC(400) Pause Young (Normal) (G1 Evacuation Pause) 562M->228M(632M) 2.338ms
[84.434s][info][gc] GC(401) Pause Young (Normal) (G1 Evacuation Pause) 560M->232M(632M) 2.501ms
[84.573s][info][gc] GC(402) Pause Young (Normal) (G1 Evacuation Pause) 560M->235M(632M) 2.287ms
[84.706s][info][gc] GC(403) Pause Young (Normal) (G1 Evacuation Pause) 563M->237M(632M) 2.080ms
[84.845s][info][gc] GC(404) Pause Young (Normal) (G1 Evacuation Pause) 557M->240M(632M) 2.715ms
[85.003s][info][gc] GC(405) Pause Young (Concurrent Start) (G1 Evacuation Pause) 560M->241M(632M) 2.164ms
[85.003s][info][gc] GC(406) Concurrent Mark Cycle
[85.011s][info][gc] GC(406) Pause Remark 242M->114M(400M) 0.470ms
[85.015s][info][gc] GC(406) Pause Cleanup 115M->115M(400M) 0.062ms
[85.015s][info][gc] GC(406) Concurrent Mark Cycle 12.588ms
[85.308s][info][gc] GC(407) Pause Young (Prepare Mixed) (G1 Evacuation Pause) 393M->118M(432M) 2.807ms
[85.402s][info][gc] GC(408) Pause Young (Mixed) (G1 Evacuation Pause) 342M->93M(520M) 2.634ms
[85.521s][info][gc] GC(409) Pause Young (Normal) (G1 Evacuation Pause) 381M->94M(520M) 2.037ms
[85.642s][info][gc] GC(410) Pause Young (Normal) (G1 Evacuation Pause) 382M->96M(520M) 1.864ms
[85.759s][info][gc] GC(411) Pause Young (Normal) (G1 Evacuation Pause) 384M->99M(520M) 1.981ms
[85.891s][info][gc] GC(412) Pause Young (Normal) (G1 Evacuation Pause) 387M->102M(520M) 2.146ms
[86.012s][info][gc] GC(413) Pause Young (Normal) (G1 Evacuation Pause) 390M->104M(520M) 2.205ms
[86.129s][info][gc] GC(414) Pause Young (Normal) (G1 Evacuation Pause) 392M->106M(520M) 2.129ms
[86.253s][info][gc] GC(415) Pause Young (Normal) (G1 Evacuation Pause) 394M->109M(520M) 2.347ms
[86.370s][info][gc] GC(416) Pause Young (Normal) (G1 Evacuation Pause) 397M->112M(624M) 2.142ms
[86.522s][info][gc] GC(417) Pause Young (Normal) (G1 Evacuation Pause) 460M->116M(624M) 2.270ms
[86.668s][info][gc] GC(418) Pause Young (Normal) (G1 Evacuation Pause) 460M->118M(624M) 2.566ms
[86.811s][info][gc] GC(419) Pause Young (Normal) (G1 Evacuation Pause) 458M->122M(624M) 2.439ms
[87.160s][info][gc] GC(420) Pause Young (Normal) (G1 Evacuation Pause) 462M->127M(624M) 2.588ms
[87.282s][info][gc] GC(421) Pause Young (Normal) (G1 Evacuation Pause) 467M->131M(624M) 2.774ms
[87.417s][info][gc] GC(422) Pause Young (Normal) (G1 Evacuation Pause) 471M->133M(624M) 2.566ms
[87.544s][info][gc] GC(423) Pause Young (Normal) (G1 Evacuation Pause) 473M->136M(624M) 3.075ms
[87.671s][info][gc] GC(424) Pause Young (Normal) (G1 Evacuation Pause) 480M->138M(624M) 2.470ms
[87.805s][info][gc] GC(425) Pause Young (Normal) (G1 Evacuation Pause) 482M->141M(624M) 2.707ms
[87.931s][info][gc] GC(426) Pause Young (Normal) (G1 Evacuation Pause) 481M->145M(624M) 2.667ms
[88.070s][info][gc] GC(427) Pause Young (Normal) (G1 Evacuation Pause) 489M->147M(624M) 2.623ms
[88.199s][info][gc] GC(428) Pause Young (Normal) (G1 Evacuation Pause) 495M->151M(624M) 2.293ms
[88.332s][info][gc] GC(429) Pause Young (Normal) (G1 Evacuation Pause) 495M->152M(624M) 2.146ms
[88.462s][info][gc] GC(430) Pause Young (Normal) (G1 Evacuation Pause) 496M->156M(624M) 2.385ms
[88.590s][info][gc] GC(431) Pause Young (Normal) (G1 Evacuation Pause) 496M->159M(624M) 2.317ms
[88.721s][info][gc] GC(432) Pause Young (Normal) (G1 Evacuation Pause) 503M->161M(624M) 2.533ms
[88.848s][info][gc] GC(433) Pause Young (Normal) (G1 Evacuation Pause) 505M->165M(624M) 2.393ms
[88.976s][info][gc] GC(434) Pause Young (Normal) (G1 Evacuation Pause) 509M->167M(624M) 2.172ms
[89.109s][info][gc] GC(435) Pause Young (Normal) (G1 Evacuation Pause) 511M->171M(624M) 2.194ms
[89.234s][info][gc] GC(436) Pause Young (Normal) (G1 Evacuation Pause) 511M->174M(624M) 2.558ms
[89.367s][info][gc] GC(437) Pause Young (Normal) (G1 Evacuation Pause) 518M->177M(624M) 2.512ms
[89.499s][info][gc] GC(438) Pause Young (Normal) (G1 Evacuation Pause) 521M->179M(624M) 2.516ms
[89.634s][info][gc] GC(439) Pause Young (Normal) (G1 Evacuation Pause) 523M->183M(624M) 2.478ms
[89.764s][info][gc] GC(440) Pause Young (Normal) (G1 Evacuation Pause) 527M->185M(624M) 2.462ms
[89.896s][info][gc] GC(441) Pause Young (Normal) (G1 Evacuation Pause) 529M->189M(624M) 2.295ms
[90.024s][info][gc] GC(442) Pause Young (Normal) (G1 Evacuation Pause) 533M->194M(624M) 2.282ms
[90.151s][info][gc] GC(443) Pause Young (Normal) (G1 Evacuation Pause) 534M->195M(624M) 2.407ms
[90.279s][info][gc] GC(444) Pause Young (Normal) (G1 Evacuation Pause) 539M->199M(624M) 2.360ms
[90.409s][info][gc] GC(445) Pause Young (Normal) (G1 Evacuation Pause) 539M->201M(624M) 2.187ms
[90.546s][info][gc] GC(446) Pause Young (Normal) (G1 Evacuation Pause) 545M->204M(624M) 3.029ms
[90.676s][info][gc] GC(447) Pause Young (Normal) (G1 Evacuation Pause) 548M->207M(624M) 2.205ms
[90.806s][info][gc] GC(448) Pause Young (Normal) (G1 Evacuation Pause) 551M->210M(624M) 2.263ms
[90.937s][info][gc] GC(449) Pause Young (Normal) (G1 Evacuation Pause) 554M->213M(624M) 2.446ms
[91.066s][info][gc] GC(450) Pause Young (Normal) (G1 Evacuation Pause) 553M->216M(624M) 2.541ms
[91.194s][info][gc] GC(451) Pause Young (Normal) (G1 Evacuation Pause) 556M->219M(624M) 2.415ms
[91.323s][info][gc] GC(452) Pause Young (Normal) (G1 Evacuation Pause) 555M->221M(624M) 2.252ms
[91.451s][info][gc] GC(453) Pause Young (Normal) (G1 Evacuation Pause) 553M->225M(624M) 2.743ms
[91.574s][info][gc] GC(454) Pause Young (Normal) (G1 Evacuation Pause) 553M->227M(624M) 2.185ms
[91.710s][info][gc] GC(455) Pause Young (Normal) (G1 Evacuation Pause) 555M->229M(624M) 2.055ms
[92.049s][info][gc] GC(456) Pause Young (Normal) (G1 Evacuation Pause) 553M->235M(624M) 2.538ms
[92.164s][info][gc] GC(457) Pause Young (Normal) (G1 Evacuation Pause) 547M->236M(624M) 2.283ms
[92.287s][info][gc] GC(458) Pause Young (Concurrent Start) (G1 Evacuation Pause) 560M->240M(624M) 2.376ms
[92.287s][info][gc] GC(459) Concurrent Mark Cycle
[92.295s][info][gc] GC(459) Pause Remark 264M->128M(360M) 0.445ms
[92.298s][info][gc] GC(459) Pause Cleanup 132M->132M(360M) 0.046ms
[92.298s][info][gc] GC(459) Concurrent Mark Cycle 10.966ms
[92.382s][info][gc] GC(460) Pause Young (Prepare Mixed) (G1 Evacuation Pause) 356M->106M(392M) 2.438ms
[92.461s][info][gc] GC(461) Pause Young (Mixed) (G1 Evacuation Pause) 314M->82M(392M) 2.395ms
[92.542s][info][gc] GC(462) Pause Young (Normal) (G1 Evacuation Pause) 294M->82M(392M) 1.659ms
[92.621s][info][gc] GC(463) Pause Young (Normal) (G1 Evacuation Pause) 294M->84M(472M) 1.953ms
[92.720s][info][gc] GC(464) Pause Young (Normal) (G1 Evacuation Pause) 344M->87M(472M) 1.821ms
[92.814s][info][gc] GC(465) Pause Young (Normal) (G1 Evacuation Pause) 347M->88M(472M) 1.801ms
[92.910s][info][gc] GC(466) Pause Young (Normal) (G1 Evacuation Pause) 344M->90M(472M) 1.858ms
[93.004s][info][gc] GC(467) Pause Young (Normal) (G1 Evacuation Pause) 346M->93M(568M) 2.006ms
[93.122s][info][gc] GC(468) Pause Young (Normal) (G1 Evacuation Pause) 409M->94M(568M) 1.912ms
[93.240s][info][gc] GC(469) Pause Young (Normal) (G1 Evacuation Pause) 410M->98M(568M) 1.888ms
[93.359s][info][gc] GC(470) Pause Young (Normal) (G1 Evacuation Pause) 410M->100M(568M) 2.149ms
[93.479s][info][gc] GC(471) Pause Young (Normal) (G1 Evacuation Pause) 412M->100M(568M) 2.075ms
[93.801s][info][gc] GC(472) Pause Young (Normal) (G1 Evacuation Pause) 416M->107M(568M) 2.230ms
[93.917s][info][gc] GC(473) Pause Young (Normal) (G1 Evacuation Pause) 415M->110M(568M) 2.492ms
[94.036s][info][gc] GC(474) Pause Young (Normal) (G1 Evacuation Pause) 418M->113M(568M) 2.376ms
[94.148s][info][gc] GC(475) Pause Young (Normal) (G1 Evacuation Pause) 425M->113M(568M) 2.307ms
[94.267s][info][gc] GC(476) Pause Young (Normal) (G1 Evacuation Pause) 425M->118M(684M) 2.399ms
[94.410s][info][gc] GC(477) Pause Young (Normal) (G1 Evacuation Pause) 498M->120M(684M) 2.409ms
[94.557s][info][gc] GC(478) Pause Young (Normal) (G1 Evacuation Pause) 496M->123M(684M) 2.388ms
[94.698s][info][gc] GC(479) Pause Young (Normal) (G1 Evacuation Pause) 499M->126M(684M) 2.708ms
[94.840s][info][gc] GC(480) Pause Young (Normal) (G1 Evacuation Pause) 502M->130M(684M) 2.455ms
[94.979s][info][gc] GC(481) Pause Young (Normal) (G1 Evacuation Pause) 506M->133M(684M) 2.632ms
[95.124s][info][gc] GC(482) Pause Young (Normal) (G1 Evacuation Pause) 509M->135M(684M) 2.392ms
[95.479s][info][gc] GC(483) Pause Young (Normal) (G1 Evacuation Pause) 511M->141M(684M) 2.694ms
[95.611s][info][gc] GC(484) Pause Young (Normal) (G1 Evacuation Pause) 513M->144M(684M) 2.688ms
[95.754s][info][gc] GC(485) Pause Young (Normal) (G1 Evacuation Pause) 520M->147M(684M) 2.641ms
[95.891s][info][gc] GC(486) Pause Young (Normal) (G1 Evacuation Pause) 523M->151M(684M) 2.490ms
[96.036s][info][gc] GC(487) Pause Young (Normal) (G1 Evacuation Pause) 527M->152M(684M) 2.651ms
[96.168s][info][gc] GC(488) Pause Young (Normal) (G1 Evacuation Pause) 528M->156M(684M) 2.521ms
[96.314s][info][gc] GC(489) Pause Young (Normal) (G1 Evacuation Pause) 532M->160M(684M) 2.673ms
[96.454s][info][gc] GC(490) Pause Young (Normal) (G1 Evacuation Pause) 536M->163M(684M) 2.691ms
[96.594s][info][gc] GC(491) Pause Young (Normal) (G1 Evacuation Pause) 539M->166M(684M) 2.665ms
[96.736s][info][gc] GC(492) Pause Young (Normal) (G1 Evacuation Pause) 542M->169M(684M) 2.488ms
[96.874s][info][gc] GC(493) Pause Young (Normal) (G1 Evacuation Pause) 545M->172M(684M) 2.338ms
[97.228s][info][gc] GC(494) Pause Young (Normal) (G1 Evacuation Pause) 548M->178M(684M) 2.724ms
[97.364s][info][gc] GC(495) Pause Young (Normal) (G1 Evacuation Pause) 554M->181M(684M) 2.705ms
[97.505s][info][gc] GC(496) Pause Young (Normal) (G1 Evacuation Pause) 557M->185M(684M) 2.681ms
[97.642s][info][gc] GC(497) Pause Young (Normal) (G1 Evacuation Pause) 557M->188M(684M) 2.497ms
[97.784s][info][gc] GC(498) Pause Young (Normal) (G1 Evacuation Pause) 564M->191M(684M) 2.802ms
[97.924s][info][gc] GC(499) Pause Young (Normal) (G1 Evacuation Pause) 563M->194M(684M) 2.635ms
[98.061s][info][gc] GC(500) Pause Young (Normal) (G1 Evacuation Pause) 570M->196M(684M) 2.624ms
[98.205s][info][gc] GC(501) Pause Young (Normal) (G1 Evacuation Pause) 572M->201M(684M) 2.690ms
[98.345s][info][gc] GC(502) Pause Young (Normal) (G1 Evacuation Pause) 581M->204M(684M) 2.444ms
[98.487s][info][gc] GC(503) Pause Young (Normal) (G1 Evacuation Pause) 580M->207M(684M) 2.559ms
[98.630s][info][gc] GC(504) Pause Young (Normal) (G1 Evacuation Pause) 583M->209M(684M) 2.547ms
[98.766s][info][gc] GC(505) Pause Young (Normal) (G1 Evacuation Pause) 585M->212M(684M) 2.545ms
[98.908s][info][gc] GC(506) Pause Young (Normal) (G1 Evacuation Pause) 588M->216M(684M) 2.354ms
[99.046s][info][gc] GC(507) Pause Young (Normal) (G1 Evacuation Pause) 592M->219M(684M) 2.819ms
[99.186s][info][gc] GC(508) Pause Young (Normal) (G1 Evacuation Pause) 595M->222M(684M) 2.559ms
[99.327s][info][gc] GC(509) Pause Young (Normal) (G1 Evacuation Pause) 598M->225M(684M) 2.377ms
[99.468s][info][gc] GC(510) Pause Young (Normal) (G1 Evacuation Pause) 601M->231M(684M) 2.591ms
[99.611s][info][gc] GC(511) Pause Young (Normal) (G1 Evacuation Pause) 607M->231M(684M) 2.722ms
[99.753s][info][gc] GC(512) Pause Young (Normal) (G1 Evacuation Pause) 603M->236M(684M) 2.458ms
[99.894s][info][gc] GC(513) Pause Young (Normal) (G1 Evacuation Pause) 604M->238M(684M) 2.858ms
[100.034s][info][gc] GC(514) Pause Young (Normal) (G1 Evacuation Pause) 602M->242M(684M) 2.743ms
[100.168s][info][gc] GC(515) Pause Young (Normal) (G1 Evacuation Pause) 606M->246M(684M) 2.485ms
[100.303s][info][gc] GC(516) Pause Young (Normal) (G1 Evacuation Pause) 606M->248M(684M) 2.475ms
[100.436s][info][gc] GC(517) Pause Young (Normal) (G1 Evacuation Pause) 604M->251M(684M) 2.430ms
[100.572s][info][gc] GC(518) Pause Young (Normal) (G1 Evacuation Pause) 603M->254M(684M) 2.449ms
[100.696s][info][gc] GC(519) Pause Young (Normal) (G1 Evacuation Pause) 602M->257M(684M) 2.525ms
[100.824s][info][gc] GC(520) Pause Young (Normal) (G1 Evacuation Pause) 605M->260M(684M) 2.295ms
[100.958s][info][gc] GC(521) Pause Young (Concurrent Start) (G1 Evacuation Pause) 604M->263M(684M) 2.418ms
[100.958s][info][gc] GC(522) Concurrent Mark Cycle
[100.985s][info][gc] GC(522) Pause Remark 340M->248M(600M) 0.425ms
[101.001s][info][gc] GC(522) Pause Cleanup 291M->291M(600M) 0.058ms
[101.002s][info][gc] GC(522) Concurrent Mark Cycle 43.193ms
[101.094s][info][gc] GC(523) Pause Young (Prepare Mixed) (G1 Evacuation Pause) 511M->175M(600M) 2.554ms
[101.222s][info][gc] GC(524) Pause Young (Mixed) (G1 Evacuation Pause) 503M->158M(600M) 2.239ms
[101.347s][info][gc] GC(525) Pause Young (Normal) (G1 Evacuation Pause) 490M->162M(600M) 2.401ms
[101.467s][info][gc] GC(526) Pause Young (Normal) (G1 Evacuation Pause) 490M->163M(600M) 2.436ms
[101.594s][info][gc] GC(527) Pause Young (Normal) (G1 Evacuation Pause) 495M->167M(600M) 2.415ms
[101.726s][info][gc] GC(528) Pause Young (Normal) (G1 Evacuation Pause) 499M->169M(600M) 2.341ms
[102.057s][info][gc] GC(529) Pause Young (Normal) (G1 Evacuation Pause) 501M->175M(600M) 2.621ms
[102.175s][info][gc] GC(530) Pause Young (Normal) (G1 Evacuation Pause) 503M->177M(600M) 3.144ms
[102.310s][info][gc] GC(531) Pause Young (Normal) (G1 Evacuation Pause) 505M->181M(600M) 2.342ms
[102.440s][info][gc] GC(532) Pause Young (Normal) (G1 Evacuation Pause) 509M->183M(600M) 2.308ms
[102.557s][info][gc] GC(533) Pause Young (Normal) (G1 Evacuation Pause) 511M->187M(600M) 2.375ms
[102.671s][info][gc] GC(534) Pause Young (Normal) (G1 Evacuation Pause) 515M->190M(720M) 2.659ms
[102.810s][info][gc] GC(535) Pause Young (Normal) (G1 Evacuation Pause) 590M->193M(720M) 2.661ms
[102.947s][info][gc] GC(536) Pause Young (Normal) (G1 Evacuation Pause) 589M->196M(720M) 2.762ms
[103.084s][info][gc] GC(537) Pause Young (Normal) (G1 Evacuation Pause) 592M->197M(720M) 3.013ms
[103.223s][info][gc] GC(538) Pause Young (Normal) (G1 Evacuation Pause) 597M->202M(720M) 2.716ms
[103.361s][info][gc] GC(539) Pause Young (Normal) (G1 Evacuation Pause) 602M->205M(720M) 2.769ms
[103.724s][info][gc] GC(540) Pause Young (Normal) (G1 Evacuation Pause) 605M->212M(720M) 2.761ms
[103.854s][info][gc] GC(541) Pause Young (Normal) (G1 Evacuation Pause) 608M->213M(720M) 2.706ms
[103.996s][info][gc] GC(542) Pause Young (Normal) (G1 Evacuation Pause) 613M->217M(720M) 2.757ms
[104.127s][info][gc] GC(543) Pause Young (Normal) (G1 Evacuation Pause) 613M->219M(720M) 2.694ms
[104.267s][info][gc] GC(544) Pause Young (Normal) (G1 Evacuation Pause) 619M->223M(720M) 2.595ms
[104.401s][info][gc] GC(545) Pause Young (Normal) (G1 Evacuation Pause) 623M->229M(720M) 2.784ms
[104.534s][info][gc] GC(546) Pause Young (Normal) (G1 Evacuation Pause) 625M->229M(720M) 2.599ms
[104.678s][info][gc] GC(547) Pause Young (Normal) (G1 Evacuation Pause) 629M->233M(720M) 2.997ms
[104.813s][info][gc] GC(548) Pause Young (Normal) (G1 Evacuation Pause) 633M->237M(720M) 2.911ms
[104.953s][info][gc] GC(549) Pause Young (Normal) (G1 Evacuation Pause) 637M->241M(720M) 2.679ms
[105.331s][info][gc] GC(550) Pause Young (Normal) (G1 Evacuation Pause) 641M->245M(720M) 2.702ms
[105.462s][info][gc] GC(551) Pause Young (Normal) (G1 Evacuation Pause) 637M->250M(720M) 2.949ms
[105.593s][info][gc] GC(552) Pause Young (Normal) (G1 Evacuation Pause) 638M->251M(720M) 2.747ms
[105.732s][info][gc] GC(553) Pause Young (Normal) (G1 Evacuation Pause) 643M->255M(720M) 2.645ms
[105.865s][info][gc] GC(554) Pause Young (Normal) (G1 Evacuation Pause) 639M->258M(720M) 2.573ms
[106.002s][info][gc] GC(555) Pause Young (Normal) (G1 Evacuation Pause) 646M->261M(720M) 2.806ms
[106.133s][info][gc] GC(556) Pause Young (Normal) (G1 Evacuation Pause) 645M->265M(720M) 2.627ms
[106.261s][info][gc] GC(557) Pause Young (Normal) (G1 Evacuation Pause) 645M->268M(720M) 2.762ms
[106.412s][info][gc] GC(558) Pause Young (Concurrent Start) (G1 Evacuation Pause) 648M->271M(720M) 2.414ms
[106.412s][info][gc] GC(559) Concurrent Mark Cycle
[106.424s][info][gc] GC(559) Pause Remark 289M->145M(440M) 0.482ms
[106.428s][info][gc] GC(559) Pause Cleanup 154M->154M(440M) 0.060ms
[106.428s][info][gc] GC(559) Concurrent Mark Cycle 15.508ms
[106.532s][info][gc] GC(560) Pause Young (Prepare Mixed) (G1 Evacuation Pause) 435M->130M(476M) 3.334ms
[106.616s][info][gc] GC(561) Pause Young (Mixed) (G1 Evacuation Pause) 382M->91M(476M) 2.922ms
[106.709s][info][gc] GC(562) Pause Young (Normal) (G1 Evacuation Pause) 355M->91M(476M) 1.722ms
[107.030s][info][gc] GC(563) Pause Young (Normal) (G1 Evacuation Pause) 355M->100M(476M) 2.102ms
[107.128s][info][gc] GC(564) Pause Young (Normal) (G1 Evacuation Pause) 356M->102M(476M) 2.318ms
[107.231s][info][gc] GC(565) Pause Young (Normal) (G1 Evacuation Pause) 366M->103M(572M) 2.109ms
[107.357s][info][gc] GC(566) Pause Young (Normal) (G1 Evacuation Pause) 419M->106M(572M) 2.275ms
[107.479s][info][gc] GC(567) Pause Young (Normal) (G1 Evacuation Pause) 422M->110M(572M) 2.391ms
[107.602s][info][gc] GC(568) Pause Young (Normal) (G1 Evacuation Pause) 422M->111M(572M) 2.368ms
[107.730s][info][gc] GC(569) Pause Young (Normal) (G1 Evacuation Pause) 423M->114M(572M) 2.671ms
[107.851s][info][gc] GC(570) Pause Young (Normal) (G1 Evacuation Pause) 426M->116M(572M) 2.272ms
[107.974s][info][gc] GC(571) Pause Young (Normal) (G1 Evacuation Pause) 432M->120M(572M) 1.943ms
[108.093s][info][gc] GC(572) Pause Young (Normal) (G1 Evacuation Pause) 432M->120M(572M) 2.075ms
[108.214s][info][gc] GC(573) Pause Young (Normal) (G1 Evacuation Pause) 436M->124M(572M) 2.194ms
[108.336s][info][gc] GC(574) Pause Young (Normal) (G1 Evacuation Pause) 436M->127M(572M) 2.264ms
[108.456s][info][gc] GC(575) Pause Young (Normal) (G1 Evacuation Pause) 439M->130M(572M) 2.328ms
[108.575s][info][gc] GC(576) Pause Young (Normal) (G1 Evacuation Pause) 442M->133M(572M) 2.335ms
[108.691s][info][gc] GC(577) Pause Young (Normal) (G1 Evacuation Pause) 445M->136M(572M) 2.342ms
[108.810s][info][gc] GC(578) Pause Young (Normal) (G1 Evacuation Pause) 448M->138M(572M) 2.246ms
[108.932s][info][gc] GC(579) Pause Young (Normal) (G1 Evacuation Pause) 450M->142M(572M) 2.159ms
[109.052s][info][gc] GC(580) Pause Young (Normal) (G1 Evacuation Pause) 454M->143M(572M) 2.081ms
[109.173s][info][gc] GC(581) Pause Young (Normal) (G1 Evacuation Pause) 455M->145M(572M) 2.280ms
[109.297s][info][gc] GC(582) Pause Young (Normal) (G1 Evacuation Pause) 457M->148M(572M) 2.321ms
[109.421s][info][gc] GC(583) Pause Young (Normal) (G1 Evacuation Pause) 460M->151M(572M) 2.222ms
[109.542s][info][gc] GC(584) Pause Young (Normal) (G1 Evacuation Pause) 463M->153M(572M) 2.101ms
[109.663s][info][gc] GC(585) Pause Young (Normal) (G1 Evacuation Pause) 465M->156M(572M) 2.220ms
[109.791s][info][gc] GC(586) Pause Young (Normal) (G1 Evacuation Pause) 468M->159M(572M) 2.324ms
[109.913s][info][gc] GC(587) Pause Young (Normal) (G1 Evacuation Pause) 471M->161M(572M) 2.326ms
[110.038s][info][gc] GC(588) Pause Young (Normal) (G1 Evacuation Pause) 473M->164M(572M) 2.178ms
[110.160s][info][gc] GC(589) Pause Young (Normal) (G1 Evacuation Pause) 476M->167M(572M) 2.216ms
[110.277s][info][gc] GC(590) Pause Young (Normal) (G1 Evacuation Pause) 479M->170M(572M) 2.235ms
[110.397s][info][gc] GC(591) Pause Young (Normal) (G1 Evacuation Pause) 482M->174M(572M) 2.273ms
[110.520s][info][gc] GC(592) Pause Young (Normal) (G1 Evacuation Pause) 486M->176M(572M) 2.389ms
[110.639s][info][gc] GC(593) Pause Young (Normal) (G1 Evacuation Pause) 488M->179M(572M) 2.317ms
[110.754s][info][gc] GC(594) Pause Young (Normal) (G1 Evacuation Pause) 491M->180M(572M) 2.295ms
[110.878s][info][gc] GC(595) Pause Young (Normal) (G1 Evacuation Pause) 492M->183M(572M) 2.146ms
[111.002s][info][gc] GC(596) Pause Young (Normal) (G1 Evacuation Pause) 495M->185M(572M) 2.499ms
[111.121s][info][gc] GC(597) Pause Young (Normal) (G1 Evacuation Pause) 497M->189M(688M) 2.301ms
[111.277s][info][gc] GC(598) Pause Young (Normal) (G1 Evacuation Pause) 573M->192M(688M) 2.508ms
[111.422s][info][gc] GC(599) Pause Young (Normal) (G1 Evacuation Pause) 572M->195M(688M) 2.522ms
[111.571s][info][gc] GC(600) Pause Young (Normal) (G1 Evacuation Pause) 575M->198M(688M) 2.609ms
[111.714s][info][gc] GC(601) Pause Young (Normal) (G1 Evacuation Pause) 574M->200M(688M) 2.488ms
[111.860s][info][gc] GC(602) Pause Young (Normal) (G1 Evacuation Pause) 580M->205M(688M) 2.534ms
[112.009s][info][gc] GC(603) Pause Young (Normal) (G1 Evacuation Pause) 585M->208M(688M) 2.652ms
[112.154s][info][gc] GC(604) Pause Young (Normal) (G1 Evacuation Pause) 588M->211M(688M) 2.432ms
[112.307s][info][gc] GC(605) Pause Young (Normal) (G1 Evacuation Pause) 591M->215M(688M) 2.541ms
[112.453s][info][gc] GC(606) Pause Young (Normal) (G1 Evacuation Pause) 595M->215M(688M) 2.356ms
[112.725s][info][gc] GC(607) Pause Young (Normal) (G1 Evacuation Pause) 595M->219M(688M) 3.240ms
[112.924s][info][gc] GC(608) Pause Young (Normal) (G1 Evacuation Pause) 599M->222M(688M) 2.468ms
[113.127s][info][gc] GC(609) Pause Young (Normal) (G1 Evacuation Pause) 602M->227M(688M) 2.496ms
[113.320s][info][gc] GC(610) Pause Young (Normal) (G1 Evacuation Pause) 607M->231M(688M) 2.586ms
[113.511s][info][gc] GC(611) Pause Young (Normal) (G1 Evacuation Pause) 611M->232M(688M) 2.493ms
[113.699s][info][gc] GC(612) Pause Young (Normal) (G1 Evacuation Pause) 608M->236M(688M) 2.599ms
[113.889s][info][gc] GC(613) Pause Young (Normal) (G1 Evacuation Pause) 608M->241M(688M) 2.893ms
[114.080s][info][gc] GC(614) Pause Young (Normal) (G1 Evacuation Pause) 609M->243M(688M) 2.501ms
[114.265s][info][gc] GC(615) Pause Young (Normal) (G1 Evacuation Pause) 611M->245M(688M) 2.595ms
[114.459s][info][gc] GC(616) Pause Young (Normal) (G1 Evacuation Pause) 613M->249M(688M) 2.423ms
[114.645s][info][gc] GC(617) Pause Young (Normal) (G1 Evacuation Pause) 609M->252M(688M) 2.394ms
[114.835s][info][gc] GC(618) Pause Young (Normal) (G1 Evacuation Pause) 612M->255M(688M) 2.731ms
[115.013s][info][gc] GC(619) Pause Young (Normal) (G1 Evacuation Pause) 611M->259M(688M) 2.549ms
[115.191s][info][gc] GC(620) Pause Young (Normal) (G1 Evacuation Pause) 611M->261M(688M) 2.675ms
[115.365s][info][gc] GC(621) Pause Young (Concurrent Start) (G1 Evacuation Pause) 613M->265M(688M) 2.316ms
[115.366s][info][gc] GC(622) Concurrent Mark Cycle
[115.378s][info][gc] GC(622) Pause Remark 291M->143M(416M) 0.513ms
[115.383s][info][gc] GC(622) Pause Cleanup 153M->153M(416M) 0.049ms
[115.384s][info][gc] GC(622) Concurrent Mark Cycle 17.988ms
[115.478s][info][gc] GC(623) Pause Young (Prepare Mixed) (G1 Evacuation Pause) 333M->119M(416M) 2.118ms
[115.591s][info][gc] GC(624) Pause Young (Mixed) (G1 Evacuation Pause) 347M->94M(416M) 1.702ms
[115.704s][info][gc] GC(625) Pause Young (Normal) (G1 Evacuation Pause) 322M->96M(416M) 1.820ms
[115.816s][info][gc] GC(626) Pause Young (Normal) (G1 Evacuation Pause) 324M->97M(416M) 1.669ms
[115.936s][info][gc] GC(627) Pause Young (Normal) (G1 Evacuation Pause) 325M->99M(500M) 1.719ms
[116.078s][info][gc] GC(628) Pause Young (Normal) (G1 Evacuation Pause) 379M->101M(500M) 1.787ms
[116.213s][info][gc] GC(629) Pause Young (Normal) (G1 Evacuation Pause) 377M->103M(500M) 1.873ms
[116.352s][info][gc] GC(630) Pause Young (Normal) (G1 Evacuation Pause) 379M->107M(500M) 2.198ms
[116.490s][info][gc] GC(631) Pause Young (Normal) (G1 Evacuation Pause) 383M->108M(500M) 2.006ms
[116.631s][info][gc] GC(632) Pause Young (Normal) (G1 Evacuation Pause) 384M->111M(500M) 1.997ms
[116.764s][info][gc] GC(633) Pause Young (Normal) (G1 Evacuation Pause) 383M->112M(500M) 2.115ms
[116.906s][info][gc] GC(634) Pause Young (Normal) (G1 Evacuation Pause) 388M->114M(500M) 1.976ms
[117.043s][info][gc] GC(635) Pause Young (Normal) (G1 Evacuation Pause) 390M->117M(500M) 1.883ms
[117.183s][info][gc] GC(636) Pause Young (Normal) (G1 Evacuation Pause) 393M->119M(500M) 2.026ms
[117.318s][info][gc] GC(637) Pause Young (Normal) (G1 Evacuation Pause) 395M->123M(500M) 2.084ms
[117.497s][info][gc] GC(638) Pause Young (Normal) (G1 Evacuation Pause) 395M->122M(500M) 1.855ms
[118.077s][info][gc] GC(639) Pause Young (Normal) (G1 Evacuation Pause) 398M->127M(500M) 1.911ms
[118.590s][info][gc] GC(640) Pause Young (Normal) (G1 Evacuation Pause) 399M->129M(500M) 2.173ms
[119.109s][info][gc] GC(641) Pause Young (Normal) (G1 Evacuation Pause) 405M->131M(500M) 2.022ms
[119.636s][info][gc] GC(642) Pause Young (Normal) (G1 Evacuation Pause) 407M->133M(500M) 2.173ms
[120.162s][info][gc] GC(643) Pause Young (Normal) (G1 Evacuation Pause) 409M->135M(500M) 1.987ms
[120.689s][info][gc] GC(644) Pause Young (Normal) (G1 Evacuation Pause) 411M->138M(500M) 2.111ms
[121.203s][info][gc] GC(645) Pause Young (Normal) (G1 Evacuation Pause) 414M->140M(500M) 2.123ms
[121.732s][info][gc] GC(646) Pause Young (Normal) (G1 Evacuation Pause) 416M->143M(500M) 2.000ms
[122.259s][info][gc] GC(647) Pause Young (Normal) (G1 Evacuation Pause) 419M->145M(500M) 1.962ms
[122.785s][info][gc] GC(648) Pause Young (Normal) (G1 Evacuation Pause) 421M->147M(500M) 2.232ms
[123.316s][info][gc] GC(649) Pause Young (Normal) (G1 Evacuation Pause) 423M->149M(500M) 2.155ms
[123.851s][info][gc] GC(650) Pause Young (Normal) (G1 Evacuation Pause) 425M->152M(500M) 2.026ms
[124.370s][info][gc] GC(651) Pause Young (Normal) (G1 Evacuation Pause) 424M->154M(500M) 2.002ms
[124.891s][info][gc] GC(652) Pause Young (Normal) (G1 Evacuation Pause) 426M->156M(500M) 1.996ms
[125.431s][info][gc] GC(653) Pause Young (Normal) (G1 Evacuation Pause) 432M->159M(500M) 1.934ms
[125.947s][info][gc] GC(654) Pause Young (Normal) (G1 Evacuation Pause) 431M->162M(500M) 1.793ms
[126.462s][info][gc] GC(655) Pause Young (Normal) (G1 Evacuation Pause) 434M->164M(500M) 1.880ms
[127.062s][info][gc] GC(656) Pause Young (Normal) (G1 Evacuation Pause) 436M->166M(500M) 2.018ms
[127.579s][info][gc] GC(657) Pause Young (Normal) (G1 Evacuation Pause) 434M->169M(500M) 2.037ms
[128.091s][info][gc] GC(658) Pause Young (Normal) (G1 Evacuation Pause) 441M->171M(500M) 2.066ms
[128.615s][info][gc] GC(659) Pause Young (Normal) (G1 Evacuation Pause) 443M->173M(500M) 2.169ms
[129.128s][info][gc] GC(660) Pause Young (Normal) (G1 Evacuation Pause) 441M->177M(500M) 1.869ms
[129.631s][info][gc] GC(661) Pause Young (Normal) (G1 Evacuation Pause) 441M->177M(500M) 2.000ms
[130.156s][info][gc] GC(662) Pause Young (Normal) (G1 Evacuation Pause) 445M->179M(500M) 1.994ms
[130.659s][info][gc] GC(663) Pause Young (Normal) (G1 Evacuation Pause) 439M->183M(500M) 1.894ms
[131.151s][info][gc] GC(664) Pause Young (Normal) (G1 Evacuation Pause) 439M->185M(500M) 2.287ms
[131.652s][info][gc] GC(665) Pause Young (Concurrent Start) (G1 Evacuation Pause) 445M->187M(500M) 1.744ms
[131.652s][info][gc] GC(666) Concurrent Mark Cycle
[131.657s][info][gc] GC(666) Pause Remark 193M->77M(268M) 0.473ms
[131.658s][info][gc] GC(666) Pause Cleanup 77M->77M(268M) 0.026ms
[131.659s][info][gc] GC(666) Concurrent Mark Cycle 6.829ms
[131.919s][info][gc] GC(667) Pause Young (Prepare Mixed) (G1 Evacuation Pause) 207M->72M(268M) 1.824ms
[132.197s][info][gc] GC(668) Pause Young (Mixed) (G1 Evacuation Pause) 220M->57M(268M) 1.572ms
[132.489s][info][gc] GC(669) Pause Young (Normal) (G1 Evacuation Pause) 205M->58M(268M) 1.342ms
[132.773s][info][gc] GC(670) Pause Young (Normal) (G1 Evacuation Pause) 206M->59M(268M) 1.286ms
[133.058s][info][gc] GC(671) Pause Young (Normal) (G1 Evacuation Pause) 207M->61M(268M) 1.185ms
[133.335s][info][gc] GC(672) Pause Young (Normal) (G1 Evacuation Pause) 209M->63M(268M) 1.298ms
[133.625s][info][gc] GC(673) Pause Young (Normal) (G1 Evacuation Pause) 211M->63M(268M) 1.194ms
[133.914s][info][gc] GC(674) Pause Young (Normal) (G1 Evacuation Pause) 211M->65M(268M) 1.330ms
[134.202s][info][gc] GC(675) Pause Young (Normal) (G1 Evacuation Pause) 213M->66M(268M) 1.255ms
[134.487s][info][gc] GC(676) Pause Young (Normal) (G1 Evacuation Pause) 214M->67M(268M) 1.267ms
[134.776s][info][gc] GC(677) Pause Young (Normal) (G1 Evacuation Pause) 215M->68M(268M) 1.215ms
[135.057s][info][gc] GC(678) Pause Young (Normal) (G1 Evacuation Pause) 216M->70M(268M) 1.428ms
[135.346s][info][gc] GC(679) Pause Young (Normal) (G1 Evacuation Pause) 218M->71M(268M) 1.244ms
[135.625s][info][gc] GC(680) Pause Young (Normal) (G1 Evacuation Pause) 219M->72M(268M) 1.196ms
[135.984s][info][gc] GC(681) Pause Young (Normal) (G1 Evacuation Pause) 220M->74M(268M) 1.397ms
[136.257s][info][gc] GC(682) Pause Young (Normal) (G1 Evacuation Pause) 218M->76M(268M) 1.539ms
[136.548s][info][gc] GC(683) Pause Young (Normal) (G1 Evacuation Pause) 224M->77M(268M) 1.598ms
[136.830s][info][gc] GC(684) Pause Young (Normal) (G1 Evacuation Pause) 225M->78M(268M) 1.230ms
[137.116s][info][gc] GC(685) Pause Young (Normal) (G1 Evacuation Pause) 226M->80M(268M) 1.375ms
[137.391s][info][gc] GC(686) Pause Young (Normal) (G1 Evacuation Pause) 228M->81M(268M) 1.553ms
[137.676s][info][gc] GC(687) Pause Young (Normal) (G1 Evacuation Pause) 229M->82M(268M) 1.275ms
[137.955s][info][gc] GC(688) Pause Young (Normal) (G1 Evacuation Pause) 230M->84M(268M) 1.481ms
[138.234s][info][gc] GC(689) Pause Young (Normal) (G1 Evacuation Pause) 232M->85M(268M) 1.359ms
[138.527s][info][gc] GC(690) Pause Young (Normal) (G1 Evacuation Pause) 233M->86M(268M) 1.310ms
[138.799s][info][gc] GC(691) Pause Young (Normal) (G1 Evacuation Pause) 226M->87M(268M) 1.423ms
[139.076s][info][gc] GC(692) Pause Young (Normal) (G1 Evacuation Pause) 235M->88M(268M) 1.188ms
[139.357s][info][gc] GC(693) Pause Young (Normal) (G1 Evacuation Pause) 236M->90M(268M) 1.259ms
[139.621s][info][gc] GC(694) Pause Young (Normal) (G1 Evacuation Pause) 226M->90M(268M) 1.325ms
[139.899s][info][gc] GC(695) Pause Young (Normal) (G1 Evacuation Pause) 234M->93M(268M) 1.274ms
[140.147s][info][gc] GC(696) Pause Young (Normal) (G1 Evacuation Pause) 229M->93M(268M) 1.167ms
[140.412s][info][gc] GC(697) Pause Young (Normal) (G1 Evacuation Pause) 233M->94M(268M) 1.195ms
[140.681s][info][gc] GC(698) Pause Young (Normal) (G1 Evacuation Pause) 234M->95M(268M) 1.315ms
[140.949s][info][gc] GC(699) Pause Young (Normal) (G1 Evacuation Pause) 235M->97M(268M) 1.242ms
[141.214s][info][gc] GC(700) Pause Young (Normal) (G1 Evacuation Pause) 233M->98M(268M) 1.201ms
[141.471s][info][gc] GC(701) Pause Young (Normal) (G1 Evacuation Pause) 234M->99M(268M) 1.286ms
[141.740s][info][gc] GC(702) Pause Young (Normal) (G1 Evacuation Pause) 235M->101M(268M) 1.194ms
[141.988s][info][gc] GC(703) Pause Young (Concurrent Start) (G1 Evacuation Pause) 233M->101M(268M) 1.206ms
[141.989s][info][gc] GC(704) Concurrent Mark Cycle
[141.995s][info][gc] GC(704) Pause Remark 105M->77M(268M) 0.398ms
[141.998s][info][gc] GC(704) Pause Cleanup 79M->79M(268M) 0.039ms
[141.998s][info][gc] GC(704) Concurrent Mark Cycle 9.957ms
[142.232s][info][gc] GC(705) Pause Young (Prepare Mixed) (G1 Evacuation Pause) 205M->74M(268M) 1.299ms
[142.513s][info][gc] GC(706) Pause Young (Mixed) (G1 Evacuation Pause) 222M->65M(268M) 1.464ms
[142.798s][info][gc] GC(707) Pause Young (Normal) (G1 Evacuation Pause) 213M->66M(268M) 1.224ms
[143.080s][info][gc] GC(708) Pause Young (Normal) (G1 Evacuation Pause) 214M->67M(268M) 1.253ms
[143.361s][info][gc] GC(709) Pause Young (Normal) (G1 Evacuation Pause) 215M->69M(268M) 1.307ms
[143.645s][info][gc] GC(710) Pause Young (Normal) (G1 Evacuation Pause) 217M->70M(268M) 1.194ms
[143.935s][info][gc] GC(711) Pause Young (Normal) (G1 Evacuation Pause) 218M->70M(268M) 1.206ms
[144.233s][info][gc] GC(712) Pause Young (Normal) (G1 Evacuation Pause) 218M->72M(268M) 1.218ms
[144.527s][info][gc] GC(713) Pause Young (Normal) (G1 Evacuation Pause) 220M->73M(268M) 1.452ms
[144.809s][info][gc] GC(714) Pause Young (Normal) (G1 Evacuation Pause) 221M->74M(268M) 1.207ms
[145.177s][info][gc] GC(715) Pause Young (Normal) (G1 Evacuation Pause) 222M->76M(268M) 1.324ms
[145.450s][info][gc] GC(716) Pause Young (Normal) (G1 Evacuation Pause) 220M->78M(268M) 1.503ms
[145.731s][info][gc] GC(717) Pause Young (Normal) (G1 Evacuation Pause) 226M->79M(268M) 1.354ms
[146.018s][info][gc] GC(718) Pause Young (Normal) (G1 Evacuation Pause) 227M->80M(268M) 1.410ms
[146.302s][info][gc] GC(719) Pause Young (Normal) (G1 Evacuation Pause) 228M->81M(268M) 1.409ms
[146.580s][info][gc] GC(720) Pause Young (Normal) (G1 Evacuation Pause) 229M->82M(268M) 1.300ms
[146.867s][info][gc] GC(721) Pause Young (Normal) (G1 Evacuation Pause) 230M->84M(268M) 1.451ms
[147.147s][info][gc] GC(722) Pause Young (Normal) (G1 Evacuation Pause) 232M->84M(268M) 1.431ms
[147.436s][info][gc] GC(723) Pause Young (Normal) (G1 Evacuation Pause) 232M->86M(268M) 1.516ms
[147.718s][info][gc] GC(724) Pause Young (Normal) (G1 Evacuation Pause) 234M->87M(268M) 1.233ms
[148.006s][info][gc] GC(725) Pause Young (Normal) (G1 Evacuation Pause) 235M->89M(268M) 1.379ms
[148.286s][info][gc] GC(726) Pause Young (Normal) (G1 Evacuation Pause) 233M->91M(268M) 1.478ms
[148.548s][info][gc] GC(727) Pause Young (Normal) (G1 Evacuation Pause) 227M->91M(268M) 1.257ms
[148.822s][info][gc] GC(728) Pause Young (Normal) (G1 Evacuation Pause) 235M->92M(268M) 1.216ms
[149.094s][info][gc] GC(729) Pause Young (Normal) (G1 Evacuation Pause) 236M->94M(268M) 1.185ms
[149.365s][info][gc] GC(730) Pause Young (Normal) (G1 Evacuation Pause) 234M->95M(268M) 1.465ms
[149.625s][info][gc] GC(731) Pause Young (Normal) (G1 Evacuation Pause) 227M->96M(268M) 1.163ms
[149.886s][info][gc] GC(732) Pause Young (Normal) (G1 Evacuation Pause) 236M->97M(268M) 1.355ms
[150.148s][info][gc] GC(733) Pause Young (Normal) (G1 Evacuation Pause) 233M->98M(268M) 1.315ms
[150.413s][info][gc] GC(734) Pause Young (Normal) (G1 Evacuation Pause) 234M->99M(268M) 1.160ms
[150.675s][info][gc] GC(735) Pause Young (Normal) (G1 Evacuation Pause) 235M->100M(268M) 1.144ms
[150.917s][info][gc] GC(736) Pause Young (Concurrent Start) (G1 Evacuation Pause) 232M->102M(268M) 1.238ms
[150.917s][info][gc] GC(737) Concurrent Mark Cycle
[150.923s][info][gc] GC(737) Pause Remark 108M->76M(256M) 0.392ms
[150.927s][info][gc] GC(737) Pause Cleanup 76M->76M(256M) 0.030ms
[150.927s][info][gc] GC(737) Concurrent Mark Cycle 10.351ms
[151.180s][info][gc] GC(738) Pause Young (Prepare Mixed) (G1 Evacuation Pause) 202M->70M(256M) 1.195ms
[151.446s][info][gc] GC(739) Pause Young (Mixed) (G1 Evacuation Pause) 210M->61M(256M) 1.336ms
[151.714s][info][gc] GC(740) Pause Young (Normal) (G1 Evacuation Pause) 201M->62M(256M) 1.257ms
[151.985s][info][gc] GC(741) Pause Young (Normal) (G1 Evacuation Pause) 202M->63M(256M) 1.199ms
[152.251s][info][gc] GC(742) Pause Young (Normal) (G1 Evacuation Pause) 203M->64M(256M) 1.305ms
[152.516s][info][gc] GC(743) Pause Young (Normal) (G1 Evacuation Pause) 204M->66M(256M) 1.246ms
[152.787s][info][gc] GC(744) Pause Young (Normal) (G1 Evacuation Pause) 206M->66M(256M) 1.208ms
[153.058s][info][gc] GC(745) Pause Young (Normal) (G1 Evacuation Pause) 206M->67M(256M) 1.212ms
[153.327s][info][gc] GC(746) Pause Young (Normal) (G1 Evacuation Pause) 207M->69M(256M) 1.186ms
[153.595s][info][gc] GC(747) Pause Young (Normal) (G1 Evacuation Pause) 209M->70M(256M) 1.271ms
[153.860s][info][gc] GC(748) Pause Young (Normal) (G1 Evacuation Pause) 210M->71M(256M) 1.092ms
[154.212s][info][gc] GC(749) Pause Young (Normal) (G1 Evacuation Pause) 211M->73M(256M) 1.120ms
[154.482s][info][gc] GC(750) Pause Young (Normal) (G1 Evacuation Pause) 213M->74M(256M) 1.409ms
[154.759s][info][gc] GC(751) Pause Young (Normal) (G1 Evacuation Pause) 214M->76M(256M) 1.398ms
[155.042s][info][gc] GC(752) Pause Young (Normal) (G1 Evacuation Pause) 216M->77M(256M) 1.306ms
[155.310s][info][gc] GC(753) Pause Young (Normal) (G1 Evacuation Pause) 217M->78M(256M) 1.226ms
[155.573s][info][gc] GC(754) Pause Young (Normal) (G1 Evacuation Pause) 214M->80M(256M) 1.435ms
[155.837s][info][gc] GC(755) Pause Young (Normal) (G1 Evacuation Pause) 220M->80M(256M) 1.356ms
[156.104s][info][gc] GC(756) Pause Young (Normal) (G1 Evacuation Pause) 220M->82M(256M) 1.607ms
[156.374s][info][gc] GC(757) Pause Young (Normal) (G1 Evacuation Pause) 222M->83M(256M) 1.375ms
[156.637s][info][gc] GC(758) Pause Young (Normal) (G1 Evacuation Pause) 223M->84M(256M) 1.262ms
[156.906s][info][gc] GC(759) Pause Young (Normal) (G1 Evacuation Pause) 224M->85M(256M) 1.291ms
[157.163s][info][gc] GC(760) Pause Young (Normal) (G1 Evacuation Pause) 221M->86M(256M) 1.149ms
[157.423s][info][gc] GC(761) Pause Young (Normal) (G1 Evacuation Pause) 222M->88M(256M) 1.268ms
[157.674s][info][gc] GC(762) Pause Young (Normal) (G1 Evacuation Pause) 224M->88M(256M) 1.138ms
[157.935s][info][gc] GC(763) Pause Young (Normal) (G1 Evacuation Pause) 220M->90M(256M) 1.187ms
[158.187s][info][gc] GC(764) Pause Young (Normal) (G1 Evacuation Pause) 222M->91M(256M) 1.242ms
[158.438s][info][gc] GC(765) Pause Young (Normal) (G1 Evacuation Pause) 223M->93M(256M) 1.251ms
[158.672s][info][gc] GC(766) Pause Young (Normal) (G1 Evacuation Pause) 217M->94M(256M) 1.294ms
[158.918s][info][gc] GC(767) Pause Young (Normal) (G1 Evacuation Pause) 222M->94M(256M) 1.159ms
[159.153s][info][gc] GC(768) Pause Young (Normal) (G1 Evacuation Pause) 222M->96M(256M) 1.189ms
[159.384s][info][gc] GC(769) Pause Young (Normal) (G1 Evacuation Pause) 216M->96M(256M) 1.233ms
[159.633s][info][gc] GC(770) Pause Young (Normal) (G1 Evacuation Pause) 224M->97M(256M) 1.259ms
[159.863s][info][gc] GC(771) Pause Young (Concurrent Start) (G1 Evacuation Pause) 221M->99M(256M) 1.247ms
[159.863s][info][gc] GC(772) Concurrent Mark Cycle
[159.869s][info][gc] GC(772) Pause Remark 103M->71M(240M) 0.413ms
[159.873s][info][gc] GC(772) Pause Cleanup 73M->73M(240M) 0.044ms
[159.873s][info][gc] GC(772) Concurrent Mark Cycle 9.796ms
[160.112s][info][gc] GC(773) Pause Young (Prepare Mixed) (G1 Evacuation Pause) 195M->68M(240M) 1.270ms
[160.366s][info][gc] GC(774) Pause Young (Mixed) (G1 Evacuation Pause) 200M->61M(240M) 1.556ms
[160.616s][info][gc] GC(775) Pause Young (Normal) (G1 Evacuation Pause) 193M->63M(240M) 1.350ms
[160.863s][info][gc] GC(776) Pause Young (Normal) (G1 Evacuation Pause) 195M->64M(240M) 1.224ms
[161.118s][info][gc] GC(777) Pause Young (Normal) (G1 Evacuation Pause) 196M->65M(240M) 1.449ms
[161.371s][info][gc] GC(778) Pause Young (Normal) (G1 Evacuation Pause) 197M->66M(240M) 1.374ms
[161.619s][info][gc] GC(779) Pause Young (Normal) (G1 Evacuation Pause) 198M->67M(240M) 1.293ms
[161.880s][info][gc] GC(780) Pause Young (Normal) (G1 Evacuation Pause) 199M->68M(240M) 1.300ms
[162.117s][info][gc] GC(781) Pause Young (Normal) (G1 Evacuation Pause) 200M->68M(240M) 1.281ms
[162.377s][info][gc] GC(782) Pause Young (Normal) (G1 Evacuation Pause) 200M->70M(240M) 1.220ms
[162.632s][info][gc] GC(783) Pause Young (Normal) (G1 Evacuation Pause) 202M->71M(240M) 1.302ms
[162.890s][info][gc] GC(784) Pause Young (Normal) (G1 Evacuation Pause) 203M->72M(240M) 1.460ms
[163.148s][info][gc] GC(785) Pause Young (Normal) (G1 Evacuation Pause) 204M->73M(240M) 1.335ms
[163.376s][info][gc] GC(786) Pause Young (Normal) (G1 Evacuation Pause) 205M->78M(240M) 1.455ms
[163.442s][info][gc] GC(787) Pause Young (Normal) (G1 Evacuation Pause) 206M->78M(240M) 1.426ms
[163.509s][info][gc] GC(788) Pause Young (Normal) (G1 Evacuation Pause) 210M->81M(240M) 1.282ms
[163.575s][info][gc] GC(789) Pause Young (Normal) (G1 Evacuation Pause) 205M->81M(240M) 1.380ms
[163.647s][info][gc] GC(790) Pause Young (Normal) (G1 Evacuation Pause) 209M->83M(240M) 1.323ms
[163.707s][info][gc] GC(791) Pause Young (Normal) (G1 Evacuation Pause) 211M->84M(288M) 1.539ms
[163.789s][info][gc] GC(792) Pause Young (Normal) (G1 Evacuation Pause) 244M->86M(288M) 1.602ms
[163.868s][info][gc] GC(793) Pause Young (Normal) (G1 Evacuation Pause) 242M->87M(288M) 1.561ms
[163.950s][info][gc] GC(794) Pause Young (Normal) (G1 Evacuation Pause) 247M->88M(288M) 1.367ms
[164.037s][info][gc] GC(795) Pause Young (Normal) (G1 Evacuation Pause) 244M->89M(348M) 1.488ms
[164.137s][info][gc] GC(796) Pause Young (Normal) (G1 Evacuation Pause) 281M->91M(348M) 1.601ms
[164.235s][info][gc] GC(797) Pause Young (Normal) (G1 Evacuation Pause) 283M->93M(348M) 1.640ms
[164.330s][info][gc] GC(798) Pause Young (Normal) (G1 Evacuation Pause) 281M->94M(348M) 1.803ms
[164.431s][info][gc] GC(799) Pause Young (Normal) (G1 Evacuation Pause) 282M->96M(420M) 1.835ms
[164.549s][info][gc] GC(800) Pause Young (Normal) (G1 Evacuation Pause) 328M->98M(420M) 1.743ms
[164.666s][info][gc] GC(801) Pause Young (Normal) (G1 Evacuation Pause) 330M->100M(420M) 1.798ms
[164.784s][info][gc] GC(802) Pause Young (Normal) (G1 Evacuation Pause) 332M->102M(420M) 1.732ms
[164.906s][info][gc] GC(803) Pause Young (Normal) (G1 Evacuation Pause) 334M->102M(504M) 1.837ms
[165.051s][info][gc] GC(804) Pause Young (Normal) (G1 Evacuation Pause) 382M->106M(504M) 1.880ms
[165.195s][info][gc] GC(805) Pause Young (Normal) (G1 Evacuation Pause) 382M->107M(504M) 1.821ms
[165.342s][info][gc] GC(806) Pause Young (Normal) (G1 Evacuation Pause) 383M->111M(504M) 2.000ms
[165.473s][info][gc] GC(807) Pause Young (Normal) (G1 Evacuation Pause) 383M->113M(504M) 2.025ms
[165.621s][info][gc] GC(808) Pause Young (Normal) (G1 Evacuation Pause) 389M->115M(504M) 2.252ms
[165.754s][info][gc] GC(809) Pause Young (Normal) (G1 Evacuation Pause) 387M->117M(504M) 2.135ms
[165.896s][info][gc] GC(810) Pause Young (Normal) (G1 Evacuation Pause) 393M->120M(504M) 1.835ms
[166.035s][info][gc] GC(811) Pause Young (Normal) (G1 Evacuation Pause) 396M->121M(504M) 2.353ms
[166.180s][info][gc] GC(812) Pause Young (Normal) (G1 Evacuation Pause) 397M->125M(504M) 1.875ms
[166.316s][info][gc] GC(813) Pause Young (Normal) (G1 Evacuation Pause) 397M->127M(504M) 2.095ms
[166.449s][info][gc] GC(814) Pause Young (Normal) (G1 Evacuation Pause) 399M->128M(504M) 2.027ms
[166.595s][info][gc] GC(815) Pause Young (Normal) (G1 Evacuation Pause) 404M->131M(504M) 1.974ms
[166.727s][info][gc] GC(816) Pause Young (Normal) (G1 Evacuation Pause) 403M->133M(504M) 1.863ms
[166.873s][info][gc] GC(817) Pause Young (Normal) (G1 Evacuation Pause) 409M->138M(504M) 2.097ms
[167.006s][info][gc] GC(818) Pause Young (Normal) (G1 Evacuation Pause) 410M->138M(504M) 2.280ms
[167.152s][info][gc] GC(819) Pause Young (Normal) (G1 Evacuation Pause) 414M->141M(504M) 2.156ms
[167.284s][info][gc] GC(820) Pause Young (Normal) (G1 Evacuation Pause) 413M->144M(504M) 2.216ms
[167.428s][info][gc] GC(821) Pause Young (Normal) (G1 Evacuation Pause) 416M->144M(504M) 1.827ms
[167.566s][info][gc] GC(822) Pause Young (Normal) (G1 Evacuation Pause) 420M->147M(504M) 2.071ms
[167.703s][info][gc] GC(823) Pause Young (Normal) (G1 Evacuation Pause) 423M->149M(504M) 2.016ms
[167.846s][info][gc] GC(824) Pause Young (Normal) (G1 Evacuation Pause) 425M->152M(504M) 2.001ms
[167.979s][info][gc] GC(825) Pause Young (Normal) (G1 Evacuation Pause) 428M->154M(504M) 1.957ms
[168.122s][info][gc] GC(826) Pause Young (Normal) (G1 Evacuation Pause) 430M->157M(504M) 2.234ms
[168.369s][info][gc] GC(827) Pause Young (Normal) (G1 Evacuation Pause) 429M->161M(504M) 2.310ms
[168.500s][info][gc] GC(828) Pause Young (Normal) (G1 Evacuation Pause) 437M->163M(504M) 2.194ms
[168.644s][info][gc] GC(829) Pause Young (Normal) (G1 Evacuation Pause) 439M->165M(504M) 2.125ms
[168.779s][info][gc] GC(830) Pause Young (Normal) (G1 Evacuation Pause) 441M->168M(504M) 2.052ms
[168.925s][info][gc] GC(831) Pause Young (Normal) (G1 Evacuation Pause) 444M->170M(504M) 2.180ms
[169.059s][info][gc] GC(832) Pause Young (Normal) (G1 Evacuation Pause) 446M->172M(504M) 2.255ms
[169.198s][info][gc] GC(833) Pause Young (Normal) (G1 Evacuation Pause) 444M->174M(504M) 2.172ms
[169.338s][info][gc] GC(834) Pause Young (Normal) (G1 Evacuation Pause) 446M->177M(504M) 2.298ms
[169.474s][info][gc] GC(835) Pause Young (Normal) (G1 Evacuation Pause) 445M->179M(504M) 2.016ms
[169.617s][info][gc] GC(836) Pause Young (Normal) (G1 Evacuation Pause) 443M->183M(504M) 2.203ms
[169.746s][info][gc] GC(837) Pause Young (Normal) (G1 Evacuation Pause) 447M->184M(504M) 1.882ms
[169.890s][info][gc] GC(838) Pause Young (Normal) (G1 Evacuation Pause) 448M->187M(504M) 1.932ms
[170.020s][info][gc] GC(839) Pause Young (Concurrent Start) (G1 Evacuation Pause) 443M->188M(504M) 2.052ms
[170.020s][info][gc] GC(840) Concurrent Mark Cycle
[170.028s][info][gc] GC(840) Pause Remark 206M->102M(308M) 0.423ms
[170.033s][info][gc] GC(840) Pause Cleanup 106M->106M(308M) 0.070ms
[170.033s][info][gc] GC(840) Concurrent Mark Cycle 13.504ms
[170.114s][info][gc] GC(841) Pause Young (Prepare Mixed) (G1 Evacuation Pause) 244M->86M(308M) 1.843ms
[170.217s][info][gc] GC(842) Pause Young (Mixed) (G1 Evacuation Pause) 254M->68M(308M) 1.695ms
[170.301s][info][gc] GC(843) Pause Young (Normal) (G1 Evacuation Pause) 236M->69M(308M) 1.397ms
[170.383s][info][gc] GC(844) Pause Young (Normal) (G1 Evacuation Pause) 237M->70M(372M) 1.469ms
[170.488s][info][gc] GC(845) Pause Young (Normal) (G1 Evacuation Pause) 274M->72M(372M) 1.620ms
[170.589s][info][gc] GC(846) Pause Young (Normal) (G1 Evacuation Pause) 272M->73M(372M) 1.718ms
[170.695s][info][gc] GC(847) Pause Young (Normal) (G1 Evacuation Pause) 277M->75M(372M) 1.441ms
[170.796s][info][gc] GC(848) Pause Young (Normal) (G1 Evacuation Pause) 275M->77M(448M) 1.548ms
[170.920s][info][gc] GC(849) Pause Young (Normal) (G1 Evacuation Pause) 329M->79M(448M) 1.725ms
[171.043s][info][gc] GC(850) Pause Young (Normal) (G1 Evacuation Pause) 327M->81M(448M) 1.648ms
[171.175s][info][gc] GC(851) Pause Young (Normal) (G1 Evacuation Pause) 329M->84M(448M) 1.753ms
[171.293s][info][gc] GC(852) Pause Young (Normal) (G1 Evacuation Pause) 328M->85M(448M) 1.849ms
[171.416s][info][gc] GC(853) Pause Young (Normal) (G1 Evacuation Pause) 329M->88M(448M) 1.939ms
[171.543s][info][gc] GC(854) Pause Young (Normal) (G1 Evacuation Pause) 332M->89M(448M) 1.742ms
[171.669s][info][gc] GC(855) Pause Young (Normal) (G1 Evacuation Pause) 337M->91M(448M) 1.979ms
[171.789s][info][gc] GC(856) Pause Young (Normal) (G1 Evacuation Pause) 335M->94M(448M) 1.843ms
[171.911s][info][gc] GC(857) Pause Young (Normal) (G1 Evacuation Pause) 338M->96M(540M) 1.802ms
[172.071s][info][gc] GC(858) Pause Young (Normal) (G1 Evacuation Pause) 396M->98M(540M) 2.207ms
[172.223s][info][gc] GC(859) Pause Young (Normal) (G1 Evacuation Pause) 398M->100M(540M) 2.113ms
[172.369s][info][gc] GC(860) Pause Young (Normal) (G1 Evacuation Pause) 396M->103M(540M) 2.042ms
[172.521s][info][gc] GC(861) Pause Young (Normal) (G1 Evacuation Pause) 399M->106M(540M) 2.261ms
[172.669s][info][gc] GC(862) Pause Young (Normal) (G1 Evacuation Pause) 402M->109M(540M) 2.180ms
[172.834s][info][gc] GC(863) Pause Young (Normal) (G1 Evacuation Pause) 405M->111M(540M) 2.300ms
[172.980s][info][gc] GC(864) Pause Young (Normal) (G1 Evacuation Pause) 407M->113M(540M) 2.180ms
[173.130s][info][gc] GC(865) Pause Young (Normal) (G1 Evacuation Pause) 409M->115M(540M) 2.184ms
[173.455s][info][gc] GC(866) Pause Young (Normal) (G1 Evacuation Pause) 411M->120M(540M) 2.387ms
[173.747s][info][gc] GC(867) Pause Young (Normal) (G1 Evacuation Pause) 416M->121M(540M) 2.260ms
[174.034s][info][gc] GC(868) Pause Young (Normal) (G1 Evacuation Pause) 417M->123M(540M) 2.252ms
[174.316s][info][gc] GC(869) Pause Young (Normal) (G1 Evacuation Pause) 419M->125M(540M) 2.296ms
[174.614s][info][gc] GC(870) Pause Young (Normal) (G1 Evacuation Pause) 421M->127M(540M) 2.385ms
[174.904s][info][gc] GC(871) Pause Young (Normal) (G1 Evacuation Pause) 423M->130M(540M) 2.282ms
[175.194s][info][gc] GC(872) Pause Young (Normal) (G1 Evacuation Pause) 426M->133M(540M) 2.103ms
[175.483s][info][gc] GC(873) Pause Young (Normal) (G1 Evacuation Pause) 429M->135M(540M) 2.240ms
[175.772s][info][gc] GC(874) Pause Young (Normal) (G1 Evacuation Pause) 431M->138M(540M) 2.653ms
[176.062s][info][gc] GC(875) Pause Young (Normal) (G1 Evacuation Pause) 434M->140M(540M) 2.156ms
[176.349s][info][gc] GC(876) Pause Young (Normal) (G1 Evacuation Pause) 440M->143M(540M) 2.008ms
[176.647s][info][gc] GC(877) Pause Young (Normal) (G1 Evacuation Pause) 439M->145M(540M) 2.092ms
[176.931s][info][gc] GC(878) Pause Young (Normal) (G1 Evacuation Pause) 441M->148M(540M) 2.162ms
[177.221s][info][gc] GC(879) Pause Young (Normal) (G1 Evacuation Pause) 448M->151M(540M) 2.145ms
[177.507s][info][gc] GC(880) Pause Young (Normal) (G1 Evacuation Pause) 447M->152M(540M) 2.283ms
[177.797s][info][gc] GC(881) Pause Young (Normal) (G1 Evacuation Pause) 452M->155M(540M) 2.085ms
[178.198s][info][gc] GC(882) Pause Young (Normal) (G1 Evacuation Pause) 451M->159M(540M) 2.265ms
[178.487s][info][gc] GC(883) Pause Young (Normal) (G1 Evacuation Pause) 455M->163M(540M) 2.368ms
[178.770s][info][gc] GC(884) Pause Young (Normal) (G1 Evacuation Pause) 459M->163M(540M) 2.273ms
[179.057s][info][gc] GC(885) Pause Young (Normal) (G1 Evacuation Pause) 459M->166M(540M) 2.375ms
[179.352s][info][gc] GC(886) Pause Young (Normal) (G1 Evacuation Pause) 462M->170M(540M) 2.295ms
[179.643s][info][gc] GC(887) Pause Young (Normal) (G1 Evacuation Pause) 466M->172M(540M) 2.085ms
[179.934s][info][gc] GC(888) Pause Young (Normal) (G1 Evacuation Pause) 468M->175M(540M) 2.234ms
[180.221s][info][gc] GC(889) Pause Young (Normal) (G1 Evacuation Pause) 471M->177M(540M) 2.192ms
[180.504s][info][gc] GC(890) Pause Young (Normal) (G1 Evacuation Pause) 473M->179M(540M) 2.376ms
[180.787s][info][gc] GC(891) Pause Young (Normal) (G1 Evacuation Pause) 471M->183M(540M) 2.244ms
[181.067s][info][gc] GC(892) Pause Young (Normal) (G1 Evacuation Pause) 471M->184M(540M) 2.096ms
[181.341s][info][gc] GC(893) Pause Young (Normal) (G1 Evacuation Pause) 468M->187M(540M) 2.057ms
[181.616s][info][gc] GC(894) Pause Young (Normal) (G1 Evacuation Pause) 471M->190M(540M) 2.073ms
[181.893s][info][gc] GC(895) Pause Young (Normal) (G1 Evacuation Pause) 470M->192M(540M) 1.862ms
[182.171s][info][gc] GC(896) Pause Young (Normal) (G1 Evacuation Pause) 476M->193M(540M) 1.883ms
[182.447s][info][gc] GC(897) Pause Young (Normal) (G1 Evacuation Pause) 477M->196M(540M) 2.008ms
[182.827s][info][gc] GC(898) Pause Young (Normal) (G1 Evacuation Pause) 476M->199M(540M) 2.287ms
[183.093s][info][gc] GC(899) Pause Young (Normal) (G1 Evacuation Pause) 471M->201M(540M) 1.933ms
[183.368s][info][gc] GC(900) Pause Young (Normal) (G1 Evacuation Pause) 477M->203M(540M) 1.994ms
[183.628s][info][gc] GC(901) Pause Young (Concurrent Start) (G1 Evacuation Pause) 475M->205M(540M) 2.122ms
[183.628s][info][gc] GC(902) Concurrent Mark Cycle
[183.634s][info][gc] GC(902) Pause Remark 209M->83M(280M) 0.464ms
[183.635s][info][gc] GC(902) Pause Cleanup 83M->83M(280M) 0.069ms
[183.636s][info][gc] GC(902) Concurrent Mark Cycle 7.252ms
[183.769s][info][gc] GC(903) Pause Young (Prepare Mixed) (G1 Evacuation Pause) 223M->82M(280M) 1.819ms
[183.915s][info][gc] GC(904) Pause Young (Mixed) (G1 Evacuation Pause) 230M->64M(280M) 1.578ms
[184.062s][info][gc] GC(905) Pause Young (Normal) (G1 Evacuation Pause) 216M->65M(280M) 1.609ms
[184.209s][info][gc] GC(906) Pause Young (Normal) (G1 Evacuation Pause) 217M->67M(336M) 1.342ms
[184.395s][info][gc] GC(907) Pause Young (Normal) (G1 Evacuation Pause) 251M->68M(336M) 1.507ms
[184.577s][info][gc] GC(908) Pause Young (Normal) (G1 Evacuation Pause) 252M->70M(336M) 1.545ms
[184.757s][info][gc] GC(909) Pause Young (Normal) (G1 Evacuation Pause) 250M->71M(336M) 1.716ms
[184.942s][info][gc] GC(910) Pause Young (Normal) (G1 Evacuation Pause) 255M->73M(336M) 1.648ms
[185.124s][info][gc] GC(911) Pause Young (Normal) (G1 Evacuation Pause) 257M->74M(336M) 1.510ms
[185.287s][info][gc] GC(912) Pause Young (Normal) (G1 Evacuation Pause) 254M->75M(336M) 1.565ms
[185.472s][info][gc] GC(913) Pause Young (Normal) (G1 Evacuation Pause) 259M->77M(336M) 1.555ms
[185.653s][info][gc] GC(914) Pause Young (Normal) (G1 Evacuation Pause) 261M->79M(336M) 1.419ms
[185.829s][info][gc] GC(915) Pause Young (Normal) (G1 Evacuation Pause) 259M->81M(336M) 1.633ms
[186.012s][info][gc] GC(916) Pause Young (Normal) (G1 Evacuation Pause) 261M->82M(336M) 1.632ms
[186.186s][info][gc] GC(917) Pause Young (Normal) (G1 Evacuation Pause) 262M->83M(336M) 1.467ms
[186.368s][info][gc] GC(918) Pause Young (Normal) (G1 Evacuation Pause) 267M->84M(336M) 1.458ms
[186.547s][info][gc] GC(919) Pause Young (Normal) (G1 Evacuation Pause) 268M->87M(336M) 1.524ms
[186.730s][info][gc] GC(920) Pause Young (Normal) (G1 Evacuation Pause) 271M->88M(336M) 1.668ms
[186.911s][info][gc] GC(921) Pause Young (Normal) (G1 Evacuation Pause) 272M->89M(336M) 1.552ms
[187.092s][info][gc] GC(922) Pause Young (Normal) (G1 Evacuation Pause) 269M->91M(336M) 1.495ms
[187.266s][info][gc] GC(923) Pause Young (Normal) (G1 Evacuation Pause) 271M->93M(336M) 1.562ms
[187.526s][info][gc] GC(924) Pause Young (Normal) (G1 Evacuation Pause) 277M->93M(336M) 1.599ms
[187.727s][info][gc] GC(925) Pause Young (Normal) (G1 Evacuation Pause) 277M->97M(336M) 1.516ms
[187.906s][info][gc] GC(926) Pause Young (Normal) (G1 Evacuation Pause) 277M->98M(336M) 1.507ms
[188.079s][info][gc] GC(927) Pause Young (Normal) (G1 Evacuation Pause) 278M->99M(336M) 1.591ms
[188.258s][info][gc] GC(928) Pause Young (Normal) (G1 Evacuation Pause) 283M->101M(336M) 1.634ms
[188.432s][info][gc] GC(929) Pause Young (Normal) (G1 Evacuation Pause) 281M->103M(336M) 1.746ms
[188.614s][info][gc] GC(930) Pause Young (Normal) (G1 Evacuation Pause) 283M->105M(336M) 1.667ms
[188.788s][info][gc] GC(931) Pause Young (Normal) (G1 Evacuation Pause) 285M->106M(336M) 1.864ms
[188.962s][info][gc] GC(932) Pause Young (Normal) (G1 Evacuation Pause) 286M->107M(336M) 1.622ms
[189.137s][info][gc] GC(933) Pause Young (Normal) (G1 Evacuation Pause) 287M->109M(336M) 1.677ms
[189.303s][info][gc] GC(934) Pause Young (Normal) (G1 Evacuation Pause) 285M->110M(336M) 1.626ms
[189.480s][info][gc] GC(935) Pause Young (Normal) (G1 Evacuation Pause) 294M->111M(336M) 1.541ms
[189.654s][info][gc] GC(936) Pause Young (Normal) (G1 Evacuation Pause) 287M->114M(336M) 1.556ms
[189.826s][info][gc] GC(937) Pause Young (Normal) (G1 Evacuation Pause) 286M->115M(336M) 1.648ms
[189.999s][info][gc] GC(938) Pause Young (Normal) (G1 Evacuation Pause) 291M->117M(336M) 1.494ms
[190.171s][info][gc] GC(939) Pause Young (Normal) (G1 Evacuation Pause) 293M->117M(336M) 1.369ms
[190.342s][info][gc] GC(940) Pause Young (Normal) (G1 Evacuation Pause) 289M->119M(336M) 1.316ms
[190.504s][info][gc] GC(941) Pause Young (Normal) (G1 Evacuation Pause) 291M->120M(336M) 1.372ms
[190.671s][info][gc] GC(942) Pause Young (Normal) (G1 Evacuation Pause) 292M->122M(336M) 1.233ms
[190.829s][info][gc] GC(943) Pause Young (Concurrent Start) (G1 Evacuation Pause) 290M->124M(336M) 1.415ms
[190.829s][info][gc] GC(944) Concurrent Mark Cycle
[190.836s][info][gc] GC(944) Pause Remark 129M->82M(280M) 0.411ms
[190.840s][info][gc] GC(944) Pause Cleanup 84M->84M(280M) 0.070ms
[190.840s][info][gc] GC(944) Concurrent Mark Cycle 10.434ms
[190.985s][info][gc] GC(945) Pause Young (Prepare Mixed) (G1 Evacuation Pause) 228M->78M(280M) 1.296ms
[191.130s][info][gc] GC(946) Pause Young (Mixed) (G1 Evacuation Pause) 230M->66M(280M) 1.843ms
[191.283s][info][gc] GC(947) Pause Young (Normal) (G1 Evacuation Pause) 218M->67M(280M) 1.614ms
[191.427s][info][gc] GC(948) Pause Young (Normal) (G1 Evacuation Pause) 219M->68M(280M) 1.450ms
[191.581s][info][gc] GC(949) Pause Young (Normal) (G1 Evacuation Pause) 220M->69M(280M) 1.421ms
[191.734s][info][gc] GC(950) Pause Young (Normal) (G1 Evacuation Pause) 221M->69M(280M) 1.327ms
[191.882s][info][gc] GC(951) Pause Young (Normal) (G1 Evacuation Pause) 221M->72M(280M) 1.440ms
[192.034s][info][gc] GC(952) Pause Young (Normal) (G1 Evacuation Pause) 224M->73M(280M) 1.432ms
[192.204s][info][gc] GC(953) Pause Young (Normal) (G1 Evacuation Pause) 225M->73M(280M) 1.103ms
[192.447s][info][gc] GC(954) Pause Young (Normal) (G1 Evacuation Pause) 229M->77M(280M) 1.560ms
[192.597s][info][gc] GC(955) Pause Young (Normal) (G1 Evacuation Pause) 229M->77M(280M) 1.597ms
[192.741s][info][gc] GC(956) Pause Young (Normal) (G1 Evacuation Pause) 229M->79M(280M) 1.542ms
[192.894s][info][gc] GC(957) Pause Young (Normal) (G1 Evacuation Pause) 231M->80M(280M) 1.764ms
[193.036s][info][gc] GC(958) Pause Young (Normal) (G1 Evacuation Pause) 232M->81M(280M) 1.402ms
[193.188s][info][gc] GC(959) Pause Young (Normal) (G1 Evacuation Pause) 233M->82M(280M) 1.418ms
[193.337s][info][gc] GC(960) Pause Young (Normal) (G1 Evacuation Pause) 234M->84M(280M) 1.481ms
[193.482s][info][gc] GC(961) Pause Young (Normal) (G1 Evacuation Pause) 236M->85M(280M) 1.609ms
[193.632s][info][gc] GC(962) Pause Young (Normal) (G1 Evacuation Pause) 237M->87M(336M) 1.773ms
[193.814s][info][gc] GC(963) Pause Young (Normal) (G1 Evacuation Pause) 271M->88M(336M) 1.559ms
[194.001s][info][gc] GC(964) Pause Young (Normal) (G1 Evacuation Pause) 272M->90M(336M) 1.627ms
[194.181s][info][gc] GC(965) Pause Young (Normal) (G1 Evacuation Pause) 270M->91M(336M) 1.725ms
[194.355s][info][gc] GC(966) Pause Young (Normal) (G1 Evacuation Pause) 271M->92M(336M) 1.403ms
[194.522s][info][gc] GC(967) Pause Young (Normal) (G1 Evacuation Pause) 272M->94M(336M) 1.419ms
[194.703s][info][gc] GC(968) Pause Young (Normal) (G1 Evacuation Pause) 278M->96M(336M) 1.371ms
[194.881s][info][gc] GC(969) Pause Young (Normal) (G1 Evacuation Pause) 276M->96M(336M) 1.758ms
[195.065s][info][gc] GC(970) Pause Young (Normal) (G1 Evacuation Pause) 280M->98M(336M) 1.548ms
[195.240s][info][gc] GC(971) Pause Young (Normal) (G1 Evacuation Pause) 278M->99M(336M) 1.617ms
[195.421s][info][gc] GC(972) Pause Young (Normal) (G1 Evacuation Pause) 279M->101M(336M) 1.569ms
[195.596s][info][gc] GC(973) Pause Young (Normal) (G1 Evacuation Pause) 281M->102M(336M) 1.473ms
[195.770s][info][gc] GC(974) Pause Young (Normal) (G1 Evacuation Pause) 282M->104M(336M) 1.531ms
[195.948s][info][gc] GC(975) Pause Young (Normal) (G1 Evacuation Pause) 284M->106M(336M) 1.429ms
[196.125s][info][gc] GC(976) Pause Young (Normal) (G1 Evacuation Pause) 286M->108M(336M) 1.546ms
[196.297s][info][gc] GC(977) Pause Young (Normal) (G1 Evacuation Pause) 288M->109M(336M) 1.416ms
[196.463s][info][gc] GC(978) Pause Young (Normal) (G1 Evacuation Pause) 285M->111M(336M) 1.333ms
[196.641s][info][gc] GC(979) Pause Young (Normal) (G1 Evacuation Pause) 287M->112M(336M) 1.612ms
[196.807s][info][gc] GC(980) Pause Young (Normal) (G1 Evacuation Pause) 284M->113M(336M) 1.770ms
[197.105s][info][gc] GC(981) Pause Young (Normal) (G1 Evacuation Pause) 289M->117M(336M) 1.517ms
[197.280s][info][gc] GC(982) Pause Young (Normal) (G1 Evacuation Pause) 293M->118M(336M) 1.455ms
[197.439s][info][gc] GC(983) Pause Young (Normal) (G1 Evacuation Pause) 290M->119M(336M) 1.549ms
[197.614s][info][gc] GC(984) Pause Young (Normal) (G1 Evacuation Pause) 291M->121M(336M) 1.421ms
[197.780s][info][gc] GC(985) Pause Young (Normal) (G1 Evacuation Pause) 293M->122M(336M) 1.363ms
[197.943s][info][gc] GC(986) Pause Young (Concurrent Start) (G1 Evacuation Pause) 290M->124M(336M) 1.541ms
[197.943s][info][gc] GC(987) Concurrent Mark Cycle
[197.948s][info][gc] GC(987) Pause Remark 132M->65M(216M) 0.405ms
[197.949s][info][gc] GC(987) Pause Cleanup 67M->67M(216M) 0.061ms
[197.949s][info][gc] GC(987) Concurrent Mark Cycle 6.155ms
[198.052s][info][gc] GC(988) Pause Young (Prepare Mixed) (G1 Evacuation Pause) 169M->58M(216M) 1.722ms
[198.164s][info][gc] GC(989) Pause Young (Mixed) (G1 Evacuation Pause) 174M->49M(216M) 1.272ms
[198.280s][info][gc] GC(990) Pause Young (Normal) (G1 Evacuation Pause) 165M->50M(216M) 1.169ms
[198.394s][info][gc] GC(991) Pause Young (Normal) (G1 Evacuation Pause) 166M->52M(216M) 1.117ms
[198.504s][info][gc] GC(992) Pause Young (Normal) (G1 Evacuation Pause) 168M->53M(216M) 1.299ms
[198.614s][info][gc] GC(993) Pause Young (Normal) (G1 Evacuation Pause) 169M->53M(260M) 1.099ms
[198.758s][info][gc] GC(994) Pause Young (Normal) (G1 Evacuation Pause) 197M->54M(260M) 1.305ms
[198.896s][info][gc] GC(995) Pause Young (Normal) (G1 Evacuation Pause) 198M->56M(260M) 1.130ms
[199.040s][info][gc] GC(996) Pause Young (Normal) (G1 Evacuation Pause) 200M->57M(260M) 1.376ms
[199.179s][info][gc] GC(997) Pause Young (Normal) (G1 Evacuation Pause) 201M->58M(260M) 1.178ms
[199.321s][info][gc] GC(998) Pause Young (Normal) (G1 Evacuation Pause) 202M->60M(260M) 1.339ms
[199.456s][info][gc] GC(999) Pause Young (Normal) (G1 Evacuation Pause) 204M->60M(260M) 1.327ms
[199.600s][info][gc] GC(1000) Pause Young (Normal) (G1 Evacuation Pause) 204M->62M(260M) 1.400ms
[199.734s][info][gc] GC(1001) Pause Young (Normal) (G1 Evacuation Pause) 202M->63M(260M) 1.288ms
[199.879s][info][gc] GC(1002) Pause Young (Normal) (G1 Evacuation Pause) 207M->64M(260M) 1.155ms
[200.012s][info][gc] GC(1003) Pause Young (Normal) (G1 Evacuation Pause) 208M->66M(260M) 1.280ms
[200.156s][info][gc] GC(1004) Pause Young (Normal) (G1 Evacuation Pause) 210M->67M(260M) 1.351ms
[200.292s][info][gc] GC(1005) Pause Young (Normal) (G1 Evacuation Pause) 211M->68M(260M) 1.486ms
[200.434s][info][gc] GC(1006) Pause Young (Normal) (G1 Evacuation Pause) 212M->69M(260M) 1.205ms
[200.566s][info][gc] GC(1007) Pause Young (Normal) (G1 Evacuation Pause) 209M->70M(260M) 1.264ms
[200.709s][info][gc] GC(1008) Pause Young (Normal) (G1 Evacuation Pause) 214M->72M(260M) 1.355ms
[200.839s][info][gc] GC(1009) Pause Young (Normal) (G1 Evacuation Pause) 212M->72M(260M) 1.358ms
[200.985s][info][gc] GC(1010) Pause Young (Normal) (G1 Evacuation Pause) 216M->73M(260M) 1.282ms
[201.118s][info][gc] GC(1011) Pause Young (Normal) (G1 Evacuation Pause) 217M->75M(260M) 1.295ms
[201.262s][info][gc] GC(1012) Pause Young (Normal) (G1 Evacuation Pause) 219M->76M(260M) 1.191ms
[201.395s][info][gc] GC(1013) Pause Young (Normal) (G1 Evacuation Pause) 216M->77M(260M) 1.192ms
[201.540s][info][gc] GC(1014) Pause Young (Normal) (G1 Evacuation Pause) 221M->78M(260M) 1.322ms
[201.736s][info][gc] GC(1015) Pause Young (Normal) (G1 Evacuation Pause) 222M->79M(260M) 1.196ms
[201.860s][info][gc] GC(1016) Pause Young (Normal) (G1 Evacuation Pause) 223M->87M(260M) 1.810ms
[201.906s][info][gc] GC(1017) Pause Young (Normal) (G1 Evacuation Pause) 219M->88M(260M) 1.831ms
[201.967s][info][gc] GC(1018) Pause Young (Normal) (G1 Evacuation Pause) 224M->89M(260M) 1.386ms
[202.014s][info][gc] GC(1019) Pause Young (Concurrent Start) (G1 Evacuation Pause) 225M->90M(260M) 1.366ms
[202.014s][info][gc] GC(1020) Concurrent Mark Cycle
[202.020s][info][gc] GC(1020) Pause Remark 105M->73M(216M) 0.464ms
[202.024s][info][gc] GC(1020) Pause Cleanup 85M->85M(216M) 0.047ms
[202.024s][info][gc] GC(1020) Concurrent Mark Cycle 9.701ms
[202.068s][info][gc] GC(1021) Pause Young (Prepare Mixed) (G1 Evacuation Pause) 178M->59M(260M) 1.151ms
[202.119s][info][gc] GC(1022) Pause Young (Mixed) (G1 Evacuation Pause) 203M->43M(260M) 1.440ms
[202.179s][info][gc] GC(1023) Pause Young (Normal) (G1 Evacuation Pause) 187M->45M(260M) 1.203ms
[202.230s][info][gc] GC(1024) Pause Young (Normal) (G1 Evacuation Pause) 189M->46M(260M) 1.246ms
[202.292s][info][gc] GC(1025) Pause Young (Normal) (G1 Evacuation Pause) 190M->47M(312M) 1.517ms
[202.354s][info][gc] GC(1026) Pause Young (Normal) (G1 Evacuation Pause) 219M->47M(312M) 1.337ms
[202.424s][info][gc] GC(1027) Pause Young (Normal) (G1 Evacuation Pause) 219M->50M(312M) 1.491ms
[202.488s][info][gc] GC(1028) Pause Young (Normal) (G1 Evacuation Pause) 218M->50M(312M) 1.487ms
[202.554s][info][gc] GC(1029) Pause Young (Normal) (G1 Evacuation Pause) 218M->53M(376M) 1.631ms
[202.637s][info][gc] GC(1030) Pause Young (Normal) (G1 Evacuation Pause) 261M->55M(376M) 1.611ms
[202.715s][info][gc] GC(1031) Pause Young (Normal) (G1 Evacuation Pause) 259M->57M(376M) 1.581ms
[202.789s][info][gc] GC(1032) Pause Young (Normal) (G1 Evacuation Pause) 261M->58M(376M) 1.659ms
[202.868s][info][gc] GC(1033) Pause Young (Normal) (G1 Evacuation Pause) 262M->59M(452M) 1.666ms
[202.972s][info][gc] GC(1034) Pause Young (Normal) (G1 Evacuation Pause) 311M->63M(452M) 1.785ms
[203.069s][info][gc] GC(1035) Pause Young (Normal) (G1 Evacuation Pause) 311M->64M(452M) 1.812ms
[203.166s][info][gc] GC(1036) Pause Young (Normal) (G1 Evacuation Pause) 312M->66M(452M) 1.761ms
[203.252s][info][gc] GC(1037) Pause Young (Normal) (G1 Evacuation Pause) 310M->66M(544M) 1.995ms
[203.383s][info][gc] GC(1038) Pause Young (Normal) (G1 Evacuation Pause) 370M->69M(544M) 1.882ms
[203.504s][info][gc] GC(1039) Pause Young (Normal) (G1 Evacuation Pause) 369M->73M(544M) 2.445ms
[203.621s][info][gc] GC(1040) Pause Young (Normal) (G1 Evacuation Pause) 369M->77M(544M) 2.280ms
[203.734s][info][gc] GC(1041) Pause Young (Normal) (G1 Evacuation Pause) 373M->79M(544M) 2.200ms
[203.846s][info][gc] GC(1042) Pause Young (Normal) (G1 Evacuation Pause) 375M->79M(656M) 2.172ms
[203.989s][info][gc] GC(1043) Pause Young (Normal) (G1 Evacuation Pause) 447M->83M(656M) 2.352ms
[204.128s][info][gc] GC(1044) Pause Young (Normal) (G1 Evacuation Pause) 447M->87M(656M) 2.603ms
[204.264s][info][gc] GC(1045) Pause Young (Normal) (G1 Evacuation Pause) 447M->87M(656M) 2.396ms
[204.415s][info][gc] GC(1046) Pause Young (Normal) (G1 Evacuation Pause) 447M->93M(656M) 2.389ms
[204.552s][info][gc] GC(1047) Pause Young (Normal) (G1 Evacuation Pause) 449M->96M(656M) 2.911ms
[204.690s][info][gc] GC(1048) Pause Young (Normal) (G1 Evacuation Pause) 456M->98M(656M) 2.451ms
[204.836s][info][gc] GC(1049) Pause Young (Normal) (G1 Evacuation Pause) 458M->100M(656M) 2.553ms
[204.982s][info][gc] GC(1050) Pause Young (Normal) (G1 Evacuation Pause) 460M->105M(656M) 2.403ms
[205.121s][info][gc] GC(1051) Pause Young (Normal) (G1 Evacuation Pause) 465M->107M(656M) 2.484ms
[205.261s][info][gc] GC(1052) Pause Young (Normal) (G1 Evacuation Pause) 467M->110M(656M) 2.589ms
[205.401s][info][gc] GC(1053) Pause Young (Normal) (G1 Evacuation Pause) 470M->113M(656M) 2.494ms
[205.543s][info][gc] GC(1054) Pause Young (Normal) (G1 Evacuation Pause) 473M->115M(656M) 2.614ms
[205.681s][info][gc] GC(1055) Pause Young (Normal) (G1 Evacuation Pause) 479M->119M(656M) 2.326ms
[205.824s][info][gc] GC(1056) Pause Young (Normal) (G1 Evacuation Pause) 479M->122M(656M) 2.534ms
[205.962s][info][gc] GC(1057) Pause Young (Normal) (G1 Evacuation Pause) 482M->125M(656M) 2.639ms
[206.106s][info][gc] GC(1058) Pause Young (Normal) (G1 Evacuation Pause) 485M->129M(656M) 2.575ms
[206.239s][info][gc] GC(1059) Pause Young (Normal) (G1 Evacuation Pause) 485M->131M(656M) 2.636ms
[206.382s][info][gc] GC(1060) Pause Young (Normal) (G1 Evacuation Pause) 491M->135M(656M) 2.320ms
[206.515s][info][gc] GC(1061) Pause Young (Normal) (G1 Evacuation Pause) 491M->136M(656M) 2.454ms
[206.660s][info][gc] GC(1062) Pause Young (Normal) (G1 Evacuation Pause) 500M->140M(656M) 2.565ms
[206.796s][info][gc] GC(1063) Pause Young (Normal) (G1 Evacuation Pause) 500M->142M(656M) 2.982ms
[206.938s][info][gc] GC(1064) Pause Young (Normal) (G1 Evacuation Pause) 502M->146M(656M) 2.477ms
[207.079s][info][gc] GC(1065) Pause Young (Normal) (G1 Evacuation Pause) 506M->149M(656M) 2.575ms
[207.216s][info][gc] GC(1066) Pause Young (Normal) (G1 Evacuation Pause) 509M->151M(656M) 2.498ms
[207.361s][info][gc] GC(1067) Pause Young (Normal) (G1 Evacuation Pause) 511M->153M(656M) 2.658ms
[207.655s][info][gc] GC(1068) Pause Young (Normal) (G1 Evacuation Pause) 517M->157M(656M) 3.102ms
[207.838s][info][gc] GC(1069) Pause Young (Normal) (G1 Evacuation Pause) 517M->160M(656M) 2.786ms
[208.030s][info][gc] GC(1070) Pause Young (Normal) (G1 Evacuation Pause) 520M->163M(656M) 3.232ms
[208.217s][info][gc] GC(1071) Pause Young (Normal) (G1 Evacuation Pause) 523M->167M(656M) 2.424ms
[208.394s][info][gc] GC(1072) Pause Young (Normal) (G1 Evacuation Pause) 527M->170M(656M) 2.666ms
[208.575s][info][gc] GC(1073) Pause Young (Normal) (G1 Evacuation Pause) 530M->174M(656M) 2.981ms
[208.759s][info][gc] GC(1074) Pause Young (Normal) (G1 Evacuation Pause) 534M->177M(656M) 2.734ms
[208.944s][info][gc] GC(1075) Pause Young (Normal) (G1 Evacuation Pause) 537M->180M(656M) 2.584ms
[209.126s][info][gc] GC(1076) Pause Young (Normal) (G1 Evacuation Pause) 540M->183M(656M) 2.718ms
[209.310s][info][gc] GC(1077) Pause Young (Normal) (G1 Evacuation Pause) 543M->185M(656M) 2.486ms
[209.497s][info][gc] GC(1078) Pause Young (Normal) (G1 Evacuation Pause) 545M->190M(656M) 2.400ms
[209.682s][info][gc] GC(1079) Pause Young (Normal) (G1 Evacuation Pause) 550M->192M(656M) 2.355ms
[209.868s][info][gc] GC(1080) Pause Young (Normal) (G1 Evacuation Pause) 552M->194M(656M) 2.712ms
[210.043s][info][gc] GC(1081) Pause Young (Normal) (G1 Evacuation Pause) 554M->199M(656M) 2.398ms
[210.224s][info][gc] GC(1082) Pause Young (Normal) (G1 Evacuation Pause) 559M->201M(656M) 2.571ms
[210.412s][info][gc] GC(1083) Pause Young (Normal) (G1 Evacuation Pause) 561M->204M(656M) 2.576ms
[210.595s][info][gc] GC(1084) Pause Young (Normal) (G1 Evacuation Pause) 564M->208M(656M) 2.660ms
[210.778s][info][gc] GC(1085) Pause Young (Normal) (G1 Evacuation Pause) 568M->211M(656M) 3.028ms
[210.961s][info][gc] GC(1086) Pause Young (Normal) (G1 Evacuation Pause) 571M->214M(656M) 2.539ms
[211.139s][info][gc] GC(1087) Pause Young (Normal) (G1 Evacuation Pause) 574M->216M(656M) 2.601ms
[211.321s][info][gc] GC(1088) Pause Young (Normal) (G1 Evacuation Pause) 576M->220M(656M) 2.553ms
[211.505s][info][gc] GC(1089) Pause Young (Normal) (G1 Evacuation Pause) 580M->222M(656M) 2.683ms
[211.682s][info][gc] GC(1090) Pause Young (Normal) (G1 Evacuation Pause) 578M->225M(656M) 2.381ms
[211.855s][info][gc] GC(1091) Pause Young (Normal) (G1 Evacuation Pause) 581M->229M(656M) 2.390ms
[212.037s][info][gc] GC(1092) Pause Young (Normal) (G1 Evacuation Pause) 581M->231M(656M) 2.447ms
[212.212s][info][gc] GC(1093) Pause Young (Normal) (G1 Evacuation Pause) 583M->234M(656M) 2.389ms
[212.527s][info][gc] GC(1094) Pause Young (Normal) (G1 Evacuation Pause) 586M->238M(656M) 2.696ms
[212.750s][info][gc] GC(1095) Pause Young (Normal) (G1 Evacuation Pause) 578M->241M(656M) 2.256ms
[212.975s][info][gc] GC(1096) Pause Young (Normal) (G1 Evacuation Pause) 577M->243M(656M) 2.507ms
[213.194s][info][gc] GC(1097) Pause Young (Concurrent Start) (G1 Evacuation Pause) 583M->246M(656M) 2.529ms
[213.194s][info][gc] GC(1098) Concurrent Mark Cycle
[213.201s][info][gc] GC(1098) Pause Remark 252M->87M(296M) 0.516ms
[213.203s][info][gc] GC(1098) Pause Cleanup 91M->91M(296M) 0.046ms
[213.203s][info][gc] GC(1098) Concurrent Mark Cycle 8.588ms
[213.295s][info][gc] GC(1099) Pause Young (Prepare Mixed) (G1 Evacuation Pause) 229M->82M(296M) 2.256ms
[213.400s][info][gc] GC(1100) Pause Young (Mixed) (G1 Evacuation Pause) 242M->71M(296M) 1.267ms
[213.502s][info][gc] GC(1101) Pause Young (Normal) (G1 Evacuation Pause) 231M->72M(296M) 1.501ms
[213.609s][info][gc] GC(1102) Pause Young (Normal) (G1 Evacuation Pause) 236M->74M(356M) 1.271ms
[213.745s][info][gc] GC(1103) Pause Young (Normal) (G1 Evacuation Pause) 270M->75M(356M) 1.476ms
[213.871s][info][gc] GC(1104) Pause Young (Normal) (G1 Evacuation Pause) 271M->77M(356M) 1.718ms
[213.993s][info][gc] GC(1105) Pause Young (Normal) (G1 Evacuation Pause) 269M->77M(356M) 1.764ms
[214.130s][info][gc] GC(1106) Pause Young (Normal) (G1 Evacuation Pause) 273M->80M(356M) 1.445ms
[214.253s][info][gc] GC(1107) Pause Young (Normal) (G1 Evacuation Pause) 272M->82M(356M) 1.810ms
[214.392s][info][gc] GC(1108) Pause Young (Normal) (G1 Evacuation Pause) 278M->84M(356M) 1.679ms
[214.511s][info][gc] GC(1109) Pause Young (Normal) (G1 Evacuation Pause) 276M->85M(428M) 1.784ms
[214.676s][info][gc] GC(1110) Pause Young (Normal) (G1 Evacuation Pause) 321M->88M(428M) 1.860ms
[214.826s][info][gc] GC(1111) Pause Young (Normal) (G1 Evacuation Pause) 324M->89M(428M) 1.864ms
[214.989s][info][gc] GC(1112) Pause Young (Normal) (G1 Evacuation Pause) 325M->92M(428M) 1.850ms
[215.150s][info][gc] GC(1113) Pause Young (Normal) (G1 Evacuation Pause) 328M->94M(428M) 1.587ms
[215.298s][info][gc] GC(1114) Pause Young (Normal) (G1 Evacuation Pause) 330M->96M(428M) 1.575ms
[215.455s][info][gc] GC(1115) Pause Young (Normal) (G1 Evacuation Pause) 332M->97M(428M) 1.868ms
[215.622s][info][gc] GC(1116) Pause Young (Normal) (G1 Evacuation Pause) 333M->98M(428M) 1.573ms
[215.931s][info][gc] GC(1117) Pause Young (Normal) (G1 Evacuation Pause) 334M->102M(428M) 1.698ms
[216.081s][info][gc] GC(1118) Pause Young (Normal) (G1 Evacuation Pause) 334M->104M(428M) 1.886ms
[216.241s][info][gc] GC(1119) Pause Young (Normal) (G1 Evacuation Pause) 340M->107M(428M) 1.979ms
[216.394s][info][gc] GC(1120) Pause Young (Normal) (G1 Evacuation Pause) 339M->108M(428M) 1.717ms
[216.543s][info][gc] GC(1121) Pause Young (Normal) (G1 Evacuation Pause) 344M->109M(428M) 1.707ms
[216.702s][info][gc] GC(1122) Pause Young (Normal) (G1 Evacuation Pause) 345M->112M(428M) 1.941ms
[216.860s][info][gc] GC(1123) Pause Young (Normal) (G1 Evacuation Pause) 348M->113M(428M) 1.776ms
[217.013s][info][gc] GC(1124) Pause Young (Normal) (G1 Evacuation Pause) 349M->116M(428M) 1.840ms
[217.175s][info][gc] GC(1125) Pause Young (Normal) (G1 Evacuation Pause) 352M->118M(428M) 1.636ms
[217.333s][info][gc] GC(1126) Pause Young (Normal) (G1 Evacuation Pause) 354M->120M(428M) 1.895ms
[217.484s][info][gc] GC(1127) Pause Young (Normal) (G1 Evacuation Pause) 356M->122M(428M) 1.606ms
[217.644s][info][gc] GC(1128) Pause Young (Normal) (G1 Evacuation Pause) 358M->123M(428M) 1.830ms
[217.804s][info][gc] GC(1129) Pause Young (Normal) (G1 Evacuation Pause) 359M->126M(428M) 1.691ms
[217.954s][info][gc] GC(1130) Pause Young (Normal) (G1 Evacuation Pause) 362M->127M(428M) 1.728ms
[218.115s][info][gc] GC(1131) Pause Young (Normal) (G1 Evacuation Pause) 363M->130M(428M) 1.740ms
[218.278s][info][gc] GC(1132) Pause Young (Normal) (G1 Evacuation Pause) 366M->131M(428M) 1.753ms
[218.432s][info][gc] GC(1133) Pause Young (Normal) (G1 Evacuation Pause) 367M->134M(428M) 1.743ms
[218.593s][info][gc] GC(1134) Pause Young (Normal) (G1 Evacuation Pause) 370M->137M(428M) 1.789ms
[218.752s][info][gc] GC(1135) Pause Young (Normal) (G1 Evacuation Pause) 373M->138M(428M) 1.886ms
[218.899s][info][gc] GC(1136) Pause Young (Normal) (G1 Evacuation Pause) 374M->139M(428M) 1.755ms
[219.228s][info][gc] GC(1137) Pause Young (Normal) (G1 Evacuation Pause) 375M->142M(428M) 1.841ms
[219.395s][info][gc] GC(1138) Pause Young (Normal) (G1 Evacuation Pause) 378M->144M(428M) 1.875ms
[219.555s][info][gc] GC(1139) Pause Young (Normal) (G1 Evacuation Pause) 376M->146M(428M) 1.783ms
[219.700s][info][gc] GC(1140) Pause Young (Normal) (G1 Evacuation Pause) 378M->149M(428M) 1.706ms
[219.858s][info][gc] GC(1141) Pause Young (Normal) (G1 Evacuation Pause) 377M->150M(428M) 1.887ms
[220.009s][info][gc] GC(1142) Pause Young (Normal) (G1 Evacuation Pause) 378M->152M(428M) 1.860ms
[220.156s][info][gc] GC(1143) Pause Young (Normal) (G1 Evacuation Pause) 376M->155M(428M) 1.884ms
[220.306s][info][gc] GC(1144) Pause Young (Normal) (G1 Evacuation Pause) 379M->156M(428M) 1.876ms
[220.445s][info][gc] GC(1145) Pause Young (Normal) (G1 Evacuation Pause) 376M->158M(428M) 1.929ms
[220.591s][info][gc] GC(1146) Pause Young (Normal) (G1 Evacuation Pause) 378M->160M(428M) 1.714ms
[220.731s][info][gc] GC(1147) Pause Young (Normal) (G1 Evacuation Pause) 380M->162M(428M) 1.667ms
[220.878s][info][gc] GC(1148) Pause Young (Concurrent Start) (G1 Evacuation Pause) 378M->163M(428M) 1.916ms
[220.878s][info][gc] GC(1149) Concurrent Mark Cycle
[220.885s][info][gc] GC(1149) Pause Remark 178M->98M(296M) 0.417ms
[220.888s][info][gc] GC(1149) Pause Cleanup 103M->103M(296M) 0.049ms
[220.888s][info][gc] GC(1149) Concurrent Mark Cycle 9.822ms
[220.982s][info][gc] GC(1150) Pause Young (Prepare Mixed) (G1 Evacuation Pause) 239M->85M(296M) 1.669ms
[221.088s][info][gc] GC(1151) Pause Young (Mixed) (G1 Evacuation Pause) 245M->64M(296M) 1.962ms
[221.199s][info][gc] GC(1152) Pause Young (Normal) (G1 Evacuation Pause) 224M->65M(296M) 1.500ms
[221.302s][info][gc] GC(1153) Pause Young (Normal) (G1 Evacuation Pause) 225M->66M(356M) 1.445ms
[221.437s][info][gc] GC(1154) Pause Young (Normal) (G1 Evacuation Pause) 262M->69M(356M) 1.360ms
[221.567s][info][gc] GC(1155) Pause Young (Normal) (G1 Evacuation Pause) 265M->70M(356M) 1.464ms
[221.687s][info][gc] GC(1156) Pause Young (Normal) (G1 Evacuation Pause) 262M->71M(356M) 1.587ms
[221.818s][info][gc] GC(1157) Pause Young (Normal) (G1 Evacuation Pause) 263M->72M(356M) 1.462ms
[221.946s][info][gc] GC(1158) Pause Young (Normal) (G1 Evacuation Pause) 268M->74M(356M) 1.594ms
[222.083s][info][gc] GC(1159) Pause Young (Normal) (G1 Evacuation Pause) 270M->76M(356M) 1.558ms
[222.209s][info][gc] GC(1160) Pause Young (Normal) (G1 Evacuation Pause) 272M->77M(356M) 1.648ms
[222.514s][info][gc] GC(1161) Pause Young (Normal) (G1 Evacuation Pause) 269M->80M(428M) 1.728ms
[222.666s][info][gc] GC(1162) Pause Young (Normal) (G1 Evacuation Pause) 316M->81M(428M) 1.624ms
[222.828s][info][gc] GC(1163) Pause Young (Normal) (G1 Evacuation Pause) 317M->84M(428M) 1.732ms
[222.984s][info][gc] GC(1164) Pause Young (Normal) (G1 Evacuation Pause) 320M->87M(428M) 1.795ms
[223.132s][info][gc] GC(1165) Pause Young (Normal) (G1 Evacuation Pause) 323M->88M(428M) 1.704ms
[223.292s][info][gc] GC(1166) Pause Young (Normal) (G1 Evacuation Pause) 324M->89M(428M) 1.695ms
[223.449s][info][gc] GC(1167) Pause Young (Normal) (G1 Evacuation Pause) 325M->93M(428M) 1.710ms
[223.601s][info][gc] GC(1168) Pause Young (Normal) (G1 Evacuation Pause) 329M->94M(428M) 1.711ms
[223.761s][info][gc] GC(1169) Pause Young (Normal) (G1 Evacuation Pause) 330M->96M(428M) 1.917ms
[223.915s][info][gc] GC(1170) Pause Young (Normal) (G1 Evacuation Pause) 332M->98M(428M) 1.773ms
[224.067s][info][gc] GC(1171) Pause Young (Normal) (G1 Evacuation Pause) 334M->99M(428M) 1.604ms
[224.226s][info][gc] GC(1172) Pause Young (Normal) (G1 Evacuation Pause) 335M->103M(428M) 1.727ms
[224.384s][info][gc] GC(1173) Pause Young (Normal) (G1 Evacuation Pause) 339M->104M(428M) 1.611ms
[224.537s][info][gc] GC(1174) Pause Young (Normal) (G1 Evacuation Pause) 340M->106M(428M) 2.038ms
[224.700s][info][gc] GC(1175) Pause Young (Normal) (G1 Evacuation Pause) 342M->108M(428M) 1.646ms
[224.859s][info][gc] GC(1176) Pause Young (Normal) (G1 Evacuation Pause) 344M->111M(428M) 1.788ms
[225.014s][info][gc] GC(1177) Pause Young (Normal) (G1 Evacuation Pause) 347M->113M(428M) 1.722ms
[225.172s][info][gc] GC(1178) Pause Young (Normal) (G1 Evacuation Pause) 349M->114M(428M) 1.708ms
[225.330s][info][gc] GC(1179) Pause Young (Normal) (G1 Evacuation Pause) 350M->117M(428M) 1.817ms
[225.480s][info][gc] GC(1180) Pause Young (Normal) (G1 Evacuation Pause) 353M->119M(428M) 1.697ms
[225.793s][info][gc] GC(1181) Pause Young (Normal) (G1 Evacuation Pause) 355M->121M(428M) 1.787ms
[225.942s][info][gc] GC(1182) Pause Young (Normal) (G1 Evacuation Pause) 357M->123M(428M) 1.907ms
[226.102s][info][gc] GC(1183) Pause Young (Normal) (G1 Evacuation Pause) 359M->126M(428M) 1.721ms
[226.260s][info][gc] GC(1184) Pause Young (Normal) (G1 Evacuation Pause) 362M->128M(428M) 1.851ms
[226.408s][info][gc] GC(1185) Pause Young (Normal) (G1 Evacuation Pause) 364M->130M(428M) 1.919ms
[226.562s][info][gc] GC(1186) Pause Young (Normal) (G1 Evacuation Pause) 366M->130M(428M) 1.876ms
[226.720s][info][gc] GC(1187) Pause Young (Normal) (G1 Evacuation Pause) 366M->134M(428M) 1.763ms
[226.870s][info][gc] GC(1188) Pause Young (Normal) (G1 Evacuation Pause) 370M->135M(428M) 1.705ms
[227.024s][info][gc] GC(1189) Pause Young (Normal) (G1 Evacuation Pause) 371M->137M(428M) 1.868ms
[227.184s][info][gc] GC(1190) Pause Young (Normal) (G1 Evacuation Pause) 373M->140M(428M) 1.560ms
[227.335s][info][gc] GC(1191) Pause Young (Normal) (G1 Evacuation Pause) 376M->142M(428M) 1.622ms
[227.490s][info][gc] GC(1192) Pause Young (Normal) (G1 Evacuation Pause) 378M->144M(428M) 1.803ms
[227.643s][info][gc] GC(1193) Pause Young (Normal) (G1 Evacuation Pause) 376M->146M(428M) 1.764ms
[227.792s][info][gc] GC(1194) Pause Young (Normal) (G1 Evacuation Pause) 378M->149M(428M) 1.737ms
[227.945s][info][gc] GC(1195) Pause Young (Normal) (G1 Evacuation Pause) 377M->150M(428M) 1.759ms
[228.089s][info][gc] GC(1196) Pause Young (Normal) (G1 Evacuation Pause) 378M->151M(428M) 1.714ms
[228.239s][info][gc] GC(1197) Pause Young (Normal) (G1 Evacuation Pause) 375M->154M(428M) 1.794ms
[228.387s][info][gc] GC(1198) Pause Young (Normal) (G1 Evacuation Pause) 378M->155M(428M) 1.647ms
[228.530s][info][gc] GC(1199) Pause Young (Normal) (G1 Evacuation Pause) 375M->157M(428M) 1.762ms
[228.680s][info][gc] GC(1200) Pause Young (Normal) (G1 Evacuation Pause) 377M->158M(428M) 2.020ms
[228.823s][info][gc] GC(1201) Pause Young (Concurrent Start) (G1 Evacuation Pause) 374M->161M(428M) 1.738ms
[228.823s][info][gc] GC(1202) Concurrent Mark Cycle
[228.833s][info][gc] GC(1202) Pause Remark 178M->115M(348M) 0.454ms
[228.840s][info][gc] GC(1202) Pause Cleanup 129M->129M(348M) 0.056ms
[228.840s][info][gc] GC(1202) Concurrent Mark Cycle 16.968ms
[229.109s][info][gc] GC(1203) Pause Young (Prepare Mixed) (G1 Evacuation Pause) 286M->106M(348M) 2.329ms
[229.165s][info][gc] GC(1204) Pause Young (Mixed) (G1 Evacuation Pause) 286M->93M(348M) 2.345ms
[229.229s][info][gc] GC(1205) Pause Young (Normal) (G1 Evacuation Pause) 285M->94M(348M) 1.959ms
[229.287s][info][gc] GC(1206) Pause Young (Normal) (G1 Evacuation Pause) 282M->95M(348M) 1.734ms
[229.357s][info][gc] GC(1207) Pause Young (Normal) (G1 Evacuation Pause) 287M->97M(348M) 2.118ms
[229.418s][info][gc] GC(1208) Pause Young (Normal) (G1 Evacuation Pause) 289M->99M(444M) 1.454ms
[229.506s][info][gc] GC(1209) Pause Young (Normal) (G1 Evacuation Pause) 347M->101M(444M) 1.928ms
[229.584s][info][gc] GC(1210) Pause Young (Normal) (G1 Evacuation Pause) 345M->103M(444M) 1.731ms
[229.670s][info][gc] GC(1211) Pause Young (Normal) (G1 Evacuation Pause) 347M->105M(444M) 1.898ms
[229.755s][info][gc] GC(1212) Pause Young (Normal) (G1 Evacuation Pause) 349M->106M(536M) 1.907ms
[229.860s][info][gc] GC(1213) Pause Young (Normal) (G1 Evacuation Pause) 406M->109M(536M) 2.459ms
[229.958s][info][gc] GC(1214) Pause Young (Normal) (G1 Evacuation Pause) 405M->112M(536M) 2.227ms
[230.063s][info][gc] GC(1215) Pause Young (Normal) (G1 Evacuation Pause) 404M->115M(536M) 2.461ms
[230.156s][info][gc] GC(1216) Pause Young (Normal) (G1 Evacuation Pause) 407M->117M(644M) 2.208ms
[230.275s][info][gc] GC(1217) Pause Young (Normal) (G1 Evacuation Pause) 477M->119M(644M) 2.581ms
[230.392s][info][gc] GC(1218) Pause Young (Normal) (G1 Evacuation Pause) 479M->123M(644M) 2.460ms
[230.508s][info][gc] GC(1219) Pause Young (Normal) (G1 Evacuation Pause) 479M->124M(644M) 2.568ms
[230.627s][info][gc] GC(1220) Pause Young (Normal) (G1 Evacuation Pause) 480M->129M(644M) 2.532ms
[230.740s][info][gc] GC(1221) Pause Young (Normal) (G1 Evacuation Pause) 481M->131M(644M) 2.462ms
[230.857s][info][gc] GC(1222) Pause Young (Normal) (G1 Evacuation Pause) 487M->135M(644M) 2.584ms
[230.972s][info][gc] GC(1223) Pause Young (Normal) (G1 Evacuation Pause) 487M->138M(644M) 2.394ms
[231.092s][info][gc] GC(1224) Pause Young (Normal) (G1 Evacuation Pause) 490M->141M(644M) 2.625ms
[231.203s][info][gc] GC(1225) Pause Young (Normal) (G1 Evacuation Pause) 497M->144M(776M) 2.258ms
[231.350s][info][gc] GC(1226) Pause Young (Normal) (G1 Evacuation Pause) 580M->148M(776M) 2.551ms
[231.491s][info][gc] GC(1227) Pause Young (Normal) (G1 Evacuation Pause) 580M->151M(776M) 2.713ms
[231.631s][info][gc] GC(1228) Pause Young (Normal) (G1 Evacuation Pause) 579M->156M(776M) 3.043ms
[231.771s][info][gc] GC(1229) Pause Young (Normal) (G1 Evacuation Pause) 584M->159M(776M) 2.843ms
[231.910s][info][gc] GC(1230) Pause Young (Normal) (G1 Evacuation Pause) 583M->164M(776M) 2.939ms
[232.048s][info][gc] GC(1231) Pause Young (Normal) (G1 Evacuation Pause) 588M->164M(776M) 2.887ms
[232.187s][info][gc] GC(1232) Pause Young (Normal) (G1 Evacuation Pause) 592M->170M(776M) 2.789ms
[232.326s][info][gc] GC(1233) Pause Young (Normal) (G1 Evacuation Pause) 594M->173M(776M) 3.102ms
[232.465s][info][gc] GC(1234) Pause Young (Normal) (G1 Evacuation Pause) 601M->175M(776M) 2.940ms
[232.607s][info][gc] GC(1235) Pause Young (Normal) (G1 Evacuation Pause) 603M->178M(776M) 2.798ms
[232.750s][info][gc] GC(1236) Pause Young (Normal) (G1 Evacuation Pause) 606M->183M(776M) 2.916ms
[232.898s][info][gc] GC(1237) Pause Young (Normal) (G1 Evacuation Pause) 611M->189M(776M) 2.931ms
[233.039s][info][gc] GC(1238) Pause Young (Normal) (G1 Evacuation Pause) 613M->191M(776M) 3.125ms
[233.177s][info][gc] GC(1239) Pause Young (Normal) (G1 Evacuation Pause) 619M->196M(776M) 2.957ms
[233.318s][info][gc] GC(1240) Pause Young (Normal) (G1 Evacuation Pause) 620M->197M(776M) 3.149ms
[233.461s][info][gc] GC(1241) Pause Young (Normal) (G1 Evacuation Pause) 625M->201M(776M) 2.642ms
[233.600s][info][gc] GC(1242) Pause Young (Normal) (G1 Evacuation Pause) 629M->205M(776M) 2.774ms
[233.739s][info][gc] GC(1243) Pause Young (Normal) (G1 Evacuation Pause) 633M->208M(776M) 2.861ms
[233.896s][info][gc] GC(1244) Pause Young (Normal) (G1 Evacuation Pause) 636M->211M(776M) 3.424ms
[234.050s][info][gc] GC(1245) Pause Young (Normal) (G1 Evacuation Pause) 639M->215M(776M) 2.842ms
[234.192s][info][gc] GC(1246) Pause Young (Normal) (G1 Evacuation Pause) 643M->221M(776M) 2.886ms
[234.337s][info][gc] GC(1247) Pause Young (Normal) (G1 Evacuation Pause) 649M->223M(776M) 2.799ms
[234.476s][info][gc] GC(1248) Pause Young (Normal) (G1 Evacuation Pause) 651M->229M(776M) 3.005ms
[234.624s][info][gc] GC(1249) Pause Young (Normal) (G1 Evacuation Pause) 657M->232M(776M) 2.860ms
[234.767s][info][gc] GC(1250) Pause Young (Normal) (G1 Evacuation Pause) 660M->234M(776M) 2.905ms
[234.915s][info][gc] GC(1251) Pause Young (Normal) (G1 Evacuation Pause) 662M->239M(776M) 2.995ms
[235.051s][info][gc] GC(1252) Pause Young (Normal) (G1 Evacuation Pause) 667M->243M(776M) 2.714ms
[235.195s][info][gc] GC(1253) Pause Young (Normal) (G1 Evacuation Pause) 671M->247M(776M) 2.905ms
[235.336s][info][gc] GC(1254) Pause Young (Normal) (G1 Evacuation Pause) 675M->251M(776M) 2.620ms
[235.625s][info][gc] GC(1255) Pause Young (Normal) (G1 Evacuation Pause) 679M->251M(776M) 2.681ms
[236.045s][info][gc] GC(1256) Pause Young (Normal) (G1 Evacuation Pause) 679M->255M(776M) 2.651ms
[236.455s][info][gc] GC(1257) Pause Young (Normal) (G1 Evacuation Pause) 683M->259M(776M) 2.824ms
[236.865s][info][gc] GC(1258) Pause Young (Normal) (G1 Evacuation Pause) 683M->262M(776M) 2.929ms
[237.275s][info][gc] GC(1259) Pause Young (Normal) (G1 Evacuation Pause) 690M->265M(776M) 2.815ms
[237.691s][info][gc] GC(1260) Pause Young (Normal) (G1 Evacuation Pause) 689M->270M(776M) 2.919ms
[238.088s][info][gc] GC(1261) Pause Young (Normal) (G1 Evacuation Pause) 682M->273M(776M) 2.618ms
[238.488s][info][gc] GC(1262) Pause Young (Normal) (G1 Evacuation Pause) 689M->275M(776M) 2.892ms
[238.892s][info][gc] GC(1263) Pause Young (Normal) (G1 Evacuation Pause) 691M->281M(776M) 2.645ms
[239.286s][info][gc] GC(1264) Pause Young (Normal) (G1 Evacuation Pause) 685M->284M(776M) 3.502ms
[239.683s][info][gc] GC(1265) Pause Young (Normal) (G1 Evacuation Pause) 688M->286M(776M) 2.865ms
[240.089s][info][gc] GC(1266) Pause Young (Normal) (G1 Evacuation Pause) 686M->291M(776M) 2.934ms
[240.440s][info][gc] GC(1267) Pause Young (Normal) (G1 Evacuation Pause) 687M->296M(776M) 2.991ms
[240.645s][info][gc] GC(1268) Pause Young (Normal) (G1 Evacuation Pause) 692M->299M(776M) 2.675ms
[240.841s][info][gc] GC(1269) Pause Young (Concurrent Start) (G1 Evacuation Pause) 695M->302M(776M) 2.762ms
[240.841s][info][gc] GC(1270) Concurrent Mark Cycle
[240.849s][info][gc] GC(1270) Pause Remark 321M->129M(388M) 0.442ms
[240.853s][info][gc] GC(1270) Pause Cleanup 140M->140M(388M) 0.061ms
[240.853s][info][gc] GC(1270) Concurrent Mark Cycle 12.311ms
[240.943s][info][gc] GC(1271) Pause Young (Prepare Mixed) (G1 Evacuation Pause) 310M->113M(388M) 2.349ms
[241.051s][info][gc] GC(1272) Pause Young (Mixed) (G1 Evacuation Pause) 325M->84M(388M) 2.084ms
[241.157s][info][gc] GC(1273) Pause Young (Normal) (G1 Evacuation Pause) 296M->85M(388M) 1.633ms
[241.272s][info][gc] GC(1274) Pause Young (Normal) (G1 Evacuation Pause) 297M->88M(468M) 1.863ms
[241.403s][info][gc] GC(1275) Pause Young (Normal) (G1 Evacuation Pause) 348M->90M(468M) 2.045ms
[241.529s][info][gc] GC(1276) Pause Young (Normal) (G1 Evacuation Pause) 350M->92M(468M) 1.881ms
[241.663s][info][gc] GC(1277) Pause Young (Normal) (G1 Evacuation Pause) 348M->94M(468M) 1.937ms
[241.790s][info][gc] GC(1278) Pause Young (Normal) (G1 Evacuation Pause) 354M->96M(468M) 1.720ms
[241.917s][info][gc] GC(1279) Pause Young (Normal) (G1 Evacuation Pause) 356M->97M(468M) 1.723ms
[242.054s][info][gc] GC(1280) Pause Young (Normal) (G1 Evacuation Pause) 357M->101M(468M) 1.818ms
[242.179s][info][gc] GC(1281) Pause Young (Normal) (G1 Evacuation Pause) 357M->103M(468M) 2.008ms
[242.310s][info][gc] GC(1282) Pause Young (Normal) (G1 Evacuation Pause) 359M->104M(468M) 1.818ms
[242.443s][info][gc] GC(1283) Pause Young (Normal) (G1 Evacuation Pause) 364M->107M(468M) 1.824ms
[242.569s][info][gc] GC(1284) Pause Young (Normal) (G1 Evacuation Pause) 363M->109M(468M) 1.838ms
[242.790s][info][gc] GC(1285) Pause Young (Normal) (G1 Evacuation Pause) 365M->108M(468M) 1.624ms
[242.962s][info][gc] GC(1286) Pause Young (Normal) (G1 Evacuation Pause) 368M->114M(468M) 2.037ms
[243.089s][info][gc] GC(1287) Pause Young (Normal) (G1 Evacuation Pause) 370M->116M(468M) 2.146ms
[243.213s][info][gc] GC(1288) Pause Young (Normal) (G1 Evacuation Pause) 372M->118M(468M) 1.718ms
[243.346s][info][gc] GC(1289) Pause Young (Normal) (G1 Evacuation Pause) 374M->122M(468M) 1.985ms
[243.474s][info][gc] GC(1290) Pause Young (Normal) (G1 Evacuation Pause) 378M->123M(468M) 2.105ms
[243.606s][info][gc] GC(1291) Pause Young (Normal) (G1 Evacuation Pause) 379M->125M(468M) 1.985ms
[243.738s][info][gc] GC(1292) Pause Young (Normal) (G1 Evacuation Pause) 381M->127M(468M) 2.044ms
[243.865s][info][gc] GC(1293) Pause Young (Normal) (G1 Evacuation Pause) 383M->130M(468M) 1.915ms
[244.000s][info][gc] GC(1294) Pause Young (Normal) (G1 Evacuation Pause) 386M->132M(468M) 2.173ms
[244.127s][info][gc] GC(1295) Pause Young (Normal) (G1 Evacuation Pause) 388M->133M(468M) 1.870ms
[244.255s][info][gc] GC(1296) Pause Young (Normal) (G1 Evacuation Pause) 393M->136M(468M) 1.889ms
[244.398s][info][gc] GC(1297) Pause Young (Normal) (G1 Evacuation Pause) 396M->139M(468M) 1.903ms
[244.526s][info][gc] GC(1298) Pause Young (Normal) (G1 Evacuation Pause) 395M->142M(468M) 1.745ms
[244.651s][info][gc] GC(1299) Pause Young (Normal) (G1 Evacuation Pause) 398M->143M(468M) 1.831ms
[244.790s][info][gc] GC(1300) Pause Young (Normal) (G1 Evacuation Pause) 399M->146M(468M) 1.925ms
[244.919s][info][gc] GC(1301) Pause Young (Normal) (G1 Evacuation Pause) 402M->147M(468M) 2.015ms
[245.052s][info][gc] GC(1302) Pause Young (Normal) (G1 Evacuation Pause) 403M->149M(468M) 1.870ms
[245.181s][info][gc] GC(1303) Pause Young (Normal) (G1 Evacuation Pause) 409M->153M(468M) 1.728ms
[245.442s][info][gc] GC(1304) Pause Young (Normal) (G1 Evacuation Pause) 409M->155M(468M) 2.131ms
[245.567s][info][gc] GC(1305) Pause Young (Normal) (G1 Evacuation Pause) 407M->156M(468M) 2.036ms
[245.699s][info][gc] GC(1306) Pause Young (Normal) (G1 Evacuation Pause) 404M->159M(468M) 1.934ms
[245.826s][info][gc] GC(1307) Pause Young (Normal) (G1 Evacuation Pause) 407M->161M(468M) 1.848ms
[245.944s][info][gc] GC(1308) Pause Young (Normal) (G1 Evacuation Pause) 405M->162M(468M) 1.813ms
[246.072s][info][gc] GC(1309) Pause Young (Normal) (G1 Evacuation Pause) 406M->165M(468M) 1.957ms
[246.192s][info][gc] GC(1310) Pause Young (Normal) (G1 Evacuation Pause) 405M->167M(468M) 1.841ms
[246.311s][info][gc] GC(1311) Pause Young (Normal) (G1 Evacuation Pause) 407M->168M(468M) 1.833ms
[246.432s][info][gc] GC(1312) Pause Young (Normal) (G1 Evacuation Pause) 412M->171M(468M) 1.854ms
[246.553s][info][gc] GC(1313) Pause Young (Concurrent Start) (G1 Evacuation Pause) 411M->173M(468M) 1.879ms
[246.553s][info][gc] GC(1314) Concurrent Mark Cycle
[246.562s][info][gc] GC(1314) Pause Remark 182M->92M(308M) 0.419ms
[246.564s][info][gc] GC(1314) Pause Cleanup 97M->97M(308M) 0.047ms
[246.564s][info][gc] GC(1314) Concurrent Mark Cycle 10.953ms
[246.636s][info][gc] GC(1315) Pause Young (Prepare Mixed) (G1 Evacuation Pause) 243M->84M(308M) 1.851ms
[246.719s][info][gc] GC(1316) Pause Young (Mixed) (G1 Evacuation Pause) 252M->68M(308M) 1.805ms
[246.806s][info][gc] GC(1317) Pause Young (Normal) (G1 Evacuation Pause) 236M->69M(372M) 1.581ms
[246.910s][info][gc] GC(1318) Pause Young (Normal) (G1 Evacuation Pause) 273M->70M(372M) 1.505ms
[247.014s][info][gc] GC(1319) Pause Young (Normal) (G1 Evacuation Pause) 274M->73M(372M) 1.470ms
[247.115s][info][gc] GC(1320) Pause Young (Normal) (G1 Evacuation Pause) 273M->74M(372M) 1.594ms
[247.214s][info][gc] GC(1321) Pause Young (Normal) (G1 Evacuation Pause) 274M->77M(448M) 1.566ms
[247.343s][info][gc] GC(1322) Pause Young (Normal) (G1 Evacuation Pause) 325M->78M(448M) 1.824ms
[247.466s][info][gc] GC(1323) Pause Young (Normal) (G1 Evacuation Pause) 326M->80M(448M) 1.786ms
[247.598s][info][gc] GC(1324) Pause Young (Normal) (G1 Evacuation Pause) 328M->83M(448M) 1.964ms
[247.720s][info][gc] GC(1325) Pause Young (Normal) (G1 Evacuation Pause) 327M->83M(448M) 1.872ms
[247.978s][info][gc] GC(1326) Pause Young (Normal) (G1 Evacuation Pause) 327M->87M(448M) 1.808ms
[248.100s][info][gc] GC(1327) Pause Young (Normal) (G1 Evacuation Pause) 331M->89M(448M) 2.108ms
[248.217s][info][gc] GC(1328) Pause Young (Normal) (G1 Evacuation Pause) 333M->90M(448M) 1.896ms
[248.350s][info][gc] GC(1329) Pause Young (Normal) (G1 Evacuation Pause) 338M->93M(540M) 1.809ms
[248.498s][info][gc] GC(1330) Pause Young (Normal) (G1 Evacuation Pause) 393M->96M(540M) 2.106ms
[248.657s][info][gc] GC(1331) Pause Young (Normal) (G1 Evacuation Pause) 392M->99M(540M) 2.329ms
[248.802s][info][gc] GC(1332) Pause Young (Normal) (G1 Evacuation Pause) 395M->99M(540M) 2.233ms
[248.956s][info][gc] GC(1333) Pause Young (Normal) (G1 Evacuation Pause) 395M->103M(540M) 2.385ms
[249.108s][info][gc] GC(1334) Pause Young (Normal) (G1 Evacuation Pause) 399M->105M(540M) 2.235ms
[249.253s][info][gc] GC(1335) Pause Young (Normal) (G1 Evacuation Pause) 401M->109M(540M) 2.488ms
[249.404s][info][gc] GC(1336) Pause Young (Normal) (G1 Evacuation Pause) 405M->110M(540M) 2.260ms
[249.556s][info][gc] GC(1337) Pause Young (Normal) (G1 Evacuation Pause) 406M->113M(540M) 2.134ms
[249.709s][info][gc] GC(1338) Pause Young (Normal) (G1 Evacuation Pause) 409M->115M(540M) 1.969ms
[249.858s][info][gc] GC(1339) Pause Young (Normal) (G1 Evacuation Pause) 411M->118M(540M) 2.061ms
[250.018s][info][gc] GC(1340) Pause Young (Normal) (G1 Evacuation Pause) 414M->122M(540M) 2.340ms
[250.173s][info][gc] GC(1341) Pause Young (Normal) (G1 Evacuation Pause) 418M->123M(540M) 2.410ms
[250.319s][info][gc] GC(1342) Pause Young (Normal) (G1 Evacuation Pause) 419M->127M(540M) 2.474ms
[250.589s][info][gc] GC(1343) Pause Young (Normal) (G1 Evacuation Pause) 423M->129M(540M) 2.204ms
[250.741s][info][gc] GC(1344) Pause Young (Normal) (G1 Evacuation Pause) 425M->132M(540M) 2.151ms
[250.895s][info][gc] GC(1345) Pause Young (Normal) (G1 Evacuation Pause) 428M->135M(540M) 2.399ms
[251.039s][info][gc] GC(1346) Pause Young (Normal) (G1 Evacuation Pause) 431M->137M(540M) 2.363ms
[251.199s][info][gc] GC(1347) Pause Young (Normal) (G1 Evacuation Pause) 433M->140M(540M) 2.364ms
[251.343s][info][gc] GC(1348) Pause Young (Normal) (G1 Evacuation Pause) 436M->142M(540M) 2.260ms
[251.494s][info][gc] GC(1349) Pause Young (Normal) (G1 Evacuation Pause) 438M->145M(540M) 2.321ms
[251.642s][info][gc] GC(1350) Pause Young (Normal) (G1 Evacuation Pause) 441M->147M(540M) 2.262ms
[251.789s][info][gc] GC(1351) Pause Young (Normal) (G1 Evacuation Pause) 443M->150M(540M) 2.139ms
[251.939s][info][gc] GC(1352) Pause Young (Normal) (G1 Evacuation Pause) 446M->151M(540M) 2.225ms
[252.084s][info][gc] GC(1353) Pause Young (Normal) (G1 Evacuation Pause) 447M->154M(540M) 2.229ms
[252.238s][info][gc] GC(1354) Pause Young (Normal) (G1 Evacuation Pause) 450M->157M(540M) 2.290ms
[252.383s][info][gc] GC(1355) Pause Young (Normal) (G1 Evacuation Pause) 453M->159M(540M) 2.263ms
[252.537s][info][gc] GC(1356) Pause Young (Normal) (G1 Evacuation Pause) 455M->161M(540M) 2.288ms
[252.677s][info][gc] GC(1357) Pause Young (Normal) (G1 Evacuation Pause) 457M->164M(540M) 2.061ms
[252.836s][info][gc] GC(1358) Pause Young (Normal) (G1 Evacuation Pause) 460M->167M(540M) 2.253ms
[253.073s][info][gc] GC(1359) Pause Young (Normal) (G1 Evacuation Pause) 463M->179M(540M) 2.979ms
[253.146s][info][gc] GC(1360) Pause Young (Normal) (G1 Evacuation Pause) 467M->180M(540M) 2.668ms
[253.237s][info][gc] GC(1361) Pause Young (Normal) (G1 Evacuation Pause) 480M->184M(540M) 2.564ms
[253.328s][info][gc] GC(1362) Pause Young (Normal) (G1 Evacuation Pause) 476M->185M(540M) 2.511ms
[253.405s][info][gc] GC(1363) Pause Young (Normal) (G1 Evacuation Pause) 477M->189M(540M) 2.438ms
[253.493s][info][gc] GC(1364) Pause Young (Concurrent Start) (G1 Evacuation Pause) 481M->191M(648M) 2.053ms
[253.493s][info][gc] GC(1365) Concurrent Mark Cycle
[253.518s][info][gc] GC(1365) Pause Remark 273M->165M(308M) 0.447ms
[253.523s][info][gc] GC(1365) Pause Cleanup 180M->180M(308M) 0.053ms
[253.525s][info][gc] GC(1365) Concurrent Mark Cycle 32.217ms
[253.548s][info][gc] GC(1366) Pause Young (Prepare Mixed) (G1 Evacuation Pause) 271M->84M(308M) 2.035ms
[253.603s][info][gc] GC(1367) Pause Young (Mixed) (G1 Evacuation Pause) 252M->70M(308M) 1.948ms
[253.649s][info][gc] GC(1368) Pause Young (Normal) (G1 Evacuation Pause) 238M->72M(308M) 1.618ms
[253.691s][info][gc] GC(1369) Pause Young (Normal) (G1 Evacuation Pause) 240M->73M(308M) 1.496ms
[253.746s][info][gc] GC(1370) Pause Young (Normal) (G1 Evacuation Pause) 241M->75M(452M) 1.760ms
[253.821s][info][gc] GC(1371) Pause Young (Normal) (G1 Evacuation Pause) 327M->76M(452M) 1.944ms
[253.900s][info][gc] GC(1372) Pause Young (Normal) (G1 Evacuation Pause) 324M->79M(452M) 1.814ms
[253.964s][info][gc] GC(1373) Pause Young (Normal) (G1 Evacuation Pause) 327M->80M(452M) 1.977ms
[254.042s][info][gc] GC(1374) Pause Young (Normal) (G1 Evacuation Pause) 328M->83M(544M) 2.128ms
[254.127s][info][gc] GC(1375) Pause Young (Normal) (G1 Evacuation Pause) 383M->85M(544M) 2.053ms
[254.213s][info][gc] GC(1376) Pause Young (Normal) (G1 Evacuation Pause) 385M->87M(544M) 2.347ms
[254.301s][info][gc] GC(1377) Pause Young (Normal) (G1 Evacuation Pause) 383M->90M(544M) 2.469ms
[254.386s][info][gc] GC(1378) Pause Young (Normal) (G1 Evacuation Pause) 386M->93M(656M) 2.614ms
[254.501s][info][gc] GC(1379) Pause Young (Normal) (G1 Evacuation Pause) 457M->96M(656M) 2.782ms
[254.609s][info][gc] GC(1380) Pause Young (Normal) (G1 Evacuation Pause) 456M->98M(656M) 2.626ms
[254.711s][info][gc] GC(1381) Pause Young (Normal) (G1 Evacuation Pause) 458M->101M(656M) 2.332ms
[254.822s][info][gc] GC(1382) Pause Young (Normal) (G1 Evacuation Pause) 461M->104M(788M) 2.912ms
[254.958s][info][gc] GC(1383) Pause Young (Normal) (G1 Evacuation Pause) 544M->109M(788M) 2.973ms
[255.091s][info][gc] GC(1384) Pause Young (Normal) (G1 Evacuation Pause) 545M->112M(788M) 3.099ms
[255.216s][info][gc] GC(1385) Pause Young (Normal) (G1 Evacuation Pause) 548M->117M(788M) 3.134ms
[255.343s][info][gc] GC(1386) Pause Young (Normal) (G1 Evacuation Pause) 549M->119M(788M) 2.985ms
[255.465s][info][gc] GC(1387) Pause Young (Normal) (G1 Evacuation Pause) 555M->125M(788M) 3.008ms
[255.595s][info][gc] GC(1388) Pause Young (Normal) (G1 Evacuation Pause) 561M->128M(788M) 2.877ms
[255.716s][info][gc] GC(1389) Pause Young (Normal) (G1 Evacuation Pause) 564M->131M(788M) 2.917ms
[255.846s][info][gc] GC(1390) Pause Young (Normal) (G1 Evacuation Pause) 567M->134M(788M) 2.874ms
[255.970s][info][gc] GC(1391) Pause Young (Normal) (G1 Evacuation Pause) 570M->139M(788M) 3.082ms
[256.099s][info][gc] GC(1392) Pause Young (Normal) (G1 Evacuation Pause) 571M->142M(788M) 3.064ms
[256.225s][info][gc] GC(1393) Pause Young (Normal) (G1 Evacuation Pause) 574M->147M(788M) 2.984ms
[256.351s][info][gc] GC(1394) Pause Young (Normal) (G1 Evacuation Pause) 579M->149M(788M) 2.840ms
[256.479s][info][gc] GC(1395) Pause Young (Normal) (G1 Evacuation Pause) 585M->153M(788M) 2.771ms
[256.609s][info][gc] GC(1396) Pause Young (Normal) (G1 Evacuation Pause) 585M->156M(788M) 2.952ms
[256.733s][info][gc] GC(1397) Pause Young (Normal) (G1 Evacuation Pause) 592M->160M(788M) 3.266ms
[256.863s][info][gc] GC(1398) Pause Young (Normal) (G1 Evacuation Pause) 596M->165M(788M) 3.072ms
[256.988s][info][gc] GC(1399) Pause Young (Normal) (G1 Evacuation Pause) 601M->168M(788M) 2.987ms
[257.118s][info][gc] GC(1400) Pause Young (Normal) (G1 Evacuation Pause) 604M->172M(788M) 2.948ms
[257.244s][info][gc] GC(1401) Pause Young (Normal) (G1 Evacuation Pause) 608M->176M(788M) 2.622ms
[257.363s][info][gc] GC(1402) Pause Young (Normal) (G1 Evacuation Pause) 612M->178M(788M) 2.701ms
[257.486s][info][gc] GC(1403) Pause Young (Normal) (G1 Evacuation Pause) 618M->181M(788M) 2.836ms
[257.614s][info][gc] GC(1404) Pause Young (Normal) (G1 Evacuation Pause) 617M->185M(788M) 2.842ms
[257.735s][info][gc] GC(1405) Pause Young (Normal) (G1 Evacuation Pause) 621M->190M(788M) 2.970ms
[257.863s][info][gc] GC(1406) Pause Young (Normal) (G1 Evacuation Pause) 622M->194M(788M) 2.934ms
[257.989s][info][gc] GC(1407) Pause Young (Normal) (G1 Evacuation Pause) 626M->198M(788M) 3.247ms
[258.118s][info][gc] GC(1408) Pause Young (Normal) (G1 Evacuation Pause) 634M->202M(788M) 2.797ms
[258.243s][info][gc] GC(1409) Pause Young (Normal) (G1 Evacuation Pause) 638M->204M(788M) 2.731ms
[258.370s][info][gc] GC(1410) Pause Young (Normal) (G1 Evacuation Pause) 640M->209M(788M) 3.047ms
[258.497s][info][gc] GC(1411) Pause Young (Normal) (G1 Evacuation Pause) 645M->210M(788M) 2.746ms
[258.626s][info][gc] GC(1412) Pause Young (Normal) (G1 Evacuation Pause) 646M->216M(788M) 2.735ms
[258.750s][info][gc] GC(1413) Pause Young (Normal) (G1 Evacuation Pause) 648M->219M(788M) 3.143ms
[258.880s][info][gc] GC(1414) Pause Young (Normal) (G1 Evacuation Pause) 655M->222M(788M) 3.160ms
[259.007s][info][gc] GC(1415) Pause Young (Normal) (G1 Evacuation Pause) 658M->226M(788M) 3.082ms
[259.134s][info][gc] GC(1416) Pause Young (Normal) (G1 Evacuation Pause) 662M->231M(788M) 3.183ms
[259.256s][info][gc] GC(1417) Pause Young (Normal) (G1 Evacuation Pause) 667M->234M(788M) 2.751ms
[259.380s][info][gc] GC(1418) Pause Young (Normal) (G1 Evacuation Pause) 670M->236M(788M) 2.792ms
[259.512s][info][gc] GC(1419) Pause Young (Normal) (G1 Evacuation Pause) 672M->240M(788M) 2.797ms
[259.637s][info][gc] GC(1420) Pause Young (Normal) (G1 Evacuation Pause) 676M->244M(788M) 3.063ms
[259.766s][info][gc] GC(1421) Pause Young (Normal) (G1 Evacuation Pause) 680M->249M(788M) 3.059ms
[259.898s][info][gc] GC(1422) Pause Young (Normal) (G1 Evacuation Pause) 681M->251M(788M) 3.062ms
[260.226s][info][gc] GC(1423) Pause Young (Normal) (G1 Evacuation Pause) 691M->253M(788M) 2.551ms
[260.417s][info][gc] GC(1424) Pause Young (Normal) (G1 Evacuation Pause) 689M->259M(788M) 2.994ms
[260.600s][info][gc] GC(1425) Pause Young (Normal) (G1 Evacuation Pause) 691M->262M(788M) 3.130ms
[260.792s][info][gc] GC(1426) Pause Young (Normal) (G1 Evacuation Pause) 698M->266M(788M) 2.935ms
[260.980s][info][gc] GC(1427) Pause Young (Normal) (G1 Evacuation Pause) 702M->270M(788M) 3.164ms
[261.172s][info][gc] GC(1428) Pause Young (Normal) (G1 Evacuation Pause) 702M->274M(788M) 3.075ms
[261.355s][info][gc] GC(1429) Pause Young (Normal) (G1 Evacuation Pause) 702M->277M(788M) 3.044ms
[261.537s][info][gc] GC(1430) Pause Young (Normal) (G1 Evacuation Pause) 701M->279M(788M) 3.241ms
[261.718s][info][gc] GC(1431) Pause Young (Normal) (G1 Evacuation Pause) 699M->285M(788M) 3.045ms
[261.900s][info][gc] GC(1432) Pause Young (Normal) (G1 Evacuation Pause) 701M->288M(788M) 2.854ms
[262.077s][info][gc] GC(1433) Pause Young (Normal) (G1 Evacuation Pause) 696M->290M(788M) 2.758ms
[262.257s][info][gc] GC(1434) Pause Young (Normal) (G1 Evacuation Pause) 698M->292M(788M) 2.475ms
[262.581s][info][gc] GC(1435) Pause Young (Concurrent Start) (G1 Evacuation Pause) 704M->299M(788M) 2.829ms
[262.581s][info][gc] GC(1436) Concurrent Mark Cycle
[262.592s][info][gc] GC(1436) Pause Remark 330M->134M(376M) 0.449ms
[262.595s][info][gc] GC(1436) Pause Cleanup 147M->147M(376M) 0.053ms
[262.595s][info][gc] GC(1436) Concurrent Mark Cycle 14.702ms
[262.660s][info][gc] GC(1437) Pause Young (Prepare Mixed) (G1 Evacuation Pause) 287M->104M(376M) 2.476ms
[262.749s][info][gc] GC(1438) Pause Young (Mixed) (G1 Evacuation Pause) 308M->82M(376M) 2.120ms
[262.832s][info][gc] GC(1439) Pause Young (Normal) (G1 Evacuation Pause) 290M->82M(376M) 1.430ms
[262.922s][info][gc] GC(1440) Pause Young (Normal) (G1 Evacuation Pause) 290M->84M(376M) 1.502ms
[263.012s][info][gc] GC(1441) Pause Young (Normal) (G1 Evacuation Pause) 292M->86M(452M) 1.555ms
[263.121s][info][gc] GC(1442) Pause Young (Normal) (G1 Evacuation Pause) 334M->88M(452M) 1.919ms
[263.229s][info][gc] GC(1443) Pause Young (Normal) (G1 Evacuation Pause) 336M->90M(452M) 1.715ms
[263.341s][info][gc] GC(1444) Pause Young (Normal) (G1 Evacuation Pause) 338M->93M(452M) 2.008ms
[263.445s][info][gc] GC(1445) Pause Young (Normal) (G1 Evacuation Pause) 337M->94M(544M) 2.087ms
[263.576s][info][gc] GC(1446) Pause Young (Normal) (G1 Evacuation Pause) 394M->96M(544M) 1.944ms
[263.706s][info][gc] GC(1447) Pause Young (Normal) (G1 Evacuation Pause) 396M->98M(544M) 2.243ms
[263.836s][info][gc] GC(1448) Pause Young (Normal) (G1 Evacuation Pause) 394M->102M(544M) 2.211ms
[263.963s][info][gc] GC(1449) Pause Young (Normal) (G1 Evacuation Pause) 398M->104M(544M) 2.039ms
[264.096s][info][gc] GC(1450) Pause Young (Normal) (G1 Evacuation Pause) 400M->106M(544M) 1.998ms
[264.218s][info][gc] GC(1451) Pause Young (Normal) (G1 Evacuation Pause) 402M->109M(544M) 2.306ms
[264.346s][info][gc] GC(1452) Pause Young (Normal) (G1 Evacuation Pause) 405M->111M(544M) 2.011ms
[264.514s][info][gc] GC(1453) Pause Young (Normal) (G1 Evacuation Pause) 407M->111M(544M) 1.836ms
[264.746s][info][gc] GC(1454) Pause Young (Normal) (G1 Evacuation Pause) 411M->116M(544M) 2.229ms
[264.874s][info][gc] GC(1455) Pause Young (Normal) (G1 Evacuation Pause) 408M->120M(544M) 2.552ms
[265.004s][info][gc] GC(1456) Pause Young (Normal) (G1 Evacuation Pause) 416M->122M(544M) 2.306ms
[265.127s][info][gc] GC(1457) Pause Young (Normal) (G1 Evacuation Pause) 418M->124M(544M) 2.069ms
[265.262s][info][gc] GC(1458) Pause Young (Normal) (G1 Evacuation Pause) 420M->129M(544M) 2.151ms
[265.382s][info][gc] GC(1459) Pause Young (Normal) (G1 Evacuation Pause) 421M->130M(544M) 2.309ms
[265.507s][info][gc] GC(1460) Pause Young (Normal) (G1 Evacuation Pause) 426M->132M(544M) 2.267ms
[265.631s][info][gc] GC(1461) Pause Young (Normal) (G1 Evacuation Pause) 428M->134M(544M) 2.139ms
[265.761s][info][gc] GC(1462) Pause Young (Normal) (G1 Evacuation Pause) 430M->136M(544M) 2.111ms
[265.889s][info][gc] GC(1463) Pause Young (Normal) (G1 Evacuation Pause) 432M->139M(544M) 2.749ms
[266.021s][info][gc] GC(1464) Pause Young (Normal) (G1 Evacuation Pause) 435M->142M(544M) 2.613ms
[266.147s][info][gc] GC(1465) Pause Young (Normal) (G1 Evacuation Pause) 438M->143M(544M) 2.176ms
[266.272s][info][gc] GC(1466) Pause Young (Normal) (G1 Evacuation Pause) 439M->147M(544M) 2.346ms
[266.403s][info][gc] GC(1467) Pause Young (Normal) (G1 Evacuation Pause) 443M->150M(656M) 2.315ms
[266.561s][info][gc] GC(1468) Pause Young (Normal) (G1 Evacuation Pause) 514M->151M(656M) 2.220ms
[266.857s][info][gc] GC(1469) Pause Young (Normal) (G1 Evacuation Pause) 511M->157M(656M) 2.545ms
[267.008s][info][gc] GC(1470) Pause Young (Normal) (G1 Evacuation Pause) 517M->160M(656M) 2.572ms
[267.172s][info][gc] GC(1471) Pause Young (Normal) (G1 Evacuation Pause) 516M->163M(656M) 3.016ms
[267.326s][info][gc] GC(1472) Pause Young (Normal) (G1 Evacuation Pause) 523M->166M(656M) 2.403ms
[267.490s][info][gc] GC(1473) Pause Young (Normal) (G1 Evacuation Pause) 526M->168M(656M) 2.537ms
[267.640s][info][gc] GC(1474) Pause Young (Normal) (G1 Evacuation Pause) 528M->171M(656M) 2.522ms
[267.800s][info][gc] GC(1475) Pause Young (Normal) (G1 Evacuation Pause) 531M->175M(656M) 2.798ms
[267.954s][info][gc] GC(1476) Pause Young (Normal) (G1 Evacuation Pause) 535M->176M(656M) 3.105ms
[268.118s][info][gc] GC(1477) Pause Young (Normal) (G1 Evacuation Pause) 540M->182M(656M) 2.678ms
[268.267s][info][gc] GC(1478) Pause Young (Normal) (G1 Evacuation Pause) 538M->184M(656M) 2.687ms
[268.429s][info][gc] GC(1479) Pause Young (Normal) (G1 Evacuation Pause) 544M->188M(656M) 2.417ms
[268.581s][info][gc] GC(1480) Pause Young (Normal) (G1 Evacuation Pause) 548M->190M(656M) 2.562ms
[268.737s][info][gc] GC(1481) Pause Young (Normal) (G1 Evacuation Pause) 550M->194M(656M) 2.653ms
[268.934s][info][gc] GC(1482) Pause Young (Normal) (G1 Evacuation Pause) 554M->193M(656M) 2.195ms
[269.175s][info][gc] GC(1483) Pause Young (Normal) (G1 Evacuation Pause) 557M->200M(656M) 2.632ms
[269.325s][info][gc] GC(1484) Pause Young (Normal) (G1 Evacuation Pause) 556M->202M(656M) 2.769ms
[269.488s][info][gc] GC(1485) Pause Young (Normal) (G1 Evacuation Pause) 566M->207M(656M) 2.538ms
[269.641s][info][gc] GC(1486) Pause Young (Normal) (G1 Evacuation Pause) 563M->208M(656M) 2.633ms
[269.795s][info][gc] GC(1487) Pause Young (Normal) (G1 Evacuation Pause) 568M->210M(656M) 2.434ms
[269.957s][info][gc] GC(1488) Pause Young (Normal) (G1 Evacuation Pause) 574M->215M(656M) 2.684ms
[270.111s][info][gc] GC(1489) Pause Young (Normal) (G1 Evacuation Pause) 575M->218M(656M) 2.426ms
[270.265s][info][gc] GC(1490) Pause Young (Normal) (G1 Evacuation Pause) 578M->221M(656M) 2.520ms
[270.422s][info][gc] GC(1491) Pause Young (Normal) (G1 Evacuation Pause) 581M->224M(656M) 2.561ms
[270.573s][info][gc] GC(1492) Pause Young (Normal) (G1 Evacuation Pause) 584M->226M(656M) 2.488ms
[270.722s][info][gc] GC(1493) Pause Young (Normal) (G1 Evacuation Pause) 582M->230M(656M) 2.602ms
[270.874s][info][gc] GC(1494) Pause Young (Normal) (G1 Evacuation Pause) 582M->232M(656M) 2.505ms
[271.024s][info][gc] GC(1495) Pause Young (Normal) (G1 Evacuation Pause) 588M->237M(656M) 2.829ms
[271.293s][info][gc] GC(1496) Pause Young (Normal) (G1 Evacuation Pause) 581M->248M(656M) 3.013ms
[271.394s][info][gc] GC(1497) Pause Young (Normal) (G1 Evacuation Pause) 572M->250M(656M) 3.000ms
[271.487s][info][gc] GC(1498) Pause Young (Concurrent Start) (G1 Evacuation Pause) 586M->254M(656M) 3.096ms
[271.487s][info][gc] GC(1499) Concurrent Mark Cycle
[271.508s][info][gc] GC(1499) Pause Remark 318M->182M(416M) 0.460ms
[271.518s][info][gc] GC(1499) Pause Cleanup 206M->206M(416M) 0.067ms
[271.518s][info][gc] GC(1499) Concurrent Mark Cycle 31.876ms
[271.565s][info][gc] GC(1500) Pause Young (Prepare Mixed) (G1 Evacuation Pause) 338M->119M(416M) 2.591ms
[271.625s][info][gc] GC(1501) Pause Young (Mixed) (G1 Evacuation Pause) 351M->81M(416M) 2.177ms
[271.700s][info][gc] GC(1502) Pause Young (Normal) (G1 Evacuation Pause) 309M->82M(416M) 2.142ms
[271.763s][info][gc] GC(1503) Pause Young (Normal) (G1 Evacuation Pause) 310M->84M(544M) 2.121ms
[271.869s][info][gc] GC(1504) Pause Young (Normal) (G1 Evacuation Pause) 388M->87M(544M) 2.465ms
[271.962s][info][gc] GC(1505) Pause Young (Normal) (G1 Evacuation Pause) 387M->89M(544M) 1.933ms
[272.050s][info][gc] GC(1506) Pause Young (Normal) (G1 Evacuation Pause) 389M->90M(544M) 2.574ms
[272.140s][info][gc] GC(1507) Pause Young (Normal) (G1 Evacuation Pause) 386M->94M(656M) 2.707ms
[272.249s][info][gc] GC(1508) Pause Young (Normal) (G1 Evacuation Pause) 458M->97M(656M) 2.798ms
[272.357s][info][gc] GC(1509) Pause Young (Normal) (G1 Evacuation Pause) 461M->100M(656M) 2.522ms
[272.464s][info][gc] GC(1510) Pause Young (Normal) (G1 Evacuation Pause) 460M->103M(656M) 3.116ms
[272.577s][info][gc] GC(1511) Pause Young (Normal) (G1 Evacuation Pause) 463M->106M(788M) 2.542ms
[272.706s][info][gc] GC(1512) Pause Young (Normal) (G1 Evacuation Pause) 546M->110M(788M) 2.947ms
[272.831s][info][gc] GC(1513) Pause Young (Normal) (G1 Evacuation Pause) 546M->114M(788M) 3.031ms
[272.957s][info][gc] GC(1514) Pause Young (Normal) (G1 Evacuation Pause) 546M->116M(788M) 3.077ms
[273.087s][info][gc] GC(1515) Pause Young (Normal) (G1 Evacuation Pause) 552M->120M(788M) 3.141ms
[273.210s][info][gc] GC(1516) Pause Young (Normal) (G1 Evacuation Pause) 552M->124M(788M) 2.757ms
[273.337s][info][gc] GC(1517) Pause Young (Normal) (G1 Evacuation Pause) 560M->127M(788M) 2.916ms
[273.462s][info][gc] GC(1518) Pause Young (Normal) (G1 Evacuation Pause) 563M->130M(788M) 2.787ms
[273.594s][info][gc] GC(1519) Pause Young (Normal) (G1 Evacuation Pause) 566M->137M(788M) 2.877ms
[273.719s][info][gc] GC(1520) Pause Young (Normal) (G1 Evacuation Pause) 569M->140M(788M) 3.076ms
[273.847s][info][gc] GC(1521) Pause Young (Normal) (G1 Evacuation Pause) 576M->142M(788M) 2.692ms
[273.970s][info][gc] GC(1522) Pause Young (Normal) (G1 Evacuation Pause) 574M->145M(788M) 3.030ms
[274.098s][info][gc] GC(1523) Pause Young (Normal) (G1 Evacuation Pause) 581M->150M(788M) 2.881ms
[274.223s][info][gc] GC(1524) Pause Young (Normal) (G1 Evacuation Pause) 582M->153M(788M) 3.012ms
[274.347s][info][gc] GC(1525) Pause Young (Normal) (G1 Evacuation Pause) 585M->156M(788M) 2.814ms
[274.479s][info][gc] GC(1526) Pause Young (Normal) (G1 Evacuation Pause) 592M->159M(788M) 2.969ms
[274.612s][info][gc] GC(1527) Pause Young (Normal) (G1 Evacuation Pause) 595M->163M(788M) 2.757ms
[274.738s][info][gc] GC(1528) Pause Young (Normal) (G1 Evacuation Pause) 599M->168M(788M) 3.051ms
[274.870s][info][gc] GC(1529) Pause Young (Normal) (G1 Evacuation Pause) 600M->171M(788M) 3.216ms
[274.997s][info][gc] GC(1530) Pause Young (Normal) (G1 Evacuation Pause) 607M->175M(788M) 3.131ms
[275.124s][info][gc] GC(1531) Pause Young (Normal) (G1 Evacuation Pause) 607M->181M(788M) 3.280ms
[275.250s][info][gc] GC(1532) Pause Young (Normal) (G1 Evacuation Pause) 613M->185M(788M) 3.289ms
[275.379s][info][gc] GC(1533) Pause Young (Normal) (G1 Evacuation Pause) 621M->187M(788M) 2.904ms
[275.501s][info][gc] GC(1534) Pause Young (Normal) (G1 Evacuation Pause) 623M->190M(788M) 3.023ms
[275.630s][info][gc] GC(1535) Pause Young (Normal) (G1 Evacuation Pause) 626M->195M(788M) 2.768ms
[275.752s][info][gc] GC(1536) Pause Young (Normal) (G1 Evacuation Pause) 627M->196M(788M) 3.245ms
[275.878s][info][gc] GC(1537) Pause Young (Normal) (G1 Evacuation Pause) 636M->201M(788M) 2.701ms
[276.014s][info][gc] GC(1538) Pause Young (Normal) (G1 Evacuation Pause) 637M->202M(788M) 3.317ms
[276.157s][info][gc] GC(1539) Pause Young (Normal) (G1 Evacuation Pause) 638M->208M(788M) 3.366ms
[276.293s][info][gc] GC(1540) Pause Young (Normal) (G1 Evacuation Pause) 640M->214M(788M) 3.104ms
[276.423s][info][gc] GC(1541) Pause Young (Normal) (G1 Evacuation Pause) 646M->216M(788M) 3.665ms
[276.551s][info][gc] GC(1542) Pause Young (Normal) (G1 Evacuation Pause) 648M->220M(788M) 3.168ms
[276.677s][info][gc] GC(1543) Pause Young (Normal) (G1 Evacuation Pause) 652M->225M(788M) 2.872ms
[276.805s][info][gc] GC(1544) Pause Young (Normal) (G1 Evacuation Pause) 661M->227M(788M) 3.009ms
[276.929s][info][gc] GC(1545) Pause Young (Normal) (G1 Evacuation Pause) 663M->229M(788M) 2.675ms
[277.058s][info][gc] GC(1546) Pause Young (Normal) (G1 Evacuation Pause) 665M->233M(788M) 3.030ms
[277.185s][info][gc] GC(1547) Pause Young (Normal) (G1 Evacuation Pause) 669M->238M(788M) 3.079ms
[277.309s][info][gc] GC(1548) Pause Young (Normal) (G1 Evacuation Pause) 670M->241M(788M) 3.189ms
[277.431s][info][gc] GC(1549) Pause Young (Normal) (G1 Evacuation Pause) 677M->245M(788M) 2.990ms
[277.561s][info][gc] GC(1550) Pause Young (Normal) (G1 Evacuation Pause) 681M->249M(788M) 3.071ms
[277.687s][info][gc] GC(1551) Pause Young (Normal) (G1 Evacuation Pause) 681M->252M(788M) 3.005ms
[277.817s][info][gc] GC(1552) Pause Young (Normal) (G1 Evacuation Pause) 688M->256M(788M) 3.037ms
[277.947s][info][gc] GC(1553) Pause Young (Normal) (G1 Evacuation Pause) 692M->261M(788M) 2.918ms
[278.076s][info][gc] GC(1554) Pause Young (Normal) (G1 Evacuation Pause) 693M->264M(788M) 3.151ms
[278.203s][info][gc] GC(1555) Pause Young (Normal) (G1 Evacuation Pause) 692M->267M(788M) 3.093ms
[278.490s][info][gc] GC(1556) Pause Young (Normal) (G1 Evacuation Pause) 703M->271M(788M) 2.797ms
[278.653s][info][gc] GC(1557) Pause Young (Normal) (G1 Evacuation Pause) 699M->275M(788M) 3.040ms
[278.817s][info][gc] GC(1558) Pause Young (Normal) (G1 Evacuation Pause) 691M->278M(788M) 2.772ms
[278.973s][info][gc] GC(1559) Pause Young (Normal) (G1 Evacuation Pause) 698M->282M(788M) 2.967ms
[279.139s][info][gc] GC(1560) Pause Young (Normal) (G1 Evacuation Pause) 702M->286M(788M) 3.082ms
[279.292s][info][gc] GC(1561) Pause Young (Normal) (G1 Evacuation Pause) 694M->289M(788M) 3.388ms
[279.455s][info][gc] GC(1562) Pause Young (Normal) (G1 Evacuation Pause) 705M->292M(788M) 2.796ms
[279.615s][info][gc] GC(1563) Pause Young (Concurrent Start) (G1 Evacuation Pause) 704M->296M(788M) 2.632ms
[279.615s][info][gc] GC(1564) Concurrent Mark Cycle
[279.625s][info][gc] GC(1564) Pause Remark 319M->125M(360M) 0.557ms
[279.628s][info][gc] GC(1564) Pause Cleanup 130M->130M(360M) 0.059ms
[279.628s][info][gc] GC(1564) Concurrent Mark Cycle 13.130ms
[279.692s][info][gc] GC(1565) Pause Young (Prepare Mixed) (G1 Evacuation Pause) 282M->104M(360M) 2.633ms
[279.763s][info][gc] GC(1566) Pause Young (Mixed) (G1 Evacuation Pause) 300M->84M(360M) 1.631ms
[279.845s][info][gc] GC(1567) Pause Young (Normal) (G1 Evacuation Pause) 284M->86M(360M) 1.612ms
[279.931s][info][gc] GC(1568) Pause Young (Normal) (G1 Evacuation Pause) 286M->89M(432M) 1.685ms
[280.025s][info][gc] GC(1569) Pause Young (Normal) (G1 Evacuation Pause) 329M->89M(432M) 1.854ms
[280.111s][info][gc] GC(1570) Pause Young (Normal) (G1 Evacuation Pause) 329M->91M(432M) 1.765ms
[280.203s][info][gc] GC(1571) Pause Young (Normal) (G1 Evacuation Pause) 327M->94M(432M) 1.714ms
[280.310s][info][gc] GC(1572) Pause Young (Normal) (G1 Evacuation Pause) 330M->95M(520M) 1.657ms
[280.557s][info][gc] GC(1573) Pause Young (Normal) (G1 Evacuation Pause) 387M->99M(520M) 2.054ms
[280.665s][info][gc] GC(1574) Pause Young (Normal) (G1 Evacuation Pause) 387M->101M(520M) 1.939ms
[280.778s][info][gc] GC(1575) Pause Young (Normal) (G1 Evacuation Pause) 389M->104M(520M) 2.397ms
[280.886s][info][gc] GC(1576) Pause Young (Normal) (G1 Evacuation Pause) 388M->104M(520M) 2.276ms
[280.997s][info][gc] GC(1577) Pause Young (Normal) (G1 Evacuation Pause) 392M->108M(520M) 2.058ms
[281.114s][info][gc] GC(1578) Pause Young (Normal) (G1 Evacuation Pause) 396M->110M(624M) 2.098ms
[281.267s][info][gc] GC(1579) Pause Young (Normal) (G1 Evacuation Pause) 458M->113M(624M) 2.682ms
[281.402s][info][gc] GC(1580) Pause Young (Normal) (G1 Evacuation Pause) 457M->116M(624M) 2.634ms
[281.540s][info][gc] GC(1581) Pause Young (Normal) (G1 Evacuation Pause) 460M->120M(624M) 2.701ms
[281.668s][info][gc] GC(1582) Pause Young (Normal) (G1 Evacuation Pause) 460M->123M(624M) 2.788ms
[281.801s][info][gc] GC(1583) Pause Young (Normal) (G1 Evacuation Pause) 463M->124M(624M) 2.237ms
[281.937s][info][gc] GC(1584) Pause Young (Normal) (G1 Evacuation Pause) 468M->128M(624M) 2.605ms
[282.080s][info][gc] GC(1585) Pause Young (Normal) (G1 Evacuation Pause) 468M->130M(624M) 2.595ms
[282.210s][info][gc] GC(1586) Pause Young (Normal) (G1 Evacuation Pause) 470M->132M(624M) 2.280ms
[282.494s][info][gc] GC(1587) Pause Young (Normal) (G1 Evacuation Pause) 476M->133M(624M) 1.943ms
[282.644s][info][gc] GC(1588) Pause Young (Normal) (G1 Evacuation Pause) 481M->141M(624M) 2.523ms
[282.777s][info][gc] GC(1589) Pause Young (Normal) (G1 Evacuation Pause) 481M->143M(624M) 2.482ms
[282.907s][info][gc] GC(1590) Pause Young (Normal) (G1 Evacuation Pause) 483M->147M(624M) 2.510ms
[283.035s][info][gc] GC(1591) Pause Young (Normal) (G1 Evacuation Pause) 487M->149M(624M) 2.919ms
[283.170s][info][gc] GC(1592) Pause Young (Normal) (G1 Evacuation Pause) 489M->151M(624M) 2.463ms
[283.312s][info][gc] GC(1593) Pause Young (Normal) (G1 Evacuation Pause) 495M->154M(624M) 2.436ms
[283.439s][info][gc] GC(1594) Pause Young (Normal) (G1 Evacuation Pause) 494M->158M(624M) 2.684ms
[283.567s][info][gc] GC(1595) Pause Young (Normal) (G1 Evacuation Pause) 498M->160M(624M) 2.448ms
[283.697s][info][gc] GC(1596) Pause Young (Normal) (G1 Evacuation Pause) 504M->163M(624M) 2.543ms
[283.830s][info][gc] GC(1597) Pause Young (Normal) (G1 Evacuation Pause) 507M->166M(624M) 2.217ms
[283.966s][info][gc] GC(1598) Pause Young (Normal) (G1 Evacuation Pause) 510M->169M(624M) 2.355ms
[284.096s][info][gc] GC(1599) Pause Young (Normal) (G1 Evacuation Pause) 513M->172M(624M) 2.227ms
[284.230s][info][gc] GC(1600) Pause Young (Normal) (G1 Evacuation Pause) 516M->175M(624M) 2.270ms
[284.519s][info][gc] GC(1601) Pause Young (Normal) (G1 Evacuation Pause) 519M->178M(624M) 2.356ms
[284.655s][info][gc] GC(1602) Pause Young (Normal) (G1 Evacuation Pause) 522M->183M(624M) 2.515ms
[284.788s][info][gc] GC(1603) Pause Young (Normal) (G1 Evacuation Pause) 523M->185M(624M) 2.606ms
[284.923s][info][gc] GC(1604) Pause Young (Normal) (G1 Evacuation Pause) 525M->186M(624M) 2.470ms
[285.059s][info][gc] GC(1605) Pause Young (Normal) (G1 Evacuation Pause) 530M->190M(624M) 2.688ms
[285.197s][info][gc] GC(1606) Pause Young (Normal) (G1 Evacuation Pause) 534M->193M(624M) 2.304ms
[285.328s][info][gc] GC(1607) Pause Young (Normal) (G1 Evacuation Pause) 537M->196M(624M) 2.591ms
[285.459s][info][gc] GC(1608) Pause Young (Normal) (G1 Evacuation Pause) 536M->201M(624M) 2.572ms
[285.588s][info][gc] GC(1609) Pause Young (Normal) (G1 Evacuation Pause) 541M->203M(624M) 2.499ms
[285.717s][info][gc] GC(1610) Pause Young (Normal) (G1 Evacuation Pause) 543M->205M(624M) 2.221ms
[285.851s][info][gc] GC(1611) Pause Young (Normal) (G1 Evacuation Pause) 549M->208M(624M) 2.357ms
[285.980s][info][gc] GC(1612) Pause Young (Normal) (G1 Evacuation Pause) 552M->210M(624M) 2.143ms
[286.118s][info][gc] GC(1613) Pause Young (Normal) (G1 Evacuation Pause) 554M->215M(624M) 2.449ms
[286.242s][info][gc] GC(1614) Pause Young (Normal) (G1 Evacuation Pause) 551M->217M(624M) 2.535ms
[286.531s][info][gc] GC(1615) Pause Young (Normal) (G1 Evacuation Pause) 553M->221M(624M) 2.349ms
[286.654s][info][gc] GC(1616) Pause Young (Normal) (G1 Evacuation Pause) 549M->225M(624M) 2.505ms
[286.779s][info][gc] GC(1617) Pause Young (Normal) (G1 Evacuation Pause) 549M->226M(624M) 2.523ms
[286.905s][info][gc] GC(1618) Pause Young (Normal) (G1 Evacuation Pause) 554M->229M(624M) 2.538ms
[287.024s][info][gc] GC(1619) Pause Young (Normal) (G1 Evacuation Pause) 549M->232M(624M) 2.505ms
[287.144s][info][gc] GC(1620) Pause Young (Concurrent Start) (G1 Evacuation Pause) 552M->233M(624M) 2.254ms
[287.144s][info][gc] GC(1621) Concurrent Mark Cycle
[287.154s][info][gc] GC(1621) Pause Remark 258M->130M(376M) 0.543ms
[287.157s][info][gc] GC(1621) Pause Cleanup 138M->138M(376M) 0.053ms
[287.157s][info][gc] GC(1621) Concurrent Mark Cycle 13.467ms
[287.226s][info][gc] GC(1622) Pause Young (Prepare Mixed) (G1 Evacuation Pause) 305M->107M(376M) 2.138ms
[287.310s][info][gc] GC(1623) Pause Young (Mixed) (G1 Evacuation Pause) 311M->83M(376M) 2.113ms
[287.385s][info][gc] GC(1624) Pause Young (Normal) (G1 Evacuation Pause) 291M->83M(376M) 1.438ms
[287.468s][info][gc] GC(1625) Pause Young (Normal) (G1 Evacuation Pause) 291M->87M(452M) 1.517ms
[287.566s][info][gc] GC(1626) Pause Young (Normal) (G1 Evacuation Pause) 335M->89M(452M) 1.741ms
[287.660s][info][gc] GC(1627) Pause Young (Normal) (G1 Evacuation Pause) 337M->92M(452M) 1.930ms
[287.755s][info][gc] GC(1628) Pause Young (Normal) (G1 Evacuation Pause) 336M->94M(452M) 1.881ms
[287.850s][info][gc] GC(1629) Pause Young (Normal) (G1 Evacuation Pause) 338M->96M(544M) 1.900ms
[287.963s][info][gc] GC(1630) Pause Young (Normal) (G1 Evacuation Pause) 396M->97M(544M) 2.075ms
[288.082s][info][gc] GC(1631) Pause Young (Normal) (G1 Evacuation Pause) 397M->101M(544M) 2.208ms
[288.193s][info][gc] GC(1632) Pause Young (Normal) (G1 Evacuation Pause) 397M->104M(544M) 2.215ms
[288.315s][info][gc] GC(1633) Pause Young (Normal) (G1 Evacuation Pause) 400M->105M(544M) 2.220ms
[288.561s][info][gc] GC(1634) Pause Young (Normal) (G1 Evacuation Pause) 401M->117M(544M) 2.979ms
[288.636s][info][gc] GC(1635) Pause Young (Normal) (G1 Evacuation Pause) 405M->118M(544M) 2.586ms
[288.727s][info][gc] GC(1636) Pause Young (Normal) (G1 Evacuation Pause) 414M->119M(656M) 2.584ms
[288.842s][info][gc] GC(1637) Pause Young (Normal) (G1 Evacuation Pause) 483M->122M(656M) 2.936ms
[288.944s][info][gc] GC(1638) Pause Young (Normal) (G1 Evacuation Pause) 482M->124M(656M) 2.982ms
[289.046s][info][gc] GC(1639) Pause Young (Normal) (G1 Evacuation Pause) 484M->128M(656M) 2.970ms
[289.152s][info][gc] GC(1640) Pause Young (Normal) (G1 Evacuation Pause) 488M->131M(788M) 2.817ms
[289.284s][info][gc] GC(1641) Pause Young (Normal) (G1 Evacuation Pause) 571M->135M(788M) 3.166ms
[289.412s][info][gc] GC(1642) Pause Young (Normal) (G1 Evacuation Pause) 571M->140M(788M) 3.436ms
[289.547s][info][gc] GC(1643) Pause Young (Normal) (G1 Evacuation Pause) 576M->142M(788M) 3.441ms
[289.675s][info][gc] GC(1644) Pause Young (Normal) (G1 Evacuation Pause) 578M->145M(788M) 3.060ms
[289.809s][info][gc] GC(1645) Pause Young (Normal) (G1 Evacuation Pause) 581M->149M(788M) 3.187ms
[289.934s][info][gc] GC(1646) Pause Young (Normal) (G1 Evacuation Pause) 585M->153M(788M) 2.839ms
[290.066s][info][gc] GC(1647) Pause Young (Normal) (G1 Evacuation Pause) 589M->156M(788M) 3.035ms
[290.191s][info][gc] GC(1648) Pause Young (Normal) (G1 Evacuation Pause) 592M->161M(788M) 3.078ms
[290.312s][info][gc] GC(1649) Pause Young (Normal) (G1 Evacuation Pause) 593M->163M(788M) 2.989ms
[290.436s][info][gc] GC(1650) Pause Young (Normal) (G1 Evacuation Pause) 599M->167M(788M) 2.771ms
[290.563s][info][gc] GC(1651) Pause Young (Normal) (G1 Evacuation Pause) 603M->172M(788M) 3.127ms
[290.686s][info][gc] GC(1652) Pause Young (Normal) (G1 Evacuation Pause) 604M->175M(788M) 2.900ms
[290.812s][info][gc] GC(1653) Pause Young (Normal) (G1 Evacuation Pause) 607M->179M(788M) 3.092ms
[290.936s][info][gc] GC(1654) Pause Young (Normal) (G1 Evacuation Pause) 611M->183M(788M) 2.889ms
[291.065s][info][gc] GC(1655) Pause Young (Normal) (G1 Evacuation Pause) 615M->188M(788M) 3.244ms
[291.188s][info][gc] GC(1656) Pause Young (Normal) (G1 Evacuation Pause) 624M->192M(788M) 2.897ms
[291.316s][info][gc] GC(1657) Pause Young (Normal) (G1 Evacuation Pause) 628M->193M(788M) 2.955ms
[291.444s][info][gc] GC(1658) Pause Young (Normal) (G1 Evacuation Pause) 633M->197M(788M) 2.893ms
[291.574s][info][gc] GC(1659) Pause Young (Normal) (G1 Evacuation Pause) 633M->202M(788M) 2.959ms
[291.699s][info][gc] GC(1660) Pause Young (Normal) (G1 Evacuation Pause) 638M->204M(788M) 2.760ms
[291.826s][info][gc] GC(1661) Pause Young (Normal) (G1 Evacuation Pause) 640M->208M(788M) 3.101ms
[291.947s][info][gc] GC(1662) Pause Young (Normal) (G1 Evacuation Pause) 640M->213M(788M) 3.070ms
[292.078s][info][gc] GC(1663) Pause Young (Normal) (G1 Evacuation Pause) 645M->216M(788M) 3.015ms
[292.201s][info][gc] GC(1664) Pause Young (Normal) (G1 Evacuation Pause) 648M->218M(788M) 2.759ms
[292.332s][info][gc] GC(1665) Pause Young (Normal) (G1 Evacuation Pause) 654M->223M(788M) 3.085ms
[292.460s][info][gc] GC(1666) Pause Young (Normal) (G1 Evacuation Pause) 655M->226M(788M) 3.286ms
[292.602s][info][gc] GC(1667) Pause Young (Normal) (G1 Evacuation Pause) 658M->231M(788M) 2.970ms
[292.730s][info][gc] GC(1668) Pause Young (Normal) (G1 Evacuation Pause) 663M->234M(788M) 3.341ms
[292.861s][info][gc] GC(1669) Pause Young (Normal) (G1 Evacuation Pause) 670M->237M(788M) 3.079ms
[293.005s][info][gc] GC(1670) Pause Young (Normal) (G1 Evacuation Pause) 673M->240M(788M) 3.126ms
[293.142s][info][gc] GC(1671) Pause Young (Normal) (G1 Evacuation Pause) 676M->245M(788M) 3.372ms
[293.269s][info][gc] GC(1672) Pause Young (Normal) (G1 Evacuation Pause) 677M->251M(788M) 3.115ms
[293.405s][info][gc] GC(1673) Pause Young (Normal) (G1 Evacuation Pause) 687M->253M(788M) 2.978ms
[293.542s][info][gc] GC(1674) Pause Young (Normal) (G1 Evacuation Pause) 685M->255M(788M) 3.408ms
[293.672s][info][gc] GC(1675) Pause Young (Normal) (G1 Evacuation Pause) 687M->258M(788M) 2.997ms
[293.808s][info][gc] GC(1676) Pause Young (Normal) (G1 Evacuation Pause) 694M->264M(788M) 3.879ms
[293.936s][info][gc] GC(1677) Pause Young (Normal) (G1 Evacuation Pause) 696M->268M(788M) 3.272ms
[294.057s][info][gc] GC(1678) Pause Young (Normal) (G1 Evacuation Pause) 696M->269M(788M) 2.778ms
[294.182s][info][gc] GC(1679) Pause Young (Normal) (G1 Evacuation Pause) 705M->272M(788M) 2.899ms
[294.312s][info][gc] GC(1680) Pause Young (Normal) (G1 Evacuation Pause) 700M->279M(788M) 2.913ms
[294.439s][info][gc] GC(1681) Pause Young (Normal) (G1 Evacuation Pause) 695M->280M(788M) 3.066ms
[294.570s][info][gc] GC(1682) Pause Young (Normal) (G1 Evacuation Pause) 704M->283M(788M) 3.212ms
[294.692s][info][gc] GC(1683) Pause Young (Normal) (G1 Evacuation Pause) 703M->288M(788M) 2.805ms
[294.821s][info][gc] GC(1684) Pause Young (Normal) (G1 Evacuation Pause) 704M->291M(788M) 2.956ms
[294.948s][info][gc] GC(1685) Pause Young (Normal) (G1 Evacuation Pause) 703M->295M(788M) 3.023ms
[295.069s][info][gc] GC(1686) Pause Young (Concurrent Start) (G1 Evacuation Pause) 699M->298M(788M) 2.901ms
[295.069s][info][gc] GC(1687) Concurrent Mark Cycle
[295.147s][info][gc] GC(1687) Pause Remark 546M->514M(788M) 0.451ms
[295.185s][info][gc] GC(1687) Pause Cleanup 647M->647M(788M) 0.065ms
[295.187s][info][gc] GC(1687) Concurrent Mark Cycle 117.960ms
[295.196s][info][gc] GC(1688) Pause Young (Prepare Mixed) (G1 Evacuation Pause) 674M->270M(788M) 2.526ms
[295.323s][info][gc] GC(1689) Pause Young (Mixed) (G1 Evacuation Pause) 706M->266M(788M) 2.818ms
[295.448s][info][gc] GC(1690) Pause Young (Normal) (G1 Evacuation Pause) 702M->271M(788M) 2.982ms
[295.594s][info][gc] GC(1691) Pause Young (Normal) (G1 Evacuation Pause) 695M->267M(788M) 2.347ms
[295.883s][info][gc] GC(1692) Pause Young (Normal) (G1 Evacuation Pause) 703M->276M(788M) 2.799ms
[296.039s][info][gc] GC(1693) Pause Young (Normal) (G1 Evacuation Pause) 696M->280M(788M) 3.756ms
[296.185s][info][gc] GC(1694) Pause Young (Normal) (G1 Evacuation Pause) 704M->283M(788M) 3.046ms
[296.328s][info][gc] GC(1695) Pause Young (Normal) (G1 Evacuation Pause) 703M->286M(788M) 2.826ms
[296.475s][info][gc] GC(1696) Pause Young (Normal) (G1 Evacuation Pause) 702M->290M(788M) 2.940ms
[296.624s][info][gc] GC(1697) Pause Young (Normal) (G1 Evacuation Pause) 702M->294M(788M) 2.975ms
[296.763s][info][gc] GC(1698) Pause Young (Concurrent Start) (G1 Evacuation Pause) 698M->297M(788M) 2.688ms
[296.763s][info][gc] GC(1699) Concurrent Mark Cycle
[296.781s][info][gc] GC(1699) Pause Remark 351M->171M(416M) 0.513ms
[296.786s][info][gc] GC(1699) Pause Cleanup 186M->186M(416M) 0.050ms
[296.787s][info][gc] GC(1699) Concurrent Mark Cycle 23.720ms
[296.840s][info][gc] GC(1700) Pause Young (Prepare Mixed) (G1 Evacuation Pause) 333M->119M(500M) 2.602ms
[296.937s][info][gc] GC(1701) Pause Young (Mixed) (G1 Evacuation Pause) 399M->92M(500M) 2.299ms
[297.036s][info][gc] GC(1702) Pause Young (Normal) (G1 Evacuation Pause) 372M->95M(500M) 1.995ms
[297.136s][info][gc] GC(1703) Pause Young (Normal) (G1 Evacuation Pause) 371M->98M(500M) 2.075ms
[297.230s][info][gc] GC(1704) Pause Young (Normal) (G1 Evacuation Pause) 374M->99M(600M) 2.109ms
[297.352s][info][gc] GC(1705) Pause Young (Normal) (G1 Evacuation Pause) 435M->102M(600M) 2.501ms
[297.662s][info][gc] GC(1706) Pause Young (Normal) (G1 Evacuation Pause) 434M->105M(600M) 2.274ms
[297.772s][info][gc] GC(1707) Pause Young (Normal) (G1 Evacuation Pause) 433M->109M(600M) 2.796ms
[297.890s][info][gc] GC(1708) Pause Young (Normal) (G1 Evacuation Pause) 437M->110M(600M) 2.572ms
[298.008s][info][gc] GC(1709) Pause Young (Normal) (G1 Evacuation Pause) 442M->114M(720M) 2.432ms
[298.155s][info][gc] GC(1710) Pause Young (Normal) (G1 Evacuation Pause) 514M->118M(720M) 2.871ms
[298.295s][info][gc] GC(1711) Pause Young (Normal) (G1 Evacuation Pause) 514M->122M(720M) 2.664ms
[298.433s][info][gc] GC(1712) Pause Young (Normal) (G1 Evacuation Pause) 518M->123M(720M) 2.946ms
[298.573s][info][gc] GC(1713) Pause Young (Normal) (G1 Evacuation Pause) 523M->128M(720M) 3.002ms
[298.717s][info][gc] GC(1714) Pause Young (Normal) (G1 Evacuation Pause) 524M->131M(720M) 2.920ms
[298.856s][info][gc] GC(1715) Pause Young (Normal) (G1 Evacuation Pause) 527M->134M(720M) 2.923ms
[298.998s][info][gc] GC(1716) Pause Young (Normal) (G1 Evacuation Pause) 530M->138M(720M) 2.778ms
[299.139s][info][gc] GC(1717) Pause Young (Normal) (G1 Evacuation Pause) 534M->142M(720M) 2.845ms
[299.275s][info][gc] GC(1718) Pause Young (Normal) (G1 Evacuation Pause) 538M->143M(720M) 3.280ms
[299.594s][info][gc] GC(1719) Pause Young (Normal) (G1 Evacuation Pause) 543M->149M(720M) 2.667ms
[299.732s][info][gc] GC(1720) Pause Young (Normal) (G1 Evacuation Pause) 545M->153M(720M) 2.925ms
[299.879s][info][gc] GC(1721) Pause Young (Normal) (G1 Evacuation Pause) 549M->153M(720M) 2.612ms
[300.026s][info][gc] GC(1722) Pause Young (Normal) (G1 Evacuation Pause) 553M->158M(720M) 2.693ms
[300.162s][info][gc] GC(1723) Pause Young (Normal) (G1 Evacuation Pause) 554M->161M(720M) 2.668ms
[300.301s][info][gc] GC(1724) Pause Young (Normal) (G1 Evacuation Pause) 557M->166M(720M) 2.821ms
[300.438s][info][gc] GC(1725) Pause Young (Normal) (G1 Evacuation Pause) 562M->168M(720M) 2.821ms
[300.577s][info][gc] GC(1726) Pause Young (Normal) (G1 Evacuation Pause) 564M->171M(720M) 2.658ms
[300.718s][info][gc] GC(1727) Pause Young (Normal) (G1 Evacuation Pause) 567M->175M(720M) 2.884ms
[300.860s][info][gc] GC(1728) Pause Young (Normal) (G1 Evacuation Pause) 575M->179M(720M) 2.488ms
[300.997s][info][gc] GC(1729) Pause Young (Normal) (G1 Evacuation Pause) 575M->181M(720M) 2.671ms
[301.141s][info][gc] GC(1730) Pause Young (Normal) (G1 Evacuation Pause) 581M->186M(720M) 2.672ms
[301.450s][info][gc] GC(1731) Pause Young (Normal) (G1 Evacuation Pause) 582M->190M(720M) 2.832ms
[301.586s][info][gc] GC(1732) Pause Young (Normal) (G1 Evacuation Pause) 586M->193M(720M) 2.802ms
[301.721s][info][gc] GC(1733) Pause Young (Normal) (G1 Evacuation Pause) 589M->194M(720M) 2.636ms
[301.869s][info][gc] GC(1734) Pause Young (Normal) (G1 Evacuation Pause) 594M->200M(720M) 2.901ms
[302.009s][info][gc] GC(1735) Pause Young (Normal) (G1 Evacuation Pause) 592M->203M(720M) 2.957ms
[302.144s][info][gc] GC(1736) Pause Young (Normal) (G1 Evacuation Pause) 599M->207M(720M) 2.666ms
[302.281s][info][gc] GC(1737) Pause Young (Normal) (G1 Evacuation Pause) 603M->208M(720M) 2.858ms
[302.422s][info][gc] GC(1738) Pause Young (Normal) (G1 Evacuation Pause) 608M->212M(720M) 2.821ms
[302.569s][info][gc] GC(1739) Pause Young (Normal) (G1 Evacuation Pause) 612M->216M(720M) 2.888ms
[302.708s][info][gc] GC(1740) Pause Young (Normal) (G1 Evacuation Pause) 616M->219M(720M) 2.715ms
[302.851s][info][gc] GC(1741) Pause Young (Normal) (G1 Evacuation Pause) 619M->222M(720M) 2.981ms
[302.994s][info][gc] GC(1742) Pause Young (Normal) (G1 Evacuation Pause) 622M->228M(720M) 2.597ms
[303.314s][info][gc] GC(1743) Pause Young (Normal) (G1 Evacuation Pause) 624M->231M(720M) 2.946ms
[303.455s][info][gc] GC(1744) Pause Young (Normal) (G1 Evacuation Pause) 627M->235M(720M) 2.882ms
[303.596s][info][gc] GC(1745) Pause Young (Normal) (G1 Evacuation Pause) 631M->237M(720M) 2.462ms
[303.741s][info][gc] GC(1746) Pause Young (Normal) (G1 Evacuation Pause) 637M->241M(720M) 2.821ms
[303.875s][info][gc] GC(1747) Pause Young (Normal) (G1 Evacuation Pause) 637M->244M(720M) 2.803ms
[304.011s][info][gc] GC(1748) Pause Young (Normal) (G1 Evacuation Pause) 640M->247M(720M) 2.560ms
[304.147s][info][gc] GC(1749) Pause Young (Normal) (G1 Evacuation Pause) 639M->251M(720M) 2.752ms
[304.283s][info][gc] GC(1750) Pause Young (Normal) (G1 Evacuation Pause) 639M->254M(720M) 2.802ms
[304.431s][info][gc] GC(1751) Pause Young (Normal) (G1 Evacuation Pause) 646M->258M(720M) 2.844ms
[304.571s][info][gc] GC(1752) Pause Young (Normal) (G1 Evacuation Pause) 646M->261M(720M) 2.772ms
[304.709s][info][gc] GC(1753) Pause Young (Normal) (G1 Evacuation Pause) 645M->266M(720M) 2.605ms
[304.843s][info][gc] GC(1754) Pause Young (Normal) (G1 Evacuation Pause) 638M->268M(720M) 2.439ms
[305.144s][info][gc] GC(1755) Pause Young (Concurrent Start) (G1 Evacuation Pause) 652M->276M(720M) 2.808ms
[305.144s][info][gc] GC(1756) Concurrent Mark Cycle
[305.158s][info][gc] GC(1756) Pause Remark 322M->154M(388M) 0.458ms
[305.160s][info][gc] GC(1756) Pause Cleanup 160M->160M(388M) 0.046ms
[305.160s][info][gc] GC(1756) Concurrent Mark Cycle 15.796ms
[305.205s][info][gc] GC(1757) Pause Young (Prepare Mixed) (G1 Evacuation Pause) 300M->110M(388M) 2.825ms
[305.280s][info][gc] GC(1758) Pause Young (Mixed) (G1 Evacuation Pause) 322M->77M(388M) 2.232ms
[305.348s][info][gc] GC(1759) Pause Young (Normal) (G1 Evacuation Pause) 289M->78M(388M) 2.134ms
[305.426s][info][gc] GC(1760) Pause Young (Normal) (G1 Evacuation Pause) 290M->80M(508M) 1.945ms
[305.517s][info][gc] GC(1761) Pause Young (Normal) (G1 Evacuation Pause) 368M->82M(508M) 1.828ms
[305.618s][info][gc] GC(1762) Pause Young (Normal) (G1 Evacuation Pause) 370M->85M(508M) 1.960ms
[305.714s][info][gc] GC(1763) Pause Young (Normal) (G1 Evacuation Pause) 369M->87M(508M) 1.997ms
[305.811s][info][gc] GC(1764) Pause Young (Normal) (G1 Evacuation Pause) 367M->89M(612M) 2.010ms
[305.923s][info][gc] GC(1765) Pause Young (Normal) (G1 Evacuation Pause) 429M->91M(612M) 2.360ms
[306.036s][info][gc] GC(1766) Pause Young (Normal) (G1 Evacuation Pause) 427M->97M(612M) 2.502ms
[306.148s][info][gc] GC(1767) Pause Young (Normal) (G1 Evacuation Pause) 429M->97M(612M) 2.656ms
[306.260s][info][gc] GC(1768) Pause Young (Normal) (G1 Evacuation Pause) 433M->101M(612M) 2.311ms
[306.375s][info][gc] GC(1769) Pause Young (Normal) (G1 Evacuation Pause) 433M->103M(612M) 2.468ms
[306.479s][info][gc] GC(1770) Pause Young (Normal) (G1 Evacuation Pause) 439M->105M(736M) 2.346ms
[306.618s][info][gc] GC(1771) Pause Young (Normal) (G1 Evacuation Pause) 517M->109M(736M) 2.744ms
[306.754s][info][gc] GC(1772) Pause Young (Normal) (G1 Evacuation Pause) 517M->112M(736M) 2.801ms
[306.894s][info][gc] GC(1773) Pause Young (Normal) (G1 Evacuation Pause) 516M->116M(736M) 2.642ms
[307.030s][info][gc] GC(1774) Pause Young (Normal) (G1 Evacuation Pause) 520M->119M(736M) 2.700ms
[307.167s][info][gc] GC(1775) Pause Young (Normal) (G1 Evacuation Pause) 523M->122M(736M) 2.931ms
[307.303s][info][gc] GC(1776) Pause Young (Normal) (G1 Evacuation Pause) 526M->127M(736M) 2.893ms
[307.443s][info][gc] GC(1777) Pause Young (Normal) (G1 Evacuation Pause) 531M->130M(736M) 2.668ms
[307.572s][info][gc] GC(1778) Pause Young (Normal) (G1 Evacuation Pause) 534M->133M(736M) 2.749ms
[307.705s][info][gc] GC(1779) Pause Young (Normal) (G1 Evacuation Pause) 537M->137M(736M) 2.867ms
[307.841s][info][gc] GC(1780) Pause Young (Normal) (G1 Evacuation Pause) 541M->143M(736M) 2.908ms
[307.977s][info][gc] GC(1781) Pause Young (Normal) (G1 Evacuation Pause) 547M->144M(736M) 2.661ms
[308.111s][info][gc] GC(1782) Pause Young (Normal) (G1 Evacuation Pause) 548M->148M(736M) 2.790ms
[308.243s][info][gc] GC(1783) Pause Young (Normal) (G1 Evacuation Pause) 552M->152M(736M) 2.645ms
[308.377s][info][gc] GC(1784) Pause Young (Normal) (G1 Evacuation Pause) 556M->156M(736M) 2.709ms
[308.510s][info][gc] GC(1785) Pause Young (Normal) (G1 Evacuation Pause) 560M->157M(736M) 2.604ms
[308.649s][info][gc] GC(1786) Pause Young (Normal) (G1 Evacuation Pause) 561M->161M(736M) 2.845ms
[308.786s][info][gc] GC(1787) Pause Young (Normal) (G1 Evacuation Pause) 565M->165M(736M) 2.882ms
[308.921s][info][gc] GC(1788) Pause Young (Normal) (G1 Evacuation Pause) 569M->168M(736M) 2.929ms
[309.058s][info][gc] GC(1789) Pause Young (Normal) (G1 Evacuation Pause) 572M->171M(736M) 2.790ms
[309.188s][info][gc] GC(1790) Pause Young (Normal) (G1 Evacuation Pause) 575M->173M(736M) 2.817ms
[309.325s][info][gc] GC(1791) Pause Young (Normal) (G1 Evacuation Pause) 581M->178M(736M) 2.785ms
[309.467s][info][gc] GC(1792) Pause Young (Normal) (G1 Evacuation Pause) 582M->183M(736M) 2.890ms
[309.604s][info][gc] GC(1793) Pause Young (Normal) (G1 Evacuation Pause) 587M->186M(736M) 3.082ms
[309.743s][info][gc] GC(1794) Pause Young (Normal) (G1 Evacuation Pause) 590M->188M(736M) 2.672ms
[309.887s][info][gc] GC(1795) Pause Young (Normal) (G1 Evacuation Pause) 592M->193M(736M) 3.065ms
[310.024s][info][gc] GC(1796) Pause Young (Normal) (G1 Evacuation Pause) 597M->196M(736M) 2.928ms
[310.159s][info][gc] GC(1797) Pause Young (Normal) (G1 Evacuation Pause) 600M->199M(736M) 2.637ms
[310.292s][info][gc] GC(1798) Pause Young (Normal) (G1 Evacuation Pause) 603M->203M(736M) 2.744ms
[310.427s][info][gc] GC(1799) Pause Young (Normal) (G1 Evacuation Pause) 607M->206M(736M) 2.659ms
[310.566s][info][gc] GC(1800) Pause Young (Normal) (G1 Evacuation Pause) 610M->210M(736M) 2.922ms
[310.702s][info][gc] GC(1801) Pause Young (Normal) (G1 Evacuation Pause) 614M->213M(736M) 2.819ms
[310.837s][info][gc] GC(1802) Pause Young (Normal) (G1 Evacuation Pause) 617M->217M(736M) 2.933ms
[310.973s][info][gc] GC(1803) Pause Young (Normal) (G1 Evacuation Pause) 621M->220M(736M) 2.966ms
[311.118s][info][gc] GC(1804) Pause Young (Normal) (G1 Evacuation Pause) 624M->223M(736M) 3.458ms
[311.261s][info][gc] GC(1805) Pause Young (Normal) (G1 Evacuation Pause) 627M->229M(736M) 2.706ms
[311.399s][info][gc] GC(1806) Pause Young (Normal) (G1 Evacuation Pause) 633M->230M(736M) 2.838ms
[311.538s][info][gc] GC(1807) Pause Young (Normal) (G1 Evacuation Pause) 634M->234M(736M) 3.441ms
[311.674s][info][gc] GC(1808) Pause Young (Normal) (G1 Evacuation Pause) 638M->237M(736M) 3.005ms
[311.807s][info][gc] GC(1809) Pause Young (Normal) (G1 Evacuation Pause) 645M->240M(736M) 2.670ms
[311.941s][info][gc] GC(1810) Pause Young (Normal) (G1 Evacuation Pause) 644M->243M(736M) 2.768ms
[312.164s][info][gc] GC(1811) Pause Young (Normal) (G1 Evacuation Pause) 647M->248M(736M) 2.916ms
[312.329s][info][gc] GC(1812) Pause Young (Normal) (G1 Evacuation Pause) 652M->254M(736M) 2.933ms
[312.487s][info][gc] GC(1813) Pause Young (Normal) (G1 Evacuation Pause) 650M->254M(736M) 2.974ms
[312.651s][info][gc] GC(1814) Pause Young (Normal) (G1 Evacuation Pause) 658M->259M(736M) 2.912ms
[312.807s][info][gc] GC(1815) Pause Young (Normal) (G1 Evacuation Pause) 651M->262M(736M) 3.054ms
[312.963s][info][gc] GC(1816) Pause Young (Normal) (G1 Evacuation Pause) 658M->266M(736M) 2.717ms
[313.116s][info][gc] GC(1817) Pause Young (Normal) (G1 Evacuation Pause) 650M->268M(736M) 2.935ms
[313.268s][info][gc] GC(1818) Pause Young (Normal) (G1 Evacuation Pause) 660M->271M(736M) 2.832ms
[313.416s][info][gc] GC(1819) Pause Young (Normal) (G1 Evacuation Pause) 655M->276M(736M) 2.715ms
[313.564s][info][gc] GC(1820) Pause Young (Normal) (G1 Evacuation Pause) 652M->278M(736M) 3.219ms
[313.719s][info][gc] GC(1821) Pause Young (Concurrent Start) (G1 Evacuation Pause) 658M->280M(736M) 2.864ms
[313.719s][info][gc] GC(1822) Concurrent Mark Cycle
[313.731s][info][gc] GC(1822) Pause Remark 316M->124M(320M) 0.540ms
[313.736s][info][gc] GC(1822) Pause Cleanup 138M->138M(320M) 0.050ms
[313.736s][info][gc] GC(1822) Concurrent Mark Cycle 17.279ms
[313.786s][info][gc] GC(1823) Pause Young (Prepare Mixed) (G1 Evacuation Pause) 248M->91M(320M) 2.481ms
[313.855s][info][gc] GC(1824) Pause Young (Mixed) (G1 Evacuation Pause) 267M->78M(320M) 1.582ms
[313.925s][info][gc] GC(1825) Pause Young (Normal) (G1 Evacuation Pause) 254M->79M(320M) 1.625ms
[313.992s][info][gc] GC(1826) Pause Young (Normal) (G1 Evacuation Pause) 255M->81M(320M) 1.482ms
[314.064s][info][gc] GC(1827) Pause Young (Normal) (G1 Evacuation Pause) 257M->82M(396M) 1.659ms
[314.161s][info][gc] GC(1828) Pause Young (Normal) (G1 Evacuation Pause) 306M->83M(396M) 1.678ms
[314.247s][info][gc] GC(1829) Pause Young (Normal) (G1 Evacuation Pause) 303M->85M(396M) 1.804ms
[314.339s][info][gc] GC(1830) Pause Young (Normal) (G1 Evacuation Pause) 305M->88M(396M) 1.757ms
[314.421s][info][gc] GC(1831) Pause Young (Normal) (G1 Evacuation Pause) 304M->89M(476M) 2.007ms
[314.533s][info][gc] GC(1832) Pause Young (Normal) (G1 Evacuation Pause) 353M->91M(476M) 2.038ms
[314.636s][info][gc] GC(1833) Pause Young (Normal) (G1 Evacuation Pause) 355M->93M(476M) 1.946ms
[314.742s][info][gc] GC(1834) Pause Young (Normal) (G1 Evacuation Pause) 353M->96M(476M) 1.930ms
[314.850s][info][gc] GC(1835) Pause Young (Normal) (G1 Evacuation Pause) 356M->99M(572M) 2.051ms
[314.980s][info][gc] GC(1836) Pause Young (Normal) (G1 Evacuation Pause) 415M->100M(572M) 2.551ms
[315.109s][info][gc] GC(1837) Pause Young (Normal) (G1 Evacuation Pause) 416M->103M(572M) 2.043ms
[315.230s][info][gc] GC(1838) Pause Young (Normal) (G1 Evacuation Pause) 415M->106M(572M) 2.290ms
[315.352s][info][gc] GC(1839) Pause Young (Normal) (G1 Evacuation Pause) 418M->110M(572M) 2.278ms
[315.474s][info][gc] GC(1840) Pause Young (Normal) (G1 Evacuation Pause) 422M->111M(572M) 2.253ms
[315.599s][info][gc] GC(1841) Pause Young (Normal) (G1 Evacuation Pause) 427M->114M(572M) 2.274ms
[315.720s][info][gc] GC(1842) Pause Young (Normal) (G1 Evacuation Pause) 426M->116M(572M) 2.267ms
[315.846s][info][gc] GC(1843) Pause Young (Normal) (G1 Evacuation Pause) 428M->119M(572M) 2.035ms
[315.973s][info][gc] GC(1844) Pause Young (Normal) (G1 Evacuation Pause) 431M->123M(572M) 2.332ms
[316.096s][info][gc] GC(1845) Pause Young (Normal) (G1 Evacuation Pause) 435M->124M(572M) 2.240ms
[316.216s][info][gc] GC(1846) Pause Young (Normal) (G1 Evacuation Pause) 436M->127M(572M) 2.361ms
[316.338s][info][gc] GC(1847) Pause Young (Normal) (G1 Evacuation Pause) 439M->132M(572M) 2.338ms
[316.461s][info][gc] GC(1848) Pause Young (Normal) (G1 Evacuation Pause) 444M->134M(572M) 2.229ms
[316.580s][info][gc] GC(1849) Pause Young (Normal) (G1 Evacuation Pause) 446M->136M(572M) 2.294ms
[316.703s][info][gc] GC(1850) Pause Young (Normal) (G1 Evacuation Pause) 448M->138M(572M) 2.373ms
[316.826s][info][gc] GC(1851) Pause Young (Normal) (G1 Evacuation Pause) 450M->141M(572M) 2.126ms
[316.948s][info][gc] GC(1852) Pause Young (Normal) (G1 Evacuation Pause) 453M->143M(572M) 2.275ms
[317.074s][info][gc] GC(1853) Pause Young (Normal) (G1 Evacuation Pause) 455M->146M(572M) 2.267ms
[317.194s][info][gc] GC(1854) Pause Young (Normal) (G1 Evacuation Pause) 458M->148M(572M) 2.131ms
[317.319s][info][gc] GC(1855) Pause Young (Normal) (G1 Evacuation Pause) 460M->152M(572M) 2.294ms
[317.442s][info][gc] GC(1856) Pause Young (Normal) (G1 Evacuation Pause) 464M->155M(572M) 2.165ms
[317.565s][info][gc] GC(1857) Pause Young (Normal) (G1 Evacuation Pause) 467M->157M(572M) 2.334ms
[317.689s][info][gc] GC(1858) Pause Young (Normal) (G1 Evacuation Pause) 469M->158M(572M) 2.354ms
[317.809s][info][gc] GC(1859) Pause Young (Normal) (G1 Evacuation Pause) 470M->160M(572M) 2.040ms
[317.932s][info][gc] GC(1860) Pause Young (Normal) (G1 Evacuation Pause) 472M->165M(572M) 2.230ms
[318.055s][info][gc] GC(1861) Pause Young (Normal) (G1 Evacuation Pause) 477M->167M(572M) 2.336ms
[318.175s][info][gc] GC(1862) Pause Young (Normal) (G1 Evacuation Pause) 479M->168M(572M) 2.069ms
[318.352s][info][gc] GC(1863) Pause Young (Normal) (G1 Evacuation Pause) 484M->170M(572M) 2.016ms
[318.667s][info][gc] GC(1864) Pause Young (Normal) (G1 Evacuation Pause) 486M->171M(572M) 2.075ms
[318.981s][info][gc] GC(1865) Pause Young (Normal) (G1 Evacuation Pause) 483M->174M(572M) 2.286ms
[319.281s][info][gc] GC(1866) Pause Young (Normal) (G1 Evacuation Pause) 486M->176M(572M) 2.256ms
[319.591s][info][gc] GC(1867) Pause Young (Normal) (G1 Evacuation Pause) 488M->180M(572M) 2.051ms
[319.898s][info][gc] GC(1868) Pause Young (Normal) (G1 Evacuation Pause) 492M->183M(572M) 2.143ms
[320.212s][info][gc] GC(1869) Pause Young (Normal) (G1 Evacuation Pause) 495M->185M(572M) 1.966ms
[320.522s][info][gc] GC(1870) Pause Young (Normal) (G1 Evacuation Pause) 497M->188M(572M) 2.094ms
[320.832s][info][gc] GC(1871) Pause Young (Normal) (G1 Evacuation Pause) 500M->191M(572M) 2.074ms
[321.142s][info][gc] GC(1872) Pause Young (Normal) (G1 Evacuation Pause) 503M->193M(572M) 2.115ms
[321.448s][info][gc] GC(1873) Pause Young (Normal) (G1 Evacuation Pause) 501M->196M(572M) 2.096ms
[321.752s][info][gc] GC(1874) Pause Young (Normal) (G1 Evacuation Pause) 504M->199M(572M) 2.236ms
[322.052s][info][gc] GC(1875) Pause Young (Normal) (G1 Evacuation Pause) 503M->200M(572M) 2.071ms
[322.345s][info][gc] GC(1876) Pause Young (Normal) (G1 Evacuation Pause) 500M->203M(572M) 2.102ms
[322.650s][info][gc] GC(1877) Pause Young (Normal) (G1 Evacuation Pause) 503M->206M(572M) 2.062ms
[322.939s][info][gc] GC(1878) Pause Young (Normal) (G1 Evacuation Pause) 502M->208M(572M) 1.884ms
[323.220s][info][gc] GC(1879) Pause Young (Normal) (G1 Evacuation Pause) 500M->210M(572M) 2.122ms
[323.734s][info][gc] GC(1880) Pause Young (Normal) (G1 Evacuation Pause) 506M->214M(572M) 1.919ms
[324.286s][info][gc] GC(1881) Pause Young (Normal) (G1 Evacuation Pause) 502M->216M(572M) 2.797ms
[324.883s][info][gc] GC(1882) Pause Young (Concurrent Start) (G1 Evacuation Pause) 508M->217M(572M) 2.257ms
[324.883s][info][gc] GC(1883) Concurrent Mark Cycle
[324.888s][info][gc] GC(1883) Pause Remark 223M->90M(308M) 0.443ms
[324.890s][info][gc] GC(1883) Pause Cleanup 90M->90M(308M) 0.062ms
[324.890s][info][gc] GC(1883) Concurrent Mark Cycle 7.274ms
[325.197s][info][gc] GC(1884) Pause Young (Prepare Mixed) (G1 Evacuation Pause) 244M->85M(308M) 2.499ms
[325.525s][info][gc] GC(1885) Pause Young (Mixed) (G1 Evacuation Pause) 253M->58M(308M) 1.726ms
[325.869s][info][gc] GC(1886) Pause Young (Normal) (G1 Evacuation Pause) 226M->60M(308M) 1.532ms
[326.198s][info][gc] GC(1887) Pause Young (Normal) (G1 Evacuation Pause) 228M->61M(308M) 1.646ms
[326.518s][info][gc] GC(1888) Pause Young (Normal) (G1 Evacuation Pause) 229M->61M(308M) 1.605ms
[326.855s][info][gc] GC(1889) Pause Young (Normal) (G1 Evacuation Pause) 229M->64M(308M) 1.194ms
[327.175s][info][gc] GC(1890) Pause Young (Normal) (G1 Evacuation Pause) 232M->64M(308M) 1.291ms
[327.506s][info][gc] GC(1891) Pause Young (Normal) (G1 Evacuation Pause) 232M->66M(308M) 1.420ms
[327.827s][info][gc] GC(1892) Pause Young (Normal) (G1 Evacuation Pause) 234M->66M(308M) 1.370ms
[328.163s][info][gc] GC(1893) Pause Young (Normal) (G1 Evacuation Pause) 234M->69M(308M) 1.408ms
[328.488s][info][gc] GC(1894) Pause Young (Normal) (G1 Evacuation Pause) 237M->70M(308M) 1.458ms
[328.808s][info][gc] GC(1895) Pause Young (Normal) (G1 Evacuation Pause) 238M->72M(308M) 1.358ms
[329.138s][info][gc] GC(1896) Pause Young (Normal) (G1 Evacuation Pause) 240M->73M(308M) 1.375ms
[329.458s][info][gc] GC(1897) Pause Young (Normal) (G1 Evacuation Pause) 241M->75M(308M) 1.288ms
[329.790s][info][gc] GC(1898) Pause Young (Normal) (G1 Evacuation Pause) 243M->75M(308M) 1.299ms
[330.115s][info][gc] GC(1899) Pause Young (Normal) (G1 Evacuation Pause) 243M->77M(308M) 1.300ms
[330.447s][info][gc] GC(1900) Pause Young (Normal) (G1 Evacuation Pause) 245M->79M(308M) 1.320ms
[330.776s][info][gc] GC(1901) Pause Young (Normal) (G1 Evacuation Pause) 247M->80M(308M) 1.507ms
[331.103s][info][gc] GC(1902) Pause Young (Normal) (G1 Evacuation Pause) 248M->81M(308M) 1.311ms
[331.434s][info][gc] GC(1903) Pause Young (Normal) (G1 Evacuation Pause) 249M->82M(308M) 1.183ms
[331.764s][info][gc] GC(1904) Pause Young (Normal) (G1 Evacuation Pause) 250M->84M(308M) 1.314ms
[332.092s][info][gc] GC(1905) Pause Young (Normal) (G1 Evacuation Pause) 252M->86M(308M) 1.399ms
[332.417s][info][gc] GC(1906) Pause Young (Normal) (G1 Evacuation Pause) 254M->86M(308M) 1.281ms
[332.752s][info][gc] GC(1907) Pause Young (Normal) (G1 Evacuation Pause) 254M->88M(308M) 1.318ms
[333.096s][info][gc] GC(1908) Pause Young (Normal) (G1 Evacuation Pause) 256M->90M(308M) 1.456ms
[333.414s][info][gc] GC(1909) Pause Young (Normal) (G1 Evacuation Pause) 258M->90M(308M) 1.323ms
[333.790s][info][gc] GC(1910) Pause Young (Normal) (G1 Evacuation Pause) 258M->93M(308M) 1.738ms
[334.129s][info][gc] GC(1911) Pause Young (Normal) (G1 Evacuation Pause) 261M->95M(308M) 1.814ms
[334.449s][info][gc] GC(1912) Pause Young (Normal) (G1 Evacuation Pause) 263M->96M(308M) 1.567ms
[334.776s][info][gc] GC(1913) Pause Young (Normal) (G1 Evacuation Pause) 260M->97M(308M) 1.453ms
[335.098s][info][gc] GC(1914) Pause Young (Normal) (G1 Evacuation Pause) 261M->99M(308M) 1.792ms
[335.426s][info][gc] GC(1915) Pause Young (Normal) (G1 Evacuation Pause) 263M->101M(308M) 1.591ms
[335.743s][info][gc] GC(1916) Pause Young (Normal) (G1 Evacuation Pause) 265M->102M(308M) 1.568ms
[336.048s][info][gc] GC(1917) Pause Young (Normal) (G1 Evacuation Pause) 262M->103M(308M) 1.605ms
[336.360s][info][gc] GC(1918) Pause Young (Normal) (G1 Evacuation Pause) 263M->105M(308M) 1.598ms
[336.674s][info][gc] GC(1919) Pause Young (Normal) (G1 Evacuation Pause) 265M->106M(308M) 1.564ms
[336.970s][info][gc] GC(1920) Pause Young (Normal) (G1 Evacuation Pause) 262M->107M(308M) 1.362ms
[337.272s][info][gc] GC(1921) Pause Young (Normal) (G1 Evacuation Pause) 263M->109M(308M) 1.555ms
[337.581s][info][gc] GC(1922) Pause Young (Normal) (G1 Evacuation Pause) 261M->110M(308M) 1.273ms
[337.872s][info][gc] GC(1923) Pause Young (Normal) (G1 Evacuation Pause) 262M->111M(308M) 1.428ms
[338.165s][info][gc] GC(1924) Pause Young (Normal) (G1 Evacuation Pause) 263M->111M(308M) 1.261ms
[338.459s][info][gc] GC(1925) Pause Young (Concurrent Start) (G1 Evacuation Pause) 259M->114M(308M) 1.411ms
[338.459s][info][gc] GC(1926) Concurrent Mark Cycle
[338.464s][info][gc] GC(1926) Pause Remark 118M->60M(216M) 0.388ms
[338.466s][info][gc] GC(1926) Pause Cleanup 62M->62M(216M) 0.025ms
[338.466s][info][gc] GC(1926) Concurrent Mark Cycle 7.316ms
[338.673s][info][gc] GC(1927) Pause Young (Prepare Mixed) (G1 Evacuation Pause) 168M->58M(216M) 1.434ms
[338.893s][info][gc] GC(1928) Pause Young (Mixed) (G1 Evacuation Pause) 174M->50M(216M) 1.258ms
[339.122s][info][gc] GC(1929) Pause Young (Normal) (G1 Evacuation Pause) 166M->52M(216M) 1.176ms
[339.338s][info][gc] GC(1930) Pause Young (Normal) (G1 Evacuation Pause) 168M->53M(216M) 1.213ms
[339.570s][info][gc] GC(1931) Pause Young (Normal) (G1 Evacuation Pause) 169M->54M(216M) 1.108ms
[339.791s][info][gc] GC(1932) Pause Young (Normal) (G1 Evacuation Pause) 170M->54M(216M) 1.360ms
[340.021s][info][gc] GC(1933) Pause Young (Normal) (G1 Evacuation Pause) 170M->56M(216M) 1.164ms
[340.250s][info][gc] GC(1934) Pause Young (Normal) (G1 Evacuation Pause) 172M->57M(216M) 1.136ms
[340.470s][info][gc] GC(1935) Pause Young (Normal) (G1 Evacuation Pause) 173M->58M(216M) 1.104ms
[340.701s][info][gc] GC(1936) Pause Young (Normal) (G1 Evacuation Pause) 174M->58M(216M) 1.161ms
[340.927s][info][gc] GC(1937) Pause Young (Normal) (G1 Evacuation Pause) 174M->59M(216M) 1.058ms
[341.153s][info][gc] GC(1938) Pause Young (Normal) (G1 Evacuation Pause) 175M->60M(216M) 1.341ms
[341.376s][info][gc] GC(1939) Pause Young (Normal) (G1 Evacuation Pause) 176M->61M(216M) 1.071ms
[341.612s][info][gc] GC(1940) Pause Young (Normal) (G1 Evacuation Pause) 177M->62M(216M) 1.054ms
[341.839s][info][gc] GC(1941) Pause Young (Normal) (G1 Evacuation Pause) 178M->63M(216M) 1.153ms
[342.054s][info][gc] GC(1942) Pause Young (Normal) (G1 Evacuation Pause) 179M->64M(216M) 1.419ms
[342.269s][info][gc] GC(1943) Pause Young (Normal) (G1 Evacuation Pause) 176M->65M(216M) 1.253ms
[342.494s][info][gc] GC(1944) Pause Young (Normal) (G1 Evacuation Pause) 177M->65M(216M) 0.987ms
[342.720s][info][gc] GC(1945) Pause Young (Normal) (G1 Evacuation Pause) 177M->67M(216M) 1.168ms
[342.935s][info][gc] GC(1946) Pause Young (Normal) (G1 Evacuation Pause) 179M->68M(216M) 1.133ms
[343.142s][info][gc] GC(1947) Pause Young (Normal) (G1 Evacuation Pause) 176M->69M(216M) 1.024ms
[343.352s][info][gc] GC(1948) Pause Young (Normal) (G1 Evacuation Pause) 177M->70M(216M) 1.195ms
[343.561s][info][gc] GC(1949) Pause Young (Normal) (G1 Evacuation Pause) 178M->70M(216M) 1.014ms
[343.823s][info][gc] GC(1950) Pause Young (Normal) (G1 Evacuation Pause) 178M->72M(216M) 1.299ms
[344.022s][info][gc] GC(1951) Pause Young (Normal) (G1 Evacuation Pause) 180M->73M(216M) 1.331ms
[344.217s][info][gc] GC(1952) Pause Young (Normal) (G1 Evacuation Pause) 177M->74M(216M) 1.190ms
[344.418s][info][gc] GC(1953) Pause Young (Normal) (G1 Evacuation Pause) 178M->75M(216M) 1.183ms
[344.620s][info][gc] GC(1954) Pause Young (Normal) (G1 Evacuation Pause) 179M->76M(216M) 1.463ms
[344.818s][info][gc] GC(1955) Pause Young (Concurrent Start) (G1 Evacuation Pause) 176M->77M(216M) 1.201ms
[344.818s][info][gc] GC(1956) Concurrent Mark Cycle
[344.822s][info][gc] GC(1956) Pause Remark 81M->48M(176M) 0.410ms
[344.823s][info][gc] GC(1956) Pause Cleanup 48M->48M(176M) 0.030ms
[344.824s][info][gc] GC(1956) Concurrent Mark Cycle 5.115ms
[344.996s][info][gc] GC(1957) Pause Young (Prepare Mixed) (G1 Evacuation Pause) 136M->44M(176M) 1.310ms
[345.178s][info][gc] GC(1958) Pause Young (Mixed) (G1 Evacuation Pause) 136M->37M(176M) 1.342ms
[345.344s][info][gc] GC(1959) Pause Young (Normal) (G1 Evacuation Pause) 129M->37M(176M) 1.213ms
[345.532s][info][gc] GC(1960) Pause Young (Normal) (G1 Evacuation Pause) 129M->37M(176M) 1.821ms
[345.724s][info][gc] GC(1961) Pause Young (Normal) (G1 Evacuation Pause) 133M->38M(176M) 1.103ms
[345.902s][info][gc] GC(1962) Pause Young (Normal) (G1 Evacuation Pause) 130M->39M(176M) 1.162ms
[346.078s][info][gc] GC(1963) Pause Young (Normal) (G1 Evacuation Pause) 131M->39M(176M) 1.096ms
[346.252s][info][gc] GC(1964) Pause Young (Normal) (G1 Evacuation Pause) 131M->40M(176M) 1.157ms
[346.441s][info][gc] GC(1965) Pause Young (Normal) (G1 Evacuation Pause) 132M->41M(176M) 1.102ms
[346.616s][info][gc] GC(1966) Pause Young (Normal) (G1 Evacuation Pause) 133M->42M(176M) 1.083ms
[346.798s][info][gc] GC(1967) Pause Young (Normal) (G1 Evacuation Pause) 134M->42M(176M) 1.099ms
[346.981s][info][gc] GC(1968) Pause Young (Normal) (G1 Evacuation Pause) 134M->43M(176M) 1.116ms
[347.153s][info][gc] GC(1969) Pause Young (Normal) (G1 Evacuation Pause) 135M->44M(176M) 1.127ms
[347.332s][info][gc] GC(1970) Pause Young (Normal) (G1 Evacuation Pause) 136M->45M(176M) 1.151ms
[347.518s][info][gc] GC(1971) Pause Young (Normal) (G1 Evacuation Pause) 137M->46M(176M) 1.168ms
[347.696s][info][gc] GC(1972) Pause Young (Normal) (G1 Evacuation Pause) 138M->47M(176M) 1.108ms
[347.882s][info][gc] GC(1973) Pause Young (Normal) (G1 Evacuation Pause) 139M->47M(176M) 1.081ms
[348.052s][info][gc] GC(1974) Pause Young (Normal) (G1 Evacuation Pause) 139M->48M(176M) 1.146ms
[348.233s][info][gc] GC(1975) Pause Young (Normal) (G1 Evacuation Pause) 140M->49M(176M) 1.162ms
[348.419s][info][gc] GC(1976) Pause Young (Normal) (G1 Evacuation Pause) 141M->50M(176M) 1.139ms
[348.596s][info][gc] GC(1977) Pause Young (Normal) (G1 Evacuation Pause) 142M->50M(176M) 1.122ms
[348.772s][info][gc] GC(1978) Pause Young (Normal) (G1 Evacuation Pause) 142M->51M(176M) 1.123ms
[348.954s][info][gc] GC(1979) Pause Young (Normal) (G1 Evacuation Pause) 143M->52M(176M) 1.093ms
[349.115s][info][gc] GC(1980) Pause Young (Normal) (G1 Evacuation Pause) 140M->53M(176M) 1.128ms
[349.291s][info][gc] GC(1981) Pause Young (Normal) (G1 Evacuation Pause) 141M->54M(176M) 1.328ms
[349.465s][info][gc] GC(1982) Pause Young (Normal) (G1 Evacuation Pause) 142M->55M(176M) 1.180ms
[349.628s][info][gc] GC(1983) Pause Young (Normal) (G1 Evacuation Pause) 143M->55M(176M) 1.083ms
[349.800s][info][gc] GC(1984) Pause Young (Normal) (G1 Evacuation Pause) 143M->56M(176M) 1.213ms
[349.960s][info][gc] GC(1985) Pause Young (Normal) (G1 Evacuation Pause) 140M->56M(176M) 1.093ms
[350.136s][info][gc] GC(1986) Pause Young (Normal) (G1 Evacuation Pause) 148M->57M(176M) 0.916ms
[350.317s][info][gc] GC(1987) Pause Young (Normal) (G1 Evacuation Pause) 149M->58M(176M) 1.037ms
[350.487s][info][gc] GC(1988) Pause Young (Normal) (G1 Evacuation Pause) 142M->58M(176M) 1.046ms
[350.649s][info][gc] GC(1989) Pause Young (Normal) (G1 Evacuation Pause) 146M->59M(176M) 0.889ms
[350.816s][info][gc] GC(1990) Pause Young (Normal) (G1 Evacuation Pause) 147M->59M(176M) 0.951ms
[350.990s][info][gc] GC(1991) Pause Young (Normal) (G1 Evacuation Pause) 147M->60M(176M) 0.999ms
[351.165s][info][gc] GC(1992) Pause Young (Normal) (G1 Evacuation Pause) 148M->61M(176M) 0.895ms
[351.321s][info][gc] GC(1993) Pause Young (Concurrent Start) (G1 Evacuation Pause) 145M->62M(176M) 0.973ms
[351.322s][info][gc] GC(1994) Concurrent Mark Cycle
[351.329s][info][gc] GC(1994) Pause Remark 67M->66M(176M) 0.386ms
[351.333s][info][gc] GC(1994) Pause Cleanup 67M->67M(176M) 0.026ms
[351.333s][info][gc] GC(1994) Concurrent Mark Cycle 11.357ms
[351.490s][info][gc] GC(1995) Pause Young (Prepare Mixed) (G1 Evacuation Pause) 144M->61M(176M) 0.908ms
[351.663s][info][gc] GC(1996) Pause Young (Mixed) (G1 Evacuation Pause) 149M->61M(176M) 1.334ms
[351.851s][info][gc] GC(1997) Pause Young (Normal) (G1 Evacuation Pause) 153M->63M(176M) 0.949ms
[352.020s][info][gc] GC(1998) Pause Young (Normal) (G1 Evacuation Pause) 155M->63M(176M) 0.981ms
[352.192s][info][gc] GC(1999) Pause Young (Normal) (G1 Evacuation Pause) 147M->64M(176M) 0.985ms
[352.360s][info][gc] GC(2000) Pause Young (Normal) (G1 Evacuation Pause) 152M->64M(176M) 0.873ms
[352.541s][info][gc] GC(2001) Pause Young (Normal) (G1 Evacuation Pause) 152M->66M(176M) 0.907ms
[352.706s][info][gc] GC(2002) Pause Young (Normal) (G1 Evacuation Pause) 154M->66M(176M) 1.057ms
[352.874s][info][gc] GC(2003) Pause Young (Normal) (G1 Evacuation Pause) 154M->67M(176M) 0.895ms
[353.044s][info][gc] GC(2004) Pause Young (Concurrent Start) (G1 Evacuation Pause) 151M->67M(176M) 0.949ms
[353.044s][info][gc] GC(2005) Concurrent Mark Cycle
[353.052s][info][gc] GC(2005) Pause Remark 71M->71M(176M) 0.387ms
[353.057s][info][gc] GC(2005) Pause Cleanup 75M->75M(176M) 0.021ms
[353.057s][info][gc] GC(2005) Concurrent Mark Cycle 13.278ms
[353.208s][info][gc] GC(2006) Pause Young (Prepare Mixed) (G1 Evacuation Pause) 151M->68M(176M) 0.951ms
[353.380s][info][gc] GC(2007) Pause Young (Mixed) (G1 Evacuation Pause) 152M->67M(176M) 1.181ms
[353.527s][info][gc] GC(2008) Pause Young (Concurrent Start) (G1 Evacuation Pause) 151M->67M(176M) 0.862ms
[353.527s][info][gc] GC(2009) Concurrent Mark Cycle
[353.536s][info][gc] GC(2009) Pause Remark 68M->68M(176M) 0.465ms
[353.542s][info][gc] GC(2009) Pause Cleanup 70M->70M(176M) 0.025ms
[353.542s][info][gc] GC(2009) Concurrent Mark Cycle 14.336ms
[353.755s][info][gc] GC(2010) Pause Young (Normal) (G1 Evacuation Pause) 151M->69M(176M) 1.129ms
[353.909s][info][gc] GC(2011) Pause Young (Concurrent Start) (G1 Evacuation Pause) 153M->69M(176M) 1.018ms
[353.909s][info][gc] GC(2012) Concurrent Mark Cycle
[353.912s][info][gc] GC(2012) Pause Remark 71M->47M(160M) 0.375ms
[353.914s][info][gc] GC(2012) Pause Cleanup 47M->47M(160M) 0.046ms
[353.914s][info][gc] GC(2012) Concurrent Mark Cycle 4.938ms
[354.089s][info][gc] GC(2013) Pause Young (Prepare Mixed) (G1 Evacuation Pause) 133M->47M(160M) 1.271ms
[354.260s][info][gc] GC(2014) Pause Young (Mixed) (G1 Evacuation Pause) 135M->40M(160M) 1.774ms
[354.439s][info][gc] GC(2015) Pause Young (Normal) (G1 Evacuation Pause) 128M->41M(160M) 1.262ms
[354.602s][info][gc] GC(2016) Pause Young (Normal) (G1 Evacuation Pause) 129M->42M(160M) 1.251ms
[354.784s][info][gc] GC(2017) Pause Young (Normal) (G1 Evacuation Pause) 130M->42M(160M) 1.170ms
[354.960s][info][gc] GC(2018) Pause Young (Normal) (G1 Evacuation Pause) 130M->43M(160M) 1.244ms
[355.139s][info][gc] GC(2019) Pause Young (Normal) (G1 Evacuation Pause) 131M->44M(160M) 1.091ms
[355.299s][info][gc] GC(2020) Pause Young (Normal) (G1 Evacuation Pause) 132M->44M(160M) 1.122ms
[355.475s][info][gc] GC(2021) Pause Young (Normal) (G1 Evacuation Pause) 132M->45M(160M) 1.091ms
[355.653s][info][gc] GC(2022) Pause Young (Normal) (G1 Evacuation Pause) 133M->46M(160M) 1.149ms
[355.822s][info][gc] GC(2023) Pause Young (Normal) (G1 Evacuation Pause) 134M->47M(160M) 1.159ms
[355.997s][info][gc] GC(2024) Pause Young (Normal) (G1 Evacuation Pause) 135M->48M(160M) 1.144ms
[356.177s][info][gc] GC(2025) Pause Young (Normal) (G1 Evacuation Pause) 136M->48M(160M) 1.146ms
[356.353s][info][gc] GC(2026) Pause Young (Normal) (G1 Evacuation Pause) 136M->49M(160M) 1.131ms
[356.525s][info][gc] GC(2027) Pause Young (Normal) (G1 Evacuation Pause) 137M->50M(160M) 1.130ms
[356.696s][info][gc] GC(2028) Pause Young (Normal) (G1 Evacuation Pause) 138M->50M(160M) 1.147ms
[356.865s][info][gc] GC(2029) Pause Young (Normal) (G1 Evacuation Pause) 138M->51M(160M) 1.134ms
[357.043s][info][gc] GC(2030) Pause Young (Normal) (G1 Evacuation Pause) 139M->52M(160M) 1.119ms
[357.214s][info][gc] GC(2031) Pause Young (Normal) (G1 Evacuation Pause) 140M->52M(160M) 1.098ms
[357.379s][info][gc] GC(2032) Pause Young (Normal) (G1 Evacuation Pause) 140M->53M(160M) 1.163ms
[357.545s][info][gc] GC(2033) Pause Young (Normal) (G1 Evacuation Pause) 141M->54M(160M) 1.068ms
[357.711s][info][gc] GC(2034) Pause Young (Normal) (G1 Evacuation Pause) 138M->55M(160M) 1.109ms
[357.866s][info][gc] GC(2035) Pause Young (Normal) (G1 Evacuation Pause) 139M->55M(160M) 1.173ms
[358.023s][info][gc] GC(2036) Pause Young (Normal) (G1 Evacuation Pause) 139M->56M(160M) 1.081ms
[358.184s][info][gc] GC(2037) Pause Young (Normal) (G1 Evacuation Pause) 140M->57M(160M) 1.124ms
[358.350s][info][gc] GC(2038) Pause Young (Normal) (G1 Evacuation Pause) 141M->57M(160M) 1.169ms
[358.523s][info][gc] GC(2039) Pause Young (Normal) (G1 Evacuation Pause) 141M->58M(160M) 1.136ms
[358.676s][info][gc] GC(2040) Pause Young (Normal) (G1 Evacuation Pause) 142M->59M(160M) 1.170ms
[358.838s][info][gc] GC(2041) Pause Young (Concurrent Start) (G1 Evacuation Pause) 139M->59M(160M) 1.113ms
[358.838s][info][gc] GC(2042) Concurrent Mark Cycle
[358.843s][info][gc] GC(2042) Pause Remark 61M->61M(160M) 0.447ms
[358.847s][info][gc] GC(2042) Pause Cleanup 65M->65M(160M) 0.022ms
[358.847s][info][gc] GC(2042) Concurrent Mark Cycle 9.503ms
[358.999s][info][gc] GC(2043) Pause Young (Prepare Mixed) (G1 Evacuation Pause) 139M->60M(160M) 1.157ms
[359.150s][info][gc] GC(2044) Pause Young (Mixed) (G1 Evacuation Pause) 140M->54M(160M) 1.333ms
[359.321s][info][gc] GC(2045) Pause Young (Normal) (G1 Evacuation Pause) 142M->55M(160M) 1.224ms
[359.484s][info][gc] GC(2046) Pause Young (Normal) (G1 Evacuation Pause) 139M->55M(160M) 1.140ms
[359.648s][info][gc] GC(2047) Pause Young (Normal) (G1 Evacuation Pause) 139M->56M(160M) 1.176ms
[359.820s][info][gc] GC(2048) Pause Young (Normal) (G1 Evacuation Pause) 140M->57M(160M) 1.173ms
[359.985s][info][gc] GC(2049) Pause Young (Normal) (G1 Evacuation Pause) 141M->58M(160M) 1.202ms
[360.144s][info][gc] GC(2050) Pause Young (Normal) (G1 Evacuation Pause) 142M->59M(160M) 1.113ms
[360.308s][info][gc] GC(2051) Pause Young (Normal) (G1 Evacuation Pause) 143M->59M(160M) 1.186ms
[360.456s][info][gc] GC(2052) Pause Young (Concurrent Start) (G1 Evacuation Pause) 139M->59M(160M) 1.161ms
[360.456s][info][gc] GC(2053) Concurrent Mark Cycle
[360.463s][info][gc] GC(2053) Pause Remark 65M->65M(160M) 0.451ms
[360.468s][info][gc] GC(2053) Pause Cleanup 67M->67M(160M) 0.023ms
[360.468s][info][gc] GC(2053) Concurrent Mark Cycle 11.386ms
[360.614s][info][gc] GC(2054) Pause Young (Prepare Mixed) (G1 Evacuation Pause) 139M->60M(160M) 1.141ms
[360.774s][info][gc] GC(2055) Pause Young (Mixed) (G1 Evacuation Pause) 140M->58M(160M) 1.554ms
[360.933s][info][gc] GC(2056) Pause Young (Normal) (G1 Evacuation Pause) 142M->59M(160M) 1.125ms
[361.097s][info][gc] GC(2057) Pause Young (Concurrent Start) (G1 Evacuation Pause) 139M->60M(160M) 1.162ms
[361.097s][info][gc] GC(2058) Concurrent Mark Cycle
[361.103s][info][gc] GC(2058) Pause Remark 66M->66M(160M) 0.432ms
[361.109s][info][gc] GC(2058) Pause Cleanup 70M->70M(160M) 0.020ms
[361.109s][info][gc] GC(2058) Concurrent Mark Cycle 12.079ms
[361.249s][info][gc] GC(2059) Pause Young (Prepare Mixed) (G1 Evacuation Pause) 140M->60M(160M) 1.141ms
[361.414s][info][gc] GC(2060) Pause Young (Mixed) (G1 Evacuation Pause) 140M->59M(160M) 1.507ms
[361.569s][info][gc] GC(2061) Pause Young (Concurrent Start) (G1 Evacuation Pause) 139M->59M(160M) 1.093ms
[361.569s][info][gc] GC(2062) Concurrent Mark Cycle
[361.576s][info][gc] GC(2062) Pause Remark 62M->62M(160M) 0.434ms
[361.582s][info][gc] GC(2062) Pause Cleanup 66M->66M(160M) 0.019ms
[361.582s][info][gc] GC(2062) Concurrent Mark Cycle 12.518ms
[361.731s][info][gc] GC(2063) Pause Young (Prepare Mixed) (G1 Evacuation Pause) 139M->60M(160M) 1.187ms
[361.889s][info][gc] GC(2064) Pause Young (Mixed) (G1 Evacuation Pause) 140M->59M(160M) 3.213ms
[362.045s][info][gc] GC(2065) Pause Young (Concurrent Start) (G1 Evacuation Pause) 139M->61M(160M) 1.145ms
[362.045s][info][gc] GC(2066) Concurrent Mark Cycle
[362.053s][info][gc] GC(2066) Pause Remark 66M->66M(160M) 0.447ms
[362.057s][info][gc] GC(2066) Pause Cleanup 70M->70M(160M) 0.022ms
[362.057s][info][gc] GC(2066) Concurrent Mark Cycle 12.142ms
[362.204s][info][gc] GC(2067) Pause Young (Normal) (G1 Evacuation Pause) 141M->61M(160M) 1.138ms
[362.355s][info][gc] GC(2068) Pause Young (Concurrent Start) (G1 Evacuation Pause) 141M->62M(160M) 1.117ms
[362.355s][info][gc] GC(2069) Concurrent Mark Cycle
[362.363s][info][gc] GC(2069) Pause Remark 67M->67M(160M) 0.438ms
[362.367s][info][gc] GC(2069) Pause Cleanup 67M->67M(160M) 0.021ms
[362.367s][info][gc] GC(2069) Concurrent Mark Cycle 11.891ms
[362.513s][info][gc] GC(2070) Pause Young (Normal) (G1 Evacuation Pause) 142M->63M(160M) 1.107ms
[362.661s][info][gc] GC(2071) Pause Young (Concurrent Start) (G1 Evacuation Pause) 139M->63M(160M) 1.110ms
[362.661s][info][gc] GC(2072) Concurrent Mark Cycle
[362.669s][info][gc] GC(2072) Pause Remark 66M->66M(160M) 0.436ms
[362.673s][info][gc] GC(2072) Pause Cleanup 67M->67M(160M) 0.023ms
[362.673s][info][gc] GC(2072) Concurrent Mark Cycle 12.308ms
[362.818s][info][gc] GC(2073) Pause Young (Normal) (G1 Evacuation Pause) 139M->64M(160M) 1.098ms
[362.964s][info][gc] GC(2074) Pause Young (Concurrent Start) (G1 Evacuation Pause) 140M->65M(160M) 1.079ms
[362.964s][info][gc] GC(2075) Concurrent Mark Cycle
[362.972s][info][gc] GC(2075) Pause Remark 70M->70M(160M) 0.447ms
[362.977s][info][gc] GC(2075) Pause Cleanup 70M->70M(160M) 0.019ms
[362.977s][info][gc] GC(2075) Concurrent Mark Cycle 12.674ms
[363.118s][info][gc] GC(2076) Pause Young (Normal) (G1 Evacuation Pause) 141M->65M(160M) 1.179ms
[363.267s][info][gc] GC(2077) Pause Young (Concurrent Start) (G1 Evacuation Pause) 141M->66M(160M) 1.178ms
[363.267s][info][gc] GC(2078) Concurrent Mark Cycle
[363.275s][info][gc] GC(2078) Pause Remark 73M->73M(160M) 0.436ms
[363.280s][info][gc] GC(2078) Pause Cleanup 73M->73M(160M) 0.024ms
[363.280s][info][gc] GC(2078) Concurrent Mark Cycle 12.885ms
[363.419s][info][gc] GC(2079) Pause Young (Normal) (G1 Evacuation Pause) 142M->67M(160M) 1.098ms
[363.557s][info][gc] GC(2080) Pause Young (Concurrent Start) (G1 Evacuation Pause) 139M->67M(160M) 1.136ms
[363.557s][info][gc] GC(2081) Concurrent Mark Cycle
[363.566s][info][gc] GC(2081) Pause Remark 73M->73M(160M) 0.443ms
[363.570s][info][gc] GC(2081) Pause Cleanup 77M->77M(160M) 0.018ms
[363.570s][info][gc] GC(2081) Concurrent Mark Cycle 13.283ms
[363.737s][info][gc] GC(2082) Pause Young (Normal) (G1 Evacuation Pause) 139M->67M(160M) 0.932ms
[363.889s][info][gc] GC(2083) Pause Young (Concurrent Start) (G1 Evacuation Pause) 139M->69M(160M) 1.198ms
[363.889s][info][gc] GC(2084) Concurrent Mark Cycle
[363.893s][info][gc] GC(2084) Pause Remark 72M->52M(160M) 0.445ms
[363.894s][info][gc] GC(2084) Pause Cleanup 52M->52M(160M) 0.020ms
[363.894s][info][gc] GC(2084) Concurrent Mark Cycle 4.790ms
[364.031s][info][gc] GC(2085) Pause Young (Prepare Mixed) (G1 Evacuation Pause) 121M->50M(160M) 1.312ms
[364.206s][info][gc] GC(2086) Pause Young (Mixed) (G1 Evacuation Pause) 138M->37M(160M) 1.263ms
[364.384s][info][gc] GC(2087) Pause Young (Normal) (G1 Evacuation Pause) 129M->37M(160M) 0.935ms
[364.551s][info][gc] GC(2088) Pause Young (Normal) (G1 Evacuation Pause) 125M->38M(160M) 1.023ms
[364.727s][info][gc] GC(2089) Pause Young (Normal) (G1 Evacuation Pause) 126M->38M(160M) 1.078ms
[364.910s][info][gc] GC(2090) Pause Young (Normal) (G1 Evacuation Pause) 126M->39M(160M) 1.217ms
[365.087s][info][gc] GC(2091) Pause Young (Normal) (G1 Evacuation Pause) 127M->40M(160M) 1.240ms
[365.241s][info][gc] GC(2092) Pause Young (Normal) (G1 Evacuation Pause) 128M->41M(160M) 1.021ms
[365.417s][info][gc] GC(2093) Pause Young (Normal) (G1 Evacuation Pause) 129M->41M(160M) 1.120ms
[365.583s][info][gc] GC(2094) Pause Young (Normal) (G1 Evacuation Pause) 129M->42M(160M) 1.159ms
[365.754s][info][gc] GC(2095) Pause Young (Normal) (G1 Evacuation Pause) 130M->43M(160M) 1.102ms
[365.920s][info][gc] GC(2096) Pause Young (Normal) (G1 Evacuation Pause) 131M->44M(160M) 1.133ms
[366.095s][info][gc] GC(2097) Pause Young (Normal) (G1 Evacuation Pause) 132M->45M(160M) 1.195ms
[366.268s][info][gc] GC(2098) Pause Young (Normal) (G1 Evacuation Pause) 133M->45M(160M) 1.256ms
[366.442s][info][gc] GC(2099) Pause Young (Normal) (G1 Evacuation Pause) 133M->46M(160M) 1.131ms
[366.623s][info][gc] GC(2100) Pause Young (Normal) (G1 Evacuation Pause) 134M->46M(160M) 1.213ms
[366.797s][info][gc] GC(2101) Pause Young (Normal) (G1 Evacuation Pause) 134M->47M(160M) 1.126ms
[366.973s][info][gc] GC(2102) Pause Young (Normal) (G1 Evacuation Pause) 135M->48M(160M) 1.125ms
[367.140s][info][gc] GC(2103) Pause Young (Normal) (G1 Evacuation Pause) 136M->49M(160M) 1.112ms
[367.310s][info][gc] GC(2104) Pause Young (Normal) (G1 Evacuation Pause) 137M->49M(160M) 1.133ms
[367.485s][info][gc] GC(2105) Pause Young (Normal) (G1 Evacuation Pause) 137M->50M(160M) 1.119ms
[367.646s][info][gc] GC(2106) Pause Young (Normal) (G1 Evacuation Pause) 138M->51M(160M) 1.130ms
[367.820s][info][gc] GC(2107) Pause Young (Normal) (G1 Evacuation Pause) 139M->51M(160M) 1.108ms
[367.991s][info][gc] GC(2108) Pause Young (Normal) (G1 Evacuation Pause) 139M->53M(160M) 1.114ms
[368.166s][info][gc] GC(2109) Pause Young (Normal) (G1 Evacuation Pause) 141M->53M(160M) 1.225ms
[368.339s][info][gc] GC(2110) Pause Young (Normal) (G1 Evacuation Pause) 141M->54M(160M) 1.156ms
[368.521s][info][gc] GC(2111) Pause Young (Normal) (G1 Evacuation Pause) 142M->55M(160M) 1.216ms
[368.679s][info][gc] GC(2112) Pause Young (Normal) (G1 Evacuation Pause) 139M->56M(160M) 1.091ms
[368.837s][info][gc] GC(2113) Pause Young (Normal) (G1 Evacuation Pause) 140M->56M(160M) 1.123ms
[369.007s][info][gc] GC(2114) Pause Young (Normal) (G1 Evacuation Pause) 140M->57M(160M) 1.128ms
[369.172s][info][gc] GC(2115) Pause Young (Normal) (G1 Evacuation Pause) 141M->58M(160M) 1.125ms
[369.332s][info][gc] GC(2116) Pause Young (Normal) (G1 Evacuation Pause) 142M->58M(160M) 1.153ms
[369.492s][info][gc] GC(2117) Pause Young (Concurrent Start) (G1 Evacuation Pause) 138M->59M(160M) 1.160ms
[369.492s][info][gc] GC(2118) Concurrent Mark Cycle
[369.498s][info][gc] GC(2118) Pause Remark 62M->62M(160M) 0.443ms
[369.501s][info][gc] GC(2118) Pause Cleanup 66M->66M(160M) 0.022ms
[369.501s][info][gc] GC(2118) Concurrent Mark Cycle 9.204ms
[369.644s][info][gc] GC(2119) Pause Young (Prepare Mixed) (G1 Evacuation Pause) 139M->60M(160M) 1.189ms
[369.808s][info][gc] GC(2120) Pause Young (Mixed) (G1 Evacuation Pause) 140M->57M(160M) 1.300ms
[369.982s][info][gc] GC(2121) Pause Young (Normal) (G1 Evacuation Pause) 141M->57M(160M) 1.163ms
[370.140s][info][gc] GC(2122) Pause Young (Normal) (G1 Evacuation Pause) 141M->58M(160M) 1.162ms
[370.304s][info][gc] GC(2123) Pause Young (Normal) (G1 Evacuation Pause) 142M->59M(160M) 1.135ms
[370.462s][info][gc] GC(2124) Pause Young (Concurrent Start) (G1 Evacuation Pause) 139M->59M(160M) 1.153ms
[370.462s][info][gc] GC(2125) Concurrent Mark Cycle
[370.469s][info][gc] GC(2125) Pause Remark 63M->63M(160M) 0.447ms
[370.472s][info][gc] GC(2125) Pause Cleanup 67M->67M(160M) 0.020ms
[370.472s][info][gc] GC(2125) Concurrent Mark Cycle 10.101ms
[370.612s][info][gc] GC(2126) Pause Young (Prepare Mixed) (G1 Evacuation Pause) 139M->60M(160M) 1.120ms
[370.769s][info][gc] GC(2127) Pause Young (Mixed) (G1 Evacuation Pause) 140M->59M(160M) 1.621ms
[370.927s][info][gc] GC(2128) Pause Young (Normal) (G1 Evacuation Pause) 143M->58M(160M) 1.198ms
[371.091s][info][gc] GC(2129) Pause Young (Normal) (G1 Evacuation Pause) 142M->59M(160M) 1.201ms
[371.258s][info][gc] GC(2130) Pause Young (Concurrent Start) (G1 Evacuation Pause) 139M->60M(160M) 1.211ms
[371.258s][info][gc] GC(2131) Concurrent Mark Cycle
[371.265s][info][gc] GC(2131) Pause Remark 64M->64M(160M) 0.429ms
[371.269s][info][gc] GC(2131) Pause Cleanup 67M->67M(160M) 0.021ms
[371.269s][info][gc] GC(2131) Concurrent Mark Cycle 11.217ms
[371.410s][info][gc] GC(2132) Pause Young (Prepare Mixed) (G1 Evacuation Pause) 140M->61M(160M) 1.206ms
[371.568s][info][gc] GC(2133) Pause Young (Mixed) (G1 Evacuation Pause) 141M->59M(160M) 1.362ms
[371.718s][info][gc] GC(2134) Pause Young (Concurrent Start) (G1 Evacuation Pause) 139M->59M(160M) 1.159ms
[371.718s][info][gc] GC(2135) Concurrent Mark Cycle
[371.726s][info][gc] GC(2135) Pause Remark 65M->65M(160M) 0.455ms
[371.730s][info][gc] GC(2135) Pause Cleanup 67M->67M(160M) 0.020ms
[371.730s][info][gc] GC(2135) Concurrent Mark Cycle 11.473ms
[371.885s][info][gc] GC(2136) Pause Young (Normal) (G1 Evacuation Pause) 139M->60M(160M) 1.138ms
[372.029s][info][gc] GC(2137) Pause Young (Concurrent Start) (G1 Evacuation Pause) 140M->60M(160M) 1.067ms
[372.029s][info][gc] GC(2138) Concurrent Mark Cycle
[372.037s][info][gc] GC(2138) Pause Remark 62M->62M(160M) 0.627ms
[372.041s][info][gc] GC(2138) Pause Cleanup 62M->62M(160M) 0.021ms
[372.041s][info][gc] GC(2138) Concurrent Mark Cycle 12.359ms
[372.191s][info][gc] GC(2139) Pause Young (Normal) (G1 Evacuation Pause) 140M->61M(160M) 1.158ms
[372.354s][info][gc] GC(2140) Pause Young (Concurrent Start) (G1 Evacuation Pause) 141M->62M(160M) 1.200ms
[372.354s][info][gc] GC(2141) Concurrent Mark Cycle
[372.361s][info][gc] GC(2141) Pause Remark 68M->68M(160M) 0.444ms
[372.365s][info][gc] GC(2141) Pause Cleanup 69M->69M(160M) 0.019ms
[372.365s][info][gc] GC(2141) Concurrent Mark Cycle 11.783ms
[372.506s][info][gc] GC(2142) Pause Young (Normal) (G1 Evacuation Pause) 142M->63M(160M) 1.160ms
[372.659s][info][gc] GC(2143) Pause Young (Concurrent Start) (G1 Evacuation Pause) 139M->63M(160M) 1.151ms
[372.659s][info][gc] GC(2144) Concurrent Mark Cycle
[372.667s][info][gc] GC(2144) Pause Remark 67M->67M(160M) 0.469ms
[372.671s][info][gc] GC(2144) Pause Cleanup 67M->67M(160M) 0.042ms
[372.671s][info][gc] GC(2144) Concurrent Mark Cycle 12.330ms
[372.801s][info][gc] GC(2145) Pause Young (Normal) (G1 Evacuation Pause) 139M->64M(160M) 1.056ms
[372.952s][info][gc] GC(2146) Pause Young (Concurrent Start) (G1 Evacuation Pause) 140M->64M(160M) 1.112ms
[372.952s][info][gc] GC(2147) Concurrent Mark Cycle
[372.960s][info][gc] GC(2147) Pause Remark 70M->70M(160M) 0.441ms
[372.965s][info][gc] GC(2147) Pause Cleanup 72M->72M(160M) 0.018ms
[372.965s][info][gc] GC(2147) Concurrent Mark Cycle 12.550ms
[373.098s][info][gc] GC(2148) Pause Young (Normal) (G1 Evacuation Pause) 140M->66M(160M) 1.158ms
[373.242s][info][gc] GC(2149) Pause Young (Concurrent Start) (G1 Evacuation Pause) 142M->66M(160M) 1.087ms
[373.242s][info][gc] GC(2150) Concurrent Mark Cycle
[373.250s][info][gc] GC(2150) Pause Remark 70M->70M(160M) 0.462ms
[373.256s][info][gc] GC(2150) Pause Cleanup 74M->74M(160M) 0.020ms
[373.256s][info][gc] GC(2150) Concurrent Mark Cycle 13.324ms
[373.395s][info][gc] GC(2151) Pause Young (Normal) (G1 Evacuation Pause) 142M->67M(160M) 1.112ms
[373.543s][info][gc] GC(2152) Pause Young (Concurrent Start) (G1 Evacuation Pause) 139M->67M(160M) 1.139ms
[373.543s][info][gc] GC(2153) Concurrent Mark Cycle
[373.552s][info][gc] GC(2153) Pause Remark 72M->72M(160M) 0.441ms
[373.557s][info][gc] GC(2153) Pause Cleanup 76M->76M(160M) 0.020ms
[373.557s][info][gc] GC(2153) Concurrent Mark Cycle 13.127ms
[373.682s][info][gc] GC(2154) Pause Young (Normal) (G1 Evacuation Pause) 139M->68M(160M) 1.036ms
[373.867s][info][gc] GC(2155) Pause Young (Concurrent Start) (G1 Evacuation Pause) 140M->70M(160M) 1.356ms
[373.867s][info][gc] GC(2156) Concurrent Mark Cycle
[373.871s][info][gc] GC(2156) Pause Remark 72M->52M(160M) 0.439ms
[373.872s][info][gc] GC(2156) Pause Cleanup 52M->52M(160M) 0.019ms
[373.872s][info][gc] GC(2156) Concurrent Mark Cycle 5.046ms
[373.991s][info][gc] GC(2157) Pause Young (Prepare Mixed) (G1 Evacuation Pause) 114M->49M(160M) 1.277ms
[374.167s][info][gc] GC(2158) Pause Young (Mixed) (G1 Evacuation Pause) 137M->36M(160M) 1.222ms
[374.345s][info][gc] GC(2159) Pause Young (Normal) (G1 Evacuation Pause) 128M->37M(160M) 0.867ms
[374.528s][info][gc] GC(2160) Pause Young (Normal) (G1 Evacuation Pause) 129M->38M(160M) 0.948ms
[374.689s][info][gc] GC(2161) Pause Young (Normal) (G1 Evacuation Pause) 126M->39M(160M) 1.006ms
[374.868s][info][gc] GC(2162) Pause Young (Normal) (G1 Evacuation Pause) 127M->39M(160M) 1.128ms
[375.049s][info][gc] GC(2163) Pause Young (Normal) (G1 Evacuation Pause) 127M->40M(160M) 1.202ms
[375.215s][info][gc] GC(2164) Pause Young (Normal) (G1 Evacuation Pause) 128M->41M(160M) 1.249ms
[375.386s][info][gc] GC(2165) Pause Young (Normal) (G1 Evacuation Pause) 129M->41M(160M) 1.109ms
[375.563s][info][gc] GC(2166) Pause Young (Normal) (G1 Evacuation Pause) 129M->42M(160M) 1.119ms
[375.728s][info][gc] GC(2167) Pause Young (Normal) (G1 Evacuation Pause) 130M->43M(160M) 1.126ms
[375.905s][info][gc] GC(2168) Pause Young (Normal) (G1 Evacuation Pause) 131M->44M(160M) 1.112ms
[376.070s][info][gc] GC(2169) Pause Young (Normal) (G1 Evacuation Pause) 132M->45M(160M) 1.166ms
[376.237s][info][gc] GC(2170) Pause Young (Normal) (G1 Evacuation Pause) 133M->45M(160M) 1.104ms
[376.416s][info][gc] GC(2171) Pause Young (Normal) (G1 Evacuation Pause) 133M->46M(160M) 1.157ms
[376.579s][info][gc] GC(2172) Pause Young (Normal) (G1 Evacuation Pause) 134M->47M(160M) 1.121ms
[376.751s][info][gc] GC(2173) Pause Young (Normal) (G1 Evacuation Pause) 135M->47M(160M) 1.132ms
[376.929s][info][gc] GC(2174) Pause Young (Normal) (G1 Evacuation Pause) 135M->48M(160M) 1.130ms
[377.112s][info][gc] GC(2175) Pause Young (Normal) (G1 Evacuation Pause) 136M->49M(160M) 1.204ms
[377.276s][info][gc] GC(2176) Pause Young (Normal) (G1 Evacuation Pause) 137M->50M(160M) 1.546ms
[377.452s][info][gc] GC(2177) Pause Young (Normal) (G1 Evacuation Pause) 138M->50M(160M) 1.115ms
[377.626s][info][gc] GC(2178) Pause Young (Normal) (G1 Evacuation Pause) 138M->51M(160M) 1.181ms
[377.786s][info][gc] GC(2179) Pause Young (Normal) (G1 Evacuation Pause) 139M->52M(160M) 1.118ms
[377.964s][info][gc] GC(2180) Pause Young (Normal) (G1 Evacuation Pause) 140M->52M(160M) 1.112ms
[378.132s][info][gc] GC(2181) Pause Young (Normal) (G1 Evacuation Pause) 140M->54M(160M) 1.180ms
[378.307s][info][gc] GC(2182) Pause Young (Normal) (G1 Evacuation Pause) 142M->54M(160M) 1.181ms
[378.466s][info][gc] GC(2183) Pause Young (Normal) (G1 Evacuation Pause) 142M->55M(160M) 1.107ms
[378.631s][info][gc] GC(2184) Pause Young (Normal) (G1 Evacuation Pause) 139M->55M(160M) 1.099ms
[378.804s][info][gc] GC(2185) Pause Young (Normal) (G1 Evacuation Pause) 139M->56M(160M) 1.120ms
[378.962s][info][gc] GC(2186) Pause Young (Normal) (G1 Evacuation Pause) 140M->57M(160M) 1.087ms
[379.129s][info][gc] GC(2187) Pause Young (Normal) (G1 Evacuation Pause) 141M->57M(160M) 1.081ms
[379.297s][info][gc] GC(2188) Pause Young (Normal) (G1 Evacuation Pause) 141M->59M(160M) 1.158ms
[379.446s][info][gc] GC(2189) Pause Young (Concurrent Start) (G1 Evacuation Pause) 139M->59M(160M) 1.122ms
[379.446s][info][gc] GC(2190) Concurrent Mark Cycle
[379.452s][info][gc] GC(2190) Pause Remark 61M->61M(160M) 0.452ms
[379.455s][info][gc] GC(2190) Pause Cleanup 63M->63M(160M) 0.021ms
[379.455s][info][gc] GC(2190) Concurrent Mark Cycle 9.265ms
[379.604s][info][gc] GC(2191) Pause Young (Prepare Mixed) (G1 Evacuation Pause) 139M->59M(160M) 1.104ms
[379.758s][info][gc] GC(2192) Pause Young (Mixed) (G1 Evacuation Pause) 139M->57M(160M) 1.285ms
[379.933s][info][gc] GC(2193) Pause Young (Normal) (G1 Evacuation Pause) 141M->58M(160M) 1.217ms
[380.096s][info][gc] GC(2194) Pause Young (Normal) (G1 Evacuation Pause) 142M->58M(160M) 1.141ms
[380.243s][info][gc] GC(2195) Pause Young (Concurrent Start) (G1 Evacuation Pause) 138M->59M(160M) 1.107ms
[380.243s][info][gc] GC(2196) Concurrent Mark Cycle
[380.249s][info][gc] GC(2196) Pause Remark 62M->62M(160M) 0.470ms
[380.253s][info][gc] GC(2196) Pause Cleanup 65M->65M(160M) 0.021ms
[380.253s][info][gc] GC(2196) Concurrent Mark Cycle 10.233ms
[380.399s][info][gc] GC(2197) Pause Young (Prepare Mixed) (G1 Evacuation Pause) 139M->59M(160M) 1.119ms
[380.550s][info][gc] GC(2198) Pause Young (Mixed) (G1 Evacuation Pause) 139M->57M(160M) 1.623ms
[380.714s][info][gc] GC(2199) Pause Young (Normal) (G1 Evacuation Pause) 141M->57M(160M) 1.108ms
[380.873s][info][gc] GC(2200) Pause Young (Normal) (G1 Evacuation Pause) 141M->58M(160M) 1.065ms
[381.045s][info][gc] GC(2201) Pause Young (Normal) (G1 Evacuation Pause) 142M->59M(160M) 1.105ms
[381.209s][info][gc] GC(2202) Pause Young (Normal) (G1 Evacuation Pause) 143M->60M(160M) 1.208ms
[381.364s][info][gc] GC(2203) Pause Young (Concurrent Start) (G1 Evacuation Pause) 140M->61M(160M) 1.159ms
[381.364s][info][gc] GC(2204) Concurrent Mark Cycle
[381.373s][info][gc] GC(2204) Pause Remark 66M->66M(160M) 0.439ms
[381.377s][info][gc] GC(2204) Pause Cleanup 66M->66M(160M) 0.016ms
[381.377s][info][gc] GC(2204) Concurrent Mark Cycle 13.133ms
[381.538s][info][gc] GC(2205) Pause Young (Prepare Mixed) (G1 Evacuation Pause) 141M->61M(160M) 1.171ms
[381.699s][info][gc] GC(2206) Pause Young (Mixed) (G1 Evacuation Pause) 141M->59M(160M) 1.278ms
[381.857s][info][gc] GC(2207) Pause Young (Concurrent Start) (G1 Evacuation Pause) 139M->60M(160M) 1.144ms
[381.857s][info][gc] GC(2208) Concurrent Mark Cycle
[381.865s][info][gc] GC(2208) Pause Remark 64M->64M(160M) 0.435ms
[381.869s][info][gc] GC(2208) Pause Cleanup 67M->67M(160M) 0.016ms
[381.869s][info][gc] GC(2208) Concurrent Mark Cycle 11.647ms
[382.017s][info][gc] GC(2209) Pause Young (Normal) (G1 Evacuation Pause) 140M->61M(160M) 1.129ms
[382.172s][info][gc] GC(2210) Pause Young (Concurrent Start) (G1 Evacuation Pause) 141M->61M(160M) 1.150ms
[382.172s][info][gc] GC(2211) Concurrent Mark Cycle
[382.180s][info][gc] GC(2211) Pause Remark 67M->67M(160M) 0.421ms
[382.185s][info][gc] GC(2211) Pause Cleanup 69M->69M(160M) 0.019ms
[382.185s][info][gc] GC(2211) Concurrent Mark Cycle 12.505ms
[382.331s][info][gc] GC(2212) Pause Young (Normal) (G1 Evacuation Pause) 141M->62M(160M) 1.147ms
[382.482s][info][gc] GC(2213) Pause Young (Concurrent Start) (G1 Evacuation Pause) 142M->63M(160M) 1.144ms
[382.482s][info][gc] GC(2214) Concurrent Mark Cycle
[382.490s][info][gc] GC(2214) Pause Remark 69M->69M(160M) 0.456ms
[382.494s][info][gc] GC(2214) Pause Cleanup 69M->69M(160M) 0.019ms
[382.494s][info][gc] GC(2214) Concurrent Mark Cycle 12.169ms
[382.634s][info][gc] GC(2215) Pause Young (Normal) (G1 Evacuation Pause) 139M->64M(160M) 1.104ms
[382.781s][info][gc] GC(2216) Pause Young (Concurrent Start) (G1 Evacuation Pause) 140M->64M(160M) 1.134ms
[382.781s][info][gc] GC(2217) Concurrent Mark Cycle
[382.790s][info][gc] GC(2217) Pause Remark 70M->70M(160M) 0.448ms
[382.794s][info][gc] GC(2217) Pause Cleanup 71M->71M(160M) 0.019ms
[382.794s][info][gc] GC(2217) Concurrent Mark Cycle 12.649ms
[382.934s][info][gc] GC(2218) Pause Young (Normal) (G1 Evacuation Pause) 140M->65M(160M) 1.122ms
[383.076s][info][gc] GC(2219) Pause Young (Concurrent Start) (G1 Evacuation Pause) 141M->65M(160M) 1.101ms
[383.077s][info][gc] GC(2220) Concurrent Mark Cycle
[383.085s][info][gc] GC(2220) Pause Remark 69M->69M(160M) 0.453ms
[383.089s][info][gc] GC(2220) Pause Cleanup 71M->71M(160M) 0.020ms
[383.089s][info][gc] GC(2220) Concurrent Mark Cycle 12.682ms
[383.228s][info][gc] GC(2221) Pause Young (Normal) (G1 Evacuation Pause) 141M->66M(160M) 1.106ms
[383.370s][info][gc] GC(2222) Pause Young (Concurrent Start) (G1 Evacuation Pause) 142M->67M(160M) 1.108ms
[383.370s][info][gc] GC(2223) Concurrent Mark Cycle
[383.379s][info][gc] GC(2223) Pause Remark 72M->72M(160M) 0.431ms
[383.383s][info][gc] GC(2223) Pause Cleanup 72M->72M(160M) 0.024ms
[383.384s][info][gc] GC(2223) Concurrent Mark Cycle 13.310ms
[383.519s][info][gc] GC(2224) Pause Young (Normal) (G1 Evacuation Pause) 139M->67M(160M) 1.118ms
[383.656s][info][gc] GC(2225) Pause Young (Concurrent Start) (G1 Evacuation Pause) 139M->68M(160M) 1.111ms
[383.656s][info][gc] GC(2226) Concurrent Mark Cycle
[383.665s][info][gc] GC(2226) Pause Remark 74M->74M(160M) 0.438ms
[383.670s][info][gc] GC(2226) Pause Cleanup 77M->77M(160M) 0.022ms
[383.670s][info][gc] GC(2226) Concurrent Mark Cycle 13.600ms
[383.816s][info][gc] GC(2227) Pause Young (Normal) (G1 Evacuation Pause) 140M->68M(160M) 0.903ms
[383.991s][info][gc] GC(2228) Pause Young (Concurrent Start) (G1 Evacuation Pause) 140M->70M(160M) 1.266ms
[383.991s][info][gc] GC(2229) Concurrent Mark Cycle
[383.994s][info][gc] GC(2229) Pause Remark 71M->51M(160M) 0.429ms
[383.995s][info][gc] GC(2229) Pause Cleanup 51M->51M(160M) 0.018ms
[383.996s][info][gc] GC(2229) Concurrent Mark Cycle 4.751ms
[384.120s][info][gc] GC(2230) Pause Young (Prepare Mixed) (G1 Evacuation Pause) 114M->50M(160M) 1.417ms
[384.301s][info][gc] GC(2231) Pause Young (Mixed) (G1 Evacuation Pause) 138M->38M(160M) 1.822ms
[384.502s][info][gc] GC(2232) Pause Young (Normal) (G1 Evacuation Pause) 130M->38M(160M) 0.939ms
[384.674s][info][gc] GC(2233) Pause Young (Normal) (G1 Evacuation Pause) 126M->39M(160M) 0.964ms
[384.856s][info][gc] GC(2234) Pause Young (Normal) (G1 Evacuation Pause) 127M->40M(160M) 1.085ms
[385.031s][info][gc] GC(2235) Pause Young (Normal) (G1 Evacuation Pause) 128M->40M(160M) 1.173ms
[385.200s][info][gc] GC(2236) Pause Young (Normal) (G1 Evacuation Pause) 128M->41M(160M) 1.229ms
[385.378s][info][gc] GC(2237) Pause Young (Normal) (G1 Evacuation Pause) 129M->42M(160M) 1.288ms
[385.554s][info][gc] GC(2238) Pause Young (Normal) (G1 Evacuation Pause) 130M->43M(160M) 1.116ms
[385.733s][info][gc] GC(2239) Pause Young (Normal) (G1 Evacuation Pause) 131M->44M(160M) 1.156ms
[385.914s][info][gc] GC(2240) Pause Young (Normal) (G1 Evacuation Pause) 132M->44M(160M) 1.112ms
[386.094s][info][gc] GC(2241) Pause Young (Normal) (G1 Evacuation Pause) 132M->45M(160M) 1.184ms
[386.270s][info][gc] GC(2242) Pause Young (Normal) (G1 Evacuation Pause) 133M->45M(160M) 1.087ms
[386.444s][info][gc] GC(2243) Pause Young (Normal) (G1 Evacuation Pause) 133M->46M(160M) 1.029ms
[386.629s][info][gc] GC(2244) Pause Young (Normal) (G1 Evacuation Pause) 134M->47M(160M) 1.082ms
[386.807s][info][gc] GC(2245) Pause Young (Normal) (G1 Evacuation Pause) 135M->48M(160M) 1.216ms
[386.991s][info][gc] GC(2246) Pause Young (Normal) (G1 Evacuation Pause) 136M->48M(160M) 1.151ms
[387.154s][info][gc] GC(2247) Pause Young (Normal) (G1 Evacuation Pause) 136M->49M(160M) 1.143ms
[387.323s][info][gc] GC(2248) Pause Young (Normal) (G1 Evacuation Pause) 137M->50M(160M) 1.167ms
[387.506s][info][gc] GC(2249) Pause Young (Normal) (G1 Evacuation Pause) 138M->51M(160M) 1.247ms
[387.675s][info][gc] GC(2250) Pause Young (Normal) (G1 Evacuation Pause) 139M->51M(160M) 1.113ms
[387.852s][info][gc] GC(2251) Pause Young (Normal) (G1 Evacuation Pause) 139M->52M(160M) 1.214ms
[388.027s][info][gc] GC(2252) Pause Young (Normal) (G1 Evacuation Pause) 140M->53M(160M) 1.199ms
[388.199s][info][gc] GC(2253) Pause Young (Normal) (G1 Evacuation Pause) 141M->53M(160M) 1.125ms
[388.364s][info][gc] GC(2254) Pause Young (Normal) (G1 Evacuation Pause) 141M->54M(160M) 1.097ms
[388.536s][info][gc] GC(2255) Pause Young (Normal) (G1 Evacuation Pause) 138M->55M(160M) 1.079ms
[388.701s][info][gc] GC(2256) Pause Young (Normal) (G1 Evacuation Pause) 139M->56M(160M) 1.096ms
[388.864s][info][gc] GC(2257) Pause Young (Normal) (G1 Evacuation Pause) 140M->56M(160M) 1.270ms
[389.032s][info][gc] GC(2258) Pause Young (Normal) (G1 Evacuation Pause) 140M->57M(160M) 1.148ms
[389.190s][info][gc] GC(2259) Pause Young (Normal) (G1 Evacuation Pause) 141M->58M(160M) 1.082ms
[389.360s][info][gc] GC(2260) Pause Young (Normal) (G1 Evacuation Pause) 142M->58M(160M) 1.122ms
[389.535s][info][gc] GC(2261) Pause Young (Normal) (G1 Evacuation Pause) 142M->59M(160M) 1.222ms
[389.690s][info][gc] GC(2262) Pause Young (Concurrent Start) (G1 Evacuation Pause) 139M->60M(160M) 1.122ms
[389.690s][info][gc] GC(2263) Concurrent Mark Cycle
[389.696s][info][gc] GC(2263) Pause Remark 63M->59M(160M) 0.451ms
[389.701s][info][gc] GC(2263) Pause Cleanup 63M->63M(160M) 0.019ms
[389.701s][info][gc] GC(2263) Concurrent Mark Cycle 10.518ms
[389.848s][info][gc] GC(2264) Pause Young (Prepare Mixed) (G1 Evacuation Pause) 136M->57M(160M) 1.102ms
[390.008s][info][gc] GC(2265) Pause Young (Mixed) (G1 Evacuation Pause) 141M->54M(160M) 1.366ms
[390.186s][info][gc] GC(2266) Pause Young (Normal) (G1 Evacuation Pause) 142M->55M(160M) 1.218ms
[390.366s][info][gc] GC(2267) Pause Young (Normal) (G1 Evacuation Pause) 139M->56M(160M) 1.213ms
[390.548s][info][gc] GC(2268) Pause Young (Normal) (G1 Evacuation Pause) 140M->56M(160M) 1.226ms
[390.736s][info][gc] GC(2269) Pause Young (Normal) (G1 Evacuation Pause) 140M->57M(160M) 1.410ms
[390.931s][info][gc] GC(2270) Pause Young (Normal) (G1 Evacuation Pause) 141M->58M(160M) 1.273ms
[391.110s][info][gc] GC(2271) Pause Young (Normal) (G1 Evacuation Pause) 142M->59M(160M) 1.217ms
[391.292s][info][gc] GC(2272) Pause Young (Concurrent Start) (G1 Evacuation Pause) 139M->60M(160M) 1.184ms
[391.293s][info][gc] GC(2273) Concurrent Mark Cycle
[391.300s][info][gc] GC(2273) Pause Remark 64M->64M(160M) 0.480ms
[391.307s][info][gc] GC(2273) Pause Cleanup 68M->68M(160M) 0.019ms
[391.307s][info][gc] GC(2273) Concurrent Mark Cycle 14.208ms
[391.469s][info][gc] GC(2274) Pause Young (Prepare Mixed) (G1 Evacuation Pause) 140M->60M(160M) 1.702ms
[391.644s][info][gc] GC(2275) Pause Young (Mixed) (G1 Evacuation Pause) 140M->58M(160M) 2.499ms
[391.813s][info][gc] GC(2276) Pause Young (Normal) (G1 Evacuation Pause) 142M->59M(160M) 1.130ms
[391.970s][info][gc] GC(2277) Pause Young (Concurrent Start) (G1 Evacuation Pause) 139M->59M(160M) 1.174ms
[391.970s][info][gc] GC(2278) Concurrent Mark Cycle
[391.977s][info][gc] GC(2278) Pause Remark 65M->65M(160M) 0.456ms
[391.983s][info][gc] GC(2278) Pause Cleanup 69M->69M(160M) 0.038ms
[391.983s][info][gc] GC(2278) Concurrent Mark Cycle 13.391ms
[392.129s][info][gc] GC(2279) Pause Young (Prepare Mixed) (G1 Evacuation Pause) 139M->60M(160M) 1.133ms
[392.282s][info][gc] GC(2280) Pause Young (Mixed) (G1 Evacuation Pause) 140M->61M(160M) 3.340ms
[392.450s][info][gc] GC(2281) Pause Young (Concurrent Start) (G1 Evacuation Pause) 141M->61M(160M) 1.386ms
[392.450s][info][gc] GC(2282) Concurrent Mark Cycle
[392.458s][info][gc] GC(2282) Pause Remark 64M->64M(160M) 0.457ms
[392.463s][info][gc] GC(2282) Pause Cleanup 67M->67M(160M) 0.016ms
[392.463s][info][gc] GC(2282) Concurrent Mark Cycle 12.562ms
[392.619s][info][gc] GC(2283) Pause Young (Normal) (G1 Evacuation Pause) 141M->62M(160M) 1.138ms
[392.767s][info][gc] GC(2284) Pause Young (Concurrent Start) (G1 Evacuation Pause) 142M->62M(160M) 1.214ms
[392.767s][info][gc] GC(2285) Concurrent Mark Cycle
[392.775s][info][gc] GC(2285) Pause Remark 64M->64M(160M) 0.483ms
[392.778s][info][gc] GC(2285) Pause Cleanup 66M->66M(160M) 0.009ms
[392.778s][info][gc] GC(2285) Concurrent Mark Cycle 11.278ms
[392.936s][info][gc] GC(2286) Pause Young (Normal) (G1 Evacuation Pause) 142M->63M(160M) 1.138ms
[393.088s][info][gc] GC(2287) Pause Young (Concurrent Start) (G1 Evacuation Pause) 139M->63M(160M) 1.132ms
[393.088s][info][gc] GC(2288) Concurrent Mark Cycle
[393.096s][info][gc] GC(2288) Pause Remark 66M->66M(160M) 0.448ms
[393.100s][info][gc] GC(2288) Pause Cleanup 70M->70M(160M) 0.019ms
[393.100s][info][gc] GC(2288) Concurrent Mark Cycle 12.679ms
[393.242s][info][gc] GC(2289) Pause Young (Normal) (G1 Evacuation Pause) 139M->64M(160M) 1.123ms
[393.395s][info][gc] GC(2290) Pause Young (Concurrent Start) (G1 Evacuation Pause) 140M->65M(160M) 1.153ms
[393.395s][info][gc] GC(2291) Concurrent Mark Cycle
[393.403s][info][gc] GC(2291) Pause Remark 70M->70M(160M) 0.479ms
[393.408s][info][gc] GC(2291) Pause Cleanup 74M->74M(160M) 0.014ms
[393.408s][info][gc] GC(2291) Concurrent Mark Cycle 13.001ms
[393.557s][info][gc] GC(2292) Pause Young (Normal) (G1 Evacuation Pause) 141M->66M(160M) 1.123ms
[393.700s][info][gc] GC(2293) Pause Young (Concurrent Start) (G1 Evacuation Pause) 142M->66M(160M) 1.103ms
[393.700s][info][gc] GC(2294) Concurrent Mark Cycle
[393.709s][info][gc] GC(2294) Pause Remark 71M->71M(160M) 0.484ms
[393.712s][info][gc] GC(2294) Pause Cleanup 74M->74M(160M) 0.004ms
[393.712s][info][gc] GC(2294) Concurrent Mark Cycle 11.467ms
[393.858s][info][gc] GC(2295) Pause Young (Normal) (G1 Evacuation Pause) 142M->67M(160M) 1.112ms
[394.001s][info][gc] GC(2296) Pause Young (Concurrent Start) (G1 Evacuation Pause) 139M->67M(160M) 1.126ms
[394.001s][info][gc] GC(2297) Concurrent Mark Cycle
[394.009s][info][gc] GC(2297) Pause Remark 73M->73M(160M) 0.495ms
[394.014s][info][gc] GC(2297) Pause Cleanup 77M->77M(160M) 0.014ms
[394.014s][info][gc] GC(2297) Concurrent Mark Cycle 13.641ms
[394.140s][info][gc] GC(2298) Pause Young (Normal) (G1 Evacuation Pause) 139M->68M(160M) 1.063ms
[394.352s][info][gc] GC(2299) Pause Young (Concurrent Start) (G1 Evacuation Pause) 140M->69M(160M) 1.220ms
[394.352s][info][gc] GC(2300) Concurrent Mark Cycle
[394.356s][info][gc] GC(2300) Pause Remark 72M->48M(160M) 0.440ms
[394.357s][info][gc] GC(2300) Pause Cleanup 49M->49M(160M) 0.017ms
[394.357s][info][gc] GC(2300) Concurrent Mark Cycle 4.966ms
[394.497s][info][gc] GC(2301) Pause Young (Prepare Mixed) (G1 Evacuation Pause) 117M->46M(160M) 1.312ms
[394.673s][info][gc] GC(2302) Pause Young (Mixed) (G1 Evacuation Pause) 134M->36M(160M) 1.342ms
[394.863s][info][gc] GC(2303) Pause Young (Normal) (G1 Evacuation Pause) 128M->36M(160M) 0.896ms
[395.041s][info][gc] GC(2304) Pause Young (Normal) (G1 Evacuation Pause) 128M->37M(160M) 1.062ms
[395.218s][info][gc] GC(2305) Pause Young (Normal) (G1 Evacuation Pause) 125M->38M(160M) 1.033ms
[395.382s][info][gc] GC(2306) Pause Young (Normal) (G1 Evacuation Pause) 126M->39M(160M) 1.137ms
[395.567s][info][gc] GC(2307) Pause Young (Normal) (G1 Evacuation Pause) 127M->40M(160M) 1.190ms
[395.728s][info][gc] GC(2308) Pause Young (Normal) (G1 Evacuation Pause) 128M->40M(160M) 1.272ms
[395.904s][info][gc] GC(2309) Pause Young (Normal) (G1 Evacuation Pause) 128M->41M(160M) 1.493ms
[396.083s][info][gc] GC(2310) Pause Young (Normal) (G1 Evacuation Pause) 129M->42M(160M) 1.119ms
[396.254s][info][gc] GC(2311) Pause Young (Normal) (G1 Evacuation Pause) 130M->42M(160M) 1.149ms
[396.429s][info][gc] GC(2312) Pause Young (Normal) (G1 Evacuation Pause) 130M->43M(160M) 1.142ms
[396.593s][info][gc] GC(2313) Pause Young (Normal) (G1 Evacuation Pause) 131M->44M(160M) 1.262ms
[396.782s][info][gc] GC(2314) Pause Young (Normal) (G1 Evacuation Pause) 132M->45M(160M) 1.157ms
[396.947s][info][gc] GC(2315) Pause Young (Normal) (G1 Evacuation Pause) 133M->45M(160M) 1.005ms
[397.121s][info][gc] GC(2316) Pause Young (Normal) (G1 Evacuation Pause) 133M->46M(160M) 1.151ms
[397.298s][info][gc] GC(2317) Pause Young (Normal) (G1 Evacuation Pause) 134M->47M(160M) 1.156ms
[397.471s][info][gc] GC(2318) Pause Young (Normal) (G1 Evacuation Pause) 135M->48M(160M) 1.119ms
[397.636s][info][gc] GC(2319) Pause Young (Normal) (G1 Evacuation Pause) 136M->48M(160M) 1.112ms
[397.805s][info][gc] GC(2320) Pause Young (Normal) (G1 Evacuation Pause) 136M->49M(160M) 1.143ms
[397.982s][info][gc] GC(2321) Pause Young (Normal) (G1 Evacuation Pause) 137M->50M(160M) 1.196ms
[398.142s][info][gc] GC(2322) Pause Young (Normal) (G1 Evacuation Pause) 138M->50M(160M) 1.127ms
[398.315s][info][gc] GC(2323) Pause Young (Normal) (G1 Evacuation Pause) 138M->51M(160M) 1.123ms
[398.498s][info][gc] GC(2324) Pause Young (Normal) (G1 Evacuation Pause) 139M->52M(160M) 1.138ms
[398.676s][info][gc] GC(2325) Pause Young (Normal) (G1 Evacuation Pause) 140M->53M(160M) 1.159ms
[398.843s][info][gc] GC(2326) Pause Young (Normal) (G1 Evacuation Pause) 141M->54M(160M) 1.106ms
[399.015s][info][gc] GC(2327) Pause Young (Normal) (G1 Evacuation Pause) 142M->54M(160M) 1.098ms
[399.186s][info][gc] GC(2328) Pause Young (Normal) (G1 Evacuation Pause) 142M->55M(160M) 1.176ms
[399.339s][info][gc] GC(2329) Pause Young (Normal) (G1 Evacuation Pause) 139M->55M(160M) 1.036ms
[399.513s][info][gc] GC(2330) Pause Young (Normal) (G1 Evacuation Pause) 139M->56M(160M) 1.091ms
[399.682s][info][gc] GC(2331) Pause Young (Normal) (G1 Evacuation Pause) 140M->57M(160M) 1.203ms
[399.844s][info][gc] GC(2332) Pause Young (Normal) (G1 Evacuation Pause) 141M->57M(160M) 1.076ms
[400.014s][info][gc] GC(2333) Pause Young (Normal) (G1 Evacuation Pause) 141M->59M(160M) 1.121ms
[400.181s][info][gc] GC(2334) Pause Young (Normal) (G1 Evacuation Pause) 143M->59M(160M) 1.163ms
[400.330s][info][gc] GC(2335) Pause Young (Concurrent Start) (G1 Evacuation Pause) 139M->60M(160M) 1.101ms
[400.330s][info][gc] GC(2336) Concurrent Mark Cycle
[400.337s][info][gc] GC(2336) Pause Remark 65M->65M(160M) 0.439ms
[400.340s][info][gc] GC(2336) Pause Cleanup 68M->68M(160M) 0.021ms
[400.340s][info][gc] GC(2336) Concurrent Mark Cycle 10.735ms
[400.485s][info][gc] GC(2337) Pause Young (Prepare Mixed) (G1 Evacuation Pause) 140M->60M(160M) 1.166ms
[400.641s][info][gc] GC(2338) Pause Young (Mixed) (G1 Evacuation Pause) 140M->60M(160M) 1.486ms
[400.793s][info][gc] GC(2339) Pause Young (Concurrent Start) (G1 Evacuation Pause) 140M->60M(160M) 1.154ms
[400.793s][info][gc] GC(2340) Concurrent Mark Cycle
[400.799s][info][gc] GC(2340) Pause Remark 65M->65M(160M) 0.437ms
[400.803s][info][gc] GC(2340) Pause Cleanup 67M->67M(160M) 0.025ms
[400.803s][info][gc] GC(2340) Concurrent Mark Cycle 10.316ms
[400.942s][info][gc] GC(2341) Pause Young (Prepare Mixed) (G1 Evacuation Pause) 140M->60M(160M) 1.056ms
[401.113s][info][gc] GC(2342) Pause Young (Mixed) (G1 Evacuation Pause) 140M->58M(160M) 1.365ms
[401.283s][info][gc] GC(2343) Pause Young (Normal) (G1 Evacuation Pause) 142M->59M(160M) 1.178ms
[401.434s][info][gc] GC(2344) Pause Young (Concurrent Start) (G1 Evacuation Pause) 139M->59M(160M) 1.170ms
[401.434s][info][gc] GC(2345) Concurrent Mark Cycle
[401.441s][info][gc] GC(2345) Pause Remark 63M->63M(160M) 0.441ms
[401.445s][info][gc] GC(2345) Pause Cleanup 67M->67M(160M) 0.022ms
[401.445s][info][gc] GC(2345) Concurrent Mark Cycle 10.963ms
[401.593s][info][gc] GC(2346) Pause Young (Prepare Mixed) (G1 Evacuation Pause) 139M->60M(160M) 1.159ms
[401.754s][info][gc] GC(2347) Pause Young (Mixed) (G1 Evacuation Pause) 140M->58M(160M) 1.606ms
[401.917s][info][gc] GC(2348) Pause Young (Normal) (G1 Evacuation Pause) 142M->59M(160M) 1.241ms
[402.079s][info][gc] GC(2349) Pause Young (Concurrent Start) (G1 Evacuation Pause) 139M->59M(160M) 1.151ms
[402.079s][info][gc] GC(2350) Concurrent Mark Cycle
[402.087s][info][gc] GC(2350) Pause Remark 65M->65M(160M) 0.449ms
[402.091s][info][gc] GC(2350) Pause Cleanup 67M->67M(160M) 0.022ms
[402.091s][info][gc] GC(2350) Concurrent Mark Cycle 12.630ms
[402.231s][info][gc] GC(2351) Pause Young (Prepare Mixed) (G1 Evacuation Pause) 139M->60M(160M) 1.144ms
[402.398s][info][gc] GC(2352) Pause Young (Mixed) (G1 Evacuation Pause) 140M->60M(160M) 1.530ms
[402.543s][info][gc] GC(2353) Pause Young (Concurrent Start) (G1 Evacuation Pause) 140M->61M(160M) 1.259ms
[402.543s][info][gc] GC(2354) Concurrent Mark Cycle
[402.550s][info][gc] GC(2354) Pause Remark 66M->66M(160M) 0.473ms
[402.555s][info][gc] GC(2354) Pause Cleanup 66M->66M(160M) 0.023ms
[402.555s][info][gc] GC(2354) Concurrent Mark Cycle 12.080ms
[402.707s][info][gc] GC(2355) Pause Young (Normal) (G1 Evacuation Pause) 141M->62M(160M) 1.134ms
[402.868s][info][gc] GC(2356) Pause Young (Concurrent Start) (G1 Evacuation Pause) 142M->62M(160M) 1.152ms
[402.868s][info][gc] GC(2357) Concurrent Mark Cycle
[402.877s][info][gc] GC(2357) Pause Remark 68M->68M(160M) 0.443ms
[402.880s][info][gc] GC(2357) Pause Cleanup 70M->70M(160M) 0.003ms
[402.880s][info][gc] GC(2357) Concurrent Mark Cycle 11.845ms
[403.023s][info][gc] GC(2358) Pause Young (Normal) (G1 Evacuation Pause) 142M->63M(160M) 1.160ms
[403.175s][info][gc] GC(2359) Pause Young (Concurrent Start) (G1 Evacuation Pause) 139M->63M(160M) 1.111ms
[403.175s][info][gc] GC(2360) Concurrent Mark Cycle
[403.184s][info][gc] GC(2360) Pause Remark 70M->70M(160M) 0.438ms
[403.189s][info][gc] GC(2360) Pause Cleanup 73M->73M(160M) 0.021ms
[403.189s][info][gc] GC(2360) Concurrent Mark Cycle 13.941ms
[403.320s][info][gc] GC(2361) Pause Young (Normal) (G1 Evacuation Pause) 139M->64M(160M) 1.135ms
[403.473s][info][gc] GC(2362) Pause Young (Concurrent Start) (G1 Evacuation Pause) 140M->65M(160M) 1.110ms
[403.473s][info][gc] GC(2363) Concurrent Mark Cycle
[403.482s][info][gc] GC(2363) Pause Remark 72M->72M(160M) 0.440ms
[403.487s][info][gc] GC(2363) Pause Cleanup 74M->74M(160M) 0.020ms
[403.487s][info][gc] GC(2363) Concurrent Mark Cycle 13.743ms
[403.620s][info][gc] GC(2364) Pause Young (Normal) (G1 Evacuation Pause) 141M->66M(160M) 1.163ms
[403.765s][info][gc] GC(2365) Pause Young (Concurrent Start) (G1 Evacuation Pause) 142M->66M(160M) 1.082ms
[403.765s][info][gc] GC(2366) Concurrent Mark Cycle
[403.775s][info][gc] GC(2366) Pause Remark 72M->72M(160M) 0.449ms
[403.778s][info][gc] GC(2366) Pause Cleanup 72M->72M(160M) 0.004ms
[403.778s][info][gc] GC(2366) Concurrent Mark Cycle 12.712ms
[403.911s][info][gc] GC(2367) Pause Young (Normal) (G1 Evacuation Pause) 142M->67M(160M) 1.131ms
[404.041s][info][gc] GC(2368) Pause Young (Concurrent Start) (G1 Evacuation Pause) 139M->67M(160M) 1.179ms
[404.041s][info][gc] GC(2369) Concurrent Mark Cycle
[404.051s][info][gc] GC(2369) Pause Remark 70M->70M(160M) 0.451ms
[404.056s][info][gc] GC(2369) Pause Cleanup 71M->71M(160M) 0.021ms
[404.056s][info][gc] GC(2369) Concurrent Mark Cycle 15.371ms
[404.195s][info][gc] GC(2370) Pause Young (Normal) (G1 Evacuation Pause) 139M->68M(160M) 1.099ms
[404.330s][info][gc] GC(2371) Pause Young (Concurrent Start) (G1 Evacuation Pause) 140M->69M(160M) 1.139ms
[404.330s][info][gc] GC(2372) Concurrent Mark Cycle
[404.341s][info][gc] GC(2372) Pause Remark 75M->75M(160M) 0.474ms
[404.346s][info][gc] GC(2372) Pause Cleanup 79M->79M(160M) 0.020ms
[404.346s][info][gc] GC(2372) Concurrent Mark Cycle 16.128ms
[404.465s][info][gc] GC(2373) Pause Young (Normal) (G1 Evacuation Pause) 141M->74M(160M) 1.234ms
[404.497s][info][gc] GC(2374) Pause Young (Concurrent Start) (G1 Evacuation Pause) 138M->75M(160M) 1.319ms
[404.497s][info][gc] GC(2375) Concurrent Mark Cycle
[404.502s][info][gc] GC(2375) Pause Remark 83M->63M(160M) 0.479ms
[404.507s][info][gc] GC(2375) Pause Cleanup 71M->71M(160M) 0.049ms
[404.507s][info][gc] GC(2375) Concurrent Mark Cycle 9.986ms
[404.532s][info][gc] GC(2376) Pause Young (Prepare Mixed) (G1 Evacuation Pause) 119M->56M(160M) 1.285ms
[404.584s][info][gc] GC(2377) Pause Young (Mixed) (G1 Evacuation Pause) 144M->46M(160M) 1.319ms
[404.625s][info][gc] GC(2378) Pause Young (Concurrent Start) (G1 Evacuation Pause) 134M->46M(160M) 0.962ms
[404.625s][info][gc] GC(2379) Concurrent Mark Cycle
[404.631s][info][gc] GC(2379) Pause Remark 59M->51M(148M) 0.401ms
[404.633s][info][gc] GC(2379) Pause Cleanup 54M->54M(148M) 0.042ms
[404.633s][info][gc] GC(2379) Concurrent Mark Cycle 7.429ms
[404.678s][info][gc] GC(2380) Pause Young (Prepare Mixed) (G1 Evacuation Pause) 126M->39M(180M) 1.117ms
[404.729s][info][gc] GC(2381) Pause Young (Mixed) (G1 Evacuation Pause) 139M->39M(180M) 0.973ms
[404.781s][info][gc] GC(2382) Pause Young (Normal) (G1 Evacuation Pause) 139M->39M(180M) 1.069ms
[404.834s][info][gc] GC(2383) Pause Young (Normal) (G1 Evacuation Pause) 139M->41M(180M) 1.295ms
[404.877s][info][gc] GC(2384) Pause Young (Normal) (G1 Evacuation Pause) 137M->40M(216M) 1.102ms
[404.945s][info][gc] GC(2385) Pause Young (Normal) (G1 Evacuation Pause) 160M->43M(216M) 1.069ms
[405.012s][info][gc] GC(2386) Pause Young (Normal) (G1 Evacuation Pause) 159M->44M(216M) 1.143ms
[405.068s][info][gc] GC(2387) Pause Young (Normal) (G1 Evacuation Pause) 160M->45M(216M) 1.224ms
[405.132s][info][gc] GC(2388) Pause Young (Normal) (G1 Evacuation Pause) 161M->46M(260M) 1.186ms
[405.196s][info][gc] GC(2389) Pause Young (Normal) (G1 Evacuation Pause) 190M->46M(260M) 1.049ms
[405.279s][info][gc] GC(2390) Pause Young (Normal) (G1 Evacuation Pause) 190M->48M(260M) 1.350ms
[405.354s][info][gc] GC(2391) Pause Young (Normal) (G1 Evacuation Pause) 192M->49M(260M) 1.208ms
[405.432s][info][gc] GC(2392) Pause Young (Normal) (G1 Evacuation Pause) 193M->50M(312M) 1.266ms
[405.512s][info][gc] GC(2393) Pause Young (Normal) (G1 Evacuation Pause) 222M->51M(312M) 1.114ms
[405.601s][info][gc] GC(2394) Pause Young (Normal) (G1 Evacuation Pause) 219M->53M(312M) 1.488ms
[405.687s][info][gc] GC(2395) Pause Young (Normal) (G1 Evacuation Pause) 221M->54M(312M) 1.437ms
[405.773s][info][gc] GC(2396) Pause Young (Normal) (G1 Evacuation Pause) 222M->56M(376M) 1.508ms
[405.885s][info][gc] GC(2397) Pause Young (Normal) (G1 Evacuation Pause) 264M->57M(376M) 1.612ms
[405.987s][info][gc] GC(2398) Pause Young (Normal) (G1 Evacuation Pause) 261M->60M(376M) 1.658ms
[406.089s][info][gc] GC(2399) Pause Young (Normal) (G1 Evacuation Pause) 264M->61M(376M) 1.646ms
[406.195s][info][gc] GC(2400) Pause Young (Normal) (G1 Evacuation Pause) 265M->64M(452M) 1.706ms
[406.322s][info][gc] GC(2401) Pause Young (Normal) (G1 Evacuation Pause) 312M->65M(452M) 1.821ms
[406.452s][info][gc] GC(2402) Pause Young (Normal) (G1 Evacuation Pause) 313M->67M(452M) 1.908ms
[406.580s][info][gc] GC(2403) Pause Young (Normal) (G1 Evacuation Pause) 311M->69M(452M) 1.795ms
[406.713s][info][gc] GC(2404) Pause Young (Normal) (G1 Evacuation Pause) 313M->71M(452M) 1.999ms
[406.841s][info][gc] GC(2405) Pause Young (Normal) (G1 Evacuation Pause) 315M->73M(452M) 2.001ms
[406.962s][info][gc] GC(2406) Pause Young (Normal) (G1 Evacuation Pause) 317M->75M(452M) 1.807ms
[407.085s][info][gc] GC(2407) Pause Young (Normal) (G1 Evacuation Pause) 319M->76M(452M) 1.943ms
[407.209s][info][gc] GC(2408) Pause Young (Normal) (G1 Evacuation Pause) 320M->79M(452M) 1.889ms
[407.337s][info][gc] GC(2409) Pause Young (Normal) (G1 Evacuation Pause) 323M->80M(452M) 1.967ms
[407.461s][info][gc] GC(2410) Pause Young (Normal) (G1 Evacuation Pause) 324M->83M(452M) 2.018ms
[407.591s][info][gc] GC(2411) Pause Young (Normal) (G1 Evacuation Pause) 327M->86M(544M) 2.043ms
[407.749s][info][gc] GC(2412) Pause Young (Normal) (G1 Evacuation Pause) 386M->87M(544M) 2.247ms
[407.912s][info][gc] GC(2413) Pause Young (Normal) (G1 Evacuation Pause) 387M->89M(544M) 2.142ms
[408.064s][info][gc] GC(2414) Pause Young (Normal) (G1 Evacuation Pause) 385M->92M(544M) 2.052ms
[408.230s][info][gc] GC(2415) Pause Young (Normal) (G1 Evacuation Pause) 388M->96M(544M) 2.218ms
[408.382s][info][gc] GC(2416) Pause Young (Normal) (G1 Evacuation Pause) 392M->97M(544M) 2.354ms
[408.545s][info][gc] GC(2417) Pause Young (Normal) (G1 Evacuation Pause) 393M->100M(544M) 2.234ms
[408.701s][info][gc] GC(2418) Pause Young (Normal) (G1 Evacuation Pause) 396M->103M(544M) 2.592ms
[408.854s][info][gc] GC(2419) Pause Young (Normal) (G1 Evacuation Pause) 399M->105M(544M) 2.577ms
[409.013s][info][gc] GC(2420) Pause Young (Normal) (G1 Evacuation Pause) 401M->109M(544M) 2.035ms
[409.162s][info][gc] GC(2421) Pause Young (Normal) (G1 Evacuation Pause) 405M->110M(544M) 2.115ms
[409.329s][info][gc] GC(2422) Pause Young (Normal) (G1 Evacuation Pause) 406M->111M(544M) 2.261ms
[409.483s][info][gc] GC(2423) Pause Young (Normal) (G1 Evacuation Pause) 407M->115M(544M) 2.183ms
[409.641s][info][gc] GC(2424) Pause Young (Normal) (G1 Evacuation Pause) 411M->118M(544M) 2.281ms
[409.794s][info][gc] GC(2425) Pause Young (Normal) (G1 Evacuation Pause) 414M->120M(544M) 2.256ms
[410.016s][info][gc] GC(2426) Pause Young (Normal) (G1 Evacuation Pause) 416M->124M(544M) 2.113ms
[410.174s][info][gc] GC(2427) Pause Young (Normal) (G1 Evacuation Pause) 420M->127M(544M) 2.513ms
[410.322s][info][gc] GC(2428) Pause Young (Normal) (G1 Evacuation Pause) 423M->129M(544M) 2.315ms
[410.475s][info][gc] GC(2429) Pause Young (Normal) (G1 Evacuation Pause) 425M->132M(544M) 2.211ms
[410.631s][info][gc] GC(2430) Pause Young (Normal) (G1 Evacuation Pause) 428M->133M(544M) 2.119ms
[410.812s][info][gc] GC(2431) Pause Young (Normal) (G1 Evacuation Pause) 429M->137M(544M) 2.330ms
[410.975s][info][gc] GC(2432) Pause Young (Normal) (G1 Evacuation Pause) 433M->138M(544M) 2.433ms
[411.138s][info][gc] GC(2433) Pause Young (Normal) (G1 Evacuation Pause) 434M->141M(544M) 2.465ms
[411.300s][info][gc] GC(2434) Pause Young (Normal) (G1 Evacuation Pause) 437M->144M(544M) 2.303ms
[411.463s][info][gc] GC(2435) Pause Young (Normal) (G1 Evacuation Pause) 444M->146M(544M) 2.032ms
[411.630s][info][gc] GC(2436) Pause Young (Normal) (G1 Evacuation Pause) 442M->149M(544M) 2.187ms
[411.780s][info][gc] GC(2437) Pause Young (Normal) (G1 Evacuation Pause) 445M->152M(544M) 2.086ms
[411.933s][info][gc] GC(2438) Pause Young (Normal) (G1 Evacuation Pause) 448M->153M(544M) 1.986ms
[412.085s][info][gc] GC(2439) Pause Young (Normal) (G1 Evacuation Pause) 449M->157M(544M) 2.069ms
[412.235s][info][gc] GC(2440) Pause Young (Normal) (G1 Evacuation Pause) 453M->159M(544M) 2.269ms
[412.387s][info][gc] GC(2441) Pause Young (Normal) (G1 Evacuation Pause) 455M->162M(544M) 2.187ms
[412.539s][info][gc] GC(2442) Pause Young (Normal) (G1 Evacuation Pause) 458M->164M(544M) 2.305ms
[412.695s][info][gc] GC(2443) Pause Young (Normal) (G1 Evacuation Pause) 460M->167M(544M) 2.159ms
[412.842s][info][gc] GC(2444) Pause Young (Normal) (G1 Evacuation Pause) 463M->169M(544M) 2.146ms
[413.001s][info][gc] GC(2445) Pause Young (Normal) (G1 Evacuation Pause) 465M->172M(544M) 2.454ms
[413.163s][info][gc] GC(2446) Pause Young (Normal) (G1 Evacuation Pause) 468M->173M(544M) 2.603ms
[413.369s][info][gc] GC(2447) Pause Young (Normal) (G1 Evacuation Pause) 469M->175M(544M) 2.216ms
[413.532s][info][gc] GC(2448) Pause Young (Normal) (G1 Evacuation Pause) 471M->179M(544M) 2.208ms
[413.690s][info][gc] GC(2449) Pause Young (Normal) (G1 Evacuation Pause) 475M->181M(544M) 2.274ms
[413.851s][info][gc] GC(2450) Pause Young (Normal) (G1 Evacuation Pause) 477M->184M(544M) 2.347ms
[414.010s][info][gc] GC(2451) Pause Young (Normal) (G1 Evacuation Pause) 480M->188M(544M) 2.294ms
[414.178s][info][gc] GC(2452) Pause Young (Normal) (G1 Evacuation Pause) 480M->189M(544M) 2.217ms
[414.342s][info][gc] GC(2453) Pause Young (Normal) (G1 Evacuation Pause) 485M->192M(544M) 2.228ms
[414.503s][info][gc] GC(2454) Pause Young (Normal) (G1 Evacuation Pause) 476M->192M(544M) 2.193ms
[414.658s][info][gc] GC(2455) Pause Young (Normal) (G1 Evacuation Pause) 484M->197M(544M) 2.135ms
[414.806s][info][gc] GC(2456) Pause Young (Normal) (G1 Evacuation Pause) 485M->198M(544M) 1.999ms
[414.964s][info][gc] GC(2457) Pause Young (Normal) (G1 Evacuation Pause) 486M->201M(544M) 1.917ms
[415.113s][info][gc] GC(2458) Pause Young (Normal) (G1 Evacuation Pause) 485M->203M(544M) 1.997ms
[415.272s][info][gc] GC(2459) Pause Young (Normal) (G1 Evacuation Pause) 483M->207M(544M) 2.114ms
[415.417s][info][gc] GC(2460) Pause Young (Normal) (G1 Evacuation Pause) 487M->207M(544M) 2.258ms
[415.636s][info][gc] GC(2461) Pause Young (Concurrent Start) (G1 Evacuation Pause) 483M->213M(544M) 2.277ms
[415.636s][info][gc] GC(2462) Concurrent Mark Cycle
[415.643s][info][gc] GC(2462) Pause Remark 225M->89M(280M) 0.460ms
[415.645s][info][gc] GC(2462) Pause Cleanup 94M->94M(280M) 0.047ms
[415.645s][info][gc] GC(2462) Concurrent Mark Cycle 9.909ms
[415.714s][info][gc] GC(2463) Pause Young (Prepare Mixed) (G1 Evacuation Pause) 217M->78M(280M) 1.819ms
[415.786s][info][gc] GC(2464) Pause Young (Mixed) (G1 Evacuation Pause) 230M->65M(280M) 1.718ms
[415.874s][info][gc] GC(2465) Pause Young (Normal) (G1 Evacuation Pause) 217M->68M(280M) 2.182ms
[415.955s][info][gc] GC(2466) Pause Young (Normal) (G1 Evacuation Pause) 220M->69M(336M) 1.656ms
[416.047s][info][gc] GC(2467) Pause Young (Normal) (G1 Evacuation Pause) 253M->70M(336M) 1.632ms
[416.143s][info][gc] GC(2468) Pause Young (Normal) (G1 Evacuation Pause) 254M->72M(336M) 1.638ms
[416.245s][info][gc] GC(2469) Pause Young (Normal) (G1 Evacuation Pause) 256M->74M(336M) 1.597ms
[416.336s][info][gc] GC(2470) Pause Young (Normal) (G1 Evacuation Pause) 254M->75M(404M) 1.780ms
[416.450s][info][gc] GC(2471) Pause Young (Normal) (G1 Evacuation Pause) 299M->76M(404M) 1.557ms
[416.565s][info][gc] GC(2472) Pause Young (Normal) (G1 Evacuation Pause) 300M->79M(404M) 1.655ms
[416.678s][info][gc] GC(2473) Pause Young (Normal) (G1 Evacuation Pause) 299M->81M(404M) 1.815ms
[416.791s][info][gc] GC(2474) Pause Young (Normal) (G1 Evacuation Pause) 301M->83M(404M) 1.762ms
[416.904s][info][gc] GC(2475) Pause Young (Normal) (G1 Evacuation Pause) 303M->86M(488M) 1.936ms
[417.061s][info][gc] GC(2476) Pause Young (Normal) (G1 Evacuation Pause) 358M->86M(488M) 2.051ms
[417.210s][info][gc] GC(2477) Pause Young (Normal) (G1 Evacuation Pause) 354M->88M(488M) 2.057ms
[417.358s][info][gc] GC(2478) Pause Young (Normal) (G1 Evacuation Pause) 356M->91M(488M) 2.112ms
[417.491s][info][gc] GC(2479) Pause Young (Normal) (G1 Evacuation Pause) 359M->94M(488M) 2.175ms
[417.657s][info][gc] GC(2480) Pause Young (Normal) (G1 Evacuation Pause) 362M->95M(488M) 2.164ms
[417.822s][info][gc] GC(2481) Pause Young (Normal) (G1 Evacuation Pause) 363M->98M(488M) 2.462ms
[417.966s][info][gc] GC(2482) Pause Young (Normal) (G1 Evacuation Pause) 362M->101M(488M) 2.012ms
[418.107s][info][gc] GC(2483) Pause Young (Normal) (G1 Evacuation Pause) 369M->103M(488M) 2.089ms
[418.260s][info][gc] GC(2484) Pause Young (Normal) (G1 Evacuation Pause) 371M->105M(488M) 2.092ms
[418.403s][info][gc] GC(2485) Pause Young (Normal) (G1 Evacuation Pause) 373M->106M(488M) 2.118ms
[418.544s][info][gc] GC(2486) Pause Young (Normal) (G1 Evacuation Pause) 374M->109M(488M) 2.168ms
[418.694s][info][gc] GC(2487) Pause Young (Normal) (G1 Evacuation Pause) 377M->111M(488M) 2.073ms
[418.842s][info][gc] GC(2488) Pause Young (Normal) (G1 Evacuation Pause) 379M->114M(488M) 2.164ms
[418.983s][info][gc] GC(2489) Pause Young (Normal) (G1 Evacuation Pause) 382M->117M(488M) 1.916ms
[419.117s][info][gc] GC(2490) Pause Young (Normal) (G1 Evacuation Pause) 381M->117M(488M) 1.959ms
[419.259s][info][gc] GC(2491) Pause Young (Normal) (G1 Evacuation Pause) 385M->120M(488M) 2.132ms
[419.408s][info][gc] GC(2492) Pause Young (Normal) (G1 Evacuation Pause) 388M->122M(488M) 2.562ms
[419.557s][info][gc] GC(2493) Pause Young (Normal) (G1 Evacuation Pause) 390M->124M(488M) 2.123ms
[419.714s][info][gc] GC(2494) Pause Young (Normal) (G1 Evacuation Pause) 392M->128M(488M) 2.013ms
[419.860s][info][gc] GC(2495) Pause Young (Normal) (G1 Evacuation Pause) 392M->130M(488M) 2.436ms
[420.012s][info][gc] GC(2496) Pause Young (Normal) (G1 Evacuation Pause) 394M->132M(488M) 2.061ms
[420.176s][info][gc] GC(2497) Pause Young (Normal) (G1 Evacuation Pause) 400M->133M(488M) 2.137ms
[420.311s][info][gc] GC(2498) Pause Young (Normal) (G1 Evacuation Pause) 401M->136M(488M) 2.068ms
[420.455s][info][gc] GC(2499) Pause Young (Normal) (G1 Evacuation Pause) 404M->139M(488M) 2.113ms
[420.595s][info][gc] GC(2500) Pause Young (Normal) (G1 Evacuation Pause) 407M->141M(488M) 1.982ms
[420.732s][info][gc] GC(2501) Pause Young (Normal) (G1 Evacuation Pause) 409M->144M(488M) 1.861ms
[420.864s][info][gc] GC(2502) Pause Young (Normal) (G1 Evacuation Pause) 408M->145M(488M) 2.000ms
[420.997s][info][gc] GC(2503) Pause Young (Normal) (G1 Evacuation Pause) 413M->146M(488M) 1.902ms
[421.213s][info][gc] GC(2504) Pause Young (Normal) (G1 Evacuation Pause) 414M->150M(488M) 2.015ms
[421.400s][info][gc] GC(2505) Pause Young (Normal) (G1 Evacuation Pause) 418M->153M(488M) 2.699ms
[421.557s][info][gc] GC(2506) Pause Young (Normal) (G1 Evacuation Pause) 417M->156M(488M) 2.366ms
[421.698s][info][gc] GC(2507) Pause Young (Normal) (G1 Evacuation Pause) 424M->159M(488M) 2.044ms
[421.849s][info][gc] GC(2508) Pause Young (Normal) (G1 Evacuation Pause) 427M->160M(488M) 2.039ms
[421.993s][info][gc] GC(2509) Pause Young (Normal) (G1 Evacuation Pause) 424M->163M(488M) 2.351ms
[422.136s][info][gc] GC(2510) Pause Young (Normal) (G1 Evacuation Pause) 431M->165M(488M) 2.297ms
[422.289s][info][gc] GC(2511) Pause Young (Normal) (G1 Evacuation Pause) 433M->167M(488M) 2.390ms
[422.429s][info][gc] GC(2512) Pause Young (Normal) (G1 Evacuation Pause) 431M->170M(488M) 2.023ms
[422.561s][info][gc] GC(2513) Pause Young (Normal) (G1 Evacuation Pause) 430M->171M(488M) 1.780ms
[422.703s][info][gc] GC(2514) Pause Young (Normal) (G1 Evacuation Pause) 431M->171M(488M) 1.834ms
[422.860s][info][gc] GC(2515) Pause Young (Normal) (G1 Evacuation Pause) 435M->176M(488M) 2.083ms
[422.994s][info][gc] GC(2516) Pause Young (Normal) (G1 Evacuation Pause) 432M->179M(488M) 2.057ms
[423.123s][info][gc] GC(2517) Pause Young (Normal) (G1 Evacuation Pause) 431M->180M(488M) 1.959ms
[423.247s][info][gc] GC(2518) Pause Young (Normal) (G1 Evacuation Pause) 432M->181M(488M) 1.756ms
[423.384s][info][gc] GC(2519) Pause Young (Normal) (G1 Evacuation Pause) 437M->184M(488M) 2.095ms
[423.511s][info][gc] GC(2520) Pause Young (Normal) (G1 Evacuation Pause) 432M->187M(488M) 2.195ms
[423.638s][info][gc] GC(2521) Pause Young (Concurrent Start) (G1 Evacuation Pause) 431M->188M(488M) 1.933ms
[423.638s][info][gc] GC(2522) Concurrent Mark Cycle
[423.648s][info][gc] GC(2522) Pause Remark 208M->112M(336M) 0.413ms
[423.654s][info][gc] GC(2522) Pause Cleanup 124M->124M(336M) 0.048ms
[423.654s][info][gc] GC(2522) Concurrent Mark Cycle 16.201ms
[423.735s][info][gc] GC(2523) Pause Young (Prepare Mixed) (G1 Evacuation Pause) 268M->94M(336M) 1.829ms
[423.827s][info][gc] GC(2524) Pause Young (Mixed) (G1 Evacuation Pause) 278M->80M(336M) 1.623ms
[423.921s][info][gc] GC(2525) Pause Young (Normal) (G1 Evacuation Pause) 264M->81M(336M) 1.543ms
[424.029s][info][gc] GC(2526) Pause Young (Normal) (G1 Evacuation Pause) 265M->84M(404M) 1.522ms
[424.153s][info][gc] GC(2527) Pause Young (Normal) (G1 Evacuation Pause) 304M->85M(404M) 1.831ms
[424.268s][info][gc] GC(2528) Pause Young (Normal) (G1 Evacuation Pause) 305M->88M(404M) 1.790ms
[424.382s][info][gc] GC(2529) Pause Young (Normal) (G1 Evacuation Pause) 304M->89M(404M) 1.872ms
[424.494s][info][gc] GC(2530) Pause Young (Normal) (G1 Evacuation Pause) 309M->91M(488M) 1.979ms
[424.653s][info][gc] GC(2531) Pause Young (Normal) (G1 Evacuation Pause) 363M->92M(488M) 2.091ms
[424.799s][info][gc] GC(2532) Pause Young (Normal) (G1 Evacuation Pause) 360M->95M(488M) 1.899ms
[424.956s][info][gc] GC(2533) Pause Young (Normal) (G1 Evacuation Pause) 363M->97M(488M) 2.000ms
[425.106s][info][gc] GC(2534) Pause Young (Normal) (G1 Evacuation Pause) 365M->100M(488M) 2.227ms
[425.245s][info][gc] GC(2535) Pause Young (Normal) (G1 Evacuation Pause) 364M->100M(488M) 1.998ms
[425.427s][info][gc] GC(2536) Pause Young (Normal) (G1 Evacuation Pause) 368M->103M(488M) 2.377ms
[425.574s][info][gc] GC(2537) Pause Young (Normal) (G1 Evacuation Pause) 371M->105M(488M) 2.122ms
[425.717s][info][gc] GC(2538) Pause Young (Normal) (G1 Evacuation Pause) 373M->107M(488M) 1.958ms
[425.866s][info][gc] GC(2539) Pause Young (Normal) (G1 Evacuation Pause) 375M->110M(488M) 1.998ms
[426.011s][info][gc] GC(2540) Pause Young (Normal) (G1 Evacuation Pause) 378M->112M(488M) 2.074ms
[426.155s][info][gc] GC(2541) Pause Young (Normal) (G1 Evacuation Pause) 380M->115M(488M) 2.100ms
[426.298s][info][gc] GC(2542) Pause Young (Normal) (G1 Evacuation Pause) 383M->117M(488M) 1.929ms
[426.450s][info][gc] GC(2543) Pause Young (Normal) (G1 Evacuation Pause) 385M->121M(488M) 2.036ms
[426.588s][info][gc] GC(2544) Pause Young (Normal) (G1 Evacuation Pause) 385M->121M(488M) 2.099ms
[426.747s][info][gc] GC(2545) Pause Young (Normal) (G1 Evacuation Pause) 389M->124M(488M) 2.045ms
[426.981s][info][gc] GC(2546) Pause Young (Normal) (G1 Evacuation Pause) 388M->125M(488M) 2.061ms
[427.248s][info][gc] GC(2547) Pause Young (Normal) (G1 Evacuation Pause) 393M->128M(488M) 1.990ms
[427.520s][info][gc] GC(2548) Pause Young (Normal) (G1 Evacuation Pause) 396M->131M(488M) 2.100ms
[427.782s][info][gc] GC(2549) Pause Young (Normal) (G1 Evacuation Pause) 399M->132M(488M) 1.912ms
[428.049s][info][gc] GC(2550) Pause Young (Normal) (G1 Evacuation Pause) 400M->135M(488M) 2.112ms
[428.324s][info][gc] GC(2551) Pause Young (Normal) (G1 Evacuation Pause) 403M->137M(488M) 2.162ms
[428.585s][info][gc] GC(2552) Pause Young (Normal) (G1 Evacuation Pause) 405M->140M(488M) 1.993ms
[428.855s][info][gc] GC(2553) Pause Young (Normal) (G1 Evacuation Pause) 408M->142M(488M) 2.061ms
[429.113s][info][gc] GC(2554) Pause Young (Normal) (G1 Evacuation Pause) 410M->144M(488M) 1.933ms
[429.399s][info][gc] GC(2555) Pause Young (Normal) (G1 Evacuation Pause) 412M->145M(488M) 2.761ms
[429.699s][info][gc] GC(2556) Pause Young (Normal) (G1 Evacuation Pause) 413M->148M(488M) 1.986ms
[429.968s][info][gc] GC(2557) Pause Young (Normal) (G1 Evacuation Pause) 412M->150M(488M) 2.071ms
[430.255s][info][gc] GC(2558) Pause Young (Normal) (G1 Evacuation Pause) 418M->153M(488M) 2.283ms
[430.514s][info][gc] GC(2559) Pause Young (Normal) (G1 Evacuation Pause) 417M->155M(488M) 2.282ms
[430.790s][info][gc] GC(2560) Pause Young (Normal) (G1 Evacuation Pause) 419M->157M(488M) 2.073ms
[431.072s][info][gc] GC(2561) Pause Young (Normal) (G1 Evacuation Pause) 425M->159M(488M) 2.843ms
[431.370s][info][gc] GC(2562) Pause Young (Normal) (G1 Evacuation Pause) 427M->161M(488M) 2.009ms
[431.644s][info][gc] GC(2563) Pause Young (Normal) (G1 Evacuation Pause) 429M->164M(488M) 2.251ms
[431.915s][info][gc] GC(2564) Pause Young (Normal) (G1 Evacuation Pause) 432M->166M(488M) 1.883ms
[432.188s][info][gc] GC(2565) Pause Young (Normal) (G1 Evacuation Pause) 430M->170M(488M) 2.033ms
[432.528s][info][gc] GC(2566) Pause Young (Normal) (G1 Evacuation Pause) 430M->171M(488M) 2.088ms
[432.787s][info][gc] GC(2567) Pause Young (Normal) (G1 Evacuation Pause) 427M->175M(488M) 2.135ms
[433.039s][info][gc] GC(2568) Pause Young (Normal) (G1 Evacuation Pause) 427M->177M(488M) 1.941ms
[433.300s][info][gc] GC(2569) Pause Young (Normal) (G1 Evacuation Pause) 429M->179M(488M) 1.740ms
[433.541s][info][gc] GC(2570) Pause Young (Normal) (G1 Evacuation Pause) 427M->180M(488M) 1.919ms
[433.794s][info][gc] GC(2571) Pause Young (Concurrent Start) (G1 Evacuation Pause) 432M->182M(488M) 2.022ms
[433.794s][info][gc] GC(2572) Concurrent Mark Cycle
[433.799s][info][gc] GC(2572) Pause Remark 188M->80M(256M) 0.447ms
[433.801s][info][gc] GC(2572) Pause Cleanup 82M->82M(256M) 0.045ms
[433.801s][info][gc] GC(2572) Concurrent Mark Cycle 7.253ms
[433.925s][info][gc] GC(2573) Pause Young (Prepare Mixed) (G1 Evacuation Pause) 206M->75M(256M) 1.798ms
[434.059s][info][gc] GC(2574) Pause Young (Mixed) (G1 Evacuation Pause) 215M->58M(256M) 1.374ms
[434.202s][info][gc] GC(2575) Pause Young (Normal) (G1 Evacuation Pause) 198M->59M(256M) 1.116ms
[434.340s][info][gc] GC(2576) Pause Young (Normal) (G1 Evacuation Pause) 199M->60M(256M) 1.298ms
[434.484s][info][gc] GC(2577) Pause Young (Normal) (G1 Evacuation Pause) 200M->61M(256M) 1.237ms
[434.630s][info][gc] GC(2578) Pause Young (Normal) (G1 Evacuation Pause) 201M->62M(256M) 1.542ms
[434.776s][info][gc] GC(2579) Pause Young (Normal) (G1 Evacuation Pause) 202M->64M(256M) 1.589ms
[434.914s][info][gc] GC(2580) Pause Young (Normal) (G1 Evacuation Pause) 204M->64M(308M) 1.397ms
[435.099s][info][gc] GC(2581) Pause Young (Normal) (G1 Evacuation Pause) 236M->66M(308M) 1.206ms
[435.269s][info][gc] GC(2582) Pause Young (Normal) (G1 Evacuation Pause) 238M->68M(308M) 1.262ms
[435.435s][info][gc] GC(2583) Pause Young (Normal) (G1 Evacuation Pause) 236M->68M(308M) 1.356ms
[435.601s][info][gc] GC(2584) Pause Young (Normal) (G1 Evacuation Pause) 236M->71M(308M) 1.383ms
[435.772s][info][gc] GC(2585) Pause Young (Normal) (G1 Evacuation Pause) 239M->71M(308M) 1.508ms
[435.935s][info][gc] GC(2586) Pause Young (Normal) (G1 Evacuation Pause) 239M->74M(308M) 1.395ms
[436.107s][info][gc] GC(2587) Pause Young (Normal) (G1 Evacuation Pause) 242M->74M(308M) 1.465ms
[436.280s][info][gc] GC(2588) Pause Young (Normal) (G1 Evacuation Pause) 242M->77M(308M) 1.536ms
[436.439s][info][gc] GC(2589) Pause Young (Normal) (G1 Evacuation Pause) 245M->78M(308M) 1.433ms
[436.612s][info][gc] GC(2590) Pause Young (Normal) (G1 Evacuation Pause) 246M->79M(308M) 1.471ms
[436.772s][info][gc] GC(2591) Pause Young (Normal) (G1 Evacuation Pause) 247M->80M(308M) 1.427ms
[436.940s][info][gc] GC(2592) Pause Young (Normal) (G1 Evacuation Pause) 248M->82M(308M) 1.504ms
[437.111s][info][gc] GC(2593) Pause Young (Normal) (G1 Evacuation Pause) 250M->82M(308M) 1.508ms
[437.274s][info][gc] GC(2594) Pause Young (Normal) (G1 Evacuation Pause) 250M->84M(308M) 1.687ms
[437.452s][info][gc] GC(2595) Pause Young (Normal) (G1 Evacuation Pause) 252M->86M(308M) 1.573ms
[437.693s][info][gc] GC(2596) Pause Young (Normal) (G1 Evacuation Pause) 254M->89M(308M) 1.589ms
[437.848s][info][gc] GC(2597) Pause Young (Normal) (G1 Evacuation Pause) 257M->90M(308M) 1.573ms
[438.019s][info][gc] GC(2598) Pause Young (Normal) (G1 Evacuation Pause) 258M->91M(308M) 1.579ms
[438.180s][info][gc] GC(2599) Pause Young (Normal) (G1 Evacuation Pause) 259M->93M(308M) 1.573ms
[438.349s][info][gc] GC(2600) Pause Young (Normal) (G1 Evacuation Pause) 261M->95M(308M) 1.421ms
[438.519s][info][gc] GC(2601) Pause Young (Normal) (G1 Evacuation Pause) 263M->96M(308M) 1.573ms
[438.682s][info][gc] GC(2602) Pause Young (Normal) (G1 Evacuation Pause) 264M->97M(308M) 1.447ms
[438.848s][info][gc] GC(2603) Pause Young (Normal) (G1 Evacuation Pause) 265M->98M(308M) 1.571ms
[439.012s][info][gc] GC(2604) Pause Young (Normal) (G1 Evacuation Pause) 266M->99M(308M) 1.502ms
[439.182s][info][gc] GC(2605) Pause Young (Normal) (G1 Evacuation Pause) 271M->102M(308M) 1.442ms
[439.346s][info][gc] GC(2606) Pause Young (Normal) (G1 Evacuation Pause) 266M->102M(308M) 1.518ms
[439.508s][info][gc] GC(2607) Pause Young (Normal) (G1 Evacuation Pause) 266M->104M(308M) 1.414ms
[439.678s][info][gc] GC(2608) Pause Young (Normal) (G1 Evacuation Pause) 268M->105M(308M) 1.531ms
[439.839s][info][gc] GC(2609) Pause Young (Normal) (G1 Evacuation Pause) 265M->106M(308M) 1.408ms
[439.999s][info][gc] GC(2610) Pause Young (Normal) (G1 Evacuation Pause) 266M->109M(308M) 1.565ms
[440.162s][info][gc] GC(2611) Pause Young (Normal) (G1 Evacuation Pause) 269M->109M(308M) 1.452ms
[440.316s][info][gc] GC(2612) Pause Young (Normal) (G1 Evacuation Pause) 265M->111M(308M) 1.506ms
[440.477s][info][gc] GC(2613) Pause Young (Normal) (G1 Evacuation Pause) 267M->112M(308M) 1.392ms
[440.630s][info][gc] GC(2614) Pause Young (Normal) (G1 Evacuation Pause) 268M->114M(308M) 1.567ms
[440.780s][info][gc] GC(2615) Pause Young (Normal) (G1 Evacuation Pause) 266M->115M(308M) 1.777ms
[440.932s][info][gc] GC(2616) Pause Young (Normal) (G1 Evacuation Pause) 267M->116M(308M) 1.500ms
[441.090s][info][gc] GC(2617) Pause Young (Normal) (G1 Evacuation Pause) 268M->118M(308M) 1.368ms
[441.228s][info][gc] GC(2618) Pause Young (Concurrent Start) (G1 Evacuation Pause) 266M->119M(308M) 1.271ms
[441.228s][info][gc] GC(2619) Concurrent Mark Cycle
[441.236s][info][gc] GC(2619) Pause Remark 124M->85M(280M) 0.430ms
[441.240s][info][gc] GC(2619) Pause Cleanup 91M->91M(280M) 0.068ms
[441.240s][info][gc] GC(2619) Concurrent Mark Cycle 11.921ms
[441.383s][info][gc] GC(2620) Pause Young (Prepare Mixed) (G1 Evacuation Pause) 232M->81M(280M) 1.494ms
[441.535s][info][gc] GC(2621) Pause Young (Mixed) (G1 Evacuation Pause) 233M->70M(280M) 1.456ms
[441.688s][info][gc] GC(2622) Pause Young (Normal) (G1 Evacuation Pause) 222M->72M(280M) 1.333ms
[441.837s][info][gc] GC(2623) Pause Young (Normal) (G1 Evacuation Pause) 224M->74M(280M) 1.343ms
[441.996s][info][gc] GC(2624) Pause Young (Normal) (G1 Evacuation Pause) 226M->75M(280M) 1.463ms
[442.141s][info][gc] GC(2625) Pause Young (Normal) (G1 Evacuation Pause) 227M->76M(280M) 1.398ms
[442.292s][info][gc] GC(2626) Pause Young (Normal) (G1 Evacuation Pause) 228M->77M(280M) 1.365ms
[442.452s][info][gc] GC(2627) Pause Young (Normal) (G1 Evacuation Pause) 229M->79M(280M) 1.477ms
[442.596s][info][gc] GC(2628) Pause Young (Normal) (G1 Evacuation Pause) 231M->79M(280M) 1.433ms
[442.823s][info][gc] GC(2629) Pause Young (Normal) (G1 Evacuation Pause) 231M->83M(280M) 1.538ms
[442.967s][info][gc] GC(2630) Pause Young (Normal) (G1 Evacuation Pause) 231M->84M(280M) 1.637ms
[443.123s][info][gc] GC(2631) Pause Young (Normal) (G1 Evacuation Pause) 236M->85M(280M) 1.581ms
[443.270s][info][gc] GC(2632) Pause Young (Normal) (G1 Evacuation Pause) 237M->86M(280M) 1.550ms
[443.431s][info][gc] GC(2633) Pause Young (Normal) (G1 Evacuation Pause) 238M->87M(280M) 1.667ms
[443.577s][info][gc] GC(2634) Pause Young (Normal) (G1 Evacuation Pause) 239M->89M(280M) 1.740ms
[443.731s][info][gc] GC(2635) Pause Young (Normal) (G1 Evacuation Pause) 241M->90M(336M) 1.491ms
[443.917s][info][gc] GC(2636) Pause Young (Normal) (G1 Evacuation Pause) 274M->90M(336M) 1.631ms
[444.099s][info][gc] GC(2637) Pause Young (Normal) (G1 Evacuation Pause) 274M->92M(336M) 1.636ms
[444.280s][info][gc] GC(2638) Pause Young (Normal) (G1 Evacuation Pause) 272M->94M(336M) 1.631ms
[444.468s][info][gc] GC(2639) Pause Young (Normal) (G1 Evacuation Pause) 278M->95M(336M) 1.541ms
[444.654s][info][gc] GC(2640) Pause Young (Normal) (G1 Evacuation Pause) 279M->97M(336M) 1.585ms
[444.825s][info][gc] GC(2641) Pause Young (Normal) (G1 Evacuation Pause) 277M->99M(336M) 1.627ms
[445.010s][info][gc] GC(2642) Pause Young (Normal) (G1 Evacuation Pause) 279M->100M(336M) 1.476ms
[445.191s][info][gc] GC(2643) Pause Young (Normal) (G1 Evacuation Pause) 280M->101M(336M) 1.430ms
[445.375s][info][gc] GC(2644) Pause Young (Normal) (G1 Evacuation Pause) 285M->104M(336M) 1.491ms
[445.554s][info][gc] GC(2645) Pause Young (Normal) (G1 Evacuation Pause) 284M->104M(336M) 1.616ms
[445.733s][info][gc] GC(2646) Pause Young (Normal) (G1 Evacuation Pause) 288M->106M(336M) 1.660ms
[445.914s][info][gc] GC(2647) Pause Young (Normal) (G1 Evacuation Pause) 286M->108M(336M) 1.624ms
[446.097s][info][gc] GC(2648) Pause Young (Normal) (G1 Evacuation Pause) 288M->109M(336M) 1.692ms
[446.280s][info][gc] GC(2649) Pause Young (Normal) (G1 Evacuation Pause) 293M->110M(336M) 1.680ms
[446.451s][info][gc] GC(2650) Pause Young (Normal) (G1 Evacuation Pause) 294M->112M(336M) 1.415ms
[446.642s][info][gc] GC(2651) Pause Young (Normal) (G1 Evacuation Pause) 296M->114M(336M) 1.310ms
[446.822s][info][gc] GC(2652) Pause Young (Normal) (G1 Evacuation Pause) 290M->114M(336M) 1.574ms
[447.001s][info][gc] GC(2653) Pause Young (Normal) (G1 Evacuation Pause) 290M->117M(336M) 1.723ms
[447.175s][info][gc] GC(2654) Pause Young (Normal) (G1 Evacuation Pause) 297M->117M(336M) 1.366ms
[447.352s][info][gc] GC(2655) Pause Young (Normal) (G1 Evacuation Pause) 293M->120M(336M) 1.533ms
[447.530s][info][gc] GC(2656) Pause Young (Normal) (G1 Evacuation Pause) 296M->121M(336M) 1.538ms
[447.704s][info][gc] GC(2657) Pause Young (Normal) (G1 Evacuation Pause) 293M->123M(336M) 1.298ms
[447.870s][info][gc] GC(2658) Pause Young (Normal) (G1 Evacuation Pause) 295M->124M(336M) 1.467ms
[448.114s][info][gc] GC(2659) Pause Young (Normal) (G1 Evacuation Pause) 296M->126M(336M) 1.639ms
[448.273s][info][gc] GC(2660) Pause Young (Concurrent Start) (G1 Evacuation Pause) 294M->128M(336M) 1.451ms
[448.273s][info][gc] GC(2661) Concurrent Mark Cycle
[448.278s][info][gc] GC(2661) Pause Remark 135M->72M(228M) 0.516ms
[448.281s][info][gc] GC(2661) Pause Cleanup 74M->74M(228M) 0.045ms
[448.281s][info][gc] GC(2661) Concurrent Mark Cycle 7.375ms
[448.402s][info][gc] GC(2662) Pause Young (Prepare Mixed) (G1 Evacuation Pause) 185M->66M(228M) 1.516ms
[448.520s][info][gc] GC(2663) Pause Young (Mixed) (G1 Evacuation Pause) 190M->49M(228M) 1.424ms
[448.651s][info][gc] GC(2664) Pause Young (Normal) (G1 Evacuation Pause) 177M->50M(228M) 1.082ms
[448.769s][info][gc] GC(2665) Pause Young (Normal) (G1 Evacuation Pause) 174M->50M(228M) 1.213ms
[448.888s][info][gc] GC(2666) Pause Young (Normal) (G1 Evacuation Pause) 174M->51M(276M) 1.182ms
[449.046s][info][gc] GC(2667) Pause Young (Normal) (G1 Evacuation Pause) 203M->52M(276M) 1.585ms
[449.189s][info][gc] GC(2668) Pause Young (Normal) (G1 Evacuation Pause) 204M->53M(276M) 1.283ms
[449.339s][info][gc] GC(2669) Pause Young (Normal) (G1 Evacuation Pause) 201M->55M(276M) 1.439ms
[449.486s][info][gc] GC(2670) Pause Young (Normal) (G1 Evacuation Pause) 203M->56M(276M) 1.587ms
[449.637s][info][gc] GC(2671) Pause Young (Normal) (G1 Evacuation Pause) 204M->57M(276M) 1.481ms
[449.788s][info][gc] GC(2672) Pause Young (Normal) (G1 Evacuation Pause) 205M->59M(276M) 1.655ms
[449.937s][info][gc] GC(2673) Pause Young (Normal) (G1 Evacuation Pause) 207M->61M(276M) 1.519ms
[450.082s][info][gc] GC(2674) Pause Young (Normal) (G1 Evacuation Pause) 209M->62M(276M) 1.456ms
[450.231s][info][gc] GC(2675) Pause Young (Normal) (G1 Evacuation Pause) 210M->62M(276M) 1.427ms
[450.382s][info][gc] GC(2676) Pause Young (Normal) (G1 Evacuation Pause) 210M->65M(276M) 1.568ms
[450.518s][info][gc] GC(2677) Pause Young (Normal) (G1 Evacuation Pause) 213M->66M(276M) 1.508ms
[450.668s][info][gc] GC(2678) Pause Young (Normal) (G1 Evacuation Pause) 214M->67M(332M) 1.483ms
[450.849s][info][gc] GC(2679) Pause Young (Normal) (G1 Evacuation Pause) 247M->68M(332M) 1.504ms
[451.026s][info][gc] GC(2680) Pause Young (Normal) (G1 Evacuation Pause) 248M->69M(332M) 1.509ms
[451.212s][info][gc] GC(2681) Pause Young (Normal) (G1 Evacuation Pause) 245M->71M(332M) 1.601ms
[451.389s][info][gc] GC(2682) Pause Young (Normal) (G1 Evacuation Pause) 247M->73M(332M) 1.471ms
[451.569s][info][gc] GC(2683) Pause Young (Normal) (G1 Evacuation Pause) 249M->75M(332M) 1.647ms
[451.737s][info][gc] GC(2684) Pause Young (Normal) (G1 Evacuation Pause) 251M->75M(332M) 1.607ms
[451.916s][info][gc] GC(2685) Pause Young (Normal) (G1 Evacuation Pause) 251M->77M(332M) 1.650ms
[452.096s][info][gc] GC(2686) Pause Young (Normal) (G1 Evacuation Pause) 257M->79M(332M) 1.617ms
[452.268s][info][gc] GC(2687) Pause Young (Normal) (G1 Evacuation Pause) 255M->79M(332M) 1.562ms
[452.445s][info][gc] GC(2688) Pause Young (Normal) (G1 Evacuation Pause) 259M->82M(332M) 1.600ms
[452.622s][info][gc] GC(2689) Pause Young (Normal) (G1 Evacuation Pause) 258M->83M(332M) 1.750ms
[452.798s][info][gc] GC(2690) Pause Young (Normal) (G1 Evacuation Pause) 259M->84M(332M) 1.625ms
[452.972s][info][gc] GC(2691) Pause Young (Normal) (G1 Evacuation Pause) 264M->85M(332M) 1.518ms
[453.222s][info][gc] GC(2692) Pause Young (Normal) (G1 Evacuation Pause) 265M->88M(332M) 1.576ms
[453.403s][info][gc] GC(2693) Pause Young (Normal) (G1 Evacuation Pause) 264M->90M(332M) 1.796ms
[453.575s][info][gc] GC(2694) Pause Young (Normal) (G1 Evacuation Pause) 266M->91M(332M) 1.543ms
[453.746s][info][gc] GC(2695) Pause Young (Normal) (G1 Evacuation Pause) 271M->92M(332M) 1.669ms
[453.931s][info][gc] GC(2696) Pause Young (Normal) (G1 Evacuation Pause) 272M->94M(332M) 1.734ms
[454.111s][info][gc] GC(2697) Pause Young (Normal) (G1 Evacuation Pause) 274M->96M(332M) 1.655ms
[454.289s][info][gc] GC(2698) Pause Young (Normal) (G1 Evacuation Pause) 276M->97M(332M) 1.529ms
[454.466s][info][gc] GC(2699) Pause Young (Normal) (G1 Evacuation Pause) 277M->99M(332M) 1.730ms
[454.642s][info][gc] GC(2700) Pause Young (Normal) (G1 Evacuation Pause) 275M->100M(332M) 1.635ms
[454.830s][info][gc] GC(2701) Pause Young (Normal) (G1 Evacuation Pause) 280M->102M(332M) 1.841ms
[455.002s][info][gc] GC(2702) Pause Young (Normal) (G1 Evacuation Pause) 282M->103M(332M) 1.789ms
[455.182s][info][gc] GC(2703) Pause Young (Normal) (G1 Evacuation Pause) 279M->105M(332M) 1.676ms
[455.357s][info][gc] GC(2704) Pause Young (Normal) (G1 Evacuation Pause) 281M->107M(332M) 1.523ms
[455.532s][info][gc] GC(2705) Pause Young (Normal) (G1 Evacuation Pause) 283M->108M(332M) 1.630ms
[455.704s][info][gc] GC(2706) Pause Young (Normal) (G1 Evacuation Pause) 284M->109M(332M) 1.605ms
[455.883s][info][gc] GC(2707) Pause Young (Normal) (G1 Evacuation Pause) 285M->110M(332M) 1.670ms
[456.063s][info][gc] GC(2708) Pause Young (Normal) (G1 Evacuation Pause) 290M->111M(332M) 1.623ms
[456.249s][info][gc] GC(2709) Pause Young (Normal) (G1 Evacuation Pause) 291M->114M(332M) 1.768ms
[456.411s][info][gc] GC(2710) Pause Young (Normal) (G1 Evacuation Pause) 286M->114M(332M) 1.611ms
[456.591s][info][gc] GC(2711) Pause Young (Normal) (G1 Evacuation Pause) 290M->116M(332M) 1.587ms
[456.771s][info][gc] GC(2712) Pause Young (Normal) (G1 Evacuation Pause) 292M->118M(332M) 1.441ms
[456.946s][info][gc] GC(2713) Pause Young (Normal) (G1 Evacuation Pause) 290M->118M(332M) 1.477ms
[457.119s][info][gc] GC(2714) Pause Young (Normal) (G1 Evacuation Pause) 290M->120M(332M) 1.351ms
[457.288s][info][gc] GC(2715) Pause Young (Normal) (G1 Evacuation Pause) 288M->122M(332M) 1.469ms
[457.455s][info][gc] GC(2716) Pause Young (Normal) (G1 Evacuation Pause) 290M->123M(332M) 1.300ms
[457.628s][info][gc] GC(2717) Pause Young (Normal) (G1 Evacuation Pause) 291M->125M(332M) 1.464ms
[457.793s][info][gc] GC(2718) Pause Young (Normal) (G1 Evacuation Pause) 293M->126M(332M) 1.585ms
[457.955s][info][gc] GC(2719) Pause Young (Concurrent Start) (G1 Evacuation Pause) 290M->127M(332M) 1.264ms
[457.955s][info][gc] GC(2720) Concurrent Mark Cycle
[457.963s][info][gc] GC(2720) Pause Remark 132M->85M(280M) 0.459ms
[457.969s][info][gc] GC(2720) Pause Cleanup 89M->89M(280M) 0.030ms
[457.969s][info][gc] GC(2720) Concurrent Mark Cycle 14.121ms
[458.110s][info][gc] GC(2721) Pause Young (Prepare Mixed) (G1 Evacuation Pause) 232M->82M(280M) 1.567ms
[458.255s][info][gc] GC(2722) Pause Young (Mixed) (G1 Evacuation Pause) 234M->80M(280M) 1.514ms
[458.498s][info][gc] GC(2723) Pause Young (Normal) (G1 Evacuation Pause) 232M->82M(280M) 1.692ms
[458.649s][info][gc] GC(2724) Pause Young (Normal) (G1 Evacuation Pause) 234M->84M(280M) 1.648ms
[458.800s][info][gc] GC(2725) Pause Young (Normal) (G1 Evacuation Pause) 236M->84M(280M) 1.751ms
[458.961s][info][gc] GC(2726) Pause Young (Normal) (G1 Evacuation Pause) 236M->86M(336M) 1.664ms
[459.141s][info][gc] GC(2727) Pause Young (Normal) (G1 Evacuation Pause) 270M->88M(336M) 1.503ms
[459.317s][info][gc] GC(2728) Pause Young (Normal) (G1 Evacuation Pause) 268M->88M(336M) 2.008ms
[459.496s][info][gc] GC(2729) Pause Young (Normal) (G1 Evacuation Pause) 272M->91M(336M) 1.629ms
[459.686s][info][gc] GC(2730) Pause Young (Normal) (G1 Evacuation Pause) 271M->91M(336M) 1.500ms
[459.873s][info][gc] GC(2731) Pause Young (Normal) (G1 Evacuation Pause) 275M->95M(336M) 1.581ms
[460.055s][info][gc] GC(2732) Pause Young (Normal) (G1 Evacuation Pause) 275M->95M(336M) 1.627ms
[460.228s][info][gc] GC(2733) Pause Young (Normal) (G1 Evacuation Pause) 275M->96M(336M) 1.770ms
[460.409s][info][gc] GC(2734) Pause Young (Normal) (G1 Evacuation Pause) 276M->98M(336M) 1.641ms
[460.592s][info][gc] GC(2735) Pause Young (Normal) (G1 Evacuation Pause) 278M->100M(336M) 1.661ms
[460.777s][info][gc] GC(2736) Pause Young (Normal) (G1 Evacuation Pause) 280M->102M(336M) 1.628ms
[460.948s][info][gc] GC(2737) Pause Young (Normal) (G1 Evacuation Pause) 282M->102M(336M) 1.352ms
[461.125s][info][gc] GC(2738) Pause Young (Normal) (G1 Evacuation Pause) 286M->104M(336M) 1.761ms
[461.308s][info][gc] GC(2739) Pause Young (Normal) (G1 Evacuation Pause) 284M->106M(336M) 1.688ms
[461.483s][info][gc] GC(2740) Pause Young (Normal) (G1 Evacuation Pause) 286M->106M(336M) 1.726ms
[461.673s][info][gc] GC(2741) Pause Young (Normal) (G1 Evacuation Pause) 290M->109M(336M) 1.594ms
[461.855s][info][gc] GC(2742) Pause Young (Normal) (G1 Evacuation Pause) 289M->111M(336M) 1.798ms
[462.041s][info][gc] GC(2743) Pause Young (Normal) (G1 Evacuation Pause) 291M->112M(336M) 1.706ms
[462.223s][info][gc] GC(2744) Pause Young (Normal) (G1 Evacuation Pause) 296M->114M(336M) 1.702ms
[462.418s][info][gc] GC(2745) Pause Young (Normal) (G1 Evacuation Pause) 298M->115M(336M) 1.648ms
[462.591s][info][gc] GC(2746) Pause Young (Normal) (G1 Evacuation Pause) 291M->116M(336M) 1.629ms
[462.760s][info][gc] GC(2747) Pause Young (Normal) (G1 Evacuation Pause) 288M->118M(336M) 1.603ms
[462.948s][info][gc] GC(2748) Pause Young (Normal) (G1 Evacuation Pause) 294M->120M(336M) 1.503ms
[463.128s][info][gc] GC(2749) Pause Young (Normal) (G1 Evacuation Pause) 296M->122M(336M) 1.369ms
[463.301s][info][gc] GC(2750) Pause Young (Normal) (G1 Evacuation Pause) 294M->122M(336M) 1.491ms
[463.475s][info][gc] GC(2751) Pause Young (Normal) (G1 Evacuation Pause) 294M->123M(336M) 1.460ms
[463.712s][info][gc] GC(2752) Pause Young (Concurrent Start) (G1 Evacuation Pause) 291M->126M(336M) 1.438ms
[463.712s][info][gc] GC(2753) Concurrent Mark Cycle
[463.717s][info][gc] GC(2753) Pause Remark 131M->69M(228M) 0.429ms
[463.718s][info][gc] GC(2753) Pause Cleanup 71M->71M(228M) 0.094ms
[463.718s][info][gc] GC(2753) Concurrent Mark Cycle 6.155ms
[463.831s][info][gc] GC(2754) Pause Young (Prepare Mixed) (G1 Evacuation Pause) 183M->65M(228M) 1.358ms
[463.965s][info][gc] GC(2755) Pause Young (Mixed) (G1 Evacuation Pause) 189M->46M(228M) 1.294ms
[464.085s][info][gc] GC(2756) Pause Young (Normal) (G1 Evacuation Pause) 174M->46M(228M) 1.078ms
[464.210s][info][gc] GC(2757) Pause Young (Normal) (G1 Evacuation Pause) 174M->48M(228M) 1.001ms
[464.336s][info][gc] GC(2758) Pause Young (Normal) (G1 Evacuation Pause) 172M->49M(228M) 1.215ms
[464.470s][info][gc] GC(2759) Pause Young (Normal) (G1 Evacuation Pause) 173M->50M(228M) 1.317ms
[464.590s][info][gc] GC(2760) Pause Young (Normal) (G1 Evacuation Pause) 174M->51M(228M) 1.359ms
[464.714s][info][gc] GC(2761) Pause Young (Normal) (G1 Evacuation Pause) 175M->52M(228M) 1.392ms
[464.834s][info][gc] GC(2762) Pause Young (Normal) (G1 Evacuation Pause) 172M->53M(276M) 1.529ms
[464.994s][info][gc] GC(2763) Pause Young (Normal) (G1 Evacuation Pause) 205M->54M(276M) 1.290ms
[465.138s][info][gc] GC(2764) Pause Young (Normal) (G1 Evacuation Pause) 202M->55M(276M) 1.450ms
[465.286s][info][gc] GC(2765) Pause Young (Normal) (G1 Evacuation Pause) 203M->56M(276M) 1.886ms
[465.429s][info][gc] GC(2766) Pause Young (Normal) (G1 Evacuation Pause) 204M->58M(276M) 1.387ms
[465.569s][info][gc] GC(2767) Pause Young (Normal) (G1 Evacuation Pause) 206M->58M(276M) 1.508ms
[465.724s][info][gc] GC(2768) Pause Young (Normal) (G1 Evacuation Pause) 206M->60M(276M) 1.466ms
[465.870s][info][gc] GC(2769) Pause Young (Normal) (G1 Evacuation Pause) 208M->61M(276M) 1.492ms
[466.021s][info][gc] GC(2770) Pause Young (Normal) (G1 Evacuation Pause) 209M->62M(276M) 1.428ms
[466.165s][info][gc] GC(2771) Pause Young (Normal) (G1 Evacuation Pause) 210M->65M(276M) 1.471ms
[466.321s][info][gc] GC(2772) Pause Young (Normal) (G1 Evacuation Pause) 213M->65M(276M) 1.536ms
[466.464s][info][gc] GC(2773) Pause Young (Normal) (G1 Evacuation Pause) 213M->66M(276M) 1.369ms
[466.619s][info][gc] GC(2774) Pause Young (Normal) (G1 Evacuation Pause) 214M->68M(276M) 1.539ms
[466.759s][info][gc] GC(2775) Pause Young (Normal) (G1 Evacuation Pause) 216M->69M(276M) 1.514ms
[466.901s][info][gc] GC(2776) Pause Young (Normal) (G1 Evacuation Pause) 217M->70M(276M) 1.540ms
[467.051s][info][gc] GC(2777) Pause Young (Normal) (G1 Evacuation Pause) 218M->71M(276M) 1.446ms
[467.201s][info][gc] GC(2778) Pause Young (Normal) (G1 Evacuation Pause) 219M->73M(276M) 1.530ms
[467.352s][info][gc] GC(2779) Pause Young (Normal) (G1 Evacuation Pause) 221M->73M(276M) 1.498ms
[467.495s][info][gc] GC(2780) Pause Young (Normal) (G1 Evacuation Pause) 221M->75M(276M) 1.357ms
[467.644s][info][gc] GC(2781) Pause Young (Normal) (G1 Evacuation Pause) 223M->76M(276M) 1.354ms
[467.794s][info][gc] GC(2782) Pause Young (Normal) (G1 Evacuation Pause) 224M->78M(276M) 1.398ms
[467.942s][info][gc] GC(2783) Pause Young (Normal) (G1 Evacuation Pause) 226M->79M(276M) 1.750ms
[468.098s][info][gc] GC(2784) Pause Young (Normal) (G1 Evacuation Pause) 227M->79M(332M) 1.538ms
[468.279s][info][gc] GC(2785) Pause Young (Normal) (G1 Evacuation Pause) 259M->82M(332M) 1.469ms
[468.449s][info][gc] GC(2786) Pause Young (Normal) (G1 Evacuation Pause) 262M->83M(332M) 1.514ms
[468.623s][info][gc] GC(2787) Pause Young (Normal) (G1 Evacuation Pause) 263M->85M(332M) 1.526ms
[468.856s][info][gc] GC(2788) Pause Young (Normal) (G1 Evacuation Pause) 261M->91M(332M) 1.881ms
[468.920s][info][gc] GC(2789) Pause Young (Normal) (G1 Evacuation Pause) 263M->95M(332M) 1.902ms
[468.986s][info][gc] GC(2790) Pause Young (Normal) (G1 Evacuation Pause) 271M->94M(332M) 1.672ms
[469.053s][info][gc] GC(2791) Pause Young (Normal) (G1 Evacuation Pause) 274M->97M(332M) 1.663ms
[469.122s][info][gc] GC(2792) Pause Young (Normal) (G1 Evacuation Pause) 273M->98M(332M) 1.729ms
[469.184s][info][gc] GC(2793) Pause Young (Normal) (G1 Evacuation Pause) 278M->99M(400M) 1.747ms
[469.272s][info][gc] GC(2794) Pause Young (Normal) (G1 Evacuation Pause) 323M->101M(400M) 1.968ms
[469.368s][info][gc] GC(2795) Pause Young (Normal) (G1 Evacuation Pause) 321M->103M(400M) 2.049ms
[469.457s][info][gc] GC(2796) Pause Young (Normal) (G1 Evacuation Pause) 327M->105M(400M) 1.741ms
[469.550s][info][gc] GC(2797) Pause Young (Normal) (G1 Evacuation Pause) 325M->106M(480M) 2.177ms
[469.663s][info][gc] GC(2798) Pause Young (Normal) (G1 Evacuation Pause) 374M->109M(480M) 1.864ms
[469.779s][info][gc] GC(2799) Pause Young (Normal) (G1 Evacuation Pause) 373M->113M(480M) 2.497ms
[469.888s][info][gc] GC(2800) Pause Young (Normal) (G1 Evacuation Pause) 377M->113M(480M) 1.880ms
[469.989s][info][gc] GC(2801) Pause Young (Normal) (G1 Evacuation Pause) 377M->116M(576M) 1.925ms
[470.115s][info][gc] GC(2802) Pause Young (Normal) (G1 Evacuation Pause) 436M->119M(576M) 2.342ms
[470.233s][info][gc] GC(2803) Pause Young (Normal) (G1 Evacuation Pause) 435M->121M(576M) 2.629ms
[470.367s][info][gc] GC(2804) Pause Young (Normal) (G1 Evacuation Pause) 437M->124M(576M) 2.568ms
[470.494s][info][gc] GC(2805) Pause Young (Normal) (G1 Evacuation Pause) 440M->126M(576M) 2.455ms
[470.624s][info][gc] GC(2806) Pause Young (Normal) (G1 Evacuation Pause) 442M->129M(576M) 2.243ms
[470.755s][info][gc] GC(2807) Pause Young (Normal) (G1 Evacuation Pause) 445M->132M(576M) 2.710ms
[470.885s][info][gc] GC(2808) Pause Young (Normal) (G1 Evacuation Pause) 448M->134M(576M) 2.541ms
[471.009s][info][gc] GC(2809) Pause Young (Normal) (G1 Evacuation Pause) 450M->137M(576M) 2.633ms
[471.129s][info][gc] GC(2810) Pause Young (Normal) (G1 Evacuation Pause) 453M->140M(576M) 2.210ms
[471.244s][info][gc] GC(2811) Pause Young (Normal) (G1 Evacuation Pause) 456M->141M(576M) 2.156ms
[471.358s][info][gc] GC(2812) Pause Young (Normal) (G1 Evacuation Pause) 457M->146M(576M) 2.283ms
[471.477s][info][gc] GC(2813) Pause Young (Normal) (G1 Evacuation Pause) 462M->148M(692M) 2.229ms
[471.618s][info][gc] GC(2814) Pause Young (Normal) (G1 Evacuation Pause) 532M->151M(692M) 2.466ms
[471.758s][info][gc] GC(2815) Pause Young (Normal) (G1 Evacuation Pause) 531M->154M(692M) 2.359ms
[471.901s][info][gc] GC(2816) Pause Young (Normal) (G1 Evacuation Pause) 534M->158M(692M) 2.426ms
[472.036s][info][gc] GC(2817) Pause Young (Normal) (G1 Evacuation Pause) 538M->161M(692M) 2.399ms
[472.178s][info][gc] GC(2818) Pause Young (Normal) (G1 Evacuation Pause) 541M->164M(692M) 2.474ms
[472.321s][info][gc] GC(2819) Pause Young (Normal) (G1 Evacuation Pause) 544M->167M(692M) 2.585ms
[472.464s][info][gc] GC(2820) Pause Young (Normal) (G1 Evacuation Pause) 543M->170M(692M) 2.727ms
[472.608s][info][gc] GC(2821) Pause Young (Normal) (G1 Evacuation Pause) 550M->173M(692M) 2.599ms
[472.741s][info][gc] GC(2822) Pause Young (Normal) (G1 Evacuation Pause) 553M->177M(692M) 2.455ms
[472.882s][info][gc] GC(2823) Pause Young (Normal) (G1 Evacuation Pause) 557M->180M(692M) 2.642ms
[473.020s][info][gc] GC(2824) Pause Young (Normal) (G1 Evacuation Pause) 560M->182M(692M) 2.657ms
[473.187s][info][gc] GC(2825) Pause Young (Normal) (G1 Evacuation Pause) 562M->187M(692M) 2.626ms
[473.328s][info][gc] GC(2826) Pause Young (Normal) (G1 Evacuation Pause) 567M->190M(692M) 2.875ms
[473.469s][info][gc] GC(2827) Pause Young (Normal) (G1 Evacuation Pause) 570M->193M(692M) 2.400ms
[473.605s][info][gc] GC(2828) Pause Young (Normal) (G1 Evacuation Pause) 573M->196M(692M) 2.433ms
[473.740s][info][gc] GC(2829) Pause Young (Normal) (G1 Evacuation Pause) 576M->198M(692M) 2.337ms
[473.886s][info][gc] GC(2830) Pause Young (Normal) (G1 Evacuation Pause) 578M->202M(692M) 2.430ms
[474.019s][info][gc] GC(2831) Pause Young (Normal) (G1 Evacuation Pause) 582M->205M(692M) 2.548ms
[474.163s][info][gc] GC(2832) Pause Young (Normal) (G1 Evacuation Pause) 585M->208M(692M) 2.458ms
[474.299s][info][gc] GC(2833) Pause Young (Normal) (G1 Evacuation Pause) 588M->211M(692M) 2.545ms
[474.447s][info][gc] GC(2834) Pause Young (Normal) (G1 Evacuation Pause) 591M->214M(692M) 2.499ms
[474.588s][info][gc] GC(2835) Pause Young (Normal) (G1 Evacuation Pause) 594M->217M(692M) 2.354ms
[474.736s][info][gc] GC(2836) Pause Young (Normal) (G1 Evacuation Pause) 597M->220M(692M) 2.323ms
[474.967s][info][gc] GC(2837) Pause Young (Normal) (G1 Evacuation Pause) 600M->226M(692M) 2.516ms
[475.130s][info][gc] GC(2838) Pause Young (Normal) (G1 Evacuation Pause) 606M->230M(692M) 2.734ms
[475.280s][info][gc] GC(2839) Pause Young (Normal) (G1 Evacuation Pause) 610M->233M(692M) 2.548ms
[475.440s][info][gc] GC(2840) Pause Young (Normal) (G1 Evacuation Pause) 613M->236M(692M) 2.650ms
[475.591s][info][gc] GC(2841) Pause Young (Normal) (G1 Evacuation Pause) 612M->238M(692M) 2.489ms
[475.742s][info][gc] GC(2842) Pause Young (Normal) (G1 Evacuation Pause) 610M->241M(692M) 2.585ms
[475.892s][info][gc] GC(2843) Pause Young (Normal) (G1 Evacuation Pause) 613M->244M(692M) 2.725ms
[476.047s][info][gc] GC(2844) Pause Young (Normal) (G1 Evacuation Pause) 612M->247M(692M) 2.609ms
[476.196s][info][gc] GC(2845) Pause Young (Normal) (G1 Evacuation Pause) 615M->251M(692M) 2.282ms
[476.344s][info][gc] GC(2846) Pause Young (Normal) (G1 Evacuation Pause) 611M->253M(692M) 2.308ms
[476.490s][info][gc] GC(2847) Pause Young (Normal) (G1 Evacuation Pause) 613M->258M(692M) 2.303ms
[476.634s][info][gc] GC(2848) Pause Young (Normal) (G1 Evacuation Pause) 610M->259M(692M) 2.462ms
[476.784s][info][gc] GC(2849) Pause Young (Normal) (G1 Evacuation Pause) 619M->263M(692M) 2.548ms
[476.917s][info][gc] GC(2850) Pause Young (Normal) (G1 Evacuation Pause) 607M->266M(692M) 2.428ms
[477.059s][info][gc] GC(2851) Pause Young (Concurrent Start) (G1 Evacuation Pause) 614M->269M(692M) 2.324ms
[477.059s][info][gc] GC(2852) Concurrent Mark Cycle
[477.073s][info][gc] GC(2852) Pause Remark 302M->136M(360M) 0.462ms
[477.078s][info][gc] GC(2852) Pause Cleanup 142M->142M(360M) 0.055ms
[477.079s][info][gc] GC(2852) Concurrent Mark Cycle 19.582ms
[477.139s][info][gc] GC(2853) Pause Young (Prepare Mixed) (G1 Evacuation Pause) 287M->105M(360M) 2.076ms
[477.217s][info][gc] GC(2854) Pause Young (Mixed) (G1 Evacuation Pause) 301M->95M(360M) 1.782ms
[477.302s][info][gc] GC(2855) Pause Young (Normal) (G1 Evacuation Pause) 291M->97M(360M) 1.654ms
[477.378s][info][gc] GC(2856) Pause Young (Normal) (G1 Evacuation Pause) 297M->97M(360M) 1.500ms
[477.460s][info][gc] GC(2857) Pause Young (Normal) (G1 Evacuation Pause) 297M->100M(432M) 1.705ms
[477.559s][info][gc] GC(2858) Pause Young (Normal) (G1 Evacuation Pause) 340M->101M(432M) 1.654ms
[477.656s][info][gc] GC(2859) Pause Young (Normal) (G1 Evacuation Pause) 337M->104M(432M) 1.643ms
[477.753s][info][gc] GC(2860) Pause Young (Normal) (G1 Evacuation Pause) 340M->106M(432M) 1.823ms
[477.849s][info][gc] GC(2861) Pause Young (Normal) (G1 Evacuation Pause) 342M->108M(520M) 1.702ms
[477.968s][info][gc] GC(2862) Pause Young (Normal) (G1 Evacuation Pause) 400M->110M(520M) 1.883ms
[478.089s][info][gc] GC(2863) Pause Young (Normal) (G1 Evacuation Pause) 398M->113M(520M) 1.893ms
[478.208s][info][gc] GC(2864) Pause Young (Normal) (G1 Evacuation Pause) 401M->115M(520M) 1.979ms
[478.323s][info][gc] GC(2865) Pause Young (Normal) (G1 Evacuation Pause) 399M->117M(520M) 2.065ms
[478.439s][info][gc] GC(2866) Pause Young (Normal) (G1 Evacuation Pause) 405M->119M(520M) 1.900ms
[478.559s][info][gc] GC(2867) Pause Young (Normal) (G1 Evacuation Pause) 407M->121M(520M) 2.200ms
[478.675s][info][gc] GC(2868) Pause Young (Normal) (G1 Evacuation Pause) 409M->125M(520M) 2.097ms
[478.793s][info][gc] GC(2869) Pause Young (Normal) (G1 Evacuation Pause) 413M->127M(520M) 1.923ms
[478.912s][info][gc] GC(2870) Pause Young (Normal) (G1 Evacuation Pause) 415M->129M(520M) 2.025ms
[479.027s][info][gc] GC(2871) Pause Young (Normal) (G1 Evacuation Pause) 417M->131M(520M) 1.946ms
[479.143s][info][gc] GC(2872) Pause Young (Normal) (G1 Evacuation Pause) 419M->134M(520M) 1.998ms
[479.261s][info][gc] GC(2873) Pause Young (Normal) (G1 Evacuation Pause) 422M->136M(520M) 1.987ms
[479.382s][info][gc] GC(2874) Pause Young (Normal) (G1 Evacuation Pause) 424M->138M(520M) 2.282ms
[479.503s][info][gc] GC(2875) Pause Young (Normal) (G1 Evacuation Pause) 426M->140M(624M) 2.099ms
[479.650s][info][gc] GC(2876) Pause Young (Normal) (G1 Evacuation Pause) 488M->145M(624M) 2.383ms
[479.794s][info][gc] GC(2877) Pause Young (Normal) (G1 Evacuation Pause) 489M->148M(624M) 2.148ms
[479.941s][info][gc] GC(2878) Pause Young (Normal) (G1 Evacuation Pause) 492M->150M(624M) 2.234ms
[480.085s][info][gc] GC(2879) Pause Young (Normal) (G1 Evacuation Pause) 490M->152M(624M) 2.549ms
[480.303s][info][gc] GC(2880) Pause Young (Normal) (G1 Evacuation Pause) 496M->158M(624M) 2.646ms
[480.448s][info][gc] GC(2881) Pause Young (Normal) (G1 Evacuation Pause) 498M->160M(624M) 2.349ms
[480.593s][info][gc] GC(2882) Pause Young (Normal) (G1 Evacuation Pause) 500M->166M(624M) 2.394ms
[480.726s][info][gc] GC(2883) Pause Young (Normal) (G1 Evacuation Pause) 506M->165M(624M) 2.343ms
[480.867s][info][gc] GC(2884) Pause Young (Normal) (G1 Evacuation Pause) 505M->169M(624M) 2.428ms
[481.008s][info][gc] GC(2885) Pause Young (Normal) (G1 Evacuation Pause) 509M->172M(624M) 2.499ms
[481.143s][info][gc] GC(2886) Pause Young (Normal) (G1 Evacuation Pause) 512M->174M(624M) 2.416ms
[481.280s][info][gc] GC(2887) Pause Young (Normal) (G1 Evacuation Pause) 514M->178M(624M) 2.622ms
[481.419s][info][gc] GC(2888) Pause Young (Normal) (G1 Evacuation Pause) 518M->179M(624M) 2.391ms
[481.559s][info][gc] GC(2889) Pause Young (Normal) (G1 Evacuation Pause) 523M->184M(624M) 2.204ms
[481.695s][info][gc] GC(2890) Pause Young (Normal) (G1 Evacuation Pause) 524M->186M(624M) 2.330ms
[481.839s][info][gc] GC(2891) Pause Young (Normal) (G1 Evacuation Pause) 530M->188M(624M) 2.348ms
[481.988s][info][gc] GC(2892) Pause Young (Normal) (G1 Evacuation Pause) 532M->193M(624M) 2.254ms
[482.125s][info][gc] GC(2893) Pause Young (Normal) (G1 Evacuation Pause) 537M->195M(624M) 2.175ms
[482.266s][info][gc] GC(2894) Pause Young (Normal) (G1 Evacuation Pause) 539M->198M(624M) 2.267ms
[482.407s][info][gc] GC(2895) Pause Young (Normal) (G1 Evacuation Pause) 542M->200M(624M) 2.259ms
[482.548s][info][gc] GC(2896) Pause Young (Normal) (G1 Evacuation Pause) 544M->203M(624M) 2.223ms
[482.691s][info][gc] GC(2897) Pause Young (Normal) (G1 Evacuation Pause) 547M->206M(624M) 2.186ms
[482.828s][info][gc] GC(2898) Pause Young (Normal) (G1 Evacuation Pause) 550M->208M(624M) 2.385ms
[482.973s][info][gc] GC(2899) Pause Young (Normal) (G1 Evacuation Pause) 552M->211M(624M) 2.407ms
[483.115s][info][gc] GC(2900) Pause Young (Normal) (G1 Evacuation Pause) 555M->215M(624M) 2.246ms
[483.253s][info][gc] GC(2901) Pause Young (Normal) (G1 Evacuation Pause) 555M->218M(624M) 2.374ms
[483.389s][info][gc] GC(2902) Pause Young (Normal) (G1 Evacuation Pause) 558M->221M(624M) 2.212ms
[483.520s][info][gc] GC(2903) Pause Young (Normal) (G1 Evacuation Pause) 557M->223M(624M) 2.184ms
[483.657s][info][gc] GC(2904) Pause Young (Normal) (G1 Evacuation Pause) 555M->226M(624M) 2.311ms
[483.790s][info][gc] GC(2905) Pause Young (Normal) (G1 Evacuation Pause) 550M->229M(624M) 2.208ms
[483.923s][info][gc] GC(2906) Pause Young (Normal) (G1 Evacuation Pause) 557M->232M(624M) 2.217ms
[484.061s][info][gc] GC(2907) Pause Young (Normal) (G1 Evacuation Pause) 556M->235M(624M) 2.214ms
[484.190s][info][gc] GC(2908) Pause Young (Normal) (G1 Evacuation Pause) 555M->237M(624M) 2.190ms
[484.323s][info][gc] GC(2909) Pause Young (Normal) (G1 Evacuation Pause) 557M->238M(624M) 2.191ms
[484.450s][info][gc] GC(2910) Pause Young (Concurrent Start) (G1 Evacuation Pause) 554M->243M(624M) 2.161ms
[484.450s][info][gc] GC(2911) Concurrent Mark Cycle
[484.476s][info][gc] GC(2911) Pause Remark 298M->298M(624M) 0.440ms
[484.495s][info][gc] GC(2911) Pause Cleanup 330M->330M(624M) 0.064ms
[484.496s][info][gc] GC(2911) Concurrent Mark Cycle 46.064ms
[484.589s][info][gc] GC(2912) Pause Young (Prepare Mixed) (G1 Evacuation Pause) 555M->243M(624M) 2.099ms
[484.722s][info][gc] GC(2913) Pause Young (Mixed) (G1 Evacuation Pause) 559M->196M(624M) 2.586ms
[484.863s][info][gc] GC(2914) Pause Young (Mixed) (G1 Evacuation Pause) 540M->177M(624M) 2.403ms
[485.000s][info][gc] GC(2915) Pause Young (Normal) (G1 Evacuation Pause) 517M->179M(624M) 2.452ms
[485.147s][info][gc] GC(2916) Pause Young (Normal) (G1 Evacuation Pause) 519M->185M(624M) 2.255ms
[485.285s][info][gc] GC(2917) Pause Young (Normal) (G1 Evacuation Pause) 525M->185M(624M) 2.971ms
[485.420s][info][gc] GC(2918) Pause Young (Normal) (G1 Evacuation Pause) 525M->187M(624M) 2.239ms
[485.690s][info][gc] GC(2919) Pause Young (Normal) (G1 Evacuation Pause) 531M->191M(624M) 2.224ms
[485.914s][info][gc] GC(2920) Pause Young (Normal) (G1 Evacuation Pause) 531M->195M(624M) 2.422ms
[486.147s][info][gc] GC(2921) Pause Young (Normal) (G1 Evacuation Pause) 539M->197M(624M) 2.164ms
[486.378s][info][gc] GC(2922) Pause Young (Normal) (G1 Evacuation Pause) 541M->200M(624M) 2.328ms
[486.599s][info][gc] GC(2923) Pause Young (Normal) (G1 Evacuation Pause) 544M->203M(624M) 2.256ms
[486.825s][info][gc] GC(2924) Pause Young (Normal) (G1 Evacuation Pause) 547M->206M(624M) 2.298ms
[487.055s][info][gc] GC(2925) Pause Young (Normal) (G1 Evacuation Pause) 550M->209M(624M) 2.254ms
[487.280s][info][gc] GC(2926) Pause Young (Normal) (G1 Evacuation Pause) 549M->210M(624M) 2.267ms
[487.507s][info][gc] GC(2927) Pause Young (Normal) (G1 Evacuation Pause) 554M->214M(624M) 2.372ms
[487.727s][info][gc] GC(2928) Pause Young (Normal) (G1 Evacuation Pause) 554M->217M(624M) 2.102ms
[487.945s][info][gc] GC(2929) Pause Young (Normal) (G1 Evacuation Pause) 549M->219M(624M) 2.258ms
[488.171s][info][gc] GC(2930) Pause Young (Normal) (G1 Evacuation Pause) 559M->222M(624M) 2.190ms
[488.390s][info][gc] GC(2931) Pause Young (Normal) (G1 Evacuation Pause) 550M->226M(624M) 2.172ms
[488.605s][info][gc] GC(2932) Pause Young (Normal) (G1 Evacuation Pause) 550M->228M(624M) 2.280ms
[488.825s][info][gc] GC(2933) Pause Young (Normal) (G1 Evacuation Pause) 556M->231M(624M) 2.140ms
[489.170s][info][gc] GC(2934) Pause Young (Normal) (G1 Evacuation Pause) 559M->235M(624M) 2.388ms
[489.389s][info][gc] GC(2935) Pause Young (Normal) (G1 Evacuation Pause) 551M->237M(624M) 2.311ms
[489.605s][info][gc] GC(2936) Pause Young (Normal) (G1 Evacuation Pause) 557M->240M(624M) 2.181ms
[489.814s][info][gc] GC(2937) Pause Young (Concurrent Start) (G1 Evacuation Pause) 556M->243M(624M) 2.104ms
[489.815s][info][gc] GC(2938) Concurrent Mark Cycle
[489.820s][info][gc] GC(2938) Pause Remark 256M->108M(336M) 0.436ms
[489.822s][info][gc] GC(2938) Pause Cleanup 110M->110M(336M) 0.077ms
[489.822s][info][gc] GC(2938) Concurrent Mark Cycle 7.918ms
[489.927s][info][gc] GC(2939) Pause Young (Prepare Mixed) (G1 Evacuation Pause) 267M->96M(336M) 1.932ms
[490.046s][info][gc] GC(2940) Pause Young (Mixed) (G1 Evacuation Pause) 276M->72M(336M) 1.621ms
[490.166s][info][gc] GC(2941) Pause Young (Normal) (G1 Evacuation Pause) 256M->73M(336M) 1.432ms
[490.283s][info][gc] GC(2942) Pause Young (Normal) (G1 Evacuation Pause) 257M->75M(404M) 1.568ms
[490.438s][info][gc] GC(2943) Pause Young (Normal) (G1 Evacuation Pause) 295M->76M(404M) 1.623ms
[490.580s][info][gc] GC(2944) Pause Young (Normal) (G1 Evacuation Pause) 296M->79M(404M) 1.626ms
[490.729s][info][gc] GC(2945) Pause Young (Normal) (G1 Evacuation Pause) 299M->81M(404M) 1.596ms
[490.869s][info][gc] GC(2946) Pause Young (Normal) (G1 Evacuation Pause) 297M->82M(404M) 1.624ms
[491.009s][info][gc] GC(2947) Pause Young (Normal) (G1 Evacuation Pause) 302M->83M(404M) 1.632ms
[491.158s][info][gc] GC(2948) Pause Young (Normal) (G1 Evacuation Pause) 303M->86M(404M) 1.780ms
[491.297s][info][gc] GC(2949) Pause Young (Normal) (G1 Evacuation Pause) 302M->88M(404M) 1.843ms
[491.449s][info][gc] GC(2950) Pause Young (Normal) (G1 Evacuation Pause) 308M->89M(404M) 1.598ms
[491.590s][info][gc] GC(2951) Pause Young (Normal) (G1 Evacuation Pause) 309M->91M(404M) 1.616ms
[491.742s][info][gc] GC(2952) Pause Young (Normal) (G1 Evacuation Pause) 311M->93M(404M) 1.576ms
[491.881s][info][gc] GC(2953) Pause Young (Normal) (G1 Evacuation Pause) 313M->94M(404M) 1.635ms
[492.024s][info][gc] GC(2954) Pause Young (Normal) (G1 Evacuation Pause) 314M->95M(404M) 1.550ms
[492.171s][info][gc] GC(2955) Pause Young (Normal) (G1 Evacuation Pause) 315M->99M(404M) 1.601ms
[492.315s][info][gc] GC(2956) Pause Young (Normal) (G1 Evacuation Pause) 319M->100M(404M) 1.644ms
[492.470s][info][gc] GC(2957) Pause Young (Normal) (G1 Evacuation Pause) 320M->102M(404M) 1.578ms
[492.741s][info][gc] GC(2958) Pause Young (Normal) (G1 Evacuation Pause) 322M->106M(404M) 1.731ms
[492.876s][info][gc] GC(2959) Pause Young (Normal) (G1 Evacuation Pause) 322M->107M(404M) 1.764ms
[493.013s][info][gc] GC(2960) Pause Young (Normal) (G1 Evacuation Pause) 327M->109M(404M) 1.574ms
[493.169s][info][gc] GC(2961) Pause Young (Normal) (G1 Evacuation Pause) 329M->111M(404M) 1.800ms
[493.306s][info][gc] GC(2962) Pause Young (Normal) (G1 Evacuation Pause) 327M->113M(404M) 1.809ms
[493.460s][info][gc] GC(2963) Pause Young (Normal) (G1 Evacuation Pause) 333M->114M(404M) 1.855ms
[493.602s][info][gc] GC(2964) Pause Young (Normal) (G1 Evacuation Pause) 334M->116M(404M) 1.668ms
[493.741s][info][gc] GC(2965) Pause Young (Normal) (G1 Evacuation Pause) 336M->118M(404M) 1.691ms
[493.893s][info][gc] GC(2966) Pause Young (Normal) (G1 Evacuation Pause) 338M->120M(404M) 1.720ms
[494.031s][info][gc] GC(2967) Pause Young (Normal) (G1 Evacuation Pause) 336M->122M(404M) 1.843ms
[494.180s][info][gc] GC(2968) Pause Young (Normal) (G1 Evacuation Pause) 342M->124M(404M) 1.613ms
[494.325s][info][gc] GC(2969) Pause Young (Normal) (G1 Evacuation Pause) 344M->125M(404M) 1.742ms
[494.474s][info][gc] GC(2970) Pause Young (Normal) (G1 Evacuation Pause) 345M->127M(404M) 1.603ms
[494.621s][info][gc] GC(2971) Pause Young (Normal) (G1 Evacuation Pause) 347M->129M(404M) 1.748ms
[494.761s][info][gc] GC(2972) Pause Young (Normal) (G1 Evacuation Pause) 349M->131M(404M) 1.652ms
[494.910s][info][gc] GC(2973) Pause Young (Normal) (G1 Evacuation Pause) 351M->133M(404M) 1.683ms
[495.054s][info][gc] GC(2974) Pause Young (Normal) (G1 Evacuation Pause) 353M->135M(404M) 1.668ms
[495.202s][info][gc] GC(2975) Pause Young (Normal) (G1 Evacuation Pause) 355M->137M(404M) 1.645ms
[495.345s][info][gc] GC(2976) Pause Young (Normal) (G1 Evacuation Pause) 353M->139M(404M) 1.653ms
[495.490s][info][gc] GC(2977) Pause Young (Normal) (G1 Evacuation Pause) 355M->141M(404M) 1.566ms
[495.631s][info][gc] GC(2978) Pause Young (Normal) (G1 Evacuation Pause) 353M->142M(404M) 1.607ms
[495.768s][info][gc] GC(2979) Pause Young (Normal) (G1 Evacuation Pause) 354M->144M(404M) 1.573ms
[495.908s][info][gc] GC(2980) Pause Young (Normal) (G1 Evacuation Pause) 352M->145M(404M) 1.507ms
[496.046s][info][gc] GC(2981) Pause Young (Normal) (G1 Evacuation Pause) 353M->148M(404M) 1.568ms
[496.301s][info][gc] GC(2982) Pause Young (Normal) (G1 Evacuation Pause) 352M->150M(404M) 1.646ms
[496.436s][info][gc] GC(2983) Pause Young (Normal) (G1 Evacuation Pause) 354M->152M(404M) 1.619ms
[496.581s][info][gc] GC(2984) Pause Young (Concurrent Start) (G1 Evacuation Pause) 360M->154M(404M) 1.579ms
[496.581s][info][gc] GC(2985) Concurrent Mark Cycle
[496.586s][info][gc] GC(2985) Pause Remark 162M->84M(268M) 0.444ms
[496.588s][info][gc] GC(2985) Pause Cleanup 87M->87M(268M) 0.061ms
[496.588s][info][gc] GC(2985) Concurrent Mark Cycle 6.752ms
[496.667s][info][gc] GC(2986) Pause Young (Prepare Mixed) (G1 Evacuation Pause) 220M->78M(268M) 1.426ms
[496.767s][info][gc] GC(2987) Pause Young (Mixed) (G1 Evacuation Pause) 226M->56M(268M) 1.530ms
[496.867s][info][gc] GC(2988) Pause Young (Normal) (G1 Evacuation Pause) 204M->57M(268M) 1.251ms
[496.965s][info][gc] GC(2989) Pause Young (Normal) (G1 Evacuation Pause) 201M->59M(324M) 1.444ms
[497.094s][info][gc] GC(2990) Pause Young (Normal) (G1 Evacuation Pause) 239M->60M(324M) 1.252ms
[497.208s][info][gc] GC(2991) Pause Young (Normal) (G1 Evacuation Pause) 236M->61M(324M) 1.307ms
[497.323s][info][gc] GC(2992) Pause Young (Normal) (G1 Evacuation Pause) 237M->63M(324M) 1.377ms
[497.440s][info][gc] GC(2993) Pause Young (Normal) (G1 Evacuation Pause) 239M->65M(324M) 1.330ms
[497.557s][info][gc] GC(2994) Pause Young (Normal) (G1 Evacuation Pause) 241M->66M(392M) 1.385ms
[497.700s][info][gc] GC(2995) Pause Young (Normal) (G1 Evacuation Pause) 282M->67M(392M) 1.472ms
[497.841s][info][gc] GC(2996) Pause Young (Normal) (G1 Evacuation Pause) 283M->69M(392M) 1.456ms
[497.978s][info][gc] GC(2997) Pause Young (Normal) (G1 Evacuation Pause) 281M->71M(392M) 1.534ms
[498.125s][info][gc] GC(2998) Pause Young (Normal) (G1 Evacuation Pause) 283M->75M(392M) 1.633ms
[498.259s][info][gc] GC(2999) Pause Young (Normal) (G1 Evacuation Pause) 283M->75M(392M) 1.767ms
[498.396s][info][gc] GC(3000) Pause Young (Normal) (G1 Evacuation Pause) 287M->76M(392M) 1.582ms
[498.539s][info][gc] GC(3001) Pause Young (Normal) (G1 Evacuation Pause) 288M->79M(392M) 1.577ms
[498.676s][info][gc] GC(3002) Pause Young (Normal) (G1 Evacuation Pause) 291M->80M(392M) 1.644ms
[498.818s][info][gc] GC(3003) Pause Young (Normal) (G1 Evacuation Pause) 292M->81M(392M) 1.573ms
[498.962s][info][gc] GC(3004) Pause Young (Normal) (G1 Evacuation Pause) 293M->84M(392M) 1.582ms
[499.097s][info][gc] GC(3005) Pause Young (Normal) (G1 Evacuation Pause) 296M->85M(392M) 1.552ms
[499.243s][info][gc] GC(3006) Pause Young (Normal) (G1 Evacuation Pause) 297M->88M(392M) 1.570ms
[499.383s][info][gc] GC(3007) Pause Young (Normal) (G1 Evacuation Pause) 300M->89M(392M) 1.789ms
[499.527s][info][gc] GC(3008) Pause Young (Normal) (G1 Evacuation Pause) 301M->91M(392M) 1.560ms
[499.754s][info][gc] GC(3009) Pause Young (Normal) (G1 Evacuation Pause) 303M->90M(392M) 1.449ms
[499.933s][info][gc] GC(3010) Pause Young (Normal) (G1 Evacuation Pause) 302M->95M(392M) 1.758ms
[500.067s][info][gc] GC(3011) Pause Young (Normal) (G1 Evacuation Pause) 303M->97M(392M) 1.842ms
[500.207s][info][gc] GC(3012) Pause Young (Normal) (G1 Evacuation Pause) 309M->97M(392M) 1.524ms
[500.346s][info][gc] GC(3013) Pause Young (Normal) (G1 Evacuation Pause) 309M->101M(392M) 1.644ms
[500.486s][info][gc] GC(3014) Pause Young (Normal) (G1 Evacuation Pause) 313M->101M(392M) 1.733ms
[500.625s][info][gc] GC(3015) Pause Young (Normal) (G1 Evacuation Pause) 313M->104M(392M) 1.679ms
[500.768s][info][gc] GC(3016) Pause Young (Normal) (G1 Evacuation Pause) 316M->105M(392M) 1.618ms
[500.907s][info][gc] GC(3017) Pause Young (Normal) (G1 Evacuation Pause) 317M->108M(392M) 1.699ms
[501.050s][info][gc] GC(3018) Pause Young (Normal) (G1 Evacuation Pause) 320M->110M(392M) 1.782ms
[501.186s][info][gc] GC(3019) Pause Young (Normal) (G1 Evacuation Pause) 322M->111M(392M) 1.740ms
[501.323s][info][gc] GC(3020) Pause Young (Normal) (G1 Evacuation Pause) 323M->114M(392M) 1.606ms
[501.469s][info][gc] GC(3021) Pause Young (Normal) (G1 Evacuation Pause) 326M->115M(392M) 1.588ms
[501.605s][info][gc] GC(3022) Pause Young (Normal) (G1 Evacuation Pause) 327M->116M(392M) 1.535ms
[501.747s][info][gc] GC(3023) Pause Young (Normal) (G1 Evacuation Pause) 328M->118M(392M) 1.605ms
[501.889s][info][gc] GC(3024) Pause Young (Normal) (G1 Evacuation Pause) 330M->121M(392M) 1.647ms
[502.029s][info][gc] GC(3025) Pause Young (Normal) (G1 Evacuation Pause) 333M->122M(392M) 1.564ms
[502.173s][info][gc] GC(3026) Pause Young (Normal) (G1 Evacuation Pause) 334M->123M(392M) 1.549ms
[502.307s][info][gc] GC(3027) Pause Young (Normal) (G1 Evacuation Pause) 335M->126M(392M) 1.538ms
[502.445s][info][gc] GC(3028) Pause Young (Normal) (G1 Evacuation Pause) 338M->127M(392M) 1.597ms
[502.590s][info][gc] GC(3029) Pause Young (Normal) (G1 Evacuation Pause) 339M->129M(392M) 1.577ms
[502.730s][info][gc] GC(3030) Pause Young (Normal) (G1 Evacuation Pause) 341M->131M(392M) 1.572ms
[502.872s][info][gc] GC(3031) Pause Young (Normal) (G1 Evacuation Pause) 343M->134M(392M) 1.594ms
[503.005s][info][gc] GC(3032) Pause Young (Normal) (G1 Evacuation Pause) 342M->134M(392M) 1.657ms
[503.142s][info][gc] GC(3033) Pause Young (Normal) (G1 Evacuation Pause) 342M->136M(392M) 1.570ms
[503.374s][info][gc] GC(3034) Pause Young (Normal) (G1 Evacuation Pause) 340M->139M(392M) 1.677ms
[503.514s][info][gc] GC(3035) Pause Young (Normal) (G1 Evacuation Pause) 339M->141M(392M) 1.648ms
[503.651s][info][gc] GC(3036) Pause Young (Normal) (G1 Evacuation Pause) 345M->143M(392M) 1.705ms
[503.783s][info][gc] GC(3037) Pause Young (Normal) (G1 Evacuation Pause) 347M->144M(392M) 1.853ms
[503.925s][info][gc] GC(3038) Pause Young (Normal) (G1 Evacuation Pause) 348M->145M(392M) 1.700ms
[504.058s][info][gc] GC(3039) Pause Young (Normal) (G1 Evacuation Pause) 341M->147M(392M) 1.623ms
[504.178s][info][gc] GC(3040) Pause Young (Concurrent Start) (G1 Evacuation Pause) 339M->149M(392M) 1.645ms
[504.178s][info][gc] GC(3041) Concurrent Mark Cycle
[504.183s][info][gc] GC(3041) Pause Remark 157M->79M(256M) 0.450ms
[504.185s][info][gc] GC(3041) Pause Cleanup 83M->83M(256M) 0.077ms
[504.186s][info][gc] GC(3041) Concurrent Mark Cycle 7.231ms
[504.271s][info][gc] GC(3042) Pause Young (Prepare Mixed) (G1 Evacuation Pause) 207M->73M(256M) 1.534ms
[504.364s][info][gc] GC(3043) Pause Young (Mixed) (G1 Evacuation Pause) 209M->61M(256M) 1.428ms
[504.458s][info][gc] GC(3044) Pause Young (Normal) (G1 Evacuation Pause) 201M->63M(308M) 1.280ms
[504.573s][info][gc] GC(3045) Pause Young (Normal) (G1 Evacuation Pause) 235M->65M(308M) 1.361ms
[504.684s][info][gc] GC(3046) Pause Young (Normal) (G1 Evacuation Pause) 233M->66M(308M) 1.323ms
[504.795s][info][gc] GC(3047) Pause Young (Normal) (G1 Evacuation Pause) 234M->67M(308M) 1.373ms
[504.906s][info][gc] GC(3048) Pause Young (Normal) (G1 Evacuation Pause) 235M->69M(372M) 1.369ms
[505.045s][info][gc] GC(3049) Pause Young (Normal) (G1 Evacuation Pause) 273M->70M(372M) 1.500ms
[505.181s][info][gc] GC(3050) Pause Young (Normal) (G1 Evacuation Pause) 274M->72M(372M) 1.459ms
[505.310s][info][gc] GC(3051) Pause Young (Normal) (G1 Evacuation Pause) 272M->75M(372M) 1.518ms
[505.440s][info][gc] GC(3052) Pause Young (Normal) (G1 Evacuation Pause) 275M->74M(372M) 1.488ms
[505.577s][info][gc] GC(3053) Pause Young (Normal) (G1 Evacuation Pause) 278M->77M(372M) 1.508ms
[505.710s][info][gc] GC(3054) Pause Young (Normal) (G1 Evacuation Pause) 277M->79M(372M) 1.651ms
[505.841s][info][gc] GC(3055) Pause Young (Normal) (G1 Evacuation Pause) 279M->80M(372M) 1.589ms
[505.981s][info][gc] GC(3056) Pause Young (Normal) (G1 Evacuation Pause) 284M->82M(372M) 1.481ms
[506.115s][info][gc] GC(3057) Pause Young (Normal) (G1 Evacuation Pause) 286M->84M(372M) 1.531ms
[506.245s][info][gc] GC(3058) Pause Young (Normal) (G1 Evacuation Pause) 284M->85M(372M) 1.487ms
[506.388s][info][gc] GC(3059) Pause Young (Normal) (G1 Evacuation Pause) 289M->87M(372M) 1.518ms
[506.521s][info][gc] GC(3060) Pause Young (Normal) (G1 Evacuation Pause) 291M->89M(372M) 1.451ms
[506.652s][info][gc] GC(3061) Pause Young (Normal) (G1 Evacuation Pause) 289M->90M(372M) 1.516ms
[506.910s][info][gc] GC(3062) Pause Young (Normal) (G1 Evacuation Pause) 294M->93M(372M) 1.520ms
[507.038s][info][gc] GC(3063) Pause Young (Normal) (G1 Evacuation Pause) 293M->95M(372M) 1.718ms
[507.178s][info][gc] GC(3064) Pause Young (Normal) (G1 Evacuation Pause) 295M->96M(372M) 1.575ms
[507.311s][info][gc] GC(3065) Pause Young (Normal) (G1 Evacuation Pause) 296M->97M(372M) 1.616ms
[507.438s][info][gc] GC(3066) Pause Young (Normal) (G1 Evacuation Pause) 297M->99M(372M) 1.580ms
[507.578s][info][gc] GC(3067) Pause Young (Normal) (G1 Evacuation Pause) 299M->101M(372M) 1.590ms
[507.705s][info][gc] GC(3068) Pause Young (Normal) (G1 Evacuation Pause) 301M->104M(372M) 1.640ms
[507.838s][info][gc] GC(3069) Pause Young (Normal) (G1 Evacuation Pause) 304M->104M(372M) 1.657ms
[507.966s][info][gc] GC(3070) Pause Young (Normal) (G1 Evacuation Pause) 304M->106M(372M) 1.686ms
[508.107s][info][gc] GC(3071) Pause Young (Normal) (G1 Evacuation Pause) 310M->109M(372M) 1.566ms
[508.236s][info][gc] GC(3072) Pause Young (Normal) (G1 Evacuation Pause) 309M->110M(372M) 1.630ms
[508.370s][info][gc] GC(3073) Pause Young (Normal) (G1 Evacuation Pause) 310M->111M(372M) 1.473ms
[508.509s][info][gc] GC(3074) Pause Young (Normal) (G1 Evacuation Pause) 315M->113M(372M) 1.548ms
[508.635s][info][gc] GC(3075) Pause Young (Normal) (G1 Evacuation Pause) 317M->115M(372M) 1.495ms
[508.766s][info][gc] GC(3076) Pause Young (Normal) (G1 Evacuation Pause) 315M->116M(372M) 1.479ms
[508.894s][info][gc] GC(3077) Pause Young (Normal) (G1 Evacuation Pause) 320M->118M(372M) 1.573ms
[509.036s][info][gc] GC(3078) Pause Young (Normal) (G1 Evacuation Pause) 322M->120M(372M) 1.569ms
[509.164s][info][gc] GC(3079) Pause Young (Normal) (G1 Evacuation Pause) 320M->122M(372M) 1.599ms
[509.295s][info][gc] GC(3080) Pause Young (Normal) (G1 Evacuation Pause) 322M->124M(372M) 1.671ms
[509.436s][info][gc] GC(3081) Pause Young (Normal) (G1 Evacuation Pause) 324M->125M(372M) 1.528ms
[509.560s][info][gc] GC(3082) Pause Young (Normal) (G1 Evacuation Pause) 321M->126M(372M) 1.468ms
[509.696s][info][gc] GC(3083) Pause Young (Normal) (G1 Evacuation Pause) 330M->128M(372M) 1.498ms
[509.829s][info][gc] GC(3084) Pause Young (Normal) (G1 Evacuation Pause) 328M->130M(372M) 1.471ms
[509.963s][info][gc] GC(3085) Pause Young (Normal) (G1 Evacuation Pause) 330M->131M(372M) 1.531ms
[510.089s][info][gc] GC(3086) Pause Young (Normal) (G1 Evacuation Pause) 323M->133M(372M) 1.578ms
[510.217s][info][gc] GC(3087) Pause Young (Normal) (G1 Evacuation Pause) 329M->135M(372M) 1.500ms
[510.456s][info][gc] GC(3088) Pause Young (Normal) (G1 Evacuation Pause) 323M->137M(372M) 1.649ms
[510.574s][info][gc] GC(3089) Pause Young (Normal) (G1 Evacuation Pause) 321M->137M(372M) 1.436ms
[510.706s][info][gc] GC(3090) Pause Young (Normal) (G1 Evacuation Pause) 329M->140M(372M) 1.488ms
[510.829s][info][gc] GC(3091) Pause Young (Normal) (G1 Evacuation Pause) 324M->143M(372M) 1.632ms
[510.946s][info][gc] GC(3092) Pause Young (Normal) (G1 Evacuation Pause) 323M->143M(372M) 1.569ms
[511.069s][info][gc] GC(3093) Pause Young (Normal) (G1 Evacuation Pause) 331M->145M(372M) 1.551ms
[511.199s][info][gc] GC(3094) Pause Young (Concurrent Start) (G1 Evacuation Pause) 329M->146M(372M) 1.585ms
[511.199s][info][gc] GC(3095) Concurrent Mark Cycle
[511.204s][info][gc] GC(3095) Pause Remark 157M->81M(240M) 0.427ms
[511.206s][info][gc] GC(3095) Pause Cleanup 84M->84M(240M) 0.027ms
[511.206s][info][gc] GC(3095) Concurrent Mark Cycle 6.846ms
[511.276s][info][gc] GC(3096) Pause Young (Prepare Mixed) (G1 Evacuation Pause) 198M->72M(240M) 1.527ms
[511.368s][info][gc] GC(3097) Pause Young (Mixed) (G1 Evacuation Pause) 204M->58M(288M) 1.439ms
[511.473s][info][gc] GC(3098) Pause Young (Normal) (G1 Evacuation Pause) 218M->60M(288M) 1.221ms
[511.574s][info][gc] GC(3099) Pause Young (Normal) (G1 Evacuation Pause) 216M->61M(288M) 1.286ms
[511.676s][info][gc] GC(3100) Pause Young (Normal) (G1 Evacuation Pause) 217M->62M(288M) 1.302ms
[511.781s][info][gc] GC(3101) Pause Young (Normal) (G1 Evacuation Pause) 218M->63M(348M) 1.334ms
[511.919s][info][gc] GC(3102) Pause Young (Normal) (G1 Evacuation Pause) 255M->65M(348M) 1.287ms
[512.040s][info][gc] GC(3103) Pause Young (Normal) (G1 Evacuation Pause) 257M->67M(348M) 1.455ms
[512.166s][info][gc] GC(3104) Pause Young (Normal) (G1 Evacuation Pause) 255M->68M(348M) 1.480ms
[512.290s][info][gc] GC(3105) Pause Young (Normal) (G1 Evacuation Pause) 260M->69M(348M) 1.543ms
[512.425s][info][gc] GC(3106) Pause Young (Normal) (G1 Evacuation Pause) 261M->71M(348M) 1.457ms
[512.546s][info][gc] GC(3107) Pause Young (Normal) (G1 Evacuation Pause) 259M->73M(348M) 1.552ms
[512.672s][info][gc] GC(3108) Pause Young (Normal) (G1 Evacuation Pause) 261M->74M(420M) 1.498ms
[512.818s][info][gc] GC(3109) Pause Young (Normal) (G1 Evacuation Pause) 306M->74M(420M) 1.524ms
[512.980s][info][gc] GC(3110) Pause Young (Normal) (G1 Evacuation Pause) 306M->79M(420M) 1.513ms
[513.126s][info][gc] GC(3111) Pause Young (Normal) (G1 Evacuation Pause) 307M->80M(420M) 1.611ms
[513.283s][info][gc] GC(3112) Pause Young (Normal) (G1 Evacuation Pause) 312M->82M(420M) 1.777ms
[513.432s][info][gc] GC(3113) Pause Young (Normal) (G1 Evacuation Pause) 314M->83M(420M) 1.576ms
[513.586s][info][gc] GC(3114) Pause Young (Normal) (G1 Evacuation Pause) 315M->85M(420M) 1.588ms
[513.742s][info][gc] GC(3115) Pause Young (Normal) (G1 Evacuation Pause) 317M->86M(420M) 1.569ms
[513.966s][info][gc] GC(3116) Pause Young (Normal) (G1 Evacuation Pause) 318M->97M(420M) 2.245ms
[514.028s][info][gc] GC(3117) Pause Young (Normal) (G1 Evacuation Pause) 317M->98M(420M) 2.423ms
[514.109s][info][gc] GC(3118) Pause Young (Normal) (G1 Evacuation Pause) 330M->100M(420M) 1.962ms
[514.181s][info][gc] GC(3119) Pause Young (Normal) (G1 Evacuation Pause) 332M->101M(420M) 1.980ms
[514.255s][info][gc] GC(3120) Pause Young (Normal) (G1 Evacuation Pause) 333M->105M(420M) 1.913ms
[514.331s][info][gc] GC(3121) Pause Young (Normal) (G1 Evacuation Pause) 333M->105M(504M) 2.064ms
[514.423s][info][gc] GC(3122) Pause Young (Normal) (G1 Evacuation Pause) 389M->108M(504M) 1.977ms
[514.520s][info][gc] GC(3123) Pause Young (Normal) (G1 Evacuation Pause) 388M->110M(504M) 2.238ms
[514.614s][info][gc] GC(3124) Pause Young (Normal) (G1 Evacuation Pause) 386M->111M(504M) 1.938ms
[514.707s][info][gc] GC(3125) Pause Young (Normal) (G1 Evacuation Pause) 387M->115M(608M) 2.211ms
[514.821s][info][gc] GC(3126) Pause Young (Normal) (G1 Evacuation Pause) 451M->117M(608M) 2.771ms
[514.935s][info][gc] GC(3127) Pause Young (Normal) (G1 Evacuation Pause) 453M->122M(608M) 2.457ms
[515.044s][info][gc] GC(3128) Pause Young (Normal) (G1 Evacuation Pause) 454M->123M(608M) 2.351ms
[515.146s][info][gc] GC(3129) Pause Young (Normal) (G1 Evacuation Pause) 459M->128M(732M) 2.393ms
[515.276s][info][gc] GC(3130) Pause Young (Normal) (G1 Evacuation Pause) 532M->127M(732M) 2.532ms
[515.401s][info][gc] GC(3131) Pause Young (Normal) (G1 Evacuation Pause) 531M->131M(732M) 2.562ms
[515.527s][info][gc] GC(3132) Pause Young (Normal) (G1 Evacuation Pause) 535M->136M(732M) 2.927ms
[515.655s][info][gc] GC(3133) Pause Young (Normal) (G1 Evacuation Pause) 536M->140M(732M) 2.711ms
[515.777s][info][gc] GC(3134) Pause Young (Normal) (G1 Evacuation Pause) 540M->143M(732M) 2.787ms
[515.905s][info][gc] GC(3135) Pause Young (Normal) (G1 Evacuation Pause) 547M->148M(732M) 2.613ms
[516.030s][info][gc] GC(3136) Pause Young (Normal) (G1 Evacuation Pause) 548M->151M(732M) 2.552ms
[516.153s][info][gc] GC(3137) Pause Young (Normal) (G1 Evacuation Pause) 551M->154M(732M) 2.617ms
[516.281s][info][gc] GC(3138) Pause Young (Normal) (G1 Evacuation Pause) 554M->156M(732M) 2.909ms
[516.409s][info][gc] GC(3139) Pause Young (Normal) (G1 Evacuation Pause) 556M->160M(732M) 2.691ms
[516.532s][info][gc] GC(3140) Pause Young (Normal) (G1 Evacuation Pause) 560M->163M(732M) 2.728ms
[516.657s][info][gc] GC(3141) Pause Young (Normal) (G1 Evacuation Pause) 563M->167M(732M) 2.666ms
[516.780s][info][gc] GC(3142) Pause Young (Normal) (G1 Evacuation Pause) 567M->168M(732M) 2.515ms
[516.907s][info][gc] GC(3143) Pause Young (Normal) (G1 Evacuation Pause) 572M->174M(732M) 3.033ms
[517.035s][info][gc] GC(3144) Pause Young (Normal) (G1 Evacuation Pause) 574M->177M(732M) 2.516ms
[517.160s][info][gc] GC(3145) Pause Young (Normal) (G1 Evacuation Pause) 577M->179M(732M) 2.584ms
[517.282s][info][gc] GC(3146) Pause Young (Normal) (G1 Evacuation Pause) 579M->184M(732M) 2.563ms
[517.405s][info][gc] GC(3147) Pause Young (Normal) (G1 Evacuation Pause) 584M->188M(732M) 2.626ms
[517.529s][info][gc] GC(3148) Pause Young (Normal) (G1 Evacuation Pause) 588M->192M(732M) 2.721ms
[517.657s][info][gc] GC(3149) Pause Young (Normal) (G1 Evacuation Pause) 592M->196M(732M) 2.626ms
[517.781s][info][gc] GC(3150) Pause Young (Normal) (G1 Evacuation Pause) 596M->198M(732M) 2.813ms
[517.907s][info][gc] GC(3151) Pause Young (Normal) (G1 Evacuation Pause) 598M->200M(732M) 2.822ms
[518.037s][info][gc] GC(3152) Pause Young (Normal) (G1 Evacuation Pause) 604M->206M(732M) 2.642ms
[518.163s][info][gc] GC(3153) Pause Young (Normal) (G1 Evacuation Pause) 606M->206M(732M) 2.601ms
[518.287s][info][gc] GC(3154) Pause Young (Normal) (G1 Evacuation Pause) 610M->212M(732M) 2.557ms
[518.412s][info][gc] GC(3155) Pause Young (Normal) (G1 Evacuation Pause) 612M->217M(732M) 2.608ms
[518.534s][info][gc] GC(3156) Pause Young (Normal) (G1 Evacuation Pause) 617M->220M(732M) 2.653ms
[518.655s][info][gc] GC(3157) Pause Young (Normal) (G1 Evacuation Pause) 620M->223M(732M) 2.594ms
[518.781s][info][gc] GC(3158) Pause Young (Normal) (G1 Evacuation Pause) 623M->227M(732M) 2.761ms
[518.905s][info][gc] GC(3159) Pause Young (Normal) (G1 Evacuation Pause) 627M->229M(732M) 2.589ms
[519.033s][info][gc] GC(3160) Pause Young (Normal) (G1 Evacuation Pause) 629M->233M(732M) 2.639ms
[519.154s][info][gc] GC(3161) Pause Young (Normal) (G1 Evacuation Pause) 633M->235M(732M) 2.526ms
[519.285s][info][gc] GC(3162) Pause Young (Normal) (G1 Evacuation Pause) 635M->240M(732M) 2.643ms
[519.414s][info][gc] GC(3163) Pause Young (Normal) (G1 Evacuation Pause) 640M->242M(732M) 2.833ms
[519.540s][info][gc] GC(3164) Pause Young (Normal) (G1 Evacuation Pause) 642M->243M(732M) 2.789ms
[519.669s][info][gc] GC(3165) Pause Young (Normal) (G1 Evacuation Pause) 647M->250M(732M) 2.760ms
[519.797s][info][gc] GC(3166) Pause Young (Normal) (G1 Evacuation Pause) 650M->254M(732M) 2.727ms
[519.925s][info][gc] GC(3167) Pause Young (Normal) (G1 Evacuation Pause) 650M->256M(732M) 2.547ms
[520.052s][info][gc] GC(3168) Pause Young (Normal) (G1 Evacuation Pause) 652M->258M(732M) 2.679ms
[520.174s][info][gc] GC(3169) Pause Young (Normal) (G1 Evacuation Pause) 650M->261M(732M) 2.557ms
[520.301s][info][gc] GC(3170) Pause Young (Normal) (G1 Evacuation Pause) 657M->267M(732M) 2.885ms
[520.430s][info][gc] GC(3171) Pause Young (Normal) (G1 Evacuation Pause) 651M->266M(732M) 2.259ms
[520.634s][info][gc] GC(3172) Pause Young (Normal) (G1 Evacuation Pause) 654M->274M(732M) 2.692ms
[520.773s][info][gc] GC(3173) Pause Young (Normal) (G1 Evacuation Pause) 646M->277M(732M) 2.963ms
[520.915s][info][gc] GC(3174) Pause Young (Normal) (G1 Evacuation Pause) 657M->281M(732M) 2.628ms
[521.052s][info][gc] GC(3175) Pause Young (Concurrent Start) (G1 Evacuation Pause) 657M->284M(732M) 2.938ms
[521.053s][info][gc] GC(3176) Concurrent Mark Cycle
[521.061s][info][gc] GC(3176) Pause Remark 309M->122M(336M) 0.489ms
[521.065s][info][gc] GC(3176) Pause Cleanup 129M->129M(336M) 0.052ms
[521.065s][info][gc] GC(3176) Concurrent Mark Cycle 12.593ms
[521.120s][info][gc] GC(3177) Pause Young (Prepare Mixed) (G1 Evacuation Pause) 265M->99M(336M) 2.603ms
[521.199s][info][gc] GC(3178) Pause Young (Mixed) (G1 Evacuation Pause) 279M->82M(336M) 1.783ms
[521.265s][info][gc] GC(3179) Pause Young (Normal) (G1 Evacuation Pause) 266M->83M(336M) 1.479ms
[521.333s][info][gc] GC(3180) Pause Young (Normal) (G1 Evacuation Pause) 267M->85M(404M) 1.574ms
[521.415s][info][gc] GC(3181) Pause Young (Normal) (G1 Evacuation Pause) 305M->86M(404M) 1.573ms
[521.496s][info][gc] GC(3182) Pause Young (Normal) (G1 Evacuation Pause) 306M->88M(404M) 1.769ms
[521.575s][info][gc] GC(3183) Pause Young (Normal) (G1 Evacuation Pause) 308M->89M(404M) 1.639ms
[521.657s][info][gc] GC(3184) Pause Young (Normal) (G1 Evacuation Pause) 309M->91M(488M) 1.840ms
[521.760s][info][gc] GC(3185) Pause Young (Normal) (G1 Evacuation Pause) 363M->93M(488M) 1.748ms
[521.858s][info][gc] GC(3186) Pause Young (Normal) (G1 Evacuation Pause) 365M->96M(488M) 1.831ms
[521.959s][info][gc] GC(3187) Pause Young (Normal) (G1 Evacuation Pause) 364M->98M(488M) 1.992ms
[522.057s][info][gc] GC(3188) Pause Young (Normal) (G1 Evacuation Pause) 366M->100M(588M) 1.975ms
[522.174s][info][gc] GC(3189) Pause Young (Normal) (G1 Evacuation Pause) 424M->102M(588M) 2.004ms
[522.301s][info][gc] GC(3190) Pause Young (Normal) (G1 Evacuation Pause) 426M->103M(588M) 2.057ms
[522.423s][info][gc] GC(3191) Pause Young (Normal) (G1 Evacuation Pause) 427M->108M(588M) 2.169ms
[522.546s][info][gc] GC(3192) Pause Young (Normal) (G1 Evacuation Pause) 432M->109M(588M) 2.180ms
[522.664s][info][gc] GC(3193) Pause Young (Normal) (G1 Evacuation Pause) 433M->114M(588M) 2.205ms
[522.784s][info][gc] GC(3194) Pause Young (Normal) (G1 Evacuation Pause) 438M->116M(588M) 2.255ms
[522.901s][info][gc] GC(3195) Pause Young (Normal) (G1 Evacuation Pause) 440M->119M(588M) 2.188ms
[523.014s][info][gc] GC(3196) Pause Young (Normal) (G1 Evacuation Pause) 443M->121M(588M) 2.116ms
[523.136s][info][gc] GC(3197) Pause Young (Normal) (G1 Evacuation Pause) 445M->125M(588M) 2.172ms
[523.257s][info][gc] GC(3198) Pause Young (Normal) (G1 Evacuation Pause) 449M->125M(588M) 2.055ms
[523.384s][info][gc] GC(3199) Pause Young (Normal) (G1 Evacuation Pause) 453M->130M(588M) 2.159ms
[523.502s][info][gc] GC(3200) Pause Young (Normal) (G1 Evacuation Pause) 454M->134M(588M) 2.289ms
[523.622s][info][gc] GC(3201) Pause Young (Normal) (G1 Evacuation Pause) 458M->137M(588M) 2.186ms
[523.738s][info][gc] GC(3202) Pause Young (Normal) (G1 Evacuation Pause) 461M->139M(588M) 2.237ms
[523.859s][info][gc] GC(3203) Pause Young (Normal) (G1 Evacuation Pause) 463M->143M(588M) 2.268ms
[523.978s][info][gc] GC(3204) Pause Young (Normal) (G1 Evacuation Pause) 463M->145M(588M) 2.200ms
[524.097s][info][gc] GC(3205) Pause Young (Normal) (G1 Evacuation Pause) 469M->147M(588M) 2.148ms
[524.213s][info][gc] GC(3206) Pause Young (Normal) (G1 Evacuation Pause) 471M->149M(588M) 2.171ms
[524.336s][info][gc] GC(3207) Pause Young (Normal) (G1 Evacuation Pause) 473M->153M(588M) 2.251ms
[524.455s][info][gc] GC(3208) Pause Young (Normal) (G1 Evacuation Pause) 477M->157M(588M) 2.249ms
[524.580s][info][gc] GC(3209) Pause Young (Normal) (G1 Evacuation Pause) 481M->160M(588M) 2.318ms
[524.694s][info][gc] GC(3210) Pause Young (Normal) (G1 Evacuation Pause) 480M->161M(588M) 2.180ms
[524.819s][info][gc] GC(3211) Pause Young (Normal) (G1 Evacuation Pause) 489M->163M(588M) 2.131ms
[524.939s][info][gc] GC(3212) Pause Young (Normal) (G1 Evacuation Pause) 487M->166M(588M) 2.223ms
[525.062s][info][gc] GC(3213) Pause Young (Normal) (G1 Evacuation Pause) 490M->169M(588M) 2.627ms
[525.185s][info][gc] GC(3214) Pause Young (Normal) (G1 Evacuation Pause) 493M->171M(588M) 2.279ms
[525.304s][info][gc] GC(3215) Pause Young (Normal) (G1 Evacuation Pause) 495M->174M(588M) 2.377ms
[525.426s][info][gc] GC(3216) Pause Young (Normal) (G1 Evacuation Pause) 498M->177M(588M) 2.333ms
[525.545s][info][gc] GC(3217) Pause Young (Normal) (G1 Evacuation Pause) 501M->180M(588M) 2.338ms
[525.667s][info][gc] GC(3218) Pause Young (Normal) (G1 Evacuation Pause) 504M->181M(588M) 2.233ms
[525.788s][info][gc] GC(3219) Pause Young (Normal) (G1 Evacuation Pause) 505M->183M(588M) 2.144ms
[525.904s][info][gc] GC(3220) Pause Young (Normal) (G1 Evacuation Pause) 507M->187M(588M) 2.102ms
[526.024s][info][gc] GC(3221) Pause Young (Normal) (G1 Evacuation Pause) 511M->189M(588M) 2.131ms
[526.145s][info][gc] GC(3222) Pause Young (Normal) (G1 Evacuation Pause) 513M->193M(588M) 2.157ms
[526.290s][info][gc] GC(3223) Pause Young (Normal) (G1 Evacuation Pause) 517M->193M(588M) 2.028ms
[526.566s][info][gc] GC(3224) Pause Young (Normal) (G1 Evacuation Pause) 521M->196M(588M) 1.817ms
[526.889s][info][gc] GC(3225) Pause Young (Normal) (G1 Evacuation Pause) 524M->199M(588M) 2.005ms
[527.195s][info][gc] GC(3226) Pause Young (Normal) (G1 Evacuation Pause) 523M->201M(588M) 2.079ms
[527.501s][info][gc] GC(3227) Pause Young (Normal) (G1 Evacuation Pause) 521M->204M(588M) 2.173ms
[527.810s][info][gc] GC(3228) Pause Young (Normal) (G1 Evacuation Pause) 524M->206M(588M) 2.115ms
[528.122s][info][gc] GC(3229) Pause Young (Normal) (G1 Evacuation Pause) 522M->210M(588M) 2.089ms
[528.423s][info][gc] GC(3230) Pause Young (Normal) (G1 Evacuation Pause) 522M->211M(588M) 2.040ms
[528.725s][info][gc] GC(3231) Pause Young (Normal) (G1 Evacuation Pause) 523M->215M(588M) 1.962ms
[529.026s][info][gc] GC(3232) Pause Young (Normal) (G1 Evacuation Pause) 523M->216M(588M) 1.960ms
[529.316s][info][gc] GC(3233) Pause Young (Normal) (G1 Evacuation Pause) 520M->219M(588M) 1.944ms
[529.611s][info][gc] GC(3234) Pause Young (Concurrent Start) (G1 Evacuation Pause) 519M->222M(588M) 1.969ms
[529.611s][info][gc] GC(3235) Concurrent Mark Cycle
[529.627s][info][gc] GC(3235) Pause Remark 244M->238M(588M) 0.516ms
[529.636s][info][gc] GC(3235) Pause Cleanup 242M->242M(588M) 0.095ms
[529.636s][info][gc] GC(3235) Concurrent Mark Cycle 24.678ms
[529.906s][info][gc] GC(3236) Pause Young (Prepare Mixed) (G1 Evacuation Pause) 516M->218M(588M) 1.982ms
[530.202s][info][gc] GC(3237) Pause Young (Mixed) (G1 Evacuation Pause) 522M->175M(588M) 2.609ms
[530.515s][info][gc] GC(3238) Pause Young (Mixed) (G1 Evacuation Pause) 499M->139M(588M) 2.857ms
[530.822s][info][gc] GC(3239) Pause Young (Normal) (G1 Evacuation Pause) 463M->141M(588M) 1.952ms
[531.139s][info][gc] GC(3240) Pause Young (Normal) (G1 Evacuation Pause) 465M->146M(588M) 1.987ms
[531.404s][info][gc] GC(3241) Pause Young (Normal) (G1 Evacuation Pause) 470M->150M(588M) 2.140ms
[531.575s][info][gc] GC(3242) Pause Young (Normal) (G1 Evacuation Pause) 474M->153M(588M) 2.279ms
[531.739s][info][gc] GC(3243) Pause Young (Normal) (G1 Evacuation Pause) 477M->156M(588M) 2.223ms
[531.898s][info][gc] GC(3244) Pause Young (Normal) (G1 Evacuation Pause) 480M->158M(588M) 2.240ms
[532.062s][info][gc] GC(3245) Pause Young (Normal) (G1 Evacuation Pause) 482M->162M(588M) 2.273ms
[532.218s][info][gc] GC(3246) Pause Young (Normal) (G1 Evacuation Pause) 482M->163M(588M) 2.244ms
[532.383s][info][gc] GC(3247) Pause Young (Normal) (G1 Evacuation Pause) 487M->166M(588M) 2.211ms
[532.545s][info][gc] GC(3248) Pause Young (Normal) (G1 Evacuation Pause) 490M->167M(588M) 2.204ms
[532.709s][info][gc] GC(3249) Pause Young (Normal) (G1 Evacuation Pause) 491M->172M(588M) 2.216ms
[532.872s][info][gc] GC(3250) Pause Young (Normal) (G1 Evacuation Pause) 496M->174M(588M) 2.412ms
[533.032s][info][gc] GC(3251) Pause Young (Normal) (G1 Evacuation Pause) 498M->178M(588M) 2.150ms
[533.196s][info][gc] GC(3252) Pause Young (Normal) (G1 Evacuation Pause) 502M->179M(588M) 2.225ms
[533.361s][info][gc] GC(3253) Pause Young (Normal) (G1 Evacuation Pause) 503M->181M(588M) 2.141ms
[533.528s][info][gc] GC(3254) Pause Young (Normal) (G1 Evacuation Pause) 505M->186M(588M) 2.112ms
[533.687s][info][gc] GC(3255) Pause Young (Normal) (G1 Evacuation Pause) 510M->187M(588M) 2.002ms
[533.850s][info][gc] GC(3256) Pause Young (Normal) (G1 Evacuation Pause) 511M->190M(588M) 2.040ms
[534.095s][info][gc] GC(3257) Pause Young (Normal) (G1 Evacuation Pause) 514M->194M(588M) 2.331ms
[534.252s][info][gc] GC(3258) Pause Young (Normal) (G1 Evacuation Pause) 518M->197M(588M) 2.363ms
[534.420s][info][gc] GC(3259) Pause Young (Normal) (G1 Evacuation Pause) 521M->199M(588M) 2.238ms
[534.577s][info][gc] GC(3260) Pause Young (Normal) (G1 Evacuation Pause) 523M->201M(588M) 2.202ms
[534.742s][info][gc] GC(3261) Pause Young (Normal) (G1 Evacuation Pause) 521M->204M(588M) 2.182ms
[534.897s][info][gc] GC(3262) Pause Young (Normal) (G1 Evacuation Pause) 524M->207M(588M) 2.143ms
[535.064s][info][gc] GC(3263) Pause Young (Normal) (G1 Evacuation Pause) 523M->212M(588M) 2.226ms
[535.212s][info][gc] GC(3264) Pause Young (Normal) (G1 Evacuation Pause) 524M->211M(588M) 2.201ms
[535.370s][info][gc] GC(3265) Pause Young (Normal) (G1 Evacuation Pause) 523M->216M(588M) 2.188ms
[535.521s][info][gc] GC(3266) Pause Young (Normal) (G1 Evacuation Pause) 524M->216M(588M) 1.939ms
[535.677s][info][gc] GC(3267) Pause Young (Normal) (G1 Evacuation Pause) 528M->220M(588M) 2.015ms
[535.826s][info][gc] GC(3268) Pause Young (Normal) (G1 Evacuation Pause) 524M->222M(588M) 2.091ms
[535.986s][info][gc] GC(3269) Pause Young (Normal) (G1 Evacuation Pause) 522M->225M(588M) 2.301ms
[536.133s][info][gc] GC(3270) Pause Young (Normal) (G1 Evacuation Pause) 525M->228M(588M) 2.248ms
[536.292s][info][gc] GC(3271) Pause Young (Concurrent Start) (G1 Evacuation Pause) 528M->231M(588M) 2.178ms
[536.292s][info][gc] GC(3272) Concurrent Mark Cycle
[536.302s][info][gc] GC(3272) Pause Remark 258M->150M(428M) 0.390ms
[536.306s][info][gc] GC(3272) Pause Cleanup 157M->157M(428M) 0.042ms
[536.306s][info][gc] GC(3272) Concurrent Mark Cycle 14.330ms
[536.406s][info][gc] GC(3273) Pause Young (Prepare Mixed) (G1 Evacuation Pause) 351M->125M(428M) 2.028ms
[536.522s][info][gc] GC(3274) Pause Young (Mixed) (G1 Evacuation Pause) 361M->96M(428M) 1.825ms
[536.711s][info][gc] GC(3275) Pause Young (Normal) (G1 Evacuation Pause) 332M->99M(428M) 1.649ms
[536.826s][info][gc] GC(3276) Pause Young (Normal) (G1 Evacuation Pause) 335M->101M(428M) 1.756ms
[536.940s][info][gc] GC(3277) Pause Young (Normal) (G1 Evacuation Pause) 337M->103M(428M) 1.621ms
[537.064s][info][gc] GC(3278) Pause Young (Normal) (G1 Evacuation Pause) 339M->105M(428M) 1.735ms
[537.181s][info][gc] GC(3279) Pause Young (Normal) (G1 Evacuation Pause) 341M->107M(428M) 1.829ms
[537.295s][info][gc] GC(3280) Pause Young (Normal) (G1 Evacuation Pause) 343M->108M(516M) 1.736ms
[537.439s][info][gc] GC(3281) Pause Young (Normal) (G1 Evacuation Pause) 396M->111M(516M) 1.861ms
[537.582s][info][gc] GC(3282) Pause Young (Normal) (G1 Evacuation Pause) 395M->113M(516M) 1.927ms
[537.724s][info][gc] GC(3283) Pause Young (Normal) (G1 Evacuation Pause) 397M->117M(516M) 2.055ms
[537.864s][info][gc] GC(3284) Pause Young (Normal) (G1 Evacuation Pause) 401M->118M(516M) 2.050ms
[538.019s][info][gc] GC(3285) Pause Young (Normal) (G1 Evacuation Pause) 402M->121M(516M) 2.075ms
[538.160s][info][gc] GC(3286) Pause Young (Normal) (G1 Evacuation Pause) 405M->123M(516M) 2.105ms
[538.306s][info][gc] GC(3287) Pause Young (Normal) (G1 Evacuation Pause) 407M->126M(516M) 1.926ms
[538.449s][info][gc] GC(3288) Pause Young (Normal) (G1 Evacuation Pause) 410M->129M(516M) 1.964ms
[538.585s][info][gc] GC(3289) Pause Young (Normal) (G1 Evacuation Pause) 409M->130M(516M) 2.021ms
[538.734s][info][gc] GC(3290) Pause Young (Normal) (G1 Evacuation Pause) 414M->133M(516M) 1.840ms
[538.874s][info][gc] GC(3291) Pause Young (Normal) (G1 Evacuation Pause) 417M->136M(516M) 1.853ms
[539.009s][info][gc] GC(3292) Pause Young (Normal) (G1 Evacuation Pause) 420M->136M(516M) 1.880ms
[539.158s][info][gc] GC(3293) Pause Young (Normal) (G1 Evacuation Pause) 420M->140M(516M) 1.879ms
[539.385s][info][gc] GC(3294) Pause Young (Normal) (G1 Evacuation Pause) 420M->143M(516M) 2.157ms
[539.523s][info][gc] GC(3295) Pause Young (Normal) (G1 Evacuation Pause) 427M->145M(516M) 1.977ms
[539.676s][info][gc] GC(3296) Pause Young (Normal) (G1 Evacuation Pause) 429M->148M(516M) 2.085ms
[539.817s][info][gc] GC(3297) Pause Young (Normal) (G1 Evacuation Pause) 432M->150M(516M) 1.987ms
[539.967s][info][gc] GC(3298) Pause Young (Normal) (G1 Evacuation Pause) 434M->152M(516M) 2.008ms
[540.108s][info][gc] GC(3299) Pause Young (Normal) (G1 Evacuation Pause) 436M->156M(516M) 2.066ms
[540.244s][info][gc] GC(3300) Pause Young (Normal) (G1 Evacuation Pause) 440M->158M(516M) 2.054ms
[540.389s][info][gc] GC(3301) Pause Young (Normal) (G1 Evacuation Pause) 442M->159M(516M) 2.026ms
[540.530s][info][gc] GC(3302) Pause Young (Normal) (G1 Evacuation Pause) 443M->162M(516M) 2.082ms
[540.676s][info][gc] GC(3303) Pause Young (Normal) (G1 Evacuation Pause) 446M->165M(516M) 1.811ms
[540.813s][info][gc] GC(3304) Pause Young (Normal) (G1 Evacuation Pause) 449M->167M(516M) 1.927ms
[540.952s][info][gc] GC(3305) Pause Young (Normal) (G1 Evacuation Pause) 447M->169M(516M) 1.971ms
[541.094s][info][gc] GC(3306) Pause Young (Normal) (G1 Evacuation Pause) 449M->171M(516M) 2.031ms
[541.235s][info][gc] GC(3307) Pause Young (Normal) (G1 Evacuation Pause) 455M->174M(516M) 1.975ms
[541.372s][info][gc] GC(3308) Pause Young (Normal) (G1 Evacuation Pause) 458M->176M(516M) 1.896ms
[541.523s][info][gc] GC(3309) Pause Young (Normal) (G1 Evacuation Pause) 460M->178M(516M) 1.854ms
[541.662s][info][gc] GC(3310) Pause Young (Normal) (G1 Evacuation Pause) 462M->182M(516M) 1.982ms
[541.810s][info][gc] GC(3311) Pause Young (Normal) (G1 Evacuation Pause) 462M->185M(516M) 1.913ms
[542.018s][info][gc] GC(3312) Pause Young (Normal) (G1 Evacuation Pause) 461M->187M(516M) 1.817ms
[542.156s][info][gc] GC(3313) Pause Young (Normal) (G1 Evacuation Pause) 463M->188M(516M) 1.960ms
[542.288s][info][gc] GC(3314) Pause Young (Normal) (G1 Evacuation Pause) 460M->190M(516M) 2.228ms
[542.426s][info][gc] GC(3315) Pause Young (Normal) (G1 Evacuation Pause) 458M->192M(516M) 1.963ms
[542.557s][info][gc] GC(3316) Pause Young (Normal) (G1 Evacuation Pause) 452M->196M(516M) 2.187ms
[542.686s][info][gc] GC(3317) Pause Young (Concurrent Start) (G1 Evacuation Pause) 460M->198M(516M) 1.874ms
[542.686s][info][gc] GC(3318) Concurrent Mark Cycle
[542.694s][info][gc] GC(3318) Pause Remark 222M->114M(320M) 0.423ms
[542.697s][info][gc] GC(3318) Pause Cleanup 119M->119M(320M) 0.048ms
[542.697s][info][gc] GC(3318) Concurrent Mark Cycle 11.170ms
[542.774s][info][gc] GC(3319) Pause Young (Prepare Mixed) (G1 Evacuation Pause) 258M->92M(320M) 1.827ms
[542.864s][info][gc] GC(3320) Pause Young (Mixed) (G1 Evacuation Pause) 268M->69M(320M) 1.588ms
[542.953s][info][gc] GC(3321) Pause Young (Normal) (G1 Evacuation Pause) 245M->71M(320M) 1.341ms
[543.041s][info][gc] GC(3322) Pause Young (Normal) (G1 Evacuation Pause) 247M->72M(384M) 1.599ms
[543.145s][info][gc] GC(3323) Pause Young (Normal) (G1 Evacuation Pause) 284M->74M(384M) 1.437ms
[543.253s][info][gc] GC(3324) Pause Young (Normal) (G1 Evacuation Pause) 286M->76M(384M) 1.565ms
[543.355s][info][gc] GC(3325) Pause Young (Normal) (G1 Evacuation Pause) 284M->77M(384M) 1.553ms
[543.460s][info][gc] GC(3326) Pause Young (Normal) (G1 Evacuation Pause) 285M->79M(464M) 1.742ms
[543.591s][info][gc] GC(3327) Pause Young (Normal) (G1 Evacuation Pause) 335M->81M(464M) 1.633ms
[543.715s][info][gc] GC(3328) Pause Young (Normal) (G1 Evacuation Pause) 333M->84M(464M) 1.790ms
[543.844s][info][gc] GC(3329) Pause Young (Normal) (G1 Evacuation Pause) 336M->84M(464M) 1.684ms
[543.971s][info][gc] GC(3330) Pause Young (Normal) (G1 Evacuation Pause) 340M->87M(464M) 1.754ms
[544.099s][info][gc] GC(3331) Pause Young (Normal) (G1 Evacuation Pause) 339M->90M(464M) 1.857ms
[544.221s][info][gc] GC(3332) Pause Young (Normal) (G1 Evacuation Pause) 342M->91M(464M) 1.802ms
[544.345s][info][gc] GC(3333) Pause Young (Normal) (G1 Evacuation Pause) 343M->93M(464M) 1.736ms
[544.477s][info][gc] GC(3334) Pause Young (Normal) (G1 Evacuation Pause) 345M->97M(464M) 1.768ms
[544.688s][info][gc] GC(3335) Pause Young (Normal) (G1 Evacuation Pause) 349M->98M(464M) 2.009ms
[544.813s][info][gc] GC(3336) Pause Young (Normal) (G1 Evacuation Pause) 350M->101M(464M) 1.957ms
[544.936s][info][gc] GC(3337) Pause Young (Normal) (G1 Evacuation Pause) 353M->101M(464M) 1.892ms
[545.073s][info][gc] GC(3338) Pause Young (Normal) (G1 Evacuation Pause) 357M->106M(464M) 1.822ms
[545.195s][info][gc] GC(3339) Pause Young (Normal) (G1 Evacuation Pause) 358M->106M(464M) 1.934ms
[545.322s][info][gc] GC(3340) Pause Young (Normal) (G1 Evacuation Pause) 358M->109M(464M) 1.899ms
[545.447s][info][gc] GC(3341) Pause Young (Normal) (G1 Evacuation Pause) 361M->112M(464M) 2.063ms
[545.569s][info][gc] GC(3342) Pause Young (Normal) (G1 Evacuation Pause) 364M->113M(464M) 1.816ms
[545.703s][info][gc] GC(3343) Pause Young (Normal) (G1 Evacuation Pause) 365M->115M(464M) 1.997ms
[545.830s][info][gc] GC(3344) Pause Young (Normal) (G1 Evacuation Pause) 371M->118M(464M) 1.728ms
[545.957s][info][gc] GC(3345) Pause Young (Normal) (G1 Evacuation Pause) 370M->121M(464M) 1.766ms
[546.082s][info][gc] GC(3346) Pause Young (Normal) (G1 Evacuation Pause) 373M->122M(464M) 1.794ms
[546.220s][info][gc] GC(3347) Pause Young (Normal) (G1 Evacuation Pause) 378M->126M(464M) 1.839ms
[546.343s][info][gc] GC(3348) Pause Young (Normal) (G1 Evacuation Pause) 378M->126M(464M) 1.835ms
[546.471s][info][gc] GC(3349) Pause Young (Normal) (G1 Evacuation Pause) 382M->129M(464M) 1.980ms
[546.597s][info][gc] GC(3350) Pause Young (Normal) (G1 Evacuation Pause) 381M->131M(464M) 1.872ms
[546.733s][info][gc] GC(3351) Pause Young (Normal) (G1 Evacuation Pause) 383M->132M(464M) 1.788ms
[546.861s][info][gc] GC(3352) Pause Young (Normal) (G1 Evacuation Pause) 388M->134M(464M) 1.865ms
[546.991s][info][gc] GC(3353) Pause Young (Normal) (G1 Evacuation Pause) 390M->137M(464M) 1.775ms
[547.114s][info][gc] GC(3354) Pause Young (Normal) (G1 Evacuation Pause) 389M->139M(464M) 1.756ms
[547.293s][info][gc] GC(3355) Pause Young (Normal) (G1 Evacuation Pause) 391M->138M(464M) 1.481ms
[547.455s][info][gc] GC(3356) Pause Young (Normal) (G1 Evacuation Pause) 394M->144M(464M) 1.985ms
[547.577s][info][gc] GC(3357) Pause Young (Normal) (G1 Evacuation Pause) 392M->146M(464M) 2.047ms
[547.703s][info][gc] GC(3358) Pause Young (Normal) (G1 Evacuation Pause) 398M->149M(464M) 1.915ms
[547.829s][info][gc] GC(3359) Pause Young (Normal) (G1 Evacuation Pause) 401M->150M(464M) 1.941ms
[547.965s][info][gc] GC(3360) Pause Young (Normal) (G1 Evacuation Pause) 402M->151M(464M) 1.900ms
[548.096s][info][gc] GC(3361) Pause Young (Normal) (G1 Evacuation Pause) 407M->154M(464M) 1.933ms
[548.225s][info][gc] GC(3362) Pause Young (Normal) (G1 Evacuation Pause) 406M->157M(464M) 1.962ms
[548.348s][info][gc] GC(3363) Pause Young (Normal) (G1 Evacuation Pause) 405M->159M(464M) 1.994ms
[548.470s][info][gc] GC(3364) Pause Young (Normal) (G1 Evacuation Pause) 407M->160M(464M) 1.847ms
[548.606s][info][gc] GC(3365) Pause Young (Normal) (G1 Evacuation Pause) 412M->162M(464M) 1.791ms
[548.727s][info][gc] GC(3366) Pause Young (Normal) (G1 Evacuation Pause) 406M->165M(464M) 1.956ms
[548.846s][info][gc] GC(3367) Pause Young (Normal) (G1 Evacuation Pause) 405M->166M(464M) 1.962ms
[548.974s][info][gc] GC(3368) Pause Young (Normal) (G1 Evacuation Pause) 410M->169M(560M) 1.843ms
[549.139s][info][gc] GC(3369) Pause Young (Normal) (G1 Evacuation Pause) 481M->171M(560M) 2.054ms
[549.296s][info][gc] GC(3370) Pause Young (Normal) (G1 Evacuation Pause) 483M->174M(560M) 2.113ms
[549.455s][info][gc] GC(3371) Pause Young (Normal) (G1 Evacuation Pause) 482M->176M(560M) 2.107ms
[549.607s][info][gc] GC(3372) Pause Young (Normal) (G1 Evacuation Pause) 484M->180M(560M) 2.143ms
[549.767s][info][gc] GC(3373) Pause Young (Normal) (G1 Evacuation Pause) 488M->181M(560M) 2.133ms
[549.921s][info][gc] GC(3374) Pause Young (Normal) (G1 Evacuation Pause) 493M->186M(560M) 2.150ms
[550.163s][info][gc] GC(3375) Pause Young (Normal) (G1 Evacuation Pause) 494M->188M(560M) 2.213ms
[550.312s][info][gc] GC(3376) Pause Young (Normal) (G1 Evacuation Pause) 496M->191M(560M) 2.196ms
[550.471s][info][gc] GC(3377) Pause Young (Normal) (G1 Evacuation Pause) 499M->192M(560M) 2.125ms
[550.617s][info][gc] GC(3378) Pause Young (Normal) (G1 Evacuation Pause) 496M->195M(560M) 2.166ms
[550.771s][info][gc] GC(3379) Pause Young (Normal) (G1 Evacuation Pause) 495M->199M(560M) 2.168ms
[550.919s][info][gc] GC(3380) Pause Young (Normal) (G1 Evacuation Pause) 499M->201M(560M) 2.390ms
[551.058s][info][gc] GC(3381) Pause Young (Normal) (G1 Evacuation Pause) 497M->202M(560M) 2.020ms
[551.223s][info][gc] GC(3382) Pause Young (Normal) (G1 Evacuation Pause) 502M->206M(560M) 2.542ms
[551.365s][info][gc] GC(3383) Pause Young (Normal) (G1 Evacuation Pause) 498M->208M(560M) 2.277ms
[551.523s][info][gc] GC(3384) Pause Young (Normal) (G1 Evacuation Pause) 504M->211M(560M) 1.972ms
[551.664s][info][gc] GC(3385) Pause Young (Concurrent Start) (G1 Evacuation Pause) 503M->213M(560M) 1.968ms
[551.664s][info][gc] GC(3386) Concurrent Mark Cycle
[551.672s][info][gc] GC(3386) Pause Remark 232M->122M(348M) 0.425ms
[551.675s][info][gc] GC(3386) Pause Cleanup 127M->127M(348M) 0.046ms
[551.676s][info][gc] GC(3386) Concurrent Mark Cycle 11.722ms
[551.758s][info][gc] GC(3387) Pause Young (Prepare Mixed) (G1 Evacuation Pause) 287M->105M(348M) 2.055ms
[551.857s][info][gc] GC(3388) Pause Young (Mixed) (G1 Evacuation Pause) 297M->79M(348M) 1.723ms
[551.952s][info][gc] GC(3389) Pause Young (Normal) (G1 Evacuation Pause) 267M->81M(348M) 1.579ms
[552.050s][info][gc] GC(3390) Pause Young (Normal) (G1 Evacuation Pause) 273M->82M(420M) 1.697ms
[552.169s][info][gc] GC(3391) Pause Young (Normal) (G1 Evacuation Pause) 318M->84M(420M) 1.492ms
[552.283s][info][gc] GC(3392) Pause Young (Normal) (G1 Evacuation Pause) 316M->86M(420M) 1.695ms
[552.399s][info][gc] GC(3393) Pause Young (Normal) (G1 Evacuation Pause) 318M->87M(420M) 1.757ms
[552.524s][info][gc] GC(3394) Pause Young (Normal) (G1 Evacuation Pause) 319M->90M(420M) 1.650ms
[552.724s][info][gc] GC(3395) Pause Young (Normal) (G1 Evacuation Pause) 322M->92M(420M) 1.566ms
[552.799s][info][gc] GC(3396) Pause Young (Normal) (G1 Evacuation Pause) 324M->104M(420M) 2.484ms
[552.854s][info][gc] GC(3397) Pause Young (Normal) (G1 Evacuation Pause) 324M->105M(504M) 2.511ms
[552.941s][info][gc] GC(3398) Pause Young (Normal) (G1 Evacuation Pause) 385M->107M(504M) 2.204ms
[553.009s][info][gc] GC(3399) Pause Young (Normal) (G1 Evacuation Pause) 383M->109M(504M) 2.191ms
[553.093s][info][gc] GC(3400) Pause Young (Normal) (G1 Evacuation Pause) 385M->111M(504M) 2.291ms
[553.163s][info][gc] GC(3401) Pause Young (Normal) (G1 Evacuation Pause) 387M->113M(608M) 2.141ms
[553.264s][info][gc] GC(3402) Pause Young (Normal) (G1 Evacuation Pause) 453M->117M(608M) 2.537ms
[553.365s][info][gc] GC(3403) Pause Young (Normal) (G1 Evacuation Pause) 453M->119M(608M) 2.542ms
[553.457s][info][gc] GC(3404) Pause Young (Normal) (G1 Evacuation Pause) 455M->121M(608M) 2.242ms
[553.559s][info][gc] GC(3405) Pause Young (Normal) (G1 Evacuation Pause) 457M->124M(732M) 2.463ms
[553.677s][info][gc] GC(3406) Pause Young (Normal) (G1 Evacuation Pause) 532M->127M(732M) 2.680ms
[553.786s][info][gc] GC(3407) Pause Young (Normal) (G1 Evacuation Pause) 531M->130M(732M) 2.467ms
[553.897s][info][gc] GC(3408) Pause Young (Normal) (G1 Evacuation Pause) 534M->134M(732M) 2.610ms
[554.009s][info][gc] GC(3409) Pause Young (Normal) (G1 Evacuation Pause) 534M->137M(732M) 2.723ms
[554.124s][info][gc] GC(3410) Pause Young (Normal) (G1 Evacuation Pause) 541M->140M(732M) 2.695ms
[554.242s][info][gc] GC(3411) Pause Young (Normal) (G1 Evacuation Pause) 540M->143M(732M) 2.657ms
[554.353s][info][gc] GC(3412) Pause Young (Normal) (G1 Evacuation Pause) 543M->148M(732M) 2.784ms
[554.466s][info][gc] GC(3413) Pause Young (Normal) (G1 Evacuation Pause) 548M->150M(732M) 2.770ms
[554.584s][info][gc] GC(3414) Pause Young (Normal) (G1 Evacuation Pause) 554M->154M(732M) 2.616ms
[554.703s][info][gc] GC(3415) Pause Young (Normal) (G1 Evacuation Pause) 554M->158M(732M) 2.735ms
[554.815s][info][gc] GC(3416) Pause Young (Normal) (G1 Evacuation Pause) 558M->161M(732M) 2.752ms
[554.933s][info][gc] GC(3417) Pause Young (Normal) (G1 Evacuation Pause) 565M->163M(732M) 2.708ms
[555.042s][info][gc] GC(3418) Pause Young (Normal) (G1 Evacuation Pause) 563M->167M(732M) 2.753ms
[555.156s][info][gc] GC(3419) Pause Young (Normal) (G1 Evacuation Pause) 571M->172M(732M) 2.707ms
[555.262s][info][gc] GC(3420) Pause Young (Normal) (G1 Evacuation Pause) 572M->174M(732M) 2.614ms
[555.377s][info][gc] GC(3421) Pause Young (Normal) (G1 Evacuation Pause) 578M->178M(732M) 2.626ms
[555.491s][info][gc] GC(3422) Pause Young (Normal) (G1 Evacuation Pause) 578M->182M(732M) 2.800ms
[555.598s][info][gc] GC(3423) Pause Young (Normal) (G1 Evacuation Pause) 582M->184M(732M) 2.609ms
[555.711s][info][gc] GC(3424) Pause Young (Normal) (G1 Evacuation Pause) 588M->188M(732M) 2.565ms
[555.824s][info][gc] GC(3425) Pause Young (Normal) (G1 Evacuation Pause) 592M->190M(732M) 2.529ms
[555.932s][info][gc] GC(3426) Pause Young (Normal) (G1 Evacuation Pause) 590M->193M(732M) 2.591ms
[556.045s][info][gc] GC(3427) Pause Young (Normal) (G1 Evacuation Pause) 593M->198M(732M) 2.630ms
[556.156s][info][gc] GC(3428) Pause Young (Normal) (G1 Evacuation Pause) 598M->202M(732M) 2.813ms
[556.269s][info][gc] GC(3429) Pause Young (Normal) (G1 Evacuation Pause) 602M->204M(732M) 2.685ms
[556.379s][info][gc] GC(3430) Pause Young (Normal) (G1 Evacuation Pause) 608M->208M(732M) 2.636ms
[556.496s][info][gc] GC(3431) Pause Young (Normal) (G1 Evacuation Pause) 612M->212M(732M) 2.692ms
[556.605s][info][gc] GC(3432) Pause Young (Normal) (G1 Evacuation Pause) 616M->216M(732M) 2.528ms
[556.717s][info][gc] GC(3433) Pause Young (Normal) (G1 Evacuation Pause) 620M->217M(732M) 2.553ms
[556.826s][info][gc] GC(3434) Pause Young (Normal) (G1 Evacuation Pause) 617M->221M(732M) 2.720ms
[556.940s][info][gc] GC(3435) Pause Young (Normal) (G1 Evacuation Pause) 625M->226M(732M) 2.694ms
[557.055s][info][gc] GC(3436) Pause Young (Normal) (G1 Evacuation Pause) 630M->229M(732M) 2.656ms
[557.170s][info][gc] GC(3437) Pause Young (Normal) (G1 Evacuation Pause) 633M->233M(732M) 2.715ms
[557.279s][info][gc] GC(3438) Pause Young (Normal) (G1 Evacuation Pause) 633M->235M(732M) 2.912ms
[557.399s][info][gc] GC(3439) Pause Young (Normal) (G1 Evacuation Pause) 639M->238M(732M) 2.779ms
[557.511s][info][gc] GC(3440) Pause Young (Normal) (G1 Evacuation Pause) 642M->242M(732M) 2.554ms
[557.620s][info][gc] GC(3441) Pause Young (Normal) (G1 Evacuation Pause) 646M->246M(732M) 2.705ms
[557.736s][info][gc] GC(3442) Pause Young (Normal) (G1 Evacuation Pause) 650M->250M(732M) 2.715ms
[557.851s][info][gc] GC(3443) Pause Young (Normal) (G1 Evacuation Pause) 650M->252M(732M) 2.749ms
[557.969s][info][gc] GC(3444) Pause Young (Normal) (G1 Evacuation Pause) 656M->257M(732M) 2.648ms
[558.076s][info][gc] GC(3445) Pause Young (Normal) (G1 Evacuation Pause) 649M->258M(732M) 2.601ms
[558.187s][info][gc] GC(3446) Pause Young (Normal) (G1 Evacuation Pause) 654M->262M(732M) 2.814ms
[558.302s][info][gc] GC(3447) Pause Young (Normal) (G1 Evacuation Pause) 650M->266M(732M) 2.803ms
[558.411s][info][gc] GC(3448) Pause Young (Normal) (G1 Evacuation Pause) 658M->269M(732M) 2.565ms
[558.518s][info][gc] GC(3449) Pause Young (Normal) (G1 Evacuation Pause) 657M->274M(732M) 2.688ms
[558.626s][info][gc] GC(3450) Pause Young (Normal) (G1 Evacuation Pause) 654M->275M(732M) 2.621ms
[558.726s][info][gc] GC(3451) Pause Young (Concurrent Start) (G1 Evacuation Pause) 655M->279M(732M) 2.509ms
[558.726s][info][gc] GC(3452) Concurrent Mark Cycle
[558.798s][info][gc] GC(3452) Pause Remark 490M->455M(732M) 0.467ms
[558.851s][info][gc] GC(3453) Pause Young (Normal) (G1 Evacuation Pause) 619M->246M(732M) 2.538ms
[558.873s][info][gc] GC(3452) Pause Cleanup 317M->317M(732M) 0.057ms
[558.874s][info][gc] GC(3452) Concurrent Mark Cycle 148.427ms
[558.965s][info][gc] GC(3454) Pause Young (Prepare Mixed) (G1 Evacuation Pause) 650M->248M(732M) 2.605ms
[559.079s][info][gc] GC(3455) Pause Young (Mixed) (G1 Evacuation Pause) 648M->247M(732M) 2.854ms
[559.185s][info][gc] GC(3456) Pause Young (Normal) (G1 Evacuation Pause) 647M->249M(880M) 2.757ms
[559.326s][info][gc] GC(3457) Pause Young (Normal) (G1 Evacuation Pause) 745M->253M(880M) 2.892ms
[559.465s][info][gc] GC(3458) Pause Young (Normal) (G1 Evacuation Pause) 745M->257M(880M) 3.182ms
[559.610s][info][gc] GC(3459) Pause Young (Normal) (G1 Evacuation Pause) 745M->264M(880M) 3.092ms
[559.746s][info][gc] GC(3460) Pause Young (Normal) (G1 Evacuation Pause) 748M->265M(880M) 2.996ms
[559.887s][info][gc] GC(3461) Pause Young (Normal) (G1 Evacuation Pause) 753M->271M(880M) 3.229ms
[560.099s][info][gc] GC(3462) Pause Young (Normal) (G1 Evacuation Pause) 755M->270M(880M) 2.789ms
[560.351s][info][gc] GC(3463) Pause Young (Normal) (G1 Evacuation Pause) 762M->276M(880M) 3.031ms
[560.592s][info][gc] GC(3464) Pause Young (Normal) (G1 Evacuation Pause) 760M->282M(880M) 3.054ms
[560.835s][info][gc] GC(3465) Pause Young (Normal) (G1 Evacuation Pause) 766M->285M(880M) 3.031ms
[561.078s][info][gc] GC(3466) Pause Young (Normal) (G1 Evacuation Pause) 773M->288M(880M) 3.208ms
[561.322s][info][gc] GC(3467) Pause Young (Normal) (G1 Evacuation Pause) 776M->293M(880M) 3.085ms
[561.565s][info][gc] GC(3468) Pause Young (Normal) (G1 Evacuation Pause) 781M->296M(880M) 3.127ms
[561.805s][info][gc] GC(3469) Pause Young (Normal) (G1 Evacuation Pause) 784M->301M(880M) 2.959ms
[562.042s][info][gc] GC(3470) Pause Young (Normal) (G1 Evacuation Pause) 789M->305M(880M) 3.125ms
[562.289s][info][gc] GC(3471) Pause Young (Normal) (G1 Evacuation Pause) 793M->310M(880M) 3.067ms
[562.528s][info][gc] GC(3472) Pause Young (Normal) (G1 Evacuation Pause) 790M->313M(880M) 3.248ms
[562.762s][info][gc] GC(3473) Pause Young (Normal) (G1 Evacuation Pause) 785M->316M(880M) 2.957ms
[563.000s][info][gc] GC(3474) Pause Young (Normal) (G1 Evacuation Pause) 792M->322M(880M) 3.213ms
[563.231s][info][gc] GC(3475) Pause Young (Normal) (G1 Evacuation Pause) 786M->325M(880M) 2.986ms
[563.465s][info][gc] GC(3476) Pause Young (Normal) (G1 Evacuation Pause) 797M->329M(880M) 2.648ms
[563.708s][info][gc] GC(3477) Pause Young (Normal) (G1 Evacuation Pause) 797M->333M(880M) 2.755ms
[563.933s][info][gc] GC(3478) Pause Young (Normal) (G1 Evacuation Pause) 793M->337M(880M) 2.897ms
[564.161s][info][gc] GC(3479) Pause Young (Concurrent Start) (G1 Evacuation Pause) 797M->340M(880M) 2.769ms
[564.161s][info][gc] GC(3480) Concurrent Mark Cycle
[564.178s][info][gc] GC(3480) Pause Remark 382M->178M(468M) 0.457ms
[564.188s][info][gc] GC(3480) Pause Cleanup 206M->206M(468M) 0.055ms
[564.189s][info][gc] GC(3480) Concurrent Mark Cycle 27.974ms
[564.279s][info][gc] GC(3481) Pause Young (Prepare Mixed) (G1 Evacuation Pause) 376M->140M(468M) 2.539ms
[564.411s][info][gc] GC(3482) Pause Young (Mixed) (G1 Evacuation Pause) 396M->130M(468M) 1.949ms
[564.545s][info][gc] GC(3483) Pause Young (Normal) (G1 Evacuation Pause) 390M->133M(468M) 2.096ms
[564.671s][info][gc] GC(3484) Pause Young (Normal) (G1 Evacuation Pause) 389M->134M(468M) 1.854ms
[564.802s][info][gc] GC(3485) Pause Young (Normal) (G1 Evacuation Pause) 394M->136M(468M) 2.179ms
[564.939s][info][gc] GC(3486) Pause Young (Normal) (G1 Evacuation Pause) 392M->138M(468M) 1.824ms
[565.069s][info][gc] GC(3487) Pause Young (Normal) (G1 Evacuation Pause) 398M->139M(468M) 1.690ms
[565.200s][info][gc] GC(3488) Pause Young (Normal) (G1 Evacuation Pause) 399M->142M(468M) 1.682ms
[565.397s][info][gc] GC(3489) Pause Young (Normal) (G1 Evacuation Pause) 398M->142M(468M) 1.694ms
[565.651s][info][gc] GC(3490) Pause Young (Normal) (G1 Evacuation Pause) 402M->144M(468M) 1.798ms
[565.902s][info][gc] GC(3491) Pause Young (Normal) (G1 Evacuation Pause) 400M->148M(468M) 1.800ms
[566.153s][info][gc] GC(3492) Pause Young (Normal) (G1 Evacuation Pause) 404M->149M(468M) 1.808ms
[566.400s][info][gc] GC(3493) Pause Young (Normal) (G1 Evacuation Pause) 405M->151M(468M) 1.746ms
[566.646s][info][gc] GC(3494) Pause Young (Normal) (G1 Evacuation Pause) 407M->154M(468M) 1.739ms
[566.895s][info][gc] GC(3495) Pause Young (Normal) (G1 Evacuation Pause) 410M->155M(468M) 1.750ms
[567.138s][info][gc] GC(3496) Pause Young (Normal) (G1 Evacuation Pause) 407M->157M(468M) 1.683ms
[567.389s][info][gc] GC(3497) Pause Young (Normal) (G1 Evacuation Pause) 409M->160M(468M) 1.835ms
[567.636s][info][gc] GC(3498) Pause Young (Normal) (G1 Evacuation Pause) 408M->162M(468M) 1.950ms
[567.880s][info][gc] GC(3499) Pause Young (Normal) (G1 Evacuation Pause) 410M->164M(468M) 2.029ms
[568.118s][info][gc] GC(3500) Pause Young (Normal) (G1 Evacuation Pause) 408M->166M(468M) 1.662ms
[568.346s][info][gc] GC(3501) Pause Young (Normal) (G1 Evacuation Pause) 410M->169M(468M) 1.669ms
[568.579s][info][gc] GC(3502) Pause Young (Normal) (G1 Evacuation Pause) 409M->170M(468M) 1.678ms
[568.807s][info][gc] GC(3503) Pause Young (Concurrent Start) (G1 Evacuation Pause) 406M->172M(468M) 1.611ms
[568.807s][info][gc] GC(3504) Concurrent Mark Cycle
[568.820s][info][gc] GC(3504) Pause Remark 188M->188M(468M) 0.418ms
[568.831s][info][gc] GC(3504) Pause Cleanup 200M->200M(468M) 0.069ms
[568.832s][info][gc] GC(3504) Concurrent Mark Cycle 24.382ms
[569.048s][info][gc] GC(3505) Pause Young (Prepare Mixed) (G1 Evacuation Pause) 416M->174M(468M) 1.669ms
[569.280s][info][gc] GC(3506) Pause Young (Mixed) (G1 Evacuation Pause) 414M->146M(468M) 2.424ms
[569.531s][info][gc] GC(3507) Pause Young (Mixed) (G1 Evacuation Pause) 402M->137M(468M) 2.310ms
[569.776s][info][gc] GC(3508) Pause Young (Normal) (G1 Evacuation Pause) 393M->140M(468M) 1.708ms
[570.024s][info][gc] GC(3509) Pause Young (Normal) (G1 Evacuation Pause) 396M->143M(468M) 1.673ms
[570.346s][info][gc] GC(3510) Pause Young (Normal) (G1 Evacuation Pause) 399M->146M(468M) 1.912ms
[570.446s][info][gc] GC(3511) Pause Young (Normal) (G1 Evacuation Pause) 402M->150M(468M) 1.906ms
[570.554s][info][gc] GC(3512) Pause Young (Normal) (G1 Evacuation Pause) 406M->152M(468M) 1.865ms
[570.663s][info][gc] GC(3513) Pause Young (Normal) (G1 Evacuation Pause) 408M->154M(468M) 1.831ms
[570.769s][info][gc] GC(3514) Pause Young (Normal) (G1 Evacuation Pause) 410M->157M(468M) 1.915ms
[570.871s][info][gc] GC(3515) Pause Young (Normal) (G1 Evacuation Pause) 413M->158M(564M) 1.825ms
[571.008s][info][gc] GC(3516) Pause Young (Normal) (G1 Evacuation Pause) 470M->163M(564M) 2.082ms
[571.135s][info][gc] GC(3517) Pause Young (Normal) (G1 Evacuation Pause) 471M->166M(564M) 2.262ms
[571.260s][info][gc] GC(3518) Pause Young (Normal) (G1 Evacuation Pause) 474M->167M(564M) 2.239ms
[571.380s][info][gc] GC(3519) Pause Young (Normal) (G1 Evacuation Pause) 475M->170M(564M) 2.216ms
[571.508s][info][gc] GC(3520) Pause Young (Normal) (G1 Evacuation Pause) 478M->172M(564M) 2.096ms
[571.637s][info][gc] GC(3521) Pause Young (Normal) (G1 Evacuation Pause) 480M->176M(564M) 2.318ms
[571.760s][info][gc] GC(3522) Pause Young (Normal) (G1 Evacuation Pause) 484M->178M(564M) 2.205ms
[571.884s][info][gc] GC(3523) Pause Young (Normal) (G1 Evacuation Pause) 486M->182M(564M) 2.113ms
[572.008s][info][gc] GC(3524) Pause Young (Normal) (G1 Evacuation Pause) 490M->182M(564M) 1.997ms
[572.134s][info][gc] GC(3525) Pause Young (Normal) (G1 Evacuation Pause) 494M->184M(564M) 1.981ms
[572.270s][info][gc] GC(3526) Pause Young (Normal) (G1 Evacuation Pause) 496M->188M(564M) 2.100ms
[572.394s][info][gc] GC(3527) Pause Young (Normal) (G1 Evacuation Pause) 496M->191M(564M) 2.148ms
[572.606s][info][gc] GC(3528) Pause Young (Normal) (G1 Evacuation Pause) 499M->194M(564M) 2.019ms
[572.729s][info][gc] GC(3529) Pause Young (Normal) (G1 Evacuation Pause) 498M->198M(564M) 2.300ms
[572.850s][info][gc] GC(3530) Pause Young (Normal) (G1 Evacuation Pause) 502M->200M(564M) 2.167ms
[572.978s][info][gc] GC(3531) Pause Young (Normal) (G1 Evacuation Pause) 500M->202M(564M) 2.179ms
[573.101s][info][gc] GC(3532) Pause Young (Normal) (G1 Evacuation Pause) 498M->204M(564M) 2.183ms
[573.220s][info][gc] GC(3533) Pause Young (Normal) (G1 Evacuation Pause) 500M->208M(564M) 2.212ms
[573.339s][info][gc] GC(3534) Pause Young (Normal) (G1 Evacuation Pause) 500M->210M(564M) 2.149ms
[573.459s][info][gc] GC(3535) Pause Young (Normal) (G1 Evacuation Pause) 506M->213M(564M) 2.150ms
[573.577s][info][gc] GC(3536) Pause Young (Concurrent Start) (G1 Evacuation Pause) 505M->216M(564M) 1.963ms
[573.577s][info][gc] GC(3537) Concurrent Mark Cycle
[573.587s][info][gc] GC(3537) Pause Remark 248M->136M(360M) 0.428ms
[573.591s][info][gc] GC(3537) Pause Cleanup 147M->147M(360M) 0.051ms
[573.591s][info][gc] GC(3537) Concurrent Mark Cycle 14.363ms
[573.658s][info][gc] GC(3538) Pause Young (Prepare Mixed) (G1 Evacuation Pause) 292M->104M(360M) 1.895ms
[573.740s][info][gc] GC(3539) Pause Young (Mixed) (G1 Evacuation Pause) 304M->77M(360M) 1.839ms
[573.822s][info][gc] GC(3540) Pause Young (Normal) (G1 Evacuation Pause) 277M->79M(360M) 1.452ms
[573.899s][info][gc] GC(3541) Pause Young (Normal) (G1 Evacuation Pause) 279M->81M(360M) 1.407ms
[573.984s][info][gc] GC(3542) Pause Young (Normal) (G1 Evacuation Pause) 281M->82M(432M) 1.597ms
[574.083s][info][gc] GC(3543) Pause Young (Normal) (G1 Evacuation Pause) 322M->84M(432M) 1.701ms
[574.181s][info][gc] GC(3544) Pause Young (Normal) (G1 Evacuation Pause) 320M->86M(432M) 1.627ms
[574.275s][info][gc] GC(3545) Pause Young (Normal) (G1 Evacuation Pause) 322M->87M(432M) 1.672ms
[574.373s][info][gc] GC(3546) Pause Young (Normal) (G1 Evacuation Pause) 323M->89M(520M) 1.754ms
[574.499s][info][gc] GC(3547) Pause Young (Normal) (G1 Evacuation Pause) 381M->92M(520M) 2.015ms
[574.617s][info][gc] GC(3548) Pause Young (Normal) (G1 Evacuation Pause) 380M->95M(520M) 1.986ms
[574.819s][info][gc] GC(3549) Pause Young (Normal) (G1 Evacuation Pause) 379M->97M(520M) 2.041ms
[574.934s][info][gc] GC(3550) Pause Young (Normal) (G1 Evacuation Pause) 385M->101M(520M) 2.014ms
[575.052s][info][gc] GC(3551) Pause Young (Normal) (G1 Evacuation Pause) 385M->102M(520M) 2.056ms
[575.167s][info][gc] GC(3552) Pause Young (Normal) (G1 Evacuation Pause) 390M->105M(520M) 1.996ms
[575.278s][info][gc] GC(3553) Pause Young (Normal) (G1 Evacuation Pause) 393M->107M(520M) 1.940ms
[575.406s][info][gc] GC(3554) Pause Young (Normal) (G1 Evacuation Pause) 395M->110M(520M) 2.092ms
[575.527s][info][gc] GC(3555) Pause Young (Normal) (G1 Evacuation Pause) 394M->112M(520M) 2.135ms
[575.642s][info][gc] GC(3556) Pause Young (Normal) (G1 Evacuation Pause) 396M->115M(520M) 2.191ms
[575.759s][info][gc] GC(3557) Pause Young (Normal) (G1 Evacuation Pause) 399M->117M(520M) 2.276ms
[575.875s][info][gc] GC(3558) Pause Young (Normal) (G1 Evacuation Pause) 405M->120M(520M) 2.111ms
[575.991s][info][gc] GC(3559) Pause Young (Normal) (G1 Evacuation Pause) 408M->124M(520M) 2.075ms
[576.105s][info][gc] GC(3560) Pause Young (Normal) (G1 Evacuation Pause) 408M->125M(520M) 2.057ms
[576.220s][info][gc] GC(3561) Pause Young (Normal) (G1 Evacuation Pause) 413M->128M(624M) 1.962ms
[576.368s][info][gc] GC(3562) Pause Young (Normal) (G1 Evacuation Pause) 476M->129M(624M) 2.235ms
[576.508s][info][gc] GC(3563) Pause Young (Normal) (G1 Evacuation Pause) 473M->133M(624M) 2.266ms
[576.644s][info][gc] GC(3564) Pause Young (Normal) (G1 Evacuation Pause) 473M->135M(624M) 2.300ms
[576.790s][info][gc] GC(3565) Pause Young (Normal) (G1 Evacuation Pause) 479M->138M(624M) 2.351ms
[577.012s][info][gc] GC(3566) Pause Young (Normal) (G1 Evacuation Pause) 482M->143M(624M) 2.278ms
[577.147s][info][gc] GC(3567) Pause Young (Normal) (G1 Evacuation Pause) 483M->145M(624M) 2.349ms
[577.301s][info][gc] GC(3568) Pause Young (Normal) (G1 Evacuation Pause) 489M->148M(624M) 2.418ms
[577.447s][info][gc] GC(3569) Pause Young (Normal) (G1 Evacuation Pause) 492M->151M(624M) 2.322ms
[577.585s][info][gc] GC(3570) Pause Young (Normal) (G1 Evacuation Pause) 491M->155M(624M) 2.339ms
[577.728s][info][gc] GC(3571) Pause Young (Normal) (G1 Evacuation Pause) 495M->157M(624M) 2.398ms
[577.864s][info][gc] GC(3572) Pause Young (Normal) (G1 Evacuation Pause) 497M->161M(624M) 2.468ms
[578.003s][info][gc] GC(3573) Pause Young (Normal) (G1 Evacuation Pause) 501M->161M(624M) 2.475ms
[578.150s][info][gc] GC(3574) Pause Young (Normal) (G1 Evacuation Pause) 505M->166M(624M) 2.612ms
[578.290s][info][gc] GC(3575) Pause Young (Normal) (G1 Evacuation Pause) 506M->168M(624M) 2.359ms
[578.427s][info][gc] GC(3576) Pause Young (Normal) (G1 Evacuation Pause) 512M->171M(624M) 2.429ms
[578.573s][info][gc] GC(3577) Pause Young (Normal) (G1 Evacuation Pause) 515M->174M(624M) 2.146ms
[578.719s][info][gc] GC(3578) Pause Young (Normal) (G1 Evacuation Pause) 518M->176M(624M) 2.232ms
[578.853s][info][gc] GC(3579) Pause Young (Normal) (G1 Evacuation Pause) 516M->180M(624M) 2.331ms
[578.996s][info][gc] GC(3580) Pause Young (Normal) (G1 Evacuation Pause) 520M->182M(624M) 2.161ms
[579.230s][info][gc] GC(3581) Pause Young (Normal) (G1 Evacuation Pause) 526M->185M(624M) 2.275ms
[579.369s][info][gc] GC(3582) Pause Young (Normal) (G1 Evacuation Pause) 529M->189M(624M) 2.259ms
[579.513s][info][gc] GC(3583) Pause Young (Normal) (G1 Evacuation Pause) 529M->190M(624M) 2.346ms
[579.652s][info][gc] GC(3584) Pause Young (Normal) (G1 Evacuation Pause) 534M->194M(624M) 2.368ms
[579.789s][info][gc] GC(3585) Pause Young (Normal) (G1 Evacuation Pause) 538M->197M(624M) 2.337ms
[579.935s][info][gc] GC(3586) Pause Young (Normal) (G1 Evacuation Pause) 541M->200M(624M) 2.365ms
[580.071s][info][gc] GC(3587) Pause Young (Normal) (G1 Evacuation Pause) 540M->202M(624M) 2.394ms
[580.210s][info][gc] GC(3588) Pause Young (Normal) (G1 Evacuation Pause) 546M->207M(624M) 2.459ms
[580.351s][info][gc] GC(3589) Pause Young (Normal) (G1 Evacuation Pause) 547M->208M(624M) 2.305ms
[580.491s][info][gc] GC(3590) Pause Young (Normal) (G1 Evacuation Pause) 552M->211M(624M) 2.311ms
[580.627s][info][gc] GC(3591) Pause Young (Normal) (G1 Evacuation Pause) 555M->215M(624M) 2.301ms
[580.771s][info][gc] GC(3592) Pause Young (Normal) (G1 Evacuation Pause) 551M->217M(624M) 2.524ms
[580.911s][info][gc] GC(3593) Pause Young (Normal) (G1 Evacuation Pause) 557M->220M(624M) 2.233ms
[581.046s][info][gc] GC(3594) Pause Young (Normal) (G1 Evacuation Pause) 556M->223M(624M) 2.218ms
[581.183s][info][gc] GC(3595) Pause Young (Normal) (G1 Evacuation Pause) 555M->225M(624M) 2.250ms
[581.420s][info][gc] GC(3596) Pause Young (Normal) (G1 Evacuation Pause) 557M->229M(624M) 2.211ms
[581.556s][info][gc] GC(3597) Pause Young (Normal) (G1 Evacuation Pause) 553M->232M(624M) 2.378ms
[581.685s][info][gc] GC(3598) Pause Young (Normal) (G1 Evacuation Pause) 556M->235M(624M) 2.233ms
[581.814s][info][gc] GC(3599) Pause Young (Normal) (G1 Evacuation Pause) 555M->235M(624M) 2.032ms
[581.951s][info][gc] GC(3600) Pause Young (Concurrent Start) (G1 Evacuation Pause) 555M->239M(624M) 2.279ms
[581.951s][info][gc] GC(3601) Concurrent Mark Cycle
[581.961s][info][gc] GC(3601) Pause Remark 267M->131M(360M) 0.429ms
[581.965s][info][gc] GC(3601) Pause Cleanup 142M->142M(360M) 0.050ms
[581.966s][info][gc] GC(3601) Concurrent Mark Cycle 14.615ms
[582.023s][info][gc] GC(3602) Pause Young (Prepare Mixed) (G1 Evacuation Pause) 291M->104M(360M) 1.946ms
[582.108s][info][gc] GC(3603) Pause Young (Mixed) (G1 Evacuation Pause) 304M->83M(360M) 1.700ms
[582.192s][info][gc] GC(3604) Pause Young (Normal) (G1 Evacuation Pause) 283M->85M(360M) 1.615ms
[582.274s][info][gc] GC(3605) Pause Young (Normal) (G1 Evacuation Pause) 285M->86M(360M) 1.516ms
[582.358s][info][gc] GC(3606) Pause Young (Normal) (G1 Evacuation Pause) 286M->87M(432M) 1.669ms
[582.456s][info][gc] GC(3607) Pause Young (Normal) (G1 Evacuation Pause) 327M->89M(432M) 1.696ms
[582.555s][info][gc] GC(3608) Pause Young (Normal) (G1 Evacuation Pause) 329M->91M(432M) 1.626ms
[582.651s][info][gc] GC(3609) Pause Young (Normal) (G1 Evacuation Pause) 327M->94M(432M) 1.713ms
[582.748s][info][gc] GC(3610) Pause Young (Normal) (G1 Evacuation Pause) 330M->96M(520M) 1.735ms
[582.867s][info][gc] GC(3611) Pause Young (Normal) (G1 Evacuation Pause) 388M->97M(520M) 1.789ms
[582.989s][info][gc] GC(3612) Pause Young (Normal) (G1 Evacuation Pause) 389M->99M(520M) 1.830ms
[583.114s][info][gc] GC(3613) Pause Young (Normal) (G1 Evacuation Pause) 387M->103M(520M) 2.087ms
[583.228s][info][gc] GC(3614) Pause Young (Normal) (G1 Evacuation Pause) 387M->107M(520M) 1.994ms
[583.349s][info][gc] GC(3615) Pause Young (Normal) (G1 Evacuation Pause) 391M->108M(520M) 2.040ms
[583.464s][info][gc] GC(3616) Pause Young (Normal) (G1 Evacuation Pause) 392M->110M(520M) 2.034ms
[583.665s][info][gc] GC(3617) Pause Young (Normal) (G1 Evacuation Pause) 398M->113M(520M) 2.003ms
[583.783s][info][gc] GC(3618) Pause Young (Normal) (G1 Evacuation Pause) 401M->116M(520M) 2.375ms
[583.899s][info][gc] GC(3619) Pause Young (Normal) (G1 Evacuation Pause) 400M->120M(520M) 2.066ms
[584.011s][info][gc] GC(3620) Pause Young (Normal) (G1 Evacuation Pause) 404M->121M(520M) 1.981ms
[584.134s][info][gc] GC(3621) Pause Young (Normal) (G1 Evacuation Pause) 409M->124M(624M) 2.057ms
[584.276s][info][gc] GC(3622) Pause Young (Normal) (G1 Evacuation Pause) 468M->128M(624M) 2.312ms
[584.417s][info][gc] GC(3623) Pause Young (Normal) (G1 Evacuation Pause) 468M->129M(624M) 2.732ms
[584.559s][info][gc] GC(3624) Pause Young (Normal) (G1 Evacuation Pause) 473M->132M(624M) 2.350ms
[584.702s][info][gc] GC(3625) Pause Young (Normal) (G1 Evacuation Pause) 476M->137M(624M) 2.397ms
[584.839s][info][gc] GC(3626) Pause Young (Normal) (G1 Evacuation Pause) 477M->138M(624M) 2.382ms
[584.976s][info][gc] GC(3627) Pause Young (Normal) (G1 Evacuation Pause) 482M->140M(624M) 2.237ms
[585.124s][info][gc] GC(3628) Pause Young (Normal) (G1 Evacuation Pause) 484M->144M(624M) 2.272ms
[585.261s][info][gc] GC(3629) Pause Young (Normal) (G1 Evacuation Pause) 484M->147M(624M) 2.313ms
[585.396s][info][gc] GC(3630) Pause Young (Normal) (G1 Evacuation Pause) 491M->149M(624M) 2.174ms
[585.545s][info][gc] GC(3631) Pause Young (Normal) (G1 Evacuation Pause) 493M->153M(624M) 2.492ms
[585.682s][info][gc] GC(3632) Pause Young (Normal) (G1 Evacuation Pause) 493M->156M(624M) 2.384ms
[585.896s][info][gc] GC(3633) Pause Young (Normal) (G1 Evacuation Pause) 500M->160M(624M) 2.298ms
[586.041s][info][gc] GC(3634) Pause Young (Normal) (G1 Evacuation Pause) 500M->161M(624M) 2.499ms
[586.182s][info][gc] GC(3635) Pause Young (Normal) (G1 Evacuation Pause) 505M->164M(624M) 2.278ms
[586.320s][info][gc] GC(3636) Pause Young (Normal) (G1 Evacuation Pause) 508M->167M(624M) 2.301ms
[586.464s][info][gc] GC(3637) Pause Young (Normal) (G1 Evacuation Pause) 511M->171M(624M) 2.356ms
[586.601s][info][gc] GC(3638) Pause Young (Normal) (G1 Evacuation Pause) 511M->173M(624M) 2.368ms
[586.739s][info][gc] GC(3639) Pause Young (Normal) (G1 Evacuation Pause) 517M->175M(624M) 2.257ms
[586.886s][info][gc] GC(3640) Pause Young (Normal) (G1 Evacuation Pause) 519M->178M(624M) 2.673ms
[587.025s][info][gc] GC(3641) Pause Young (Normal) (G1 Evacuation Pause) 522M->182M(624M) 2.315ms
[587.158s][info][gc] GC(3642) Pause Young (Normal) (G1 Evacuation Pause) 526M->184M(624M) 2.227ms
[587.309s][info][gc] GC(3643) Pause Young (Normal) (G1 Evacuation Pause) 528M->188M(624M) 2.322ms
[587.449s][info][gc] GC(3644) Pause Young (Normal) (G1 Evacuation Pause) 532M->190M(624M) 2.209ms
[587.582s][info][gc] GC(3645) Pause Young (Normal) (G1 Evacuation Pause) 534M->193M(624M) 2.215ms
[587.728s][info][gc] GC(3646) Pause Young (Normal) (G1 Evacuation Pause) 537M->197M(624M) 2.199ms
[587.864s][info][gc] GC(3647) Pause Young (Normal) (G1 Evacuation Pause) 541M->199M(624M) 2.210ms
[588.065s][info][gc] GC(3648) Pause Young (Normal) (G1 Evacuation Pause) 543M->214M(624M) 3.100ms
[588.144s][info][gc] GC(3649) Pause Young (Normal) (G1 Evacuation Pause) 542M->215M(624M) 2.930ms
[588.239s][info][gc] GC(3650) Pause Young (Normal) (G1 Evacuation Pause) 555M->218M(624M) 2.599ms
[588.325s][info][gc] GC(3651) Pause Young (Normal) (G1 Evacuation Pause) 550M->218M(624M) 2.607ms
[588.424s][info][gc] GC(3652) Pause Young (Normal) (G1 Evacuation Pause) 554M->225M(624M) 2.772ms
[588.500s][info][gc] GC(3653) Pause Young (Normal) (G1 Evacuation Pause) 549M->225M(752M) 2.805ms
[588.625s][info][gc] GC(3654) Pause Young (Normal) (G1 Evacuation Pause) 649M->230M(752M) 2.648ms
[588.742s][info][gc] GC(3655) Pause Young (Normal) (G1 Evacuation Pause) 650M->232M(752M) 2.645ms
[588.851s][info][gc] GC(3656) Pause Young (Normal) (G1 Evacuation Pause) 648M->234M(752M) 2.411ms
[588.961s][info][gc] GC(3657) Pause Young (Normal) (G1 Evacuation Pause) 650M->240M(752M) 2.927ms
[589.074s][info][gc] GC(3658) Pause Young (Normal) (G1 Evacuation Pause) 652M->244M(752M) 2.915ms
[589.181s][info][gc] GC(3659) Pause Young (Normal) (G1 Evacuation Pause) 656M->245M(752M) 2.615ms
[589.298s][info][gc] GC(3660) Pause Young (Normal) (G1 Evacuation Pause) 661M->252M(752M) 3.453ms
[589.416s][info][gc] GC(3661) Pause Young (Normal) (G1 Evacuation Pause) 664M->255M(904M) 3.048ms
[589.566s][info][gc] GC(3662) Pause Young (Normal) (G1 Evacuation Pause) 763M->257M(904M) 3.318ms
[589.702s][info][gc] GC(3663) Pause Young (Normal) (G1 Evacuation Pause) 761M->260M(904M) 3.070ms
[589.850s][info][gc] GC(3664) Pause Young (Normal) (G1 Evacuation Pause) 760M->267M(904M) 3.231ms
[589.989s][info][gc] GC(3665) Pause Young (Normal) (G1 Evacuation Pause) 763M->271M(904M) 3.408ms
[590.128s][info][gc] GC(3666) Pause Young (Normal) (G1 Evacuation Pause) 767M->274M(904M) 3.251ms
[590.261s][info][gc] GC(3667) Pause Young (Normal) (G1 Evacuation Pause) 770M->278M(904M) 3.279ms
[590.399s][info][gc] GC(3668) Pause Young (Normal) (G1 Evacuation Pause) 778M->280M(904M) 3.102ms
[590.537s][info][gc] GC(3669) Pause Young (Normal) (G1 Evacuation Pause) 780M->287M(904M) 3.525ms
[590.673s][info][gc] GC(3670) Pause Young (Normal) (G1 Evacuation Pause) 783M->290M(904M) 3.594ms
[590.813s][info][gc] GC(3671) Pause Young (Normal) (G1 Evacuation Pause) 790M->296M(904M) 3.440ms
[590.949s][info][gc] GC(3672) Pause Young (Normal) (G1 Evacuation Pause) 796M->298M(904M) 3.348ms
[591.091s][info][gc] GC(3673) Pause Young (Normal) (G1 Evacuation Pause) 798M->304M(904M) 3.132ms
[591.228s][info][gc] GC(3674) Pause Young (Normal) (G1 Evacuation Pause) 800M->306M(904M) 3.671ms
[591.361s][info][gc] GC(3675) Pause Young (Normal) (G1 Evacuation Pause) 806M->312M(904M) 3.390ms
[591.495s][info][gc] GC(3676) Pause Young (Normal) (G1 Evacuation Pause) 808M->317M(904M) 3.180ms
[591.625s][info][gc] GC(3677) Pause Young (Normal) (G1 Evacuation Pause) 809M->318M(904M) 3.015ms
[591.757s][info][gc] GC(3678) Pause Young (Normal) (G1 Evacuation Pause) 814M->322M(904M) 3.150ms
[591.882s][info][gc] GC(3679) Pause Young (Normal) (G1 Evacuation Pause) 810M->327M(904M) 3.824ms
[592.012s][info][gc] GC(3680) Pause Young (Normal) (G1 Evacuation Pause) 803M->334M(904M) 3.360ms
[592.143s][info][gc] GC(3681) Pause Young (Normal) (G1 Evacuation Pause) 810M->337M(904M) 3.385ms
[592.266s][info][gc] GC(3682) Pause Young (Normal) (G1 Evacuation Pause) 809M->340M(904M) 3.283ms
[592.395s][info][gc] GC(3683) Pause Young (Concurrent Start) (G1 Evacuation Pause) 808M->342M(904M) 3.007ms
[592.395s][info][gc] GC(3684) Concurrent Mark Cycle
[592.447s][info][gc] GC(3684) Pause Remark 505M->387M(760M) 0.442ms
[592.468s][info][gc] GC(3684) Pause Cleanup 459M->459M(760M) 0.054ms
[592.469s][info][gc] GC(3684) Concurrent Mark Cycle 74.020ms
[592.521s][info][gc] GC(3685) Pause Young (Prepare Mixed) (G1 Evacuation Pause) 645M->231M(760M) 3.036ms
[592.629s][info][gc] GC(3686) Pause Young (Mixed) (G1 Evacuation Pause) 647M->224M(760M) 3.029ms
[592.738s][info][gc] GC(3687) Pause Young (Normal) (G1 Evacuation Pause) 640M->225M(760M) 2.749ms
[592.851s][info][gc] GC(3688) Pause Young (Normal) (G1 Evacuation Pause) 645M->230M(760M) 2.820ms
[592.960s][info][gc] GC(3689) Pause Young (Normal) (G1 Evacuation Pause) 650M->234M(760M) 2.762ms
[593.075s][info][gc] GC(3690) Pause Young (Normal) (G1 Evacuation Pause) 654M->236M(760M) 2.763ms
[593.185s][info][gc] GC(3691) Pause Young (Normal) (G1 Evacuation Pause) 656M->240M(760M) 2.766ms
[593.311s][info][gc] GC(3692) Pause Young (Normal) (G1 Evacuation Pause) 660M->244M(760M) 3.291ms
[593.428s][info][gc] GC(3693) Pause Young (Normal) (G1 Evacuation Pause) 664M->245M(760M) 2.825ms
[593.541s][info][gc] GC(3694) Pause Young (Normal) (G1 Evacuation Pause) 669M->251M(760M) 3.118ms
[593.656s][info][gc] GC(3695) Pause Young (Normal) (G1 Evacuation Pause) 671M->255M(912M) 2.753ms
[593.791s][info][gc] GC(3696) Pause Young (Normal) (G1 Evacuation Pause) 763M->259M(912M) 3.109ms
[593.927s][info][gc] GC(3697) Pause Young (Normal) (G1 Evacuation Pause) 763M->263M(912M) 3.064ms
[594.063s][info][gc] GC(3698) Pause Young (Normal) (G1 Evacuation Pause) 763M->267M(912M) 3.350ms
[594.189s][info][gc] GC(3699) Pause Young (Normal) (G1 Evacuation Pause) 771M->272M(912M) 3.096ms
[594.327s][info][gc] GC(3700) Pause Young (Normal) (G1 Evacuation Pause) 772M->276M(912M) 3.456ms
[594.462s][info][gc] GC(3701) Pause Young (Normal) (G1 Evacuation Pause) 776M->278M(912M) 3.453ms
[594.604s][info][gc] GC(3702) Pause Young (Normal) (G1 Evacuation Pause) 782M->284M(912M) 3.250ms
[594.743s][info][gc] GC(3703) Pause Young (Normal) (G1 Evacuation Pause) 788M->288M(912M) 3.182ms
[594.888s][info][gc] GC(3704) Pause Young (Normal) (G1 Evacuation Pause) 792M->293M(912M) 3.120ms
[595.013s][info][gc] GC(3705) Pause Young (Normal) (G1 Evacuation Pause) 797M->296M(912M) 2.896ms
[595.149s][info][gc] GC(3706) Pause Young (Normal) (G1 Evacuation Pause) 800M->302M(912M) 3.129ms
[595.285s][info][gc] GC(3707) Pause Young (Normal) (G1 Evacuation Pause) 802M->305M(912M) 3.359ms
[595.416s][info][gc] GC(3708) Pause Young (Normal) (G1 Evacuation Pause) 809M->312M(912M) 3.171ms
[595.551s][info][gc] GC(3709) Pause Young (Normal) (G1 Evacuation Pause) 812M->315M(912M) 3.107ms
[595.681s][info][gc] GC(3710) Pause Young (Normal) (G1 Evacuation Pause) 819M->317M(912M) 3.098ms
[595.808s][info][gc] GC(3711) Pause Young (Normal) (G1 Evacuation Pause) 817M->323M(912M) 3.083ms
[595.941s][info][gc] GC(3712) Pause Young (Normal) (G1 Evacuation Pause) 819M->328M(912M) 3.100ms
[596.072s][info][gc] GC(3713) Pause Young (Normal) (G1 Evacuation Pause) 820M->331M(912M) 3.053ms
[596.197s][info][gc] GC(3714) Pause Young (Normal) (G1 Evacuation Pause) 819M->337M(912M) 3.253ms
[596.330s][info][gc] GC(3715) Pause Young (Normal) (G1 Evacuation Pause) 821M->337M(912M) 2.913ms
[596.596s][info][gc] GC(3716) Pause Young (Normal) (G1 Evacuation Pause) 825M->341M(912M) 2.796ms
[596.917s][info][gc] GC(3717) Pause Young (Normal) (G1 Evacuation Pause) 821M->342M(912M) 2.838ms
[597.233s][info][gc] GC(3718) Pause Young (Normal) (G1 Evacuation Pause) 818M->345M(912M) 2.837ms
[597.548s][info][gc] GC(3719) Pause Young (Normal) (G1 Evacuation Pause) 821M->350M(912M) 3.077ms
[597.855s][info][gc] GC(3720) Pause Young (Concurrent Start) (G1 Evacuation Pause) 814M->354M(912M) 3.155ms
[597.855s][info][gc] GC(3721) Concurrent Mark Cycle
[597.864s][info][gc] GC(3721) Pause Remark 368M->142M(456M) 0.462ms
[597.867s][info][gc] GC(3721) Pause Cleanup 146M->146M(456M) 0.053ms
[597.867s][info][gc] GC(3721) Concurrent Mark Cycle 12.163ms
[598.005s][info][gc] GC(3722) Pause Young (Prepare Mixed) (G1 Evacuation Pause) 360M->131M(456M) 2.658ms
[598.173s][info][gc] GC(3723) Pause Young (Mixed) (G1 Evacuation Pause) 379M->109M(456M) 1.815ms
[598.335s][info][gc] GC(3724) Pause Young (Normal) (G1 Evacuation Pause) 361M->110M(456M) 1.635ms
[598.495s][info][gc] GC(3725) Pause Young (Normal) (G1 Evacuation Pause) 358M->112M(456M) 1.906ms
[598.668s][info][gc] GC(3726) Pause Young (Normal) (G1 Evacuation Pause) 364M->113M(456M) 1.657ms
[598.830s][info][gc] GC(3727) Pause Young (Normal) (G1 Evacuation Pause) 365M->116M(456M) 1.799ms
[599.000s][info][gc] GC(3728) Pause Young (Normal) (G1 Evacuation Pause) 368M->117M(456M) 1.812ms
[599.167s][info][gc] GC(3729) Pause Young (Normal) (G1 Evacuation Pause) 365M->120M(456M) 1.779ms
[599.337s][info][gc] GC(3730) Pause Young (Normal) (G1 Evacuation Pause) 372M->122M(456M) 1.734ms
[599.509s][info][gc] GC(3731) Pause Young (Normal) (G1 Evacuation Pause) 370M->124M(456M) 1.771ms
[599.676s][info][gc] GC(3732) Pause Young (Normal) (G1 Evacuation Pause) 372M->126M(456M) 1.882ms
[599.843s][info][gc] GC(3733) Pause Young (Normal) (G1 Evacuation Pause) 374M->128M(456M) 1.809ms
[600.015s][info][gc] GC(3734) Pause Young (Normal) (G1 Evacuation Pause) 376M->131M(456M) 1.851ms
[600.176s][info][gc] GC(3735) Pause Young (Normal) (G1 Evacuation Pause) 379M->133M(456M) 1.797ms
[600.348s][info][gc] GC(3736) Pause Young (Normal) (G1 Evacuation Pause) 381M->135M(456M) 1.773ms
[600.514s][info][gc] GC(3737) Pause Young (Normal) (G1 Evacuation Pause) 383M->136M(456M) 1.754ms
[600.678s][info][gc] GC(3738) Pause Young (Normal) (G1 Evacuation Pause) 384M->139M(456M) 1.841ms
[600.846s][info][gc] GC(3739) Pause Young (Normal) (G1 Evacuation Pause) 387M->141M(456M) 1.771ms
[601.013s][info][gc] GC(3740) Pause Young (Normal) (G1 Evacuation Pause) 389M->142M(456M) 1.836ms
[601.180s][info][gc] GC(3741) Pause Young (Normal) (G1 Evacuation Pause) 390M->145M(456M) 1.760ms
[601.346s][info][gc] GC(3742) Pause Young (Normal) (G1 Evacuation Pause) 393M->147M(456M) 1.876ms
[601.508s][info][gc] GC(3743) Pause Young (Normal) (G1 Evacuation Pause) 395M->149M(456M) 1.778ms
[601.723s][info][gc] GC(3744) Pause Young (Normal) (G1 Evacuation Pause) 397M->150M(456M) 1.608ms
[602.196s][info][gc] GC(3745) Pause Young (Normal) (G1 Evacuation Pause) 398M->151M(456M) 1.633ms
[602.671s][info][gc] GC(3746) Pause Young (Normal) (G1 Evacuation Pause) 399M->154M(456M) 1.756ms
[603.132s][info][gc] GC(3747) Pause Young (Normal) (G1 Evacuation Pause) 402M->155M(456M) 1.823ms
[603.622s][info][gc] GC(3748) Pause Young (Normal) (G1 Evacuation Pause) 407M->157M(456M) 1.597ms
[604.087s][info][gc] GC(3749) Pause Young (Normal) (G1 Evacuation Pause) 401M->160M(456M) 1.644ms
[604.553s][info][gc] GC(3750) Pause Young (Normal) (G1 Evacuation Pause) 400M->163M(456M) 1.913ms
[605.021s][info][gc] GC(3751) Pause Young (Normal) (G1 Evacuation Pause) 399M->165M(456M) 1.664ms
[605.474s][info][gc] GC(3752) Pause Young (Normal) (G1 Evacuation Pause) 401M->165M(456M) 1.656ms
[605.920s][info][gc] GC(3753) Pause Young (Normal) (G1 Evacuation Pause) 397M->167M(456M) 1.738ms
[606.367s][info][gc] GC(3754) Pause Young (Normal) (G1 Evacuation Pause) 403M->170M(456M) 1.573ms
[606.630s][info][gc] GC(3755) Pause Young (Normal) (G1 Evacuation Pause) 406M->177M(456M) 2.070ms
[606.714s][info][gc] GC(3756) Pause Young (Concurrent Start) (G1 Evacuation Pause) 393M->179M(456M) 2.234ms
[606.714s][info][gc] GC(3757) Concurrent Mark Cycle
[606.724s][info][gc] GC(3757) Pause Remark 209M->137M(376M) 0.422ms
[606.730s][info][gc] GC(3757) Pause Cleanup 155M->155M(376M) 0.047ms
[606.731s][info][gc] GC(3757) Concurrent Mark Cycle 16.561ms
[606.785s][info][gc] GC(3758) Pause Young (Prepare Mixed) (G1 Evacuation Pause) 311M->108M(376M) 1.638ms
[606.868s][info][gc] GC(3759) Pause Young (Mixed) (G1 Evacuation Pause) 316M->80M(376M) 1.765ms
[606.947s][info][gc] GC(3760) Pause Young (Normal) (G1 Evacuation Pause) 284M->82M(376M) 1.654ms
[607.022s][info][gc] GC(3761) Pause Young (Normal) (G1 Evacuation Pause) 290M->84M(376M) 1.592ms
[607.096s][info][gc] GC(3762) Pause Young (Normal) (G1 Evacuation Pause) 288M->86M(452M) 1.692ms
[607.195s][info][gc] GC(3763) Pause Young (Normal) (G1 Evacuation Pause) 338M->89M(452M) 1.661ms
[607.284s][info][gc] GC(3764) Pause Young (Normal) (G1 Evacuation Pause) 337M->89M(452M) 1.637ms
[607.374s][info][gc] GC(3765) Pause Young (Normal) (G1 Evacuation Pause) 337M->93M(452M) 1.776ms
[607.467s][info][gc] GC(3766) Pause Young (Normal) (G1 Evacuation Pause) 337M->94M(544M) 2.115ms
[607.587s][info][gc] GC(3767) Pause Young (Normal) (G1 Evacuation Pause) 398M->96M(544M) 2.009ms
[607.700s][info][gc] GC(3768) Pause Young (Normal) (G1 Evacuation Pause) 396M->98M(544M) 1.994ms
[607.815s][info][gc] GC(3769) Pause Young (Normal) (G1 Evacuation Pause) 398M->100M(544M) 2.256ms
[607.931s][info][gc] GC(3770) Pause Young (Normal) (G1 Evacuation Pause) 396M->105M(544M) 2.298ms
[608.045s][info][gc] GC(3771) Pause Young (Normal) (G1 Evacuation Pause) 401M->107M(544M) 2.179ms
[608.156s][info][gc] GC(3772) Pause Young (Normal) (G1 Evacuation Pause) 403M->110M(656M) 2.207ms
[608.297s][info][gc] GC(3773) Pause Young (Normal) (G1 Evacuation Pause) 474M->112M(656M) 2.315ms
[608.436s][info][gc] GC(3774) Pause Young (Normal) (G1 Evacuation Pause) 472M->114M(656M) 2.494ms
[608.706s][info][gc] GC(3775) Pause Young (Normal) (G1 Evacuation Pause) 474M->120M(656M) 2.398ms
[608.836s][info][gc] GC(3776) Pause Young (Normal) (G1 Evacuation Pause) 476M->121M(656M) 2.551ms
[608.970s][info][gc] GC(3777) Pause Young (Normal) (G1 Evacuation Pause) 481M->126M(656M) 2.496ms
[609.105s][info][gc] GC(3778) Pause Young (Normal) (G1 Evacuation Pause) 486M->129M(656M) 2.433ms
[609.235s][info][gc] GC(3779) Pause Young (Normal) (G1 Evacuation Pause) 485M->130M(656M) 2.531ms
[609.378s][info][gc] GC(3780) Pause Young (Normal) (G1 Evacuation Pause) 490M->133M(656M) 2.445ms
[609.519s][info][gc] GC(3781) Pause Young (Normal) (G1 Evacuation Pause) 493M->138M(656M) 3.015ms
[609.652s][info][gc] GC(3782) Pause Young (Normal) (G1 Evacuation Pause) 498M->141M(656M) 2.497ms
[609.788s][info][gc] GC(3783) Pause Young (Normal) (G1 Evacuation Pause) 501M->143M(656M) 2.906ms
[609.923s][info][gc] GC(3784) Pause Young (Normal) (G1 Evacuation Pause) 503M->145M(656M) 2.424ms
[610.059s][info][gc] GC(3785) Pause Young (Normal) (G1 Evacuation Pause) 505M->148M(656M) 2.493ms
[610.199s][info][gc] GC(3786) Pause Young (Normal) (G1 Evacuation Pause) 508M->151M(656M) 2.456ms
[610.336s][info][gc] GC(3787) Pause Young (Normal) (G1 Evacuation Pause) 511M->154M(656M) 2.489ms
[610.481s][info][gc] GC(3788) Pause Young (Normal) (G1 Evacuation Pause) 514M->159M(656M) 2.486ms
[610.631s][info][gc] GC(3789) Pause Young (Normal) (G1 Evacuation Pause) 519M->158M(656M) 2.682ms
[610.849s][info][gc] GC(3790) Pause Young (Normal) (G1 Evacuation Pause) 522M->163M(656M) 2.257ms
[611.000s][info][gc] GC(3791) Pause Young (Normal) (G1 Evacuation Pause) 523M->168M(656M) 3.023ms
[611.139s][info][gc] GC(3792) Pause Young (Normal) (G1 Evacuation Pause) 524M->171M(656M) 2.763ms
[611.273s][info][gc] GC(3793) Pause Young (Normal) (G1 Evacuation Pause) 531M->174M(656M) 2.548ms
[611.408s][info][gc] GC(3794) Pause Young (Normal) (G1 Evacuation Pause) 534M->177M(656M) 2.554ms
[611.536s][info][gc] GC(3795) Pause Young (Normal) (G1 Evacuation Pause) 537M->180M(656M) 2.985ms
[611.669s][info][gc] GC(3796) Pause Young (Normal) (G1 Evacuation Pause) 540M->182M(656M) 2.454ms
[611.808s][info][gc] GC(3797) Pause Young (Normal) (G1 Evacuation Pause) 542M->186M(656M) 2.362ms
[611.940s][info][gc] GC(3798) Pause Young (Normal) (G1 Evacuation Pause) 546M->188M(656M) 2.447ms
[612.068s][info][gc] GC(3799) Pause Young (Normal) (G1 Evacuation Pause) 548M->192M(656M) 2.349ms
[612.198s][info][gc] GC(3800) Pause Young (Normal) (G1 Evacuation Pause) 552M->196M(656M) 2.277ms
[612.333s][info][gc] GC(3801) Pause Young (Normal) (G1 Evacuation Pause) 556M->197M(656M) 2.346ms
[612.470s][info][gc] GC(3802) Pause Young (Normal) (G1 Evacuation Pause) 557M->199M(656M) 2.340ms
[612.608s][info][gc] GC(3803) Pause Young (Normal) (G1 Evacuation Pause) 559M->204M(656M) 2.352ms
[612.849s][info][gc] GC(3804) Pause Young (Normal) (G1 Evacuation Pause) 560M->209M(656M) 2.501ms
[612.980s][info][gc] GC(3805) Pause Young (Normal) (G1 Evacuation Pause) 569M->210M(656M) 2.413ms
[613.109s][info][gc] GC(3806) Pause Young (Normal) (G1 Evacuation Pause) 570M->212M(656M) 2.307ms
[613.247s][info][gc] GC(3807) Pause Young (Normal) (G1 Evacuation Pause) 572M->216M(656M) 2.448ms
[613.378s][info][gc] GC(3808) Pause Young (Normal) (G1 Evacuation Pause) 576M->219M(656M) 2.480ms
[613.510s][info][gc] GC(3809) Pause Young (Normal) (G1 Evacuation Pause) 579M->222M(656M) 2.481ms
[613.641s][info][gc] GC(3810) Pause Young (Normal) (G1 Evacuation Pause) 582M->225M(656M) 2.464ms
[613.771s][info][gc] GC(3811) Pause Young (Normal) (G1 Evacuation Pause) 585M->227M(656M) 3.039ms
[613.908s][info][gc] GC(3812) Pause Young (Normal) (G1 Evacuation Pause) 583M->232M(656M) 2.565ms
[614.035s][info][gc] GC(3813) Pause Young (Normal) (G1 Evacuation Pause) 584M->235M(656M) 2.565ms
[614.161s][info][gc] GC(3814) Pause Young (Normal) (G1 Evacuation Pause) 583M->237M(656M) 2.448ms
[614.289s][info][gc] GC(3815) Pause Young (Normal) (G1 Evacuation Pause) 581M->239M(656M) 2.277ms
[614.418s][info][gc] GC(3816) Pause Young (Normal) (G1 Evacuation Pause) 583M->242M(656M) 2.472ms
[614.548s][info][gc] GC(3817) Pause Young (Normal) (G1 Evacuation Pause) 590M->247M(656M) 2.305ms
[614.696s][info][gc] GC(3818) Pause Young (Normal) (G1 Evacuation Pause) 583M->246M(656M) 2.025ms
[614.917s][info][gc] GC(3819) Pause Young (Concurrent Start) (G1 Evacuation Pause) 586M->252M(656M) 2.296ms
[614.917s][info][gc] GC(3820) Concurrent Mark Cycle
[614.927s][info][gc] GC(3820) Pause Remark 274M->134M(388M) 0.491ms
[614.930s][info][gc] GC(3820) Pause Cleanup 136M->136M(388M) 0.054ms
[614.930s][info][gc] GC(3820) Concurrent Mark Cycle 13.400ms
[615.000s][info][gc] GC(3821) Pause Young (Prepare Mixed) (G1 Evacuation Pause) 312M->114M(388M) 2.457ms
[615.080s][info][gc] GC(3822) Pause Young (Mixed) (G1 Evacuation Pause) 326M->82M(388M) 2.038ms
[615.155s][info][gc] GC(3823) Pause Young (Normal) (G1 Evacuation Pause) 298M->82M(468M) 1.440ms
[615.251s][info][gc] GC(3824) Pause Young (Normal) (G1 Evacuation Pause) 346M->86M(468M) 1.764ms
[615.351s][info][gc] GC(3825) Pause Young (Normal) (G1 Evacuation Pause) 346M->88M(468M) 1.792ms
[615.447s][info][gc] GC(3826) Pause Young (Normal) (G1 Evacuation Pause) 348M->90M(468M) 1.780ms
[615.545s][info][gc] GC(3827) Pause Young (Normal) (G1 Evacuation Pause) 350M->93M(564M) 1.977ms
[615.661s][info][gc] GC(3828) Pause Young (Normal) (G1 Evacuation Pause) 409M->95M(564M) 2.024ms
[615.775s][info][gc] GC(3829) Pause Young (Normal) (G1 Evacuation Pause) 407M->98M(564M) 2.097ms
[615.888s][info][gc] GC(3830) Pause Young (Normal) (G1 Evacuation Pause) 406M->99M(564M) 2.269ms
[616.003s][info][gc] GC(3831) Pause Young (Normal) (G1 Evacuation Pause) 407M->103M(564M) 2.224ms
[616.118s][info][gc] GC(3832) Pause Young (Normal) (G1 Evacuation Pause) 411M->105M(564M) 2.119ms
[616.228s][info][gc] GC(3833) Pause Young (Normal) (G1 Evacuation Pause) 413M->106M(564M) 2.114ms
[616.365s][info][gc] GC(3834) Pause Young (Normal) (G1 Evacuation Pause) 418M->110M(680M) 2.874ms
[616.510s][info][gc] GC(3835) Pause Young (Normal) (G1 Evacuation Pause) 490M->113M(680M) 2.263ms
[616.647s][info][gc] GC(3836) Pause Young (Normal) (G1 Evacuation Pause) 489M->116M(680M) 2.274ms
[616.905s][info][gc] GC(3837) Pause Young (Normal) (G1 Evacuation Pause) 492M->122M(680M) 2.521ms
[617.041s][info][gc] GC(3838) Pause Young (Normal) (G1 Evacuation Pause) 494M->124M(680M) 2.590ms
[617.176s][info][gc] GC(3839) Pause Young (Normal) (G1 Evacuation Pause) 500M->126M(680M) 2.440ms
[617.319s][info][gc] GC(3840) Pause Young (Normal) (G1 Evacuation Pause) 502M->131M(680M) 2.462ms
[617.460s][info][gc] GC(3841) Pause Young (Normal) (G1 Evacuation Pause) 503M->133M(680M) 2.636ms
[617.593s][info][gc] GC(3842) Pause Young (Normal) (G1 Evacuation Pause) 509M->136M(680M) 2.504ms
[617.726s][info][gc] GC(3843) Pause Young (Normal) (G1 Evacuation Pause) 512M->139M(680M) 2.454ms
[617.865s][info][gc] GC(3844) Pause Young (Normal) (G1 Evacuation Pause) 515M->140M(680M) 2.426ms
[618.007s][info][gc] GC(3845) Pause Young (Normal) (G1 Evacuation Pause) 516M->145M(680M) 2.591ms
[618.143s][info][gc] GC(3846) Pause Young (Normal) (G1 Evacuation Pause) 521M->148M(680M) 2.345ms
[618.282s][info][gc] GC(3847) Pause Young (Normal) (G1 Evacuation Pause) 524M->152M(680M) 2.294ms
[618.417s][info][gc] GC(3848) Pause Young (Normal) (G1 Evacuation Pause) 528M->155M(680M) 2.364ms
[618.557s][info][gc] GC(3849) Pause Young (Normal) (G1 Evacuation Pause) 531M->156M(680M) 2.306ms
[618.698s][info][gc] GC(3850) Pause Young (Normal) (G1 Evacuation Pause) 532M->160M(680M) 2.393ms
[618.929s][info][gc] GC(3851) Pause Young (Normal) (G1 Evacuation Pause) 536M->165M(680M) 2.458ms
[619.061s][info][gc] GC(3852) Pause Young (Normal) (G1 Evacuation Pause) 541M->168M(680M) 2.442ms
[619.207s][info][gc] GC(3853) Pause Young (Normal) (G1 Evacuation Pause) 544M->172M(680M) 2.564ms
[619.342s][info][gc] GC(3854) Pause Young (Normal) (G1 Evacuation Pause) 548M->175M(680M) 2.538ms
[619.485s][info][gc] GC(3855) Pause Young (Normal) (G1 Evacuation Pause) 551M->178M(680M) 2.658ms
[619.622s][info][gc] GC(3856) Pause Young (Normal) (G1 Evacuation Pause) 554M->181M(680M) 2.497ms
[619.764s][info][gc] GC(3857) Pause Young (Normal) (G1 Evacuation Pause) 557M->183M(680M) 2.422ms
[619.908s][info][gc] GC(3858) Pause Young (Normal) (G1 Evacuation Pause) 559M->187M(680M) 2.554ms
[620.047s][info][gc] GC(3859) Pause Young (Normal) (G1 Evacuation Pause) 563M->192M(680M) 2.647ms
[620.182s][info][gc] GC(3860) Pause Young (Normal) (G1 Evacuation Pause) 568M->194M(680M) 2.396ms
[620.320s][info][gc] GC(3861) Pause Young (Normal) (G1 Evacuation Pause) 570M->196M(680M) 2.339ms
[620.461s][info][gc] GC(3862) Pause Young (Normal) (G1 Evacuation Pause) 572M->199M(680M) 2.387ms
[620.599s][info][gc] GC(3863) Pause Young (Normal) (G1 Evacuation Pause) 575M->203M(680M) 2.432ms
[620.748s][info][gc] GC(3864) Pause Young (Normal) (G1 Evacuation Pause) 579M->205M(680M) 2.439ms
[620.990s][info][gc] GC(3865) Pause Young (Normal) (G1 Evacuation Pause) 581M->209M(680M) 2.682ms
[621.128s][info][gc] GC(3866) Pause Young (Normal) (G1 Evacuation Pause) 581M->214M(680M) 2.656ms
[621.263s][info][gc] GC(3867) Pause Young (Normal) (G1 Evacuation Pause) 590M->217M(680M) 2.566ms
[621.404s][info][gc] GC(3868) Pause Young (Normal) (G1 Evacuation Pause) 593M->219M(680M) 2.526ms
[621.543s][info][gc] GC(3869) Pause Young (Normal) (G1 Evacuation Pause) 595M->223M(680M) 2.555ms
[621.680s][info][gc] GC(3870) Pause Young (Normal) (G1 Evacuation Pause) 599M->227M(680M) 2.531ms
[621.816s][info][gc] GC(3871) Pause Young (Normal) (G1 Evacuation Pause) 603M->230M(680M) 2.557ms
[621.954s][info][gc] GC(3872) Pause Young (Normal) (G1 Evacuation Pause) 602M->232M(680M) 2.537ms
[622.090s][info][gc] GC(3873) Pause Young (Normal) (G1 Evacuation Pause) 608M->235M(680M) 2.601ms
[622.234s][info][gc] GC(3874) Pause Young (Normal) (G1 Evacuation Pause) 607M->238M(680M) 2.357ms
[622.370s][info][gc] GC(3875) Pause Young (Normal) (G1 Evacuation Pause) 606M->242M(680M) 2.503ms
[622.502s][info][gc] GC(3876) Pause Young (Normal) (G1 Evacuation Pause) 610M->243M(680M) 2.348ms
[622.640s][info][gc] GC(3877) Pause Young (Normal) (G1 Evacuation Pause) 615M->249M(680M) 2.419ms
[622.883s][info][gc] GC(3878) Pause Young (Normal) (G1 Evacuation Pause) 609M->251M(680M) 2.521ms
[623.009s][info][gc] GC(3879) Pause Young (Normal) (G1 Evacuation Pause) 607M->260M(680M) 2.810ms
[623.129s][info][gc] GC(3880) Pause Young (Normal) (G1 Evacuation Pause) 604M->264M(680M) 2.938ms
[623.247s][info][gc] GC(3881) Pause Young (Concurrent Start) (G1 Evacuation Pause) 608M->267M(680M) 2.713ms
[623.247s][info][gc] GC(3882) Concurrent Mark Cycle
[623.263s][info][gc] GC(3882) Pause Remark 319M->155M(348M) 0.442ms
[623.270s][info][gc] GC(3882) Pause Cleanup 171M->171M(348M) 0.057ms
[623.270s][info][gc] GC(3882) Concurrent Mark Cycle 23.031ms
[623.312s][info][gc] GC(3883) Pause Young (Prepare Mixed) (G1 Evacuation Pause) 283M->105M(348M) 2.379ms
[623.378s][info][gc] GC(3884) Pause Young (Mixed) (G1 Evacuation Pause) 297M->89M(348M) 1.530ms
[623.447s][info][gc] GC(3885) Pause Young (Normal) (G1 Evacuation Pause) 281M->90M(348M) 1.524ms
[623.512s][info][gc] GC(3886) Pause Young (Normal) (G1 Evacuation Pause) 282M->92M(440M) 1.611ms
[623.599s][info][gc] GC(3887) Pause Young (Normal) (G1 Evacuation Pause) 340M->95M(440M) 1.610ms
[623.681s][info][gc] GC(3888) Pause Young (Normal) (G1 Evacuation Pause) 339M->97M(440M) 1.652ms
[623.761s][info][gc] GC(3889) Pause Young (Normal) (G1 Evacuation Pause) 341M->97M(440M) 1.663ms
[623.844s][info][gc] GC(3890) Pause Young (Normal) (G1 Evacuation Pause) 341M->100M(528M) 1.900ms
[623.942s][info][gc] GC(3891) Pause Young (Normal) (G1 Evacuation Pause) 392M->104M(528M) 1.939ms
[624.044s][info][gc] GC(3892) Pause Young (Normal) (G1 Evacuation Pause) 396M->105M(528M) 2.301ms
[624.141s][info][gc] GC(3893) Pause Young (Normal) (G1 Evacuation Pause) 397M->107M(528M) 2.025ms
[624.237s][info][gc] GC(3894) Pause Young (Normal) (G1 Evacuation Pause) 399M->110M(636M) 1.996ms
[624.364s][info][gc] GC(3895) Pause Young (Normal) (G1 Evacuation Pause) 466M->112M(636M) 2.212ms
[624.489s][info][gc] GC(3896) Pause Young (Normal) (G1 Evacuation Pause) 464M->116M(636M) 2.310ms
[624.608s][info][gc] GC(3897) Pause Young (Normal) (G1 Evacuation Pause) 464M->119M(636M) 2.668ms
[624.728s][info][gc] GC(3898) Pause Young (Normal) (G1 Evacuation Pause) 467M->122M(636M) 2.237ms
[624.851s][info][gc] GC(3899) Pause Young (Normal) (G1 Evacuation Pause) 470M->125M(636M) 2.463ms
[624.972s][info][gc] GC(3900) Pause Young (Normal) (G1 Evacuation Pause) 477M->127M(636M) 2.305ms
[625.095s][info][gc] GC(3901) Pause Young (Normal) (G1 Evacuation Pause) 479M->130M(636M) 2.269ms
[625.212s][info][gc] GC(3902) Pause Young (Normal) (G1 Evacuation Pause) 482M->134M(636M) 2.334ms
[625.335s][info][gc] GC(3903) Pause Young (Normal) (G1 Evacuation Pause) 482M->138M(636M) 2.411ms
[625.459s][info][gc] GC(3904) Pause Young (Normal) (G1 Evacuation Pause) 486M->141M(636M) 2.612ms
[625.576s][info][gc] GC(3905) Pause Young (Normal) (G1 Evacuation Pause) 493M->144M(636M) 2.315ms
[625.695s][info][gc] GC(3906) Pause Young (Normal) (G1 Evacuation Pause) 496M->144M(636M) 2.318ms
[625.813s][info][gc] GC(3907) Pause Young (Normal) (G1 Evacuation Pause) 496M->150M(636M) 2.399ms
[625.932s][info][gc] GC(3908) Pause Young (Normal) (G1 Evacuation Pause) 498M->152M(636M) 2.426ms
[626.052s][info][gc] GC(3909) Pause Young (Normal) (G1 Evacuation Pause) 504M->156M(636M) 2.526ms
[626.170s][info][gc] GC(3910) Pause Young (Normal) (G1 Evacuation Pause) 508M->159M(636M) 2.258ms
[626.287s][info][gc] GC(3911) Pause Young (Normal) (G1 Evacuation Pause) 507M->161M(636M) 2.372ms
[626.404s][info][gc] GC(3912) Pause Young (Normal) (G1 Evacuation Pause) 509M->164M(636M) 2.390ms
[626.520s][info][gc] GC(3913) Pause Young (Normal) (G1 Evacuation Pause) 512M->168M(636M) 2.571ms
[626.637s][info][gc] GC(3914) Pause Young (Normal) (G1 Evacuation Pause) 516M->169M(636M) 2.304ms
[626.755s][info][gc] GC(3915) Pause Young (Normal) (G1 Evacuation Pause) 517M->171M(636M) 2.369ms
[626.873s][info][gc] GC(3916) Pause Young (Normal) (G1 Evacuation Pause) 523M->174M(636M) 2.378ms
[626.994s][info][gc] GC(3917) Pause Young (Normal) (G1 Evacuation Pause) 522M->177M(636M) 2.360ms
[627.117s][info][gc] GC(3918) Pause Young (Normal) (G1 Evacuation Pause) 525M->182M(636M) 2.646ms
[627.235s][info][gc] GC(3919) Pause Young (Normal) (G1 Evacuation Pause) 530M->183M(636M) 2.454ms
[627.357s][info][gc] GC(3920) Pause Young (Normal) (G1 Evacuation Pause) 531M->186M(636M) 2.559ms
[627.480s][info][gc] GC(3921) Pause Young (Normal) (G1 Evacuation Pause) 534M->191M(636M) 2.374ms
[627.598s][info][gc] GC(3922) Pause Young (Normal) (G1 Evacuation Pause) 539M->192M(636M) 2.324ms
[627.719s][info][gc] GC(3923) Pause Young (Normal) (G1 Evacuation Pause) 544M->198M(636M) 2.407ms
[627.839s][info][gc] GC(3924) Pause Young (Normal) (G1 Evacuation Pause) 546M->200M(636M) 2.390ms
[627.957s][info][gc] GC(3925) Pause Young (Normal) (G1 Evacuation Pause) 548M->201M(636M) 2.277ms
[628.074s][info][gc] GC(3926) Pause Young (Normal) (G1 Evacuation Pause) 553M->203M(636M) 2.154ms
[628.195s][info][gc] GC(3927) Pause Young (Normal) (G1 Evacuation Pause) 555M->206M(636M) 2.300ms
[628.313s][info][gc] GC(3928) Pause Young (Normal) (G1 Evacuation Pause) 558M->211M(636M) 2.306ms
[628.430s][info][gc] GC(3929) Pause Young (Normal) (G1 Evacuation Pause) 559M->213M(636M) 2.272ms
[628.550s][info][gc] GC(3930) Pause Young (Normal) (G1 Evacuation Pause) 561M->217M(636M) 2.362ms
[628.670s][info][gc] GC(3931) Pause Young (Normal) (G1 Evacuation Pause) 565M->219M(636M) 2.434ms
[628.789s][info][gc] GC(3932) Pause Young (Normal) (G1 Evacuation Pause) 563M->223M(636M) 2.368ms
[628.904s][info][gc] GC(3933) Pause Young (Normal) (G1 Evacuation Pause) 563M->225M(636M) 2.343ms
[629.016s][info][gc] GC(3934) Pause Young (Normal) (G1 Evacuation Pause) 561M->228M(636M) 2.385ms
[629.133s][info][gc] GC(3935) Pause Young (Normal) (G1 Evacuation Pause) 564M->231M(636M) 2.400ms
[629.246s][info][gc] GC(3936) Pause Young (Normal) (G1 Evacuation Pause) 563M->235M(636M) 2.320ms
[629.362s][info][gc] GC(3937) Pause Young (Normal) (G1 Evacuation Pause) 563M->238M(636M) 2.362ms
[629.472s][info][gc] GC(3938) Pause Young (Normal) (G1 Evacuation Pause) 562M->239M(636M) 2.274ms
[629.585s][info][gc] GC(3939) Pause Young (Concurrent Start) (G1 Evacuation Pause) 567M->244M(636M) 2.449ms
[629.585s][info][gc] GC(3940) Concurrent Mark Cycle
[629.630s][info][gc] GC(3940) Pause Remark 363M->355M(636M) 0.429ms
[629.672s][info][gc] GC(3940) Pause Cleanup 469M->469M(636M) 0.052ms
[629.673s][info][gc] GC(3940) Concurrent Mark Cycle 88.464ms
[629.711s][info][gc] GC(3941) Pause Young (Prepare Mixed) (G1 Evacuation Pause) 556M->237M(636M) 2.655ms
[629.823s][info][gc] GC(3942) Pause Young (Mixed) (G1 Evacuation Pause) 565M->234M(636M) 2.447ms
[629.938s][info][gc] GC(3943) Pause Young (Normal) (G1 Evacuation Pause) 570M->237M(636M) 2.263ms
[630.052s][info][gc] GC(3944) Pause Young (Normal) (G1 Evacuation Pause) 569M->238M(636M) 2.208ms
[630.163s][info][gc] GC(3945) Pause Young (Concurrent Start) (G1 Evacuation Pause) 566M->240M(636M) 2.194ms
[630.163s][info][gc] GC(3946) Concurrent Mark Cycle
[630.218s][info][gc] GC(3946) Pause Remark 392M->392M(636M) 0.419ms
[630.258s][info][gc] GC(3946) Pause Cleanup 485M->485M(636M) 0.052ms
[630.259s][info][gc] GC(3946) Concurrent Mark Cycle 95.531ms
[630.288s][info][gc] GC(3947) Pause Young (Prepare Mixed) (G1 Evacuation Pause) 568M->245M(636M) 2.466ms
[630.400s][info][gc] GC(3948) Pause Young (Mixed) (G1 Evacuation Pause) 569M->243M(636M) 2.588ms
[630.511s][info][gc] GC(3949) Pause Young (Concurrent Start) (G1 Evacuation Pause) 575M->247M(864M) 2.251ms
[630.511s][info][gc] GC(3950) Concurrent Mark Cycle
[630.569s][info][gc] GC(3950) Pause Remark 390M->390M(828M) 0.407ms
[630.617s][info][gc] GC(3950) Pause Cleanup 527M->527M(828M) 0.050ms
[630.618s][info][gc] GC(3950) Concurrent Mark Cycle 106.513ms
[630.681s][info][gc] GC(3951) Pause Young (Prepare Mixed) (G1 Evacuation Pause) 715M->251M(828M) 2.494ms
[630.839s][info][gc] GC(3952) Pause Young (Mixed) (G1 Evacuation Pause) 715M->250M(828M) 2.777ms
[630.992s][info][gc] GC(3953) Pause Young (Normal) (G1 Evacuation Pause) 710M->255M(828M) 2.748ms
[631.147s][info][gc] GC(3954) Pause Young (Normal) (G1 Evacuation Pause) 711M->259M(828M) 2.833ms
[631.303s][info][gc] GC(3955) Pause Young (Normal) (G1 Evacuation Pause) 715M->266M(828M) 2.823ms
[631.458s][info][gc] GC(3956) Pause Young (Normal) (G1 Evacuation Pause) 718M->268M(828M) 3.393ms
[631.617s][info][gc] GC(3957) Pause Young (Normal) (G1 Evacuation Pause) 724M->275M(828M) 3.325ms
[631.766s][info][gc] GC(3958) Pause Young (Normal) (G1 Evacuation Pause) 727M->277M(828M) 2.869ms
[631.927s][info][gc] GC(3959) Pause Young (Normal) (G1 Evacuation Pause) 733M->279M(828M) 2.839ms
[632.090s][info][gc] GC(3960) Pause Young (Normal) (G1 Evacuation Pause) 739M->284M(828M) 2.862ms
[632.242s][info][gc] GC(3961) Pause Young (Normal) (G1 Evacuation Pause) 736M->287M(828M) 3.231ms
[632.393s][info][gc] GC(3962) Pause Young (Normal) (G1 Evacuation Pause) 739M->291M(828M) 2.977ms
[632.545s][info][gc] GC(3963) Pause Young (Normal) (G1 Evacuation Pause) 739M->295M(828M) 2.783ms
[632.697s][info][gc] GC(3964) Pause Young (Normal) (G1 Evacuation Pause) 747M->299M(828M) 2.799ms
[632.848s][info][gc] GC(3965) Pause Young (Normal) (G1 Evacuation Pause) 743M->305M(828M) 2.998ms
[632.995s][info][gc] GC(3966) Pause Young (Normal) (G1 Evacuation Pause) 741M->307M(828M) 2.793ms
[633.140s][info][gc] GC(3967) Pause Young (Normal) (G1 Evacuation Pause) 739M->311M(828M) 2.770ms
[633.286s][info][gc] GC(3968) Pause Young (Normal) (G1 Evacuation Pause) 739M->314M(828M) 2.797ms
[633.431s][info][gc] GC(3969) Pause Young (Normal) (G1 Evacuation Pause) 746M->316M(828M) 2.753ms
[633.577s][info][gc] GC(3970) Pause Young (Concurrent Start) (G1 Evacuation Pause) 744M->320M(828M) 2.692ms
[633.577s][info][gc] GC(3971) Concurrent Mark Cycle
[633.646s][info][gc] GC(3971) Pause Remark 512M->512M(828M) 0.418ms
[633.702s][info][gc] GC(3971) Pause Cleanup 667M->667M(828M) 0.061ms
[633.703s][info][gc] GC(3971) Concurrent Mark Cycle 125.439ms
[633.733s][info][gc] GC(3972) Pause Young (Prepare Mixed) (G1 Evacuation Pause) 744M->325M(828M) 2.826ms
[633.874s][info][gc] GC(3973) Pause Young (Mixed) (G1 Evacuation Pause) 745M->325M(828M) 3.198ms
[634.012s][info][gc] GC(3974) Pause Young (Concurrent Start) (G1 Evacuation Pause) 745M->328M(828M) 2.837ms
[634.012s][info][gc] GC(3975) Concurrent Mark Cycle
[634.097s][info][gc] GC(3975) Pause Remark 563M->563M(828M) 0.421ms
[634.165s][info][gc] GC(3976) Pause Young (Normal) (G1 Evacuation Pause) 744M->332M(828M) 2.701ms
[634.176s][info][gc] GC(3975) Pause Cleanup 366M->366M(828M) 0.057ms
[634.177s][info][gc] GC(3975) Concurrent Mark Cycle 164.567ms
[634.305s][info][gc] GC(3977) Pause Young (Prepare Mixed) (G1 Evacuation Pause) 744M->335M(828M) 2.882ms
[634.444s][info][gc] GC(3978) Pause Young (Mixed) (G1 Evacuation Pause) 743M->335M(828M) 2.992ms
[634.586s][info][gc] GC(3979) Pause Young (Concurrent Start) (G1 Evacuation Pause) 747M->342M(828M) 2.660ms
[634.586s][info][gc] GC(3980) Concurrent Mark Cycle
[634.664s][info][gc] GC(3980) Pause Remark 542M->542M(828M) 0.407ms
[634.723s][info][gc] GC(3980) Pause Cleanup 696M->696M(828M) 0.050ms
[634.723s][info][gc] GC(3980) Concurrent Mark Cycle 136.845ms
[634.741s][info][gc] GC(3981) Pause Young (Prepare Mixed) (G1 Evacuation Pause) 742M->344M(828M) 2.680ms
[634.882s][info][gc] GC(3982) Pause Young (Mixed) (G1 Evacuation Pause) 740M->348M(828M) 3.436ms
[635.016s][info][gc] GC(3983) Pause Young (Concurrent Start) (G1 Evacuation Pause) 744M->352M(828M) 2.735ms
[635.016s][info][gc] GC(3984) Concurrent Mark Cycle
[635.087s][info][gc] GC(3984) Pause Remark 538M->538M(828M) 0.442ms
[635.152s][info][gc] GC(3984) Pause Cleanup 711M->711M(828M) 0.054ms
[635.152s][info][gc] GC(3984) Concurrent Mark Cycle 135.764ms
[635.166s][info][gc] GC(3985) Pause Young (Prepare Mixed) (G1 Evacuation Pause) 744M->354M(828M) 2.607ms
[635.335s][info][gc] GC(3986) Pause Young (Mixed) (G1 Evacuation Pause) 742M->354M(828M) 2.715ms
[635.878s][info][gc] GC(3987) Pause Young (Concurrent Start) (G1 Evacuation Pause) 750M->355M(828M) 2.404ms
[635.878s][info][gc] GC(3988) Concurrent Mark Cycle
[635.885s][info][gc] GC(3988) Pause Remark 361M->121M(388M) 0.462ms
[635.888s][info][gc] GC(3988) Pause Cleanup 123M->123M(388M) 0.061ms
[635.888s][info][gc] GC(3988) Concurrent Mark Cycle 10.075ms
[636.264s][info][gc] GC(3989) Pause Young (Prepare Mixed) (G1 Evacuation Pause) 315M->118M(388M) 2.466ms
[636.664s][info][gc] GC(3990) Pause Young (Mixed) (G1 Evacuation Pause) 330M->85M(388M) 2.032ms
[637.076s][info][gc] GC(3991) Pause Young (Normal) (G1 Evacuation Pause) 305M->86M(388M) 1.334ms
[637.483s][info][gc] GC(3992) Pause Young (Normal) (G1 Evacuation Pause) 302M->89M(388M) 1.456ms
[637.900s][info][gc] GC(3993) Pause Young (Normal) (G1 Evacuation Pause) 305M->89M(388M) 1.633ms
[638.297s][info][gc] GC(3994) Pause Young (Normal) (G1 Evacuation Pause) 301M->92M(388M) 1.577ms
[638.697s][info][gc] GC(3995) Pause Young (Normal) (G1 Evacuation Pause) 304M->94M(388M) 1.706ms
[639.101s][info][gc] GC(3996) Pause Young (Normal) (G1 Evacuation Pause) 306M->96M(388M) 1.742ms
[639.501s][info][gc] GC(3997) Pause Young (Normal) (G1 Evacuation Pause) 308M->97M(388M) 1.618ms
[639.917s][info][gc] GC(3998) Pause Young (Normal) (G1 Evacuation Pause) 309M->99M(388M) 1.434ms
[640.327s][info][gc] GC(3999) Pause Young (Normal) (G1 Evacuation Pause) 311M->101M(388M) 1.574ms
[640.729s][info][gc] GC(4000) Pause Young (Normal) (G1 Evacuation Pause) 313M->102M(388M) 1.528ms
[641.132s][info][gc] GC(4001) Pause Young (Normal) (G1 Evacuation Pause) 314M->104M(388M) 1.715ms
[641.525s][info][gc] GC(4002) Pause Young (Normal) (G1 Evacuation Pause) 316M->107M(388M) 1.560ms
[641.928s][info][gc] GC(4003) Pause Young (Normal) (G1 Evacuation Pause) 319M->108M(388M) 1.486ms
[642.346s][info][gc] GC(4004) Pause Young (Normal) (G1 Evacuation Pause) 320M->110M(388M) 1.631ms
[642.764s][info][gc] GC(4005) Pause Young (Normal) (G1 Evacuation Pause) 322M->111M(388M) 1.481ms
[643.165s][info][gc] GC(4006) Pause Young (Normal) (G1 Evacuation Pause) 323M->113M(388M) 1.529ms
[643.567s][info][gc] GC(4007) Pause Young (Normal) (G1 Evacuation Pause) 325M->115M(388M) 1.522ms
[643.974s][info][gc] GC(4008) Pause Young (Normal) (G1 Evacuation Pause) 327M->117M(388M) 1.546ms
[644.378s][info][gc] GC(4009) Pause Young (Normal) (G1 Evacuation Pause) 329M->119M(388M) 1.560ms
[644.785s][info][gc] GC(4010) Pause Young (Normal) (G1 Evacuation Pause) 331M->120M(388M) 1.458ms
[645.081s][info][gc] GC(4011) Pause Young (Normal) (G1 Evacuation Pause) 332M->129M(388M) 1.994ms
[645.144s][info][gc] GC(4012) Pause Young (Normal) (G1 Evacuation Pause) 333M->131M(388M) 1.988ms
[645.219s][info][gc] GC(4013) Pause Young (Normal) (G1 Evacuation Pause) 339M->132M(388M) 1.706ms
[645.282s][info][gc] GC(4014) Pause Young (Normal) (G1 Evacuation Pause) 340M->132M(388M) 1.871ms
[645.362s][info][gc] GC(4015) Pause Young (Normal) (G1 Evacuation Pause) 340M->134M(388M) 1.727ms
[645.440s][info][gc] GC(4016) Pause Young (Normal) (G1 Evacuation Pause) 342M->137M(468M) 2.062ms
[645.519s][info][gc] GC(4017) Pause Young (Normal) (G1 Evacuation Pause) 393M->138M(468M) 1.947ms
[645.609s][info][gc] GC(4018) Pause Young (Normal) (G1 Evacuation Pause) 394M->140M(468M) 1.944ms
[645.698s][info][gc] GC(4019) Pause Young (Normal) (G1 Evacuation Pause) 396M->142M(468M) 2.034ms
[645.781s][info][gc] GC(4020) Pause Young (Normal) (G1 Evacuation Pause) 398M->146M(564M) 2.024ms
[645.888s][info][gc] GC(4021) Pause Young (Normal) (G1 Evacuation Pause) 458M->147M(564M) 2.070ms
[645.993s][info][gc] GC(4022) Pause Young (Normal) (G1 Evacuation Pause) 459M->150M(564M) 2.061ms
[646.101s][info][gc] GC(4023) Pause Young (Normal) (G1 Evacuation Pause) 458M->152M(564M) 2.209ms
[646.206s][info][gc] GC(4024) Pause Young (Normal) (G1 Evacuation Pause) 460M->158M(680M) 2.312ms
[646.334s][info][gc] GC(4025) Pause Young (Normal) (G1 Evacuation Pause) 534M->158M(680M) 2.434ms
[646.459s][info][gc] GC(4026) Pause Young (Normal) (G1 Evacuation Pause) 534M->162M(680M) 2.419ms
[646.590s][info][gc] GC(4027) Pause Young (Normal) (G1 Evacuation Pause) 538M->164M(680M) 2.487ms
[646.719s][info][gc] GC(4028) Pause Young (Normal) (G1 Evacuation Pause) 540M->169M(680M) 2.528ms
[646.956s][info][gc] GC(4029) Pause Young (Normal) (G1 Evacuation Pause) 545M->173M(680M) 2.555ms
[647.080s][info][gc] GC(4030) Pause Young (Normal) (G1 Evacuation Pause) 545M->176M(680M) 2.581ms
[647.205s][info][gc] GC(4031) Pause Young (Normal) (G1 Evacuation Pause) 552M->178M(680M) 2.495ms
[647.329s][info][gc] GC(4032) Pause Young (Normal) (G1 Evacuation Pause) 554M->180M(680M) 2.544ms
[647.458s][info][gc] GC(4033) Pause Young (Normal) (G1 Evacuation Pause) 556M->185M(680M) 2.639ms
[647.581s][info][gc] GC(4034) Pause Young (Normal) (G1 Evacuation Pause) 557M->187M(680M) 2.630ms
[647.708s][info][gc] GC(4035) Pause Young (Normal) (G1 Evacuation Pause) 563M->191M(680M) 2.464ms
[647.832s][info][gc] GC(4036) Pause Young (Normal) (G1 Evacuation Pause) 563M->194M(680M) 2.647ms
[647.957s][info][gc] GC(4037) Pause Young (Normal) (G1 Evacuation Pause) 566M->197M(680M) 2.649ms
[648.080s][info][gc] GC(4038) Pause Young (Normal) (G1 Evacuation Pause) 573M->201M(680M) 2.527ms
[648.204s][info][gc] GC(4039) Pause Young (Normal) (G1 Evacuation Pause) 577M->202M(680M) 2.449ms
[648.332s][info][gc] GC(4040) Pause Young (Normal) (G1 Evacuation Pause) 578M->206M(680M) 2.441ms
[648.459s][info][gc] GC(4041) Pause Young (Normal) (G1 Evacuation Pause) 582M->209M(680M) 2.404ms
[648.582s][info][gc] GC(4042) Pause Young (Normal) (G1 Evacuation Pause) 585M->213M(680M) 2.419ms
[648.836s][info][gc] GC(4043) Pause Young (Normal) (G1 Evacuation Pause) 589M->216M(680M) 2.489ms
[648.961s][info][gc] GC(4044) Pause Young (Normal) (G1 Evacuation Pause) 592M->220M(680M) 2.552ms
[649.086s][info][gc] GC(4045) Pause Young (Normal) (G1 Evacuation Pause) 592M->223M(680M) 2.557ms
[649.209s][info][gc] GC(4046) Pause Young (Normal) (G1 Evacuation Pause) 595M->226M(680M) 2.586ms
[649.336s][info][gc] GC(4047) Pause Young (Normal) (G1 Evacuation Pause) 598M->228M(680M) 2.569ms
[649.464s][info][gc] GC(4048) Pause Young (Normal) (G1 Evacuation Pause) 604M->234M(680M) 2.858ms
[649.594s][info][gc] GC(4049) Pause Young (Normal) (G1 Evacuation Pause) 610M->234M(680M) 2.481ms
[649.721s][info][gc] GC(4050) Pause Young (Normal) (G1 Evacuation Pause) 606M->238M(680M) 2.455ms
[649.849s][info][gc] GC(4051) Pause Young (Normal) (G1 Evacuation Pause) 610M->242M(680M) 2.614ms
[649.973s][info][gc] GC(4052) Pause Young (Normal) (G1 Evacuation Pause) 602M->245M(680M) 2.481ms
[650.100s][info][gc] GC(4053) Pause Young (Normal) (G1 Evacuation Pause) 609M->247M(680M) 2.467ms
[650.222s][info][gc] GC(4054) Pause Young (Normal) (G1 Evacuation Pause) 607M->250M(680M) 2.422ms
[650.342s][info][gc] GC(4055) Pause Young (Normal) (G1 Evacuation Pause) 610M->252M(680M) 2.418ms
[650.464s][info][gc] GC(4056) Pause Young (Normal) (G1 Evacuation Pause) 608M->257M(680M) 2.444ms
[650.703s][info][gc] GC(4057) Pause Young (Concurrent Start) (G1 Evacuation Pause) 609M->260M(680M) 2.532ms
[650.703s][info][gc] GC(4058) Concurrent Mark Cycle
[650.714s][info][gc] GC(4058) Pause Remark 295M->163M(440M) 0.456ms
[650.719s][info][gc] GC(4058) Pause Cleanup 174M->174M(440M) 0.050ms
[650.719s][info][gc] GC(4058) Concurrent Mark Cycle 16.315ms
[650.776s][info][gc] GC(4059) Pause Young (Prepare Mixed) (G1 Evacuation Pause) 360M->129M(440M) 2.140ms
[650.862s][info][gc] GC(4060) Pause Young (Mixed) (G1 Evacuation Pause) 369M->98M(440M) 2.147ms
[650.949s][info][gc] GC(4061) Pause Young (Normal) (G1 Evacuation Pause) 338M->101M(440M) 2.049ms
[651.021s][info][gc] GC(4062) Pause Young (Normal) (G1 Evacuation Pause) 341M->102M(440M) 1.765ms
[651.108s][info][gc] GC(4063) Pause Young (Normal) (G1 Evacuation Pause) 346M->106M(528M) 1.885ms
[651.207s][info][gc] GC(4064) Pause Young (Normal) (G1 Evacuation Pause) 398M->109M(528M) 2.185ms
[651.308s][info][gc] GC(4065) Pause Young (Normal) (G1 Evacuation Pause) 397M->110M(528M) 2.194ms
[651.404s][info][gc] GC(4066) Pause Young (Normal) (G1 Evacuation Pause) 402M->111M(528M) 2.031ms
[651.498s][info][gc] GC(4067) Pause Young (Normal) (G1 Evacuation Pause) 403M->116M(636M) 2.193ms
[651.621s][info][gc] GC(4068) Pause Young (Normal) (G1 Evacuation Pause) 468M->119M(636M) 2.224ms
[651.736s][info][gc] GC(4069) Pause Young (Normal) (G1 Evacuation Pause) 467M->121M(636M) 2.353ms
[651.855s][info][gc] GC(4070) Pause Young (Normal) (G1 Evacuation Pause) 469M->124M(636M) 2.384ms
[651.973s][info][gc] GC(4071) Pause Young (Normal) (G1 Evacuation Pause) 472M->128M(636M) 2.336ms
[652.095s][info][gc] GC(4072) Pause Young (Normal) (G1 Evacuation Pause) 476M->131M(636M) 2.332ms
[652.213s][info][gc] GC(4073) Pause Young (Normal) (G1 Evacuation Pause) 479M->134M(636M) 2.322ms
[652.332s][info][gc] GC(4074) Pause Young (Normal) (G1 Evacuation Pause) 482M->137M(636M) 2.351ms
[652.574s][info][gc] GC(4075) Pause Young (Normal) (G1 Evacuation Pause) 485M->139M(636M) 2.446ms
[652.689s][info][gc] GC(4076) Pause Young (Normal) (G1 Evacuation Pause) 491M->142M(636M) 2.283ms
[652.809s][info][gc] GC(4077) Pause Young (Normal) (G1 Evacuation Pause) 494M->145M(636M) 2.456ms
[652.927s][info][gc] GC(4078) Pause Young (Normal) (G1 Evacuation Pause) 497M->149M(636M) 2.350ms
[653.048s][info][gc] GC(4079) Pause Young (Normal) (G1 Evacuation Pause) 501M->151M(636M) 2.542ms
[653.167s][info][gc] GC(4080) Pause Young (Normal) (G1 Evacuation Pause) 503M->154M(636M) 2.270ms
[653.287s][info][gc] GC(4081) Pause Young (Normal) (G1 Evacuation Pause) 506M->157M(636M) 2.793ms
[653.421s][info][gc] GC(4082) Pause Young (Normal) (G1 Evacuation Pause) 509M->160M(636M) 2.626ms
[653.545s][info][gc] GC(4083) Pause Young (Normal) (G1 Evacuation Pause) 512M->164M(636M) 2.282ms
[653.663s][info][gc] GC(4084) Pause Young (Normal) (G1 Evacuation Pause) 512M->165M(636M) 2.338ms
[653.782s][info][gc] GC(4085) Pause Young (Normal) (G1 Evacuation Pause) 517M->170M(636M) 2.249ms
[653.899s][info][gc] GC(4086) Pause Young (Normal) (G1 Evacuation Pause) 518M->171M(636M) 2.415ms
[654.015s][info][gc] GC(4087) Pause Young (Normal) (G1 Evacuation Pause) 519M->173M(636M) 2.439ms
[654.131s][info][gc] GC(4088) Pause Young (Normal) (G1 Evacuation Pause) 525M->178M(636M) 2.359ms
[654.249s][info][gc] GC(4089) Pause Young (Normal) (G1 Evacuation Pause) 526M->181M(636M) 2.368ms
[654.496s][info][gc] GC(4090) Pause Young (Normal) (G1 Evacuation Pause) 529M->184M(636M) 2.455ms
[654.617s][info][gc] GC(4091) Pause Young (Normal) (G1 Evacuation Pause) 532M->188M(636M) 2.437ms
[654.737s][info][gc] GC(4092) Pause Young (Normal) (G1 Evacuation Pause) 540M->190M(636M) 2.397ms
[654.860s][info][gc] GC(4093) Pause Young (Normal) (G1 Evacuation Pause) 542M->193M(636M) 2.367ms
[654.981s][info][gc] GC(4094) Pause Young (Normal) (G1 Evacuation Pause) 545M->197M(636M) 2.385ms
[655.102s][info][gc] GC(4095) Pause Young (Normal) (G1 Evacuation Pause) 549M->199M(636M) 2.315ms
[655.218s][info][gc] GC(4096) Pause Young (Normal) (G1 Evacuation Pause) 551M->202M(636M) 2.315ms
[655.342s][info][gc] GC(4097) Pause Young (Normal) (G1 Evacuation Pause) 554M->205M(636M) 2.824ms
[655.460s][info][gc] GC(4098) Pause Young (Normal) (G1 Evacuation Pause) 557M->209M(636M) 2.321ms
[655.576s][info][gc] GC(4099) Pause Young (Normal) (G1 Evacuation Pause) 557M->209M(636M) 2.334ms
[655.694s][info][gc] GC(4100) Pause Young (Normal) (G1 Evacuation Pause) 561M->213M(636M) 2.199ms
[655.814s][info][gc] GC(4101) Pause Young (Normal) (G1 Evacuation Pause) 561M->218M(636M) 2.460ms
[655.928s][info][gc] GC(4102) Pause Young (Normal) (G1 Evacuation Pause) 566M->220M(636M) 2.467ms
[656.044s][info][gc] GC(4103) Pause Young (Normal) (G1 Evacuation Pause) 568M->223M(636M) 2.267ms
[656.186s][info][gc] GC(4104) Pause Young (Normal) (G1 Evacuation Pause) 567M->220M(636M) 1.955ms
[656.393s][info][gc] GC(4105) Pause Young (Normal) (G1 Evacuation Pause) 564M->228M(636M) 2.360ms
[656.505s][info][gc] GC(4106) Pause Young (Normal) (G1 Evacuation Pause) 556M->232M(636M) 2.494ms
[656.617s][info][gc] GC(4107) Pause Young (Normal) (G1 Evacuation Pause) 568M->234M(636M) 2.321ms
[656.730s][info][gc] GC(4108) Pause Young (Normal) (G1 Evacuation Pause) 570M->236M(636M) 2.281ms
[656.844s][info][gc] GC(4109) Pause Young (Concurrent Start) (G1 Evacuation Pause) 568M->240M(636M) 2.303ms
[656.845s][info][gc] GC(4110) Concurrent Mark Cycle
[656.855s][info][gc] GC(4110) Pause Remark 270M->139M(376M) 0.449ms
[656.858s][info][gc] GC(4110) Pause Cleanup 150M->150M(376M) 0.054ms
[656.859s][info][gc] GC(4110) Concurrent Mark Cycle 14.095ms
[656.916s][info][gc] GC(4111) Pause Young (Prepare Mixed) (G1 Evacuation Pause) 305M->109M(376M) 2.126ms
[656.984s][info][gc] GC(4112) Pause Young (Mixed) (G1 Evacuation Pause) 317M->89M(376M) 1.893ms
[657.056s][info][gc] GC(4113) Pause Young (Normal) (G1 Evacuation Pause) 297M->91M(376M) 1.529ms
[657.119s][info][gc] GC(4114) Pause Young (Normal) (G1 Evacuation Pause) 295M->92M(452M) 1.555ms
[657.208s][info][gc] GC(4115) Pause Young (Normal) (G1 Evacuation Pause) 344M->95M(452M) 1.647ms
[657.292s][info][gc] GC(4116) Pause Young (Normal) (G1 Evacuation Pause) 343M->96M(452M) 1.820ms
[657.371s][info][gc] GC(4117) Pause Young (Normal) (G1 Evacuation Pause) 344M->99M(452M) 1.745ms
[657.460s][info][gc] GC(4118) Pause Young (Normal) (G1 Evacuation Pause) 343M->101M(544M) 1.925ms
[657.561s][info][gc] GC(4119) Pause Young (Normal) (G1 Evacuation Pause) 401M->102M(544M) 1.889ms
[657.666s][info][gc] GC(4120) Pause Young (Normal) (G1 Evacuation Pause) 402M->108M(544M) 2.349ms
[657.763s][info][gc] GC(4121) Pause Young (Normal) (G1 Evacuation Pause) 404M->108M(544M) 2.048ms
[657.857s][info][gc] GC(4122) Pause Young (Normal) (G1 Evacuation Pause) 404M->111M(656M) 2.112ms
[657.984s][info][gc] GC(4123) Pause Young (Normal) (G1 Evacuation Pause) 475M->114M(656M) 2.305ms
[658.239s][info][gc] GC(4124) Pause Young (Normal) (G1 Evacuation Pause) 474M->117M(656M) 2.488ms
[658.360s][info][gc] GC(4125) Pause Young (Normal) (G1 Evacuation Pause) 477M->121M(656M) 2.566ms
[658.481s][info][gc] GC(4126) Pause Young (Normal) (G1 Evacuation Pause) 481M->124M(656M) 2.633ms
[658.606s][info][gc] GC(4127) Pause Young (Normal) (G1 Evacuation Pause) 484M->127M(656M) 2.475ms
[658.725s][info][gc] GC(4128) Pause Young (Normal) (G1 Evacuation Pause) 487M->132M(656M) 2.543ms
[658.847s][info][gc] GC(4129) Pause Young (Normal) (G1 Evacuation Pause) 492M->134M(656M) 2.494ms
[658.970s][info][gc] GC(4130) Pause Young (Normal) (G1 Evacuation Pause) 494M->135M(656M) 2.602ms
[659.092s][info][gc] GC(4131) Pause Young (Normal) (G1 Evacuation Pause) 495M->138M(656M) 2.568ms
[659.212s][info][gc] GC(4132) Pause Young (Normal) (G1 Evacuation Pause) 498M->143M(656M) 2.562ms
[659.332s][info][gc] GC(4133) Pause Young (Normal) (G1 Evacuation Pause) 503M->144M(656M) 2.463ms
[659.458s][info][gc] GC(4134) Pause Young (Normal) (G1 Evacuation Pause) 504M->149M(656M) 2.515ms
[659.582s][info][gc] GC(4135) Pause Young (Normal) (G1 Evacuation Pause) 509M->150M(656M) 2.463ms
[659.705s][info][gc] GC(4136) Pause Young (Normal) (G1 Evacuation Pause) 510M->153M(656M) 2.412ms
[659.830s][info][gc] GC(4137) Pause Young (Normal) (G1 Evacuation Pause) 513M->157M(656M) 2.445ms
[660.080s][info][gc] GC(4138) Pause Young (Normal) (G1 Evacuation Pause) 517M->165M(656M) 2.779ms
[660.207s][info][gc] GC(4139) Pause Young (Normal) (G1 Evacuation Pause) 521M->168M(656M) 2.736ms
[660.338s][info][gc] GC(4140) Pause Young (Normal) (G1 Evacuation Pause) 524M->170M(656M) 2.612ms
[660.473s][info][gc] GC(4141) Pause Young (Normal) (G1 Evacuation Pause) 530M->174M(656M) 2.690ms
[660.602s][info][gc] GC(4142) Pause Young (Normal) (G1 Evacuation Pause) 534M->177M(656M) 2.772ms
[660.741s][info][gc] GC(4143) Pause Young (Normal) (G1 Evacuation Pause) 537M->180M(656M) 2.616ms
[660.873s][info][gc] GC(4144) Pause Young (Normal) (G1 Evacuation Pause) 540M->181M(656M) 2.562ms
[661.011s][info][gc] GC(4145) Pause Young (Normal) (G1 Evacuation Pause) 541M->185M(656M) 2.670ms
[661.143s][info][gc] GC(4146) Pause Young (Normal) (G1 Evacuation Pause) 549M->189M(656M) 2.177ms
[661.275s][info][gc] GC(4147) Pause Young (Normal) (G1 Evacuation Pause) 549M->191M(656M) 2.660ms
[661.409s][info][gc] GC(4148) Pause Young (Normal) (G1 Evacuation Pause) 551M->194M(656M) 2.385ms
[661.536s][info][gc] GC(4149) Pause Young (Normal) (G1 Evacuation Pause) 554M->197M(656M) 2.458ms
[661.667s][info][gc] GC(4150) Pause Young (Normal) (G1 Evacuation Pause) 557M->199M(656M) 2.375ms
[661.807s][info][gc] GC(4151) Pause Young (Normal) (G1 Evacuation Pause) 563M->202M(656M) 2.270ms
[661.941s][info][gc] GC(4152) Pause Young (Normal) (G1 Evacuation Pause) 566M->206M(656M) 2.326ms
[662.077s][info][gc] GC(4153) Pause Young (Normal) (G1 Evacuation Pause) 566M->212M(656M) 2.549ms
[662.209s][info][gc] GC(4154) Pause Young (Normal) (G1 Evacuation Pause) 572M->213M(656M) 2.318ms
[662.341s][info][gc] GC(4155) Pause Young (Normal) (G1 Evacuation Pause) 573M->216M(656M) 2.361ms
[662.471s][info][gc] GC(4156) Pause Young (Normal) (G1 Evacuation Pause) 576M->219M(656M) 2.337ms
[662.601s][info][gc] GC(4157) Pause Young (Normal) (G1 Evacuation Pause) 579M->222M(656M) 2.224ms
[662.733s][info][gc] GC(4158) Pause Young (Normal) (G1 Evacuation Pause) 582M->225M(656M) 2.334ms
[662.872s][info][gc] GC(4159) Pause Young (Normal) (G1 Evacuation Pause) 585M->228M(656M) 2.577ms
[663.001s][info][gc] GC(4160) Pause Young (Normal) (G1 Evacuation Pause) 584M->231M(656M) 2.572ms
[663.131s][info][gc] GC(4161) Pause Young (Normal) (G1 Evacuation Pause) 583M->233M(656M) 2.348ms
[663.265s][info][gc] GC(4162) Pause Young (Normal) (G1 Evacuation Pause) 589M->236M(656M) 2.344ms
[663.394s][info][gc] GC(4163) Pause Young (Normal) (G1 Evacuation Pause) 588M->241M(656M) 2.346ms
[663.522s][info][gc] GC(4164) Pause Young (Normal) (G1 Evacuation Pause) 585M->243M(656M) 2.382ms
[663.646s][info][gc] GC(4165) Pause Young (Normal) (G1 Evacuation Pause) 583M->247M(656M) 2.386ms
[663.770s][info][gc] GC(4166) Pause Young (Normal) (G1 Evacuation Pause) 583M->248M(656M) 2.285ms
[663.896s][info][gc] GC(4167) Pause Young (Concurrent Start) (G1 Evacuation Pause) 580M->250M(656M) 2.365ms
[663.897s][info][gc] GC(4168) Concurrent Mark Cycle
[663.928s][info][gc] GC(4168) Pause Remark 314M->218M(520M) 0.487ms
[663.941s][info][gc] GC(4168) Pause Cleanup 242M->242M(520M) 0.063ms
[663.941s][info][gc] GC(4168) Concurrent Mark Cycle 44.621ms
[664.010s][info][gc] GC(4169) Pause Young (Prepare Mixed) (G1 Evacuation Pause) 438M->158M(520M) 2.313ms
[664.121s][info][gc] GC(4170) Pause Young (Mixed) (G1 Evacuation Pause) 442M->144M(520M) 2.336ms
[664.224s][info][gc] GC(4171) Pause Young (Normal) (G1 Evacuation Pause) 428M->146M(520M) 2.191ms
[664.338s][info][gc] GC(4172) Pause Young (Normal) (G1 Evacuation Pause) 434M->149M(520M) 2.165ms
[664.448s][info][gc] GC(4173) Pause Young (Normal) (G1 Evacuation Pause) 437M->152M(624M) 2.107ms
[664.584s][info][gc] GC(4174) Pause Young (Normal) (G1 Evacuation Pause) 500M->155M(624M) 2.075ms
[664.712s][info][gc] GC(4175) Pause Young (Normal) (G1 Evacuation Pause) 499M->157M(624M) 2.163ms
[664.837s][info][gc] GC(4176) Pause Young (Normal) (G1 Evacuation Pause) 497M->160M(624M) 2.280ms
[664.964s][info][gc] GC(4177) Pause Young (Normal) (G1 Evacuation Pause) 500M->162M(624M) 2.545ms
[665.092s][info][gc] GC(4178) Pause Young (Normal) (G1 Evacuation Pause) 502M->167M(624M) 2.252ms
[665.215s][info][gc] GC(4179) Pause Young (Normal) (G1 Evacuation Pause) 507M->169M(624M) 2.314ms
[665.340s][info][gc] GC(4180) Pause Young (Normal) (G1 Evacuation Pause) 509M->171M(624M) 2.266ms
[665.470s][info][gc] GC(4181) Pause Young (Normal) (G1 Evacuation Pause) 515M->174M(624M) 2.200ms
[665.598s][info][gc] GC(4182) Pause Young (Normal) (G1 Evacuation Pause) 514M->175M(624M) 2.320ms
[665.724s][info][gc] GC(4183) Pause Young (Normal) (G1 Evacuation Pause) 519M->179M(624M) 2.266ms
[665.851s][info][gc] GC(4184) Pause Young (Normal) (G1 Evacuation Pause) 523M->181M(624M) 2.264ms
[665.987s][info][gc] GC(4185) Pause Young (Normal) (G1 Evacuation Pause) 525M->184M(624M) 2.442ms
[666.122s][info][gc] GC(4186) Pause Young (Normal) (G1 Evacuation Pause) 528M->188M(624M) 2.307ms
[666.249s][info][gc] GC(4187) Pause Young (Normal) (G1 Evacuation Pause) 528M->192M(624M) 2.384ms
[666.375s][info][gc] GC(4188) Pause Young (Normal) (G1 Evacuation Pause) 532M->194M(624M) 2.356ms
[666.500s][info][gc] GC(4189) Pause Young (Normal) (G1 Evacuation Pause) 534M->200M(624M) 2.518ms
[666.627s][info][gc] GC(4190) Pause Young (Normal) (G1 Evacuation Pause) 540M->202M(624M) 2.302ms
[666.752s][info][gc] GC(4191) Pause Young (Normal) (G1 Evacuation Pause) 542M->203M(624M) 2.462ms
[666.881s][info][gc] GC(4192) Pause Young (Normal) (G1 Evacuation Pause) 547M->206M(624M) 2.610ms
[667.012s][info][gc] GC(4193) Pause Young (Normal) (G1 Evacuation Pause) 550M->209M(624M) 2.474ms
[667.138s][info][gc] GC(4194) Pause Young (Normal) (G1 Evacuation Pause) 549M->212M(624M) 2.308ms
[667.264s][info][gc] GC(4195) Pause Young (Normal) (G1 Evacuation Pause) 556M->216M(624M) 2.259ms
[667.390s][info][gc] GC(4196) Pause Young (Normal) (G1 Evacuation Pause) 548M->217M(624M) 2.214ms
[667.516s][info][gc] GC(4197) Pause Young (Normal) (G1 Evacuation Pause) 557M->223M(624M) 2.275ms
[667.635s][info][gc] GC(4198) Pause Young (Normal) (G1 Evacuation Pause) 551M->224M(624M) 2.226ms
[667.761s][info][gc] GC(4199) Pause Young (Normal) (G1 Evacuation Pause) 556M->227M(624M) 2.234ms
[667.885s][info][gc] GC(4200) Pause Young (Normal) (G1 Evacuation Pause) 551M->228M(624M) 2.373ms
[668.006s][info][gc] GC(4201) Pause Young (Normal) (G1 Evacuation Pause) 556M->232M(624M) 2.205ms
[668.129s][info][gc] GC(4202) Pause Young (Normal) (G1 Evacuation Pause) 556M->235M(624M) 2.338ms
[668.248s][info][gc] GC(4203) Pause Young (Concurrent Start) (G1 Evacuation Pause) 555M->237M(624M) 2.161ms
[668.248s][info][gc] GC(4204) Concurrent Mark Cycle
[668.279s][info][gc] GC(4204) Pause Remark 311M->311M(624M) 0.427ms
[668.301s][info][gc] GC(4204) Pause Cleanup 358M->358M(624M) 0.058ms
[668.301s][info][gc] GC(4204) Concurrent Mark Cycle 53.331ms
[668.373s][info][gc] GC(4205) Pause Young (Prepare Mixed) (G1 Evacuation Pause) 553M->239M(624M) 2.034ms
[668.495s][info][gc] GC(4206) Pause Young (Mixed) (G1 Evacuation Pause) 555M->206M(624M) 3.626ms
[668.625s][info][gc] GC(4207) Pause Young (Mixed) (G1 Evacuation Pause) 550M->205M(624M) 2.726ms
[668.749s][info][gc] GC(4208) Pause Young (Normal) (G1 Evacuation Pause) 545M->209M(624M) 2.446ms
[668.878s][info][gc] GC(4209) Pause Young (Normal) (G1 Evacuation Pause) 549M->212M(624M) 2.423ms
[669.009s][info][gc] GC(4210) Pause Young (Normal) (G1 Evacuation Pause) 552M->216M(624M) 2.380ms
[669.135s][info][gc] GC(4211) Pause Young (Normal) (G1 Evacuation Pause) 560M->217M(624M) 2.238ms
[669.257s][info][gc] GC(4212) Pause Young (Normal) (G1 Evacuation Pause) 557M->221M(624M) 2.243ms
[669.387s][info][gc] GC(4213) Pause Young (Normal) (G1 Evacuation Pause) 557M->225M(624M) 2.341ms
[669.513s][info][gc] GC(4214) Pause Young (Normal) (G1 Evacuation Pause) 549M->227M(624M) 2.320ms
[669.637s][info][gc] GC(4215) Pause Young (Normal) (G1 Evacuation Pause) 559M->229M(624M) 2.234ms
[669.762s][info][gc] GC(4216) Pause Young (Normal) (G1 Evacuation Pause) 557M->234M(624M) 2.254ms
[669.879s][info][gc] GC(4217) Pause Young (Normal) (G1 Evacuation Pause) 550M->234M(624M) 2.339ms
[670.004s][info][gc] GC(4218) Pause Young (Concurrent Start) (G1 Evacuation Pause) 562M->237M(624M) 2.115ms
[670.004s][info][gc] GC(4219) Concurrent Mark Cycle
[670.044s][info][gc] GC(4219) Pause Remark 334M->334M(624M) 0.433ms
[670.077s][info][gc] GC(4219) Pause Cleanup 402M->402M(624M) 0.066ms
[670.077s][info][gc] GC(4219) Concurrent Mark Cycle 72.875ms
[670.134s][info][gc] GC(4220) Pause Young (Prepare Mixed) (G1 Evacuation Pause) 557M->240M(624M) 2.161ms
[670.253s][info][gc] GC(4221) Pause Young (Mixed) (G1 Evacuation Pause) 556M->238M(624M) 2.706ms
[670.375s][info][gc] GC(4222) Pause Young (Concurrent Start) (G1 Evacuation Pause) 558M->240M(624M) 2.225ms
[670.375s][info][gc] GC(4223) Concurrent Mark Cycle
[670.418s][info][gc] GC(4223) Pause Remark 365M->365M(624M) 0.405ms
[670.455s][info][gc] GC(4223) Pause Cleanup 436M->436M(624M) 0.061ms
[670.456s][info][gc] GC(4223) Concurrent Mark Cycle 80.950ms
[670.504s][info][gc] GC(4224) Pause Young (Prepare Mixed) (G1 Evacuation Pause) 556M->244M(624M) 2.181ms
[670.618s][info][gc] GC(4225) Pause Young (Mixed) (G1 Evacuation Pause) 556M->240M(624M) 2.531ms
[670.733s][info][gc] GC(4226) Pause Young (Concurrent Start) (G1 Evacuation Pause) 556M->245M(752M) 2.289ms
[670.733s][info][gc] GC(4227) Concurrent Mark Cycle
[670.778s][info][gc] GC(4227) Pause Remark 369M->369M(752M) 0.410ms
[670.830s][info][gc] GC(4227) Pause Cleanup 478M->478M(752M) 0.056ms
[670.831s][info][gc] GC(4227) Concurrent Mark Cycle 97.844ms
[670.899s][info][gc] GC(4228) Pause Young (Prepare Mixed) (G1 Evacuation Pause) 665M->248M(752M) 2.527ms
[671.056s][info][gc] GC(4229) Pause Young (Mixed) (G1 Evacuation Pause) 664M->245M(752M) 2.814ms
[671.218s][info][gc] GC(4230) Pause Young (Normal) (G1 Evacuation Pause) 661M->252M(752M) 2.846ms
[671.373s][info][gc] GC(4231) Pause Young (Normal) (G1 Evacuation Pause) 664M->254M(752M) 2.621ms
[671.527s][info][gc] GC(4232) Pause Young (Normal) (G1 Evacuation Pause) 670M->257M(752M) 2.522ms
[671.685s][info][gc] GC(4233) Pause Young (Normal) (G1 Evacuation Pause) 673M->264M(752M) 2.587ms
[671.843s][info][gc] GC(4234) Pause Young (Normal) (G1 Evacuation Pause) 672M->265M(752M) 2.552ms
[672.028s][info][gc] GC(4235) Pause Young (Normal) (G1 Evacuation Pause) 677M->269M(752M) 2.649ms
[672.199s][info][gc] GC(4236) Pause Young (Normal) (G1 Evacuation Pause) 669M->275M(752M) 2.855ms
[672.364s][info][gc] GC(4237) Pause Young (Normal) (G1 Evacuation Pause) 671M->279M(752M) 2.988ms
[672.531s][info][gc] GC(4238) Pause Young (Normal) (G1 Evacuation Pause) 679M->282M(752M) 2.954ms
[672.692s][info][gc] GC(4239) Pause Young (Normal) (G1 Evacuation Pause) 678M->286M(752M) 2.676ms
[672.852s][info][gc] GC(4240) Pause Young (Normal) (G1 Evacuation Pause) 678M->289M(752M) 2.632ms
[673.011s][info][gc] GC(4241) Pause Young (Concurrent Start) (G1 Evacuation Pause) 677M->292M(752M) 2.697ms
[673.011s][info][gc] GC(4242) Concurrent Mark Cycle
[673.019s][info][gc] GC(4242) Pause Remark 312M->132M(388M) 0.444ms
[673.021s][info][gc] GC(4242) Pause Cleanup 136M->136M(388M) 0.052ms
[673.022s][info][gc] GC(4242) Concurrent Mark Cycle 11.167ms
[673.094s][info][gc] GC(4243) Pause Young (Prepare Mixed) (G1 Evacuation Pause) 312M->114M(388M) 2.446ms
[673.180s][info][gc] GC(4244) Pause Young (Mixed) (G1 Evacuation Pause) 322M->77M(388M) 1.918ms
[673.265s][info][gc] GC(4245) Pause Young (Normal) (G1 Evacuation Pause) 289M->79M(388M) 1.640ms
[673.355s][info][gc] GC(4246) Pause Young (Normal) (G1 Evacuation Pause) 291M->80M(468M) 1.765ms
[673.463s][info][gc] GC(4247) Pause Young (Normal) (G1 Evacuation Pause) 340M->83M(468M) 1.669ms
[673.574s][info][gc] GC(4248) Pause Young (Normal) (G1 Evacuation Pause) 343M->85M(468M) 1.784ms
[673.680s][info][gc] GC(4249) Pause Young (Normal) (G1 Evacuation Pause) 341M->88M(468M) 1.863ms
[673.786s][info][gc] GC(4250) Pause Young (Normal) (G1 Evacuation Pause) 344M->89M(468M) 1.971ms
[673.894s][info][gc] GC(4251) Pause Young (Normal) (G1 Evacuation Pause) 349M->92M(564M) 1.800ms
[674.022s][info][gc] GC(4252) Pause Young (Normal) (G1 Evacuation Pause) 404M->94M(564M) 2.116ms
[674.151s][info][gc] GC(4253) Pause Young (Normal) (G1 Evacuation Pause) 402M->97M(564M) 2.054ms
[674.282s][info][gc] GC(4254) Pause Young (Normal) (G1 Evacuation Pause) 405M->99M(564M) 2.600ms
[674.407s][info][gc] GC(4255) Pause Young (Normal) (G1 Evacuation Pause) 407M->103M(564M) 2.117ms
[674.537s][info][gc] GC(4256) Pause Young (Normal) (G1 Evacuation Pause) 407M->103M(564M) 2.357ms
[674.669s][info][gc] GC(4257) Pause Young (Normal) (G1 Evacuation Pause) 411M->107M(564M) 2.035ms
[674.798s][info][gc] GC(4258) Pause Young (Normal) (G1 Evacuation Pause) 415M->109M(564M) 2.564ms
[674.928s][info][gc] GC(4259) Pause Young (Normal) (G1 Evacuation Pause) 417M->110M(564M) 2.302ms
[675.060s][info][gc] GC(4260) Pause Young (Normal) (G1 Evacuation Pause) 418M->115M(564M) 2.345ms
[675.186s][info][gc] GC(4261) Pause Young (Normal) (G1 Evacuation Pause) 423M->118M(564M) 2.126ms
[675.312s][info][gc] GC(4262) Pause Young (Normal) (G1 Evacuation Pause) 426M->118M(564M) 1.979ms
[675.439s][info][gc] GC(4263) Pause Young (Normal) (G1 Evacuation Pause) 430M->123M(564M) 2.088ms
[675.562s][info][gc] GC(4264) Pause Young (Normal) (G1 Evacuation Pause) 431M->123M(564M) 2.166ms
[675.692s][info][gc] GC(4265) Pause Young (Normal) (G1 Evacuation Pause) 435M->127M(564M) 2.095ms
[675.818s][info][gc] GC(4266) Pause Young (Normal) (G1 Evacuation Pause) 435M->130M(564M) 2.191ms
[675.945s][info][gc] GC(4267) Pause Young (Normal) (G1 Evacuation Pause) 438M->132M(564M) 2.114ms
[676.071s][info][gc] GC(4268) Pause Young (Normal) (G1 Evacuation Pause) 440M->134M(564M) 2.060ms
[676.198s][info][gc] GC(4269) Pause Young (Normal) (G1 Evacuation Pause) 442M->138M(564M) 2.117ms
[676.324s][info][gc] GC(4270) Pause Young (Normal) (G1 Evacuation Pause) 446M->139M(564M) 2.125ms
[676.455s][info][gc] GC(4271) Pause Young (Normal) (G1 Evacuation Pause) 451M->143M(564M) 2.078ms
[676.580s][info][gc] GC(4272) Pause Young (Normal) (G1 Evacuation Pause) 451M->145M(564M) 2.237ms
[676.708s][info][gc] GC(4273) Pause Young (Normal) (G1 Evacuation Pause) 453M->148M(564M) 2.165ms
[676.836s][info][gc] GC(4274) Pause Young (Normal) (G1 Evacuation Pause) 456M->150M(564M) 2.015ms
[676.962s][info][gc] GC(4275) Pause Young (Normal) (G1 Evacuation Pause) 462M->153M(564M) 2.004ms
[677.090s][info][gc] GC(4276) Pause Young (Normal) (G1 Evacuation Pause) 461M->156M(564M) 2.140ms
[677.215s][info][gc] GC(4277) Pause Young (Normal) (G1 Evacuation Pause) 464M->159M(564M) 2.198ms
[677.342s][info][gc] GC(4278) Pause Young (Normal) (G1 Evacuation Pause) 467M->161M(564M) 2.227ms
[677.472s][info][gc] GC(4279) Pause Young (Normal) (G1 Evacuation Pause) 469M->164M(564M) 2.091ms
[677.659s][info][gc] GC(4280) Pause Young (Normal) (G1 Evacuation Pause) 472M->165M(564M) 1.872ms
[677.864s][info][gc] GC(4281) Pause Young (Normal) (G1 Evacuation Pause) 477M->168M(564M) 1.964ms
[678.068s][info][gc] GC(4282) Pause Young (Normal) (G1 Evacuation Pause) 476M->170M(564M) 2.106ms
[678.275s][info][gc] GC(4283) Pause Young (Normal) (G1 Evacuation Pause) 478M->173M(564M) 2.175ms
[678.484s][info][gc] GC(4284) Pause Young (Normal) (G1 Evacuation Pause) 481M->174M(564M) 2.054ms
[678.688s][info][gc] GC(4285) Pause Young (Normal) (G1 Evacuation Pause) 482M->178M(564M) 2.080ms
[678.891s][info][gc] GC(4286) Pause Young (Normal) (G1 Evacuation Pause) 486M->180M(564M) 2.095ms
[679.090s][info][gc] GC(4287) Pause Young (Normal) (G1 Evacuation Pause) 488M->182M(564M) 2.019ms
[679.295s][info][gc] GC(4288) Pause Young (Normal) (G1 Evacuation Pause) 490M->185M(564M) 2.169ms
[679.504s][info][gc] GC(4289) Pause Young (Normal) (G1 Evacuation Pause) 493M->188M(564M) 2.095ms
[679.711s][info][gc] GC(4290) Pause Young (Normal) (G1 Evacuation Pause) 496M->191M(564M) 2.029ms
[679.920s][info][gc] GC(4291) Pause Young (Normal) (G1 Evacuation Pause) 499M->193M(564M) 2.532ms
[680.131s][info][gc] GC(4292) Pause Young (Normal) (G1 Evacuation Pause) 497M->196M(564M) 2.052ms
[680.328s][info][gc] GC(4293) Pause Young (Normal) (G1 Evacuation Pause) 496M->199M(564M) 2.020ms
[680.530s][info][gc] GC(4294) Pause Young (Normal) (G1 Evacuation Pause) 499M->201M(564M) 2.139ms
[680.724s][info][gc] GC(4295) Pause Young (Normal) (G1 Evacuation Pause) 497M->203M(564M) 2.011ms
[680.920s][info][gc] GC(4296) Pause Young (Normal) (G1 Evacuation Pause) 495M->206M(564M) 1.958ms
[681.115s][info][gc] GC(4297) Pause Young (Normal) (G1 Evacuation Pause) 502M->209M(564M) 1.847ms
[681.311s][info][gc] GC(4298) Pause Young (Normal) (G1 Evacuation Pause) 501M->211M(564M) 1.830ms
[681.502s][info][gc] GC(4299) Pause Young (Normal) (G1 Evacuation Pause) 503M->213M(564M) 1.905ms
[681.697s][info][gc] GC(4300) Pause Young (Concurrent Start) (G1 Evacuation Pause) 501M->216M(564M) 1.878ms
[681.697s][info][gc] GC(4301) Concurrent Mark Cycle
[681.718s][info][gc] GC(4301) Pause Remark 251M->251M(564M) 0.406ms
[681.734s][info][gc] GC(4301) Pause Cleanup 274M->274M(564M) 0.054ms
[681.734s][info][gc] GC(4301) Concurrent Mark Cycle 37.560ms
[681.891s][info][gc] GC(4302) Pause Young (Prepare Mixed) (G1 Evacuation Pause) 496M->218M(564M) 2.170ms
[682.088s][info][gc] GC(4303) Pause Young (Mixed) (G1 Evacuation Pause) 502M->182M(564M) 3.181ms
[682.294s][info][gc] GC(4304) Pause Young (Mixed) (G1 Evacuation Pause) 494M->179M(564M) 2.423ms
[682.490s][info][gc] GC(4305) Pause Young (Normal) (G1 Evacuation Pause) 487M->179M(564M) 1.942ms
[682.830s][info][gc] GC(4306) Pause Young (Normal) (G1 Evacuation Pause) 491M->184M(564M) 2.050ms
[683.416s][info][gc] GC(4307) Pause Young (Normal) (G1 Evacuation Pause) 492M->185M(564M) 2.291ms
[684.012s][info][gc] GC(4308) Pause Young (Normal) (G1 Evacuation Pause) 493M->189M(564M) 2.085ms
[684.607s][info][gc] GC(4309) Pause Young (Normal) (G1 Evacuation Pause) 497M->191M(564M) 2.093ms
[685.185s][info][gc] GC(4310) Pause Young (Normal) (G1 Evacuation Pause) 495M->194M(564M) 2.111ms
[685.777s][info][gc] GC(4311) Pause Young (Normal) (G1 Evacuation Pause) 498M->196M(564M) 2.071ms
[686.355s][info][gc] GC(4312) Pause Young (Normal) (G1 Evacuation Pause) 496M->199M(564M) 2.136ms
[686.935s][info][gc] GC(4313) Pause Young (Normal) (G1 Evacuation Pause) 499M->201M(564M) 2.143ms
[687.495s][info][gc] GC(4314) Pause Young (Normal) (G1 Evacuation Pause) 497M->203M(564M) 2.199ms
[688.060s][info][gc] GC(4315) Pause Young (Normal) (G1 Evacuation Pause) 495M->205M(564M) 2.164ms
[688.632s][info][gc] GC(4316) Pause Young (Normal) (G1 Evacuation Pause) 501M->210M(564M) 1.783ms
[689.176s][info][gc] GC(4317) Pause Young (Normal) (G1 Evacuation Pause) 498M->211M(564M) 1.849ms
[689.744s][info][gc] GC(4318) Pause Young (Normal) (G1 Evacuation Pause) 503M->214M(564M) 1.790ms
[690.290s][info][gc] GC(4319) Pause Young (Concurrent Start) (G1 Evacuation Pause) 502M->216M(564M) 1.934ms
[690.290s][info][gc] GC(4320) Concurrent Mark Cycle
[690.297s][info][gc] GC(4320) Pause Remark 220M->86M(280M) 0.531ms
[690.300s][info][gc] GC(4320) Pause Cleanup 88M->88M(280M) 0.061ms
[690.300s][info][gc] GC(4320) Concurrent Mark Cycle 10.387ms
[690.575s][info][gc] GC(4321) Pause Young (Prepare Mixed) (G1 Evacuation Pause) 226M->84M(280M) 1.728ms
[690.859s][info][gc] GC(4322) Pause Young (Mixed) (G1 Evacuation Pause) 236M->74M(280M) 1.350ms
[691.151s][info][gc] GC(4323) Pause Young (Normal) (G1 Evacuation Pause) 226M->74M(280M) 1.236ms
[691.437s][info][gc] GC(4324) Pause Young (Normal) (G1 Evacuation Pause) 226M->75M(280M) 1.350ms
[691.718s][info][gc] GC(4325) Pause Young (Normal) (G1 Evacuation Pause) 227M->76M(280M) 1.218ms
[692.011s][info][gc] GC(4326) Pause Young (Normal) (G1 Evacuation Pause) 228M->78M(280M) 1.379ms
[692.301s][info][gc] GC(4327) Pause Young (Normal) (G1 Evacuation Pause) 230M->80M(280M) 1.262ms
[692.590s][info][gc] GC(4328) Pause Young (Normal) (G1 Evacuation Pause) 232M->81M(280M) 1.202ms
[692.935s][info][gc] GC(4329) Pause Young (Normal) (G1 Evacuation Pause) 233M->83M(280M) 1.388ms
[693.224s][info][gc] GC(4330) Pause Young (Normal) (G1 Evacuation Pause) 235M->85M(280M) 1.364ms
[693.517s][info][gc] GC(4331) Pause Young (Normal) (G1 Evacuation Pause) 237M->86M(280M) 1.372ms
[693.804s][info][gc] GC(4332) Pause Young (Normal) (G1 Evacuation Pause) 238M->86M(280M) 1.308ms
[694.094s][info][gc] GC(4333) Pause Young (Normal) (G1 Evacuation Pause) 238M->88M(280M) 1.388ms
[694.403s][info][gc] GC(4334) Pause Young (Normal) (G1 Evacuation Pause) 240M->89M(280M) 1.461ms
[694.688s][info][gc] GC(4335) Pause Young (Normal) (G1 Evacuation Pause) 241M->90M(280M) 1.463ms
[694.976s][info][gc] GC(4336) Pause Young (Normal) (G1 Evacuation Pause) 242M->91M(280M) 1.346ms
[695.266s][info][gc] GC(4337) Pause Young (Normal) (G1 Evacuation Pause) 243M->93M(280M) 1.421ms
[695.557s][info][gc] GC(4338) Pause Young (Normal) (G1 Evacuation Pause) 245M->94M(280M) 1.459ms
[695.850s][info][gc] GC(4339) Pause Young (Normal) (G1 Evacuation Pause) 242M->96M(280M) 1.338ms
[696.140s][info][gc] GC(4340) Pause Young (Normal) (G1 Evacuation Pause) 244M->97M(280M) 1.314ms
[696.432s][info][gc] GC(4341) Pause Young (Normal) (G1 Evacuation Pause) 245M->98M(280M) 1.307ms
[696.715s][info][gc] GC(4342) Pause Young (Normal) (G1 Evacuation Pause) 242M->99M(280M) 1.302ms
[696.985s][info][gc] GC(4343) Pause Young (Normal) (G1 Evacuation Pause) 247M->100M(280M) 1.077ms
[697.270s][info][gc] GC(4344) Pause Young (Normal) (G1 Evacuation Pause) 248M->101M(280M) 1.107ms
[697.564s][info][gc] GC(4345) Pause Young (Normal) (G1 Evacuation Pause) 249M->103M(280M) 1.236ms
[697.834s][info][gc] GC(4346) Pause Young (Normal) (G1 Evacuation Pause) 243M->104M(280M) 1.213ms
[698.118s][info][gc] GC(4347) Pause Young (Concurrent Start) (G1 Evacuation Pause) 248M->105M(280M) 1.255ms
[698.118s][info][gc] GC(4348) Concurrent Mark Cycle
[698.123s][info][gc] GC(4348) Pause Remark 107M->80M(268M) 0.392ms
[698.126s][info][gc] GC(4348) Pause Cleanup 84M->84M(268M) 0.030ms
[698.126s][info][gc] GC(4348) Concurrent Mark Cycle 8.401ms
[698.385s][info][gc] GC(4349) Pause Young (Prepare Mixed) (G1 Evacuation Pause) 222M->79M(268M) 1.198ms
[698.670s][info][gc] GC(4350) Pause Young (Mixed) (G1 Evacuation Pause) 227M->57M(268M) 1.549ms
[698.961s][info][gc] GC(4351) Pause Young (Normal) (G1 Evacuation Pause) 205M->59M(268M) 1.209ms
[699.254s][info][gc] GC(4352) Pause Young (Normal) (G1 Evacuation Pause) 207M->60M(268M) 1.248ms
[699.537s][info][gc] GC(4353) Pause Young (Normal) (G1 Evacuation Pause) 208M->62M(268M) 1.215ms
[699.796s][info][gc] GC(4354) Pause Young (Normal) (G1 Evacuation Pause) 206M->63M(268M) 1.211ms
[700.084s][info][gc] GC(4355) Pause Young (Normal) (G1 Evacuation Pause) 207M->63M(268M) 1.189ms
[700.365s][info][gc] GC(4356) Pause Young (Normal) (G1 Evacuation Pause) 211M->64M(268M) 1.210ms
[700.649s][info][gc] GC(4357) Pause Young (Normal) (G1 Evacuation Pause) 212M->66M(268M) 1.180ms
[700.932s][info][gc] GC(4358) Pause Young (Normal) (G1 Evacuation Pause) 214M->67M(268M) 1.300ms
[701.225s][info][gc] GC(4359) Pause Young (Normal) (G1 Evacuation Pause) 215M->70M(268M) 1.217ms
[701.487s][info][gc] GC(4360) Pause Young (Normal) (G1 Evacuation Pause) 214M->69M(268M) 1.184ms
[701.774s][info][gc] GC(4361) Pause Young (Normal) (G1 Evacuation Pause) 217M->71M(268M) 1.209ms
[702.063s][info][gc] GC(4362) Pause Young (Normal) (G1 Evacuation Pause) 219M->72M(268M) 1.238ms
[702.361s][info][gc] GC(4363) Pause Young (Normal) (G1 Evacuation Pause) 220M->74M(268M) 1.230ms
[702.647s][info][gc] GC(4364) Pause Young (Normal) (G1 Evacuation Pause) 218M->75M(268M) 1.265ms
[702.913s][info][gc] GC(4365) Pause Young (Normal) (G1 Evacuation Pause) 223M->76M(268M) 1.192ms
[703.248s][info][gc] GC(4366) Pause Young (Normal) (G1 Evacuation Pause) 224M->79M(268M) 1.417ms
[703.529s][info][gc] GC(4367) Pause Young (Normal) (G1 Evacuation Pause) 223M->79M(268M) 1.322ms
[703.816s][info][gc] GC(4368) Pause Young (Normal) (G1 Evacuation Pause) 227M->80M(268M) 1.280ms
[704.090s][info][gc] GC(4369) Pause Young (Normal) (G1 Evacuation Pause) 228M->82M(268M) 1.298ms
[704.371s][info][gc] GC(4370) Pause Young (Normal) (G1 Evacuation Pause) 230M->83M(268M) 1.242ms
[704.655s][info][gc] GC(4371) Pause Young (Normal) (G1 Evacuation Pause) 231M->85M(268M) 1.324ms
[704.940s][info][gc] GC(4372) Pause Young (Normal) (G1 Evacuation Pause) 233M->86M(268M) 1.331ms
[705.225s][info][gc] GC(4373) Pause Young (Normal) (G1 Evacuation Pause) 234M->87M(268M) 1.311ms
[705.509s][info][gc] GC(4374) Pause Young (Normal) (G1 Evacuation Pause) 235M->88M(268M) 1.361ms
[705.796s][info][gc] GC(4375) Pause Young (Normal) (G1 Evacuation Pause) 236M->90M(268M) 1.171ms
[706.074s][info][gc] GC(4376) Pause Young (Normal) (G1 Evacuation Pause) 230M->90M(268M) 1.223ms
[706.374s][info][gc] GC(4377) Pause Young (Normal) (G1 Evacuation Pause) 234M->92M(268M) 1.208ms
[706.651s][info][gc] GC(4378) Pause Young (Normal) (G1 Evacuation Pause) 236M->93M(268M) 1.323ms
[706.930s][info][gc] GC(4379) Pause Young (Normal) (G1 Evacuation Pause) 237M->94M(268M) 1.194ms
[707.199s][info][gc] GC(4380) Pause Young (Normal) (G1 Evacuation Pause) 234M->95M(268M) 1.214ms
[707.457s][info][gc] GC(4381) Pause Young (Normal) (G1 Evacuation Pause) 235M->96M(268M) 1.226ms
[707.725s][info][gc] GC(4382) Pause Young (Normal) (G1 Evacuation Pause) 236M->98M(268M) 1.176ms
[707.992s][info][gc] GC(4383) Pause Young (Normal) (G1 Evacuation Pause) 234M->99M(268M) 1.170ms
[708.252s][info][gc] GC(4384) Pause Young (Normal) (G1 Evacuation Pause) 235M->101M(268M) 1.220ms
[708.515s][info][gc] GC(4385) Pause Young (Normal) (G1 Evacuation Pause) 237M->101M(268M) 1.147ms
[708.771s][info][gc] GC(4386) Pause Young (Concurrent Start) (G1 Evacuation Pause) 233M->102M(268M) 1.121ms
[708.771s][info][gc] GC(4387) Concurrent Mark Cycle
[708.777s][info][gc] GC(4387) Pause Remark 104M->62M(216M) 0.426ms
[708.781s][info][gc] GC(4387) Pause Cleanup 64M->64M(216M) 0.067ms
[708.781s][info][gc] GC(4387) Concurrent Mark Cycle 10.196ms
[709.008s][info][gc] GC(4388) Pause Young (Prepare Mixed) (G1 Evacuation Pause) 176M->61M(216M) 1.127ms
[709.222s][info][gc] GC(4389) Pause Young (Mixed) (G1 Evacuation Pause) 177M->62M(216M) 1.153ms
[709.443s][info][gc] GC(4390) Pause Young (Normal) (G1 Evacuation Pause) 178M->63M(216M) 1.071ms
[709.667s][info][gc] GC(4391) Pause Young (Normal) (G1 Evacuation Pause) 179M->64M(216M) 1.026ms
[709.888s][info][gc] GC(4392) Pause Young (Normal) (G1 Evacuation Pause) 180M->65M(216M) 0.930ms
[710.115s][info][gc] GC(4393) Pause Young (Normal) (G1 Evacuation Pause) 181M->66M(216M) 1.008ms
[710.343s][info][gc] GC(4394) Pause Young (Normal) (G1 Evacuation Pause) 182M->67M(216M) 1.050ms
[710.559s][info][gc] GC(4395) Pause Young (Normal) (G1 Evacuation Pause) 183M->68M(216M) 0.973ms
[710.780s][info][gc] GC(4396) Pause Young (Normal) (G1 Evacuation Pause) 184M->69M(216M) 1.086ms
[711.015s][info][gc] GC(4397) Pause Young (Normal) (G1 Evacuation Pause) 185M->70M(216M) 1.040ms
[711.218s][info][gc] GC(4398) Pause Young (Normal) (G1 Evacuation Pause) 182M->70M(216M) 1.040ms
[711.431s][info][gc] GC(4399) Pause Young (Normal) (G1 Evacuation Pause) 182M->72M(216M) 0.965ms
[711.653s][info][gc] GC(4400) Pause Young (Normal) (G1 Evacuation Pause) 184M->73M(216M) 1.067ms
[711.862s][info][gc] GC(4401) Pause Young (Normal) (G1 Evacuation Pause) 185M->74M(216M) 1.033ms
[712.068s][info][gc] GC(4402) Pause Young (Normal) (G1 Evacuation Pause) 182M->75M(216M) 1.180ms
[712.274s][info][gc] GC(4403) Pause Young (Normal) (G1 Evacuation Pause) 183M->76M(216M) 1.067ms
[712.474s][info][gc] GC(4404) Pause Young (Normal) (G1 Evacuation Pause) 184M->76M(216M) 1.044ms
[712.693s][info][gc] GC(4405) Pause Young (Normal) (G1 Evacuation Pause) 184M->77M(216M) 1.065ms
[712.889s][info][gc] GC(4406) Pause Young (Normal) (G1 Evacuation Pause) 181M->78M(216M) 1.036ms
[713.088s][info][gc] GC(4407) Pause Young (Normal) (G1 Evacuation Pause) 182M->79M(216M) 0.987ms
[713.328s][info][gc] GC(4408) Pause Young (Normal) (G1 Evacuation Pause) 183M->81M(216M) 1.128ms
[713.534s][info][gc] GC(4409) Pause Young (Normal) (G1 Evacuation Pause) 185M->82M(216M) 1.502ms
[713.727s][info][gc] GC(4410) Pause Young (Concurrent Start) (G1 Evacuation Pause) 182M->82M(216M) 1.071ms
[713.727s][info][gc] GC(4411) Concurrent Mark Cycle
[713.730s][info][gc] GC(4411) Pause Remark 86M->54M(188M) 0.359ms
[713.731s][info][gc] GC(4411) Pause Cleanup 54M->54M(188M) 0.020ms
[713.731s][info][gc] GC(4411) Concurrent Mark Cycle 4.435ms
[713.920s][info][gc] GC(4412) Pause Young (Prepare Mixed) (G1 Evacuation Pause) 150M->51M(188M) 1.149ms
[714.109s][info][gc] GC(4413) Pause Young (Mixed) (G1 Evacuation Pause) 151M->37M(188M) 0.837ms
[714.308s][info][gc] GC(4414) Pause Young (Normal) (G1 Evacuation Pause) 141M->38M(188M) 0.880ms
[714.510s][info][gc] GC(4415) Pause Young (Normal) (G1 Evacuation Pause) 142M->39M(188M) 1.009ms
[714.713s][info][gc] GC(4416) Pause Young (Normal) (G1 Evacuation Pause) 143M->40M(188M) 1.055ms
[714.920s][info][gc] GC(4417) Pause Young (Normal) (G1 Evacuation Pause) 144M->40M(188M) 1.153ms
[715.111s][info][gc] GC(4418) Pause Young (Normal) (G1 Evacuation Pause) 140M->42M(188M) 1.212ms
[715.304s][info][gc] GC(4419) Pause Young (Normal) (G1 Evacuation Pause) 142M->42M(188M) 1.089ms
[715.500s][info][gc] GC(4420) Pause Young (Normal) (G1 Evacuation Pause) 142M->43M(188M) 1.134ms
[715.693s][info][gc] GC(4421) Pause Young (Normal) (G1 Evacuation Pause) 143M->44M(188M) 1.122ms
[715.888s][info][gc] GC(4422) Pause Young (Normal) (G1 Evacuation Pause) 144M->45M(188M) 1.162ms
[716.083s][info][gc] GC(4423) Pause Young (Normal) (G1 Evacuation Pause) 145M->46M(188M) 1.122ms
[716.277s][info][gc] GC(4424) Pause Young (Normal) (G1 Evacuation Pause) 146M->47M(188M) 1.194ms
[716.472s][info][gc] GC(4425) Pause Young (Normal) (G1 Evacuation Pause) 147M->48M(188M) 1.117ms
[716.659s][info][gc] GC(4426) Pause Young (Normal) (G1 Evacuation Pause) 148M->49M(188M) 1.123ms
[716.849s][info][gc] GC(4427) Pause Young (Normal) (G1 Evacuation Pause) 149M->49M(188M) 1.139ms
[717.054s][info][gc] GC(4428) Pause Young (Normal) (G1 Evacuation Pause) 149M->51M(188M) 1.212ms
[717.255s][info][gc] GC(4429) Pause Young (Normal) (G1 Evacuation Pause) 151M->51M(188M) 1.102ms
[717.432s][info][gc] GC(4430) Pause Young (Normal) (G1 Evacuation Pause) 151M->52M(188M) 1.129ms
[717.627s][info][gc] GC(4431) Pause Young (Normal) (G1 Evacuation Pause) 152M->53M(188M) 1.136ms
[717.815s][info][gc] GC(4432) Pause Young (Normal) (G1 Evacuation Pause) 153M->54M(188M) 1.171ms
[718.005s][info][gc] GC(4433) Pause Young (Normal) (G1 Evacuation Pause) 154M->54M(188M) 1.134ms
[718.205s][info][gc] GC(4434) Pause Young (Normal) (G1 Evacuation Pause) 154M->55M(188M) 1.218ms
[718.402s][info][gc] GC(4435) Pause Young (Normal) (G1 Evacuation Pause) 155M->56M(188M) 1.142ms
[718.585s][info][gc] GC(4436) Pause Young (Normal) (G1 Evacuation Pause) 156M->57M(188M) 1.103ms
[718.790s][info][gc] GC(4437) Pause Young (Normal) (G1 Evacuation Pause) 157M->58M(188M) 1.425ms
[718.985s][info][gc] GC(4438) Pause Young (Normal) (G1 Evacuation Pause) 158M->59M(188M) 1.129ms
[719.180s][info][gc] GC(4439) Pause Young (Normal) (G1 Evacuation Pause) 159M->60M(188M) 1.113ms
[719.389s][info][gc] GC(4440) Pause Young (Normal) (G1 Evacuation Pause) 160M->60M(188M) 1.179ms
[719.573s][info][gc] GC(4441) Pause Young (Normal) (G1 Evacuation Pause) 160M->61M(188M) 1.249ms
[719.763s][info][gc] GC(4442) Pause Young (Normal) (G1 Evacuation Pause) 157M->62M(188M) 1.121ms
[719.951s][info][gc] GC(4443) Pause Young (Normal) (G1 Evacuation Pause) 158M->64M(188M) 1.149ms
[720.140s][info][gc] GC(4444) Pause Young (Normal) (G1 Evacuation Pause) 160M->63M(188M) 1.102ms
[720.322s][info][gc] GC(4445) Pause Young (Normal) (G1 Evacuation Pause) 159M->64M(188M) 1.108ms
[720.506s][info][gc] GC(4446) Pause Young (Normal) (G1 Evacuation Pause) 160M->65M(188M) 1.107ms
[720.685s][info][gc] GC(4447) Pause Young (Normal) (G1 Evacuation Pause) 157M->65M(188M) 1.012ms
[720.864s][info][gc] GC(4448) Pause Young (Normal) (G1 Evacuation Pause) 157M->67M(188M) 1.078ms
[721.041s][info][gc] GC(4449) Pause Young (Normal) (G1 Evacuation Pause) 159M->67M(188M) 1.085ms
[721.225s][info][gc] GC(4450) Pause Young (Normal) (G1 Evacuation Pause) 159M->68M(188M) 1.069ms
[721.410s][info][gc] GC(4451) Pause Young (Normal) (G1 Evacuation Pause) 160M->69M(188M) 1.161ms
[721.573s][info][gc] GC(4452) Pause Young (Normal) (G1 Evacuation Pause) 157M->69M(188M) 1.076ms
[721.749s][info][gc] GC(4453) Pause Young (Normal) (G1 Evacuation Pause) 157M->71M(188M) 1.121ms
[721.920s][info][gc] GC(4454) Pause Young (Normal) (G1 Evacuation Pause) 159M->71M(188M) 1.089ms
[722.079s][info][gc] GC(4455) Pause Young (Normal) (G1 Evacuation Pause) 159M->71M(188M) 1.122ms
[722.251s][info][gc] GC(4456) Pause Young (Normal) (G1 Evacuation Pause) 159M->72M(188M) 1.060ms
[722.428s][info][gc] GC(4457) Pause Young (Normal) (G1 Evacuation Pause) 160M->73M(188M) 1.082ms
[722.588s][info][gc] GC(4458) Pause Young (Concurrent Start) (G1 Evacuation Pause) 157M->74M(188M) 1.127ms
[722.588s][info][gc] GC(4459) Concurrent Mark Cycle
[722.597s][info][gc] GC(4459) Pause Remark 81M->81M(188M) 0.412ms
[722.602s][info][gc] GC(4459) Pause Cleanup 83M->83M(188M) 0.021ms
[722.602s][info][gc] GC(4459) Concurrent Mark Cycle 14.093ms
[722.761s][info][gc] GC(4460) Pause Young (Prepare Mixed) (G1 Evacuation Pause) 166M->74M(188M) 0.953ms
[722.948s][info][gc] GC(4461) Pause Young (Mixed) (G1 Evacuation Pause) 166M->72M(188M) 1.286ms
[723.127s][info][gc] GC(4462) Pause Young (Concurrent Start) (G1 Evacuation Pause) 164M->72M(188M) 1.009ms
[723.127s][info][gc] GC(4463) Concurrent Mark Cycle
[723.136s][info][gc] GC(4463) Pause Remark 74M->74M(188M) 0.387ms
[723.141s][info][gc] GC(4463) Pause Cleanup 76M->76M(188M) 0.021ms
[723.141s][info][gc] GC(4463) Concurrent Mark Cycle 14.252ms
[723.292s][info][gc] GC(4464) Pause Young (Prepare Mixed) (G1 Evacuation Pause) 156M->74M(188M) 1.115ms
[723.517s][info][gc] GC(4465) Pause Young (Mixed) (G1 Evacuation Pause) 166M->73M(188M) 1.453ms
[723.679s][info][gc] GC(4466) Pause Young (Concurrent Start) (G1 Evacuation Pause) 161M->73M(188M) 1.196ms
[723.679s][info][gc] GC(4467) Concurrent Mark Cycle
[723.682s][info][gc] GC(4467) Pause Remark 75M->47M(176M) 0.376ms
[723.683s][info][gc] GC(4467) Pause Cleanup 47M->47M(176M) 0.019ms
[723.683s][info][gc] GC(4467) Concurrent Mark Cycle 4.770ms
[723.848s][info][gc] GC(4468) Pause Young (Prepare Mixed) (G1 Evacuation Pause) 129M->47M(176M) 1.175ms
[724.024s][info][gc] GC(4469) Pause Young (Mixed) (G1 Evacuation Pause) 143M->40M(176M) 1.018ms
[724.222s][info][gc] GC(4470) Pause Young (Normal) (G1 Evacuation Pause) 136M->41M(176M) 0.913ms
[724.401s][info][gc] GC(4471) Pause Young (Normal) (G1 Evacuation Pause) 137M->41M(176M) 0.945ms
[724.591s][info][gc] GC(4472) Pause Young (Normal) (G1 Evacuation Pause) 137M->42M(176M) 0.956ms
[724.782s][info][gc] GC(4473) Pause Young (Normal) (G1 Evacuation Pause) 138M->43M(176M) 1.088ms
[724.969s][info][gc] GC(4474) Pause Young (Normal) (G1 Evacuation Pause) 139M->44M(176M) 1.218ms
[725.149s][info][gc] GC(4475) Pause Young (Normal) (G1 Evacuation Pause) 136M->44M(176M) 1.153ms
[725.317s][info][gc] GC(4476) Pause Young (Normal) (G1 Evacuation Pause) 136M->46M(176M) 1.204ms
[725.494s][info][gc] GC(4477) Pause Young (Normal) (G1 Evacuation Pause) 138M->46M(176M) 1.027ms
[725.677s][info][gc] GC(4478) Pause Young (Normal) (G1 Evacuation Pause) 138M->47M(176M) 1.123ms
[725.858s][info][gc] GC(4479) Pause Young (Normal) (G1 Evacuation Pause) 139M->48M(176M) 1.166ms
[726.021s][info][gc] GC(4480) Pause Young (Normal) (G1 Evacuation Pause) 140M->48M(176M) 0.984ms
[726.205s][info][gc] GC(4481) Pause Young (Normal) (G1 Evacuation Pause) 140M->49M(176M) 1.025ms
[726.386s][info][gc] GC(4482) Pause Young (Normal) (G1 Evacuation Pause) 141M->50M(176M) 1.143ms
[726.563s][info][gc] GC(4483) Pause Young (Normal) (G1 Evacuation Pause) 142M->51M(176M) 1.120ms
[726.731s][info][gc] GC(4484) Pause Young (Normal) (G1 Evacuation Pause) 143M->51M(176M) 0.964ms
[726.916s][info][gc] GC(4485) Pause Young (Normal) (G1 Evacuation Pause) 143M->52M(176M) 1.077ms
[727.099s][info][gc] GC(4486) Pause Young (Normal) (G1 Evacuation Pause) 144M->53M(176M) 1.079ms
[727.269s][info][gc] GC(4487) Pause Young (Normal) (G1 Evacuation Pause) 145M->53M(176M) 1.123ms
[727.460s][info][gc] GC(4488) Pause Young (Normal) (G1 Evacuation Pause) 145M->54M(176M) 1.110ms
[727.627s][info][gc] GC(4489) Pause Young (Normal) (G1 Evacuation Pause) 146M->56M(176M) 1.158ms
[727.815s][info][gc] GC(4490) Pause Young (Normal) (G1 Evacuation Pause) 148M->56M(176M) 1.135ms
[727.998s][info][gc] GC(4491) Pause Young (Normal) (G1 Evacuation Pause) 148M->57M(176M) 1.107ms
[728.173s][info][gc] GC(4492) Pause Young (Normal) (G1 Evacuation Pause) 149M->58M(176M) 1.128ms
[728.333s][info][gc] GC(4493) Pause Young (Normal) (G1 Evacuation Pause) 146M->59M(176M) 1.105ms
[728.514s][info][gc] GC(4494) Pause Young (Normal) (G1 Evacuation Pause) 147M->59M(176M) 1.093ms
[728.678s][info][gc] GC(4495) Pause Young (Normal) (G1 Evacuation Pause) 147M->60M(176M) 1.072ms
[728.841s][info][gc] GC(4496) Pause Young (Normal) (G1 Evacuation Pause) 148M->61M(176M) 1.113ms
[729.012s][info][gc] GC(4497) Pause Young (Normal) (G1 Evacuation Pause) 149M->61M(176M) 1.053ms
[729.179s][info][gc] GC(4498) Pause Young (Normal) (G1 Evacuation Pause) 145M->62M(176M) 1.112ms
[729.349s][info][gc] GC(4499) Pause Young (Normal) (G1 Evacuation Pause) 154M->63M(176M) 0.983ms
[729.524s][info][gc] GC(4500) Pause Young (Normal) (G1 Evacuation Pause) 155M->63M(176M) 1.008ms
[729.707s][info][gc] GC(4501) Pause Young (Normal) (G1 Evacuation Pause) 155M->64M(176M) 1.010ms
[729.874s][info][gc] GC(4502) Pause Young (Normal) (G1 Evacuation Pause) 148M->65M(176M) 1.078ms
[730.043s][info][gc] GC(4503) Pause Young (Normal) (G1 Evacuation Pause) 153M->66M(176M) 0.980ms
[730.214s][info][gc] GC(4504) Pause Young (Normal) (G1 Evacuation Pause) 154M->66M(176M) 0.918ms
[730.374s][info][gc] GC(4505) Pause Young (Concurrent Start) (G1 Evacuation Pause) 150M->67M(176M) 0.888ms
[730.375s][info][gc] GC(4506) Concurrent Mark Cycle
[730.381s][info][gc] GC(4506) Pause Remark 69M->69M(176M) 0.396ms
[730.385s][info][gc] GC(4506) Pause Cleanup 69M->69M(176M) 0.023ms
[730.385s][info][gc] GC(4506) Concurrent Mark Cycle 10.133ms
[730.538s][info][gc] GC(4507) Pause Young (Prepare Mixed) (G1 Evacuation Pause) 151M->68M(176M) 0.924ms
[730.699s][info][gc] GC(4508) Pause Young (Mixed) (G1 Evacuation Pause) 152M->65M(176M) 1.080ms
[730.860s][info][gc] GC(4509) Pause Young (Normal) (G1 Evacuation Pause) 153M->66M(176M) 0.905ms
[731.035s][info][gc] GC(4510) Pause Young (Normal) (G1 Evacuation Pause) 154M->66M(176M) 0.890ms
[731.201s][info][gc] GC(4511) Pause Young (Concurrent Start) (G1 Evacuation Pause) 150M->67M(176M) 0.964ms
[731.201s][info][gc] GC(4512) Concurrent Mark Cycle
[731.208s][info][gc] GC(4512) Pause Remark 75M->75M(176M) 0.381ms
[731.212s][info][gc] GC(4512) Pause Cleanup 75M->75M(176M) 0.024ms
[731.212s][info][gc] GC(4512) Concurrent Mark Cycle 11.149ms
[731.351s][info][gc] GC(4513) Pause Young (Prepare Mixed) (G1 Evacuation Pause) 151M->68M(176M) 0.952ms
[731.513s][info][gc] GC(4514) Pause Young (Mixed) (G1 Evacuation Pause) 152M->65M(176M) 1.147ms
[731.691s][info][gc] GC(4515) Pause Young (Normal) (G1 Evacuation Pause) 153M->66M(176M) 0.932ms
[731.857s][info][gc] GC(4516) Pause Young (Normal) (G1 Evacuation Pause) 154M->67M(176M) 0.958ms
[732.033s][info][gc] GC(4517) Pause Young (Normal) (G1 Evacuation Pause) 155M->68M(176M) 0.983ms
[732.205s][info][gc] GC(4518) Pause Young (Concurrent Start) (G1 Evacuation Pause) 152M->69M(176M) 1.056ms
[732.205s][info][gc] GC(4519) Concurrent Mark Cycle
[732.213s][info][gc] GC(4519) Pause Remark 74M->74M(176M) 0.415ms
[732.218s][info][gc] GC(4519) Pause Cleanup 78M->78M(176M) 0.024ms
[732.218s][info][gc] GC(4519) Concurrent Mark Cycle 12.739ms
[732.366s][info][gc] GC(4520) Pause Young (Prepare Mixed) (G1 Evacuation Pause) 153M->69M(176M) 0.934ms
[732.532s][info][gc] GC(4521) Pause Young (Mixed) (G1 Evacuation Pause) 153M->67M(176M) 1.271ms
[732.691s][info][gc] GC(4522) Pause Young (Concurrent Start) (G1 Evacuation Pause) 151M->67M(176M) 0.969ms
[732.691s][info][gc] GC(4523) Concurrent Mark Cycle
[732.698s][info][gc] GC(4523) Pause Remark 69M->69M(176M) 0.380ms
[732.703s][info][gc] GC(4523) Pause Cleanup 69M->69M(176M) 0.022ms
[732.703s][info][gc] GC(4523) Concurrent Mark Cycle 11.923ms
[732.863s][info][gc] GC(4524) Pause Young (Prepare Mixed) (G1 Evacuation Pause) 151M->69M(176M) 0.974ms
[733.022s][info][gc] GC(4525) Pause Young (Mixed) (G1 Evacuation Pause) 153M->67M(176M) 1.227ms
[733.181s][info][gc] GC(4526) Pause Young (Concurrent Start) (G1 Evacuation Pause) 151M->67M(176M) 0.813ms
[733.181s][info][gc] GC(4527) Concurrent Mark Cycle
[733.189s][info][gc] GC(4527) Pause Remark 68M->68M(176M) 0.387ms
[733.193s][info][gc] GC(4527) Pause Cleanup 70M->70M(176M) 0.021ms
[733.194s][info][gc] GC(4527) Concurrent Mark Cycle 12.158ms
[733.353s][info][gc] GC(4528) Pause Young (Normal) (G1 Evacuation Pause) 151M->69M(176M) 0.965ms
[733.495s][info][gc] GC(4529) Pause Young (Concurrent Start) (G1 Evacuation Pause) 145M->69M(176M) 0.873ms
[733.495s][info][gc] GC(4530) Concurrent Mark Cycle
[733.502s][info][gc] GC(4530) Pause Remark 70M->70M(176M) 0.396ms
[733.509s][info][gc] GC(4530) Pause Cleanup 72M->72M(176M) 0.023ms
[733.509s][info][gc] GC(4530) Concurrent Mark Cycle 14.867ms
[733.696s][info][gc] GC(4531) Pause Young (Prepare Mixed) (G1 Evacuation Pause) 153M->70M(176M) 1.029ms
[733.855s][info][gc] GC(4532) Pause Young (Mixed) (G1 Evacuation Pause) 154M->70M(176M) 2.614ms
[734.031s][info][gc] GC(4533) Pause Young (Concurrent Start) (G1 Evacuation Pause) 154M->72M(176M) 1.061ms
[734.031s][info][gc] GC(4534) Concurrent Mark Cycle
[734.034s][info][gc] GC(4534) Pause Remark 75M->55M(176M) 0.376ms
[734.036s][info][gc] GC(4534) Pause Cleanup 56M->56M(176M) 0.021ms
[734.036s][info][gc] GC(4534) Concurrent Mark Cycle 4.802ms
[734.192s][info][gc] GC(4535) Pause Young (Prepare Mixed) (G1 Evacuation Pause) 132M->52M(176M) 1.027ms
[734.377s][info][gc] GC(4536) Pause Young (Mixed) (G1 Evacuation Pause) 148M->40M(176M) 1.019ms
[734.555s][info][gc] GC(4537) Pause Young (Normal) (G1 Evacuation Pause) 136M->41M(176M) 0.916ms
[734.745s][info][gc] GC(4538) Pause Young (Normal) (G1 Evacuation Pause) 137M->42M(176M) 0.979ms
[734.927s][info][gc] GC(4539) Pause Young (Normal) (G1 Evacuation Pause) 138M->42M(176M) 1.038ms
[735.117s][info][gc] GC(4540) Pause Young (Normal) (G1 Evacuation Pause) 138M->43M(176M) 1.136ms
[735.300s][info][gc] GC(4541) Pause Young (Normal) (G1 Evacuation Pause) 135M->44M(176M) 1.244ms
[735.470s][info][gc] GC(4542) Pause Young (Normal) (G1 Evacuation Pause) 136M->45M(176M) 1.216ms
[735.649s][info][gc] GC(4543) Pause Young (Normal) (G1 Evacuation Pause) 137M->45M(176M) 1.041ms
[735.826s][info][gc] GC(4544) Pause Young (Normal) (G1 Evacuation Pause) 137M->46M(176M) 1.076ms
[736.007s][info][gc] GC(4545) Pause Young (Normal) (G1 Evacuation Pause) 138M->47M(176M) 1.125ms
[736.188s][info][gc] GC(4546) Pause Young (Normal) (G1 Evacuation Pause) 139M->48M(176M) 1.092ms
[736.358s][info][gc] GC(4547) Pause Young (Normal) (G1 Evacuation Pause) 140M->49M(176M) 1.054ms
[736.534s][info][gc] GC(4548) Pause Young (Normal) (G1 Evacuation Pause) 141M->49M(176M) 1.075ms
[736.714s][info][gc] GC(4549) Pause Young (Normal) (G1 Evacuation Pause) 141M->50M(176M) 1.077ms
[736.888s][info][gc] GC(4550) Pause Young (Normal) (G1 Evacuation Pause) 142M->51M(176M) 1.065ms
[737.061s][info][gc] GC(4551) Pause Young (Normal) (G1 Evacuation Pause) 143M->51M(176M) 1.089ms
[737.239s][info][gc] GC(4552) Pause Young (Normal) (G1 Evacuation Pause) 143M->53M(176M) 1.073ms
[737.423s][info][gc] GC(4553) Pause Young (Normal) (G1 Evacuation Pause) 145M->53M(176M) 1.110ms
[737.600s][info][gc] GC(4554) Pause Young (Normal) (G1 Evacuation Pause) 145M->54M(176M) 1.090ms
[737.766s][info][gc] GC(4555) Pause Young (Normal) (G1 Evacuation Pause) 146M->54M(176M) 1.062ms
[737.950s][info][gc] GC(4556) Pause Young (Normal) (G1 Evacuation Pause) 146M->55M(176M) 1.122ms
[738.136s][info][gc] GC(4557) Pause Young (Normal) (G1 Evacuation Pause) 147M->56M(176M) 1.122ms
[738.317s][info][gc] GC(4558) Pause Young (Normal) (G1 Evacuation Pause) 148M->57M(176M) 1.108ms
[738.495s][info][gc] GC(4559) Pause Young (Normal) (G1 Evacuation Pause) 149M->58M(176M) 1.081ms
[738.670s][info][gc] GC(4560) Pause Young (Normal) (G1 Evacuation Pause) 146M->58M(176M) 1.062ms
[738.837s][info][gc] GC(4561) Pause Young (Normal) (G1 Evacuation Pause) 146M->59M(176M) 1.100ms
[739.018s][info][gc] GC(4562) Pause Young (Normal) (G1 Evacuation Pause) 147M->60M(176M) 1.082ms
[739.172s][info][gc] GC(4563) Pause Young (Normal) (G1 Evacuation Pause) 148M->61M(176M) 1.077ms
[739.348s][info][gc] GC(4564) Pause Young (Normal) (G1 Evacuation Pause) 149M->62M(176M) 1.129ms
[739.501s][info][gc] GC(4565) Pause Young (Normal) (G1 Evacuation Pause) 146M->62M(176M) 1.104ms
[739.678s][info][gc] GC(4566) Pause Young (Normal) (G1 Evacuation Pause) 154M->63M(176M) 0.934ms
[739.857s][info][gc] GC(4567) Pause Young (Normal) (G1 Evacuation Pause) 155M->63M(176M) 0.958ms
[740.038s][info][gc] GC(4568) Pause Young (Normal) (G1 Evacuation Pause) 155M->65M(176M) 1.041ms
[740.192s][info][gc] GC(4569) Pause Young (Normal) (G1 Evacuation Pause) 149M->65M(176M) 1.086ms
[740.361s][info][gc] GC(4570) Pause Young (Normal) (G1 Evacuation Pause) 153M->65M(176M) 0.894ms
[740.529s][info][gc] GC(4571) Pause Young (Normal) (G1 Evacuation Pause) 153M->67M(176M) 0.904ms
[740.692s][info][gc] GC(4572) Pause Young (Concurrent Start) (G1 Evacuation Pause) 151M->67M(176M) 0.945ms
[740.692s][info][gc] GC(4573) Concurrent Mark Cycle
[740.700s][info][gc] GC(4573) Pause Remark 71M->71M(176M) 0.377ms
[740.705s][info][gc] GC(4573) Pause Cleanup 77M->77M(176M) 0.025ms
[740.705s][info][gc] GC(4573) Concurrent Mark Cycle 13.846ms
[740.854s][info][gc] GC(4574) Pause Young (Prepare Mixed) (G1 Evacuation Pause) 151M->68M(176M) 0.910ms
[741.011s][info][gc] GC(4575) Pause Young (Mixed) (G1 Evacuation Pause) 152M->65M(176M) 1.185ms
[741.184s][info][gc] GC(4576) Pause Young (Normal) (G1 Evacuation Pause) 153M->66M(176M) 0.896ms
[741.354s][info][gc] GC(4577) Pause Young (Normal) (G1 Evacuation Pause) 154M->67M(176M) 0.866ms
[741.509s][info][gc] GC(4578) Pause Young (Concurrent Start) (G1 Evacuation Pause) 151M->67M(176M) 0.885ms
[741.509s][info][gc] GC(4579) Concurrent Mark Cycle
[741.516s][info][gc] GC(4579) Pause Remark 71M->71M(176M) 0.397ms
[741.522s][info][gc] GC(4579) Pause Cleanup 71M->71M(176M) 0.023ms
[741.522s][info][gc] GC(4579) Concurrent Mark Cycle 12.901ms
[741.675s][info][gc] GC(4580) Pause Young (Prepare Mixed) (G1 Evacuation Pause) 151M->68M(176M) 0.953ms
[741.835s][info][gc] GC(4581) Pause Young (Mixed) (G1 Evacuation Pause) 152M->66M(176M) 1.265ms
[741.997s][info][gc] GC(4582) Pause Young (Normal) (G1 Evacuation Pause) 154M->67M(176M) 0.938ms
[742.166s][info][gc] GC(4583) Pause Young (Normal) (G1 Evacuation Pause) 155M->68M(176M) 0.978ms
[742.320s][info][gc] GC(4584) Pause Young (Concurrent Start) (G1 Evacuation Pause) 152M->68M(176M) 0.896ms
[742.320s][info][gc] GC(4585) Concurrent Mark Cycle
[742.330s][info][gc] GC(4585) Pause Remark 72M->72M(176M) 0.387ms
[742.336s][info][gc] GC(4585) Pause Cleanup 72M->72M(176M) 0.025ms
[742.337s][info][gc] GC(4585) Concurrent Mark Cycle 16.280ms
[742.490s][info][gc] GC(4586) Pause Young (Prepare Mixed) (G1 Evacuation Pause) 152M->69M(176M) 0.908ms
[742.655s][info][gc] GC(4587) Pause Young (Mixed) (G1 Evacuation Pause) 153M->67M(176M) 1.263ms
[742.812s][info][gc] GC(4588) Pause Young (Concurrent Start) (G1 Evacuation Pause) 151M->68M(176M) 0.917ms
[742.812s][info][gc] GC(4589) Concurrent Mark Cycle
[742.822s][info][gc] GC(4589) Pause Remark 74M->74M(176M) 0.387ms
[742.829s][info][gc] GC(4589) Pause Cleanup 78M->78M(176M) 0.020ms
[742.829s][info][gc] GC(4589) Concurrent Mark Cycle 16.769ms
[742.978s][info][gc] GC(4590) Pause Young (Prepare Mixed) (G1 Evacuation Pause) 152M->69M(176M) 0.951ms
[743.138s][info][gc] GC(4591) Pause Young (Mixed) (G1 Evacuation Pause) 153M->66M(176M) 2.409ms
[743.300s][info][gc] GC(4592) Pause Young (Concurrent Start) (G1 Evacuation Pause) 150M->67M(176M) 0.901ms
[743.300s][info][gc] GC(4593) Concurrent Mark Cycle
[743.308s][info][gc] GC(4593) Pause Remark 70M->70M(176M) 0.393ms
[743.313s][info][gc] GC(4593) Pause Cleanup 72M->72M(176M) 0.020ms
[743.313s][info][gc] GC(4593) Concurrent Mark Cycle 13.444ms
[743.464s][info][gc] GC(4594) Pause Young (Normal) (G1 Evacuation Pause) 151M->68M(176M) 0.944ms
[743.624s][info][gc] GC(4595) Pause Young (Concurrent Start) (G1 Evacuation Pause) 152M->68M(176M) 0.969ms
[743.625s][info][gc] GC(4596) Concurrent Mark Cycle
[743.633s][info][gc] GC(4596) Pause Remark 74M->74M(176M) 0.404ms
[743.638s][info][gc] GC(4596) Pause Cleanup 76M->76M(176M) 0.019ms
[743.638s][info][gc] GC(4596) Concurrent Mark Cycle 13.807ms
[743.832s][info][gc] GC(4597) Pause Young (Normal) (G1 Evacuation Pause) 152M->70M(176M) 1.112ms
[743.989s][info][gc] GC(4598) Pause Young (Concurrent Start) (G1 Evacuation Pause) 154M->71M(176M) 1.093ms
[743.989s][info][gc] GC(4599) Concurrent Mark Cycle
[743.992s][info][gc] GC(4599) Pause Remark 74M->50M(176M) 0.380ms
[743.994s][info][gc] GC(4599) Pause Cleanup 50M->50M(176M) 0.021ms
[743.994s][info][gc] GC(4599) Concurrent Mark Cycle 4.859ms
[744.144s][info][gc] GC(4600) Pause Young (Prepare Mixed) (G1 Evacuation Pause) 127M->48M(176M) 0.996ms
[744.335s][info][gc] GC(4601) Pause Young (Mixed) (G1 Evacuation Pause) 144M->39M(176M) 1.165ms
[744.505s][info][gc] GC(4602) Pause Young (Normal) (G1 Evacuation Pause) 135M->39M(176M) 0.859ms
[744.691s][info][gc] GC(4603) Pause Young (Normal) (G1 Evacuation Pause) 135M->41M(176M) 0.939ms
[744.876s][info][gc] GC(4604) Pause Young (Normal) (G1 Evacuation Pause) 137M->41M(176M) 0.990ms
[745.057s][info][gc] GC(4605) Pause Young (Normal) (G1 Evacuation Pause) 137M->41M(176M) 1.091ms
[745.246s][info][gc] GC(4606) Pause Young (Normal) (G1 Evacuation Pause) 137M->43M(176M) 1.125ms
[745.424s][info][gc] GC(4607) Pause Young (Normal) (G1 Evacuation Pause) 135M->43M(176M) 1.166ms
[745.600s][info][gc] GC(4608) Pause Young (Normal) (G1 Evacuation Pause) 135M->44M(176M) 1.163ms
[745.776s][info][gc] GC(4609) Pause Young (Normal) (G1 Evacuation Pause) 136M->45M(176M) 1.016ms
[745.961s][info][gc] GC(4610) Pause Young (Normal) (G1 Evacuation Pause) 137M->45M(176M) 1.173ms
[746.146s][info][gc] GC(4611) Pause Young (Normal) (G1 Evacuation Pause) 137M->47M(176M) 1.117ms
[746.318s][info][gc] GC(4612) Pause Young (Normal) (G1 Evacuation Pause) 139M->47M(176M) 1.101ms
[746.500s][info][gc] GC(4613) Pause Young (Normal) (G1 Evacuation Pause) 139M->48M(176M) 1.127ms
[746.678s][info][gc] GC(4614) Pause Young (Normal) (G1 Evacuation Pause) 140M->49M(176M) 1.100ms
[746.855s][info][gc] GC(4615) Pause Young (Normal) (G1 Evacuation Pause) 141M->50M(176M) 1.030ms
[747.033s][info][gc] GC(4616) Pause Young (Normal) (G1 Evacuation Pause) 142M->50M(176M) 1.124ms
[747.209s][info][gc] GC(4617) Pause Young (Normal) (G1 Evacuation Pause) 142M->51M(176M) 1.090ms
[747.390s][info][gc] GC(4618) Pause Young (Normal) (G1 Evacuation Pause) 143M->52M(176M) 1.203ms
[747.567s][info][gc] GC(4619) Pause Young (Normal) (G1 Evacuation Pause) 144M->53M(176M) 1.101ms
[747.747s][info][gc] GC(4620) Pause Young (Normal) (G1 Evacuation Pause) 145M->53M(176M) 1.075ms
[747.923s][info][gc] GC(4621) Pause Young (Normal) (G1 Evacuation Pause) 145M->54M(176M) 1.107ms
[748.096s][info][gc] GC(4622) Pause Young (Normal) (G1 Evacuation Pause) 146M->55M(176M) 1.117ms
[748.285s][info][gc] GC(4623) Pause Young (Normal) (G1 Evacuation Pause) 147M->56M(176M) 1.134ms
[748.465s][info][gc] GC(4624) Pause Young (Normal) (G1 Evacuation Pause) 148M->56M(176M) 1.148ms
[748.640s][info][gc] GC(4625) Pause Young (Normal) (G1 Evacuation Pause) 148M->57M(176M) 1.118ms
[748.823s][info][gc] GC(4626) Pause Young (Normal) (G1 Evacuation Pause) 145M->58M(176M) 1.169ms
[748.998s][info][gc] GC(4627) Pause Young (Normal) (G1 Evacuation Pause) 146M->58M(176M) 1.079ms
[749.166s][info][gc] GC(4628) Pause Young (Normal) (G1 Evacuation Pause) 146M->59M(176M) 1.029ms
[749.340s][info][gc] GC(4629) Pause Young (Normal) (G1 Evacuation Pause) 147M->60M(176M) 1.087ms
[749.513s][info][gc] GC(4630) Pause Young (Normal) (G1 Evacuation Pause) 148M->61M(176M) 1.076ms
[749.685s][info][gc] GC(4631) Pause Young (Normal) (G1 Evacuation Pause) 149M->61M(176M) 1.073ms
[749.853s][info][gc] GC(4632) Pause Young (Normal) (G1 Evacuation Pause) 145M->62M(176M) 1.159ms
[750.029s][info][gc] GC(4633) Pause Young (Normal) (G1 Evacuation Pause) 154M->63M(176M) 1.043ms
[750.207s][info][gc] GC(4634) Pause Young (Normal) (G1 Evacuation Pause) 155M->64M(176M) 0.960ms
[750.362s][info][gc] GC(4635) Pause Young (Normal) (G1 Evacuation Pause) 148M->64M(176M) 1.015ms
[750.540s][info][gc] GC(4636) Pause Young (Normal) (G1 Evacuation Pause) 152M->65M(176M) 0.915ms
[750.709s][info][gc] GC(4637) Pause Young (Normal) (G1 Evacuation Pause) 153M->66M(176M) 0.916ms
[750.876s][info][gc] GC(4638) Pause Young (Normal) (G1 Evacuation Pause) 154M->67M(176M) 0.912ms
[751.044s][info][gc] GC(4639) Pause Young (Concurrent Start) (G1 Evacuation Pause) 151M->67M(176M) 0.889ms
[751.044s][info][gc] GC(4640) Concurrent Mark Cycle
[751.051s][info][gc] GC(4640) Pause Remark 68M->64M(176M) 0.391ms
[751.057s][info][gc] GC(4640) Pause Cleanup 68M->68M(176M) 0.024ms
[751.057s][info][gc] GC(4640) Concurrent Mark Cycle 12.715ms
[751.213s][info][gc] GC(4641) Pause Young (Prepare Mixed) (G1 Evacuation Pause) 147M->64M(176M) 0.951ms
[751.387s][info][gc] GC(4642) Pause Young (Mixed) (G1 Evacuation Pause) 152M->63M(176M) 1.371ms
[751.566s][info][gc] GC(4643) Pause Young (Normal) (G1 Evacuation Pause) 155M->62M(176M) 1.011ms
[751.739s][info][gc] GC(4644) Pause Young (Normal) (G1 Evacuation Pause) 154M->63M(176M) 0.948ms
[751.896s][info][gc] GC(4645) Pause Young (Normal) (G1 Evacuation Pause) 147M->64M(176M) 1.048ms
[752.066s][info][gc] GC(4646) Pause Young (Normal) (G1 Evacuation Pause) 152M->65M(176M) 0.933ms
[752.238s][info][gc] GC(4647) Pause Young (Normal) (G1 Evacuation Pause) 153M->66M(176M) 0.952ms
[752.401s][info][gc] GC(4648) Pause Young (Normal) (G1 Evacuation Pause) 154M->66M(176M) 0.880ms
[752.577s][info][gc] GC(4649) Pause Young (Normal) (G1 Evacuation Pause) 154M->67M(176M) 0.926ms
[752.740s][info][gc] GC(4650) Pause Young (Concurrent Start) (G1 Evacuation Pause) 151M->67M(176M) 0.952ms
[752.740s][info][gc] GC(4651) Concurrent Mark Cycle
[752.748s][info][gc] GC(4651) Pause Remark 71M->71M(176M) 0.439ms
[752.755s][info][gc] GC(4651) Pause Cleanup 77M->77M(176M) 0.023ms
[752.755s][info][gc] GC(4651) Concurrent Mark Cycle 14.750ms
[752.897s][info][gc] GC(4652) Pause Young (Prepare Mixed) (G1 Evacuation Pause) 151M->68M(176M) 0.937ms
[753.063s][info][gc] GC(4653) Pause Young (Mixed) (G1 Evacuation Pause) 152M->67M(176M) 1.262ms
[753.217s][info][gc] GC(4654) Pause Young (Concurrent Start) (G1 Evacuation Pause) 151M->68M(176M) 0.923ms
[753.217s][info][gc] GC(4655) Concurrent Mark Cycle
[753.225s][info][gc] GC(4655) Pause Remark 75M->75M(176M) 0.382ms
[753.232s][info][gc] GC(4655) Pause Cleanup 75M->75M(176M) 0.020ms
[753.232s][info][gc] GC(4655) Concurrent Mark Cycle 15.225ms
[753.383s][info][gc] GC(4656) Pause Young (Prepare Mixed) (G1 Evacuation Pause) 152M->68M(176M) 0.947ms
[753.552s][info][gc] GC(4657) Pause Young (Mixed) (G1 Evacuation Pause) 152M->68M(176M) 3.079ms
[753.701s][info][gc] GC(4658) Pause Young (Concurrent Start) (G1 Evacuation Pause) 152M->69M(176M) 0.996ms
[753.701s][info][gc] GC(4659) Concurrent Mark Cycle
[753.709s][info][gc] GC(4659) Pause Remark 72M->72M(176M) 0.379ms
[753.714s][info][gc] GC(4659) Pause Cleanup 76M->76M(176M) 0.019ms
[753.714s][info][gc] GC(4659) Concurrent Mark Cycle 13.321ms
[753.916s][info][gc] GC(4660) Pause Young (Normal) (G1 Evacuation Pause) 153M->70M(176M) 1.038ms
[754.070s][info][gc] GC(4661) Pause Young (Concurrent Start) (G1 Evacuation Pause) 154M->71M(176M) 1.032ms
[754.070s][info][gc] GC(4662) Concurrent Mark Cycle
[754.074s][info][gc] GC(4662) Pause Remark 73M->45M(160M) 0.375ms
[754.075s][info][gc] GC(4662) Pause Cleanup 45M->45M(160M) 0.020ms
[754.075s][info][gc] GC(4662) Concurrent Mark Cycle 4.628ms
[754.236s][info][gc] GC(4663) Pause Young (Prepare Mixed) (G1 Evacuation Pause) 127M->44M(160M) 1.183ms
[754.402s][info][gc] GC(4664) Pause Young (Mixed) (G1 Evacuation Pause) 132M->38M(160M) 1.823ms
[754.571s][info][gc] GC(4665) Pause Young (Normal) (G1 Evacuation Pause) 126M->39M(160M) 1.187ms
[754.751s][info][gc] GC(4666) Pause Young (Normal) (G1 Evacuation Pause) 127M->41M(160M) 1.331ms
[754.919s][info][gc] GC(4667) Pause Young (Normal) (G1 Evacuation Pause) 129M->41M(160M) 1.199ms
[755.081s][info][gc] GC(4668) Pause Young (Normal) (G1 Evacuation Pause) 129M->42M(160M) 1.253ms
[755.251s][info][gc] GC(4669) Pause Young (Normal) (G1 Evacuation Pause) 130M->43M(160M) 1.038ms
[755.428s][info][gc] GC(4670) Pause Young (Normal) (G1 Evacuation Pause) 131M->44M(160M) 1.108ms
[755.583s][info][gc] GC(4671) Pause Young (Normal) (G1 Evacuation Pause) 132M->44M(160M) 1.126ms
[755.759s][info][gc] GC(4672) Pause Young (Normal) (G1 Evacuation Pause) 132M->45M(160M) 1.109ms
[755.930s][info][gc] GC(4673) Pause Young (Normal) (G1 Evacuation Pause) 133M->45M(160M) 1.068ms
[756.097s][info][gc] GC(4674) Pause Young (Normal) (G1 Evacuation Pause) 133M->46M(160M) 1.101ms
[756.265s][info][gc] GC(4675) Pause Young (Normal) (G1 Evacuation Pause) 134M->47M(160M) 1.136ms
[756.443s][info][gc] GC(4676) Pause Young (Normal) (G1 Evacuation Pause) 135M->48M(160M) 1.093ms
[756.608s][info][gc] GC(4677) Pause Young (Normal) (G1 Evacuation Pause) 136M->48M(160M) 1.124ms
[756.780s][info][gc] GC(4678) Pause Young (Normal) (G1 Evacuation Pause) 136M->49M(160M) 1.114ms
[756.956s][info][gc] GC(4679) Pause Young (Normal) (G1 Evacuation Pause) 137M->50M(160M) 1.102ms
[757.115s][info][gc] GC(4680) Pause Young (Normal) (G1 Evacuation Pause) 138M->50M(160M) 0.988ms
[757.287s][info][gc] GC(4681) Pause Young (Normal) (G1 Evacuation Pause) 138M->51M(160M) 1.151ms
[757.454s][info][gc] GC(4682) Pause Young (Normal) (G1 Evacuation Pause) 139M->52M(160M) 1.177ms
[757.618s][info][gc] GC(4683) Pause Young (Normal) (G1 Evacuation Pause) 140M->53M(160M) 1.013ms
[757.796s][info][gc] GC(4684) Pause Young (Normal) (G1 Evacuation Pause) 141M->54M(160M) 1.142ms
[757.971s][info][gc] GC(4685) Pause Young (Normal) (G1 Evacuation Pause) 142M->55M(160M) 1.210ms
[758.126s][info][gc] GC(4686) Pause Young (Normal) (G1 Evacuation Pause) 139M->55M(160M) 1.100ms
[758.288s][info][gc] GC(4687) Pause Young (Normal) (G1 Evacuation Pause) 139M->56M(160M) 1.135ms
[758.452s][info][gc] GC(4688) Pause Young (Normal) (G1 Evacuation Pause) 140M->57M(160M) 1.139ms
[758.608s][info][gc] GC(4689) Pause Young (Normal) (G1 Evacuation Pause) 141M->57M(160M) 1.075ms
[758.772s][info][gc] GC(4690) Pause Young (Normal) (G1 Evacuation Pause) 141M->58M(160M) 1.080ms
[758.928s][info][gc] GC(4691) Pause Young (Normal) (G1 Evacuation Pause) 142M->59M(160M) 1.096ms
[759.092s][info][gc] GC(4692) Pause Young (Concurrent Start) (G1 Evacuation Pause) 139M->59M(160M) 1.188ms
[759.092s][info][gc] GC(4693) Concurrent Mark Cycle
[759.099s][info][gc] GC(4693) Pause Remark 63M->63M(160M) 0.443ms
[759.102s][info][gc] GC(4693) Pause Cleanup 65M->65M(160M) 0.022ms
[759.102s][info][gc] GC(4693) Concurrent Mark Cycle 10.133ms
[759.262s][info][gc] GC(4694) Pause Young (Prepare Mixed) (G1 Evacuation Pause) 139M->60M(160M) 1.097ms
[759.412s][info][gc] GC(4695) Pause Young (Mixed) (G1 Evacuation Pause) 140M->54M(160M) 1.888ms
[759.586s][info][gc] GC(4696) Pause Young (Normal) (G1 Evacuation Pause) 142M->56M(160M) 1.142ms
[759.746s][info][gc] GC(4697) Pause Young (Normal) (G1 Evacuation Pause) 140M->56M(160M) 1.144ms
[759.913s][info][gc] GC(4698) Pause Young (Normal) (G1 Evacuation Pause) 140M->57M(160M) 1.152ms
[760.080s][info][gc] GC(4699) Pause Young (Normal) (G1 Evacuation Pause) 141M->57M(160M) 1.132ms
[760.232s][info][gc] GC(4700) Pause Young (Normal) (G1 Evacuation Pause) 141M->58M(160M) 1.111ms
[760.395s][info][gc] GC(4701) Pause Young (Normal) (G1 Evacuation Pause) 142M->59M(160M) 1.145ms
[760.543s][info][gc] GC(4702) Pause Young (Concurrent Start) (G1 Evacuation Pause) 139M->59M(160M) 1.190ms
[760.543s][info][gc] GC(4703) Concurrent Mark Cycle
[760.550s][info][gc] GC(4703) Pause Remark 63M->63M(160M) 0.448ms
[760.553s][info][gc] GC(4703) Pause Cleanup 67M->67M(160M) 0.023ms
[760.553s][info][gc] GC(4703) Concurrent Mark Cycle 10.275ms
[760.699s][info][gc] GC(4704) Pause Young (Prepare Mixed) (G1 Evacuation Pause) 139M->60M(160M) 1.126ms
[760.856s][info][gc] GC(4705) Pause Young (Mixed) (G1 Evacuation Pause) 140M->58M(160M) 1.565ms
[761.022s][info][gc] GC(4706) Pause Young (Normal) (G1 Evacuation Pause) 142M->59M(160M) 1.139ms
[761.178s][info][gc] GC(4707) Pause Young (Concurrent Start) (G1 Evacuation Pause) 139M->60M(160M) 1.202ms
[761.178s][info][gc] GC(4708) Concurrent Mark Cycle
[761.185s][info][gc] GC(4708) Pause Remark 66M->66M(160M) 0.443ms
[761.189s][info][gc] GC(4708) Pause Cleanup 68M->68M(160M) 0.024ms
[761.189s][info][gc] GC(4708) Concurrent Mark Cycle 11.052ms
[761.332s][info][gc] GC(4709) Pause Young (Prepare Mixed) (G1 Evacuation Pause) 140M->61M(160M) 1.186ms
[761.485s][info][gc] GC(4710) Pause Young (Mixed) (G1 Evacuation Pause) 141M->58M(160M) 1.477ms
[761.639s][info][gc] GC(4711) Pause Young (Concurrent Start) (G1 Evacuation Pause) 138M->59M(160M) 1.137ms
[761.639s][info][gc] GC(4712) Concurrent Mark Cycle
[761.646s][info][gc] GC(4712) Pause Remark 63M->63M(160M) 0.439ms
[761.650s][info][gc] GC(4712) Pause Cleanup 65M->65M(160M) 0.019ms
[761.650s][info][gc] GC(4712) Concurrent Mark Cycle 11.082ms
[761.793s][info][gc] GC(4713) Pause Young (Normal) (G1 Evacuation Pause) 139M->60M(160M) 1.168ms
[761.949s][info][gc] GC(4714) Pause Young (Concurrent Start) (G1 Evacuation Pause) 140M->60M(160M) 1.138ms
[761.949s][info][gc] GC(4715) Concurrent Mark Cycle
[761.956s][info][gc] GC(4715) Pause Remark 66M->66M(160M) 0.451ms
[761.960s][info][gc] GC(4715) Pause Cleanup 70M->70M(160M) 0.018ms
[761.960s][info][gc] GC(4715) Concurrent Mark Cycle 11.251ms
[762.105s][info][gc] GC(4716) Pause Young (Normal) (G1 Evacuation Pause) 140M->61M(160M) 1.123ms
[762.252s][info][gc] GC(4717) Pause Young (Concurrent Start) (G1 Evacuation Pause) 141M->62M(160M) 1.171ms
[762.252s][info][gc] GC(4718) Concurrent Mark Cycle
[762.260s][info][gc] GC(4718) Pause Remark 68M->68M(160M) 0.463ms
[762.262s][info][gc] GC(4718) Pause Cleanup 68M->68M(160M) 0.003ms
[762.263s][info][gc] GC(4718) Concurrent Mark Cycle 10.141ms
[762.412s][info][gc] GC(4719) Pause Young (Normal) (G1 Evacuation Pause) 142M->63M(160M) 1.137ms
[762.559s][info][gc] GC(4720) Pause Young (Concurrent Start) (G1 Evacuation Pause) 139M->63M(160M) 1.129ms
[762.560s][info][gc] GC(4721) Concurrent Mark Cycle
[762.567s][info][gc] GC(4721) Pause Remark 67M->67M(160M) 0.449ms
[762.572s][info][gc] GC(4721) Pause Cleanup 70M->70M(160M) 0.018ms
[762.572s][info][gc] GC(4721) Concurrent Mark Cycle 12.098ms
[762.722s][info][gc] GC(4722) Pause Young (Normal) (G1 Evacuation Pause) 139M->65M(160M) 1.144ms
[762.865s][info][gc] GC(4723) Pause Young (Concurrent Start) (G1 Evacuation Pause) 141M->64M(160M) 1.129ms
[762.865s][info][gc] GC(4724) Concurrent Mark Cycle
[762.872s][info][gc] GC(4724) Pause Remark 70M->70M(160M) 0.441ms
[762.877s][info][gc] GC(4724) Pause Cleanup 72M->72M(160M) 0.018ms
[762.877s][info][gc] GC(4724) Concurrent Mark Cycle 12.207ms
[763.004s][info][gc] GC(4725) Pause Young (Normal) (G1 Evacuation Pause) 140M->65M(160M) 1.030ms
[763.158s][info][gc] GC(4726) Pause Young (Concurrent Start) (G1 Evacuation Pause) 141M->66M(160M) 1.095ms
[763.158s][info][gc] GC(4727) Concurrent Mark Cycle
[763.166s][info][gc] GC(4727) Pause Remark 72M->72M(160M) 0.449ms
[763.170s][info][gc] GC(4727) Pause Cleanup 73M->73M(160M) 0.018ms
[763.170s][info][gc] GC(4727) Concurrent Mark Cycle 12.501ms
[763.299s][info][gc] GC(4728) Pause Young (Normal) (G1 Evacuation Pause) 142M->66M(160M) 1.152ms
[763.444s][info][gc] GC(4729) Pause Young (Concurrent Start) (G1 Evacuation Pause) 138M->67M(160M) 1.108ms
[763.444s][info][gc] GC(4730) Concurrent Mark Cycle
[763.452s][info][gc] GC(4730) Pause Remark 73M->73M(160M) 0.440ms
[763.457s][info][gc] GC(4730) Pause Cleanup 75M->75M(160M) 0.017ms
[763.457s][info][gc] GC(4730) Concurrent Mark Cycle 12.883ms
[763.577s][info][gc] GC(4731) Pause Young (Normal) (G1 Evacuation Pause) 139M->68M(160M) 1.098ms
[763.721s][info][gc] GC(4732) Pause Young (Concurrent Start) (G1 Evacuation Pause) 140M->68M(160M) 1.064ms
[763.721s][info][gc] GC(4733) Concurrent Mark Cycle
[763.729s][info][gc] GC(4733) Pause Remark 71M->71M(160M) 0.460ms
[763.735s][info][gc] GC(4733) Pause Cleanup 75M->75M(160M) 0.022ms
[763.735s][info][gc] GC(4733) Concurrent Mark Cycle 13.942ms
[763.861s][info][gc] GC(4734) Pause Young (Normal) (G1 Evacuation Pause) 140M->69M(160M) 1.128ms
[763.993s][info][gc] GC(4735) Pause Young (Concurrent Start) (G1 Evacuation Pause) 141M->70M(160M) 1.159ms
[763.993s][info][gc] GC(4736) Concurrent Mark Cycle
[764.001s][info][gc] GC(4736) Pause Remark 75M->75M(160M) 0.464ms
[764.006s][info][gc] GC(4736) Pause Cleanup 78M->78M(160M) 0.020ms
[764.006s][info][gc] GC(4736) Concurrent Mark Cycle 13.389ms
[764.169s][info][gc] GC(4737) Pause Young (Normal) (G1 Evacuation Pause) 142M->71M(160M) 1.248ms
[764.307s][info][gc] GC(4738) Pause Young (Concurrent Start) (G1 Evacuation Pause) 139M->72M(160M) 1.251ms
[764.307s][info][gc] GC(4739) Concurrent Mark Cycle
[764.310s][info][gc] GC(4739) Pause Remark 73M->41M(148M) 0.455ms
[764.312s][info][gc] GC(4739) Pause Cleanup 43M->43M(148M) 0.019ms
[764.312s][info][gc] GC(4739) Concurrent Mark Cycle 4.903ms
[764.433s][info][gc] GC(4740) Pause Young (Prepare Mixed) (G1 Evacuation Pause) 104M->40M(148M) 1.237ms
[764.587s][info][gc] GC(4741) Pause Young (Mixed) (G1 Evacuation Pause) 120M->38M(148M) 1.645ms
[764.743s][info][gc] GC(4742) Pause Young (Normal) (G1 Evacuation Pause) 118M->39M(148M) 1.281ms
[764.897s][info][gc] GC(4743) Pause Young (Normal) (G1 Evacuation Pause) 119M->39M(148M) 1.207ms
[765.060s][info][gc] GC(4744) Pause Young (Normal) (G1 Evacuation Pause) 119M->40M(148M) 1.187ms
[765.202s][info][gc] GC(4745) Pause Young (Normal) (G1 Evacuation Pause) 120M->41M(148M) 1.149ms
[765.366s][info][gc] GC(4746) Pause Young (Normal) (G1 Evacuation Pause) 121M->42M(148M) 1.194ms
[765.524s][info][gc] GC(4747) Pause Young (Normal) (G1 Evacuation Pause) 122M->43M(148M) 1.029ms
[765.675s][info][gc] GC(4748) Pause Young (Normal) (G1 Evacuation Pause) 123M->43M(148M) 1.094ms
[765.835s][info][gc] GC(4749) Pause Young (Normal) (G1 Evacuation Pause) 123M->44M(148M) 1.120ms
[765.981s][info][gc] GC(4750) Pause Young (Normal) (G1 Evacuation Pause) 124M->44M(148M) 1.100ms
[766.149s][info][gc] GC(4751) Pause Young (Normal) (G1 Evacuation Pause) 124M->45M(148M) 1.122ms
[766.288s][info][gc] GC(4752) Pause Young (Normal) (G1 Evacuation Pause) 125M->45M(148M) 1.128ms
[766.441s][info][gc] GC(4753) Pause Young (Normal) (G1 Evacuation Pause) 125M->46M(148M) 1.112ms
[766.593s][info][gc] GC(4754) Pause Young (Normal) (G1 Evacuation Pause) 126M->46M(148M) 1.094ms
[766.740s][info][gc] GC(4755) Pause Young (Normal) (G1 Evacuation Pause) 122M->48M(148M) 1.125ms
[766.881s][info][gc] GC(4756) Pause Young (Normal) (G1 Evacuation Pause) 124M->48M(148M) 1.090ms
[767.030s][info][gc] GC(4757) Pause Young (Normal) (G1 Evacuation Pause) 124M->48M(148M) 1.094ms
[767.173s][info][gc] GC(4758) Pause Young (Normal) (G1 Evacuation Pause) 124M->49M(148M) 1.076ms
[767.330s][info][gc] GC(4759) Pause Young (Normal) (G1 Evacuation Pause) 125M->50M(148M) 1.085ms
[767.472s][info][gc] GC(4760) Pause Young (Normal) (G1 Evacuation Pause) 126M->51M(148M) 1.107ms
[767.606s][info][gc] GC(4761) Pause Young (Normal) (G1 Evacuation Pause) 123M->51M(148M) 1.071ms
[767.751s][info][gc] GC(4762) Pause Young (Normal) (G1 Evacuation Pause) 123M->52M(148M) 1.058ms
[767.887s][info][gc] GC(4763) Pause Young (Normal) (G1 Evacuation Pause) 124M->53M(148M) 1.067ms
[768.036s][info][gc] GC(4764) Pause Young (Normal) (G1 Evacuation Pause) 125M->54M(148M) 1.163ms
[768.168s][info][gc] GC(4765) Pause Young (Normal) (G1 Evacuation Pause) 126M->54M(148M) 1.085ms
[768.300s][info][gc] GC(4766) Pause Young (Normal) (G1 Evacuation Pause) 126M->54M(148M) 1.048ms
[768.446s][info][gc] GC(4767) Pause Young (Normal) (G1 Evacuation Pause) 126M->55M(148M) 1.090ms
[768.573s][info][gc] GC(4768) Pause Young (Concurrent Start) (G1 Evacuation Pause) 123M->56M(148M) 1.115ms
[768.573s][info][gc] GC(4769) Concurrent Mark Cycle
[768.579s][info][gc] GC(4769) Pause Remark 58M->58M(148M) 0.452ms
[768.582s][info][gc] GC(4769) Pause Cleanup 60M->60M(148M) 0.020ms
[768.582s][info][gc] GC(4769) Concurrent Mark Cycle 8.935ms
[768.698s][info][gc] GC(4770) Pause Young (Prepare Mixed) (G1 Evacuation Pause) 124M->56M(148M) 1.087ms
[768.837s][info][gc] GC(4771) Pause Young (Mixed) (G1 Evacuation Pause) 124M->52M(148M) 1.801ms
[768.975s][info][gc] GC(4772) Pause Young (Normal) (G1 Evacuation Pause) 124M->53M(148M) 1.086ms
[769.105s][info][gc] GC(4773) Pause Young (Normal) (G1 Evacuation Pause) 125M->53M(148M) 1.028ms
[769.246s][info][gc] GC(4774) Pause Young (Normal) (G1 Evacuation Pause) 125M->54M(148M) 1.082ms
[769.382s][info][gc] GC(4775) Pause Young (Normal) (G1 Evacuation Pause) 126M->54M(148M) 1.083ms
[769.512s][info][gc] GC(4776) Pause Young (Concurrent Start) (G1 Evacuation Pause) 122M->55M(148M) 1.086ms
[769.512s][info][gc] GC(4777) Concurrent Mark Cycle
[769.518s][info][gc] GC(4777) Pause Remark 57M->57M(148M) 0.449ms
[769.522s][info][gc] GC(4777) Pause Cleanup 57M->57M(148M) 0.021ms
[769.522s][info][gc] GC(4777) Concurrent Mark Cycle 9.966ms
[769.659s][info][gc] GC(4778) Pause Young (Prepare Mixed) (G1 Evacuation Pause) 123M->56M(148M) 1.101ms
[769.788s][info][gc] GC(4779) Pause Young (Mixed) (G1 Evacuation Pause) 124M->54M(148M) 1.474ms
[769.931s][info][gc] GC(4780) Pause Young (Normal) (G1 Evacuation Pause) 126M->54M(148M) 1.089ms
[770.086s][info][gc] GC(4781) Pause Young (Normal) (G1 Evacuation Pause) 126M->55M(148M) 1.051ms
[770.218s][info][gc] GC(4782) Pause Young (Concurrent Start) (G1 Evacuation Pause) 123M->55M(148M) 1.104ms
[770.218s][info][gc] GC(4783) Concurrent Mark Cycle
[770.224s][info][gc] GC(4783) Pause Remark 60M->60M(148M) 0.445ms
[770.228s][info][gc] GC(4783) Pause Cleanup 62M->62M(148M) 0.020ms
[770.228s][info][gc] GC(4783) Concurrent Mark Cycle 10.872ms
[770.347s][info][gc] GC(4784) Pause Young (Prepare Mixed) (G1 Evacuation Pause) 123M->56M(148M) 1.060ms
[770.484s][info][gc] GC(4785) Pause Young (Mixed) (G1 Evacuation Pause) 124M->56M(148M) 1.475ms
[770.610s][info][gc] GC(4786) Pause Young (Concurrent Start) (G1 Evacuation Pause) 124M->56M(148M) 1.079ms
[770.610s][info][gc] GC(4787) Concurrent Mark Cycle
[770.617s][info][gc] GC(4787) Pause Remark 62M->62M(148M) 0.448ms
[770.621s][info][gc] GC(4787) Pause Cleanup 66M->66M(148M) 0.019ms
[770.621s][info][gc] GC(4787) Concurrent Mark Cycle 11.347ms
[770.735s][info][gc] GC(4788) Pause Young (Prepare Mixed) (G1 Evacuation Pause) 124M->57M(148M) 1.051ms
[770.873s][info][gc] GC(4789) Pause Young (Mixed) (G1 Evacuation Pause) 125M->55M(148M) 2.480ms
[771.000s][info][gc] GC(4790) Pause Young (Concurrent Start) (G1 Evacuation Pause) 123M->55M(148M) 1.037ms
[771.000s][info][gc] GC(4791) Concurrent Mark Cycle
[771.007s][info][gc] GC(4791) Pause Remark 58M->58M(148M) 0.459ms
[771.010s][info][gc] GC(4791) Pause Cleanup 58M->58M(148M) 0.018ms
[771.010s][info][gc] GC(4791) Concurrent Mark Cycle 10.455ms
[771.135s][info][gc] GC(4792) Pause Young (Normal) (G1 Evacuation Pause) 123M->57M(148M) 1.073ms
[771.256s][info][gc] GC(4793) Pause Young (Concurrent Start) (G1 Evacuation Pause) 125M->57M(148M) 1.137ms
[771.256s][info][gc] GC(4794) Concurrent Mark Cycle
[771.263s][info][gc] GC(4794) Pause Remark 61M->61M(148M) 0.448ms
[771.267s][info][gc] GC(4794) Pause Cleanup 64M->64M(148M) 0.018ms
[771.267s][info][gc] GC(4794) Concurrent Mark Cycle 10.680ms
[771.395s][info][gc] GC(4795) Pause Young (Normal) (G1 Evacuation Pause) 125M->57M(148M) 1.038ms
[771.527s][info][gc] GC(4796) Pause Young (Concurrent Start) (G1 Evacuation Pause) 125M->58M(148M) 1.101ms
[771.527s][info][gc] GC(4797) Concurrent Mark Cycle
[771.534s][info][gc] GC(4797) Pause Remark 63M->63M(148M) 0.454ms
[771.538s][info][gc] GC(4797) Pause Cleanup 64M->64M(148M) 0.017ms
[771.538s][info][gc] GC(4797) Concurrent Mark Cycle 10.770ms
[771.652s][info][gc] GC(4798) Pause Young (Normal) (G1 Evacuation Pause) 126M->58M(148M) 1.099ms
[771.784s][info][gc] GC(4799) Pause Young (Concurrent Start) (G1 Evacuation Pause) 126M->59M(148M) 1.131ms
[771.784s][info][gc] GC(4800) Concurrent Mark Cycle
[771.791s][info][gc] GC(4800) Pause Remark 63M->63M(148M) 0.448ms
[771.795s][info][gc] GC(4800) Pause Cleanup 66M->66M(148M) 0.016ms
[771.795s][info][gc] GC(4800) Concurrent Mark Cycle 11.285ms
[771.902s][info][gc] GC(4801) Pause Young (Normal) (G1 Evacuation Pause) 123M->60M(180M) 1.058ms
[772.095s][info][gc] GC(4802) Pause Young (Normal) (G1 Evacuation Pause) 156M->60M(180M) 0.917ms
[772.278s][info][gc] GC(4803) Pause Young (Normal) (G1 Evacuation Pause) 156M->61M(180M) 1.010ms
[772.449s][info][gc] GC(4804) Pause Young (Normal) (G1 Evacuation Pause) 149M->62M(180M) 1.052ms
[772.628s][info][gc] GC(4805) Pause Young (Normal) (G1 Evacuation Pause) 150M->62M(180M) 1.045ms
[772.799s][info][gc] GC(4806) Pause Young (Normal) (G1 Evacuation Pause) 150M->64M(180M) 1.064ms
[772.961s][info][gc] GC(4807) Pause Young (Normal) (G1 Evacuation Pause) 152M->64M(180M) 1.079ms
[773.138s][info][gc] GC(4808) Pause Young (Normal) (G1 Evacuation Pause) 152M->65M(180M) 1.125ms
[773.305s][info][gc] GC(4809) Pause Young (Normal) (G1 Evacuation Pause) 149M->65M(180M) 1.159ms
[773.480s][info][gc] GC(4810) Pause Young (Normal) (G1 Evacuation Pause) 157M->66M(180M) 0.901ms
[773.667s][info][gc] GC(4811) Pause Young (Normal) (G1 Evacuation Pause) 158M->67M(180M) 1.003ms
[773.832s][info][gc] GC(4812) Pause Young (Normal) (G1 Evacuation Pause) 151M->67M(180M) 1.008ms
[773.992s][info][gc] GC(4813) Pause Young (Concurrent Start) (G1 Evacuation Pause) 155M->68M(180M) 0.949ms
[773.992s][info][gc] GC(4814) Concurrent Mark Cycle
[774.000s][info][gc] GC(4814) Pause Remark 72M->72M(180M) 0.387ms
[774.005s][info][gc] GC(4814) Pause Cleanup 72M->72M(180M) 0.020ms
[774.005s][info][gc] GC(4814) Concurrent Mark Cycle 12.939ms
[774.171s][info][gc] GC(4815) Pause Young (Normal) (G1 Evacuation Pause) 156M->69M(180M) 0.934ms
[774.374s][info][gc] GC(4816) Pause Young (Concurrent Start) (G1 Evacuation Pause) 157M->70M(180M) 1.005ms
[774.374s][info][gc] GC(4817) Concurrent Mark Cycle
[774.377s][info][gc] GC(4817) Pause Remark 72M->48M(160M) 0.384ms
[774.379s][info][gc] GC(4817) Pause Cleanup 48M->48M(160M) 0.022ms
[774.379s][info][gc] GC(4817) Concurrent Mark Cycle 4.801ms
[774.554s][info][gc] GC(4818) Pause Young (Prepare Mixed) (G1 Evacuation Pause) 134M->47M(160M) 1.277ms
[774.730s][info][gc] GC(4819) Pause Young (Mixed) (G1 Evacuation Pause) 135M->34M(160M) 1.124ms
[774.898s][info][gc] GC(4820) Pause Young (Normal) (G1 Evacuation Pause) 122M->34M(160M) 0.906ms
[775.070s][info][gc] GC(4821) Pause Young (Normal) (G1 Evacuation Pause) 126M->35M(160M) 0.958ms
[775.236s][info][gc] GC(4822) Pause Young (Normal) (G1 Evacuation Pause) 123M->36M(160M) 1.055ms
[775.409s][info][gc] GC(4823) Pause Young (Normal) (G1 Evacuation Pause) 124M->36M(160M) 1.234ms
[775.570s][info][gc] GC(4824) Pause Young (Normal) (G1 Evacuation Pause) 124M->37M(160M) 1.240ms
[775.745s][info][gc] GC(4825) Pause Young (Normal) (G1 Evacuation Pause) 125M->37M(160M) 1.018ms
[775.915s][info][gc] GC(4826) Pause Young (Normal) (G1 Evacuation Pause) 125M->39M(160M) 1.098ms
[776.078s][info][gc] GC(4827) Pause Young (Normal) (G1 Evacuation Pause) 127M->39M(160M) 1.129ms
[776.254s][info][gc] GC(4828) Pause Young (Normal) (G1 Evacuation Pause) 127M->40M(160M) 1.156ms
[776.430s][info][gc] GC(4829) Pause Young (Normal) (G1 Evacuation Pause) 128M->40M(160M) 1.138ms
[776.585s][info][gc] GC(4830) Pause Young (Normal) (G1 Evacuation Pause) 128M->41M(160M) 1.124ms
[776.758s][info][gc] GC(4831) Pause Young (Normal) (G1 Evacuation Pause) 129M->42M(160M) 1.120ms
[776.932s][info][gc] GC(4832) Pause Young (Normal) (G1 Evacuation Pause) 130M->43M(160M) 1.100ms
[777.097s][info][gc] GC(4833) Pause Young (Normal) (G1 Evacuation Pause) 131M->43M(160M) 1.024ms
[777.268s][info][gc] GC(4834) Pause Young (Normal) (G1 Evacuation Pause) 131M->44M(160M) 1.074ms
[777.443s][info][gc] GC(4835) Pause Young (Normal) (G1 Evacuation Pause) 132M->45M(160M) 1.170ms
[777.612s][info][gc] GC(4836) Pause Young (Normal) (G1 Evacuation Pause) 133M->46M(160M) 1.092ms
[777.773s][info][gc] GC(4837) Pause Young (Normal) (G1 Evacuation Pause) 134M->46M(160M) 1.089ms
[777.943s][info][gc] GC(4838) Pause Young (Normal) (G1 Evacuation Pause) 134M->48M(160M) 1.112ms
[778.115s][info][gc] GC(4839) Pause Young (Normal) (G1 Evacuation Pause) 136M->48M(160M) 1.067ms
[778.280s][info][gc] GC(4840) Pause Young (Normal) (G1 Evacuation Pause) 136M->49M(160M) 1.162ms
[778.451s][info][gc] GC(4841) Pause Young (Normal) (G1 Evacuation Pause) 137M->49M(160M) 1.104ms
[778.619s][info][gc] GC(4842) Pause Young (Normal) (G1 Evacuation Pause) 137M->51M(160M) 1.066ms
[778.784s][info][gc] GC(4843) Pause Young (Normal) (G1 Evacuation Pause) 139M->51M(160M) 1.170ms
[778.960s][info][gc] GC(4844) Pause Young (Normal) (G1 Evacuation Pause) 139M->52M(160M) 1.075ms
[779.125s][info][gc] GC(4845) Pause Young (Normal) (G1 Evacuation Pause) 140M->53M(160M) 1.109ms
[779.282s][info][gc] GC(4846) Pause Young (Normal) (G1 Evacuation Pause) 141M->54M(160M) 1.093ms
[779.454s][info][gc] GC(4847) Pause Young (Normal) (G1 Evacuation Pause) 142M->54M(160M) 1.084ms
[779.613s][info][gc] GC(4848) Pause Young (Normal) (G1 Evacuation Pause) 138M->55M(160M) 1.103ms
[779.774s][info][gc] GC(4849) Pause Young (Normal) (G1 Evacuation Pause) 139M->56M(160M) 1.107ms
[779.938s][info][gc] GC(4850) Pause Young (Normal) (G1 Evacuation Pause) 140M->57M(160M) 1.112ms
[780.102s][info][gc] GC(4851) Pause Young (Normal) (G1 Evacuation Pause) 141M->57M(160M) 1.143ms
[780.265s][info][gc] GC(4852) Pause Young (Normal) (G1 Evacuation Pause) 141M->58M(160M) 1.085ms
[780.428s][info][gc] GC(4853) Pause Young (Normal) (G1 Evacuation Pause) 142M->59M(160M) 1.166ms
[780.587s][info][gc] GC(4854) Pause Young (Normal) (G1 Evacuation Pause) 143M->59M(160M) 1.213ms
[780.747s][info][gc] GC(4855) Pause Young (Concurrent Start) (G1 Evacuation Pause) 139M->60M(160M) 1.217ms
[780.747s][info][gc] GC(4856) Concurrent Mark Cycle
[780.754s][info][gc] GC(4856) Pause Remark 64M->64M(160M) 0.455ms
[780.759s][info][gc] GC(4856) Pause Cleanup 67M->67M(160M) 0.021ms
[780.759s][info][gc] GC(4856) Concurrent Mark Cycle 11.836ms
[780.893s][info][gc] GC(4857) Pause Young (Prepare Mixed) (G1 Evacuation Pause) 140M->61M(160M) 1.065ms
[781.053s][info][gc] GC(4858) Pause Young (Mixed) (G1 Evacuation Pause) 141M->59M(160M) 1.577ms
[781.195s][info][gc] GC(4859) Pause Young (Concurrent Start) (G1 Evacuation Pause) 139M->60M(160M) 1.129ms
[781.195s][info][gc] GC(4860) Concurrent Mark Cycle
[781.202s][info][gc] GC(4860) Pause Remark 64M->64M(160M) 0.446ms
[781.208s][info][gc] GC(4860) Pause Cleanup 67M->67M(160M) 0.021ms
[781.208s][info][gc] GC(4860) Concurrent Mark Cycle 12.393ms
[781.353s][info][gc] GC(4861) Pause Young (Prepare Mixed) (G1 Evacuation Pause) 140M->60M(160M) 1.162ms
[781.501s][info][gc] GC(4862) Pause Young (Mixed) (G1 Evacuation Pause) 140M->59M(160M) 1.807ms
[781.658s][info][gc] GC(4863) Pause Young (Concurrent Start) (G1 Evacuation Pause) 139M->60M(160M) 1.111ms
[781.658s][info][gc] GC(4864) Concurrent Mark Cycle
[781.665s][info][gc] GC(4864) Pause Remark 66M->66M(160M) 0.449ms
[781.671s][info][gc] GC(4864) Pause Cleanup 67M->67M(160M) 0.019ms
[781.671s][info][gc] GC(4864) Concurrent Mark Cycle 12.774ms
[781.806s][info][gc] GC(4865) Pause Young (Prepare Mixed) (G1 Evacuation Pause) 140M->61M(160M) 1.114ms
[781.967s][info][gc] GC(4866) Pause Young (Mixed) (G1 Evacuation Pause) 141M->61M(160M) 3.134ms
[782.118s][info][gc] GC(4867) Pause Young (Concurrent Start) (G1 Evacuation Pause) 141M->61M(160M) 1.051ms
[782.118s][info][gc] GC(4868) Concurrent Mark Cycle
[782.125s][info][gc] GC(4868) Pause Remark 62M->62M(160M) 0.449ms
[782.129s][info][gc] GC(4868) Pause Cleanup 62M->62M(160M) 0.020ms
[782.129s][info][gc] GC(4868) Concurrent Mark Cycle 10.919ms
[782.276s][info][gc] GC(4869) Pause Young (Normal) (G1 Evacuation Pause) 141M->62M(160M) 1.104ms
[782.432s][info][gc] GC(4870) Pause Young (Concurrent Start) (G1 Evacuation Pause) 142M->63M(160M) 1.192ms
[782.432s][info][gc] GC(4871) Concurrent Mark Cycle
[782.439s][info][gc] GC(4871) Pause Remark 66M->66M(160M) 0.452ms
[782.441s][info][gc] GC(4871) Pause Cleanup 67M->67M(160M) 0.003ms
[782.441s][info][gc] GC(4871) Concurrent Mark Cycle 9.745ms
[782.589s][info][gc] GC(4872) Pause Young (Normal) (G1 Evacuation Pause) 143M->63M(160M) 1.144ms
[782.736s][info][gc] GC(4873) Pause Young (Concurrent Start) (G1 Evacuation Pause) 139M->64M(160M) 1.115ms
[782.736s][info][gc] GC(4874) Concurrent Mark Cycle
[782.743s][info][gc] GC(4874) Pause Remark 69M->69M(160M) 0.442ms
[782.748s][info][gc] GC(4874) Pause Cleanup 71M->71M(160M) 0.017ms
[782.748s][info][gc] GC(4874) Concurrent Mark Cycle 11.840ms
[782.885s][info][gc] GC(4875) Pause Young (Normal) (G1 Evacuation Pause) 140M->64M(160M) 1.163ms
[783.026s][info][gc] GC(4876) Pause Young (Concurrent Start) (G1 Evacuation Pause) 140M->65M(160M) 1.100ms
[783.027s][info][gc] GC(4877) Concurrent Mark Cycle
[783.034s][info][gc] GC(4877) Pause Remark 68M->68M(160M) 0.638ms
[783.040s][info][gc] GC(4877) Pause Cleanup 69M->69M(160M) 0.021ms
[783.040s][info][gc] GC(4877) Concurrent Mark Cycle 13.267ms
[783.177s][info][gc] GC(4878) Pause Young (Normal) (G1 Evacuation Pause) 141M->66M(160M) 1.066ms
[783.319s][info][gc] GC(4879) Pause Young (Concurrent Start) (G1 Evacuation Pause) 142M->66M(160M) 1.177ms
[783.319s][info][gc] GC(4880) Concurrent Mark Cycle
[783.327s][info][gc] GC(4880) Pause Remark 72M->72M(160M) 0.455ms
[783.329s][info][gc] GC(4880) Pause Cleanup 73M->73M(160M) 0.004ms
[783.330s][info][gc] GC(4880) Concurrent Mark Cycle 10.603ms
[783.468s][info][gc] GC(4881) Pause Young (Normal) (G1 Evacuation Pause) 142M->67M(160M) 1.044ms
[783.602s][info][gc] GC(4882) Pause Young (Concurrent Start) (G1 Evacuation Pause) 139M->67M(160M) 1.059ms
[783.602s][info][gc] GC(4883) Concurrent Mark Cycle
[783.610s][info][gc] GC(4883) Pause Remark 71M->71M(160M) 0.448ms
[783.615s][info][gc] GC(4883) Pause Cleanup 75M->75M(160M) 0.019ms
[783.615s][info][gc] GC(4883) Concurrent Mark Cycle 12.613ms
[783.745s][info][gc] GC(4884) Pause Young (Normal) (G1 Evacuation Pause) 139M->68M(160M) 1.087ms
[783.888s][info][gc] GC(4885) Pause Young (Concurrent Start) (G1 Evacuation Pause) 140M->68M(160M) 1.179ms
[783.888s][info][gc] GC(4886) Concurrent Mark Cycle
[783.896s][info][gc] GC(4886) Pause Remark 75M->75M(160M) 0.447ms
[783.901s][info][gc] GC(4886) Pause Cleanup 79M->79M(160M) 0.018ms
[783.901s][info][gc] GC(4886) Concurrent Mark Cycle 13.040ms
[784.015s][info][gc] GC(4887) Pause Young (Normal) (G1 Evacuation Pause) 140M->69M(160M) 1.083ms
[784.166s][info][gc] GC(4888) Pause Young (Concurrent Start) (G1 Evacuation Pause) 141M->70M(160M) 1.069ms
[784.166s][info][gc] GC(4889) Concurrent Mark Cycle
[784.175s][info][gc] GC(4889) Pause Remark 76M->76M(160M) 0.448ms
[784.180s][info][gc] GC(4889) Pause Cleanup 78M->78M(160M) 0.018ms
[784.180s][info][gc] GC(4889) Concurrent Mark Cycle 13.317ms
[784.303s][info][gc] GC(4890) Pause Young (Normal) (G1 Evacuation Pause) 142M->70M(160M) 1.092ms
[784.437s][info][gc] GC(4891) Pause Young (Concurrent Start) (G1 Evacuation Pause) 142M->75M(160M) 1.271ms
[784.437s][info][gc] GC(4892) Concurrent Mark Cycle
[784.442s][info][gc] GC(4892) Pause Remark 87M->63M(160M) 0.421ms
[784.443s][info][gc] GC(4892) Pause Cleanup 69M->69M(160M) 0.041ms
[784.443s][info][gc] GC(4892) Concurrent Mark Cycle 6.521ms
[784.465s][info][gc] GC(4893) Pause Young (Prepare Mixed) (G1 Evacuation Pause) 111M->53M(160M) 1.324ms
[784.508s][info][gc] GC(4894) Pause Young (Mixed) (G1 Evacuation Pause) 141M->43M(160M) 1.410ms
[784.562s][info][gc] GC(4895) Pause Young (Normal) (G1 Evacuation Pause) 135M->45M(160M) 0.902ms
[784.603s][info][gc] GC(4896) Pause Young (Normal) (G1 Evacuation Pause) 133M->46M(208M) 1.004ms
[784.664s][info][gc] GC(4897) Pause Young (Normal) (G1 Evacuation Pause) 162M->46M(208M) 0.977ms
[784.720s][info][gc] GC(4898) Pause Young (Normal) (G1 Evacuation Pause) 162M->47M(208M) 1.085ms
[784.784s][info][gc] GC(4899) Pause Young (Normal) (G1 Evacuation Pause) 163M->48M(208M) 1.291ms
[784.835s][info][gc] GC(4900) Pause Young (Normal) (G1 Evacuation Pause) 160M->50M(252M) 1.113ms
[784.910s][info][gc] GC(4901) Pause Young (Normal) (G1 Evacuation Pause) 186M->51M(252M) 1.238ms
[784.983s][info][gc] GC(4902) Pause Young (Normal) (G1 Evacuation Pause) 187M->52M(252M) 1.255ms
[785.046s][info][gc] GC(4903) Pause Young (Normal) (G1 Evacuation Pause) 188M->53M(252M) 1.216ms
[785.120s][info][gc] GC(4904) Pause Young (Normal) (G1 Evacuation Pause) 189M->54M(304M) 1.323ms
[785.201s][info][gc] GC(4905) Pause Young (Normal) (G1 Evacuation Pause) 218M->55M(304M) 1.213ms
[785.278s][info][gc] GC(4906) Pause Young (Normal) (G1 Evacuation Pause) 219M->57M(304M) 1.421ms
[785.361s][info][gc] GC(4907) Pause Young (Normal) (G1 Evacuation Pause) 221M->58M(304M) 1.380ms
[785.448s][info][gc] GC(4908) Pause Young (Normal) (G1 Evacuation Pause) 222M->60M(368M) 1.449ms
[785.552s][info][gc] GC(4909) Pause Young (Normal) (G1 Evacuation Pause) 264M->61M(368M) 1.566ms
[785.653s][info][gc] GC(4910) Pause Young (Normal) (G1 Evacuation Pause) 261M->63M(368M) 1.597ms
[785.753s][info][gc] GC(4911) Pause Young (Normal) (G1 Evacuation Pause) 263M->64M(368M) 1.692ms
[785.854s][info][gc] GC(4912) Pause Young (Normal) (G1 Evacuation Pause) 264M->66M(444M) 1.638ms
[785.978s][info][gc] GC(4913) Pause Young (Normal) (G1 Evacuation Pause) 310M->69M(444M) 1.724ms
[786.100s][info][gc] GC(4914) Pause Young (Normal) (G1 Evacuation Pause) 313M->70M(444M) 1.756ms
[786.217s][info][gc] GC(4915) Pause Young (Normal) (G1 Evacuation Pause) 310M->70M(444M) 1.724ms
[786.341s][info][gc] GC(4916) Pause Young (Normal) (G1 Evacuation Pause) 314M->73M(444M) 1.797ms
[786.464s][info][gc] GC(4917) Pause Young (Normal) (G1 Evacuation Pause) 313M->76M(444M) 1.750ms
[786.588s][info][gc] GC(4918) Pause Young (Normal) (G1 Evacuation Pause) 316M->78M(444M) 1.840ms
[786.705s][info][gc] GC(4919) Pause Young (Normal) (G1 Evacuation Pause) 318M->80M(444M) 1.837ms
[786.824s][info][gc] GC(4920) Pause Young (Normal) (G1 Evacuation Pause) 320M->83M(444M) 1.779ms
[786.945s][info][gc] GC(4921) Pause Young (Normal) (G1 Evacuation Pause) 323M->84M(444M) 1.809ms
[787.064s][info][gc] GC(4922) Pause Young (Normal) (G1 Evacuation Pause) 324M->86M(444M) 1.756ms
[787.183s][info][gc] GC(4923) Pause Young (Normal) (G1 Evacuation Pause) 330M->88M(444M) 1.595ms
[787.307s][info][gc] GC(4924) Pause Young (Normal) (G1 Evacuation Pause) 328M->90M(444M) 1.829ms
[787.431s][info][gc] GC(4925) Pause Young (Normal) (G1 Evacuation Pause) 330M->92M(444M) 1.748ms
[787.550s][info][gc] GC(4926) Pause Young (Normal) (G1 Evacuation Pause) 332M->94M(444M) 1.807ms
[787.674s][info][gc] GC(4927) Pause Young (Normal) (G1 Evacuation Pause) 334M->96M(444M) 1.895ms
[787.792s][info][gc] GC(4928) Pause Young (Normal) (G1 Evacuation Pause) 336M->98M(444M) 2.083ms
[787.910s][info][gc] GC(4929) Pause Young (Normal) (G1 Evacuation Pause) 338M->100M(444M) 1.732ms
[788.031s][info][gc] GC(4930) Pause Young (Normal) (G1 Evacuation Pause) 340M->101M(444M) 1.856ms
[788.152s][info][gc] GC(4931) Pause Young (Normal) (G1 Evacuation Pause) 341M->104M(536M) 1.905ms
[788.307s][info][gc] GC(4932) Pause Young (Normal) (G1 Evacuation Pause) 400M->106M(536M) 2.117ms
[788.457s][info][gc] GC(4933) Pause Young (Normal) (G1 Evacuation Pause) 398M->109M(536M) 2.004ms
[788.604s][info][gc] GC(4934) Pause Young (Normal) (G1 Evacuation Pause) 401M->111M(536M) 2.039ms
[788.754s][info][gc] GC(4935) Pause Young (Normal) (G1 Evacuation Pause) 407M->112M(536M) 2.078ms
[788.902s][info][gc] GC(4936) Pause Young (Normal) (G1 Evacuation Pause) 408M->116M(536M) 2.067ms
[789.055s][info][gc] GC(4937) Pause Young (Normal) (G1 Evacuation Pause) 412M->118M(536M) 1.990ms
[789.197s][info][gc] GC(4938) Pause Young (Normal) (G1 Evacuation Pause) 414M->122M(536M) 2.071ms
[789.348s][info][gc] GC(4939) Pause Young (Normal) (G1 Evacuation Pause) 418M->122M(536M) 1.929ms
[789.499s][info][gc] GC(4940) Pause Young (Normal) (G1 Evacuation Pause) 418M->125M(536M) 2.055ms
[789.650s][info][gc] GC(4941) Pause Young (Normal) (G1 Evacuation Pause) 417M->128M(536M) 2.062ms
[789.875s][info][gc] GC(4942) Pause Young (Normal) (G1 Evacuation Pause) 424M->133M(536M) 2.084ms
[790.023s][info][gc] GC(4943) Pause Young (Normal) (G1 Evacuation Pause) 425M->136M(536M) 2.063ms
[790.170s][info][gc] GC(4944) Pause Young (Normal) (G1 Evacuation Pause) 432M->136M(536M) 1.960ms
[790.321s][info][gc] GC(4945) Pause Young (Normal) (G1 Evacuation Pause) 432M->140M(536M) 2.124ms
[790.464s][info][gc] GC(4946) Pause Young (Normal) (G1 Evacuation Pause) 432M->143M(536M) 2.162ms
[790.614s][info][gc] GC(4947) Pause Young (Normal) (G1 Evacuation Pause) 439M->145M(536M) 2.072ms
[790.766s][info][gc] GC(4948) Pause Young (Normal) (G1 Evacuation Pause) 441M->148M(536M) 2.328ms
[790.914s][info][gc] GC(4949) Pause Young (Normal) (G1 Evacuation Pause) 444M->149M(536M) 2.056ms
[791.070s][info][gc] GC(4950) Pause Young (Normal) (G1 Evacuation Pause) 449M->153M(536M) 1.981ms
[791.221s][info][gc] GC(4951) Pause Young (Normal) (G1 Evacuation Pause) 449M->156M(536M) 2.106ms
[791.385s][info][gc] GC(4952) Pause Young (Normal) (G1 Evacuation Pause) 452M->158M(536M) 2.688ms
[791.528s][info][gc] GC(4953) Pause Young (Normal) (G1 Evacuation Pause) 454M->160M(536M) 2.136ms
[791.684s][info][gc] GC(4954) Pause Young (Normal) (G1 Evacuation Pause) 456M->164M(536M) 2.024ms
[791.826s][info][gc] GC(4955) Pause Young (Normal) (G1 Evacuation Pause) 456M->166M(536M) 1.982ms
[791.969s][info][gc] GC(4956) Pause Young (Normal) (G1 Evacuation Pause) 462M->167M(536M) 1.943ms
[792.120s][info][gc] GC(4957) Pause Young (Normal) (G1 Evacuation Pause) 463M->169M(536M) 1.991ms
[792.264s][info][gc] GC(4958) Pause Young (Normal) (G1 Evacuation Pause) 465M->173M(536M) 1.942ms
[792.412s][info][gc] GC(4959) Pause Young (Normal) (G1 Evacuation Pause) 469M->173M(536M) 2.130ms
[792.568s][info][gc] GC(4960) Pause Young (Normal) (G1 Evacuation Pause) 469M->178M(536M) 2.070ms
[792.709s][info][gc] GC(4961) Pause Young (Normal) (G1 Evacuation Pause) 470M->179M(536M) 2.066ms
[792.862s][info][gc] GC(4962) Pause Young (Normal) (G1 Evacuation Pause) 475M->182M(536M) 2.049ms
[793.014s][info][gc] GC(4963) Pause Young (Normal) (G1 Evacuation Pause) 478M->185M(536M) 2.052ms
[793.160s][info][gc] GC(4964) Pause Young (Normal) (G1 Evacuation Pause) 477M->187M(536M) 1.874ms
[793.305s][info][gc] GC(4965) Pause Young (Normal) (G1 Evacuation Pause) 475M->191M(536M) 1.956ms
[793.444s][info][gc] GC(4966) Pause Young (Normal) (G1 Evacuation Pause) 471M->193M(536M) 1.936ms
[793.592s][info][gc] GC(4967) Pause Young (Normal) (G1 Evacuation Pause) 477M->194M(536M) 1.933ms
[793.730s][info][gc] GC(4968) Pause Young (Normal) (G1 Evacuation Pause) 478M->197M(536M) 2.006ms
[793.872s][info][gc] GC(4969) Pause Young (Normal) (G1 Evacuation Pause) 477M->199M(536M) 1.918ms
[794.015s][info][gc] GC(4970) Pause Young (Normal) (G1 Evacuation Pause) 475M->201M(536M) 1.826ms
[794.154s][info][gc] GC(4971) Pause Young (Normal) (G1 Evacuation Pause) 477M->204M(536M) 1.836ms
[794.286s][info][gc] GC(4972) Pause Young (Normal) (G1 Evacuation Pause) 472M->205M(536M) 2.373ms
[794.422s][info][gc] GC(4973) Pause Young (Concurrent Start) (G1 Evacuation Pause) 477M->208M(536M) 1.909ms
[794.422s][info][gc] GC(4974) Concurrent Mark Cycle
[794.443s][info][gc] GC(4974) Pause Remark 240M->152M(416M) 0.444ms
[794.456s][info][gc] GC(4974) Pause Cleanup 167M->167M(416M) 0.055ms
[794.456s][info][gc] GC(4974) Concurrent Mark Cycle 34.122ms
[794.538s][info][gc] GC(4975) Pause Young (Prepare Mixed) (G1 Evacuation Pause) 344M->121M(416M) 1.766ms
[794.656s][info][gc] GC(4976) Pause Young (Mixed) (G1 Evacuation Pause) 349M->119M(416M) 1.572ms
[794.776s][info][gc] GC(4977) Pause Young (Normal) (G1 Evacuation Pause) 347M->122M(416M) 1.703ms
[794.887s][info][gc] GC(4978) Pause Young (Normal) (G1 Evacuation Pause) 346M->124M(416M) 1.765ms
[795.004s][info][gc] GC(4979) Pause Young (Normal) (G1 Evacuation Pause) 352M->126M(416M) 1.741ms
[795.118s][info][gc] GC(4980) Pause Young (Normal) (G1 Evacuation Pause) 354M->128M(500M) 1.679ms
[795.316s][info][gc] GC(4981) Pause Young (Normal) (G1 Evacuation Pause) 408M->131M(500M) 1.923ms
[795.454s][info][gc] GC(4982) Pause Young (Normal) (G1 Evacuation Pause) 407M->132M(500M) 2.062ms
[795.600s][info][gc] GC(4983) Pause Young (Normal) (G1 Evacuation Pause) 408M->137M(500M) 2.027ms
[795.736s][info][gc] GC(4984) Pause Young (Normal) (G1 Evacuation Pause) 413M->138M(500M) 2.116ms
[795.874s][info][gc] GC(4985) Pause Young (Normal) (G1 Evacuation Pause) 414M->141M(500M) 2.088ms
[796.018s][info][gc] GC(4986) Pause Young (Normal) (G1 Evacuation Pause) 417M->143M(500M) 1.976ms
[796.154s][info][gc] GC(4987) Pause Young (Normal) (G1 Evacuation Pause) 415M->145M(500M) 2.218ms
[796.286s][info][gc] GC(4988) Pause Young (Normal) (G1 Evacuation Pause) 421M->147M(500M) 2.064ms
[796.427s][info][gc] GC(4989) Pause Young (Normal) (G1 Evacuation Pause) 423M->150M(500M) 2.135ms
[796.570s][info][gc] GC(4990) Pause Young (Normal) (G1 Evacuation Pause) 426M->153M(500M) 1.893ms
[796.703s][info][gc] GC(4991) Pause Young (Normal) (G1 Evacuation Pause) 425M->156M(500M) 2.033ms
[796.839s][info][gc] GC(4992) Pause Young (Normal) (G1 Evacuation Pause) 428M->157M(500M) 1.933ms
[796.981s][info][gc] GC(4993) Pause Young (Normal) (G1 Evacuation Pause) 433M->160M(500M) 1.993ms
[797.115s][info][gc] GC(4994) Pause Young (Normal) (G1 Evacuation Pause) 432M->161M(500M) 1.945ms
[797.252s][info][gc] GC(4995) Pause Young (Normal) (G1 Evacuation Pause) 437M->164M(500M) 2.069ms
[797.389s][info][gc] GC(4996) Pause Young (Normal) (G1 Evacuation Pause) 436M->166M(500M) 1.935ms
[797.529s][info][gc] GC(4997) Pause Young (Normal) (G1 Evacuation Pause) 442M->168M(500M) 1.966ms
[797.665s][info][gc] GC(4998) Pause Young (Normal) (G1 Evacuation Pause) 444M->172M(500M) 1.937ms
[797.800s][info][gc] GC(4999) Pause Young (Normal) (G1 Evacuation Pause) 436M->173M(500M) 1.860ms
[797.941s][info][gc] GC(5000) Pause Young (Normal) (G1 Evacuation Pause) 445M->176M(500M) 2.032ms
[798.069s][info][gc] GC(5001) Pause Young (Normal) (G1 Evacuation Pause) 436M->178M(500M) 1.974ms
[798.198s][info][gc] GC(5002) Pause Young (Normal) (G1 Evacuation Pause) 442M->180M(500M) 1.894ms
[798.327s][info][gc] GC(5003) Pause Young (Normal) (G1 Evacuation Pause) 440M->182M(500M) 1.800ms
[798.461s][info][gc] GC(5004) Pause Young (Normal) (G1 Evacuation Pause) 442M->184M(500M) 1.851ms
[798.587s][info][gc] GC(5005) Pause Young (Concurrent Start) (G1 Evacuation Pause) 440M->186M(500M) 1.842ms
[798.587s][info][gc] GC(5006) Concurrent Mark Cycle
[798.603s][info][gc] GC(5006) Pause Remark 219M->137M(360M) 0.429ms
[798.615s][info][gc] GC(5006) Pause Cleanup 162M->162M(360M) 0.048ms
[798.615s][info][gc] GC(5006) Concurrent Mark Cycle 27.992ms
[798.687s][info][gc] GC(5007) Pause Young (Prepare Mixed) (G1 Evacuation Pause) 296M->107M(360M) 1.758ms
[798.782s][info][gc] GC(5008) Pause Young (Mixed) (G1 Evacuation Pause) 303M->104M(360M) 1.501ms
[798.881s][info][gc] GC(5009) Pause Young (Normal) (G1 Evacuation Pause) 300M->105M(360M) 1.483ms
[798.977s][info][gc] GC(5010) Pause Young (Normal) (G1 Evacuation Pause) 301M->106M(360M) 1.532ms
[799.081s][info][gc] GC(5011) Pause Young (Normal) (G1 Evacuation Pause) 306M->109M(432M) 1.536ms
[799.199s][info][gc] GC(5012) Pause Young (Normal) (G1 Evacuation Pause) 345M->110M(432M) 1.598ms
[799.322s][info][gc] GC(5013) Pause Young (Normal) (G1 Evacuation Pause) 346M->112M(432M) 1.615ms
[799.439s][info][gc] GC(5014) Pause Young (Normal) (G1 Evacuation Pause) 348M->114M(432M) 1.766ms
[799.557s][info][gc] GC(5015) Pause Young (Normal) (G1 Evacuation Pause) 350M->116M(432M) 1.619ms
[799.678s][info][gc] GC(5016) Pause Young (Normal) (G1 Evacuation Pause) 352M->118M(432M) 1.620ms
[799.797s][info][gc] GC(5017) Pause Young (Normal) (G1 Evacuation Pause) 354M->119M(432M) 1.653ms
[799.920s][info][gc] GC(5018) Pause Young (Normal) (G1 Evacuation Pause) 355M->122M(432M) 1.626ms
[800.038s][info][gc] GC(5019) Pause Young (Normal) (G1 Evacuation Pause) 358M->124M(432M) 1.657ms
[800.155s][info][gc] GC(5020) Pause Young (Normal) (G1 Evacuation Pause) 360M->125M(432M) 1.587ms
[800.280s][info][gc] GC(5021) Pause Young (Normal) (G1 Evacuation Pause) 361M->128M(432M) 1.699ms
[800.401s][info][gc] GC(5022) Pause Young (Normal) (G1 Evacuation Pause) 364M->131M(432M) 1.937ms
[800.519s][info][gc] GC(5023) Pause Young (Normal) (G1 Evacuation Pause) 363M->131M(432M) 1.664ms
[800.693s][info][gc] GC(5024) Pause Young (Normal) (G1 Evacuation Pause) 367M->135M(432M) 1.821ms
[800.809s][info][gc] GC(5025) Pause Young (Normal) (G1 Evacuation Pause) 367M->138M(432M) 1.854ms
[800.931s][info][gc] GC(5026) Pause Young (Normal) (G1 Evacuation Pause) 374M->139M(432M) 1.657ms
[801.048s][info][gc] GC(5027) Pause Young (Normal) (G1 Evacuation Pause) 375M->142M(432M) 1.851ms
[801.163s][info][gc] GC(5028) Pause Young (Normal) (G1 Evacuation Pause) 378M->143M(432M) 1.797ms
[801.280s][info][gc] GC(5029) Pause Young (Normal) (G1 Evacuation Pause) 379M->145M(520M) 2.041ms
[801.434s][info][gc] GC(5030) Pause Young (Normal) (G1 Evacuation Pause) 437M->148M(520M) 2.147ms
[801.588s][info][gc] GC(5031) Pause Young (Normal) (G1 Evacuation Pause) 436M->152M(520M) 2.227ms
[801.732s][info][gc] GC(5032) Pause Young (Normal) (G1 Evacuation Pause) 436M->151M(520M) 2.156ms
[801.881s][info][gc] GC(5033) Pause Young (Normal) (G1 Evacuation Pause) 443M->156M(520M) 1.857ms
[802.029s][info][gc] GC(5034) Pause Young (Normal) (G1 Evacuation Pause) 444M->157M(520M) 2.633ms
[802.180s][info][gc] GC(5035) Pause Young (Normal) (G1 Evacuation Pause) 445M->160M(520M) 1.994ms
[802.319s][info][gc] GC(5036) Pause Young (Normal) (G1 Evacuation Pause) 448M->162M(520M) 2.004ms
[802.465s][info][gc] GC(5037) Pause Young (Normal) (G1 Evacuation Pause) 450M->166M(520M) 1.972ms
[802.610s][info][gc] GC(5038) Pause Young (Normal) (G1 Evacuation Pause) 450M->167M(520M) 2.042ms
[802.756s][info][gc] GC(5039) Pause Young (Normal) (G1 Evacuation Pause) 455M->170M(520M) 2.047ms
[802.900s][info][gc] GC(5040) Pause Young (Normal) (G1 Evacuation Pause) 458M->172M(520M) 1.955ms
[803.043s][info][gc] GC(5041) Pause Young (Normal) (G1 Evacuation Pause) 460M->175M(520M) 1.913ms
[803.187s][info][gc] GC(5042) Pause Young (Normal) (G1 Evacuation Pause) 463M->177M(520M) 1.896ms
[803.337s][info][gc] GC(5043) Pause Young (Normal) (G1 Evacuation Pause) 465M->179M(520M) 1.964ms
[803.478s][info][gc] GC(5044) Pause Young (Normal) (G1 Evacuation Pause) 463M->180M(520M) 1.914ms
[803.623s][info][gc] GC(5045) Pause Young (Normal) (G1 Evacuation Pause) 464M->183M(520M) 2.024ms
[803.766s][info][gc] GC(5046) Pause Young (Normal) (G1 Evacuation Pause) 459M->186M(520M) 2.024ms
[803.901s][info][gc] GC(5047) Pause Young (Normal) (G1 Evacuation Pause) 462M->188M(520M) 1.905ms
[804.039s][info][gc] GC(5048) Pause Young (Normal) (G1 Evacuation Pause) 464M->191M(520M) 1.938ms
[804.181s][info][gc] GC(5049) Pause Young (Normal) (G1 Evacuation Pause) 463M->192M(520M) 1.897ms
[804.314s][info][gc] GC(5050) Pause Young (Normal) (G1 Evacuation Pause) 464M->193M(520M) 2.084ms
[804.458s][info][gc] GC(5051) Pause Young (Concurrent Start) (G1 Evacuation Pause) 461M->197M(520M) 1.843ms
[804.458s][info][gc] GC(5052) Concurrent Mark Cycle
[804.474s][info][gc] GC(5052) Pause Remark 226M->151M(416M) 0.423ms
[804.487s][info][gc] GC(5052) Pause Cleanup 181M->181M(416M) 0.055ms
[804.487s][info][gc] GC(5052) Concurrent Mark Cycle 28.991ms
[804.575s][info][gc] GC(5053) Pause Young (Prepare Mixed) (G1 Evacuation Pause) 345M->124M(416M) 2.051ms
[804.692s][info][gc] GC(5054) Pause Young (Mixed) (G1 Evacuation Pause) 352M->110M(416M) 2.016ms
[804.807s][info][gc] GC(5055) Pause Young (Normal) (G1 Evacuation Pause) 338M->113M(416M) 1.730ms
[804.920s][info][gc] GC(5056) Pause Young (Normal) (G1 Evacuation Pause) 341M->113M(416M) 1.700ms
[805.037s][info][gc] GC(5057) Pause Young (Normal) (G1 Evacuation Pause) 341M->116M(500M) 1.690ms
[805.176s][info][gc] GC(5058) Pause Young (Normal) (G1 Evacuation Pause) 396M->119M(500M) 1.947ms
[805.317s][info][gc] GC(5059) Pause Young (Normal) (G1 Evacuation Pause) 395M->121M(500M) 2.022ms
[805.455s][info][gc] GC(5060) Pause Young (Normal) (G1 Evacuation Pause) 397M->123M(500M) 1.866ms
[805.598s][info][gc] GC(5061) Pause Young (Normal) (G1 Evacuation Pause) 399M->126M(500M) 1.936ms
[805.727s][info][gc] GC(5062) Pause Young (Normal) (G1 Evacuation Pause) 398M->126M(500M) 2.021ms
[805.878s][info][gc] GC(5063) Pause Young (Normal) (G1 Evacuation Pause) 402M->130M(500M) 2.086ms
[806.085s][info][gc] GC(5064) Pause Young (Normal) (G1 Evacuation Pause) 402M->132M(500M) 2.031ms
[806.228s][info][gc] GC(5065) Pause Young (Normal) (G1 Evacuation Pause) 408M->136M(500M) 2.049ms
[806.364s][info][gc] GC(5066) Pause Young (Normal) (G1 Evacuation Pause) 408M->138M(500M) 2.125ms
[806.504s][info][gc] GC(5067) Pause Young (Normal) (G1 Evacuation Pause) 414M->141M(500M) 2.137ms
[806.646s][info][gc] GC(5068) Pause Young (Normal) (G1 Evacuation Pause) 417M->143M(500M) 2.107ms
[806.783s][info][gc] GC(5069) Pause Young (Normal) (G1 Evacuation Pause) 419M->145M(500M) 2.182ms
[806.924s][info][gc] GC(5070) Pause Young (Normal) (G1 Evacuation Pause) 421M->148M(500M) 2.051ms
[807.066s][info][gc] GC(5071) Pause Young (Normal) (G1 Evacuation Pause) 424M->149M(500M) 2.124ms
[807.201s][info][gc] GC(5072) Pause Young (Normal) (G1 Evacuation Pause) 425M->152M(500M) 2.206ms
[807.340s][info][gc] GC(5073) Pause Young (Normal) (G1 Evacuation Pause) 428M->154M(500M) 1.828ms
[807.480s][info][gc] GC(5074) Pause Young (Normal) (G1 Evacuation Pause) 430M->157M(500M) 2.172ms
[807.615s][info][gc] GC(5075) Pause Young (Normal) (G1 Evacuation Pause) 429M->158M(500M) 1.973ms
[807.757s][info][gc] GC(5076) Pause Young (Normal) (G1 Evacuation Pause) 434M->161M(500M) 2.065ms
[807.900s][info][gc] GC(5077) Pause Young (Normal) (G1 Evacuation Pause) 437M->164M(500M) 1.931ms
[808.035s][info][gc] GC(5078) Pause Young (Normal) (G1 Evacuation Pause) 436M->167M(500M) 2.193ms
[808.167s][info][gc] GC(5079) Pause Young (Normal) (G1 Evacuation Pause) 435M->167M(500M) 1.959ms
[808.305s][info][gc] GC(5080) Pause Young (Normal) (G1 Evacuation Pause) 443M->170M(500M) 1.991ms
[808.447s][info][gc] GC(5081) Pause Young (Normal) (G1 Evacuation Pause) 442M->172M(500M) 1.987ms
[808.580s][info][gc] GC(5082) Pause Young (Normal) (G1 Evacuation Pause) 444M->174M(500M) 1.932ms
[808.712s][info][gc] GC(5083) Pause Young (Normal) (G1 Evacuation Pause) 442M->176M(500M) 1.949ms
[808.846s][info][gc] GC(5084) Pause Young (Normal) (G1 Evacuation Pause) 444M->178M(500M) 1.883ms
[808.979s][info][gc] GC(5085) Pause Young (Normal) (G1 Evacuation Pause) 442M->181M(500M) 1.993ms
[809.106s][info][gc] GC(5086) Pause Young (Normal) (G1 Evacuation Pause) 441M->184M(500M) 1.792ms
[809.237s][info][gc] GC(5087) Pause Young (Concurrent Start) (G1 Evacuation Pause) 440M->187M(500M) 1.856ms
[809.237s][info][gc] GC(5088) Concurrent Mark Cycle
[809.250s][info][gc] GC(5088) Pause Remark 212M->134M(376M) 0.459ms
[809.261s][info][gc] GC(5088) Pause Cleanup 154M->154M(376M) 0.042ms
[809.261s][info][gc] GC(5088) Concurrent Mark Cycle 24.027ms
[809.342s][info][gc] GC(5089) Pause Young (Prepare Mixed) (G1 Evacuation Pause) 309M->111M(376M) 1.708ms
[809.443s][info][gc] GC(5090) Pause Young (Mixed) (G1 Evacuation Pause) 315M->99M(376M) 1.522ms
[809.548s][info][gc] GC(5091) Pause Young (Normal) (G1 Evacuation Pause) 307M->102M(376M) 1.491ms
[809.660s][info][gc] GC(5092) Pause Young (Normal) (G1 Evacuation Pause) 310M->103M(376M) 1.453ms
[809.761s][info][gc] GC(5093) Pause Young (Normal) (G1 Evacuation Pause) 307M->106M(452M) 1.697ms
[809.889s][info][gc] GC(5094) Pause Young (Normal) (G1 Evacuation Pause) 354M->107M(452M) 1.638ms
[810.012s][info][gc] GC(5095) Pause Young (Normal) (G1 Evacuation Pause) 355M->109M(452M) 1.610ms
[810.144s][info][gc] GC(5096) Pause Young (Normal) (G1 Evacuation Pause) 357M->112M(452M) 1.787ms
[810.265s][info][gc] GC(5097) Pause Young (Normal) (G1 Evacuation Pause) 356M->113M(452M) 1.871ms
[810.389s][info][gc] GC(5098) Pause Young (Normal) (G1 Evacuation Pause) 361M->116M(452M) 1.761ms
[810.512s][info][gc] GC(5099) Pause Young (Normal) (G1 Evacuation Pause) 360M->118M(452M) 1.709ms
[810.636s][info][gc] GC(5100) Pause Young (Normal) (G1 Evacuation Pause) 362M->120M(452M) 1.848ms
[810.756s][info][gc] GC(5101) Pause Young (Normal) (G1 Evacuation Pause) 364M->120M(452M) 1.909ms
[810.886s][info][gc] GC(5102) Pause Young (Normal) (G1 Evacuation Pause) 364M->125M(452M) 1.833ms
[811.009s][info][gc] GC(5103) Pause Young (Normal) (G1 Evacuation Pause) 369M->126M(452M) 1.859ms
[811.131s][info][gc] GC(5104) Pause Young (Normal) (G1 Evacuation Pause) 370M->129M(452M) 1.918ms
[811.251s][info][gc] GC(5105) Pause Young (Normal) (G1 Evacuation Pause) 373M->130M(452M) 1.891ms
[811.380s][info][gc] GC(5106) Pause Young (Normal) (G1 Evacuation Pause) 378M->130M(452M) 1.714ms
[811.662s][info][gc] GC(5107) Pause Young (Normal) (G1 Evacuation Pause) 374M->133M(452M) 1.983ms
[811.908s][info][gc] GC(5108) Pause Young (Normal) (G1 Evacuation Pause) 377M->136M(452M) 1.824ms
[812.141s][info][gc] GC(5109) Pause Young (Normal) (G1 Evacuation Pause) 380M->138M(452M) 1.933ms
[812.387s][info][gc] GC(5110) Pause Young (Normal) (G1 Evacuation Pause) 382M->141M(452M) 1.826ms
[812.632s][info][gc] GC(5111) Pause Young (Normal) (G1 Evacuation Pause) 385M->141M(452M) 1.907ms
[812.867s][info][gc] GC(5112) Pause Young (Normal) (G1 Evacuation Pause) 385M->144M(452M) 1.911ms
[813.098s][info][gc] GC(5113) Pause Young (Normal) (G1 Evacuation Pause) 388M->146M(452M) 1.920ms
[813.337s][info][gc] GC(5114) Pause Young (Normal) (G1 Evacuation Pause) 390M->148M(452M) 1.892ms
[813.578s][info][gc] GC(5115) Pause Young (Normal) (G1 Evacuation Pause) 392M->149M(452M) 1.819ms
[813.811s][info][gc] GC(5116) Pause Young (Normal) (G1 Evacuation Pause) 393M->151M(452M) 1.900ms
[814.051s][info][gc] GC(5117) Pause Young (Normal) (G1 Evacuation Pause) 399M->153M(452M) 1.646ms
[814.297s][info][gc] GC(5118) Pause Young (Normal) (G1 Evacuation Pause) 401M->156M(452M) 1.704ms
[814.526s][info][gc] GC(5119) Pause Young (Normal) (G1 Evacuation Pause) 396M->158M(452M) 1.799ms
[814.757s][info][gc] GC(5120) Pause Young (Normal) (G1 Evacuation Pause) 394M->160M(452M) 1.872ms
[815.001s][info][gc] GC(5121) Pause Young (Normal) (G1 Evacuation Pause) 400M->161M(452M) 1.891ms
[815.225s][info][gc] GC(5122) Pause Young (Normal) (G1 Evacuation Pause) 393M->164M(452M) 1.805ms
[815.453s][info][gc] GC(5123) Pause Young (Normal) (G1 Evacuation Pause) 400M->166M(452M) 1.545ms
[815.678s][info][gc] GC(5124) Pause Young (Normal) (G1 Evacuation Pause) 398M->168M(452M) 1.519ms
[815.898s][info][gc] GC(5125) Pause Young (Normal) (G1 Evacuation Pause) 400M->170M(452M) 1.596ms
[816.127s][info][gc] GC(5126) Pause Young (Normal) (G1 Evacuation Pause) 402M->172M(452M) 1.694ms
[816.349s][info][gc] GC(5127) Pause Young (Concurrent Start) (G1 Evacuation Pause) 400M->174M(452M) 1.612ms
[816.349s][info][gc] GC(5128) Concurrent Mark Cycle
[816.359s][info][gc] GC(5128) Pause Remark 186M->103M(308M) 0.514ms
[816.364s][info][gc] GC(5128) Pause Cleanup 109M->109M(308M) 0.065ms
[816.364s][info][gc] GC(5128) Concurrent Mark Cycle 14.636ms
[816.501s][info][gc] GC(5129) Pause Young (Prepare Mixed) (G1 Evacuation Pause) 255M->92M(308M) 1.728ms
[816.728s][info][gc] GC(5130) Pause Young (Mixed) (G1 Evacuation Pause) 260M->87M(308M) 1.405ms
[816.893s][info][gc] GC(5131) Pause Young (Normal) (G1 Evacuation Pause) 255M->88M(308M) 1.431ms
[817.056s][info][gc] GC(5132) Pause Young (Normal) (G1 Evacuation Pause) 256M->89M(308M) 1.387ms
[817.218s][info][gc] GC(5133) Pause Young (Normal) (G1 Evacuation Pause) 257M->92M(308M) 1.441ms
[817.381s][info][gc] GC(5134) Pause Young (Normal) (G1 Evacuation Pause) 260M->93M(308M) 1.451ms
[817.552s][info][gc] GC(5135) Pause Young (Normal) (G1 Evacuation Pause) 261M->94M(308M) 1.642ms
[817.714s][info][gc] GC(5136) Pause Young (Normal) (G1 Evacuation Pause) 262M->95M(308M) 1.425ms
[817.871s][info][gc] GC(5137) Pause Young (Normal) (G1 Evacuation Pause) 263M->96M(308M) 1.497ms
[818.039s][info][gc] GC(5138) Pause Young (Normal) (G1 Evacuation Pause) 264M->98M(308M) 1.475ms
[818.197s][info][gc] GC(5139) Pause Young (Normal) (G1 Evacuation Pause) 266M->99M(308M) 1.275ms
[818.365s][info][gc] GC(5140) Pause Young (Normal) (G1 Evacuation Pause) 267M->101M(308M) 1.364ms
[818.534s][info][gc] GC(5141) Pause Young (Normal) (G1 Evacuation Pause) 269M->102M(308M) 1.371ms
[818.691s][info][gc] GC(5142) Pause Young (Normal) (G1 Evacuation Pause) 266M->103M(308M) 1.374ms
[818.855s][info][gc] GC(5143) Pause Young (Normal) (G1 Evacuation Pause) 267M->106M(308M) 1.348ms
[819.007s][info][gc] GC(5144) Pause Young (Normal) (G1 Evacuation Pause) 270M->107M(308M) 1.469ms
[819.167s][info][gc] GC(5145) Pause Young (Normal) (G1 Evacuation Pause) 267M->108M(308M) 1.350ms
[819.323s][info][gc] GC(5146) Pause Young (Normal) (G1 Evacuation Pause) 268M->109M(308M) 1.320ms
[819.486s][info][gc] GC(5147) Pause Young (Normal) (G1 Evacuation Pause) 269M->110M(308M) 1.344ms
[819.634s][info][gc] GC(5148) Pause Young (Normal) (G1 Evacuation Pause) 266M->111M(308M) 1.289ms
[819.798s][info][gc] GC(5149) Pause Young (Normal) (G1 Evacuation Pause) 267M->112M(308M) 1.327ms
[819.947s][info][gc] GC(5150) Pause Young (Normal) (G1 Evacuation Pause) 268M->114M(308M) 1.305ms
[820.098s][info][gc] GC(5151) Pause Young (Concurrent Start) (G1 Evacuation Pause) 266M->116M(308M) 1.349ms
[820.099s][info][gc] GC(5152) Concurrent Mark Cycle
[820.106s][info][gc] GC(5152) Pause Remark 125M->98M(308M) 0.403ms
[820.110s][info][gc] GC(5152) Pause Cleanup 102M->102M(308M) 0.064ms
[820.110s][info][gc] GC(5152) Concurrent Mark Cycle 11.297ms
[820.241s][info][gc] GC(5153) Pause Young (Prepare Mixed) (G1 Evacuation Pause) 240M->89M(308M) 1.340ms
[820.413s][info][gc] GC(5154) Pause Young (Mixed) (G1 Evacuation Pause) 257M->72M(308M) 1.551ms
[820.586s][info][gc] GC(5155) Pause Young (Normal) (G1 Evacuation Pause) 240M->74M(308M) 1.347ms
[820.741s][info][gc] GC(5156) Pause Young (Normal) (G1 Evacuation Pause) 242M->75M(308M) 1.341ms
[820.912s][info][gc] GC(5157) Pause Young (Normal) (G1 Evacuation Pause) 243M->77M(308M) 1.326ms
[821.069s][info][gc] GC(5158) Pause Young (Normal) (G1 Evacuation Pause) 245M->77M(308M) 1.331ms
[821.243s][info][gc] GC(5159) Pause Young (Normal) (G1 Evacuation Pause) 245M->79M(308M) 1.335ms
[821.416s][info][gc] GC(5160) Pause Young (Normal) (G1 Evacuation Pause) 247M->80M(308M) 1.404ms
[821.574s][info][gc] GC(5161) Pause Young (Normal) (G1 Evacuation Pause) 248M->82M(308M) 1.389ms
[821.740s][info][gc] GC(5162) Pause Young (Normal) (G1 Evacuation Pause) 250M->83M(308M) 1.310ms
[821.957s][info][gc] GC(5163) Pause Young (Normal) (G1 Evacuation Pause) 251M->86M(308M) 1.402ms
[822.121s][info][gc] GC(5164) Pause Young (Normal) (G1 Evacuation Pause) 254M->87M(308M) 1.504ms
[822.278s][info][gc] GC(5165) Pause Young (Normal) (G1 Evacuation Pause) 255M->88M(308M) 1.433ms
[822.451s][info][gc] GC(5166) Pause Young (Normal) (G1 Evacuation Pause) 256M->90M(308M) 1.442ms
[822.616s][info][gc] GC(5167) Pause Young (Normal) (G1 Evacuation Pause) 258M->91M(308M) 1.471ms
[822.783s][info][gc] GC(5168) Pause Young (Normal) (G1 Evacuation Pause) 259M->93M(308M) 1.621ms
[822.957s][info][gc] GC(5169) Pause Young (Normal) (G1 Evacuation Pause) 261M->94M(308M) 1.585ms
[823.114s][info][gc] GC(5170) Pause Young (Normal) (G1 Evacuation Pause) 262M->96M(308M) 1.453ms
[823.282s][info][gc] GC(5171) Pause Young (Normal) (G1 Evacuation Pause) 264M->96M(308M) 1.600ms
[823.442s][info][gc] GC(5172) Pause Young (Normal) (G1 Evacuation Pause) 264M->98M(308M) 1.222ms
[823.611s][info][gc] GC(5173) Pause Young (Normal) (G1 Evacuation Pause) 266M->99M(308M) 1.363ms
[823.780s][info][gc] GC(5174) Pause Young (Normal) (G1 Evacuation Pause) 267M->101M(308M) 1.426ms
[823.934s][info][gc] GC(5175) Pause Young (Normal) (G1 Evacuation Pause) 265M->102M(308M) 1.353ms
[824.096s][info][gc] GC(5176) Pause Young (Normal) (G1 Evacuation Pause) 266M->103M(308M) 1.341ms
[824.248s][info][gc] GC(5177) Pause Young (Normal) (G1 Evacuation Pause) 267M->105M(308M) 1.396ms
[824.410s][info][gc] GC(5178) Pause Young (Normal) (G1 Evacuation Pause) 265M->106M(308M) 1.368ms
[824.562s][info][gc] GC(5179) Pause Young (Normal) (G1 Evacuation Pause) 266M->107M(308M) 1.357ms
[824.724s][info][gc] GC(5180) Pause Young (Normal) (G1 Evacuation Pause) 267M->109M(308M) 1.367ms
[824.874s][info][gc] GC(5181) Pause Young (Normal) (G1 Evacuation Pause) 265M->110M(308M) 1.353ms
[825.030s][info][gc] GC(5182) Pause Young (Normal) (G1 Evacuation Pause) 266M->111M(308M) 1.290ms
[825.179s][info][gc] GC(5183) Pause Young (Normal) (G1 Evacuation Pause) 267M->113M(308M) 1.300ms
[825.337s][info][gc] GC(5184) Pause Young (Normal) (G1 Evacuation Pause) 265M->114M(308M) 1.359ms
[825.480s][info][gc] GC(5185) Pause Young (Normal) (G1 Evacuation Pause) 266M->116M(308M) 1.317ms
[825.634s][info][gc] GC(5186) Pause Young (Normal) (G1 Evacuation Pause) 268M->117M(308M) 1.482ms
[825.780s][info][gc] GC(5187) Pause Young (Concurrent Start) (G1 Evacuation Pause) 265M->118M(308M) 1.251ms
[825.780s][info][gc] GC(5188) Concurrent Mark Cycle
[825.788s][info][gc] GC(5188) Pause Remark 130M->96M(296M) 0.572ms
[825.793s][info][gc] GC(5188) Pause Cleanup 101M->101M(296M) 0.068ms
[825.794s][info][gc] GC(5188) Concurrent Mark Cycle 13.268ms
[825.933s][info][gc] GC(5189) Pause Young (Prepare Mixed) (G1 Evacuation Pause) 232M->84M(296M) 1.297ms
[826.081s][info][gc] GC(5190) Pause Young (Mixed) (G1 Evacuation Pause) 244M->74M(296M) 1.338ms
[826.239s][info][gc] GC(5191) Pause Young (Normal) (G1 Evacuation Pause) 234M->76M(296M) 1.274ms
[826.391s][info][gc] GC(5192) Pause Young (Normal) (G1 Evacuation Pause) 236M->77M(296M) 1.296ms
[826.552s][info][gc] GC(5193) Pause Young (Normal) (G1 Evacuation Pause) 237M->78M(296M) 1.468ms
[826.699s][info][gc] GC(5194) Pause Young (Normal) (G1 Evacuation Pause) 238M->81M(296M) 1.329ms
[826.860s][info][gc] GC(5195) Pause Young (Normal) (G1 Evacuation Pause) 241M->80M(296M) 1.527ms
[827.009s][info][gc] GC(5196) Pause Young (Normal) (G1 Evacuation Pause) 240M->83M(296M) 1.323ms
[827.222s][info][gc] GC(5197) Pause Young (Normal) (G1 Evacuation Pause) 243M->84M(296M) 1.409ms
[827.389s][info][gc] GC(5198) Pause Young (Normal) (G1 Evacuation Pause) 244M->86M(296M) 1.419ms
[827.535s][info][gc] GC(5199) Pause Young (Normal) (G1 Evacuation Pause) 246M->86M(296M) 1.431ms
[827.700s][info][gc] GC(5200) Pause Young (Normal) (G1 Evacuation Pause) 246M->89M(296M) 1.378ms
[827.852s][info][gc] GC(5201) Pause Young (Normal) (G1 Evacuation Pause) 249M->89M(296M) 1.391ms
[828.011s][info][gc] GC(5202) Pause Young (Normal) (G1 Evacuation Pause) 249M->91M(296M) 1.421ms
[828.170s][info][gc] GC(5203) Pause Young (Normal) (G1 Evacuation Pause) 251M->92M(296M) 1.488ms
[828.325s][info][gc] GC(5204) Pause Young (Normal) (G1 Evacuation Pause) 252M->93M(296M) 1.466ms
[828.488s][info][gc] GC(5205) Pause Young (Normal) (G1 Evacuation Pause) 253M->95M(296M) 1.413ms
[828.642s][info][gc] GC(5206) Pause Young (Normal) (G1 Evacuation Pause) 255M->96M(296M) 1.466ms
[828.796s][info][gc] GC(5207) Pause Young (Normal) (G1 Evacuation Pause) 252M->97M(296M) 1.305ms
[828.943s][info][gc] GC(5208) Pause Young (Normal) (G1 Evacuation Pause) 253M->99M(296M) 1.334ms
[829.102s][info][gc] GC(5209) Pause Young (Normal) (G1 Evacuation Pause) 255M->100M(296M) 1.305ms
[829.245s][info][gc] GC(5210) Pause Young (Normal) (G1 Evacuation Pause) 252M->102M(296M) 1.317ms
[829.398s][info][gc] GC(5211) Pause Young (Normal) (G1 Evacuation Pause) 254M->103M(296M) 1.271ms
[829.540s][info][gc] GC(5212) Pause Young (Normal) (G1 Evacuation Pause) 255M->104M(296M) 1.289ms
[829.683s][info][gc] GC(5213) Pause Young (Normal) (G1 Evacuation Pause) 252M->105M(296M) 1.268ms
[829.832s][info][gc] GC(5214) Pause Young (Normal) (G1 Evacuation Pause) 253M->106M(296M) 1.312ms
[829.978s][info][gc] GC(5215) Pause Young (Normal) (G1 Evacuation Pause) 254M->108M(296M) 1.272ms
[830.127s][info][gc] GC(5216) Pause Young (Normal) (G1 Evacuation Pause) 256M->109M(296M) 1.293ms
[830.270s][info][gc] GC(5217) Pause Young (Normal) (G1 Evacuation Pause) 253M->111M(296M) 1.358ms
[830.402s][info][gc] GC(5218) Pause Young (Concurrent Start) (G1 Evacuation Pause) 251M->111M(296M) 1.234ms
[830.402s][info][gc] GC(5219) Concurrent Mark Cycle
[830.409s][info][gc] GC(5219) Pause Remark 120M->82M(256M) 0.411ms
[830.413s][info][gc] GC(5219) Pause Cleanup 88M->88M(256M) 0.066ms
[830.413s][info][gc] GC(5219) Concurrent Mark Cycle 11.445ms
[830.543s][info][gc] GC(5220) Pause Young (Prepare Mixed) (G1 Evacuation Pause) 213M->74M(256M) 1.212ms
[830.679s][info][gc] GC(5221) Pause Young (Mixed) (G1 Evacuation Pause) 214M->68M(256M) 1.368ms
[830.811s][info][gc] GC(5222) Pause Young (Normal) (G1 Evacuation Pause) 208M->69M(256M) 1.225ms
[830.958s][info][gc] GC(5223) Pause Young (Normal) (G1 Evacuation Pause) 209M->71M(256M) 1.346ms
[831.100s][info][gc] GC(5224) Pause Young (Normal) (G1 Evacuation Pause) 211M->72M(256M) 1.387ms
[831.237s][info][gc] GC(5225) Pause Young (Normal) (G1 Evacuation Pause) 212M->72M(256M) 1.151ms
[831.382s][info][gc] GC(5226) Pause Young (Normal) (G1 Evacuation Pause) 212M->74M(256M) 1.271ms
[831.521s][info][gc] GC(5227) Pause Young (Normal) (G1 Evacuation Pause) 214M->75M(256M) 1.280ms
[831.652s][info][gc] GC(5228) Pause Young (Normal) (G1 Evacuation Pause) 215M->75M(256M) 1.109ms
[831.795s][info][gc] GC(5229) Pause Young (Normal) (G1 Evacuation Pause) 215M->78M(256M) 1.363ms
[831.926s][info][gc] GC(5230) Pause Young (Normal) (G1 Evacuation Pause) 214M->78M(256M) 1.354ms
[832.060s][info][gc] GC(5231) Pause Young (Normal) (G1 Evacuation Pause) 218M->80M(256M) 1.270ms
[832.205s][info][gc] GC(5232) Pause Young (Normal) (G1 Evacuation Pause) 220M->81M(256M) 1.230ms
[832.390s][info][gc] GC(5233) Pause Young (Normal) (G1 Evacuation Pause) 217M->83M(256M) 1.293ms
[832.525s][info][gc] GC(5234) Pause Young (Normal) (G1 Evacuation Pause) 223M->84M(256M) 1.475ms
[832.657s][info][gc] GC(5235) Pause Young (Normal) (G1 Evacuation Pause) 224M->84M(256M) 1.184ms
[832.803s][info][gc] GC(5236) Pause Young (Normal) (G1 Evacuation Pause) 224M->86M(256M) 1.363ms
[832.933s][info][gc] GC(5237) Pause Young (Normal) (G1 Evacuation Pause) 218M->88M(256M) 1.395ms
[833.055s][info][gc] GC(5238) Pause Young (Normal) (G1 Evacuation Pause) 220M->88M(256M) 1.321ms
[833.201s][info][gc] GC(5239) Pause Young (Normal) (G1 Evacuation Pause) 224M->90M(308M) 1.335ms
[833.369s][info][gc] GC(5240) Pause Young (Normal) (G1 Evacuation Pause) 262M->91M(308M) 1.492ms
[833.545s][info][gc] GC(5241) Pause Young (Normal) (G1 Evacuation Pause) 259M->92M(308M) 1.416ms
[833.706s][info][gc] GC(5242) Pause Young (Normal) (G1 Evacuation Pause) 260M->93M(308M) 1.448ms
[833.875s][info][gc] GC(5243) Pause Young (Normal) (G1 Evacuation Pause) 265M->95M(308M) 1.363ms
[834.046s][info][gc] GC(5244) Pause Young (Normal) (G1 Evacuation Pause) 263M->97M(308M) 1.375ms
[834.205s][info][gc] GC(5245) Pause Young (Normal) (G1 Evacuation Pause) 265M->98M(308M) 1.332ms
[834.372s][info][gc] GC(5246) Pause Young (Normal) (G1 Evacuation Pause) 266M->100M(308M) 1.326ms
[834.531s][info][gc] GC(5247) Pause Young (Normal) (G1 Evacuation Pause) 268M->100M(308M) 1.277ms
[834.701s][info][gc] GC(5248) Pause Young (Normal) (G1 Evacuation Pause) 268M->103M(308M) 1.492ms
[834.868s][info][gc] GC(5249) Pause Young (Normal) (G1 Evacuation Pause) 267M->103M(308M) 1.589ms
[835.023s][info][gc] GC(5250) Pause Young (Normal) (G1 Evacuation Pause) 267M->106M(308M) 1.350ms
[835.184s][info][gc] GC(5251) Pause Young (Normal) (G1 Evacuation Pause) 270M->107M(308M) 1.390ms
[835.336s][info][gc] GC(5252) Pause Young (Normal) (G1 Evacuation Pause) 267M->107M(308M) 1.398ms
[835.492s][info][gc] GC(5253) Pause Young (Normal) (G1 Evacuation Pause) 267M->109M(308M) 1.334ms
[835.647s][info][gc] GC(5254) Pause Young (Normal) (G1 Evacuation Pause) 269M->110M(308M) 1.366ms
[835.801s][info][gc] GC(5255) Pause Young (Normal) (G1 Evacuation Pause) 266M->112M(308M) 1.561ms
[835.950s][info][gc] GC(5256) Pause Young (Normal) (G1 Evacuation Pause) 268M->112M(308M) 1.254ms
[836.103s][info][gc] GC(5257) Pause Young (Normal) (G1 Evacuation Pause) 268M->114M(308M) 1.284ms
[836.248s][info][gc] GC(5258) Pause Young (Normal) (G1 Evacuation Pause) 266M->115M(308M) 1.249ms
[836.404s][info][gc] GC(5259) Pause Young (Normal) (G1 Evacuation Pause) 267M->117M(308M) 1.298ms
[836.547s][info][gc] GC(5260) Pause Young (Normal) (G1 Evacuation Pause) 269M->119M(308M) 1.350ms
[836.694s][info][gc] GC(5261) Pause Young (Concurrent Start) (G1 Evacuation Pause) 267M->119M(308M) 1.286ms
[836.694s][info][gc] GC(5262) Concurrent Mark Cycle
[836.702s][info][gc] GC(5262) Pause Remark 128M->96M(308M) 0.398ms
[836.708s][info][gc] GC(5262) Pause Cleanup 102M->102M(308M) 0.061ms
[836.708s][info][gc] GC(5262) Concurrent Mark Cycle 13.735ms
[836.840s][info][gc] GC(5263) Pause Young (Prepare Mixed) (G1 Evacuation Pause) 235M->89M(308M) 1.259ms
[837.010s][info][gc] GC(5264) Pause Young (Mixed) (G1 Evacuation Pause) 257M->79M(308M) 1.485ms
[837.169s][info][gc] GC(5265) Pause Young (Normal) (G1 Evacuation Pause) 247M->81M(308M) 1.323ms
[837.341s][info][gc] GC(5266) Pause Young (Normal) (G1 Evacuation Pause) 249M->81M(308M) 1.339ms
[837.557s][info][gc] GC(5267) Pause Young (Normal) (G1 Evacuation Pause) 249M->81M(308M) 1.101ms
[837.737s][info][gc] GC(5268) Pause Young (Normal) (G1 Evacuation Pause) 253M->85M(308M) 1.437ms
[837.905s][info][gc] GC(5269) Pause Young (Normal) (G1 Evacuation Pause) 253M->87M(308M) 1.494ms
[838.067s][info][gc] GC(5270) Pause Young (Normal) (G1 Evacuation Pause) 255M->88M(308M) 1.426ms
[838.236s][info][gc] GC(5271) Pause Young (Normal) (G1 Evacuation Pause) 256M->90M(308M) 1.424ms
[838.403s][info][gc] GC(5272) Pause Young (Normal) (G1 Evacuation Pause) 258M->91M(308M) 1.437ms
[838.564s][info][gc] GC(5273) Pause Young (Normal) (G1 Evacuation Pause) 259M->93M(308M) 1.455ms
[838.729s][info][gc] GC(5274) Pause Young (Normal) (G1 Evacuation Pause) 261M->95M(308M) 1.421ms
[838.890s][info][gc] GC(5275) Pause Young (Normal) (G1 Evacuation Pause) 263M->95M(308M) 1.475ms
[839.057s][info][gc] GC(5276) Pause Young (Normal) (G1 Evacuation Pause) 263M->97M(308M) 1.506ms
[839.223s][info][gc] GC(5277) Pause Young (Normal) (G1 Evacuation Pause) 265M->97M(308M) 1.292ms
[839.386s][info][gc] GC(5278) Pause Young (Normal) (G1 Evacuation Pause) 265M->100M(308M) 1.423ms
[839.552s][info][gc] GC(5279) Pause Young (Normal) (G1 Evacuation Pause) 268M->101M(308M) 1.501ms
[839.709s][info][gc] GC(5280) Pause Young (Normal) (G1 Evacuation Pause) 265M->102M(308M) 1.328ms
[839.876s][info][gc] GC(5281) Pause Young (Normal) (G1 Evacuation Pause) 266M->104M(308M) 1.562ms
[840.030s][info][gc] GC(5282) Pause Young (Normal) (G1 Evacuation Pause) 268M->105M(308M) 1.355ms
[840.194s][info][gc] GC(5283) Pause Young (Normal) (G1 Evacuation Pause) 265M->106M(308M) 1.347ms
[840.361s][info][gc] GC(5284) Pause Young (Normal) (G1 Evacuation Pause) 266M->108M(308M) 1.373ms
[840.509s][info][gc] GC(5285) Pause Young (Normal) (G1 Evacuation Pause) 268M->109M(308M) 1.351ms
[840.665s][info][gc] GC(5286) Pause Young (Normal) (G1 Evacuation Pause) 265M->110M(308M) 1.357ms
[840.813s][info][gc] GC(5287) Pause Young (Normal) (G1 Evacuation Pause) 266M->112M(308M) 1.311ms
[840.959s][info][gc] GC(5288) Pause Young (Normal) (G1 Evacuation Pause) 264M->113M(308M) 1.295ms
[841.109s][info][gc] GC(5289) Pause Young (Normal) (G1 Evacuation Pause) 265M->114M(308M) 1.336ms
[841.251s][info][gc] GC(5290) Pause Young (Normal) (G1 Evacuation Pause) 266M->115M(308M) 1.284ms
[841.396s][info][gc] GC(5291) Pause Young (Concurrent Start) (G1 Evacuation Pause) 263M->116M(308M) 1.308ms
[841.397s][info][gc] GC(5292) Concurrent Mark Cycle
[841.404s][info][gc] GC(5292) Pause Remark 126M->87M(280M) 0.400ms
[841.408s][info][gc] GC(5292) Pause Cleanup 89M->89M(280M) 0.060ms
[841.409s][info][gc] GC(5292) Concurrent Mark Cycle 11.987ms
[841.547s][info][gc] GC(5293) Pause Young (Prepare Mixed) (G1 Evacuation Pause) 230M->80M(280M) 1.429ms
[841.701s][info][gc] GC(5294) Pause Young (Mixed) (G1 Evacuation Pause) 232M->74M(280M) 1.497ms
[841.844s][info][gc] GC(5295) Pause Young (Normal) (G1 Evacuation Pause) 226M->75M(280M) 1.294ms
[841.993s][info][gc] GC(5296) Pause Young (Normal) (G1 Evacuation Pause) 227M->76M(280M) 1.249ms
[842.141s][info][gc] GC(5297) Pause Young (Normal) (G1 Evacuation Pause) 228M->78M(280M) 1.279ms
[842.288s][info][gc] GC(5298) Pause Young (Normal) (G1 Evacuation Pause) 230M->79M(280M) 1.400ms
[842.442s][info][gc] GC(5299) Pause Young (Normal) (G1 Evacuation Pause) 231M->80M(280M) 1.310ms
[842.587s][info][gc] GC(5300) Pause Young (Normal) (G1 Evacuation Pause) 232M->81M(280M) 1.367ms
[842.792s][info][gc] GC(5301) Pause Young (Normal) (G1 Evacuation Pause) 233M->84M(280M) 1.417ms
[842.938s][info][gc] GC(5302) Pause Young (Normal) (G1 Evacuation Pause) 236M->85M(280M) 1.513ms
[843.079s][info][gc] GC(5303) Pause Young (Normal) (G1 Evacuation Pause) 237M->86M(280M) 1.400ms
[843.229s][info][gc] GC(5304) Pause Young (Normal) (G1 Evacuation Pause) 238M->88M(280M) 1.421ms
[843.376s][info][gc] GC(5305) Pause Young (Normal) (G1 Evacuation Pause) 240M->89M(280M) 1.425ms
[843.530s][info][gc] GC(5306) Pause Young (Normal) (G1 Evacuation Pause) 241M->90M(280M) 1.464ms
[843.677s][info][gc] GC(5307) Pause Young (Normal) (G1 Evacuation Pause) 242M->91M(280M) 1.543ms
[843.835s][info][gc] GC(5308) Pause Young (Normal) (G1 Evacuation Pause) 243M->93M(280M) 1.637ms
[843.988s][info][gc] GC(5309) Pause Young (Normal) (G1 Evacuation Pause) 245M->94M(280M) 1.656ms
[844.142s][info][gc] GC(5310) Pause Young (Normal) (G1 Evacuation Pause) 242M->96M(280M) 1.672ms
[844.287s][info][gc] GC(5311) Pause Young (Normal) (G1 Evacuation Pause) 244M->96M(336M) 1.587ms
[844.469s][info][gc] GC(5312) Pause Young (Normal) (G1 Evacuation Pause) 280M->98M(336M) 1.530ms
[844.648s][info][gc] GC(5313) Pause Young (Normal) (G1 Evacuation Pause) 282M->99M(336M) 1.396ms
[844.827s][info][gc] GC(5314) Pause Young (Normal) (G1 Evacuation Pause) 283M->100M(336M) 1.404ms
[845.008s][info][gc] GC(5315) Pause Young (Normal) (G1 Evacuation Pause) 284M->102M(336M) 1.487ms
[845.189s][info][gc] GC(5316) Pause Young (Normal) (G1 Evacuation Pause) 282M->104M(336M) 1.459ms
[845.373s][info][gc] GC(5317) Pause Young (Normal) (G1 Evacuation Pause) 288M->106M(336M) 1.397ms
[845.544s][info][gc] GC(5318) Pause Young (Normal) (G1 Evacuation Pause) 286M->108M(336M) 1.422ms
[845.725s][info][gc] GC(5319) Pause Young (Normal) (G1 Evacuation Pause) 288M->110M(336M) 1.633ms
[845.908s][info][gc] GC(5320) Pause Young (Normal) (G1 Evacuation Pause) 290M->110M(336M) 1.510ms
[846.077s][info][gc] GC(5321) Pause Young (Normal) (G1 Evacuation Pause) 290M->112M(336M) 1.472ms
[846.258s][info][gc] GC(5322) Pause Young (Normal) (G1 Evacuation Pause) 296M->113M(336M) 1.534ms
[846.436s][info][gc] GC(5323) Pause Young (Normal) (G1 Evacuation Pause) 289M->115M(336M) 1.511ms
[846.619s][info][gc] GC(5324) Pause Young (Normal) (G1 Evacuation Pause) 299M->116M(336M) 1.449ms
[846.787s][info][gc] GC(5325) Pause Young (Normal) (G1 Evacuation Pause) 292M->118M(336M) 1.660ms
[846.958s][info][gc] GC(5326) Pause Young (Normal) (G1 Evacuation Pause) 290M->118M(336M) 1.688ms
[847.128s][info][gc] GC(5327) Pause Young (Normal) (G1 Evacuation Pause) 294M->120M(336M) 1.295ms
[847.300s][info][gc] GC(5328) Pause Young (Normal) (G1 Evacuation Pause) 296M->122M(336M) 1.476ms
[847.474s][info][gc] GC(5329) Pause Young (Normal) (G1 Evacuation Pause) 298M->124M(336M) 1.386ms
[847.640s][info][gc] GC(5330) Pause Young (Normal) (G1 Evacuation Pause) 296M->123M(336M) 1.245ms
[847.805s][info][gc] GC(5331) Pause Young (Normal) (G1 Evacuation Pause) 295M->126M(336M) 1.252ms
[848.045s][info][gc] GC(5332) Pause Young (Normal) (G1 Evacuation Pause) 298M->128M(336M) 1.485ms
[848.205s][info][gc] GC(5333) Pause Young (Concurrent Start) (G1 Evacuation Pause) 296M->130M(336M) 1.411ms
[848.205s][info][gc] GC(5334) Concurrent Mark Cycle
[848.209s][info][gc] GC(5334) Pause Remark 135M->67M(216M) 0.424ms
[848.211s][info][gc] GC(5334) Pause Cleanup 70M->70M(216M) 0.066ms
[848.211s][info][gc] GC(5334) Concurrent Mark Cycle 5.848ms
[848.313s][info][gc] GC(5335) Pause Young (Prepare Mixed) (G1 Evacuation Pause) 174M->63M(216M) 1.308ms
[848.424s][info][gc] GC(5336) Pause Young (Mixed) (G1 Evacuation Pause) 179M->50M(216M) 1.302ms
[848.552s][info][gc] GC(5337) Pause Young (Normal) (G1 Evacuation Pause) 170M->51M(216M) 0.975ms
[848.662s][info][gc] GC(5338) Pause Young (Normal) (G1 Evacuation Pause) 171M->51M(216M) 1.061ms
[848.778s][info][gc] GC(5339) Pause Young (Normal) (G1 Evacuation Pause) 171M->53M(216M) 1.075ms
[848.889s][info][gc] GC(5340) Pause Young (Normal) (G1 Evacuation Pause) 169M->54M(216M) 1.110ms
[849.005s][info][gc] GC(5341) Pause Young (Normal) (G1 Evacuation Pause) 170M->55M(216M) 1.065ms
[849.119s][info][gc] GC(5342) Pause Young (Normal) (G1 Evacuation Pause) 171M->56M(216M) 1.094ms
[849.230s][info][gc] GC(5343) Pause Young (Normal) (G1 Evacuation Pause) 172M->57M(216M) 1.080ms
[849.344s][info][gc] GC(5344) Pause Young (Normal) (G1 Evacuation Pause) 173M->57M(216M) 1.030ms
[849.464s][info][gc] GC(5345) Pause Young (Normal) (G1 Evacuation Pause) 173M->58M(216M) 1.038ms
[849.581s][info][gc] GC(5346) Pause Young (Normal) (G1 Evacuation Pause) 174M->59M(216M) 1.078ms
[849.690s][info][gc] GC(5347) Pause Young (Normal) (G1 Evacuation Pause) 175M->60M(216M) 1.080ms
[849.801s][info][gc] GC(5348) Pause Young (Normal) (G1 Evacuation Pause) 176M->62M(216M) 1.146ms
[849.918s][info][gc] GC(5349) Pause Young (Normal) (G1 Evacuation Pause) 178M->63M(216M) 1.079ms
[850.033s][info][gc] GC(5350) Pause Young (Normal) (G1 Evacuation Pause) 179M->63M(216M) 1.310ms
[850.144s][info][gc] GC(5351) Pause Young (Normal) (G1 Evacuation Pause) 179M->64M(216M) 1.065ms
[850.256s][info][gc] GC(5352) Pause Young (Normal) (G1 Evacuation Pause) 180M->66M(216M) 1.147ms
[850.371s][info][gc] GC(5353) Pause Young (Normal) (G1 Evacuation Pause) 182M->66M(216M) 1.069ms
[850.483s][info][gc] GC(5354) Pause Young (Normal) (G1 Evacuation Pause) 182M->67M(216M) 1.036ms
[850.599s][info][gc] GC(5355) Pause Young (Normal) (G1 Evacuation Pause) 183M->68M(216M) 1.011ms
[850.720s][info][gc] GC(5356) Pause Young (Normal) (G1 Evacuation Pause) 184M->69M(216M) 1.071ms
[850.830s][info][gc] GC(5357) Pause Young (Normal) (G1 Evacuation Pause) 181M->71M(216M) 1.079ms
[850.935s][info][gc] GC(5358) Pause Young (Normal) (G1 Evacuation Pause) 183M->71M(216M) 1.064ms
[851.043s][info][gc] GC(5359) Pause Young (Normal) (G1 Evacuation Pause) 183M->72M(216M) 1.050ms
[851.156s][info][gc] GC(5360) Pause Young (Normal) (G1 Evacuation Pause) 184M->73M(216M) 1.149ms
[851.263s][info][gc] GC(5361) Pause Young (Normal) (G1 Evacuation Pause) 181M->74M(216M) 1.032ms
[851.365s][info][gc] GC(5362) Pause Young (Normal) (G1 Evacuation Pause) 182M->75M(216M) 1.040ms
[851.472s][info][gc] GC(5363) Pause Young (Normal) (G1 Evacuation Pause) 183M->76M(216M) 1.069ms
[851.582s][info][gc] GC(5364) Pause Young (Normal) (G1 Evacuation Pause) 184M->77M(216M) 1.094ms
[851.679s][info][gc] GC(5365) Pause Young (Normal) (G1 Evacuation Pause) 181M->77M(216M) 1.021ms
[851.783s][info][gc] GC(5366) Pause Young (Normal) (G1 Evacuation Pause) 181M->78M(216M) 1.183ms
[851.887s][info][gc] GC(5367) Pause Young (Normal) (G1 Evacuation Pause) 182M->80M(216M) 1.112ms
[851.981s][info][gc] GC(5368) Pause Young (Normal) (G1 Evacuation Pause) 184M->80M(216M) 1.008ms
[852.081s][info][gc] GC(5369) Pause Young (Normal) (G1 Evacuation Pause) 184M->81M(260M) 0.996ms
[852.220s][info][gc] GC(5370) Pause Young (Normal) (G1 Evacuation Pause) 225M->82M(260M) 1.097ms
[852.366s][info][gc] GC(5371) Pause Young (Normal) (G1 Evacuation Pause) 226M->84M(260M) 1.402ms
[852.509s][info][gc] GC(5372) Pause Young (Normal) (G1 Evacuation Pause) 224M->85M(260M) 1.385ms
[852.647s][info][gc] GC(5373) Pause Young (Normal) (G1 Evacuation Pause) 229M->86M(260M) 1.202ms
[852.794s][info][gc] GC(5374) Pause Young (Normal) (G1 Evacuation Pause) 230M->87M(260M) 1.390ms
[852.922s][info][gc] GC(5375) Pause Young (Normal) (G1 Evacuation Pause) 223M->88M(260M) 1.275ms
[853.054s][info][gc] GC(5376) Pause Young (Normal) (G1 Evacuation Pause) 228M->89M(260M) 1.284ms
[853.255s][info][gc] GC(5377) Pause Young (Normal) (G1 Evacuation Pause) 229M->92M(260M) 1.391ms
[853.383s][info][gc] GC(5378) Pause Young (Normal) (G1 Evacuation Pause) 224M->92M(260M) 1.513ms
[853.518s][info][gc] GC(5379) Pause Young (Normal) (G1 Evacuation Pause) 228M->94M(260M) 1.333ms
[853.638s][info][gc] GC(5380) Pause Young (Normal) (G1 Evacuation Pause) 222M->95M(260M) 1.296ms
[853.771s][info][gc] GC(5381) Pause Young (Concurrent Start) (G1 Evacuation Pause) 227M->95M(260M) 1.287ms
[853.771s][info][gc] GC(5382) Concurrent Mark Cycle
[853.775s][info][gc] GC(5382) Pause Remark 102M->62M(200M) 0.407ms
[853.776s][info][gc] GC(5382) Pause Cleanup 63M->63M(200M) 0.041ms
[853.776s][info][gc] GC(5382) Concurrent Mark Cycle 5.418ms
[853.877s][info][gc] GC(5383) Pause Young (Prepare Mixed) (G1 Evacuation Pause) 163M->57M(200M) 1.182ms
[853.986s][info][gc] GC(5384) Pause Young (Mixed) (G1 Evacuation Pause) 165M->47M(240M) 1.414ms
[854.116s][info][gc] GC(5385) Pause Young (Normal) (G1 Evacuation Pause) 179M->48M(240M) 1.028ms
[854.244s][info][gc] GC(5386) Pause Young (Normal) (G1 Evacuation Pause) 180M->49M(240M) 1.186ms
[854.372s][info][gc] GC(5387) Pause Young (Normal) (G1 Evacuation Pause) 181M->50M(240M) 1.181ms
[854.511s][info][gc] GC(5388) Pause Young (Normal) (G1 Evacuation Pause) 182M->51M(240M) 1.322ms
[854.638s][info][gc] GC(5389) Pause Young (Normal) (G1 Evacuation Pause) 179M->52M(240M) 1.412ms
[854.766s][info][gc] GC(5390) Pause Young (Normal) (G1 Evacuation Pause) 184M->53M(240M) 1.192ms
[854.895s][info][gc] GC(5391) Pause Young (Normal) (G1 Evacuation Pause) 185M->54M(240M) 1.136ms
[855.032s][info][gc] GC(5392) Pause Young (Normal) (G1 Evacuation Pause) 186M->55M(240M) 1.249ms
[855.154s][info][gc] GC(5393) Pause Young (Normal) (G1 Evacuation Pause) 183M->56M(240M) 1.198ms
[855.284s][info][gc] GC(5394) Pause Young (Normal) (G1 Evacuation Pause) 188M->57M(240M) 1.322ms
[855.410s][info][gc] GC(5395) Pause Young (Normal) (G1 Evacuation Pause) 189M->59M(240M) 1.143ms
[855.541s][info][gc] GC(5396) Pause Young (Normal) (G1 Evacuation Pause) 191M->60M(240M) 1.198ms
[855.666s][info][gc] GC(5397) Pause Young (Normal) (G1 Evacuation Pause) 188M->61M(240M) 1.242ms
[855.790s][info][gc] GC(5398) Pause Young (Normal) (G1 Evacuation Pause) 193M->62M(240M) 1.269ms
[855.916s][info][gc] GC(5399) Pause Young (Normal) (G1 Evacuation Pause) 194M->63M(240M) 1.142ms
[856.051s][info][gc] GC(5400) Pause Young (Normal) (G1 Evacuation Pause) 195M->64M(240M) 1.152ms
[856.174s][info][gc] GC(5401) Pause Young (Normal) (G1 Evacuation Pause) 192M->65M(240M) 1.267ms
[856.303s][info][gc] GC(5402) Pause Young (Normal) (G1 Evacuation Pause) 197M->66M(240M) 1.202ms
[856.432s][info][gc] GC(5403) Pause Young (Normal) (G1 Evacuation Pause) 198M->67M(240M) 1.118ms
[856.562s][info][gc] GC(5404) Pause Young (Normal) (G1 Evacuation Pause) 199M->68M(240M) 1.140ms
[856.687s][info][gc] GC(5405) Pause Young (Normal) (G1 Evacuation Pause) 200M->70M(240M) 1.157ms
[856.820s][info][gc] GC(5406) Pause Young (Normal) (G1 Evacuation Pause) 202M->71M(240M) 1.209ms
[856.939s][info][gc] GC(5407) Pause Young (Normal) (G1 Evacuation Pause) 203M->72M(240M) 1.137ms
[857.074s][info][gc] GC(5408) Pause Young (Normal) (G1 Evacuation Pause) 204M->73M(240M) 1.157ms
[857.198s][info][gc] GC(5409) Pause Young (Normal) (G1 Evacuation Pause) 205M->74M(240M) 1.182ms
[857.323s][info][gc] GC(5410) Pause Young (Normal) (G1 Evacuation Pause) 206M->75M(240M) 1.203ms
[857.452s][info][gc] GC(5411) Pause Young (Normal) (G1 Evacuation Pause) 207M->76M(240M) 1.152ms
[857.586s][info][gc] GC(5412) Pause Young (Normal) (G1 Evacuation Pause) 208M->77M(240M) 1.327ms
[857.718s][info][gc] GC(5413) Pause Young (Normal) (G1 Evacuation Pause) 209M->77M(240M) 1.189ms
[857.850s][info][gc] GC(5414) Pause Young (Normal) (G1 Evacuation Pause) 209M->80M(240M) 1.204ms
[857.984s][info][gc] GC(5415) Pause Young (Normal) (G1 Evacuation Pause) 212M->81M(240M) 1.203ms
[858.114s][info][gc] GC(5416) Pause Young (Normal) (G1 Evacuation Pause) 213M->81M(240M) 1.157ms
[858.241s][info][gc] GC(5417) Pause Young (Normal) (G1 Evacuation Pause) 213M->83M(240M) 1.130ms
[858.373s][info][gc] GC(5418) Pause Young (Normal) (G1 Evacuation Pause) 215M->85M(240M) 1.195ms
[858.556s][info][gc] GC(5419) Pause Young (Normal) (G1 Evacuation Pause) 205M->85M(240M) 1.263ms
[858.678s][info][gc] GC(5420) Pause Young (Normal) (G1 Evacuation Pause) 213M->86M(240M) 1.247ms
[858.816s][info][gc] GC(5421) Pause Young (Normal) (G1 Evacuation Pause) 214M->89M(240M) 1.257ms
[858.929s][info][gc] GC(5422) Pause Young (Normal) (G1 Evacuation Pause) 213M->88M(240M) 1.221ms
[859.047s][info][gc] GC(5423) Pause Young (Normal) (G1 Evacuation Pause) 212M->90M(240M) 1.231ms
[859.169s][info][gc] GC(5424) Pause Young (Normal) (G1 Evacuation Pause) 214M->91M(240M) 1.247ms
[859.281s][info][gc] GC(5425) Pause Young (Normal) (G1 Evacuation Pause) 207M->92M(240M) 1.287ms
[859.395s][info][gc] GC(5426) Pause Young (Concurrent Start) (G1 Evacuation Pause) 212M->92M(240M) 1.262ms
[859.395s][info][gc] GC(5427) Concurrent Mark Cycle
[859.399s][info][gc] GC(5427) Pause Remark 98M->58M(188M) 0.383ms
[859.400s][info][gc] GC(5427) Pause Cleanup 59M->59M(188M) 0.024ms
[859.400s][info][gc] GC(5427) Concurrent Mark Cycle 5.403ms
[859.497s][info][gc] GC(5428) Pause Young (Prepare Mixed) (G1 Evacuation Pause) 152M->53M(228M) 1.299ms
[859.632s][info][gc] GC(5429) Pause Young (Mixed) (G1 Evacuation Pause) 177M->48M(228M) 1.307ms
[859.744s][info][gc] GC(5430) Pause Young (Normal) (G1 Evacuation Pause) 172M->48M(228M) 1.137ms
[859.867s][info][gc] GC(5431) Pause Young (Normal) (G1 Evacuation Pause) 172M->49M(228M) 1.212ms
[859.987s][info][gc] GC(5432) Pause Young (Normal) (G1 Evacuation Pause) 173M->50M(228M) 1.213ms
[860.113s][info][gc] GC(5433) Pause Young (Normal) (G1 Evacuation Pause) 174M->52M(228M) 1.182ms
[860.231s][info][gc] GC(5434) Pause Young (Normal) (G1 Evacuation Pause) 176M->52M(228M) 1.097ms
[860.358s][info][gc] GC(5435) Pause Young (Normal) (G1 Evacuation Pause) 176M->54M(228M) 1.212ms
[860.478s][info][gc] GC(5436) Pause Young (Normal) (G1 Evacuation Pause) 178M->54M(228M) 1.187ms
[860.597s][info][gc] GC(5437) Pause Young (Normal) (G1 Evacuation Pause) 178M->55M(228M) 1.133ms
[860.718s][info][gc] GC(5438) Pause Young (Normal) (G1 Evacuation Pause) 179M->57M(228M) 1.155ms
[860.835s][info][gc] GC(5439) Pause Young (Normal) (G1 Evacuation Pause) 177M->58M(228M) 1.210ms
[860.962s][info][gc] GC(5440) Pause Young (Normal) (G1 Evacuation Pause) 182M->58M(228M) 1.136ms
[861.078s][info][gc] GC(5441) Pause Young (Normal) (G1 Evacuation Pause) 182M->60M(228M) 1.151ms
[861.192s][info][gc] GC(5442) Pause Young (Normal) (G1 Evacuation Pause) 180M->60M(228M) 1.222ms
[861.313s][info][gc] GC(5443) Pause Young (Normal) (G1 Evacuation Pause) 184M->62M(228M) 1.148ms
[861.431s][info][gc] GC(5444) Pause Young (Normal) (G1 Evacuation Pause) 186M->63M(228M) 1.176ms
[861.545s][info][gc] GC(5445) Pause Young (Normal) (G1 Evacuation Pause) 183M->64M(228M) 1.213ms
[861.669s][info][gc] GC(5446) Pause Young (Normal) (G1 Evacuation Pause) 188M->64M(228M) 1.114ms
[861.787s][info][gc] GC(5447) Pause Young (Normal) (G1 Evacuation Pause) 188M->65M(228M) 1.127ms
[861.904s][info][gc] GC(5448) Pause Young (Normal) (G1 Evacuation Pause) 189M->66M(228M) 1.225ms
[862.025s][info][gc] GC(5449) Pause Young (Normal) (G1 Evacuation Pause) 190M->68M(276M) 1.228ms
[862.170s][info][gc] GC(5450) Pause Young (Normal) (G1 Evacuation Pause) 220M->68M(276M) 1.155ms
[862.321s][info][gc] GC(5451) Pause Young (Normal) (G1 Evacuation Pause) 220M->71M(276M) 1.263ms
[862.466s][info][gc] GC(5452) Pause Young (Normal) (G1 Evacuation Pause) 219M->72M(276M) 1.269ms
[862.613s][info][gc] GC(5453) Pause Young (Normal) (G1 Evacuation Pause) 220M->72M(276M) 1.310ms
[862.756s][info][gc] GC(5454) Pause Young (Normal) (G1 Evacuation Pause) 220M->74M(276M) 1.291ms
[862.909s][info][gc] GC(5455) Pause Young (Normal) (G1 Evacuation Pause) 222M->76M(276M) 1.365ms
[863.050s][info][gc] GC(5456) Pause Young (Normal) (G1 Evacuation Pause) 224M->77M(276M) 1.364ms
[863.190s][info][gc] GC(5457) Pause Young (Normal) (G1 Evacuation Pause) 225M->78M(276M) 1.305ms
[863.342s][info][gc] GC(5458) Pause Young (Normal) (G1 Evacuation Pause) 226M->79M(276M) 1.366ms
[863.482s][info][gc] GC(5459) Pause Young (Normal) (G1 Evacuation Pause) 227M->81M(276M) 1.419ms
[863.679s][info][gc] GC(5460) Pause Young (Normal) (G1 Evacuation Pause) 229M->80M(276M) 1.172ms
[863.752s][info][gc] GC(5461) Pause Young (Normal) (G1 Evacuation Pause) 228M->89M(276M) 1.820ms
[863.799s][info][gc] GC(5462) Pause Young (Normal) (G1 Evacuation Pause) 229M->91M(276M) 1.820ms
[863.859s][info][gc] GC(5463) Pause Young (Normal) (G1 Evacuation Pause) 239M->91M(276M) 1.614ms
[863.911s][info][gc] GC(5464) Pause Young (Normal) (G1 Evacuation Pause) 239M->92M(276M) 1.544ms
[863.970s][info][gc] GC(5465) Pause Young (Normal) (G1 Evacuation Pause) 240M->94M(348M) 1.674ms
[864.039s][info][gc] GC(5466) Pause Young (Normal) (G1 Evacuation Pause) 286M->95M(348M) 1.742ms
[864.117s][info][gc] GC(5467) Pause Young (Normal) (G1 Evacuation Pause) 287M->97M(348M) 1.942ms
[864.188s][info][gc] GC(5468) Pause Young (Normal) (G1 Evacuation Pause) 289M->98M(348M) 1.441ms
[864.257s][info][gc] GC(5469) Pause Young (Normal) (G1 Evacuation Pause) 290M->100M(420M) 1.543ms
[864.348s][info][gc] GC(5470) Pause Young (Normal) (G1 Evacuation Pause) 332M->101M(420M) 1.656ms
[864.435s][info][gc] GC(5471) Pause Young (Normal) (G1 Evacuation Pause) 333M->103M(420M) 1.661ms
[864.515s][info][gc] GC(5472) Pause Young (Normal) (G1 Evacuation Pause) 335M->105M(420M) 1.906ms
[864.608s][info][gc] GC(5473) Pause Young (Normal) (G1 Evacuation Pause) 337M->108M(504M) 1.803ms
[864.719s][info][gc] GC(5474) Pause Young (Normal) (G1 Evacuation Pause) 388M->109M(504M) 2.069ms
[864.831s][info][gc] GC(5475) Pause Young (Normal) (G1 Evacuation Pause) 385M->111M(504M) 2.160ms
[864.937s][info][gc] GC(5476) Pause Young (Normal) (G1 Evacuation Pause) 387M->115M(504M) 2.204ms
[865.040s][info][gc] GC(5477) Pause Young (Normal) (G1 Evacuation Pause) 391M->116M(608M) 2.067ms
[865.174s][info][gc] GC(5478) Pause Young (Normal) (G1 Evacuation Pause) 456M->119M(608M) 2.636ms
[865.305s][info][gc] GC(5479) Pause Young (Normal) (G1 Evacuation Pause) 455M->122M(608M) 2.475ms
[865.430s][info][gc] GC(5480) Pause Young (Normal) (G1 Evacuation Pause) 454M->127M(608M) 2.657ms
[865.558s][info][gc] GC(5481) Pause Young (Normal) (G1 Evacuation Pause) 459M->130M(608M) 2.476ms
[865.691s][info][gc] GC(5482) Pause Young (Normal) (G1 Evacuation Pause) 462M->131M(608M) 3.318ms
[865.816s][info][gc] GC(5483) Pause Young (Normal) (G1 Evacuation Pause) 463M->133M(608M) 2.331ms
[865.938s][info][gc] GC(5484) Pause Young (Normal) (G1 Evacuation Pause) 465M->136M(608M) 2.356ms
[866.066s][info][gc] GC(5485) Pause Young (Normal) (G1 Evacuation Pause) 472M->140M(608M) 2.308ms
[866.186s][info][gc] GC(5486) Pause Young (Normal) (G1 Evacuation Pause) 476M->142M(608M) 2.425ms
[866.315s][info][gc] GC(5487) Pause Young (Normal) (G1 Evacuation Pause) 478M->146M(608M) 2.203ms
[866.438s][info][gc] GC(5488) Pause Young (Normal) (G1 Evacuation Pause) 478M->148M(608M) 2.496ms
[866.564s][info][gc] GC(5489) Pause Young (Normal) (G1 Evacuation Pause) 484M->151M(608M) 2.327ms
[866.694s][info][gc] GC(5490) Pause Young (Normal) (G1 Evacuation Pause) 487M->153M(608M) 2.268ms
[866.823s][info][gc] GC(5491) Pause Young (Normal) (G1 Evacuation Pause) 489M->157M(608M) 2.319ms
[866.949s][info][gc] GC(5492) Pause Young (Normal) (G1 Evacuation Pause) 489M->159M(608M) 2.258ms
[867.084s][info][gc] GC(5493) Pause Young (Normal) (G1 Evacuation Pause) 495M->162M(608M) 2.235ms
[867.214s][info][gc] GC(5494) Pause Young (Normal) (G1 Evacuation Pause) 498M->165M(608M) 2.202ms
[867.339s][info][gc] GC(5495) Pause Young (Normal) (G1 Evacuation Pause) 501M->167M(608M) 2.215ms
[867.465s][info][gc] GC(5496) Pause Young (Normal) (G1 Evacuation Pause) 503M->170M(608M) 2.218ms
[867.593s][info][gc] GC(5497) Pause Young (Normal) (G1 Evacuation Pause) 506M->174M(608M) 2.436ms
[867.720s][info][gc] GC(5498) Pause Young (Normal) (G1 Evacuation Pause) 506M->176M(608M) 2.347ms
[867.847s][info][gc] GC(5499) Pause Young (Normal) (G1 Evacuation Pause) 512M->178M(608M) 2.247ms
[867.971s][info][gc] GC(5500) Pause Young (Normal) (G1 Evacuation Pause) 514M->181M(608M) 2.238ms
[868.096s][info][gc] GC(5501) Pause Young (Normal) (G1 Evacuation Pause) 517M->185M(608M) 2.337ms
[868.221s][info][gc] GC(5502) Pause Young (Normal) (G1 Evacuation Pause) 517M->187M(608M) 2.223ms
[868.345s][info][gc] GC(5503) Pause Young (Normal) (G1 Evacuation Pause) 523M->192M(608M) 2.218ms
[868.466s][info][gc] GC(5504) Pause Young (Normal) (G1 Evacuation Pause) 524M->193M(608M) 2.230ms
[868.593s][info][gc] GC(5505) Pause Young (Normal) (G1 Evacuation Pause) 529M->196M(608M) 2.192ms
[868.714s][info][gc] GC(5506) Pause Young (Normal) (G1 Evacuation Pause) 532M->197M(608M) 2.145ms
[868.846s][info][gc] GC(5507) Pause Young (Normal) (G1 Evacuation Pause) 533M->199M(608M) 2.223ms
[868.993s][info][gc] GC(5508) Pause Young (Normal) (G1 Evacuation Pause) 535M->205M(608M) 2.374ms
[869.119s][info][gc] GC(5509) Pause Young (Normal) (G1 Evacuation Pause) 537M->207M(608M) 2.390ms
[869.248s][info][gc] GC(5510) Pause Young (Normal) (G1 Evacuation Pause) 543M->209M(608M) 2.277ms
[869.374s][info][gc] GC(5511) Pause Young (Normal) (G1 Evacuation Pause) 541M->212M(608M) 2.366ms
[869.499s][info][gc] GC(5512) Pause Young (Normal) (G1 Evacuation Pause) 540M->215M(608M) 2.481ms
[869.625s][info][gc] GC(5513) Pause Young (Normal) (G1 Evacuation Pause) 543M->217M(608M) 2.470ms
[869.812s][info][gc] GC(5514) Pause Young (Normal) (G1 Evacuation Pause) 541M->221M(608M) 2.336ms
[869.947s][info][gc] GC(5515) Pause Young (Normal) (G1 Evacuation Pause) 541M->224M(608M) 2.265ms
[870.079s][info][gc] GC(5516) Pause Young (Normal) (G1 Evacuation Pause) 540M->228M(608M) 2.426ms
[870.209s][info][gc] GC(5517) Pause Young (Normal) (G1 Evacuation Pause) 540M->230M(608M) 2.517ms
[870.334s][info][gc] GC(5518) Pause Young (Concurrent Start) (G1 Evacuation Pause) 538M->231M(608M) 2.370ms
[870.334s][info][gc] GC(5519) Concurrent Mark Cycle
[870.342s][info][gc] GC(5519) Pause Remark 246M->94M(280M) 0.435ms
[870.344s][info][gc] GC(5519) Pause Cleanup 99M->99M(280M) 0.047ms
[870.345s][info][gc] GC(5519) Concurrent Mark Cycle 10.932ms
[870.403s][info][gc] GC(5520) Pause Young (Prepare Mixed) (G1 Evacuation Pause) 219M->82M(280M) 2.126ms
[870.465s][info][gc] GC(5521) Pause Young (Mixed) (G1 Evacuation Pause) 234M->69M(280M) 1.524ms
[870.527s][info][gc] GC(5522) Pause Young (Normal) (G1 Evacuation Pause) 225M->71M(280M) 1.336ms
[870.594s][info][gc] GC(5523) Pause Young (Normal) (G1 Evacuation Pause) 223M->72M(336M) 1.435ms
[870.665s][info][gc] GC(5524) Pause Young (Normal) (G1 Evacuation Pause) 256M->72M(336M) 1.366ms
[870.746s][info][gc] GC(5525) Pause Young (Normal) (G1 Evacuation Pause) 260M->75M(336M) 1.404ms
[870.824s][info][gc] GC(5526) Pause Young (Normal) (G1 Evacuation Pause) 259M->76M(336M) 1.530ms
[870.899s][info][gc] GC(5527) Pause Young (Normal) (G1 Evacuation Pause) 260M->77M(404M) 1.670ms
[870.989s][info][gc] GC(5528) Pause Young (Normal) (G1 Evacuation Pause) 301M->78M(404M) 1.485ms
[871.087s][info][gc] GC(5529) Pause Young (Normal) (G1 Evacuation Pause) 302M->82M(404M) 1.705ms
[871.181s][info][gc] GC(5530) Pause Young (Normal) (G1 Evacuation Pause) 302M->84M(404M) 1.753ms
[871.268s][info][gc] GC(5531) Pause Young (Normal) (G1 Evacuation Pause) 304M->85M(488M) 1.722ms
[871.384s][info][gc] GC(5532) Pause Young (Normal) (G1 Evacuation Pause) 357M->87M(488M) 2.025ms
[871.494s][info][gc] GC(5533) Pause Young (Normal) (G1 Evacuation Pause) 359M->90M(488M) 1.860ms
[871.607s][info][gc] GC(5534) Pause Young (Normal) (G1 Evacuation Pause) 358M->92M(488M) 1.999ms
[871.711s][info][gc] GC(5535) Pause Young (Normal) (G1 Evacuation Pause) 360M->93M(588M) 1.902ms
[871.848s][info][gc] GC(5536) Pause Young (Normal) (G1 Evacuation Pause) 421M->97M(588M) 2.703ms
[871.986s][info][gc] GC(5537) Pause Young (Normal) (G1 Evacuation Pause) 421M->98M(588M) 2.099ms
[872.113s][info][gc] GC(5538) Pause Young (Normal) (G1 Evacuation Pause) 422M->102M(588M) 2.201ms
[872.248s][info][gc] GC(5539) Pause Young (Normal) (G1 Evacuation Pause) 426M->106M(588M) 2.274ms
[872.376s][info][gc] GC(5540) Pause Young (Normal) (G1 Evacuation Pause) 430M->108M(588M) 2.146ms
[872.509s][info][gc] GC(5541) Pause Young (Normal) (G1 Evacuation Pause) 432M->110M(588M) 2.240ms
[872.645s][info][gc] GC(5542) Pause Young (Normal) (G1 Evacuation Pause) 434M->114M(588M) 2.063ms
[872.775s][info][gc] GC(5543) Pause Young (Normal) (G1 Evacuation Pause) 438M->116M(588M) 2.114ms
[872.911s][info][gc] GC(5544) Pause Young (Normal) (G1 Evacuation Pause) 440M->118M(588M) 2.159ms
[873.044s][info][gc] GC(5545) Pause Young (Normal) (G1 Evacuation Pause) 442M->121M(588M) 2.067ms
[873.178s][info][gc] GC(5546) Pause Young (Normal) (G1 Evacuation Pause) 445M->123M(588M) 2.170ms
[873.311s][info][gc] GC(5547) Pause Young (Normal) (G1 Evacuation Pause) 447M->125M(588M) 2.187ms
[873.441s][info][gc] GC(5548) Pause Young (Normal) (G1 Evacuation Pause) 449M->128M(588M) 2.098ms
[873.576s][info][gc] GC(5549) Pause Young (Normal) (G1 Evacuation Pause) 452M->132M(588M) 2.112ms
[873.710s][info][gc] GC(5550) Pause Young (Normal) (G1 Evacuation Pause) 456M->134M(588M) 1.974ms
[873.846s][info][gc] GC(5551) Pause Young (Normal) (G1 Evacuation Pause) 458M->137M(588M) 2.219ms
[873.979s][info][gc] GC(5552) Pause Young (Normal) (G1 Evacuation Pause) 461M->140M(588M) 2.071ms
[874.110s][info][gc] GC(5553) Pause Young (Normal) (G1 Evacuation Pause) 464M->143M(588M) 2.188ms
[874.246s][info][gc] GC(5554) Pause Young (Normal) (G1 Evacuation Pause) 467M->143M(588M) 2.075ms
[874.383s][info][gc] GC(5555) Pause Young (Normal) (G1 Evacuation Pause) 471M->148M(588M) 2.145ms
[874.518s][info][gc] GC(5556) Pause Young (Normal) (G1 Evacuation Pause) 472M->151M(588M) 2.096ms
[874.657s][info][gc] GC(5557) Pause Young (Normal) (G1 Evacuation Pause) 475M->154M(588M) 2.145ms
[874.795s][info][gc] GC(5558) Pause Young (Normal) (G1 Evacuation Pause) 478M->157M(588M) 2.375ms
[874.937s][info][gc] GC(5559) Pause Young (Normal) (G1 Evacuation Pause) 481M->160M(588M) 2.189ms
[875.069s][info][gc] GC(5560) Pause Young (Normal) (G1 Evacuation Pause) 484M->162M(588M) 2.281ms
[875.200s][info][gc] GC(5561) Pause Young (Normal) (G1 Evacuation Pause) 486M->163M(588M) 2.094ms
[875.387s][info][gc] GC(5562) Pause Young (Normal) (G1 Evacuation Pause) 487M->169M(588M) 2.308ms
[875.520s][info][gc] GC(5563) Pause Young (Normal) (G1 Evacuation Pause) 493M->170M(588M) 2.235ms
[875.657s][info][gc] GC(5564) Pause Young (Normal) (G1 Evacuation Pause) 498M->173M(588M) 2.293ms
[875.790s][info][gc] GC(5565) Pause Young (Normal) (G1 Evacuation Pause) 497M->178M(588M) 2.584ms
[875.923s][info][gc] GC(5566) Pause Young (Normal) (G1 Evacuation Pause) 502M->181M(588M) 2.286ms
[876.052s][info][gc] GC(5567) Pause Young (Normal) (G1 Evacuation Pause) 505M->181M(588M) 2.244ms
[876.193s][info][gc] GC(5568) Pause Young (Normal) (G1 Evacuation Pause) 509M->185M(588M) 2.305ms
[876.324s][info][gc] GC(5569) Pause Young (Normal) (G1 Evacuation Pause) 509M->187M(588M) 2.229ms
[876.460s][info][gc] GC(5570) Pause Young (Normal) (G1 Evacuation Pause) 515M->189M(588M) 1.999ms
[876.590s][info][gc] GC(5571) Pause Young (Normal) (G1 Evacuation Pause) 513M->194M(588M) 2.159ms
[876.728s][info][gc] GC(5572) Pause Young (Normal) (G1 Evacuation Pause) 518M->197M(588M) 2.120ms
[876.864s][info][gc] GC(5573) Pause Young (Normal) (G1 Evacuation Pause) 521M->200M(588M) 2.174ms
[876.994s][info][gc] GC(5574) Pause Young (Normal) (G1 Evacuation Pause) 524M->201M(588M) 2.175ms
[877.123s][info][gc] GC(5575) Pause Young (Normal) (G1 Evacuation Pause) 521M->204M(588M) 2.118ms
[877.251s][info][gc] GC(5576) Pause Young (Normal) (G1 Evacuation Pause) 524M->207M(588M) 2.164ms
[877.388s][info][gc] GC(5577) Pause Young (Normal) (G1 Evacuation Pause) 523M->210M(588M) 2.231ms
[877.515s][info][gc] GC(5578) Pause Young (Normal) (G1 Evacuation Pause) 522M->212M(588M) 2.134ms
[877.644s][info][gc] GC(5579) Pause Young (Normal) (G1 Evacuation Pause) 524M->214M(588M) 2.106ms
[877.769s][info][gc] GC(5580) Pause Young (Normal) (G1 Evacuation Pause) 522M->218M(588M) 2.075ms
[877.891s][info][gc] GC(5581) Pause Young (Normal) (G1 Evacuation Pause) 522M->220M(588M) 2.046ms
[878.025s][info][gc] GC(5582) Pause Young (Normal) (G1 Evacuation Pause) 524M->222M(588M) 2.459ms
[878.152s][info][gc] GC(5583) Pause Young (Concurrent Start) (G1 Evacuation Pause) 522M->224M(588M) 2.151ms
[878.152s][info][gc] GC(5584) Concurrent Mark Cycle
[878.175s][info][gc] GC(5584) Pause Remark 277M->274M(588M) 0.407ms
[878.193s][info][gc] GC(5584) Pause Cleanup 320M->320M(588M) 0.063ms
[878.194s][info][gc] GC(5584) Concurrent Mark Cycle 41.652ms
[878.282s][info][gc] GC(5585) Pause Young (Prepare Mixed) (G1 Evacuation Pause) 521M->224M(588M) 2.438ms
[878.405s][info][gc] GC(5586) Pause Young (Mixed) (G1 Evacuation Pause) 524M->174M(588M) 2.520ms
[878.539s][info][gc] GC(5587) Pause Young (Mixed) (G1 Evacuation Pause) 502M->149M(588M) 2.544ms
[878.670s][info][gc] GC(5588) Pause Young (Normal) (G1 Evacuation Pause) 473M->151M(588M) 2.171ms
[878.806s][info][gc] GC(5589) Pause Young (Normal) (G1 Evacuation Pause) 475M->153M(588M) 2.432ms
[878.941s][info][gc] GC(5590) Pause Young (Normal) (G1 Evacuation Pause) 481M->158M(588M) 2.104ms
[879.081s][info][gc] GC(5591) Pause Young (Normal) (G1 Evacuation Pause) 482M->159M(588M) 2.135ms
[879.211s][info][gc] GC(5592) Pause Young (Normal) (G1 Evacuation Pause) 483M->162M(588M) 2.129ms
[879.350s][info][gc] GC(5593) Pause Young (Normal) (G1 Evacuation Pause) 486M->164M(588M) 2.175ms
[879.487s][info][gc] GC(5594) Pause Young (Normal) (G1 Evacuation Pause) 488M->167M(588M) 2.163ms
[879.620s][info][gc] GC(5595) Pause Young (Normal) (G1 Evacuation Pause) 491M->169M(588M) 2.091ms
[879.752s][info][gc] GC(5596) Pause Young (Normal) (G1 Evacuation Pause) 493M->172M(588M) 2.270ms
[879.890s][info][gc] GC(5597) Pause Young (Normal) (G1 Evacuation Pause) 496M->174M(588M) 2.148ms
[880.026s][info][gc] GC(5598) Pause Young (Normal) (G1 Evacuation Pause) 498M->178M(588M) 2.244ms
[880.165s][info][gc] GC(5599) Pause Young (Normal) (G1 Evacuation Pause) 502M->182M(588M) 2.092ms
[880.295s][info][gc] GC(5600) Pause Young (Normal) (G1 Evacuation Pause) 506M->185M(588M) 2.557ms
[880.425s][info][gc] GC(5601) Pause Young (Normal) (G1 Evacuation Pause) 509M->186M(588M) 2.066ms
[880.559s][info][gc] GC(5602) Pause Young (Normal) (G1 Evacuation Pause) 510M->189M(588M) 2.115ms
[880.693s][info][gc] GC(5603) Pause Young (Normal) (G1 Evacuation Pause) 513M->191M(588M) 2.202ms
[880.894s][info][gc] GC(5604) Pause Young (Normal) (G1 Evacuation Pause) 515M->196M(588M) 2.277ms
[881.059s][info][gc] GC(5605) Pause Young (Normal) (G1 Evacuation Pause) 520M->200M(588M) 2.193ms
[881.224s][info][gc] GC(5606) Pause Young (Normal) (G1 Evacuation Pause) 524M->201M(588M) 2.566ms
[881.384s][info][gc] GC(5607) Pause Young (Normal) (G1 Evacuation Pause) 525M->203M(588M) 2.577ms
[881.551s][info][gc] GC(5608) Pause Young (Normal) (G1 Evacuation Pause) 531M->206M(588M) 2.454ms
[881.715s][info][gc] GC(5609) Pause Young (Normal) (G1 Evacuation Pause) 526M->208M(588M) 2.360ms
[881.873s][info][gc] GC(5610) Pause Young (Normal) (G1 Evacuation Pause) 528M->212M(588M) 2.204ms
[882.032s][info][gc] GC(5611) Pause Young (Normal) (G1 Evacuation Pause) 524M->215M(588M) 2.298ms
[882.183s][info][gc] GC(5612) Pause Young (Normal) (G1 Evacuation Pause) 527M->217M(588M) 1.975ms
[882.335s][info][gc] GC(5613) Pause Young (Normal) (G1 Evacuation Pause) 521M->218M(588M) 2.002ms
[882.497s][info][gc] GC(5614) Pause Young (Normal) (G1 Evacuation Pause) 530M->222M(588M) 2.074ms
[882.649s][info][gc] GC(5615) Pause Young (Normal) (G1 Evacuation Pause) 526M->224M(588M) 2.076ms
[882.805s][info][gc] GC(5616) Pause Young (Concurrent Start) (G1 Evacuation Pause) 532M->227M(588M) 2.129ms
[882.805s][info][gc] GC(5617) Concurrent Mark Cycle
[882.815s][info][gc] GC(5617) Pause Remark 251M->135M(376M) 0.479ms
[882.820s][info][gc] GC(5617) Pause Cleanup 147M->147M(376M) 0.052ms
[882.820s][info][gc] GC(5617) Concurrent Mark Cycle 14.954ms
[882.905s][info][gc] GC(5618) Pause Young (Prepare Mixed) (G1 Evacuation Pause) 307M->112M(376M) 1.983ms
[883.011s][info][gc] GC(5619) Pause Young (Mixed) (G1 Evacuation Pause) 320M->84M(376M) 1.665ms
[883.112s][info][gc] GC(5620) Pause Young (Normal) (G1 Evacuation Pause) 288M->85M(376M) 1.552ms
[883.218s][info][gc] GC(5621) Pause Young (Normal) (G1 Evacuation Pause) 293M->87M(376M) 1.603ms
[883.323s][info][gc] GC(5622) Pause Young (Normal) (G1 Evacuation Pause) 295M->89M(452M) 1.571ms
[883.444s][info][gc] GC(5623) Pause Young (Normal) (G1 Evacuation Pause) 337M->91M(452M) 1.741ms
[883.566s][info][gc] GC(5624) Pause Young (Normal) (G1 Evacuation Pause) 339M->92M(452M) 1.678ms
[883.686s][info][gc] GC(5625) Pause Young (Normal) (G1 Evacuation Pause) 336M->95M(452M) 1.827ms
[883.810s][info][gc] GC(5626) Pause Young (Normal) (G1 Evacuation Pause) 339M->97M(452M) 1.701ms
[883.938s][info][gc] GC(5627) Pause Young (Normal) (G1 Evacuation Pause) 341M->99M(452M) 1.766ms
[884.062s][info][gc] GC(5628) Pause Young (Normal) (G1 Evacuation Pause) 343M->102M(452M) 1.831ms
[884.184s][info][gc] GC(5629) Pause Young (Normal) (G1 Evacuation Pause) 346M->103M(452M) 2.118ms
[884.308s][info][gc] GC(5630) Pause Young (Normal) (G1 Evacuation Pause) 347M->105M(452M) 1.788ms
[884.433s][info][gc] GC(5631) Pause Young (Normal) (G1 Evacuation Pause) 349M->107M(452M) 1.859ms
[884.557s][info][gc] GC(5632) Pause Young (Normal) (G1 Evacuation Pause) 355M->109M(452M) 1.703ms
[884.683s][info][gc] GC(5633) Pause Young (Normal) (G1 Evacuation Pause) 353M->111M(452M) 1.904ms
[884.809s][info][gc] GC(5634) Pause Young (Normal) (G1 Evacuation Pause) 355M->114M(452M) 1.857ms
[884.928s][info][gc] GC(5635) Pause Young (Normal) (G1 Evacuation Pause) 358M->115M(452M) 1.874ms
[885.055s][info][gc] GC(5636) Pause Young (Normal) (G1 Evacuation Pause) 363M->117M(452M) 1.767ms
[885.179s][info][gc] GC(5637) Pause Young (Normal) (G1 Evacuation Pause) 365M->120M(452M) 1.710ms
[885.302s][info][gc] GC(5638) Pause Young (Normal) (G1 Evacuation Pause) 364M->122M(452M) 1.808ms
[885.428s][info][gc] GC(5639) Pause Young (Normal) (G1 Evacuation Pause) 366M->122M(452M) 1.761ms
[885.555s][info][gc] GC(5640) Pause Young (Normal) (G1 Evacuation Pause) 366M->126M(452M) 1.962ms
[885.677s][info][gc] GC(5641) Pause Young (Normal) (G1 Evacuation Pause) 370M->127M(452M) 1.865ms
[885.803s][info][gc] GC(5642) Pause Young (Normal) (G1 Evacuation Pause) 375M->131M(452M) 1.838ms
[885.928s][info][gc] GC(5643) Pause Young (Normal) (G1 Evacuation Pause) 375M->132M(452M) 1.829ms
[886.056s][info][gc] GC(5644) Pause Young (Normal) (G1 Evacuation Pause) 376M->134M(452M) 1.915ms
[886.220s][info][gc] GC(5645) Pause Young (Normal) (G1 Evacuation Pause) 378M->132M(452M) 1.555ms
[886.414s][info][gc] GC(5646) Pause Young (Normal) (G1 Evacuation Pause) 380M->138M(452M) 1.909ms
[886.567s][info][gc] GC(5647) Pause Young (Normal) (G1 Evacuation Pause) 378M->138M(452M) 1.963ms
[886.742s][info][gc] GC(5648) Pause Young (Normal) (G1 Evacuation Pause) 386M->142M(452M) 1.807ms
[886.906s][info][gc] GC(5649) Pause Young (Normal) (G1 Evacuation Pause) 386M->144M(452M) 1.891ms
[887.064s][info][gc] GC(5650) Pause Young (Normal) (G1 Evacuation Pause) 388M->147M(452M) 1.905ms
[887.230s][info][gc] GC(5651) Pause Young (Normal) (G1 Evacuation Pause) 391M->148M(452M) 1.819ms
[887.386s][info][gc] GC(5652) Pause Young (Normal) (G1 Evacuation Pause) 392M->150M(452M) 1.868ms
[887.552s][info][gc] GC(5653) Pause Young (Normal) (G1 Evacuation Pause) 394M->151M(452M) 2.094ms
[887.713s][info][gc] GC(5654) Pause Young (Normal) (G1 Evacuation Pause) 399M->155M(452M) 1.797ms
[887.882s][info][gc] GC(5655) Pause Young (Normal) (G1 Evacuation Pause) 403M->157M(452M) 1.805ms
[888.036s][info][gc] GC(5656) Pause Young (Normal) (G1 Evacuation Pause) 397M->157M(452M) 1.749ms
[888.201s][info][gc] GC(5657) Pause Young (Normal) (G1 Evacuation Pause) 401M->160M(452M) 1.811ms
[888.356s][info][gc] GC(5658) Pause Young (Normal) (G1 Evacuation Pause) 396M->161M(452M) 1.707ms
[888.515s][info][gc] GC(5659) Pause Young (Normal) (G1 Evacuation Pause) 393M->164M(452M) 1.749ms
[888.670s][info][gc] GC(5660) Pause Young (Normal) (G1 Evacuation Pause) 400M->166M(452M) 1.637ms
[888.830s][info][gc] GC(5661) Pause Young (Normal) (G1 Evacuation Pause) 402M->168M(452M) 1.670ms
[888.978s][info][gc] GC(5662) Pause Young (Normal) (G1 Evacuation Pause) 400M->169M(452M) 1.523ms
[889.137s][info][gc] GC(5663) Pause Young (Normal) (G1 Evacuation Pause) 401M->172M(452M) 1.564ms
[889.280s][info][gc] GC(5664) Pause Young (Normal) (G1 Evacuation Pause) 396M->174M(452M) 1.686ms
[889.436s][info][gc] GC(5665) Pause Young (Concurrent Start) (G1 Evacuation Pause) 402M->176M(452M) 1.583ms
[889.436s][info][gc] GC(5666) Concurrent Mark Cycle
[889.446s][info][gc] GC(5666) Pause Remark 193M->113M(336M) 0.454ms
[889.451s][info][gc] GC(5666) Pause Cleanup 121M->121M(336M) 0.066ms
[889.451s][info][gc] GC(5666) Concurrent Mark Cycle 14.558ms
[889.560s][info][gc] GC(5667) Pause Young (Prepare Mixed) (G1 Evacuation Pause) 276M->97M(336M) 1.537ms
[889.681s][info][gc] GC(5668) Pause Young (Mixed) (G1 Evacuation Pause) 281M->84M(336M) 1.621ms
[889.923s][info][gc] GC(5669) Pause Young (Normal) (G1 Evacuation Pause) 268M->88M(336M) 1.520ms
[890.043s][info][gc] GC(5670) Pause Young (Normal) (G1 Evacuation Pause) 268M->88M(336M) 1.659ms
[890.166s][info][gc] GC(5671) Pause Young (Normal) (G1 Evacuation Pause) 272M->90M(404M) 1.575ms
[890.312s][info][gc] GC(5672) Pause Young (Normal) (G1 Evacuation Pause) 310M->90M(404M) 1.666ms
[890.468s][info][gc] GC(5673) Pause Young (Normal) (G1 Evacuation Pause) 310M->94M(404M) 1.828ms
[890.605s][info][gc] GC(5674) Pause Young (Normal) (G1 Evacuation Pause) 310M->95M(404M) 1.811ms
[890.754s][info][gc] GC(5675) Pause Young (Normal) (G1 Evacuation Pause) 315M->97M(404M) 1.807ms
[890.898s][info][gc] GC(5676) Pause Young (Normal) (G1 Evacuation Pause) 317M->98M(404M) 1.700ms
[891.045s][info][gc] GC(5677) Pause Young (Normal) (G1 Evacuation Pause) 318M->100M(404M) 1.621ms
[891.198s][info][gc] GC(5678) Pause Young (Normal) (G1 Evacuation Pause) 320M->104M(404M) 1.798ms
[891.335s][info][gc] GC(5679) Pause Young (Normal) (G1 Evacuation Pause) 324M->105M(404M) 1.677ms
[891.487s][info][gc] GC(5680) Pause Young (Normal) (G1 Evacuation Pause) 325M->106M(404M) 1.626ms
[891.633s][info][gc] GC(5681) Pause Young (Normal) (G1 Evacuation Pause) 326M->109M(404M) 1.696ms
[891.781s][info][gc] GC(5682) Pause Young (Normal) (G1 Evacuation Pause) 329M->110M(404M) 1.613ms
[891.925s][info][gc] GC(5683) Pause Young (Normal) (G1 Evacuation Pause) 330M->111M(404M) 1.584ms
[892.070s][info][gc] GC(5684) Pause Young (Normal) (G1 Evacuation Pause) 331M->114M(404M) 1.624ms
[892.221s][info][gc] GC(5685) Pause Young (Normal) (G1 Evacuation Pause) 334M->115M(404M) 1.643ms
[892.367s][info][gc] GC(5686) Pause Young (Normal) (G1 Evacuation Pause) 335M->118M(404M) 1.640ms
[892.510s][info][gc] GC(5687) Pause Young (Normal) (G1 Evacuation Pause) 338M->119M(404M) 1.624ms
[892.659s][info][gc] GC(5688) Pause Young (Normal) (G1 Evacuation Pause) 339M->121M(404M) 1.609ms
[892.802s][info][gc] GC(5689) Pause Young (Normal) (G1 Evacuation Pause) 341M->122M(404M) 1.609ms
[892.951s][info][gc] GC(5690) Pause Young (Normal) (G1 Evacuation Pause) 342M->125M(404M) 1.587ms
[893.099s][info][gc] GC(5691) Pause Young (Normal) (G1 Evacuation Pause) 345M->126M(404M) 1.709ms
[893.248s][info][gc] GC(5692) Pause Young (Normal) (G1 Evacuation Pause) 346M->127M(404M) 1.592ms
[893.506s][info][gc] GC(5693) Pause Young (Normal) (G1 Evacuation Pause) 347M->128M(404M) 1.569ms
[893.661s][info][gc] GC(5694) Pause Young (Normal) (G1 Evacuation Pause) 348M->133M(404M) 1.660ms
[893.803s][info][gc] GC(5695) Pause Young (Normal) (G1 Evacuation Pause) 349M->134M(404M) 1.849ms
[893.953s][info][gc] GC(5696) Pause Young (Normal) (G1 Evacuation Pause) 354M->135M(404M) 1.730ms
[894.095s][info][gc] GC(5697) Pause Young (Normal) (G1 Evacuation Pause) 351M->138M(404M) 1.669ms
[894.233s][info][gc] GC(5698) Pause Young (Normal) (G1 Evacuation Pause) 354M->140M(404M) 1.679ms
[894.377s][info][gc] GC(5699) Pause Young (Normal) (G1 Evacuation Pause) 352M->141M(404M) 1.752ms
[894.519s][info][gc] GC(5700) Pause Young (Normal) (G1 Evacuation Pause) 353M->144M(404M) 1.672ms
[894.660s][info][gc] GC(5701) Pause Young (Normal) (G1 Evacuation Pause) 356M->146M(404M) 1.667ms
[894.809s][info][gc] GC(5702) Pause Young (Normal) (G1 Evacuation Pause) 354M->147M(404M) 1.752ms
[894.943s][info][gc] GC(5703) Pause Young (Normal) (G1 Evacuation Pause) 355M->149M(404M) 1.683ms
[895.076s][info][gc] GC(5704) Pause Young (Normal) (G1 Evacuation Pause) 353M->151M(404M) 1.598ms
[895.208s][info][gc] GC(5705) Pause Young (Concurrent Start) (G1 Evacuation Pause) 351M->152M(404M) 1.475ms
[895.208s][info][gc] GC(5706) Concurrent Mark Cycle
[895.213s][info][gc] GC(5706) Pause Remark 158M->92M(296M) 0.462ms
[895.216s][info][gc] GC(5706) Pause Cleanup 96M->96M(296M) 0.070ms
[895.216s][info][gc] GC(5706) Concurrent Mark Cycle 8.271ms
[895.316s][info][gc] GC(5707) Pause Young (Prepare Mixed) (G1 Evacuation Pause) 246M->87M(296M) 1.409ms
[895.424s][info][gc] GC(5708) Pause Young (Mixed) (G1 Evacuation Pause) 247M->68M(296M) 1.598ms
[895.529s][info][gc] GC(5709) Pause Young (Normal) (G1 Evacuation Pause) 228M->68M(296M) 1.291ms
[895.639s][info][gc] GC(5710) Pause Young (Normal) (G1 Evacuation Pause) 228M->70M(356M) 1.397ms
[895.773s][info][gc] GC(5711) Pause Young (Normal) (G1 Evacuation Pause) 266M->72M(356M) 1.681ms
[895.900s][info][gc] GC(5712) Pause Young (Normal) (G1 Evacuation Pause) 264M->73M(356M) 1.544ms
[896.029s][info][gc] GC(5713) Pause Young (Normal) (G1 Evacuation Pause) 269M->76M(356M) 1.513ms
[896.157s][info][gc] GC(5714) Pause Young (Normal) (G1 Evacuation Pause) 268M->77M(356M) 1.538ms
[896.298s][info][gc] GC(5715) Pause Young (Normal) (G1 Evacuation Pause) 273M->79M(356M) 1.616ms
[896.423s][info][gc] GC(5716) Pause Young (Normal) (G1 Evacuation Pause) 271M->80M(356M) 1.624ms
[896.553s][info][gc] GC(5717) Pause Young (Normal) (G1 Evacuation Pause) 272M->82M(428M) 1.708ms
[896.710s][info][gc] GC(5718) Pause Young (Normal) (G1 Evacuation Pause) 318M->83M(428M) 1.706ms
[896.861s][info][gc] GC(5719) Pause Young (Normal) (G1 Evacuation Pause) 319M->86M(428M) 1.646ms
[897.021s][info][gc] GC(5720) Pause Young (Normal) (G1 Evacuation Pause) 322M->87M(428M) 1.604ms
[897.281s][info][gc] GC(5721) Pause Young (Normal) (G1 Evacuation Pause) 323M->91M(428M) 1.869ms
[897.429s][info][gc] GC(5722) Pause Young (Normal) (G1 Evacuation Pause) 323M->92M(428M) 1.874ms
[897.580s][info][gc] GC(5723) Pause Young (Normal) (G1 Evacuation Pause) 328M->92M(428M) 1.568ms
[897.742s][info][gc] GC(5724) Pause Young (Normal) (G1 Evacuation Pause) 328M->97M(428M) 1.748ms
[897.893s][info][gc] GC(5725) Pause Young (Normal) (G1 Evacuation Pause) 329M->97M(428M) 1.699ms
[898.059s][info][gc] GC(5726) Pause Young (Normal) (G1 Evacuation Pause) 333M->100M(428M) 1.742ms
[898.205s][info][gc] GC(5727) Pause Young (Normal) (G1 Evacuation Pause) 332M->101M(428M) 1.708ms
[898.366s][info][gc] GC(5728) Pause Young (Normal) (G1 Evacuation Pause) 337M->104M(428M) 1.792ms
[898.514s][info][gc] GC(5729) Pause Young (Normal) (G1 Evacuation Pause) 336M->105M(428M) 1.851ms
[898.677s][info][gc] GC(5730) Pause Young (Normal) (G1 Evacuation Pause) 341M->108M(428M) 1.560ms
[898.824s][info][gc] GC(5731) Pause Young (Normal) (G1 Evacuation Pause) 340M->109M(428M) 1.689ms
[898.984s][info][gc] GC(5732) Pause Young (Normal) (G1 Evacuation Pause) 345M->111M(428M) 1.614ms
[899.139s][info][gc] GC(5733) Pause Young (Normal) (G1 Evacuation Pause) 347M->114M(428M) 1.613ms
[899.306s][info][gc] GC(5734) Pause Young (Normal) (G1 Evacuation Pause) 350M->116M(428M) 1.634ms
[899.458s][info][gc] GC(5735) Pause Young (Normal) (G1 Evacuation Pause) 352M->117M(428M) 1.585ms
[899.620s][info][gc] GC(5736) Pause Young (Normal) (G1 Evacuation Pause) 353M->120M(428M) 1.640ms
[899.771s][info][gc] GC(5737) Pause Young (Normal) (G1 Evacuation Pause) 356M->122M(428M) 1.553ms
[899.937s][info][gc] GC(5738) Pause Young (Normal) (G1 Evacuation Pause) 358M->124M(428M) 1.589ms
[900.092s][info][gc] GC(5739) Pause Young (Normal) (G1 Evacuation Pause) 360M->125M(428M) 1.817ms
[900.252s][info][gc] GC(5740) Pause Young (Normal) (G1 Evacuation Pause) 361M->128M(428M) 1.728ms
[900.409s][info][gc] GC(5741) Pause Young (Normal) (G1 Evacuation Pause) 364M->129M(428M) 1.650ms
[900.571s][info][gc] GC(5742) Pause Young (Normal) (G1 Evacuation Pause) 365M->131M(428M) 1.651ms
[900.846s][info][gc] GC(5743) Pause Young (Normal) (G1 Evacuation Pause) 367M->135M(428M) 1.671ms
[900.995s][info][gc] GC(5744) Pause Young (Normal) (G1 Evacuation Pause) 371M->136M(428M) 1.657ms
[901.161s][info][gc] GC(5745) Pause Young (Normal) (G1 Evacuation Pause) 372M->139M(428M) 1.753ms
[901.310s][info][gc] GC(5746) Pause Young (Normal) (G1 Evacuation Pause) 375M->139M(428M) 1.699ms
[901.474s][info][gc] GC(5747) Pause Young (Normal) (G1 Evacuation Pause) 375M->142M(428M) 1.842ms
[901.634s][info][gc] GC(5748) Pause Young (Normal) (G1 Evacuation Pause) 378M->144M(428M) 1.738ms
[901.788s][info][gc] GC(5749) Pause Young (Normal) (G1 Evacuation Pause) 380M->147M(428M) 1.967ms
[901.938s][info][gc] GC(5750) Pause Young (Normal) (G1 Evacuation Pause) 379M->148M(428M) 1.772ms
[902.097s][info][gc] GC(5751) Pause Young (Normal) (G1 Evacuation Pause) 380M->150M(428M) 1.734ms
[902.242s][info][gc] GC(5752) Pause Young (Normal) (G1 Evacuation Pause) 378M->153M(428M) 1.642ms
[902.397s][info][gc] GC(5753) Pause Young (Normal) (G1 Evacuation Pause) 377M->154M(428M) 1.576ms
[902.546s][info][gc] GC(5754) Pause Young (Normal) (G1 Evacuation Pause) 378M->157M(428M) 1.590ms
[902.693s][info][gc] GC(5755) Pause Young (Normal) (G1 Evacuation Pause) 377M->158M(428M) 1.569ms
[902.836s][info][gc] GC(5756) Pause Young (Normal) (G1 Evacuation Pause) 378M->160M(428M) 1.617ms
[902.974s][info][gc] GC(5757) Pause Young (Concurrent Start) (G1 Evacuation Pause) 376M->162M(428M) 1.609ms
[902.974s][info][gc] GC(5758) Concurrent Mark Cycle
[902.981s][info][gc] GC(5758) Pause Remark 172M->98M(308M) 0.432ms
[902.984s][info][gc] GC(5758) Pause Cleanup 105M->105M(308M) 0.073ms
[902.984s][info][gc] GC(5758) Concurrent Mark Cycle 10.209ms
[903.084s][info][gc] GC(5759) Pause Young (Prepare Mixed) (G1 Evacuation Pause) 251M->88M(308M) 1.515ms
[903.198s][info][gc] GC(5760) Pause Young (Mixed) (G1 Evacuation Pause) 256M->73M(308M) 1.480ms
[903.307s][info][gc] GC(5761) Pause Young (Normal) (G1 Evacuation Pause) 241M->75M(308M) 1.337ms
[903.422s][info][gc] GC(5762) Pause Young (Normal) (G1 Evacuation Pause) 243M->76M(372M) 1.429ms
[903.560s][info][gc] GC(5763) Pause Young (Normal) (G1 Evacuation Pause) 280M->78M(372M) 1.468ms
[903.694s][info][gc] GC(5764) Pause Young (Normal) (G1 Evacuation Pause) 282M->81M(372M) 1.462ms
[903.831s][info][gc] GC(5765) Pause Young (Normal) (G1 Evacuation Pause) 285M->81M(372M) 1.490ms
[903.966s][info][gc] GC(5766) Pause Young (Normal) (G1 Evacuation Pause) 281M->83M(372M) 1.547ms
[904.099s][info][gc] GC(5767) Pause Young (Normal) (G1 Evacuation Pause) 283M->85M(372M) 1.538ms
[904.228s][info][gc] GC(5768) Pause Young (Normal) (G1 Evacuation Pause) 285M->87M(372M) 1.497ms
[904.474s][info][gc] GC(5769) Pause Young (Normal) (G1 Evacuation Pause) 287M->90M(372M) 1.698ms
[904.614s][info][gc] GC(5770) Pause Young (Normal) (G1 Evacuation Pause) 290M->89M(372M) 1.559ms
[904.755s][info][gc] GC(5771) Pause Young (Normal) (G1 Evacuation Pause) 293M->92M(372M) 1.714ms
[904.887s][info][gc] GC(5772) Pause Young (Normal) (G1 Evacuation Pause) 292M->94M(372M) 1.682ms
[905.019s][info][gc] GC(5773) Pause Young (Normal) (G1 Evacuation Pause) 294M->96M(372M) 1.598ms
[905.160s][info][gc] GC(5774) Pause Young (Normal) (G1 Evacuation Pause) 296M->99M(372M) 1.636ms
[905.291s][info][gc] GC(5775) Pause Young (Normal) (G1 Evacuation Pause) 299M->99M(372M) 1.660ms
[905.426s][info][gc] GC(5776) Pause Young (Normal) (G1 Evacuation Pause) 299M->101M(372M) 1.649ms
[905.555s][info][gc] GC(5777) Pause Young (Normal) (G1 Evacuation Pause) 301M->102M(372M) 1.573ms
[905.697s][info][gc] GC(5778) Pause Young (Normal) (G1 Evacuation Pause) 306M->105M(372M) 1.466ms
[905.830s][info][gc] GC(5779) Pause Young (Normal) (G1 Evacuation Pause) 305M->106M(372M) 1.614ms
[905.963s][info][gc] GC(5780) Pause Young (Normal) (G1 Evacuation Pause) 310M->108M(372M) 1.508ms
[906.105s][info][gc] GC(5781) Pause Young (Normal) (G1 Evacuation Pause) 312M->108M(372M) 1.505ms
[906.238s][info][gc] GC(5782) Pause Young (Normal) (G1 Evacuation Pause) 312M->111M(372M) 1.487ms
[906.375s][info][gc] GC(5783) Pause Young (Normal) (G1 Evacuation Pause) 315M->113M(372M) 1.608ms
[906.508s][info][gc] GC(5784) Pause Young (Normal) (G1 Evacuation Pause) 317M->114M(372M) 1.491ms
[906.655s][info][gc] GC(5785) Pause Young (Normal) (G1 Evacuation Pause) 318M->117M(372M) 1.666ms
[906.783s][info][gc] GC(5786) Pause Young (Normal) (G1 Evacuation Pause) 317M->119M(372M) 1.541ms
[906.915s][info][gc] GC(5787) Pause Young (Normal) (G1 Evacuation Pause) 319M->120M(372M) 1.656ms
[907.051s][info][gc] GC(5788) Pause Young (Normal) (G1 Evacuation Pause) 324M->121M(372M) 1.788ms
[907.194s][info][gc] GC(5789) Pause Young (Normal) (G1 Evacuation Pause) 325M->124M(372M) 1.823ms
[907.323s][info][gc] GC(5790) Pause Young (Normal) (G1 Evacuation Pause) 324M->126M(372M) 1.596ms
[907.448s][info][gc] GC(5791) Pause Young (Normal) (G1 Evacuation Pause) 322M->126M(372M) 1.405ms
[907.587s][info][gc] GC(5792) Pause Young (Normal) (G1 Evacuation Pause) 326M->127M(372M) 1.453ms
[907.715s][info][gc] GC(5793) Pause Young (Normal) (G1 Evacuation Pause) 319M->130M(372M) 1.542ms
[907.841s][info][gc] GC(5794) Pause Young (Normal) (G1 Evacuation Pause) 322M->131M(372M) 1.394ms
[908.082s][info][gc] GC(5795) Pause Young (Normal) (G1 Evacuation Pause) 327M->134M(372M) 1.540ms
[908.204s][info][gc] GC(5796) Pause Young (Normal) (G1 Evacuation Pause) 322M->135M(372M) 1.566ms
[908.326s][info][gc] GC(5797) Pause Young (Normal) (G1 Evacuation Pause) 319M->137M(372M) 1.692ms
[908.446s][info][gc] GC(5798) Pause Young (Normal) (G1 Evacuation Pause) 321M->138M(448M) 1.593ms
[908.621s][info][gc] GC(5799) Pause Young (Normal) (G1 Evacuation Pause) 386M->141M(448M) 1.703ms
[908.782s][info][gc] GC(5800) Pause Young (Normal) (G1 Evacuation Pause) 389M->142M(448M) 1.781ms
[908.955s][info][gc] GC(5801) Pause Young (Normal) (G1 Evacuation Pause) 390M->145M(448M) 1.812ms
[909.121s][info][gc] GC(5802) Pause Young (Normal) (G1 Evacuation Pause) 389M->148M(448M) 1.948ms
[909.277s][info][gc] GC(5803) Pause Young (Normal) (G1 Evacuation Pause) 392M->149M(448M) 1.838ms
[909.443s][info][gc] GC(5804) Pause Young (Normal) (G1 Evacuation Pause) 389M->151M(448M) 1.935ms
[909.605s][info][gc] GC(5805) Pause Young (Normal) (G1 Evacuation Pause) 395M->152M(448M) 1.709ms
[909.768s][info][gc] GC(5806) Pause Young (Normal) (G1 Evacuation Pause) 388M->155M(448M) 1.793ms
[909.924s][info][gc] GC(5807) Pause Young (Normal) (G1 Evacuation Pause) 391M->156M(448M) 1.930ms
[910.085s][info][gc] GC(5808) Pause Young (Normal) (G1 Evacuation Pause) 388M->159M(448M) 1.759ms
[910.239s][info][gc] GC(5809) Pause Young (Normal) (G1 Evacuation Pause) 395M->161M(448M) 1.638ms
[910.397s][info][gc] GC(5810) Pause Young (Normal) (G1 Evacuation Pause) 393M->163M(448M) 1.598ms
[910.553s][info][gc] GC(5811) Pause Young (Normal) (G1 Evacuation Pause) 395M->165M(448M) 1.587ms
[910.706s][info][gc] GC(5812) Pause Young (Normal) (G1 Evacuation Pause) 393M->167M(448M) 1.641ms
[910.857s][info][gc] GC(5813) Pause Young (Normal) (G1 Evacuation Pause) 395M->169M(448M) 1.625ms
[911.007s][info][gc] GC(5814) Pause Young (Concurrent Start) (G1 Evacuation Pause) 393M->171M(448M) 1.687ms
[911.007s][info][gc] GC(5815) Concurrent Mark Cycle
[911.015s][info][gc] GC(5815) Pause Remark 180M->102M(320M) 0.446ms
[911.020s][info][gc] GC(5815) Pause Cleanup 106M->106M(320M) 0.055ms
[911.020s][info][gc] GC(5815) Concurrent Mark Cycle 12.703ms
[911.125s][info][gc] GC(5816) Pause Young (Prepare Mixed) (G1 Evacuation Pause) 265M->94M(320M) 1.958ms
[911.245s][info][gc] GC(5817) Pause Young (Mixed) (G1 Evacuation Pause) 270M->86M(320M) 1.416ms
[911.362s][info][gc] GC(5818) Pause Young (Normal) (G1 Evacuation Pause) 262M->87M(320M) 1.382ms
[911.477s][info][gc] GC(5819) Pause Young (Normal) (G1 Evacuation Pause) 263M->88M(320M) 1.429ms
[911.712s][info][gc] GC(5820) Pause Young (Normal) (G1 Evacuation Pause) 264M->90M(384M) 1.492ms
[911.854s][info][gc] GC(5821) Pause Young (Normal) (G1 Evacuation Pause) 302M->92M(384M) 1.490ms
[911.987s][info][gc] GC(5822) Pause Young (Normal) (G1 Evacuation Pause) 300M->94M(384M) 1.545ms
[912.132s][info][gc] GC(5823) Pause Young (Normal) (G1 Evacuation Pause) 302M->97M(384M) 1.650ms
[912.265s][info][gc] GC(5824) Pause Young (Normal) (G1 Evacuation Pause) 305M->97M(384M) 1.888ms
[912.410s][info][gc] GC(5825) Pause Young (Normal) (G1 Evacuation Pause) 305M->100M(384M) 1.671ms
[912.552s][info][gc] GC(5826) Pause Young (Normal) (G1 Evacuation Pause) 308M->101M(384M) 1.890ms
[912.691s][info][gc] GC(5827) Pause Young (Normal) (G1 Evacuation Pause) 309M->103M(384M) 1.708ms
[912.825s][info][gc] GC(5828) Pause Young (Normal) (G1 Evacuation Pause) 311M->104M(384M) 1.755ms
[912.965s][info][gc] GC(5829) Pause Young (Normal) (G1 Evacuation Pause) 312M->105M(384M) 1.731ms
[913.107s][info][gc] GC(5830) Pause Young (Normal) (G1 Evacuation Pause) 313M->108M(384M) 1.677ms
[913.240s][info][gc] GC(5831) Pause Young (Normal) (G1 Evacuation Pause) 312M->110M(384M) 1.674ms
[913.374s][info][gc] GC(5832) Pause Young (Normal) (G1 Evacuation Pause) 318M->110M(384M) 1.527ms
[913.516s][info][gc] GC(5833) Pause Young (Normal) (G1 Evacuation Pause) 318M->113M(384M) 1.579ms
[913.654s][info][gc] GC(5834) Pause Young (Normal) (G1 Evacuation Pause) 317M->115M(384M) 1.735ms
[913.786s][info][gc] GC(5835) Pause Young (Normal) (G1 Evacuation Pause) 323M->116M(384M) 1.620ms
[913.928s][info][gc] GC(5836) Pause Young (Normal) (G1 Evacuation Pause) 324M->118M(384M) 1.564ms
[914.068s][info][gc] GC(5837) Pause Young (Normal) (G1 Evacuation Pause) 326M->120M(384M) 1.661ms
[914.201s][info][gc] GC(5838) Pause Young (Normal) (G1 Evacuation Pause) 328M->121M(384M) 1.622ms
[914.344s][info][gc] GC(5839) Pause Young (Normal) (G1 Evacuation Pause) 329M->123M(384M) 1.542ms
[914.481s][info][gc] GC(5840) Pause Young (Normal) (G1 Evacuation Pause) 331M->124M(384M) 1.535ms
[914.619s][info][gc] GC(5841) Pause Young (Normal) (G1 Evacuation Pause) 332M->127M(384M) 1.710ms
[914.768s][info][gc] GC(5842) Pause Young (Normal) (G1 Evacuation Pause) 335M->129M(384M) 1.488ms
[914.906s][info][gc] GC(5843) Pause Young (Normal) (G1 Evacuation Pause) 337M->130M(384M) 1.596ms
[915.038s][info][gc] GC(5844) Pause Young (Normal) (G1 Evacuation Pause) 334M->131M(384M) 1.633ms
[915.165s][info][gc] GC(5845) Pause Young (Normal) (G1 Evacuation Pause) 331M->133M(384M) 1.479ms
[915.418s][info][gc] GC(5846) Pause Young (Normal) (G1 Evacuation Pause) 333M->136M(384M) 1.562ms
[915.554s][info][gc] GC(5847) Pause Young (Normal) (G1 Evacuation Pause) 332M->137M(384M) 1.458ms
[915.684s][info][gc] GC(5848) Pause Young (Normal) (G1 Evacuation Pause) 333M->139M(384M) 1.571ms
[915.817s][info][gc] GC(5849) Pause Young (Normal) (G1 Evacuation Pause) 335M->141M(384M) 1.640ms
[915.944s][info][gc] GC(5850) Pause Young (Normal) (G1 Evacuation Pause) 333M->143M(384M) 1.625ms
[916.072s][info][gc] GC(5851) Pause Young (Normal) (G1 Evacuation Pause) 335M->143M(384M) 1.512ms
[916.206s][info][gc] GC(5852) Pause Young (Concurrent Start) (G1 Evacuation Pause) 339M->146M(384M) 1.620ms
[916.206s][info][gc] GC(5853) Concurrent Mark Cycle
[916.211s][info][gc] GC(5853) Pause Remark 157M->90M(280M) 0.432ms
[916.213s][info][gc] GC(5853) Pause Cleanup 94M->94M(280M) 0.043ms
[916.213s][info][gc] GC(5853) Concurrent Mark Cycle 6.985ms
[916.304s][info][gc] GC(5854) Pause Young (Prepare Mixed) (G1 Evacuation Pause) 228M->80M(280M) 1.571ms
[916.402s][info][gc] GC(5855) Pause Young (Mixed) (G1 Evacuation Pause) 232M->59M(280M) 1.499ms
[916.503s][info][gc] GC(5856) Pause Young (Normal) (G1 Evacuation Pause) 211M->60M(280M) 1.337ms
[916.602s][info][gc] GC(5857) Pause Young (Normal) (G1 Evacuation Pause) 212M->61M(336M) 1.371ms
[916.734s][info][gc] GC(5858) Pause Young (Normal) (G1 Evacuation Pause) 245M->64M(336M) 1.442ms
[916.855s][info][gc] GC(5859) Pause Young (Normal) (G1 Evacuation Pause) 248M->65M(336M) 1.570ms
[916.975s][info][gc] GC(5860) Pause Young (Normal) (G1 Evacuation Pause) 249M->67M(336M) 1.627ms
[917.095s][info][gc] GC(5861) Pause Young (Normal) (G1 Evacuation Pause) 251M->68M(336M) 1.473ms
[917.219s][info][gc] GC(5862) Pause Young (Normal) (G1 Evacuation Pause) 252M->69M(404M) 1.518ms
[917.376s][info][gc] GC(5863) Pause Young (Normal) (G1 Evacuation Pause) 289M->71M(404M) 1.701ms
[917.520s][info][gc] GC(5864) Pause Young (Normal) (G1 Evacuation Pause) 291M->73M(404M) 1.772ms
[917.669s][info][gc] GC(5865) Pause Young (Normal) (G1 Evacuation Pause) 293M->75M(404M) 1.688ms
[917.818s][info][gc] GC(5866) Pause Young (Normal) (G1 Evacuation Pause) 295M->77M(404M) 1.618ms
[917.963s][info][gc] GC(5867) Pause Young (Normal) (G1 Evacuation Pause) 297M->79M(404M) 1.652ms
[918.109s][info][gc] GC(5868) Pause Young (Normal) (G1 Evacuation Pause) 299M->79M(404M) 1.613ms
[918.254s][info][gc] GC(5869) Pause Young (Normal) (G1 Evacuation Pause) 299M->82M(404M) 1.720ms
[918.399s][info][gc] GC(5870) Pause Young (Normal) (G1 Evacuation Pause) 302M->84M(404M) 1.732ms
[918.553s][info][gc] GC(5871) Pause Young (Normal) (G1 Evacuation Pause) 304M->86M(404M) 1.861ms
[918.703s][info][gc] GC(5872) Pause Young (Normal) (G1 Evacuation Pause) 306M->88M(404M) 1.679ms
[918.870s][info][gc] GC(5873) Pause Young (Normal) (G1 Evacuation Pause) 308M->89M(404M) 1.505ms
[919.096s][info][gc] GC(5874) Pause Young (Normal) (G1 Evacuation Pause) 309M->93M(404M) 1.736ms
[919.234s][info][gc] GC(5875) Pause Young (Normal) (G1 Evacuation Pause) 309M->94M(404M) 1.865ms
[919.376s][info][gc] GC(5876) Pause Young (Normal) (G1 Evacuation Pause) 314M->95M(404M) 1.644ms
[919.530s][info][gc] GC(5877) Pause Young (Normal) (G1 Evacuation Pause) 315M->97M(404M) 1.677ms
[919.675s][info][gc] GC(5878) Pause Young (Normal) (G1 Evacuation Pause) 317M->100M(404M) 1.725ms
[919.828s][info][gc] GC(5879) Pause Young (Normal) (G1 Evacuation Pause) 320M->102M(404M) 1.653ms
[919.972s][info][gc] GC(5880) Pause Young (Normal) (G1 Evacuation Pause) 322M->103M(404M) 1.702ms
[920.117s][info][gc] GC(5881) Pause Young (Normal) (G1 Evacuation Pause) 323M->104M(404M) 1.733ms
[920.269s][info][gc] GC(5882) Pause Young (Normal) (G1 Evacuation Pause) 324M->107M(404M) 1.699ms
[920.414s][info][gc] GC(5883) Pause Young (Normal) (G1 Evacuation Pause) 327M->108M(404M) 1.762ms
[920.564s][info][gc] GC(5884) Pause Young (Normal) (G1 Evacuation Pause) 328M->110M(404M) 1.576ms
[920.701s][info][gc] GC(5885) Pause Young (Normal) (G1 Evacuation Pause) 330M->112M(404M) 1.707ms
[920.842s][info][gc] GC(5886) Pause Young (Normal) (G1 Evacuation Pause) 332M->112M(404M) 1.670ms
[920.993s][info][gc] GC(5887) Pause Young (Normal) (G1 Evacuation Pause) 332M->115M(404M) 1.573ms
[921.137s][info][gc] GC(5888) Pause Young (Normal) (G1 Evacuation Pause) 335M->118M(404M) 1.686ms
[921.285s][info][gc] GC(5889) Pause Young (Normal) (G1 Evacuation Pause) 338M->118M(404M) 1.868ms
[921.428s][info][gc] GC(5890) Pause Young (Normal) (G1 Evacuation Pause) 338M->121M(404M) 1.638ms
[921.570s][info][gc] GC(5891) Pause Young (Normal) (G1 Evacuation Pause) 341M->122M(404M) 1.612ms
[921.721s][info][gc] GC(5892) Pause Young (Normal) (G1 Evacuation Pause) 342M->125M(404M) 1.529ms
[921.867s][info][gc] GC(5893) Pause Young (Normal) (G1 Evacuation Pause) 345M->126M(404M) 1.698ms
[922.016s][info][gc] GC(5894) Pause Young (Normal) (G1 Evacuation Pause) 346M->128M(404M) 1.565ms
[922.160s][info][gc] GC(5895) Pause Young (Normal) (G1 Evacuation Pause) 348M->131M(404M) 1.622ms
[922.302s][info][gc] GC(5896) Pause Young (Normal) (G1 Evacuation Pause) 351M->133M(404M) 1.803ms
[922.492s][info][gc] GC(5897) Pause Young (Normal) (G1 Evacuation Pause) 353M->132M(404M) 1.527ms
[922.652s][info][gc] GC(5898) Pause Young (Normal) (G1 Evacuation Pause) 352M->144M(404M) 2.244ms
[922.708s][info][gc] GC(5899) Pause Young (Normal) (G1 Evacuation Pause) 340M->145M(404M) 2.247ms
[922.775s][info][gc] GC(5900) Pause Young (Normal) (G1 Evacuation Pause) 353M->147M(404M) 1.925ms
[922.837s][info][gc] GC(5901) Pause Young (Concurrent Start) (G1 Evacuation Pause) 355M->148M(404M) 1.813ms
[922.837s][info][gc] GC(5902) Concurrent Mark Cycle
[922.844s][info][gc] GC(5902) Pause Remark 167M->88M(240M) 0.435ms
[922.846s][info][gc] GC(5902) Pause Cleanup 95M->95M(240M) 0.051ms
[922.846s][info][gc] GC(5902) Concurrent Mark Cycle 9.568ms
[922.895s][info][gc] GC(5903) Pause Young (Prepare Mixed) (G1 Evacuation Pause) 217M->71M(296M) 2.080ms
[922.943s][info][gc] GC(5904) Pause Young (Mixed) (G1 Evacuation Pause) 231M->61M(296M) 1.629ms
[922.990s][info][gc] GC(5905) Pause Young (Normal) (G1 Evacuation Pause) 221M->62M(296M) 1.580ms
[923.047s][info][gc] GC(5906) Pause Young (Normal) (G1 Evacuation Pause) 222M->64M(296M) 1.511ms
[923.094s][info][gc] GC(5907) Pause Young (Normal) (G1 Evacuation Pause) 224M->65M(388M) 1.625ms
[923.169s][info][gc] GC(5908) Pause Young (Normal) (G1 Evacuation Pause) 281M->66M(388M) 1.808ms
[923.232s][info][gc] GC(5909) Pause Young (Normal) (G1 Evacuation Pause) 282M->69M(388M) 1.560ms
[923.309s][info][gc] GC(5910) Pause Young (Normal) (G1 Evacuation Pause) 281M->69M(388M) 1.998ms
[923.375s][info][gc] GC(5911) Pause Young (Normal) (G1 Evacuation Pause) 281M->72M(468M) 1.900ms
[923.463s][info][gc] GC(5912) Pause Young (Normal) (G1 Evacuation Pause) 332M->73M(468M) 1.852ms
[923.543s][info][gc] GC(5913) Pause Young (Normal) (G1 Evacuation Pause) 329M->75M(468M) 2.258ms
[923.625s][info][gc] GC(5914) Pause Young (Normal) (G1 Evacuation Pause) 331M->79M(468M) 1.945ms
[923.705s][info][gc] GC(5915) Pause Young (Normal) (G1 Evacuation Pause) 335M->78M(564M) 1.925ms
[923.814s][info][gc] GC(5916) Pause Young (Normal) (G1 Evacuation Pause) 394M->83M(564M) 2.103ms
[923.910s][info][gc] GC(5917) Pause Young (Normal) (G1 Evacuation Pause) 395M->85M(564M) 2.016ms
[924.010s][info][gc] GC(5918) Pause Young (Normal) (G1 Evacuation Pause) 393M->88M(564M) 2.182ms
[924.108s][info][gc] GC(5919) Pause Young (Normal) (G1 Evacuation Pause) 396M->89M(680M) 2.156ms
[924.227s][info][gc] GC(5920) Pause Young (Normal) (G1 Evacuation Pause) 473M->94M(680M) 2.357ms
[924.348s][info][gc] GC(5921) Pause Young (Normal) (G1 Evacuation Pause) 470M->96M(680M) 2.585ms
[924.469s][info][gc] GC(5922) Pause Young (Normal) (G1 Evacuation Pause) 472M->99M(680M) 2.676ms
[924.590s][info][gc] GC(5923) Pause Young (Normal) (G1 Evacuation Pause) 475M->104M(680M) 2.898ms
[924.712s][info][gc] GC(5924) Pause Young (Normal) (G1 Evacuation Pause) 476M->106M(680M) 2.597ms
[924.836s][info][gc] GC(5925) Pause Young (Normal) (G1 Evacuation Pause) 482M->110M(680M) 2.583ms
[924.962s][info][gc] GC(5926) Pause Young (Normal) (G1 Evacuation Pause) 486M->112M(680M) 2.512ms
[925.083s][info][gc] GC(5927) Pause Young (Normal) (G1 Evacuation Pause) 488M->116M(680M) 2.501ms
[925.199s][info][gc] GC(5928) Pause Young (Normal) (G1 Evacuation Pause) 492M->117M(680M) 2.480ms
[925.322s][info][gc] GC(5929) Pause Young (Normal) (G1 Evacuation Pause) 493M->121M(680M) 2.507ms
[925.436s][info][gc] GC(5930) Pause Young (Normal) (G1 Evacuation Pause) 497M->125M(680M) 2.411ms
[925.559s][info][gc] GC(5931) Pause Young (Normal) (G1 Evacuation Pause) 501M->129M(680M) 2.569ms
[925.673s][info][gc] GC(5932) Pause Young (Normal) (G1 Evacuation Pause) 505M->132M(680M) 2.564ms
[925.798s][info][gc] GC(5933) Pause Young (Normal) (G1 Evacuation Pause) 508M->135M(680M) 2.458ms
[925.914s][info][gc] GC(5934) Pause Young (Normal) (G1 Evacuation Pause) 511M->136M(680M) 2.497ms
[926.033s][info][gc] GC(5935) Pause Young (Normal) (G1 Evacuation Pause) 512M->141M(680M) 2.551ms
[926.151s][info][gc] GC(5936) Pause Young (Normal) (G1 Evacuation Pause) 517M->144M(680M) 2.511ms
[926.266s][info][gc] GC(5937) Pause Young (Normal) (G1 Evacuation Pause) 520M->146M(680M) 2.549ms
[926.388s][info][gc] GC(5938) Pause Young (Normal) (G1 Evacuation Pause) 522M->152M(680M) 2.542ms
[926.509s][info][gc] GC(5939) Pause Young (Normal) (G1 Evacuation Pause) 524M->155M(680M) 2.537ms
[926.632s][info][gc] GC(5940) Pause Young (Normal) (G1 Evacuation Pause) 527M->157M(680M) 2.474ms
[926.749s][info][gc] GC(5941) Pause Young (Normal) (G1 Evacuation Pause) 533M->160M(680M) 2.424ms
[926.871s][info][gc] GC(5942) Pause Young (Normal) (G1 Evacuation Pause) 536M->162M(680M) 2.414ms
[926.988s][info][gc] GC(5943) Pause Young (Normal) (G1 Evacuation Pause) 538M->166M(680M) 2.533ms
[927.108s][info][gc] GC(5944) Pause Young (Normal) (G1 Evacuation Pause) 542M->170M(680M) 2.592ms
[927.233s][info][gc] GC(5945) Pause Young (Normal) (G1 Evacuation Pause) 546M->173M(680M) 2.541ms
[927.350s][info][gc] GC(5946) Pause Young (Normal) (G1 Evacuation Pause) 549M->175M(680M) 2.373ms
[927.463s][info][gc] GC(5947) Pause Young (Normal) (G1 Evacuation Pause) 555M->178M(680M) 2.344ms
[927.586s][info][gc] GC(5948) Pause Young (Normal) (G1 Evacuation Pause) 554M->184M(680M) 2.618ms
[927.704s][info][gc] GC(5949) Pause Young (Normal) (G1 Evacuation Pause) 556M->186M(680M) 2.593ms
[927.833s][info][gc] GC(5950) Pause Young (Normal) (G1 Evacuation Pause) 562M->190M(680M) 2.398ms
[927.952s][info][gc] GC(5951) Pause Young (Normal) (G1 Evacuation Pause) 566M->192M(680M) 2.367ms
[928.081s][info][gc] GC(5952) Pause Young (Normal) (G1 Evacuation Pause) 568M->194M(680M) 2.405ms
[928.197s][info][gc] GC(5953) Pause Young (Normal) (G1 Evacuation Pause) 570M->196M(680M) 2.571ms
[928.321s][info][gc] GC(5954) Pause Young (Normal) (G1 Evacuation Pause) 572M->201M(680M) 2.770ms
[928.444s][info][gc] GC(5955) Pause Young (Normal) (G1 Evacuation Pause) 577M->204M(680M) 2.667ms
[928.565s][info][gc] GC(5956) Pause Young (Normal) (G1 Evacuation Pause) 580M->206M(680M) 2.476ms
[928.690s][info][gc] GC(5957) Pause Young (Normal) (G1 Evacuation Pause) 582M->210M(680M) 3.494ms
[928.814s][info][gc] GC(5958) Pause Young (Normal) (G1 Evacuation Pause) 586M->216M(680M) 2.724ms
[928.931s][info][gc] GC(5959) Pause Young (Normal) (G1 Evacuation Pause) 588M->217M(680M) 2.515ms
[929.049s][info][gc] GC(5960) Pause Young (Normal) (G1 Evacuation Pause) 593M->219M(680M) 2.316ms
[929.167s][info][gc] GC(5961) Pause Young (Normal) (G1 Evacuation Pause) 595M->224M(680M) 2.547ms
[929.283s][info][gc] GC(5962) Pause Young (Normal) (G1 Evacuation Pause) 596M->224M(680M) 2.486ms
[929.475s][info][gc] GC(5963) Pause Young (Normal) (G1 Evacuation Pause) 600M->229M(680M) 2.440ms
[929.622s][info][gc] GC(5964) Pause Young (Normal) (G1 Evacuation Pause) 605M->234M(680M) 2.694ms
[929.762s][info][gc] GC(5965) Pause Young (Normal) (G1 Evacuation Pause) 602M->239M(680M) 2.701ms
[929.901s][info][gc] GC(5966) Pause Young (Normal) (G1 Evacuation Pause) 603M->240M(680M) 2.553ms
[930.046s][info][gc] GC(5967) Pause Young (Normal) (G1 Evacuation Pause) 608M->244M(680M) 2.639ms
[930.182s][info][gc] GC(5968) Pause Young (Normal) (G1 Evacuation Pause) 608M->248M(680M) 2.571ms
[930.314s][info][gc] GC(5969) Pause Young (Normal) (G1 Evacuation Pause) 608M->249M(680M) 2.595ms
[930.449s][info][gc] GC(5970) Pause Young (Normal) (G1 Evacuation Pause) 605M->252M(680M) 2.704ms
[930.583s][info][gc] GC(5971) Pause Young (Normal) (G1 Evacuation Pause) 612M->256M(680M) 2.418ms
[930.710s][info][gc] GC(5972) Pause Young (Normal) (G1 Evacuation Pause) 608M->257M(680M) 2.498ms
[930.846s][info][gc] GC(5973) Pause Young (Concurrent Start) (G1 Evacuation Pause) 613M->261M(680M) 2.368ms
[930.846s][info][gc] GC(5974) Concurrent Mark Cycle
[930.857s][info][gc] GC(5974) Pause Remark 291M->119M(320M) 0.462ms
[930.862s][info][gc] GC(5974) Pause Cleanup 131M->131M(320M) 0.040ms
[930.862s][info][gc] GC(5974) Concurrent Mark Cycle 16.508ms
[930.905s][info][gc] GC(5975) Pause Young (Prepare Mixed) (G1 Evacuation Pause) 249M->92M(320M) 2.045ms
[930.972s][info][gc] GC(5976) Pause Young (Mixed) (G1 Evacuation Pause) 268M->85M(320M) 1.461ms
[931.034s][info][gc] GC(5977) Pause Young (Normal) (G1 Evacuation Pause) 261M->87M(320M) 1.554ms
[931.102s][info][gc] GC(5978) Pause Young (Normal) (G1 Evacuation Pause) 267M->89M(320M) 1.400ms
[931.162s][info][gc] GC(5979) Pause Young (Normal) (G1 Evacuation Pause) 265M->90M(396M) 1.433ms
[931.252s][info][gc] GC(5980) Pause Young (Normal) (G1 Evacuation Pause) 314M->93M(396M) 1.592ms
[931.333s][info][gc] GC(5981) Pause Young (Normal) (G1 Evacuation Pause) 313M->93M(396M) 1.538ms
[931.414s][info][gc] GC(5982) Pause Young (Normal) (G1 Evacuation Pause) 313M->95M(396M) 1.553ms
[931.494s][info][gc] GC(5983) Pause Young (Normal) (G1 Evacuation Pause) 311M->98M(476M) 1.748ms
[931.595s][info][gc] GC(5984) Pause Young (Normal) (G1 Evacuation Pause) 358M->101M(476M) 1.871ms
[931.694s][info][gc] GC(5985) Pause Young (Normal) (G1 Evacuation Pause) 361M->103M(476M) 1.949ms
[931.791s][info][gc] GC(5986) Pause Young (Normal) (G1 Evacuation Pause) 363M->105M(476M) 1.985ms
[931.895s][info][gc] GC(5987) Pause Young (Normal) (G1 Evacuation Pause) 365M->107M(572M) 1.867ms
[932.008s][info][gc] GC(5988) Pause Young (Normal) (G1 Evacuation Pause) 423M->109M(572M) 2.044ms
[932.127s][info][gc] GC(5989) Pause Young (Normal) (G1 Evacuation Pause) 425M->111M(572M) 2.044ms
[932.243s][info][gc] GC(5990) Pause Young (Normal) (G1 Evacuation Pause) 423M->113M(572M) 2.142ms
[932.358s][info][gc] GC(5991) Pause Young (Normal) (G1 Evacuation Pause) 425M->118M(572M) 2.105ms
[932.474s][info][gc] GC(5992) Pause Young (Normal) (G1 Evacuation Pause) 430M->120M(572M) 2.154ms
[932.588s][info][gc] GC(5993) Pause Young (Normal) (G1 Evacuation Pause) 432M->121M(572M) 2.195ms
[932.700s][info][gc] GC(5994) Pause Young (Normal) (G1 Evacuation Pause) 437M->124M(572M) 2.059ms
[932.830s][info][gc] GC(5995) Pause Young (Normal) (G1 Evacuation Pause) 436M->128M(572M) 2.143ms
[932.961s][info][gc] GC(5996) Pause Young (Normal) (G1 Evacuation Pause) 440M->131M(572M) 2.151ms
[933.078s][info][gc] GC(5997) Pause Young (Normal) (G1 Evacuation Pause) 443M->134M(572M) 2.144ms
[933.193s][info][gc] GC(5998) Pause Young (Normal) (G1 Evacuation Pause) 446M->135M(572M) 2.123ms
[933.307s][info][gc] GC(5999) Pause Young (Normal) (G1 Evacuation Pause) 447M->137M(572M) 2.107ms
[933.421s][info][gc] GC(6000) Pause Young (Normal) (G1 Evacuation Pause) 449M->142M(572M) 2.102ms
[933.535s][info][gc] GC(6001) Pause Young (Normal) (G1 Evacuation Pause) 454M->144M(572M) 2.462ms
[933.648s][info][gc] GC(6002) Pause Young (Normal) (G1 Evacuation Pause) 456M->146M(572M) 2.109ms
[933.762s][info][gc] GC(6003) Pause Young (Normal) (G1 Evacuation Pause) 458M->148M(572M) 2.093ms
[933.878s][info][gc] GC(6004) Pause Young (Normal) (G1 Evacuation Pause) 460M->152M(572M) 2.200ms
[933.995s][info][gc] GC(6005) Pause Young (Normal) (G1 Evacuation Pause) 464M->154M(572M) 2.086ms
[934.113s][info][gc] GC(6006) Pause Young (Normal) (G1 Evacuation Pause) 466M->157M(572M) 2.074ms
[934.228s][info][gc] GC(6007) Pause Young (Normal) (G1 Evacuation Pause) 469M->160M(572M) 2.170ms
[934.346s][info][gc] GC(6008) Pause Young (Normal) (G1 Evacuation Pause) 472M->162M(572M) 2.059ms
[934.464s][info][gc] GC(6009) Pause Young (Normal) (G1 Evacuation Pause) 474M->166M(572M) 2.118ms
[934.585s][info][gc] GC(6010) Pause Young (Normal) (G1 Evacuation Pause) 478M->168M(572M) 2.247ms
[934.704s][info][gc] GC(6011) Pause Young (Normal) (G1 Evacuation Pause) 480M->170M(572M) 2.118ms
[934.822s][info][gc] GC(6012) Pause Young (Normal) (G1 Evacuation Pause) 482M->173M(572M) 2.198ms
[934.939s][info][gc] GC(6013) Pause Young (Normal) (G1 Evacuation Pause) 485M->175M(572M) 2.054ms
[935.056s][info][gc] GC(6014) Pause Young (Normal) (G1 Evacuation Pause) 487M->178M(572M) 2.086ms
[935.172s][info][gc] GC(6015) Pause Young (Normal) (G1 Evacuation Pause) 490M->182M(572M) 2.047ms
[935.286s][info][gc] GC(6016) Pause Young (Normal) (G1 Evacuation Pause) 494M->181M(572M) 1.974ms
[935.457s][info][gc] GC(6017) Pause Young (Normal) (G1 Evacuation Pause) 497M->186M(572M) 2.099ms
[935.571s][info][gc] GC(6018) Pause Young (Normal) (G1 Evacuation Pause) 498M->190M(572M) 2.325ms
[935.686s][info][gc] GC(6019) Pause Young (Normal) (G1 Evacuation Pause) 502M->192M(572M) 2.275ms
[935.804s][info][gc] GC(6020) Pause Young (Normal) (G1 Evacuation Pause) 504M->196M(572M) 2.349ms
[935.918s][info][gc] GC(6021) Pause Young (Normal) (G1 Evacuation Pause) 508M->198M(572M) 2.278ms
[936.033s][info][gc] GC(6022) Pause Young (Normal) (G1 Evacuation Pause) 506M->202M(688M) 2.279ms
[936.179s][info][gc] GC(6023) Pause Young (Normal) (G1 Evacuation Pause) 586M->205M(688M) 2.439ms
[936.315s][info][gc] GC(6024) Pause Young (Normal) (G1 Evacuation Pause) 585M->208M(688M) 2.433ms
[936.458s][info][gc] GC(6025) Pause Young (Normal) (G1 Evacuation Pause) 588M->209M(688M) 2.566ms
[936.606s][info][gc] GC(6026) Pause Young (Normal) (G1 Evacuation Pause) 593M->215M(688M) 2.501ms
[936.740s][info][gc] GC(6027) Pause Young (Normal) (G1 Evacuation Pause) 591M->218M(688M) 2.570ms
[936.880s][info][gc] GC(6028) Pause Young (Normal) (G1 Evacuation Pause) 594M->221M(688M) 2.531ms
[937.018s][info][gc] GC(6029) Pause Young (Normal) (G1 Evacuation Pause) 601M->222M(688M) 2.447ms
[937.160s][info][gc] GC(6030) Pause Young (Normal) (G1 Evacuation Pause) 602M->227M(688M) 2.415ms
[937.308s][info][gc] GC(6031) Pause Young (Normal) (G1 Evacuation Pause) 607M->230M(688M) 2.477ms
[937.444s][info][gc] GC(6032) Pause Young (Normal) (G1 Evacuation Pause) 610M->232M(688M) 2.445ms
[937.583s][info][gc] GC(6033) Pause Young (Normal) (G1 Evacuation Pause) 612M->236M(688M) 2.498ms
[937.725s][info][gc] GC(6034) Pause Young (Normal) (G1 Evacuation Pause) 612M->239M(688M) 2.487ms
[937.867s][info][gc] GC(6035) Pause Young (Normal) (G1 Evacuation Pause) 611M->241M(688M) 2.376ms
[938.006s][info][gc] GC(6036) Pause Young (Normal) (G1 Evacuation Pause) 609M->246M(688M) 2.666ms
[938.145s][info][gc] GC(6037) Pause Young (Normal) (G1 Evacuation Pause) 614M->250M(688M) 2.910ms
[938.282s][info][gc] GC(6038) Pause Young (Normal) (G1 Evacuation Pause) 614M->252M(688M) 2.631ms
[938.414s][info][gc] GC(6039) Pause Young (Normal) (G1 Evacuation Pause) 612M->253M(688M) 2.368ms
[938.554s][info][gc] GC(6040) Pause Young (Normal) (G1 Evacuation Pause) 609M->258M(688M) 2.392ms
[938.681s][info][gc] GC(6041) Pause Young (Normal) (G1 Evacuation Pause) 610M->260M(688M) 2.310ms
[938.818s][info][gc] GC(6042) Pause Young (Normal) (G1 Evacuation Pause) 612M->263M(688M) 2.399ms
[938.945s][info][gc] GC(6043) Pause Young (Concurrent Start) (G1 Evacuation Pause) 611M->267M(688M) 2.373ms
[938.945s][info][gc] GC(6044) Concurrent Mark Cycle
[938.975s][info][gc] GC(6044) Pause Remark 347M->347M(688M) 0.418ms
[938.998s][info][gc] GC(6044) Pause Cleanup 403M->403M(688M) 0.061ms
[938.999s][info][gc] GC(6044) Concurrent Mark Cycle 54.449ms
[939.077s][info][gc] GC(6045) Pause Young (Prepare Mixed) (G1 Evacuation Pause) 611M->270M(688M) 2.338ms
[939.203s][info][gc] GC(6046) Pause Young (Mixed) (G1 Evacuation Pause) 610M->217M(688M) 3.057ms
[939.350s][info][gc] GC(6047) Pause Young (Mixed) (G1 Evacuation Pause) 601M->198M(688M) 3.260ms
[939.494s][info][gc] GC(6048) Pause Young (Normal) (G1 Evacuation Pause) 578M->203M(688M) 2.556ms
[939.631s][info][gc] GC(6049) Pause Young (Normal) (G1 Evacuation Pause) 579M->206M(688M) 2.446ms
[939.777s][info][gc] GC(6050) Pause Young (Normal) (G1 Evacuation Pause) 586M->208M(688M) 2.476ms
[939.921s][info][gc] GC(6051) Pause Young (Normal) (G1 Evacuation Pause) 588M->212M(688M) 2.501ms
[940.064s][info][gc] GC(6052) Pause Young (Normal) (G1 Evacuation Pause) 592M->216M(688M) 2.385ms
[940.206s][info][gc] GC(6053) Pause Young (Normal) (G1 Evacuation Pause) 596M->220M(688M) 2.414ms
[940.345s][info][gc] GC(6054) Pause Young (Normal) (G1 Evacuation Pause) 600M->221M(688M) 2.400ms
[940.486s][info][gc] GC(6055) Pause Young (Normal) (G1 Evacuation Pause) 601M->223M(688M) 2.400ms
[940.629s][info][gc] GC(6056) Pause Young (Normal) (G1 Evacuation Pause) 603M->230M(688M) 2.513ms
[940.767s][info][gc] GC(6057) Pause Young (Normal) (G1 Evacuation Pause) 606M->232M(688M) 2.480ms
[940.907s][info][gc] GC(6058) Pause Young (Normal) (G1 Evacuation Pause) 612M->233M(688M) 2.541ms
[941.047s][info][gc] GC(6059) Pause Young (Normal) (G1 Evacuation Pause) 613M->235M(688M) 2.367ms
[941.198s][info][gc] GC(6060) Pause Young (Normal) (G1 Evacuation Pause) 611M->241M(688M) 2.695ms
[941.351s][info][gc] GC(6061) Pause Young (Normal) (G1 Evacuation Pause) 613M->241M(688M) 2.222ms
[941.684s][info][gc] GC(6062) Pause Young (Normal) (G1 Evacuation Pause) 617M->246M(688M) 2.471ms
[941.860s][info][gc] GC(6063) Pause Young (Normal) (G1 Evacuation Pause) 606M->248M(688M) 2.630ms
[942.045s][info][gc] GC(6064) Pause Young (Normal) (G1 Evacuation Pause) 612M->253M(688M) 2.420ms
[942.226s][info][gc] GC(6065) Pause Young (Normal) (G1 Evacuation Pause) 613M->254M(688M) 2.526ms
[942.404s][info][gc] GC(6066) Pause Young (Normal) (G1 Evacuation Pause) 610M->256M(688M) 2.304ms
[942.590s][info][gc] GC(6067) Pause Young (Normal) (G1 Evacuation Pause) 616M->263M(688M) 2.441ms
[942.768s][info][gc] GC(6068) Pause Young (Normal) (G1 Evacuation Pause) 607M->267M(688M) 2.650ms
[942.935s][info][gc] GC(6069) Pause Young (Concurrent Start) (G1 Evacuation Pause) 615M->267M(688M) 2.397ms
[942.935s][info][gc] GC(6070) Concurrent Mark Cycle
[942.943s][info][gc] GC(6070) Pause Remark 282M->130M(388M) 0.440ms
[942.946s][info][gc] GC(6070) Pause Cleanup 132M->132M(388M) 0.076ms
[942.947s][info][gc] GC(6070) Concurrent Mark Cycle 11.846ms
[943.042s][info][gc] GC(6071) Pause Young (Prepare Mixed) (G1 Evacuation Pause) 323M->117M(388M) 1.891ms
[943.149s][info][gc] GC(6072) Pause Young (Mixed) (G1 Evacuation Pause) 329M->80M(388M) 1.759ms
[943.255s][info][gc] GC(6073) Pause Young (Normal) (G1 Evacuation Pause) 292M->82M(388M) 1.671ms
[943.363s][info][gc] GC(6074) Pause Young (Normal) (G1 Evacuation Pause) 294M->84M(468M) 1.679ms
[943.495s][info][gc] GC(6075) Pause Young (Normal) (G1 Evacuation Pause) 344M->87M(468M) 1.809ms
[943.624s][info][gc] GC(6076) Pause Young (Normal) (G1 Evacuation Pause) 343M->90M(468M) 1.908ms
[943.751s][info][gc] GC(6077) Pause Young (Normal) (G1 Evacuation Pause) 346M->91M(468M) 1.890ms
[943.878s][info][gc] GC(6078) Pause Young (Normal) (G1 Evacuation Pause) 351M->92M(468M) 1.755ms
[944.010s][info][gc] GC(6079) Pause Young (Normal) (G1 Evacuation Pause) 348M->94M(468M) 1.790ms
[944.144s][info][gc] GC(6080) Pause Young (Normal) (G1 Evacuation Pause) 354M->97M(468M) 1.786ms
[944.345s][info][gc] GC(6081) Pause Young (Normal) (G1 Evacuation Pause) 353M->101M(468M) 1.921ms
[944.477s][info][gc] GC(6082) Pause Young (Normal) (G1 Evacuation Pause) 357M->102M(468M) 1.900ms
[944.601s][info][gc] GC(6083) Pause Young (Normal) (G1 Evacuation Pause) 358M->105M(468M) 1.959ms
[944.741s][info][gc] GC(6084) Pause Young (Normal) (G1 Evacuation Pause) 361M->108M(468M) 1.869ms
[944.869s][info][gc] GC(6085) Pause Young (Normal) (G1 Evacuation Pause) 364M->108M(468M) 1.867ms
[945.000s][info][gc] GC(6086) Pause Young (Normal) (G1 Evacuation Pause) 364M->112M(468M) 2.041ms
[945.125s][info][gc] GC(6087) Pause Young (Normal) (G1 Evacuation Pause) 368M->114M(468M) 1.942ms
[945.263s][info][gc] GC(6088) Pause Young (Normal) (G1 Evacuation Pause) 370M->118M(468M) 1.962ms
[945.390s][info][gc] GC(6089) Pause Young (Normal) (G1 Evacuation Pause) 374M->119M(468M) 1.919ms
[945.516s][info][gc] GC(6090) Pause Young (Normal) (G1 Evacuation Pause) 375M->120M(468M) 1.840ms
[945.642s][info][gc] GC(6091) Pause Young (Normal) (G1 Evacuation Pause) 376M->122M(468M) 1.755ms
[945.766s][info][gc] GC(6092) Pause Young (Normal) (G1 Evacuation Pause) 378M->125M(468M) 1.692ms
[945.903s][info][gc] GC(6093) Pause Young (Normal) (G1 Evacuation Pause) 381M->127M(468M) 1.875ms
[946.032s][info][gc] GC(6094) Pause Young (Normal) (G1 Evacuation Pause) 383M->129M(468M) 2.083ms
[946.159s][info][gc] GC(6095) Pause Young (Normal) (G1 Evacuation Pause) 385M->131M(468M) 1.798ms
[946.285s][info][gc] GC(6096) Pause Young (Normal) (G1 Evacuation Pause) 387M->133M(468M) 2.294ms
[946.419s][info][gc] GC(6097) Pause Young (Normal) (G1 Evacuation Pause) 393M->135M(468M) 1.674ms
[946.552s][info][gc] GC(6098) Pause Young (Normal) (G1 Evacuation Pause) 395M->138M(468M) 1.830ms
[946.678s][info][gc] GC(6099) Pause Young (Normal) (G1 Evacuation Pause) 394M->139M(468M) 1.876ms
[946.808s][info][gc] GC(6100) Pause Young (Normal) (G1 Evacuation Pause) 395M->142M(468M) 1.732ms
[946.940s][info][gc] GC(6101) Pause Young (Normal) (G1 Evacuation Pause) 398M->142M(468M) 1.626ms
[947.142s][info][gc] GC(6102) Pause Young (Normal) (G1 Evacuation Pause) 402M->147M(468M) 1.878ms
[947.268s][info][gc] GC(6103) Pause Young (Normal) (G1 Evacuation Pause) 403M->149M(468M) 2.050ms
[947.394s][info][gc] GC(6104) Pause Young (Normal) (G1 Evacuation Pause) 405M->152M(468M) 1.952ms
[947.521s][info][gc] GC(6105) Pause Young (Normal) (G1 Evacuation Pause) 408M->153M(468M) 1.912ms
[947.644s][info][gc] GC(6106) Pause Young (Normal) (G1 Evacuation Pause) 409M->153M(468M) 1.770ms
[947.783s][info][gc] GC(6107) Pause Young (Normal) (G1 Evacuation Pause) 413M->158M(468M) 2.233ms
[947.909s][info][gc] GC(6108) Pause Young (Normal) (G1 Evacuation Pause) 410M->161M(468M) 2.253ms
[948.037s][info][gc] GC(6109) Pause Young (Normal) (G1 Evacuation Pause) 413M->163M(468M) 2.120ms
[948.158s][info][gc] GC(6110) Pause Young (Normal) (G1 Evacuation Pause) 411M->165M(468M) 1.967ms
[948.277s][info][gc] GC(6111) Pause Young (Normal) (G1 Evacuation Pause) 409M->167M(564M) 1.832ms
[948.446s][info][gc] GC(6112) Pause Young (Normal) (G1 Evacuation Pause) 479M->169M(564M) 2.193ms
[948.597s][info][gc] GC(6113) Pause Young (Normal) (G1 Evacuation Pause) 481M->171M(564M) 1.973ms
[948.761s][info][gc] GC(6114) Pause Young (Normal) (G1 Evacuation Pause) 479M->175M(564M) 2.251ms
[948.915s][info][gc] GC(6115) Pause Young (Normal) (G1 Evacuation Pause) 483M->177M(564M) 2.279ms
[949.082s][info][gc] GC(6116) Pause Young (Normal) (G1 Evacuation Pause) 485M->180M(564M) 2.287ms
[949.232s][info][gc] GC(6117) Pause Young (Normal) (G1 Evacuation Pause) 488M->182M(564M) 2.134ms
[949.390s][info][gc] GC(6118) Pause Young (Normal) (G1 Evacuation Pause) 490M->183M(564M) 2.088ms
[949.540s][info][gc] GC(6119) Pause Young (Normal) (G1 Evacuation Pause) 491M->187M(564M) 2.320ms
[949.693s][info][gc] GC(6120) Pause Young (Normal) (G1 Evacuation Pause) 495M->188M(564M) 1.900ms
[949.920s][info][gc] GC(6121) Pause Young (Normal) (G1 Evacuation Pause) 500M->193M(564M) 2.070ms
[950.074s][info][gc] GC(6122) Pause Young (Normal) (G1 Evacuation Pause) 501M->195M(564M) 2.177ms
[950.233s][info][gc] GC(6123) Pause Young (Normal) (G1 Evacuation Pause) 499M->198M(564M) 2.132ms
[950.380s][info][gc] GC(6124) Pause Young (Normal) (G1 Evacuation Pause) 498M->199M(564M) 2.174ms
[950.541s][info][gc] GC(6125) Pause Young (Normal) (G1 Evacuation Pause) 503M->202M(564M) 2.317ms
[950.686s][info][gc] GC(6126) Pause Young (Normal) (G1 Evacuation Pause) 506M->206M(564M) 2.139ms
[950.830s][info][gc] GC(6127) Pause Young (Normal) (G1 Evacuation Pause) 498M->206M(564M) 2.009ms
[950.982s][info][gc] GC(6128) Pause Young (Normal) (G1 Evacuation Pause) 502M->210M(564M) 2.063ms
[951.122s][info][gc] GC(6129) Pause Young (Normal) (G1 Evacuation Pause) 498M->213M(564M) 2.159ms
[951.273s][info][gc] GC(6130) Pause Young (Normal) (G1 Evacuation Pause) 505M->215M(564M) 1.899ms
[951.418s][info][gc] GC(6131) Pause Young (Concurrent Start) (G1 Evacuation Pause) 503M->218M(564M) 2.029ms
[951.418s][info][gc] GC(6132) Concurrent Mark Cycle
[951.426s][info][gc] GC(6132) Pause Remark 233M->117M(360M) 0.452ms
[951.429s][info][gc] GC(6132) Pause Cleanup 121M->121M(360M) 0.045ms
[951.429s][info][gc] GC(6132) Concurrent Mark Cycle 10.899ms
[951.513s][info][gc] GC(6133) Pause Young (Prepare Mixed) (G1 Evacuation Pause) 290M->102M(360M) 1.817ms
[951.616s][info][gc] GC(6134) Pause Young (Mixed) (G1 Evacuation Pause) 302M->81M(360M) 1.567ms
[951.715s][info][gc] GC(6135) Pause Young (Normal) (G1 Evacuation Pause) 277M->82M(360M) 1.537ms
[951.817s][info][gc] GC(6136) Pause Young (Normal) (G1 Evacuation Pause) 282M->84M(432M) 1.522ms
[951.937s][info][gc] GC(6137) Pause Young (Normal) (G1 Evacuation Pause) 324M->85M(432M) 1.609ms
[952.058s][info][gc] GC(6138) Pause Young (Normal) (G1 Evacuation Pause) 325M->87M(432M) 1.542ms
[952.178s][info][gc] GC(6139) Pause Young (Normal) (G1 Evacuation Pause) 323M->90M(432M) 1.757ms
[952.292s][info][gc] GC(6140) Pause Young (Normal) (G1 Evacuation Pause) 326M->92M(432M) 1.879ms
[952.411s][info][gc] GC(6141) Pause Young (Normal) (G1 Evacuation Pause) 328M->93M(432M) 1.621ms
[952.591s][info][gc] GC(6142) Pause Young (Normal) (G1 Evacuation Pause) 329M->95M(432M) 1.728ms
[952.717s][info][gc] GC(6143) Pause Young (Normal) (G1 Evacuation Pause) 327M->98M(432M) 1.834ms
[952.835s][info][gc] GC(6144) Pause Young (Normal) (G1 Evacuation Pause) 334M->100M(432M) 1.866ms
[952.949s][info][gc] GC(6145) Pause Young (Normal) (G1 Evacuation Pause) 336M->101M(432M) 1.697ms
[953.070s][info][gc] GC(6146) Pause Young (Normal) (G1 Evacuation Pause) 337M->105M(520M) 1.761ms
[953.213s][info][gc] GC(6147) Pause Young (Normal) (G1 Evacuation Pause) 397M->106M(520M) 2.031ms
[953.367s][info][gc] GC(6148) Pause Young (Normal) (G1 Evacuation Pause) 398M->110M(520M) 1.992ms
[953.512s][info][gc] GC(6149) Pause Young (Normal) (G1 Evacuation Pause) 398M->111M(520M) 2.063ms
[953.651s][info][gc] GC(6150) Pause Young (Normal) (G1 Evacuation Pause) 399M->111M(520M) 2.036ms
[953.807s][info][gc] GC(6151) Pause Young (Normal) (G1 Evacuation Pause) 399M->116M(520M) 2.214ms
[953.947s][info][gc] GC(6152) Pause Young (Normal) (G1 Evacuation Pause) 404M->119M(520M) 1.977ms
[954.097s][info][gc] GC(6153) Pause Young (Normal) (G1 Evacuation Pause) 403M->120M(520M) 1.988ms
[954.234s][info][gc] GC(6154) Pause Young (Normal) (G1 Evacuation Pause) 408M->123M(520M) 1.956ms
[954.376s][info][gc] GC(6155) Pause Young (Normal) (G1 Evacuation Pause) 411M->126M(520M) 2.122ms
[954.532s][info][gc] GC(6156) Pause Young (Normal) (G1 Evacuation Pause) 414M->128M(520M) 2.072ms
[954.673s][info][gc] GC(6157) Pause Young (Normal) (G1 Evacuation Pause) 416M->131M(520M) 1.924ms
[954.815s][info][gc] GC(6158) Pause Young (Normal) (G1 Evacuation Pause) 419M->132M(520M) 1.933ms
[954.968s][info][gc] GC(6159) Pause Young (Normal) (G1 Evacuation Pause) 420M->135M(520M) 1.945ms
[955.114s][info][gc] GC(6160) Pause Young (Normal) (G1 Evacuation Pause) 423M->138M(520M) 1.933ms
[955.314s][info][gc] GC(6161) Pause Young (Normal) (G1 Evacuation Pause) 426M->141M(520M) 1.934ms
[955.468s][info][gc] GC(6162) Pause Young (Normal) (G1 Evacuation Pause) 429M->143M(520M) 2.065ms
[955.612s][info][gc] GC(6163) Pause Young (Normal) (G1 Evacuation Pause) 431M->145M(520M) 2.004ms
[955.762s][info][gc] GC(6164) Pause Young (Normal) (G1 Evacuation Pause) 433M->148M(520M) 2.045ms
[955.908s][info][gc] GC(6165) Pause Young (Normal) (G1 Evacuation Pause) 436M->150M(520M) 2.035ms
[956.047s][info][gc] GC(6166) Pause Young (Normal) (G1 Evacuation Pause) 438M->153M(520M) 2.014ms
[956.197s][info][gc] GC(6167) Pause Young (Normal) (G1 Evacuation Pause) 441M->156M(520M) 2.041ms
[956.339s][info][gc] GC(6168) Pause Young (Normal) (G1 Evacuation Pause) 440M->159M(520M) 2.069ms
[956.479s][info][gc] GC(6169) Pause Young (Normal) (G1 Evacuation Pause) 443M->160M(520M) 2.078ms
[956.630s][info][gc] GC(6170) Pause Young (Normal) (G1 Evacuation Pause) 448M->162M(520M) 1.896ms
[956.770s][info][gc] GC(6171) Pause Young (Normal) (G1 Evacuation Pause) 450M->166M(520M) 1.887ms
[956.921s][info][gc] GC(6172) Pause Young (Normal) (G1 Evacuation Pause) 454M->168M(520M) 1.842ms
[957.059s][info][gc] GC(6173) Pause Young (Normal) (G1 Evacuation Pause) 456M->170M(520M) 1.927ms
[957.202s][info][gc] GC(6174) Pause Young (Normal) (G1 Evacuation Pause) 458M->174M(520M) 2.008ms
[957.351s][info][gc] GC(6175) Pause Young (Normal) (G1 Evacuation Pause) 462M->175M(520M) 1.920ms
[957.491s][info][gc] GC(6176) Pause Young (Normal) (G1 Evacuation Pause) 463M->178M(520M) 1.979ms
[957.632s][info][gc] GC(6177) Pause Young (Normal) (G1 Evacuation Pause) 462M->180M(520M) 1.912ms
[957.781s][info][gc] GC(6178) Pause Young (Normal) (G1 Evacuation Pause) 464M->182M(520M) 1.914ms
[957.980s][info][gc] GC(6179) Pause Young (Normal) (G1 Evacuation Pause) 462M->186M(520M) 1.968ms
[958.116s][info][gc] GC(6180) Pause Young (Normal) (G1 Evacuation Pause) 466M->188M(520M) 1.991ms
[958.250s][info][gc] GC(6181) Pause Young (Normal) (G1 Evacuation Pause) 464M->189M(520M) 1.993ms
[958.397s][info][gc] GC(6182) Pause Young (Normal) (G1 Evacuation Pause) 465M->194M(520M) 2.043ms
[958.532s][info][gc] GC(6183) Pause Young (Normal) (G1 Evacuation Pause) 462M->195M(520M) 2.392ms
[958.669s][info][gc] GC(6184) Pause Young (Normal) (G1 Evacuation Pause) 463M->196M(520M) 2.019ms
[958.809s][info][gc] GC(6185) Pause Young (Normal) (G1 Evacuation Pause) 464M->199M(520M) 2.013ms
[958.938s][info][gc] GC(6186) Pause Young (Concurrent Start) (G1 Evacuation Pause) 463M->202M(520M) 2.040ms
[958.938s][info][gc] GC(6187) Concurrent Mark Cycle
[958.945s][info][gc] GC(6187) Pause Remark 216M->109M(320M) 0.432ms
[958.949s][info][gc] GC(6187) Pause Cleanup 117M->117M(320M) 0.045ms
[958.949s][info][gc] GC(6187) Concurrent Mark Cycle 10.628ms
[959.027s][info][gc] GC(6188) Pause Young (Prepare Mixed) (G1 Evacuation Pause) 266M->95M(320M) 1.574ms
[959.122s][info][gc] GC(6189) Pause Young (Mixed) (G1 Evacuation Pause) 271M->74M(320M) 1.638ms
[959.201s][info][gc] GC(6190) Pause Young (Normal) (G1 Evacuation Pause) 250M->75M(384M) 1.321ms
[959.319s][info][gc] GC(6191) Pause Young (Normal) (G1 Evacuation Pause) 291M->76M(384M) 1.507ms
[959.429s][info][gc] GC(6192) Pause Young (Normal) (G1 Evacuation Pause) 288M->78M(384M) 1.479ms
[959.541s][info][gc] GC(6193) Pause Young (Normal) (G1 Evacuation Pause) 290M->81M(384M) 1.532ms
[959.654s][info][gc] GC(6194) Pause Young (Normal) (G1 Evacuation Pause) 289M->80M(384M) 1.458ms
[959.761s][info][gc] GC(6195) Pause Young (Normal) (G1 Evacuation Pause) 288M->84M(384M) 1.550ms
[959.872s][info][gc] GC(6196) Pause Young (Normal) (G1 Evacuation Pause) 292M->85M(464M) 1.667ms
[960.009s][info][gc] GC(6197) Pause Young (Normal) (G1 Evacuation Pause) 341M->89M(464M) 1.852ms
[960.131s][info][gc] GC(6198) Pause Young (Normal) (G1 Evacuation Pause) 341M->90M(464M) 1.747ms
[960.254s][info][gc] GC(6199) Pause Young (Normal) (G1 Evacuation Pause) 342M->92M(464M) 1.903ms
[960.381s][info][gc] GC(6200) Pause Young (Normal) (G1 Evacuation Pause) 344M->94M(464M) 1.883ms
[960.502s][info][gc] GC(6201) Pause Young (Normal) (G1 Evacuation Pause) 346M->95M(464M) 1.797ms
[960.711s][info][gc] GC(6202) Pause Young (Normal) (G1 Evacuation Pause) 351M->99M(464M) 1.893ms
[960.835s][info][gc] GC(6203) Pause Young (Normal) (G1 Evacuation Pause) 351M->102M(464M) 2.071ms
[960.962s][info][gc] GC(6204) Pause Young (Normal) (G1 Evacuation Pause) 354M->103M(464M) 1.837ms
[961.086s][info][gc] GC(6205) Pause Young (Normal) (G1 Evacuation Pause) 355M->106M(464M) 2.044ms
[961.212s][info][gc] GC(6206) Pause Young (Normal) (G1 Evacuation Pause) 358M->108M(464M) 1.885ms
[961.345s][info][gc] GC(6207) Pause Young (Normal) (G1 Evacuation Pause) 360M->110M(464M) 1.890ms
[961.473s][info][gc] GC(6208) Pause Young (Normal) (G1 Evacuation Pause) 362M->114M(464M) 1.950ms
[961.595s][info][gc] GC(6209) Pause Young (Normal) (G1 Evacuation Pause) 366M->115M(464M) 2.177ms
[961.723s][info][gc] GC(6210) Pause Young (Normal) (G1 Evacuation Pause) 367M->118M(464M) 1.947ms
[961.848s][info][gc] GC(6211) Pause Young (Normal) (G1 Evacuation Pause) 370M->119M(464M) 1.790ms
[961.982s][info][gc] GC(6212) Pause Young (Normal) (G1 Evacuation Pause) 371M->120M(464M) 1.726ms
[962.109s][info][gc] GC(6213) Pause Young (Normal) (G1 Evacuation Pause) 376M->123M(464M) 1.817ms
[962.233s][info][gc] GC(6214) Pause Young (Normal) (G1 Evacuation Pause) 375M->125M(464M) 1.759ms
[962.358s][info][gc] GC(6215) Pause Young (Normal) (G1 Evacuation Pause) 377M->127M(464M) 1.860ms
[962.482s][info][gc] GC(6216) Pause Young (Normal) (G1 Evacuation Pause) 379M->129M(464M) 1.782ms
[962.619s][info][gc] GC(6217) Pause Young (Normal) (G1 Evacuation Pause) 385M->132M(464M) 1.815ms
[962.744s][info][gc] GC(6218) Pause Young (Normal) (G1 Evacuation Pause) 384M->133M(464M) 1.815ms
[962.870s][info][gc] GC(6219) Pause Young (Normal) (G1 Evacuation Pause) 385M->136M(464M) 1.768ms
[962.996s][info][gc] GC(6220) Pause Young (Normal) (G1 Evacuation Pause) 388M->138M(464M) 1.793ms
[963.122s][info][gc] GC(6221) Pause Young (Normal) (G1 Evacuation Pause) 390M->140M(464M) 1.783ms
[963.254s][info][gc] GC(6222) Pause Young (Normal) (G1 Evacuation Pause) 392M->142M(464M) 1.910ms
[963.442s][info][gc] GC(6223) Pause Young (Normal) (G1 Evacuation Pause) 394M->145M(464M) 1.746ms
[963.568s][info][gc] GC(6224) Pause Young (Normal) (G1 Evacuation Pause) 397M->147M(464M) 1.872ms
[963.695s][info][gc] GC(6225) Pause Young (Normal) (G1 Evacuation Pause) 399M->149M(464M) 1.867ms
[963.823s][info][gc] GC(6226) Pause Young (Normal) (G1 Evacuation Pause) 401M->151M(464M) 2.152ms
[963.951s][info][gc] GC(6227) Pause Young (Normal) (G1 Evacuation Pause) 403M->152M(464M) 1.725ms
[964.084s][info][gc] GC(6228) Pause Young (Normal) (G1 Evacuation Pause) 404M->156M(464M) 1.931ms
[964.209s][info][gc] GC(6229) Pause Young (Normal) (G1 Evacuation Pause) 408M->158M(464M) 2.028ms
[964.332s][info][gc] GC(6230) Pause Young (Normal) (G1 Evacuation Pause) 406M->161M(464M) 2.156ms
[964.457s][info][gc] GC(6231) Pause Young (Normal) (G1 Evacuation Pause) 409M->162M(464M) 1.940ms
[964.579s][info][gc] GC(6232) Pause Young (Normal) (G1 Evacuation Pause) 406M->162M(464M) 1.735ms
[964.710s][info][gc] GC(6233) Pause Young (Normal) (G1 Evacuation Pause) 410M->165M(464M) 1.711ms
[964.831s][info][gc] GC(6234) Pause Young (Normal) (G1 Evacuation Pause) 405M->168M(464M) 1.946ms
[964.955s][info][gc] GC(6235) Pause Young (Normal) (G1 Evacuation Pause) 408M->170M(560M) 1.890ms
[965.114s][info][gc] GC(6236) Pause Young (Normal) (G1 Evacuation Pause) 482M->172M(560M) 1.961ms
[965.273s][info][gc] GC(6237) Pause Young (Normal) (G1 Evacuation Pause) 484M->175M(560M) 1.974ms
[965.422s][info][gc] GC(6238) Pause Young (Normal) (G1 Evacuation Pause) 483M->178M(560M) 2.101ms
[965.578s][info][gc] GC(6239) Pause Young (Normal) (G1 Evacuation Pause) 486M->179M(560M) 2.089ms
[965.733s][info][gc] GC(6240) Pause Young (Normal) (G1 Evacuation Pause) 487M->183M(560M) 2.140ms
[965.897s][info][gc] GC(6241) Pause Young (Normal) (G1 Evacuation Pause) 491M->186M(560M) 2.192ms
[966.049s][info][gc] GC(6242) Pause Young (Normal) (G1 Evacuation Pause) 494M->189M(560M) 2.112ms
[966.262s][info][gc] GC(6243) Pause Young (Normal) (G1 Evacuation Pause) 497M->189M(560M) 2.086ms
[966.423s][info][gc] GC(6244) Pause Young (Normal) (G1 Evacuation Pause) 497M->195M(560M) 2.190ms
[966.572s][info][gc] GC(6245) Pause Young (Normal) (G1 Evacuation Pause) 495M->196M(560M) 2.242ms
[966.729s][info][gc] GC(6246) Pause Young (Normal) (G1 Evacuation Pause) 496M->200M(560M) 2.080ms
[966.873s][info][gc] GC(6247) Pause Young (Normal) (G1 Evacuation Pause) 500M->202M(560M) 2.049ms
[967.029s][info][gc] GC(6248) Pause Young (Normal) (G1 Evacuation Pause) 498M->205M(560M) 2.091ms
[967.171s][info][gc] GC(6249) Pause Young (Normal) (G1 Evacuation Pause) 497M->206M(560M) 2.106ms
[967.315s][info][gc] GC(6250) Pause Young (Normal) (G1 Evacuation Pause) 506M->209M(560M) 2.118ms
[967.468s][info][gc] GC(6251) Pause Young (Normal) (G1 Evacuation Pause) 501M->212M(560M) 2.268ms
[967.611s][info][gc] GC(6252) Pause Young (Concurrent Start) (G1 Evacuation Pause) 504M->213M(560M) 1.959ms
[967.611s][info][gc] GC(6253) Concurrent Mark Cycle
[967.620s][info][gc] GC(6253) Pause Remark 236M->125M(360M) 0.455ms
[967.624s][info][gc] GC(6253) Pause Cleanup 133M->133M(360M) 0.044ms
[967.624s][info][gc] GC(6253) Concurrent Mark Cycle 12.404ms
[967.706s][info][gc] GC(6254) Pause Young (Prepare Mixed) (G1 Evacuation Pause) 294M->104M(360M) 1.876ms
[967.810s][info][gc] GC(6255) Pause Young (Mixed) (G1 Evacuation Pause) 304M->80M(360M) 1.535ms
[967.909s][info][gc] GC(6256) Pause Young (Normal) (G1 Evacuation Pause) 276M->83M(360M) 1.571ms
[968.006s][info][gc] GC(6257) Pause Young (Normal) (G1 Evacuation Pause) 279M->84M(432M) 1.730ms
[968.126s][info][gc] GC(6258) Pause Young (Normal) (G1 Evacuation Pause) 324M->86M(432M) 1.582ms
[968.243s][info][gc] GC(6259) Pause Young (Normal) (G1 Evacuation Pause) 322M->88M(432M) 1.593ms
[968.362s][info][gc] GC(6260) Pause Young (Normal) (G1 Evacuation Pause) 324M->91M(432M) 1.711ms
[968.478s][info][gc] GC(6261) Pause Young (Normal) (G1 Evacuation Pause) 327M->91M(432M) 1.627ms
[968.600s][info][gc] GC(6262) Pause Young (Normal) (G1 Evacuation Pause) 327M->93M(432M) 1.555ms
[968.721s][info][gc] GC(6263) Pause Young (Normal) (G1 Evacuation Pause) 329M->95M(432M) 1.728ms
[968.901s][info][gc] GC(6264) Pause Young (Normal) (G1 Evacuation Pause) 331M->105M(432M) 2.366ms
[968.962s][info][gc] GC(6265) Pause Young (Normal) (G1 Evacuation Pause) 333M->110M(432M) 2.377ms
[969.019s][info][gc] GC(6266) Pause Young (Normal) (G1 Evacuation Pause) 342M->110M(432M) 2.016ms
[969.098s][info][gc] GC(6267) Pause Young (Normal) (G1 Evacuation Pause) 346M->114M(432M) 2.117ms
[969.162s][info][gc] GC(6268) Pause Young (Normal) (G1 Evacuation Pause) 354M->115M(520M) 1.859ms
[969.255s][info][gc] GC(6269) Pause Young (Normal) (G1 Evacuation Pause) 411M->119M(520M) 2.148ms
[969.331s][info][gc] GC(6270) Pause Young (Normal) (G1 Evacuation Pause) 411M->119M(520M) 1.993ms
[969.421s][info][gc] GC(6271) Pause Young (Normal) (G1 Evacuation Pause) 407M->123M(520M) 2.150ms
[969.497s][info][gc] GC(6272) Pause Young (Normal) (G1 Evacuation Pause) 411M->125M(624M) 2.270ms
[969.599s][info][gc] GC(6273) Pause Young (Normal) (G1 Evacuation Pause) 473M->128M(624M) 2.171ms
[969.713s][info][gc] GC(6274) Pause Young (Normal) (G1 Evacuation Pause) 472M->130M(624M) 2.560ms
[969.809s][info][gc] GC(6275) Pause Young (Normal) (G1 Evacuation Pause) 474M->132M(624M) 2.897ms
[969.913s][info][gc] GC(6276) Pause Young (Normal) (G1 Evacuation Pause) 476M->135M(752M) 2.554ms
[970.045s][info][gc] GC(6277) Pause Young (Normal) (G1 Evacuation Pause) 551M->138M(752M) 3.228ms
[970.163s][info][gc] GC(6278) Pause Young (Normal) (G1 Evacuation Pause) 554M->142M(752M) 2.888ms
[970.275s][info][gc] GC(6279) Pause Young (Normal) (G1 Evacuation Pause) 554M->144M(752M) 2.752ms
[970.391s][info][gc] GC(6280) Pause Young (Normal) (G1 Evacuation Pause) 556M->150M(752M) 2.790ms
[970.509s][info][gc] GC(6281) Pause Young (Normal) (G1 Evacuation Pause) 562M->154M(752M) 3.143ms
[970.633s][info][gc] GC(6282) Pause Young (Normal) (G1 Evacuation Pause) 566M->156M(752M) 2.753ms
[970.741s][info][gc] GC(6283) Pause Young (Normal) (G1 Evacuation Pause) 572M->160M(752M) 2.566ms
[970.864s][info][gc] GC(6284) Pause Young (Normal) (G1 Evacuation Pause) 576M->164M(752M) 2.639ms
[970.983s][info][gc] GC(6285) Pause Young (Normal) (G1 Evacuation Pause) 576M->168M(752M) 2.818ms
[971.109s][info][gc] GC(6286) Pause Young (Normal) (G1 Evacuation Pause) 580M->173M(752M) 2.800ms
[971.225s][info][gc] GC(6287) Pause Young (Normal) (G1 Evacuation Pause) 585M->173M(752M) 2.818ms
[971.350s][info][gc] GC(6288) Pause Young (Normal) (G1 Evacuation Pause) 589M->178M(752M) 2.676ms
[971.467s][info][gc] GC(6289) Pause Young (Normal) (G1 Evacuation Pause) 590M->181M(752M) 2.643ms
[971.582s][info][gc] GC(6290) Pause Young (Normal) (G1 Evacuation Pause) 593M->185M(752M) 2.805ms
[971.695s][info][gc] GC(6291) Pause Young (Normal) (G1 Evacuation Pause) 597M->189M(752M) 2.697ms
[971.813s][info][gc] GC(6292) Pause Young (Normal) (G1 Evacuation Pause) 601M->191M(752M) 2.537ms
[971.925s][info][gc] GC(6293) Pause Young (Normal) (G1 Evacuation Pause) 607M->196M(752M) 2.587ms
[972.042s][info][gc] GC(6294) Pause Young (Normal) (G1 Evacuation Pause) 608M->200M(752M) 2.941ms
[972.159s][info][gc] GC(6295) Pause Young (Normal) (G1 Evacuation Pause) 612M->203M(752M) 2.855ms
[972.270s][info][gc] GC(6296) Pause Young (Normal) (G1 Evacuation Pause) 615M->205M(752M) 2.626ms
[972.387s][info][gc] GC(6297) Pause Young (Normal) (G1 Evacuation Pause) 621M->209M(752M) 2.701ms
[972.504s][info][gc] GC(6298) Pause Young (Normal) (G1 Evacuation Pause) 625M->213M(752M) 2.750ms
[972.626s][info][gc] GC(6299) Pause Young (Normal) (G1 Evacuation Pause) 625M->216M(752M) 2.718ms
[972.743s][info][gc] GC(6300) Pause Young (Normal) (G1 Evacuation Pause) 632M->220M(752M) 2.661ms
[972.861s][info][gc] GC(6301) Pause Young (Normal) (G1 Evacuation Pause) 636M->223M(752M) 2.605ms
[972.980s][info][gc] GC(6302) Pause Young (Normal) (G1 Evacuation Pause) 639M->227M(752M) 2.743ms
[973.090s][info][gc] GC(6303) Pause Young (Normal) (G1 Evacuation Pause) 643M->230M(752M) 2.700ms
[973.207s][info][gc] GC(6304) Pause Young (Normal) (G1 Evacuation Pause) 646M->235M(752M) 2.846ms
[973.321s][info][gc] GC(6305) Pause Young (Normal) (G1 Evacuation Pause) 647M->238M(752M) 2.686ms
[973.437s][info][gc] GC(6306) Pause Young (Normal) (G1 Evacuation Pause) 650M->241M(752M) 2.636ms
[973.554s][info][gc] GC(6307) Pause Young (Normal) (G1 Evacuation Pause) 657M->244M(752M) 2.689ms
[973.668s][info][gc] GC(6308) Pause Young (Normal) (G1 Evacuation Pause) 660M->248M(752M) 2.674ms
[973.791s][info][gc] GC(6309) Pause Young (Normal) (G1 Evacuation Pause) 664M->252M(752M) 2.778ms
[973.907s][info][gc] GC(6310) Pause Young (Normal) (G1 Evacuation Pause) 664M->256M(752M) 2.854ms
[974.020s][info][gc] GC(6311) Pause Young (Normal) (G1 Evacuation Pause) 668M->259M(752M) 2.611ms
[974.134s][info][gc] GC(6312) Pause Young (Normal) (G1 Evacuation Pause) 671M->262M(752M) 2.608ms
[974.252s][info][gc] GC(6313) Pause Young (Normal) (G1 Evacuation Pause) 670M->267M(752M) 2.917ms
[974.367s][info][gc] GC(6314) Pause Young (Normal) (G1 Evacuation Pause) 671M->270M(752M) 2.671ms
[974.485s][info][gc] GC(6315) Pause Young (Normal) (G1 Evacuation Pause) 670M->272M(752M) 2.998ms
[974.605s][info][gc] GC(6316) Pause Young (Normal) (G1 Evacuation Pause) 676M->275M(752M) 2.591ms
[974.718s][info][gc] GC(6317) Pause Young (Normal) (G1 Evacuation Pause) 679M->279M(752M) 2.702ms
[974.834s][info][gc] GC(6318) Pause Young (Normal) (G1 Evacuation Pause) 675M->284M(752M) 2.878ms
[974.946s][info][gc] GC(6319) Pause Young (Normal) (G1 Evacuation Pause) 672M->288M(752M) 2.571ms
[975.056s][info][gc] GC(6320) Pause Young (Normal) (G1 Evacuation Pause) 672M->287M(752M) 2.406ms
[975.166s][info][gc] GC(6321) Pause Young (Concurrent Start) (G1 Evacuation Pause) 675M->291M(752M) 2.649ms
[975.166s][info][gc] GC(6322) Concurrent Mark Cycle
[975.227s][info][gc] GC(6322) Pause Remark 499M->459M(752M) 0.432ms
[975.276s][info][gc] GC(6322) Pause Cleanup 604M->604M(752M) 0.055ms
[975.286s][info][gc] GC(6322) Concurrent Mark Cycle 119.932ms
[975.290s][info][gc] GC(6323) Pause Young (Prepare Mixed) (G1 Evacuation Pause) 631M->254M(752M) 2.765ms
[975.402s][info][gc] GC(6324) Pause Young (Mixed) (G1 Evacuation Pause) 670M->248M(752M) 2.553ms
[975.520s][info][gc] GC(6325) Pause Young (Normal) (G1 Evacuation Pause) 660M->254M(752M) 2.762ms
[975.634s][info][gc] GC(6326) Pause Young (Normal) (G1 Evacuation Pause) 666M->258M(752M) 2.855ms
[975.747s][info][gc] GC(6327) Pause Young (Normal) (G1 Evacuation Pause) 670M->260M(752M) 2.689ms
[975.863s][info][gc] GC(6328) Pause Young (Normal) (G1 Evacuation Pause) 676M->266M(752M) 2.681ms
[975.976s][info][gc] GC(6329) Pause Young (Normal) (G1 Evacuation Pause) 670M->270M(752M) 2.685ms
[976.086s][info][gc] GC(6330) Pause Young (Normal) (G1 Evacuation Pause) 670M->271M(752M) 2.608ms
[976.198s][info][gc] GC(6331) Pause Young (Normal) (G1 Evacuation Pause) 679M->274M(752M) 2.571ms
[976.319s][info][gc] GC(6332) Pause Young (Normal) (G1 Evacuation Pause) 678M->277M(752M) 2.577ms
[976.456s][info][gc] GC(6333) Pause Young (Normal) (G1 Evacuation Pause) 677M->276M(752M) 2.358ms
[976.642s][info][gc] GC(6334) Pause Young (Normal) (G1 Evacuation Pause) 680M->287M(752M) 2.823ms
[976.780s][info][gc] GC(6335) Pause Young (Normal) (G1 Evacuation Pause) 667M->287M(752M) 2.895ms
[976.927s][info][gc] GC(6336) Pause Young (Normal) (G1 Evacuation Pause) 679M->294M(752M) 2.921ms
[977.068s][info][gc] GC(6337) Pause Young (Concurrent Start) (G1 Evacuation Pause) 674M->295M(752M) 2.964ms
[977.068s][info][gc] GC(6338) Concurrent Mark Cycle
[977.078s][info][gc] GC(6338) Pause Remark 319M->131M(376M) 0.473ms
[977.082s][info][gc] GC(6338) Pause Cleanup 142M->142M(376M) 0.050ms
[977.082s][info][gc] GC(6338) Concurrent Mark Cycle 14.461ms
[977.140s][info][gc] GC(6339) Pause Young (Prepare Mixed) (G1 Evacuation Pause) 299M->108M(376M) 2.315ms
[977.217s][info][gc] GC(6340) Pause Young (Mixed) (G1 Evacuation Pause) 312M->86M(376M) 1.971ms
[977.296s][info][gc] GC(6341) Pause Young (Normal) (G1 Evacuation Pause) 294M->87M(376M) 1.510ms
[977.370s][info][gc] GC(6342) Pause Young (Normal) (G1 Evacuation Pause) 295M->89M(376M) 1.469ms
[977.452s][info][gc] GC(6343) Pause Young (Normal) (G1 Evacuation Pause) 297M->92M(452M) 1.635ms
[977.546s][info][gc] GC(6344) Pause Young (Normal) (G1 Evacuation Pause) 340M->93M(452M) 1.629ms
[977.635s][info][gc] GC(6345) Pause Young (Normal) (G1 Evacuation Pause) 341M->95M(452M) 1.756ms
[977.721s][info][gc] GC(6346) Pause Young (Normal) (G1 Evacuation Pause) 339M->97M(452M) 1.807ms
[977.817s][info][gc] GC(6347) Pause Young (Normal) (G1 Evacuation Pause) 345M->99M(544M) 1.829ms
[977.930s][info][gc] GC(6348) Pause Young (Normal) (G1 Evacuation Pause) 399M->102M(544M) 2.006ms
[978.041s][info][gc] GC(6349) Pause Young (Normal) (G1 Evacuation Pause) 398M->105M(544M) 2.367ms
[978.147s][info][gc] GC(6350) Pause Young (Normal) (G1 Evacuation Pause) 401M->106M(544M) 2.042ms
[978.261s][info][gc] GC(6351) Pause Young (Normal) (G1 Evacuation Pause) 402M->110M(544M) 2.121ms
[978.367s][info][gc] GC(6352) Pause Young (Normal) (G1 Evacuation Pause) 406M->112M(656M) 2.150ms
[978.501s][info][gc] GC(6353) Pause Young (Normal) (G1 Evacuation Pause) 476M->115M(656M) 2.385ms
[978.635s][info][gc] GC(6354) Pause Young (Normal) (G1 Evacuation Pause) 475M->118M(656M) 2.302ms
[978.769s][info][gc] GC(6355) Pause Young (Normal) (G1 Evacuation Pause) 478M->119M(656M) 2.727ms
[978.902s][info][gc] GC(6356) Pause Young (Normal) (G1 Evacuation Pause) 479M->124M(656M) 2.407ms
[979.035s][info][gc] GC(6357) Pause Young (Normal) (G1 Evacuation Pause) 480M->125M(656M) 2.441ms
[979.171s][info][gc] GC(6358) Pause Young (Normal) (G1 Evacuation Pause) 485M->129M(656M) 2.305ms
[979.302s][info][gc] GC(6359) Pause Young (Normal) (G1 Evacuation Pause) 489M->133M(656M) 2.374ms
[979.439s][info][gc] GC(6360) Pause Young (Normal) (G1 Evacuation Pause) 493M->137M(656M) 2.439ms
[979.576s][info][gc] GC(6361) Pause Young (Normal) (G1 Evacuation Pause) 493M->137M(656M) 2.670ms
[979.713s][info][gc] GC(6362) Pause Young (Normal) (G1 Evacuation Pause) 501M->142M(656M) 2.391ms
[979.851s][info][gc] GC(6363) Pause Young (Normal) (G1 Evacuation Pause) 498M->144M(656M) 2.465ms
[979.988s][info][gc] GC(6364) Pause Young (Normal) (G1 Evacuation Pause) 504M->147M(656M) 2.326ms
[980.128s][info][gc] GC(6365) Pause Young (Normal) (G1 Evacuation Pause) 507M->151M(656M) 2.558ms
[980.256s][info][gc] GC(6366) Pause Young (Normal) (G1 Evacuation Pause) 507M->154M(656M) 2.589ms
[980.388s][info][gc] GC(6367) Pause Young (Normal) (G1 Evacuation Pause) 514M->157M(656M) 2.535ms
[980.519s][info][gc] GC(6368) Pause Young (Normal) (G1 Evacuation Pause) 517M->159M(656M) 2.636ms
[980.663s][info][gc] GC(6369) Pause Young (Normal) (G1 Evacuation Pause) 519M->162M(656M) 2.323ms
[980.799s][info][gc] GC(6370) Pause Young (Normal) (G1 Evacuation Pause) 522M->166M(656M) 2.555ms
[980.933s][info][gc] GC(6371) Pause Young (Normal) (G1 Evacuation Pause) 522M->167M(656M) 2.487ms
[981.072s][info][gc] GC(6372) Pause Young (Normal) (G1 Evacuation Pause) 531M->170M(656M) 2.317ms
[981.204s][info][gc] GC(6373) Pause Young (Normal) (G1 Evacuation Pause) 534M->173M(656M) 2.318ms
[981.337s][info][gc] GC(6374) Pause Young (Normal) (G1 Evacuation Pause) 537M->177M(656M) 2.339ms
[981.471s][info][gc] GC(6375) Pause Young (Normal) (G1 Evacuation Pause) 537M->181M(656M) 2.414ms
[981.604s][info][gc] GC(6376) Pause Young (Normal) (G1 Evacuation Pause) 541M->184M(656M) 2.267ms
[981.735s][info][gc] GC(6377) Pause Young (Normal) (G1 Evacuation Pause) 540M->189M(656M) 2.456ms
[981.868s][info][gc] GC(6378) Pause Young (Normal) (G1 Evacuation Pause) 549M->192M(656M) 2.422ms
[982.000s][info][gc] GC(6379) Pause Young (Normal) (G1 Evacuation Pause) 552M->192M(656M) 2.497ms
[982.134s][info][gc] GC(6380) Pause Young (Normal) (G1 Evacuation Pause) 552M->195M(656M) 2.356ms
[982.269s][info][gc] GC(6381) Pause Young (Normal) (G1 Evacuation Pause) 555M->199M(656M) 2.375ms
[982.396s][info][gc] GC(6382) Pause Young (Normal) (G1 Evacuation Pause) 559M->202M(656M) 2.290ms
[982.550s][info][gc] GC(6383) Pause Young (Normal) (G1 Evacuation Pause) 562M->203M(656M) 2.258ms
[982.731s][info][gc] GC(6384) Pause Young (Normal) (G1 Evacuation Pause) 567M->205M(656M) 2.275ms
[982.914s][info][gc] GC(6385) Pause Young (Normal) (G1 Evacuation Pause) 565M->209M(656M) 2.381ms
[983.090s][info][gc] GC(6386) Pause Young (Normal) (G1 Evacuation Pause) 569M->212M(656M) 2.354ms
[983.270s][info][gc] GC(6387) Pause Young (Normal) (G1 Evacuation Pause) 572M->214M(656M) 2.314ms
[983.453s][info][gc] GC(6388) Pause Young (Normal) (G1 Evacuation Pause) 574M->218M(656M) 2.327ms
[983.641s][info][gc] GC(6389) Pause Young (Normal) (G1 Evacuation Pause) 578M->222M(656M) 2.478ms
[983.811s][info][gc] GC(6390) Pause Young (Normal) (G1 Evacuation Pause) 582M->223M(656M) 2.288ms
[983.992s][info][gc] GC(6391) Pause Young (Normal) (G1 Evacuation Pause) 579M->227M(656M) 2.430ms
[984.170s][info][gc] GC(6392) Pause Young (Normal) (G1 Evacuation Pause) 583M->231M(656M) 2.338ms
[984.347s][info][gc] GC(6393) Pause Young (Normal) (G1 Evacuation Pause) 583M->232M(656M) 2.327ms
[984.526s][info][gc] GC(6394) Pause Young (Normal) (G1 Evacuation Pause) 584M->237M(656M) 2.232ms
[984.703s][info][gc] GC(6395) Pause Young (Normal) (G1 Evacuation Pause) 589M->239M(656M) 2.252ms
[984.880s][info][gc] GC(6396) Pause Young (Normal) (G1 Evacuation Pause) 587M->243M(656M) 2.196ms
[985.055s][info][gc] GC(6397) Pause Young (Normal) (G1 Evacuation Pause) 587M->245M(656M) 2.202ms
[985.223s][info][gc] GC(6398) Pause Young (Concurrent Start) (G1 Evacuation Pause) 585M->248M(656M) 2.186ms
[985.223s][info][gc] GC(6399) Concurrent Mark Cycle
[985.256s][info][gc] GC(6399) Pause Remark 304M->294M(656M) 0.416ms
[985.282s][info][gc] GC(6399) Pause Cleanup 343M->343M(656M) 0.054ms
[985.284s][info][gc] GC(6399) Concurrent Mark Cycle 61.203ms
[985.404s][info][gc] GC(6400) Pause Young (Prepare Mixed) (G1 Evacuation Pause) 578M->240M(656M) 2.310ms
[985.578s][info][gc] GC(6401) Pause Young (Mixed) (G1 Evacuation Pause) 584M->212M(656M) 4.449ms
[985.766s][info][gc] GC(6402) Pause Young (Mixed) (G1 Evacuation Pause) 576M->209M(656M) 2.765ms
[985.952s][info][gc] GC(6403) Pause Young (Normal) (G1 Evacuation Pause) 569M->214M(656M) 2.433ms
[986.140s][info][gc] GC(6404) Pause Young (Normal) (G1 Evacuation Pause) 574M->218M(656M) 2.339ms
[986.321s][info][gc] GC(6405) Pause Young (Normal) (G1 Evacuation Pause) 578M->220M(656M) 2.304ms
[986.501s][info][gc] GC(6406) Pause Young (Normal) (G1 Evacuation Pause) 580M->224M(656M) 2.544ms
[986.681s][info][gc] GC(6407) Pause Young (Normal) (G1 Evacuation Pause) 584M->226M(656M) 2.378ms
[986.866s][info][gc] GC(6408) Pause Young (Normal) (G1 Evacuation Pause) 582M->229M(656M) 2.293ms
[987.039s][info][gc] GC(6409) Pause Young (Normal) (G1 Evacuation Pause) 585M->234M(656M) 2.620ms
[987.222s][info][gc] GC(6410) Pause Young (Normal) (G1 Evacuation Pause) 586M->237M(656M) 2.467ms
[987.396s][info][gc] GC(6411) Pause Young (Normal) (G1 Evacuation Pause) 581M->239M(656M) 2.254ms
[987.571s][info][gc] GC(6412) Pause Young (Normal) (G1 Evacuation Pause) 591M->242M(656M) 2.222ms
[987.888s][info][gc] GC(6413) Pause Young (Normal) (G1 Evacuation Pause) 590M->247M(656M) 2.563ms
[988.021s][info][gc] GC(6414) Pause Young (Normal) (G1 Evacuation Pause) 583M->250M(656M) 2.409ms
[988.163s][info][gc] GC(6415) Pause Young (Normal) (G1 Evacuation Pause) 590M->254M(656M) 2.277ms
[988.300s][info][gc] GC(6416) Pause Young (Concurrent Start) (G1 Evacuation Pause) 586M->253M(656M) 2.350ms
[988.300s][info][gc] GC(6417) Concurrent Mark Cycle
[988.309s][info][gc] GC(6417) Pause Remark 267M->139M(428M) 0.440ms
[988.313s][info][gc] GC(6417) Pause Cleanup 146M->146M(428M) 0.049ms
[988.313s][info][gc] GC(6417) Concurrent Mark Cycle 12.732ms
[988.392s][info][gc] GC(6418) Pause Young (Prepare Mixed) (G1 Evacuation Pause) 357M->129M(428M) 2.092ms
[988.491s][info][gc] GC(6419) Pause Young (Mixed) (G1 Evacuation Pause) 365M->91M(428M) 2.138ms
[988.589s][info][gc] GC(6420) Pause Young (Mixed) (G1 Evacuation Pause) 327M->89M(428M) 1.790ms
[988.689s][info][gc] GC(6421) Pause Young (Normal) (G1 Evacuation Pause) 325M->92M(428M) 1.753ms
[988.784s][info][gc] GC(6422) Pause Young (Normal) (G1 Evacuation Pause) 328M->93M(516M) 1.747ms
[988.905s][info][gc] GC(6423) Pause Young (Normal) (G1 Evacuation Pause) 381M->96M(516M) 1.698ms
[989.021s][info][gc] GC(6424) Pause Young (Normal) (G1 Evacuation Pause) 384M->99M(516M) 1.802ms
[989.139s][info][gc] GC(6425) Pause Young (Normal) (G1 Evacuation Pause) 383M->101M(516M) 1.966ms
[989.253s][info][gc] GC(6426) Pause Young (Normal) (G1 Evacuation Pause) 381M->104M(516M) 2.135ms
[989.370s][info][gc] GC(6427) Pause Young (Normal) (G1 Evacuation Pause) 384M->106M(516M) 2.011ms
[989.485s][info][gc] GC(6428) Pause Young (Normal) (G1 Evacuation Pause) 386M->107M(516M) 2.025ms
[989.605s][info][gc] GC(6429) Pause Young (Normal) (G1 Evacuation Pause) 391M->108M(516M) 1.796ms
[989.726s][info][gc] GC(6430) Pause Young (Normal) (G1 Evacuation Pause) 392M->111M(516M) 1.865ms
[989.846s][info][gc] GC(6431) Pause Young (Normal) (G1 Evacuation Pause) 395M->114M(516M) 2.136ms
[989.963s][info][gc] GC(6432) Pause Young (Normal) (G1 Evacuation Pause) 398M->117M(620M) 2.063ms
[990.189s][info][gc] GC(6433) Pause Young (Normal) (G1 Evacuation Pause) 465M->120M(620M) 2.131ms
[990.328s][info][gc] GC(6434) Pause Young (Normal) (G1 Evacuation Pause) 464M->123M(620M) 2.313ms
[990.480s][info][gc] GC(6435) Pause Young (Normal) (G1 Evacuation Pause) 467M->126M(620M) 2.368ms
[990.621s][info][gc] GC(6436) Pause Young (Normal) (G1 Evacuation Pause) 470M->130M(620M) 2.316ms
[990.757s][info][gc] GC(6437) Pause Young (Normal) (G1 Evacuation Pause) 470M->131M(620M) 2.429ms
[990.906s][info][gc] GC(6438) Pause Young (Normal) (G1 Evacuation Pause) 475M->136M(620M) 2.380ms
[991.045s][info][gc] GC(6439) Pause Young (Normal) (G1 Evacuation Pause) 476M->137M(620M) 2.627ms
[991.186s][info][gc] GC(6440) Pause Young (Normal) (G1 Evacuation Pause) 481M->140M(620M) 2.425ms
[991.328s][info][gc] GC(6441) Pause Young (Normal) (G1 Evacuation Pause) 484M->142M(620M) 2.480ms
[991.475s][info][gc] GC(6442) Pause Young (Normal) (G1 Evacuation Pause) 486M->147M(620M) 2.256ms
[991.614s][info][gc] GC(6443) Pause Young (Normal) (G1 Evacuation Pause) 487M->149M(620M) 2.549ms
[991.752s][info][gc] GC(6444) Pause Young (Normal) (G1 Evacuation Pause) 493M->152M(620M) 2.414ms
[991.901s][info][gc] GC(6445) Pause Young (Normal) (G1 Evacuation Pause) 496M->155M(620M) 2.225ms
[992.040s][info][gc] GC(6446) Pause Young (Normal) (G1 Evacuation Pause) 499M->158M(620M) 2.252ms
[992.178s][info][gc] GC(6447) Pause Young (Normal) (G1 Evacuation Pause) 498M->161M(620M) 2.216ms
[992.401s][info][gc] GC(6448) Pause Young (Normal) (G1 Evacuation Pause) 505M->163M(620M) 2.279ms
[992.542s][info][gc] GC(6449) Pause Young (Normal) (G1 Evacuation Pause) 507M->167M(620M) 2.295ms
[992.679s][info][gc] GC(6450) Pause Young (Normal) (G1 Evacuation Pause) 507M->172M(620M) 2.369ms
[992.815s][info][gc] GC(6451) Pause Young (Normal) (G1 Evacuation Pause) 512M->171M(620M) 2.244ms
[992.965s][info][gc] GC(6452) Pause Young (Normal) (G1 Evacuation Pause) 515M->174M(620M) 2.292ms
[993.101s][info][gc] GC(6453) Pause Young (Normal) (G1 Evacuation Pause) 518M->177M(620M) 2.340ms
[993.239s][info][gc] GC(6454) Pause Young (Normal) (G1 Evacuation Pause) 521M->181M(620M) 2.572ms
[993.381s][info][gc] GC(6455) Pause Young (Normal) (G1 Evacuation Pause) 521M->183M(620M) 2.363ms
[993.525s][info][gc] GC(6456) Pause Young (Normal) (G1 Evacuation Pause) 527M->186M(620M) 2.412ms
[993.665s][info][gc] GC(6457) Pause Young (Normal) (G1 Evacuation Pause) 530M->189M(620M) 2.227ms
[993.807s][info][gc] GC(6458) Pause Young (Normal) (G1 Evacuation Pause) 533M->192M(620M) 2.239ms
[993.950s][info][gc] GC(6459) Pause Young (Normal) (G1 Evacuation Pause) 536M->195M(620M) 2.281ms
[994.090s][info][gc] GC(6460) Pause Young (Normal) (G1 Evacuation Pause) 535M->198M(620M) 2.353ms
[994.227s][info][gc] GC(6461) Pause Young (Normal) (G1 Evacuation Pause) 542M->201M(620M) 2.244ms
[994.376s][info][gc] GC(6462) Pause Young (Normal) (G1 Evacuation Pause) 545M->204M(620M) 2.367ms
[994.514s][info][gc] GC(6463) Pause Young (Normal) (G1 Evacuation Pause) 548M->207M(620M) 2.299ms
[994.738s][info][gc] GC(6464) Pause Young (Normal) (G1 Evacuation Pause) 551M->210M(620M) 2.187ms
[994.869s][info][gc] GC(6465) Pause Young (Normal) (G1 Evacuation Pause) 542M->211M(620M) 2.293ms
[995.042s][info][gc] GC(6466) Pause Young (Normal) (G1 Evacuation Pause) 551M->216M(620M) 2.515ms
[995.181s][info][gc] GC(6467) Pause Young (Normal) (G1 Evacuation Pause) 544M->219M(620M) 2.303ms
[995.315s][info][gc] GC(6468) Pause Young (Normal) (G1 Evacuation Pause) 543M->221M(620M) 2.315ms
[995.447s][info][gc] GC(6469) Pause Young (Normal) (G1 Evacuation Pause) 549M->222M(620M) 2.363ms
[995.586s][info][gc] GC(6470) Pause Young (Normal) (G1 Evacuation Pause) 550M->226M(620M) 2.344ms
[995.712s][info][gc] GC(6471) Pause Young (Normal) (G1 Evacuation Pause) 546M->228M(620M) 2.463ms
[995.845s][info][gc] GC(6472) Pause Young (Concurrent Start) (G1 Evacuation Pause) 552M->232M(620M) 2.030ms
[995.845s][info][gc] GC(6473) Concurrent Mark Cycle
[995.854s][info][gc] GC(6473) Pause Remark 256M->134M(376M) 0.438ms
[995.857s][info][gc] GC(6473) Pause Cleanup 142M->142M(376M) 0.054ms
[995.858s][info][gc] GC(6473) Concurrent Mark Cycle 12.561ms
[995.930s][info][gc] GC(6474) Pause Young (Prepare Mixed) (G1 Evacuation Pause) 306M->111M(376M) 2.036ms
[996.018s][info][gc] GC(6475) Pause Young (Mixed) (G1 Evacuation Pause) 315M->81M(376M) 2.007ms
[996.094s][info][gc] GC(6476) Pause Young (Normal) (G1 Evacuation Pause) 285M->80M(376M) 1.439ms
[996.181s][info][gc] GC(6477) Pause Young (Normal) (G1 Evacuation Pause) 288M->84M(452M) 1.633ms
[996.288s][info][gc] GC(6478) Pause Young (Normal) (G1 Evacuation Pause) 336M->85M(452M) 1.765ms
[996.394s][info][gc] GC(6479) Pause Young (Normal) (G1 Evacuation Pause) 333M->89M(452M) 1.718ms
[996.496s][info][gc] GC(6480) Pause Young (Normal) (G1 Evacuation Pause) 333M->90M(452M) 1.742ms
[996.598s][info][gc] GC(6481) Pause Young (Normal) (G1 Evacuation Pause) 338M->92M(544M) 1.761ms
[996.721s][info][gc] GC(6482) Pause Young (Normal) (G1 Evacuation Pause) 396M->96M(544M) 1.848ms
[996.845s][info][gc] GC(6483) Pause Young (Normal) (G1 Evacuation Pause) 396M->97M(544M) 1.911ms
[997.032s][info][gc] GC(6484) Pause Young (Normal) (G1 Evacuation Pause) 393M->101M(544M) 2.059ms
[997.159s][info][gc] GC(6485) Pause Young (Normal) (G1 Evacuation Pause) 397M->101M(544M) 2.112ms
[997.283s][info][gc] GC(6486) Pause Young (Normal) (G1 Evacuation Pause) 401M->106M(544M) 2.211ms
[997.404s][info][gc] GC(6487) Pause Young (Normal) (G1 Evacuation Pause) 402M->109M(544M) 2.302ms
[997.527s][info][gc] GC(6488) Pause Young (Normal) (G1 Evacuation Pause) 405M->111M(544M) 2.216ms
[997.649s][info][gc] GC(6489) Pause Young (Normal) (G1 Evacuation Pause) 407M->113M(544M) 2.134ms
[997.768s][info][gc] GC(6490) Pause Young (Normal) (G1 Evacuation Pause) 409M->115M(544M) 2.141ms
[997.889s][info][gc] GC(6491) Pause Young (Normal) (G1 Evacuation Pause) 411M->117M(544M) 2.122ms
[998.006s][info][gc] GC(6492) Pause Young (Normal) (G1 Evacuation Pause) 413M->121M(544M) 2.242ms
[998.138s][info][gc] GC(6493) Pause Young (Normal) (G1 Evacuation Pause) 417M->124M(544M) 2.009ms
[998.259s][info][gc] GC(6494) Pause Young (Normal) (G1 Evacuation Pause) 420M->126M(544M) 2.243ms
[998.380s][info][gc] GC(6495) Pause Young (Normal) (G1 Evacuation Pause) 422M->129M(544M) 2.155ms
[998.497s][info][gc] GC(6496) Pause Young (Normal) (G1 Evacuation Pause) 425M->130M(544M) 2.102ms
[998.621s][info][gc] GC(6497) Pause Young (Normal) (G1 Evacuation Pause) 426M->134M(544M) 2.167ms
[998.742s][info][gc] GC(6498) Pause Young (Normal) (G1 Evacuation Pause) 430M->135M(544M) 2.109ms
[998.865s][info][gc] GC(6499) Pause Young (Normal) (G1 Evacuation Pause) 435M->139M(544M) 2.013ms
[998.986s][info][gc] GC(6500) Pause Young (Normal) (G1 Evacuation Pause) 435M->139M(544M) 2.121ms
[999.184s][info][gc] GC(6501) Pause Young (Normal) (G1 Evacuation Pause) 435M->144M(544M) 2.171ms
[999.306s][info][gc] GC(6502) Pause Young (Normal) (G1 Evacuation Pause) 440M->147M(544M) 2.257ms
[999.433s][info][gc] GC(6503) Pause Young (Normal) (G1 Evacuation Pause) 443M->150M(544M) 2.400ms
[999.555s][info][gc] GC(6504) Pause Young (Normal) (G1 Evacuation Pause) 446M->152M(544M) 2.074ms
[999.678s][info][gc] GC(6505) Pause Young (Normal) (G1 Evacuation Pause) 448M->152M(544M) 2.092ms
[999.804s][info][gc] GC(6506) Pause Young (Normal) (G1 Evacuation Pause) 452M->158M(544M) 2.123ms
[999.926s][info][gc] GC(6507) Pause Young (Normal) (G1 Evacuation Pause) 454M->158M(544M) 2.364ms
[1000.050s][info][gc] GC(6508) Pause Young (Normal) (G1 Evacuation Pause) 454M->161M(544M) 2.304ms
[1000.181s][info][gc] GC(6509) Pause Young (Normal) (G1 Evacuation Pause) 457M->163M(544M) 2.192ms
[1000.304s][info][gc] GC(6510) Pause Young (Normal) (G1 Evacuation Pause) 459M->167M(544M) 2.370ms
[1000.425s][info][gc] GC(6511) Pause Young (Normal) (G1 Evacuation Pause) 463M->170M(656M) 2.252ms
[1000.575s][info][gc] GC(6512) Pause Young (Normal) (G1 Evacuation Pause) 534M->173M(656M) 2.270ms
[1000.726s][info][gc] GC(6513) Pause Young (Normal) (G1 Evacuation Pause) 533M->174M(656M) 2.358ms
[1000.871s][info][gc] GC(6514) Pause Young (Normal) (G1 Evacuation Pause) 534M->179M(656M) 2.375ms
[1001.011s][info][gc] GC(6515) Pause Young (Normal) (G1 Evacuation Pause) 539M->181M(656M) 2.465ms
[1001.174s][info][gc] GC(6516) Pause Young (Normal) (G1 Evacuation Pause) 541M->184M(656M) 2.583ms
[1001.324s][info][gc] GC(6517) Pause Young (Normal) (G1 Evacuation Pause) 544M->189M(656M) 2.406ms
[1001.543s][info][gc] GC(6518) Pause Young (Normal) (G1 Evacuation Pause) 549M->191M(656M) 2.398ms
[1001.695s][info][gc] GC(6519) Pause Young (Normal) (G1 Evacuation Pause) 551M->194M(656M) 2.519ms
[1001.842s][info][gc] GC(6520) Pause Young (Normal) (G1 Evacuation Pause) 550M->196M(656M) 2.558ms
[1001.988s][info][gc] GC(6521) Pause Young (Normal) (G1 Evacuation Pause) 556M->198M(656M) 2.418ms
[1002.143s][info][gc] GC(6522) Pause Young (Normal) (G1 Evacuation Pause) 562M->203M(656M) 2.458ms
[1002.294s][info][gc] GC(6523) Pause Young (Normal) (G1 Evacuation Pause) 563M->207M(656M) 2.870ms
[1002.449s][info][gc] GC(6524) Pause Young (Normal) (G1 Evacuation Pause) 567M->209M(656M) 2.788ms
[1002.603s][info][gc] GC(6525) Pause Young (Normal) (G1 Evacuation Pause) 569M->212M(656M) 2.827ms
[1002.747s][info][gc] GC(6526) Pause Young (Normal) (G1 Evacuation Pause) 568M->214M(656M) 2.531ms
[1002.903s][info][gc] GC(6527) Pause Young (Normal) (G1 Evacuation Pause) 578M->217M(656M) 2.254ms
[1003.050s][info][gc] GC(6528) Pause Young (Normal) (G1 Evacuation Pause) 577M->222M(656M) 2.467ms
[1003.190s][info][gc] GC(6529) Pause Young (Normal) (G1 Evacuation Pause) 578M->223M(656M) 2.300ms
[1003.343s][info][gc] GC(6530) Pause Young (Normal) (G1 Evacuation Pause) 583M->227M(656M) 2.469ms
[1003.489s][info][gc] GC(6531) Pause Young (Normal) (G1 Evacuation Pause) 587M->230M(656M) 2.471ms
[1003.637s][info][gc] GC(6532) Pause Young (Normal) (G1 Evacuation Pause) 586M->231M(656M) 2.223ms
[1003.850s][info][gc] GC(6533) Pause Young (Normal) (G1 Evacuation Pause) 583M->237M(656M) 2.487ms
[1003.990s][info][gc] GC(6534) Pause Young (Normal) (G1 Evacuation Pause) 577M->241M(656M) 2.479ms
[1004.128s][info][gc] GC(6535) Pause Young (Normal) (G1 Evacuation Pause) 585M->243M(656M) 2.357ms
[1004.278s][info][gc] GC(6536) Pause Young (Normal) (G1 Evacuation Pause) 583M->246M(656M) 2.617ms
[1004.417s][info][gc] GC(6537) Pause Young (Normal) (G1 Evacuation Pause) 582M->249M(656M) 2.677ms
[1004.558s][info][gc] GC(6538) Pause Young (Normal) (G1 Evacuation Pause) 585M->251M(656M) 2.678ms
[1004.695s][info][gc] GC(6539) Pause Young (Concurrent Start) (G1 Evacuation Pause) 583M->253M(656M) 2.423ms
[1004.695s][info][gc] GC(6540) Concurrent Mark Cycle
[1004.706s][info][gc] GC(6540) Pause Remark 277M->129M(360M) 0.459ms
[1004.709s][info][gc] GC(6540) Pause Cleanup 133M->133M(360M) 0.050ms
[1004.709s][info][gc] GC(6540) Concurrent Mark Cycle 14.332ms
[1004.776s][info][gc] GC(6541) Pause Young (Prepare Mixed) (G1 Evacuation Pause) 293M->108M(360M) 2.377ms
[1004.862s][info][gc] GC(6542) Pause Young (Mixed) (G1 Evacuation Pause) 304M->81M(360M) 1.777ms
[1004.949s][info][gc] GC(6543) Pause Young (Normal) (G1 Evacuation Pause) 277M->82M(360M) 1.746ms
[1005.026s][info][gc] GC(6544) Pause Young (Normal) (G1 Evacuation Pause) 282M->83M(432M) 1.541ms
[1005.124s][info][gc] GC(6545) Pause Young (Normal) (G1 Evacuation Pause) 323M->85M(432M) 1.529ms
[1005.226s][info][gc] GC(6546) Pause Young (Normal) (G1 Evacuation Pause) 321M->89M(432M) 1.782ms
[1005.323s][info][gc] GC(6547) Pause Young (Normal) (G1 Evacuation Pause) 325M->90M(432M) 1.757ms
[1005.421s][info][gc] GC(6548) Pause Young (Normal) (G1 Evacuation Pause) 326M->92M(520M) 1.690ms
[1005.542s][info][gc] GC(6549) Pause Young (Normal) (G1 Evacuation Pause) 384M->94M(520M) 1.993ms
[1005.660s][info][gc] GC(6550) Pause Young (Normal) (G1 Evacuation Pause) 382M->97M(520M) 1.943ms
[1005.773s][info][gc] GC(6551) Pause Young (Normal) (G1 Evacuation Pause) 381M->99M(520M) 2.013ms
[1005.890s][info][gc] GC(6552) Pause Young (Normal) (G1 Evacuation Pause) 387M->102M(520M) 1.886ms
[1006.081s][info][gc] GC(6553) Pause Young (Normal) (G1 Evacuation Pause) 390M->104M(520M) 2.029ms
[1006.196s][info][gc] GC(6554) Pause Young (Normal) (G1 Evacuation Pause) 388M->107M(520M) 2.048ms
[1006.324s][info][gc] GC(6555) Pause Young (Normal) (G1 Evacuation Pause) 395M->109M(520M) 1.995ms
[1006.446s][info][gc] GC(6556) Pause Young (Normal) (G1 Evacuation Pause) 397M->113M(520M) 2.167ms
[1006.562s][info][gc] GC(6557) Pause Young (Normal) (G1 Evacuation Pause) 397M->114M(520M) 2.096ms
[1006.680s][info][gc] GC(6558) Pause Young (Normal) (G1 Evacuation Pause) 402M->116M(624M) 2.131ms
[1006.835s][info][gc] GC(6559) Pause Young (Normal) (G1 Evacuation Pause) 460M->120M(624M) 2.525ms
[1006.983s][info][gc] GC(6560) Pause Young (Normal) (G1 Evacuation Pause) 464M->121M(624M) 2.336ms
[1007.126s][info][gc] GC(6561) Pause Young (Normal) (G1 Evacuation Pause) 465M->125M(624M) 2.330ms
[1007.272s][info][gc] GC(6562) Pause Young (Normal) (G1 Evacuation Pause) 465M->127M(624M) 2.534ms
[1007.412s][info][gc] GC(6563) Pause Young (Normal) (G1 Evacuation Pause) 471M->130M(624M) 2.233ms
[1007.563s][info][gc] GC(6564) Pause Young (Normal) (G1 Evacuation Pause) 474M->133M(624M) 2.324ms
[1007.697s][info][gc] GC(6565) Pause Young (Normal) (G1 Evacuation Pause) 473M->136M(624M) 2.367ms
[1007.837s][info][gc] GC(6566) Pause Young (Normal) (G1 Evacuation Pause) 476M->140M(624M) 2.304ms
[1007.980s][info][gc] GC(6567) Pause Young (Normal) (G1 Evacuation Pause) 480M->141M(624M) 2.300ms
[1008.128s][info][gc] GC(6568) Pause Young (Normal) (G1 Evacuation Pause) 485M->146M(624M) 2.181ms
[1008.344s][info][gc] GC(6569) Pause Young (Normal) (G1 Evacuation Pause) 486M->149M(624M) 2.442ms
[1008.480s][info][gc] GC(6570) Pause Young (Normal) (G1 Evacuation Pause) 489M->151M(624M) 2.397ms
[1008.632s][info][gc] GC(6571) Pause Young (Normal) (G1 Evacuation Pause) 491M->153M(624M) 2.296ms
[1008.769s][info][gc] GC(6572) Pause Young (Normal) (G1 Evacuation Pause) 497M->158M(624M) 2.347ms
[1008.908s][info][gc] GC(6573) Pause Young (Normal) (G1 Evacuation Pause) 498M->159M(624M) 2.302ms
[1009.053s][info][gc] GC(6574) Pause Young (Normal) (G1 Evacuation Pause) 503M->162M(624M) 2.504ms
[1009.194s][info][gc] GC(6575) Pause Young (Normal) (G1 Evacuation Pause) 506M->165M(624M) 2.412ms
[1009.330s][info][gc] GC(6576) Pause Young (Normal) (G1 Evacuation Pause) 509M->168M(624M) 2.350ms
[1009.468s][info][gc] GC(6577) Pause Young (Normal) (G1 Evacuation Pause) 508M->169M(624M) 2.368ms
[1009.619s][info][gc] GC(6578) Pause Young (Normal) (G1 Evacuation Pause) 513M->173M(624M) 2.231ms
[1009.758s][info][gc] GC(6579) Pause Young (Normal) (G1 Evacuation Pause) 513M->177M(624M) 2.451ms
[1009.896s][info][gc] GC(6580) Pause Young (Normal) (G1 Evacuation Pause) 521M->180M(624M) 2.215ms
[1010.044s][info][gc] GC(6581) Pause Young (Normal) (G1 Evacuation Pause) 524M->183M(624M) 2.199ms
[1010.184s][info][gc] GC(6582) Pause Young (Normal) (G1 Evacuation Pause) 527M->185M(624M) 2.300ms
[1010.320s][info][gc] GC(6583) Pause Young (Normal) (G1 Evacuation Pause) 529M->188M(624M) 2.210ms
[1010.542s][info][gc] GC(6584) Pause Young (Normal) (G1 Evacuation Pause) 532M->190M(624M) 2.219ms
[1010.655s][info][gc] GC(6585) Pause Young (Normal) (G1 Evacuation Pause) 534M->207M(624M) 3.155ms
[1010.739s][info][gc] GC(6586) Pause Young (Normal) (G1 Evacuation Pause) 535M->205M(624M) 2.999ms
[1010.831s][info][gc] GC(6587) Pause Young (Normal) (G1 Evacuation Pause) 549M->212M(624M) 2.748ms
[1010.926s][info][gc] GC(6588) Pause Young (Normal) (G1 Evacuation Pause) 552M->212M(624M) 2.735ms
[1011.013s][info][gc] GC(6589) Pause Young (Normal) (G1 Evacuation Pause) 560M->217M(752M) 2.719ms
[1011.133s][info][gc] GC(6590) Pause Young (Normal) (G1 Evacuation Pause) 637M->221M(752M) 3.010ms
[1011.239s][info][gc] GC(6591) Pause Young (Normal) (G1 Evacuation Pause) 637M->223M(752M) 2.874ms
[1011.353s][info][gc] GC(6592) Pause Young (Normal) (G1 Evacuation Pause) 635M->227M(752M) 3.268ms
[1011.463s][info][gc] GC(6593) Pause Young (Normal) (G1 Evacuation Pause) 643M->228M(752M) 2.748ms
[1011.574s][info][gc] GC(6594) Pause Young (Normal) (G1 Evacuation Pause) 644M->233M(752M) 3.109ms
[1011.688s][info][gc] GC(6595) Pause Young (Normal) (G1 Evacuation Pause) 649M->238M(904M) 2.873ms
[1011.832s][info][gc] GC(6596) Pause Young (Normal) (G1 Evacuation Pause) 742M->239M(904M) 3.185ms
[1011.963s][info][gc] GC(6597) Pause Young (Normal) (G1 Evacuation Pause) 743M->245M(904M) 3.114ms
[1012.104s][info][gc] GC(6598) Pause Young (Normal) (G1 Evacuation Pause) 741M->249M(904M) 3.331ms
[1012.228s][info][gc] GC(6599) Pause Young (Normal) (G1 Evacuation Pause) 749M->254M(904M) 3.127ms
[1012.373s][info][gc] GC(6600) Pause Young (Normal) (G1 Evacuation Pause) 750M->258M(904M) 3.635ms
[1012.511s][info][gc] GC(6601) Pause Young (Normal) (G1 Evacuation Pause) 754M->264M(904M) 3.304ms
[1012.640s][info][gc] GC(6602) Pause Young (Normal) (G1 Evacuation Pause) 760M->265M(904M) 3.442ms
[1012.777s][info][gc] GC(6603) Pause Young (Normal) (G1 Evacuation Pause) 765M->271M(904M) 3.320ms
[1012.910s][info][gc] GC(6604) Pause Young (Normal) (G1 Evacuation Pause) 767M->273M(904M) 3.330ms
[1013.054s][info][gc] GC(6605) Pause Young (Normal) (G1 Evacuation Pause) 773M->280M(904M) 3.328ms
[1013.185s][info][gc] GC(6606) Pause Young (Normal) (G1 Evacuation Pause) 780M->283M(904M) 3.097ms
[1013.328s][info][gc] GC(6607) Pause Young (Normal) (G1 Evacuation Pause) 783M->289M(904M) 3.347ms
[1013.469s][info][gc] GC(6608) Pause Young (Normal) (G1 Evacuation Pause) 781M->291M(904M) 3.581ms
[1013.614s][info][gc] GC(6609) Pause Young (Normal) (G1 Evacuation Pause) 791M->296M(904M) 3.196ms
[1013.761s][info][gc] GC(6610) Pause Young (Normal) (G1 Evacuation Pause) 796M->301M(904M) 3.459ms
[1013.903s][info][gc] GC(6611) Pause Young (Normal) (G1 Evacuation Pause) 801M->306M(904M) 3.100ms
[1014.040s][info][gc] GC(6612) Pause Young (Normal) (G1 Evacuation Pause) 806M->309M(904M) 3.264ms
[1014.178s][info][gc] GC(6613) Pause Young (Normal) (G1 Evacuation Pause) 809M->314M(904M) 3.221ms
[1014.316s][info][gc] GC(6614) Pause Young (Normal) (G1 Evacuation Pause) 806M->317M(904M) 3.675ms
[1014.448s][info][gc] GC(6615) Pause Young (Normal) (G1 Evacuation Pause) 809M->321M(904M) 3.051ms
[1014.587s][info][gc] GC(6616) Pause Young (Normal) (G1 Evacuation Pause) 809M->324M(904M) 3.026ms
[1014.724s][info][gc] GC(6617) Pause Young (Normal) (G1 Evacuation Pause) 808M->331M(904M) 3.264ms
[1014.861s][info][gc] GC(6618) Pause Young (Normal) (G1 Evacuation Pause) 811M->335M(904M) 3.291ms
[1014.989s][info][gc] GC(6619) Pause Young (Normal) (G1 Evacuation Pause) 811M->338M(904M) 3.102ms
[1015.126s][info][gc] GC(6620) Pause Young (Normal) (G1 Evacuation Pause) 810M->342M(904M) 3.033ms
[1015.250s][info][gc] GC(6621) Pause Young (Concurrent Start) (G1 Evacuation Pause) 810M->348M(904M) 3.328ms
[1015.250s][info][gc] GC(6622) Concurrent Mark Cycle
[1015.294s][info][gc] GC(6622) Pause Remark 469M->363M(816M) 0.469ms
[1015.314s][info][gc] GC(6622) Pause Cleanup 416M->416M(816M) 0.061ms
[1015.315s][info][gc] GC(6622) Concurrent Mark Cycle 64.756ms
[1015.391s][info][gc] GC(6623) Pause Young (Prepare Mixed) (G1 Evacuation Pause) 690M->241M(816M) 2.885ms
[1015.517s][info][gc] GC(6624) Pause Young (Mixed) (G1 Evacuation Pause) 693M->234M(816M) 3.188ms
[1015.642s][info][gc] GC(6625) Pause Young (Normal) (G1 Evacuation Pause) 678M->236M(816M) 3.209ms
[1015.776s][info][gc] GC(6626) Pause Young (Normal) (G1 Evacuation Pause) 684M->239M(816M) 3.995ms
[1015.892s][info][gc] GC(6627) Pause Young (Normal) (G1 Evacuation Pause) 691M->242M(816M) 2.824ms
[1016.025s][info][gc] GC(6628) Pause Young (Normal) (G1 Evacuation Pause) 694M->247M(816M) 3.027ms
[1016.156s][info][gc] GC(6629) Pause Young (Normal) (G1 Evacuation Pause) 695M->253M(816M) 3.249ms
[1016.280s][info][gc] GC(6630) Pause Young (Normal) (G1 Evacuation Pause) 697M->255M(816M) 3.601ms
[1016.405s][info][gc] GC(6631) Pause Young (Normal) (G1 Evacuation Pause) 703M->259M(816M) 2.989ms
[1016.524s][info][gc] GC(6632) Pause Young (Normal) (G1 Evacuation Pause) 711M->262M(816M) 2.947ms
[1016.658s][info][gc] GC(6633) Pause Young (Normal) (G1 Evacuation Pause) 710M->269M(816M) 3.252ms
[1016.778s][info][gc] GC(6634) Pause Young (Normal) (G1 Evacuation Pause) 713M->268M(816M) 3.122ms
[1016.897s][info][gc] GC(6635) Pause Young (Normal) (G1 Evacuation Pause) 720M->275M(816M) 2.918ms
[1017.022s][info][gc] GC(6636) Pause Young (Normal) (G1 Evacuation Pause) 719M->278M(816M) 3.207ms
[1017.144s][info][gc] GC(6637) Pause Young (Normal) (G1 Evacuation Pause) 722M->281M(816M) 3.104ms
[1017.257s][info][gc] GC(6638) Pause Young (Normal) (G1 Evacuation Pause) 733M->281M(816M) 2.702ms
[1017.382s][info][gc] GC(6639) Pause Young (Normal) (G1 Evacuation Pause) 725M->289M(816M) 3.401ms
[1017.505s][info][gc] GC(6640) Pause Young (Normal) (G1 Evacuation Pause) 729M->293M(816M) 3.272ms
[1017.613s][info][gc] GC(6641) Pause Young (Normal) (G1 Evacuation Pause) 725M->296M(816M) 2.856ms
[1017.733s][info][gc] GC(6642) Pause Young (Normal) (G1 Evacuation Pause) 732M->299M(816M) 2.941ms
[1017.856s][info][gc] GC(6643) Pause Young (Normal) (G1 Evacuation Pause) 731M->304M(816M) 3.011ms
[1017.970s][info][gc] GC(6644) Pause Young (Normal) (G1 Evacuation Pause) 732M->307M(816M) 2.864ms
[1018.085s][info][gc] GC(6645) Pause Young (Concurrent Start) (G1 Evacuation Pause) 731M->310M(816M) 2.891ms
[1018.085s][info][gc] GC(6646) Concurrent Mark Cycle
[1018.142s][info][gc] GC(6646) Pause Remark 486M->486M(816M) 0.483ms
[1018.182s][info][gc] GC(6646) Pause Cleanup 600M->600M(816M) 0.065ms
[1018.183s][info][gc] GC(6646) Concurrent Mark Cycle 97.957ms
[1018.219s][info][gc] GC(6647) Pause Young (Prepare Mixed) (G1 Evacuation Pause) 730M->315M(816M) 2.928ms
[1018.330s][info][gc] GC(6648) Pause Young (Mixed) (G1 Evacuation Pause) 731M->304M(816M) 3.152ms
[1018.444s][info][gc] GC(6649) Pause Young (Normal) (G1 Evacuation Pause) 732M->308M(816M) 2.976ms
[1018.564s][info][gc] GC(6650) Pause Young (Concurrent Start) (G1 Evacuation Pause) 732M->310M(816M) 2.965ms
[1018.564s][info][gc] GC(6651) Concurrent Mark Cycle
[1018.622s][info][gc] GC(6651) Pause Remark 490M->490M(816M) 0.441ms
[1018.655s][info][gc] GC(6651) Pause Cleanup 592M->592M(816M) 0.055ms
[1018.655s][info][gc] GC(6651) Concurrent Mark Cycle 91.164ms
[1018.694s][info][gc] GC(6652) Pause Young (Prepare Mixed) (G1 Evacuation Pause) 730M->314M(816M) 2.897ms
[1018.811s][info][gc] GC(6653) Pause Young (Mixed) (G1 Evacuation Pause) 730M->311M(816M) 3.223ms
[1018.923s][info][gc] GC(6654) Pause Young (Concurrent Start) (G1 Evacuation Pause) 731M->315M(1056M) 3.074ms
[1018.924s][info][gc] GC(6655) Concurrent Mark Cycle
[1019.015s][info][gc] GC(6655) Pause Remark 606M->606M(1056M) 0.423ms
[1019.064s][info][gc] GC(6655) Pause Cleanup 740M->740M(1056M) 0.060ms
[1019.065s][info][gc] GC(6655) Concurrent Mark Cycle 141.029ms
[1019.117s][info][gc] GC(6656) Pause Young (Prepare Mixed) (G1 Evacuation Pause) 911M->321M(1056M) 3.591ms
[1019.271s][info][gc] GC(6657) Pause Young (Mixed) (G1 Evacuation Pause) 909M->322M(1056M) 3.547ms
[1019.544s][info][gc] GC(6658) Pause Young (Normal) (G1 Evacuation Pause) 910M->325M(1056M) 3.849ms
[1019.813s][info][gc] GC(6659) Pause Young (Normal) (G1 Evacuation Pause) 909M->332M(1056M) 3.702ms
[1020.074s][info][gc] GC(6660) Pause Young (Normal) (G1 Evacuation Pause) 912M->335M(1056M) 4.058ms
[1020.333s][info][gc] GC(6661) Pause Young (Normal) (G1 Evacuation Pause) 919M->340M(1056M) 3.750ms
[1020.590s][info][gc] GC(6662) Pause Young (Normal) (G1 Evacuation Pause) 924M->345M(1056M) 3.992ms
[1020.851s][info][gc] GC(6663) Pause Young (Normal) (G1 Evacuation Pause) 925M->349M(1056M) 4.000ms
[1021.107s][info][gc] GC(6664) Pause Young (Normal) (G1 Evacuation Pause) 933M->355M(1056M) 4.506ms
[1021.365s][info][gc] GC(6665) Pause Young (Normal) (G1 Evacuation Pause) 939M->359M(1056M) 3.698ms
[1021.629s][info][gc] GC(6666) Pause Young (Normal) (G1 Evacuation Pause) 943M->364M(1056M) 3.720ms
[1021.888s][info][gc] GC(6667) Pause Young (Normal) (G1 Evacuation Pause) 952M->367M(1056M) 3.461ms
[1022.147s][info][gc] GC(6668) Pause Young (Normal) (G1 Evacuation Pause) 947M->372M(1056M) 3.523ms
[1022.394s][info][gc] GC(6669) Pause Young (Normal) (G1 Evacuation Pause) 948M->378M(1056M) 3.735ms
[1022.643s][info][gc] GC(6670) Pause Young (Normal) (G1 Evacuation Pause) 950M->383M(1056M) 3.770ms
[1022.897s][info][gc] GC(6671) Pause Young (Normal) (G1 Evacuation Pause) 951M->387M(1056M) 3.491ms
[1023.149s][info][gc] GC(6672) Pause Young (Normal) (G1 Evacuation Pause) 947M->392M(1056M) 3.607ms
[1023.396s][info][gc] GC(6673) Pause Young (Normal) (G1 Evacuation Pause) 948M->397M(1056M) 3.779ms
[1023.648s][info][gc] GC(6674) Pause Young (Normal) (G1 Evacuation Pause) 953M->402M(1056M) 3.361ms
[1023.896s][info][gc] GC(6675) Pause Young (Normal) (G1 Evacuation Pause) 954M->409M(1056M) 3.223ms
[1024.127s][info][gc] GC(6676) Pause Young (Concurrent Start) (G1 Evacuation Pause) 945M->411M(1056M) 3.339ms
[1024.127s][info][gc] GC(6677) Concurrent Mark Cycle
[1024.156s][info][gc] GC(6677) Pause Remark 475M->231M(576M) 0.507ms
[1024.168s][info][gc] GC(6677) Pause Cleanup 257M->257M(576M) 0.059ms
[1024.168s][info][gc] GC(6677) Concurrent Mark Cycle 40.424ms
[1024.265s][info][gc] GC(6678) Pause Young (Prepare Mixed) (G1 Evacuation Pause) 467M->170M(576M) 2.773ms
[1024.407s][info][gc] GC(6679) Pause Young (Mixed) (G1 Evacuation Pause) 486M->157M(576M) 2.240ms
[1024.550s][info][gc] GC(6680) Pause Young (Normal) (G1 Evacuation Pause) 477M->159M(576M) 2.701ms
[1024.700s][info][gc] GC(6681) Pause Young (Normal) (G1 Evacuation Pause) 475M->163M(576M) 2.483ms
[1024.848s][info][gc] GC(6682) Pause Young (Normal) (G1 Evacuation Pause) 483M->167M(576M) 2.155ms
[1024.991s][info][gc] GC(6683) Pause Young (Normal) (G1 Evacuation Pause) 483M->170M(576M) 2.518ms
[1025.129s][info][gc] GC(6684) Pause Young (Normal) (G1 Evacuation Pause) 486M->169M(576M) 1.988ms
[1025.277s][info][gc] GC(6685) Pause Young (Normal) (G1 Evacuation Pause) 489M->173M(576M) 2.655ms
[1025.427s][info][gc] GC(6686) Pause Young (Normal) (G1 Evacuation Pause) 489M->174M(576M) 2.127ms
[1025.638s][info][gc] GC(6687) Pause Young (Normal) (G1 Evacuation Pause) 494M->176M(576M) 2.231ms
[1025.849s][info][gc] GC(6688) Pause Young (Normal) (G1 Evacuation Pause) 492M->179M(576M) 2.176ms
[1026.068s][info][gc] GC(6689) Pause Young (Normal) (G1 Evacuation Pause) 495M->183M(576M) 2.360ms
[1026.277s][info][gc] GC(6690) Pause Young (Normal) (G1 Evacuation Pause) 499M->185M(576M) 2.341ms
[1026.487s][info][gc] GC(6691) Pause Young (Normal) (G1 Evacuation Pause) 501M->186M(576M) 2.159ms
[1026.701s][info][gc] GC(6692) Pause Young (Normal) (G1 Evacuation Pause) 502M->190M(576M) 2.269ms
[1026.917s][info][gc] GC(6693) Pause Young (Normal) (G1 Evacuation Pause) 506M->194M(576M) 2.289ms
[1027.131s][info][gc] GC(6694) Pause Young (Normal) (G1 Evacuation Pause) 510M->195M(576M) 2.137ms
[1027.341s][info][gc] GC(6695) Pause Young (Normal) (G1 Evacuation Pause) 511M->198M(576M) 2.312ms
[1027.550s][info][gc] GC(6696) Pause Young (Normal) (G1 Evacuation Pause) 510M->201M(576M) 2.468ms
[1027.758s][info][gc] GC(6697) Pause Young (Normal) (G1 Evacuation Pause) 509M->204M(576M) 2.163ms
[1027.963s][info][gc] GC(6698) Pause Young (Normal) (G1 Evacuation Pause) 512M->206M(576M) 1.977ms
[1028.170s][info][gc] GC(6699) Pause Young (Normal) (G1 Evacuation Pause) 510M->208M(576M) 2.118ms
[1028.371s][info][gc] GC(6700) Pause Young (Normal) (G1 Evacuation Pause) 508M->211M(576M) 2.172ms
[1028.570s][info][gc] GC(6701) Pause Young (Normal) (G1 Evacuation Pause) 511M->213M(576M) 2.049ms
[1028.771s][info][gc] GC(6702) Pause Young (Normal) (G1 Evacuation Pause) 509M->216M(576M) 2.256ms
[1028.967s][info][gc] GC(6703) Pause Young (Concurrent Start) (G1 Evacuation Pause) 508M->218M(576M) 2.061ms
[1028.967s][info][gc] GC(6704) Concurrent Mark Cycle
[1028.987s][info][gc] GC(6704) Pause Remark 254M->254M(576M) 0.466ms
[1029.006s][info][gc] GC(6704) Pause Cleanup 274M->274M(576M) 0.058ms
[1029.006s][info][gc] GC(6704) Concurrent Mark Cycle 39.774ms
[1029.166s][info][gc] GC(6705) Pause Young (Prepare Mixed) (G1 Evacuation Pause) 514M->221M(576M) 2.019ms
[1029.370s][info][gc] GC(6706) Pause Young (Mixed) (G1 Evacuation Pause) 513M->187M(576M) 3.204ms
[1029.583s][info][gc] GC(6707) Pause Young (Mixed) (G1 Evacuation Pause) 507M->182M(576M) 2.767ms
[1029.805s][info][gc] GC(6708) Pause Young (Normal) (G1 Evacuation Pause) 498M->186M(576M) 2.196ms
[1030.018s][info][gc] GC(6709) Pause Young (Normal) (G1 Evacuation Pause) 502M->188M(576M) 2.217ms
[1030.228s][info][gc] GC(6710) Pause Young (Normal) (G1 Evacuation Pause) 504M->191M(576M) 2.047ms
[1030.441s][info][gc] GC(6711) Pause Young (Normal) (G1 Evacuation Pause) 507M->194M(576M) 2.203ms
[1030.667s][info][gc] GC(6712) Pause Young (Normal) (G1 Evacuation Pause) 510M->194M(576M) 2.046ms
[1030.910s][info][gc] GC(6713) Pause Young (Normal) (G1 Evacuation Pause) 514M->203M(576M) 2.588ms
[1031.036s][info][gc] GC(6714) Pause Young (Normal) (G1 Evacuation Pause) 507M->204M(576M) 2.837ms
[1031.163s][info][gc] GC(6715) Pause Young (Normal) (G1 Evacuation Pause) 512M->207M(576M) 2.414ms
[1031.291s][info][gc] GC(6716) Pause Young (Normal) (G1 Evacuation Pause) 511M->209M(576M) 2.639ms
[1031.414s][info][gc] GC(6717) Pause Young (Normal) (G1 Evacuation Pause) 509M->214M(576M) 2.237ms
[1031.529s][info][gc] GC(6718) Pause Young (Normal) (G1 Evacuation Pause) 506M->216M(576M) 2.380ms
[1031.648s][info][gc] GC(6719) Pause Young (Normal) (G1 Evacuation Pause) 512M->216M(576M) 2.139ms
[1031.772s][info][gc] GC(6720) Pause Young (Concurrent Start) (G1 Evacuation Pause) 516M->220M(576M) 4.469ms
[1031.773s][info][gc] GC(6721) Concurrent Mark Cycle
[1031.794s][info][gc] GC(6721) Pause Remark 263M->167M(428M) 0.721ms
[1031.797s][info][gc] GC(6721) Pause Cleanup 172M->172M(428M) 0.071ms
[1031.797s][info][gc] GC(6721) Concurrent Mark Cycle 24.930ms
[1031.890s][info][gc] GC(6722) Pause Young (Prepare Mixed) (G1 Evacuation Pause) 352M->125M(516M) 2.705ms
[1032.028s][info][gc] GC(6723) Pause Young (Mixed) (G1 Evacuation Pause) 413M->85M(516M) 2.083ms
[1032.158s][info][gc] GC(6724) Pause Young (Normal) (G1 Evacuation Pause) 373M->87M(516M) 2.241ms
[1032.278s][info][gc] GC(6725) Pause Young (Normal) (G1 Evacuation Pause) 371M->89M(516M) 2.592ms
[1032.394s][info][gc] GC(6726) Pause Young (Normal) (G1 Evacuation Pause) 373M->91M(516M) 2.065ms
[1032.514s][info][gc] GC(6727) Pause Young (Normal) (G1 Evacuation Pause) 375M->94M(516M) 2.381ms
[1032.628s][info][gc] GC(6728) Pause Young (Normal) (G1 Evacuation Pause) 378M->97M(620M) 2.092ms
[1032.764s][info][gc] GC(6729) Pause Young (Normal) (G1 Evacuation Pause) 445M->99M(620M) 2.046ms
[1032.901s][info][gc] GC(6730) Pause Young (Normal) (G1 Evacuation Pause) 443M->102M(620M) 2.268ms
[1033.141s][info][gc] GC(6731) Pause Young (Normal) (G1 Evacuation Pause) 446M->104M(620M) 2.524ms
[1033.286s][info][gc] GC(6732) Pause Young (Normal) (G1 Evacuation Pause) 448M->109M(620M) 3.338ms
[1033.422s][info][gc] GC(6733) Pause Young (Normal) (G1 Evacuation Pause) 449M->110M(620M) 2.705ms
[1033.562s][info][gc] GC(6734) Pause Young (Normal) (G1 Evacuation Pause) 454M->114M(620M) 2.488ms
[1033.697s][info][gc] GC(6735) Pause Young (Normal) (G1 Evacuation Pause) 458M->117M(620M) 2.611ms
[1033.862s][info][gc] GC(6736) Pause Young (Normal) (G1 Evacuation Pause) 461M->120M(620M) 2.691ms
[1034.014s][info][gc] GC(6737) Pause Young (Normal) (G1 Evacuation Pause) 460M->123M(620M) 2.701ms
[1034.171s][info][gc] GC(6738) Pause Young (Normal) (G1 Evacuation Pause) 467M->125M(620M) 2.616ms
[1034.325s][info][gc] GC(6739) Pause Young (Normal) (G1 Evacuation Pause) 469M->128M(620M) 3.104ms
[1034.476s][info][gc] GC(6740) Pause Young (Normal) (G1 Evacuation Pause) 472M->131M(620M) 2.656ms
[1034.633s][info][gc] GC(6741) Pause Young (Normal) (G1 Evacuation Pause) 475M->133M(620M) 2.443ms
[1034.793s][info][gc] GC(6742) Pause Young (Normal) (G1 Evacuation Pause) 477M->137M(620M) 2.808ms
[1034.945s][info][gc] GC(6743) Pause Young (Normal) (G1 Evacuation Pause) 481M->139M(620M) 2.455ms
[1035.121s][info][gc] GC(6744) Pause Young (Normal) (G1 Evacuation Pause) 483M->143M(620M) 2.527ms
[1035.260s][info][gc] GC(6745) Pause Young (Normal) (G1 Evacuation Pause) 487M->146M(620M) 2.631ms
[1035.418s][info][gc] GC(6746) Pause Young (Normal) (G1 Evacuation Pause) 490M->147M(620M) 2.671ms
[1035.696s][info][gc] GC(6747) Pause Young (Normal) (G1 Evacuation Pause) 491M->152M(620M) 2.597ms
[1035.859s][info][gc] GC(6748) Pause Young (Normal) (G1 Evacuation Pause) 492M->155M(620M) 2.763ms
[1036.013s][info][gc] GC(6749) Pause Young (Normal) (G1 Evacuation Pause) 495M->158M(620M) 2.453ms
[1036.164s][info][gc] GC(6750) Pause Young (Normal) (G1 Evacuation Pause) 498M->159M(620M) 2.456ms
[1036.325s][info][gc] GC(6751) Pause Young (Normal) (G1 Evacuation Pause) 503M->163M(620M) 2.959ms
[1036.474s][info][gc] GC(6752) Pause Young (Normal) (G1 Evacuation Pause) 507M->166M(620M) 2.483ms
[1036.624s][info][gc] GC(6753) Pause Young (Normal) (G1 Evacuation Pause) 510M->170M(620M) 2.774ms
[1036.767s][info][gc] GC(6754) Pause Young (Normal) (G1 Evacuation Pause) 510M->173M(620M) 2.627ms
[1036.920s][info][gc] GC(6755) Pause Young (Normal) (G1 Evacuation Pause) 513M->175M(620M) 2.694ms
[1037.067s][info][gc] GC(6756) Pause Young (Normal) (G1 Evacuation Pause) 519M->180M(620M) 2.636ms
[1037.211s][info][gc] GC(6757) Pause Young (Normal) (G1 Evacuation Pause) 520M->181M(620M) 2.625ms
[1037.363s][info][gc] GC(6758) Pause Young (Normal) (G1 Evacuation Pause) 521M->183M(620M) 2.325ms
[1037.506s][info][gc] GC(6759) Pause Young (Normal) (G1 Evacuation Pause) 527M->187M(620M) 2.446ms
[1037.651s][info][gc] GC(6760) Pause Young (Normal) (G1 Evacuation Pause) 531M->190M(620M) 2.542ms
[1037.799s][info][gc] GC(6761) Pause Young (Normal) (G1 Evacuation Pause) 534M->193M(620M) 2.658ms
[1038.057s][info][gc] GC(6762) Pause Young (Normal) (G1 Evacuation Pause) 533M->198M(620M) 2.666ms
[1038.188s][info][gc] GC(6763) Pause Young (Normal) (G1 Evacuation Pause) 538M->199M(620M) 3.204ms
[1038.346s][info][gc] GC(6764) Pause Young (Normal) (G1 Evacuation Pause) 543M->203M(620M) 2.446ms
[1038.506s][info][gc] GC(6765) Pause Young (Normal) (G1 Evacuation Pause) 543M->205M(620M) 2.760ms
[1038.654s][info][gc] GC(6766) Pause Young (Normal) (G1 Evacuation Pause) 545M->209M(620M) 2.691ms
[1038.795s][info][gc] GC(6767) Pause Young (Normal) (G1 Evacuation Pause) 549M->209M(620M) 2.620ms
[1038.937s][info][gc] GC(6768) Pause Young (Normal) (G1 Evacuation Pause) 549M->213M(620M) 2.574ms
[1039.081s][info][gc] GC(6769) Pause Young (Normal) (G1 Evacuation Pause) 545M->217M(620M) 2.605ms
[1039.225s][info][gc] GC(6770) Pause Young (Normal) (G1 Evacuation Pause) 553M->219M(620M) 2.445ms
[1039.374s][info][gc] GC(6771) Pause Young (Normal) (G1 Evacuation Pause) 555M->221M(620M) 2.920ms
[1039.516s][info][gc] GC(6772) Pause Young (Normal) (G1 Evacuation Pause) 553M->224M(620M) 2.356ms
[1039.654s][info][gc] GC(6773) Pause Young (Normal) (G1 Evacuation Pause) 552M->227M(620M) 2.498ms
[1039.791s][info][gc] GC(6774) Pause Young (Normal) (G1 Evacuation Pause) 555M->230M(620M) 2.464ms
[1039.927s][info][gc] GC(6775) Pause Young (Normal) (G1 Evacuation Pause) 554M->233M(620M) 2.228ms
[1040.060s][info][gc] GC(6776) Pause Young (Normal) (G1 Evacuation Pause) 553M->234M(620M) 2.462ms
[1040.196s][info][gc] GC(6777) Pause Young (Normal) (G1 Evacuation Pause) 554M->237M(620M) 3.696ms
[1040.474s][info][gc] GC(6778) Pause Young (Concurrent Start) (G1 Evacuation Pause) 557M->241M(620M) 2.439ms
[1040.474s][info][gc] GC(6779) Concurrent Mark Cycle
[1040.485s][info][gc] GC(6779) Pause Remark 267M->135M(376M) 0.522ms
[1040.489s][info][gc] GC(6779) Pause Cleanup 139M->139M(376M) 0.058ms
[1040.489s][info][gc] GC(6779) Concurrent Mark Cycle 14.943ms
[1040.555s][info][gc] GC(6780) Pause Young (Prepare Mixed) (G1 Evacuation Pause) 305M->110M(376M) 2.484ms
[1040.655s][info][gc] GC(6781) Pause Young (Mixed) (G1 Evacuation Pause) 318M->78M(376M) 2.390ms
[1040.753s][info][gc] GC(6782) Pause Young (Normal) (G1 Evacuation Pause) 290M->80M(376M) 1.812ms
[1040.836s][info][gc] GC(6783) Pause Young (Normal) (G1 Evacuation Pause) 288M->81M(452M) 1.803ms
[1040.943s][info][gc] GC(6784) Pause Young (Normal) (G1 Evacuation Pause) 333M->83M(452M) 1.760ms
[1041.044s][info][gc] GC(6785) Pause Young (Normal) (G1 Evacuation Pause) 335M->86M(452M) 1.963ms
[1041.141s][info][gc] GC(6786) Pause Young (Normal) (G1 Evacuation Pause) 334M->88M(452M) 1.955ms
[1041.238s][info][gc] GC(6787) Pause Young (Normal) (G1 Evacuation Pause) 335M->89M(544M) 2.061ms
[1041.370s][info][gc] GC(6788) Pause Young (Normal) (G1 Evacuation Pause) 393M->89M(544M) 2.932ms
[1041.525s][info][gc] GC(6789) Pause Young (Normal) (G1 Evacuation Pause) 389M->93M(544M) 2.484ms
[1041.656s][info][gc] GC(6790) Pause Young (Normal) (G1 Evacuation Pause) 393M->96M(544M) 2.296ms
[1041.788s][info][gc] GC(6791) Pause Young (Normal) (G1 Evacuation Pause) 392M->100M(544M) 2.618ms
[1041.921s][info][gc] GC(6792) Pause Young (Normal) (G1 Evacuation Pause) 396M->103M(544M) 2.691ms
[1042.045s][info][gc] GC(6793) Pause Young (Normal) (G1 Evacuation Pause) 399M->104M(656M) 2.229ms
[1042.189s][info][gc] GC(6794) Pause Young (Normal) (G1 Evacuation Pause) 468M->106M(656M) 2.396ms
[1042.334s][info][gc] GC(6795) Pause Young (Normal) (G1 Evacuation Pause) 470M->108M(656M) 2.429ms
[1042.484s][info][gc] GC(6796) Pause Young (Normal) (G1 Evacuation Pause) 468M->113M(656M) 2.661ms
[1042.635s][info][gc] GC(6797) Pause Young (Normal) (G1 Evacuation Pause) 473M->116M(656M) 2.559ms
[1042.860s][info][gc] GC(6798) Pause Young (Normal) (G1 Evacuation Pause) 476M->122M(656M) 2.716ms
[1042.995s][info][gc] GC(6799) Pause Young (Normal) (G1 Evacuation Pause) 478M->123M(656M) 2.569ms
[1043.144s][info][gc] GC(6800) Pause Young (Normal) (G1 Evacuation Pause) 483M->125M(656M) 2.639ms
[1043.292s][info][gc] GC(6801) Pause Young (Normal) (G1 Evacuation Pause) 485M->129M(656M) 3.610ms
[1043.439s][info][gc] GC(6802) Pause Young (Normal) (G1 Evacuation Pause) 489M->133M(656M) 2.863ms
[1043.587s][info][gc] GC(6803) Pause Young (Normal) (G1 Evacuation Pause) 493M->136M(656M) 2.731ms
[1043.728s][info][gc] GC(6804) Pause Young (Normal) (G1 Evacuation Pause) 496M->137M(656M) 2.727ms
[1043.872s][info][gc] GC(6805) Pause Young (Normal) (G1 Evacuation Pause) 497M->141M(656M) 2.714ms
[1044.010s][info][gc] GC(6806) Pause Young (Normal) (G1 Evacuation Pause) 501M->144M(656M) 2.733ms
[1044.157s][info][gc] GC(6807) Pause Young (Normal) (G1 Evacuation Pause) 504M->145M(656M) 2.203ms
[1044.310s][info][gc] GC(6808) Pause Young (Normal) (G1 Evacuation Pause) 505M->149M(656M) 2.919ms
[1044.460s][info][gc] GC(6809) Pause Young (Normal) (G1 Evacuation Pause) 509M->154M(656M) 3.196ms
[1044.610s][info][gc] GC(6810) Pause Young (Normal) (G1 Evacuation Pause) 510M->156M(656M) 3.223ms
[1044.760s][info][gc] GC(6811) Pause Young (Normal) (G1 Evacuation Pause) 516M->159M(656M) 2.709ms
[1044.956s][info][gc] GC(6812) Pause Young (Normal) (G1 Evacuation Pause) 519M->159M(656M) 2.268ms
[1045.162s][info][gc] GC(6813) Pause Young (Normal) (G1 Evacuation Pause) 523M->167M(656M) 2.574ms
[1045.307s][info][gc] GC(6814) Pause Young (Normal) (G1 Evacuation Pause) 523M->170M(656M) 2.907ms
[1045.447s][info][gc] GC(6815) Pause Young (Normal) (G1 Evacuation Pause) 530M->171M(656M) 2.457ms
[1045.590s][info][gc] GC(6816) Pause Young (Normal) (G1 Evacuation Pause) 531M->173M(656M) 2.644ms
[1045.731s][info][gc] GC(6817) Pause Young (Normal) (G1 Evacuation Pause) 533M->178M(656M) 2.469ms
[1045.871s][info][gc] GC(6818) Pause Young (Normal) (G1 Evacuation Pause) 538M->181M(656M) 2.756ms
[1046.012s][info][gc] GC(6819) Pause Young (Normal) (G1 Evacuation Pause) 541M->183M(656M) 2.424ms
[1046.159s][info][gc] GC(6820) Pause Young (Normal) (G1 Evacuation Pause) 543M->185M(656M) 2.736ms
[1046.311s][info][gc] GC(6821) Pause Young (Normal) (G1 Evacuation Pause) 545M->190M(656M) 2.596ms
[1046.453s][info][gc] GC(6822) Pause Young (Normal) (G1 Evacuation Pause) 546M->192M(656M) 2.851ms
[1046.597s][info][gc] GC(6823) Pause Young (Normal) (G1 Evacuation Pause) 552M->196M(656M) 2.364ms
[1046.739s][info][gc] GC(6824) Pause Young (Normal) (G1 Evacuation Pause) 556M->200M(656M) 2.534ms
[1046.881s][info][gc] GC(6825) Pause Young (Normal) (G1 Evacuation Pause) 560M->200M(656M) 2.418ms
[1047.028s][info][gc] GC(6826) Pause Young (Normal) (G1 Evacuation Pause) 564M->206M(656M) 3.264ms
[1047.275s][info][gc] GC(6827) Pause Young (Normal) (G1 Evacuation Pause) 566M->209M(656M) 3.925ms
[1047.423s][info][gc] GC(6828) Pause Young (Normal) (G1 Evacuation Pause) 569M->211M(656M) 2.704ms
[1047.561s][info][gc] GC(6829) Pause Young (Normal) (G1 Evacuation Pause) 571M->215M(656M) 2.539ms
[1047.703s][info][gc] GC(6830) Pause Young (Normal) (G1 Evacuation Pause) 575M->218M(656M) 2.694ms
[1047.846s][info][gc] GC(6831) Pause Young (Normal) (G1 Evacuation Pause) 578M->219M(656M) 2.415ms
[1047.992s][info][gc] GC(6832) Pause Young (Normal) (G1 Evacuation Pause) 579M->224M(656M) 2.629ms
[1048.135s][info][gc] GC(6833) Pause Young (Normal) (G1 Evacuation Pause) 584M->226M(656M) 2.736ms
[1048.275s][info][gc] GC(6834) Pause Young (Normal) (G1 Evacuation Pause) 582M->228M(656M) 3.257ms
[1048.422s][info][gc] GC(6835) Pause Young (Normal) (G1 Evacuation Pause) 584M->231M(656M) 2.429ms
[1048.563s][info][gc] GC(6836) Pause Young (Normal) (G1 Evacuation Pause) 591M->237M(656M) 2.295ms
[1048.698s][info][gc] GC(6837) Pause Young (Normal) (G1 Evacuation Pause) 581M->240M(656M) 2.516ms
[1048.834s][info][gc] GC(6838) Pause Young (Normal) (G1 Evacuation Pause) 584M->241M(656M) 2.676ms
[1048.971s][info][gc] GC(6839) Pause Young (Normal) (G1 Evacuation Pause) 589M->243M(656M) 2.386ms
[1049.108s][info][gc] GC(6840) Pause Young (Normal) (G1 Evacuation Pause) 591M->246M(656M) 2.493ms
[1049.246s][info][gc] GC(6841) Pause Young (Normal) (G1 Evacuation Pause) 590M->249M(656M) 2.241ms
[1049.480s][info][gc] GC(6842) Pause Young (Concurrent Start) (G1 Evacuation Pause) 589M->255M(656M) 2.474ms
[1049.480s][info][gc] GC(6843) Concurrent Mark Cycle
[1049.493s][info][gc] GC(6843) Pause Remark 286M->154M(428M) 0.493ms
[1049.498s][info][gc] GC(6843) Pause Cleanup 163M->163M(428M) 0.060ms
[1049.498s][info][gc] GC(6843) Concurrent Mark Cycle 17.694ms
[1049.578s][info][gc] GC(6844) Pause Young (Prepare Mixed) (G1 Evacuation Pause) 347M->123M(428M) 2.295ms
[1049.671s][info][gc] GC(6845) Pause Young (Mixed) (G1 Evacuation Pause) 359M->92M(428M) 2.277ms
[1049.772s][info][gc] GC(6846) Pause Young (Normal) (G1 Evacuation Pause) 328M->94M(516M) 1.983ms
[1049.891s][info][gc] GC(6847) Pause Young (Normal) (G1 Evacuation Pause) 382M->96M(516M) 2.314ms
[1050.006s][info][gc] GC(6848) Pause Young (Normal) (G1 Evacuation Pause) 384M->98M(516M) 2.173ms
[1050.121s][info][gc] GC(6849) Pause Young (Normal) (G1 Evacuation Pause) 382M->102M(516M) 2.204ms
[1050.233s][info][gc] GC(6850) Pause Young (Normal) (G1 Evacuation Pause) 386M->104M(620M) 2.052ms
[1050.367s][info][gc] GC(6851) Pause Young (Normal) (G1 Evacuation Pause) 448M->105M(620M) 2.361ms
[1050.506s][info][gc] GC(6852) Pause Young (Normal) (G1 Evacuation Pause) 449M->110M(620M) 2.600ms
[1050.643s][info][gc] GC(6853) Pause Young (Normal) (G1 Evacuation Pause) 450M->112M(620M) 2.709ms
[1050.780s][info][gc] GC(6854) Pause Young (Normal) (G1 Evacuation Pause) 452M->114M(620M) 2.682ms
[1050.918s][info][gc] GC(6855) Pause Young (Normal) (G1 Evacuation Pause) 458M->119M(620M) 2.577ms
[1051.058s][info][gc] GC(6856) Pause Young (Normal) (G1 Evacuation Pause) 459M->119M(620M) 2.497ms
[1051.201s][info][gc] GC(6857) Pause Young (Normal) (G1 Evacuation Pause) 463M->123M(620M) 2.355ms
[1051.350s][info][gc] GC(6858) Pause Young (Normal) (G1 Evacuation Pause) 467M->126M(620M) 2.275ms
[1051.492s][info][gc] GC(6859) Pause Young (Normal) (G1 Evacuation Pause) 470M->129M(620M) 2.454ms
[1051.719s][info][gc] GC(6860) Pause Young (Normal) (G1 Evacuation Pause) 473M->132M(620M) 2.606ms
[1051.852s][info][gc] GC(6861) Pause Young (Normal) (G1 Evacuation Pause) 472M->136M(620M) 2.618ms
[1051.986s][info][gc] GC(6862) Pause Young (Normal) (G1 Evacuation Pause) 476M->139M(620M) 2.586ms
[1052.120s][info][gc] GC(6863) Pause Young (Normal) (G1 Evacuation Pause) 479M->143M(620M) 2.613ms
[1052.251s][info][gc] GC(6864) Pause Young (Normal) (G1 Evacuation Pause) 483M->145M(620M) 2.666ms
[1052.386s][info][gc] GC(6865) Pause Young (Normal) (G1 Evacuation Pause) 485M->147M(620M) 2.605ms
[1052.521s][info][gc] GC(6866) Pause Young (Normal) (G1 Evacuation Pause) 487M->149M(620M) 2.661ms
[1052.659s][info][gc] GC(6867) Pause Young (Normal) (G1 Evacuation Pause) 489M->152M(620M) 2.588ms
[1052.790s][info][gc] GC(6868) Pause Young (Normal) (G1 Evacuation Pause) 492M->155M(620M) 2.665ms
[1052.925s][info][gc] GC(6869) Pause Young (Normal) (G1 Evacuation Pause) 499M->157M(620M) 2.285ms
[1053.060s][info][gc] GC(6870) Pause Young (Normal) (G1 Evacuation Pause) 501M->161M(620M) 2.258ms
[1053.195s][info][gc] GC(6871) Pause Young (Normal) (G1 Evacuation Pause) 505M->164M(620M) 2.433ms
[1053.329s][info][gc] GC(6872) Pause Young (Normal) (G1 Evacuation Pause) 508M->167M(620M) 2.257ms
[1053.464s][info][gc] GC(6873) Pause Young (Normal) (G1 Evacuation Pause) 511M->169M(620M) 2.210ms
[1053.601s][info][gc] GC(6874) Pause Young (Normal) (G1 Evacuation Pause) 513M->172M(620M) 2.388ms
[1053.746s][info][gc] GC(6875) Pause Young (Normal) (G1 Evacuation Pause) 516M->174M(620M) 2.051ms
[1053.970s][info][gc] GC(6876) Pause Young (Normal) (G1 Evacuation Pause) 518M->186M(620M) 3.119ms
[1054.095s][info][gc] GC(6877) Pause Young (Normal) (G1 Evacuation Pause) 518M->189M(620M) 3.106ms
[1054.218s][info][gc] GC(6878) Pause Young (Normal) (G1 Evacuation Pause) 533M->193M(620M) 2.781ms
[1054.352s][info][gc] GC(6879) Pause Young (Normal) (G1 Evacuation Pause) 533M->195M(620M) 2.879ms
[1054.484s][info][gc] GC(6880) Pause Young (Normal) (G1 Evacuation Pause) 539M->198M(620M) 2.919ms
[1054.613s][info][gc] GC(6881) Pause Young (Normal) (G1 Evacuation Pause) 542M->201M(744M) 2.690ms
[1054.770s][info][gc] GC(6882) Pause Young (Normal) (G1 Evacuation Pause) 621M->205M(744M) 2.495ms
[1054.923s][info][gc] GC(6883) Pause Young (Normal) (G1 Evacuation Pause) 621M->207M(744M) 2.433ms
[1055.082s][info][gc] GC(6884) Pause Young (Normal) (G1 Evacuation Pause) 623M->211M(744M) 2.453ms
[1055.236s][info][gc] GC(6885) Pause Young (Normal) (G1 Evacuation Pause) 623M->212M(744M) 2.726ms
[1055.387s][info][gc] GC(6886) Pause Young (Normal) (G1 Evacuation Pause) 624M->217M(744M) 3.113ms
[1055.546s][info][gc] GC(6887) Pause Young (Normal) (G1 Evacuation Pause) 625M->219M(744M) 2.688ms
[1055.697s][info][gc] GC(6888) Pause Young (Normal) (G1 Evacuation Pause) 631M->224M(744M) 2.561ms
[1055.849s][info][gc] GC(6889) Pause Young (Normal) (G1 Evacuation Pause) 632M->228M(744M) 2.888ms
[1055.998s][info][gc] GC(6890) Pause Young (Normal) (G1 Evacuation Pause) 636M->231M(744M) 2.688ms
[1056.145s][info][gc] GC(6891) Pause Young (Normal) (G1 Evacuation Pause) 639M->236M(744M) 2.883ms
[1056.290s][info][gc] GC(6892) Pause Young (Normal) (G1 Evacuation Pause) 644M->240M(744M) 2.941ms
[1056.439s][info][gc] GC(6893) Pause Young (Normal) (G1 Evacuation Pause) 648M->242M(744M) 2.876ms
[1056.587s][info][gc] GC(6894) Pause Young (Normal) (G1 Evacuation Pause) 650M->245M(744M) 2.833ms
[1056.736s][info][gc] GC(6895) Pause Young (Normal) (G1 Evacuation Pause) 653M->247M(744M) 2.677ms
[1056.890s][info][gc] GC(6896) Pause Young (Normal) (G1 Evacuation Pause) 659M->253M(744M) 2.784ms
[1057.038s][info][gc] GC(6897) Pause Young (Normal) (G1 Evacuation Pause) 661M->256M(744M) 2.831ms
[1057.191s][info][gc] GC(6898) Pause Young (Normal) (G1 Evacuation Pause) 664M->260M(744M) 2.854ms
[1057.337s][info][gc] GC(6899) Pause Young (Normal) (G1 Evacuation Pause) 664M->262M(744M) 2.836ms
[1057.485s][info][gc] GC(6900) Pause Young (Normal) (G1 Evacuation Pause) 662M->267M(744M) 2.792ms
[1057.630s][info][gc] GC(6901) Pause Young (Normal) (G1 Evacuation Pause) 663M->271M(744M) 2.657ms
[1057.775s][info][gc] GC(6902) Pause Young (Normal) (G1 Evacuation Pause) 663M->273M(744M) 3.272ms
[1057.919s][info][gc] GC(6903) Pause Young (Normal) (G1 Evacuation Pause) 661M->277M(744M) 2.844ms
[1058.067s][info][gc] GC(6904) Pause Young (Normal) (G1 Evacuation Pause) 665M->280M(744M) 2.698ms
[1058.206s][info][gc] GC(6905) Pause Young (Normal) (G1 Evacuation Pause) 664M->284M(744M) 2.833ms
[1058.345s][info][gc] GC(6906) Pause Young (Normal) (G1 Evacuation Pause) 664M->288M(744M) 2.644ms
[1058.485s][info][gc] GC(6907) Pause Young (Concurrent Start) (G1 Evacuation Pause) 668M->289M(744M) 2.662ms
[1058.485s][info][gc] GC(6908) Concurrent Mark Cycle
[1058.524s][info][gc] GC(6908) Pause Remark 402M->302M(640M) 0.580ms
[1058.542s][info][gc] GC(6908) Pause Cleanup 345M->345M(640M) 0.074ms
[1058.542s][info][gc] GC(6908) Concurrent Mark Cycle 57.906ms
[1058.621s][info][gc] GC(6909) Pause Young (Prepare Mixed) (G1 Evacuation Pause) 545M->194M(640M) 2.616ms
[1058.751s][info][gc] GC(6910) Pause Young (Mixed) (G1 Evacuation Pause) 546M->188M(640M) 3.276ms
[1058.907s][info][gc] GC(6911) Pause Young (Normal) (G1 Evacuation Pause) 544M->191M(640M) 2.487ms
[1059.037s][info][gc] GC(6912) Pause Young (Normal) (G1 Evacuation Pause) 547M->194M(640M) 2.518ms
[1059.168s][info][gc] GC(6913) Pause Young (Normal) (G1 Evacuation Pause) 550M->198M(640M) 2.521ms
[1059.294s][info][gc] GC(6914) Pause Young (Normal) (G1 Evacuation Pause) 554M->200M(640M) 2.639ms
[1059.428s][info][gc] GC(6915) Pause Young (Normal) (G1 Evacuation Pause) 556M->203M(640M) 2.358ms
[1059.561s][info][gc] GC(6916) Pause Young (Normal) (G1 Evacuation Pause) 555M->205M(640M) 2.775ms
[1059.695s][info][gc] GC(6917) Pause Young (Normal) (G1 Evacuation Pause) 557M->208M(640M) 2.405ms
[1059.831s][info][gc] GC(6918) Pause Young (Normal) (G1 Evacuation Pause) 560M->212M(640M) 2.498ms
[1059.961s][info][gc] GC(6919) Pause Young (Normal) (G1 Evacuation Pause) 568M->215M(640M) 2.370ms
[1060.091s][info][gc] GC(6920) Pause Young (Normal) (G1 Evacuation Pause) 571M->217M(640M) 2.436ms
[1060.219s][info][gc] GC(6921) Pause Young (Normal) (G1 Evacuation Pause) 573M->220M(640M) 2.387ms
[1060.346s][info][gc] GC(6922) Pause Young (Normal) (G1 Evacuation Pause) 568M->223M(640M) 2.361ms
[1060.468s][info][gc] GC(6923) Pause Young (Normal) (G1 Evacuation Pause) 567M->226M(640M) 2.559ms
[1060.597s][info][gc] GC(6924) Pause Young (Normal) (G1 Evacuation Pause) 566M->229M(640M) 2.362ms
[1060.721s][info][gc] GC(6925) Pause Young (Normal) (G1 Evacuation Pause) 569M->234M(640M) 2.624ms
[1060.844s][info][gc] GC(6926) Pause Young (Normal) (G1 Evacuation Pause) 570M->235M(640M) 2.629ms
[1060.967s][info][gc] GC(6927) Pause Young (Concurrent Start) (G1 Evacuation Pause) 571M->239M(640M) 2.430ms
[1060.967s][info][gc] GC(6928) Concurrent Mark Cycle
[1061.012s][info][gc] GC(6928) Pause Remark 351M->351M(640M) 0.409ms
[1061.044s][info][gc] GC(6928) Pause Cleanup 419M->419M(640M) 0.063ms
[1061.045s][info][gc] GC(6928) Concurrent Mark Cycle 78.042ms
[1061.107s][info][gc] GC(6929) Pause Young (Prepare Mixed) (G1 Evacuation Pause) 567M->242M(640M) 2.739ms
[1061.230s][info][gc] GC(6930) Pause Young (Mixed) (G1 Evacuation Pause) 570M->238M(640M) 2.304ms
[1061.348s][info][gc] GC(6931) Pause Young (Normal) (G1 Evacuation Pause) 578M->241M(640M) 2.210ms
[1061.473s][info][gc] GC(6932) Pause Young (Concurrent Start) (G1 Evacuation Pause) 577M->245M(640M) 2.490ms
[1061.473s][info][gc] GC(6933) Concurrent Mark Cycle
[1061.519s][info][gc] GC(6933) Pause Remark 352M->352M(640M) 0.500ms
[1061.548s][info][gc] GC(6933) Pause Cleanup 424M->424M(640M) 0.058ms
[1061.548s][info][gc] GC(6933) Concurrent Mark Cycle 75.602ms
[1061.604s][info][gc] GC(6934) Pause Young (Prepare Mixed) (G1 Evacuation Pause) 573M->247M(640M) 2.621ms
[1061.722s][info][gc] GC(6935) Pause Young (Mixed) (G1 Evacuation Pause) 579M->244M(640M) 2.605ms
[1061.845s][info][gc] GC(6936) Pause Young (Concurrent Start) (G1 Evacuation Pause) 576M->247M(640M) 2.393ms
[1061.845s][info][gc] GC(6937) Concurrent Mark Cycle
[1061.893s][info][gc] GC(6937) Pause Remark 356M->356M(640M) 0.511ms
[1061.924s][info][gc] GC(6937) Pause Cleanup 437M->437M(640M) 0.065ms
[1061.924s][info][gc] GC(6937) Concurrent Mark Cycle 79.160ms
[1061.976s][info][gc] GC(6938) Pause Young (Prepare Mixed) (G1 Evacuation Pause) 579M->251M(640M) 2.492ms
[1062.095s][info][gc] GC(6939) Pause Young (Mixed) (G1 Evacuation Pause) 571M->249M(792M) 2.663ms
[1062.260s][info][gc] GC(6940) Pause Young (Normal) (G1 Evacuation Pause) 693M->251M(792M) 2.494ms
[1062.433s][info][gc] GC(6941) Pause Young (Normal) (G1 Evacuation Pause) 695M->256M(792M) 2.702ms
[1062.595s][info][gc] GC(6942) Pause Young (Normal) (G1 Evacuation Pause) 692M->258M(792M) 2.703ms
[1062.753s][info][gc] GC(6943) Pause Young (Normal) (G1 Evacuation Pause) 694M->261M(792M) 3.167ms
[1062.910s][info][gc] GC(6944) Pause Young (Normal) (G1 Evacuation Pause) 697M->268M(792M) 3.018ms
[1063.064s][info][gc] GC(6945) Pause Young (Normal) (G1 Evacuation Pause) 700M->269M(792M) 2.775ms
[1063.220s][info][gc] GC(6946) Pause Young (Normal) (G1 Evacuation Pause) 705M->274M(792M) 2.956ms
[1063.378s][info][gc] GC(6947) Pause Young (Normal) (G1 Evacuation Pause) 702M->279M(792M) 3.039ms
[1063.525s][info][gc] GC(6948) Pause Young (Normal) (G1 Evacuation Pause) 703M->282M(792M) 2.829ms
[1063.689s][info][gc] GC(6949) Pause Young (Normal) (G1 Evacuation Pause) 710M->283M(792M) 2.828ms
[1063.841s][info][gc] GC(6950) Pause Young (Normal) (G1 Evacuation Pause) 707M->290M(792M) 2.744ms
[1063.995s][info][gc] GC(6951) Pause Young (Normal) (G1 Evacuation Pause) 710M->292M(792M) 3.106ms
[1064.146s][info][gc] GC(6952) Pause Young (Normal) (G1 Evacuation Pause) 708M->295M(792M) 2.712ms
[1064.302s][info][gc] GC(6953) Pause Young (Normal) (G1 Evacuation Pause) 707M->300M(792M) 3.108ms
[1064.460s][info][gc] GC(6954) Pause Young (Normal) (G1 Evacuation Pause) 708M->305M(792M) 2.888ms
[1064.631s][info][gc] GC(6955) Pause Young (Normal) (G1 Evacuation Pause) 709M->306M(792M) 2.847ms
[1064.801s][info][gc] GC(6956) Pause Young (Concurrent Start) (G1 Evacuation Pause) 706M->310M(792M) 2.991ms
[1064.801s][info][gc] GC(6957) Concurrent Mark Cycle
[1064.866s][info][gc] GC(6957) Pause Remark 458M->458M(792M) 0.495ms
[1064.899s][info][gc] GC(6957) Pause Cleanup 550M->550M(792M) 0.065ms
[1064.900s][info][gc] GC(6957) Concurrent Mark Cycle 98.715ms
[1064.964s][info][gc] GC(6958) Pause Young (Prepare Mixed) (G1 Evacuation Pause) 706M->314M(792M) 2.627ms
[1065.112s][info][gc] GC(6959) Pause Young (Mixed) (G1 Evacuation Pause) 706M->312M(792M) 3.103ms
[1065.259s][info][gc] GC(6960) Pause Young (Concurrent Start) (G1 Evacuation Pause) 712M->318M(792M) 3.036ms
[1065.259s][info][gc] GC(6961) Concurrent Mark Cycle
[1065.329s][info][gc] GC(6961) Pause Remark 482M->482M(792M) 0.415ms
[1065.367s][info][gc] GC(6961) Pause Cleanup 585M->585M(792M) 0.052ms
[1065.368s][info][gc] GC(6961) Concurrent Mark Cycle 108.456ms
[1065.419s][info][gc] GC(6962) Pause Young (Prepare Mixed) (G1 Evacuation Pause) 706M->321M(792M) 2.790ms
[1065.567s][info][gc] GC(6963) Pause Young (Mixed) (G1 Evacuation Pause) 709M->321M(792M) 3.195ms
[1065.708s][info][gc] GC(6964) Pause Young (Concurrent Start) (G1 Evacuation Pause) 709M->326M(792M) 2.892ms
[1065.708s][info][gc] GC(6965) Concurrent Mark Cycle
[1065.769s][info][gc] GC(6965) Pause Remark 488M->488M(792M) 0.446ms
[1065.808s][info][gc] GC(6965) Pause Cleanup 579M->579M(792M) 0.063ms
[1065.808s][info][gc] GC(6965) Concurrent Mark Cycle 100.534ms
[1065.858s][info][gc] GC(6966) Pause Young (Prepare Mixed) (G1 Evacuation Pause) 710M->328M(792M) 2.713ms
[1065.995s][info][gc] GC(6967) Pause Young (Mixed) (G1 Evacuation Pause) 708M->327M(792M) 2.972ms
[1066.145s][info][gc] GC(6968) Pause Young (Concurrent Start) (G1 Evacuation Pause) 711M->331M(792M) 2.809ms
[1066.145s][info][gc] GC(6969) Concurrent Mark Cycle
[1066.206s][info][gc] GC(6969) Pause Remark 479M->479M(792M) 0.493ms
[1066.245s][info][gc] GC(6969) Pause Cleanup 561M->561M(792M) 0.053ms
[1066.245s][info][gc] GC(6969) Concurrent Mark Cycle 100.099ms
[1066.303s][info][gc] GC(6970) Pause Young (Prepare Mixed) (G1 Evacuation Pause) 711M->336M(792M) 3.015ms
[1066.442s][info][gc] GC(6971) Pause Young (Mixed) (G1 Evacuation Pause) 712M->338M(1024M) 3.382ms
[1066.664s][info][gc] GC(6972) Pause Young (Normal) (G1 Evacuation Pause) 918M->342M(1024M) 3.774ms
[1066.877s][info][gc] GC(6973) Pause Young (Normal) (G1 Evacuation Pause) 918M->346M(1024M) 3.682ms
[1067.087s][info][gc] GC(6974) Pause Young (Normal) (G1 Evacuation Pause) 918M->354M(1024M) 3.467ms
[1067.292s][info][gc] GC(6975) Pause Young (Normal) (G1 Evacuation Pause) 918M->357M(1024M) 3.893ms
[1067.497s][info][gc] GC(6976) Pause Young (Normal) (G1 Evacuation Pause) 917M->361M(1024M) 3.481ms
[1067.738s][info][gc] GC(6977) Pause Young (Normal) (G1 Evacuation Pause) 917M->368M(1024M) 3.730ms
[1068.061s][info][gc] GC(6978) Pause Young (Normal) (G1 Evacuation Pause) 912M->369M(1024M) 3.718ms
[1068.433s][info][gc] GC(6979) Pause Young (Normal) (G1 Evacuation Pause) 921M->375M(1024M) 3.481ms
[1068.800s][info][gc] GC(6980) Pause Young (Normal) (G1 Evacuation Pause) 923M->380M(1024M) 3.335ms
[1069.161s][info][gc] GC(6981) Pause Young (Normal) (G1 Evacuation Pause) 920M->384M(1024M) 3.449ms
[1069.526s][info][gc] GC(6982) Pause Young (Normal) (G1 Evacuation Pause) 920M->389M(1024M) 3.868ms
[1069.894s][info][gc] GC(6983) Pause Young (Normal) (G1 Evacuation Pause) 921M->393M(1024M) 3.489ms
[1070.245s][info][gc] GC(6984) Pause Young (Normal) (G1 Evacuation Pause) 921M->398M(1024M) 3.437ms
[1070.603s][info][gc] GC(6985) Pause Young (Concurrent Start) (G1 Evacuation Pause) 922M->403M(1024M) 3.619ms
[1070.603s][info][gc] GC(6986) Concurrent Mark Cycle
[1070.614s][info][gc] GC(6986) Pause Remark 423M->183M(548M) 0.488ms
[1070.618s][info][gc] GC(6986) Pause Cleanup 187M->187M(548M) 0.048ms
[1070.618s][info][gc] GC(6986) Concurrent Mark Cycle 14.554ms
[1070.802s][info][gc] GC(6987) Pause Young (Prepare Mixed) (G1 Evacuation Pause) 451M->165M(548M) 2.753ms
[1070.996s][info][gc] GC(6988) Pause Young (Mixed) (G1 Evacuation Pause) 465M->115M(548M) 2.155ms
[1071.202s][info][gc] GC(6989) Pause Young (Normal) (G1 Evacuation Pause) 415M->118M(548M) 1.976ms
[1071.405s][info][gc] GC(6990) Pause Young (Normal) (G1 Evacuation Pause) 422M->121M(548M) 2.093ms
[1071.609s][info][gc] GC(6991) Pause Young (Normal) (G1 Evacuation Pause) 421M->124M(548M) 2.264ms
[1071.815s][info][gc] GC(6992) Pause Young (Normal) (G1 Evacuation Pause) 424M->126M(548M) 1.941ms
[1072.013s][info][gc] GC(6993) Pause Young (Normal) (G1 Evacuation Pause) 426M->127M(548M) 2.080ms
[1072.213s][info][gc] GC(6994) Pause Young (Normal) (G1 Evacuation Pause) 431M->130M(548M) 1.989ms
[1072.417s][info][gc] GC(6995) Pause Young (Normal) (G1 Evacuation Pause) 430M->132M(548M) 2.267ms
[1072.619s][info][gc] GC(6996) Pause Young (Normal) (G1 Evacuation Pause) 432M->135M(548M) 2.171ms
[1072.820s][info][gc] GC(6997) Pause Young (Normal) (G1 Evacuation Pause) 435M->137M(548M) 2.119ms
[1073.016s][info][gc] GC(6998) Pause Young (Normal) (G1 Evacuation Pause) 437M->140M(548M) 2.050ms
[1073.216s][info][gc] GC(6999) Pause Young (Normal) (G1 Evacuation Pause) 440M->141M(548M) 1.940ms
[1073.419s][info][gc] GC(7000) Pause Young (Normal) (G1 Evacuation Pause) 445M->145M(548M) 2.224ms
[1073.623s][info][gc] GC(7001) Pause Young (Normal) (G1 Evacuation Pause) 445M->148M(548M) 2.177ms
[1073.826s][info][gc] GC(7002) Pause Young (Normal) (G1 Evacuation Pause) 448M->150M(548M) 2.376ms
[1074.036s][info][gc] GC(7003) Pause Young (Normal) (G1 Evacuation Pause) 450M->153M(548M) 2.693ms
[1074.236s][info][gc] GC(7004) Pause Young (Normal) (G1 Evacuation Pause) 453M->157M(548M) 2.226ms
[1074.435s][info][gc] GC(7005) Pause Young (Normal) (G1 Evacuation Pause) 457M->157M(548M) 2.210ms
[1074.637s][info][gc] GC(7006) Pause Young (Normal) (G1 Evacuation Pause) 457M->161M(548M) 2.091ms
[1074.834s][info][gc] GC(7007) Pause Young (Normal) (G1 Evacuation Pause) 461M->162M(548M) 2.565ms
[1075.043s][info][gc] GC(7008) Pause Young (Normal) (G1 Evacuation Pause) 462M->167M(548M) 2.230ms
[1075.237s][info][gc] GC(7009) Pause Young (Normal) (G1 Evacuation Pause) 463M->169M(548M) 2.269ms
[1075.442s][info][gc] GC(7010) Pause Young (Normal) (G1 Evacuation Pause) 469M->172M(548M) 2.156ms
[1075.644s][info][gc] GC(7011) Pause Young (Normal) (G1 Evacuation Pause) 472M->174M(548M) 2.212ms
[1075.840s][info][gc] GC(7012) Pause Young (Normal) (G1 Evacuation Pause) 474M->175M(548M) 2.223ms
[1076.048s][info][gc] GC(7013) Pause Young (Normal) (G1 Evacuation Pause) 475M->179M(548M) 1.975ms
[1076.249s][info][gc] GC(7014) Pause Young (Normal) (G1 Evacuation Pause) 479M->180M(548M) 2.106ms
[1076.455s][info][gc] GC(7015) Pause Young (Normal) (G1 Evacuation Pause) 480M->183M(548M) 2.100ms
[1076.655s][info][gc] GC(7016) Pause Young (Normal) (G1 Evacuation Pause) 483M->185M(548M) 2.057ms
[1076.859s][info][gc] GC(7017) Pause Young (Normal) (G1 Evacuation Pause) 481M->187M(548M) 2.072ms
[1077.061s][info][gc] GC(7018) Pause Young (Normal) (G1 Evacuation Pause) 483M->190M(548M) 2.325ms
[1077.259s][info][gc] GC(7019) Pause Young (Normal) (G1 Evacuation Pause) 482M->192M(548M) 2.015ms
[1077.460s][info][gc] GC(7020) Pause Young (Normal) (G1 Evacuation Pause) 488M->194M(548M) 1.885ms
[1077.661s][info][gc] GC(7021) Pause Young (Normal) (G1 Evacuation Pause) 486M->198M(548M) 1.982ms
[1077.856s][info][gc] GC(7022) Pause Young (Normal) (G1 Evacuation Pause) 486M->200M(548M) 1.826ms
[1078.039s][info][gc] GC(7023) Pause Young (Normal) (G1 Evacuation Pause) 488M->202M(548M) 1.916ms
[1078.235s][info][gc] GC(7024) Pause Young (Normal) (G1 Evacuation Pause) 486M->205M(548M) 2.172ms
[1078.503s][info][gc] GC(7025) Pause Young (Normal) (G1 Evacuation Pause) 489M->212M(548M) 2.594ms
[1078.593s][info][gc] GC(7026) Pause Young (Normal) (G1 Evacuation Pause) 480M->213M(548M) 2.566ms
[1078.700s][info][gc] GC(7027) Pause Young (Concurrent Start) (G1 Evacuation Pause) 489M->218M(548M) 2.527ms
[1078.700s][info][gc] GC(7028) Concurrent Mark Cycle
[1078.716s][info][gc] GC(7028) Pause Remark 265M->157M(388M) 0.497ms
[1078.721s][info][gc] GC(7028) Pause Cleanup 173M->173M(388M) 0.051ms
[1078.721s][info][gc] GC(7028) Concurrent Mark Cycle 20.397ms
[1078.785s][info][gc] GC(7029) Pause Young (Prepare Mixed) (G1 Evacuation Pause) 314M->111M(388M) 2.360ms
[1078.856s][info][gc] GC(7030) Pause Young (Mixed) (G1 Evacuation Pause) 323M->83M(388M) 2.061ms
[1078.941s][info][gc] GC(7031) Pause Young (Normal) (G1 Evacuation Pause) 295M->85M(388M) 1.779ms
[1079.015s][info][gc] GC(7032) Pause Young (Normal) (G1 Evacuation Pause) 297M->84M(468M) 2.094ms
[1079.117s][info][gc] GC(7033) Pause Young (Normal) (G1 Evacuation Pause) 348M->88M(468M) 1.956ms
[1079.219s][info][gc] GC(7034) Pause Young (Normal) (G1 Evacuation Pause) 348M->92M(468M) 2.222ms
[1079.315s][info][gc] GC(7035) Pause Young (Normal) (G1 Evacuation Pause) 348M->93M(468M) 2.073ms
[1079.407s][info][gc] GC(7036) Pause Young (Normal) (G1 Evacuation Pause) 353M->94M(564M) 1.767ms
[1079.529s][info][gc] GC(7037) Pause Young (Normal) (G1 Evacuation Pause) 406M->96M(564M) 2.210ms
[1079.647s][info][gc] GC(7038) Pause Young (Normal) (G1 Evacuation Pause) 408M->100M(564M) 2.811ms
[1079.766s][info][gc] GC(7039) Pause Young (Normal) (G1 Evacuation Pause) 408M->101M(564M) 2.490ms
[1079.879s][info][gc] GC(7040) Pause Young (Normal) (G1 Evacuation Pause) 409M->106M(564M) 2.385ms
[1079.996s][info][gc] GC(7041) Pause Young (Normal) (G1 Evacuation Pause) 414M->108M(564M) 2.323ms
[1080.104s][info][gc] GC(7042) Pause Young (Normal) (G1 Evacuation Pause) 416M->110M(680M) 2.134ms
[1080.242s][info][gc] GC(7043) Pause Young (Normal) (G1 Evacuation Pause) 490M->112M(680M) 2.350ms
[1080.382s][info][gc] GC(7044) Pause Young (Normal) (G1 Evacuation Pause) 492M->113M(680M) 2.474ms
[1080.628s][info][gc] GC(7045) Pause Young (Normal) (G1 Evacuation Pause) 489M->119M(680M) 2.998ms
[1080.762s][info][gc] GC(7046) Pause Young (Normal) (G1 Evacuation Pause) 491M->124M(680M) 2.667ms
[1080.897s][info][gc] GC(7047) Pause Young (Normal) (G1 Evacuation Pause) 500M->128M(680M) 2.738ms
[1081.044s][info][gc] GC(7048) Pause Young (Normal) (G1 Evacuation Pause) 504M->130M(680M) 2.891ms
[1081.182s][info][gc] GC(7049) Pause Young (Normal) (G1 Evacuation Pause) 506M->133M(680M) 2.813ms
[1081.317s][info][gc] GC(7050) Pause Young (Normal) (G1 Evacuation Pause) 509M->138M(680M) 2.746ms
[1081.452s][info][gc] GC(7051) Pause Young (Normal) (G1 Evacuation Pause) 514M->138M(680M) 2.509ms
[1081.589s][info][gc] GC(7052) Pause Young (Normal) (G1 Evacuation Pause) 518M->141M(680M) 2.732ms
[1081.729s][info][gc] GC(7053) Pause Young (Normal) (G1 Evacuation Pause) 517M->146M(680M) 2.888ms
[1081.865s][info][gc] GC(7054) Pause Young (Normal) (G1 Evacuation Pause) 522M->148M(680M) 2.661ms
[1082.006s][info][gc] GC(7055) Pause Young (Normal) (G1 Evacuation Pause) 524M->151M(680M) 2.911ms
[1082.148s][info][gc] GC(7056) Pause Young (Normal) (G1 Evacuation Pause) 527M->154M(680M) 2.473ms
[1082.287s][info][gc] GC(7057) Pause Young (Normal) (G1 Evacuation Pause) 530M->157M(680M) 3.017ms
[1082.437s][info][gc] GC(7058) Pause Young (Normal) (G1 Evacuation Pause) 533M->161M(680M) 2.484ms
[1082.702s][info][gc] GC(7059) Pause Young (Normal) (G1 Evacuation Pause) 537M->165M(680M) 2.607ms
[1082.832s][info][gc] GC(7060) Pause Young (Normal) (G1 Evacuation Pause) 537M->168M(680M) 2.697ms
[1082.961s][info][gc] GC(7061) Pause Young (Normal) (G1 Evacuation Pause) 540M->171M(680M) 2.873ms
[1083.094s][info][gc] GC(7062) Pause Young (Normal) (G1 Evacuation Pause) 547M->174M(680M) 2.479ms
[1083.228s][info][gc] GC(7063) Pause Young (Normal) (G1 Evacuation Pause) 550M->176M(680M) 2.646ms
[1083.357s][info][gc] GC(7064) Pause Young (Normal) (G1 Evacuation Pause) 552M->179M(680M) 2.500ms
[1083.490s][info][gc] GC(7065) Pause Young (Normal) (G1 Evacuation Pause) 555M->184M(680M) 2.832ms
[1083.621s][info][gc] GC(7066) Pause Young (Normal) (G1 Evacuation Pause) 560M->185M(680M) 2.517ms
[1083.750s][info][gc] GC(7067) Pause Young (Normal) (G1 Evacuation Pause) 565M->190M(680M) 2.403ms
[1083.879s][info][gc] GC(7068) Pause Young (Normal) (G1 Evacuation Pause) 566M->194M(680M) 2.562ms
[1084.011s][info][gc] GC(7069) Pause Young (Normal) (G1 Evacuation Pause) 566M->197M(680M) 2.588ms
[1084.151s][info][gc] GC(7070) Pause Young (Normal) (G1 Evacuation Pause) 569M->198M(680M) 2.524ms
[1084.278s][info][gc] GC(7071) Pause Young (Normal) (G1 Evacuation Pause) 574M->201M(680M) 2.755ms
[1084.411s][info][gc] GC(7072) Pause Young (Normal) (G1 Evacuation Pause) 577M->204M(680M) 2.524ms
[1084.681s][info][gc] GC(7073) Pause Young (Normal) (G1 Evacuation Pause) 580M->208M(680M) 2.729ms
[1084.814s][info][gc] GC(7074) Pause Young (Normal) (G1 Evacuation Pause) 584M->212M(680M) 2.785ms
[1084.941s][info][gc] GC(7075) Pause Young (Normal) (G1 Evacuation Pause) 584M->213M(680M) 2.601ms
[1085.075s][info][gc] GC(7076) Pause Young (Normal) (G1 Evacuation Pause) 593M->218M(680M) 2.496ms
[1085.203s][info][gc] GC(7077) Pause Young (Normal) (G1 Evacuation Pause) 594M->220M(680M) 2.595ms
[1085.334s][info][gc] GC(7078) Pause Young (Normal) (G1 Evacuation Pause) 596M->224M(680M) 2.686ms
[1085.464s][info][gc] GC(7079) Pause Young (Normal) (G1 Evacuation Pause) 600M->229M(680M) 2.645ms
[1085.596s][info][gc] GC(7080) Pause Young (Normal) (G1 Evacuation Pause) 605M->230M(680M) 2.551ms
[1085.724s][info][gc] GC(7081) Pause Young (Normal) (G1 Evacuation Pause) 602M->233M(680M) 2.459ms
[1085.859s][info][gc] GC(7082) Pause Young (Normal) (G1 Evacuation Pause) 605M->237M(680M) 2.460ms
[1085.990s][info][gc] GC(7083) Pause Young (Normal) (G1 Evacuation Pause) 605M->240M(680M) 2.515ms
[1086.118s][info][gc] GC(7084) Pause Young (Normal) (G1 Evacuation Pause) 608M->243M(680M) 2.528ms
[1086.242s][info][gc] GC(7085) Pause Young (Normal) (G1 Evacuation Pause) 607M->246M(680M) 2.420ms
[1086.376s][info][gc] GC(7086) Pause Young (Normal) (G1 Evacuation Pause) 606M->249M(680M) 2.554ms
[1086.622s][info][gc] GC(7087) Pause Young (Normal) (G1 Evacuation Pause) 605M->252M(680M) 2.761ms
[1086.742s][info][gc] GC(7088) Pause Young (Normal) (G1 Evacuation Pause) 604M->254M(680M) 2.582ms
[1086.867s][info][gc] GC(7089) Pause Young (Concurrent Start) (G1 Evacuation Pause) 610M->255M(680M) 2.470ms
[1086.867s][info][gc] GC(7090) Concurrent Mark Cycle
[1086.877s][info][gc] GC(7090) Pause Remark 270M->124M(388M) 0.428ms
[1086.879s][info][gc] GC(7090) Pause Cleanup 127M->127M(388M) 0.047ms
[1086.879s][info][gc] GC(7090) Concurrent Mark Cycle 12.683ms
[1086.942s][info][gc] GC(7091) Pause Young (Prepare Mixed) (G1 Evacuation Pause) 310M->115M(388M) 2.471ms
[1087.015s][info][gc] GC(7092) Pause Young (Mixed) (G1 Evacuation Pause) 323M->86M(388M) 2.457ms
[1087.092s][info][gc] GC(7093) Pause Young (Normal) (G1 Evacuation Pause) 302M->88M(388M) 1.790ms
[1087.174s][info][gc] GC(7094) Pause Young (Normal) (G1 Evacuation Pause) 300M->91M(468M) 1.835ms
[1087.260s][info][gc] GC(7095) Pause Young (Normal) (G1 Evacuation Pause) 351M->91M(468M) 1.768ms
[1087.352s][info][gc] GC(7096) Pause Young (Normal) (G1 Evacuation Pause) 351M->94M(468M) 1.859ms
[1087.437s][info][gc] GC(7097) Pause Young (Normal) (G1 Evacuation Pause) 350M->96M(468M) 1.936ms
[1087.530s][info][gc] GC(7098) Pause Young (Normal) (G1 Evacuation Pause) 356M->97M(564M) 2.028ms
[1087.633s][info][gc] GC(7099) Pause Young (Normal) (G1 Evacuation Pause) 413M->100M(564M) 1.952ms
[1087.742s][info][gc] GC(7100) Pause Young (Normal) (G1 Evacuation Pause) 412M->103M(564M) 2.076ms
[1087.852s][info][gc] GC(7101) Pause Young (Normal) (G1 Evacuation Pause) 411M->106M(564M) 2.365ms
[1087.958s][info][gc] GC(7102) Pause Young (Normal) (G1 Evacuation Pause) 414M->110M(564M) 2.136ms
[1088.066s][info][gc] GC(7103) Pause Young (Normal) (G1 Evacuation Pause) 418M->113M(564M) 2.197ms
[1088.172s][info][gc] GC(7104) Pause Young (Normal) (G1 Evacuation Pause) 421M->114M(680M) 2.139ms
[1088.317s][info][gc] GC(7105) Pause Young (Normal) (G1 Evacuation Pause) 494M->116M(680M) 2.719ms
[1088.482s][info][gc] GC(7106) Pause Young (Normal) (G1 Evacuation Pause) 496M->116M(680M) 2.209ms
[1088.691s][info][gc] GC(7107) Pause Young (Normal) (G1 Evacuation Pause) 496M->124M(680M) 2.555ms
[1088.823s][info][gc] GC(7108) Pause Young (Normal) (G1 Evacuation Pause) 496M->126M(680M) 2.596ms
[1088.963s][info][gc] GC(7109) Pause Young (Normal) (G1 Evacuation Pause) 502M->130M(680M) 2.629ms
[1089.096s][info][gc] GC(7110) Pause Young (Normal) (G1 Evacuation Pause) 502M->134M(680M) 2.963ms
[1089.225s][info][gc] GC(7111) Pause Young (Normal) (G1 Evacuation Pause) 510M->136M(680M) 2.569ms
[1089.356s][info][gc] GC(7112) Pause Young (Normal) (G1 Evacuation Pause) 512M->142M(680M) 2.564ms
[1089.488s][info][gc] GC(7113) Pause Young (Normal) (G1 Evacuation Pause) 514M->144M(680M) 2.858ms
[1089.623s][info][gc] GC(7114) Pause Young (Normal) (G1 Evacuation Pause) 520M->147M(680M) 2.649ms
[1089.759s][info][gc] GC(7115) Pause Young (Normal) (G1 Evacuation Pause) 523M->150M(680M) 2.611ms
[1089.891s][info][gc] GC(7116) Pause Young (Normal) (G1 Evacuation Pause) 526M->152M(680M) 2.466ms
[1090.022s][info][gc] GC(7117) Pause Young (Normal) (G1 Evacuation Pause) 528M->157M(680M) 2.712ms
[1090.149s][info][gc] GC(7118) Pause Young (Normal) (G1 Evacuation Pause) 533M->160M(680M) 2.493ms
[1090.277s][info][gc] GC(7119) Pause Young (Normal) (G1 Evacuation Pause) 536M->163M(680M) 2.626ms
[1090.417s][info][gc] GC(7120) Pause Young (Normal) (G1 Evacuation Pause) 539M->163M(680M) 2.276ms
[1090.643s][info][gc] GC(7121) Pause Young (Normal) (G1 Evacuation Pause) 543M->169M(680M) 2.510ms
[1090.770s][info][gc] GC(7122) Pause Young (Normal) (G1 Evacuation Pause) 541M->173M(680M) 3.391ms
[1090.899s][info][gc] GC(7123) Pause Young (Normal) (G1 Evacuation Pause) 545M->176M(680M) 2.495ms
[1091.028s][info][gc] GC(7124) Pause Young (Normal) (G1 Evacuation Pause) 552M->177M(680M) 2.655ms
[1091.158s][info][gc] GC(7125) Pause Young (Normal) (G1 Evacuation Pause) 553M->181M(680M) 2.650ms
[1091.294s][info][gc] GC(7126) Pause Young (Normal) (G1 Evacuation Pause) 557M->185M(680M) 2.495ms
[1091.420s][info][gc] GC(7127) Pause Young (Normal) (G1 Evacuation Pause) 561M->188M(680M) 2.505ms
[1091.551s][info][gc] GC(7128) Pause Young (Normal) (G1 Evacuation Pause) 564M->193M(680M) 2.560ms
[1091.682s][info][gc] GC(7129) Pause Young (Normal) (G1 Evacuation Pause) 565M->195M(680M) 2.582ms
[1091.812s][info][gc] GC(7130) Pause Young (Normal) (G1 Evacuation Pause) 571M->199M(680M) 2.438ms
[1091.943s][info][gc] GC(7131) Pause Young (Normal) (G1 Evacuation Pause) 575M->202M(680M) 2.523ms
[1092.072s][info][gc] GC(7132) Pause Young (Normal) (G1 Evacuation Pause) 578M->205M(680M) 2.534ms
[1092.197s][info][gc] GC(7133) Pause Young (Normal) (G1 Evacuation Pause) 581M->207M(680M) 2.483ms
[1092.329s][info][gc] GC(7134) Pause Young (Normal) (G1 Evacuation Pause) 583M->207M(680M) 2.384ms
[1092.569s][info][gc] GC(7135) Pause Young (Normal) (G1 Evacuation Pause) 587M->215M(680M) 2.512ms
[1092.694s][info][gc] GC(7136) Pause Young (Normal) (G1 Evacuation Pause) 587M->216M(680M) 2.657ms
[1092.821s][info][gc] GC(7137) Pause Young (Normal) (G1 Evacuation Pause) 592M->219M(680M) 2.431ms
[1092.948s][info][gc] GC(7138) Pause Young (Normal) (G1 Evacuation Pause) 595M->223M(680M) 2.478ms
[1093.076s][info][gc] GC(7139) Pause Young (Normal) (G1 Evacuation Pause) 599M->226M(680M) 2.527ms
[1093.203s][info][gc] GC(7140) Pause Young (Normal) (G1 Evacuation Pause) 602M->228M(680M) 2.588ms
[1093.338s][info][gc] GC(7141) Pause Young (Normal) (G1 Evacuation Pause) 604M->232M(680M) 2.626ms
[1093.466s][info][gc] GC(7142) Pause Young (Normal) (G1 Evacuation Pause) 608M->235M(680M) 2.539ms
[1093.593s][info][gc] GC(7143) Pause Young (Normal) (G1 Evacuation Pause) 607M->238M(680M) 2.549ms
[1093.717s][info][gc] GC(7144) Pause Young (Normal) (G1 Evacuation Pause) 606M->241M(680M) 2.437ms
[1093.842s][info][gc] GC(7145) Pause Young (Normal) (G1 Evacuation Pause) 605M->244M(680M) 2.397ms
[1093.963s][info][gc] GC(7146) Pause Young (Normal) (G1 Evacuation Pause) 608M->249M(680M) 2.439ms
[1094.085s][info][gc] GC(7147) Pause Young (Normal) (G1 Evacuation Pause) 609M->251M(680M) 2.439ms
[1094.205s][info][gc] GC(7148) Pause Young (Normal) (G1 Evacuation Pause) 607M->254M(680M) 2.647ms
[1094.421s][info][gc] GC(7149) Pause Young (Normal) (G1 Evacuation Pause) 606M->257M(680M) 2.509ms
[1094.544s][info][gc] GC(7150) Pause Young (Concurrent Start) (G1 Evacuation Pause) 613M->259M(680M) 2.391ms
[1094.544s][info][gc] GC(7151) Concurrent Mark Cycle
[1094.559s][info][gc] GC(7151) Pause Remark 299M->156M(400M) 0.449ms
[1094.562s][info][gc] GC(7151) Pause Cleanup 167M->167M(400M) 0.057ms
[1094.563s][info][gc] GC(7151) Concurrent Mark Cycle 18.635ms
[1094.616s][info][gc] GC(7152) Pause Young (Prepare Mixed) (G1 Evacuation Pause) 328M->119M(400M) 2.050ms
[1094.699s][info][gc] GC(7153) Pause Young (Mixed) (G1 Evacuation Pause) 339M->91M(400M) 2.138ms
[1094.778s][info][gc] GC(7154) Pause Young (Normal) (G1 Evacuation Pause) 311M->93M(400M) 2.005ms
[1094.847s][info][gc] GC(7155) Pause Young (Normal) (G1 Evacuation Pause) 313M->95M(480M) 1.779ms
[1094.946s][info][gc] GC(7156) Pause Young (Normal) (G1 Evacuation Pause) 363M->99M(480M) 2.084ms
[1095.036s][info][gc] GC(7157) Pause Young (Normal) (G1 Evacuation Pause) 363M->98M(480M) 2.218ms
[1095.126s][info][gc] GC(7158) Pause Young (Normal) (G1 Evacuation Pause) 366M->101M(480M) 1.828ms
[1095.217s][info][gc] GC(7159) Pause Young (Normal) (G1 Evacuation Pause) 365M->105M(576M) 2.019ms
[1095.329s][info][gc] GC(7160) Pause Young (Normal) (G1 Evacuation Pause) 425M->106M(576M) 2.164ms
[1095.438s][info][gc] GC(7161) Pause Young (Normal) (G1 Evacuation Pause) 422M->109M(576M) 2.139ms
[1095.543s][info][gc] GC(7162) Pause Young (Normal) (G1 Evacuation Pause) 425M->111M(576M) 2.080ms
[1095.649s][info][gc] GC(7163) Pause Young (Normal) (G1 Evacuation Pause) 427M->113M(576M) 2.135ms
[1095.752s][info][gc] GC(7164) Pause Young (Normal) (G1 Evacuation Pause) 429M->116M(576M) 2.248ms
[1095.862s][info][gc] GC(7165) Pause Young (Normal) (G1 Evacuation Pause) 432M->120M(692M) 2.296ms
[1095.996s][info][gc] GC(7166) Pause Young (Normal) (G1 Evacuation Pause) 500M->122M(692M) 2.486ms
[1096.128s][info][gc] GC(7167) Pause Young (Normal) (G1 Evacuation Pause) 502M->124M(692M) 2.385ms
[1096.371s][info][gc] GC(7168) Pause Young (Normal) (G1 Evacuation Pause) 508M->129M(692M) 2.539ms
[1096.499s][info][gc] GC(7169) Pause Young (Normal) (G1 Evacuation Pause) 505M->133M(692M) 2.663ms
[1096.626s][info][gc] GC(7170) Pause Young (Normal) (G1 Evacuation Pause) 513M->138M(692M) 2.508ms
[1096.753s][info][gc] GC(7171) Pause Young (Normal) (G1 Evacuation Pause) 514M->140M(692M) 2.612ms
[1096.883s][info][gc] GC(7172) Pause Young (Normal) (G1 Evacuation Pause) 520M->143M(692M) 2.576ms
[1097.015s][info][gc] GC(7173) Pause Young (Normal) (G1 Evacuation Pause) 523M->145M(692M) 2.567ms
[1097.144s][info][gc] GC(7174) Pause Young (Normal) (G1 Evacuation Pause) 529M->151M(692M) 2.468ms
[1097.273s][info][gc] GC(7175) Pause Young (Normal) (G1 Evacuation Pause) 527M->152M(692M) 2.624ms
[1097.403s][info][gc] GC(7176) Pause Young (Normal) (G1 Evacuation Pause) 528M->154M(692M) 2.705ms
[1097.531s][info][gc] GC(7177) Pause Young (Normal) (G1 Evacuation Pause) 534M->161M(692M) 3.113ms
[1097.659s][info][gc] GC(7178) Pause Young (Normal) (G1 Evacuation Pause) 537M->162M(692M) 2.533ms
[1097.790s][info][gc] GC(7179) Pause Young (Normal) (G1 Evacuation Pause) 542M->166M(692M) 2.876ms
[1097.919s][info][gc] GC(7180) Pause Young (Normal) (G1 Evacuation Pause) 542M->169M(692M) 2.668ms
[1098.047s][info][gc] GC(7181) Pause Young (Normal) (G1 Evacuation Pause) 549M->172M(692M) 2.603ms
[1098.328s][info][gc] GC(7182) Pause Young (Normal) (G1 Evacuation Pause) 552M->183M(692M) 3.055ms
[1098.725s][info][gc] GC(7183) Pause Young (Concurrent Start) (G1 Humongous Allocation) 415M->221M(692M) 2.813ms
[1098.725s][info][gc] GC(7184) Concurrent Undo Cycle
[1098.726s][info][gc] GC(7184) Concurrent Undo Cycle 0.076ms
[1099.088s][info][gc] GC(7185) Pause Young (Concurrent Start) (G1 Humongous Allocation) 272M->221M(692M) 1.835ms
[1099.088s][info][gc] GC(7186) Concurrent Undo Cycle
[1099.088s][info][gc] GC(7186) Concurrent Undo Cycle 0.085ms
[1099.359s][info][gc] GC(7187) Pause Young (Concurrent Start) (G1 Humongous Allocation) 248M->211M(692M) 1.109ms
[1099.360s][info][gc] GC(7188) Concurrent Undo Cycle
[1099.360s][info][gc] GC(7188) Concurrent Undo Cycle 0.087ms
[1099.588s][info][gc] GC(7189) Pause Young (Concurrent Start) (G1 Humongous Allocation) 246M->197M(692M) 1.025ms
[1099.588s][info][gc] GC(7190) Concurrent Undo Cycle
[1099.588s][info][gc] GC(7190) Concurrent Undo Cycle 0.096ms
[1099.748s][info][gc] GC(7191) Pause Young (Concurrent Start) (G1 Humongous Allocation) 248M->213M(692M) 0.952ms
[1099.748s][info][gc] GC(7192) Concurrent Undo Cycle
[1099.748s][info][gc] GC(7192) Concurrent Undo Cycle 0.089ms
[1099.984s][info][gc] GC(7193) Pause Young (Concurrent Start) (G1 Humongous Allocation) 248M->213M(692M) 1.053ms
[1099.984s][info][gc] GC(7194) Concurrent Undo Cycle
[1099.984s][info][gc] GC(7194) Concurrent Undo Cycle 0.082ms
[1100.166s][info][gc] GC(7195) Pause Young (Concurrent Start) (G1 Humongous Allocation) 248M->214M(692M) 1.036ms
[1100.166s][info][gc] GC(7196) Concurrent Undo Cycle
[1100.166s][info][gc] GC(7196) Concurrent Undo Cycle 0.087ms
[1100.335s][info][gc] GC(7197) Pause Young (Concurrent Start) (G1 Humongous Allocation) 249M->212M(692M) 1.057ms
[1100.335s][info][gc] GC(7198) Concurrent Undo Cycle
[1100.335s][info][gc] GC(7198) Concurrent Undo Cycle 0.078ms
[1100.495s][info][gc] GC(7199) Pause Young (Concurrent Start) (G1 Humongous Allocation) 247M->213M(692M) 1.084ms
[1100.495s][info][gc] GC(7200) Concurrent Undo Cycle
[1100.495s][info][gc] GC(7200) Concurrent Undo Cycle 0.072ms
[1100.610s][info][gc] GC(7201) Pause Young (Concurrent Start) (G1 Humongous Allocation) 248M->213M(692M) 1.040ms
[1100.610s][info][gc] GC(7202) Concurrent Undo Cycle
[1100.610s][info][gc] GC(7202) Concurrent Undo Cycle 0.069ms
[1100.744s][info][gc] GC(7203) Pause Young (Concurrent Start) (G1 Humongous Allocation) 249M->213M(692M) 1.083ms
[1100.744s][info][gc] GC(7204) Concurrent Undo Cycle
[1100.745s][info][gc] GC(7204) Concurrent Undo Cycle 0.069ms
[1100.880s][info][gc] GC(7205) Pause Young (Concurrent Start) (G1 Humongous Allocation) 248M->214M(692M) 1.190ms
[1100.880s][info][gc] GC(7206) Concurrent Undo Cycle
[1100.881s][info][gc] GC(7206) Concurrent Undo Cycle 0.087ms
[1101.019s][info][gc] GC(7207) Pause Young (Concurrent Start) (G1 Humongous Allocation) 249M->214M(692M) 1.080ms
[1101.019s][info][gc] GC(7208) Concurrent Undo Cycle
[1101.019s][info][gc] GC(7208) Concurrent Undo Cycle 0.074ms
[1101.216s][info][gc] GC(7209) Pause Young (Concurrent Start) (G1 Humongous Allocation) 249M->215M(692M) 1.135ms
[1101.216s][info][gc] GC(7210) Concurrent Undo Cycle
[1101.216s][info][gc] GC(7210) Concurrent Undo Cycle 0.068ms
[1101.345s][info][gc] GC(7211) Pause Young (Concurrent Start) (G1 Humongous Allocation) 250M->215M(692M) 1.219ms
[1101.345s][info][gc] GC(7212) Concurrent Undo Cycle
[1101.345s][info][gc] GC(7212) Concurrent Undo Cycle 0.090ms
[1101.644s][info][gc] GC(7213) Pause Young (Concurrent Start) (G1 Humongous Allocation) 250M->215M(692M) 1.470ms
[1101.644s][info][gc] GC(7214) Concurrent Undo Cycle
[1101.644s][info][gc] GC(7214) Concurrent Undo Cycle 0.072ms
[1101.906s][info][gc] GC(7215) Pause Young (Concurrent Start) (G1 Humongous Allocation) 250M->215M(692M) 0.611ms
[1101.906s][info][gc] GC(7216) Concurrent Undo Cycle
[1101.906s][info][gc] GC(7216) Concurrent Undo Cycle 0.062ms
[1102.066s][info][gc] GC(7217) Pause Young (Concurrent Start) (G1 Humongous Allocation) 242M->223M(692M) 0.584ms
[1102.066s][info][gc] GC(7218) Concurrent Undo Cycle
[1102.066s][info][gc] GC(7218) Concurrent Undo Cycle 0.070ms
[1102.335s][info][gc] GC(7219) Pause Young (Concurrent Start) (G1 Humongous Allocation) 250M->215M(692M) 0.598ms
[1102.335s][info][gc] GC(7220) Concurrent Undo Cycle
[1102.335s][info][gc] GC(7220) Concurrent Undo Cycle 0.074ms
[1102.452s][info][gc] GC(7221) Pause Young (Concurrent Start) (G1 Humongous Allocation) 242M->223M(692M) 0.623ms
[1102.452s][info][gc] GC(7222) Concurrent Undo Cycle
[1102.452s][info][gc] GC(7222) Concurrent Undo Cycle 0.076ms
[1102.591s][info][gc] GC(7223) Pause Young (Concurrent Start) (G1 Humongous Allocation) 242M->223M(692M) 0.580ms
[1102.591s][info][gc] GC(7224) Concurrent Undo Cycle
[1102.591s][info][gc] GC(7224) Concurrent Undo Cycle 0.068ms
[1102.728s][info][gc] GC(7225) Pause Young (Concurrent Start) (G1 Humongous Allocation) 242M->223M(692M) 0.628ms
[1102.728s][info][gc] GC(7226) Concurrent Undo Cycle
[1102.728s][info][gc] GC(7226) Concurrent Undo Cycle 0.059ms
[1102.924s][info][gc] GC(7227) Pause Young (Concurrent Start) (G1 Humongous Allocation) 234M->215M(692M) 0.592ms
[1102.924s][info][gc] GC(7228) Concurrent Undo Cycle
[1102.924s][info][gc] GC(7228) Concurrent Undo Cycle 0.060ms
[1103.060s][info][gc] GC(7229) Pause Young (Concurrent Start) (G1 Humongous Allocation) 234M->215M(692M) 0.539ms
[1103.060s][info][gc] GC(7230) Concurrent Undo Cycle
[1103.060s][info][gc] GC(7230) Concurrent Undo Cycle 0.065ms
[1103.134s][info][gc] GC(7231) Pause Young (Concurrent Start) (G1 Humongous Allocation) 234M->215M(692M) 0.556ms
[1103.134s][info][gc] GC(7232) Concurrent Undo Cycle
[1103.134s][info][gc] GC(7232) Concurrent Undo Cycle 0.063ms
[1103.296s][info][gc] GC(7233) Pause Young (Concurrent Start) (G1 Humongous Allocation) 235M->215M(692M) 0.576ms
[1103.296s][info][gc] GC(7234) Concurrent Undo Cycle
[1103.296s][info][gc] GC(7234) Concurrent Undo Cycle 0.061ms
[1103.314s][info][gc] GC(7235) Pause Young (Concurrent Start) (G1 Humongous Allocation) 235M->216M(692M) 0.537ms
[1103.314s][info][gc] GC(7236) Concurrent Undo Cycle
[1103.314s][info][gc] GC(7236) Concurrent Undo Cycle 0.060ms
[1103.472s][info][gc] GC(7237) Pause Young (Concurrent Start) (G1 Humongous Allocation) 235M->216M(692M) 0.585ms
[1103.472s][info][gc] GC(7238) Concurrent Undo Cycle
[1103.472s][info][gc] GC(7238) Concurrent Undo Cycle 0.063ms
[1103.687s][info][gc] GC(7239) Pause Young (Concurrent Start) (G1 Humongous Allocation) 235M->216M(692M) 0.580ms
[1103.687s][info][gc] GC(7240) Concurrent Undo Cycle
[1103.687s][info][gc] GC(7240) Concurrent Undo Cycle 0.078ms
[1103.872s][info][gc] GC(7241) Pause Young (Concurrent Start) (G1 Humongous Allocation) 233M->216M(692M) 0.539ms
[1103.872s][info][gc] GC(7242) Concurrent Undo Cycle
[1103.872s][info][gc] GC(7242) Concurrent Undo Cycle 0.074ms
[1103.884s][info][gc] GC(7243) Pause Young (Concurrent Start) (G1 Humongous Allocation) 235M->216M(692M) 0.555ms
[1103.884s][info][gc] GC(7244) Concurrent Undo Cycle
[1103.884s][info][gc] GC(7244) Concurrent Undo Cycle 0.060ms
[1104.048s][info][gc] GC(7245) Pause Young (Concurrent Start) (G1 Humongous Allocation) 233M->216M(692M) 0.532ms
[1104.048s][info][gc] GC(7246) Concurrent Undo Cycle
[1104.049s][info][gc] GC(7246) Concurrent Undo Cycle 0.064ms
[1104.090s][info][gc] GC(7247) Pause Young (Concurrent Start) (G1 Humongous Allocation) 235M->216M(692M) 0.504ms
[1104.090s][info][gc] GC(7248) Concurrent Undo Cycle
[1104.090s][info][gc] GC(7248) Concurrent Undo Cycle 0.067ms
[1104.274s][info][gc] GC(7249) Pause Young (Concurrent Start) (G1 Humongous Allocation) 235M->216M(692M) 0.488ms
[1104.274s][info][gc] GC(7250) Concurrent Undo Cycle
[1104.274s][info][gc] GC(7250) Concurrent Undo Cycle 0.059ms
[1104.497s][info][gc] GC(7251) Pause Young (Concurrent Start) (G1 Humongous Allocation) 235M->216M(692M) 0.544ms
[1104.497s][info][gc] GC(7252) Concurrent Undo Cycle
[1104.497s][info][gc] GC(7252) Concurrent Undo Cycle 0.070ms
[1104.629s][info][gc] GC(7253) Pause Young (Concurrent Start) (G1 Humongous Allocation) 236M->216M(692M) 0.529ms
[1104.629s][info][gc] GC(7254) Concurrent Undo Cycle
[1104.629s][info][gc] GC(7254) Concurrent Undo Cycle 0.065ms
[1104.757s][info][gc] GC(7255) Pause Young (Concurrent Start) (G1 Humongous Allocation) 236M->216M(692M) 0.521ms
[1104.757s][info][gc] GC(7256) Concurrent Undo Cycle
[1104.757s][info][gc] GC(7256) Concurrent Undo Cycle 0.079ms
[1104.865s][info][gc] GC(7257) Pause Young (Concurrent Start) (G1 Humongous Allocation) 236M->216M(692M) 0.496ms
[1104.865s][info][gc] GC(7258) Concurrent Undo Cycle
[1104.865s][info][gc] GC(7258) Concurrent Undo Cycle 0.063ms
[1104.966s][info][gc] GC(7259) Pause Young (Concurrent Start) (G1 Humongous Allocation) 236M->217M(692M) 0.561ms
[1104.966s][info][gc] GC(7260) Concurrent Undo Cycle
[1104.966s][info][gc] GC(7260) Concurrent Undo Cycle 0.068ms
[1105.077s][info][gc] GC(7261) Pause Young (Concurrent Start) (G1 Humongous Allocation) 236M->217M(692M) 0.541ms
[1105.077s][info][gc] GC(7262) Concurrent Undo Cycle
[1105.077s][info][gc] GC(7262) Concurrent Undo Cycle 0.064ms
[1105.191s][info][gc] GC(7263) Pause Young (Concurrent Start) (G1 Humongous Allocation) 236M->217M(692M) 0.494ms
[1105.191s][info][gc] GC(7264) Concurrent Undo Cycle
[1105.191s][info][gc] GC(7264) Concurrent Undo Cycle 0.058ms
[1105.290s][info][gc] GC(7265) Pause Young (Concurrent Start) (G1 Humongous Allocation) 236M->217M(692M) 0.496ms
[1105.290s][info][gc] GC(7266) Concurrent Undo Cycle
[1105.290s][info][gc] GC(7266) Concurrent Undo Cycle 0.059ms
[1105.414s][info][gc] GC(7267) Pause Young (Concurrent Start) (G1 Humongous Allocation) 236M->217M(692M) 0.499ms
[1105.414s][info][gc] GC(7268) Concurrent Undo Cycle
[1105.414s][info][gc] GC(7268) Concurrent Undo Cycle 0.060ms
[1105.520s][info][gc] GC(7269) Pause Young (Concurrent Start) (G1 Humongous Allocation) 236M->217M(692M) 0.512ms
[1105.520s][info][gc] GC(7270) Concurrent Undo Cycle
[1105.521s][info][gc] GC(7270) Concurrent Undo Cycle 0.070ms
[1105.662s][info][gc] GC(7271) Pause Young (Concurrent Start) (G1 Humongous Allocation) 236M->217M(692M) 0.514ms
[1105.662s][info][gc] GC(7272) Concurrent Undo Cycle
[1105.662s][info][gc] GC(7272) Concurrent Undo Cycle 0.067ms
[1105.775s][info][gc] GC(7273) Pause Young (Concurrent Start) (G1 Humongous Allocation) 236M->217M(692M) 0.500ms
[1105.775s][info][gc] GC(7274) Concurrent Undo Cycle
[1105.775s][info][gc] GC(7274) Concurrent Undo Cycle 0.054ms
[1106.050s][info][gc] GC(7275) Pause Young (Concurrent Start) (G1 Humongous Allocation) 237M->217M(692M) 0.511ms
[1106.050s][info][gc] GC(7276) Concurrent Undo Cycle
[1106.050s][info][gc] GC(7276) Concurrent Undo Cycle 0.064ms
[1106.169s][info][gc] GC(7277) Pause Young (Concurrent Start) (G1 Humongous Allocation) 237M->217M(692M) 0.573ms
[1106.169s][info][gc] GC(7278) Concurrent Undo Cycle
[1106.169s][info][gc] GC(7278) Concurrent Undo Cycle 0.058ms
[1106.302s][info][gc] GC(7279) Pause Young (Concurrent Start) (G1 Humongous Allocation) 237M->217M(692M) 0.505ms
[1106.302s][info][gc] GC(7280) Concurrent Undo Cycle
[1106.302s][info][gc] GC(7280) Concurrent Undo Cycle 0.067ms
[1106.395s][info][gc] GC(7281) Pause Young (Concurrent Start) (G1 Humongous Allocation) 237M->218M(692M) 0.517ms
[1106.395s][info][gc] GC(7282) Concurrent Undo Cycle
[1106.395s][info][gc] GC(7282) Concurrent Undo Cycle 0.062ms
[1106.489s][info][gc] GC(7283) Pause Young (Concurrent Start) (G1 Humongous Allocation) 237M->218M(692M) 0.542ms
[1106.489s][info][gc] GC(7284) Concurrent Undo Cycle
[1106.489s][info][gc] GC(7284) Concurrent Undo Cycle 0.061ms
[1106.582s][info][gc] GC(7285) Pause Young (Concurrent Start) (G1 Humongous Allocation) 237M->218M(692M) 0.590ms
[1106.582s][info][gc] GC(7286) Concurrent Undo Cycle
[1106.582s][info][gc] GC(7286) Concurrent Undo Cycle 0.067ms
[1106.843s][info][gc] GC(7287) Pause Young (Concurrent Start) (G1 Humongous Allocation) 237M->218M(692M) 0.479ms
[1106.843s][info][gc] GC(7288) Concurrent Undo Cycle
[1106.843s][info][gc] GC(7288) Concurrent Undo Cycle 0.072ms
[1106.932s][info][gc] GC(7289) Pause Young (Concurrent Start) (G1 Humongous Allocation) 237M->218M(692M) 0.549ms
[1106.932s][info][gc] GC(7290) Concurrent Undo Cycle
[1106.932s][info][gc] GC(7290) Concurrent Undo Cycle 0.071ms
[1107.100s][info][gc] GC(7291) Pause Young (Concurrent Start) (G1 Humongous Allocation) 237M->218M(692M) 0.528ms
[1107.100s][info][gc] GC(7292) Concurrent Undo Cycle
[1107.100s][info][gc] GC(7292) Concurrent Undo Cycle 0.071ms
[1107.174s][info][gc] GC(7293) Pause Young (Concurrent Start) (G1 Humongous Allocation) 237M->218M(692M) 0.512ms
[1107.174s][info][gc] GC(7294) Concurrent Undo Cycle
[1107.174s][info][gc] GC(7294) Concurrent Undo Cycle 0.064ms
[1107.255s][info][gc] GC(7295) Pause Young (Concurrent Start) (G1 Humongous Allocation) 237M->218M(692M) 0.514ms
[1107.255s][info][gc] GC(7296) Concurrent Undo Cycle
[1107.255s][info][gc] GC(7296) Concurrent Undo Cycle 0.063ms
[1107.329s][info][gc] GC(7297) Pause Young (Concurrent Start) (G1 Humongous Allocation) 237M->218M(692M) 0.530ms
[1107.329s][info][gc] GC(7298) Concurrent Undo Cycle
[1107.329s][info][gc] GC(7298) Concurrent Undo Cycle 0.063ms
[1107.481s][info][gc] GC(7299) Pause Young (Concurrent Start) (G1 Humongous Allocation) 238M->218M(692M) 0.504ms
[1107.481s][info][gc] GC(7300) Concurrent Undo Cycle
[1107.481s][info][gc] GC(7300) Concurrent Undo Cycle 0.068ms
[1107.561s][info][gc] GC(7301) Pause Young (Concurrent Start) (G1 Humongous Allocation) 238M->218M(692M) 0.497ms
[1107.561s][info][gc] GC(7302) Concurrent Undo Cycle
[1107.561s][info][gc] GC(7302) Concurrent Undo Cycle 0.069ms
[1107.674s][info][gc] GC(7303) Pause Young (Concurrent Start) (G1 Humongous Allocation) 238M->219M(692M) 0.506ms
[1107.674s][info][gc] GC(7304) Concurrent Undo Cycle
[1107.674s][info][gc] GC(7304) Concurrent Undo Cycle 0.065ms
[1107.746s][info][gc] GC(7305) Pause Young (Concurrent Start) (G1 Humongous Allocation) 238M->219M(692M) 0.511ms
[1107.746s][info][gc] GC(7306) Concurrent Undo Cycle
[1107.746s][info][gc] GC(7306) Concurrent Undo Cycle 0.062ms
[1107.923s][info][gc] GC(7307) Pause Young (Concurrent Start) (G1 Humongous Allocation) 238M->219M(692M) 0.494ms
[1107.923s][info][gc] GC(7308) Concurrent Undo Cycle
[1107.923s][info][gc] GC(7308) Concurrent Undo Cycle 0.061ms
[1107.984s][info][gc] GC(7309) Pause Young (Concurrent Start) (G1 Humongous Allocation) 238M->219M(692M) 0.501ms
[1107.984s][info][gc] GC(7310) Concurrent Undo Cycle
[1107.984s][info][gc] GC(7310) Concurrent Undo Cycle 0.058ms
[1108.324s][info][gc] GC(7311) Pause Young (Concurrent Start) (G1 Humongous Allocation) 237M->219M(692M) 0.578ms
[1108.324s][info][gc] GC(7312) Concurrent Undo Cycle
[1108.324s][info][gc] GC(7312) Concurrent Undo Cycle 0.065ms
[1108.339s][info][gc] GC(7313) Pause Young (Concurrent Start) (G1 Humongous Allocation) 238M->219M(692M) 0.507ms
[1108.339s][info][gc] GC(7314) Concurrent Undo Cycle
[1108.339s][info][gc] GC(7314) Concurrent Undo Cycle 0.065ms
[1128.187s][info][gc] GC(7315) Pause Young (Concurrent Start) (G1 Humongous Allocation) 542M->218M(692M) 1.513ms
[1128.187s][info][gc] GC(7316) Concurrent Undo Cycle
[1128.187s][info][gc] GC(7316) Concurrent Undo Cycle 0.084ms
[1128.564s][info][gc] GC(7317) Pause Young (Concurrent Start) (G1 Humongous Allocation) 253M->219M(692M) 0.960ms
[1128.564s][info][gc] GC(7318) Concurrent Undo Cycle
[1128.564s][info][gc] GC(7318) Concurrent Undo Cycle 0.097ms
[1128.943s][info][gc] GC(7319) Pause Young (Concurrent Start) (G1 Humongous Allocation) 255M->219M(692M) 0.932ms
[1128.943s][info][gc] GC(7320) Concurrent Undo Cycle
[1128.943s][info][gc] GC(7320) Concurrent Undo Cycle 0.070ms
[1129.449s][info][gc] GC(7321) Pause Young (Concurrent Start) (G1 Humongous Allocation) 253M->220M(692M) 1.093ms
[1129.449s][info][gc] GC(7322) Concurrent Undo Cycle
[1129.449s][info][gc] GC(7322) Concurrent Undo Cycle 0.093ms
[1129.829s][info][gc] GC(7323) Pause Young (Concurrent Start) (G1 Humongous Allocation) 254M->220M(692M) 1.107ms
[1129.829s][info][gc] GC(7324) Concurrent Undo Cycle
[1129.829s][info][gc] GC(7324) Concurrent Undo Cycle 0.095ms
[1130.222s][info][gc] GC(7325) Pause Young (Concurrent Start) (G1 Humongous Allocation) 254M->220M(692M) 1.015ms
[1130.222s][info][gc] GC(7326) Concurrent Undo Cycle
[1130.222s][info][gc] GC(7326) Concurrent Undo Cycle 0.082ms
[1130.496s][info][gc] GC(7327) Pause Young (Concurrent Start) (G1 Humongous Allocation) 254M->219M(692M) 1.024ms
[1130.496s][info][gc] GC(7328) Concurrent Undo Cycle
[1130.497s][info][gc] GC(7328) Concurrent Undo Cycle 0.079ms
[1130.752s][info][gc] GC(7329) Pause Young (Concurrent Start) (G1 Humongous Allocation) 253M->220M(692M) 1.191ms
[1130.752s][info][gc] GC(7330) Concurrent Undo Cycle
[1130.753s][info][gc] GC(7330) Concurrent Undo Cycle 0.090ms
[1131.119s][info][gc] GC(7331) Pause Young (Concurrent Start) (G1 Humongous Allocation) 254M->220M(692M) 1.059ms
[1131.119s][info][gc] GC(7332) Concurrent Undo Cycle
[1131.120s][info][gc] GC(7332) Concurrent Undo Cycle 0.083ms
[1131.530s][info][gc] GC(7333) Pause Young (Concurrent Start) (G1 Humongous Allocation) 254M->221M(692M) 1.082ms
[1131.530s][info][gc] GC(7334) Concurrent Undo Cycle
[1131.530s][info][gc] GC(7334) Concurrent Undo Cycle 0.077ms
[1132.008s][info][gc] GC(7335) Pause Young (Concurrent Start) (G1 Humongous Allocation) 255M->220M(692M) 1.128ms
[1132.009s][info][gc] GC(7336) Concurrent Undo Cycle
[1132.009s][info][gc] GC(7336) Concurrent Undo Cycle 0.080ms
[1132.513s][info][gc] GC(7337) Pause Young (Concurrent Start) (G1 Humongous Allocation) 254M->221M(692M) 1.057ms
[1132.513s][info][gc] GC(7338) Concurrent Undo Cycle
[1132.513s][info][gc] GC(7338) Concurrent Undo Cycle 0.083ms
[1133.064s][info][gc] GC(7339) Pause Young (Concurrent Start) (G1 Humongous Allocation) 255M->220M(692M) 1.109ms
[1133.064s][info][gc] GC(7340) Concurrent Undo Cycle
[1133.064s][info][gc] GC(7340) Concurrent Undo Cycle 0.096ms
[1133.596s][info][gc] GC(7341) Pause Young (Concurrent Start) (G1 Humongous Allocation) 254M->221M(692M) 1.169ms
[1133.596s][info][gc] GC(7342) Concurrent Undo Cycle
[1133.596s][info][gc] GC(7342) Concurrent Undo Cycle 0.083ms
[1134.027s][info][gc] GC(7343) Pause Young (Concurrent Start) (G1 Humongous Allocation) 255M->222M(692M) 1.534ms
[1134.027s][info][gc] GC(7344) Concurrent Undo Cycle
[1134.028s][info][gc] GC(7344) Concurrent Undo Cycle 0.146ms
[1134.646s][info][gc] GC(7345) Pause Young (Concurrent Start) (G1 Humongous Allocation) 256M->222M(692M) 1.670ms
[1134.647s][info][gc] GC(7346) Concurrent Undo Cycle
[1134.647s][info][gc] GC(7346) Concurrent Undo Cycle 0.087ms
[1134.862s][info][gc] GC(7347) Pause Young (Concurrent Start) (G1 Humongous Allocation) 240M->222M(692M) 0.581ms
[1134.862s][info][gc] GC(7348) Concurrent Undo Cycle
[1134.862s][info][gc] GC(7348) Concurrent Undo Cycle 0.065ms
[1135.069s][info][gc] GC(7349) Pause Young (Concurrent Start) (G1 Humongous Allocation) 240M->222M(692M) 0.568ms
[1135.069s][info][gc] GC(7350) Concurrent Undo Cycle
[1135.069s][info][gc] GC(7350) Concurrent Undo Cycle 0.068ms
[1135.286s][info][gc] GC(7351) Pause Young (Concurrent Start) (G1 Humongous Allocation) 240M->222M(692M) 0.591ms
[1135.286s][info][gc] GC(7352) Concurrent Undo Cycle
[1135.286s][info][gc] GC(7352) Concurrent Undo Cycle 0.063ms
[1135.516s][info][gc] GC(7353) Pause Young (Concurrent Start) (G1 Humongous Allocation) 240M->222M(692M) 0.536ms
[1135.516s][info][gc] GC(7354) Concurrent Undo Cycle
[1135.516s][info][gc] GC(7354) Concurrent Undo Cycle 0.063ms
[1135.884s][info][gc] GC(7355) Pause Young (Concurrent Start) (G1 Humongous Allocation) 240M->222M(692M) 0.554ms
[1135.884s][info][gc] GC(7356) Concurrent Undo Cycle
[1135.884s][info][gc] GC(7356) Concurrent Undo Cycle 0.062ms
[1136.116s][info][gc] GC(7357) Pause Young (Concurrent Start) (G1 Humongous Allocation) 240M->222M(692M) 0.551ms
[1136.117s][info][gc] GC(7358) Concurrent Undo Cycle
[1136.117s][info][gc] GC(7358) Concurrent Undo Cycle 0.071ms
[1136.295s][info][gc] GC(7359) Pause Young (Concurrent Start) (G1 Humongous Allocation) 240M->222M(692M) 0.525ms
[1136.295s][info][gc] GC(7360) Concurrent Undo Cycle
[1136.295s][info][gc] GC(7360) Concurrent Undo Cycle 0.055ms
[1136.679s][info][gc] GC(7361) Pause Young (Concurrent Start) (G1 Humongous Allocation) 240M->222M(692M) 0.557ms
[1136.679s][info][gc] GC(7362) Concurrent Undo Cycle
[1136.679s][info][gc] GC(7362) Concurrent Undo Cycle 0.063ms
[1136.920s][info][gc] GC(7363) Pause Young (Concurrent Start) (G1 Humongous Allocation) 240M->222M(692M) 0.587ms
[1136.920s][info][gc] GC(7364) Concurrent Undo Cycle
[1136.920s][info][gc] GC(7364) Concurrent Undo Cycle 0.058ms
[1137.058s][info][gc] GC(7365) Pause Young (Concurrent Start) (G1 Humongous Allocation) 240M->222M(692M) 0.595ms
[1137.058s][info][gc] GC(7366) Concurrent Undo Cycle
[1137.058s][info][gc] GC(7366) Concurrent Undo Cycle 0.070ms
[1137.291s][info][gc] GC(7367) Pause Young (Concurrent Start) (G1 Humongous Allocation) 240M->223M(692M) 0.528ms
[1137.291s][info][gc] GC(7368) Concurrent Undo Cycle
[1137.291s][info][gc] GC(7368) Concurrent Undo Cycle 0.076ms
[1137.464s][info][gc] GC(7369) Pause Young (Concurrent Start) (G1 Humongous Allocation) 241M->223M(692M) 0.504ms
[1137.464s][info][gc] GC(7370) Concurrent Undo Cycle
[1137.464s][info][gc] GC(7370) Concurrent Undo Cycle 0.059ms
[1137.711s][info][gc] GC(7371) Pause Young (Concurrent Start) (G1 Humongous Allocation) 241M->223M(692M) 0.520ms
[1137.711s][info][gc] GC(7372) Concurrent Undo Cycle
[1137.711s][info][gc] GC(7372) Concurrent Undo Cycle 0.060ms
[1138.037s][info][gc] GC(7373) Pause Young (Concurrent Start) (G1 Humongous Allocation) 241M->223M(692M) 0.586ms
[1138.037s][info][gc] GC(7374) Concurrent Undo Cycle
[1138.037s][info][gc] GC(7374) Concurrent Undo Cycle 0.081ms
[1157.425s][info][gc] GC(7375) Pause Young (Concurrent Start) (G1 Humongous Allocation) 481M->238M(692M) 1.308ms
[1157.426s][info][gc] GC(7376) Concurrent Undo Cycle
[1157.426s][info][gc] GC(7376) Concurrent Undo Cycle 0.187ms
[1157.526s][info][gc] GC(7377) Pause Young (Concurrent Start) (G1 Humongous Allocation) 256M->238M(692M) 1.135ms
[1157.526s][info][gc] GC(7378) Concurrent Undo Cycle
[1157.526s][info][gc] GC(7378) Concurrent Undo Cycle 0.092ms
[1157.754s][info][gc] GC(7379) Pause Young (Concurrent Start) (G1 Humongous Allocation) 256M->239M(692M) 1.090ms
[1157.754s][info][gc] GC(7380) Concurrent Undo Cycle
[1157.754s][info][gc] GC(7380) Concurrent Undo Cycle 0.076ms
[1157.960s][info][gc] GC(7381) Pause Young (Concurrent Start) (G1 Humongous Allocation) 257M->239M(692M) 0.993ms
[1157.960s][info][gc] GC(7382) Concurrent Undo Cycle
[1157.960s][info][gc] GC(7382) Concurrent Undo Cycle 0.067ms
[1158.125s][info][gc] GC(7383) Pause Young (Concurrent Start) (G1 Humongous Allocation) 257M->239M(692M) 0.978ms
[1158.125s][info][gc] GC(7384) Concurrent Undo Cycle
[1158.125s][info][gc] GC(7384) Concurrent Undo Cycle 0.063ms
[1158.372s][info][gc] GC(7385) Pause Young (Concurrent Start) (G1 Humongous Allocation) 257M->238M(692M) 1.003ms
[1158.372s][info][gc] GC(7386) Concurrent Undo Cycle
[1158.372s][info][gc] GC(7386) Concurrent Undo Cycle 0.066ms
[1158.595s][info][gc] GC(7387) Pause Young (Concurrent Start) (G1 Humongous Allocation) 256M->239M(692M) 0.974ms
[1158.595s][info][gc] GC(7388) Concurrent Undo Cycle
[1158.595s][info][gc] GC(7388) Concurrent Undo Cycle 0.066ms
[1158.747s][info][gc] GC(7389) Pause Young (Concurrent Start) (G1 Humongous Allocation) 257M->238M(692M) 1.017ms
[1158.747s][info][gc] GC(7390) Concurrent Undo Cycle
[1158.747s][info][gc] GC(7390) Concurrent Undo Cycle 0.062ms
[1158.975s][info][gc] GC(7391) Pause Young (Concurrent Start) (G1 Humongous Allocation) 256M->239M(692M) 1.008ms
[1158.975s][info][gc] GC(7392) Concurrent Undo Cycle
[1158.975s][info][gc] GC(7392) Concurrent Undo Cycle 0.068ms
[1159.185s][info][gc] GC(7393) Pause Young (Concurrent Start) (G1 Humongous Allocation) 257M->239M(692M) 0.980ms
[1159.185s][info][gc] GC(7394) Concurrent Undo Cycle
[1159.185s][info][gc] GC(7394) Concurrent Undo Cycle 0.068ms
[1159.353s][info][gc] GC(7395) Pause Young (Concurrent Start) (G1 Humongous Allocation) 257M->239M(692M) 1.031ms
[1159.353s][info][gc] GC(7396) Concurrent Undo Cycle
[1159.353s][info][gc] GC(7396) Concurrent Undo Cycle 0.076ms
[1159.503s][info][gc] GC(7397) Pause Young (Concurrent Start) (G1 Humongous Allocation) 257M->239M(692M) 1.117ms
[1159.503s][info][gc] GC(7398) Concurrent Undo Cycle
[1159.503s][info][gc] GC(7398) Concurrent Undo Cycle 0.083ms
[1159.622s][info][gc] GC(7399) Pause Young (Concurrent Start) (G1 Humongous Allocation) 257M->240M(692M) 1.034ms
[1159.622s][info][gc] GC(7400) Concurrent Undo Cycle
[1159.622s][info][gc] GC(7400) Concurrent Undo Cycle 0.071ms
[1159.773s][info][gc] GC(7401) Pause Young (Concurrent Start) (G1 Humongous Allocation) 258M->239M(692M) 1.015ms
[1159.773s][info][gc] GC(7402) Concurrent Undo Cycle
[1159.773s][info][gc] GC(7402) Concurrent Undo Cycle 0.074ms
[1159.882s][info][gc] GC(7403) Pause Young (Concurrent Start) (G1 Humongous Allocation) 257M->239M(692M) 0.977ms
[1159.882s][info][gc] GC(7404) Concurrent Undo Cycle
[1159.882s][info][gc] GC(7404) Concurrent Undo Cycle 0.068ms
[1160.021s][info][gc] GC(7405) Pause Young (Concurrent Start) (G1 Humongous Allocation) 257M->240M(692M) 1.098ms
[1160.021s][info][gc] GC(7406) Concurrent Undo Cycle
[1160.022s][info][gc] GC(7406) Concurrent Undo Cycle 0.069ms
[1160.209s][info][gc] GC(7407) Pause Young (Concurrent Start) (G1 Humongous Allocation) 258M->239M(692M) 0.536ms
[1160.209s][info][gc] GC(7408) Concurrent Mark Cycle
[1160.213s][info][gc] GC(7408) Pause Remark 257M->111M(388M) 0.495ms
[1160.215s][info][gc] GC(7408) Pause Cleanup 111M->111M(388M) 0.068ms
[1160.215s][info][gc] GC(7408) Concurrent Mark Cycle 5.426ms
[1174.877s][info][gc] GC(7409) Pause Young (Prepare Mixed) (G1 Evacuation Pause) 589M->96M(608M) 0.856ms
[1203.376s][info][gc] GC(7410) Pause Young (Mixed) (G1 Evacuation Pause) 1060M->78M(1096M) 2.871ms
[1223.107s][info][gc] GC(7411) Pause Young (Concurrent Start) (G1 Humongous Allocation) 822M->87M(1096M) 1.926ms
[1223.107s][info][gc] GC(7412) Concurrent Undo Cycle
[1223.108s][info][gc] GC(7412) Concurrent Undo Cycle 0.217ms
[1245.788s][info][gc] GC(7413) Pause Young (Concurrent Start) (G1 Humongous Allocation) 709M->98M(1096M) 2.669ms
[1245.789s][info][gc] GC(7414) Concurrent Undo Cycle
[1245.789s][info][gc] GC(7414) Concurrent Undo Cycle 0.129ms
[1247.044s][info][gc] GC(7415) Pause Young (Concurrent Start) (G1 Humongous Allocation) 310M->116M(1096M) 1.622ms
[1247.044s][info][gc] GC(7416) Concurrent Undo Cycle
[1247.044s][info][gc] GC(7416) Concurrent Undo Cycle 0.091ms
[1248.085s][info][gc] GC(7417) Pause Young (Concurrent Start) (G1 Humongous Allocation) 312M->116M(1096M) 1.828ms
[1248.085s][info][gc] GC(7418) Concurrent Undo Cycle
[1248.085s][info][gc] GC(7418) Concurrent Undo Cycle 0.089ms
[1249.355s][info][gc] GC(7419) Pause Young (Concurrent Start) (G1 Humongous Allocation) 328M->119M(1096M) 2.031ms
[1249.355s][info][gc] GC(7420) Concurrent Undo Cycle
[1249.355s][info][gc] GC(7420) Concurrent Undo Cycle 0.092ms
[1251.326s][info][gc] GC(7421) Pause Young (Concurrent Start) (G1 Humongous Allocation) 363M->120M(1096M) 2.217ms
[1251.326s][info][gc] GC(7422) Concurrent Undo Cycle
[1251.326s][info][gc] GC(7422) Concurrent Undo Cycle 0.091ms
[1253.597s][info][gc] GC(7423) Pause Young (Concurrent Start) (G1 Humongous Allocation) 388M->114M(1096M) 2.196ms
[1253.597s][info][gc] GC(7424) Concurrent Undo Cycle
[1253.597s][info][gc] GC(7424) Concurrent Undo Cycle 0.092ms
[1255.744s][info][gc] GC(7425) Pause Young (Concurrent Start) (G1 Humongous Allocation) 414M->124M(1096M) 2.424ms
[1255.744s][info][gc] GC(7426) Concurrent Undo Cycle
[1255.744s][info][gc] GC(7426) Concurrent Undo Cycle 0.091ms
[1279.090s][info][gc] GC(7427) Pause Young (Concurrent Start) (G1 Humongous Allocation) 742M->88M(1096M) 1.602ms
[1279.091s][info][gc] GC(7428) Concurrent Undo Cycle
[1279.091s][info][gc] GC(7428) Concurrent Undo Cycle 0.116ms
[1283.725s][info][gc] GC(7429) Pause Young (Concurrent Start) (G1 Humongous Allocation) 372M->80M(1096M) 1.342ms
[1283.725s][info][gc] GC(7430) Concurrent Undo Cycle
[1283.725s][info][gc] GC(7430) Concurrent Undo Cycle 0.085ms
[1305.348s][info][gc] GC(7431) Pause Young (Normal) (G1 Evacuation Pause) 792M->103M(1096M) 3.378ms
[1306.375s][info][gc] GC(7432) Pause Young (Concurrent Start) (G1 Humongous Allocation) 405M->148M(1096M) 2.345ms
[1306.375s][info][gc] GC(7433) Concurrent Undo Cycle
[1306.375s][info][gc] GC(7433) Concurrent Undo Cycle 0.092ms
[1307.220s][info][gc] GC(7434) Pause Young (Concurrent Start) (G1 Humongous Allocation) 346M->150M(1096M) 2.271ms
[1307.220s][info][gc] GC(7435) Concurrent Undo Cycle
[1307.220s][info][gc] GC(7435) Concurrent Undo Cycle 0.095ms
[1307.838s][info][gc] GC(7436) Pause Young (Concurrent Start) (G1 Humongous Allocation) 324M->140M(1096M) 0.934ms
[1307.838s][info][gc] GC(7437) Concurrent Undo Cycle
[1307.838s][info][gc] GC(7437) Concurrent Undo Cycle 0.100ms
[1308.380s][info][gc] GC(7438) Pause Young (Concurrent Start) (G1 Humongous Allocation) 322M->141M(1096M) 1.003ms
[1308.380s][info][gc] GC(7439) Concurrent Undo Cycle
[1308.380s][info][gc] GC(7439) Concurrent Undo Cycle 0.111ms
[1309.256s][info][gc] GC(7440) Pause Young (Concurrent Start) (G1 Humongous Allocation) 315M->150M(1096M) 1.043ms
[1309.256s][info][gc] GC(7441) Concurrent Undo Cycle
[1309.256s][info][gc] GC(7441) Concurrent Undo Cycle 0.093ms
[1310.199s][info][gc] GC(7442) Pause Young (Concurrent Start) (G1 Humongous Allocation) 308M->143M(1096M) 1.201ms
[1310.199s][info][gc] GC(7443) Concurrent Undo Cycle
[1310.199s][info][gc] GC(7443) Concurrent Undo Cycle 0.136ms
[1310.951s][info][gc] GC(7444) Pause Young (Concurrent Start) (G1 Humongous Allocation) 301M->152M(1096M) 1.103ms
[1310.951s][info][gc] GC(7445) Concurrent Undo Cycle
[1310.951s][info][gc] GC(7445) Concurrent Undo Cycle 0.100ms
[1311.803s][info][gc] GC(7446) Pause Young (Concurrent Start) (G1 Humongous Allocation) 294M->145M(1096M) 1.143ms
[1311.803s][info][gc] GC(7447) Concurrent Undo Cycle
[1311.803s][info][gc] GC(7447) Concurrent Undo Cycle 0.106ms
[1312.489s][info][gc] GC(7448) Pause Young (Concurrent Start) (G1 Humongous Allocation) 295M->146M(1096M) 1.170ms
[1312.489s][info][gc] GC(7449) Concurrent Undo Cycle
[1312.489s][info][gc] GC(7449) Concurrent Undo Cycle 0.102ms
[1313.360s][info][gc] GC(7450) Pause Young (Concurrent Start) (G1 Humongous Allocation) 304M->155M(1096M) 1.248ms
[1313.360s][info][gc] GC(7451) Concurrent Undo Cycle
[1313.360s][info][gc] GC(7451) Concurrent Undo Cycle 0.101ms
[1314.190s][info][gc] GC(7452) Pause Young (Concurrent Start) (G1 Humongous Allocation) 305M->155M(1096M) 1.318ms
[1314.190s][info][gc] GC(7453) Concurrent Undo Cycle
[1314.190s][info][gc] GC(7453) Concurrent Undo Cycle 0.101ms
[1314.825s][info][gc] GC(7454) Pause Young (Concurrent Start) (G1 Humongous Allocation) 305M->156M(1096M) 1.343ms
[1314.825s][info][gc] GC(7455) Concurrent Undo Cycle
[1314.825s][info][gc] GC(7455) Concurrent Undo Cycle 0.093ms
[1315.790s][info][gc] GC(7456) Pause Young (Concurrent Start) (G1 Humongous Allocation) 314M->150M(1096M) 1.611ms
[1315.790s][info][gc] GC(7457) Concurrent Undo Cycle
[1315.791s][info][gc] GC(7457) Concurrent Undo Cycle 0.136ms
[1336.644s][info][gc] GC(7458) Pause Young (Normal) (G1 Evacuation Pause) 802M->149M(1096M) 3.497ms
[1337.386s][info][gc] GC(7459) Pause Young (Concurrent Start) (G1 Humongous Allocation) 431M->193M(1096M) 3.193ms
[1337.386s][info][gc] GC(7460) Concurrent Undo Cycle
[1337.387s][info][gc] GC(7460) Concurrent Undo Cycle 0.104ms
[1337.905s][info][gc] GC(7461) Pause Young (Concurrent Start) (G1 Humongous Allocation) 327M->193M(1096M) 2.462ms
[1337.905s][info][gc] GC(7462) Concurrent Undo Cycle
[1337.905s][info][gc] GC(7462) Concurrent Undo Cycle 0.098ms
[1338.428s][info][gc] GC(7463) Pause Young (Concurrent Start) (G1 Humongous Allocation) 319M->204M(1096M) 2.153ms
[1338.428s][info][gc] GC(7464) Concurrent Undo Cycle
[1338.428s][info][gc] GC(7464) Concurrent Undo Cycle 0.085ms
[1338.549s][info][gc] GC(7465) Pause Young (Concurrent Start) (G1 Humongous Allocation) 242M->202M(1096M) 0.914ms
[1338.549s][info][gc] GC(7466) Concurrent Undo Cycle
[1338.549s][info][gc] GC(7466) Concurrent Undo Cycle 0.098ms
[1338.634s][info][gc] GC(7467) Pause Young (Concurrent Start) (G1 Humongous Allocation) 240M->202M(1096M) 0.909ms
[1338.634s][info][gc] GC(7468) Concurrent Undo Cycle
[1338.634s][info][gc] GC(7468) Concurrent Undo Cycle 0.084ms
[1338.817s][info][gc] GC(7469) Pause Young (Concurrent Start) (G1 Humongous Allocation) 248M->194M(1096M) 0.952ms
[1338.818s][info][gc] GC(7470) Concurrent Undo Cycle
[1338.818s][info][gc] GC(7470) Concurrent Undo Cycle 0.089ms
[1338.937s][info][gc] GC(7471) Pause Young (Concurrent Start) (G1 Humongous Allocation) 256M->203M(1096M) 1.027ms
[1338.937s][info][gc] GC(7472) Concurrent Undo Cycle
[1338.938s][info][gc] GC(7472) Concurrent Undo Cycle 0.089ms
[1339.025s][info][gc] GC(7473) Pause Young (Concurrent Start) (G1 Humongous Allocation) 223M->203M(1096M) 0.958ms
[1339.025s][info][gc] GC(7474) Concurrent Undo Cycle
[1339.025s][info][gc] GC(7474) Concurrent Undo Cycle 0.090ms
[1339.085s][info][gc] GC(7475) Pause Young (Concurrent Start) (G1 Humongous Allocation) 233M->195M(1096M) 1.014ms
[1339.085s][info][gc] GC(7476) Concurrent Undo Cycle
[1339.085s][info][gc] GC(7476) Concurrent Undo Cycle 0.089ms
[1339.191s][info][gc] GC(7477) Pause Young (Concurrent Start) (G1 Humongous Allocation) 233M->195M(1096M) 1.093ms
[1339.191s][info][gc] GC(7478) Concurrent Undo Cycle
[1339.191s][info][gc] GC(7478) Concurrent Undo Cycle 0.096ms
[1339.309s][info][gc] GC(7479) Pause Young (Concurrent Start) (G1 Humongous Allocation) 241M->204M(1096M) 1.215ms
[1339.309s][info][gc] GC(7480) Concurrent Undo Cycle
[1339.309s][info][gc] GC(7480) Concurrent Undo Cycle 0.096ms
[1339.328s][info][gc] GC(7481) Pause Young (Concurrent Start) (G1 Humongous Allocation) 216M->195M(1096M) 1.158ms
[1339.328s][info][gc] GC(7482) Concurrent Undo Cycle
[1339.328s][info][gc] GC(7482) Concurrent Undo Cycle 0.086ms
[1339.384s][info][gc] GC(7483) Pause Young (Concurrent Start) (G1 Humongous Allocation) 215M->196M(1096M) 1.252ms
[1339.384s][info][gc] GC(7484) Concurrent Undo Cycle
[1339.384s][info][gc] GC(7484) Concurrent Undo Cycle 0.129ms
[1339.449s][info][gc] GC(7485) Pause Young (Concurrent Start) (G1 Humongous Allocation) 224M->204M(1096M) 1.127ms
[1339.449s][info][gc] GC(7486) Concurrent Undo Cycle
[1339.449s][info][gc] GC(7486) Concurrent Undo Cycle 0.082ms
[1339.548s][info][gc] GC(7487) Pause Young (Concurrent Start) (G1 Humongous Allocation) 216M->196M(1096M) 0.991ms
[1339.548s][info][gc] GC(7488) Concurrent Mark Cycle
[1339.556s][info][gc] GC(7488) Pause Remark 214M->166M(560M) 0.580ms
[1339.559s][info][gc] GC(7488) Pause Cleanup 166M->166M(560M) 0.048ms
[1339.559s][info][gc] GC(7488) Concurrent Mark Cycle 11.038ms
[1344.617s][info][gc] GC(7489) Pause Young (Prepare Mixed) (G1 Evacuation Pause) 1092M->153M(1120M) 3.072ms
[1367.895s][info][gc] GC(7490) Pause Young (Mixed) (G1 Evacuation Pause) 1113M->123M(1156M) 3.641ms
[1368.015s][info][gc] GC(7491) Pause Young (Concurrent Start) (G1 Humongous Allocation) 413M->189M(1156M) 2.932ms
[1368.015s][info][gc] GC(7492) Concurrent Undo Cycle
[1368.015s][info][gc] GC(7492) Concurrent Undo Cycle 0.090ms
[1368.026s][info][gc] GC(7493) Pause Young (Concurrent Start) (G1 Humongous Allocation) 201M->182M(1156M) 2.376ms
[1368.026s][info][gc] GC(7494) Concurrent Mark Cycle
[1368.037s][info][gc] GC(7494) Pause Remark 218M->218M(736M) 0.501ms
[1368.043s][info][gc] GC(7494) Pause Cleanup 218M->218M(736M) 0.035ms
[1368.043s][info][gc] GC(7494) Concurrent Mark Cycle 17.543ms
[1373.939s][info][gc] GC(7495) Pause Young (Prepare Mixed) (G1 Evacuation Pause) 1498M->188M(1560M) 4.274ms
[1400.014s][info][gc] GC(7496) Pause Young (Mixed) (G1 Evacuation Pause) 1556M->126M(1600M) 3.607ms
[1400.028s][info][gc] GC(7497) Pause Young (Concurrent Start) (G1 Humongous Allocation) 296M->142M(1600M) 2.766ms
[1400.028s][info][gc] GC(7498) Concurrent Mark Cycle
[1400.040s][info][gc] GC(7498) Pause Remark 196M->196M(668M) 0.548ms
[1400.047s][info][gc] GC(7498) Pause Cleanup 196M->196M(668M) 0.071ms
[1400.047s][info][gc] GC(7498) Concurrent Mark Cycle 18.499ms
[1405.876s][info][gc] GC(7499) Pause Young (Prepare Mixed) (G1 Evacuation Pause) 1490M->201M(1560M) 4.542ms
[1432.091s][info][gc] GC(7500) Pause Young (Mixed) (G1 Evacuation Pause) 1553M->116M(1596M) 3.191ms
[1432.107s][info][gc] GC(7501) Pause Young (Concurrent Start) (G1 Humongous Allocation) 328M->135M(1596M) 2.510ms
[1432.107s][info][gc] GC(7502) Concurrent Mark Cycle
[1432.118s][info][gc] GC(7502) Pause Remark 189M->189M(656M) 0.508ms
[1432.123s][info][gc] GC(7502) Pause Cleanup 189M->189M(656M) 0.055ms
[1432.123s][info][gc] GC(7502) Concurrent Mark Cycle 16.607ms
[1437.955s][info][gc] GC(7503) Pause Young (Prepare Mixed) (G1 Evacuation Pause) 1467M->192M(1540M) 5.244ms
[1463.849s][info][gc] GC(7504) Pause Young (Mixed) (G1 Evacuation Pause) 1528M->112M(1572M) 3.144ms
[1463.872s][info][gc] GC(7505) Pause Young (Concurrent Start) (G1 Humongous Allocation) 458M->145M(1572M) 2.762ms
[1463.872s][info][gc] GC(7506) Concurrent Mark Cycle
[1463.883s][info][gc] GC(7506) Pause Remark 199M->199M(668M) 0.541ms
[1463.889s][info][gc] GC(7506) Pause Cleanup 199M->199M(668M) 0.053ms
[1463.889s][info][gc] GC(7506) Concurrent Mark Cycle 17.639ms
[1467.376s][info][gc] GC(7507) Pause Young (Prepare Mixed) (G1 Evacuation Pause) 829M->177M(900M) 5.655ms
[1478.673s][info][gc] GC(7508) Pause Young (Mixed) (G1 Evacuation Pause) 1657M->186M(1692M) 2.043ms
[1478.838s][info][gc] GC(7509) Pause Young (Concurrent Start) (G1 Humongous Allocation) 189M->170M(1692M) 1.365ms
[1478.838s][info][gc] GC(7510) Concurrent Mark Cycle
[1478.847s][info][gc] GC(7510) Pause Remark 190M->146M(496M) 0.495ms
[1478.852s][info][gc] GC(7510) Pause Cleanup 146M->146M(496M) 0.078ms
[1478.852s][info][gc] GC(7510) Concurrent Mark Cycle 14.238ms
[1492.114s][info][gc] GC(7511) Pause Young (Prepare Mixed) (G1 Evacuation Pause) 438M->123M(496M) 3.114ms
[1492.868s][info][gc] GC(7512) Pause Young (Mixed) (G1 Evacuation Pause) 427M->153M(496M) 3.806ms
[1492.873s][info][gc] GC(7513) Pause Young (Concurrent Start) (G1 Humongous Allocation) 168M->157M(496M) 1.615ms
[1492.873s][info][gc] GC(7514) Concurrent Mark Cycle
[1492.881s][info][gc] GC(7514) Pause Remark 175M->175M(496M) 0.461ms
[1492.888s][info][gc] GC(7514) Pause Cleanup 175M->175M(496M) 0.074ms
[1492.888s][info][gc] GC(7514) Concurrent Mark Cycle 14.922ms
[1504.687s][info][gc] GC(7515) Pause Young (Prepare Mixed) (G1 Evacuation Pause) 1345M->162M(1364M) 1.965ms
[1537.123s][info][gc] GC(7516) Pause Young (Mixed) (G1 Evacuation Pause) 1398M->143M(1440M) 3.863ms
[1548.925s][info][gc] GC(7517) Pause Young (Concurrent Start) (G1 Humongous Allocation) 385M->140M(1440M) 1.642ms
[1548.925s][info][gc] GC(7518) Concurrent Mark Cycle
[1548.931s][info][gc] GC(7518) Pause Remark 156M->108M(376M) 0.500ms
[1548.932s][info][gc] GC(7518) Pause Cleanup 108M->108M(376M) 0.054ms
[1548.932s][info][gc] GC(7518) Concurrent Mark Cycle 6.853ms
[1557.942s][info][gc] GC(7519) Pause Young (Prepare Mixed) (G1 Evacuation Pause) 596M->95M(628M) 2.353ms
[1583.123s][info][gc] GC(7520) Pause Young (Mixed) (G1 Evacuation Pause) 975M->80M(1012M) 2.794ms
[1583.125s][info][gc] GC(7521) Pause Young (Concurrent Start) (G1 Humongous Allocation) 82M->80M(1012M) 1.330ms
[1583.125s][info][gc] GC(7522) Concurrent Mark Cycle
[1583.130s][info][gc] GC(7522) Pause Remark 98M->98M(336M) 0.461ms
[1583.132s][info][gc] GC(7522) Pause Cleanup 98M->98M(336M) 0.029ms
[1583.132s][info][gc] GC(7522) Concurrent Mark Cycle 7.431ms
[1593.040s][info][gc] GC(7523) Pause Young (Prepare Mixed) (G1 Evacuation Pause) 412M->82M(440M) 2.609ms
[1603.564s][info][gc] GC(7524) Pause Young (Mixed) (G1 Evacuation Pause) 294M->90M(440M) 2.701ms
[1603.570s][info][gc] GC(7525) Pause Young (Concurrent Start) (G1 Humongous Allocation) 116M->94M(440M) 1.138ms
[1603.570s][info][gc] GC(7526) Concurrent Mark Cycle
[1603.575s][info][gc] GC(7526) Pause Remark 112M->89M(296M) 0.502ms
[1603.577s][info][gc] GC(7526) Pause Cleanup 89M->89M(296M) 0.045ms
[1603.577s][info][gc] GC(7526) Concurrent Mark Cycle 7.233ms
[1619.277s][info][gc] GC(7527) Pause Young (Prepare Mixed) (G1 Evacuation Pause) 807M->76M(836M) 2.371ms
[1647.677s][info][gc] GC(7528) Pause Young (Mixed) (G1 Evacuation Pause) 1056M->72M(1084M) 2.442ms
[1657.466s][info][gc] GC(7529) Pause Young (Concurrent Start) (G1 Humongous Allocation) 514M->87M(1084M) 2.036ms
[1657.467s][info][gc] GC(7530) Concurrent Mark Cycle
[1657.472s][info][gc] GC(7530) Pause Remark 123M->115M(376M) 0.482ms
[1657.473s][info][gc] GC(7530) Pause Cleanup 115M->115M(376M) 0.026ms
[1657.473s][info][gc] GC(7530) Concurrent Mark Cycle 6.470ms
[1666.620s][info][gc] GC(7531) Pause Young (Prepare Mixed) (G1 Evacuation Pause) 1087M->102M(1132M) 3.646ms
[1690.090s][info][gc] GC(7532) Pause Young (Mixed) (G1 Evacuation Pause) 1698M->94M(1744M) 3.652ms
[1690.094s][info][gc] GC(7533) Pause Young (Concurrent Start) (G1 Humongous Allocation) 96M->94M(1744M) 1.918ms
[1690.094s][info][gc] GC(7534) Concurrent Mark Cycle
[1690.099s][info][gc] GC(7534) Pause Remark 112M->108M(360M) 0.443ms
[1690.100s][info][gc] GC(7534) Pause Cleanup 108M->108M(360M) 0.062ms
[1690.100s][info][gc] GC(7534) Concurrent Mark Cycle 6.125ms
[1698.854s][info][gc] GC(7535) Pause Young (Prepare Mixed) (G1 Evacuation Pause) 854M->98M(908M) 4.803ms
[1727.070s][info][gc] GC(7536) Pause Young (Mixed) (G1 Evacuation Pause) 1166M->100M(1204M) 2.923ms
[1739.534s][info][gc] GC(7537) Pause Young (Concurrent Start) (G1 Humongous Allocation) 756M->130M(1204M) 3.601ms
[1739.534s][info][gc] GC(7538) Concurrent Mark Cycle
[1739.545s][info][gc] GC(7538) Pause Remark 184M->184M(616M) 0.458ms
[1739.548s][info][gc] GC(7538) Pause Cleanup 184M->184M(616M) 0.032ms
[1739.548s][info][gc] GC(7538) Concurrent Mark Cycle 13.665ms
[1749.041s][info][gc] GC(7539) Pause Young (Prepare Mixed) (G1 Evacuation Pause) 1626M->170M(1700M) 5.227ms
[1776.152s][info][gc] GC(7540) Pause Young (Mixed) (G1 Evacuation Pause) 2262M->137M(2312M) 4.116ms
[1776.154s][info][gc] GC(7541) Pause Young (Concurrent Start) (G1 Humongous Allocation) 139M->136M(2312M) 2.259ms
[1776.154s][info][gc] GC(7542) Concurrent Mark Cycle
[1776.160s][info][gc] GC(7542) Pause Remark 154M->118M(400M) 0.487ms
[1776.161s][info][gc] GC(7542) Pause Cleanup 118M->118M(400M) 0.075ms
[1776.161s][info][gc] GC(7542) Concurrent Mark Cycle 7.104ms
[1784.055s][info][gc] GC(7543) Pause Young (Prepare Mixed) (G1 Evacuation Pause) 708M->90M(764M) 4.373ms
[1796.343s][info][gc] GC(7544) Pause Young (Mixed) (G1 Evacuation Pause) 482M->102M(764M) 1.828ms
[1796.363s][info][gc] GC(7545) Pause Young (Concurrent Start) (G1 Evacuation Pause) 518M->140M(764M) 4.188ms
[1796.363s][info][gc] GC(7546) Concurrent Mark Cycle
[1796.375s][info][gc] GC(7546) Pause Remark 296M->296M(696M) 0.447ms
[1796.380s][info][gc] GC(7546) Pause Cleanup 296M->296M(696M) 0.051ms
[1796.380s][info][gc] GC(7546) Concurrent Mark Cycle 17.441ms
[1800.212s][info][gc] GC(7547) Pause Young (Prepare Mixed) (G1 Evacuation Pause) 1252M->211M(1340M) 6.383ms
[1811.473s][info][gc] GC(7548) Pause Young (Mixed) (G1 Evacuation Pause) 2099M->203M(2144M) 3.406ms
[1811.477s][info][gc] GC(7549) Pause Young (Concurrent Start) (G1 Humongous Allocation) 207M->203M(2144M) 2.410ms
[1811.477s][info][gc] GC(7550) Concurrent Mark Cycle
[1811.491s][info][gc] GC(7550) Pause Remark 223M->191M(640M) 0.467ms
[1811.496s][info][gc] GC(7550) Pause Cleanup 191M->191M(640M) 0.051ms
[1811.497s][info][gc] GC(7550) Concurrent Mark Cycle 19.663ms
[1825.061s][info][gc] GC(7551) Pause Young (Prepare Mixed) (G1 Evacuation Pause) 539M->154M(640M) 3.220ms
[1834.785s][info][gc] GC(7552) Pause Young (Mixed) (G1 Evacuation Pause) 710M->155M(756M) 2.918ms
[1834.787s][info][gc] GC(7553) Pause Young (Concurrent Start) (G1 Humongous Allocation) 157M->154M(756M) 1.342ms
[1834.787s][info][gc] GC(7554) Concurrent Mark Cycle
[1834.791s][info][gc] GC(7554) Pause Remark 172M->107M(360M) 0.447ms
[1834.793s][info][gc] GC(7554) Pause Cleanup 107M->107M(360M) 0.063ms
[1834.793s][info][gc] GC(7554) Concurrent Mark Cycle 6.351ms
[1851.989s][info][gc] GC(7555) Pause Young (Prepare Mixed) (G1 Evacuation Pause) 357M->74M(372M) 1.125ms
[1851.999s][info][gc] GC(7556) Pause Young (Mixed) (G1 Evacuation Pause) 286M->48M(372M) 1.380ms
[1852.008s][info][gc] GC(7557) Pause Young (Concurrent Start) (G1 Evacuation Pause) 260M->67M(372M) 1.975ms
[1852.009s][info][gc] GC(7558) Concurrent Mark Cycle
[1852.018s][info][gc] GC(7559) Pause Young (Normal) (G1 Evacuation Pause) 259M->88M(372M) 2.727ms
[1852.020s][info][gc] GC(7558) Pause Remark 148M->148M(308M) 0.450ms
[1852.028s][info][gc] GC(7560) Pause Young (Normal) (G1 Evacuation Pause) 284M->110M(708M) 2.792ms
[1852.030s][info][gc] GC(7558) Pause Cleanup 154M->154M(708M) 0.057ms
[1852.031s][info][gc] GC(7558) Concurrent Mark Cycle 22.471ms
[1853.839s][info][gc] GC(7561) Pause Young (Prepare Mixed) (G1 Evacuation Pause) 846M->199M(900M) 4.075ms
[1858.901s][info][gc] GC(7562) Pause Young (Mixed) (G1 Evacuation Pause) 1535M->207M(1600M) 4.730ms
[1858.904s][info][gc] GC(7563) Pause Young (Concurrent Start) (G1 Humongous Allocation) 209M->208M(1600M) 2.142ms
[1858.904s][info][gc] GC(7564) Concurrent Mark Cycle
[1858.924s][info][gc] GC(7564) Pause Remark 226M->226M(760M) 0.473ms
[1858.931s][info][gc] GC(7564) Pause Cleanup 226M->226M(760M) 0.059ms
[1858.931s][info][gc] GC(7564) Concurrent Mark Cycle 27.391ms
[1861.762s][info][gc] GC(7565) Pause Young (Prepare Mixed) (G1 Evacuation Pause) 812M->194M(860M) 3.535ms
[1867.547s][info][gc] GC(7566) Pause Young (Mixed) (G1 Evacuation Pause) 1366M->198M(1400M) 2.542ms
[1882.269s][info][gc] GC(7567) Pause Young (Concurrent Start) (G1 Evacuation Pause) 958M->186M(1400M) 4.067ms
[1882.270s][info][gc] GC(7568) Concurrent Mark Cycle
[1882.292s][info][gc] GC(7568) Pause Remark 722M->722M(856M) 0.472ms
[1882.301s][info][gc] GC(7568) Pause Cleanup 740M->740M(856M) 0.052ms
[1882.302s][info][gc] GC(7568) Concurrent Mark Cycle 32.035ms
[1884.237s][info][gc] GC(7569) Pause Young (Prepare Mixed) (G1 Evacuation Pause) 1258M->314M(1372M) 7.120ms
[1891.557s][info][gc] GC(7570) Pause Young (Mixed) (G1 Evacuation Pause) 2106M->315M(2232M) 8.416ms
[1891.561s][info][gc] GC(7571) Pause Young (Concurrent Start) (G1 Humongous Allocation) 317M->314M(2232M) 3.561ms
[1891.561s][info][gc] GC(7572) Concurrent Mark Cycle
[1891.576s][info][gc] GC(7572) Pause Remark 332M->251M(840M) 0.480ms
[1891.581s][info][gc] GC(7572) Pause Cleanup 251M->251M(840M) 0.064ms
[1891.582s][info][gc] GC(7572) Concurrent Mark Cycle 20.754ms
[1894.363s][info][gc] GC(7573) Pause Young (Prepare Mixed) (G1 Evacuation Pause) 853M->253M(932M) 6.223ms
[1899.152s][info][gc] GC(7574) Pause Young (Mixed) (G1 Evacuation Pause) 929M->168M(960M) 2.262ms
[1912.434s][info][gc] GC(7575) Pause Young (Concurrent Start) (G1 Evacuation Pause) 652M->177M(960M) 2.493ms
[1912.434s][info][gc] GC(7576) Concurrent Mark Cycle
[1912.450s][info][gc] GC(7576) Pause Remark 605M->605M(608M) 0.452ms
[1912.455s][info][gc] GC(7577) Pause Young (Normal) (G1 Evacuation Pause) 605M->218M(684M) 4.528ms
[1912.463s][info][gc] GC(7576) Pause Cleanup 425M->425M(684M) 0.057ms
[1912.464s][info][gc] GC(7576) Concurrent Mark Cycle 30.192ms
[1913.202s][info][gc] GC(7578) Pause Young (Prepare Mixed) (G1 Evacuation Pause) 758M->320M(872M) 7.799ms
[1921.054s][info][gc] GC(7579) Pause Young (Mixed) (G1 Evacuation Pause) 2356M->327M(2420M) 4.111ms
[1921.056s][info][gc] GC(7580) Pause Young (Concurrent Start) (G1 Humongous Allocation) 329M->324M(2420M) 1.200ms
[1921.056s][info][gc] GC(7581) Concurrent Mark Cycle
[1921.075s][info][gc] GC(7581) Pause Remark 342M->274M(920M) 0.478ms
[1921.085s][info][gc] GC(7581) Pause Cleanup 274M->274M(920M) 0.077ms
[1921.086s][info][gc] GC(7581) Concurrent Mark Cycle 29.235ms
[1927.586s][info][gc] GC(7582) Pause Young (Prepare Mixed) (G1 Evacuation Pause) 1596M->267M(1628M) 2.711ms
[1944.403s][info][gc] GC(7583) Pause Young (Mixed) (G1 Evacuation Pause) 1159M->224M(1628M) 6.042ms
[1944.422s][info][gc] GC(7584) Pause Young (Concurrent Start) (G1 Humongous Allocation) 482M->253M(1628M) 4.628ms
[1944.422s][info][gc] GC(7585) Concurrent Mark Cycle
[1944.442s][info][gc] GC(7585) Pause Remark 325M->321M(1068M) 0.438ms
[1944.453s][info][gc] GC(7585) Pause Cleanup 321M->321M(1068M) 0.058ms
[1944.453s][info][gc] GC(7585) Concurrent Mark Cycle 30.893ms
[1948.551s][info][gc] GC(7586) Pause Young (Prepare Mixed) (G1 Evacuation Pause) 1197M->319M(1300M) 6.264ms
[1959.181s][info][gc] GC(7587) Pause Young (Mixed) (G1 Evacuation Pause) 1755M->306M(1816M) 4.726ms
[1959.185s][info][gc] GC(7588) Pause Young (Concurrent Start) (G1 Humongous Allocation) 308M->309M(1816M) 2.892ms
[1959.185s][info][gc] GC(7589) Concurrent Mark Cycle
[1959.198s][info][gc] GC(7589) Pause Remark 327M->208M(696M) 0.486ms
[1959.202s][info][gc] GC(7589) Pause Cleanup 208M->208M(696M) 0.054ms
[1959.202s][info][gc] GC(7589) Concurrent Mark Cycle 16.788ms
[1965.193s][info][gc] GC(7590) Pause Young (Prepare Mixed) (G1 Evacuation Pause) 758M->142M(816M) 4.519ms
[1973.679s][info][gc] GC(7591) Pause Young (Mixed) (G1 Evacuation Pause) 562M->173M(816M) 3.059ms
[1973.707s][info][gc] GC(7592) Pause Young (Concurrent Start) (G1 Humongous Allocation) 322M->190M(816M) 2.992ms
[1973.707s][info][gc] GC(7593) Concurrent Mark Cycle
[1973.723s][info][gc] GC(7593) Pause Remark 209M->209M(696M) 0.473ms
[1973.732s][info][gc] GC(7593) Pause Cleanup 209M->209M(696M) 0.054ms
[1973.733s][info][gc] GC(7593) Concurrent Mark Cycle 25.591ms
[1974.340s][info][gc] GC(7594) Pause Young (Prepare Mixed) (G1 Evacuation Pause) 642M->253M(720M) 3.592ms
[1977.023s][info][gc] GC(7595) Pause Young (Mixed) (G1 Evacuation Pause) 837M->261M(908M) 4.640ms
[1977.025s][info][gc] GC(7596) Pause Young (Concurrent Start) (G1 Humongous Allocation) 262M->258M(908M) 1.307ms
[1977.025s][info][gc] GC(7597) Concurrent Mark Cycle
[1977.037s][info][gc] GC(7597) Pause Remark 275M->191M(656M) 0.466ms
[1977.043s][info][gc] GC(7597) Pause Cleanup 191M->191M(656M) 0.052ms
[1977.043s][info][gc] GC(7597) Concurrent Mark Cycle 18.407ms
[1979.161s][info][gc] GC(7598) Pause Young (Prepare Mixed) (G1 Evacuation Pause) 698M->178M(724M) 1.967ms
[1986.681s][info][gc] GC(7599) Pause Young (Mixed) (G1 Evacuation Pause) 1190M->181M(1228M) 2.634ms
[1986.684s][info][gc] GC(7600) Pause Young (Concurrent Start) (G1 Humongous Allocation) 183M->181M(1228M) 1.904ms
[1986.684s][info][gc] GC(7601) Concurrent Mark Cycle
[1986.697s][info][gc] GC(7601) Pause Remark 199M->199M(680M) 0.463ms
[1986.703s][info][gc] GC(7601) Pause Cleanup 199M->199M(680M) 0.057ms
[1986.703s][info][gc] GC(7601) Concurrent Mark Cycle 19.437ms
[1990.788s][info][gc] GC(7602) Pause Young (Prepare Mixed) (G1 Evacuation Pause) 705M->186M(744M) 3.003ms
[2002.999s][info][gc] GC(7603) Pause Young (Mixed) (G1 Evacuation Pause) 738M->148M(792M) 4.601ms
[2003.009s][info][gc] GC(7604) Pause Young (Concurrent Start) (G1 Humongous Allocation) 190M->152M(792M) 2.051ms
[2003.009s][info][gc] GC(7605) Concurrent Mark Cycle
[2003.021s][info][gc] GC(7605) Pause Remark 170M->170M(576M) 0.488ms
[2003.026s][info][gc] GC(7605) Pause Cleanup 170M->170M(576M) 0.057ms
[2003.026s][info][gc] GC(7605) Concurrent Mark Cycle 17.065ms
[2023.341s][info][gc] GC(7606) Pause Young (Prepare Mixed) (G1 Evacuation Pause) 892M->158M(936M) 2.874ms
[2050.871s][info][gc] GC(7607) Pause Young (Mixed) (G1 Evacuation Pause) 1142M->152M(1180M) 2.921ms
[2055.372s][info][gc] GC(7608) Pause Young (Concurrent Start) (G1 Humongous Allocation) 388M->147M(1180M) 1.931ms
[2055.372s][info][gc] GC(7609) Concurrent Mark Cycle
[2055.383s][info][gc] GC(7609) Pause Remark 165M->165M(560M) 0.505ms
[2055.390s][info][gc] GC(7609) Pause Cleanup 165M->165M(560M) 0.061ms
[2055.390s][info][gc] GC(7609) Concurrent Mark Cycle 18.338ms
[2074.460s][info][gc] GC(7610) Pause Young (Prepare Mixed) (G1 Evacuation Pause) 883M->151M(920M) 2.753ms
[2103.021s][info][gc] GC(7611) Pause Young (Mixed) (G1 Evacuation Pause) 1139M->147M(1180M) 3.190ms
[2107.497s][info][gc] GC(7612) Pause Young (Concurrent Start) (G1 Humongous Allocation) 383M->142M(1180M) 1.881ms
[2107.497s][info][gc] GC(7613) Concurrent Mark Cycle
[2107.508s][info][gc] GC(7613) Pause Remark 160M->160M(548M) 0.481ms
[2107.514s][info][gc] GC(7613) Pause Cleanup 160M->160M(548M) 0.063ms
[2107.514s][info][gc] GC(7613) Concurrent Mark Cycle 17.086ms
[2126.569s][info][gc] GC(7614) Pause Young (Prepare Mixed) (G1 Evacuation Pause) 878M->148M(916M) 2.679ms
[2152.981s][info][gc] GC(7615) Pause Young (Mixed) (G1 Evacuation Pause) 1128M->147M(1168M) 3.089ms
[2160.076s][info][gc] GC(7616) Pause Young (Concurrent Start) (G1 Humongous Allocation) 391M->143M(1168M) 1.962ms
[2160.076s][info][gc] GC(7617) Concurrent Mark Cycle
[2160.087s][info][gc] GC(7617) Pause Remark 161M->161M(548M) 0.457ms
[2160.092s][info][gc] GC(7617) Pause Cleanup 161M->161M(548M) 0.068ms
[2160.092s][info][gc] GC(7617) Concurrent Mark Cycle 16.370ms
[2179.510s][info][gc] GC(7618) Pause Young (Prepare Mixed) (G1 Evacuation Pause) 879M->148M(916M) 2.589ms
[2206.085s][info][gc] GC(7619) Pause Young (Mixed) (G1 Evacuation Pause) 1128M->147M(1168M) 3.278ms
[2213.230s][info][gc] GC(7620) Pause Young (Concurrent Start) (G1 Humongous Allocation) 615M->159M(1168M) 2.471ms
[2213.230s][info][gc] GC(7621) Concurrent Mark Cycle
[2213.243s][info][gc] GC(7621) Pause Remark 195M->195M(656M) 0.508ms
[2213.249s][info][gc] GC(7621) Pause Cleanup 195M->195M(656M) 0.039ms
[2213.249s][info][gc] GC(7621) Concurrent Mark Cycle 18.712ms
[2226.762s][info][gc] GC(7622) Pause Young (Prepare Mixed) (G1 Evacuation Pause) 1315M->184M(1372M) 4.155ms
[2251.050s][info][gc] GC(7623) Pause Young (Mixed) (G1 Evacuation Pause) 1984M->187M(2044M) 4.489ms
[2251.053s][info][gc] GC(7624) Pause Young (Concurrent Start) (G1 Humongous Allocation) 189M->185M(2044M) 2.239ms
[2251.053s][info][gc] GC(7625) Concurrent Mark Cycle
[2251.059s][info][gc] GC(7625) Pause Remark 203M->131M(440M) 0.454ms
[2251.060s][info][gc] GC(7625) Pause Cleanup 131M->131M(440M) 0.063ms
[2251.060s][info][gc] GC(7625) Concurrent Mark Cycle 6.659ms
[2258.933s][info][gc] GC(7626) Pause Young (Prepare Mixed) (G1 Evacuation Pause) 589M->101M(648M) 4.450ms
[2267.079s][info][gc] GC(7627) Pause Young (Mixed) (G1 Evacuation Pause) 453M->128M(648M) 1.703ms
[2267.107s][info][gc] GC(7628) Pause Young (Concurrent Start) (G1 Humongous Allocation) 302M->144M(648M) 1.905ms
[2267.107s][info][gc] GC(7629) Concurrent Mark Cycle
[2267.116s][info][gc] GC(7629) Pause Remark 162M->162M(548M) 0.445ms
[2267.119s][info][gc] GC(7629) Pause Cleanup 162M->162M(548M) 0.039ms
[2267.119s][info][gc] GC(7629) Concurrent Mark Cycle 11.702ms
[2277.909s][info][gc] GC(7630) Pause Young (Prepare Mixed) (G1 Evacuation Pause) 1072M->152M(1128M) 3.820ms
[2294.096s][info][gc] GC(7631) Pause Young (Mixed) (G1 Evacuation Pause) 1120M->186M(1188M) 4.872ms
[2294.102s][info][gc] GC(7632) Pause Young (Concurrent Start) (G1 Humongous Allocation) 204M->174M(1188M) 2.718ms
[2294.102s][info][gc] GC(7633) Concurrent Mark Cycle
[2294.111s][info][gc] GC(7633) Pause Remark 244M->212M(600M) 0.474ms
[2294.113s][info][gc] GC(7633) Pause Cleanup 212M->212M(600M) 0.079ms
[2294.113s][info][gc] GC(7633) Concurrent Mark Cycle 11.348ms
[2298.272s][info][gc] GC(7634) Pause Young (Prepare Mixed) (G1 Evacuation Pause) 666M->180M(732M) 4.231ms
[2312.915s][info][gc] GC(7635) Pause Young (Mixed) (G1 Evacuation Pause) 1144M->143M(1180M) 1.930ms
[2321.273s][info][gc] GC(7636) Pause Young (Concurrent Start) (G1 Evacuation Pause) 799M->191M(1180M) 4.905ms
[2321.274s][info][gc] GC(7637) Concurrent Mark Cycle
[2321.283s][info][gc] GC(7637) Pause Remark 305M->272M(708M) 0.460ms
[2321.286s][info][gc] GC(7637) Pause Cleanup 272M->272M(708M) 0.062ms
[2321.286s][info][gc] GC(7637) Concurrent Mark Cycle 12.035ms
[2326.754s][info][gc] GC(7638) Pause Young (Prepare Mixed) (G1 Evacuation Pause) 1118M->205M(1208M) 7.518ms
[2340.264s][info][gc] GC(7639) Pause Young (Mixed) (G1 Evacuation Pause) 1513M->176M(1552M) 2.533ms
[2348.049s][info][gc] GC(7640) Pause Young (Concurrent Start) (G1 Humongous Allocation) 470M->194M(1552M) 2.652ms
[2348.050s][info][gc] GC(7641) Concurrent Mark Cycle
[2348.059s][info][gc] GC(7641) Pause Remark 216M->184M(616M) 0.467ms
[2348.062s][info][gc] GC(7641) Pause Cleanup 184M->184M(616M) 0.067ms
[2348.062s][info][gc] GC(7641) Concurrent Mark Cycle 12.014ms
[2349.008s][info][gc] GC(7642) Pause Young (Prepare Mixed) (G1 Evacuation Pause) 566M->218M(640M) 3.778ms
[2351.473s][info][gc] GC(7643) Pause Young (Mixed) (G1 Evacuation Pause) 722M->211M(792M) 4.056ms
[2351.475s][info][gc] GC(7644) Pause Young (Concurrent Start) (G1 Humongous Allocation) 213M->214M(792M) 1.913ms
[2351.475s][info][gc] GC(7645) Concurrent Mark Cycle
[2351.482s][info][gc] GC(7645) Pause Remark 232M->160M(548M) 0.466ms
[2351.485s][info][gc] GC(7645) Pause Cleanup 160M->160M(548M) 0.065ms
[2351.486s][info][gc] GC(7645) Concurrent Mark Cycle 10.207ms
[2363.518s][info][gc] GC(7646) Pause Young (Prepare Mixed) (G1 Evacuation Pause) 1526M->152M(1564M) 2.907ms
[2394.540s][info][gc] GC(7647) Pause Young (Mixed) (G1 Evacuation Pause) 2500M->175M(2588M) 7.495ms
[2403.511s][info][gc] GC(7648) Pause Young (Concurrent Start) (G1 Humongous Allocation) 1115M->190M(2588M) 6.249ms
[2403.511s][info][gc] GC(7649) Concurrent Mark Cycle
[2403.526s][info][gc] GC(7649) Pause Remark 262M->261M(868M) 0.474ms
[2403.529s][info][gc] GC(7649) Pause Cleanup 261M->261M(868M) 0.048ms
[2403.530s][info][gc] GC(7649) Concurrent Mark Cycle 18.484ms
[2409.746s][info][gc] GC(7650) Pause Young (Prepare Mixed) (G1 Evacuation Pause) 1493M->250M(1620M) 9.709ms
[2422.802s][info][gc] GC(7651) Pause Young (Mixed) (G1 Evacuation Pause) 1886M->229M(1932M) 2.497ms
[2431.345s][info][gc] GC(7652) Pause Young (Concurrent Start) (G1 Humongous Allocation) 553M->229M(1932M) 2.626ms
[2431.345s][info][gc] GC(7653) Concurrent Mark Cycle
[2431.362s][info][gc] GC(7653) Pause Remark 253M->217M(720M) 0.491ms
[2431.368s][info][gc] GC(7653) Pause Cleanup 217M->217M(720M) 0.069ms
[2431.369s][info][gc] GC(7653) Concurrent Mark Cycle 23.319ms
[2431.570s][info][gc] GC(7654) Pause Young (Prepare Mixed) (G1 Evacuation Pause) 629M->258M(720M) 3.668ms
[2434.951s][info][gc] GC(7655) Pause Young (Mixed) (G1 Evacuation Pause) 1194M->277M(1284M) 5.976ms
[2434.953s][info][gc] GC(7656) Pause Young (Concurrent Start) (G1 Humongous Allocation) 279M->277M(1284M) 1.903ms
[2434.953s][info][gc] GC(7657) Concurrent Mark Cycle
[2434.966s][info][gc] GC(7657) Pause Remark 295M->195M(656M) 0.458ms
[2434.970s][info][gc] GC(7657) Pause Cleanup 195M->195M(656M) 0.041ms
[2434.970s][info][gc] GC(7657) Concurrent Mark Cycle 17.278ms
[2440.684s][info][gc] GC(7658) Pause Young (Prepare Mixed) (G1 Evacuation Pause) 1157M->183M(1200M) 3.091ms
[2451.891s][info][gc] GC(7659) Pause Young (Mixed) (G1 Evacuation Pause) 1451M->135M(1508M) 4.138ms
[2460.203s][info][gc] GC(7660) Pause Young (Concurrent Start) (G1 Evacuation Pause) 959M->166M(1508M) 4.817ms
[2460.203s][info][gc] GC(7661) Concurrent Mark Cycle
[2460.222s][info][gc] GC(7661) Pause Remark 632M->632M(856M) 0.497ms
[2460.227s][info][gc] GC(7661) Pause Cleanup 632M->632M(856M) 0.055ms
[2460.228s][info][gc] GC(7661) Concurrent Mark Cycle 25.246ms
[2463.660s][info][gc] GC(7662) Pause Young (Prepare Mixed) (G1 Evacuation Pause) 1410M->276M(1544M) 7.728ms
[2476.643s][info][gc] GC(7663) Pause Young (Mixed) (G1 Evacuation Pause) 2576M->291M(2700M) 8.273ms
[2476.648s][info][gc] GC(7664) Pause Young (Concurrent Start) (G1 Humongous Allocation) 293M->291M(2700M) 3.975ms
[2476.648s][info][gc] GC(7665) Concurrent Mark Cycle
[2476.668s][info][gc] GC(7665) Pause Remark 309M->253M(840M) 0.479ms
[2476.675s][info][gc] GC(7665) Pause Cleanup 253M->253M(840M) 0.064ms
[2476.675s][info][gc] GC(7665) Concurrent Mark Cycle 26.725ms
[2486.876s][info][gc] GC(7666) Pause Young (Prepare Mixed) (G1 Evacuation Pause) 839M->173M(912M) 5.615ms
[2489.543s][info][gc] GC(7667) Pause Young (Mixed) (G1 Evacuation Pause) 733M->234M(912M) 3.349ms
[2489.594s][info][gc] GC(7668) Pause Young (Concurrent Start) (G1 Humongous Allocation) 458M->252M(912M) 3.499ms
[2489.594s][info][gc] GC(7669) Concurrent Mark Cycle
[2489.618s][info][gc] GC(7669) Pause Remark 274M->274M(908M) 0.459ms
[2489.630s][info][gc] GC(7669) Pause Cleanup 274M->274M(908M) 0.058ms
[2489.630s][info][gc] GC(7669) Concurrent Mark Cycle 36.343ms
[2500.639s][info][gc] GC(7670) Pause Young (Prepare Mixed) (G1 Evacuation Pause) 1608M->259M(1644M) 2.740ms
[2517.356s][info][gc] GC(7671) Pause Young (Mixed) (G1 Evacuation Pause) 1639M->254M(1712M) 5.579ms
[2517.387s][info][gc] GC(7672) Pause Young (Concurrent Start) (G1 Humongous Allocation) 1025M->323M(1712M) 6.947ms
[2517.387s][info][gc] GC(7673) Concurrent Mark Cycle
[2517.409s][info][gc] GC(7673) Pause Remark 461M->378M(1136M) 0.501ms
[2517.415s][info][gc] GC(7673) Pause Cleanup 378M->378M(1136M) 0.061ms
[2517.416s][info][gc] GC(7673) Concurrent Mark Cycle 28.753ms
[2521.849s][info][gc] GC(7674) Pause Young (Prepare Mixed) (G1 Evacuation Pause) 1644M->350M(1808M) 11.174ms
[2536.277s][info][gc] GC(7675) Pause Young (Mixed) (G1 Evacuation Pause) 3106M->367M(3168M) 3.767ms
[2536.280s][info][gc] GC(7676) Pause Young (Concurrent Start) (G1 Humongous Allocation) 369M->368M(3168M) 2.322ms
[2536.280s][info][gc] GC(7677) Concurrent Mark Cycle
[2536.303s][info][gc] GC(7677) Pause Remark 386M->334M(1120M) 0.489ms
[2536.316s][info][gc] GC(7677) Pause Cleanup 334M->334M(1120M) 0.067ms
[2536.316s][info][gc] GC(7677) Concurrent Mark Cycle 35.861ms
[2548.839s][info][gc] GC(7678) Pause Young (Prepare Mixed) (G1 Evacuation Pause) 1116M->279M(1188M) 5.359ms
[2567.947s][info][gc] GC(7679) Pause Young (Mixed) (G1 Evacuation Pause) 1831M->271M(1924M) 6.542ms
[2575.902s][info][gc] GC(7680) Pause Young (Concurrent Start) (G1 Evacuation Pause) 1371M->300M(1924M) 5.364ms
[2575.902s][info][gc] GC(7681) Concurrent Mark Cycle
[2575.930s][info][gc] GC(7681) Pause Remark 930M->930M(1388M) 0.482ms
[2575.950s][info][gc] GC(7681) Pause Cleanup 930M->930M(1388M) 0.074ms
[2575.951s][info][gc] GC(7681) Concurrent Mark Cycle 48.842ms
[2580.345s][info][gc] GC(7682) Pause Young (Prepare Mixed) (G1 Evacuation Pause) 2296M->455M(2440M) 9.208ms
[2595.205s][info][gc] GC(7683) Pause Young (Mixed) (G1 Evacuation Pause) 3583M->465M(3756M) 14.191ms
[2595.213s][info][gc] GC(7684) Pause Young (Concurrent Start) (G1 Humongous Allocation) 467M->467M(3756M) 6.934ms
[2595.213s][info][gc] GC(7685) Concurrent Mark Cycle
[2595.239s][info][gc] GC(7685) Pause Remark 503M->356M(1188M) 0.553ms
[2595.247s][info][gc] GC(7685) Pause Cleanup 356M->356M(1188M) 0.060ms
[2595.248s][info][gc] GC(7685) Concurrent Mark Cycle 35.234ms
[2609.163s][info][gc] GC(7686) Pause Young (Prepare Mixed) (G1 Evacuation Pause) 1184M->235M(1300M) 8.078ms
[2635.233s][info][gc] GC(7687) Pause Young (Mixed) (G1 Evacuation Pause) 1295M->219M(1340M) 3.203ms
[2635.263s][info][gc] GC(7688) Pause Young (Concurrent Start) (G1 Evacuation Pause) 983M->285M(1340M) 6.662ms
[2635.263s][info][gc] GC(7689) Concurrent Mark Cycle
[2635.287s][info][gc] GC(7689) Pause Remark 527M->515M(1188M) 0.477ms
[2635.298s][info][gc] GC(7689) Pause Cleanup 515M->515M(1188M) 0.061ms
[2635.299s][info][gc] GC(7689) Concurrent Mark Cycle 36.214ms
[2639.954s][info][gc] GC(7690) Pause Young (Prepare Mixed) (G1 Evacuation Pause) 1689M->366M(1828M) 10.539ms
[2657.687s][info][gc] GC(7691) Pause Young (Mixed) (G1 Evacuation Pause) 2798M->314M(2860M) 4.151ms
[2663.841s][info][gc] GC(7692) Pause Young (Concurrent Start) (G1 Humongous Allocation) 630M->335M(2860M) 3.750ms
[2663.841s][info][gc] GC(7693) Concurrent Mark Cycle
[2663.861s][info][gc] GC(7693) Pause Remark 361M->230M(760M) 0.574ms
[2663.872s][info][gc] GC(7693) Pause Cleanup 230M->230M(760M) 0.061ms
[2663.872s][info][gc] GC(7693) Concurrent Mark Cycle 31.283ms
[2664.223s][info][gc] GC(7694) Pause Young (Prepare Mixed) (G1 Evacuation Pause) 640M->268M(760M) 4.777ms
[2664.561s][info][gc] GC(7695) Pause Young (Mixed) (G1 Evacuation Pause) 732M->318M(820M) 4.539ms
[2664.592s][info][gc] GC(7696) Pause Young (Concurrent Start) (G1 Humongous Allocation) 472M->338M(820M) 3.140ms
[2664.592s][info][gc] GC(7697) Concurrent Mark Cycle
[2664.605s][info][gc] GC(7697) Pause Remark 355M->227M(776M) 0.485ms
[2664.611s][info][gc] GC(7697) Pause Cleanup 227M->227M(776M) 0.056ms
[2664.611s][info][gc] GC(7697) Concurrent Mark Cycle 19.136ms
[2677.046s][info][gc] GC(7698) Pause Young (Prepare Mixed) (G1 Evacuation Pause) 2510M->232M(2588M) 5.322ms
[2720.191s][info][gc] GC(7699) Pause Young (Mixed) (G1 Evacuation Pause) 2580M->171M(2636M) 4.053ms
[2720.235s][info][gc] GC(7700) Pause Young (Concurrent Start) (G1 Humongous Allocation) 392M->188M(2636M) 3.550ms
[2720.235s][info][gc] GC(7701) Concurrent Mark Cycle
[2720.247s][info][gc] GC(7701) Pause Remark 204M->204M(696M) 0.486ms
[2720.250s][info][gc] GC(7701) Pause Cleanup 204M->204M(696M) 0.074ms
[2720.251s][info][gc] GC(7701) Concurrent Mark Cycle 15.943ms
[2743.032s][info][gc] GC(7702) Pause Young (Prepare Mixed) (G1 Evacuation Pause) 932M->195M(1012M) 5.137ms
[2769.502s][info][gc] GC(7703) Pause Young (Mixed) (G1 Evacuation Pause) 1187M->191M(1236M) 3.448ms
[2772.496s][info][gc] GC(7704) Pause Young (Concurrent Start) (G1 Humongous Allocation) 430M->186M(1236M) 2.204ms
[2772.496s][info][gc] GC(7705) Concurrent Mark Cycle
[2772.511s][info][gc] GC(7705) Pause Remark 204M->204M(696M) 0.540ms
[2772.520s][info][gc] GC(7705) Pause Cleanup 204M->204M(696M) 0.064ms
[2772.520s][info][gc] GC(7705) Concurrent Mark Cycle 24.185ms
[2795.865s][info][gc] GC(7706) Pause Young (Prepare Mixed) (G1 Evacuation Pause) 930M->192M(972M) 2.822ms
[2820.575s][info][gc] GC(7707) Pause Young (Mixed) (G1 Evacuation Pause) 1168M->186M(1212M) 3.446ms
[2825.376s][info][gc] GC(7708) Pause Young (Concurrent Start) (G1 Humongous Allocation) 430M->183M(1212M) 2.110ms
[2825.376s][info][gc] GC(7709) Concurrent Mark Cycle
[2825.390s][info][gc] GC(7709) Pause Remark 201M->201M(680M) 0.471ms
[2825.398s][info][gc] GC(7709) Pause Cleanup 201M->201M(680M) 0.076ms
[2825.398s][info][gc] GC(7709) Concurrent Mark Cycle 21.972ms
[2847.544s][info][gc] GC(7710) Pause Young (Prepare Mixed) (G1 Evacuation Pause) 923M->186M(964M) 2.994ms
[2874.159s][info][gc] GC(7711) Pause Young (Mixed) (G1 Evacuation Pause) 1166M->183M(1212M) 3.682ms
[2879.170s][info][gc] GC(7712) Pause Young (Concurrent Start) (G1 Humongous Allocation) 427M->180M(1212M) 2.230ms
[2879.170s][info][gc] GC(7713) Concurrent Mark Cycle
[2879.183s][info][gc] GC(7713) Pause Remark 198M->198M(668M) 0.436ms
[2879.191s][info][gc] GC(7713) Pause Cleanup 198M->198M(668M) 0.034ms
[2879.192s][info][gc] GC(7713) Concurrent Mark Cycle 21.635ms
[2901.572s][info][gc] GC(7714) Pause Young (Prepare Mixed) (G1 Evacuation Pause) 920M->182M(960M) 3.324ms
[2928.316s][info][gc] GC(7715) Pause Young (Mixed) (G1 Evacuation Pause) 1162M->180M(1208M) 3.371ms
[2933.069s][info][gc] GC(7716) Pause Young (Concurrent Start) (G1 Humongous Allocation) 422M->174M(1208M) 1.847ms
[2933.069s][info][gc] GC(7717) Concurrent Mark Cycle
[2933.081s][info][gc] GC(7717) Pause Remark 192M->192M(656M) 0.497ms
[2933.089s][info][gc] GC(7717) Pause Cleanup 192M->192M(656M) 0.039ms
[2933.089s][info][gc] GC(7717) Concurrent Mark Cycle 20.410ms
[2954.831s][info][gc] GC(7718) Pause Young (Prepare Mixed) (G1 Evacuation Pause) 914M->179M(956M) 3.011ms
[2959.236s][info][gc] GC(7719) Pause Young (Mixed) (G1 Evacuation Pause) 623M->186M(956M) 4.250ms
[2959.242s][info][gc] GC(7720) Pause Young (Concurrent Start) (G1 Humongous Allocation) 214M->191M(956M) 1.796ms
[2959.242s][info][gc] GC(7721) Concurrent Mark Cycle
[2959.247s][info][gc] GC(7721) Pause Remark 227M->119M(400M) 0.486ms
[2959.249s][info][gc] GC(7721) Pause Cleanup 119M->119M(400M) 0.067ms
[2959.249s][info][gc] GC(7721) Concurrent Mark Cycle 7.068ms
[2970.010s][info][gc] GC(7722) Pause Young (Prepare Mixed) (G1 Evacuation Pause) 995M->104M(1012M) 1.532ms
[2986.482s][info][gc] GC(7723) Pause Young (Mixed) (G1 Evacuation Pause) 1008M->123M(1052M) 3.457ms
[2986.510s][info][gc] GC(7724) Pause Young (Concurrent Start) (G1 Humongous Allocation) 289M->142M(1052M) 2.622ms
[2986.510s][info][gc] GC(7725) Concurrent Mark Cycle
[2986.519s][info][gc] GC(7725) Pause Remark 160M->160M(560M) 0.467ms
[2986.522s][info][gc] GC(7725) Pause Cleanup 160M->160M(560M) 0.066ms
[2986.523s][info][gc] GC(7725) Concurrent Mark Cycle 12.549ms
[2997.164s][info][gc] GC(7726) Pause Young (Prepare Mixed) (G1 Evacuation Pause) 1038M->149M(1112M) 4.450ms
[3013.578s][info][gc] GC(7727) Pause Young (Mixed) (G1 Evacuation Pause) 1101M->130M(1144M) 2.657ms
[3013.602s][info][gc] GC(7728) Pause Young (Concurrent Start) (G1 Humongous Allocation) 264M->142M(1144M) 1.646ms
[3013.602s][info][gc] GC(7729) Concurrent Mark Cycle
[3013.607s][info][gc] GC(7729) Pause Remark 160M->126M(428M) 0.507ms
[3013.608s][info][gc] GC(7729) Pause Cleanup 126M->126M(428M) 0.071ms
[3013.608s][info][gc] GC(7729) Concurrent Mark Cycle 6.579ms
[3028.802s][info][gc] GC(7730) Pause Young (Prepare Mixed) (G1 Evacuation Pause) 1232M->116M(1284M) 3.884ms
[3053.790s][info][gc] GC(7731) Pause Young (Mixed) (G1 Evacuation Pause) 1984M->108M(2040M) 4.327ms
[3053.794s][info][gc] GC(7732) Pause Young (Concurrent Start) (G1 Humongous Allocation) 110M->108M(2040M) 2.439ms
[3053.794s][info][gc] GC(7733) Concurrent Mark Cycle
[3053.799s][info][gc] GC(7733) Pause Remark 126M->126M(428M) 0.478ms
[3053.800s][info][gc] GC(7733) Pause Cleanup 126M->126M(428M) 0.040ms
[3053.801s][info][gc] GC(7733) Concurrent Mark Cycle 6.979ms
[3063.061s][info][gc] GC(7734) Pause Young (Prepare Mixed) (G1 Evacuation Pause) 528M->94M(584M) 5.072ms
[3067.991s][info][gc] GC(7735) Pause Young (Mixed) (G1 Evacuation Pause) 414M->126M(584M) 1.731ms
[3068.025s][info][gc] GC(7736) Pause Young (Concurrent Start) (G1 Humongous Allocation) 326M->143M(584M) 2.120ms
[3068.025s][info][gc] GC(7737) Concurrent Mark Cycle
[3068.035s][info][gc] GC(7737) Pause Remark 161M->161M(560M) 0.527ms
[3068.040s][info][gc] GC(7737) Pause Cleanup 161M->161M(560M) 0.076ms
[3068.041s][info][gc] GC(7737) Concurrent Mark Cycle 15.522ms
[3088.392s][info][gc] GC(7738) Pause Young (Prepare Mixed) (G1 Evacuation Pause) 1579M->138M(1640M) 3.990ms
[3109.568s][info][gc] GC(7739) Pause Young (Mixed) (G1 Evacuation Pause) 2558M->235M(2672M) 12.144ms
[3109.573s][info][gc] GC(7740) Pause Young (Concurrent Start) (G1 Humongous Allocation) 237M->238M(2672M) 4.534ms
[3109.573s][info][gc] GC(7741) Concurrent Mark Cycle
[3109.585s][info][gc] GC(7741) Pause Remark 256M->214M(708M) 0.516ms
[3109.586s][info][gc] GC(7741) Pause Cleanup 214M->214M(708M) 0.048ms
[3109.587s][info][gc] GC(7741) Concurrent Mark Cycle 13.360ms
[3118.488s][info][gc] GC(7742) Pause Young (Prepare Mixed) (G1 Evacuation Pause) 724M->169M(832M) 8.925ms
[3123.197s][info][gc] GC(7743) Pause Young (Mixed) (G1 Evacuation Pause) 597M->204M(832M) 2.321ms
[3123.215s][info][gc] GC(7744) Pause Young (Concurrent Start) (G1 Humongous Allocation) 308M->215M(832M) 1.923ms
[3123.215s][info][gc] GC(7745) Concurrent Mark Cycle
[3123.226s][info][gc] GC(7745) Pause Remark 235M->223M(748M) 0.467ms
[3123.234s][info][gc] GC(7745) Pause Cleanup 223M->223M(748M) 0.083ms
[3123.234s][info][gc] GC(7745) Concurrent Mark Cycle 18.947ms
[3127.512s][info][gc] GC(7746) Pause Young (Prepare Mixed) (G1 Evacuation Pause) 1103M->242M(1172M) 4.766ms
[3144.733s][info][gc] GC(7747) Pause Young (Mixed) (G1 Evacuation Pause) 1750M->203M(1808M) 4.195ms
[3150.787s][info][gc] GC(7748) Pause Young (Concurrent Start) (G1 Humongous Allocation) 485M->223M(1808M) 3.897ms
[3150.787s][info][gc] GC(7749) Concurrent Mark Cycle
[3150.797s][info][gc] GC(7749) Pause Remark 245M->164M(536M) 0.517ms
[3150.799s][info][gc] GC(7749) Pause Cleanup 164M->164M(536M) 0.069ms
[3150.799s][info][gc] GC(7749) Concurrent Mark Cycle 12.038ms
[3151.605s][info][gc] GC(7750) Pause Young (Prepare Mixed) (G1 Evacuation Pause) 474M->168M(540M) 2.880ms
[3154.056s][info][gc] GC(7751) Pause Young (Mixed) (G1 Evacuation Pause) 736M->195M(800M) 4.003ms
[3154.141s][info][gc] GC(7752) Pause Young (Concurrent Start) (G1 Humongous Allocation) 199M->183M(800M) 2.017ms
[3154.141s][info][gc] GC(7753) Concurrent Mark Cycle
[3154.148s][info][gc] GC(7753) Pause Remark 201M->169M(576M) 0.486ms
[3154.152s][info][gc] GC(7753) Pause Cleanup 169M->169M(576M) 0.072ms
[3154.152s][info][gc] GC(7753) Concurrent Mark Cycle 11.146ms
[3167.456s][info][gc] GC(7754) Pause Young (Prepare Mixed) (G1 Evacuation Pause) 1523M->159M(1560M) 3.047ms
[3202.439s][info][gc] GC(7755) Pause Young (Mixed) (G1 Evacuation Pause) 1587M->146M(1656M) 5.207ms
[3205.068s][info][gc] GC(7756) Pause Young (Concurrent Start) (G1 Humongous Allocation) 1072M->196M(1656M) 5.484ms
[3205.068s][info][gc] GC(7757) Concurrent Mark Cycle
[3205.084s][info][gc] GC(7757) Pause Remark 268M->268M(896M) 0.452ms
[3205.087s][info][gc] GC(7757) Pause Cleanup 268M->268M(896M) 0.048ms
[3205.088s][info][gc] GC(7757) Concurrent Mark Cycle 19.609ms
[3216.250s][info][gc] GC(7758) Pause Young (Prepare Mixed) (G1 Evacuation Pause) 2024M->267M(2164M) 10.765ms
[3233.743s][info][gc] GC(7759) Pause Young (Mixed) (G1 Evacuation Pause) 2155M->314M(2256M) 6.588ms
[3233.752s][info][gc] GC(7760) Pause Young (Concurrent Start) (G1 Humongous Allocation) 336M->316M(2256M) 3.365ms
[3233.752s][info][gc] GC(7761) Concurrent Mark Cycle
[3233.772s][info][gc] GC(7761) Pause Remark 336M->296M(1000M) 0.466ms
[3233.778s][info][gc] GC(7761) Pause Cleanup 296M->296M(1000M) 0.066ms
[3233.778s][info][gc] GC(7761) Concurrent Mark Cycle 26.371ms
[3240.466s][info][gc] GC(7762) Pause Young (Prepare Mixed) (G1 Evacuation Pause) 1776M->320M(1896M) 7.255ms
[3255.673s][info][gc] GC(7763) Pause Young (Mixed) (G1 Evacuation Pause) 1960M->257M(2076M) 8.158ms
[3262.067s][info][gc] GC(7764) Pause Young (Concurrent Start) (G1 Humongous Allocation) 557M->275M(2076M) 3.372ms
[3262.068s][info][gc] GC(7765) Concurrent Mark Cycle
[3262.082s][info][gc] GC(7765) Pause Remark 299M->195M(628M) 0.498ms
[3262.087s][info][gc] GC(7765) Pause Cleanup 195M->195M(628M) 0.064ms
[3262.087s][info][gc] GC(7765) Concurrent Mark Cycle 19.803ms
[3272.579s][info][gc] GC(7766) Pause Young (Prepare Mixed) (G1 Evacuation Pause) 1267M->190M(1336M) 5.039ms
[3290.295s][info][gc] GC(7767) Pause Young (Mixed) (G1 Evacuation Pause) 1334M->151M(1380M) 3.955ms
[3290.322s][info][gc] GC(7768) Pause Young (Concurrent Start) (G1 Humongous Allocation) 719M->207M(1380M) 5.899ms
[3290.322s][info][gc] GC(7769) Concurrent Mark Cycle
[3290.336s][info][gc] GC(7769) Pause Remark 377M->316M(760M) 0.667ms
[3290.339s][info][gc] GC(7769) Pause Cleanup 316M->316M(760M) 0.060ms
[3290.339s][info][gc] GC(7769) Concurrent Mark Cycle 17.730ms
[3295.047s][info][gc] GC(7770) Pause Young (Prepare Mixed) (G1 Evacuation Pause) 1454M->229M(1564M) 7.045ms
[3310.149s][info][gc] GC(7771) Pause Young (Mixed) (G1 Evacuation Pause) 2561M->241M(2668M) 8.339ms
[3310.153s][info][gc] GC(7772) Pause Young (Concurrent Start) (G1 Humongous Allocation) 243M->238M(2668M) 2.610ms
[3310.153s][info][gc] GC(7773) Concurrent Mark Cycle
[3310.170s][info][gc] GC(7773) Pause Remark 256M->256M(868M) 0.489ms
[3310.178s][info][gc] GC(7773) Pause Cleanup 256M->256M(868M) 0.061ms
[3310.178s][info][gc] GC(7773) Concurrent Mark Cycle 25.412ms
[3319.744s][info][gc] GC(7774) Pause Young (Prepare Mixed) (G1 Evacuation Pause) 842M->217M(920M) 4.731ms
[3319.894s][info][gc] GC(7775) Pause Young (Mixed) (G1 Evacuation Pause) 765M->285M(920M) 4.988ms
[3319.906s][info][gc] GC(7776) Pause Young (Concurrent Start) (G1 Humongous Allocation) 337M->297M(920M) 2.918ms
[3319.907s][info][gc] GC(7777) Concurrent Mark Cycle
[3319.928s][info][gc] GC(7777) Pause Remark 316M->316M(920M) 0.451ms
[3319.943s][info][gc] GC(7777) Pause Cleanup 316M->316M(920M) 0.055ms
[3319.944s][info][gc] GC(7777) Concurrent Mark Cycle 37.385ms
[3322.768s][info][gc] GC(7778) Pause Young (Prepare Mixed) (G1 Evacuation Pause) 1181M->329M(1216M) 2.975ms
[3329.380s][info][gc] GC(7779) Pause Young (Mixed) (G1 Evacuation Pause) 1669M->335M(1720M) 3.766ms
[3329.383s][info][gc] GC(7780) Pause Young (Concurrent Start) (G1 Humongous Allocation) 336M->335M(1720M) 2.202ms
[3329.383s][info][gc] GC(7781) Concurrent Mark Cycle
[3329.404s][info][gc] GC(7781) Pause Remark 387M->287M(960M) 0.480ms
[3329.412s][info][gc] GC(7781) Pause Cleanup 287M->287M(960M) 0.052ms
[3329.413s][info][gc] GC(7781) Concurrent Mark Cycle 30.225ms
[3341.267s][info][gc] GC(7782) Pause Young (Prepare Mixed) (G1 Evacuation Pause) 1851M->197M(1908M) 4.337ms
[3349.927s][info][gc] GC(7783) Pause Young (Mixed) (G1 Evacuation Pause) 1221M->215M(1908M) 6.795ms
[3349.947s][info][gc] GC(7784) Pause Young (Concurrent Start) (G1 Humongous Allocation) 627M->255M(1908M) 6.157ms
[3349.947s][info][gc] GC(7785) Concurrent Mark Cycle
[3349.972s][info][gc] GC(7785) Pause Remark 409M->409M(1188M) 0.466ms
[3349.982s][info][gc] GC(7785) Pause Cleanup 409M->409M(1188M) 0.054ms
[3349.982s][info][gc] GC(7785) Concurrent Mark Cycle 35.050ms
[3354.222s][info][gc] GC(7786) Pause Young (Prepare Mixed) (G1 Evacuation Pause) 1463M->352M(1604M) 8.793ms
[3367.876s][info][gc] GC(7787) Pause Young (Mixed) (G1 Evacuation Pause) 2720M->366M(2812M) 6.726ms
[3367.879s][info][gc] GC(7788) Pause Young (Concurrent Start) (G1 Humongous Allocation) 368M->363M(2812M) 2.386ms
[3367.880s][info][gc] GC(7789) Concurrent Mark Cycle
[3367.900s][info][gc] GC(7789) Pause Remark 381M->308M(1040M) 0.501ms
[3367.910s][info][gc] GC(7789) Pause Cleanup 308M->308M(1040M) 0.058ms
[3367.910s][info][gc] GC(7789) Concurrent Mark Cycle 30.938ms
[3373.625s][info][gc] GC(7790) Pause Young (Prepare Mixed) (G1 Evacuation Pause) 1178M->214M(1228M) 3.629ms
[3382.332s][info][gc] GC(7791) Pause Young (Mixed) (G1 Evacuation Pause) 866M->272M(1228M) 4.503ms
[3382.376s][info][gc] GC(7792) Pause Young (Concurrent Start) (G1 Humongous Allocation) 487M->292M(1228M) 4.665ms
[3382.376s][info][gc] GC(7793) Concurrent Mark Cycle
[3382.403s][info][gc] GC(7793) Pause Remark 454M->454M(1108M) 0.470ms
[3382.416s][info][gc] GC(7793) Pause Cleanup 547M->547M(1108M) 0.058ms
[3382.417s][info][gc] GC(7793) Concurrent Mark Cycle 41.464ms
[3386.833s][info][gc] GC(7794) Pause Young (Prepare Mixed) (G1 Evacuation Pause) 1444M->337M(1552M) 6.175ms
[3403.231s][info][gc] GC(7795) Pause Young (Mixed) (G1 Evacuation Pause) 2293M->346M(2372M) 5.342ms
[3411.622s][info][gc] GC(7796) Pause Young (Concurrent Start) (G1 Evacuation Pause) 1706M->370M(2372M) 7.704ms
[3411.623s][info][gc] GC(7797) Concurrent Mark Cycle
[3411.645s][info][gc] GC(7797) Pause Remark 818M->692M(1200M) 0.456ms
[3411.649s][info][gc] GC(7797) Pause Cleanup 692M->692M(1200M) 0.049ms
[3411.650s][info][gc] GC(7797) Concurrent Mark Cycle 26.812ms
[3416.474s][info][gc] GC(7798) Pause Young (Prepare Mixed) (G1 Evacuation Pause) 1892M->389M(2080M) 13.727ms
[3433.750s][info][gc] GC(7799) Pause Young (Mixed) (G1 Evacuation Pause) 3437M->402M(3524M) 8.702ms
[3433.756s][info][gc] GC(7800) Pause Young (Concurrent Start) (G1 Humongous Allocation) 404M->403M(3524M) 5.665ms
[3433.756s][info][gc] GC(7801) Concurrent Mark Cycle
[3433.787s][info][gc] GC(7801) Pause Remark 421M->385M(1280M) 1.321ms
[3433.797s][info][gc] GC(7801) Pause Cleanup 385M->385M(1280M) 0.087ms
[3433.798s][info][gc] GC(7801) Concurrent Mark Cycle 42.191ms
[3448.217s][info][gc] GC(7802) Pause Young (Prepare Mixed) (G1 Evacuation Pause) 1279M->274M(1360M) 6.303ms
[3452.846s][info][gc] GC(7803) Pause Young (Mixed) (G1 Evacuation Pause) 1598M->360M(1696M) 8.147ms
[3452.853s][info][gc] GC(7804) Pause Young (Concurrent Start) (G1 Humongous Allocation) 363M->348M(1696M) 4.984ms
[3452.853s][info][gc] GC(7805) Concurrent Mark Cycle
[3452.879s][info][gc] GC(7805) Pause Remark 384M->384M(1280M) 0.528ms
[3452.900s][info][gc] GC(7805) Pause Cleanup 384M->384M(1280M) 0.069ms
[3452.900s][info][gc] GC(7805) Concurrent Mark Cycle 47.124ms
[3466.727s][info][gc] GC(7806) Pause Young (Prepare Mixed) (G1 Evacuation Pause) 1700M->372M(1784M) 5.529ms
