[0.004s][info][gc] Using Serial
[0.098s][info][gc] GC(0) Pause Young (Allocation Failure) 77M->6M(278M) 2.285ms
[0.131s][info][gc] GC(1) Pause Young (Allocation Failure) 83M->11M(278M) 2.635ms
[0.161s][info][gc] GC(2) Pause Young (Allocation Failure) 88M->16M(278M) 2.083ms
[0.315s][info][gc] GC(3) Pause Young (Allocation Failure) 93M->22M(278M) 4.128ms
[0.464s][info][gc] GC(4) Pause Young (Allocation Failure) 99M->26M(278M) 4.478ms
[0.498s][info][gc] GC(5) Pause Young (Allocation Failure) 103M->26M(278M) 1.716ms
[0.543s][info][gc] GC(6) Pause Young (Allocation Failure) 103M->27M(278M) 1.829ms
[0.577s][info][gc] GC(7) Pause Young (Allocation Failure) 104M->27M(278M) 1.965ms
[0.621s][info][gc] GC(8) Pause Young (Allocation Failure) 104M->28M(278M) 2.361ms
[0.656s][info][gc] GC(9) Pause Young (Allocation Failure) 105M->28M(278M) 1.929ms
[0.697s][info][gc] GC(10) Pause Young (Allocation Failure) 105M->29M(278M) 2.244ms
[0.734s][info][gc] GC(11) Pause Young (Allocation Failure) 106M->30M(278M) 2.189ms
[0.775s][info][gc] GC(12) Pause Young (Allocation Failure) 107M->30M(278M) 2.250ms
[0.810s][info][gc] GC(13) Pause Young (Allocation Failure) 107M->31M(278M) 2.106ms
[0.851s][info][gc] GC(14) Pause Young (Allocation Failure) 108M->31M(278M) 2.084ms
[0.889s][info][gc] GC(15) Pause Young (Allocation Failure) 108M->32M(278M) 2.249ms
[0.928s][info][gc] GC(16) Pause Young (Allocation Failure) 109M->32M(278M) 2.342ms
[0.963s][info][gc] GC(17) Pause Young (Allocation Failure) 109M->33M(278M) 1.936ms
[1.004s][info][gc] GC(18) Pause Young (Allocation Failure) 110M->34M(278M) 2.213ms
[1.039s][info][gc] GC(19) Pause Young (Allocation Failure) 111M->34M(278M) 1.861ms
[1.080s][info][gc] GC(20) Pause Young (Allocation Failure) 111M->35M(278M) 2.203ms
[1.113s][info][gc] GC(21) Pause Young (Allocation Failure) 112M->36M(278M) 2.335ms
[1.150s][info][gc] GC(22) Pause Young (Allocation Failure) 112M->35M(278M) 1.820ms
[1.189s][info][gc] GC(23) Pause Young (Allocation Failure) 112M->37M(278M) 2.177ms
[1.223s][info][gc] GC(24) Pause Young (Allocation Failure) 114M->37M(278M) 2.423ms
[1.265s][info][gc] GC(25) Pause Young (Allocation Failure) 114M->38M(278M) 2.019ms
[1.299s][info][gc] GC(26) Pause Young (Allocation Failure) 115M->39M(278M) 2.073ms
[1.342s][info][gc] GC(27) Pause Young (Allocation Failure) 116M->39M(278M) 2.267ms
[1.376s][info][gc] GC(28) Pause Young (Allocation Failure) 116M->40M(278M) 2.113ms
[1.417s][info][gc] GC(29) Pause Young (Allocation Failure) 117M->41M(278M) 2.030ms
[1.451s][info][gc] GC(30) Pause Young (Allocation Failure) 117M->41M(278M) 2.175ms
[1.493s][info][gc] GC(31) Pause Young (Allocation Failure) 118M->42M(278M) 2.277ms
[1.528s][info][gc] GC(32) Pause Young (Allocation Failure) 119M->42M(278M) 2.187ms
[1.569s][info][gc] GC(33) Pause Young (Allocation Failure) 119M->43M(278M) 2.239ms
[1.603s][info][gc] GC(34) Pause Young (Allocation Failure) 120M->43M(278M) 2.127ms
[1.645s][info][gc] GC(35) Pause Young (Allocation Failure) 120M->44M(278M) 1.940ms
[1.682s][info][gc] GC(36) Pause Young (Allocation Failure) 121M->45M(278M) 2.355ms
[1.722s][info][gc] GC(37) Pause Young (Allocation Failure) 122M->45M(278M) 2.229ms
[1.757s][info][gc] GC(38) Pause Young (Allocation Failure) 122M->46M(278M) 1.816ms
[1.797s][info][gc] GC(39) Pause Young (Allocation Failure) 123M->46M(278M) 2.129ms
[1.831s][info][gc] GC(40) Pause Young (Allocation Failure) 123M->47M(278M) 2.057ms
[1.870s][info][gc] GC(41) Pause Young (Allocation Failure) 124M->47M(278M) 2.053ms
[1.909s][info][gc] GC(42) Pause Young (Allocation Failure) 124M->49M(278M) 2.290ms
[1.946s][info][gc] GC(43) Pause Young (Allocation Failure) 125M->48M(278M) 2.281ms
[1.984s][info][gc] GC(44) Pause Young (Allocation Failure) 125M->49M(278M) 1.851ms
[2.017s][info][gc] GC(45) Pause Young (Allocation Failure) 126M->49M(278M) 1.721ms
[2.065s][info][gc] GC(46) Pause Young (Allocation Failure) 126M->51M(278M) 2.347ms
[2.098s][info][gc] GC(47) Pause Young (Allocation Failure) 128M->51M(278M) 2.344ms
[2.137s][info][gc] GC(48) Pause Young (Allocation Failure) 128M->52M(278M) 1.869ms
[2.172s][info][gc] GC(49) Pause Young (Allocation Failure) 128M->52M(278M) 1.979ms
[2.215s][info][gc] GC(50) Pause Young (Allocation Failure) 129M->53M(278M) 2.343ms
[2.249s][info][gc] GC(51) Pause Young (Allocation Failure) 130M->54M(278M) 2.323ms
[2.289s][info][gc] GC(52) Pause Young (Allocation Failure) 130M->54M(278M) 1.854ms
[2.325s][info][gc] GC(53) Pause Young (Allocation Failure) 131M->55M(278M) 2.150ms
[2.364s][info][gc] GC(54) Pause Young (Allocation Failure) 132M->55M(278M) 2.095ms
[2.400s][info][gc] GC(55) Pause Young (Allocation Failure) 132M->56M(278M) 2.248ms
[2.439s][info][gc] GC(56) Pause Young (Allocation Failure) 133M->56M(278M) 2.187ms
[2.477s][info][gc] GC(57) Pause Young (Allocation Failure) 133M->57M(278M) 2.099ms
[2.516s][info][gc] GC(58) Pause Young (Allocation Failure) 134M->57M(278M) 2.136ms
[2.553s][info][gc] GC(59) Pause Young (Allocation Failure) 134M->58M(278M) 2.147ms
[2.593s][info][gc] GC(60) Pause Young (Allocation Failure) 135M->59M(278M) 2.078ms
[2.627s][info][gc] GC(61) Pause Young (Allocation Failure) 136M->59M(278M) 2.116ms
[2.668s][info][gc] GC(62) Pause Young (Allocation Failure) 136M->60M(278M) 2.185ms
[2.704s][info][gc] GC(63) Pause Young (Allocation Failure) 137M->61M(278M) 2.167ms
[2.746s][info][gc] GC(64) Pause Young (Allocation Failure) 137M->61M(278M) 2.351ms
[2.785s][info][gc] GC(65) Pause Young (Allocation Failure) 138M->62M(278M) 2.350ms
[2.820s][info][gc] GC(66) Pause Young (Allocation Failure) 139M->62M(278M) 2.198ms
[2.861s][info][gc] GC(67) Pause Young (Allocation Failure) 139M->63M(278M) 1.965ms
[2.896s][info][gc] GC(68) Pause Young (Allocation Failure) 140M->63M(278M) 2.098ms
[2.938s][info][gc] GC(69) Pause Young (Allocation Failure) 140M->64M(278M) 2.150ms
[2.973s][info][gc] GC(70) Pause Young (Allocation Failure) 141M->65M(278M) 2.257ms
[3.019s][info][gc] GC(71) Pause Young (Allocation Failure) 141M->66M(278M) 2.441ms
[3.053s][info][gc] GC(72) Pause Young (Allocation Failure) 143M->66M(278M) 2.153ms
[3.092s][info][gc] GC(73) Pause Young (Allocation Failure) 143M->66M(278M) 1.848ms
[3.129s][info][gc] GC(74) Pause Young (Allocation Failure) 143M->67M(278M) 2.150ms
[3.167s][info][gc] GC(75) Pause Young (Allocation Failure) 144M->67M(278M) 2.027ms
[3.205s][info][gc] GC(76) Pause Young (Allocation Failure) 144M->69M(278M) 2.073ms
[3.246s][info][gc] GC(77) Pause Young (Allocation Failure) 146M->69M(278M) 2.478ms
[3.283s][info][gc] GC(78) Pause Young (Allocation Failure) 146M->70M(278M) 2.244ms
[3.323s][info][gc] GC(79) Pause Young (Allocation Failure) 147M->70M(278M) 2.203ms
[3.361s][info][gc] GC(80) Pause Young (Allocation Failure) 147M->71M(278M) 2.355ms
[3.403s][info][gc] GC(81) Pause Young (Allocation Failure) 148M->72M(278M) 2.547ms
[3.436s][info][gc] GC(82) Pause Young (Allocation Failure) 149M->72M(278M) 2.016ms
[3.477s][info][gc] GC(83) Pause Young (Allocation Failure) 149M->73M(278M) 2.119ms
[3.511s][info][gc] GC(84) Pause Young (Allocation Failure) 150M->73M(278M) 2.343ms
[3.550s][info][gc] GC(85) Pause Young (Allocation Failure) 150M->74M(278M) 1.890ms
[3.588s][info][gc] GC(86) Pause Young (Allocation Failure) 151M->74M(278M) 2.221ms
[3.625s][info][gc] GC(87) Pause Young (Allocation Failure) 151M->75M(278M) 2.078ms
[3.662s][info][gc] GC(88) Pause Young (Allocation Failure) 152M->76M(278M) 2.168ms
[3.697s][info][gc] GC(89) Pause Young (Allocation Failure) 152M->76M(278M) 2.005ms
[3.741s][info][gc] GC(90) Pause Young (Allocation Failure) 153M->77M(278M) 2.207ms
[3.774s][info][gc] GC(91) Pause Young (Allocation Failure) 154M->77M(278M) 2.424ms
[3.812s][info][gc] GC(92) Pause Young (Allocation Failure) 154M->78M(278M) 1.974ms
[3.849s][info][gc] GC(93) Pause Young (Allocation Failure) 155M->78M(278M) 2.079ms
[3.888s][info][gc] GC(94) Pause Young (Allocation Failure) 155M->79M(278M) 2.119ms
[3.925s][info][gc] GC(95) Pause Young (Allocation Failure) 156M->80M(278M) 1.897ms
[3.964s][info][gc] GC(96) Pause Young (Allocation Failure) 156M->80M(278M) 2.495ms
[4.002s][info][gc] GC(97) Pause Young (Allocation Failure) 157M->81M(278M) 2.186ms
[4.042s][info][gc] GC(98) Pause Young (Allocation Failure) 158M->82M(278M) 2.289ms
[4.077s][info][gc] GC(99) Pause Young (Allocation Failure) 159M->82M(278M) 2.262ms
[4.116s][info][gc] GC(100) Pause Young (Allocation Failure) 159M->83M(278M) 2.008ms
[4.151s][info][gc] GC(101) Pause Young (Allocation Failure) 160M->83M(278M) 2.251ms
[4.190s][info][gc] GC(102) Pause Young (Allocation Failure) 160M->84M(278M) 2.241ms
[4.228s][info][gc] GC(103) Pause Young (Allocation Failure) 161M->85M(278M) 2.311ms
[4.269s][info][gc] GC(104) Pause Young (Allocation Failure) 162M->85M(278M) 2.452ms
[4.304s][info][gc] GC(105) Pause Young (Allocation Failure) 162M->86M(278M) 2.045ms
[4.340s][info][gc] GC(106) Pause Young (Allocation Failure) 163M->86M(278M) 1.823ms
[4.377s][info][gc] GC(107) Pause Young (Allocation Failure) 163M->87M(278M) 2.062ms
[4.428s][info][gc] GC(108) Pause Young (Allocation Failure) 164M->86M(278M) 1.795ms
[4.697s][info][gc] GC(109) Pause Young (Allocation Failure) 163M->86M(278M) 1.382ms
[4.781s][info][gc] GC(110) Pause Young (Allocation Failure) 163M->89M(278M) 2.418ms
[4.853s][info][gc] GC(111) Pause Young (Allocation Failure) 166M->90M(278M) 2.547ms
[4.923s][info][gc] GC(112) Pause Young (Allocation Failure) 166M->90M(278M) 1.997ms
[4.999s][info][gc] GC(113) Pause Young (Allocation Failure) 167M->91M(278M) 2.261ms
[5.073s][info][gc] GC(114) Pause Young (Allocation Failure) 168M->91M(278M) 2.242ms
[5.147s][info][gc] GC(115) Pause Young (Allocation Failure) 168M->92M(278M) 2.310ms
[5.222s][info][gc] GC(116) Pause Young (Allocation Failure) 169M->93M(278M) 1.829ms
[5.294s][info][gc] GC(117) Pause Young (Allocation Failure) 169M->93M(278M) 2.055ms
[5.365s][info][gc] GC(118) Pause Young (Allocation Failure) 170M->93M(278M) 2.055ms
[5.439s][info][gc] GC(119) Pause Young (Allocation Failure) 170M->94M(278M) 2.042ms
[5.509s][info][gc] GC(120) Pause Young (Allocation Failure) 171M->95M(278M) 2.172ms
[5.581s][info][gc] GC(121) Pause Young (Allocation Failure) 172M->96M(278M) 2.331ms
[5.651s][info][gc] GC(122) Pause Young (Allocation Failure) 173M->96M(278M) 2.029ms
[5.723s][info][gc] GC(123) Pause Young (Allocation Failure) 173M->96M(278M) 1.959ms
[5.795s][info][gc] GC(124) Pause Young (Allocation Failure) 173M->97M(278M) 1.964ms
[5.867s][info][gc] GC(125) Pause Young (Allocation Failure) 174M->98M(278M) 2.216ms
[5.943s][info][gc] GC(126) Pause Young (Allocation Failure) 175M->98M(278M) 1.875ms
[6.013s][info][gc] GC(127) Pause Young (Allocation Failure) 175M->99M(278M) 2.367ms
[6.085s][info][gc] GC(128) Pause Young (Allocation Failure) 176M->99M(278M) 1.872ms
[6.159s][info][gc] GC(129) Pause Young (Allocation Failure) 176M->100M(278M) 2.115ms
[6.224s][info][gc] GC(130) Pause Young (Allocation Failure) 177M->100M(278M) 1.816ms
[6.290s][info][gc] GC(131) Pause Young (Allocation Failure) 177M->101M(278M) 1.853ms
[6.362s][info][gc] GC(132) Pause Young (Allocation Failure) 178M->102M(278M) 2.126ms
[6.434s][info][gc] GC(133) Pause Young (Allocation Failure) 179M->103M(278M) 2.117ms
[6.504s][info][gc] GC(134) Pause Young (Allocation Failure) 179M->103M(278M) 2.090ms
[6.574s][info][gc] GC(135) Pause Young (Allocation Failure) 180M->104M(278M) 1.805ms
[6.646s][info][gc] GC(136) Pause Young (Allocation Failure) 181M->104M(278M) 2.282ms
[6.717s][info][gc] GC(137) Pause Young (Allocation Failure) 181M->105M(278M) 2.248ms
[6.788s][info][gc] GC(138) Pause Young (Allocation Failure) 182M->105M(278M) 1.907ms
[6.860s][info][gc] GC(139) Pause Young (Allocation Failure) 182M->106M(278M) 2.229ms
[6.934s][info][gc] GC(140) Pause Young (Allocation Failure) 183M->107M(278M) 2.262ms
[7.005s][info][gc] GC(141) Pause Young (Allocation Failure) 184M->107M(278M) 2.479ms
[7.082s][info][gc] GC(142) Pause Young (Allocation Failure) 184M->108M(278M) 2.244ms
[7.152s][info][gc] GC(143) Pause Young (Allocation Failure) 185M->109M(278M) 2.110ms
[7.222s][info][gc] GC(144) Pause Young (Allocation Failure) 185M->109M(278M) 1.959ms
[7.291s][info][gc] GC(145) Pause Young (Allocation Failure) 186M->110M(278M) 1.917ms
[7.362s][info][gc] GC(146) Pause Young (Allocation Failure) 186M->110M(278M) 1.914ms
[7.436s][info][gc] GC(147) Pause Young (Allocation Failure) 187M->111M(278M) 2.191ms
[7.507s][info][gc] GC(148) Pause Young (Allocation Failure) 188M->112M(278M) 1.831ms
[7.580s][info][gc] GC(149) Pause Young (Allocation Failure) 189M->112M(278M) 2.246ms
[7.651s][info][gc] GC(150) Pause Young (Allocation Failure) 189M->113M(278M) 1.994ms
[7.724s][info][gc] GC(151) Pause Young (Allocation Failure) 190M->114M(278M) 1.910ms
[7.793s][info][gc] GC(152) Pause Young (Allocation Failure) 190M->114M(278M) 1.883ms
[7.864s][info][gc] GC(153) Pause Young (Allocation Failure) 191M->114M(278M) 1.705ms
[7.937s][info][gc] GC(154) Pause Young (Allocation Failure) 191M->115M(278M) 2.055ms
[8.007s][info][gc] GC(155) Pause Young (Allocation Failure) 192M->115M(278M) 1.900ms
[8.078s][info][gc] GC(156) Pause Young (Allocation Failure) 192M->116M(278M) 2.155ms
[8.153s][info][gc] GC(157) Pause Young (Allocation Failure) 193M->117M(278M) 2.095ms
[8.226s][info][gc] GC(158) Pause Young (Allocation Failure) 194M->117M(278M) 2.062ms
[8.298s][info][gc] GC(159) Pause Young (Allocation Failure) 194M->118M(278M) 2.057ms
[8.370s][info][gc] GC(160) Pause Young (Allocation Failure) 195M->118M(278M) 1.977ms
[8.442s][info][gc] GC(161) Pause Young (Allocation Failure) 195M->119M(278M) 2.065ms
[8.820s][info][gc] GC(162) Pause Young (Allocation Failure) 196M->120M(278M) 2.539ms
[8.962s][info][gc] GC(163) Pause Young (Allocation Failure) 197M->121M(278M) 2.394ms
[9.096s][info][gc] GC(164) Pause Young (Allocation Failure) 198M->122M(278M) 2.190ms
[9.229s][info][gc] GC(165) Pause Young (Allocation Failure) 199M->122M(278M) 1.926ms
[9.370s][info][gc] GC(166) Pause Young (Allocation Failure) 199M->123M(278M) 2.317ms
[9.505s][info][gc] GC(167) Pause Young (Allocation Failure) 200M->124M(278M) 2.068ms
[9.645s][info][gc] GC(168) Pause Young (Allocation Failure) 200M->124M(278M) 1.586ms
[9.777s][info][gc] GC(169) Pause Young (Allocation Failure) 201M->124M(278M) 1.529ms
[9.913s][info][gc] GC(170) Pause Young (Allocation Failure) 201M->125M(278M) 1.872ms
[10.055s][info][gc] GC(171) Pause Young (Allocation Failure) 202M->126M(278M) 2.047ms
[10.190s][info][gc] GC(172) Pause Young (Allocation Failure) 203M->127M(278M) 2.210ms
[10.328s][info][gc] GC(173) Pause Young (Allocation Failure) 203M->127M(278M) 2.126ms
[10.463s][info][gc] GC(174) Pause Young (Allocation Failure) 204M->128M(278M) 1.940ms
[10.598s][info][gc] GC(175) Pause Young (Allocation Failure) 205M->128M(278M) 1.745ms
[10.730s][info][gc] GC(176) Pause Young (Allocation Failure) 205M->129M(278M) 1.771ms
[10.861s][info][gc] GC(177) Pause Young (Allocation Failure) 206M->130M(278M) 2.116ms
[10.999s][info][gc] GC(178) Pause Young (Allocation Failure) 207M->130M(278M) 1.808ms
[11.132s][info][gc] GC(179) Pause Young (Allocation Failure) 207M->131M(278M) 1.866ms
[11.265s][info][gc] GC(180) Pause Young (Allocation Failure) 208M->132M(278M) 1.940ms
[11.399s][info][gc] GC(181) Pause Young (Allocation Failure) 208M->132M(278M) 1.917ms
[11.532s][info][gc] GC(182) Pause Young (Allocation Failure) 209M->133M(278M) 1.962ms
[11.664s][info][gc] GC(183) Pause Young (Allocation Failure) 209M->133M(278M) 1.690ms
[11.794s][info][gc] GC(184) Pause Young (Allocation Failure) 210M->134M(278M) 2.135ms
[11.934s][info][gc] GC(185) Pause Young (Allocation Failure) 211M->134M(278M) 2.010ms
[12.072s][info][gc] GC(186) Pause Young (Allocation Failure) 211M->135M(278M) 2.148ms
[12.215s][info][gc] GC(187) Pause Young (Allocation Failure) 212M->136M(278M) 1.836ms
[12.353s][info][gc] GC(188) Pause Young (Allocation Failure) 212M->136M(278M) 2.067ms
[12.488s][info][gc] GC(189) Pause Young (Allocation Failure) 213M->137M(278M) 1.966ms
[12.622s][info][gc] GC(190) Pause Young (Allocation Failure) 214M->137M(278M) 1.921ms
[12.757s][info][gc] GC(191) Pause Young (Allocation Failure) 214M->138M(278M) 2.118ms
[12.888s][info][gc] GC(192) Pause Young (Allocation Failure) 215M->139M(278M) 2.082ms
[13.020s][info][gc] GC(193) Pause Young (Allocation Failure) 216M->139M(278M) 1.918ms
[13.160s][info][gc] GC(194) Pause Young (Allocation Failure) 216M->140M(278M) 1.793ms
[13.289s][info][gc] GC(195) Pause Young (Allocation Failure) 217M->140M(278M) 2.040ms
[13.428s][info][gc] GC(196) Pause Young (Allocation Failure) 217M->141M(278M) 1.837ms
[13.564s][info][gc] GC(197) Pause Young (Allocation Failure) 218M->142M(278M) 2.183ms
[13.695s][info][gc] GC(198) Pause Young (Allocation Failure) 218M->142M(278M) 1.897ms
[13.838s][info][gc] GC(199) Pause Young (Allocation Failure) 219M->143M(278M) 2.069ms
[13.971s][info][gc] GC(200) Pause Young (Allocation Failure) 220M->143M(278M) 1.738ms
[14.108s][info][gc] GC(201) Pause Young (Allocation Failure) 220M->144M(278M) 2.113ms
[14.243s][info][gc] GC(202) Pause Young (Allocation Failure) 221M->145M(278M) 1.974ms
[14.382s][info][gc] GC(203) Pause Young (Allocation Failure) 222M->145M(278M) 2.095ms
[14.518s][info][gc] GC(204) Pause Young (Allocation Failure) 222M->146M(278M) 1.863ms
[14.657s][info][gc] GC(205) Pause Young (Allocation Failure) 223M->146M(278M) 2.078ms
[14.798s][info][gc] GC(206) Pause Young (Allocation Failure) 223M->147M(278M) 1.901ms
[14.935s][info][gc] GC(207) Pause Young (Allocation Failure) 224M->148M(278M) 2.145ms
[15.079s][info][gc] GC(208) Pause Young (Allocation Failure) 225M->148M(278M) 1.883ms
[15.217s][info][gc] GC(209) Pause Young (Allocation Failure) 225M->149M(278M) 2.178ms
[15.356s][info][gc] GC(210) Pause Young (Allocation Failure) 226M->150M(278M) 1.811ms
[15.492s][info][gc] GC(211) Pause Young (Allocation Failure) 226M->150M(278M) 2.198ms
[15.630s][info][gc] GC(212) Pause Young (Allocation Failure) 227M->151M(278M) 1.839ms
[15.761s][info][gc] GC(213) Pause Young (Allocation Failure) 228M->151M(278M) 1.829ms
[16.073s][info][gc] GC(214) Pause Young (Allocation Failure) 228M->153M(278M) 1.980ms
[16.201s][info][gc] GC(215) Pause Young (Allocation Failure) 229M->153M(278M) 2.200ms
[16.342s][info][gc] GC(216) Pause Young (Allocation Failure) 230M->154M(278M) 1.899ms
[16.484s][info][gc] GC(217) Pause Young (Allocation Failure) 231M->154M(278M) 2.232ms
[16.626s][info][gc] GC(218) Pause Young (Allocation Failure) 231M->155M(278M) 2.033ms
[16.760s][info][gc] GC(219) Pause Young (Allocation Failure) 232M->156M(278M) 1.970ms
[16.896s][info][gc] GC(220) Pause Young (Allocation Failure) 233M->156M(278M) 1.893ms
[17.034s][info][gc] GC(221) Pause Young (Allocation Failure) 233M->157M(278M) 1.693ms
[17.169s][info][gc] GC(222) Pause Young (Allocation Failure) 234M->157M(278M) 1.967ms
[17.303s][info][gc] GC(223) Pause Young (Allocation Failure) 234M->158M(278M) 1.983ms
[17.442s][info][gc] GC(224) Pause Young (Allocation Failure) 235M->159M(278M) 2.007ms
[17.577s][info][gc] GC(225) Pause Young (Allocation Failure) 236M->159M(278M) 1.999ms
[17.712s][info][gc] GC(226) Pause Young (Allocation Failure) 236M->160M(278M) 1.797ms
[17.845s][info][gc] GC(227) Pause Young (Allocation Failure) 237M->160M(278M) 1.648ms
[17.974s][info][gc] GC(228) Pause Young (Allocation Failure) 237M->161M(278M) 2.021ms
[18.114s][info][gc] GC(229) Pause Young (Allocation Failure) 238M->162M(278M) 2.296ms
[18.247s][info][gc] GC(230) Pause Young (Allocation Failure) 239M->162M(278M) 1.924ms
[18.385s][info][gc] GC(231) Pause Young (Allocation Failure) 239M->163M(278M) 1.777ms
[18.516s][info][gc] GC(232) Pause Young (Allocation Failure) 240M->164M(278M) 1.856ms
[18.652s][info][gc] GC(233) Pause Young (Allocation Failure) 240M->164M(278M) 2.121ms
[18.788s][info][gc] GC(234) Pause Young (Allocation Failure) 241M->165M(278M) 2.052ms
[18.924s][info][gc] GC(235) Pause Young (Allocation Failure) 242M->165M(278M) 1.917ms
[19.065s][info][gc] GC(236) Pause Young (Allocation Failure) 242M->166M(278M) 1.959ms
[19.205s][info][gc] GC(237) Pause Young (Allocation Failure) 243M->166M(278M) 2.258ms
[19.348s][info][gc] GC(238) Pause Young (Allocation Failure) 243M->167M(278M) 1.851ms
[19.475s][info][gc] GC(239) Pause Young (Allocation Failure) 244M->168M(278M) 1.830ms
[19.616s][info][gc] GC(240) Pause Young (Allocation Failure) 244M->168M(278M) 2.050ms
[19.752s][info][gc] GC(241) Pause Young (Allocation Failure) 245M->169M(278M) 2.146ms
[19.893s][info][gc] GC(242) Pause Young (Allocation Failure) 246M->169M(278M) 2.235ms
[20.034s][info][gc] GC(243) Pause Young (Allocation Failure) 246M->170M(278M) 1.863ms
[20.173s][info][gc] GC(244) Pause Young (Allocation Failure) 247M->171M(278M) 2.036ms
[20.317s][info][gc] GC(245) Pause Young (Allocation Failure) 247M->171M(278M) 2.191ms
[20.463s][info][gc] GC(246) Pause Young (Allocation Failure) 248M->172M(278M) 2.294ms
[20.595s][info][gc] GC(247) Pause Young (Allocation Failure) 249M->172M(278M) 1.884ms
[20.737s][info][gc] GC(248) Pause Young (Allocation Failure) 249M->173M(278M) 2.044ms
[20.866s][info][gc] GC(249) Pause Young (Allocation Failure) 250M->174M(278M) 1.952ms
[21.002s][info][gc] GC(250) Pause Young (Allocation Failure) 251M->174M(278M) 1.956ms
[21.126s][info][gc] GC(251) Pause Young (Allocation Failure) 251M->175M(278M) 1.794ms
[21.261s][info][gc] GC(252) Pause Young (Allocation Failure) 252M->175M(278M) 1.793ms
[21.402s][info][gc] GC(253) Pause Young (Allocation Failure) 252M->176M(278M) 2.053ms
[21.537s][info][gc] GC(254) Pause Young (Allocation Failure) 253M->177M(278M) 2.122ms
[21.671s][info][gc] GC(255) Pause Young (Allocation Failure) 254M->177M(278M) 2.230ms
[21.807s][info][gc] GC(256) Pause Young (Allocation Failure) 254M->178M(278M) 1.977ms
[21.947s][info][gc] GC(257) Pause Young (Allocation Failure) 255M->179M(278M) 1.897ms
[22.074s][info][gc] GC(258) Pause Young (Allocation Failure) 255M->179M(278M) 1.936ms
[22.211s][info][gc] GC(259) Pause Young (Allocation Failure) 256M->180M(278M) 1.791ms
[22.347s][info][gc] GC(260) Pause Young (Allocation Failure) 257M->180M(278M) 1.793ms
[22.467s][info][gc] GC(261) Pause Young (Allocation Failure) 257M->181M(278M) 1.996ms
[22.602s][info][gc] GC(262) Pause Young (Allocation Failure) 257M->182M(278M) 1.829ms
[22.741s][info][gc] GC(263) Pause Young (Allocation Failure) 258M->182M(278M) 2.227ms
[22.881s][info][gc] GC(264) Pause Young (Allocation Failure) 259M->183M(278M) 1.991ms
[23.020s][info][gc] GC(265) Pause Young (Allocation Failure) 260M->183M(278M) 1.939ms
[23.154s][info][gc] GC(266) Pause Young (Allocation Failure) 260M->184M(278M) 1.905ms
[23.470s][info][gc] GC(267) Pause Young (Allocation Failure) 261M->185M(278M) 2.108ms
[23.601s][info][gc] GC(268) Pause Young (Allocation Failure) 262M->186M(278M) 2.159ms
[23.739s][info][gc] GC(269) Pause Young (Allocation Failure) 263M->186M(278M) 1.828ms
[23.867s][info][gc] GC(270) Pause Young (Allocation Failure) 263M->187M(278M) 1.817ms
[24.005s][info][gc] GC(271) Pause Young (Allocation Failure) 264M->188M(278M) 1.820ms
[24.140s][info][gc] GC(272) Pause Young (Allocation Failure) 265M->188M(278M) 2.144ms
[24.273s][info][gc] GC(273) Pause Young (Allocation Failure) 265M->189M(278M) 1.897ms
[24.402s][info][gc] GC(274) Pause Young (Allocation Failure) 266M->189M(278M) 1.562ms
[24.537s][info][gc] GC(275) Pause Young (Allocation Failure) 266M->190M(278M) 1.753ms
[24.672s][info][gc] GC(276) Pause Young (Allocation Failure) 267M->191M(278M) 2.008ms
[24.814s][info][gc] GC(277) Pause Young (Allocation Failure) 267M->191M(278M) 2.258ms
[24.951s][info][gc] GC(278) Pause Young (Allocation Failure) 268M->192M(278M) 2.178ms
[25.088s][info][gc] GC(279) Pause Young (Allocation Failure) 269M->192M(278M) 1.826ms
[25.226s][info][gc] GC(280) Pause Young (Allocation Failure) 269M->193M(278M) 2.131ms
[25.364s][info][gc] GC(281) Pause Young (Allocation Failure) 270M->194M(278M) 2.292ms
[25.506s][info][gc] GC(282) Pause Young (Allocation Failure) 271M->194M(278M) 2.231ms
[25.648s][info][gc] GC(283) Pause Young (Allocation Failure) 271M->195M(278M) 1.902ms
[25.784s][info][gc] GC(284) Pause Young (Allocation Failure) 272M->195M(278M) 1.722ms
[25.914s][info][gc] GC(285) Pause Young (Allocation Failure) 272M->196M(278M) 2.240ms
[26.056s][info][gc] GC(286) Pause Young (Allocation Failure) 273M->197M(278M) 2.066ms
[26.196s][info][gc] GC(287) Pause Young (Allocation Failure) 274M->197M(279M) 2.134ms
[26.227s][info][gc] GC(288) Pause Full (Allocation Failure) 197M->43M(278M) 30.673ms
[26.358s][info][gc] GC(289) Pause Young (Allocation Failure) 120M->44M(278M) 0.720ms
[26.493s][info][gc] GC(290) Pause Young (Allocation Failure) 121M->45M(278M) 0.908ms
[26.620s][info][gc] GC(291) Pause Young (Allocation Failure) 122M->45M(278M) 1.026ms
[26.761s][info][gc] GC(292) Pause Young (Allocation Failure) 122M->46M(278M) 1.211ms
[26.897s][info][gc] GC(293) Pause Young (Allocation Failure) 123M->46M(278M) 1.331ms
[27.034s][info][gc] GC(294) Pause Young (Allocation Failure) 123M->47M(278M) 1.520ms
[27.164s][info][gc] GC(295) Pause Young (Allocation Failure) 124M->48M(278M) 1.725ms
[27.300s][info][gc] GC(296) Pause Young (Allocation Failure) 125M->48M(278M) 1.757ms
[27.438s][info][gc] GC(297) Pause Young (Allocation Failure) 125M->49M(278M) 1.782ms
[27.579s][info][gc] GC(298) Pause Young (Allocation Failure) 126M->50M(278M) 2.072ms
[27.717s][info][gc] GC(299) Pause Young (Allocation Failure) 126M->50M(278M) 2.046ms
[27.859s][info][gc] GC(300) Pause Young (Allocation Failure) 127M->51M(278M) 2.023ms
[27.999s][info][gc] GC(301) Pause Young (Allocation Failure) 128M->51M(278M) 2.047ms
[28.135s][info][gc] GC(302) Pause Young (Allocation Failure) 128M->52M(278M) 1.829ms
[28.268s][info][gc] GC(303) Pause Young (Allocation Failure) 129M->52M(278M) 1.781ms
[28.401s][info][gc] GC(304) Pause Young (Allocation Failure) 129M->53M(278M) 1.696ms
[28.540s][info][gc] GC(305) Pause Young (Allocation Failure) 130M->54M(278M) 1.926ms
[28.680s][info][gc] GC(306) Pause Young (Allocation Failure) 131M->54M(278M) 2.091ms
[28.821s][info][gc] GC(307) Pause Young (Allocation Failure) 131M->55M(278M) 2.135ms
[28.967s][info][gc] GC(308) Pause Young (Allocation Failure) 132M->56M(278M) 1.959ms
[29.111s][info][gc] GC(309) Pause Young (Allocation Failure) 133M->56M(278M) 2.093ms
[29.250s][info][gc] GC(310) Pause Young (Allocation Failure) 133M->57M(278M) 1.829ms
[29.393s][info][gc] GC(311) Pause Young (Allocation Failure) 134M->57M(278M) 2.048ms
[29.535s][info][gc] GC(312) Pause Young (Allocation Failure) 134M->58M(278M) 1.830ms
[29.676s][info][gc] GC(313) Pause Young (Allocation Failure) 135M->59M(278M) 1.944ms
[29.824s][info][gc] GC(314) Pause Young (Allocation Failure) 135M->59M(278M) 1.854ms
[29.961s][info][gc] GC(315) Pause Young (Allocation Failure) 136M->60M(278M) 2.111ms
[30.102s][info][gc] GC(316) Pause Young (Allocation Failure) 137M->60M(278M) 1.818ms
[30.243s][info][gc] GC(317) Pause Young (Allocation Failure) 137M->61M(278M) 2.049ms
[30.385s][info][gc] GC(318) Pause Young (Allocation Failure) 138M->62M(278M) 2.067ms
[30.520s][info][gc] GC(319) Pause Young (Allocation Failure) 139M->62M(278M) 1.822ms
[30.823s][info][gc] GC(320) Pause Young (Allocation Failure) 139M->63M(278M) 1.872ms
[30.873s][info][gc] GC(321) Pause Young (Allocation Failure) 140M->67M(278M) 3.653ms
[30.909s][info][gc] GC(322) Pause Young (Allocation Failure) 144M->68M(278M) 3.126ms
[30.952s][info][gc] GC(323) Pause Young (Allocation Failure) 144M->68M(278M) 1.942ms
[30.986s][info][gc] GC(324) Pause Young (Allocation Failure) 145M->69M(278M) 2.163ms
[31.027s][info][gc] GC(325) Pause Young (Allocation Failure) 146M->69M(278M) 1.875ms
[31.064s][info][gc] GC(326) Pause Young (Allocation Failure) 146M->70M(278M) 1.948ms
[31.103s][info][gc] GC(327) Pause Young (Allocation Failure) 147M->71M(278M) 2.192ms
[31.140s][info][gc] GC(328) Pause Young (Allocation Failure) 148M->71M(278M) 2.211ms
[31.181s][info][gc] GC(329) Pause Young (Allocation Failure) 148M->72M(278M) 2.435ms
[31.216s][info][gc] GC(330) Pause Young (Allocation Failure) 149M->72M(278M) 1.988ms
[31.258s][info][gc] GC(331) Pause Young (Allocation Failure) 149M->73M(278M) 2.315ms
[31.289s][info][gc] GC(332) Pause Young (Allocation Failure) 150M->74M(278M) 2.165ms
[31.330s][info][gc] GC(333) Pause Young (Allocation Failure) 151M->74M(278M) 2.102ms
[31.365s][info][gc] GC(334) Pause Young (Allocation Failure) 151M->75M(278M) 2.283ms
[31.409s][info][gc] GC(335) Pause Young (Allocation Failure) 152M->76M(278M) 2.419ms
[31.441s][info][gc] GC(336) Pause Young (Allocation Failure) 153M->76M(278M) 1.930ms
[31.483s][info][gc] GC(337) Pause Young (Allocation Failure) 153M->77M(278M) 1.936ms
[31.519s][info][gc] GC(338) Pause Young (Allocation Failure) 154M->77M(278M) 2.149ms
[31.558s][info][gc] GC(339) Pause Young (Allocation Failure) 154M->77M(278M) 2.043ms
[31.594s][info][gc] GC(340) Pause Young (Allocation Failure) 154M->78M(278M) 1.945ms
[31.627s][info][gc] GC(341) Pause Young (Allocation Failure) 155M->78M(278M) 1.922ms
[31.669s][info][gc] GC(342) Pause Young (Allocation Failure) 155M->80M(278M) 2.177ms
[31.703s][info][gc] GC(343) Pause Young (Allocation Failure) 157M->80M(278M) 2.159ms
[31.746s][info][gc] GC(344) Pause Young (Allocation Failure) 157M->81M(278M) 2.232ms
[31.779s][info][gc] GC(345) Pause Young (Allocation Failure) 158M->81M(278M) 2.118ms
[31.820s][info][gc] GC(346) Pause Young (Allocation Failure) 158M->82M(278M) 2.299ms
[31.856s][info][gc] GC(347) Pause Young (Allocation Failure) 159M->83M(278M) 2.111ms
[31.896s][info][gc] GC(348) Pause Young (Allocation Failure) 160M->83M(278M) 2.341ms
[31.931s][info][gc] GC(349) Pause Young (Allocation Failure) 160M->84M(278M) 2.128ms
[31.972s][info][gc] GC(350) Pause Young (Allocation Failure) 161M->85M(278M) 2.061ms
[32.008s][info][gc] GC(351) Pause Young (Allocation Failure) 162M->85M(278M) 2.240ms
[32.051s][info][gc] GC(352) Pause Young (Allocation Failure) 162M->86M(278M) 2.186ms
[32.082s][info][gc] GC(353) Pause Young (Allocation Failure) 163M->86M(278M) 1.963ms
[32.124s][info][gc] GC(354) Pause Young (Allocation Failure) 163M->87M(278M) 2.001ms
[32.160s][info][gc] GC(355) Pause Young (Allocation Failure) 164M->87M(278M) 2.104ms
[32.201s][info][gc] GC(356) Pause Young (Allocation Failure) 164M->88M(278M) 2.196ms
[32.234s][info][gc] GC(357) Pause Young (Allocation Failure) 165M->88M(278M) 2.047ms
[32.275s][info][gc] GC(358) Pause Young (Allocation Failure) 165M->89M(278M) 2.142ms
[32.310s][info][gc] GC(359) Pause Young (Allocation Failure) 166M->90M(278M) 2.061ms
[32.345s][info][gc] GC(360) Pause Young (Allocation Failure) 167M->90M(278M) 1.932ms
[32.387s][info][gc] GC(361) Pause Young (Allocation Failure) 167M->91M(278M) 2.185ms
[32.420s][info][gc] GC(362) Pause Young (Allocation Failure) 168M->91M(278M) 2.171ms
[32.461s][info][gc] GC(363) Pause Young (Allocation Failure) 168M->92M(278M) 2.210ms
[32.495s][info][gc] GC(364) Pause Young (Allocation Failure) 169M->92M(278M) 2.022ms
[32.539s][info][gc] GC(365) Pause Young (Allocation Failure) 169M->94M(278M) 2.160ms
[32.571s][info][gc] GC(366) Pause Young (Allocation Failure) 171M->93M(278M) 1.963ms
[32.612s][info][gc] GC(367) Pause Young (Allocation Failure) 170M->95M(278M) 2.080ms
[32.648s][info][gc] GC(368) Pause Young (Allocation Failure) 172M->95M(278M) 2.180ms
[32.688s][info][gc] GC(369) Pause Young (Allocation Failure) 172M->96M(278M) 2.191ms
[32.723s][info][gc] GC(370) Pause Young (Allocation Failure) 173M->97M(278M) 2.211ms
[32.762s][info][gc] GC(371) Pause Young (Allocation Failure) 173M->97M(278M) 2.204ms
[32.799s][info][gc] GC(372) Pause Young (Allocation Failure) 174M->98M(278M) 2.208ms
[32.841s][info][gc] GC(373) Pause Young (Allocation Failure) 175M->98M(278M) 2.320ms
[32.877s][info][gc] GC(374) Pause Young (Allocation Failure) 175M->99M(278M) 2.230ms
[32.919s][info][gc] GC(375) Pause Young (Allocation Failure) 176M->99M(278M) 2.314ms
[32.955s][info][gc] GC(376) Pause Young (Allocation Failure) 176M->100M(278M) 1.921ms
[32.995s][info][gc] GC(377) Pause Young (Allocation Failure) 177M->101M(278M) 2.252ms
[33.029s][info][gc] GC(378) Pause Young (Allocation Failure) 177M->101M(278M) 2.110ms
[33.068s][info][gc] GC(379) Pause Young (Allocation Failure) 178M->101M(278M) 1.990ms
[33.106s][info][gc] GC(380) Pause Young (Allocation Failure) 178M->102M(278M) 2.154ms
[33.141s][info][gc] GC(381) Pause Young (Allocation Failure) 179M->102M(278M) 2.071ms
[33.180s][info][gc] GC(382) Pause Young (Allocation Failure) 179M->104M(278M) 2.070ms
[33.217s][info][gc] GC(383) Pause Young (Allocation Failure) 181M->104M(278M) 2.027ms
[33.255s][info][gc] GC(384) Pause Young (Allocation Failure) 181M->105M(278M) 1.956ms
[33.290s][info][gc] GC(385) Pause Young (Allocation Failure) 182M->105M(278M) 1.887ms
[33.333s][info][gc] GC(386) Pause Young (Allocation Failure) 182M->106M(278M) 2.273ms
[33.366s][info][gc] GC(387) Pause Young (Allocation Failure) 183M->106M(278M) 2.457ms
[33.409s][info][gc] GC(388) Pause Young (Allocation Failure) 183M->107M(278M) 2.107ms
[33.444s][info][gc] GC(389) Pause Young (Allocation Failure) 184M->108M(278M) 2.118ms
[33.485s][info][gc] GC(390) Pause Young (Allocation Failure) 185M->108M(278M) 2.319ms
[33.520s][info][gc] GC(391) Pause Young (Allocation Failure) 185M->109M(278M) 2.175ms
[33.562s][info][gc] GC(392) Pause Young (Allocation Failure) 186M->110M(278M) 2.101ms
[33.596s][info][gc] GC(393) Pause Young (Allocation Failure) 186M->110M(278M) 2.177ms
[33.638s][info][gc] GC(394) Pause Young (Allocation Failure) 187M->111M(278M) 2.206ms
[33.673s][info][gc] GC(395) Pause Young (Allocation Failure) 188M->111M(278M) 2.167ms
[33.712s][info][gc] GC(396) Pause Young (Allocation Failure) 188M->112M(278M) 2.160ms
[33.749s][info][gc] GC(397) Pause Young (Allocation Failure) 188M->112M(278M) 1.897ms
[33.787s][info][gc] GC(398) Pause Young (Allocation Failure) 189M->112M(278M) 1.974ms
[33.824s][info][gc] GC(399) Pause Young (Allocation Failure) 189M->114M(278M) 2.086ms
[33.862s][info][gc] GC(400) Pause Young (Allocation Failure) 191M->114M(278M) 2.205ms
[33.899s][info][gc] GC(401) Pause Young (Allocation Failure) 191M->115M(278M) 2.430ms
[33.937s][info][gc] GC(402) Pause Young (Allocation Failure) 192M->115M(278M) 2.185ms
[33.979s][info][gc] GC(403) Pause Young (Allocation Failure) 192M->116M(278M) 2.402ms
[34.013s][info][gc] GC(404) Pause Young (Allocation Failure) 193M->116M(278M) 2.270ms
[34.053s][info][gc] GC(405) Pause Young (Allocation Failure) 193M->117M(278M) 1.995ms
[34.088s][info][gc] GC(406) Pause Young (Allocation Failure) 194M->118M(278M) 2.154ms
[34.133s][info][gc] GC(407) Pause Young (Allocation Failure) 195M->119M(278M) 2.310ms
[34.165s][info][gc] GC(408) Pause Young (Allocation Failure) 196M->119M(278M) 2.068ms
[34.205s][info][gc] GC(409) Pause Young (Allocation Failure) 196M->120M(278M) 2.015ms
[34.241s][info][gc] GC(410) Pause Young (Allocation Failure) 197M->120M(278M) 2.081ms
[34.282s][info][gc] GC(411) Pause Young (Allocation Failure) 197M->121M(278M) 2.279ms
[34.318s][info][gc] GC(412) Pause Young (Allocation Failure) 198M->121M(278M) 2.148ms
[34.359s][info][gc] GC(413) Pause Young (Allocation Failure) 198M->122M(278M) 2.227ms
[34.393s][info][gc] GC(414) Pause Young (Allocation Failure) 199M->123M(278M) 2.108ms
[34.435s][info][gc] GC(415) Pause Young (Allocation Failure) 199M->123M(278M) 2.204ms
[34.470s][info][gc] GC(416) Pause Young (Allocation Failure) 200M->124M(278M) 2.099ms
[34.511s][info][gc] GC(417) Pause Young (Allocation Failure) 201M->125M(278M) 2.214ms
[34.547s][info][gc] GC(418) Pause Young (Allocation Failure) 201M->125M(278M) 2.202ms
[34.587s][info][gc] GC(419) Pause Young (Allocation Failure) 202M->125M(278M) 2.100ms
[34.624s][info][gc] GC(420) Pause Young (Allocation Failure) 202M->126M(278M) 2.105ms
[34.664s][info][gc] GC(421) Pause Young (Allocation Failure) 203M->127M(278M) 2.221ms
[34.701s][info][gc] GC(422) Pause Young (Allocation Failure) 204M->128M(278M) 2.239ms
[34.739s][info][gc] GC(423) Pause Young (Allocation Failure) 205M->128M(278M) 2.169ms
[34.776s][info][gc] GC(424) Pause Young (Allocation Failure) 205M->129M(278M) 2.014ms
[34.841s][info][gc] GC(425) Pause Young (Allocation Failure) 206M->127M(278M) 1.388ms
[35.121s][info][gc] GC(426) Pause Young (Allocation Failure) 204M->130M(278M) 1.947ms
[35.188s][info][gc] GC(427) Pause Young (Allocation Failure) 207M->130M(278M) 1.691ms
[35.258s][info][gc] GC(428) Pause Young (Allocation Failure) 207M->130M(278M) 1.820ms
[35.328s][info][gc] GC(429) Pause Young (Allocation Failure) 207M->131M(278M) 2.184ms
[35.404s][info][gc] GC(430) Pause Young (Allocation Failure) 208M->132M(278M) 2.229ms
[35.476s][info][gc] GC(431) Pause Young (Allocation Failure) 209M->133M(278M) 2.100ms
[35.548s][info][gc] GC(432) Pause Young (Allocation Failure) 210M->133M(278M) 1.734ms
[35.621s][info][gc] GC(433) Pause Young (Allocation Failure) 210M->134M(278M) 1.984ms
[35.693s][info][gc] GC(434) Pause Young (Allocation Failure) 211M->135M(278M) 1.968ms
[35.765s][info][gc] GC(435) Pause Young (Allocation Failure) 211M->135M(278M) 1.980ms
[35.840s][info][gc] GC(436) Pause Young (Allocation Failure) 212M->136M(278M) 2.054ms
[35.909s][info][gc] GC(437) Pause Young (Allocation Failure) 213M->136M(278M) 1.957ms
[35.980s][info][gc] GC(438) Pause Young (Allocation Failure) 213M->137M(278M) 1.990ms
[36.053s][info][gc] GC(439) Pause Young (Allocation Failure) 214M->137M(278M) 1.969ms
[36.126s][info][gc] GC(440) Pause Young (Allocation Failure) 214M->138M(278M) 2.101ms
[36.197s][info][gc] GC(441) Pause Young (Allocation Failure) 215M->139M(278M) 2.112ms
[36.269s][info][gc] GC(442) Pause Young (Allocation Failure) 216M->139M(278M) 2.077ms
[36.342s][info][gc] GC(443) Pause Young (Allocation Failure) 216M->140M(278M) 2.098ms
[36.411s][info][gc] GC(444) Pause Young (Allocation Failure) 217M->140M(278M) 1.860ms
[36.489s][info][gc] GC(445) Pause Young (Allocation Failure) 217M->141M(278M) 2.216ms
[36.565s][info][gc] GC(446) Pause Young (Allocation Failure) 218M->142M(278M) 2.296ms
[36.634s][info][gc] GC(447) Pause Young (Allocation Failure) 219M->142M(278M) 2.059ms
[36.709s][info][gc] GC(448) Pause Young (Allocation Failure) 219M->143M(278M) 1.983ms
[36.778s][info][gc] GC(449) Pause Young (Allocation Failure) 220M->143M(278M) 2.137ms
[36.852s][info][gc] GC(450) Pause Young (Allocation Failure) 220M->144M(278M) 1.925ms
[36.921s][info][gc] GC(451) Pause Young (Allocation Failure) 221M->145M(278M) 2.011ms
[36.990s][info][gc] GC(452) Pause Young (Allocation Failure) 222M->145M(278M) 1.657ms
[37.058s][info][gc] GC(453) Pause Young (Allocation Failure) 222M->146M(278M) 1.908ms
[37.129s][info][gc] GC(454) Pause Young (Allocation Failure) 222M->146M(278M) 2.127ms
[37.202s][info][gc] GC(455) Pause Young (Allocation Failure) 223M->147M(278M) 2.175ms
[37.275s][info][gc] GC(456) Pause Young (Allocation Failure) 224M->148M(278M) 2.141ms
[37.350s][info][gc] GC(457) Pause Young (Allocation Failure) 225M->148M(278M) 2.162ms
[37.422s][info][gc] GC(458) Pause Young (Allocation Failure) 225M->149M(278M) 1.926ms
[37.493s][info][gc] GC(459) Pause Young (Allocation Failure) 226M->150M(278M) 2.134ms
[37.565s][info][gc] GC(460) Pause Young (Allocation Failure) 226M->150M(278M) 2.176ms
[37.637s][info][gc] GC(461) Pause Young (Allocation Failure) 227M->151M(278M) 1.986ms
[37.708s][info][gc] GC(462) Pause Young (Allocation Failure) 228M->151M(278M) 2.161ms
[37.778s][info][gc] GC(463) Pause Young (Allocation Failure) 228M->152M(278M) 1.970ms
[37.849s][info][gc] GC(464) Pause Young (Allocation Failure) 229M->152M(278M) 1.932ms
[37.924s][info][gc] GC(465) Pause Young (Allocation Failure) 229M->153M(278M) 2.143ms
[37.997s][info][gc] GC(466) Pause Young (Allocation Failure) 230M->154M(278M) 2.224ms
[38.068s][info][gc] GC(467) Pause Young (Allocation Failure) 231M->154M(278M) 1.983ms
[38.142s][info][gc] GC(468) Pause Young (Allocation Failure) 231M->155M(278M) 1.942ms
[38.211s][info][gc] GC(469) Pause Young (Allocation Failure) 232M->156M(278M) 2.135ms
[38.286s][info][gc] GC(470) Pause Young (Allocation Failure) 232M->156M(278M) 1.906ms
[38.358s][info][gc] GC(471) Pause Young (Allocation Failure) 233M->157M(278M) 2.144ms
[38.434s][info][gc] GC(472) Pause Young (Allocation Failure) 234M->157M(278M) 2.069ms
[38.504s][info][gc] GC(473) Pause Young (Allocation Failure) 234M->158M(278M) 1.975ms
[38.575s][info][gc] GC(474) Pause Young (Allocation Failure) 235M->158M(278M) 1.812ms
[38.646s][info][gc] GC(475) Pause Young (Allocation Failure) 235M->159M(278M) 2.067ms
[38.716s][info][gc] GC(476) Pause Young (Allocation Failure) 236M->159M(278M) 1.966ms
[38.785s][info][gc] GC(477) Pause Young (Allocation Failure) 236M->160M(278M) 2.011ms
[38.880s][info][gc] GC(478) Pause Young (Allocation Failure) 237M->160M(278M) 1.713ms
[39.144s][info][gc] GC(479) Pause Young (Allocation Failure) 237M->163M(278M) 2.491ms
[39.216s][info][gc] GC(480) Pause Young (Allocation Failure) 240M->163M(278M) 2.763ms
[39.292s][info][gc] GC(481) Pause Young (Allocation Failure) 240M->164M(278M) 2.235ms
[39.359s][info][gc] GC(482) Pause Young (Allocation Failure) 241M->165M(278M) 2.013ms
[39.435s][info][gc] GC(483) Pause Young (Allocation Failure) 242M->165M(278M) 2.072ms
[39.503s][info][gc] GC(484) Pause Young (Allocation Failure) 242M->166M(278M) 1.579ms
[39.576s][info][gc] GC(485) Pause Young (Allocation Failure) 243M->166M(278M) 1.805ms
[39.647s][info][gc] GC(486) Pause Young (Allocation Failure) 243M->167M(278M) 1.984ms
[39.721s][info][gc] GC(487) Pause Young (Allocation Failure) 244M->168M(278M) 1.856ms
[39.791s][info][gc] GC(488) Pause Young (Allocation Failure) 245M->168M(278M) 2.210ms
[39.863s][info][gc] GC(489) Pause Young (Allocation Failure) 245M->168M(278M) 1.940ms
[39.938s][info][gc] GC(490) Pause Young (Allocation Failure) 245M->169M(278M) 2.041ms
[40.013s][info][gc] GC(491) Pause Young (Allocation Failure) 246M->170M(278M) 2.081ms
[40.087s][info][gc] GC(492) Pause Young (Allocation Failure) 247M->170M(278M) 2.057ms
[40.156s][info][gc] GC(493) Pause Young (Allocation Failure) 247M->171M(278M) 2.083ms
[40.231s][info][gc] GC(494) Pause Young (Allocation Failure) 248M->172M(278M) 2.320ms
[40.306s][info][gc] GC(495) Pause Young (Allocation Failure) 249M->172M(278M) 2.121ms
[40.381s][info][gc] GC(496) Pause Young (Allocation Failure) 249M->173M(278M) 2.143ms
[40.454s][info][gc] GC(497) Pause Young (Allocation Failure) 250M->173M(278M) 2.118ms
[40.528s][info][gc] GC(498) Pause Young (Allocation Failure) 250M->174M(278M) 2.116ms
[40.600s][info][gc] GC(499) Pause Young (Allocation Failure) 251M->175M(278M) 2.083ms
[40.671s][info][gc] GC(500) Pause Young (Allocation Failure) 251M->175M(278M) 1.849ms
[40.745s][info][gc] GC(501) Pause Young (Allocation Failure) 252M->176M(278M) 2.166ms
[40.818s][info][gc] GC(502) Pause Young (Allocation Failure) 253M->177M(278M) 2.150ms
[40.890s][info][gc] GC(503) Pause Young (Allocation Failure) 254M->177M(278M) 2.044ms
[40.962s][info][gc] GC(504) Pause Young (Allocation Failure) 254M->178M(278M) 1.985ms
[41.032s][info][gc] GC(505) Pause Young (Allocation Failure) 255M->178M(278M) 1.908ms
[41.103s][info][gc] GC(506) Pause Young (Allocation Failure) 255M->179M(278M) 1.989ms
[41.174s][info][gc] GC(507) Pause Young (Allocation Failure) 256M->180M(278M) 2.126ms
[41.245s][info][gc] GC(508) Pause Young (Allocation Failure) 256M->180M(278M) 2.111ms
[41.315s][info][gc] GC(509) Pause Young (Allocation Failure) 257M->181M(278M) 2.121ms
[41.385s][info][gc] GC(510) Pause Young (Allocation Failure) 258M->181M(278M) 2.051ms
[41.457s][info][gc] GC(511) Pause Young (Allocation Failure) 258M->182M(278M) 1.934ms
[41.528s][info][gc] GC(512) Pause Young (Allocation Failure) 259M->183M(278M) 2.203ms
[41.600s][info][gc] GC(513) Pause Young (Allocation Failure) 260M->183M(278M) 2.001ms
[41.672s][info][gc] GC(514) Pause Young (Allocation Failure) 260M->184M(278M) 1.825ms
[41.743s][info][gc] GC(515) Pause Young (Allocation Failure) 260M->184M(278M) 2.034ms
[41.815s][info][gc] GC(516) Pause Young (Allocation Failure) 261M->185M(278M) 1.985ms
[41.887s][info][gc] GC(517) Pause Young (Allocation Failure) 262M->185M(278M) 1.925ms
[41.957s][info][gc] GC(518) Pause Young (Allocation Failure) 262M->186M(278M) 1.850ms
[42.029s][info][gc] GC(519) Pause Young (Allocation Failure) 263M->186M(278M) 1.979ms
[42.100s][info][gc] GC(520) Pause Young (Allocation Failure) 263M->187M(278M) 1.980ms
[42.174s][info][gc] GC(521) Pause Young (Allocation Failure) 264M->188M(278M) 2.153ms
[42.247s][info][gc] GC(522) Pause Young (Allocation Failure) 265M->189M(278M) 2.205ms
[42.320s][info][gc] GC(523) Pause Young (Allocation Failure) 265M->189M(278M) 2.017ms
[42.393s][info][gc] GC(524) Pause Young (Allocation Failure) 266M->190M(278M) 2.199ms
[42.464s][info][gc] GC(525) Pause Young (Allocation Failure) 267M->190M(278M) 2.149ms
[42.536s][info][gc] GC(526) Pause Young (Allocation Failure) 267M->191M(278M) 2.316ms
[42.608s][info][gc] GC(527) Pause Young (Allocation Failure) 268M->191M(278M) 2.109ms
[42.682s][info][gc] GC(528) Pause Young (Allocation Failure) 268M->192M(278M) 1.901ms
[42.752s][info][gc] GC(529) Pause Young (Allocation Failure) 269M->193M(278M) 2.234ms
[42.827s][info][gc] GC(530) Pause Young (Allocation Failure) 270M->193M(278M) 1.908ms
[43.103s][info][gc] GC(531) Pause Young (Allocation Failure) 270M->195M(278M) 2.180ms
[43.172s][info][gc] GC(532) Pause Young (Allocation Failure) 271M->194M(278M) 1.943ms
[43.239s][info][gc] GC(533) Pause Young (Allocation Failure) 271M->196M(278M) 1.962ms
[43.311s][info][gc] GC(534) Pause Young (Allocation Failure) 273M->196M(278M) 2.252ms
[43.333s][info][gc] GC(535) Pause Full (Allocation Failure) 196M->35M(278M) 21.465ms
[43.405s][info][gc] GC(536) Pause Young (Allocation Failure) 112M->37M(278M) 0.989ms
[43.475s][info][gc] GC(537) Pause Young (Allocation Failure) 114M->37M(278M) 1.088ms
[43.545s][info][gc] GC(538) Pause Young (Allocation Failure) 114M->38M(278M) 1.279ms
[43.615s][info][gc] GC(539) Pause Young (Allocation Failure) 115M->39M(278M) 1.445ms
[43.690s][info][gc] GC(540) Pause Young (Allocation Failure) 115M->39M(278M) 1.586ms
[43.759s][info][gc] GC(541) Pause Young (Allocation Failure) 116M->40M(278M) 1.757ms
[43.832s][info][gc] GC(542) Pause Young (Allocation Failure) 117M->40M(278M) 1.943ms
[43.905s][info][gc] GC(543) Pause Young (Allocation Failure) 117M->41M(278M) 2.065ms
[43.977s][info][gc] GC(544) Pause Young (Allocation Failure) 118M->41M(278M) 1.878ms
[44.048s][info][gc] GC(545) Pause Young (Allocation Failure) 118M->42M(278M) 2.080ms
[44.122s][info][gc] GC(546) Pause Young (Allocation Failure) 119M->43M(278M) 2.117ms
[44.190s][info][gc] GC(547) Pause Young (Allocation Failure) 120M->43M(278M) 2.097ms
[44.264s][info][gc] GC(548) Pause Young (Allocation Failure) 120M->44M(278M) 1.925ms
[44.338s][info][gc] GC(549) Pause Young (Allocation Failure) 121M->45M(278M) 2.147ms
[44.409s][info][gc] GC(550) Pause Young (Allocation Failure) 122M->45M(278M) 2.177ms
[44.479s][info][gc] GC(551) Pause Young (Allocation Failure) 122M->46M(278M) 1.952ms
[44.553s][info][gc] GC(552) Pause Young (Allocation Failure) 123M->46M(278M) 1.996ms
[44.622s][info][gc] GC(553) Pause Young (Allocation Failure) 123M->47M(278M) 1.918ms
[44.692s][info][gc] GC(554) Pause Young (Allocation Failure) 124M->47M(278M) 1.744ms
[44.761s][info][gc] GC(555) Pause Young (Allocation Failure) 124M->48M(278M) 1.865ms
[44.832s][info][gc] GC(556) Pause Young (Allocation Failure) 124M->48M(278M) 2.254ms
[44.908s][info][gc] GC(557) Pause Young (Allocation Failure) 125M->49M(278M) 2.154ms
[44.982s][info][gc] GC(558) Pause Young (Allocation Failure) 126M->50M(278M) 2.230ms
[45.057s][info][gc] GC(559) Pause Young (Allocation Failure) 127M->51M(278M) 2.179ms
[45.131s][info][gc] GC(560) Pause Young (Allocation Failure) 127M->51M(278M) 2.156ms
[45.204s][info][gc] GC(561) Pause Young (Allocation Failure) 128M->52M(278M) 1.906ms
[45.278s][info][gc] GC(562) Pause Young (Allocation Failure) 129M->52M(278M) 2.177ms
[45.349s][info][gc] GC(563) Pause Young (Allocation Failure) 129M->53M(278M) 2.341ms
[45.424s][info][gc] GC(564) Pause Young (Allocation Failure) 130M->54M(278M) 2.023ms
[45.494s][info][gc] GC(565) Pause Young (Allocation Failure) 131M->54M(278M) 2.031ms
[45.572s][info][gc] GC(566) Pause Young (Allocation Failure) 131M->55M(278M) 2.047ms
[45.644s][info][gc] GC(567) Pause Young (Allocation Failure) 132M->55M(278M) 2.152ms
[45.711s][info][gc] GC(568) Pause Young (Allocation Failure) 132M->56M(278M) 1.885ms
[45.785s][info][gc] GC(569) Pause Young (Allocation Failure) 133M->56M(278M) 1.937ms
[45.854s][info][gc] GC(570) Pause Young (Allocation Failure) 133M->57M(278M) 2.114ms
[45.930s][info][gc] GC(571) Pause Young (Allocation Failure) 134M->58M(278M) 2.100ms
[45.997s][info][gc] GC(572) Pause Young (Allocation Failure) 135M->58M(278M) 2.075ms
[46.069s][info][gc] GC(573) Pause Young (Allocation Failure) 135M->59M(278M) 1.962ms
[46.140s][info][gc] GC(574) Pause Young (Allocation Failure) 136M->60M(278M) 2.158ms
[46.210s][info][gc] GC(575) Pause Young (Allocation Failure) 136M->60M(278M) 1.825ms
[46.279s][info][gc] GC(576) Pause Young (Allocation Failure) 137M->60M(278M) 2.026ms
[46.350s][info][gc] GC(577) Pause Young (Allocation Failure) 137M->61M(278M) 1.963ms
[46.419s][info][gc] GC(578) Pause Young (Allocation Failure) 138M->61M(278M) 1.940ms
[46.489s][info][gc] GC(579) Pause Young (Allocation Failure) 138M->63M(278M) 2.126ms
[46.562s][info][gc] GC(580) Pause Young (Allocation Failure) 139M->63M(278M) 2.205ms
[46.634s][info][gc] GC(581) Pause Young (Allocation Failure) 140M->64M(278M) 2.056ms
[46.706s][info][gc] GC(582) Pause Young (Allocation Failure) 141M->64M(278M) 1.978ms
[46.779s][info][gc] GC(583) Pause Young (Allocation Failure) 141M->65M(278M) 2.056ms
[46.850s][info][gc] GC(584) Pause Young (Allocation Failure) 142M->65M(278M) 1.835ms
[47.130s][info][gc] GC(585) Pause Young (Allocation Failure) 142M->67M(278M) 2.080ms
[47.204s][info][gc] GC(586) Pause Young (Allocation Failure) 144M->67M(278M) 2.324ms
[47.267s][info][gc] GC(587) Pause Young (Allocation Failure) 144M->67M(278M) 1.736ms
[47.336s][info][gc] GC(588) Pause Young (Allocation Failure) 144M->69M(278M) 1.878ms
[47.409s][info][gc] GC(589) Pause Young (Allocation Failure) 145M->69M(278M) 1.914ms
[47.481s][info][gc] GC(590) Pause Young (Allocation Failure) 146M->70M(278M) 1.865ms
[47.554s][info][gc] GC(591) Pause Young (Allocation Failure) 147M->70M(278M) 2.143ms
[47.627s][info][gc] GC(592) Pause Young (Allocation Failure) 147M->71M(278M) 1.971ms
[47.698s][info][gc] GC(593) Pause Young (Allocation Failure) 148M->72M(278M) 1.995ms
[47.770s][info][gc] GC(594) Pause Young (Allocation Failure) 149M->72M(278M) 1.961ms
[47.847s][info][gc] GC(595) Pause Young (Allocation Failure) 149M->73M(278M) 2.202ms
[47.915s][info][gc] GC(596) Pause Young (Allocation Failure) 150M->73M(278M) 1.940ms
[47.987s][info][gc] GC(597) Pause Young (Allocation Failure) 150M->74M(278M) 1.887ms
[48.060s][info][gc] GC(598) Pause Young (Allocation Failure) 151M->75M(278M) 2.056ms
[48.133s][info][gc] GC(599) Pause Young (Allocation Failure) 152M->75M(278M) 2.079ms
[48.205s][info][gc] GC(600) Pause Young (Allocation Failure) 152M->76M(278M) 2.084ms
[48.276s][info][gc] GC(601) Pause Young (Allocation Failure) 153M->77M(278M) 2.088ms
[48.351s][info][gc] GC(602) Pause Young (Allocation Failure) 153M->77M(278M) 2.286ms
[48.420s][info][gc] GC(603) Pause Young (Allocation Failure) 154M->78M(278M) 1.940ms
[48.494s][info][gc] GC(604) Pause Young (Allocation Failure) 155M->78M(278M) 2.088ms
[48.569s][info][gc] GC(605) Pause Young (Allocation Failure) 155M->79M(278M) 2.161ms
[48.638s][info][gc] GC(606) Pause Young (Allocation Failure) 156M->80M(278M) 2.184ms
[48.712s][info][gc] GC(607) Pause Young (Allocation Failure) 156M->80M(278M) 2.062ms
[48.783s][info][gc] GC(608) Pause Young (Allocation Failure) 157M->81M(278M) 2.001ms
[48.855s][info][gc] GC(609) Pause Young (Allocation Failure) 158M->81M(278M) 1.920ms
[48.925s][info][gc] GC(610) Pause Young (Allocation Failure) 158M->82M(278M) 2.065ms
[49.000s][info][gc] GC(611) Pause Young (Allocation Failure) 159M->83M(278M) 1.874ms
[49.067s][info][gc] GC(612) Pause Young (Allocation Failure) 159M->83M(278M) 2.000ms
[49.133s][info][gc] GC(613) Pause Young (Allocation Failure) 160M->83M(278M) 1.725ms
[49.206s][info][gc] GC(614) Pause Young (Allocation Failure) 160M->84M(278M) 1.980ms
[49.279s][info][gc] GC(615) Pause Young (Allocation Failure) 161M->85M(278M) 2.122ms
[49.353s][info][gc] GC(616) Pause Young (Allocation Failure) 162M->85M(278M) 2.122ms
[49.426s][info][gc] GC(617) Pause Young (Allocation Failure) 162M->86M(278M) 1.905ms
[49.497s][info][gc] GC(618) Pause Young (Allocation Failure) 163M->87M(278M) 2.175ms
[49.568s][info][gc] GC(619) Pause Young (Allocation Failure) 164M->87M(278M) 2.063ms
[49.639s][info][gc] GC(620) Pause Young (Allocation Failure) 164M->88M(278M) 2.029ms
[49.711s][info][gc] GC(621) Pause Young (Allocation Failure) 165M->89M(278M) 1.995ms
[49.782s][info][gc] GC(622) Pause Young (Allocation Failure) 165M->89M(278M) 1.871ms
[49.855s][info][gc] GC(623) Pause Young (Allocation Failure) 166M->89M(278M) 1.811ms
[49.931s][info][gc] GC(624) Pause Young (Allocation Failure) 166M->90M(278M) 2.262ms
[50.006s][info][gc] GC(625) Pause Young (Allocation Failure) 167M->91M(278M) 2.216ms
[50.078s][info][gc] GC(626) Pause Young (Allocation Failure) 168M->91M(278M) 2.156ms
[50.155s][info][gc] GC(627) Pause Young (Allocation Failure) 168M->92M(278M) 2.082ms
[50.224s][info][gc] GC(628) Pause Young (Allocation Failure) 169M->93M(278M) 2.235ms
[50.298s][info][gc] GC(629) Pause Young (Allocation Failure) 169M->93M(278M) 2.093ms
[50.374s][info][gc] GC(630) Pause Young (Allocation Failure) 170M->94M(278M) 2.107ms
[50.450s][info][gc] GC(631) Pause Young (Allocation Failure) 171M->94M(278M) 2.301ms
[50.525s][info][gc] GC(632) Pause Young (Allocation Failure) 171M->95M(278M) 2.145ms
[50.595s][info][gc] GC(633) Pause Young (Allocation Failure) 172M->96M(278M) 1.881ms
[50.671s][info][gc] GC(634) Pause Young (Allocation Failure) 172M->96M(278M) 2.264ms
[50.742s][info][gc] GC(635) Pause Young (Allocation Failure) 173M->97M(278M) 2.082ms
[50.816s][info][gc] GC(636) Pause Young (Allocation Failure) 174M->97M(278M) 2.136ms
[50.963s][info][gc] GC(637) Pause Young (Allocation Failure) 174M->97M(278M) 1.693ms
[51.170s][info][gc] GC(638) Pause Young (Allocation Failure) 174M->104M(278M) 4.544ms
[51.196s][info][gc] GC(639) Pause Young (Allocation Failure) 181M->104M(278M) 3.460ms
[51.222s][info][gc] GC(640) Pause Young (Allocation Failure) 181M->105M(278M) 1.225ms
[51.255s][info][gc] GC(641) Pause Young (Allocation Failure) 182M->108M(278M) 2.157ms
[51.281s][info][gc] GC(642) Pause Young (Allocation Failure) 185M->109M(278M) 2.242ms
[51.308s][info][gc] GC(643) Pause Young (Allocation Failure) 186M->110M(278M) 2.367ms
[51.340s][info][gc] GC(644) Pause Young (Allocation Failure) 187M->110M(278M) 2.245ms
[51.366s][info][gc] GC(645) Pause Young (Allocation Failure) 187M->110M(278M) 2.196ms
[51.394s][info][gc] GC(646) Pause Young (Allocation Failure) 187M->111M(278M) 2.394ms
[51.418s][info][gc] GC(647) Pause Young (Allocation Failure) 188M->110M(278M) 1.849ms
[51.450s][info][gc] GC(648) Pause Young (Allocation Failure) 187M->113M(278M) 2.190ms
[51.479s][info][gc] GC(649) Pause Young (Allocation Failure) 190M->114M(278M) 2.595ms
[51.504s][info][gc] GC(650) Pause Young (Allocation Failure) 191M->113M(278M) 1.912ms
[51.539s][info][gc] GC(651) Pause Young (Allocation Failure) 190M->116M(278M) 2.564ms
[51.565s][info][gc] GC(652) Pause Young (Allocation Failure) 193M->116M(278M) 2.397ms
[51.591s][info][gc] GC(653) Pause Young (Allocation Failure) 193M->116M(278M) 1.696ms
[51.624s][info][gc] GC(654) Pause Young (Allocation Failure) 193M->118M(278M) 2.338ms
[51.650s][info][gc] GC(655) Pause Young (Allocation Failure) 194M->118M(278M) 2.389ms
[51.674s][info][gc] GC(656) Pause Young (Allocation Failure) 195M->118M(278M) 2.094ms
[51.710s][info][gc] GC(657) Pause Young (Allocation Failure) 195M->119M(278M) 2.307ms
[51.738s][info][gc] GC(658) Pause Young (Allocation Failure) 196M->120M(278M) 2.419ms
[51.763s][info][gc] GC(659) Pause Young (Allocation Failure) 197M->120M(278M) 2.144ms
[51.797s][info][gc] GC(660) Pause Young (Allocation Failure) 197M->122M(278M) 2.393ms
[51.825s][info][gc] GC(661) Pause Young (Allocation Failure) 199M->122M(278M) 2.469ms
[51.850s][info][gc] GC(662) Pause Young (Allocation Failure) 199M->123M(278M) 2.194ms
[51.884s][info][gc] GC(663) Pause Young (Allocation Failure) 200M->123M(278M) 2.611ms
[51.910s][info][gc] GC(664) Pause Young (Allocation Failure) 200M->124M(278M) 2.195ms
[51.937s][info][gc] GC(665) Pause Young (Allocation Failure) 201M->124M(278M) 2.207ms
[51.970s][info][gc] GC(666) Pause Young (Allocation Failure) 201M->125M(278M) 2.248ms
[51.994s][info][gc] GC(667) Pause Young (Allocation Failure) 202M->125M(278M) 2.141ms
[52.024s][info][gc] GC(668) Pause Young (Allocation Failure) 202M->126M(278M) 2.275ms
[52.054s][info][gc] GC(669) Pause Young (Allocation Failure) 203M->127M(278M) 2.303ms
[52.082s][info][gc] GC(670) Pause Young (Allocation Failure) 204M->128M(278M) 2.136ms
[52.110s][info][gc] GC(671) Pause Young (Allocation Failure) 204M->128M(278M) 2.214ms
[52.139s][info][gc] GC(672) Pause Young (Allocation Failure) 205M->128M(278M) 2.113ms
[52.167s][info][gc] GC(673) Pause Young (Allocation Failure) 205M->129M(278M) 2.163ms
[52.194s][info][gc] GC(674) Pause Young (Allocation Failure) 206M->130M(278M) 2.318ms
[52.223s][info][gc] GC(675) Pause Young (Allocation Failure) 207M->130M(278M) 2.101ms
[52.255s][info][gc] GC(676) Pause Young (Allocation Failure) 207M->131M(278M) 2.153ms
[52.281s][info][gc] GC(677) Pause Young (Allocation Failure) 208M->132M(278M) 2.395ms
[52.310s][info][gc] GC(678) Pause Young (Allocation Failure) 209M->132M(278M) 2.136ms
[52.339s][info][gc] GC(679) Pause Young (Allocation Failure) 209M->133M(278M) 2.224ms
[52.365s][info][gc] GC(680) Pause Young (Allocation Failure) 210M->134M(278M) 2.167ms
[52.395s][info][gc] GC(681) Pause Young (Allocation Failure) 210M->135M(278M) 2.147ms
[52.424s][info][gc] GC(682) Pause Young (Allocation Failure) 211M->135M(278M) 2.214ms
[52.452s][info][gc] GC(683) Pause Young (Allocation Failure) 212M->136M(278M) 2.402ms
[52.483s][info][gc] GC(684) Pause Young (Allocation Failure) 213M->137M(278M) 2.608ms
[52.510s][info][gc] GC(685) Pause Young (Allocation Failure) 213M->137M(278M) 2.064ms
[52.539s][info][gc] GC(686) Pause Young (Allocation Failure) 214M->138M(278M) 2.166ms
[52.569s][info][gc] GC(687) Pause Young (Allocation Failure) 215M->138M(278M) 2.474ms
[52.596s][info][gc] GC(688) Pause Young (Allocation Failure) 215M->138M(278M) 2.119ms
[52.625s][info][gc] GC(689) Pause Young (Allocation Failure) 215M->140M(278M) 2.302ms
[52.653s][info][gc] GC(690) Pause Young (Allocation Failure) 217M->140M(278M) 2.282ms
[52.684s][info][gc] GC(691) Pause Young (Allocation Failure) 216M->140M(278M) 2.196ms
[52.712s][info][gc] GC(692) Pause Young (Allocation Failure) 217M->142M(278M) 2.541ms
[52.739s][info][gc] GC(693) Pause Young (Allocation Failure) 219M->141M(278M) 2.070ms
[52.767s][info][gc] GC(694) Pause Young (Allocation Failure) 218M->142M(278M) 2.089ms
[52.797s][info][gc] GC(695) Pause Young (Allocation Failure) 219M->143M(278M) 2.276ms
[52.825s][info][gc] GC(696) Pause Young (Allocation Failure) 220M->144M(278M) 2.359ms
[52.852s][info][gc] GC(697) Pause Young (Allocation Failure) 221M->144M(278M) 2.263ms
[52.885s][info][gc] GC(698) Pause Young (Allocation Failure) 221M->145M(278M) 2.314ms
[52.912s][info][gc] GC(699) Pause Young (Allocation Failure) 222M->146M(278M) 2.511ms
[52.941s][info][gc] GC(700) Pause Young (Allocation Failure) 223M->147M(278M) 2.330ms
[52.971s][info][gc] GC(701) Pause Young (Allocation Failure) 223M->147M(278M) 2.266ms
[52.997s][info][gc] GC(702) Pause Young (Allocation Failure) 224M->148M(278M) 2.131ms
[53.027s][info][gc] GC(703) Pause Young (Allocation Failure) 225M->148M(278M) 2.232ms
[53.059s][info][gc] GC(704) Pause Young (Allocation Failure) 225M->149M(278M) 2.284ms
[53.083s][info][gc] GC(705) Pause Young (Allocation Failure) 226M->150M(278M) 2.158ms
[53.112s][info][gc] GC(706) Pause Young (Allocation Failure) 226M->150M(278M) 2.199ms
[53.141s][info][gc] GC(707) Pause Young (Allocation Failure) 227M->150M(278M) 2.039ms
[53.169s][info][gc] GC(708) Pause Young (Allocation Failure) 227M->152M(278M) 2.304ms
[53.201s][info][gc] GC(709) Pause Young (Allocation Failure) 228M->152M(278M) 2.615ms
[53.231s][info][gc] GC(710) Pause Young (Allocation Failure) 229M->152M(278M) 2.113ms
[53.259s][info][gc] GC(711) Pause Young (Allocation Failure) 229M->154M(278M) 2.329ms
[53.284s][info][gc] GC(712) Pause Young (Allocation Failure) 230M->154M(278M) 2.223ms
[53.313s][info][gc] GC(713) Pause Young (Allocation Failure) 231M->154M(278M) 1.997ms
[53.344s][info][gc] GC(714) Pause Young (Allocation Failure) 231M->155M(278M) 2.377ms
[53.376s][info][gc] GC(715) Pause Young (Allocation Failure) 232M->155M(278M) 2.317ms
[53.405s][info][gc] GC(716) Pause Young (Allocation Failure) 232M->156M(278M) 2.058ms
[53.438s][info][gc] GC(717) Pause Young (Allocation Failure) 233M->158M(278M) 2.624ms
[53.468s][info][gc] GC(718) Pause Young (Allocation Failure) 234M->158M(278M) 2.426ms
[53.497s][info][gc] GC(719) Pause Young (Allocation Failure) 235M->158M(278M) 2.037ms
[53.527s][info][gc] GC(720) Pause Young (Allocation Failure) 235M->159M(278M) 2.211ms
[53.553s][info][gc] GC(721) Pause Young (Allocation Failure) 236M->159M(278M) 2.265ms
[53.582s][info][gc] GC(722) Pause Young (Allocation Failure) 236M->160M(278M) 1.977ms
[53.613s][info][gc] GC(723) Pause Young (Allocation Failure) 237M->161M(278M) 2.375ms
[53.642s][info][gc] GC(724) Pause Young (Allocation Failure) 238M->162M(278M) 2.481ms
[53.669s][info][gc] GC(725) Pause Young (Allocation Failure) 239M->162M(278M) 2.161ms
[53.699s][info][gc] GC(726) Pause Young (Allocation Failure) 239M->163M(278M) 2.195ms
[53.729s][info][gc] GC(727) Pause Young (Allocation Failure) 240M->164M(278M) 2.349ms
[53.758s][info][gc] GC(728) Pause Young (Allocation Failure) 241M->165M(278M) 2.332ms
[53.787s][info][gc] GC(729) Pause Young (Allocation Failure) 242M->165M(278M) 2.143ms
[53.816s][info][gc] GC(730) Pause Young (Allocation Failure) 242M->166M(278M) 2.205ms
[53.845s][info][gc] GC(731) Pause Young (Allocation Failure) 243M->167M(278M) 2.452ms
[53.875s][info][gc] GC(732) Pause Young (Allocation Failure) 243M->167M(278M) 2.258ms
[53.902s][info][gc] GC(733) Pause Young (Allocation Failure) 244M->168M(278M) 2.224ms
[53.932s][info][gc] GC(734) Pause Young (Allocation Failure) 245M->169M(278M) 2.243ms
[53.959s][info][gc] GC(735) Pause Young (Allocation Failure) 245M->169M(278M) 2.286ms
[53.989s][info][gc] GC(736) Pause Young (Allocation Failure) 246M->170M(278M) 2.204ms
[54.019s][info][gc] GC(737) Pause Young (Allocation Failure) 247M->171M(278M) 2.674ms
[54.048s][info][gc] GC(738) Pause Young (Allocation Failure) 248M->171M(278M) 2.287ms
[54.076s][info][gc] GC(739) Pause Young (Allocation Failure) 248M->172M(278M) 2.207ms
[54.110s][info][gc] GC(740) Pause Young (Allocation Failure) 249M->173M(278M) 2.351ms
[54.142s][info][gc] GC(741) Pause Young (Allocation Failure) 250M->173M(278M) 2.271ms
[54.178s][info][gc] GC(742) Pause Young (Allocation Failure) 250M->174M(278M) 2.363ms
[54.209s][info][gc] GC(743) Pause Young (Allocation Failure) 251M->175M(278M) 2.330ms
[54.239s][info][gc] GC(744) Pause Young (Allocation Failure) 251M->174M(278M) 2.086ms
[54.274s][info][gc] GC(745) Pause Young (Allocation Failure) 251M->176M(278M) 2.476ms
[54.304s][info][gc] GC(746) Pause Young (Allocation Failure) 253M->176M(278M) 2.546ms
[54.329s][info][gc] GC(747) Pause Young (Allocation Failure) 253M->176M(278M) 2.098ms
[54.366s][info][gc] GC(748) Pause Young (Allocation Failure) 253M->178M(278M) 2.591ms
[54.395s][info][gc] GC(749) Pause Young (Allocation Failure) 255M->178M(278M) 2.539ms
[54.420s][info][gc] GC(750) Pause Young (Allocation Failure) 255M->179M(278M) 2.325ms
[54.453s][info][gc] GC(751) Pause Young (Allocation Failure) 256M->180M(278M) 2.476ms
[54.478s][info][gc] GC(752) Pause Young (Allocation Failure) 257M->180M(278M) 2.089ms
[54.506s][info][gc] GC(753) Pause Young (Allocation Failure) 257M->181M(278M) 2.207ms
[54.540s][info][gc] GC(754) Pause Young (Allocation Failure) 258M->182M(278M) 2.681ms
[54.565s][info][gc] GC(755) Pause Young (Allocation Failure) 259M->182M(278M) 2.175ms
[54.593s][info][gc] GC(756) Pause Young (Allocation Failure) 259M->183M(278M) 2.194ms
[54.624s][info][gc] GC(757) Pause Young (Allocation Failure) 259M->183M(278M) 2.360ms
[54.651s][info][gc] GC(758) Pause Young (Allocation Failure) 260M->183M(278M) 2.014ms
[54.680s][info][gc] GC(759) Pause Young (Allocation Failure) 260M->185M(278M) 2.289ms
[54.711s][info][gc] GC(760) Pause Young (Allocation Failure) 262M->185M(278M) 2.381ms
[54.739s][info][gc] GC(761) Pause Young (Allocation Failure) 262M->186M(278M) 2.240ms
[54.765s][info][gc] GC(762) Pause Young (Allocation Failure) 263M->186M(278M) 2.182ms
[54.795s][info][gc] GC(763) Pause Young (Allocation Failure) 263M->186M(278M) 2.108ms
[54.826s][info][gc] GC(764) Pause Young (Allocation Failure) 263M->188M(278M) 2.363ms
[54.856s][info][gc] GC(765) Pause Young (Allocation Failure) 265M->189M(278M) 2.604ms
[54.882s][info][gc] GC(766) Pause Young (Allocation Failure) 266M->188M(278M) 1.974ms
[54.917s][info][gc] GC(767) Pause Young (Allocation Failure) 265M->190M(278M) 2.473ms
[54.944s][info][gc] GC(768) Pause Young (Allocation Failure) 267M->190M(278M) 2.485ms
[54.971s][info][gc] GC(769) Pause Young (Allocation Failure) 267M->190M(278M) 2.168ms
[55.003s][info][gc] GC(770) Pause Young (Allocation Failure) 267M->192M(278M) 2.272ms
[55.031s][info][gc] GC(771) Pause Young (Allocation Failure) 269M->192M(278M) 2.324ms
[55.058s][info][gc] GC(772) Pause Young (Allocation Failure) 269M->193M(278M) 2.327ms
[55.091s][info][gc] GC(773) Pause Young (Allocation Failure) 270M->194M(278M) 2.398ms
[55.119s][info][gc] GC(774) Pause Young (Allocation Failure) 271M->194M(278M) 1.975ms
[55.151s][info][gc] GC(775) Pause Young (Allocation Failure) 271M->195M(278M) 2.533ms
[55.187s][info][gc] GC(776) Pause Young (Allocation Failure) 272M->196M(278M) 2.612ms
[55.213s][info][gc] GC(777) Pause Young (Allocation Failure) 273M->196M(278M) 2.111ms
[55.242s][info][gc] GC(778) Pause Young (Allocation Failure) 273M->197M(278M) 2.354ms
[55.310s][info][gc] GC(779) Pause Full (Allocation Failure) 197M->122M(296M) 68.133ms
[55.344s][info][gc] GC(780) Pause Young (Allocation Failure) 204M->125M(296M) 1.631ms
[55.373s][info][gc] GC(781) Pause Young (Allocation Failure) 207M->127M(296M) 2.321ms
[55.402s][info][gc] GC(782) Pause Young (Allocation Failure) 209M->127M(296M) 2.147ms
[55.436s][info][gc] GC(783) Pause Young (Allocation Failure) 209M->128M(296M) 2.362ms
[55.465s][info][gc] GC(784) Pause Young (Allocation Failure) 210M->129M(296M) 2.392ms
[55.494s][info][gc] GC(785) Pause Young (Allocation Failure) 211M->130M(296M) 2.352ms
[55.526s][info][gc] GC(786) Pause Young (Allocation Failure) 212M->130M(296M) 2.437ms
[55.556s][info][gc] GC(787) Pause Young (Allocation Failure) 212M->130M(296M) 2.234ms
[55.585s][info][gc] GC(788) Pause Young (Allocation Failure) 212M->131M(296M) 2.267ms
[55.618s][info][gc] GC(789) Pause Young (Allocation Failure) 213M->132M(296M) 2.773ms
[55.646s][info][gc] GC(790) Pause Young (Allocation Failure) 214M->133M(296M) 2.253ms
[55.675s][info][gc] GC(791) Pause Young (Allocation Failure) 214M->133M(296M) 2.209ms
[55.706s][info][gc] GC(792) Pause Young (Allocation Failure) 215M->134M(296M) 2.487ms
[55.738s][info][gc] GC(793) Pause Young (Allocation Failure) 216M->135M(296M) 2.564ms
[55.765s][info][gc] GC(794) Pause Young (Allocation Failure) 217M->135M(296M) 2.072ms
[55.866s][info][gc] GC(795) Pause Young (Allocation Failure) 217M->133M(296M) 1.229ms
[56.095s][info][gc] GC(796) Pause Young (Allocation Failure) 215M->134M(296M) 1.353ms
[56.181s][info][gc] GC(797) Pause Young (Allocation Failure) 216M->137M(296M) 2.479ms
[56.236s][info][gc] GC(798) Pause Young (Allocation Failure) 219M->138M(296M) 2.759ms
[56.282s][info][gc] GC(799) Pause Young (Allocation Failure) 220M->138M(296M) 1.766ms
[56.337s][info][gc] GC(800) Pause Young (Allocation Failure) 220M->139M(296M) 2.069ms
[56.395s][info][gc] GC(801) Pause Young (Allocation Failure) 221M->140M(296M) 2.233ms
[56.442s][info][gc] GC(802) Pause Young (Allocation Failure) 222M->140M(296M) 2.162ms
[56.496s][info][gc] GC(803) Pause Young (Allocation Failure) 222M->141M(296M) 1.992ms
[56.550s][info][gc] GC(804) Pause Young (Allocation Failure) 223M->141M(296M) 2.210ms
[56.599s][info][gc] GC(805) Pause Young (Allocation Failure) 223M->141M(296M) 1.912ms
[56.654s][info][gc] GC(806) Pause Young (Allocation Failure) 223M->143M(296M) 2.241ms
[56.707s][info][gc] GC(807) Pause Young (Allocation Failure) 225M->143M(296M) 2.410ms
[56.764s][info][gc] GC(808) Pause Young (Allocation Failure) 225M->144M(296M) 2.178ms
[56.811s][info][gc] GC(809) Pause Young (Allocation Failure) 226M->145M(296M) 2.120ms
[56.864s][info][gc] GC(810) Pause Young (Allocation Failure) 226M->145M(296M) 2.273ms
[56.919s][info][gc] GC(811) Pause Young (Allocation Failure) 227M->146M(296M) 2.228ms
[56.967s][info][gc] GC(812) Pause Young (Allocation Failure) 228M->146M(296M) 2.187ms
[57.022s][info][gc] GC(813) Pause Young (Allocation Failure) 228M->147M(296M) 2.324ms
[57.077s][info][gc] GC(814) Pause Young (Allocation Failure) 229M->148M(296M) 2.234ms
[57.125s][info][gc] GC(815) Pause Young (Allocation Failure) 230M->148M(296M) 2.165ms
[57.179s][info][gc] GC(816) Pause Young (Allocation Failure) 230M->149M(296M) 2.210ms
[57.235s][info][gc] GC(817) Pause Young (Allocation Failure) 231M->150M(296M) 2.365ms
[57.282s][info][gc] GC(818) Pause Young (Allocation Failure) 232M->150M(296M) 2.243ms
[57.339s][info][gc] GC(819) Pause Young (Allocation Failure) 232M->151M(296M) 2.312ms
[57.393s][info][gc] GC(820) Pause Young (Allocation Failure) 233M->152M(296M) 2.406ms
[57.439s][info][gc] GC(821) Pause Young (Allocation Failure) 234M->152M(296M) 1.892ms
[57.495s][info][gc] GC(822) Pause Young (Allocation Failure) 234M->153M(296M) 2.087ms
[57.547s][info][gc] GC(823) Pause Young (Allocation Failure) 235M->154M(296M) 2.244ms
[57.595s][info][gc] GC(824) Pause Young (Allocation Failure) 235M->154M(296M) 2.004ms
[57.649s][info][gc] GC(825) Pause Young (Allocation Failure) 235M->155M(296M) 2.275ms
[57.702s][info][gc] GC(826) Pause Young (Allocation Failure) 237M->155M(296M) 2.519ms
[57.756s][info][gc] GC(827) Pause Young (Allocation Failure) 237M->156M(296M) 2.077ms
[57.806s][info][gc] GC(828) Pause Young (Allocation Failure) 237M->157M(296M) 2.203ms
[57.862s][info][gc] GC(829) Pause Young (Allocation Failure) 239M->157M(296M) 2.426ms
[57.917s][info][gc] GC(830) Pause Young (Allocation Failure) 239M->158M(296M) 2.162ms
[57.965s][info][gc] GC(831) Pause Young (Allocation Failure) 240M->159M(296M) 2.204ms
[58.021s][info][gc] GC(832) Pause Young (Allocation Failure) 241M->159M(296M) 2.386ms
[58.076s][info][gc] GC(833) Pause Young (Allocation Failure) 241M->160M(296M) 2.273ms
[58.124s][info][gc] GC(834) Pause Young (Allocation Failure) 242M->161M(296M) 2.232ms
[58.181s][info][gc] GC(835) Pause Young (Allocation Failure) 243M->161M(296M) 2.324ms
[58.233s][info][gc] GC(836) Pause Young (Allocation Failure) 243M->162M(296M) 2.229ms
[58.283s][info][gc] GC(837) Pause Young (Allocation Failure) 244M->163M(296M) 2.050ms
[58.340s][info][gc] GC(838) Pause Young (Allocation Failure) 245M->163M(296M) 2.325ms
[58.394s][info][gc] GC(839) Pause Young (Allocation Failure) 245M->164M(296M) 2.259ms
[58.440s][info][gc] GC(840) Pause Young (Allocation Failure) 246M->164M(296M) 1.980ms
[58.498s][info][gc] GC(841) Pause Young (Allocation Failure) 246M->165M(296M) 2.374ms
[58.552s][info][gc] GC(842) Pause Young (Allocation Failure) 247M->166M(296M) 2.393ms
[58.597s][info][gc] GC(843) Pause Young (Allocation Failure) 248M->166M(296M) 1.976ms
[58.654s][info][gc] GC(844) Pause Young (Allocation Failure) 248M->167M(296M) 2.186ms
[58.742s][info][gc] GC(845) Pause Young (Allocation Failure) 249M->167M(296M) 1.891ms
[59.034s][info][gc] GC(846) Pause Young (Allocation Failure) 248M->169M(296M) 2.605ms
[59.080s][info][gc] GC(847) Pause Young (Allocation Failure) 251M->169M(296M) 2.408ms
[59.137s][info][gc] GC(848) Pause Young (Allocation Failure) 251M->170M(296M) 2.083ms
[59.190s][info][gc] GC(849) Pause Young (Allocation Failure) 252M->171M(296M) 2.205ms
[59.242s][info][gc] GC(850) Pause Young (Allocation Failure) 253M->171M(296M) 2.042ms
[59.292s][info][gc] GC(851) Pause Young (Allocation Failure) 253M->172M(296M) 2.131ms
[59.346s][info][gc] GC(852) Pause Young (Allocation Failure) 254M->173M(296M) 2.426ms
[59.400s][info][gc] GC(853) Pause Young (Allocation Failure) 255M->173M(296M) 2.156ms
[59.450s][info][gc] GC(854) Pause Young (Allocation Failure) 255M->174M(296M) 2.131ms
[59.503s][info][gc] GC(855) Pause Young (Allocation Failure) 256M->175M(296M) 2.336ms
[59.559s][info][gc] GC(856) Pause Young (Allocation Failure) 257M->175M(296M) 2.216ms
[59.608s][info][gc] GC(857) Pause Young (Allocation Failure) 257M->176M(296M) 2.173ms
[59.659s][info][gc] GC(858) Pause Young (Allocation Failure) 258M->176M(296M) 2.074ms
[59.717s][info][gc] GC(859) Pause Young (Allocation Failure) 258M->177M(296M) 2.271ms
[59.765s][info][gc] GC(860) Pause Young (Allocation Failure) 259M->178M(296M) 2.323ms
[59.821s][info][gc] GC(861) Pause Young (Allocation Failure) 260M->179M(296M) 2.378ms
[59.879s][info][gc] GC(862) Pause Young (Allocation Failure) 261M->179M(296M) 2.409ms
[59.924s][info][gc] GC(863) Pause Young (Allocation Failure) 261M->180M(296M) 2.165ms
[59.980s][info][gc] GC(864) Pause Young (Allocation Failure) 261M->180M(296M) 2.135ms
[60.033s][info][gc] GC(865) Pause Young (Allocation Failure) 262M->181M(296M) 2.382ms
[60.083s][info][gc] GC(866) Pause Young (Allocation Failure) 263M->182M(296M) 2.292ms
[60.137s][info][gc] GC(867) Pause Young (Allocation Failure) 264M->182M(296M) 2.303ms
[60.193s][info][gc] GC(868) Pause Young (Allocation Failure) 264M->183M(296M) 2.261ms
[60.240s][info][gc] GC(869) Pause Young (Allocation Failure) 265M->184M(296M) 2.413ms
[60.298s][info][gc] GC(870) Pause Young (Allocation Failure) 266M->184M(296M) 2.554ms
[60.352s][info][gc] GC(871) Pause Young (Allocation Failure) 266M->185M(296M) 2.362ms
[60.401s][info][gc] GC(872) Pause Young (Allocation Failure) 267M->185M(296M) 1.767ms
[60.457s][info][gc] GC(873) Pause Young (Allocation Failure) 267M->186M(296M) 2.326ms
[60.512s][info][gc] GC(874) Pause Young (Allocation Failure) 268M->187M(296M) 2.482ms
[60.562s][info][gc] GC(875) Pause Young (Allocation Failure) 269M->187M(296M) 2.003ms
[60.615s][info][gc] GC(876) Pause Young (Allocation Failure) 269M->188M(296M) 2.290ms
[60.669s][info][gc] GC(877) Pause Young (Allocation Failure) 270M->189M(296M) 2.503ms
[60.723s][info][gc] GC(878) Pause Young (Allocation Failure) 271M->189M(296M) 1.909ms
[60.776s][info][gc] GC(879) Pause Young (Allocation Failure) 271M->190M(296M) 2.393ms
[60.829s][info][gc] GC(880) Pause Young (Allocation Failure) 272M->190M(296M) 2.233ms
[60.880s][info][gc] GC(881) Pause Young (Allocation Failure) 272M->191M(296M) 1.989ms
[60.933s][info][gc] GC(882) Pause Young (Allocation Failure) 273M->192M(296M) 2.446ms
[60.990s][info][gc] GC(883) Pause Young (Allocation Failure) 274M->193M(296M) 2.479ms
[61.039s][info][gc] GC(884) Pause Young (Allocation Failure) 275M->193M(296M) 2.196ms
[61.091s][info][gc] GC(885) Pause Young (Allocation Failure) 275M->194M(296M) 2.269ms
[61.147s][info][gc] GC(886) Pause Young (Allocation Failure) 276M->195M(296M) 2.316ms
[61.195s][info][gc] GC(887) Pause Young (Allocation Failure) 276M->195M(296M) 2.227ms
[61.249s][info][gc] GC(888) Pause Young (Allocation Failure) 277M->196M(296M) 2.480ms
[61.302s][info][gc] GC(889) Pause Young (Allocation Failure) 278M->196M(296M) 2.295ms
[61.350s][info][gc] GC(890) Pause Young (Allocation Failure) 278M->197M(296M) 2.265ms
[61.407s][info][gc] GC(891) Pause Young (Allocation Failure) 279M->198M(296M) 2.516ms
[61.463s][info][gc] GC(892) Pause Young (Allocation Failure) 280M->198M(296M) 2.506ms
[61.511s][info][gc] GC(893) Pause Young (Allocation Failure) 280M->198M(296M) 1.855ms
[61.564s][info][gc] GC(894) Pause Young (Allocation Failure) 280M->199M(296M) 2.297ms
[61.715s][info][gc] GC(895) Pause Young (Allocation Failure) 281M->199M(296M) 1.762ms
[61.928s][info][gc] GC(896) Pause Young (Allocation Failure) 281M->202M(296M) 2.538ms
[61.984s][info][gc] GC(897) Pause Young (Allocation Failure) 284M->202M(296M) 2.850ms
[62.031s][info][gc] GC(898) Pause Young (Allocation Failure) 284M->203M(296M) 2.269ms
[62.088s][info][gc] GC(899) Pause Young (Allocation Failure) 285M->204M(296M) 2.569ms
[62.143s][info][gc] GC(900) Pause Young (Allocation Failure) 286M->204M(296M) 2.498ms
[62.190s][info][gc] GC(901) Pause Young (Allocation Failure) 286M->205M(296M) 1.907ms
[62.245s][info][gc] GC(902) Pause Young (Allocation Failure) 287M->205M(296M) 2.185ms
[62.301s][info][gc] GC(903) Pause Young (Allocation Failure) 287M->206M(296M) 2.098ms
[62.346s][info][gc] GC(904) Pause Young (Allocation Failure) 288M->206M(296M) 2.191ms
[62.404s][info][gc] GC(905) Pause Young (Allocation Failure) 288M->208M(296M) 2.478ms
[62.459s][info][gc] GC(906) Pause Young (Allocation Failure) 289M->208M(296M) 2.492ms
[62.505s][info][gc] GC(907) Pause Young (Allocation Failure) 290M->208M(296M) 1.863ms
[62.563s][info][gc] GC(908) Pause Young (Allocation Failure) 290M->209M(296M) 2.158ms
[62.616s][info][gc] GC(909) Pause Young (Allocation Failure) 291M->210M(296M) 2.547ms
[62.644s][info][gc] GC(910) Pause Full (Allocation Failure) 210M->37M(296M) 28.079ms
[62.691s][info][gc] GC(911) Pause Young (Allocation Failure) 119M->39M(296M) 0.823ms
[62.747s][info][gc] GC(912) Pause Young (Allocation Failure) 121M->40M(296M) 1.398ms
[62.799s][info][gc] GC(913) Pause Young (Allocation Failure) 122M->41M(296M) 1.529ms
[62.848s][info][gc] GC(914) Pause Young (Allocation Failure) 123M->41M(296M) 1.539ms
[62.903s][info][gc] GC(915) Pause Young (Allocation Failure) 123M->42M(296M) 1.830ms
[62.956s][info][gc] GC(916) Pause Young (Allocation Failure) 124M->43M(296M) 2.116ms
[63.008s][info][gc] GC(917) Pause Young (Allocation Failure) 125M->43M(296M) 2.142ms
[63.060s][info][gc] GC(918) Pause Young (Allocation Failure) 125M->44M(296M) 2.194ms
[63.114s][info][gc] GC(919) Pause Young (Allocation Failure) 126M->45M(296M) 2.290ms
[63.168s][info][gc] GC(920) Pause Young (Allocation Failure) 127M->45M(296M) 2.147ms
[63.219s][info][gc] GC(921) Pause Young (Allocation Failure) 127M->46M(296M) 2.294ms
[63.273s][info][gc] GC(922) Pause Young (Allocation Failure) 128M->47M(296M) 2.346ms
[63.326s][info][gc] GC(923) Pause Young (Allocation Failure) 129M->47M(296M) 2.181ms
[63.376s][info][gc] GC(924) Pause Young (Allocation Failure) 129M->48M(296M) 2.212ms
[63.432s][info][gc] GC(925) Pause Young (Allocation Failure) 130M->49M(296M) 2.223ms
[63.487s][info][gc] GC(926) Pause Young (Allocation Failure) 130M->49M(296M) 2.317ms
[63.535s][info][gc] GC(927) Pause Young (Allocation Failure) 131M->50M(296M) 2.244ms
[63.587s][info][gc] GC(928) Pause Young (Allocation Failure) 132M->51M(296M) 2.372ms
[63.642s][info][gc] GC(929) Pause Young (Allocation Failure) 132M->51M(296M) 2.266ms
[63.689s][info][gc] GC(930) Pause Young (Allocation Failure) 133M->52M(296M) 2.174ms
[63.744s][info][gc] GC(931) Pause Young (Allocation Failure) 134M->52M(296M) 2.291ms
[63.800s][info][gc] GC(932) Pause Young (Allocation Failure) 134M->53M(296M) 2.358ms
[63.845s][info][gc] GC(933) Pause Young (Allocation Failure) 135M->54M(296M) 2.114ms
[63.903s][info][gc] GC(934) Pause Young (Allocation Failure) 135M->55M(296M) 2.503ms
[63.957s][info][gc] GC(935) Pause Young (Allocation Failure) 137M->55M(296M) 2.330ms
[64.005s][info][gc] GC(936) Pause Young (Allocation Failure) 137M->55M(296M) 1.850ms
[64.061s][info][gc] GC(937) Pause Young (Allocation Failure) 137M->56M(296M) 2.157ms
[64.115s][info][gc] GC(938) Pause Young (Allocation Failure) 138M->57M(296M) 2.493ms
[64.167s][info][gc] GC(939) Pause Young (Allocation Failure) 139M->56M(296M) 1.844ms
[64.220s][info][gc] GC(940) Pause Young (Allocation Failure) 138M->58M(296M) 2.258ms
[64.275s][info][gc] GC(941) Pause Young (Allocation Failure) 140M->59M(296M) 2.481ms
[64.327s][info][gc] GC(942) Pause Young (Allocation Failure) 141M->59M(296M) 2.063ms
[64.378s][info][gc] GC(943) Pause Young (Allocation Failure) 141M->60M(296M) 2.257ms
[64.431s][info][gc] GC(944) Pause Young (Allocation Failure) 142M->61M(296M) 2.487ms
[64.490s][info][gc] GC(945) Pause Young (Allocation Failure) 142M->60M(296M) 1.641ms
[64.795s][info][gc] GC(946) Pause Young (Allocation Failure) 142M->64M(296M) 2.972ms
[64.832s][info][gc] GC(947) Pause Young (Allocation Failure) 146M->67M(296M) 4.240ms
[64.864s][info][gc] GC(948) Pause Young (Allocation Failure) 149M->68M(296M) 3.145ms
[64.895s][info][gc] GC(949) Pause Young (Allocation Failure) 150M->68M(296M) 1.745ms
[64.928s][info][gc] GC(950) Pause Young (Allocation Failure) 150M->71M(296M) 2.527ms
[64.958s][info][gc] GC(951) Pause Young (Allocation Failure) 153M->71M(296M) 2.708ms
[64.986s][info][gc] GC(952) Pause Young (Allocation Failure) 153M->72M(296M) 1.628ms
[65.023s][info][gc] GC(953) Pause Young (Allocation Failure) 154M->74M(296M) 2.526ms
[65.052s][info][gc] GC(954) Pause Young (Allocation Failure) 156M->74M(296M) 2.565ms
[65.083s][info][gc] GC(955) Pause Young (Allocation Failure) 156M->74M(296M) 1.921ms
[65.118s][info][gc] GC(956) Pause Young (Allocation Failure) 156M->76M(296M) 2.355ms
[65.146s][info][gc] GC(957) Pause Young (Allocation Failure) 158M->77M(296M) 2.537ms
[65.180s][info][gc] GC(958) Pause Young (Allocation Failure) 159M->77M(296M) 2.221ms
[65.212s][info][gc] GC(959) Pause Young (Allocation Failure) 159M->78M(296M) 2.325ms
[65.239s][info][gc] GC(960) Pause Young (Allocation Failure) 160M->78M(296M) 2.505ms
[65.275s][info][gc] GC(961) Pause Young (Allocation Failure) 160M->79M(296M) 2.436ms
[65.303s][info][gc] GC(962) Pause Young (Allocation Failure) 161M->80M(296M) 2.377ms
[65.331s][info][gc] GC(963) Pause Young (Allocation Failure) 162M->80M(296M) 2.486ms
[65.369s][info][gc] GC(964) Pause Young (Allocation Failure) 162M->81M(296M) 2.524ms
[65.397s][info][gc] GC(965) Pause Young (Allocation Failure) 163M->82M(296M) 2.364ms
[65.425s][info][gc] GC(966) Pause Young (Allocation Failure) 164M->82M(296M) 2.308ms
[65.461s][info][gc] GC(967) Pause Young (Allocation Failure) 164M->83M(296M) 2.404ms
[65.488s][info][gc] GC(968) Pause Young (Allocation Failure) 165M->83M(296M) 2.315ms
[65.517s][info][gc] GC(969) Pause Young (Allocation Failure) 165M->84M(296M) 2.313ms
[65.550s][info][gc] GC(970) Pause Young (Allocation Failure) 166M->84M(296M) 2.409ms
[65.583s][info][gc] GC(971) Pause Young (Allocation Failure) 166M->86M(296M) 2.534ms
[65.609s][info][gc] GC(972) Pause Young (Allocation Failure) 168M->85M(296M) 2.360ms
[65.641s][info][gc] GC(973) Pause Young (Allocation Failure) 167M->88M(296M) 2.040ms
[65.670s][info][gc] GC(974) Pause Young (Allocation Failure) 170M->89M(296M) 2.260ms
[65.701s][info][gc] GC(975) Pause Young (Allocation Failure) 171M->89M(296M) 2.623ms
[65.734s][info][gc] GC(976) Pause Young (Allocation Failure) 171M->90M(296M) 2.532ms
[65.763s][info][gc] GC(977) Pause Young (Allocation Failure) 172M->91M(296M) 2.253ms
[65.791s][info][gc] GC(978) Pause Young (Allocation Failure) 173M->91M(296M) 2.196ms
[65.824s][info][gc] GC(979) Pause Young (Allocation Failure) 173M->92M(296M) 2.166ms
[65.854s][info][gc] GC(980) Pause Young (Allocation Failure) 173M->93M(296M) 2.543ms
[65.882s][info][gc] GC(981) Pause Young (Allocation Failure) 175M->93M(296M) 2.280ms
[65.916s][info][gc] GC(982) Pause Young (Allocation Failure) 175M->94M(296M) 2.391ms
[65.943s][info][gc] GC(983) Pause Young (Allocation Failure) 176M->94M(296M) 2.307ms
[65.974s][info][gc] GC(984) Pause Young (Allocation Failure) 176M->95M(296M) 2.335ms
[66.007s][info][gc] GC(985) Pause Young (Allocation Failure) 177M->96M(296M) 2.566ms
[66.035s][info][gc] GC(986) Pause Young (Allocation Failure) 178M->96M(296M) 2.245ms
[66.065s][info][gc] GC(987) Pause Young (Allocation Failure) 178M->97M(296M) 2.244ms
[66.098s][info][gc] GC(988) Pause Young (Allocation Failure) 179M->98M(296M) 2.637ms
[66.127s][info][gc] GC(989) Pause Young (Allocation Failure) 180M->98M(296M) 2.298ms
[66.157s][info][gc] GC(990) Pause Young (Allocation Failure) 180M->99M(296M) 2.246ms
[66.192s][info][gc] GC(991) Pause Young (Allocation Failure) 181M->100M(296M) 2.426ms
[66.220s][info][gc] GC(992) Pause Young (Allocation Failure) 182M->100M(296M) 2.638ms
[66.250s][info][gc] GC(993) Pause Young (Allocation Failure) 182M->101M(296M) 2.218ms
[66.282s][info][gc] GC(994) Pause Young (Allocation Failure) 183M->101M(296M) 2.389ms
[66.309s][info][gc] GC(995) Pause Young (Allocation Failure) 183M->102M(296M) 2.447ms
[66.338s][info][gc] GC(996) Pause Young (Allocation Failure) 184M->103M(296M) 2.192ms
[66.373s][info][gc] GC(997) Pause Young (Allocation Failure) 184M->103M(296M) 2.492ms
[66.402s][info][gc] GC(998) Pause Young (Allocation Failure) 185M->104M(296M) 2.572ms
[66.429s][info][gc] GC(999) Pause Young (Allocation Failure) 186M->104M(296M) 2.023ms
[66.462s][info][gc] GC(1000) Pause Young (Allocation Failure) 186M->105M(296M) 2.302ms
[66.491s][info][gc] GC(1001) Pause Young (Allocation Failure) 187M->106M(296M) 2.457ms
[66.519s][info][gc] GC(1002) Pause Young (Allocation Failure) 188M->106M(296M) 2.003ms
[66.554s][info][gc] GC(1003) Pause Young (Allocation Failure) 188M->107M(296M) 2.521ms
[66.584s][info][gc] GC(1004) Pause Young (Allocation Failure) 189M->108M(296M) 2.672ms
[66.613s][info][gc] GC(1005) Pause Young (Allocation Failure) 190M->107M(296M) 2.034ms
[66.642s][info][gc] GC(1006) Pause Young (Allocation Failure) 189M->109M(296M) 2.260ms
[66.673s][info][gc] GC(1007) Pause Young (Allocation Failure) 191M->110M(296M) 2.564ms
[66.704s][info][gc] GC(1008) Pause Young (Allocation Failure) 192M->110M(296M) 2.488ms
[66.736s][info][gc] GC(1009) Pause Young (Allocation Failure) 192M->111M(296M) 2.229ms
[66.765s][info][gc] GC(1010) Pause Young (Allocation Failure) 193M->112M(296M) 2.512ms
[66.797s][info][gc] GC(1011) Pause Young (Allocation Failure) 194M->112M(296M) 2.417ms
[66.825s][info][gc] GC(1012) Pause Young (Allocation Failure) 194M->112M(296M) 2.015ms
[66.854s][info][gc] GC(1013) Pause Young (Allocation Failure) 194M->114M(296M) 2.496ms
[66.887s][info][gc] GC(1014) Pause Young (Allocation Failure) 196M->114M(296M) 2.431ms
[66.916s][info][gc] GC(1015) Pause Young (Allocation Failure) 196M->115M(296M) 2.393ms
[66.944s][info][gc] GC(1016) Pause Young (Allocation Failure) 197M->116M(296M) 2.540ms
[66.977s][info][gc] GC(1017) Pause Young (Allocation Failure) 198M->116M(296M) 2.200ms
[67.008s][info][gc] GC(1018) Pause Young (Allocation Failure) 198M->117M(296M) 2.305ms
[67.035s][info][gc] GC(1019) Pause Young (Allocation Failure) 199M->118M(296M) 2.607ms
[67.066s][info][gc] GC(1020) Pause Young (Allocation Failure) 200M->117M(296M) 2.012ms
[67.096s][info][gc] GC(1021) Pause Young (Allocation Failure) 199M->119M(296M) 2.172ms
[67.126s][info][gc] GC(1022) Pause Young (Allocation Failure) 201M->119M(296M) 2.401ms
[67.158s][info][gc] GC(1023) Pause Young (Allocation Failure) 201M->120M(296M) 2.266ms
[67.189s][info][gc] GC(1024) Pause Young (Allocation Failure) 202M->121M(296M) 2.542ms
[67.218s][info][gc] GC(1025) Pause Young (Allocation Failure) 203M->121M(296M) 2.178ms
[67.248s][info][gc] GC(1026) Pause Young (Allocation Failure) 203M->122M(296M) 2.210ms
[67.279s][info][gc] GC(1027) Pause Young (Allocation Failure) 204M->123M(296M) 2.663ms
[67.308s][info][gc] GC(1028) Pause Young (Allocation Failure) 205M->123M(296M) 2.515ms
[67.337s][info][gc] GC(1029) Pause Young (Allocation Failure) 205M->123M(296M) 2.134ms
[67.371s][info][gc] GC(1030) Pause Young (Allocation Failure) 205M->125M(296M) 2.787ms
[67.400s][info][gc] GC(1031) Pause Young (Allocation Failure) 207M->125M(296M) 2.514ms
[67.430s][info][gc] GC(1032) Pause Young (Allocation Failure) 207M->125M(296M) 2.145ms
[67.460s][info][gc] GC(1033) Pause Young (Allocation Failure) 207M->126M(296M) 2.190ms
[67.491s][info][gc] GC(1034) Pause Young (Allocation Failure) 208M->127M(296M) 2.609ms
[67.523s][info][gc] GC(1035) Pause Young (Allocation Failure) 209M->128M(296M) 2.308ms
[67.553s][info][gc] GC(1036) Pause Young (Allocation Failure) 210M->128M(296M) 2.364ms
[67.582s][info][gc] GC(1037) Pause Young (Allocation Failure) 210M->129M(296M) 2.241ms
[67.612s][info][gc] GC(1038) Pause Young (Allocation Failure) 211M->129M(296M) 2.220ms
[67.644s][info][gc] GC(1039) Pause Young (Allocation Failure) 211M->131M(296M) 2.715ms
[67.673s][info][gc] GC(1040) Pause Young (Allocation Failure) 213M->131M(296M) 2.560ms
[67.706s][info][gc] GC(1041) Pause Young (Allocation Failure) 213M->132M(296M) 2.260ms
[67.734s][info][gc] GC(1042) Pause Young (Allocation Failure) 213M->132M(296M) 2.574ms
[67.765s][info][gc] GC(1043) Pause Young (Allocation Failure) 214M->133M(296M) 2.341ms
[67.799s][info][gc] GC(1044) Pause Young (Allocation Failure) 215M->134M(296M) 2.475ms
[67.825s][info][gc] GC(1045) Pause Young (Allocation Failure) 216M->135M(296M) 2.434ms
[67.856s][info][gc] GC(1046) Pause Young (Allocation Failure) 217M->135M(296M) 2.282ms
[67.888s][info][gc] GC(1047) Pause Young (Allocation Failure) 217M->135M(296M) 2.182ms
[67.919s][info][gc] GC(1048) Pause Young (Allocation Failure) 217M->136M(296M) 2.553ms
[67.949s][info][gc] GC(1049) Pause Young (Allocation Failure) 218M->137M(296M) 2.644ms
[67.983s][info][gc] GC(1050) Pause Young (Allocation Failure) 219M->138M(296M) 2.363ms
[68.011s][info][gc] GC(1051) Pause Young (Allocation Failure) 219M->138M(296M) 2.289ms
[68.040s][info][gc] GC(1052) Pause Young (Allocation Failure) 220M->139M(296M) 2.392ms
[68.075s][info][gc] GC(1053) Pause Young (Allocation Failure) 221M->139M(296M) 2.486ms
[68.103s][info][gc] GC(1054) Pause Young (Allocation Failure) 221M->140M(296M) 2.301ms
[68.133s][info][gc] GC(1055) Pause Young (Allocation Failure) 222M->140M(296M) 2.113ms
[68.167s][info][gc] GC(1056) Pause Young (Allocation Failure) 222M->142M(296M) 2.543ms
[68.194s][info][gc] GC(1057) Pause Young (Allocation Failure) 223M->141M(296M) 2.332ms
[68.223s][info][gc] GC(1058) Pause Young (Allocation Failure) 223M->142M(296M) 2.119ms
[68.256s][info][gc] GC(1059) Pause Young (Allocation Failure) 224M->143M(296M) 2.578ms
[68.285s][info][gc] GC(1060) Pause Young (Allocation Failure) 225M->144M(296M) 2.423ms
[68.316s][info][gc] GC(1061) Pause Young (Allocation Failure) 225M->144M(296M) 2.162ms
[68.349s][info][gc] GC(1062) Pause Young (Allocation Failure) 226M->145M(296M) 2.517ms
[68.375s][info][gc] GC(1063) Pause Young (Allocation Failure) 227M->145M(296M) 2.304ms
[68.407s][info][gc] GC(1064) Pause Young (Allocation Failure) 227M->147M(296M) 2.453ms
[68.439s][info][gc] GC(1065) Pause Young (Allocation Failure) 229M->147M(296M) 2.730ms
[68.467s][info][gc] GC(1066) Pause Young (Allocation Failure) 229M->148M(296M) 2.343ms
[68.497s][info][gc] GC(1067) Pause Young (Allocation Failure) 230M->148M(296M) 2.224ms
[68.531s][info][gc] GC(1068) Pause Young (Allocation Failure) 230M->149M(296M) 2.348ms
[68.561s][info][gc] GC(1069) Pause Young (Allocation Failure) 231M->149M(296M) 2.436ms
[68.588s][info][gc] GC(1070) Pause Young (Allocation Failure) 231M->150M(296M) 2.083ms
[68.622s][info][gc] GC(1071) Pause Young (Allocation Failure) 232M->151M(296M) 2.586ms
[68.651s][info][gc] GC(1072) Pause Young (Allocation Failure) 233M->151M(296M) 2.439ms
[68.680s][info][gc] GC(1073) Pause Young (Allocation Failure) 233M->152M(296M) 2.236ms
[68.712s][info][gc] GC(1074) Pause Young (Allocation Failure) 234M->153M(296M) 2.530ms
[68.742s][info][gc] GC(1075) Pause Young (Allocation Failure) 235M->154M(296M) 2.579ms
[68.773s][info][gc] GC(1076) Pause Young (Allocation Failure) 236M->154M(296M) 2.446ms
[68.805s][info][gc] GC(1077) Pause Young (Allocation Failure) 236M->155M(296M) 2.394ms
[68.832s][info][gc] GC(1078) Pause Young (Allocation Failure) 237M->155M(296M) 2.204ms
[68.863s][info][gc] GC(1079) Pause Young (Allocation Failure) 237M->156M(296M) 2.292ms
[68.895s][info][gc] GC(1080) Pause Young (Allocation Failure) 238M->156M(296M) 2.417ms
[68.926s][info][gc] GC(1081) Pause Young (Allocation Failure) 238M->157M(296M) 2.243ms
[68.958s][info][gc] GC(1082) Pause Young (Allocation Failure) 239M->158M(296M) 2.685ms
[68.988s][info][gc] GC(1083) Pause Young (Allocation Failure) 240M->158M(296M) 2.280ms
[69.018s][info][gc] GC(1084) Pause Young (Allocation Failure) 240M->159M(296M) 2.103ms
[69.047s][info][gc] GC(1085) Pause Young (Allocation Failure) 241M->160M(296M) 2.401ms
[69.078s][info][gc] GC(1086) Pause Young (Allocation Failure) 241M->160M(296M) 2.322ms
[69.110s][info][gc] GC(1087) Pause Young (Allocation Failure) 242M->161M(296M) 2.318ms
[69.139s][info][gc] GC(1088) Pause Young (Allocation Failure) 243M->162M(296M) 2.436ms
[69.169s][info][gc] GC(1089) Pause Young (Allocation Failure) 244M->162M(296M) 2.427ms
[69.201s][info][gc] GC(1090) Pause Young (Allocation Failure) 244M->163M(296M) 2.445ms
[69.230s][info][gc] GC(1091) Pause Young (Allocation Failure) 245M->163M(296M) 2.482ms
[69.260s][info][gc] GC(1092) Pause Young (Allocation Failure) 245M->163M(296M) 2.098ms
[69.298s][info][gc] GC(1093) Pause Young (Allocation Failure) 245M->164M(296M) 2.013ms
[69.354s][info][gc] GC(1094) Pause Young (Allocation Failure) 246M->163M(296M) 1.677ms
[69.582s][info][gc] GC(1095) Pause Young (Allocation Failure) 245M->163M(296M) 1.420ms
[69.715s][info][gc] GC(1096) Pause Young (Allocation Failure) 245M->167M(296M) 2.761ms
[69.751s][info][gc] GC(1097) Pause Young (Allocation Failure) 249M->168M(296M) 2.825ms
[69.797s][info][gc] GC(1098) Pause Young (Allocation Failure) 250M->169M(296M) 2.233ms
[69.834s][info][gc] GC(1099) Pause Young (Allocation Failure) 251M->169M(296M) 2.267ms
[69.880s][info][gc] GC(1100) Pause Young (Allocation Failure) 251M->170M(296M) 2.240ms
[69.915s][info][gc] GC(1101) Pause Young (Allocation Failure) 252M->170M(296M) 2.376ms
[69.960s][info][gc] GC(1102) Pause Young (Allocation Failure) 252M->171M(296M) 2.157ms
[69.999s][info][gc] GC(1103) Pause Young (Allocation Failure) 253M->172M(296M) 2.459ms
[70.044s][info][gc] GC(1104) Pause Young (Allocation Failure) 254M->172M(296M) 2.407ms
[70.079s][info][gc] GC(1105) Pause Young (Allocation Failure) 254M->173M(296M) 2.199ms
[70.125s][info][gc] GC(1106) Pause Young (Allocation Failure) 255M->173M(296M) 2.401ms
[70.162s][info][gc] GC(1107) Pause Young (Allocation Failure) 255M->174M(296M) 2.248ms
[70.207s][info][gc] GC(1108) Pause Young (Allocation Failure) 256M->175M(296M) 2.390ms
[70.244s][info][gc] GC(1109) Pause Young (Allocation Failure) 257M->175M(296M) 2.240ms
[70.288s][info][gc] GC(1110) Pause Young (Allocation Failure) 257M->176M(296M) 2.337ms
[70.325s][info][gc] GC(1111) Pause Young (Allocation Failure) 258M->176M(296M) 2.111ms
[70.372s][info][gc] GC(1112) Pause Young (Allocation Failure) 258M->177M(296M) 2.332ms
[70.408s][info][gc] GC(1113) Pause Young (Allocation Failure) 259M->178M(296M) 2.379ms
[70.453s][info][gc] GC(1114) Pause Young (Allocation Failure) 260M->179M(296M) 2.371ms
[70.490s][info][gc] GC(1115) Pause Young (Allocation Failure) 261M->178M(296M) 1.897ms
[70.535s][info][gc] GC(1116) Pause Young (Allocation Failure) 260M->180M(296M) 2.279ms
[70.573s][info][gc] GC(1117) Pause Young (Allocation Failure) 262M->179M(296M) 2.057ms
[70.616s][info][gc] GC(1118) Pause Young (Allocation Failure) 261M->181M(296M) 2.333ms
[70.657s][info][gc] GC(1119) Pause Young (Allocation Failure) 263M->181M(296M) 2.275ms
[70.697s][info][gc] GC(1120) Pause Young (Allocation Failure) 263M->183M(296M) 1.972ms
[70.739s][info][gc] GC(1121) Pause Young (Allocation Failure) 264M->183M(296M) 2.222ms
[70.775s][info][gc] GC(1122) Pause Young (Allocation Failure) 265M->184M(296M) 2.170ms
[70.817s][info][gc] GC(1123) Pause Young (Allocation Failure) 266M->184M(296M) 2.138ms
[70.854s][info][gc] GC(1124) Pause Young (Allocation Failure) 266M->185M(296M) 2.339ms
[70.898s][info][gc] GC(1125) Pause Young (Allocation Failure) 267M->186M(296M) 2.229ms
[70.934s][info][gc] GC(1126) Pause Young (Allocation Failure) 267M->186M(296M) 2.241ms
[70.977s][info][gc] GC(1127) Pause Young (Allocation Failure) 268M->187M(296M) 2.370ms
[71.014s][info][gc] GC(1128) Pause Young (Allocation Failure) 269M->188M(296M) 2.191ms
[71.060s][info][gc] GC(1129) Pause Young (Allocation Failure) 269M->188M(296M) 2.357ms
[71.098s][info][gc] GC(1130) Pause Young (Allocation Failure) 270M->189M(296M) 2.300ms
[71.142s][info][gc] GC(1131) Pause Young (Allocation Failure) 271M->190M(296M) 2.318ms
[71.178s][info][gc] GC(1132) Pause Young (Allocation Failure) 272M->190M(296M) 2.194ms
[71.222s][info][gc] GC(1133) Pause Young (Allocation Failure) 272M->191M(296M) 2.408ms
[71.260s][info][gc] GC(1134) Pause Young (Allocation Failure) 273M->192M(296M) 2.307ms
[71.302s][info][gc] GC(1135) Pause Young (Allocation Failure) 273M->192M(296M) 2.260ms
[71.341s][info][gc] GC(1136) Pause Young (Allocation Failure) 274M->193M(296M) 2.153ms
[71.384s][info][gc] GC(1137) Pause Young (Allocation Failure) 275M->193M(296M) 2.509ms
[71.422s][info][gc] GC(1138) Pause Young (Allocation Failure) 275M->194M(296M) 2.234ms
[71.464s][info][gc] GC(1139) Pause Young (Allocation Failure) 276M->195M(296M) 2.346ms
[71.503s][info][gc] GC(1140) Pause Young (Allocation Failure) 276M->196M(296M) 2.526ms
[71.548s][info][gc] GC(1141) Pause Young (Allocation Failure) 277M->196M(296M) 2.534ms
[71.586s][info][gc] GC(1142) Pause Young (Allocation Failure) 278M->196M(296M) 2.154ms
[71.629s][info][gc] GC(1143) Pause Young (Allocation Failure) 278M->197M(296M) 2.420ms
[71.669s][info][gc] GC(1144) Pause Young (Allocation Failure) 279M->198M(296M) 2.352ms
[71.973s][info][gc] GC(1145) Pause Young (Allocation Failure) 280M->199M(296M) 2.784ms
[72.009s][info][gc] GC(1146) Pause Young (Allocation Failure) 281M->199M(296M) 2.302ms
[72.056s][info][gc] GC(1147) Pause Young (Allocation Failure) 281M->201M(296M) 2.515ms
[72.093s][info][gc] GC(1148) Pause Young (Allocation Failure) 283M->201M(296M) 2.319ms
[72.136s][info][gc] GC(1149) Pause Young (Allocation Failure) 283M->202M(296M) 2.093ms
[72.172s][info][gc] GC(1150) Pause Young (Allocation Failure) 284M->202M(296M) 2.016ms
[72.213s][info][gc] GC(1151) Pause Young (Allocation Failure) 284M->203M(296M) 2.347ms
[72.254s][info][gc] GC(1152) Pause Young (Allocation Failure) 285M->204M(296M) 2.359ms
[72.297s][info][gc] GC(1153) Pause Young (Allocation Failure) 286M->204M(296M) 2.396ms
[72.331s][info][gc] GC(1154) Pause Young (Allocation Failure) 286M->205M(296M) 2.236ms
[72.376s][info][gc] GC(1155) Pause Young (Allocation Failure) 287M->205M(296M) 2.345ms
[72.415s][info][gc] GC(1156) Pause Young (Allocation Failure) 287M->206M(296M) 2.281ms
[72.455s][info][gc] GC(1157) Pause Young (Allocation Failure) 288M->207M(296M) 2.311ms
[72.495s][info][gc] GC(1158) Pause Young (Allocation Failure) 288M->207M(296M) 2.166ms
[72.537s][info][gc] GC(1159) Pause Young (Allocation Failure) 289M->208M(296M) 2.421ms
[72.576s][info][gc] GC(1160) Pause Young (Allocation Failure) 290M->209M(296M) 2.387ms
[72.621s][info][gc] GC(1161) Pause Young (Allocation Failure) 291M->210M(297M) 2.556ms
[72.650s][info][gc] GC(1162) Pause Full (Allocation Failure) 210M->42M(295M) 28.929ms
[72.682s][info][gc] GC(1163) Pause Young (Allocation Failure) 124M->44M(295M) 0.785ms
[72.726s][info][gc] GC(1164) Pause Young (Allocation Failure) 125M->46M(295M) 1.632ms
[72.762s][info][gc] GC(1165) Pause Young (Allocation Failure) 128M->47M(295M) 1.713ms
[72.803s][info][gc] GC(1166) Pause Young (Allocation Failure) 128M->47M(295M) 2.007ms
[72.842s][info][gc] GC(1167) Pause Young (Allocation Failure) 129M->48M(295M) 1.988ms
[72.885s][info][gc] GC(1168) Pause Young (Allocation Failure) 130M->49M(295M) 2.445ms
[72.922s][info][gc] GC(1169) Pause Young (Allocation Failure) 130M->50M(295M) 2.332ms
[72.964s][info][gc] GC(1170) Pause Young (Allocation Failure) 131M->50M(295M) 2.291ms
[73.001s][info][gc] GC(1171) Pause Young (Allocation Failure) 131M->50M(295M) 2.261ms
[73.046s][info][gc] GC(1172) Pause Young (Allocation Failure) 132M->51M(295M) 2.355ms
[73.081s][info][gc] GC(1173) Pause Young (Allocation Failure) 133M->52M(295M) 2.184ms
[73.124s][info][gc] GC(1174) Pause Young (Allocation Failure) 133M->52M(295M) 2.290ms
[73.162s][info][gc] GC(1175) Pause Young (Allocation Failure) 134M->53M(295M) 2.271ms
[73.205s][info][gc] GC(1176) Pause Young (Allocation Failure) 135M->54M(295M) 2.408ms
[73.243s][info][gc] GC(1177) Pause Young (Allocation Failure) 135M->54M(295M) 2.222ms
[73.286s][info][gc] GC(1178) Pause Young (Allocation Failure) 136M->55M(295M) 2.289ms
[73.324s][info][gc] GC(1179) Pause Young (Allocation Failure) 136M->56M(295M) 2.295ms
[73.366s][info][gc] GC(1180) Pause Young (Allocation Failure) 137M->56M(295M) 2.300ms
[73.404s][info][gc] GC(1181) Pause Young (Allocation Failure) 138M->57M(295M) 2.267ms
[73.446s][info][gc] GC(1182) Pause Young (Allocation Failure) 138M->58M(295M) 2.333ms
[73.483s][info][gc] GC(1183) Pause Young (Allocation Failure) 139M->58M(295M) 2.216ms
[73.525s][info][gc] GC(1184) Pause Young (Allocation Failure) 140M->59M(295M) 2.276ms
[73.562s][info][gc] GC(1185) Pause Young (Allocation Failure) 140M->59M(295M) 2.149ms
[73.606s][info][gc] GC(1186) Pause Young (Allocation Failure) 141M->60M(295M) 2.390ms
[73.641s][info][gc] GC(1187) Pause Young (Allocation Failure) 142M->61M(295M) 2.181ms
[73.685s][info][gc] GC(1188) Pause Young (Allocation Failure) 142M->61M(295M) 2.321ms
[73.720s][info][gc] GC(1189) Pause Young (Allocation Failure) 143M->62M(295M) 2.198ms
[73.764s][info][gc] GC(1190) Pause Young (Allocation Failure) 143M->63M(295M) 2.327ms
[73.800s][info][gc] GC(1191) Pause Young (Allocation Failure) 144M->63M(295M) 2.370ms
[73.843s][info][gc] GC(1192) Pause Young (Allocation Failure) 145M->64M(295M) 2.389ms
[73.880s][info][gc] GC(1193) Pause Young (Allocation Failure) 146M->65M(295M) 2.282ms
[73.922s][info][gc] GC(1194) Pause Young (Allocation Failure) 146M->65M(295M) 2.313ms
[73.959s][info][gc] GC(1195) Pause Young (Allocation Failure) 147M->66M(295M) 2.175ms
[74.243s][info][gc] GC(1196) Pause Young (Allocation Failure) 147M->67M(295M) 2.396ms
[74.280s][info][gc] GC(1197) Pause Young (Allocation Failure) 149M->68M(295M) 2.425ms
[74.322s][info][gc] GC(1198) Pause Young (Allocation Failure) 149M->68M(295M) 2.214ms
[74.361s][info][gc] GC(1199) Pause Young (Allocation Failure) 150M->69M(295M) 2.312ms
[74.403s][info][gc] GC(1200) Pause Young (Allocation Failure) 151M->69M(295M) 2.242ms
[74.442s][info][gc] GC(1201) Pause Young (Allocation Failure) 151M->70M(295M) 2.069ms
[74.484s][info][gc] GC(1202) Pause Young (Allocation Failure) 152M->71M(295M) 2.175ms
[74.521s][info][gc] GC(1203) Pause Young (Allocation Failure) 152M->72M(295M) 2.301ms
[74.563s][info][gc] GC(1204) Pause Young (Allocation Failure) 153M->72M(295M) 2.215ms
[74.601s][info][gc] GC(1205) Pause Young (Allocation Failure) 154M->73M(295M) 2.380ms
[74.644s][info][gc] GC(1206) Pause Young (Allocation Failure) 154M->73M(295M) 2.273ms
[74.680s][info][gc] GC(1207) Pause Young (Allocation Failure) 155M->74M(295M) 2.145ms
[74.724s][info][gc] GC(1208) Pause Young (Allocation Failure) 156M->75M(295M) 2.396ms
[74.762s][info][gc] GC(1209) Pause Young (Allocation Failure) 156M->75M(295M) 2.326ms
[74.804s][info][gc] GC(1210) Pause Young (Allocation Failure) 157M->76M(295M) 2.318ms
[74.844s][info][gc] GC(1211) Pause Young (Allocation Failure) 157M->77M(295M) 2.292ms
[74.888s][info][gc] GC(1212) Pause Young (Allocation Failure) 158M->77M(295M) 2.385ms
[74.925s][info][gc] GC(1213) Pause Young (Allocation Failure) 159M->78M(295M) 2.283ms
[74.970s][info][gc] GC(1214) Pause Young (Allocation Failure) 159M->79M(295M) 2.455ms
[75.007s][info][gc] GC(1215) Pause Young (Allocation Failure) 160M->79M(295M) 2.207ms
[75.050s][info][gc] GC(1216) Pause Young (Allocation Failure) 161M->80M(295M) 2.312ms
[75.087s][info][gc] GC(1217) Pause Young (Allocation Failure) 161M->80M(295M) 2.204ms
[75.132s][info][gc] GC(1218) Pause Young (Allocation Failure) 162M->81M(295M) 2.360ms
[75.169s][info][gc] GC(1219) Pause Young (Allocation Failure) 163M->82M(295M) 2.269ms
[75.212s][info][gc] GC(1220) Pause Young (Allocation Failure) 163M->82M(295M) 2.342ms
[75.252s][info][gc] GC(1221) Pause Young (Allocation Failure) 164M->83M(295M) 2.314ms
[75.296s][info][gc] GC(1222) Pause Young (Allocation Failure) 165M->84M(295M) 2.418ms
[75.333s][info][gc] GC(1223) Pause Young (Allocation Failure) 165M->84M(295M) 2.694ms
[75.378s][info][gc] GC(1224) Pause Young (Allocation Failure) 166M->85M(295M) 2.308ms
[75.416s][info][gc] GC(1225) Pause Young (Allocation Failure) 166M->85M(295M) 2.198ms
[75.458s][info][gc] GC(1226) Pause Young (Allocation Failure) 167M->86M(295M) 2.319ms
[75.497s][info][gc] GC(1227) Pause Young (Allocation Failure) 168M->87M(295M) 2.335ms
[75.540s][info][gc] GC(1228) Pause Young (Allocation Failure) 168M->88M(295M) 2.404ms
[75.577s][info][gc] GC(1229) Pause Young (Allocation Failure) 169M->88M(295M) 2.241ms
[75.617s][info][gc] GC(1230) Pause Young (Allocation Failure) 170M->88M(295M) 2.229ms
[75.656s][info][gc] GC(1231) Pause Young (Allocation Failure) 170M->89M(295M) 2.210ms
[75.700s][info][gc] GC(1232) Pause Young (Allocation Failure) 171M->90M(295M) 2.380ms
[75.735s][info][gc] GC(1233) Pause Young (Allocation Failure) 172M->90M(295M) 2.467ms
[75.780s][info][gc] GC(1234) Pause Young (Allocation Failure) 172M->91M(295M) 2.195ms
[75.817s][info][gc] GC(1235) Pause Young (Allocation Failure) 173M->92M(295M) 2.211ms
[75.861s][info][gc] GC(1236) Pause Young (Allocation Failure) 173M->93M(295M) 2.342ms
[75.898s][info][gc] GC(1237) Pause Young (Allocation Failure) 174M->93M(295M) 2.199ms
[75.941s][info][gc] GC(1238) Pause Young (Allocation Failure) 174M->94M(295M) 2.307ms
[75.978s][info][gc] GC(1239) Pause Young (Allocation Failure) 175M->94M(295M) 2.088ms
[76.023s][info][gc] GC(1240) Pause Young (Allocation Failure) 176M->95M(295M) 2.403ms
[76.059s][info][gc] GC(1241) Pause Young (Allocation Failure) 177M->95M(295M) 2.039ms
[76.101s][info][gc] GC(1242) Pause Young (Allocation Failure) 177M->96M(295M) 2.092ms
[76.140s][info][gc] GC(1243) Pause Young (Allocation Failure) 178M->97M(295M) 2.333ms
[76.180s][info][gc] GC(1244) Pause Young (Allocation Failure) 179M->97M(295M) 2.158ms
[76.218s][info][gc] GC(1245) Pause Young (Allocation Failure) 179M->97M(295M) 1.966ms
[76.517s][info][gc] GC(1246) Pause Young (Allocation Failure) 179M->103M(295M) 3.535ms
[76.546s][info][gc] GC(1247) Pause Young (Allocation Failure) 184M->103M(295M) 3.942ms
[76.573s][info][gc] GC(1248) Pause Young (Allocation Failure) 185M->104M(295M) 1.365ms
[76.605s][info][gc] GC(1249) Pause Young (Allocation Failure) 186M->106M(295M) 1.818ms
[76.635s][info][gc] GC(1250) Pause Young (Allocation Failure) 188M->108M(295M) 2.390ms
[76.663s][info][gc] GC(1251) Pause Young (Allocation Failure) 189M->108M(295M) 2.543ms
[76.696s][info][gc] GC(1252) Pause Young (Allocation Failure) 190M->109M(295M) 2.237ms
[76.725s][info][gc] GC(1253) Pause Young (Allocation Failure) 190M->110M(295M) 2.251ms
[76.755s][info][gc] GC(1254) Pause Young (Allocation Failure) 191M->110M(295M) 2.550ms
[76.788s][info][gc] GC(1255) Pause Young (Allocation Failure) 192M->110M(295M) 2.209ms
[76.816s][info][gc] GC(1256) Pause Young (Allocation Failure) 192M->111M(295M) 2.070ms
[76.844s][info][gc] GC(1257) Pause Young (Allocation Failure) 193M->112M(295M) 2.400ms
[76.877s][info][gc] GC(1258) Pause Young (Allocation Failure) 194M->113M(295M) 2.545ms
[76.909s][info][gc] GC(1259) Pause Young (Allocation Failure) 194M->114M(295M) 2.647ms
[76.936s][info][gc] GC(1260) Pause Young (Allocation Failure) 195M->114M(295M) 2.557ms
[76.970s][info][gc] GC(1261) Pause Young (Allocation Failure) 196M->115M(295M) 2.497ms
[76.998s][info][gc] GC(1262) Pause Young (Allocation Failure) 196M->115M(295M) 2.344ms
[77.027s][info][gc] GC(1263) Pause Young (Allocation Failure) 197M->116M(295M) 2.252ms
[77.061s][info][gc] GC(1264) Pause Young (Allocation Failure) 197M->117M(295M) 2.410ms
[77.091s][info][gc] GC(1265) Pause Young (Allocation Failure) 198M->118M(295M) 2.391ms
[77.117s][info][gc] GC(1266) Pause Young (Allocation Failure) 199M->117M(295M) 2.107ms
[77.150s][info][gc] GC(1267) Pause Young (Allocation Failure) 199M->118M(295M) 2.206ms
[77.181s][info][gc] GC(1268) Pause Young (Allocation Failure) 200M->119M(295M) 2.553ms
[77.209s][info][gc] GC(1269) Pause Young (Allocation Failure) 201M->119M(295M) 2.400ms
[77.240s][info][gc] GC(1270) Pause Young (Allocation Failure) 201M->120M(295M) 2.091ms
[77.272s][info][gc] GC(1271) Pause Young (Allocation Failure) 201M->121M(295M) 2.692ms
[77.301s][info][gc] GC(1272) Pause Young (Allocation Failure) 203M->121M(295M) 2.339ms
[77.330s][info][gc] GC(1273) Pause Young (Allocation Failure) 203M->122M(295M) 2.048ms
[77.362s][info][gc] GC(1274) Pause Young (Allocation Failure) 203M->123M(295M) 2.511ms
[77.395s][info][gc] GC(1275) Pause Young (Allocation Failure) 204M->123M(295M) 2.525ms
[77.422s][info][gc] GC(1276) Pause Young (Allocation Failure) 205M->124M(295M) 2.083ms
[77.454s][info][gc] GC(1277) Pause Young (Allocation Failure) 205M->125M(295M) 2.318ms
[77.485s][info][gc] GC(1278) Pause Young (Allocation Failure) 206M->125M(295M) 2.436ms
[77.516s][info][gc] GC(1279) Pause Young (Allocation Failure) 207M->126M(295M) 2.318ms
[77.544s][info][gc] GC(1280) Pause Young (Allocation Failure) 207M->127M(295M) 2.234ms
[77.575s][info][gc] GC(1281) Pause Young (Allocation Failure) 208M->128M(295M) 2.606ms
[77.603s][info][gc] GC(1282) Pause Young (Allocation Failure) 209M->128M(295M) 2.262ms
[77.633s][info][gc] GC(1283) Pause Young (Allocation Failure) 209M->129M(295M) 2.201ms
[77.664s][info][gc] GC(1284) Pause Young (Allocation Failure) 210M->129M(295M) 2.456ms
[77.693s][info][gc] GC(1285) Pause Young (Allocation Failure) 211M->130M(295M) 2.375ms
[77.725s][info][gc] GC(1286) Pause Young (Allocation Failure) 211M->130M(295M) 2.119ms
[77.756s][info][gc] GC(1287) Pause Young (Allocation Failure) 212M->131M(295M) 2.516ms
[77.786s][info][gc] GC(1288) Pause Young (Allocation Failure) 213M->132M(295M) 2.583ms
[77.816s][info][gc] GC(1289) Pause Young (Allocation Failure) 214M->133M(295M) 2.331ms
[77.848s][info][gc] GC(1290) Pause Young (Allocation Failure) 214M->133M(295M) 2.230ms
[77.877s][info][gc] GC(1291) Pause Young (Allocation Failure) 215M->134M(295M) 2.246ms
[77.910s][info][gc] GC(1292) Pause Young (Allocation Failure) 216M->135M(295M) 2.624ms
[77.938s][info][gc] GC(1293) Pause Young (Allocation Failure) 217M->136M(295M) 2.582ms
[77.967s][info][gc] GC(1294) Pause Young (Allocation Failure) 218M->136M(295M) 2.209ms
[77.999s][info][gc] GC(1295) Pause Young (Allocation Failure) 218M->137M(295M) 2.306ms
[78.028s][info][gc] GC(1296) Pause Young (Allocation Failure) 218M->137M(295M) 2.316ms
[78.057s][info][gc] GC(1297) Pause Young (Allocation Failure) 219M->138M(295M) 2.207ms
[78.090s][info][gc] GC(1298) Pause Young (Allocation Failure) 219M->139M(295M) 2.520ms
[78.117s][info][gc] GC(1299) Pause Young (Allocation Failure) 220M->139M(295M) 2.375ms
[78.146s][info][gc] GC(1300) Pause Young (Allocation Failure) 221M->139M(295M) 2.050ms
[78.179s][info][gc] GC(1301) Pause Young (Allocation Failure) 221M->140M(295M) 2.430ms
[78.210s][info][gc] GC(1302) Pause Young (Allocation Failure) 222M->141M(295M) 2.332ms
[78.239s][info][gc] GC(1303) Pause Young (Allocation Failure) 223M->141M(295M) 2.278ms
[78.272s][info][gc] GC(1304) Pause Young (Allocation Failure) 223M->143M(295M) 2.553ms
[78.299s][info][gc] GC(1305) Pause Young (Allocation Failure) 224M->142M(295M) 2.139ms
[78.328s][info][gc] GC(1306) Pause Young (Allocation Failure) 224M->144M(295M) 2.221ms
[78.360s][info][gc] GC(1307) Pause Young (Allocation Failure) 225M->145M(295M) 2.652ms
[78.391s][info][gc] GC(1308) Pause Young (Allocation Failure) 226M->145M(295M) 2.437ms
[78.421s][info][gc] GC(1309) Pause Young (Allocation Failure) 226M->146M(295M) 2.336ms
[78.454s][info][gc] GC(1310) Pause Young (Allocation Failure) 227M->147M(295M) 2.752ms
[78.481s][info][gc] GC(1311) Pause Young (Allocation Failure) 228M->147M(295M) 2.216ms
[78.511s][info][gc] GC(1312) Pause Young (Allocation Failure) 228M->147M(295M) 2.213ms
[78.544s][info][gc] GC(1313) Pause Young (Allocation Failure) 229M->148M(295M) 2.620ms
[78.574s][info][gc] GC(1314) Pause Young (Allocation Failure) 230M->149M(295M) 2.374ms
[78.602s][info][gc] GC(1315) Pause Young (Allocation Failure) 230M->149M(295M) 2.175ms
[78.635s][info][gc] GC(1316) Pause Young (Allocation Failure) 231M->150M(295M) 2.603ms
[78.666s][info][gc] GC(1317) Pause Young (Allocation Failure) 232M->151M(295M) 2.275ms
[78.693s][info][gc] GC(1318) Pause Young (Allocation Failure) 232M->150M(295M) 1.916ms
[78.728s][info][gc] GC(1319) Pause Young (Allocation Failure) 232M->152M(295M) 2.344ms
[78.757s][info][gc] GC(1320) Pause Young (Allocation Failure) 234M->152M(295M) 2.283ms
[78.785s][info][gc] GC(1321) Pause Young (Allocation Failure) 234M->152M(295M) 1.928ms
[78.819s][info][gc] GC(1322) Pause Young (Allocation Failure) 234M->154M(295M) 2.601ms
[78.848s][info][gc] GC(1323) Pause Young (Allocation Failure) 235M->154M(295M) 2.581ms
[78.880s][info][gc] GC(1324) Pause Young (Allocation Failure) 236M->155M(295M) 2.101ms
[78.911s][info][gc] GC(1325) Pause Young (Allocation Failure) 236M->156M(295M) 2.544ms
[78.941s][info][gc] GC(1326) Pause Young (Allocation Failure) 238M->156M(295M) 2.382ms
[78.970s][info][gc] GC(1327) Pause Young (Allocation Failure) 238M->157M(295M) 2.163ms
[79.002s][info][gc] GC(1328) Pause Young (Allocation Failure) 238M->158M(295M) 2.515ms
[79.030s][info][gc] GC(1329) Pause Young (Allocation Failure) 239M->158M(295M) 2.446ms
[79.061s][info][gc] GC(1330) Pause Young (Allocation Failure) 240M->159M(295M) 2.151ms
[79.092s][info][gc] GC(1331) Pause Young (Allocation Failure) 240M->160M(295M) 2.556ms
[79.123s][info][gc] GC(1332) Pause Young (Allocation Failure) 241M->160M(295M) 2.585ms
[79.152s][info][gc] GC(1333) Pause Young (Allocation Failure) 242M->161M(295M) 2.311ms
[79.181s][info][gc] GC(1334) Pause Young (Allocation Failure) 242M->161M(295M) 2.320ms
[79.212s][info][gc] GC(1335) Pause Young (Allocation Failure) 243M->162M(295M) 2.591ms
[79.243s][info][gc] GC(1336) Pause Young (Allocation Failure) 244M->163M(295M) 2.298ms
[79.272s][info][gc] GC(1337) Pause Young (Allocation Failure) 244M->163M(295M) 2.262ms
[79.303s][info][gc] GC(1338) Pause Young (Allocation Failure) 245M->164M(295M) 2.485ms
[79.335s][info][gc] GC(1339) Pause Young (Allocation Failure) 246M->165M(295M) 2.638ms
[79.363s][info][gc] GC(1340) Pause Young (Allocation Failure) 246M->165M(295M) 2.117ms
[79.395s][info][gc] GC(1341) Pause Young (Allocation Failure) 246M->166M(295M) 2.347ms
[79.427s][info][gc] GC(1342) Pause Young (Allocation Failure) 248M->167M(295M) 2.552ms
[79.457s][info][gc] GC(1343) Pause Young (Allocation Failure) 248M->167M(295M) 2.115ms
[79.489s][info][gc] GC(1344) Pause Young (Allocation Failure) 248M->168M(295M) 2.328ms
[79.519s][info][gc] GC(1345) Pause Young (Allocation Failure) 249M->168M(295M) 2.392ms
[79.547s][info][gc] GC(1346) Pause Young (Allocation Failure) 250M->168M(295M) 1.942ms
[79.581s][info][gc] GC(1347) Pause Young (Allocation Failure) 250M->170M(295M) 2.618ms
[79.610s][info][gc] GC(1348) Pause Young (Allocation Failure) 252M->170M(295M) 2.571ms
[79.640s][info][gc] GC(1349) Pause Young (Allocation Failure) 251M->171M(295M) 2.221ms
[79.671s][info][gc] GC(1350) Pause Young (Allocation Failure) 252M->172M(295M) 2.455ms
[79.699s][info][gc] GC(1351) Pause Young (Allocation Failure) 253M->172M(295M) 2.191ms
[79.730s][info][gc] GC(1352) Pause Young (Allocation Failure) 253M->172M(295M) 2.068ms
[79.762s][info][gc] GC(1353) Pause Young (Allocation Failure) 254M->174M(295M) 2.437ms
[79.793s][info][gc] GC(1354) Pause Young (Allocation Failure) 255M->174M(295M) 2.398ms
[79.824s][info][gc] GC(1355) Pause Young (Allocation Failure) 255M->174M(295M) 2.227ms
[79.855s][info][gc] GC(1356) Pause Young (Allocation Failure) 256M->175M(295M) 2.429ms
[79.885s][info][gc] GC(1357) Pause Young (Allocation Failure) 257M->176M(295M) 2.324ms
[79.918s][info][gc] GC(1358) Pause Young (Allocation Failure) 257M->176M(295M) 2.461ms
[79.947s][info][gc] GC(1359) Pause Young (Allocation Failure) 258M->177M(295M) 2.468ms
[79.979s][info][gc] GC(1360) Pause Young (Allocation Failure) 259M->178M(295M) 2.605ms
[80.011s][info][gc] GC(1361) Pause Young (Allocation Failure) 260M->178M(295M) 2.491ms
[80.041s][info][gc] GC(1362) Pause Young (Allocation Failure) 260M->179M(295M) 2.323ms
[80.072s][info][gc] GC(1363) Pause Young (Allocation Failure) 261M->180M(295M) 2.631ms
[80.106s][info][gc] GC(1364) Pause Young (Allocation Failure) 261M->180M(295M) 2.095ms
[80.140s][info][gc] GC(1365) Pause Young (Allocation Failure) 261M->181M(295M) 2.555ms
[80.175s][info][gc] GC(1366) Pause Young (Allocation Failure) 262M->182M(295M) 2.647ms
[80.208s][info][gc] GC(1367) Pause Young (Allocation Failure) 264M->182M(295M) 2.279ms
[80.244s][info][gc] GC(1368) Pause Young (Allocation Failure) 263M->183M(295M) 2.376ms
[80.275s][info][gc] GC(1369) Pause Young (Allocation Failure) 265M->184M(295M) 2.552ms
[80.310s][info][gc] GC(1370) Pause Young (Allocation Failure) 266M->184M(295M) 2.232ms
[80.340s][info][gc] GC(1371) Pause Young (Allocation Failure) 265M->184M(295M) 2.185ms
[80.372s][info][gc] GC(1372) Pause Young (Allocation Failure) 266M->186M(295M) 2.685ms
[80.406s][info][gc] GC(1373) Pause Young (Allocation Failure) 267M->186M(295M) 2.651ms
[80.436s][info][gc] GC(1374) Pause Young (Allocation Failure) 268M->187M(295M) 2.238ms
[80.465s][info][gc] GC(1375) Pause Young (Allocation Failure) 268M->188M(295M) 2.244ms
[80.498s][info][gc] GC(1376) Pause Young (Allocation Failure) 269M->189M(295M) 2.613ms
[80.528s][info][gc] GC(1377) Pause Young (Allocation Failure) 270M->189M(295M) 2.484ms
[80.558s][info][gc] GC(1378) Pause Young (Allocation Failure) 271M->190M(295M) 2.400ms
[80.590s][info][gc] GC(1379) Pause Young (Allocation Failure) 271M->190M(295M) 2.400ms
[80.619s][info][gc] GC(1380) Pause Young (Allocation Failure) 272M->191M(295M) 2.162ms
[80.646s][info][gc] GC(1381) Pause Young (Allocation Failure) 272M->192M(295M) 2.359ms
[80.678s][info][gc] GC(1382) Pause Young (Allocation Failure) 273M->192M(295M) 2.549ms
[80.709s][info][gc] GC(1383) Pause Young (Allocation Failure) 274M->193M(295M) 2.432ms
[80.737s][info][gc] GC(1384) Pause Young (Allocation Failure) 275M->194M(295M) 2.342ms
[80.766s][info][gc] GC(1385) Pause Young (Allocation Failure) 275M->194M(295M) 2.140ms
[80.797s][info][gc] GC(1386) Pause Young (Allocation Failure) 275M->195M(295M) 2.150ms
[80.828s][info][gc] GC(1387) Pause Young (Allocation Failure) 276M->195M(295M) 2.499ms
[80.859s][info][gc] GC(1388) Pause Young (Allocation Failure) 277M->196M(295M) 2.437ms
[80.891s][info][gc] GC(1389) Pause Young (Allocation Failure) 277M->197M(295M) 2.500ms
[80.922s][info][gc] GC(1390) Pause Young (Allocation Failure) 279M->197M(295M) 2.580ms
[80.952s][info][gc] GC(1391) Pause Young (Allocation Failure) 279M->198M(295M) 2.246ms
[80.981s][info][gc] GC(1392) Pause Young (Allocation Failure) 279M->198M(295M) 2.194ms
[81.011s][info][gc] GC(1393) Pause Young (Allocation Failure) 280M->199M(295M) 2.583ms
[81.042s][info][gc] GC(1394) Pause Young (Allocation Failure) 281M->198M(295M) 1.800ms
[81.162s][info][gc] GC(1395) Pause Young (Allocation Failure) 280M->197M(295M) 1.204ms
[81.395s][info][gc] GC(1396) Pause Young (Allocation Failure) 279M->200M(295M) 2.088ms
[81.442s][info][gc] GC(1397) Pause Young (Allocation Failure) 282M->203M(295M) 3.034ms
[81.473s][info][gc] GC(1398) Pause Young (Allocation Failure) 285M->203M(295M) 2.869ms
[81.511s][info][gc] GC(1399) Pause Young (Allocation Failure) 285M->205M(295M) 2.137ms
[81.540s][info][gc] GC(1400) Pause Young (Allocation Failure) 287M->205M(295M) 2.051ms
[81.575s][info][gc] GC(1401) Pause Young (Allocation Failure) 287M->205M(295M) 1.830ms
[81.608s][info][gc] GC(1402) Pause Young (Allocation Failure) 287M->206M(295M) 2.379ms
[81.641s][info][gc] GC(1403) Pause Young (Allocation Failure) 288M->207M(295M) 2.511ms
[81.679s][info][gc] GC(1404) Pause Young (Allocation Failure) 289M->208M(295M) 2.401ms
[81.709s][info][gc] GC(1405) Pause Young (Allocation Failure) 290M->209M(295M) 2.324ms
[81.747s][info][gc] GC(1406) Pause Young (Allocation Failure) 290M->209M(296M) 2.288ms
[81.774s][info][gc] GC(1407) Pause Full (Allocation Failure) 209M->41M(289M) 27.321ms
[81.802s][info][gc] GC(1408) Pause Young (Allocation Failure) 121M->43M(289M) 0.853ms
[81.832s][info][gc] GC(1409) Pause Young (Allocation Failure) 123M->44M(289M) 1.132ms
[81.867s][info][gc] GC(1410) Pause Young (Allocation Failure) 124M->46M(289M) 1.945ms
[81.899s][info][gc] GC(1411) Pause Young (Allocation Failure) 126M->47M(289M) 2.049ms
[81.929s][info][gc] GC(1412) Pause Young (Allocation Failure) 127M->46M(289M) 1.831ms
[81.964s][info][gc] GC(1413) Pause Young (Allocation Failure) 126M->48M(289M) 2.290ms
[81.994s][info][gc] GC(1414) Pause Young (Allocation Failure) 128M->49M(289M) 2.487ms
[82.032s][info][gc] GC(1415) Pause Young (Allocation Failure) 129M->49M(289M) 2.224ms
[82.061s][info][gc] GC(1416) Pause Young (Allocation Failure) 129M->50M(289M) 2.225ms
[82.093s][info][gc] GC(1417) Pause Young (Allocation Failure) 130M->49M(289M) 1.796ms
[82.128s][info][gc] GC(1418) Pause Young (Allocation Failure) 129M->51M(289M) 2.335ms
[82.159s][info][gc] GC(1419) Pause Young (Allocation Failure) 131M->52M(289M) 2.537ms
[82.197s][info][gc] GC(1420) Pause Young (Allocation Failure) 132M->53M(289M) 2.526ms
[82.226s][info][gc] GC(1421) Pause Young (Allocation Failure) 133M->53M(289M) 2.286ms
[82.260s][info][gc] GC(1422) Pause Young (Allocation Failure) 133M->53M(289M) 1.793ms
[82.294s][info][gc] GC(1423) Pause Young (Allocation Failure) 133M->54M(289M) 2.216ms
[82.325s][info][gc] GC(1424) Pause Young (Allocation Failure) 134M->55M(289M) 2.494ms
[82.362s][info][gc] GC(1425) Pause Young (Allocation Failure) 135M->55M(289M) 2.330ms
[82.392s][info][gc] GC(1426) Pause Young (Allocation Failure) 135M->56M(289M) 2.246ms
[82.426s][info][gc] GC(1427) Pause Young (Allocation Failure) 136M->56M(289M) 2.096ms
[82.459s][info][gc] GC(1428) Pause Young (Allocation Failure) 136M->57M(289M) 2.275ms
[82.489s][info][gc] GC(1429) Pause Young (Allocation Failure) 137M->58M(289M) 2.528ms
[82.528s][info][gc] GC(1430) Pause Young (Allocation Failure) 138M->59M(289M) 2.479ms
[82.557s][info][gc] GC(1431) Pause Young (Allocation Failure) 139M->59M(289M) 2.146ms
[82.589s][info][gc] GC(1432) Pause Young (Allocation Failure) 139M->59M(289M) 1.992ms
[82.627s][info][gc] GC(1433) Pause Young (Allocation Failure) 139M->61M(289M) 2.537ms
[82.657s][info][gc] GC(1434) Pause Young (Allocation Failure) 141M->61M(289M) 2.515ms
[82.695s][info][gc] GC(1435) Pause Young (Allocation Failure) 141M->62M(289M) 2.176ms
[82.727s][info][gc] GC(1436) Pause Young (Allocation Failure) 142M->63M(289M) 2.420ms
[82.760s][info][gc] GC(1437) Pause Young (Allocation Failure) 142M->62M(289M) 2.122ms
[82.796s][info][gc] GC(1438) Pause Young (Allocation Failure) 142M->64M(289M) 2.154ms
[82.826s][info][gc] GC(1439) Pause Young (Allocation Failure) 144M->64M(289M) 2.346ms
[82.862s][info][gc] GC(1440) Pause Young (Allocation Failure) 144M->64M(289M) 1.996ms
[82.895s][info][gc] GC(1441) Pause Young (Allocation Failure) 144M->65M(289M) 2.175ms
[82.926s][info][gc] GC(1442) Pause Young (Allocation Failure) 145M->66M(289M) 2.170ms
[82.962s][info][gc] GC(1443) Pause Young (Allocation Failure) 146M->67M(289M) 2.331ms
[82.991s][info][gc] GC(1444) Pause Young (Allocation Failure) 147M->67M(289M) 2.320ms
[83.027s][info][gc] GC(1445) Pause Young (Allocation Failure) 147M->68M(289M) 2.226ms
[83.057s][info][gc] GC(1446) Pause Young (Allocation Failure) 147M->68M(289M) 2.195ms
[83.093s][info][gc] GC(1447) Pause Young (Allocation Failure) 148M->67M(289M) 1.692ms
[83.364s][info][gc] GC(1448) Pause Young (Allocation Failure) 147M->71M(289M) 2.568ms
[83.393s][info][gc] GC(1449) Pause Young (Allocation Failure) 150M->71M(289M) 2.450ms
[83.424s][info][gc] GC(1450) Pause Young (Allocation Failure) 150M->72M(289M) 2.284ms
[83.460s][info][gc] GC(1451) Pause Young (Allocation Failure) 152M->72M(289M) 2.211ms
[83.492s][info][gc] GC(1452) Pause Young (Allocation Failure) 152M->73M(289M) 2.282ms
[83.528s][info][gc] GC(1453) Pause Young (Allocation Failure) 153M->74M(289M) 2.360ms
[83.558s][info][gc] GC(1454) Pause Young (Allocation Failure) 153M->74M(289M) 2.258ms
[83.588s][info][gc] GC(1455) Pause Young (Allocation Failure) 154M->75M(289M) 2.350ms
[83.626s][info][gc] GC(1456) Pause Young (Allocation Failure) 155M->76M(289M) 2.460ms
[83.656s][info][gc] GC(1457) Pause Young (Allocation Failure) 155M->76M(289M) 2.229ms
[83.692s][info][gc] GC(1458) Pause Young (Allocation Failure) 156M->77M(289M) 2.127ms
[83.723s][info][gc] GC(1459) Pause Young (Allocation Failure) 156M->77M(289M) 2.087ms
[83.752s][info][gc] GC(1460) Pause Young (Allocation Failure) 157M->78M(289M) 2.239ms
[83.789s][info][gc] GC(1461) Pause Young (Allocation Failure) 158M->78M(289M) 2.472ms
[83.820s][info][gc] GC(1462) Pause Young (Allocation Failure) 158M->79M(289M) 2.166ms
[83.857s][info][gc] GC(1463) Pause Young (Allocation Failure) 159M->80M(289M) 2.304ms
[83.888s][info][gc] GC(1464) Pause Young (Allocation Failure) 159M->80M(289M) 2.270ms
[83.916s][info][gc] GC(1465) Pause Young (Allocation Failure) 160M->81M(289M) 2.129ms
[83.953s][info][gc] GC(1466) Pause Young (Allocation Failure) 161M->82M(289M) 2.406ms
[83.984s][info][gc] GC(1467) Pause Young (Allocation Failure) 161M->82M(289M) 2.198ms
[84.018s][info][gc] GC(1468) Pause Young (Allocation Failure) 162M->82M(289M) 2.127ms
[84.048s][info][gc] GC(1469) Pause Young (Allocation Failure) 162M->84M(289M) 2.208ms
[84.078s][info][gc] GC(1470) Pause Young (Allocation Failure) 163M->84M(289M) 2.378ms
[84.115s][info][gc] GC(1471) Pause Young (Allocation Failure) 164M->85M(289M) 2.343ms
[84.146s][info][gc] GC(1472) Pause Young (Allocation Failure) 165M->86M(289M) 2.344ms
[84.179s][info][gc] GC(1473) Pause Young (Allocation Failure) 165M->85M(289M) 2.070ms
[84.213s][info][gc] GC(1474) Pause Young (Allocation Failure) 165M->87M(289M) 2.276ms
[84.242s][info][gc] GC(1475) Pause Young (Allocation Failure) 167M->87M(289M) 2.440ms
[84.278s][info][gc] GC(1476) Pause Young (Allocation Failure) 167M->88M(289M) 2.040ms
[84.310s][info][gc] GC(1477) Pause Young (Allocation Failure) 167M->88M(289M) 2.286ms
[84.342s][info][gc] GC(1478) Pause Young (Allocation Failure) 168M->88M(289M) 2.015ms
[84.376s][info][gc] GC(1479) Pause Young (Allocation Failure) 168M->90M(289M) 2.318ms
[84.406s][info][gc] GC(1480) Pause Young (Allocation Failure) 170M->90M(289M) 2.458ms
[84.441s][info][gc] GC(1481) Pause Young (Allocation Failure) 170M->91M(289M) 2.041ms
[84.472s][info][gc] GC(1482) Pause Young (Allocation Failure) 170M->92M(289M) 2.408ms
[84.500s][info][gc] GC(1483) Pause Young (Allocation Failure) 172M->91M(289M) 1.962ms
[84.539s][info][gc] GC(1484) Pause Young (Allocation Failure) 171M->93M(289M) 2.066ms
[84.568s][info][gc] GC(1485) Pause Young (Allocation Failure) 172M->93M(289M) 2.225ms
[84.606s][info][gc] GC(1486) Pause Young (Allocation Failure) 173M->94M(289M) 2.394ms
[84.634s][info][gc] GC(1487) Pause Young (Allocation Failure) 174M->95M(289M) 2.226ms
[84.662s][info][gc] GC(1488) Pause Young (Allocation Failure) 175M->94M(289M) 1.982ms
[84.700s][info][gc] GC(1489) Pause Young (Allocation Failure) 174M->96M(289M) 2.233ms
[84.729s][info][gc] GC(1490) Pause Young (Allocation Failure) 176M->96M(289M) 2.396ms
[84.766s][info][gc] GC(1491) Pause Young (Allocation Failure) 176M->97M(289M) 2.374ms
[84.799s][info][gc] GC(1492) Pause Young (Allocation Failure) 177M->98M(289M) 2.515ms
[84.828s][info][gc] GC(1493) Pause Young (Allocation Failure) 178M->98M(289M) 2.244ms
[84.866s][info][gc] GC(1494) Pause Young (Allocation Failure) 178M->99M(289M) 2.396ms
[84.899s][info][gc] GC(1495) Pause Young (Allocation Failure) 179M->100M(289M) 2.397ms
[84.937s][info][gc] GC(1496) Pause Young (Allocation Failure) 180M->100M(289M) 2.449ms
[84.964s][info][gc] GC(1497) Pause Young (Allocation Failure) 180M->100M(289M) 1.993ms
[84.996s][info][gc] GC(1498) Pause Young (Allocation Failure) 180M->101M(289M) 2.270ms
[85.293s][info][gc] GC(1499) Pause Young (Allocation Failure) 181M->103M(289M) 2.570ms
[85.323s][info][gc] GC(1500) Pause Young (Allocation Failure) 183M->103M(289M) 2.512ms
[85.353s][info][gc] GC(1501) Pause Young (Allocation Failure) 183M->104M(289M) 2.369ms
[85.391s][info][gc] GC(1502) Pause Young (Allocation Failure) 184M->105M(289M) 2.430ms
[85.423s][info][gc] GC(1503) Pause Young (Allocation Failure) 184M->106M(289M) 2.189ms
[85.453s][info][gc] GC(1504) Pause Young (Allocation Failure) 185M->104M(289M) 1.768ms
[85.489s][info][gc] GC(1505) Pause Young (Allocation Failure) 184M->106M(289M) 2.040ms
[85.520s][info][gc] GC(1506) Pause Young (Allocation Failure) 186M->107M(289M) 2.380ms
[85.559s][info][gc] GC(1507) Pause Young (Allocation Failure) 187M->108M(289M) 2.497ms
[85.589s][info][gc] GC(1508) Pause Young (Allocation Failure) 188M->108M(289M) 2.331ms
[85.621s][info][gc] GC(1509) Pause Young (Allocation Failure) 188M->108M(289M) 1.889ms
[85.656s][info][gc] GC(1510) Pause Young (Allocation Failure) 188M->110M(289M) 2.434ms
[85.685s][info][gc] GC(1511) Pause Young (Allocation Failure) 190M->110M(289M) 2.432ms
[85.723s][info][gc] GC(1512) Pause Young (Allocation Failure) 190M->111M(289M) 2.235ms
[85.753s][info][gc] GC(1513) Pause Young (Allocation Failure) 191M->111M(289M) 2.128ms
[85.783s][info][gc] GC(1514) Pause Young (Allocation Failure) 191M->111M(289M) 1.760ms
[85.818s][info][gc] GC(1515) Pause Young (Allocation Failure) 191M->113M(289M) 2.189ms
[85.849s][info][gc] GC(1516) Pause Young (Allocation Failure) 192M->113M(289M) 2.419ms
[85.887s][info][gc] GC(1517) Pause Young (Allocation Failure) 193M->114M(289M) 2.439ms
[85.920s][info][gc] GC(1518) Pause Young (Allocation Failure) 194M->114M(289M) 2.165ms
[85.948s][info][gc] GC(1519) Pause Young (Allocation Failure) 194M->114M(289M) 1.691ms
[85.985s][info][gc] GC(1520) Pause Young (Allocation Failure) 193M->116M(289M) 2.430ms
[86.015s][info][gc] GC(1521) Pause Young (Allocation Failure) 196M->116M(289M) 2.302ms
[86.052s][info][gc] GC(1522) Pause Young (Allocation Failure) 196M->117M(289M) 2.285ms
[86.081s][info][gc] GC(1523) Pause Young (Allocation Failure) 197M->117M(289M) 2.192ms
[86.110s][info][gc] GC(1524) Pause Young (Allocation Failure) 197M->117M(289M) 1.919ms
[86.148s][info][gc] GC(1525) Pause Young (Allocation Failure) 197M->119M(289M) 2.457ms
[86.178s][info][gc] GC(1526) Pause Young (Allocation Failure) 199M->119M(289M) 2.486ms
[86.216s][info][gc] GC(1527) Pause Young (Allocation Failure) 199M->120M(289M) 2.378ms
[86.247s][info][gc] GC(1528) Pause Young (Allocation Failure) 200M->121M(289M) 2.220ms
[86.275s][info][gc] GC(1529) Pause Young (Allocation Failure) 201M->121M(289M) 1.984ms
[86.312s][info][gc] GC(1530) Pause Young (Allocation Failure) 200M->122M(289M) 2.255ms
[86.343s][info][gc] GC(1531) Pause Young (Allocation Failure) 202M->123M(289M) 2.412ms
[86.379s][info][gc] GC(1532) Pause Young (Allocation Failure) 202M->123M(289M) 2.343ms
[86.411s][info][gc] GC(1533) Pause Young (Allocation Failure) 203M->124M(289M) 2.294ms
[86.438s][info][gc] GC(1534) Pause Young (Allocation Failure) 204M->124M(289M) 2.063ms
[86.475s][info][gc] GC(1535) Pause Young (Allocation Failure) 204M->125M(289M) 2.384ms
[86.506s][info][gc] GC(1536) Pause Young (Allocation Failure) 205M->125M(289M) 2.397ms
[86.543s][info][gc] GC(1537) Pause Young (Allocation Failure) 205M->126M(289M) 2.419ms
[86.575s][info][gc] GC(1538) Pause Young (Allocation Failure) 206M->127M(289M) 2.362ms
[86.605s][info][gc] GC(1539) Pause Young (Allocation Failure) 207M->127M(289M) 2.177ms
[86.642s][info][gc] GC(1540) Pause Young (Allocation Failure) 207M->128M(289M) 2.179ms
[86.673s][info][gc] GC(1541) Pause Young (Allocation Failure) 208M->129M(289M) 2.215ms
[86.710s][info][gc] GC(1542) Pause Young (Allocation Failure) 208M->129M(289M) 2.344ms
[86.742s][info][gc] GC(1543) Pause Young (Allocation Failure) 209M->130M(289M) 2.372ms
[86.770s][info][gc] GC(1544) Pause Young (Allocation Failure) 210M->130M(289M) 2.126ms
[86.805s][info][gc] GC(1545) Pause Young (Allocation Failure) 210M->131M(289M) 2.064ms
[86.839s][info][gc] GC(1546) Pause Young (Allocation Failure) 211M->132M(289M) 2.462ms
[86.879s][info][gc] GC(1547) Pause Young (Allocation Failure) 212M->132M(289M) 2.389ms
[86.909s][info][gc] GC(1548) Pause Young (Allocation Failure) 212M->133M(289M) 2.279ms
[86.940s][info][gc] GC(1549) Pause Young (Allocation Failure) 213M->133M(289M) 2.525ms
[87.219s][info][gc] GC(1550) Pause Young (Allocation Failure) 213M->137M(289M) 3.125ms
[87.247s][info][gc] GC(1551) Pause Young (Allocation Failure) 217M->138M(289M) 3.348ms
[87.273s][info][gc] GC(1552) Pause Young (Allocation Failure) 218M->139M(289M) 1.288ms
[87.306s][info][gc] GC(1553) Pause Young (Allocation Failure) 219M->141M(289M) 1.861ms
[87.335s][info][gc] GC(1554) Pause Young (Allocation Failure) 221M->142M(289M) 2.216ms
[87.363s][info][gc] GC(1555) Pause Young (Allocation Failure) 222M->143M(289M) 2.485ms
[87.393s][info][gc] GC(1556) Pause Young (Allocation Failure) 223M->142M(289M) 1.892ms
[87.424s][info][gc] GC(1557) Pause Young (Allocation Failure) 222M->144M(289M) 2.291ms
[87.452s][info][gc] GC(1558) Pause Young (Allocation Failure) 224M->145M(289M) 2.391ms
[87.482s][info][gc] GC(1559) Pause Young (Allocation Failure) 225M->145M(289M) 2.106ms
[87.514s][info][gc] GC(1560) Pause Young (Allocation Failure) 225M->146M(289M) 2.276ms
[87.541s][info][gc] GC(1561) Pause Young (Allocation Failure) 226M->147M(289M) 2.426ms
[87.575s][info][gc] GC(1562) Pause Young (Allocation Failure) 227M->147M(289M) 2.541ms
[87.611s][info][gc] GC(1563) Pause Young (Allocation Failure) 227M->148M(289M) 2.383ms
[87.641s][info][gc] GC(1564) Pause Young (Allocation Failure) 228M->149M(289M) 2.712ms
[87.675s][info][gc] GC(1565) Pause Young (Allocation Failure) 229M->148M(289M) 1.999ms
[87.711s][info][gc] GC(1566) Pause Young (Allocation Failure) 228M->151M(289M) 2.460ms
[87.740s][info][gc] GC(1567) Pause Young (Allocation Failure) 230M->151M(289M) 2.595ms
[87.769s][info][gc] GC(1568) Pause Young (Allocation Failure) 231M->151M(289M) 2.291ms
[87.800s][info][gc] GC(1569) Pause Young (Allocation Failure) 231M->152M(289M) 2.139ms
[87.828s][info][gc] GC(1570) Pause Young (Allocation Failure) 232M->153M(289M) 2.417ms
[87.857s][info][gc] GC(1571) Pause Young (Allocation Failure) 233M->153M(289M) 2.367ms
[87.889s][info][gc] GC(1572) Pause Young (Allocation Failure) 233M->154M(289M) 2.330ms
[87.916s][info][gc] GC(1573) Pause Young (Allocation Failure) 234M->155M(289M) 2.309ms
[87.947s][info][gc] GC(1574) Pause Young (Allocation Failure) 234M->155M(289M) 2.154ms
[87.975s][info][gc] GC(1575) Pause Young (Allocation Failure) 235M->155M(289M) 1.997ms
[88.005s][info][gc] GC(1576) Pause Young (Allocation Failure) 235M->157M(289M) 2.532ms
[88.036s][info][gc] GC(1577) Pause Young (Allocation Failure) 236M->158M(289M) 2.747ms
[88.065s][info][gc] GC(1578) Pause Young (Allocation Failure) 237M->158M(289M) 2.412ms
[88.093s][info][gc] GC(1579) Pause Young (Allocation Failure) 238M->159M(289M) 2.338ms
[88.121s][info][gc] GC(1580) Pause Young (Allocation Failure) 239M->159M(289M) 2.092ms
[88.153s][info][gc] GC(1581) Pause Young (Allocation Failure) 239M->160M(289M) 2.351ms
[88.182s][info][gc] GC(1582) Pause Young (Allocation Failure) 240M->161M(289M) 2.567ms
[88.211s][info][gc] GC(1583) Pause Young (Allocation Failure) 241M->161M(289M) 2.163ms
[88.243s][info][gc] GC(1584) Pause Young (Allocation Failure) 241M->162M(289M) 2.383ms
[88.272s][info][gc] GC(1585) Pause Young (Allocation Failure) 242M->162M(289M) 2.485ms
[88.301s][info][gc] GC(1586) Pause Young (Allocation Failure) 242M->163M(289M) 2.211ms
[88.332s][info][gc] GC(1587) Pause Young (Allocation Failure) 243M->164M(289M) 2.297ms
[88.361s][info][gc] GC(1588) Pause Young (Allocation Failure) 244M->164M(289M) 2.419ms
[88.392s][info][gc] GC(1589) Pause Young (Allocation Failure) 244M->165M(289M) 2.199ms
[88.425s][info][gc] GC(1590) Pause Young (Allocation Failure) 244M->166M(289M) 2.345ms
[88.454s][info][gc] GC(1591) Pause Young (Allocation Failure) 246M->166M(289M) 2.506ms
[88.484s][info][gc] GC(1592) Pause Young (Allocation Failure) 246M->167M(289M) 2.228ms
[88.512s][info][gc] GC(1593) Pause Young (Allocation Failure) 246M->167M(289M) 2.093ms
[88.541s][info][gc] GC(1594) Pause Young (Allocation Failure) 247M->168M(289M) 2.237ms
[88.573s][info][gc] GC(1595) Pause Young (Allocation Failure) 248M->169M(289M) 2.618ms
[88.603s][info][gc] GC(1596) Pause Young (Allocation Failure) 248M->169M(289M) 2.286ms
[88.631s][info][gc] GC(1597) Pause Young (Allocation Failure) 249M->169M(289M) 2.092ms
[88.662s][info][gc] GC(1598) Pause Young (Allocation Failure) 249M->170M(289M) 2.250ms
[88.692s][info][gc] GC(1599) Pause Young (Allocation Failure) 250M->171M(289M) 2.531ms
[88.722s][info][gc] GC(1600) Pause Young (Allocation Failure) 251M->172M(289M) 2.567ms
[88.753s][info][gc] GC(1601) Pause Young (Allocation Failure) 252M->172M(289M) 2.222ms
[88.784s][info][gc] GC(1602) Pause Young (Allocation Failure) 252M->173M(289M) 2.308ms
[88.813s][info][gc] GC(1603) Pause Young (Allocation Failure) 253M->173M(289M) 2.539ms
[88.842s][info][gc] GC(1604) Pause Young (Allocation Failure) 253M->174M(289M) 2.447ms
[88.873s][info][gc] GC(1605) Pause Young (Allocation Failure) 254M->175M(289M) 2.482ms
[88.904s][info][gc] GC(1606) Pause Young (Allocation Failure) 255M->176M(289M) 2.448ms
[88.932s][info][gc] GC(1607) Pause Young (Allocation Failure) 256M->176M(289M) 2.264ms
[88.965s][info][gc] GC(1608) Pause Young (Allocation Failure) 256M->177M(289M) 2.601ms
[88.995s][info][gc] GC(1609) Pause Young (Allocation Failure) 257M->177M(289M) 2.281ms
[89.026s][info][gc] GC(1610) Pause Young (Allocation Failure) 257M->178M(289M) 2.372ms
[89.054s][info][gc] GC(1611) Pause Young (Allocation Failure) 258M->179M(289M) 2.362ms
[89.084s][info][gc] GC(1612) Pause Young (Allocation Failure) 259M->179M(289M) 2.354ms
[89.114s][info][gc] GC(1613) Pause Young (Allocation Failure) 259M->180M(289M) 2.093ms
[89.144s][info][gc] GC(1614) Pause Young (Allocation Failure) 259M->181M(289M) 2.482ms
[89.172s][info][gc] GC(1615) Pause Young (Allocation Failure) 261M->181M(289M) 2.567ms
[89.202s][info][gc] GC(1616) Pause Young (Allocation Failure) 261M->181M(289M) 2.127ms
[89.231s][info][gc] GC(1617) Pause Young (Allocation Failure) 261M->182M(289M) 2.074ms
[89.260s][info][gc] GC(1618) Pause Young (Allocation Failure) 262M->183M(289M) 2.394ms
[89.292s][info][gc] GC(1619) Pause Young (Allocation Failure) 263M->184M(289M) 2.523ms
[89.322s][info][gc] GC(1620) Pause Young (Allocation Failure) 264M->185M(289M) 2.293ms
[89.349s][info][gc] GC(1621) Pause Young (Allocation Failure) 265M->185M(289M) 2.320ms
[89.385s][info][gc] GC(1622) Pause Young (Allocation Failure) 265M->186M(289M) 2.355ms
[89.416s][info][gc] GC(1623) Pause Young (Allocation Failure) 266M->187M(289M) 2.429ms
[89.443s][info][gc] GC(1624) Pause Young (Allocation Failure) 267M->187M(289M) 2.176ms
[89.477s][info][gc] GC(1625) Pause Young (Allocation Failure) 266M->187M(289M) 2.238ms
[89.509s][info][gc] GC(1626) Pause Young (Allocation Failure) 267M->188M(289M) 2.580ms
[89.539s][info][gc] GC(1627) Pause Young (Allocation Failure) 268M->189M(289M) 2.634ms
[89.573s][info][gc] GC(1628) Pause Young (Allocation Failure) 269M->190M(289M) 2.385ms
[89.601s][info][gc] GC(1629) Pause Young (Allocation Failure) 270M->190M(289M) 2.314ms
[89.629s][info][gc] GC(1630) Pause Young (Allocation Failure) 270M->191M(289M) 2.168ms
[89.662s][info][gc] GC(1631) Pause Young (Allocation Failure) 271M->191M(289M) 2.205ms
[89.690s][info][gc] GC(1632) Pause Young (Allocation Failure) 271M->192M(289M) 2.212ms
[89.719s][info][gc] GC(1633) Pause Young (Allocation Failure) 272M->193M(289M) 2.590ms
[89.754s][info][gc] GC(1634) Pause Young (Allocation Failure) 273M->193M(289M) 2.385ms
[89.783s][info][gc] GC(1635) Pause Young (Allocation Failure) 273M->194M(289M) 2.397ms
[89.812s][info][gc] GC(1636) Pause Young (Allocation Failure) 274M->195M(289M) 2.468ms
[89.845s][info][gc] GC(1637) Pause Young (Allocation Failure) 275M->195M(289M) 2.294ms
[89.875s][info][gc] GC(1638) Pause Young (Allocation Failure) 275M->196M(289M) 2.351ms
[89.903s][info][gc] GC(1639) Pause Young (Allocation Failure) 276M->197M(289M) 2.651ms
[89.936s][info][gc] GC(1640) Pause Young (Allocation Failure) 276M->196M(289M) 2.173ms
[89.967s][info][gc] GC(1641) Pause Young (Allocation Failure) 276M->198M(289M) 2.289ms
[89.997s][info][gc] GC(1642) Pause Young (Allocation Failure) 278M->199M(289M) 2.663ms
[90.028s][info][gc] GC(1643) Pause Young (Allocation Failure) 279M->198M(289M) 2.004ms
[90.060s][info][gc] GC(1644) Pause Young (Allocation Failure) 278M->200M(289M) 2.299ms
[90.088s][info][gc] GC(1645) Pause Young (Allocation Failure) 279M->200M(289M) 2.639ms
[90.119s][info][gc] GC(1646) Pause Young (Allocation Failure) 280M->200M(289M) 2.010ms
[90.151s][info][gc] GC(1647) Pause Young (Allocation Failure) 280M->201M(289M) 2.255ms
[90.179s][info][gc] GC(1648) Pause Young (Allocation Failure) 281M->202M(289M) 2.492ms
[90.208s][info][gc] GC(1649) Pause Young (Allocation Failure) 282M->202M(289M) 1.964ms
[90.241s][info][gc] GC(1650) Pause Young (Allocation Failure) 281M->203M(289M) 2.287ms
[90.270s][info][gc] GC(1651) Pause Young (Allocation Failure) 283M->204M(289M) 2.545ms
[90.299s][info][gc] GC(1652) Pause Young (Allocation Failure) 284M->203M(289M) 2.094ms
[90.358s][info][gc] GC(1653) Pause Full (Allocation Failure) 203M->102M(289M) 58.625ms
[90.395s][info][gc] GC(1654) Pause Young (Allocation Failure) 182M->105M(289M) 1.507ms
[90.420s][info][gc] GC(1655) Pause Young (Allocation Failure) 185M->105M(289M) 1.516ms
[90.450s][info][gc] GC(1656) Pause Young (Allocation Failure) 185M->106M(289M) 1.780ms
[90.480s][info][gc] GC(1657) Pause Young (Allocation Failure) 186M->108M(289M) 2.172ms
[90.511s][info][gc] GC(1658) Pause Young (Allocation Failure) 187M->109M(289M) 2.605ms
[90.539s][info][gc] GC(1659) Pause Young (Allocation Failure) 189M->108M(289M) 2.221ms
[90.574s][info][gc] GC(1660) Pause Young (Allocation Failure) 188M->110M(289M) 2.239ms
[90.602s][info][gc] GC(1661) Pause Young (Allocation Failure) 190M->111M(289M) 2.599ms
[90.630s][info][gc] GC(1662) Pause Young (Allocation Failure) 190M->110M(289M) 1.995ms
[90.660s][info][gc] GC(1663) Pause Young (Allocation Failure) 190M->111M(289M) 2.187ms
[90.690s][info][gc] GC(1664) Pause Young (Allocation Failure) 191M->112M(289M) 2.482ms
[90.719s][info][gc] GC(1665) Pause Young (Allocation Failure) 192M->112M(289M) 2.345ms
[90.752s][info][gc] GC(1666) Pause Young (Allocation Failure) 192M->113M(289M) 2.181ms
[90.780s][info][gc] GC(1667) Pause Young (Allocation Failure) 193M->115M(289M) 2.561ms
[90.806s][info][gc] GC(1668) Pause Young (Allocation Failure) 195M->114M(289M) 2.156ms
[90.839s][info][gc] GC(1669) Pause Young (Allocation Failure) 194M->116M(289M) 2.370ms
[90.869s][info][gc] GC(1670) Pause Young (Allocation Failure) 195M->116M(289M) 2.631ms
[90.895s][info][gc] GC(1671) Pause Young (Allocation Failure) 196M->116M(289M) 2.035ms
[90.929s][info][gc] GC(1672) Pause Young (Allocation Failure) 196M->117M(289M) 2.214ms
[90.957s][info][gc] GC(1673) Pause Young (Allocation Failure) 197M->118M(289M) 2.515ms
[90.983s][info][gc] GC(1674) Pause Young (Allocation Failure) 198M->118M(289M) 2.074ms
[91.018s][info][gc] GC(1675) Pause Young (Allocation Failure) 198M->120M(289M) 2.417ms
[91.046s][info][gc] GC(1676) Pause Young (Allocation Failure) 199M->120M(289M) 2.423ms
[91.073s][info][gc] GC(1677) Pause Young (Allocation Failure) 200M->120M(289M) 2.049ms
[91.110s][info][gc] GC(1678) Pause Young (Allocation Failure) 200M->121M(289M) 2.234ms
[91.138s][info][gc] GC(1679) Pause Young (Allocation Failure) 201M->122M(289M) 2.397ms
[91.164s][info][gc] GC(1680) Pause Young (Allocation Failure) 202M->122M(289M) 2.043ms
[91.198s][info][gc] GC(1681) Pause Young (Allocation Failure) 202M->123M(289M) 2.416ms
[91.226s][info][gc] GC(1682) Pause Young (Allocation Failure) 203M->124M(289M) 2.519ms
[91.253s][info][gc] GC(1683) Pause Young (Allocation Failure) 204M->125M(289M) 2.322ms
[91.288s][info][gc] GC(1684) Pause Young (Allocation Failure) 204M->126M(289M) 2.409ms
[91.314s][info][gc] GC(1685) Pause Young (Allocation Failure) 206M->126M(289M) 2.555ms
[91.341s][info][gc] GC(1686) Pause Young (Allocation Failure) 206M->126M(289M) 2.103ms
[91.375s][info][gc] GC(1687) Pause Young (Allocation Failure) 206M->127M(289M) 2.195ms
[91.404s][info][gc] GC(1688) Pause Young (Allocation Failure) 207M->128M(289M) 2.627ms
[91.433s][info][gc] GC(1689) Pause Young (Allocation Failure) 208M->128M(289M) 2.173ms
[91.464s][info][gc] GC(1690) Pause Young (Allocation Failure) 208M->129M(289M) 2.200ms
[91.495s][info][gc] GC(1691) Pause Young (Allocation Failure) 209M->131M(289M) 2.654ms
[91.521s][info][gc] GC(1692) Pause Young (Allocation Failure) 210M->130M(289M) 2.394ms
[91.554s][info][gc] GC(1693) Pause Young (Allocation Failure) 210M->132M(289M) 2.499ms
[91.582s][info][gc] GC(1694) Pause Young (Allocation Failure) 212M->132M(289M) 2.421ms
[91.611s][info][gc] GC(1695) Pause Young (Allocation Failure) 212M->133M(289M) 2.302ms
[91.644s][info][gc] GC(1696) Pause Young (Allocation Failure) 213M->134M(289M) 2.398ms
[91.674s][info][gc] GC(1697) Pause Young (Allocation Failure) 213M->134M(289M) 2.248ms
[91.701s][info][gc] GC(1698) Pause Young (Allocation Failure) 214M->135M(289M) 2.152ms
[91.735s][info][gc] GC(1699) Pause Young (Allocation Failure) 215M->135M(289M) 2.437ms
[91.763s][info][gc] GC(1700) Pause Young (Allocation Failure) 215M->136M(289M) 2.404ms
[91.788s][info][gc] GC(1701) Pause Young (Allocation Failure) 216M->136M(289M) 2.186ms
[91.845s][info][gc] GC(1702) Pause Young (Allocation Failure) 216M->135M(289M) 1.533ms
[91.974s][info][gc] GC(1703) Pause Young (Allocation Failure) 215M->135M(289M) 1.231ms
[92.205s][info][gc] GC(1704) Pause Young (Allocation Failure) 215M->139M(289M) 2.773ms
[92.236s][info][gc] GC(1705) Pause Young (Allocation Failure) 219M->141M(289M) 3.258ms
[92.262s][info][gc] GC(1706) Pause Young (Allocation Failure) 221M->141M(289M) 2.474ms
[92.292s][info][gc] GC(1707) Pause Young (Allocation Failure) 221M->143M(289M) 1.742ms
[92.323s][info][gc] GC(1708) Pause Young (Allocation Failure) 223M->145M(289M) 2.378ms
[92.349s][info][gc] GC(1709) Pause Young (Allocation Failure) 225M->145M(289M) 2.413ms
[92.382s][info][gc] GC(1710) Pause Young (Allocation Failure) 225M->145M(289M) 1.933ms
[92.411s][info][gc] GC(1711) Pause Young (Allocation Failure) 225M->147M(289M) 2.385ms
[92.440s][info][gc] GC(1712) Pause Young (Allocation Failure) 226M->147M(289M) 2.774ms
[92.467s][info][gc] GC(1713) Pause Young (Allocation Failure) 227M->146M(289M) 1.808ms
[92.500s][info][gc] GC(1714) Pause Young (Allocation Failure) 226M->148M(289M) 2.279ms
[92.528s][info][gc] GC(1715) Pause Young (Allocation Failure) 228M->149M(289M) 2.543ms
[92.556s][info][gc] GC(1716) Pause Young (Allocation Failure) 229M->148M(289M) 1.776ms
[92.589s][info][gc] GC(1717) Pause Young (Allocation Failure) 228M->150M(289M) 2.340ms
[92.616s][info][gc] GC(1718) Pause Young (Allocation Failure) 230M->151M(289M) 2.499ms
[92.645s][info][gc] GC(1719) Pause Young (Allocation Failure) 231M->151M(289M) 2.009ms
[92.677s][info][gc] GC(1720) Pause Young (Allocation Failure) 231M->152M(289M) 2.285ms
[92.706s][info][gc] GC(1721) Pause Young (Allocation Failure) 232M->153M(289M) 2.406ms
[92.734s][info][gc] GC(1722) Pause Young (Allocation Failure) 233M->153M(289M) 2.250ms
[92.765s][info][gc] GC(1723) Pause Young (Allocation Failure) 233M->154M(289M) 2.276ms
[92.794s][info][gc] GC(1724) Pause Young (Allocation Failure) 234M->155M(289M) 2.409ms
[92.823s][info][gc] GC(1725) Pause Young (Allocation Failure) 235M->155M(289M) 2.137ms
[92.858s][info][gc] GC(1726) Pause Young (Allocation Failure) 235M->157M(289M) 2.481ms
[92.886s][info][gc] GC(1727) Pause Young (Allocation Failure) 237M->157M(289M) 2.757ms
[92.916s][info][gc] GC(1728) Pause Young (Allocation Failure) 237M->158M(289M) 2.064ms
[92.946s][info][gc] GC(1729) Pause Young (Allocation Failure) 238M->159M(289M) 2.293ms
[92.976s][info][gc] GC(1730) Pause Young (Allocation Failure) 239M->160M(289M) 2.516ms
[93.007s][info][gc] GC(1731) Pause Young (Allocation Failure) 240M->160M(289M) 2.425ms
[93.037s][info][gc] GC(1732) Pause Young (Allocation Failure) 240M->161M(289M) 2.167ms
[93.065s][info][gc] GC(1733) Pause Young (Allocation Failure) 240M->162M(289M) 2.481ms
[93.095s][info][gc] GC(1734) Pause Young (Allocation Failure) 241M->162M(289M) 2.388ms
[93.125s][info][gc] GC(1735) Pause Young (Allocation Failure) 241M->162M(289M) 2.196ms
[93.153s][info][gc] GC(1736) Pause Young (Allocation Failure) 242M->163M(289M) 2.495ms
[93.183s][info][gc] GC(1737) Pause Young (Allocation Failure) 243M->163M(289M) 2.249ms
[93.215s][info][gc] GC(1738) Pause Young (Allocation Failure) 243M->164M(289M) 2.263ms
[93.244s][info][gc] GC(1739) Pause Young (Allocation Failure) 244M->165M(289M) 2.632ms
[93.275s][info][gc] GC(1740) Pause Young (Allocation Failure) 245M->165M(289M) 2.146ms
[93.307s][info][gc] GC(1741) Pause Young (Allocation Failure) 245M->167M(289M) 2.364ms
[93.335s][info][gc] GC(1742) Pause Young (Allocation Failure) 247M->167M(289M) 2.394ms
[93.365s][info][gc] GC(1743) Pause Young (Allocation Failure) 247M->167M(289M) 2.129ms
[93.398s][info][gc] GC(1744) Pause Young (Allocation Failure) 247M->169M(289M) 2.343ms
[93.427s][info][gc] GC(1745) Pause Young (Allocation Failure) 248M->169M(289M) 2.420ms
[93.456s][info][gc] GC(1746) Pause Young (Allocation Failure) 249M->169M(289M) 2.070ms
[93.491s][info][gc] GC(1747) Pause Young (Allocation Failure) 248M->170M(289M) 2.370ms
[93.521s][info][gc] GC(1748) Pause Young (Allocation Failure) 250M->171M(289M) 2.630ms
[93.547s][info][gc] GC(1749) Pause Young (Allocation Failure) 251M->170M(289M) 1.868ms
[93.582s][info][gc] GC(1750) Pause Young (Allocation Failure) 250M->172M(289M) 2.368ms
[93.611s][info][gc] GC(1751) Pause Young (Allocation Failure) 252M->173M(289M) 2.501ms
[93.637s][info][gc] GC(1752) Pause Young (Allocation Failure) 253M->173M(289M) 1.768ms
[93.674s][info][gc] GC(1753) Pause Young (Allocation Failure) 253M->174M(289M) 1.911ms
[93.710s][info][gc] GC(1754) Pause Young (Allocation Failure) 254M->173M(289M) 1.627ms
[93.989s][info][gc] GC(1755) Pause Young (Allocation Failure) 253M->177M(289M) 3.131ms
[94.014s][info][gc] GC(1756) Pause Young (Allocation Failure) 257M->178M(289M) 3.051ms
[94.044s][info][gc] GC(1757) Pause Young (Allocation Failure) 257M->178M(289M) 2.510ms
[94.076s][info][gc] GC(1758) Pause Young (Allocation Failure) 258M->181M(289M) 2.074ms
[94.103s][info][gc] GC(1759) Pause Young (Allocation Failure) 260M->181M(289M) 2.234ms
[94.131s][info][gc] GC(1760) Pause Young (Allocation Failure) 261M->182M(289M) 2.376ms
[94.162s][info][gc] GC(1761) Pause Young (Allocation Failure) 262M->182M(289M) 2.160ms
[94.190s][info][gc] GC(1762) Pause Young (Allocation Failure) 262M->183M(289M) 2.196ms
[94.220s][info][gc] GC(1763) Pause Young (Allocation Failure) 263M->184M(289M) 2.631ms
[94.253s][info][gc] GC(1764) Pause Young (Allocation Failure) 264M->184M(289M) 2.270ms
[94.281s][info][gc] GC(1765) Pause Young (Allocation Failure) 264M->186M(289M) 2.365ms
[94.309s][info][gc] GC(1766) Pause Young (Allocation Failure) 265M->186M(289M) 2.479ms
[94.339s][info][gc] GC(1767) Pause Young (Allocation Failure) 266M->188M(289M) 1.917ms
[94.369s][info][gc] GC(1768) Pause Young (Allocation Failure) 268M->189M(289M) 2.382ms
[94.397s][info][gc] GC(1769) Pause Young (Allocation Failure) 269M->190M(289M) 2.432ms
[94.427s][info][gc] GC(1770) Pause Young (Allocation Failure) 270M->190M(289M) 2.099ms
[94.459s][info][gc] GC(1771) Pause Young (Allocation Failure) 270M->191M(289M) 2.304ms
[94.485s][info][gc] GC(1772) Pause Young (Allocation Failure) 271M->192M(289M) 2.493ms
[94.515s][info][gc] GC(1773) Pause Young (Allocation Failure) 272M->192M(289M) 2.079ms
[94.545s][info][gc] GC(1774) Pause Young (Allocation Failure) 272M->193M(289M) 2.189ms
[94.574s][info][gc] GC(1775) Pause Young (Allocation Failure) 273M->194M(289M) 2.491ms
[94.605s][info][gc] GC(1776) Pause Young (Allocation Failure) 274M->194M(289M) 2.257ms
[94.632s][info][gc] GC(1777) Pause Young (Allocation Failure) 274M->194M(289M) 2.013ms
[94.662s][info][gc] GC(1778) Pause Young (Allocation Failure) 274M->195M(289M) 2.491ms
[94.693s][info][gc] GC(1779) Pause Young (Allocation Failure) 275M->195M(289M) 2.353ms
[94.723s][info][gc] GC(1780) Pause Young (Allocation Failure) 275M->197M(289M) 2.281ms
[94.751s][info][gc] GC(1781) Pause Young (Allocation Failure) 277M->197M(289M) 2.325ms
[94.786s][info][gc] GC(1782) Pause Young (Allocation Failure) 277M->198M(289M) 2.413ms
[94.815s][info][gc] GC(1783) Pause Young (Allocation Failure) 278M->199M(289M) 2.739ms
[94.844s][info][gc] GC(1784) Pause Young (Allocation Failure) 279M->199M(289M) 2.277ms
[94.876s][info][gc] GC(1785) Pause Young (Allocation Failure) 279M->200M(289M) 2.399ms
[94.907s][info][gc] GC(1786) Pause Young (Allocation Failure) 280M->201M(289M) 2.456ms
[94.937s][info][gc] GC(1787) Pause Young (Allocation Failure) 281M->201M(289M) 2.484ms
[94.968s][info][gc] GC(1788) Pause Young (Allocation Failure) 281M->202M(289M) 2.408ms
[94.998s][info][gc] GC(1789) Pause Young (Allocation Failure) 282M->202M(289M) 2.269ms
[95.027s][info][gc] GC(1790) Pause Young (Allocation Failure) 282M->203M(289M) 2.423ms
[95.059s][info][gc] GC(1791) Pause Young (Allocation Failure) 283M->203M(289M) 2.249ms
[95.087s][info][gc] GC(1792) Pause Young (Allocation Failure) 283M->204M(289M) 2.367ms
[95.117s][info][gc] GC(1793) Pause Young (Allocation Failure) 284M->205M(289M) 2.643ms
[95.155s][info][gc] GC(1794) Pause Full (Allocation Failure) 205M->62M(289M) 37.191ms
[95.186s][info][gc] GC(1795) Pause Young (Allocation Failure) 142M->65M(289M) 1.401ms
[95.214s][info][gc] GC(1796) Pause Young (Allocation Failure) 144M->66M(289M) 1.803ms
[95.243s][info][gc] GC(1797) Pause Young (Allocation Failure) 146M->67M(289M) 2.002ms
[95.275s][info][gc] GC(1798) Pause Young (Allocation Failure) 147M->67M(289M) 2.171ms
[95.305s][info][gc] GC(1799) Pause Young (Allocation Failure) 147M->68M(289M) 2.129ms
[95.333s][info][gc] GC(1800) Pause Young (Allocation Failure) 148M->69M(289M) 2.473ms
[95.363s][info][gc] GC(1801) Pause Young (Allocation Failure) 149M->69M(289M) 2.254ms
[95.394s][info][gc] GC(1802) Pause Young (Allocation Failure) 149M->70M(289M) 2.254ms
[95.424s][info][gc] GC(1803) Pause Young (Allocation Failure) 150M->71M(289M) 2.765ms
[95.454s][info][gc] GC(1804) Pause Young (Allocation Failure) 151M->70M(289M) 2.091ms
[95.483s][info][gc] GC(1805) Pause Young (Allocation Failure) 150M->71M(289M) 2.134ms
[95.514s][info][gc] GC(1806) Pause Young (Allocation Failure) 151M->72M(289M) 2.076ms
[95.782s][info][gc] GC(1807) Pause Young (Allocation Failure) 151M->72M(289M) 1.893ms
[95.820s][info][gc] GC(1808) Pause Young (Allocation Failure) 152M->75M(289M) 3.128ms
[95.848s][info][gc] GC(1809) Pause Young (Allocation Failure) 155M->75M(289M) 2.970ms
[95.874s][info][gc] GC(1810) Pause Young (Allocation Failure) 155M->75M(289M) 1.572ms
[95.910s][info][gc] GC(1811) Pause Young (Allocation Failure) 155M->78M(289M) 2.488ms
[95.938s][info][gc] GC(1812) Pause Young (Allocation Failure) 158M->78M(289M) 2.497ms
[95.963s][info][gc] GC(1813) Pause Young (Allocation Failure) 158M->78M(289M) 1.924ms
[95.999s][info][gc] GC(1814) Pause Young (Allocation Failure) 158M->80M(289M) 2.503ms
[96.026s][info][gc] GC(1815) Pause Young (Allocation Failure) 160M->80M(289M) 2.459ms
[96.050s][info][gc] GC(1816) Pause Young (Allocation Failure) 160M->80M(289M) 1.947ms
[96.085s][info][gc] GC(1817) Pause Young (Allocation Failure) 160M->82M(289M) 2.359ms
[96.113s][info][gc] GC(1818) Pause Young (Allocation Failure) 162M->82M(289M) 2.332ms
[96.138s][info][gc] GC(1819) Pause Young (Allocation Failure) 162M->83M(289M) 1.942ms
[96.175s][info][gc] GC(1820) Pause Young (Allocation Failure) 162M->84M(289M) 2.621ms
[96.203s][info][gc] GC(1821) Pause Young (Allocation Failure) 164M->85M(289M) 2.478ms
[96.230s][info][gc] GC(1822) Pause Young (Allocation Failure) 164M->84M(289M) 1.974ms
[96.264s][info][gc] GC(1823) Pause Young (Allocation Failure) 164M->86M(289M) 2.342ms
[96.293s][info][gc] GC(1824) Pause Young (Allocation Failure) 166M->87M(289M) 2.520ms
[96.318s][info][gc] GC(1825) Pause Young (Allocation Failure) 167M->86M(289M) 1.891ms
[96.354s][info][gc] GC(1826) Pause Young (Allocation Failure) 166M->88M(289M) 2.507ms
[96.381s][info][gc] GC(1827) Pause Young (Allocation Failure) 168M->88M(289M) 2.428ms
[96.407s][info][gc] GC(1828) Pause Young (Allocation Failure) 168M->89M(289M) 1.816ms
[96.442s][info][gc] GC(1829) Pause Young (Allocation Failure) 169M->91M(289M) 2.468ms
[96.469s][info][gc] GC(1830) Pause Young (Allocation Failure) 170M->90M(289M) 2.340ms
[96.494s][info][gc] GC(1831) Pause Young (Allocation Failure) 170M->91M(289M) 2.121ms
[96.530s][info][gc] GC(1832) Pause Young (Allocation Failure) 171M->92M(289M) 2.646ms
[96.558s][info][gc] GC(1833) Pause Young (Allocation Failure) 172M->93M(289M) 2.520ms
[96.584s][info][gc] GC(1834) Pause Young (Allocation Failure) 173M->93M(289M) 2.117ms
[96.619s][info][gc] GC(1835) Pause Young (Allocation Failure) 173M->94M(289M) 2.476ms
[96.647s][info][gc] GC(1836) Pause Young (Allocation Failure) 174M->94M(289M) 2.397ms
[96.675s][info][gc] GC(1837) Pause Young (Allocation Failure) 174M->95M(289M) 2.192ms
[96.708s][info][gc] GC(1838) Pause Young (Allocation Failure) 175M->96M(289M) 2.259ms
[96.737s][info][gc] GC(1839) Pause Young (Allocation Failure) 176M->97M(289M) 2.641ms
[96.764s][info][gc] GC(1840) Pause Young (Allocation Failure) 177M->97M(289M) 2.077ms
[96.798s][info][gc] GC(1841) Pause Young (Allocation Failure) 176M->98M(289M) 2.479ms
[96.826s][info][gc] GC(1842) Pause Young (Allocation Failure) 178M->99M(289M) 2.566ms
[96.854s][info][gc] GC(1843) Pause Young (Allocation Failure) 178M->98M(289M) 2.182ms
[96.889s][info][gc] GC(1844) Pause Young (Allocation Failure) 178M->100M(289M) 2.480ms
[96.916s][info][gc] GC(1845) Pause Young (Allocation Failure) 180M->100M(289M) 2.457ms
[96.944s][info][gc] GC(1846) Pause Young (Allocation Failure) 180M->101M(289M) 2.204ms
[96.976s][info][gc] GC(1847) Pause Young (Allocation Failure) 180M->101M(289M) 2.222ms
[97.005s][info][gc] GC(1848) Pause Young (Allocation Failure) 181M->102M(289M) 2.343ms
[97.034s][info][gc] GC(1849) Pause Young (Allocation Failure) 182M->102M(289M) 2.103ms
[97.065s][info][gc] GC(1850) Pause Young (Allocation Failure) 182M->103M(289M) 2.115ms
[97.095s][info][gc] GC(1851) Pause Young (Allocation Failure) 183M->104M(289M) 2.454ms
[97.123s][info][gc] GC(1852) Pause Young (Allocation Failure) 184M->104M(289M) 2.331ms
[97.154s][info][gc] GC(1853) Pause Young (Allocation Failure) 184M->104M(289M) 2.078ms
[97.183s][info][gc] GC(1854) Pause Young (Allocation Failure) 184M->106M(289M) 2.361ms
[97.210s][info][gc] GC(1855) Pause Young (Allocation Failure) 185M->106M(289M) 2.271ms
[97.243s][info][gc] GC(1856) Pause Young (Allocation Failure) 186M->106M(289M) 1.882ms
[97.278s][info][gc] GC(1857) Pause Young (Allocation Failure) 186M->106M(289M) 1.938ms
[97.549s][info][gc] GC(1858) Pause Young (Allocation Failure) 186M->109M(289M) 2.728ms
[97.590s][info][gc] GC(1859) Pause Young (Allocation Failure) 189M->112M(289M) 3.685ms
[97.619s][info][gc] GC(1860) Pause Young (Allocation Failure) 192M->112M(289M) 2.941ms
[97.646s][info][gc] GC(1861) Pause Young (Allocation Failure) 192M->112M(289M) 1.494ms
[97.679s][info][gc] GC(1862) Pause Young (Allocation Failure) 192M->115M(289M) 2.355ms
[97.706s][info][gc] GC(1863) Pause Young (Allocation Failure) 195M->116M(289M) 2.593ms
[97.732s][info][gc] GC(1864) Pause Young (Allocation Failure) 195M->114M(289M) 1.932ms
[97.768s][info][gc] GC(1865) Pause Young (Allocation Failure) 194M->117M(289M) 2.395ms
[97.797s][info][gc] GC(1866) Pause Young (Allocation Failure) 197M->117M(289M) 2.522ms
[97.822s][info][gc] GC(1867) Pause Young (Allocation Failure) 197M->116M(289M) 1.804ms
[97.859s][info][gc] GC(1868) Pause Young (Allocation Failure) 196M->119M(289M) 2.601ms
[97.886s][info][gc] GC(1869) Pause Young (Allocation Failure) 199M->119M(289M) 2.522ms
[97.911s][info][gc] GC(1870) Pause Young (Allocation Failure) 199M->119M(289M) 1.709ms
[97.948s][info][gc] GC(1871) Pause Young (Allocation Failure) 199M->121M(289M) 2.512ms
[97.975s][info][gc] GC(1872) Pause Young (Allocation Failure) 201M->122M(289M) 2.479ms
[98.000s][info][gc] GC(1873) Pause Young (Allocation Failure) 202M->122M(289M) 1.698ms
[98.036s][info][gc] GC(1874) Pause Young (Allocation Failure) 202M->123M(289M) 2.502ms
[98.064s][info][gc] GC(1875) Pause Young (Allocation Failure) 203M->124M(289M) 2.462ms
[98.090s][info][gc] GC(1876) Pause Young (Allocation Failure) 204M->124M(289M) 2.183ms
[98.124s][info][gc] GC(1877) Pause Young (Allocation Failure) 204M->125M(289M) 2.353ms
[98.152s][info][gc] GC(1878) Pause Young (Allocation Failure) 205M->126M(289M) 2.424ms
[98.177s][info][gc] GC(1879) Pause Young (Allocation Failure) 205M->126M(289M) 2.076ms
[98.213s][info][gc] GC(1880) Pause Young (Allocation Failure) 206M->127M(289M) 2.603ms
[98.242s][info][gc] GC(1881) Pause Young (Allocation Failure) 207M->128M(289M) 2.620ms
[98.268s][info][gc] GC(1882) Pause Young (Allocation Failure) 208M->128M(289M) 2.097ms
[98.303s][info][gc] GC(1883) Pause Young (Allocation Failure) 208M->129M(289M) 2.575ms
[98.330s][info][gc] GC(1884) Pause Young (Allocation Failure) 209M->130M(289M) 2.429ms
[98.356s][info][gc] GC(1885) Pause Young (Allocation Failure) 210M->130M(289M) 2.064ms
[98.390s][info][gc] GC(1886) Pause Young (Allocation Failure) 210M->131M(289M) 2.476ms
[98.417s][info][gc] GC(1887) Pause Young (Allocation Failure) 211M->131M(289M) 2.391ms
[98.443s][info][gc] GC(1888) Pause Young (Allocation Failure) 211M->131M(289M) 2.012ms
[98.480s][info][gc] GC(1889) Pause Young (Allocation Failure) 211M->133M(289M) 2.426ms
[98.510s][info][gc] GC(1890) Pause Young (Allocation Failure) 213M->133M(289M) 2.423ms
[98.540s][info][gc] GC(1891) Pause Young (Allocation Failure) 213M->133M(289M) 1.980ms
[98.575s][info][gc] GC(1892) Pause Young (Allocation Failure) 213M->134M(289M) 2.092ms
[98.605s][info][gc] GC(1893) Pause Young (Allocation Failure) 214M->136M(289M) 2.586ms
[98.636s][info][gc] GC(1894) Pause Young (Allocation Failure) 215M->135M(289M) 2.515ms
[98.665s][info][gc] GC(1895) Pause Young (Allocation Failure) 215M->136M(289M) 2.141ms
[98.698s][info][gc] GC(1896) Pause Young (Allocation Failure) 216M->137M(289M) 2.580ms
[98.734s][info][gc] GC(1897) Pause Young (Allocation Failure) 217M->138M(289M) 2.615ms
[98.771s][info][gc] GC(1898) Pause Young (Allocation Failure) 217M->138M(289M) 2.294ms
[98.810s][info][gc] GC(1899) Pause Young (Allocation Failure) 218M->139M(289M) 2.543ms
[98.845s][info][gc] GC(1900) Pause Young (Allocation Failure) 219M->140M(289M) 2.578ms
[98.875s][info][gc] GC(1901) Pause Young (Allocation Failure) 220M->140M(289M) 2.109ms
[98.904s][info][gc] GC(1902) Pause Young (Allocation Failure) 220M->141M(289M) 2.142ms
[98.933s][info][gc] GC(1903) Pause Young (Allocation Failure) 221M->141M(289M) 2.041ms
[98.962s][info][gc] GC(1904) Pause Young (Allocation Failure) 221M->142M(289M) 2.238ms
[98.996s][info][gc] GC(1905) Pause Young (Allocation Failure) 222M->144M(289M) 2.852ms
[99.023s][info][gc] GC(1906) Pause Young (Allocation Failure) 223M->144M(289M) 2.354ms
[99.056s][info][gc] GC(1907) Pause Young (Allocation Failure) 223M->144M(289M) 2.228ms
[99.086s][info][gc] GC(1908) Pause Young (Allocation Failure) 224M->146M(289M) 2.589ms
[99.112s][info][gc] GC(1909) Pause Young (Allocation Failure) 225M->145M(289M) 2.209ms
[99.144s][info][gc] GC(1910) Pause Young (Allocation Failure) 225M->146M(289M) 2.096ms
[99.174s][info][gc] GC(1911) Pause Young (Allocation Failure) 226M->147M(289M) 2.519ms
[99.204s][info][gc] GC(1912) Pause Young (Allocation Failure) 227M->148M(289M) 2.650ms
[99.233s][info][gc] GC(1913) Pause Young (Allocation Failure) 228M->148M(289M) 1.995ms
[99.263s][info][gc] GC(1914) Pause Young (Allocation Failure) 228M->149M(289M) 2.257ms
[99.291s][info][gc] GC(1915) Pause Young (Allocation Failure) 229M->150M(289M) 2.506ms
[99.323s][info][gc] GC(1916) Pause Young (Allocation Failure) 230M->150M(289M) 2.201ms
[99.355s][info][gc] GC(1917) Pause Young (Allocation Failure) 230M->152M(289M) 2.621ms
[99.383s][info][gc] GC(1918) Pause Young (Allocation Failure) 232M->152M(289M) 2.544ms
[99.412s][info][gc] GC(1919) Pause Young (Allocation Failure) 231M->153M(289M) 1.947ms
[99.442s][info][gc] GC(1920) Pause Young (Allocation Failure) 233M->154M(289M) 2.185ms
[99.469s][info][gc] GC(1921) Pause Young (Allocation Failure) 234M->155M(289M) 2.372ms
[99.501s][info][gc] GC(1922) Pause Young (Allocation Failure) 234M->156M(289M) 2.598ms
[99.531s][info][gc] GC(1923) Pause Young (Allocation Failure) 236M->156M(289M) 2.360ms
[99.557s][info][gc] GC(1924) Pause Young (Allocation Failure) 236M->156M(289M) 2.225ms
[99.589s][info][gc] GC(1925) Pause Young (Allocation Failure) 236M->157M(289M) 2.302ms
[99.620s][info][gc] GC(1926) Pause Young (Allocation Failure) 237M->158M(289M) 2.368ms
[99.646s][info][gc] GC(1927) Pause Young (Allocation Failure) 238M->158M(289M) 2.263ms
[99.680s][info][gc] GC(1928) Pause Young (Allocation Failure) 238M->160M(289M) 2.488ms
[99.707s][info][gc] GC(1929) Pause Young (Allocation Failure) 239M->159M(289M) 2.017ms
[99.736s][info][gc] GC(1930) Pause Young (Allocation Failure) 239M->160M(289M) 2.322ms
[99.768s][info][gc] GC(1931) Pause Young (Allocation Failure) 240M->161M(289M) 2.473ms
[99.800s][info][gc] GC(1932) Pause Young (Allocation Failure) 241M->161M(289M) 2.363ms
[99.829s][info][gc] GC(1933) Pause Young (Allocation Failure) 241M->162M(289M) 2.388ms
[99.865s][info][gc] GC(1934) Pause Young (Allocation Failure) 242M->163M(289M) 2.764ms
[99.894s][info][gc] GC(1935) Pause Young (Allocation Failure) 243M->163M(289M) 2.454ms
[99.923s][info][gc] GC(1936) Pause Young (Allocation Failure) 243M->164M(289M) 2.239ms
[99.959s][info][gc] GC(1937) Pause Young (Allocation Failure) 244M->165M(289M) 2.725ms
[99.989s][info][gc] GC(1938) Pause Young (Allocation Failure) 245M->166M(289M) 2.616ms
[100.019s][info][gc] GC(1939) Pause Young (Allocation Failure) 245M->166M(289M) 2.394ms
[100.051s][info][gc] GC(1940) Pause Young (Allocation Failure) 246M->167M(289M) 2.301ms
[100.082s][info][gc] GC(1941) Pause Young (Allocation Failure) 247M->168M(289M) 2.354ms
[100.111s][info][gc] GC(1942) Pause Young (Allocation Failure) 247M->168M(289M) 2.318ms
[100.140s][info][gc] GC(1943) Pause Young (Allocation Failure) 248M->168M(289M) 2.359ms
[100.171s][info][gc] GC(1944) Pause Young (Allocation Failure) 248M->169M(289M) 2.152ms
[100.201s][info][gc] GC(1945) Pause Young (Allocation Failure) 249M->170M(289M) 2.435ms
[100.236s][info][gc] GC(1946) Pause Young (Allocation Failure) 250M->171M(289M) 2.694ms
[100.265s][info][gc] GC(1947) Pause Young (Allocation Failure) 251M->171M(289M) 2.472ms
[100.296s][info][gc] GC(1948) Pause Young (Allocation Failure) 251M->171M(289M) 2.124ms
[100.327s][info][gc] GC(1949) Pause Young (Allocation Failure) 251M->172M(289M) 2.078ms
[100.358s][info][gc] GC(1950) Pause Young (Allocation Failure) 252M->173M(289M) 2.416ms
[100.386s][info][gc] GC(1951) Pause Young (Allocation Failure) 253M->173M(289M) 2.413ms
[100.418s][info][gc] GC(1952) Pause Young (Allocation Failure) 253M->174M(289M) 2.335ms
[100.450s][info][gc] GC(1953) Pause Young (Allocation Failure) 254M->175M(289M) 2.555ms
[100.478s][info][gc] GC(1954) Pause Young (Allocation Failure) 255M->176M(289M) 2.334ms
[100.508s][info][gc] GC(1955) Pause Young (Allocation Failure) 256M->176M(289M) 2.253ms
[100.537s][info][gc] GC(1956) Pause Young (Allocation Failure) 256M->177M(289M) 2.143ms
[100.567s][info][gc] GC(1957) Pause Young (Allocation Failure) 256M->178M(289M) 2.422ms
[100.596s][info][gc] GC(1958) Pause Young (Allocation Failure) 257M->178M(289M) 2.532ms
[100.627s][info][gc] GC(1959) Pause Young (Allocation Failure) 258M->179M(289M) 2.259ms
[100.659s][info][gc] GC(1960) Pause Young (Allocation Failure) 259M->179M(289M) 2.245ms
[100.689s][info][gc] GC(1961) Pause Young (Allocation Failure) 259M->180M(289M) 2.588ms
[100.715s][info][gc] GC(1962) Pause Young (Allocation Failure) 260M->180M(289M) 2.172ms
[100.748s][info][gc] GC(1963) Pause Young (Allocation Failure) 260M->181M(289M) 2.255ms
[100.777s][info][gc] GC(1964) Pause Young (Allocation Failure) 261M->182M(289M) 2.503ms
[100.806s][info][gc] GC(1965) Pause Young (Allocation Failure) 262M->183M(289M) 2.308ms
[100.836s][info][gc] GC(1966) Pause Young (Allocation Failure) 262M->183M(289M) 2.198ms
[100.868s][info][gc] GC(1967) Pause Young (Allocation Failure) 263M->184M(289M) 2.726ms
[100.897s][info][gc] GC(1968) Pause Young (Allocation Failure) 264M->185M(289M) 2.277ms
[100.927s][info][gc] GC(1969) Pause Young (Allocation Failure) 265M->185M(289M) 2.244ms
[100.958s][info][gc] GC(1970) Pause Young (Allocation Failure) 265M->186M(289M) 2.394ms
[100.985s][info][gc] GC(1971) Pause Young (Allocation Failure) 266M->186M(289M) 2.252ms
[101.015s][info][gc] GC(1972) Pause Young (Allocation Failure) 266M->187M(289M) 2.215ms
[101.045s][info][gc] GC(1973) Pause Young (Allocation Failure) 267M->188M(289M) 2.227ms
[101.076s][info][gc] GC(1974) Pause Young (Allocation Failure) 268M->188M(289M) 2.459ms
[101.104s][info][gc] GC(1975) Pause Young (Allocation Failure) 268M->189M(289M) 2.291ms
[101.133s][info][gc] GC(1976) Pause Young (Allocation Failure) 269M->190M(289M) 2.158ms
[101.164s][info][gc] GC(1977) Pause Young (Allocation Failure) 269M->191M(289M) 2.593ms
[101.192s][info][gc] GC(1978) Pause Young (Allocation Failure) 271M->191M(289M) 2.396ms
[101.224s][info][gc] GC(1979) Pause Young (Allocation Failure) 271M->192M(289M) 2.318ms
[101.253s][info][gc] GC(1980) Pause Young (Allocation Failure) 271M->193M(289M) 2.434ms
[101.280s][info][gc] GC(1981) Pause Young (Allocation Failure) 272M->192M(289M) 2.132ms
[101.310s][info][gc] GC(1982) Pause Young (Allocation Failure) 272M->193M(289M) 2.101ms
[101.342s][info][gc] GC(1983) Pause Young (Allocation Failure) 273M->195M(289M) 2.602ms
[101.370s][info][gc] GC(1984) Pause Young (Allocation Failure) 274M->195M(289M) 2.530ms
[101.401s][info][gc] GC(1985) Pause Young (Allocation Failure) 275M->195M(289M) 2.252ms
[101.430s][info][gc] GC(1986) Pause Young (Allocation Failure) 275M->196M(289M) 2.186ms
[101.459s][info][gc] GC(1987) Pause Young (Allocation Failure) 276M->197M(289M) 2.207ms
[101.490s][info][gc] GC(1988) Pause Young (Allocation Failure) 276M->197M(289M) 2.549ms
[101.521s][info][gc] GC(1989) Pause Young (Allocation Failure) 277M->198M(289M) 2.667ms
[101.549s][info][gc] GC(1990) Pause Young (Allocation Failure) 278M->199M(289M) 2.255ms
[101.580s][info][gc] GC(1991) Pause Young (Allocation Failure) 278M->199M(289M) 2.273ms
[101.608s][info][gc] GC(1992) Pause Young (Allocation Failure) 279M->199M(289M) 2.224ms
[101.638s][info][gc] GC(1993) Pause Young (Allocation Failure) 279M->200M(289M) 2.355ms
[101.669s][info][gc] GC(1994) Pause Young (Allocation Failure) 280M->201M(289M) 2.400ms
[101.698s][info][gc] GC(1995) Pause Young (Allocation Failure) 281M->202M(289M) 2.234ms
[101.728s][info][gc] GC(1996) Pause Young (Allocation Failure) 282M->203M(289M) 2.607ms
[101.757s][info][gc] GC(1997) Pause Young (Allocation Failure) 283M->202M(289M) 2.153ms
[101.788s][info][gc] GC(1998) Pause Young (Allocation Failure) 282M->203M(289M) 2.318ms
[101.816s][info][gc] GC(1999) Pause Young (Allocation Failure) 283M->204M(289M) 2.432ms
[101.887s][info][gc] GC(2000) Pause Full (Allocation Failure) 204M->128M(311M) 70.770ms
[101.918s][info][gc] GC(2001) Pause Young (Allocation Failure) 214M->131M(311M) 1.329ms
[101.951s][info][gc] GC(2002) Pause Young (Allocation Failure) 217M->133M(311M) 1.966ms
[101.981s][info][gc] GC(2003) Pause Young (Allocation Failure) 219M->134M(311M) 2.328ms
[102.015s][info][gc] GC(2004) Pause Young (Allocation Failure) 220M->134M(311M) 2.308ms
[102.048s][info][gc] GC(2005) Pause Young (Allocation Failure) 220M->135M(311M) 2.702ms
[102.076s][info][gc] GC(2006) Pause Young (Allocation Failure) 221M->136M(311M) 2.545ms
[102.108s][info][gc] GC(2007) Pause Young (Allocation Failure) 222M->136M(311M) 2.326ms
[102.139s][info][gc] GC(2008) Pause Young (Allocation Failure) 222M->137M(311M) 2.442ms
[102.171s][info][gc] GC(2009) Pause Young (Allocation Failure) 223M->137M(311M) 2.351ms
[102.231s][info][gc] GC(2010) Pause Young (Allocation Failure) 223M->136M(311M) 1.639ms
[102.454s][info][gc] GC(2011) Pause Young (Allocation Failure) 222M->136M(311M) 1.528ms
[102.587s][info][gc] GC(2012) Pause Young (Allocation Failure) 222M->142M(311M) 3.709ms
[102.615s][info][gc] GC(2013) Pause Young (Allocation Failure) 228M->143M(311M) 3.829ms
[102.639s][info][gc] GC(2014) Pause Young (Allocation Failure) 229M->144M(311M) 1.404ms
[102.672s][info][gc] GC(2015) Pause Young (Allocation Failure) 230M->147M(311M) 2.449ms
[102.700s][info][gc] GC(2016) Pause Young (Allocation Failure) 233M->148M(311M) 2.788ms
[102.726s][info][gc] GC(2017) Pause Young (Allocation Failure) 234M->148M(311M) 2.455ms
[102.757s][info][gc] GC(2018) Pause Young (Allocation Failure) 234M->150M(311M) 2.042ms
[102.789s][info][gc] GC(2019) Pause Young (Allocation Failure) 236M->152M(311M) 2.568ms
[102.817s][info][gc] GC(2020) Pause Young (Allocation Failure) 238M->153M(311M) 3.291ms
[102.848s][info][gc] GC(2021) Pause Young (Allocation Failure) 239M->153M(311M) 2.538ms
[102.883s][info][gc] GC(2022) Pause Young (Allocation Failure) 239M->154M(311M) 2.933ms
[102.909s][info][gc] GC(2023) Pause Young (Allocation Failure) 240M->155M(311M) 2.633ms
[102.938s][info][gc] GC(2024) Pause Young (Allocation Failure) 241M->155M(311M) 2.397ms
[102.968s][info][gc] GC(2025) Pause Young (Allocation Failure) 241M->156M(311M) 2.440ms
[102.998s][info][gc] GC(2026) Pause Young (Allocation Failure) 242M->157M(311M) 2.847ms
[103.026s][info][gc] GC(2027) Pause Young (Allocation Failure) 243M->157M(311M) 2.583ms
[103.057s][info][gc] GC(2028) Pause Young (Allocation Failure) 243M->159M(311M) 2.471ms
[103.086s][info][gc] GC(2029) Pause Young (Allocation Failure) 245M->159M(311M) 2.692ms
[103.113s][info][gc] GC(2030) Pause Young (Allocation Failure) 245M->160M(311M) 2.338ms
[103.144s][info][gc] GC(2031) Pause Young (Allocation Failure) 246M->161M(311M) 2.474ms
[103.174s][info][gc] GC(2032) Pause Young (Allocation Failure) 247M->161M(311M) 2.601ms
[103.203s][info][gc] GC(2033) Pause Young (Allocation Failure) 247M->163M(311M) 2.944ms
[103.232s][info][gc] GC(2034) Pause Young (Allocation Failure) 249M->163M(311M) 2.582ms
[103.260s][info][gc] GC(2035) Pause Young (Allocation Failure) 249M->163M(311M) 2.314ms
[103.290s][info][gc] GC(2036) Pause Young (Allocation Failure) 249M->165M(311M) 2.443ms
[103.317s][info][gc] GC(2037) Pause Young (Allocation Failure) 251M->165M(311M) 2.584ms
[103.350s][info][gc] GC(2038) Pause Young (Allocation Failure) 251M->167M(311M) 2.632ms
[103.377s][info][gc] GC(2039) Pause Young (Allocation Failure) 253M->167M(311M) 2.903ms
[103.406s][info][gc] GC(2040) Pause Young (Allocation Failure) 253M->168M(311M) 2.526ms
[103.433s][info][gc] GC(2041) Pause Young (Allocation Failure) 254M->168M(311M) 2.219ms
[103.463s][info][gc] GC(2042) Pause Young (Allocation Failure) 254M->169M(311M) 2.360ms
[103.493s][info][gc] GC(2043) Pause Young (Allocation Failure) 255M->170M(311M) 2.837ms
[103.521s][info][gc] GC(2044) Pause Young (Allocation Failure) 256M->170M(311M) 2.234ms
[103.551s][info][gc] GC(2045) Pause Young (Allocation Failure) 256M->172M(311M) 2.522ms
[103.582s][info][gc] GC(2046) Pause Young (Allocation Failure) 258M->172M(311M) 2.913ms
[103.611s][info][gc] GC(2047) Pause Young (Allocation Failure) 258M->173M(311M) 2.661ms
[103.642s][info][gc] GC(2048) Pause Young (Allocation Failure) 259M->174M(311M) 2.655ms
[103.675s][info][gc] GC(2049) Pause Young (Allocation Failure) 260M->175M(311M) 2.990ms
[103.701s][info][gc] GC(2050) Pause Young (Allocation Failure) 261M->176M(311M) 2.690ms
[103.733s][info][gc] GC(2051) Pause Young (Allocation Failure) 262M->177M(311M) 2.405ms
[103.766s][info][gc] GC(2052) Pause Young (Allocation Failure) 263M->179M(311M) 2.893ms
[103.794s][info][gc] GC(2053) Pause Young (Allocation Failure) 265M->179M(311M) 2.561ms
[103.824s][info][gc] GC(2054) Pause Young (Allocation Failure) 265M->180M(311M) 2.620ms
[103.856s][info][gc] GC(2055) Pause Young (Allocation Failure) 266M->181M(311M) 2.829ms
[103.885s][info][gc] GC(2056) Pause Young (Allocation Failure) 267M->182M(311M) 2.801ms
[103.912s][info][gc] GC(2057) Pause Young (Allocation Failure) 268M->182M(311M) 2.114ms
[103.967s][info][gc] GC(2058) Pause Young (Allocation Failure) 268M->181M(311M) 1.483ms
[104.277s][info][gc] GC(2059) Pause Young (Allocation Failure) 267M->186M(311M) 3.464ms
[104.302s][info][gc] GC(2060) Pause Young (Allocation Failure) 272M->186M(311M) 3.277ms
[104.329s][info][gc] GC(2061) Pause Young (Allocation Failure) 272M->187M(311M) 1.467ms
[104.357s][info][gc] GC(2062) Pause Young (Allocation Failure) 273M->189M(311M) 1.756ms
[104.390s][info][gc] GC(2063) Pause Young (Allocation Failure) 275M->191M(311M) 2.698ms
[104.418s][info][gc] GC(2064) Pause Young (Allocation Failure) 277M->192M(311M) 2.990ms
[104.443s][info][gc] GC(2065) Pause Young (Allocation Failure) 278M->193M(311M) 1.967ms
[104.479s][info][gc] GC(2066) Pause Young (Allocation Failure) 279M->195M(311M) 2.852ms
[104.506s][info][gc] GC(2067) Pause Young (Allocation Failure) 281M->196M(311M) 2.882ms
[104.532s][info][gc] GC(2068) Pause Young (Allocation Failure) 282M->196M(311M) 2.159ms
[104.565s][info][gc] GC(2069) Pause Young (Allocation Failure) 282M->197M(311M) 2.478ms
[104.592s][info][gc] GC(2070) Pause Young (Allocation Failure) 283M->197M(311M) 2.645ms
[104.620s][info][gc] GC(2071) Pause Young (Allocation Failure) 283M->198M(311M) 2.381ms
[104.650s][info][gc] GC(2072) Pause Young (Allocation Failure) 284M->198M(311M) 2.100ms
[104.682s][info][gc] GC(2073) Pause Young (Allocation Failure) 284M->200M(311M) 2.929ms
[104.710s][info][gc] GC(2074) Pause Young (Allocation Failure) 286M->201M(311M) 3.216ms
[104.736s][info][gc] GC(2075) Pause Young (Allocation Failure) 287M->201M(311M) 1.784ms
[104.771s][info][gc] GC(2076) Pause Young (Allocation Failure) 287M->204M(311M) 2.707ms
[104.797s][info][gc] GC(2077) Pause Young (Allocation Failure) 290M->204M(311M) 2.738ms
[104.825s][info][gc] GC(2078) Pause Young (Allocation Failure) 290M->205M(311M) 2.018ms
[104.858s][info][gc] GC(2079) Pause Young (Allocation Failure) 291M->206M(311M) 2.284ms
[104.890s][info][gc] GC(2080) Pause Young (Allocation Failure) 292M->207M(311M) 2.999ms
[104.918s][info][gc] GC(2081) Pause Young (Allocation Failure) 293M->208M(311M) 3.249ms
[104.950s][info][gc] GC(2082) Pause Young (Allocation Failure) 294M->208M(311M) 2.521ms
[104.983s][info][gc] GC(2083) Pause Young (Allocation Failure) 294M->210M(311M) 2.701ms
[105.011s][info][gc] GC(2084) Pause Young (Allocation Failure) 296M->211M(311M) 3.108ms
[105.042s][info][gc] GC(2085) Pause Young (Allocation Failure) 297M->212M(311M) 2.215ms
[105.073s][info][gc] GC(2086) Pause Young (Allocation Failure) 298M->214M(311M) 2.728ms
[105.102s][info][gc] GC(2087) Pause Young (Allocation Failure) 300M->215M(311M) 2.993ms
[105.131s][info][gc] GC(2088) Pause Young (Allocation Failure) 301M->214M(311M) 2.410ms
[105.163s][info][gc] GC(2089) Pause Young (Allocation Failure) 300M->215M(311M) 2.338ms
[105.193s][info][gc] GC(2090) Pause Young (Allocation Failure) 301M->217M(311M) 2.904ms
[105.221s][info][gc] GC(2091) Pause Young (Allocation Failure) 303M->216M(311M) 2.774ms
[105.252s][info][gc] GC(2092) Pause Young (Allocation Failure) 302M->218M(311M) 2.437ms
[105.284s][info][gc] GC(2093) Pause Young (Allocation Failure) 304M->219M(311M) 2.842ms
[105.312s][info][gc] GC(2094) Pause Young (Allocation Failure) 305M->219M(311M) 2.796ms
[105.341s][info][gc] GC(2095) Pause Young (Allocation Failure) 305M->219M(311M) 2.254ms
[105.375s][info][gc] GC(2096) Pause Young (Allocation Failure) 305M->221M(311M) 2.698ms
[105.404s][info][gc] GC(2097) Pause Young (Allocation Failure) 307M->222M(313M) 3.022ms
[105.443s][info][gc] GC(2098) Pause Full (Allocation Failure) 222M->69M(311M) 39.184ms
[105.470s][info][gc] GC(2099) Pause Young (Allocation Failure) 155M->72M(311M) 1.303ms
[105.501s][info][gc] GC(2100) Pause Young (Allocation Failure) 158M->74M(311M) 2.101ms
[105.529s][info][gc] GC(2101) Pause Young (Allocation Failure) 160M->76M(311M) 2.358ms
[105.557s][info][gc] GC(2102) Pause Young (Allocation Failure) 162M->76M(311M) 2.467ms
[105.585s][info][gc] GC(2103) Pause Young (Allocation Failure) 162M->76M(311M) 2.323ms
[105.616s][info][gc] GC(2104) Pause Young (Allocation Failure) 162M->78M(311M) 2.572ms
[105.642s][info][gc] GC(2105) Pause Young (Allocation Failure) 164M->78M(311M) 2.600ms
[105.673s][info][gc] GC(2106) Pause Young (Allocation Failure) 164M->78M(311M) 2.019ms
[105.832s][info][gc] GC(2107) Pause Young (Allocation Failure) 164M->76M(311M) 1.393ms
[106.011s][info][gc] GC(2108) Pause Young (Allocation Failure) 162M->82M(311M) 3.238ms
[106.039s][info][gc] GC(2109) Pause Young (Allocation Failure) 168M->82M(311M) 3.375ms
[106.066s][info][gc] GC(2110) Pause Young (Allocation Failure) 168M->83M(311M) 2.771ms
[106.103s][info][gc] GC(2111) Pause Young (Allocation Failure) 169M->86M(311M) 2.495ms
[106.128s][info][gc] GC(2112) Pause Young (Allocation Failure) 172M->87M(311M) 2.645ms
[106.156s][info][gc] GC(2113) Pause Young (Allocation Failure) 173M->88M(311M) 2.532ms
[106.185s][info][gc] GC(2114) Pause Young (Allocation Failure) 174M->89M(311M) 1.824ms
[106.215s][info][gc] GC(2115) Pause Young (Allocation Failure) 175M->92M(311M) 2.550ms
[106.243s][info][gc] GC(2116) Pause Young (Allocation Failure) 178M->92M(311M) 2.821ms
[106.272s][info][gc] GC(2117) Pause Young (Allocation Failure) 178M->92M(311M) 2.370ms
[106.306s][info][gc] GC(2118) Pause Young (Allocation Failure) 178M->95M(311M) 2.875ms
[106.332s][info][gc] GC(2119) Pause Young (Allocation Failure) 181M->94M(311M) 2.662ms
[106.360s][info][gc] GC(2120) Pause Young (Allocation Failure) 180M->96M(311M) 2.233ms
[106.394s][info][gc] GC(2121) Pause Young (Allocation Failure) 182M->97M(311M) 2.673ms
[106.422s][info][gc] GC(2122) Pause Young (Allocation Failure) 183M->98M(311M) 2.563ms
[106.450s][info][gc] GC(2123) Pause Young (Allocation Failure) 184M->98M(311M) 2.511ms
[106.479s][info][gc] GC(2124) Pause Young (Allocation Failure) 184M->98M(311M) 2.187ms
[106.510s][info][gc] GC(2125) Pause Young (Allocation Failure) 184M->100M(311M) 2.628ms
[106.537s][info][gc] GC(2126) Pause Young (Allocation Failure) 186M->101M(311M) 2.790ms
[106.566s][info][gc] GC(2127) Pause Young (Allocation Failure) 187M->101M(311M) 2.453ms
[106.599s][info][gc] GC(2128) Pause Young (Allocation Failure) 187M->103M(311M) 2.678ms
[106.625s][info][gc] GC(2129) Pause Young (Allocation Failure) 189M->103M(311M) 2.844ms
[106.653s][info][gc] GC(2130) Pause Young (Allocation Failure) 189M->104M(311M) 2.047ms
[106.686s][info][gc] GC(2131) Pause Young (Allocation Failure) 190M->106M(311M) 2.675ms
[106.713s][info][gc] GC(2132) Pause Young (Allocation Failure) 192M->107M(311M) 2.843ms
[106.740s][info][gc] GC(2133) Pause Young (Allocation Failure) 193M->107M(311M) 2.315ms
[106.775s][info][gc] GC(2134) Pause Young (Allocation Failure) 193M->108M(311M) 2.715ms
[106.806s][info][gc] GC(2135) Pause Young (Allocation Failure) 194M->109M(311M) 2.762ms
[106.833s][info][gc] GC(2136) Pause Young (Allocation Failure) 195M->109M(311M) 2.408ms
[106.866s][info][gc] GC(2137) Pause Young (Allocation Failure) 195M->111M(311M) 2.676ms
[106.894s][info][gc] GC(2138) Pause Young (Allocation Failure) 197M->111M(311M) 2.737ms
[106.922s][info][gc] GC(2139) Pause Young (Allocation Failure) 197M->112M(311M) 2.594ms
[106.953s][info][gc] GC(2140) Pause Young (Allocation Failure) 198M->113M(311M) 2.749ms
[106.984s][info][gc] GC(2141) Pause Young (Allocation Failure) 199M->114M(311M) 2.877ms
[107.011s][info][gc] GC(2142) Pause Young (Allocation Failure) 200M->114M(311M) 2.522ms
[107.041s][info][gc] GC(2143) Pause Young (Allocation Failure) 200M->114M(311M) 2.287ms
[107.073s][info][gc] GC(2144) Pause Young (Allocation Failure) 200M->116M(311M) 2.648ms
[107.102s][info][gc] GC(2145) Pause Young (Allocation Failure) 202M->117M(311M) 3.030ms
[107.128s][info][gc] GC(2146) Pause Young (Allocation Failure) 203M->117M(311M) 2.399ms
[107.162s][info][gc] GC(2147) Pause Young (Allocation Failure) 203M->118M(311M) 2.526ms
[107.192s][info][gc] GC(2148) Pause Young (Allocation Failure) 204M->119M(311M) 2.764ms
[107.218s][info][gc] GC(2149) Pause Young (Allocation Failure) 205M->120M(311M) 2.533ms
[107.249s][info][gc] GC(2150) Pause Young (Allocation Failure) 206M->121M(311M) 2.667ms
[107.279s][info][gc] GC(2151) Pause Young (Allocation Failure) 207M->122M(311M) 2.475ms
[107.308s][info][gc] GC(2152) Pause Young (Allocation Failure) 208M->123M(311M) 2.875ms
[107.339s][info][gc] GC(2153) Pause Young (Allocation Failure) 209M->123M(311M) 2.335ms
[107.387s][info][gc] GC(2154) Pause Young (Allocation Failure) 209M->121M(311M) 1.571ms
[107.671s][info][gc] GC(2155) Pause Young (Allocation Failure) 207M->128M(311M) 3.901ms
[107.702s][info][gc] GC(2156) Pause Young (Allocation Failure) 214M->128M(311M) 3.889ms
[107.735s][info][gc] GC(2157) Pause Young (Allocation Failure) 214M->130M(311M) 1.578ms
[107.767s][info][gc] GC(2158) Pause Young (Allocation Failure) 216M->130M(311M) 1.641ms
[107.806s][info][gc] GC(2159) Pause Young (Allocation Failure) 216M->133M(311M) 2.585ms
[107.841s][info][gc] GC(2160) Pause Young (Allocation Failure) 219M->134M(311M) 2.944ms
[107.873s][info][gc] GC(2161) Pause Young (Allocation Failure) 220M->134M(311M) 2.276ms
[107.918s][info][gc] GC(2162) Pause Young (Allocation Failure) 220M->135M(311M) 2.570ms
[107.953s][info][gc] GC(2163) Pause Young (Allocation Failure) 221M->137M(311M) 3.262ms
[107.986s][info][gc] GC(2164) Pause Young (Allocation Failure) 223M->137M(311M) 2.695ms
[108.025s][info][gc] GC(2165) Pause Young (Allocation Failure) 223M->138M(311M) 2.591ms
[108.063s][info][gc] GC(2166) Pause Young (Allocation Failure) 224M->139M(311M) 2.981ms
[108.095s][info][gc] GC(2167) Pause Young (Allocation Failure) 225M->140M(311M) 3.012ms
[108.131s][info][gc] GC(2168) Pause Young (Allocation Failure) 226M->141M(311M) 2.074ms
[108.170s][info][gc] GC(2169) Pause Young (Allocation Failure) 227M->143M(311M) 2.618ms
[108.203s][info][gc] GC(2170) Pause Young (Allocation Failure) 229M->143M(311M) 2.965ms
[108.235s][info][gc] GC(2171) Pause Young (Allocation Failure) 229M->145M(311M) 2.112ms
[108.273s][info][gc] GC(2172) Pause Young (Allocation Failure) 231M->147M(311M) 2.709ms
[108.301s][info][gc] GC(2173) Pause Young (Allocation Failure) 233M->147M(311M) 2.684ms
[108.331s][info][gc] GC(2174) Pause Young (Allocation Failure) 233M->148M(311M) 2.112ms
[108.366s][info][gc] GC(2175) Pause Young (Allocation Failure) 234M->148M(311M) 2.309ms
[108.403s][info][gc] GC(2176) Pause Young (Allocation Failure) 234M->150M(311M) 2.891ms
[108.434s][info][gc] GC(2177) Pause Young (Allocation Failure) 236M->151M(311M) 2.802ms
[108.469s][info][gc] GC(2178) Pause Young (Allocation Failure) 237M->151M(311M) 2.446ms
[108.505s][info][gc] GC(2179) Pause Young (Allocation Failure) 237M->153M(311M) 2.650ms
[108.535s][info][gc] GC(2180) Pause Young (Allocation Failure) 239M->153M(311M) 2.893ms
[108.566s][info][gc] GC(2181) Pause Young (Allocation Failure) 239M->154M(311M) 1.837ms
[108.603s][info][gc] GC(2182) Pause Young (Allocation Failure) 240M->156M(311M) 2.405ms
[108.636s][info][gc] GC(2183) Pause Young (Allocation Failure) 242M->157M(311M) 2.803ms
[108.667s][info][gc] GC(2184) Pause Young (Allocation Failure) 243M->158M(311M) 2.605ms
[108.700s][info][gc] GC(2185) Pause Young (Allocation Failure) 244M->158M(311M) 2.390ms
[108.736s][info][gc] GC(2186) Pause Young (Allocation Failure) 244M->160M(311M) 2.702ms
[108.766s][info][gc] GC(2187) Pause Young (Allocation Failure) 246M->160M(311M) 2.587ms
[108.801s][info][gc] GC(2188) Pause Young (Allocation Failure) 246M->160M(311M) 2.443ms
[108.835s][info][gc] GC(2189) Pause Young (Allocation Failure) 246M->162M(311M) 2.515ms
[108.867s][info][gc] GC(2190) Pause Young (Allocation Failure) 248M->163M(311M) 2.913ms
[108.897s][info][gc] GC(2191) Pause Young (Allocation Failure) 249M->163M(311M) 2.308ms
[108.936s][info][gc] GC(2192) Pause Young (Allocation Failure) 249M->165M(311M) 2.767ms
[108.968s][info][gc] GC(2193) Pause Young (Allocation Failure) 251M->165M(311M) 2.790ms
[109.000s][info][gc] GC(2194) Pause Young (Allocation Failure) 251M->166M(311M) 1.961ms
[109.036s][info][gc] GC(2195) Pause Young (Allocation Failure) 252M->167M(311M) 2.504ms
[109.069s][info][gc] GC(2196) Pause Young (Allocation Failure) 253M->168M(311M) 2.725ms
[109.100s][info][gc] GC(2197) Pause Young (Allocation Failure) 254M->169M(311M) 2.741ms
[109.134s][info][gc] GC(2198) Pause Young (Allocation Failure) 255M->169M(311M) 2.185ms
[109.171s][info][gc] GC(2199) Pause Young (Allocation Failure) 255M->171M(311M) 2.750ms
[109.203s][info][gc] GC(2200) Pause Young (Allocation Failure) 257M->172M(311M) 3.058ms
[109.235s][info][gc] GC(2201) Pause Young (Allocation Failure) 258M->173M(311M) 2.109ms
[109.268s][info][gc] GC(2202) Pause Young (Allocation Failure) 259M->174M(311M) 2.585ms
[109.301s][info][gc] GC(2203) Pause Young (Allocation Failure) 260M->175M(311M) 2.961ms
[109.331s][info][gc] GC(2204) Pause Young (Allocation Failure) 261M->176M(311M) 2.414ms
[109.370s][info][gc] GC(2205) Pause Young (Allocation Failure) 262M->177M(311M) 2.782ms
[109.403s][info][gc] GC(2206) Pause Young (Allocation Failure) 263M->178M(311M) 3.061ms
[109.432s][info][gc] GC(2207) Pause Young (Allocation Failure) 264M->179M(311M) 2.106ms
[109.467s][info][gc] GC(2208) Pause Young (Allocation Failure) 265M->179M(311M) 2.436ms
[109.501s][info][gc] GC(2209) Pause Young (Allocation Failure) 265M->180M(311M) 2.527ms
[109.531s][info][gc] GC(2210) Pause Young (Allocation Failure) 266M->181M(311M) 2.829ms
[109.563s][info][gc] GC(2211) Pause Young (Allocation Failure) 267M->181M(311M) 2.245ms
[109.601s][info][gc] GC(2212) Pause Young (Allocation Failure) 267M->183M(311M) 2.786ms
[109.633s][info][gc] GC(2213) Pause Young (Allocation Failure) 269M->184M(311M) 2.834ms
[109.660s][info][gc] GC(2214) Pause Young (Allocation Failure) 270M->184M(311M) 1.893ms
[109.698s][info][gc] GC(2215) Pause Young (Allocation Failure) 270M->186M(311M) 2.522ms
[109.728s][info][gc] GC(2216) Pause Young (Allocation Failure) 272M->187M(311M) 2.603ms
[109.761s][info][gc] GC(2217) Pause Young (Allocation Failure) 273M->188M(311M) 2.537ms
[109.794s][info][gc] GC(2218) Pause Young (Allocation Failure) 274M->188M(311M) 2.433ms
[109.829s][info][gc] GC(2219) Pause Young (Allocation Failure) 274M->189M(311M) 2.635ms
[109.862s][info][gc] GC(2220) Pause Young (Allocation Failure) 275M->190M(311M) 2.833ms
[109.893s][info][gc] GC(2221) Pause Young (Allocation Failure) 276M->190M(311M) 2.379ms
[109.934s][info][gc] GC(2222) Pause Young (Allocation Failure) 276M->193M(311M) 2.826ms
[109.963s][info][gc] GC(2223) Pause Young (Allocation Failure) 279M->193M(311M) 2.865ms
[109.997s][info][gc] GC(2224) Pause Young (Allocation Failure) 279M->194M(311M) 2.272ms
[110.038s][info][gc] GC(2225) Pause Young (Allocation Failure) 280M->195M(311M) 3.274ms
[110.072s][info][gc] GC(2226) Pause Young (Allocation Failure) 281M->196M(311M) 2.759ms
[110.101s][info][gc] GC(2227) Pause Young (Allocation Failure) 282M->196M(311M) 2.413ms
[110.139s][info][gc] GC(2228) Pause Young (Allocation Failure) 282M->196M(311M) 2.648ms
[110.174s][info][gc] GC(2229) Pause Young (Allocation Failure) 282M->198M(311M) 2.984ms
[110.207s][info][gc] GC(2230) Pause Young (Allocation Failure) 284M->199M(311M) 2.981ms
[110.238s][info][gc] GC(2231) Pause Young (Allocation Failure) 285M->200M(311M) 2.019ms
[110.276s][info][gc] GC(2232) Pause Young (Allocation Failure) 286M->202M(311M) 2.667ms
[110.307s][info][gc] GC(2233) Pause Young (Allocation Failure) 288M->203M(311M) 2.893ms
[110.340s][info][gc] GC(2234) Pause Young (Allocation Failure) 289M->204M(311M) 2.229ms
[110.380s][info][gc] GC(2235) Pause Young (Allocation Failure) 290M->205M(311M) 2.824ms
[110.410s][info][gc] GC(2236) Pause Young (Allocation Failure) 291M->206M(311M) 2.574ms
[110.444s][info][gc] GC(2237) Pause Young (Allocation Failure) 292M->206M(311M) 2.490ms
[110.478s][info][gc] GC(2238) Pause Young (Allocation Failure) 292M->206M(311M) 2.376ms
[110.511s][info][gc] GC(2239) Pause Young (Allocation Failure) 292M->208M(311M) 2.378ms
[110.541s][info][gc] GC(2240) Pause Young (Allocation Failure) 294M->209M(311M) 2.761ms
[110.573s][info][gc] GC(2241) Pause Young (Allocation Failure) 295M->209M(311M) 2.232ms
[110.609s][info][gc] GC(2242) Pause Young (Allocation Failure) 295M->210M(311M) 2.727ms
[110.642s][info][gc] GC(2243) Pause Young (Allocation Failure) 296M->212M(311M) 2.950ms
[110.674s][info][gc] GC(2244) Pause Young (Allocation Failure) 298M->212M(311M) 2.660ms
[110.710s][info][gc] GC(2245) Pause Young (Allocation Failure) 298M->213M(311M) 2.748ms
[110.745s][info][gc] GC(2246) Pause Young (Allocation Failure) 299M->214M(311M) 2.725ms
[110.774s][info][gc] GC(2247) Pause Young (Allocation Failure) 300M->214M(311M) 2.253ms
[110.812s][info][gc] GC(2248) Pause Young (Allocation Failure) 300M->215M(311M) 2.649ms
[110.843s][info][gc] GC(2249) Pause Young (Allocation Failure) 301M->216M(311M) 2.673ms
[110.875s][info][gc] GC(2250) Pause Young (Allocation Failure) 302M->217M(311M) 2.596ms
[110.907s][info][gc] GC(2251) Pause Young (Allocation Failure) 303M->216M(311M) 2.112ms
[110.945s][info][gc] GC(2252) Pause Young (Allocation Failure) 302M->218M(311M) 2.559ms
[110.977s][info][gc] GC(2253) Pause Young (Allocation Failure) 304M->220M(311M) 2.891ms
[111.006s][info][gc] GC(2254) Pause Young (Allocation Failure) 306M->220M(311M) 2.540ms
[111.065s][info][gc] GC(2255) Pause Full (Allocation Failure) 220M->97M(311M) 58.914ms
[111.105s][info][gc] GC(2256) Pause Young (Allocation Failure) 183M->101M(311M) 2.032ms
[111.135s][info][gc] GC(2257) Pause Young (Allocation Failure) 187M->102M(311M) 2.151ms
[111.165s][info][gc] GC(2258) Pause Young (Allocation Failure) 188M->103M(311M) 2.086ms
[111.203s][info][gc] GC(2259) Pause Young (Allocation Failure) 189M->104M(311M) 2.540ms
[111.236s][info][gc] GC(2260) Pause Young (Allocation Failure) 190M->105M(311M) 2.831ms
[111.266s][info][gc] GC(2261) Pause Young (Allocation Failure) 191M->105M(311M) 2.725ms
[111.297s][info][gc] GC(2262) Pause Young (Allocation Failure) 191M->107M(311M) 2.042ms
[111.332s][info][gc] GC(2263) Pause Young (Allocation Failure) 193M->109M(311M) 2.607ms
[111.364s][info][gc] GC(2264) Pause Young (Allocation Failure) 195M->110M(311M) 2.828ms
[111.394s][info][gc] GC(2265) Pause Young (Allocation Failure) 196M->109M(311M) 2.264ms
[111.433s][info][gc] GC(2266) Pause Young (Allocation Failure) 195M->112M(311M) 2.751ms
[111.464s][info][gc] GC(2267) Pause Young (Allocation Failure) 198M->112M(311M) 2.851ms
[111.495s][info][gc] GC(2268) Pause Young (Allocation Failure) 198M->113M(311M) 2.502ms
[111.532s][info][gc] GC(2269) Pause Young (Allocation Failure) 199M->114M(311M) 2.649ms
[111.565s][info][gc] GC(2270) Pause Young (Allocation Failure) 200M->115M(311M) 2.792ms
[111.595s][info][gc] GC(2271) Pause Young (Allocation Failure) 201M->115M(311M) 2.615ms
[111.630s][info][gc] GC(2272) Pause Young (Allocation Failure) 201M->117M(311M) 2.202ms
[111.664s][info][gc] GC(2273) Pause Young (Allocation Failure) 203M->118M(311M) 2.538ms
[111.696s][info][gc] GC(2274) Pause Young (Allocation Failure) 204M->119M(311M) 2.573ms
[111.727s][info][gc] GC(2275) Pause Young (Allocation Failure) 205M->119M(311M) 2.239ms
[111.764s][info][gc] GC(2276) Pause Young (Allocation Failure) 205M->121M(311M) 2.648ms
[111.796s][info][gc] GC(2277) Pause Young (Allocation Failure) 207M->121M(311M) 2.715ms
[111.825s][info][gc] GC(2278) Pause Young (Allocation Failure) 207M->122M(311M) 2.366ms
[111.864s][info][gc] GC(2279) Pause Young (Allocation Failure) 208M->124M(311M) 2.675ms
[111.894s][info][gc] GC(2280) Pause Young (Allocation Failure) 210M->124M(311M) 2.709ms
[111.925s][info][gc] GC(2281) Pause Young (Allocation Failure) 210M->125M(311M) 2.554ms
[111.960s][info][gc] GC(2282) Pause Young (Allocation Failure) 211M->125M(311M) 2.264ms
[111.990s][info][gc] GC(2283) Pause Young (Allocation Failure) 211M->126M(311M) 2.473ms
[112.026s][info][gc] GC(2284) Pause Young (Allocation Failure) 212M->128M(311M) 2.987ms
[112.056s][info][gc] GC(2285) Pause Young (Allocation Failure) 214M->127M(311M) 2.507ms
[112.096s][info][gc] GC(2286) Pause Young (Allocation Failure) 213M->129M(311M) 2.684ms
[112.129s][info][gc] GC(2287) Pause Young (Allocation Failure) 215M->130M(311M) 2.911ms
[112.159s][info][gc] GC(2288) Pause Young (Allocation Failure) 216M->130M(311M) 2.468ms
[112.198s][info][gc] GC(2289) Pause Young (Allocation Failure) 216M->132M(311M) 2.755ms
[112.228s][info][gc] GC(2290) Pause Young (Allocation Failure) 218M->132M(311M) 2.797ms
[112.259s][info][gc] GC(2291) Pause Young (Allocation Failure) 218M->133M(311M) 2.652ms
[112.292s][info][gc] GC(2292) Pause Young (Allocation Failure) 219M->134M(311M) 2.569ms
[112.327s][info][gc] GC(2293) Pause Young (Allocation Failure) 220M->135M(311M) 2.478ms
[112.360s][info][gc] GC(2294) Pause Young (Allocation Failure) 221M->136M(311M) 2.847ms
[112.391s][info][gc] GC(2295) Pause Young (Allocation Failure) 222M->136M(311M) 2.427ms
[112.428s][info][gc] GC(2296) Pause Young (Allocation Failure) 222M->138M(311M) 2.529ms
[112.460s][info][gc] GC(2297) Pause Young (Allocation Failure) 224M->139M(311M) 2.758ms
[112.491s][info][gc] GC(2298) Pause Young (Allocation Failure) 225M->139M(311M) 2.466ms
[112.527s][info][gc] GC(2299) Pause Young (Allocation Failure) 225M->139M(311M) 2.327ms
[112.561s][info][gc] GC(2300) Pause Young (Allocation Failure) 225M->141M(311M) 2.797ms
[112.592s][info][gc] GC(2301) Pause Young (Allocation Failure) 227M->142M(311M) 2.846ms
[112.626s][info][gc] GC(2302) Pause Young (Allocation Failure) 228M->141M(311M) 2.389ms
[112.661s][info][gc] GC(2303) Pause Young (Allocation Failure) 227M->144M(311M) 2.619ms
[112.692s][info][gc] GC(2304) Pause Young (Allocation Failure) 230M->144M(311M) 2.746ms
[112.719s][info][gc] GC(2305) Pause Young (Allocation Failure) 230M->145M(311M) 1.902ms
[112.757s][info][gc] GC(2306) Pause Young (Allocation Failure) 231M->147M(311M) 2.562ms
[112.790s][info][gc] GC(2307) Pause Young (Allocation Failure) 233M->148M(311M) 2.741ms
[112.821s][info][gc] GC(2308) Pause Young (Allocation Failure) 234M->148M(311M) 2.509ms
[112.860s][info][gc] GC(2309) Pause Young (Allocation Failure) 234M->150M(311M) 2.833ms
[112.890s][info][gc] GC(2310) Pause Young (Allocation Failure) 236M->150M(311M) 2.559ms
[112.921s][info][gc] GC(2311) Pause Young (Allocation Failure) 236M->150M(311M) 2.476ms
[112.957s][info][gc] GC(2312) Pause Young (Allocation Failure) 236M->151M(311M) 2.334ms
[112.990s][info][gc] GC(2313) Pause Young (Allocation Failure) 237M->153M(311M) 2.773ms
[113.023s][info][gc] GC(2314) Pause Young (Allocation Failure) 239M->153M(311M) 2.574ms
[113.054s][info][gc] GC(2315) Pause Young (Allocation Failure) 239M->153M(311M) 2.341ms
[113.091s][info][gc] GC(2316) Pause Young (Allocation Failure) 239M->155M(311M) 2.587ms
[113.122s][info][gc] GC(2317) Pause Young (Allocation Failure) 241M->156M(311M) 2.943ms
[113.153s][info][gc] GC(2318) Pause Young (Allocation Failure) 242M->156M(311M) 2.480ms
[113.191s][info][gc] GC(2319) Pause Young (Allocation Failure) 242M->157M(311M) 2.568ms
[113.225s][info][gc] GC(2320) Pause Young (Allocation Failure) 243M->159M(311M) 2.878ms
[113.254s][info][gc] GC(2321) Pause Young (Allocation Failure) 245M->159M(311M) 2.559ms
[113.309s][info][gc] GC(2322) Pause Young (Allocation Failure) 245M->156M(311M) 1.172ms
[113.519s][info][gc] GC(2323) Pause Young (Allocation Failure) 242M->161M(311M) 2.971ms
[113.561s][info][gc] GC(2324) Pause Young (Allocation Failure) 247M->162M(311M) 3.008ms
[113.604s][info][gc] GC(2325) Pause Young (Allocation Failure) 248M->161M(311M) 1.970ms
[113.650s][info][gc] GC(2326) Pause Young (Allocation Failure) 247M->164M(311M) 2.024ms
[113.686s][info][gc] GC(2327) Pause Young (Allocation Failure) 250M->164M(311M) 2.075ms
[113.734s][info][gc] GC(2328) Pause Young (Allocation Failure) 250M->165M(311M) 2.474ms
[113.775s][info][gc] GC(2329) Pause Young (Allocation Failure) 251M->165M(311M) 2.435ms
[113.824s][info][gc] GC(2330) Pause Young (Allocation Failure) 251M->166M(311M) 2.347ms
[113.866s][info][gc] GC(2331) Pause Young (Allocation Failure) 252M->167M(311M) 2.756ms
[113.916s][info][gc] GC(2332) Pause Young (Allocation Failure) 253M->167M(311M) 2.538ms
[113.957s][info][gc] GC(2333) Pause Young (Allocation Failure) 253M->168M(311M) 2.354ms
[114.007s][info][gc] GC(2334) Pause Young (Allocation Failure) 254M->169M(311M) 2.461ms
[114.047s][info][gc] GC(2335) Pause Young (Allocation Failure) 255M->169M(311M) 2.332ms
[114.084s][info][gc] GC(2336) Pause Young (Allocation Failure) 255M->169M(311M) 1.953ms
[114.135s][info][gc] GC(2337) Pause Young (Allocation Failure) 255M->170M(311M) 2.274ms
[114.174s][info][gc] GC(2338) Pause Young (Allocation Failure) 256M->171M(311M) 2.408ms
[114.223s][info][gc] GC(2339) Pause Young (Allocation Failure) 257M->172M(311M) 2.594ms
[114.264s][info][gc] GC(2340) Pause Young (Allocation Failure) 258M->173M(311M) 2.638ms
[114.313s][info][gc] GC(2341) Pause Young (Allocation Failure) 259M->173M(311M) 2.585ms
[114.354s][info][gc] GC(2342) Pause Young (Allocation Failure) 259M->174M(311M) 2.308ms
[114.402s][info][gc] GC(2343) Pause Young (Allocation Failure) 260M->174M(311M) 2.509ms
[114.443s][info][gc] GC(2344) Pause Young (Allocation Failure) 260M->175M(311M) 2.512ms
[114.496s][info][gc] GC(2345) Pause Young (Allocation Failure) 261M->175M(311M) 2.460ms
[114.542s][info][gc] GC(2346) Pause Young (Allocation Failure) 261M->177M(311M) 2.629ms
[114.589s][info][gc] GC(2347) Pause Young (Allocation Failure) 263M->176M(311M) 2.279ms
[114.647s][info][gc] GC(2348) Pause Young (Allocation Failure) 262M->178M(311M) 2.524ms
[114.686s][info][gc] GC(2349) Pause Young (Allocation Failure) 264M->178M(311M) 2.425ms
[114.734s][info][gc] GC(2350) Pause Young (Allocation Failure) 264M->179M(311M) 2.632ms
[114.776s][info][gc] GC(2351) Pause Young (Allocation Failure) 265M->180M(311M) 2.693ms
[114.827s][info][gc] GC(2352) Pause Young (Allocation Failure) 266M->180M(311M) 2.607ms
[114.870s][info][gc] GC(2353) Pause Young (Allocation Failure) 266M->181M(311M) 2.624ms
[114.923s][info][gc] GC(2354) Pause Young (Allocation Failure) 267M->182M(311M) 2.746ms
[114.962s][info][gc] GC(2355) Pause Young (Allocation Failure) 268M->183M(311M) 2.354ms
[115.010s][info][gc] GC(2356) Pause Young (Allocation Failure) 269M->183M(311M) 2.239ms
[115.051s][info][gc] GC(2357) Pause Young (Allocation Failure) 269M->184M(311M) 2.377ms
[115.091s][info][gc] GC(2358) Pause Young (Allocation Failure) 270M->184M(311M) 2.369ms
[115.141s][info][gc] GC(2359) Pause Young (Allocation Failure) 270M->185M(311M) 2.574ms
[115.183s][info][gc] GC(2360) Pause Young (Allocation Failure) 271M->186M(311M) 2.554ms
[115.232s][info][gc] GC(2361) Pause Young (Allocation Failure) 272M->187M(311M) 2.904ms
[115.273s][info][gc] GC(2362) Pause Young (Allocation Failure) 273M->187M(311M) 2.324ms
[115.323s][info][gc] GC(2363) Pause Young (Allocation Failure) 273M->188M(311M) 2.443ms
[115.364s][info][gc] GC(2364) Pause Young (Allocation Failure) 274M->189M(311M) 2.745ms
[115.414s][info][gc] GC(2365) Pause Young (Allocation Failure) 275M->189M(311M) 2.461ms
[115.455s][info][gc] GC(2366) Pause Young (Allocation Failure) 275M->190M(311M) 2.289ms
[115.494s][info][gc] GC(2367) Pause Young (Allocation Failure) 276M->189M(311M) 1.730ms
[115.541s][info][gc] GC(2368) Pause Young (Allocation Failure) 275M->191M(311M) 2.671ms
[115.583s][info][gc] GC(2369) Pause Young (Allocation Failure) 277M->192M(311M) 2.923ms
[115.635s][info][gc] GC(2370) Pause Young (Allocation Failure) 278M->193M(311M) 2.497ms
[115.674s][info][gc] GC(2371) Pause Young (Allocation Failure) 279M->193M(311M) 2.390ms
[115.724s][info][gc] GC(2372) Pause Young (Allocation Failure) 279M->194M(311M) 2.407ms
[115.763s][info][gc] GC(2373) Pause Young (Allocation Failure) 280M->194M(311M) 2.359ms
[115.812s][info][gc] GC(2374) Pause Young (Allocation Failure) 280M->195M(311M) 2.417ms
[115.850s][info][gc] GC(2375) Pause Young (Allocation Failure) 281M->196M(311M) 2.507ms
[115.899s][info][gc] GC(2376) Pause Young (Allocation Failure) 282M->196M(311M) 2.337ms
[115.940s][info][gc] GC(2377) Pause Young (Allocation Failure) 282M->196M(311M) 2.273ms
[115.979s][info][gc] GC(2378) Pause Young (Allocation Failure) 282M->197M(311M) 2.139ms
[116.029s][info][gc] GC(2379) Pause Young (Allocation Failure) 283M->199M(311M) 2.667ms
[116.068s][info][gc] GC(2380) Pause Young (Allocation Failure) 285M->199M(311M) 2.610ms
[116.117s][info][gc] GC(2381) Pause Young (Allocation Failure) 285M->199M(311M) 2.237ms
[116.161s][info][gc] GC(2382) Pause Young (Allocation Failure) 285M->200M(311M) 2.557ms
[116.206s][info][gc] GC(2383) Pause Young (Allocation Failure) 286M->201M(311M) 2.557ms
[116.250s][info][gc] GC(2384) Pause Young (Allocation Failure) 287M->202M(311M) 2.370ms
[116.297s][info][gc] GC(2385) Pause Young (Allocation Failure) 288M->202M(311M) 2.641ms
[116.338s][info][gc] GC(2386) Pause Young (Allocation Failure) 288M->203M(311M) 2.349ms
[116.388s][info][gc] GC(2387) Pause Young (Allocation Failure) 289M->204M(311M) 2.580ms
[116.426s][info][gc] GC(2388) Pause Young (Allocation Failure) 290M->204M(311M) 2.186ms
[116.465s][info][gc] GC(2389) Pause Young (Allocation Failure) 290M->204M(311M) 1.927ms
[116.515s][info][gc] GC(2390) Pause Young (Allocation Failure) 290M->205M(311M) 2.547ms
[116.557s][info][gc] GC(2391) Pause Young (Allocation Failure) 291M->206M(311M) 2.743ms
[116.604s][info][gc] GC(2392) Pause Young (Allocation Failure) 292M->207M(311M) 2.587ms
[116.646s][info][gc] GC(2393) Pause Young (Allocation Failure) 293M->207M(311M) 2.500ms
[116.694s][info][gc] GC(2394) Pause Young (Allocation Failure) 293M->208M(311M) 2.528ms
[116.735s][info][gc] GC(2395) Pause Young (Allocation Failure) 294M->209M(311M) 2.408ms
[116.785s][info][gc] GC(2396) Pause Young (Allocation Failure) 295M->210M(311M) 2.815ms
[116.824s][info][gc] GC(2397) Pause Young (Allocation Failure) 296M->210M(311M) 2.370ms
[116.865s][info][gc] GC(2398) Pause Young (Allocation Failure) 296M->210M(311M) 1.978ms
[116.914s][info][gc] GC(2399) Pause Young (Allocation Failure) 296M->212M(311M) 2.497ms
[116.951s][info][gc] GC(2400) Pause Young (Allocation Failure) 298M->211M(311M) 2.383ms
[117.000s][info][gc] GC(2401) Pause Young (Allocation Failure) 297M->213M(311M) 2.444ms
[117.041s][info][gc] GC(2402) Pause Young (Allocation Failure) 299M->214M(311M) 2.554ms
[117.089s][info][gc] GC(2403) Pause Young (Allocation Failure) 300M->214M(311M) 2.384ms
[117.126s][info][gc] GC(2404) Pause Young (Allocation Failure) 300M->215M(311M) 2.268ms
[117.177s][info][gc] GC(2405) Pause Young (Allocation Failure) 301M->216M(311M) 2.824ms
[117.217s][info][gc] GC(2406) Pause Young (Allocation Failure) 302M->216M(311M) 2.290ms
[117.262s][info][gc] GC(2407) Pause Young (Allocation Failure) 302M->216M(311M) 2.204ms
[117.306s][info][gc] GC(2408) Pause Young (Allocation Failure) 302M->217M(311M) 2.568ms
[117.342s][info][gc] GC(2409) Pause Young (Allocation Failure) 303M->217M(311M) 2.135ms
[117.391s][info][gc] GC(2410) Pause Young (Allocation Failure) 303M->219M(311M) 2.433ms
[117.431s][info][gc] GC(2411) Pause Young (Allocation Failure) 305M->219M(311M) 2.556ms
[117.480s][info][gc] GC(2412) Pause Young (Allocation Failure) 305M->219M(311M) 2.186ms
[117.522s][info][gc] GC(2413) Pause Young (Allocation Failure) 305M->221M(311M) 2.629ms
[117.576s][info][gc] GC(2414) Pause Full (Allocation Failure) 221M->86M(311M) 54.407ms
[117.626s][info][gc] GC(2415) Pause Young (Allocation Failure) 172M->90M(311M) 1.736ms
[117.667s][info][gc] GC(2416) Pause Young (Allocation Failure) 176M->90M(311M) 1.722ms
[117.717s][info][gc] GC(2417) Pause Young (Allocation Failure) 176M->91M(311M) 2.082ms
[117.759s][info][gc] GC(2418) Pause Young (Allocation Failure) 177M->91M(311M) 2.052ms
[117.805s][info][gc] GC(2419) Pause Young (Allocation Failure) 177M->92M(311M) 2.257ms
[117.848s][info][gc] GC(2420) Pause Young (Allocation Failure) 178M->93M(311M) 2.582ms
[117.891s][info][gc] GC(2421) Pause Young (Allocation Failure) 179M->92M(311M) 2.156ms
[117.940s][info][gc] GC(2422) Pause Young (Allocation Failure) 178M->94M(311M) 2.426ms
[117.981s][info][gc] GC(2423) Pause Young (Allocation Failure) 180M->95M(311M) 2.470ms
[118.034s][info][gc] GC(2424) Pause Young (Allocation Failure) 181M->96M(311M) 2.632ms
[118.073s][info][gc] GC(2425) Pause Young (Allocation Failure) 182M->96M(311M) 2.414ms
[118.119s][info][gc] GC(2426) Pause Young (Allocation Failure) 182M->96M(311M) 2.401ms
[118.164s][info][gc] GC(2427) Pause Young (Allocation Failure) 182M->98M(311M) 2.612ms
[118.208s][info][gc] GC(2428) Pause Young (Allocation Failure) 184M->98M(311M) 2.495ms
[118.253s][info][gc] GC(2429) Pause Young (Allocation Failure) 184M->99M(311M) 2.269ms
[118.297s][info][gc] GC(2430) Pause Young (Allocation Failure) 185M->99M(311M) 2.455ms
[118.341s][info][gc] GC(2431) Pause Young (Allocation Failure) 185M->100M(311M) 2.526ms
[118.385s][info][gc] GC(2432) Pause Young (Allocation Failure) 186M->100M(311M) 2.390ms
[118.430s][info][gc] GC(2433) Pause Young (Allocation Failure) 186M->102M(311M) 2.296ms
[118.468s][info][gc] GC(2434) Pause Young (Allocation Failure) 188M->100M(311M) 2.030ms
[118.724s][info][gc] GC(2435) Pause Young (Allocation Failure) 186M->102M(311M) 1.925ms
[118.904s][info][gc] GC(2436) Pause Young (Allocation Failure) 188M->103M(311M) 2.492ms
[119.066s][info][gc] GC(2437) Pause Young (Allocation Failure) 189M->103M(311M) 2.022ms
[119.224s][info][gc] GC(2438) Pause Young (Allocation Failure) 189M->103M(311M) 1.884ms
[119.387s][info][gc] GC(2439) Pause Young (Allocation Failure) 189M->105M(311M) 2.307ms
[119.552s][info][gc] GC(2440) Pause Young (Allocation Failure) 191M->105M(311M) 2.366ms
[119.716s][info][gc] GC(2441) Pause Young (Allocation Failure) 191M->106M(311M) 2.362ms
[119.873s][info][gc] GC(2442) Pause Young (Allocation Failure) 192M->107M(311M) 1.906ms
[120.027s][info][gc] GC(2443) Pause Young (Allocation Failure) 193M->107M(311M) 2.083ms
[120.193s][info][gc] GC(2444) Pause Young (Allocation Failure) 193M->108M(311M) 2.283ms
[120.360s][info][gc] GC(2445) Pause Young (Allocation Failure) 194M->109M(311M) 2.313ms
[120.524s][info][gc] GC(2446) Pause Young (Allocation Failure) 195M->109M(311M) 2.318ms
[120.687s][info][gc] GC(2447) Pause Young (Allocation Failure) 195M->110M(311M) 2.137ms
[120.847s][info][gc] GC(2448) Pause Young (Allocation Failure) 196M->111M(311M) 2.036ms
[121.003s][info][gc] GC(2449) Pause Young (Allocation Failure) 197M->111M(311M) 2.330ms
[121.170s][info][gc] GC(2450) Pause Young (Allocation Failure) 197M->112M(311M) 2.295ms
[121.338s][info][gc] GC(2451) Pause Young (Allocation Failure) 198M->113M(311M) 2.295ms
[121.497s][info][gc] GC(2452) Pause Young (Allocation Failure) 199M->113M(311M) 2.287ms
[121.659s][info][gc] GC(2453) Pause Young (Allocation Failure) 199M->114M(311M) 2.117ms
[121.816s][info][gc] GC(2454) Pause Young (Allocation Failure) 200M->114M(311M) 1.987ms
[121.971s][info][gc] GC(2455) Pause Young (Allocation Failure) 200M->115M(311M) 2.058ms
[122.136s][info][gc] GC(2456) Pause Young (Allocation Failure) 201M->116M(311M) 2.397ms
[122.298s][info][gc] GC(2457) Pause Young (Allocation Failure) 202M->117M(311M) 2.130ms
[122.459s][info][gc] GC(2458) Pause Young (Allocation Failure) 203M->117M(311M) 2.043ms
[122.608s][info][gc] GC(2459) Pause Young (Allocation Failure) 203M->118M(311M) 1.948ms
[122.777s][info][gc] GC(2460) Pause Young (Allocation Failure) 204M->119M(311M) 2.297ms
[122.940s][info][gc] GC(2461) Pause Young (Allocation Failure) 205M->119M(311M) 2.269ms
[123.100s][info][gc] GC(2462) Pause Young (Allocation Failure) 205M->120M(311M) 2.098ms
[123.264s][info][gc] GC(2463) Pause Young (Allocation Failure) 206M->120M(311M) 2.237ms
[123.422s][info][gc] GC(2464) Pause Young (Allocation Failure) 206M->121M(311M) 2.248ms
[123.578s][info][gc] GC(2465) Pause Young (Allocation Failure) 207M->121M(311M) 2.036ms
[123.740s][info][gc] GC(2466) Pause Young (Allocation Failure) 207M->122M(311M) 2.232ms
[123.906s][info][gc] GC(2467) Pause Young (Allocation Failure) 208M->123M(311M) 2.413ms
[124.066s][info][gc] GC(2468) Pause Young (Allocation Failure) 209M->124M(311M) 2.268ms
[124.229s][info][gc] GC(2469) Pause Young (Allocation Failure) 210M->125M(311M) 2.333ms
[124.391s][info][gc] GC(2470) Pause Young (Allocation Failure) 211M->125M(311M) 2.129ms
[124.546s][info][gc] GC(2471) Pause Young (Allocation Failure) 211M->126M(311M) 2.097ms
[124.712s][info][gc] GC(2472) Pause Young (Allocation Failure) 212M->126M(311M) 2.033ms
[124.879s][info][gc] GC(2473) Pause Young (Allocation Failure) 212M->127M(311M) 2.384ms
[125.043s][info][gc] GC(2474) Pause Young (Allocation Failure) 213M->128M(311M) 2.312ms
[125.212s][info][gc] GC(2475) Pause Young (Allocation Failure) 214M->129M(311M) 2.379ms
[125.384s][info][gc] GC(2476) Pause Young (Allocation Failure) 215M->129M(311M) 2.533ms
[125.537s][info][gc] GC(2477) Pause Young (Allocation Failure) 215M->130M(311M) 2.375ms
[125.700s][info][gc] GC(2478) Pause Young (Allocation Failure) 216M->131M(311M) 2.170ms
[125.864s][info][gc] GC(2479) Pause Young (Allocation Failure) 217M->131M(311M) 2.315ms
[126.034s][info][gc] GC(2480) Pause Young (Allocation Failure) 217M->132M(311M) 2.107ms
[126.199s][info][gc] GC(2481) Pause Young (Allocation Failure) 218M->133M(311M) 2.309ms
[126.356s][info][gc] GC(2482) Pause Young (Allocation Failure) 219M->133M(311M) 1.994ms
[126.516s][info][gc] GC(2483) Pause Young (Allocation Failure) 219M->134M(311M) 2.053ms
[126.679s][info][gc] GC(2484) Pause Young (Allocation Failure) 220M->134M(311M) 2.321ms
[126.844s][info][gc] GC(2485) Pause Young (Allocation Failure) 220M->135M(311M) 2.322ms
[127.000s][info][gc] GC(2486) Pause Young (Allocation Failure) 221M->136M(311M) 2.270ms
[127.173s][info][gc] GC(2487) Pause Young (Allocation Failure) 222M->137M(311M) 2.079ms
[127.322s][info][gc] GC(2488) Pause Young (Allocation Failure) 223M->137M(311M) 2.327ms
[127.486s][info][gc] GC(2489) Pause Young (Allocation Failure) 223M->138M(311M) 2.065ms
[127.770s][info][gc] GC(2490) Pause Young (Allocation Failure) 224M->139M(311M) 2.522ms
[127.923s][info][gc] GC(2491) Pause Young (Allocation Failure) 225M->140M(311M) 2.579ms
[128.093s][info][gc] GC(2492) Pause Young (Allocation Failure) 226M->141M(311M) 2.187ms
[128.255s][info][gc] GC(2493) Pause Young (Allocation Failure) 227M->141M(311M) 2.126ms
[128.414s][info][gc] GC(2494) Pause Young (Allocation Failure) 227M->142M(311M) 2.109ms
[128.579s][info][gc] GC(2495) Pause Young (Allocation Failure) 228M->142M(311M) 2.057ms
[128.732s][info][gc] GC(2496) Pause Young (Allocation Failure) 228M->143M(311M) 1.932ms
[128.901s][info][gc] GC(2497) Pause Young (Allocation Failure) 229M->144M(311M) 2.378ms
[129.063s][info][gc] GC(2498) Pause Young (Allocation Failure) 230M->145M(311M) 2.112ms
[129.222s][info][gc] GC(2499) Pause Young (Allocation Failure) 231M->145M(311M) 2.076ms
[129.387s][info][gc] GC(2500) Pause Young (Allocation Failure) 231M->146M(311M) 2.711ms
[129.549s][info][gc] GC(2501) Pause Young (Allocation Failure) 232M->146M(311M) 2.030ms
[129.710s][info][gc] GC(2502) Pause Young (Allocation Failure) 232M->147M(311M) 2.167ms
[129.869s][info][gc] GC(2503) Pause Young (Allocation Failure) 233M->148M(311M) 2.348ms
[130.036s][info][gc] GC(2504) Pause Young (Allocation Failure) 234M->149M(311M) 2.328ms
[130.203s][info][gc] GC(2505) Pause Young (Allocation Failure) 235M->149M(311M) 2.318ms
[130.368s][info][gc] GC(2506) Pause Young (Allocation Failure) 235M->150M(311M) 2.437ms
[130.530s][info][gc] GC(2507) Pause Young (Allocation Failure) 236M->150M(311M) 2.031ms
[130.688s][info][gc] GC(2508) Pause Young (Allocation Failure) 236M->151M(311M) 2.023ms
[130.850s][info][gc] GC(2509) Pause Young (Allocation Failure) 237M->152M(311M) 2.242ms
[131.015s][info][gc] GC(2510) Pause Young (Allocation Failure) 238M->153M(311M) 2.264ms
[131.182s][info][gc] GC(2511) Pause Young (Allocation Failure) 239M->153M(311M) 2.402ms
[131.347s][info][gc] GC(2512) Pause Young (Allocation Failure) 239M->154M(311M) 2.239ms
[131.507s][info][gc] GC(2513) Pause Young (Allocation Failure) 240M->154M(311M) 2.032ms
[131.661s][info][gc] GC(2514) Pause Young (Allocation Failure) 240M->155M(311M) 2.083ms
[131.832s][info][gc] GC(2515) Pause Young (Allocation Failure) 241M->156M(311M) 2.244ms
[131.993s][info][gc] GC(2516) Pause Young (Allocation Failure) 242M->156M(311M) 2.238ms
[132.154s][info][gc] GC(2517) Pause Young (Allocation Failure) 242M->157M(311M) 2.326ms
[132.317s][info][gc] GC(2518) Pause Young (Allocation Failure) 243M->158M(311M) 2.261ms
[132.479s][info][gc] GC(2519) Pause Young (Allocation Failure) 244M->159M(311M) 2.153ms
[132.632s][info][gc] GC(2520) Pause Young (Allocation Failure) 245M->159M(311M) 2.090ms
[132.802s][info][gc] GC(2521) Pause Young (Allocation Failure) 245M->160M(311M) 2.121ms
[132.965s][info][gc] GC(2522) Pause Young (Allocation Failure) 246M->160M(311M) 2.264ms
[133.126s][info][gc] GC(2523) Pause Young (Allocation Failure) 246M->161M(311M) 2.253ms
[133.290s][info][gc] GC(2524) Pause Young (Allocation Failure) 247M->162M(311M) 2.273ms
[133.455s][info][gc] GC(2525) Pause Young (Allocation Failure) 248M->162M(311M) 2.274ms
[133.618s][info][gc] GC(2526) Pause Young (Allocation Failure) 248M->163M(311M) 1.996ms
[133.776s][info][gc] GC(2527) Pause Young (Allocation Failure) 249M->164M(311M) 2.220ms
[133.946s][info][gc] GC(2528) Pause Young (Allocation Failure) 250M->164M(311M) 2.238ms
[134.103s][info][gc] GC(2529) Pause Young (Allocation Failure) 250M->165M(311M) 2.291ms
[134.265s][info][gc] GC(2530) Pause Young (Allocation Failure) 251M->166M(311M) 2.245ms
[134.426s][info][gc] GC(2531) Pause Young (Allocation Failure) 252M->166M(311M) 2.251ms
[134.578s][info][gc] GC(2532) Pause Young (Allocation Failure) 252M->167M(311M) 2.068ms
[134.745s][info][gc] GC(2533) Pause Young (Allocation Failure) 253M->168M(311M) 2.279ms
[134.911s][info][gc] GC(2534) Pause Young (Allocation Failure) 254M->169M(311M) 2.353ms
[135.077s][info][gc] GC(2535) Pause Young (Allocation Failure) 255M->169M(311M) 2.313ms
[135.242s][info][gc] GC(2536) Pause Young (Allocation Failure) 255M->170M(311M) 2.129ms
[135.411s][info][gc] GC(2537) Pause Young (Allocation Failure) 256M->170M(311M) 2.112ms
[135.571s][info][gc] GC(2538) Pause Young (Allocation Failure) 256M->171M(311M) 2.043ms
[135.737s][info][gc] GC(2539) Pause Young (Allocation Failure) 257M->172M(311M) 2.223ms
[135.905s][info][gc] GC(2540) Pause Young (Allocation Failure) 258M->172M(311M) 2.362ms
[136.074s][info][gc] GC(2541) Pause Young (Allocation Failure) 258M->173M(311M) 2.273ms
[136.236s][info][gc] GC(2542) Pause Young (Allocation Failure) 259M->174M(311M) 2.321ms
[136.393s][info][gc] GC(2543) Pause Young (Allocation Failure) 260M->174M(311M) 2.271ms
[136.543s][info][gc] GC(2544) Pause Young (Allocation Failure) 260M->175M(311M) 1.811ms
[136.832s][info][gc] GC(2545) Pause Young (Allocation Failure) 261M->177M(311M) 2.492ms
[136.998s][info][gc] GC(2546) Pause Young (Allocation Failure) 263M->177M(311M) 2.504ms
[137.151s][info][gc] GC(2547) Pause Young (Allocation Failure) 263M->178M(311M) 2.116ms
[137.316s][info][gc] GC(2548) Pause Young (Allocation Failure) 264M->178M(311M) 2.108ms
[137.480s][info][gc] GC(2549) Pause Young (Allocation Failure) 264M->179M(311M) 2.088ms
[137.636s][info][gc] GC(2550) Pause Young (Allocation Failure) 265M->180M(311M) 2.121ms
[137.799s][info][gc] GC(2551) Pause Young (Allocation Failure) 266M->180M(311M) 2.034ms
[137.970s][info][gc] GC(2552) Pause Young (Allocation Failure) 266M->181M(311M) 2.279ms
[138.120s][info][gc] GC(2553) Pause Young (Allocation Failure) 267M->182M(311M) 2.071ms
[138.280s][info][gc] GC(2554) Pause Young (Allocation Failure) 268M->182M(311M) 2.296ms
[138.445s][info][gc] GC(2555) Pause Young (Allocation Failure) 268M->183M(311M) 2.295ms
[138.605s][info][gc] GC(2556) Pause Young (Allocation Failure) 269M->184M(311M) 2.325ms
[138.768s][info][gc] GC(2557) Pause Young (Allocation Failure) 270M->184M(311M) 2.143ms
[138.932s][info][gc] GC(2558) Pause Young (Allocation Failure) 270M->185M(311M) 2.036ms
[139.084s][info][gc] GC(2559) Pause Young (Allocation Failure) 271M->186M(311M) 2.287ms
[139.251s][info][gc] GC(2560) Pause Young (Allocation Failure) 272M->186M(311M) 2.289ms
[139.408s][info][gc] GC(2561) Pause Young (Allocation Failure) 272M->187M(311M) 2.262ms
[139.569s][info][gc] GC(2562) Pause Young (Allocation Failure) 273M->188M(311M) 2.265ms
[139.736s][info][gc] GC(2563) Pause Young (Allocation Failure) 274M->188M(311M) 2.201ms
[139.903s][info][gc] GC(2564) Pause Young (Allocation Failure) 274M->189M(311M) 2.292ms
[140.064s][info][gc] GC(2565) Pause Young (Allocation Failure) 275M->190M(311M) 2.274ms
[140.230s][info][gc] GC(2566) Pause Young (Allocation Failure) 276M->190M(311M) 2.408ms
[140.392s][info][gc] GC(2567) Pause Young (Allocation Failure) 276M->191M(311M) 2.274ms
[140.560s][info][gc] GC(2568) Pause Young (Allocation Failure) 277M->192M(311M) 2.315ms
[140.719s][info][gc] GC(2569) Pause Young (Allocation Failure) 278M->192M(311M) 2.370ms
[140.873s][info][gc] GC(2570) Pause Young (Allocation Failure) 278M->193M(311M) 2.092ms
[141.035s][info][gc] GC(2571) Pause Young (Allocation Failure) 279M->194M(311M) 2.316ms
[141.197s][info][gc] GC(2572) Pause Young (Allocation Failure) 280M->194M(311M) 2.071ms
[141.358s][info][gc] GC(2573) Pause Young (Allocation Failure) 280M->195M(311M) 2.356ms
[141.517s][info][gc] GC(2574) Pause Young (Allocation Failure) 281M->196M(311M) 2.261ms
[141.674s][info][gc] GC(2575) Pause Young (Allocation Failure) 282M->196M(311M) 2.043ms
[141.842s][info][gc] GC(2576) Pause Young (Allocation Failure) 282M->197M(311M) 2.290ms
[142.008s][info][gc] GC(2577) Pause Young (Allocation Failure) 283M->198M(311M) 2.298ms
[142.163s][info][gc] GC(2578) Pause Young (Allocation Failure) 284M->198M(311M) 2.027ms
[142.328s][info][gc] GC(2579) Pause Young (Allocation Failure) 284M->199M(311M) 2.300ms
[142.491s][info][gc] GC(2580) Pause Young (Allocation Failure) 285M->200M(311M) 2.287ms
[142.643s][info][gc] GC(2581) Pause Young (Allocation Failure) 286M->200M(311M) 2.028ms
[142.806s][info][gc] GC(2582) Pause Young (Allocation Failure) 286M->201M(311M) 2.253ms
[142.963s][info][gc] GC(2583) Pause Young (Allocation Failure) 287M->202M(311M) 2.355ms
[143.124s][info][gc] GC(2584) Pause Young (Allocation Failure) 288M->203M(311M) 2.377ms
[143.291s][info][gc] GC(2585) Pause Young (Allocation Failure) 289M->203M(311M) 2.123ms
[143.447s][info][gc] GC(2586) Pause Young (Allocation Failure) 289M->204M(311M) 2.051ms
[143.608s][info][gc] GC(2587) Pause Young (Allocation Failure) 290M->204M(311M) 2.278ms
[143.776s][info][gc] GC(2588) Pause Young (Allocation Failure) 290M->205M(311M) 2.311ms
[143.943s][info][gc] GC(2589) Pause Young (Allocation Failure) 291M->206M(311M) 2.324ms
[144.094s][info][gc] GC(2590) Pause Young (Allocation Failure) 292M->206M(311M) 2.035ms
[144.259s][info][gc] GC(2591) Pause Young (Allocation Failure) 292M->207M(311M) 2.003ms
[144.415s][info][gc] GC(2592) Pause Young (Allocation Failure) 293M->208M(311M) 2.282ms
[144.578s][info][gc] GC(2593) Pause Young (Allocation Failure) 294M->208M(311M) 2.271ms
[144.745s][info][gc] GC(2594) Pause Young (Allocation Failure) 294M->209M(311M) 2.368ms
[144.919s][info][gc] GC(2595) Pause Young (Allocation Failure) 295M->210M(311M) 2.113ms
[145.082s][info][gc] GC(2596) Pause Young (Allocation Failure) 296M->210M(311M) 2.320ms
[145.253s][info][gc] GC(2597) Pause Young (Allocation Failure) 296M->211M(311M) 2.205ms
[145.414s][info][gc] GC(2598) Pause Young (Allocation Failure) 297M->211M(311M) 2.183ms
[145.574s][info][gc] GC(2599) Pause Young (Allocation Failure) 297M->212M(311M) 2.019ms
[145.865s][info][gc] GC(2600) Pause Young (Allocation Failure) 298M->214M(311M) 2.475ms
[146.014s][info][gc] GC(2601) Pause Young (Allocation Failure) 300M->214M(311M) 2.708ms
[146.179s][info][gc] GC(2602) Pause Young (Allocation Failure) 300M->215M(311M) 2.141ms
[146.352s][info][gc] GC(2603) Pause Young (Allocation Failure) 301M->216M(311M) 2.327ms
[146.520s][info][gc] GC(2604) Pause Young (Allocation Failure) 302M->216M(311M) 2.158ms
[146.678s][info][gc] GC(2605) Pause Young (Allocation Failure) 302M->217M(311M) 2.083ms
[146.844s][info][gc] GC(2606) Pause Young (Allocation Failure) 303M->218M(311M) 2.152ms
[147.010s][info][gc] GC(2607) Pause Young (Allocation Failure) 304M->218M(311M) 1.859ms
[147.162s][info][gc] GC(2608) Pause Young (Allocation Failure) 304M->219M(311M) 2.072ms
[147.324s][info][gc] GC(2609) Pause Young (Allocation Failure) 305M->220M(311M) 2.258ms
[147.491s][info][gc] GC(2610) Pause Young (Allocation Failure) 306M->221M(311M) 2.323ms
[147.518s][info][gc] GC(2611) Pause Full (Allocation Failure) 221M->31M(311M) 26.969ms
[147.678s][info][gc] GC(2612) Pause Young (Allocation Failure) 117M->32M(311M) 0.867ms
[147.841s][info][gc] GC(2613) Pause Young (Allocation Failure) 118M->33M(311M) 0.976ms
[147.999s][info][gc] GC(2614) Pause Young (Allocation Failure) 119M->33M(311M) 1.012ms
[148.157s][info][gc] GC(2615) Pause Young (Allocation Failure) 119M->34M(311M) 1.356ms
[148.319s][info][gc] GC(2616) Pause Young (Allocation Failure) 120M->35M(311M) 1.541ms
[148.486s][info][gc] GC(2617) Pause Young (Allocation Failure) 121M->36M(311M) 1.681ms
[148.653s][info][gc] GC(2618) Pause Young (Allocation Failure) 122M->36M(311M) 1.828ms
[148.811s][info][gc] GC(2619) Pause Young (Allocation Failure) 122M->37M(311M) 2.018ms
[148.984s][info][gc] GC(2620) Pause Young (Allocation Failure) 123M->37M(311M) 2.200ms
[149.147s][info][gc] GC(2621) Pause Young (Allocation Failure) 123M->38M(311M) 2.233ms
[149.311s][info][gc] GC(2622) Pause Young (Allocation Failure) 124M->39M(311M) 2.315ms
[149.476s][info][gc] GC(2623) Pause Young (Allocation Failure) 125M->40M(311M) 2.323ms
[149.633s][info][gc] GC(2624) Pause Young (Allocation Failure) 126M->40M(311M) 2.094ms
[149.800s][info][gc] GC(2625) Pause Young (Allocation Failure) 126M->41M(311M) 2.120ms
[149.963s][info][gc] GC(2626) Pause Young (Allocation Failure) 127M->41M(311M) 2.232ms
[150.124s][info][gc] GC(2627) Pause Young (Allocation Failure) 127M->42M(311M) 2.396ms
[150.295s][info][gc] GC(2628) Pause Young (Allocation Failure) 128M->43M(311M) 2.378ms
[150.456s][info][gc] GC(2629) Pause Young (Allocation Failure) 129M->44M(311M) 2.108ms
[150.614s][info][gc] GC(2630) Pause Young (Allocation Failure) 130M->44M(311M) 2.118ms
[150.771s][info][gc] GC(2631) Pause Young (Allocation Failure) 130M->45M(311M) 2.010ms
[150.931s][info][gc] GC(2632) Pause Young (Allocation Failure) 131M->46M(311M) 2.054ms
[151.098s][info][gc] GC(2633) Pause Young (Allocation Failure) 132M->46M(311M) 2.273ms
[151.262s][info][gc] GC(2634) Pause Young (Allocation Failure) 132M->47M(311M) 2.097ms
[151.426s][info][gc] GC(2635) Pause Young (Allocation Failure) 133M->47M(311M) 2.257ms
[151.591s][info][gc] GC(2636) Pause Young (Allocation Failure) 134M->48M(311M) 2.072ms
[151.758s][info][gc] GC(2637) Pause Young (Allocation Failure) 134M->49M(311M) 2.299ms
[151.913s][info][gc] GC(2638) Pause Young (Allocation Failure) 135M->49M(311M) 2.063ms
[152.074s][info][gc] GC(2639) Pause Young (Allocation Failure) 135M->50M(311M) 2.031ms
[152.241s][info][gc] GC(2640) Pause Young (Allocation Failure) 136M->51M(311M) 2.310ms
[152.404s][info][gc] GC(2641) Pause Young (Allocation Failure) 137M->52M(311M) 2.322ms
[152.566s][info][gc] GC(2642) Pause Young (Allocation Failure) 138M->52M(311M) 2.048ms
[152.730s][info][gc] GC(2643) Pause Young (Allocation Failure) 138M->53M(311M) 2.003ms
[152.884s][info][gc] GC(2644) Pause Young (Allocation Failure) 139M->54M(311M) 2.289ms
[153.046s][info][gc] GC(2645) Pause Young (Allocation Failure) 140M->54M(311M) 2.272ms
[153.208s][info][gc] GC(2646) Pause Young (Allocation Failure) 140M->55M(311M) 2.100ms
[153.366s][info][gc] GC(2647) Pause Young (Allocation Failure) 141M->56M(311M) 2.137ms
[153.528s][info][gc] GC(2648) Pause Young (Allocation Failure) 142M->56M(311M) 2.210ms
[153.694s][info][gc] GC(2649) Pause Young (Allocation Failure) 142M->57M(311M) 1.937ms
[153.851s][info][gc] GC(2650) Pause Young (Allocation Failure) 143M->57M(311M) 2.220ms
[154.018s][info][gc] GC(2651) Pause Young (Allocation Failure) 144M->58M(311M) 2.397ms
[154.181s][info][gc] GC(2652) Pause Young (Allocation Failure) 144M->59M(311M) 2.352ms
[154.337s][info][gc] GC(2653) Pause Young (Allocation Failure) 145M->60M(311M) 2.079ms
[154.495s][info][gc] GC(2654) Pause Young (Allocation Failure) 146M->60M(311M) 2.039ms
[154.652s][info][gc] GC(2655) Pause Young (Allocation Failure) 146M->61M(311M) 2.018ms
[154.960s][info][gc] GC(2656) Pause Young (Allocation Failure) 147M->62M(311M) 2.519ms
[155.125s][info][gc] GC(2657) Pause Young (Allocation Failure) 149M->63M(311M) 2.583ms
[155.278s][info][gc] GC(2658) Pause Young (Allocation Failure) 149M->64M(311M) 2.182ms
[155.441s][info][gc] GC(2659) Pause Young (Allocation Failure) 150M->64M(311M) 2.221ms
[155.606s][info][gc] GC(2660) Pause Young (Allocation Failure) 150M->65M(311M) 2.075ms
[155.776s][info][gc] GC(2661) Pause Young (Allocation Failure) 151M->66M(311M) 2.086ms
[155.943s][info][gc] GC(2662) Pause Young (Allocation Failure) 152M->66M(311M) 2.097ms
[156.105s][info][gc] GC(2663) Pause Young (Allocation Failure) 152M->67M(311M) 1.835ms
[156.253s][info][gc] GC(2664) Pause Young (Allocation Failure) 153M->67M(311M) 1.882ms
[156.417s][info][gc] GC(2665) Pause Young (Allocation Failure) 153M->68M(311M) 2.091ms
[156.586s][info][gc] GC(2666) Pause Young (Allocation Failure) 154M->69M(311M) 2.360ms
[156.748s][info][gc] GC(2667) Pause Young (Allocation Failure) 155M->70M(311M) 2.336ms
[156.905s][info][gc] GC(2668) Pause Young (Allocation Failure) 156M->70M(311M) 2.487ms
[157.077s][info][gc] GC(2669) Pause Young (Allocation Failure) 156M->71M(311M) 2.015ms
[157.238s][info][gc] GC(2670) Pause Young (Allocation Failure) 157M->72M(311M) 2.257ms
[157.390s][info][gc] GC(2671) Pause Young (Allocation Failure) 158M->72M(311M) 2.283ms
[157.555s][info][gc] GC(2672) Pause Young (Allocation Failure) 158M->73M(311M) 2.057ms
[157.713s][info][gc] GC(2673) Pause Young (Allocation Failure) 159M->74M(311M) 2.279ms
[157.875s][info][gc] GC(2674) Pause Young (Allocation Failure) 160M->74M(311M) 2.283ms
[158.036s][info][gc] GC(2675) Pause Young (Allocation Failure) 160M->75M(311M) 2.093ms
[158.190s][info][gc] GC(2676) Pause Young (Allocation Failure) 161M->76M(311M) 2.077ms
[158.353s][info][gc] GC(2677) Pause Young (Allocation Failure) 162M->76M(311M) 2.300ms
[158.519s][info][gc] GC(2678) Pause Young (Allocation Failure) 162M->77M(311M) 2.396ms
[158.679s][info][gc] GC(2679) Pause Young (Allocation Failure) 163M->78M(311M) 2.089ms
[158.842s][info][gc] GC(2680) Pause Young (Allocation Failure) 164M->78M(311M) 2.105ms
[159.007s][info][gc] GC(2681) Pause Young (Allocation Failure) 164M->79M(311M) 2.078ms
[159.159s][info][gc] GC(2682) Pause Young (Allocation Failure) 165M->80M(311M) 2.052ms
[159.321s][info][gc] GC(2683) Pause Young (Allocation Failure) 166M->80M(311M) 2.246ms
[159.482s][info][gc] GC(2684) Pause Young (Allocation Failure) 166M->81M(311M) 2.345ms
[159.646s][info][gc] GC(2685) Pause Young (Allocation Failure) 167M->82M(311M) 2.392ms
[159.810s][info][gc] GC(2686) Pause Young (Allocation Failure) 168M->82M(311M) 2.220ms
[159.978s][info][gc] GC(2687) Pause Young (Allocation Failure) 168M->83M(311M) 2.090ms
[160.132s][info][gc] GC(2688) Pause Young (Allocation Failure) 169M->84M(311M) 2.160ms
[160.290s][info][gc] GC(2689) Pause Young (Allocation Failure) 170M->84M(311M) 2.107ms
[160.456s][info][gc] GC(2690) Pause Young (Allocation Failure) 170M->85M(311M) 2.297ms
[160.617s][info][gc] GC(2691) Pause Young (Allocation Failure) 171M->86M(311M) 2.061ms
[160.779s][info][gc] GC(2692) Pause Young (Allocation Failure) 172M->86M(311M) 2.264ms
[160.936s][info][gc] GC(2693) Pause Young (Allocation Failure) 172M->87M(311M) 2.024ms
[161.098s][info][gc] GC(2694) Pause Young (Allocation Failure) 173M->88M(311M) 2.074ms
[161.259s][info][gc] GC(2695) Pause Young (Allocation Failure) 174M->88M(311M) 2.325ms
[161.419s][info][gc] GC(2696) Pause Young (Allocation Failure) 174M->89M(311M) 2.178ms
[161.581s][info][gc] GC(2697) Pause Young (Allocation Failure) 175M->90M(311M) 2.125ms
[161.740s][info][gc] GC(2698) Pause Young (Allocation Failure) 176M->90M(311M) 2.058ms
[161.891s][info][gc] GC(2699) Pause Young (Allocation Failure) 176M->90M(311M) 2.105ms
[162.056s][info][gc] GC(2700) Pause Young (Allocation Failure) 177M->92M(311M) 2.080ms
[162.219s][info][gc] GC(2701) Pause Young (Allocation Failure) 178M->92M(311M) 2.291ms
[162.382s][info][gc] GC(2702) Pause Young (Allocation Failure) 178M->93M(311M) 2.104ms
[162.541s][info][gc] GC(2703) Pause Young (Allocation Failure) 179M->94M(311M) 2.137ms
[162.704s][info][gc] GC(2704) Pause Young (Allocation Failure) 180M->94M(311M) 2.064ms
[162.857s][info][gc] GC(2705) Pause Young (Allocation Failure) 180M->95M(311M) 2.111ms
[163.020s][info][gc] GC(2706) Pause Young (Allocation Failure) 181M->96M(311M) 2.076ms
[163.182s][info][gc] GC(2707) Pause Young (Allocation Failure) 182M->96M(311M) 2.007ms
[163.350s][info][gc] GC(2708) Pause Young (Allocation Failure) 182M->97M(311M) 2.312ms
[163.515s][info][gc] GC(2709) Pause Young (Allocation Failure) 183M->98M(311M) 2.317ms
[163.677s][info][gc] GC(2710) Pause Young (Allocation Failure) 184M->98M(311M) 2.109ms
[163.919s][info][gc] GC(2711) Pause Young (Allocation Failure) 184M->103M(311M) 3.677ms
[163.961s][info][gc] GC(2712) Pause Young (Allocation Failure) 189M->104M(311M) 3.694ms
[163.996s][info][gc] GC(2713) Pause Young (Allocation Failure) 190M->104M(311M) 1.116ms
[164.044s][info][gc] GC(2714) Pause Young (Allocation Failure) 190M->107M(311M) 1.989ms
[164.084s][info][gc] GC(2715) Pause Young (Allocation Failure) 193M->107M(311M) 2.125ms
[164.131s][info][gc] GC(2716) Pause Young (Allocation Failure) 193M->108M(311M) 2.224ms
[164.171s][info][gc] GC(2717) Pause Young (Allocation Failure) 194M->109M(311M) 2.491ms
[164.221s][info][gc] GC(2718) Pause Young (Allocation Failure) 195M->110M(311M) 2.762ms
[164.262s][info][gc] GC(2719) Pause Young (Allocation Failure) 196M->110M(311M) 2.683ms
[164.309s][info][gc] GC(2720) Pause Young (Allocation Failure) 196M->110M(311M) 2.236ms
[164.351s][info][gc] GC(2721) Pause Young (Allocation Failure) 196M->111M(311M) 2.239ms
[164.390s][info][gc] GC(2722) Pause Young (Allocation Failure) 197M->111M(311M) 2.096ms
[164.438s][info][gc] GC(2723) Pause Young (Allocation Failure) 197M->112M(311M) 2.446ms
[164.477s][info][gc] GC(2724) Pause Young (Allocation Failure) 199M->113M(311M) 2.419ms
[164.524s][info][gc] GC(2725) Pause Young (Allocation Failure) 199M->114M(311M) 2.436ms
[164.566s][info][gc] GC(2726) Pause Young (Allocation Failure) 200M->115M(311M) 2.761ms
[164.614s][info][gc] GC(2727) Pause Young (Allocation Failure) 201M->115M(311M) 2.560ms
[164.656s][info][gc] GC(2728) Pause Young (Allocation Failure) 201M->116M(311M) 2.360ms
[164.705s][info][gc] GC(2729) Pause Young (Allocation Failure) 202M->117M(311M) 2.718ms
[164.743s][info][gc] GC(2730) Pause Young (Allocation Failure) 203M->117M(311M) 2.255ms
[164.785s][info][gc] GC(2731) Pause Young (Allocation Failure) 203M->117M(311M) 1.924ms
[164.830s][info][gc] GC(2732) Pause Young (Allocation Failure) 203M->119M(311M) 2.385ms
[164.874s][info][gc] GC(2733) Pause Young (Allocation Failure) 205M->119M(311M) 2.507ms
[164.918s][info][gc] GC(2734) Pause Young (Allocation Failure) 205M->120M(311M) 2.450ms
[164.959s][info][gc] GC(2735) Pause Young (Allocation Failure) 206M->120M(311M) 2.188ms
[165.010s][info][gc] GC(2736) Pause Young (Allocation Failure) 206M->121M(311M) 2.414ms
[165.052s][info][gc] GC(2737) Pause Young (Allocation Failure) 207M->122M(311M) 2.583ms
[165.100s][info][gc] GC(2738) Pause Young (Allocation Failure) 208M->123M(311M) 2.539ms
[165.140s][info][gc] GC(2739) Pause Young (Allocation Failure) 209M->123M(311M) 2.347ms
[165.189s][info][gc] GC(2740) Pause Young (Allocation Failure) 209M->124M(311M) 2.476ms
[165.230s][info][gc] GC(2741) Pause Young (Allocation Failure) 210M->125M(311M) 2.569ms
[165.272s][info][gc] GC(2742) Pause Young (Allocation Failure) 211M->124M(311M) 2.102ms
[165.320s][info][gc] GC(2743) Pause Young (Allocation Failure) 210M->126M(311M) 2.390ms
[165.361s][info][gc] GC(2744) Pause Young (Allocation Failure) 212M->126M(311M) 2.533ms
[165.408s][info][gc] GC(2745) Pause Young (Allocation Failure) 213M->127M(311M) 2.328ms
[165.451s][info][gc] GC(2746) Pause Young (Allocation Failure) 213M->127M(311M) 2.134ms
[165.499s][info][gc] GC(2747) Pause Young (Allocation Failure) 214M->128M(311M) 2.551ms
[165.541s][info][gc] GC(2748) Pause Young (Allocation Failure) 214M->129M(311M) 2.555ms
[165.587s][info][gc] GC(2749) Pause Young (Allocation Failure) 215M->130M(311M) 2.357ms
[165.626s][info][gc] GC(2750) Pause Young (Allocation Failure) 216M->130M(311M) 2.210ms
[165.672s][info][gc] GC(2751) Pause Young (Allocation Failure) 217M->130M(311M) 2.360ms
[165.714s][info][gc] GC(2752) Pause Young (Allocation Failure) 217M->132M(311M) 2.288ms
[165.757s][info][gc] GC(2753) Pause Young (Allocation Failure) 218M->131M(311M) 2.188ms
[165.803s][info][gc] GC(2754) Pause Young (Allocation Failure) 217M->133M(311M) 2.221ms
[165.842s][info][gc] GC(2755) Pause Young (Allocation Failure) 219M->133M(311M) 2.307ms
[165.892s][info][gc] GC(2756) Pause Young (Allocation Failure) 219M->134M(311M) 2.618ms
[165.932s][info][gc] GC(2757) Pause Young (Allocation Failure) 221M->135M(311M) 2.451ms
[165.980s][info][gc] GC(2758) Pause Young (Allocation Failure) 221M->136M(311M) 2.511ms
[166.021s][info][gc] GC(2759) Pause Young (Allocation Failure) 222M->136M(311M) 2.217ms
[166.068s][info][gc] GC(2760) Pause Young (Allocation Failure) 222M->137M(311M) 2.268ms
[166.110s][info][gc] GC(2761) Pause Young (Allocation Failure) 223M->138M(311M) 2.577ms
[166.154s][info][gc] GC(2762) Pause Young (Allocation Failure) 224M->138M(311M) 2.502ms
[166.198s][info][gc] GC(2763) Pause Young (Allocation Failure) 224M->139M(311M) 2.402ms
[166.240s][info][gc] GC(2764) Pause Young (Allocation Failure) 225M->139M(311M) 2.217ms
[166.283s][info][gc] GC(2765) Pause Young (Allocation Failure) 225M->140M(311M) 2.325ms
[166.323s][info][gc] GC(2766) Pause Young (Allocation Failure) 226M->141M(311M) 2.379ms
[166.368s][info][gc] GC(2767) Pause Young (Allocation Failure) 227M->141M(311M) 2.388ms
[166.410s][info][gc] GC(2768) Pause Young (Allocation Failure) 228M->142M(311M) 2.514ms
[166.458s][info][gc] GC(2769) Pause Young (Allocation Failure) 229M->143M(311M) 2.626ms
[166.504s][info][gc] GC(2770) Pause Young (Allocation Failure) 229M->144M(311M) 2.358ms
[166.551s][info][gc] GC(2771) Pause Young (Allocation Failure) 230M->144M(311M) 2.474ms
[166.593s][info][gc] GC(2772) Pause Young (Allocation Failure) 230M->145M(311M) 2.296ms
[166.638s][info][gc] GC(2773) Pause Young (Allocation Failure) 231M->145M(311M) 2.555ms
[166.681s][info][gc] GC(2774) Pause Young (Allocation Failure) 231M->147M(311M) 2.427ms
[166.728s][info][gc] GC(2775) Pause Young (Allocation Failure) 233M->147M(311M) 2.470ms
[166.771s][info][gc] GC(2776) Pause Young (Allocation Failure) 233M->147M(311M) 2.161ms
[166.812s][info][gc] GC(2777) Pause Young (Allocation Failure) 233M->147M(311M) 2.208ms
[166.864s][info][gc] GC(2778) Pause Young (Allocation Failure) 233M->149M(311M) 2.646ms
[166.902s][info][gc] GC(2779) Pause Young (Allocation Failure) 235M->149M(311M) 2.561ms
[166.948s][info][gc] GC(2780) Pause Young (Allocation Failure) 235M->150M(311M) 2.183ms
[166.989s][info][gc] GC(2781) Pause Young (Allocation Failure) 236M->151M(311M) 2.429ms
[167.037s][info][gc] GC(2782) Pause Young (Allocation Failure) 237M->151M(311M) 2.738ms
[167.079s][info][gc] GC(2783) Pause Young (Allocation Failure) 237M->152M(311M) 2.282ms
[167.127s][info][gc] GC(2784) Pause Young (Allocation Failure) 238M->153M(311M) 2.656ms
[167.169s][info][gc] GC(2785) Pause Young (Allocation Failure) 239M->153M(311M) 2.513ms
[167.212s][info][gc] GC(2786) Pause Young (Allocation Failure) 239M->153M(311M) 2.066ms
[167.259s][info][gc] GC(2787) Pause Young (Allocation Failure) 239M->155M(311M) 2.495ms
[167.302s][info][gc] GC(2788) Pause Young (Allocation Failure) 241M->155M(311M) 2.616ms
[167.349s][info][gc] GC(2789) Pause Young (Allocation Failure) 241M->156M(311M) 2.428ms
[167.391s][info][gc] GC(2790) Pause Young (Allocation Failure) 242M->157M(311M) 2.545ms
[167.438s][info][gc] GC(2791) Pause Young (Allocation Failure) 243M->157M(311M) 2.241ms
[167.481s][info][gc] GC(2792) Pause Young (Allocation Failure) 243M->158M(311M) 2.665ms
[167.529s][info][gc] GC(2793) Pause Young (Allocation Failure) 244M->158M(311M) 2.551ms
[167.573s][info][gc] GC(2794) Pause Young (Allocation Failure) 244M->159M(311M) 2.277ms
[167.619s][info][gc] GC(2795) Pause Young (Allocation Failure) 246M->160M(311M) 2.546ms
[167.666s][info][gc] GC(2796) Pause Young (Allocation Failure) 246M->161M(311M) 2.380ms
[167.711s][info][gc] GC(2797) Pause Young (Allocation Failure) 247M->161M(311M) 2.653ms
[167.758s][info][gc] GC(2798) Pause Young (Allocation Failure) 248M->162M(311M) 2.361ms
[167.800s][info][gc] GC(2799) Pause Young (Allocation Failure) 248M->163M(311M) 2.331ms
[167.844s][info][gc] GC(2800) Pause Young (Allocation Failure) 249M->163M(311M) 2.582ms
[167.886s][info][gc] GC(2801) Pause Young (Allocation Failure) 249M->164M(311M) 2.539ms
[167.932s][info][gc] GC(2802) Pause Young (Allocation Failure) 250M->164M(311M) 2.272ms
[167.974s][info][gc] GC(2803) Pause Young (Allocation Failure) 250M->165M(311M) 2.257ms
[168.019s][info][gc] GC(2804) Pause Young (Allocation Failure) 251M->165M(311M) 2.413ms
[168.062s][info][gc] GC(2805) Pause Young (Allocation Failure) 251M->166M(311M) 2.477ms
[168.106s][info][gc] GC(2806) Pause Young (Allocation Failure) 253M->167M(311M) 2.349ms
[168.151s][info][gc] GC(2807) Pause Young (Allocation Failure) 253M->168M(311M) 2.505ms
[168.194s][info][gc] GC(2808) Pause Young (Allocation Failure) 254M->168M(311M) 2.367ms
[168.240s][info][gc] GC(2809) Pause Young (Allocation Failure) 254M->169M(311M) 2.466ms
[168.278s][info][gc] GC(2810) Pause Young (Allocation Failure) 255M->169M(311M) 2.193ms
[168.328s][info][gc] GC(2811) Pause Young (Allocation Failure) 255M->171M(311M) 2.651ms
[168.366s][info][gc] GC(2812) Pause Young (Allocation Failure) 257M->171M(311M) 2.602ms
[168.416s][info][gc] GC(2813) Pause Young (Allocation Failure) 257M->172M(311M) 2.406ms
[168.455s][info][gc] GC(2814) Pause Young (Allocation Failure) 258M->173M(311M) 2.483ms
[168.503s][info][gc] GC(2815) Pause Young (Allocation Failure) 259M->173M(311M) 2.217ms
[168.543s][info][gc] GC(2816) Pause Young (Allocation Failure) 259M->174M(311M) 2.306ms
[168.590s][info][gc] GC(2817) Pause Young (Allocation Failure) 260M->174M(311M) 2.508ms
[168.632s][info][gc] GC(2818) Pause Young (Allocation Failure) 261M->175M(311M) 2.458ms
[168.676s][info][gc] GC(2819) Pause Young (Allocation Failure) 261M->175M(311M) 2.066ms
[168.725s][info][gc] GC(2820) Pause Young (Allocation Failure) 261M->177M(311M) 2.571ms
[168.762s][info][gc] GC(2821) Pause Young (Allocation Failure) 263M->176M(311M) 2.011ms
[168.975s][info][gc] GC(2822) Pause Young (Allocation Failure) 262M->179M(311M) 2.510ms
[169.023s][info][gc] GC(2823) Pause Young (Allocation Failure) 265M->181M(311M) 3.146ms
[169.062s][info][gc] GC(2824) Pause Young (Allocation Failure) 267M->180M(311M) 2.359ms
[169.109s][info][gc] GC(2825) Pause Young (Allocation Failure) 266M->182M(311M) 2.010ms
[169.147s][info][gc] GC(2826) Pause Young (Allocation Failure) 268M->183M(311M) 2.019ms
[169.194s][info][gc] GC(2827) Pause Young (Allocation Failure) 269M->183M(311M) 2.241ms
[169.240s][info][gc] GC(2828) Pause Young (Allocation Failure) 269M->184M(311M) 2.616ms
[169.284s][info][gc] GC(2829) Pause Young (Allocation Failure) 270M->185M(311M) 2.636ms
[169.328s][info][gc] GC(2830) Pause Young (Allocation Failure) 271M->185M(311M) 2.325ms
[169.374s][info][gc] GC(2831) Pause Young (Allocation Failure) 271M->186M(311M) 2.370ms
[169.415s][info][gc] GC(2832) Pause Young (Allocation Failure) 272M->186M(311M) 2.185ms
[169.454s][info][gc] GC(2833) Pause Young (Allocation Failure) 273M->186M(311M) 1.828ms
[169.499s][info][gc] GC(2834) Pause Young (Allocation Failure) 272M->188M(311M) 2.411ms
[169.542s][info][gc] GC(2835) Pause Young (Allocation Failure) 274M->188M(311M) 2.559ms
[169.592s][info][gc] GC(2836) Pause Young (Allocation Failure) 274M->189M(311M) 2.514ms
[169.632s][info][gc] GC(2837) Pause Young (Allocation Failure) 275M->190M(311M) 2.537ms
[169.680s][info][gc] GC(2838) Pause Young (Allocation Failure) 276M->191M(311M) 2.623ms
[169.720s][info][gc] GC(2839) Pause Young (Allocation Failure) 277M->191M(311M) 2.505ms
[169.769s][info][gc] GC(2840) Pause Young (Allocation Failure) 277M->192M(311M) 2.531ms
[169.809s][info][gc] GC(2841) Pause Young (Allocation Failure) 278M->193M(311M) 2.440ms
[169.854s][info][gc] GC(2842) Pause Young (Allocation Failure) 279M->193M(311M) 2.330ms
[169.899s][info][gc] GC(2843) Pause Young (Allocation Failure) 279M->194M(311M) 2.342ms
[169.939s][info][gc] GC(2844) Pause Young (Allocation Failure) 280M->193M(311M) 2.157ms
[169.987s][info][gc] GC(2845) Pause Young (Allocation Failure) 279M->195M(311M) 2.461ms
[170.028s][info][gc] GC(2846) Pause Young (Allocation Failure) 281M->195M(311M) 2.328ms
[170.079s][info][gc] GC(2847) Pause Young (Allocation Failure) 281M->197M(311M) 2.415ms
[170.119s][info][gc] GC(2848) Pause Young (Allocation Failure) 283M->196M(311M) 2.292ms
[170.167s][info][gc] GC(2849) Pause Young (Allocation Failure) 282M->198M(311M) 2.356ms
[170.209s][info][gc] GC(2850) Pause Young (Allocation Failure) 284M->198M(311M) 2.376ms
[170.261s][info][gc] GC(2851) Pause Young (Allocation Failure) 284M->199M(311M) 2.652ms
[170.303s][info][gc] GC(2852) Pause Young (Allocation Failure) 285M->199M(311M) 2.434ms
[170.348s][info][gc] GC(2853) Pause Young (Allocation Failure) 286M->200M(311M) 2.407ms
[170.391s][info][gc] GC(2854) Pause Young (Allocation Failure) 286M->201M(311M) 2.403ms
[170.437s][info][gc] GC(2855) Pause Young (Allocation Failure) 287M->201M(311M) 2.462ms
[170.482s][info][gc] GC(2856) Pause Young (Allocation Failure) 287M->202M(311M) 2.481ms
[170.524s][info][gc] GC(2857) Pause Young (Allocation Failure) 288M->203M(311M) 2.378ms
[170.568s][info][gc] GC(2858) Pause Young (Allocation Failure) 289M->204M(311M) 2.401ms
[170.612s][info][gc] GC(2859) Pause Young (Allocation Failure) 290M->204M(311M) 2.401ms
[170.658s][info][gc] GC(2860) Pause Young (Allocation Failure) 290M->205M(311M) 2.288ms
[170.701s][info][gc] GC(2861) Pause Young (Allocation Failure) 291M->206M(311M) 2.504ms
[170.751s][info][gc] GC(2862) Pause Young (Allocation Failure) 292M->206M(311M) 2.649ms
[170.791s][info][gc] GC(2863) Pause Young (Allocation Failure) 292M->207M(311M) 2.262ms
[170.836s][info][gc] GC(2864) Pause Young (Allocation Failure) 293M->207M(311M) 2.257ms
[170.879s][info][gc] GC(2865) Pause Young (Allocation Failure) 293M->208M(311M) 2.305ms
[170.919s][info][gc] GC(2866) Pause Young (Allocation Failure) 294M->208M(311M) 2.185ms
[170.966s][info][gc] GC(2867) Pause Young (Allocation Failure) 294M->210M(311M) 2.538ms
[171.006s][info][gc] GC(2868) Pause Young (Allocation Failure) 296M->210M(311M) 2.557ms
[171.052s][info][gc] GC(2869) Pause Young (Allocation Failure) 296M->211M(311M) 2.306ms
[171.093s][info][gc] GC(2870) Pause Young (Allocation Failure) 297M->211M(311M) 2.391ms
[171.141s][info][gc] GC(2871) Pause Young (Allocation Failure) 297M->212M(311M) 2.566ms
[171.182s][info][gc] GC(2872) Pause Young (Allocation Failure) 298M->213M(311M) 2.488ms
[171.230s][info][gc] GC(2873) Pause Young (Allocation Failure) 299M->214M(311M) 2.369ms
[171.271s][info][gc] GC(2874) Pause Young (Allocation Failure) 300M->214M(311M) 2.612ms
[171.315s][info][gc] GC(2875) Pause Young (Allocation Failure) 300M->214M(311M) 2.017ms
[171.357s][info][gc] GC(2876) Pause Young (Allocation Failure) 300M->215M(311M) 2.263ms
[171.399s][info][gc] GC(2877) Pause Young (Allocation Failure) 301M->215M(311M) 2.226ms
[171.445s][info][gc] GC(2878) Pause Young (Allocation Failure) 302M->217M(311M) 2.416ms
[171.487s][info][gc] GC(2879) Pause Young (Allocation Failure) 303M->217M(311M) 2.563ms
[171.533s][info][gc] GC(2880) Pause Young (Allocation Failure) 303M->218M(311M) 2.599ms
[171.574s][info][gc] GC(2881) Pause Young (Allocation Failure) 304M->219M(311M) 2.521ms
[171.620s][info][gc] GC(2882) Pause Young (Allocation Failure) 305M->219M(311M) 2.401ms
[171.663s][info][gc] GC(2883) Pause Young (Allocation Failure) 306M->220M(312M) 2.417ms
[171.708s][info][gc] GC(2884) Pause Full (Allocation Failure) 220M->67M(311M) 45.485ms
[171.755s][info][gc] GC(2885) Pause Young (Allocation Failure) 153M->71M(311M) 1.526ms
[171.798s][info][gc] GC(2886) Pause Young (Allocation Failure) 157M->71M(311M) 1.867ms
[171.845s][info][gc] GC(2887) Pause Young (Allocation Failure) 157M->71M(311M) 1.650ms
[171.888s][info][gc] GC(2888) Pause Young (Allocation Failure) 157M->73M(311M) 2.115ms
[171.926s][info][gc] GC(2889) Pause Young (Allocation Failure) 159M->73M(311M) 2.033ms
[171.974s][info][gc] GC(2890) Pause Young (Allocation Failure) 159M->74M(311M) 2.431ms
[172.014s][info][gc] GC(2891) Pause Young (Allocation Failure) 160M->75M(311M) 2.515ms
[172.062s][info][gc] GC(2892) Pause Young (Allocation Failure) 161M->75M(311M) 2.523ms
[172.103s][info][gc] GC(2893) Pause Young (Allocation Failure) 161M->76M(311M) 2.223ms
[172.153s][info][gc] GC(2894) Pause Young (Allocation Failure) 162M->77M(311M) 2.637ms
[172.192s][info][gc] GC(2895) Pause Young (Allocation Failure) 163M->77M(311M) 2.461ms
[172.239s][info][gc] GC(2896) Pause Young (Allocation Failure) 163M->78M(311M) 2.258ms
[172.280s][info][gc] GC(2897) Pause Young (Allocation Failure) 164M->79M(311M) 2.232ms
[172.321s][info][gc] GC(2898) Pause Young (Allocation Failure) 165M->79M(311M) 2.365ms
[172.365s][info][gc] GC(2899) Pause Young (Allocation Failure) 165M->80M(311M) 2.567ms
[172.407s][info][gc] GC(2900) Pause Young (Allocation Failure) 166M->80M(311M) 2.355ms
[172.452s][info][gc] GC(2901) Pause Young (Allocation Failure) 166M->81M(311M) 2.318ms
[172.495s][info][gc] GC(2902) Pause Young (Allocation Failure) 167M->82M(311M) 2.380ms
[172.542s][info][gc] GC(2903) Pause Young (Allocation Failure) 168M->83M(311M) 2.619ms
[172.584s][info][gc] GC(2904) Pause Young (Allocation Failure) 169M->83M(311M) 2.502ms
[172.630s][info][gc] GC(2905) Pause Young (Allocation Failure) 169M->84M(311M) 2.291ms
[172.674s][info][gc] GC(2906) Pause Young (Allocation Failure) 170M->85M(311M) 2.417ms
[172.719s][info][gc] GC(2907) Pause Young (Allocation Failure) 171M->85M(311M) 2.487ms
[172.759s][info][gc] GC(2908) Pause Young (Allocation Failure) 171M->86M(311M) 2.227ms
[172.801s][info][gc] GC(2909) Pause Young (Allocation Failure) 172M->86M(311M) 2.387ms
[172.849s][info][gc] GC(2910) Pause Young (Allocation Failure) 172M->87M(311M) 2.577ms
[172.891s][info][gc] GC(2911) Pause Young (Allocation Failure) 173M->87M(311M) 2.676ms
[172.939s][info][gc] GC(2912) Pause Young (Allocation Failure) 173M->88M(311M) 2.324ms
[172.980s][info][gc] GC(2913) Pause Young (Allocation Failure) 174M->89M(311M) 2.527ms
[173.028s][info][gc] GC(2914) Pause Young (Allocation Failure) 175M->90M(311M) 2.344ms
[173.067s][info][gc] GC(2915) Pause Young (Allocation Failure) 176M->90M(311M) 2.480ms
[173.113s][info][gc] GC(2916) Pause Young (Allocation Failure) 176M->91M(311M) 2.256ms
[173.156s][info][gc] GC(2917) Pause Young (Allocation Failure) 177M->91M(311M) 2.276ms
[173.200s][info][gc] GC(2918) Pause Young (Allocation Failure) 177M->92M(311M) 2.480ms
[173.243s][info][gc] GC(2919) Pause Young (Allocation Failure) 178M->93M(311M) 2.407ms
[173.286s][info][gc] GC(2920) Pause Young (Allocation Failure) 179M->93M(311M) 2.371ms
[173.332s][info][gc] GC(2921) Pause Young (Allocation Failure) 179M->94M(311M) 2.379ms
[173.373s][info][gc] GC(2922) Pause Young (Allocation Failure) 180M->95M(311M) 2.292ms
[173.420s][info][gc] GC(2923) Pause Young (Allocation Failure) 181M->95M(311M) 2.540ms
[173.464s][info][gc] GC(2924) Pause Young (Allocation Failure) 181M->97M(311M) 2.561ms
[173.513s][info][gc] GC(2925) Pause Young (Allocation Failure) 183M->97M(311M) 2.628ms
[173.554s][info][gc] GC(2926) Pause Young (Allocation Failure) 183M->98M(311M) 2.305ms
[173.599s][info][gc] GC(2927) Pause Young (Allocation Failure) 184M->98M(311M) 2.320ms
[173.640s][info][gc] GC(2928) Pause Young (Allocation Failure) 184M->99M(311M) 2.251ms
[173.687s][info][gc] GC(2929) Pause Young (Allocation Failure) 185M->100M(311M) 2.601ms
[173.728s][info][gc] GC(2930) Pause Young (Allocation Failure) 186M->100M(311M) 2.459ms
[173.771s][info][gc] GC(2931) Pause Young (Allocation Failure) 186M->100M(311M) 1.966ms
[173.815s][info][gc] GC(2932) Pause Young (Allocation Failure) 186M->102M(311M) 2.473ms
[173.856s][info][gc] GC(2933) Pause Young (Allocation Failure) 188M->102M(311M) 2.517ms
[174.080s][info][gc] GC(2934) Pause Young (Allocation Failure) 188M->103M(311M) 2.189ms
[174.154s][info][gc] GC(2935) Pause Young (Allocation Failure) 189M->103M(311M) 2.088ms
[174.235s][info][gc] GC(2936) Pause Young (Allocation Failure) 189M->104M(311M) 2.236ms
[174.319s][info][gc] GC(2937) Pause Young (Allocation Failure) 190M->104M(311M) 2.500ms
[174.404s][info][gc] GC(2938) Pause Young (Allocation Failure) 190M->105M(311M) 2.286ms
[174.493s][info][gc] GC(2939) Pause Young (Allocation Failure) 191M->106M(311M) 2.346ms
[174.577s][info][gc] GC(2940) Pause Young (Allocation Failure) 192M->106M(311M) 1.978ms
[174.658s][info][gc] GC(2941) Pause Young (Allocation Failure) 192M->107M(311M) 2.126ms
[174.743s][info][gc] GC(2942) Pause Young (Allocation Failure) 193M->108M(311M) 2.532ms
[174.828s][info][gc] GC(2943) Pause Young (Allocation Failure) 194M->109M(311M) 2.450ms
[174.910s][info][gc] GC(2944) Pause Young (Allocation Failure) 195M->109M(311M) 2.452ms
[174.993s][info][gc] GC(2945) Pause Young (Allocation Failure) 195M->110M(311M) 2.198ms
[175.075s][info][gc] GC(2946) Pause Young (Allocation Failure) 196M->110M(311M) 2.146ms
[175.153s][info][gc] GC(2947) Pause Young (Allocation Failure) 196M->111M(311M) 2.163ms
[175.236s][info][gc] GC(2948) Pause Young (Allocation Failure) 197M->112M(311M) 2.443ms
[175.322s][info][gc] GC(2949) Pause Young (Allocation Failure) 198M->112M(311M) 2.370ms
[175.408s][info][gc] GC(2950) Pause Young (Allocation Failure) 198M->113M(311M) 2.341ms
[175.489s][info][gc] GC(2951) Pause Young (Allocation Failure) 199M->114M(311M) 2.497ms
[175.573s][info][gc] GC(2952) Pause Young (Allocation Failure) 200M->115M(311M) 2.432ms
[175.659s][info][gc] GC(2953) Pause Young (Allocation Failure) 201M->115M(311M) 2.218ms
[175.740s][info][gc] GC(2954) Pause Young (Allocation Failure) 201M->116M(311M) 2.264ms
[175.821s][info][gc] GC(2955) Pause Young (Allocation Failure) 202M->116M(311M) 2.232ms
[175.908s][info][gc] GC(2956) Pause Young (Allocation Failure) 202M->117M(311M) 2.221ms
[175.991s][info][gc] GC(2957) Pause Young (Allocation Failure) 203M->118M(311M) 2.394ms
[176.067s][info][gc] GC(2958) Pause Young (Allocation Failure) 204M->118M(311M) 1.877ms
[176.153s][info][gc] GC(2959) Pause Young (Allocation Failure) 204M->119M(311M) 2.400ms
[176.237s][info][gc] GC(2960) Pause Young (Allocation Failure) 205M->120M(311M) 2.625ms
[176.322s][info][gc] GC(2961) Pause Young (Allocation Failure) 206M->120M(311M) 2.472ms
[176.404s][info][gc] GC(2962) Pause Young (Allocation Failure) 206M->121M(311M) 2.609ms
[176.487s][info][gc] GC(2963) Pause Young (Allocation Failure) 207M->122M(311M) 2.496ms
[176.571s][info][gc] GC(2964) Pause Young (Allocation Failure) 208M->122M(311M) 2.236ms
[176.657s][info][gc] GC(2965) Pause Young (Allocation Failure) 208M->123M(311M) 2.333ms
[176.741s][info][gc] GC(2966) Pause Young (Allocation Failure) 209M->124M(311M) 2.193ms
[176.823s][info][gc] GC(2967) Pause Young (Allocation Failure) 210M->124M(311M) 2.198ms
[176.902s][info][gc] GC(2968) Pause Young (Allocation Failure) 210M->125M(311M) 2.335ms
[176.980s][info][gc] GC(2969) Pause Young (Allocation Failure) 211M->125M(311M) 1.947ms
[177.061s][info][gc] GC(2970) Pause Young (Allocation Failure) 211M->126M(311M) 2.298ms
[177.146s][info][gc] GC(2971) Pause Young (Allocation Failure) 212M->127M(311M) 2.314ms
[177.232s][info][gc] GC(2972) Pause Young (Allocation Failure) 213M->128M(311M) 2.332ms
[177.317s][info][gc] GC(2973) Pause Young (Allocation Failure) 214M->128M(311M) 2.520ms
[177.407s][info][gc] GC(2974) Pause Young (Allocation Failure) 214M->129M(311M) 2.519ms
[177.492s][info][gc] GC(2975) Pause Young (Allocation Failure) 215M->130M(311M) 2.379ms
[177.574s][info][gc] GC(2976) Pause Young (Allocation Failure) 216M->130M(311M) 2.210ms
[177.663s][info][gc] GC(2977) Pause Young (Allocation Failure) 216M->131M(311M) 2.535ms
[177.746s][info][gc] GC(2978) Pause Young (Allocation Failure) 217M->132M(311M) 2.490ms
[177.831s][info][gc] GC(2979) Pause Young (Allocation Failure) 218M->132M(311M) 2.113ms
[177.913s][info][gc] GC(2980) Pause Young (Allocation Failure) 218M->132M(311M) 2.167ms
[177.996s][info][gc] GC(2981) Pause Young (Allocation Failure) 218M->133M(311M) 2.197ms
[178.076s][info][gc] GC(2982) Pause Young (Allocation Failure) 219M->134M(311M) 2.420ms
[178.164s][info][gc] GC(2983) Pause Young (Allocation Failure) 220M->135M(311M) 2.449ms
[178.247s][info][gc] GC(2984) Pause Young (Allocation Failure) 221M->136M(311M) 2.416ms
[178.334s][info][gc] GC(2985) Pause Young (Allocation Failure) 222M->136M(311M) 2.406ms
[178.416s][info][gc] GC(2986) Pause Young (Allocation Failure) 222M->137M(311M) 2.342ms
[178.500s][info][gc] GC(2987) Pause Young (Allocation Failure) 223M->138M(311M) 2.410ms
[178.584s][info][gc] GC(2988) Pause Young (Allocation Failure) 224M->138M(311M) 2.397ms
[178.804s][info][gc] GC(2989) Pause Young (Allocation Failure) 224M->139M(311M) 2.009ms
[178.893s][info][gc] GC(2990) Pause Young (Allocation Failure) 225M->141M(311M) 2.861ms
[178.982s][info][gc] GC(2991) Pause Young (Allocation Failure) 227M->142M(311M) 2.864ms
[179.064s][info][gc] GC(2992) Pause Young (Allocation Failure) 228M->142M(311M) 2.378ms
[179.151s][info][gc] GC(2993) Pause Young (Allocation Failure) 228M->143M(311M) 2.541ms
[179.233s][info][gc] GC(2994) Pause Young (Allocation Failure) 229M->144M(311M) 2.466ms
[179.317s][info][gc] GC(2995) Pause Young (Allocation Failure) 230M->144M(311M) 1.882ms
[179.399s][info][gc] GC(2996) Pause Young (Allocation Failure) 230M->145M(311M) 2.203ms
[179.482s][info][gc] GC(2997) Pause Young (Allocation Failure) 231M->145M(311M) 2.386ms
[179.564s][info][gc] GC(2998) Pause Young (Allocation Failure) 231M->146M(311M) 2.313ms
[179.646s][info][gc] GC(2999) Pause Young (Allocation Failure) 232M->146M(311M) 2.144ms
[179.723s][info][gc] GC(3000) Pause Young (Allocation Failure) 232M->147M(311M) 2.127ms
[179.807s][info][gc] GC(3001) Pause Young (Allocation Failure) 233M->148M(311M) 2.367ms
[179.896s][info][gc] GC(3002) Pause Young (Allocation Failure) 234M->149M(311M) 2.425ms
[179.977s][info][gc] GC(3003) Pause Young (Allocation Failure) 235M->149M(311M) 2.416ms
[180.067s][info][gc] GC(3004) Pause Young (Allocation Failure) 235M->150M(311M) 2.278ms
[180.149s][info][gc] GC(3005) Pause Young (Allocation Failure) 236M->151M(311M) 2.350ms
[180.233s][info][gc] GC(3006) Pause Young (Allocation Failure) 237M->151M(311M) 2.259ms
[180.317s][info][gc] GC(3007) Pause Young (Allocation Failure) 237M->152M(311M) 2.448ms
[180.404s][info][gc] GC(3008) Pause Young (Allocation Failure) 238M->153M(311M) 2.458ms
[180.485s][info][gc] GC(3009) Pause Young (Allocation Failure) 239M->153M(311M) 2.346ms
[180.562s][info][gc] GC(3010) Pause Young (Allocation Failure) 239M->154M(311M) 2.093ms
[180.645s][info][gc] GC(3011) Pause Young (Allocation Failure) 240M->155M(311M) 2.369ms
[180.730s][info][gc] GC(3012) Pause Young (Allocation Failure) 241M->155M(311M) 2.358ms
[180.816s][info][gc] GC(3013) Pause Young (Allocation Failure) 241M->156M(311M) 2.402ms
[180.899s][info][gc] GC(3014) Pause Young (Allocation Failure) 242M->157M(311M) 2.445ms
[180.983s][info][gc] GC(3015) Pause Young (Allocation Failure) 243M->158M(311M) 2.524ms
[181.065s][info][gc] GC(3016) Pause Young (Allocation Failure) 244M->158M(311M) 2.244ms
[181.148s][info][gc] GC(3017) Pause Young (Allocation Failure) 244M->159M(311M) 2.176ms
[181.231s][info][gc] GC(3018) Pause Young (Allocation Failure) 245M->159M(311M) 2.120ms
[181.316s][info][gc] GC(3019) Pause Young (Allocation Failure) 245M->160M(311M) 2.364ms
[181.391s][info][gc] GC(3020) Pause Young (Allocation Failure) 246M->160M(311M) 2.041ms
[181.474s][info][gc] GC(3021) Pause Young (Allocation Failure) 246M->161M(311M) 2.327ms
[181.559s][info][gc] GC(3022) Pause Young (Allocation Failure) 247M->162M(311M) 2.566ms
[181.644s][info][gc] GC(3023) Pause Young (Allocation Failure) 248M->163M(311M) 2.363ms
[181.724s][info][gc] GC(3024) Pause Young (Allocation Failure) 249M->163M(311M) 2.352ms
[181.810s][info][gc] GC(3025) Pause Young (Allocation Failure) 249M->164M(311M) 2.354ms
[181.894s][info][gc] GC(3026) Pause Young (Allocation Failure) 250M->165M(311M) 2.399ms
[181.978s][info][gc] GC(3027) Pause Young (Allocation Failure) 251M->166M(311M) 2.200ms
[182.060s][info][gc] GC(3028) Pause Young (Allocation Failure) 252M->166M(311M) 2.357ms
[182.144s][info][gc] GC(3029) Pause Young (Allocation Failure) 252M->167M(311M) 2.168ms
[182.228s][info][gc] GC(3030) Pause Young (Allocation Failure) 253M->167M(311M) 2.366ms
[182.306s][info][gc] GC(3031) Pause Young (Allocation Failure) 253M->168M(311M) 2.215ms
[182.383s][info][gc] GC(3032) Pause Young (Allocation Failure) 254M->169M(311M) 2.129ms
[182.473s][info][gc] GC(3033) Pause Young (Allocation Failure) 255M->169M(311M) 2.395ms
[182.557s][info][gc] GC(3034) Pause Young (Allocation Failure) 255M->170M(311M) 2.159ms
[182.647s][info][gc] GC(3035) Pause Young (Allocation Failure) 256M->171M(311M) 2.417ms
[182.732s][info][gc] GC(3036) Pause Young (Allocation Failure) 257M->171M(311M) 2.448ms
[182.817s][info][gc] GC(3037) Pause Young (Allocation Failure) 257M->172M(311M) 2.298ms
[182.894s][info][gc] GC(3038) Pause Young (Allocation Failure) 258M->173M(311M) 2.174ms
[182.981s][info][gc] GC(3039) Pause Young (Allocation Failure) 259M->173M(311M) 2.194ms
[183.060s][info][gc] GC(3040) Pause Young (Allocation Failure) 259M->174M(311M) 2.377ms
[183.146s][info][gc] GC(3041) Pause Young (Allocation Failure) 260M->175M(311M) 2.091ms
[183.219s][info][gc] GC(3042) Pause Young (Allocation Failure) 261M->175M(311M) 2.180ms
[183.303s][info][gc] GC(3043) Pause Young (Allocation Failure) 261M->176M(311M) 2.450ms
[183.388s][info][gc] GC(3044) Pause Young (Allocation Failure) 262M->176M(311M) 2.353ms
[183.613s][info][gc] GC(3045) Pause Young (Allocation Failure) 262M->178M(311M) 2.324ms
[183.701s][info][gc] GC(3046) Pause Young (Allocation Failure) 264M->179M(311M) 2.710ms
[183.784s][info][gc] GC(3047) Pause Young (Allocation Failure) 265M->179M(311M) 2.464ms
[183.867s][info][gc] GC(3048) Pause Young (Allocation Failure) 265M->180M(311M) 2.212ms
[183.951s][info][gc] GC(3049) Pause Young (Allocation Failure) 266M->180M(311M) 2.416ms
[184.027s][info][gc] GC(3050) Pause Young (Allocation Failure) 266M->181M(311M) 2.005ms
[184.112s][info][gc] GC(3051) Pause Young (Allocation Failure) 267M->182M(311M) 2.420ms
[184.196s][info][gc] GC(3052) Pause Young (Allocation Failure) 268M->183M(311M) 2.197ms
[184.281s][info][gc] GC(3053) Pause Young (Allocation Failure) 269M->183M(311M) 2.466ms
[184.365s][info][gc] GC(3054) Pause Young (Allocation Failure) 269M->184M(311M) 2.295ms
[184.448s][info][gc] GC(3055) Pause Young (Allocation Failure) 270M->185M(311M) 2.183ms
[184.534s][info][gc] GC(3056) Pause Young (Allocation Failure) 271M->185M(311M) 2.575ms
[184.618s][info][gc] GC(3057) Pause Young (Allocation Failure) 271M->186M(311M) 2.189ms
[184.699s][info][gc] GC(3058) Pause Young (Allocation Failure) 272M->187M(311M) 2.112ms
[184.785s][info][gc] GC(3059) Pause Young (Allocation Failure) 273M->187M(311M) 2.393ms
[184.872s][info][gc] GC(3060) Pause Young (Allocation Failure) 273M->188M(311M) 2.561ms
[184.948s][info][gc] GC(3061) Pause Young (Allocation Failure) 274M->188M(311M) 2.050ms
[185.033s][info][gc] GC(3062) Pause Young (Allocation Failure) 274M->189M(311M) 2.429ms
[185.119s][info][gc] GC(3063) Pause Young (Allocation Failure) 275M->190M(311M) 2.671ms
[185.207s][info][gc] GC(3064) Pause Young (Allocation Failure) 276M->191M(311M) 2.244ms
[185.292s][info][gc] GC(3065) Pause Young (Allocation Failure) 277M->191M(311M) 2.151ms
[185.382s][info][gc] GC(3066) Pause Young (Allocation Failure) 277M->192M(311M) 2.314ms
[185.465s][info][gc] GC(3067) Pause Young (Allocation Failure) 278M->193M(311M) 2.486ms
[185.547s][info][gc] GC(3068) Pause Young (Allocation Failure) 279M->193M(311M) 2.175ms
[185.634s][info][gc] GC(3069) Pause Young (Allocation Failure) 279M->194M(311M) 2.256ms
[185.716s][info][gc] GC(3070) Pause Young (Allocation Failure) 280M->195M(311M) 2.425ms
[185.802s][info][gc] GC(3071) Pause Young (Allocation Failure) 281M->195M(311M) 2.179ms
[185.885s][info][gc] GC(3072) Pause Young (Allocation Failure) 281M->196M(311M) 2.176ms
[185.959s][info][gc] GC(3073) Pause Young (Allocation Failure) 282M->196M(311M) 2.088ms
[186.042s][info][gc] GC(3074) Pause Young (Allocation Failure) 282M->197M(311M) 2.418ms
[186.130s][info][gc] GC(3075) Pause Young (Allocation Failure) 283M->198M(311M) 2.355ms
[186.216s][info][gc] GC(3076) Pause Young (Allocation Failure) 284M->199M(311M) 2.257ms
[186.297s][info][gc] GC(3077) Pause Young (Allocation Failure) 285M->199M(311M) 2.329ms
[186.382s][info][gc] GC(3078) Pause Young (Allocation Failure) 285M->200M(311M) 2.227ms
[186.467s][info][gc] GC(3079) Pause Young (Allocation Failure) 286M->201M(311M) 2.577ms
[186.549s][info][gc] GC(3080) Pause Young (Allocation Failure) 287M->201M(311M) 2.203ms
[186.637s][info][gc] GC(3081) Pause Young (Allocation Failure) 287M->202M(311M) 2.303ms
[186.720s][info][gc] GC(3082) Pause Young (Allocation Failure) 288M->202M(311M) 2.199ms
[186.808s][info][gc] GC(3083) Pause Young (Allocation Failure) 288M->203M(311M) 2.221ms
[186.877s][info][gc] GC(3084) Pause Young (Allocation Failure) 289M->203M(311M) 2.188ms
[186.963s][info][gc] GC(3085) Pause Young (Allocation Failure) 289M->204M(311M) 2.147ms
[187.045s][info][gc] GC(3086) Pause Young (Allocation Failure) 290M->205M(311M) 2.361ms
[187.130s][info][gc] GC(3087) Pause Young (Allocation Failure) 291M->206M(311M) 2.480ms
[187.215s][info][gc] GC(3088) Pause Young (Allocation Failure) 292M->206M(311M) 2.445ms
[187.295s][info][gc] GC(3089) Pause Young (Allocation Failure) 292M->207M(311M) 2.199ms
[187.380s][info][gc] GC(3090) Pause Young (Allocation Failure) 293M->208M(311M) 2.282ms
[187.464s][info][gc] GC(3091) Pause Young (Allocation Failure) 294M->208M(311M) 2.131ms
[187.550s][info][gc] GC(3092) Pause Young (Allocation Failure) 294M->209M(311M) 2.554ms
[187.634s][info][gc] GC(3093) Pause Young (Allocation Failure) 295M->210M(311M) 2.467ms
[187.719s][info][gc] GC(3094) Pause Young (Allocation Failure) 296M->210M(311M) 2.541ms
[187.805s][info][gc] GC(3095) Pause Young (Allocation Failure) 296M->211M(311M) 2.110ms
[187.878s][info][gc] GC(3096) Pause Young (Allocation Failure) 297M->212M(311M) 2.069ms
[187.963s][info][gc] GC(3097) Pause Young (Allocation Failure) 298M->212M(311M) 2.432ms
[188.045s][info][gc] GC(3098) Pause Young (Allocation Failure) 298M->213M(311M) 2.412ms
[188.129s][info][gc] GC(3099) Pause Young (Allocation Failure) 299M->214M(311M) 2.155ms
[188.374s][info][gc] GC(3100) Pause Young (Allocation Failure) 300M->215M(311M) 2.674ms
[188.458s][info][gc] GC(3101) Pause Young (Allocation Failure) 301M->216M(311M) 2.727ms
[188.544s][info][gc] GC(3102) Pause Young (Allocation Failure) 302M->216M(311M) 2.335ms
[188.626s][info][gc] GC(3103) Pause Young (Allocation Failure) 302M->216M(311M) 2.191ms
[188.707s][info][gc] GC(3104) Pause Young (Allocation Failure) 302M->217M(311M) 2.039ms
[188.792s][info][gc] GC(3105) Pause Young (Allocation Failure) 303M->218M(311M) 2.421ms
[188.875s][info][gc] GC(3106) Pause Young (Allocation Failure) 304M->219M(311M) 2.451ms
[188.962s][info][gc] GC(3107) Pause Young (Allocation Failure) 305M->220M(311M) 2.082ms
[189.042s][info][gc] GC(3108) Pause Young (Allocation Failure) 306M->220M(311M) 2.345ms
[189.068s][info][gc] GC(3109) Pause Full (Allocation Failure) 220M->33M(311M) 26.246ms
[189.149s][info][gc] GC(3110) Pause Young (Allocation Failure) 119M->35M(311M) 1.124ms
[189.233s][info][gc] GC(3111) Pause Young (Allocation Failure) 121M->35M(311M) 1.262ms
[189.315s][info][gc] GC(3112) Pause Young (Allocation Failure) 121M->36M(311M) 1.515ms
[189.400s][info][gc] GC(3113) Pause Young (Allocation Failure) 122M->37M(311M) 1.668ms
[189.482s][info][gc] GC(3114) Pause Young (Allocation Failure) 123M->37M(311M) 1.750ms
[189.565s][info][gc] GC(3115) Pause Young (Allocation Failure) 123M->38M(311M) 1.891ms
[189.644s][info][gc] GC(3116) Pause Young (Allocation Failure) 124M->38M(311M) 1.975ms
[189.723s][info][gc] GC(3117) Pause Young (Allocation Failure) 124M->39M(311M) 2.192ms
[189.810s][info][gc] GC(3118) Pause Young (Allocation Failure) 125M->40M(311M) 2.323ms
[189.896s][info][gc] GC(3119) Pause Young (Allocation Failure) 126M->41M(311M) 2.491ms
[189.982s][info][gc] GC(3120) Pause Young (Allocation Failure) 127M->41M(311M) 2.454ms
[190.067s][info][gc] GC(3121) Pause Young (Allocation Failure) 127M->42M(311M) 2.169ms
[190.150s][info][gc] GC(3122) Pause Young (Allocation Failure) 128M->43M(311M) 2.426ms
[190.233s][info][gc] GC(3123) Pause Young (Allocation Failure) 129M->43M(311M) 2.194ms
[190.322s][info][gc] GC(3124) Pause Young (Allocation Failure) 129M->44M(311M) 2.252ms
[190.405s][info][gc] GC(3125) Pause Young (Allocation Failure) 130M->45M(311M) 2.396ms
[190.481s][info][gc] GC(3126) Pause Young (Allocation Failure) 131M->45M(311M) 2.044ms
[190.564s][info][gc] GC(3127) Pause Young (Allocation Failure) 131M->46M(311M) 2.201ms
[190.648s][info][gc] GC(3128) Pause Young (Allocation Failure) 132M->46M(311M) 2.411ms
[190.731s][info][gc] GC(3129) Pause Young (Allocation Failure) 132M->47M(311M) 2.088ms
[190.813s][info][gc] GC(3130) Pause Young (Allocation Failure) 133M->48M(311M) 2.424ms
[190.898s][info][gc] GC(3131) Pause Young (Allocation Failure) 134M->49M(311M) 2.504ms
[190.982s][info][gc] GC(3132) Pause Young (Allocation Failure) 135M->49M(311M) 2.163ms
[191.068s][info][gc] GC(3133) Pause Young (Allocation Failure) 135M->50M(311M) 2.185ms
[191.150s][info][gc] GC(3134) Pause Young (Allocation Failure) 136M->50M(311M) 2.385ms
[191.236s][info][gc] GC(3135) Pause Young (Allocation Failure) 136M->51M(311M) 2.150ms
[191.318s][info][gc] GC(3136) Pause Young (Allocation Failure) 137M->52M(311M) 2.376ms
[191.393s][info][gc] GC(3137) Pause Young (Allocation Failure) 138M->52M(311M) 1.808ms
[191.474s][info][gc] GC(3138) Pause Young (Allocation Failure) 138M->53M(311M) 2.093ms
[191.557s][info][gc] GC(3139) Pause Young (Allocation Failure) 139M->54M(311M) 2.613ms
[191.639s][info][gc] GC(3140) Pause Young (Allocation Failure) 140M->54M(311M) 2.426ms
[191.723s][info][gc] GC(3141) Pause Young (Allocation Failure) 140M->55M(311M) 2.096ms
[191.811s][info][gc] GC(3142) Pause Young (Allocation Failure) 141M->56M(311M) 2.187ms
[191.890s][info][gc] GC(3143) Pause Young (Allocation Failure) 142M->56M(311M) 2.475ms
[191.974s][info][gc] GC(3144) Pause Young (Allocation Failure) 143M->57M(311M) 2.109ms
[192.060s][info][gc] GC(3145) Pause Young (Allocation Failure) 143M->58M(311M) 2.196ms
[192.142s][info][gc] GC(3146) Pause Young (Allocation Failure) 144M->58M(311M) 2.360ms
[192.226s][info][gc] GC(3147) Pause Young (Allocation Failure) 144M->59M(311M) 2.079ms
[192.301s][info][gc] GC(3148) Pause Young (Allocation Failure) 145M->60M(311M) 2.126ms
[192.386s][info][gc] GC(3149) Pause Young (Allocation Failure) 146M->60M(311M) 2.439ms
[192.472s][info][gc] GC(3150) Pause Young (Allocation Failure) 146M->61M(311M) 2.171ms
[192.560s][info][gc] GC(3151) Pause Young (Allocation Failure) 147M->62M(311M) 2.443ms
[192.644s][info][gc] GC(3152) Pause Young (Allocation Failure) 148M->62M(311M) 2.190ms
[192.730s][info][gc] GC(3153) Pause Young (Allocation Failure) 148M->63M(311M) 2.230ms
[192.811s][info][gc] GC(3154) Pause Young (Allocation Failure) 149M->64M(311M) 2.364ms
[192.896s][info][gc] GC(3155) Pause Young (Allocation Failure) 150M->64M(311M) 2.150ms
[193.129s][info][gc] GC(3156) Pause Young (Allocation Failure) 150M->66M(311M) 2.514ms
[193.202s][info][gc] GC(3157) Pause Young (Allocation Failure) 152M->66M(311M) 2.586ms
[193.284s][info][gc] GC(3158) Pause Young (Allocation Failure) 152M->67M(311M) 2.267ms
[193.371s][info][gc] GC(3159) Pause Young (Allocation Failure) 153M->68M(311M) 2.562ms
[193.454s][info][gc] GC(3160) Pause Young (Allocation Failure) 154M->69M(311M) 2.279ms
[193.539s][info][gc] GC(3161) Pause Young (Allocation Failure) 155M->69M(311M) 2.286ms
[193.626s][info][gc] GC(3162) Pause Young (Allocation Failure) 155M->70M(311M) 2.065ms
[193.709s][info][gc] GC(3163) Pause Young (Allocation Failure) 156M->70M(311M) 2.256ms
[193.794s][info][gc] GC(3164) Pause Young (Allocation Failure) 157M->71M(311M) 2.153ms
[193.879s][info][gc] GC(3165) Pause Young (Allocation Failure) 157M->72M(311M) 2.494ms
[193.963s][info][gc] GC(3166) Pause Young (Allocation Failure) 158M->72M(311M) 2.370ms
[194.047s][info][gc] GC(3167) Pause Young (Allocation Failure) 158M->73M(311M) 2.163ms
[194.121s][info][gc] GC(3168) Pause Young (Allocation Failure) 159M->73M(311M) 1.870ms
[194.204s][info][gc] GC(3169) Pause Young (Allocation Failure) 159M->74M(311M) 2.179ms
[194.288s][info][gc] GC(3170) Pause Young (Allocation Failure) 160M->75M(311M) 2.394ms
[194.374s][info][gc] GC(3171) Pause Young (Allocation Failure) 161M->76M(311M) 2.330ms
[194.457s][info][gc] GC(3172) Pause Young (Allocation Failure) 162M->76M(311M) 2.386ms
[194.544s][info][gc] GC(3173) Pause Young (Allocation Failure) 162M->77M(311M) 2.321ms
[194.628s][info][gc] GC(3174) Pause Young (Allocation Failure) 163M->78M(311M) 2.167ms
[194.713s][info][gc] GC(3175) Pause Young (Allocation Failure) 164M->78M(311M) 2.439ms
[194.801s][info][gc] GC(3176) Pause Young (Allocation Failure) 165M->79M(311M) 2.228ms
[194.885s][info][gc] GC(3177) Pause Young (Allocation Failure) 165M->80M(311M) 2.268ms
[194.973s][info][gc] GC(3178) Pause Young (Allocation Failure) 166M->81M(311M) 2.260ms
[195.052s][info][gc] GC(3179) Pause Young (Allocation Failure) 167M->81M(311M) 2.120ms
[195.131s][info][gc] GC(3180) Pause Young (Allocation Failure) 167M->81M(311M) 2.014ms
[195.216s][info][gc] GC(3181) Pause Young (Allocation Failure) 167M->82M(311M) 2.418ms
[195.303s][info][gc] GC(3182) Pause Young (Allocation Failure) 168M->83M(311M) 2.517ms
[195.391s][info][gc] GC(3183) Pause Young (Allocation Failure) 169M->84M(311M) 2.324ms
[195.474s][info][gc] GC(3184) Pause Young (Allocation Failure) 170M->84M(311M) 2.232ms
[195.555s][info][gc] GC(3185) Pause Young (Allocation Failure) 170M->85M(311M) 2.246ms
[195.637s][info][gc] GC(3186) Pause Young (Allocation Failure) 171M->86M(311M) 2.141ms
[195.721s][info][gc] GC(3187) Pause Young (Allocation Failure) 172M->86M(311M) 2.170ms
[195.808s][info][gc] GC(3188) Pause Young (Allocation Failure) 172M->87M(311M) 2.446ms
[195.891s][info][gc] GC(3189) Pause Young (Allocation Failure) 173M->88M(311M) 2.193ms
[195.972s][info][gc] GC(3190) Pause Young (Allocation Failure) 174M->88M(311M) 1.992ms
[196.048s][info][gc] GC(3191) Pause Young (Allocation Failure) 174M->89M(311M) 2.396ms
[196.134s][info][gc] GC(3192) Pause Young (Allocation Failure) 175M->89M(311M) 2.388ms
[196.221s][info][gc] GC(3193) Pause Young (Allocation Failure) 176M->90M(311M) 2.170ms
[196.302s][info][gc] GC(3194) Pause Young (Allocation Failure) 176M->91M(311M) 2.504ms
[196.388s][info][gc] GC(3195) Pause Young (Allocation Failure) 177M->92M(311M) 2.251ms
[196.469s][info][gc] GC(3196) Pause Young (Allocation Failure) 178M->92M(311M) 2.262ms
[196.554s][info][gc] GC(3197) Pause Young (Allocation Failure) 178M->93M(311M) 2.118ms
[196.637s][info][gc] GC(3198) Pause Young (Allocation Failure) 179M->94M(311M) 2.391ms
[196.720s][info][gc] GC(3199) Pause Young (Allocation Failure) 180M->94M(311M) 2.560ms
[196.807s][info][gc] GC(3200) Pause Young (Allocation Failure) 180M->95M(311M) 2.332ms
[196.892s][info][gc] GC(3201) Pause Young (Allocation Failure) 181M->96M(311M) 2.328ms
[196.961s][info][gc] GC(3202) Pause Young (Allocation Failure) 182M->96M(311M) 2.101ms
[197.048s][info][gc] GC(3203) Pause Young (Allocation Failure) 182M->97M(311M) 2.151ms
[197.134s][info][gc] GC(3204) Pause Young (Allocation Failure) 183M->98M(311M) 2.556ms
[197.218s][info][gc] GC(3205) Pause Young (Allocation Failure) 184M->98M(311M) 2.357ms
[197.302s][info][gc] GC(3206) Pause Young (Allocation Failure) 184M->99M(311M) 2.239ms
[197.385s][info][gc] GC(3207) Pause Young (Allocation Failure) 185M->100M(311M) 2.413ms
[197.466s][info][gc] GC(3208) Pause Young (Allocation Failure) 186M->100M(311M) 2.242ms
[197.550s][info][gc] GC(3209) Pause Young (Allocation Failure) 186M->101M(311M) 2.188ms
[197.631s][info][gc] GC(3210) Pause Young (Allocation Failure) 187M->101M(311M) 2.133ms
[197.794s][info][gc] GC(3211) Pause Young (Allocation Failure) 187M->101M(311M) 1.670ms
[197.944s][info][gc] GC(3212) Pause Young (Allocation Failure) 187M->104M(311M) 2.597ms
[198.029s][info][gc] GC(3213) Pause Young (Allocation Failure) 190M->104M(311M) 2.811ms
[198.112s][info][gc] GC(3214) Pause Young (Allocation Failure) 190M->105M(311M) 2.179ms
[198.194s][info][gc] GC(3215) Pause Young (Allocation Failure) 191M->106M(311M) 2.258ms
[198.285s][info][gc] GC(3216) Pause Young (Allocation Failure) 192M->107M(311M) 2.632ms
[198.367s][info][gc] GC(3217) Pause Young (Allocation Failure) 193M->107M(311M) 2.346ms
[198.447s][info][gc] GC(3218) Pause Young (Allocation Failure) 193M->107M(311M) 1.926ms
[198.534s][info][gc] GC(3219) Pause Young (Allocation Failure) 194M->108M(311M) 2.217ms
[198.615s][info][gc] GC(3220) Pause Young (Allocation Failure) 194M->109M(311M) 2.351ms
[198.691s][info][gc] GC(3221) Pause Young (Allocation Failure) 195M->109M(311M) 1.975ms
[198.777s][info][gc] GC(3222) Pause Young (Allocation Failure) 195M->110M(311M) 2.537ms
[198.859s][info][gc] GC(3223) Pause Young (Allocation Failure) 196M->111M(311M) 2.551ms
[198.946s][info][gc] GC(3224) Pause Young (Allocation Failure) 197M->112M(311M) 2.567ms
[199.029s][info][gc] GC(3225) Pause Young (Allocation Failure) 198M->112M(311M) 2.298ms
[199.115s][info][gc] GC(3226) Pause Young (Allocation Failure) 198M->113M(311M) 2.128ms
[199.201s][info][gc] GC(3227) Pause Young (Allocation Failure) 199M->113M(311M) 2.435ms
[199.287s][info][gc] GC(3228) Pause Young (Allocation Failure) 199M->114M(311M) 2.433ms
[199.369s][info][gc] GC(3229) Pause Young (Allocation Failure) 200M->115M(311M) 2.650ms
[199.451s][info][gc] GC(3230) Pause Young (Allocation Failure) 201M->115M(311M) 2.186ms
[199.535s][info][gc] GC(3231) Pause Young (Allocation Failure) 201M->116M(311M) 2.178ms
[199.615s][info][gc] GC(3232) Pause Young (Allocation Failure) 202M->116M(311M) 2.110ms
[199.694s][info][gc] GC(3233) Pause Young (Allocation Failure) 202M->118M(311M) 2.279ms
[199.781s][info][gc] GC(3234) Pause Young (Allocation Failure) 204M->118M(311M) 2.705ms
[199.865s][info][gc] GC(3235) Pause Young (Allocation Failure) 204M->119M(311M) 2.245ms
[199.955s][info][gc] GC(3236) Pause Young (Allocation Failure) 205M->120M(311M) 2.238ms
[200.039s][info][gc] GC(3237) Pause Young (Allocation Failure) 206M->120M(311M) 2.469ms
[200.119s][info][gc] GC(3238) Pause Young (Allocation Failure) 206M->121M(311M) 2.289ms
[200.202s][info][gc] GC(3239) Pause Young (Allocation Failure) 207M->121M(311M) 2.407ms
[200.288s][info][gc] GC(3240) Pause Young (Allocation Failure) 208M->122M(311M) 2.236ms
[200.373s][info][gc] GC(3241) Pause Young (Allocation Failure) 208M->123M(311M) 2.570ms
[200.454s][info][gc] GC(3242) Pause Young (Allocation Failure) 209M->123M(311M) 2.167ms
[200.533s][info][gc] GC(3243) Pause Young (Allocation Failure) 209M->123M(311M) 1.854ms
[200.613s][info][gc] GC(3244) Pause Young (Allocation Failure) 209M->125M(311M) 2.310ms
[200.696s][info][gc] GC(3245) Pause Young (Allocation Failure) 211M->125M(311M) 2.541ms
[200.781s][info][gc] GC(3246) Pause Young (Allocation Failure) 211M->126M(311M) 2.305ms
[200.863s][info][gc] GC(3247) Pause Young (Allocation Failure) 212M->127M(311M) 2.588ms
[200.948s][info][gc] GC(3248) Pause Young (Allocation Failure) 213M->128M(311M) 2.271ms
[201.031s][info][gc] GC(3249) Pause Young (Allocation Failure) 214M->128M(311M) 2.126ms
[201.114s][info][gc] GC(3250) Pause Young (Allocation Failure) 214M->129M(311M) 2.138ms
[201.197s][info][gc] GC(3251) Pause Young (Allocation Failure) 215M->130M(311M) 2.412ms
[201.280s][info][gc] GC(3252) Pause Young (Allocation Failure) 216M->130M(311M) 2.374ms
[201.364s][info][gc] GC(3253) Pause Young (Allocation Failure) 216M->131M(311M) 2.185ms
[201.438s][info][gc] GC(3254) Pause Young (Allocation Failure) 217M->131M(311M) 2.082ms
[201.518s][info][gc] GC(3255) Pause Young (Allocation Failure) 217M->132M(311M) 2.066ms
[201.603s][info][gc] GC(3256) Pause Young (Allocation Failure) 218M->133M(311M) 2.400ms
[201.687s][info][gc] GC(3257) Pause Young (Allocation Failure) 219M->133M(311M) 2.419ms
[201.775s][info][gc] GC(3258) Pause Young (Allocation Failure) 220M->134M(311M) 2.379ms
[201.858s][info][gc] GC(3259) Pause Young (Allocation Failure) 220M->135M(311M) 2.284ms
[201.938s][info][gc] GC(3260) Pause Young (Allocation Failure) 221M->135M(311M) 2.154ms
[202.025s][info][gc] GC(3261) Pause Young (Allocation Failure) 221M->136M(311M) 2.168ms
[202.109s][info][gc] GC(3262) Pause Young (Allocation Failure) 222M->137M(311M) 2.366ms
[202.193s][info][gc] GC(3263) Pause Young (Allocation Failure) 223M->137M(311M) 2.455ms
[202.278s][info][gc] GC(3264) Pause Young (Allocation Failure) 223M->138M(311M) 2.274ms
[202.356s][info][gc] GC(3265) Pause Young (Allocation Failure) 224M->138M(311M) 2.142ms
[202.440s][info][gc] GC(3266) Pause Young (Allocation Failure) 224M->139M(311M) 2.091ms
[202.640s][info][gc] GC(3267) Pause Young (Allocation Failure) 225M->146M(311M) 4.517ms
[202.672s][info][gc] GC(3268) Pause Young (Allocation Failure) 232M->146M(311M) 4.147ms
[202.701s][info][gc] GC(3269) Pause Young (Allocation Failure) 232M->147M(311M) 1.341ms
[202.737s][info][gc] GC(3270) Pause Young (Allocation Failure) 233M->149M(311M) 2.188ms
[202.771s][info][gc] GC(3271) Pause Young (Allocation Failure) 235M->151M(311M) 2.582ms
[202.801s][info][gc] GC(3272) Pause Young (Allocation Failure) 237M->152M(311M) 2.918ms
[202.831s][info][gc] GC(3273) Pause Young (Allocation Failure) 238M->151M(311M) 2.129ms
[202.873s][info][gc] GC(3274) Pause Young (Allocation Failure) 237M->154M(311M) 2.895ms
[202.904s][info][gc] GC(3275) Pause Young (Allocation Failure) 240M->155M(311M) 3.018ms
[202.932s][info][gc] GC(3276) Pause Young (Allocation Failure) 241M->155M(311M) 1.967ms
[202.972s][info][gc] GC(3277) Pause Young (Allocation Failure) 241M->157M(311M) 2.755ms
[203.001s][info][gc] GC(3278) Pause Young (Allocation Failure) 243M->157M(311M) 2.755ms
[203.032s][info][gc] GC(3279) Pause Young (Allocation Failure) 243M->157M(311M) 2.325ms
[203.069s][info][gc] GC(3280) Pause Young (Allocation Failure) 244M->160M(311M) 2.241ms
[203.099s][info][gc] GC(3281) Pause Young (Allocation Failure) 246M->162M(311M) 2.488ms
[203.132s][info][gc] GC(3282) Pause Young (Allocation Failure) 248M->163M(311M) 2.735ms
[203.161s][info][gc] GC(3283) Pause Young (Allocation Failure) 249M->162M(311M) 2.201ms
[203.199s][info][gc] GC(3284) Pause Young (Allocation Failure) 248M->165M(311M) 2.677ms
[203.231s][info][gc] GC(3285) Pause Young (Allocation Failure) 251M->166M(311M) 2.943ms
[203.260s][info][gc] GC(3286) Pause Young (Allocation Failure) 252M->166M(311M) 2.147ms
[203.297s][info][gc] GC(3287) Pause Young (Allocation Failure) 252M->167M(311M) 2.592ms
[203.329s][info][gc] GC(3288) Pause Young (Allocation Failure) 253M->168M(311M) 2.851ms
[203.358s][info][gc] GC(3289) Pause Young (Allocation Failure) 255M->168M(311M) 2.349ms
[203.393s][info][gc] GC(3290) Pause Young (Allocation Failure) 254M->169M(311M) 2.366ms
[203.429s][info][gc] GC(3291) Pause Young (Allocation Failure) 255M->171M(311M) 2.797ms
[203.461s][info][gc] GC(3292) Pause Young (Allocation Failure) 257M->171M(311M) 2.841ms
[203.491s][info][gc] GC(3293) Pause Young (Allocation Failure) 257M->171M(311M) 2.120ms
[203.529s][info][gc] GC(3294) Pause Young (Allocation Failure) 257M->173M(311M) 2.556ms
[203.561s][info][gc] GC(3295) Pause Young (Allocation Failure) 259M->173M(311M) 2.563ms
[203.591s][info][gc] GC(3296) Pause Young (Allocation Failure) 259M->174M(311M) 2.506ms
[203.631s][info][gc] GC(3297) Pause Young (Allocation Failure) 260M->176M(311M) 2.770ms
[203.660s][info][gc] GC(3298) Pause Young (Allocation Failure) 262M->177M(311M) 2.856ms
[203.691s][info][gc] GC(3299) Pause Young (Allocation Failure) 263M->177M(311M) 2.451ms
[203.725s][info][gc] GC(3300) Pause Young (Allocation Failure) 263M->180M(311M) 2.101ms
[203.759s][info][gc] GC(3301) Pause Young (Allocation Failure) 266M->181M(311M) 2.568ms
[203.791s][info][gc] GC(3302) Pause Young (Allocation Failure) 267M->182M(311M) 2.999ms
[203.825s][info][gc] GC(3303) Pause Young (Allocation Failure) 268M->184M(311M) 2.196ms
[203.856s][info][gc] GC(3304) Pause Young (Allocation Failure) 270M->184M(311M) 2.210ms
[203.892s][info][gc] GC(3305) Pause Young (Allocation Failure) 270M->186M(311M) 2.871ms
[203.923s][info][gc] GC(3306) Pause Young (Allocation Failure) 272M->186M(311M) 2.595ms
[203.959s][info][gc] GC(3307) Pause Young (Allocation Failure) 272M->188M(311M) 2.741ms
[203.991s][info][gc] GC(3308) Pause Young (Allocation Failure) 274M->188M(311M) 2.756ms
[204.020s][info][gc] GC(3309) Pause Young (Allocation Failure) 274M->189M(311M) 2.513ms
[204.061s][info][gc] GC(3310) Pause Young (Allocation Failure) 275M->190M(311M) 2.851ms
[204.092s][info][gc] GC(3311) Pause Young (Allocation Failure) 277M->191M(311M) 2.705ms
[204.122s][info][gc] GC(3312) Pause Young (Allocation Failure) 277M->191M(311M) 2.259ms
[204.156s][info][gc] GC(3313) Pause Young (Allocation Failure) 277M->192M(311M) 2.400ms
[204.190s][info][gc] GC(3314) Pause Young (Allocation Failure) 278M->193M(311M) 2.463ms
[204.221s][info][gc] GC(3315) Pause Young (Allocation Failure) 279M->194M(311M) 2.733ms
[204.253s][info][gc] GC(3316) Pause Young (Allocation Failure) 280M->193M(311M) 2.367ms
[204.288s][info][gc] GC(3317) Pause Young (Allocation Failure) 279M->195M(311M) 2.533ms
[204.318s][info][gc] GC(3318) Pause Young (Allocation Failure) 281M->196M(311M) 2.856ms
[204.348s][info][gc] GC(3319) Pause Young (Allocation Failure) 282M->196M(311M) 2.289ms
[204.386s][info][gc] GC(3320) Pause Young (Allocation Failure) 282M->198M(311M) 2.733ms
[204.421s][info][gc] GC(3321) Pause Young (Allocation Failure) 284M->199M(311M) 3.062ms
[204.451s][info][gc] GC(3322) Pause Young (Allocation Failure) 285M->200M(311M) 2.815ms
[204.486s][info][gc] GC(3323) Pause Young (Allocation Failure) 286M->202M(311M) 2.375ms
[204.515s][info][gc] GC(3324) Pause Young (Allocation Failure) 288M->202M(311M) 2.405ms
[204.547s][info][gc] GC(3325) Pause Young (Allocation Failure) 288M->203M(311M) 2.538ms
[204.580s][info][gc] GC(3326) Pause Young (Allocation Failure) 289M->203M(311M) 2.285ms
[204.615s][info][gc] GC(3327) Pause Young (Allocation Failure) 289M->204M(311M) 2.439ms
[204.649s][info][gc] GC(3328) Pause Young (Allocation Failure) 290M->205M(311M) 2.729ms
[204.680s][info][gc] GC(3329) Pause Young (Allocation Failure) 291M->205M(311M) 2.203ms
[204.718s][info][gc] GC(3330) Pause Young (Allocation Failure) 291M->207M(311M) 2.884ms
[204.752s][info][gc] GC(3331) Pause Young (Allocation Failure) 294M->208M(311M) 2.938ms
[204.785s][info][gc] GC(3332) Pause Young (Allocation Failure) 294M->208M(311M) 2.540ms
[204.822s][info][gc] GC(3333) Pause Young (Allocation Failure) 294M->209M(311M) 2.677ms
[204.851s][info][gc] GC(3334) Pause Young (Allocation Failure) 295M->209M(311M) 2.282ms
[204.886s][info][gc] GC(3335) Pause Young (Allocation Failure) 295M->210M(311M) 2.519ms
[204.918s][info][gc] GC(3336) Pause Young (Allocation Failure) 296M->210M(311M) 2.520ms
[204.957s][info][gc] GC(3337) Pause Young (Allocation Failure) 296M->211M(311M) 2.603ms
[204.990s][info][gc] GC(3338) Pause Young (Allocation Failure) 297M->212M(311M) 3.067ms
[205.021s][info][gc] GC(3339) Pause Young (Allocation Failure) 299M->213M(311M) 2.505ms
[205.058s][info][gc] GC(3340) Pause Young (Allocation Failure) 299M->214M(311M) 2.459ms
[205.094s][info][gc] GC(3341) Pause Young (Allocation Failure) 300M->215M(311M) 2.968ms
[205.124s][info][gc] GC(3342) Pause Young (Allocation Failure) 301M->215M(311M) 2.555ms
[205.157s][info][gc] GC(3343) Pause Young (Allocation Failure) 301M->216M(311M) 2.579ms
[205.192s][info][gc] GC(3344) Pause Young (Allocation Failure) 302M->217M(311M) 2.269ms
[205.226s][info][gc] GC(3345) Pause Young (Allocation Failure) 303M->219M(311M) 2.847ms
[205.259s][info][gc] GC(3346) Pause Young (Allocation Failure) 305M->219M(311M) 2.705ms
[205.297s][info][gc] GC(3347) Pause Young (Allocation Failure) 305M->220M(311M) 2.968ms
[205.351s][info][gc] GC(3348) Pause Full (Allocation Failure) 220M->84M(311M) 54.098ms
[205.382s][info][gc] GC(3349) Pause Young (Allocation Failure) 170M->85M(311M) 1.137ms
[205.417s][info][gc] GC(3350) Pause Young (Allocation Failure) 171M->88M(311M) 1.966ms
[205.446s][info][gc] GC(3351) Pause Young (Allocation Failure) 174M->88M(311M) 1.807ms
[205.483s][info][gc] GC(3352) Pause Young (Allocation Failure) 174M->90M(311M) 2.618ms
[205.514s][info][gc] GC(3353) Pause Young (Allocation Failure) 176M->91M(311M) 2.705ms
[205.546s][info][gc] GC(3354) Pause Young (Allocation Failure) 177M->91M(311M) 2.208ms
[205.583s][info][gc] GC(3355) Pause Young (Allocation Failure) 177M->93M(311M) 2.535ms
[205.613s][info][gc] GC(3356) Pause Young (Allocation Failure) 179M->93M(311M) 2.448ms
[205.647s][info][gc] GC(3357) Pause Young (Allocation Failure) 179M->94M(311M) 2.486ms
[205.682s][info][gc] GC(3358) Pause Young (Allocation Failure) 180M->95M(311M) 2.774ms
[205.714s][info][gc] GC(3359) Pause Young (Allocation Failure) 181M->95M(311M) 2.766ms
[205.747s][info][gc] GC(3360) Pause Young (Allocation Failure) 181M->96M(311M) 2.471ms
[205.779s][info][gc] GC(3361) Pause Young (Allocation Failure) 182M->96M(311M) 2.397ms
[205.814s][info][gc] GC(3362) Pause Young (Allocation Failure) 182M->98M(311M) 2.676ms
[205.848s][info][gc] GC(3363) Pause Young (Allocation Failure) 184M->99M(311M) 2.840ms
[205.882s][info][gc] GC(3364) Pause Young (Allocation Failure) 185M->99M(311M) 2.532ms
[205.917s][info][gc] GC(3365) Pause Young (Allocation Failure) 185M->100M(311M) 2.511ms
[205.949s][info][gc] GC(3366) Pause Young (Allocation Failure) 186M->101M(311M) 2.428ms
[205.985s][info][gc] GC(3367) Pause Young (Allocation Failure) 187M->102M(311M) 2.684ms
[206.016s][info][gc] GC(3368) Pause Young (Allocation Failure) 188M->102M(311M) 2.451ms
[206.049s][info][gc] GC(3369) Pause Young (Allocation Failure) 188M->103M(311M) 2.520ms
[206.081s][info][gc] GC(3370) Pause Young (Allocation Failure) 189M->103M(311M) 2.468ms
[206.114s][info][gc] GC(3371) Pause Young (Allocation Failure) 189M->105M(311M) 2.555ms
[206.147s][info][gc] GC(3372) Pause Young (Allocation Failure) 191M->105M(311M) 2.616ms
[206.179s][info][gc] GC(3373) Pause Young (Allocation Failure) 191M->105M(311M) 2.178ms
[206.213s][info][gc] GC(3374) Pause Young (Allocation Failure) 191M->107M(311M) 2.768ms
[206.248s][info][gc] GC(3375) Pause Young (Allocation Failure) 193M->107M(311M) 2.643ms
[206.279s][info][gc] GC(3376) Pause Young (Allocation Failure) 193M->107M(311M) 2.346ms
[206.316s][info][gc] GC(3377) Pause Young (Allocation Failure) 193M->109M(311M) 2.658ms
[206.348s][info][gc] GC(3378) Pause Young (Allocation Failure) 195M->109M(311M) 2.813ms
[206.380s][info][gc] GC(3379) Pause Young (Allocation Failure) 195M->110M(311M) 2.633ms
[206.417s][info][gc] GC(3380) Pause Young (Allocation Failure) 196M->111M(311M) 2.638ms
[206.448s][info][gc] GC(3381) Pause Young (Allocation Failure) 197M->112M(311M) 2.578ms
[206.482s][info][gc] GC(3382) Pause Young (Allocation Failure) 198M->112M(311M) 2.454ms
[206.517s][info][gc] GC(3383) Pause Young (Allocation Failure) 198M->113M(311M) 2.462ms
[206.550s][info][gc] GC(3384) Pause Young (Allocation Failure) 199M->114M(311M) 2.757ms
[206.582s][info][gc] GC(3385) Pause Young (Allocation Failure) 200M->114M(311M) 2.416ms
[206.616s][info][gc] GC(3386) Pause Young (Allocation Failure) 200M->114M(311M) 2.192ms
[206.651s][info][gc] GC(3387) Pause Young (Allocation Failure) 200M->117M(311M) 2.831ms
[206.679s][info][gc] GC(3388) Pause Young (Allocation Failure) 203M->116M(311M) 2.534ms
[206.711s][info][gc] GC(3389) Pause Young (Allocation Failure) 202M->117M(311M) 2.440ms
[206.748s][info][gc] GC(3390) Pause Young (Allocation Failure) 203M->119M(311M) 2.876ms
[206.779s][info][gc] GC(3391) Pause Young (Allocation Failure) 205M->119M(311M) 2.748ms
[206.815s][info][gc] GC(3392) Pause Young (Allocation Failure) 205M->120M(311M) 2.818ms
[206.848s][info][gc] GC(3393) Pause Young (Allocation Failure) 206M->121M(311M) 2.697ms
[206.879s][info][gc] GC(3394) Pause Young (Allocation Failure) 207M->122M(311M) 2.681ms
[206.911s][info][gc] GC(3395) Pause Young (Allocation Failure) 208M->123M(311M) 2.138ms
[206.951s][info][gc] GC(3396) Pause Young (Allocation Failure) 209M->124M(311M) 2.679ms
[206.982s][info][gc] GC(3397) Pause Young (Allocation Failure) 210M->125M(311M) 2.939ms
[207.012s][info][gc] GC(3398) Pause Young (Allocation Failure) 211M->126M(311M) 2.159ms
[207.045s][info][gc] GC(3399) Pause Young (Allocation Failure) 212M->126M(311M) 2.325ms
[207.082s][info][gc] GC(3400) Pause Young (Allocation Failure) 212M->128M(311M) 2.624ms
[207.112s][info][gc] GC(3401) Pause Young (Allocation Failure) 214M->129M(311M) 2.817ms
[207.146s][info][gc] GC(3402) Pause Young (Allocation Failure) 215M->129M(311M) 2.330ms
[207.181s][info][gc] GC(3403) Pause Young (Allocation Failure) 215M->131M(311M) 2.568ms
[207.212s][info][gc] GC(3404) Pause Young (Allocation Failure) 217M->131M(311M) 2.811ms
[207.243s][info][gc] GC(3405) Pause Young (Allocation Failure) 217M->132M(311M) 1.932ms
[207.280s][info][gc] GC(3406) Pause Young (Allocation Failure) 218M->134M(311M) 2.529ms
[207.312s][info][gc] GC(3407) Pause Young (Allocation Failure) 220M->135M(311M) 2.761ms
[207.342s][info][gc] GC(3408) Pause Young (Allocation Failure) 221M->135M(311M) 2.450ms
[207.378s][info][gc] GC(3409) Pause Young (Allocation Failure) 221M->136M(311M) 2.432ms
[207.412s][info][gc] GC(3410) Pause Young (Allocation Failure) 222M->137M(311M) 2.820ms
[207.443s][info][gc] GC(3411) Pause Young (Allocation Failure) 223M->138M(311M) 2.855ms
[207.475s][info][gc] GC(3412) Pause Young (Allocation Failure) 224M->138M(311M) 2.391ms
[207.513s][info][gc] GC(3413) Pause Young (Allocation Failure) 224M->139M(311M) 2.568ms
[207.544s][info][gc] GC(3414) Pause Young (Allocation Failure) 225M->140M(311M) 2.762ms
[207.577s][info][gc] GC(3415) Pause Young (Allocation Failure) 226M->140M(311M) 2.290ms
[207.617s][info][gc] GC(3416) Pause Young (Allocation Failure) 226M->141M(311M) 2.390ms
[207.654s][info][gc] GC(3417) Pause Young (Allocation Failure) 227M->143M(311M) 3.240ms
[207.692s][info][gc] GC(3418) Pause Young (Allocation Failure) 229M->143M(311M) 2.794ms
[207.727s][info][gc] GC(3419) Pause Young (Allocation Failure) 229M->144M(311M) 2.501ms
[207.763s][info][gc] GC(3420) Pause Young (Allocation Failure) 230M->145M(311M) 2.552ms
[207.793s][info][gc] GC(3421) Pause Young (Allocation Failure) 231M->145M(311M) 2.393ms
[207.825s][info][gc] GC(3422) Pause Young (Allocation Failure) 231M->146M(311M) 2.340ms
[207.864s][info][gc] GC(3423) Pause Young (Allocation Failure) 232M->148M(311M) 3.028ms
[207.893s][info][gc] GC(3424) Pause Young (Allocation Failure) 234M->148M(311M) 2.797ms
[207.928s][info][gc] GC(3425) Pause Young (Allocation Failure) 234M->149M(311M) 2.260ms
[207.965s][info][gc] GC(3426) Pause Young (Allocation Failure) 235M->151M(311M) 2.629ms
[207.994s][info][gc] GC(3427) Pause Young (Allocation Failure) 237M->151M(311M) 2.420ms
[208.026s][info][gc] GC(3428) Pause Young (Allocation Failure) 237M->152M(311M) 2.494ms
[208.059s][info][gc] GC(3429) Pause Young (Allocation Failure) 238M->152M(311M) 2.191ms
[208.094s][info][gc] GC(3430) Pause Young (Allocation Failure) 238M->154M(311M) 2.712ms
[208.127s][info][gc] GC(3431) Pause Young (Allocation Failure) 240M->154M(311M) 2.846ms
[208.158s][info][gc] GC(3432) Pause Young (Allocation Failure) 240M->154M(311M) 2.405ms
[208.200s][info][gc] GC(3433) Pause Young (Allocation Failure) 240M->154M(311M) 1.918ms
[208.327s][info][gc] GC(3434) Pause Young (Allocation Failure) 240M->153M(311M) 1.378ms
[208.463s][info][gc] GC(3435) Pause Young (Allocation Failure) 239M->157M(311M) 3.032ms
[208.505s][info][gc] GC(3436) Pause Young (Allocation Failure) 243M->159M(311M) 3.214ms
[208.550s][info][gc] GC(3437) Pause Young (Allocation Failure) 245M->159M(311M) 2.694ms
[208.593s][info][gc] GC(3438) Pause Young (Allocation Failure) 245M->161M(311M) 2.002ms
[208.636s][info][gc] GC(3439) Pause Young (Allocation Failure) 247M->161M(311M) 1.992ms
[208.684s][info][gc] GC(3440) Pause Young (Allocation Failure) 247M->162M(311M) 2.502ms
[208.723s][info][gc] GC(3441) Pause Young (Allocation Failure) 248M->163M(311M) 2.556ms
[208.771s][info][gc] GC(3442) Pause Young (Allocation Failure) 249M->163M(311M) 2.431ms
[208.815s][info][gc] GC(3443) Pause Young (Allocation Failure) 249M->163M(311M) 2.250ms
[208.863s][info][gc] GC(3444) Pause Young (Allocation Failure) 249M->164M(311M) 2.372ms
[208.908s][info][gc] GC(3445) Pause Young (Allocation Failure) 250M->165M(311M) 2.365ms
[208.948s][info][gc] GC(3446) Pause Young (Allocation Failure) 251M->165M(311M) 1.888ms
[208.996s][info][gc] GC(3447) Pause Young (Allocation Failure) 251M->167M(311M) 2.525ms
[209.041s][info][gc] GC(3448) Pause Young (Allocation Failure) 253M->167M(311M) 2.753ms
[209.084s][info][gc] GC(3449) Pause Young (Allocation Failure) 253M->168M(311M) 2.433ms
[209.129s][info][gc] GC(3450) Pause Young (Allocation Failure) 254M->169M(311M) 2.576ms
[209.173s][info][gc] GC(3451) Pause Young (Allocation Failure) 255M->169M(311M) 2.484ms
[209.218s][info][gc] GC(3452) Pause Young (Allocation Failure) 255M->170M(311M) 2.328ms
[209.262s][info][gc] GC(3453) Pause Young (Allocation Failure) 256M->171M(311M) 2.467ms
[209.304s][info][gc] GC(3454) Pause Young (Allocation Failure) 257M->171M(311M) 2.593ms
[209.352s][info][gc] GC(3455) Pause Young (Allocation Failure) 257M->172M(311M) 2.407ms
[209.389s][info][gc] GC(3456) Pause Young (Allocation Failure) 258M->172M(311M) 2.205ms
[209.439s][info][gc] GC(3457) Pause Young (Allocation Failure) 258M->173M(311M) 2.278ms
[209.478s][info][gc] GC(3458) Pause Young (Allocation Failure) 259M->173M(311M) 2.373ms
[209.522s][info][gc] GC(3459) Pause Young (Allocation Failure) 259M->174M(311M) 2.434ms
[209.569s][info][gc] GC(3460) Pause Young (Allocation Failure) 260M->175M(311M) 2.622ms
[209.613s][info][gc] GC(3461) Pause Young (Allocation Failure) 261M->176M(311M) 2.583ms
[209.657s][info][gc] GC(3462) Pause Young (Allocation Failure) 262M->176M(311M) 2.510ms
[209.703s][info][gc] GC(3463) Pause Young (Allocation Failure) 262M->177M(311M) 2.270ms
[209.750s][info][gc] GC(3464) Pause Young (Allocation Failure) 263M->178M(311M) 2.710ms
[209.791s][info][gc] GC(3465) Pause Young (Allocation Failure) 264M->178M(311M) 2.350ms
[209.840s][info][gc] GC(3466) Pause Young (Allocation Failure) 264M->179M(311M) 2.243ms
[209.879s][info][gc] GC(3467) Pause Young (Allocation Failure) 265M->179M(311M) 2.343ms
[209.932s][info][gc] GC(3468) Pause Young (Allocation Failure) 265M->180M(311M) 2.625ms
[209.975s][info][gc] GC(3469) Pause Young (Allocation Failure) 266M->181M(311M) 3.048ms
[210.019s][info][gc] GC(3470) Pause Young (Allocation Failure) 267M->181M(311M) 2.141ms
[210.067s][info][gc] GC(3471) Pause Young (Allocation Failure) 267M->182M(311M) 2.469ms
[210.113s][info][gc] GC(3472) Pause Young (Allocation Failure) 268M->183M(311M) 2.560ms
[210.161s][info][gc] GC(3473) Pause Young (Allocation Failure) 269M->183M(311M) 2.358ms
[210.209s][info][gc] GC(3474) Pause Young (Allocation Failure) 269M->184M(311M) 2.608ms
[210.255s][info][gc] GC(3475) Pause Young (Allocation Failure) 270M->185M(311M) 2.649ms
[210.295s][info][gc] GC(3476) Pause Young (Allocation Failure) 271M->185M(311M) 2.089ms
[210.345s][info][gc] GC(3477) Pause Young (Allocation Failure) 271M->186M(311M) 2.421ms
[210.385s][info][gc] GC(3478) Pause Young (Allocation Failure) 272M->187M(311M) 2.563ms
[210.435s][info][gc] GC(3479) Pause Young (Allocation Failure) 273M->188M(311M) 2.453ms
[210.475s][info][gc] GC(3480) Pause Young (Allocation Failure) 274M->188M(311M) 2.442ms
[210.517s][info][gc] GC(3481) Pause Young (Allocation Failure) 274M->188M(311M) 1.960ms
[210.564s][info][gc] GC(3482) Pause Young (Allocation Failure) 274M->190M(311M) 2.596ms
[210.608s][info][gc] GC(3483) Pause Young (Allocation Failure) 276M->190M(311M) 2.752ms
[210.653s][info][gc] GC(3484) Pause Young (Allocation Failure) 276M->191M(311M) 2.361ms
[210.697s][info][gc] GC(3485) Pause Young (Allocation Failure) 277M->191M(311M) 2.436ms
[210.741s][info][gc] GC(3486) Pause Young (Allocation Failure) 277M->192M(311M) 2.431ms
[210.781s][info][gc] GC(3487) Pause Young (Allocation Failure) 278M->192M(311M) 2.183ms
[210.827s][info][gc] GC(3488) Pause Young (Allocation Failure) 278M->193M(311M) 2.315ms
[210.869s][info][gc] GC(3489) Pause Young (Allocation Failure) 279M->194M(311M) 2.541ms
[210.914s][info][gc] GC(3490) Pause Young (Allocation Failure) 280M->194M(311M) 2.434ms
[210.956s][info][gc] GC(3491) Pause Young (Allocation Failure) 280M->195M(311M) 2.244ms
[210.998s][info][gc] GC(3492) Pause Young (Allocation Failure) 281M->196M(311M) 2.818ms
[211.045s][info][gc] GC(3493) Pause Young (Allocation Failure) 282M->197M(311M) 2.580ms
[211.088s][info][gc] GC(3494) Pause Young (Allocation Failure) 283M->197M(311M) 2.502ms
[211.132s][info][gc] GC(3495) Pause Young (Allocation Failure) 283M->198M(311M) 2.363ms
[211.174s][info][gc] GC(3496) Pause Young (Allocation Failure) 284M->198M(311M) 2.360ms
[211.217s][info][gc] GC(3497) Pause Young (Allocation Failure) 284M->199M(311M) 2.196ms
[211.260s][info][gc] GC(3498) Pause Young (Allocation Failure) 285M->200M(311M) 2.406ms
[211.310s][info][gc] GC(3499) Pause Young (Allocation Failure) 286M->201M(311M) 2.699ms
[211.350s][info][gc] GC(3500) Pause Young (Allocation Failure) 287M->201M(311M) 2.459ms
[211.402s][info][gc] GC(3501) Pause Young (Allocation Failure) 287M->202M(311M) 2.159ms
[211.445s][info][gc] GC(3502) Pause Young (Allocation Failure) 288M->203M(311M) 2.519ms
[211.489s][info][gc] GC(3503) Pause Young (Allocation Failure) 289M->203M(311M) 2.510ms
[211.533s][info][gc] GC(3504) Pause Young (Allocation Failure) 289M->204M(311M) 2.203ms
[211.580s][info][gc] GC(3505) Pause Young (Allocation Failure) 290M->204M(311M) 2.389ms
[211.626s][info][gc] GC(3506) Pause Young (Allocation Failure) 290M->206M(311M) 2.647ms
[211.665s][info][gc] GC(3507) Pause Young (Allocation Failure) 292M->206M(311M) 2.397ms
[211.718s][info][gc] GC(3508) Pause Young (Allocation Failure) 292M->207M(311M) 2.337ms
[211.758s][info][gc] GC(3509) Pause Young (Allocation Failure) 293M->207M(311M) 2.337ms
[211.806s][info][gc] GC(3510) Pause Young (Allocation Failure) 293M->208M(311M) 2.663ms
[211.848s][info][gc] GC(3511) Pause Young (Allocation Failure) 294M->209M(311M) 2.453ms
[211.893s][info][gc] GC(3512) Pause Young (Allocation Failure) 295M->209M(311M) 2.137ms
[211.936s][info][gc] GC(3513) Pause Young (Allocation Failure) 295M->210M(311M) 2.528ms
[211.981s][info][gc] GC(3514) Pause Young (Allocation Failure) 296M->210M(311M) 2.358ms
[212.025s][info][gc] GC(3515) Pause Young (Allocation Failure) 296M->212M(311M) 2.539ms
[212.066s][info][gc] GC(3516) Pause Young (Allocation Failure) 298M->211M(311M) 2.372ms
[212.113s][info][gc] GC(3517) Pause Young (Allocation Failure) 297M->212M(311M) 2.212ms
[212.152s][info][gc] GC(3518) Pause Young (Allocation Failure) 298M->213M(311M) 2.251ms
[212.199s][info][gc] GC(3519) Pause Young (Allocation Failure) 299M->214M(311M) 2.465ms
[212.241s][info][gc] GC(3520) Pause Young (Allocation Failure) 300M->215M(311M) 2.668ms
[212.289s][info][gc] GC(3521) Pause Young (Allocation Failure) 301M->215M(311M) 2.630ms
[212.329s][info][gc] GC(3522) Pause Young (Allocation Failure) 301M->216M(311M) 2.499ms
[212.375s][info][gc] GC(3523) Pause Young (Allocation Failure) 302M->216M(311M) 2.334ms
[212.415s][info][gc] GC(3524) Pause Young (Allocation Failure) 302M->217M(311M) 2.080ms
[212.463s][info][gc] GC(3525) Pause Young (Allocation Failure) 303M->217M(311M) 2.382ms
[212.504s][info][gc] GC(3526) Pause Young (Allocation Failure) 303M->218M(311M) 2.421ms
[212.543s][info][gc] GC(3527) Pause Young (Allocation Failure) 304M->218M(311M) 2.217ms
[212.591s][info][gc] GC(3528) Pause Young (Allocation Failure) 304M->220M(311M) 2.500ms
[212.632s][info][gc] GC(3529) Pause Young (Allocation Failure) 306M->220M(312M) 2.772ms
[212.688s][info][gc] GC(3530) Pause Full (Allocation Failure) 220M->93M(311M) 55.821ms
[212.737s][info][gc] GC(3531) Pause Young (Allocation Failure) 179M->97M(311M) 1.789ms
[212.775s][info][gc] GC(3532) Pause Young (Allocation Failure) 183M->97M(311M) 1.756ms
[212.823s][info][gc] GC(3533) Pause Young (Allocation Failure) 183M->97M(311M) 1.944ms
[212.864s][info][gc] GC(3534) Pause Young (Allocation Failure) 183M->98M(311M) 2.003ms
[212.909s][info][gc] GC(3535) Pause Young (Allocation Failure) 184M->98M(311M) 2.181ms
[212.952s][info][gc] GC(3536) Pause Young (Allocation Failure) 184M->100M(311M) 2.536ms
[212.993s][info][gc] GC(3537) Pause Young (Allocation Failure) 186M->99M(311M) 2.195ms
[213.039s][info][gc] GC(3538) Pause Young (Allocation Failure) 185M->101M(311M) 2.259ms
[213.079s][info][gc] GC(3539) Pause Young (Allocation Failure) 187M->101M(311M) 2.207ms
[213.126s][info][gc] GC(3540) Pause Young (Allocation Failure) 187M->102M(311M) 2.511ms
[213.166s][info][gc] GC(3541) Pause Young (Allocation Failure) 188M->103M(311M) 2.595ms
[213.216s][info][gc] GC(3542) Pause Young (Allocation Failure) 189M->104M(311M) 2.690ms
[213.256s][info][gc] GC(3543) Pause Young (Allocation Failure) 190M->104M(311M) 2.417ms
[213.303s][info][gc] GC(3544) Pause Young (Allocation Failure) 190M->105M(311M) 2.309ms
[213.344s][info][gc] GC(3545) Pause Young (Allocation Failure) 191M->105M(311M) 2.431ms
[213.483s][info][gc] GC(3546) Pause Young (Allocation Failure) 191M->104M(311M) 1.372ms
[213.613s][info][gc] GC(3547) Pause Young (Allocation Failure) 190M->107M(311M) 2.620ms
[213.675s][info][gc] GC(3548) Pause Young (Allocation Failure) 193M->108M(311M) 2.776ms
[213.729s][info][gc] GC(3549) Pause Young (Allocation Failure) 194M->109M(311M) 2.386ms
[213.786s][info][gc] GC(3550) Pause Young (Allocation Failure) 195M->109M(311M) 2.482ms
[213.840s][info][gc] GC(3551) Pause Young (Allocation Failure) 195M->110M(311M) 2.444ms
[213.902s][info][gc] GC(3552) Pause Young (Allocation Failure) 196M->111M(311M) 2.084ms
[213.959s][info][gc] GC(3553) Pause Young (Allocation Failure) 197M->111M(311M) 2.091ms
[214.014s][info][gc] GC(3554) Pause Young (Allocation Failure) 197M->112M(311M) 2.387ms
[214.069s][info][gc] GC(3555) Pause Young (Allocation Failure) 198M->112M(311M) 2.370ms
[214.124s][info][gc] GC(3556) Pause Young (Allocation Failure) 198M->113M(311M) 2.202ms
[214.184s][info][gc] GC(3557) Pause Young (Allocation Failure) 199M->114M(311M) 2.546ms
[214.246s][info][gc] GC(3558) Pause Young (Allocation Failure) 200M->115M(311M) 2.373ms
[214.301s][info][gc] GC(3559) Pause Young (Allocation Failure) 201M->115M(311M) 2.452ms
[214.358s][info][gc] GC(3560) Pause Young (Allocation Failure) 201M->116M(311M) 2.447ms
[214.410s][info][gc] GC(3561) Pause Young (Allocation Failure) 202M->116M(311M) 2.229ms
[214.473s][info][gc] GC(3562) Pause Young (Allocation Failure) 202M->117M(311M) 2.393ms
[214.530s][info][gc] GC(3563) Pause Young (Allocation Failure) 203M->117M(311M) 2.215ms
[214.584s][info][gc] GC(3564) Pause Young (Allocation Failure) 203M->119M(311M) 2.336ms
[214.643s][info][gc] GC(3565) Pause Young (Allocation Failure) 205M->119M(311M) 2.433ms
[214.694s][info][gc] GC(3566) Pause Young (Allocation Failure) 205M->119M(311M) 2.175ms
[214.753s][info][gc] GC(3567) Pause Young (Allocation Failure) 205M->121M(311M) 2.616ms
[214.807s][info][gc] GC(3568) Pause Young (Allocation Failure) 207M->120M(311M) 2.081ms
[214.867s][info][gc] GC(3569) Pause Young (Allocation Failure) 206M->122M(311M) 2.267ms
[214.929s][info][gc] GC(3570) Pause Young (Allocation Failure) 208M->123M(311M) 2.573ms
[214.982s][info][gc] GC(3571) Pause Young (Allocation Failure) 209M->123M(311M) 2.380ms
[215.044s][info][gc] GC(3572) Pause Young (Allocation Failure) 209M->124M(311M) 2.327ms
[215.105s][info][gc] GC(3573) Pause Young (Allocation Failure) 210M->125M(311M) 2.532ms
[215.155s][info][gc] GC(3574) Pause Young (Allocation Failure) 211M->125M(311M) 2.233ms
[215.216s][info][gc] GC(3575) Pause Young (Allocation Failure) 211M->126M(311M) 2.302ms
[215.269s][info][gc] GC(3576) Pause Young (Allocation Failure) 212M->127M(311M) 2.236ms
[215.331s][info][gc] GC(3577) Pause Young (Allocation Failure) 213M->127M(311M) 2.743ms
[215.391s][info][gc] GC(3578) Pause Young (Allocation Failure) 213M->128M(311M) 2.372ms
[215.444s][info][gc] GC(3579) Pause Young (Allocation Failure) 214M->129M(311M) 2.216ms
[215.504s][info][gc] GC(3580) Pause Young (Allocation Failure) 215M->129M(311M) 2.542ms
[215.555s][info][gc] GC(3581) Pause Young (Allocation Failure) 215M->130M(311M) 2.386ms
[215.615s][info][gc] GC(3582) Pause Young (Allocation Failure) 216M->131M(311M) 2.215ms
[215.677s][info][gc] GC(3583) Pause Young (Allocation Failure) 217M->131M(311M) 2.452ms
[215.728s][info][gc] GC(3584) Pause Young (Allocation Failure) 217M->132M(311M) 2.092ms
[215.787s][info][gc] GC(3585) Pause Young (Allocation Failure) 218M->133M(311M) 2.335ms
[215.838s][info][gc] GC(3586) Pause Young (Allocation Failure) 219M->133M(311M) 2.391ms
[215.898s][info][gc] GC(3587) Pause Young (Allocation Failure) 219M->133M(311M) 2.132ms
[215.959s][info][gc] GC(3588) Pause Young (Allocation Failure) 219M->135M(311M) 2.516ms
[216.010s][info][gc] GC(3589) Pause Young (Allocation Failure) 221M->136M(311M) 2.492ms
[216.072s][info][gc] GC(3590) Pause Young (Allocation Failure) 222M->136M(311M) 2.317ms
[216.122s][info][gc] GC(3591) Pause Young (Allocation Failure) 222M->136M(311M) 2.094ms
[216.187s][info][gc] GC(3592) Pause Young (Allocation Failure) 222M->137M(311M) 2.325ms
[216.247s][info][gc] GC(3593) Pause Young (Allocation Failure) 223M->138M(311M) 2.494ms
[216.301s][info][gc] GC(3594) Pause Young (Allocation Failure) 224M->138M(311M) 2.245ms
[216.358s][info][gc] GC(3595) Pause Young (Allocation Failure) 224M->139M(311M) 2.326ms
[216.409s][info][gc] GC(3596) Pause Young (Allocation Failure) 225M->139M(311M) 2.080ms
[216.472s][info][gc] GC(3597) Pause Young (Allocation Failure) 225M->141M(311M) 2.320ms
[216.528s][info][gc] GC(3598) Pause Young (Allocation Failure) 227M->141M(311M) 2.354ms
[216.583s][info][gc] GC(3599) Pause Young (Allocation Failure) 227M->142M(311M) 2.156ms
[216.641s][info][gc] GC(3600) Pause Young (Allocation Failure) 228M->142M(311M) 2.402ms
[216.692s][info][gc] GC(3601) Pause Young (Allocation Failure) 228M->142M(311M) 1.960ms
[216.953s][info][gc] GC(3602) Pause Young (Allocation Failure) 228M->144M(311M) 2.782ms
[217.006s][info][gc] GC(3603) Pause Young (Allocation Failure) 230M->145M(311M) 2.622ms
[217.066s][info][gc] GC(3604) Pause Young (Allocation Failure) 231M->146M(311M) 2.385ms
[217.119s][info][gc] GC(3605) Pause Young (Allocation Failure) 232M->147M(311M) 2.363ms
[217.182s][info][gc] GC(3606) Pause Young (Allocation Failure) 233M->147M(311M) 2.358ms
[217.239s][info][gc] GC(3607) Pause Young (Allocation Failure) 233M->147M(311M) 1.927ms
[217.290s][info][gc] GC(3608) Pause Young (Allocation Failure) 233M->148M(311M) 2.074ms
[217.351s][info][gc] GC(3609) Pause Young (Allocation Failure) 234M->149M(311M) 2.552ms
[217.404s][info][gc] GC(3610) Pause Young (Allocation Failure) 235M->150M(311M) 2.457ms
[217.465s][info][gc] GC(3611) Pause Young (Allocation Failure) 236M->150M(311M) 2.233ms
[217.523s][info][gc] GC(3612) Pause Young (Allocation Failure) 236M->151M(311M) 2.117ms
[217.576s][info][gc] GC(3613) Pause Young (Allocation Failure) 237M->152M(311M) 2.360ms
[217.635s][info][gc] GC(3614) Pause Young (Allocation Failure) 238M->152M(311M) 2.525ms
[217.686s][info][gc] GC(3615) Pause Young (Allocation Failure) 238M->153M(311M) 2.378ms
[217.748s][info][gc] GC(3616) Pause Young (Allocation Failure) 239M->154M(311M) 2.546ms
[217.807s][info][gc] GC(3617) Pause Young (Allocation Failure) 240M->154M(311M) 2.383ms
[217.860s][info][gc] GC(3618) Pause Young (Allocation Failure) 240M->155M(311M) 2.115ms
[217.917s][info][gc] GC(3619) Pause Young (Allocation Failure) 241M->155M(311M) 2.392ms
[217.970s][info][gc] GC(3620) Pause Young (Allocation Failure) 241M->156M(311M) 2.412ms
[218.036s][info][gc] GC(3621) Pause Young (Allocation Failure) 242M->157M(311M) 2.536ms
[218.094s][info][gc] GC(3622) Pause Young (Allocation Failure) 243M->158M(311M) 2.419ms
[218.148s][info][gc] GC(3623) Pause Young (Allocation Failure) 244M->158M(311M) 2.241ms
[218.208s][info][gc] GC(3624) Pause Young (Allocation Failure) 244M->159M(311M) 2.441ms
[218.259s][info][gc] GC(3625) Pause Young (Allocation Failure) 245M->160M(311M) 2.360ms
[218.323s][info][gc] GC(3626) Pause Young (Allocation Failure) 246M->160M(311M) 2.401ms
[218.383s][info][gc] GC(3627) Pause Young (Allocation Failure) 246M->161M(311M) 2.553ms
[218.438s][info][gc] GC(3628) Pause Young (Allocation Failure) 247M->162M(311M) 2.485ms
[218.496s][info][gc] GC(3629) Pause Young (Allocation Failure) 248M->162M(311M) 2.268ms
[218.549s][info][gc] GC(3630) Pause Young (Allocation Failure) 248M->162M(311M) 1.791ms
[218.607s][info][gc] GC(3631) Pause Young (Allocation Failure) 248M->163M(311M) 2.297ms
[218.670s][info][gc] GC(3632) Pause Young (Allocation Failure) 249M->165M(311M) 2.835ms
[218.722s][info][gc] GC(3633) Pause Young (Allocation Failure) 251M->165M(311M) 2.393ms
[218.782s][info][gc] GC(3634) Pause Young (Allocation Failure) 251M->166M(311M) 2.245ms
[218.836s][info][gc] GC(3635) Pause Young (Allocation Failure) 252M->165M(311M) 2.005ms
[218.897s][info][gc] GC(3636) Pause Young (Allocation Failure) 251M->167M(311M) 2.366ms
[218.954s][info][gc] GC(3637) Pause Young (Allocation Failure) 253M->168M(311M) 2.698ms
[219.007s][info][gc] GC(3638) Pause Young (Allocation Failure) 254M->168M(311M) 2.411ms
[219.069s][info][gc] GC(3639) Pause Young (Allocation Failure) 254M->169M(311M) 2.481ms
[219.131s][info][gc] GC(3640) Pause Young (Allocation Failure) 255M->169M(311M) 2.229ms
[219.183s][info][gc] GC(3641) Pause Young (Allocation Failure) 255M->170M(311M) 2.196ms
[219.242s][info][gc] GC(3642) Pause Young (Allocation Failure) 256M->171M(311M) 2.627ms
[219.295s][info][gc] GC(3643) Pause Young (Allocation Failure) 257M->171M(311M) 2.170ms
[219.356s][info][gc] GC(3644) Pause Young (Allocation Failure) 257M->172M(311M) 2.211ms
[219.417s][info][gc] GC(3645) Pause Young (Allocation Failure) 258M->173M(311M) 2.627ms
[219.471s][info][gc] GC(3646) Pause Young (Allocation Failure) 259M->174M(311M) 2.520ms
[219.532s][info][gc] GC(3647) Pause Young (Allocation Failure) 260M->174M(311M) 2.863ms
[219.586s][info][gc] GC(3648) Pause Young (Allocation Failure) 260M->174M(311M) 2.077ms
[219.645s][info][gc] GC(3649) Pause Young (Allocation Failure) 260M->175M(311M) 2.454ms
[219.710s][info][gc] GC(3650) Pause Young (Allocation Failure) 261M->176M(311M) 2.531ms
[219.760s][info][gc] GC(3651) Pause Young (Allocation Failure) 262M->176M(311M) 2.294ms
[219.824s][info][gc] GC(3652) Pause Young (Allocation Failure) 262M->178M(311M) 2.573ms
[219.875s][info][gc] GC(3653) Pause Young (Allocation Failure) 264M->177M(311M) 2.327ms
[219.942s][info][gc] GC(3654) Pause Young (Allocation Failure) 263M->179M(311M) 2.336ms
[220.003s][info][gc] GC(3655) Pause Young (Allocation Failure) 265M->180M(311M) 2.754ms
[220.052s][info][gc] GC(3656) Pause Young (Allocation Failure) 266M->180M(311M) 2.269ms
[220.234s][info][gc] GC(3657) Pause Young (Allocation Failure) 266M->179M(311M) 1.541ms
[220.418s][info][gc] GC(3658) Pause Young (Allocation Failure) 265M->182M(311M) 2.820ms
[220.477s][info][gc] GC(3659) Pause Young (Allocation Failure) 268M->183M(311M) 2.886ms
[220.528s][info][gc] GC(3660) Pause Young (Allocation Failure) 269M->183M(311M) 2.135ms
[220.587s][info][gc] GC(3661) Pause Young (Allocation Failure) 269M->184M(311M) 2.337ms
[220.639s][info][gc] GC(3662) Pause Young (Allocation Failure) 270M->185M(311M) 2.490ms
[220.697s][info][gc] GC(3663) Pause Young (Allocation Failure) 271M->185M(311M) 2.078ms
[220.763s][info][gc] GC(3664) Pause Young (Allocation Failure) 271M->186M(311M) 2.288ms
[220.814s][info][gc] GC(3665) Pause Young (Allocation Failure) 272M->187M(311M) 2.359ms
[220.872s][info][gc] GC(3666) Pause Young (Allocation Failure) 273M->188M(311M) 2.344ms
[220.923s][info][gc] GC(3667) Pause Young (Allocation Failure) 274M->188M(311M) 2.460ms
[220.985s][info][gc] GC(3668) Pause Young (Allocation Failure) 274M->189M(311M) 2.385ms
[221.047s][info][gc] GC(3669) Pause Young (Allocation Failure) 275M->190M(311M) 2.392ms
[221.097s][info][gc] GC(3670) Pause Young (Allocation Failure) 276M->190M(311M) 2.301ms
[221.156s][info][gc] GC(3671) Pause Young (Allocation Failure) 276M->191M(311M) 2.301ms
[221.207s][info][gc] GC(3672) Pause Young (Allocation Failure) 277M->191M(311M) 1.911ms
[221.269s][info][gc] GC(3673) Pause Young (Allocation Failure) 277M->192M(311M) 2.527ms
[221.331s][info][gc] GC(3674) Pause Young (Allocation Failure) 278M->193M(311M) 2.763ms
[221.383s][info][gc] GC(3675) Pause Young (Allocation Failure) 279M->194M(311M) 2.359ms
[221.440s][info][gc] GC(3676) Pause Young (Allocation Failure) 280M->194M(311M) 2.327ms
[221.493s][info][gc] GC(3677) Pause Young (Allocation Failure) 280M->194M(311M) 2.045ms
[221.553s][info][gc] GC(3678) Pause Young (Allocation Failure) 280M->195M(311M) 2.168ms
[221.613s][info][gc] GC(3679) Pause Young (Allocation Failure) 281M->196M(311M) 2.502ms
[221.665s][info][gc] GC(3680) Pause Young (Allocation Failure) 282M->196M(311M) 2.463ms
[221.727s][info][gc] GC(3681) Pause Young (Allocation Failure) 282M->197M(311M) 2.290ms
[221.776s][info][gc] GC(3682) Pause Young (Allocation Failure) 283M->198M(311M) 2.264ms
[221.836s][info][gc] GC(3683) Pause Young (Allocation Failure) 284M->198M(311M) 2.238ms
[221.900s][info][gc] GC(3684) Pause Young (Allocation Failure) 284M->199M(311M) 2.506ms
[221.950s][info][gc] GC(3685) Pause Young (Allocation Failure) 285M->200M(311M) 2.302ms
[222.007s][info][gc] GC(3686) Pause Young (Allocation Failure) 286M->201M(311M) 2.263ms
[222.059s][info][gc] GC(3687) Pause Young (Allocation Failure) 287M->201M(311M) 2.396ms
[222.121s][info][gc] GC(3688) Pause Young (Allocation Failure) 287M->202M(311M) 2.194ms
[222.182s][info][gc] GC(3689) Pause Young (Allocation Failure) 288M->203M(311M) 2.472ms
[222.234s][info][gc] GC(3690) Pause Young (Allocation Failure) 289M->203M(311M) 2.496ms
[222.294s][info][gc] GC(3691) Pause Young (Allocation Failure) 289M->204M(311M) 2.203ms
[222.346s][info][gc] GC(3692) Pause Young (Allocation Failure) 290M->204M(311M) 2.048ms
[222.406s][info][gc] GC(3693) Pause Young (Allocation Failure) 290M->205M(311M) 2.382ms
[222.466s][info][gc] GC(3694) Pause Young (Allocation Failure) 291M->206M(311M) 2.447ms
[222.518s][info][gc] GC(3695) Pause Young (Allocation Failure) 292M->206M(311M) 2.350ms
[222.577s][info][gc] GC(3696) Pause Young (Allocation Failure) 292M->207M(311M) 2.339ms
[222.626s][info][gc] GC(3697) Pause Young (Allocation Failure) 293M->207M(311M) 2.261ms
[222.690s][info][gc] GC(3698) Pause Young (Allocation Failure) 293M->208M(311M) 2.171ms
[222.749s][info][gc] GC(3699) Pause Young (Allocation Failure) 294M->209M(311M) 2.457ms
[222.801s][info][gc] GC(3700) Pause Young (Allocation Failure) 295M->210M(311M) 2.546ms
[222.861s][info][gc] GC(3701) Pause Young (Allocation Failure) 296M->210M(311M) 2.267ms
[222.912s][info][gc] GC(3702) Pause Young (Allocation Failure) 296M->210M(311M) 1.885ms
[222.973s][info][gc] GC(3703) Pause Young (Allocation Failure) 296M->212M(311M) 2.416ms
[223.034s][info][gc] GC(3704) Pause Young (Allocation Failure) 298M->212M(311M) 2.636ms
[223.087s][info][gc] GC(3705) Pause Young (Allocation Failure) 298M->213M(311M) 2.408ms
[223.144s][info][gc] GC(3706) Pause Young (Allocation Failure) 299M->214M(311M) 2.363ms
[223.203s][info][gc] GC(3707) Pause Young (Allocation Failure) 300M->214M(311M) 2.088ms
[223.263s][info][gc] GC(3708) Pause Young (Allocation Failure) 300M->215M(311M) 2.405ms
[223.324s][info][gc] GC(3709) Pause Young (Allocation Failure) 301M->216M(311M) 2.781ms
[223.376s][info][gc] GC(3710) Pause Young (Allocation Failure) 302M->216M(311M) 2.222ms
[223.436s][info][gc] GC(3711) Pause Young (Allocation Failure) 302M->217M(311M) 2.324ms
[223.511s][info][gc] GC(3712) Pause Young (Allocation Failure) 303M->216M(311M) 1.715ms
[223.750s][info][gc] GC(3713) Pause Young (Allocation Failure) 302M->219M(311M) 2.550ms
[223.804s][info][gc] GC(3714) Pause Young (Allocation Failure) 305M->220M(311M) 2.847ms
[223.865s][info][gc] GC(3715) Pause Young (Allocation Failure) 306M->221M(312M) 2.636ms
[223.891s][info][gc] GC(3716) Pause Full (Allocation Failure) 221M->33M(311M) 25.820ms
[223.941s][info][gc] GC(3717) Pause Young (Allocation Failure) 119M->35M(311M) 0.800ms
[224.002s][info][gc] GC(3718) Pause Young (Allocation Failure) 121M->37M(311M) 1.582ms
[224.060s][info][gc] GC(3719) Pause Young (Allocation Failure) 123M->37M(311M) 1.692ms
[224.112s][info][gc] GC(3720) Pause Young (Allocation Failure) 123M->38M(311M) 1.762ms
[224.171s][info][gc] GC(3721) Pause Young (Allocation Failure) 124M->39M(311M) 2.056ms
[224.228s][info][gc] GC(3722) Pause Young (Allocation Failure) 125M->39M(311M) 1.941ms
[224.285s][info][gc] GC(3723) Pause Young (Allocation Failure) 125M->40M(311M) 2.466ms
[224.344s][info][gc] GC(3724) Pause Young (Allocation Failure) 126M->41M(311M) 2.501ms
[224.395s][info][gc] GC(3725) Pause Young (Allocation Failure) 127M->41M(311M) 2.152ms
[224.457s][info][gc] GC(3726) Pause Young (Allocation Failure) 127M->42M(311M) 2.309ms
[224.515s][info][gc] GC(3727) Pause Young (Allocation Failure) 128M->42M(311M) 2.266ms
[224.571s][info][gc] GC(3728) Pause Young (Allocation Failure) 128M->43M(311M) 2.142ms
[224.631s][info][gc] GC(3729) Pause Young (Allocation Failure) 129M->44M(311M) 2.496ms
[224.682s][info][gc] GC(3730) Pause Young (Allocation Failure) 130M->45M(311M) 2.383ms
[224.742s][info][gc] GC(3731) Pause Young (Allocation Failure) 131M->45M(311M) 2.347ms
[224.803s][info][gc] GC(3732) Pause Young (Allocation Failure) 131M->46M(311M) 2.366ms
[224.862s][info][gc] GC(3733) Pause Young (Allocation Failure) 132M->47M(311M) 2.459ms
[224.921s][info][gc] GC(3734) Pause Young (Allocation Failure) 133M->47M(311M) 2.540ms
[224.975s][info][gc] GC(3735) Pause Young (Allocation Failure) 133M->48M(311M) 2.152ms
[225.038s][info][gc] GC(3736) Pause Young (Allocation Failure) 134M->49M(311M) 2.460ms
[225.097s][info][gc] GC(3737) Pause Young (Allocation Failure) 135M->49M(311M) 2.418ms
[225.151s][info][gc] GC(3738) Pause Young (Allocation Failure) 135M->50M(311M) 2.260ms
[225.207s][info][gc] GC(3739) Pause Young (Allocation Failure) 136M->50M(311M) 2.386ms
[225.262s][info][gc] GC(3740) Pause Young (Allocation Failure) 136M->51M(311M) 2.017ms
[225.328s][info][gc] GC(3741) Pause Young (Allocation Failure) 137M->52M(311M) 2.527ms
[225.384s][info][gc] GC(3742) Pause Young (Allocation Failure) 138M->53M(311M) 2.569ms
[225.438s][info][gc] GC(3743) Pause Young (Allocation Failure) 139M->53M(311M) 2.212ms
[225.496s][info][gc] GC(3744) Pause Young (Allocation Failure) 139M->54M(311M) 2.486ms
[225.549s][info][gc] GC(3745) Pause Young (Allocation Failure) 140M->54M(311M) 2.002ms
[225.610s][info][gc] GC(3746) Pause Young (Allocation Failure) 140M->55M(311M) 2.504ms
[225.671s][info][gc] GC(3747) Pause Young (Allocation Failure) 141M->56M(311M) 2.513ms
[225.724s][info][gc] GC(3748) Pause Young (Allocation Failure) 142M->57M(311M) 2.256ms
[225.783s][info][gc] GC(3749) Pause Young (Allocation Failure) 143M->57M(311M) 2.261ms
[225.837s][info][gc] GC(3750) Pause Young (Allocation Failure) 143M->58M(311M) 2.122ms
[225.899s][info][gc] GC(3751) Pause Young (Allocation Failure) 144M->59M(311M) 2.307ms
[225.955s][info][gc] GC(3752) Pause Young (Allocation Failure) 145M->59M(311M) 2.456ms
[226.009s][info][gc] GC(3753) Pause Young (Allocation Failure) 145M->60M(311M) 2.418ms
[226.068s][info][gc] GC(3754) Pause Young (Allocation Failure) 146M->60M(311M) 2.520ms
[226.124s][info][gc] GC(3755) Pause Young (Allocation Failure) 146M->61M(311M) 2.010ms
[226.183s][info][gc] GC(3756) Pause Young (Allocation Failure) 147M->62M(311M) 2.374ms
[226.242s][info][gc] GC(3757) Pause Young (Allocation Failure) 148M->62M(311M) 2.463ms
[226.295s][info][gc] GC(3758) Pause Young (Allocation Failure) 148M->63M(311M) 2.037ms
[226.355s][info][gc] GC(3759) Pause Young (Allocation Failure) 149M->64M(311M) 2.525ms
[226.408s][info][gc] GC(3760) Pause Young (Allocation Failure) 150M->64M(311M) 2.370ms
[226.468s][info][gc] GC(3761) Pause Young (Allocation Failure) 150M->65M(311M) 2.568ms
[226.530s][info][gc] GC(3762) Pause Young (Allocation Failure) 151M->66M(311M) 2.427ms
[226.584s][info][gc] GC(3763) Pause Young (Allocation Failure) 152M->66M(311M) 2.089ms
[226.641s][info][gc] GC(3764) Pause Young (Allocation Failure) 152M->67M(311M) 2.368ms
[226.695s][info][gc] GC(3765) Pause Young (Allocation Failure) 153M->67M(311M) 2.233ms
[226.752s][info][gc] GC(3766) Pause Young (Allocation Failure) 153M->68M(311M) 2.350ms
[226.812s][info][gc] GC(3767) Pause Young (Allocation Failure) 154M->69M(311M) 2.420ms
[226.865s][info][gc] GC(3768) Pause Young (Allocation Failure) 155M->70M(311M) 2.462ms
[227.072s][info][gc] GC(3769) Pause Young (Allocation Failure) 156M->69M(311M) 1.490ms
[227.165s][info][gc] GC(3770) Pause Young (Allocation Failure) 155M->72M(311M) 2.659ms
[227.224s][info][gc] GC(3771) Pause Young (Allocation Failure) 158M->73M(311M) 2.993ms
[227.275s][info][gc] GC(3772) Pause Young (Allocation Failure) 159M->73M(311M) 2.199ms
[227.339s][info][gc] GC(3773) Pause Young (Allocation Failure) 159M->74M(311M) 2.485ms
[227.390s][info][gc] GC(3774) Pause Young (Allocation Failure) 160M->74M(311M) 2.061ms
[227.452s][info][gc] GC(3775) Pause Young (Allocation Failure) 160M->75M(311M) 1.975ms
[227.510s][info][gc] GC(3776) Pause Young (Allocation Failure) 161M->76M(311M) 2.189ms
[227.563s][info][gc] GC(3777) Pause Young (Allocation Failure) 162M->77M(311M) 2.411ms
[227.625s][info][gc] GC(3778) Pause Young (Allocation Failure) 163M->77M(311M) 2.570ms
[227.677s][info][gc] GC(3779) Pause Young (Allocation Failure) 163M->77M(311M) 1.823ms
[227.734s][info][gc] GC(3780) Pause Young (Allocation Failure) 163M->78M(311M) 2.387ms
[227.791s][info][gc] GC(3781) Pause Young (Allocation Failure) 164M->79M(311M) 2.416ms
[227.843s][info][gc] GC(3782) Pause Young (Allocation Failure) 165M->80M(311M) 2.184ms
[227.904s][info][gc] GC(3783) Pause Young (Allocation Failure) 166M->80M(311M) 2.525ms
[227.962s][info][gc] GC(3784) Pause Young (Allocation Failure) 166M->81M(311M) 2.146ms
[228.014s][info][gc] GC(3785) Pause Young (Allocation Failure) 167M->81M(311M) 2.013ms
[228.076s][info][gc] GC(3786) Pause Young (Allocation Failure) 167M->83M(311M) 2.517ms
[228.125s][info][gc] GC(3787) Pause Young (Allocation Failure) 169M->83M(311M) 2.267ms
[228.188s][info][gc] GC(3788) Pause Young (Allocation Failure) 169M->84M(311M) 2.259ms
[228.244s][info][gc] GC(3789) Pause Young (Allocation Failure) 170M->84M(311M) 2.304ms
[228.299s][info][gc] GC(3790) Pause Young (Allocation Failure) 170M->85M(311M) 2.505ms
[228.359s][info][gc] GC(3791) Pause Young (Allocation Failure) 171M->86M(311M) 2.386ms
[228.413s][info][gc] GC(3792) Pause Young (Allocation Failure) 172M->86M(311M) 2.349ms
[228.473s][info][gc] GC(3793) Pause Young (Allocation Failure) 172M->87M(311M) 2.757ms
[228.535s][info][gc] GC(3794) Pause Young (Allocation Failure) 173M->87M(311M) 2.394ms
[228.589s][info][gc] GC(3795) Pause Young (Allocation Failure) 173M->88M(311M) 2.092ms
[228.646s][info][gc] GC(3796) Pause Young (Allocation Failure) 174M->89M(311M) 2.491ms
[228.699s][info][gc] GC(3797) Pause Young (Allocation Failure) 175M->90M(311M) 2.482ms
[228.760s][info][gc] GC(3798) Pause Young (Allocation Failure) 176M->90M(311M) 2.533ms
[228.819s][info][gc] GC(3799) Pause Young (Allocation Failure) 176M->91M(311M) 2.497ms
[228.872s][info][gc] GC(3800) Pause Young (Allocation Failure) 177M->92M(311M) 2.154ms
[228.930s][info][gc] GC(3801) Pause Young (Allocation Failure) 178M->92M(311M) 2.396ms
[228.984s][info][gc] GC(3802) Pause Young (Allocation Failure) 178M->92M(311M) 2.165ms
[229.041s][info][gc] GC(3803) Pause Young (Allocation Failure) 178M->94M(311M) 2.443ms
[229.101s][info][gc] GC(3804) Pause Young (Allocation Failure) 180M->94M(311M) 2.491ms
[229.152s][info][gc] GC(3805) Pause Young (Allocation Failure) 180M->95M(311M) 2.180ms
[229.215s][info][gc] GC(3806) Pause Young (Allocation Failure) 181M->96M(311M) 2.593ms
[229.264s][info][gc] GC(3807) Pause Young (Allocation Failure) 182M->95M(311M) 2.162ms
[229.327s][info][gc] GC(3808) Pause Young (Allocation Failure) 181M->97M(311M) 2.259ms
[229.388s][info][gc] GC(3809) Pause Young (Allocation Failure) 183M->98M(311M) 2.617ms
[229.439s][info][gc] GC(3810) Pause Young (Allocation Failure) 184M->98M(311M) 2.117ms
[229.497s][info][gc] GC(3811) Pause Young (Allocation Failure) 184M->99M(311M) 2.230ms
[229.547s][info][gc] GC(3812) Pause Young (Allocation Failure) 185M->99M(311M) 2.118ms
[229.608s][info][gc] GC(3813) Pause Young (Allocation Failure) 185M->100M(311M) 2.317ms
[229.667s][info][gc] GC(3814) Pause Young (Allocation Failure) 186M->101M(311M) 2.460ms
[229.721s][info][gc] GC(3815) Pause Young (Allocation Failure) 187M->102M(311M) 2.188ms
[229.781s][info][gc] GC(3816) Pause Young (Allocation Failure) 188M->102M(311M) 2.583ms
[229.835s][info][gc] GC(3817) Pause Young (Allocation Failure) 188M->102M(311M) 1.972ms
[229.893s][info][gc] GC(3818) Pause Young (Allocation Failure) 188M->104M(311M) 2.372ms
[229.955s][info][gc] GC(3819) Pause Young (Allocation Failure) 190M->104M(311M) 2.719ms
[230.008s][info][gc] GC(3820) Pause Young (Allocation Failure) 190M->105M(311M) 2.340ms
[230.068s][info][gc] GC(3821) Pause Young (Allocation Failure) 191M->105M(311M) 2.397ms
[230.126s][info][gc] GC(3822) Pause Young (Allocation Failure) 191M->106M(311M) 2.163ms
[230.185s][info][gc] GC(3823) Pause Young (Allocation Failure) 192M->107M(311M) 2.753ms
[230.285s][info][gc] GC(3824) Pause Young (Allocation Failure) 193M->106M(311M) 2.240ms
[230.515s][info][gc] GC(3825) Pause Young (Allocation Failure) 192M->115M(311M) 5.157ms
[230.545s][info][gc] GC(3826) Pause Young (Allocation Failure) 201M->116M(311M) 4.530ms
[230.570s][info][gc] GC(3827) Pause Young (Allocation Failure) 202M->117M(311M) 1.461ms
[230.596s][info][gc] GC(3828) Pause Young (Allocation Failure) 203M->118M(311M) 1.770ms
[230.622s][info][gc] GC(3829) Pause Young (Allocation Failure) 204M->119M(311M) 2.056ms
[230.661s][info][gc] GC(3830) Pause Young (Allocation Failure) 205M->123M(311M) 3.558ms
[230.687s][info][gc] GC(3831) Pause Young (Allocation Failure) 209M->123M(311M) 3.598ms
[230.714s][info][gc] GC(3832) Pause Young (Allocation Failure) 209M->124M(311M) 2.172ms
[230.741s][info][gc] GC(3833) Pause Young (Allocation Failure) 210M->125M(311M) 2.557ms
[230.778s][info][gc] GC(3834) Pause Young (Allocation Failure) 211M->128M(311M) 3.169ms
[230.808s][info][gc] GC(3835) Pause Young (Allocation Failure) 214M->129M(311M) 3.376ms
[230.836s][info][gc] GC(3836) Pause Young (Allocation Failure) 215M->130M(311M) 2.936ms
[230.861s][info][gc] GC(3837) Pause Young (Allocation Failure) 216M->131M(311M) 1.883ms
[230.891s][info][gc] GC(3838) Pause Young (Allocation Failure) 217M->133M(311M) 2.457ms
[230.933s][info][gc] GC(3839) Pause Young (Allocation Failure) 219M->136M(311M) 3.611ms
[230.958s][info][gc] GC(3840) Pause Young (Allocation Failure) 222M->137M(311M) 3.355ms
[230.983s][info][gc] GC(3841) Pause Young (Allocation Failure) 223M->137M(311M) 2.110ms
[231.013s][info][gc] GC(3842) Pause Young (Allocation Failure) 223M->138M(311M) 2.801ms
[231.049s][info][gc] GC(3843) Pause Young (Allocation Failure) 224M->140M(311M) 3.171ms
[231.081s][info][gc] GC(3844) Pause Young (Allocation Failure) 226M->141M(311M) 3.721ms
[231.108s][info][gc] GC(3845) Pause Young (Allocation Failure) 227M->142M(311M) 2.491ms
[231.134s][info][gc] GC(3846) Pause Young (Allocation Failure) 228M->143M(311M) 1.749ms
[231.169s][info][gc] GC(3847) Pause Young (Allocation Failure) 229M->146M(311M) 2.991ms
[231.198s][info][gc] GC(3848) Pause Young (Allocation Failure) 232M->147M(311M) 3.408ms
[231.226s][info][gc] GC(3849) Pause Young (Allocation Failure) 233M->148M(311M) 2.797ms
[231.249s][info][gc] GC(3850) Pause Young (Allocation Failure) 234M->149M(311M) 1.777ms
[231.280s][info][gc] GC(3851) Pause Young (Allocation Failure) 235M->151M(311M) 2.548ms
[231.310s][info][gc] GC(3852) Pause Young (Allocation Failure) 237M->153M(311M) 3.205ms
[231.339s][info][gc] GC(3853) Pause Young (Allocation Failure) 239M->154M(311M) 3.383ms
[231.364s][info][gc] GC(3854) Pause Young (Allocation Failure) 240M->154M(311M) 2.282ms
[231.393s][info][gc] GC(3855) Pause Young (Allocation Failure) 240M->156M(311M) 2.887ms
[231.428s][info][gc] GC(3856) Pause Young (Allocation Failure) 242M->159M(311M) 2.964ms
[231.456s][info][gc] GC(3857) Pause Young (Allocation Failure) 245M->159M(311M) 3.118ms
[231.482s][info][gc] GC(3858) Pause Young (Allocation Failure) 245M->160M(311M) 2.443ms
[231.510s][info][gc] GC(3859) Pause Young (Allocation Failure) 246M->162M(311M) 3.021ms
[231.536s][info][gc] GC(3860) Pause Young (Allocation Failure) 248M->163M(311M) 2.402ms
[231.571s][info][gc] GC(3861) Pause Young (Allocation Failure) 249M->165M(311M) 3.306ms
[231.598s][info][gc] GC(3862) Pause Young (Allocation Failure) 251M->167M(311M) 3.360ms
[231.625s][info][gc] GC(3863) Pause Young (Allocation Failure) 253M->167M(311M) 2.269ms
[231.652s][info][gc] GC(3864) Pause Young (Allocation Failure) 253M->168M(311M) 2.769ms
[231.683s][info][gc] GC(3865) Pause Young (Allocation Failure) 254M->171M(311M) 2.832ms
[231.712s][info][gc] GC(3866) Pause Young (Allocation Failure) 257M->172M(311M) 3.177ms
[231.740s][info][gc] GC(3867) Pause Young (Allocation Failure) 258M->173M(311M) 2.487ms
[231.766s][info][gc] GC(3868) Pause Young (Allocation Failure) 259M->173M(311M) 2.787ms
[231.797s][info][gc] GC(3869) Pause Young (Allocation Failure) 259M->176M(311M) 2.720ms
[231.828s][info][gc] GC(3870) Pause Young (Allocation Failure) 262M->177M(311M) 3.119ms
[231.855s][info][gc] GC(3871) Pause Young (Allocation Failure) 263M->178M(311M) 3.091ms
[231.882s][info][gc] GC(3872) Pause Young (Allocation Failure) 264M->179M(311M) 2.204ms
[231.910s][info][gc] GC(3873) Pause Young (Allocation Failure) 265M->180M(311M) 2.675ms
[231.943s][info][gc] GC(3874) Pause Young (Allocation Failure) 266M->183M(311M) 2.808ms
[231.974s][info][gc] GC(3875) Pause Young (Allocation Failure) 269M->184M(311M) 3.421ms
[231.999s][info][gc] GC(3876) Pause Young (Allocation Failure) 270M->185M(311M) 2.552ms
[232.030s][info][gc] GC(3877) Pause Young (Allocation Failure) 271M->187M(311M) 2.384ms
[232.056s][info][gc] GC(3878) Pause Young (Allocation Failure) 273M->188M(311M) 2.551ms
[232.087s][info][gc] GC(3879) Pause Young (Allocation Failure) 274M->190M(311M) 2.789ms
[232.115s][info][gc] GC(3880) Pause Young (Allocation Failure) 276M->192M(311M) 3.477ms
[232.144s][info][gc] GC(3881) Pause Young (Allocation Failure) 278M->193M(311M) 2.941ms
[232.171s][info][gc] GC(3882) Pause Young (Allocation Failure) 279M->193M(311M) 2.716ms
[232.200s][info][gc] GC(3883) Pause Young (Allocation Failure) 279M->195M(311M) 2.715ms
[232.232s][info][gc] GC(3884) Pause Young (Allocation Failure) 281M->197M(311M) 3.396ms
[232.257s][info][gc] GC(3885) Pause Young (Allocation Failure) 283M->198M(311M) 2.939ms
[232.287s][info][gc] GC(3886) Pause Young (Allocation Failure) 284M->199M(311M) 2.422ms
[232.314s][info][gc] GC(3887) Pause Young (Allocation Failure) 285M->200M(311M) 2.704ms
[232.342s][info][gc] GC(3888) Pause Young (Allocation Failure) 286M->201M(311M) 2.572ms
[232.372s][info][gc] GC(3889) Pause Young (Allocation Failure) 287M->203M(311M) 3.117ms
[232.405s][info][gc] GC(3890) Pause Young (Allocation Failure) 289M->205M(311M) 3.141ms
[232.432s][info][gc] GC(3891) Pause Young (Allocation Failure) 291M->205M(311M) 2.734ms
[232.461s][info][gc] GC(3892) Pause Young (Allocation Failure) 291M->206M(311M) 2.765ms
[232.493s][info][gc] GC(3893) Pause Young (Allocation Failure) 292M->208M(311M) 3.156ms
[232.519s][info][gc] GC(3894) Pause Young (Allocation Failure) 294M->209M(311M) 2.709ms
[232.549s][info][gc] GC(3895) Pause Young (Allocation Failure) 295M->211M(311M) 3.008ms
[232.579s][info][gc] GC(3896) Pause Young (Allocation Failure) 297M->212M(311M) 3.009ms
[232.609s][info][gc] GC(3897) Pause Young (Allocation Failure) 298M->214M(311M) 3.040ms
[232.635s][info][gc] GC(3898) Pause Young (Allocation Failure) 300M->215M(311M) 2.865ms
[232.666s][info][gc] GC(3899) Pause Young (Allocation Failure) 301M->216M(311M) 2.997ms
[232.693s][info][gc] GC(3900) Pause Young (Allocation Failure) 302M->217M(311M) 2.940ms
[232.722s][info][gc] GC(3901) Pause Young (Allocation Failure) 303M->218M(311M) 2.671ms
[232.753s][info][gc] GC(3902) Pause Young (Allocation Failure) 304M->221M(311M) 3.256ms
[232.804s][info][gc] GC(3903) Pause Full (Allocation Failure) 221M->90M(311M) 51.088ms
[232.827s][info][gc] GC(3904) Pause Young (Allocation Failure) 176M->92M(311M) 1.150ms
[232.857s][info][gc] GC(3905) Pause Young (Allocation Failure) 178M->95M(311M) 2.136ms
[232.884s][info][gc] GC(3906) Pause Young (Allocation Failure) 181M->95M(311M) 2.236ms
[232.917s][info][gc] GC(3907) Pause Young (Allocation Failure) 181M->98M(311M) 3.197ms
[232.942s][info][gc] GC(3908) Pause Young (Allocation Failure) 184M->99M(311M) 2.891ms
[232.972s][info][gc] GC(3909) Pause Young (Allocation Failure) 185M->100M(311M) 2.720ms
[233.001s][info][gc] GC(3910) Pause Young (Allocation Failure) 186M->102M(311M) 3.171ms
[233.031s][info][gc] GC(3911) Pause Young (Allocation Failure) 188M->103M(311M) 2.856ms
[233.057s][info][gc] GC(3912) Pause Young (Allocation Failure) 189M->104M(311M) 2.916ms
[233.085s][info][gc] GC(3913) Pause Young (Allocation Failure) 190M->106M(311M) 2.821ms
[233.115s][info][gc] GC(3914) Pause Young (Allocation Failure) 192M->107M(311M) 2.860ms
[233.142s][info][gc] GC(3915) Pause Young (Allocation Failure) 193M->108M(311M) 2.560ms
[233.174s][info][gc] GC(3916) Pause Young (Allocation Failure) 194M->111M(311M) 3.376ms
[233.198s][info][gc] GC(3917) Pause Young (Allocation Failure) 197M->111M(311M) 2.846ms
[233.227s][info][gc] GC(3918) Pause Young (Allocation Failure) 197M->113M(311M) 2.733ms
[233.255s][info][gc] GC(3919) Pause Young (Allocation Failure) 199M->114M(311M) 3.021ms
[233.290s][info][gc] GC(3920) Pause Young (Allocation Failure) 200M->116M(311M) 3.168ms
[233.315s][info][gc] GC(3921) Pause Young (Allocation Failure) 202M->117M(311M) 3.014ms
[233.344s][info][gc] GC(3922) Pause Young (Allocation Failure) 203M->118M(311M) 2.439ms
[233.372s][info][gc] GC(3923) Pause Young (Allocation Failure) 204M->120M(311M) 2.968ms
[233.401s][info][gc] GC(3924) Pause Young (Allocation Failure) 206M->121M(311M) 2.542ms
[233.433s][info][gc] GC(3925) Pause Young (Allocation Failure) 207M->123M(311M) 3.729ms
[233.462s][info][gc] GC(3926) Pause Young (Allocation Failure) 209M->124M(311M) 3.208ms
[233.488s][info][gc] GC(3927) Pause Young (Allocation Failure) 210M->125M(311M) 2.338ms
[233.516s][info][gc] GC(3928) Pause Young (Allocation Failure) 211M->126M(311M) 2.630ms
[233.544s][info][gc] GC(3929) Pause Young (Allocation Failure) 212M->128M(311M) 2.634ms
[233.574s][info][gc] GC(3930) Pause Young (Allocation Failure) 214M->130M(311M) 3.410ms
[233.601s][info][gc] GC(3931) Pause Young (Allocation Failure) 216M->131M(311M) 2.986ms
[233.627s][info][gc] GC(3932) Pause Young (Allocation Failure) 217M->131M(311M) 2.660ms
[233.656s][info][gc] GC(3933) Pause Young (Allocation Failure) 217M->133M(311M) 2.791ms
[233.688s][info][gc] GC(3934) Pause Young (Allocation Failure) 219M->135M(311M) 3.453ms
[233.715s][info][gc] GC(3935) Pause Young (Allocation Failure) 221M->135M(311M) 2.857ms
[233.745s][info][gc] GC(3936) Pause Young (Allocation Failure) 221M->137M(311M) 2.518ms
[233.773s][info][gc] GC(3937) Pause Young (Allocation Failure) 223M->138M(311M) 2.904ms
[233.805s][info][gc] GC(3938) Pause Young (Allocation Failure) 224M->141M(311M) 3.163ms
[233.833s][info][gc] GC(3939) Pause Young (Allocation Failure) 227M->142M(311M) 3.382ms
[233.858s][info][gc] GC(3940) Pause Young (Allocation Failure) 228M->142M(311M) 2.348ms
[233.884s][info][gc] GC(3941) Pause Young (Allocation Failure) 228M->144M(311M) 1.932ms
[233.913s][info][gc] GC(3942) Pause Young (Allocation Failure) 230M->146M(311M) 2.640ms
[233.945s][info][gc] GC(3943) Pause Young (Allocation Failure) 232M->148M(311M) 3.254ms
[233.971s][info][gc] GC(3944) Pause Young (Allocation Failure) 234M->149M(311M) 3.039ms
[233.999s][info][gc] GC(3945) Pause Young (Allocation Failure) 235M->150M(311M) 2.325ms
[234.025s][info][gc] GC(3946) Pause Young (Allocation Failure) 236M->151M(311M) 2.582ms
[234.057s][info][gc] GC(3947) Pause Young (Allocation Failure) 237M->154M(311M) 2.871ms
[234.089s][info][gc] GC(3948) Pause Young (Allocation Failure) 240M->156M(311M) 3.622ms
[234.114s][info][gc] GC(3949) Pause Young (Allocation Failure) 242M->157M(311M) 2.754ms
[234.140s][info][gc] GC(3950) Pause Young (Allocation Failure) 243M->157M(311M) 1.937ms
[234.168s][info][gc] GC(3951) Pause Young (Allocation Failure) 243M->159M(311M) 2.357ms
[234.198s][info][gc] GC(3952) Pause Young (Allocation Failure) 245M->161M(311M) 3.053ms
[234.231s][info][gc] GC(3953) Pause Young (Allocation Failure) 247M->162M(311M) 3.562ms
[234.256s][info][gc] GC(3954) Pause Young (Allocation Failure) 248M->163M(311M) 2.948ms
[234.286s][info][gc] GC(3955) Pause Young (Allocation Failure) 249M->165M(311M) 2.515ms
[234.316s][info][gc] GC(3956) Pause Young (Allocation Failure) 251M->166M(311M) 2.917ms
[234.345s][info][gc] GC(3957) Pause Young (Allocation Failure) 252M->167M(311M) 2.929ms
[234.369s][info][gc] GC(3958) Pause Young (Allocation Failure) 253M->168M(311M) 2.163ms
[234.400s][info][gc] GC(3959) Pause Young (Allocation Failure) 254M->170M(311M) 2.707ms
[234.430s][info][gc] GC(3960) Pause Young (Allocation Failure) 256M->171M(311M) 2.968ms
[234.459s][info][gc] GC(3961) Pause Young (Allocation Failure) 257M->171M(311M) 2.773ms
[234.487s][info][gc] GC(3962) Pause Young (Allocation Failure) 257M->173M(311M) 2.935ms
[234.515s][info][gc] GC(3963) Pause Young (Allocation Failure) 259M->174M(311M) 2.775ms
[234.547s][info][gc] GC(3964) Pause Young (Allocation Failure) 260M->176M(311M) 2.803ms
[234.576s][info][gc] GC(3965) Pause Young (Allocation Failure) 262M->178M(311M) 3.116ms
[234.602s][info][gc] GC(3966) Pause Young (Allocation Failure) 264M->179M(311M) 3.102ms
[234.629s][info][gc] GC(3967) Pause Young (Allocation Failure) 265M->179M(311M) 1.895ms
[234.657s][info][gc] GC(3968) Pause Young (Allocation Failure) 265M->181M(311M) 2.409ms
[234.692s][info][gc] GC(3969) Pause Young (Allocation Failure) 267M->184M(311M) 3.457ms
[234.719s][info][gc] GC(3970) Pause Young (Allocation Failure) 270M->184M(311M) 3.257ms
[234.746s][info][gc] GC(3971) Pause Young (Allocation Failure) 270M->185M(311M) 2.385ms
[234.773s][info][gc] GC(3972) Pause Young (Allocation Failure) 271M->186M(311M) 2.902ms
[234.808s][info][gc] GC(3973) Pause Young (Allocation Failure) 272M->189M(311M) 2.887ms
[234.839s][info][gc] GC(3974) Pause Young (Allocation Failure) 275M->190M(311M) 3.463ms
[234.864s][info][gc] GC(3975) Pause Young (Allocation Failure) 276M->191M(311M) 2.961ms
[234.896s][info][gc] GC(3976) Pause Young (Allocation Failure) 277M->192M(311M) 2.309ms
[234.925s][info][gc] GC(3977) Pause Young (Allocation Failure) 278M->193M(311M) 2.429ms
[234.961s][info][gc] GC(3978) Pause Young (Allocation Failure) 279M->196M(311M) 3.425ms
[234.990s][info][gc] GC(3979) Pause Young (Allocation Failure) 282M->197M(311M) 3.512ms
[235.017s][info][gc] GC(3980) Pause Young (Allocation Failure) 283M->198M(311M) 2.629ms
[235.044s][info][gc] GC(3981) Pause Young (Allocation Failure) 284M->198M(311M) 1.919ms
[235.076s][info][gc] GC(3982) Pause Young (Allocation Failure) 284M->201M(311M) 2.713ms
[235.108s][info][gc] GC(3983) Pause Young (Allocation Failure) 287M->203M(311M) 3.544ms
[235.135s][info][gc] GC(3984) Pause Young (Allocation Failure) 289M->203M(311M) 3.188ms
[235.162s][info][gc] GC(3985) Pause Young (Allocation Failure) 289M->204M(311M) 1.990ms
[235.196s][info][gc] GC(3986) Pause Young (Allocation Failure) 290M->207M(311M) 2.796ms
[235.225s][info][gc] GC(3987) Pause Young (Allocation Failure) 293M->208M(311M) 3.214ms
[235.255s][info][gc] GC(3988) Pause Young (Allocation Failure) 294M->208M(311M) 3.061ms
[235.284s][info][gc] GC(3989) Pause Young (Allocation Failure) 294M->210M(311M) 2.207ms
[235.316s][info][gc] GC(3990) Pause Young (Allocation Failure) 296M->212M(311M) 2.953ms
[235.345s][info][gc] GC(3991) Pause Young (Allocation Failure) 298M->213M(311M) 3.217ms
[235.376s][info][gc] GC(3992) Pause Young (Allocation Failure) 299M->215M(311M) 3.175ms
[235.406s][info][gc] GC(3993) Pause Young (Allocation Failure) 301M->215M(311M) 2.220ms
[235.436s][info][gc] GC(3994) Pause Young (Allocation Failure) 301M->217M(311M) 2.914ms
[235.469s][info][gc] GC(3995) Pause Young (Allocation Failure) 303M->219M(311M) 3.150ms
[235.503s][info][gc] GC(3996) Pause Young (Allocation Failure) 305M->221M(311M) 3.158ms
[235.533s][info][gc] GC(3997) Pause Young (Allocation Failure) 307M->222M(314M) 3.502ms
[235.616s][info][gc] GC(3998) Pause Full (Allocation Failure) 222M->149M(360M) 82.827ms
[235.644s][info][gc] GC(3999) Pause Young (Allocation Failure) 248M->151M(360M) 1.516ms
[235.678s][info][gc] GC(4000) Pause Young (Allocation Failure) 250M->154M(360M) 2.202ms
[235.714s][info][gc] GC(4001) Pause Young (Allocation Failure) 253M->157M(360M) 3.599ms
[235.747s][info][gc] GC(4002) Pause Young (Allocation Failure) 256M->157M(360M) 3.453ms
[235.777s][info][gc] GC(4003) Pause Young (Allocation Failure) 257M->158M(360M) 2.452ms
[235.811s][info][gc] GC(4004) Pause Young (Allocation Failure) 258M->160M(360M) 2.970ms
[235.845s][info][gc] GC(4005) Pause Young (Allocation Failure) 259M->161M(360M) 3.203ms
[235.877s][info][gc] GC(4006) Pause Young (Allocation Failure) 260M->162M(360M) 3.249ms
[235.910s][info][gc] GC(4007) Pause Young (Allocation Failure) 261M->163M(360M) 3.215ms
[235.948s][info][gc] GC(4008) Pause Young (Allocation Failure) 262M->165M(360M) 3.296ms
[235.979s][info][gc] GC(4009) Pause Young (Allocation Failure) 264M->166M(360M) 3.453ms
[236.012s][info][gc] GC(4010) Pause Young (Allocation Failure) 265M->167M(360M) 3.154ms
[236.044s][info][gc] GC(4011) Pause Young (Allocation Failure) 266M->167M(360M) 2.931ms
[236.080s][info][gc] GC(4012) Pause Young (Allocation Failure) 266M->169M(360M) 3.150ms
[236.113s][info][gc] GC(4013) Pause Young (Allocation Failure) 268M->170M(360M) 3.460ms
[236.144s][info][gc] GC(4014) Pause Young (Allocation Failure) 270M->171M(360M) 3.131ms
[236.181s][info][gc] GC(4015) Pause Young (Allocation Failure) 271M->173M(360M) 3.220ms
[236.215s][info][gc] GC(4016) Pause Young (Allocation Failure) 272M->175M(360M) 3.272ms
[236.243s][info][gc] GC(4017) Pause Young (Allocation Failure) 274M->175M(360M) 3.040ms
[236.279s][info][gc] GC(4018) Pause Young (Allocation Failure) 275M->176M(360M) 3.061ms
[236.312s][info][gc] GC(4019) Pause Young (Allocation Failure) 275M->178M(360M) 3.169ms
[236.344s][info][gc] GC(4020) Pause Young (Allocation Failure) 278M->179M(360M) 3.204ms
[236.377s][info][gc] GC(4021) Pause Young (Allocation Failure) 278M->180M(360M) 3.109ms
[236.412s][info][gc] GC(4022) Pause Young (Allocation Failure) 279M->181M(360M) 3.042ms
[236.446s][info][gc] GC(4023) Pause Young (Allocation Failure) 281M->183M(360M) 3.058ms
[236.478s][info][gc] GC(4024) Pause Young (Allocation Failure) 282M->184M(360M) 3.018ms
[236.508s][info][gc] GC(4025) Pause Young (Allocation Failure) 283M->184M(360M) 2.917ms
[236.548s][info][gc] GC(4026) Pause Young (Allocation Failure) 284M->186M(360M) 3.084ms
[236.581s][info][gc] GC(4027) Pause Young (Allocation Failure) 285M->187M(360M) 3.033ms
[236.613s][info][gc] GC(4028) Pause Young (Allocation Failure) 286M->189M(360M) 3.271ms
[236.644s][info][gc] GC(4029) Pause Young (Allocation Failure) 288M->189M(360M) 3.120ms
[236.678s][info][gc] GC(4030) Pause Young (Allocation Failure) 289M->191M(360M) 3.041ms
[236.714s][info][gc] GC(4031) Pause Young (Allocation Failure) 291M->192M(360M) 3.142ms
[236.744s][info][gc] GC(4032) Pause Young (Allocation Failure) 291M->193M(360M) 3.295ms
[236.774s][info][gc] GC(4033) Pause Young (Allocation Failure) 293M->193M(360M) 2.786ms
[236.811s][info][gc] GC(4034) Pause Young (Allocation Failure) 292M->195M(360M) 3.243ms
[236.845s][info][gc] GC(4035) Pause Young (Allocation Failure) 295M->196M(360M) 3.382ms
[236.878s][info][gc] GC(4036) Pause Young (Allocation Failure) 296M->197M(360M) 3.287ms
[236.910s][info][gc] GC(4037) Pause Young (Allocation Failure) 297M->198M(360M) 3.106ms
[236.944s][info][gc] GC(4038) Pause Young (Allocation Failure) 298M->200M(360M) 3.113ms
[236.978s][info][gc] GC(4039) Pause Young (Allocation Failure) 299M->201M(360M) 3.108ms
[237.008s][info][gc] GC(4040) Pause Young (Allocation Failure) 301M->202M(360M) 2.982ms
[237.047s][info][gc] GC(4041) Pause Young (Allocation Failure) 301M->201M(360M) 2.146ms
[237.206s][info][gc] GC(4042) Pause Young (Allocation Failure) 300M->200M(360M) 1.576ms
[237.351s][info][gc] GC(4043) Pause Young (Allocation Failure) 299M->203M(360M) 2.749ms
[237.447s][info][gc] GC(4044) Pause Young (Allocation Failure) 303M->204M(360M) 2.774ms
[237.542s][info][gc] GC(4045) Pause Young (Allocation Failure) 303M->204M(360M) 2.630ms
[237.640s][info][gc] GC(4046) Pause Young (Allocation Failure) 304M->205M(360M) 2.592ms
[237.741s][info][gc] GC(4047) Pause Young (Allocation Failure) 305M->206M(360M) 2.671ms
[237.836s][info][gc] GC(4048) Pause Young (Allocation Failure) 306M->207M(360M) 2.504ms
[237.927s][info][gc] GC(4049) Pause Young (Allocation Failure) 306M->207M(360M) 2.000ms
[238.023s][info][gc] GC(4050) Pause Young (Allocation Failure) 307M->208M(360M) 2.270ms
[238.127s][info][gc] GC(4051) Pause Young (Allocation Failure) 307M->209M(360M) 2.588ms
[238.219s][info][gc] GC(4052) Pause Young (Allocation Failure) 309M->210M(360M) 2.678ms
[238.311s][info][gc] GC(4053) Pause Young (Allocation Failure) 309M->210M(360M) 2.624ms
[238.408s][info][gc] GC(4054) Pause Young (Allocation Failure) 310M->211M(360M) 2.640ms
[238.503s][info][gc] GC(4055) Pause Young (Allocation Failure) 311M->212M(360M) 2.794ms
[238.599s][info][gc] GC(4056) Pause Young (Allocation Failure) 312M->213M(360M) 2.689ms
[238.697s][info][gc] GC(4057) Pause Young (Allocation Failure) 312M->214M(360M) 2.805ms
[238.790s][info][gc] GC(4058) Pause Young (Allocation Failure) 313M->214M(360M) 2.720ms
[238.890s][info][gc] GC(4059) Pause Young (Allocation Failure) 314M->215M(360M) 2.683ms
[238.984s][info][gc] GC(4060) Pause Young (Allocation Failure) 315M->216M(360M) 2.709ms
[239.080s][info][gc] GC(4061) Pause Young (Allocation Failure) 315M->217M(360M) 2.694ms
[239.177s][info][gc] GC(4062) Pause Young (Allocation Failure) 316M->218M(360M) 2.706ms
[239.271s][info][gc] GC(4063) Pause Young (Allocation Failure) 317M->218M(360M) 2.657ms
[239.369s][info][gc] GC(4064) Pause Young (Allocation Failure) 318M->219M(360M) 2.740ms
[239.465s][info][gc] GC(4065) Pause Young (Allocation Failure) 319M->220M(360M) 2.703ms
[239.559s][info][gc] GC(4066) Pause Young (Allocation Failure) 319M->220M(360M) 2.680ms
[239.653s][info][gc] GC(4067) Pause Young (Allocation Failure) 320M->221M(360M) 2.739ms
[239.747s][info][gc] GC(4068) Pause Young (Allocation Failure) 321M->222M(360M) 2.450ms
[239.848s][info][gc] GC(4069) Pause Young (Allocation Failure) 321M->222M(360M) 2.355ms
[239.949s][info][gc] GC(4070) Pause Young (Allocation Failure) 322M->224M(360M) 2.826ms
[240.046s][info][gc] GC(4071) Pause Young (Allocation Failure) 323M->225M(360M) 3.099ms
[240.139s][info][gc] GC(4072) Pause Young (Allocation Failure) 324M->225M(360M) 2.915ms
[240.239s][info][gc] GC(4073) Pause Young (Allocation Failure) 325M->226M(360M) 3.014ms
[240.334s][info][gc] GC(4074) Pause Young (Allocation Failure) 326M->227M(360M) 2.805ms
[240.433s][info][gc] GC(4075) Pause Young (Allocation Failure) 326M->227M(360M) 2.846ms
[240.533s][info][gc] GC(4076) Pause Young (Allocation Failure) 327M->228M(360M) 2.798ms
[240.629s][info][gc] GC(4077) Pause Young (Allocation Failure) 328M->229M(360M) 2.691ms
[240.724s][info][gc] GC(4078) Pause Young (Allocation Failure) 328M->230M(360M) 2.718ms
[240.820s][info][gc] GC(4079) Pause Young (Allocation Failure) 329M->230M(360M) 2.891ms
[240.918s][info][gc] GC(4080) Pause Young (Allocation Failure) 330M->232M(360M) 2.949ms
[241.013s][info][gc] GC(4081) Pause Young (Allocation Failure) 331M->232M(360M) 2.795ms
[241.109s][info][gc] GC(4082) Pause Young (Allocation Failure) 332M->233M(360M) 2.747ms
[241.210s][info][gc] GC(4083) Pause Young (Allocation Failure) 332M->234M(360M) 3.034ms
[241.306s][info][gc] GC(4084) Pause Young (Allocation Failure) 333M->234M(360M) 2.926ms
[241.406s][info][gc] GC(4085) Pause Young (Allocation Failure) 334M->235M(360M) 2.876ms
[241.503s][info][gc] GC(4086) Pause Young (Allocation Failure) 335M->236M(360M) 2.834ms
[241.601s][info][gc] GC(4087) Pause Young (Allocation Failure) 335M->236M(360M) 2.830ms
[241.706s][info][gc] GC(4088) Pause Young (Allocation Failure) 336M->237M(360M) 2.543ms
[241.802s][info][gc] GC(4089) Pause Young (Allocation Failure) 336M->238M(360M) 2.728ms
[242.015s][info][gc] GC(4090) Pause Young (Allocation Failure) 338M->238M(360M) 2.194ms
[242.098s][info][gc] GC(4091) Pause Young (Allocation Failure) 337M->242M(360M) 3.792ms
[242.143s][info][gc] GC(4092) Pause Young (Allocation Failure) 342M->242M(360M) 3.668ms
[242.200s][info][gc] GC(4093) Pause Young (Allocation Failure) 341M->244M(360M) 2.724ms
[242.252s][info][gc] GC(4094) Pause Young (Allocation Failure) 343M->244M(360M) 2.664ms
[242.302s][info][gc] GC(4095) Pause Young (Allocation Failure) 343M->245M(360M) 2.801ms
[242.356s][info][gc] GC(4096) Pause Young (Allocation Failure) 345M->246M(360M) 3.288ms
[242.403s][info][gc] GC(4097) Pause Young (Allocation Failure) 346M->247M(360M) 2.791ms
[242.455s][info][gc] GC(4098) Pause Young (Allocation Failure) 346M->248M(360M) 2.816ms
[242.503s][info][gc] GC(4099) Pause Young (Allocation Failure) 347M->248M(360M) 2.787ms
[242.557s][info][gc] GC(4100) Pause Young (Allocation Failure) 348M->249M(360M) 2.876ms
[242.604s][info][gc] GC(4101) Pause Young (Allocation Failure) 349M->250M(360M) 2.890ms
[242.658s][info][gc] GC(4102) Pause Young (Allocation Failure) 349M->251M(360M) 2.833ms
[242.706s][info][gc] GC(4103) Pause Young (Allocation Failure) 350M->252M(360M) 2.863ms
[242.758s][info][gc] GC(4104) Pause Young (Allocation Failure) 351M->252M(360M) 2.896ms
[242.807s][info][gc] GC(4105) Pause Young (Allocation Failure) 352M->253M(360M) 2.800ms
[242.859s][info][gc] GC(4106) Pause Young (Allocation Failure) 353M->254M(360M) 2.807ms
[242.906s][info][gc] GC(4107) Pause Young (Allocation Failure) 353M->254M(360M) 2.648ms
[242.959s][info][gc] GC(4108) Pause Young (Allocation Failure) 354M->255M(361M) 2.789ms
[242.994s][info][gc] GC(4109) Pause Full (Allocation Failure) 255M->47M(360M) 34.953ms
[243.040s][info][gc] GC(4110) Pause Young (Allocation Failure) 147M->49M(360M) 1.136ms
[243.094s][info][gc] GC(4111) Pause Young (Allocation Failure) 149M->52M(360M) 1.963ms
[243.138s][info][gc] GC(4112) Pause Young (Allocation Failure) 151M->52M(360M) 1.872ms
[243.195s][info][gc] GC(4113) Pause Young (Allocation Failure) 152M->53M(360M) 2.358ms
[243.238s][info][gc] GC(4114) Pause Young (Allocation Failure) 153M->54M(360M) 2.282ms
[243.293s][info][gc] GC(4115) Pause Young (Allocation Failure) 153M->55M(360M) 2.760ms
[243.337s][info][gc] GC(4116) Pause Young (Allocation Failure) 154M->55M(360M) 2.400ms
[243.393s][info][gc] GC(4117) Pause Young (Allocation Failure) 154M->56M(360M) 2.565ms
[243.442s][info][gc] GC(4118) Pause Young (Allocation Failure) 155M->56M(360M) 2.633ms
[243.493s][info][gc] GC(4119) Pause Young (Allocation Failure) 156M->58M(360M) 2.945ms
[243.548s][info][gc] GC(4120) Pause Young (Allocation Failure) 157M->58M(360M) 2.820ms
[243.593s][info][gc] GC(4121) Pause Young (Allocation Failure) 158M->59M(360M) 2.662ms
[243.646s][info][gc] GC(4122) Pause Young (Allocation Failure) 159M->60M(360M) 2.602ms
[243.695s][info][gc] GC(4123) Pause Young (Allocation Failure) 159M->61M(360M) 2.680ms
[243.749s][info][gc] GC(4124) Pause Young (Allocation Failure) 160M->62M(360M) 3.060ms
[243.795s][info][gc] GC(4125) Pause Young (Allocation Failure) 161M->62M(360M) 2.562ms
[243.849s][info][gc] GC(4126) Pause Young (Allocation Failure) 162M->63M(360M) 2.721ms
[243.895s][info][gc] GC(4127) Pause Young (Allocation Failure) 163M->64M(360M) 2.757ms
[243.950s][info][gc] GC(4128) Pause Young (Allocation Failure) 164M->65M(360M) 2.880ms
[243.996s][info][gc] GC(4129) Pause Young (Allocation Failure) 164M->66M(360M) 2.759ms
[244.053s][info][gc] GC(4130) Pause Young (Allocation Failure) 165M->67M(360M) 2.962ms
[244.098s][info][gc] GC(4131) Pause Young (Allocation Failure) 166M->67M(360M) 2.743ms
[244.151s][info][gc] GC(4132) Pause Young (Allocation Failure) 167M->68M(360M) 2.552ms
[244.198s][info][gc] GC(4133) Pause Young (Allocation Failure) 167M->68M(360M) 2.456ms
[244.253s][info][gc] GC(4134) Pause Young (Allocation Failure) 168M->69M(360M) 2.630ms
[244.298s][info][gc] GC(4135) Pause Young (Allocation Failure) 169M->70M(360M) 2.789ms
[244.354s][info][gc] GC(4136) Pause Young (Allocation Failure) 169M->71M(360M) 2.837ms
[244.401s][info][gc] GC(4137) Pause Young (Allocation Failure) 170M->71M(360M) 2.682ms
[244.455s][info][gc] GC(4138) Pause Young (Allocation Failure) 170M->73M(360M) 2.818ms
[244.542s][info][gc] GC(4139) Pause Young (Allocation Failure) 172M->70M(360M) 1.998ms
[244.715s][info][gc] GC(4140) Pause Young (Allocation Failure) 170M->75M(360M) 3.145ms
[244.762s][info][gc] GC(4141) Pause Young (Allocation Failure) 174M->76M(360M) 3.282ms
[244.820s][info][gc] GC(4142) Pause Young (Allocation Failure) 175M->76M(360M) 2.872ms
[244.865s][info][gc] GC(4143) Pause Young (Allocation Failure) 176M->77M(360M) 2.870ms
[244.925s][info][gc] GC(4144) Pause Young (Allocation Failure) 176M->78M(360M) 2.839ms
[244.969s][info][gc] GC(4145) Pause Young (Allocation Failure) 177M->77M(360M) 1.889ms
[245.026s][info][gc] GC(4146) Pause Young (Allocation Failure) 176M->80M(360M) 2.864ms
[245.081s][info][gc] GC(4147) Pause Young (Allocation Failure) 179M->80M(360M) 3.279ms
[245.129s][info][gc] GC(4148) Pause Young (Allocation Failure) 179M->81M(360M) 2.410ms
[245.184s][info][gc] GC(4149) Pause Young (Allocation Failure) 180M->82M(360M) 2.830ms
[245.229s][info][gc] GC(4150) Pause Young (Allocation Failure) 181M->82M(360M) 2.664ms
[245.284s][info][gc] GC(4151) Pause Young (Allocation Failure) 182M->83M(360M) 2.848ms
[245.333s][info][gc] GC(4152) Pause Young (Allocation Failure) 182M->84M(360M) 2.841ms
[245.385s][info][gc] GC(4153) Pause Young (Allocation Failure) 184M->84M(360M) 2.721ms
[245.435s][info][gc] GC(4154) Pause Young (Allocation Failure) 184M->85M(360M) 2.663ms
[245.491s][info][gc] GC(4155) Pause Young (Allocation Failure) 185M->86M(360M) 2.833ms
[245.538s][info][gc] GC(4156) Pause Young (Allocation Failure) 186M->87M(360M) 2.651ms
[245.593s][info][gc] GC(4157) Pause Young (Allocation Failure) 186M->87M(360M) 2.709ms
[245.640s][info][gc] GC(4158) Pause Young (Allocation Failure) 187M->88M(360M) 2.605ms
[245.695s][info][gc] GC(4159) Pause Young (Allocation Failure) 188M->89M(360M) 2.818ms
[245.741s][info][gc] GC(4160) Pause Young (Allocation Failure) 188M->89M(360M) 2.691ms
[245.795s][info][gc] GC(4161) Pause Young (Allocation Failure) 189M->90M(360M) 2.732ms
[245.843s][info][gc] GC(4162) Pause Young (Allocation Failure) 190M->91M(360M) 2.689ms
[245.898s][info][gc] GC(4163) Pause Young (Allocation Failure) 190M->92M(360M) 2.671ms
[245.946s][info][gc] GC(4164) Pause Young (Allocation Failure) 191M->91M(360M) 2.410ms
[245.998s][info][gc] GC(4165) Pause Young (Allocation Failure) 191M->93M(360M) 2.555ms
[246.054s][info][gc] GC(4166) Pause Young (Allocation Failure) 193M->94M(360M) 2.946ms
[246.102s][info][gc] GC(4167) Pause Young (Allocation Failure) 194M->95M(360M) 2.649ms
[246.153s][info][gc] GC(4168) Pause Young (Allocation Failure) 195M->95M(360M) 2.475ms
[246.203s][info][gc] GC(4169) Pause Young (Allocation Failure) 195M->96M(360M) 2.423ms
[246.256s][info][gc] GC(4170) Pause Young (Allocation Failure) 196M->97M(360M) 2.872ms
[246.304s][info][gc] GC(4171) Pause Young (Allocation Failure) 197M->98M(360M) 2.869ms
[246.362s][info][gc] GC(4172) Pause Young (Allocation Failure) 198M->99M(360M) 2.906ms
[246.406s][info][gc] GC(4173) Pause Young (Allocation Failure) 199M->100M(360M) 2.713ms
[246.459s][info][gc] GC(4174) Pause Young (Allocation Failure) 199M->101M(360M) 2.521ms
[246.506s][info][gc] GC(4175) Pause Young (Allocation Failure) 200M->101M(360M) 2.718ms
[246.560s][info][gc] GC(4176) Pause Young (Allocation Failure) 201M->102M(360M) 2.768ms
[246.610s][info][gc] GC(4177) Pause Young (Allocation Failure) 201M->102M(360M) 2.657ms
[246.668s][info][gc] GC(4178) Pause Young (Allocation Failure) 202M->104M(360M) 2.992ms
[246.715s][info][gc] GC(4179) Pause Young (Allocation Failure) 203M->103M(360M) 2.389ms
[246.769s][info][gc] GC(4180) Pause Young (Allocation Failure) 203M->105M(360M) 2.779ms
[246.818s][info][gc] GC(4181) Pause Young (Allocation Failure) 205M->105M(360M) 2.731ms
[246.874s][info][gc] GC(4182) Pause Young (Allocation Failure) 205M->107M(360M) 2.754ms
[246.924s][info][gc] GC(4183) Pause Young (Allocation Failure) 206M->107M(360M) 2.838ms
[246.973s][info][gc] GC(4184) Pause Young (Allocation Failure) 206M->108M(360M) 2.614ms
[247.024s][info][gc] GC(4185) Pause Young (Allocation Failure) 207M->108M(360M) 2.426ms
[247.072s][info][gc] GC(4186) Pause Young (Allocation Failure) 208M->110M(360M) 2.651ms
[247.267s][info][gc] GC(4187) Pause Young (Allocation Failure) 209M->108M(360M) 2.036ms
[247.338s][info][gc] GC(4188) Pause Young (Allocation Failure) 207M->112M(360M) 3.099ms
[247.380s][info][gc] GC(4189) Pause Young (Allocation Failure) 212M->111M(360M) 2.720ms
[247.436s][info][gc] GC(4190) Pause Young (Allocation Failure) 211M->113M(360M) 2.549ms
[247.489s][info][gc] GC(4191) Pause Young (Allocation Failure) 212M->113M(360M) 2.633ms
[247.540s][info][gc] GC(4192) Pause Young (Allocation Failure) 213M->115M(360M) 2.834ms
[247.596s][info][gc] GC(4193) Pause Young (Allocation Failure) 214M->116M(360M) 3.109ms
[247.639s][info][gc] GC(4194) Pause Young (Allocation Failure) 216M->116M(360M) 2.613ms
[247.693s][info][gc] GC(4195) Pause Young (Allocation Failure) 216M->117M(360M) 2.689ms
[247.742s][info][gc] GC(4196) Pause Young (Allocation Failure) 217M->118M(360M) 2.971ms
[247.796s][info][gc] GC(4197) Pause Young (Allocation Failure) 218M->119M(360M) 2.939ms
[247.842s][info][gc] GC(4198) Pause Young (Allocation Failure) 218M->120M(360M) 2.683ms
[247.897s][info][gc] GC(4199) Pause Young (Allocation Failure) 219M->120M(360M) 2.811ms
[247.943s][info][gc] GC(4200) Pause Young (Allocation Failure) 220M->121M(360M) 2.548ms
[247.998s][info][gc] GC(4201) Pause Young (Allocation Failure) 220M->122M(360M) 2.903ms
[248.043s][info][gc] GC(4202) Pause Young (Allocation Failure) 221M->122M(360M) 2.521ms
[248.097s][info][gc] GC(4203) Pause Young (Allocation Failure) 222M->124M(360M) 2.873ms
[248.143s][info][gc] GC(4204) Pause Young (Allocation Failure) 223M->124M(360M) 2.583ms
[248.198s][info][gc] GC(4205) Pause Young (Allocation Failure) 223M->125M(360M) 2.660ms
[248.246s][info][gc] GC(4206) Pause Young (Allocation Failure) 224M->125M(360M) 2.703ms
[248.299s][info][gc] GC(4207) Pause Young (Allocation Failure) 225M->127M(360M) 2.776ms
[248.346s][info][gc] GC(4208) Pause Young (Allocation Failure) 226M->126M(360M) 2.744ms
[248.398s][info][gc] GC(4209) Pause Young (Allocation Failure) 226M->128M(360M) 2.645ms
[248.448s][info][gc] GC(4210) Pause Young (Allocation Failure) 227M->129M(360M) 2.885ms
[248.499s][info][gc] GC(4211) Pause Young (Allocation Failure) 228M->129M(360M) 2.818ms
[248.548s][info][gc] GC(4212) Pause Young (Allocation Failure) 229M->130M(360M) 2.587ms
[248.599s][info][gc] GC(4213) Pause Young (Allocation Failure) 229M->131M(360M) 2.706ms
[248.648s][info][gc] GC(4214) Pause Young (Allocation Failure) 230M->131M(360M) 2.640ms
[248.701s][info][gc] GC(4215) Pause Young (Allocation Failure) 230M->133M(360M) 2.636ms
[248.750s][info][gc] GC(4216) Pause Young (Allocation Failure) 232M->132M(360M) 2.810ms
[248.802s][info][gc] GC(4217) Pause Young (Allocation Failure) 232M->134M(360M) 2.751ms
[248.855s][info][gc] GC(4218) Pause Young (Allocation Failure) 234M->134M(360M) 2.883ms
[248.902s][info][gc] GC(4219) Pause Young (Allocation Failure) 234M->135M(360M) 2.656ms
[248.954s][info][gc] GC(4220) Pause Young (Allocation Failure) 235M->136M(360M) 2.647ms
[248.999s][info][gc] GC(4221) Pause Young (Allocation Failure) 236M->137M(360M) 2.570ms
[249.054s][info][gc] GC(4222) Pause Young (Allocation Failure) 236M->138M(360M) 2.751ms
[249.102s][info][gc] GC(4223) Pause Young (Allocation Failure) 237M->138M(360M) 2.607ms
[249.154s][info][gc] GC(4224) Pause Young (Allocation Failure) 238M->139M(360M) 2.667ms
[249.202s][info][gc] GC(4225) Pause Young (Allocation Failure) 239M->139M(360M) 2.481ms
[249.256s][info][gc] GC(4226) Pause Young (Allocation Failure) 239M->141M(360M) 2.857ms
[249.304s][info][gc] GC(4227) Pause Young (Allocation Failure) 241M->141M(360M) 2.806ms
[249.356s][info][gc] GC(4228) Pause Young (Allocation Failure) 241M->142M(360M) 2.572ms
[249.407s][info][gc] GC(4229) Pause Young (Allocation Failure) 242M->143M(360M) 2.629ms
[249.458s][info][gc] GC(4230) Pause Young (Allocation Failure) 243M->144M(360M) 2.951ms
[249.509s][info][gc] GC(4231) Pause Young (Allocation Failure) 243M->145M(360M) 2.762ms
[249.560s][info][gc] GC(4232) Pause Young (Allocation Failure) 244M->146M(360M) 2.783ms
[249.610s][info][gc] GC(4233) Pause Young (Allocation Failure) 245M->146M(360M) 2.623ms
[249.661s][info][gc] GC(4234) Pause Young (Allocation Failure) 246M->147M(360M) 2.637ms
[249.881s][info][gc] GC(4235) Pause Young (Allocation Failure) 246M->145M(360M) 1.864ms
[249.949s][info][gc] GC(4236) Pause Young (Allocation Failure) 245M->149M(360M) 3.007ms
[249.995s][info][gc] GC(4237) Pause Young (Allocation Failure) 249M->148M(360M) 2.647ms
[250.054s][info][gc] GC(4238) Pause Young (Allocation Failure) 248M->151M(360M) 2.978ms
[250.108s][info][gc] GC(4239) Pause Young (Allocation Failure) 251M->151M(360M) 2.961ms
[250.157s][info][gc] GC(4240) Pause Young (Allocation Failure) 251M->152M(360M) 2.725ms
[250.212s][info][gc] GC(4241) Pause Young (Allocation Failure) 252M->153M(360M) 2.639ms
[250.259s][info][gc] GC(4242) Pause Young (Allocation Failure) 253M->154M(360M) 2.636ms
[250.314s][info][gc] GC(4243) Pause Young (Allocation Failure) 253M->155M(360M) 2.828ms
[250.361s][info][gc] GC(4244) Pause Young (Allocation Failure) 254M->155M(360M) 2.679ms
[250.416s][info][gc] GC(4245) Pause Young (Allocation Failure) 255M->156M(360M) 2.889ms
[250.464s][info][gc] GC(4246) Pause Young (Allocation Failure) 256M->157M(360M) 2.661ms
[250.519s][info][gc] GC(4247) Pause Young (Allocation Failure) 256M->158M(360M) 2.950ms
[250.565s][info][gc] GC(4248) Pause Young (Allocation Failure) 257M->158M(360M) 2.590ms
[250.620s][info][gc] GC(4249) Pause Young (Allocation Failure) 258M->159M(360M) 2.829ms
[250.667s][info][gc] GC(4250) Pause Young (Allocation Failure) 259M->160M(360M) 2.640ms
[250.723s][info][gc] GC(4251) Pause Young (Allocation Failure) 259M->161M(360M) 2.860ms
[250.771s][info][gc] GC(4252) Pause Young (Allocation Failure) 260M->161M(360M) 2.703ms
[250.827s][info][gc] GC(4253) Pause Young (Allocation Failure) 261M->162M(360M) 2.845ms
[250.872s][info][gc] GC(4254) Pause Young (Allocation Failure) 262M->162M(360M) 2.364ms
[250.927s][info][gc] GC(4255) Pause Young (Allocation Failure) 262M->164M(360M) 2.767ms
[250.976s][info][gc] GC(4256) Pause Young (Allocation Failure) 263M->163M(360M) 2.506ms
[251.029s][info][gc] GC(4257) Pause Young (Allocation Failure) 263M->166M(360M) 2.801ms
[251.081s][info][gc] GC(4258) Pause Young (Allocation Failure) 265M->166M(360M) 2.851ms
[251.130s][info][gc] GC(4259) Pause Young (Allocation Failure) 265M->167M(360M) 2.669ms
[251.181s][info][gc] GC(4260) Pause Young (Allocation Failure) 266M->167M(360M) 2.644ms
[251.230s][info][gc] GC(4261) Pause Young (Allocation Failure) 267M->169M(360M) 2.780ms
[251.283s][info][gc] GC(4262) Pause Young (Allocation Failure) 268M->169M(360M) 2.810ms
[251.329s][info][gc] GC(4263) Pause Young (Allocation Failure) 269M->170M(360M) 2.565ms
[251.383s][info][gc] GC(4264) Pause Young (Allocation Failure) 269M->170M(360M) 2.755ms
[251.434s][info][gc] GC(4265) Pause Young (Allocation Failure) 270M->171M(360M) 2.738ms
[251.489s][info][gc] GC(4266) Pause Young (Allocation Failure) 271M->172M(360M) 2.817ms
[251.537s][info][gc] GC(4267) Pause Young (Allocation Failure) 272M->173M(360M) 2.647ms
[251.588s][info][gc] GC(4268) Pause Young (Allocation Failure) 272M->173M(360M) 2.713ms
[251.637s][info][gc] GC(4269) Pause Young (Allocation Failure) 273M->175M(360M) 2.768ms
[251.690s][info][gc] GC(4270) Pause Young (Allocation Failure) 274M->175M(360M) 2.882ms
[251.739s][info][gc] GC(4271) Pause Young (Allocation Failure) 275M->176M(360M) 2.841ms
[251.792s][info][gc] GC(4272) Pause Young (Allocation Failure) 275M->176M(360M) 2.867ms
[251.842s][info][gc] GC(4273) Pause Young (Allocation Failure) 276M->177M(360M) 2.633ms
[251.896s][info][gc] GC(4274) Pause Young (Allocation Failure) 277M->178M(360M) 2.800ms
[251.943s][info][gc] GC(4275) Pause Young (Allocation Failure) 278M->178M(360M) 2.327ms
[251.999s][info][gc] GC(4276) Pause Young (Allocation Failure) 277M->180M(360M) 2.872ms
[252.049s][info][gc] GC(4277) Pause Young (Allocation Failure) 279M->180M(360M) 2.803ms
[252.104s][info][gc] GC(4278) Pause Young (Allocation Failure) 279M->182M(360M) 2.779ms
[252.157s][info][gc] GC(4279) Pause Young (Allocation Failure) 281M->182M(360M) 3.147ms
[252.206s][info][gc] GC(4280) Pause Young (Allocation Failure) 281M->183M(360M) 2.636ms
[252.260s][info][gc] GC(4281) Pause Young (Allocation Failure) 282M->183M(360M) 2.916ms
[252.307s][info][gc] GC(4282) Pause Young (Allocation Failure) 283M->184M(360M) 2.669ms
[252.509s][info][gc] GC(4283) Pause Young (Allocation Failure) 284M->184M(360M) 2.272ms
[252.566s][info][gc] GC(4284) Pause Young (Allocation Failure) 284M->187M(360M) 3.050ms
[252.620s][info][gc] GC(4285) Pause Young (Allocation Failure) 286M->187M(360M) 3.137ms
[252.666s][info][gc] GC(4286) Pause Young (Allocation Failure) 287M->188M(360M) 2.479ms
[252.722s][info][gc] GC(4287) Pause Young (Allocation Failure) 287M->189M(360M) 2.796ms
[252.771s][info][gc] GC(4288) Pause Young (Allocation Failure) 289M->190M(360M) 2.917ms
[252.825s][info][gc] GC(4289) Pause Young (Allocation Failure) 289M->191M(360M) 2.919ms
[252.871s][info][gc] GC(4290) Pause Young (Allocation Failure) 290M->191M(360M) 2.738ms
[252.925s][info][gc] GC(4291) Pause Young (Allocation Failure) 291M->192M(360M) 2.878ms
[252.971s][info][gc] GC(4292) Pause Young (Allocation Failure) 292M->193M(360M) 2.617ms
[253.022s][info][gc] GC(4293) Pause Young (Allocation Failure) 292M->193M(360M) 2.753ms
[253.069s][info][gc] GC(4294) Pause Young (Allocation Failure) 293M->194M(360M) 2.746ms
[253.121s][info][gc] GC(4295) Pause Young (Allocation Failure) 294M->195M(360M) 2.771ms
[253.168s][info][gc] GC(4296) Pause Young (Allocation Failure) 295M->196M(360M) 2.706ms
[253.224s][info][gc] GC(4297) Pause Young (Allocation Failure) 295M->197M(360M) 2.880ms
[253.267s][info][gc] GC(4298) Pause Young (Allocation Failure) 296M->196M(360M) 2.301ms
[253.320s][info][gc] GC(4299) Pause Young (Allocation Failure) 296M->197M(360M) 2.468ms
[253.370s][info][gc] GC(4300) Pause Young (Allocation Failure) 297M->198M(360M) 2.932ms
[253.421s][info][gc] GC(4301) Pause Young (Allocation Failure) 298M->199M(360M) 2.772ms
[253.471s][info][gc] GC(4302) Pause Young (Allocation Failure) 299M->200M(360M) 2.644ms
[253.524s][info][gc] GC(4303) Pause Young (Allocation Failure) 299M->201M(360M) 3.004ms
[253.576s][info][gc] GC(4304) Pause Young (Allocation Failure) 301M->201M(360M) 2.701ms
[253.628s][info][gc] GC(4305) Pause Young (Allocation Failure) 301M->203M(360M) 2.609ms
[253.677s][info][gc] GC(4306) Pause Young (Allocation Failure) 302M->203M(360M) 2.868ms
[253.726s][info][gc] GC(4307) Pause Young (Allocation Failure) 303M->204M(360M) 2.646ms
[253.779s][info][gc] GC(4308) Pause Young (Allocation Failure) 304M->205M(360M) 2.778ms
[253.825s][info][gc] GC(4309) Pause Young (Allocation Failure) 305M->206M(360M) 2.607ms
[253.878s][info][gc] GC(4310) Pause Young (Allocation Failure) 305M->206M(360M) 2.741ms
[253.927s][info][gc] GC(4311) Pause Young (Allocation Failure) 306M->207M(360M) 2.690ms
[253.980s][info][gc] GC(4312) Pause Young (Allocation Failure) 307M->208M(360M) 2.865ms
[254.027s][info][gc] GC(4313) Pause Young (Allocation Failure) 308M->209M(360M) 2.682ms
[254.081s][info][gc] GC(4314) Pause Young (Allocation Failure) 308M->210M(360M) 2.773ms
[254.125s][info][gc] GC(4315) Pause Young (Allocation Failure) 309M->210M(360M) 2.539ms
[254.181s][info][gc] GC(4316) Pause Young (Allocation Failure) 310M->211M(360M) 2.707ms
[254.225s][info][gc] GC(4317) Pause Young (Allocation Failure) 310M->212M(360M) 2.679ms
[254.280s][info][gc] GC(4318) Pause Young (Allocation Failure) 311M->213M(360M) 2.802ms
[254.325s][info][gc] GC(4319) Pause Young (Allocation Failure) 312M->213M(360M) 2.630ms
[254.381s][info][gc] GC(4320) Pause Young (Allocation Failure) 313M->214M(360M) 2.795ms
[254.425s][info][gc] GC(4321) Pause Young (Allocation Failure) 314M->214M(360M) 2.461ms
[254.477s][info][gc] GC(4322) Pause Young (Allocation Failure) 314M->215M(360M) 2.450ms
[254.527s][info][gc] GC(4323) Pause Young (Allocation Failure) 315M->215M(360M) 2.385ms
[254.580s][info][gc] GC(4324) Pause Young (Allocation Failure) 315M->218M(360M) 2.973ms
[254.633s][info][gc] GC(4325) Pause Young (Allocation Failure) 317M->218M(360M) 3.118ms
[254.680s][info][gc] GC(4326) Pause Young (Allocation Failure) 317M->219M(360M) 2.662ms
[254.735s][info][gc] GC(4327) Pause Young (Allocation Failure) 318M->219M(360M) 2.737ms
[254.783s][info][gc] GC(4328) Pause Young (Allocation Failure) 319M->220M(360M) 2.831ms
[254.840s][info][gc] GC(4329) Pause Young (Allocation Failure) 320M->221M(360M) 3.284ms
[254.887s][info][gc] GC(4330) Pause Young (Allocation Failure) 321M->222M(360M) 2.838ms
[255.101s][info][gc] GC(4331) Pause Young (Allocation Failure) 321M->227M(360M) 4.500ms
[255.146s][info][gc] GC(4332) Pause Young (Allocation Failure) 326M->232M(360M) 5.979ms
[255.174s][info][gc] GC(4333) Pause Young (Allocation Failure) 331M->232M(360M) 2.590ms
[255.201s][info][gc] GC(4334) Pause Young (Allocation Failure) 332M->233M(360M) 2.902ms
[255.229s][info][gc] GC(4335) Pause Young (Allocation Failure) 333M->234M(360M) 2.980ms
[255.268s][info][gc] GC(4336) Pause Young (Allocation Failure) 333M->238M(360M) 3.806ms
[255.297s][info][gc] GC(4337) Pause Young (Allocation Failure) 338M->239M(360M) 4.244ms
[255.324s][info][gc] GC(4338) Pause Young (Allocation Failure) 339M->241M(360M) 1.897ms
[255.352s][info][gc] GC(4339) Pause Young (Allocation Failure) 341M->242M(360M) 2.316ms
[255.377s][info][gc] GC(4340) Pause Young (Allocation Failure) 342M->243M(360M) 2.403ms
[255.417s][info][gc] GC(4341) Pause Young (Allocation Failure) 342M->246M(360M) 3.800ms
[255.446s][info][gc] GC(4342) Pause Young (Allocation Failure) 346M->248M(360M) 4.387ms
[255.478s][info][gc] GC(4343) Pause Young (Allocation Failure) 348M->249M(360M) 3.693ms
[255.503s][info][gc] GC(4344) Pause Young (Allocation Failure) 349M->250M(360M) 2.344ms
[255.532s][info][gc] GC(4345) Pause Young (Allocation Failure) 350M->252M(360M) 2.731ms
[255.571s][info][gc] GC(4346) Pause Young (Allocation Failure) 351M->256M(360M) 4.281ms
[255.598s][info][gc] GC(4347) Pause Young (Allocation Failure) 356M->257M(362M) 4.133ms
[255.635s][info][gc] GC(4348) Pause Full (Allocation Failure) 257M->56M(355M) 36.867ms
[255.658s][info][gc] GC(4349) Pause Young (Allocation Failure) 154M->58M(355M) 1.330ms
[255.683s][info][gc] GC(4350) Pause Young (Allocation Failure) 156M->59M(355M) 1.747ms
[255.712s][info][gc] GC(4351) Pause Young (Allocation Failure) 157M->62M(355M) 2.409ms
[255.748s][info][gc] GC(4352) Pause Young (Allocation Failure) 160M->65M(355M) 3.317ms
[255.778s][info][gc] GC(4353) Pause Young (Allocation Failure) 163M->66M(355M) 3.837ms
[255.811s][info][gc] GC(4354) Pause Young (Allocation Failure) 164M->68M(355M) 3.038ms
[255.839s][info][gc] GC(4355) Pause Young (Allocation Failure) 166M->69M(355M) 2.188ms
[255.876s][info][gc] GC(4356) Pause Young (Allocation Failure) 167M->71M(355M) 2.959ms
[255.914s][info][gc] GC(4357) Pause Young (Allocation Failure) 169M->75M(355M) 4.176ms
[255.942s][info][gc] GC(4358) Pause Young (Allocation Failure) 173M->76M(355M) 3.889ms
[255.973s][info][gc] GC(4359) Pause Young (Allocation Failure) 174M->76M(355M) 2.592ms
[256.006s][info][gc] GC(4360) Pause Young (Allocation Failure) 174M->78M(355M) 3.163ms
[256.034s][info][gc] GC(4361) Pause Young (Allocation Failure) 176M->79M(355M) 2.669ms
[256.068s][info][gc] GC(4362) Pause Young (Allocation Failure) 177M->83M(355M) 3.955ms
[256.101s][info][gc] GC(4363) Pause Young (Allocation Failure) 181M->84M(355M) 3.656ms
[256.128s][info][gc] GC(4364) Pause Young (Allocation Failure) 182M->85M(355M) 2.713ms
[256.158s][info][gc] GC(4365) Pause Young (Allocation Failure) 183M->86M(355M) 3.412ms
[256.187s][info][gc] GC(4366) Pause Young (Allocation Failure) 184M->88M(355M) 3.140ms
[256.221s][info][gc] GC(4367) Pause Young (Allocation Failure) 186M->90M(355M) 3.522ms
[256.251s][info][gc] GC(4368) Pause Young (Allocation Failure) 188M->92M(355M) 4.012ms
[256.274s][info][gc] GC(4369) Pause Young (Allocation Failure) 190M->93M(355M) 2.520ms
[256.305s][info][gc] GC(4370) Pause Young (Allocation Failure) 191M->95M(355M) 3.315ms
[256.339s][info][gc] GC(4371) Pause Young (Allocation Failure) 193M->97M(355M) 3.389ms
[256.369s][info][gc] GC(4372) Pause Young (Allocation Failure) 195M->99M(355M) 4.042ms
[256.398s][info][gc] GC(4373) Pause Young (Allocation Failure) 197M->101M(355M) 3.352ms
[256.422s][info][gc] GC(4374) Pause Young (Allocation Failure) 199M->101M(355M) 2.241ms
[256.450s][info][gc] GC(4375) Pause Young (Allocation Failure) 199M->103M(355M) 2.956ms
[256.485s][info][gc] GC(4376) Pause Young (Allocation Failure) 201M->107M(355M) 4.178ms
[256.514s][info][gc] GC(4377) Pause Young (Allocation Failure) 205M->108M(355M) 4.031ms
[256.540s][info][gc] GC(4378) Pause Young (Allocation Failure) 206M->109M(355M) 2.942ms
[256.566s][info][gc] GC(4379) Pause Young (Allocation Failure) 207M->110M(355M) 2.540ms
[256.595s][info][gc] GC(4380) Pause Young (Allocation Failure) 208M->111M(355M) 2.822ms
[256.630s][info][gc] GC(4381) Pause Young (Allocation Failure) 209M->114M(355M) 3.774ms
[256.660s][info][gc] GC(4382) Pause Young (Allocation Failure) 212M->116M(355M) 3.842ms
[256.687s][info][gc] GC(4383) Pause Young (Allocation Failure) 214M->116M(355M) 2.978ms
[256.713s][info][gc] GC(4384) Pause Young (Allocation Failure) 214M->117M(355M) 1.992ms
[256.746s][info][gc] GC(4385) Pause Young (Allocation Failure) 215M->119M(355M) 2.819ms
[256.777s][info][gc] GC(4386) Pause Young (Allocation Failure) 217M->122M(355M) 3.622ms
[256.808s][info][gc] GC(4387) Pause Young (Allocation Failure) 220M->123M(355M) 3.816ms
[256.833s][info][gc] GC(4388) Pause Young (Allocation Failure) 221M->125M(355M) 2.672ms
[256.860s][info][gc] GC(4389) Pause Young (Allocation Failure) 223M->126M(355M) 3.149ms
[256.891s][info][gc] GC(4390) Pause Young (Allocation Failure) 224M->128M(355M) 2.898ms
[256.925s][info][gc] GC(4391) Pause Young (Allocation Failure) 226M->130M(355M) 3.678ms
[256.955s][info][gc] GC(4392) Pause Young (Allocation Failure) 228M->132M(355M) 3.956ms
[256.980s][info][gc] GC(4393) Pause Young (Allocation Failure) 230M->133M(355M) 2.796ms
[257.008s][info][gc] GC(4394) Pause Young (Allocation Failure) 231M->134M(355M) 2.275ms
[257.038s][info][gc] GC(4395) Pause Young (Allocation Failure) 232M->136M(355M) 3.066ms
[257.067s][info][gc] GC(4396) Pause Young (Allocation Failure) 234M->138M(355M) 3.594ms
[257.098s][info][gc] GC(4397) Pause Young (Allocation Failure) 236M->141M(355M) 3.864ms
[257.122s][info][gc] GC(4398) Pause Young (Allocation Failure) 239M->141M(355M) 3.372ms
[257.153s][info][gc] GC(4399) Pause Young (Allocation Failure) 239M->142M(355M) 2.644ms
[257.182s][info][gc] GC(4400) Pause Young (Allocation Failure) 240M->145M(355M) 3.271ms
[257.214s][info][gc] GC(4401) Pause Young (Allocation Failure) 243M->146M(355M) 3.677ms
[257.244s][info][gc] GC(4402) Pause Young (Allocation Failure) 244M->148M(355M) 3.690ms
[257.270s][info][gc] GC(4403) Pause Young (Allocation Failure) 246M->149M(355M) 2.910ms
[257.297s][info][gc] GC(4404) Pause Young (Allocation Failure) 247M->150M(355M) 3.039ms
[257.331s][info][gc] GC(4405) Pause Young (Allocation Failure) 248M->153M(355M) 3.330ms
[257.364s][info][gc] GC(4406) Pause Young (Allocation Failure) 251M->155M(355M) 4.053ms
[257.392s][info][gc] GC(4407) Pause Young (Allocation Failure) 253M->156M(355M) 3.284ms
[257.417s][info][gc] GC(4408) Pause Young (Allocation Failure) 254M->157M(355M) 2.448ms
[257.445s][info][gc] GC(4409) Pause Young (Allocation Failure) 255M->159M(355M) 2.740ms
[257.481s][info][gc] GC(4410) Pause Young (Allocation Failure) 257M->162M(355M) 4.088ms
[257.509s][info][gc] GC(4411) Pause Young (Allocation Failure) 260M->163M(355M) 3.772ms
[257.538s][info][gc] GC(4412) Pause Young (Allocation Failure) 261M->165M(355M) 3.090ms
[257.564s][info][gc] GC(4413) Pause Young (Allocation Failure) 263M->165M(355M) 3.336ms
[257.594s][info][gc] GC(4414) Pause Young (Allocation Failure) 263M->168M(355M) 3.148ms
[257.626s][info][gc] GC(4415) Pause Young (Allocation Failure) 266M->169M(355M) 3.700ms
[257.657s][info][gc] GC(4416) Pause Young (Allocation Failure) 267M->171M(355M) 3.668ms
[257.684s][info][gc] GC(4417) Pause Young (Allocation Failure) 269M->171M(355M) 2.817ms
[257.711s][info][gc] GC(4418) Pause Young (Allocation Failure) 269M->173M(355M) 3.101ms
[257.741s][info][gc] GC(4419) Pause Young (Allocation Failure) 271M->175M(355M) 2.982ms
[257.777s][info][gc] GC(4420) Pause Young (Allocation Failure) 273M->178M(355M) 4.405ms
[257.805s][info][gc] GC(4421) Pause Young (Allocation Failure) 276M->179M(355M) 3.695ms
[257.829s][info][gc] GC(4422) Pause Young (Allocation Failure) 277M->179M(355M) 2.486ms
[257.860s][info][gc] GC(4423) Pause Young (Allocation Failure) 277M->181M(355M) 3.334ms
[257.888s][info][gc] GC(4424) Pause Young (Allocation Failure) 279M->183M(355M) 2.860ms
[257.924s][info][gc] GC(4425) Pause Young (Allocation Failure) 281M->185M(355M) 3.816ms
[257.953s][info][gc] GC(4426) Pause Young (Allocation Failure) 283M->187M(355M) 3.798ms
[257.981s][info][gc] GC(4427) Pause Young (Allocation Failure) 285M->188M(355M) 3.422ms
[258.010s][info][gc] GC(4428) Pause Young (Allocation Failure) 286M->190M(355M) 3.543ms
[258.039s][info][gc] GC(4429) Pause Young (Allocation Failure) 288M->191M(355M) 2.981ms
[258.074s][info][gc] GC(4430) Pause Young (Allocation Failure) 289M->194M(355M) 3.893ms
[258.100s][info][gc] GC(4431) Pause Young (Allocation Failure) 292M->196M(355M) 3.586ms
[258.126s][info][gc] GC(4432) Pause Young (Allocation Failure) 294M->196M(355M) 2.612ms
[258.157s][info][gc] GC(4433) Pause Young (Allocation Failure) 294M->198M(355M) 3.409ms
[258.185s][info][gc] GC(4434) Pause Young (Allocation Failure) 296M->200M(355M) 3.162ms
[258.218s][info][gc] GC(4435) Pause Young (Allocation Failure) 298M->202M(355M) 3.705ms
[258.243s][info][gc] GC(4436) Pause Young (Allocation Failure) 300M->203M(355M) 3.383ms
[258.272s][info][gc] GC(4437) Pause Young (Allocation Failure) 301M->205M(355M) 2.549ms
[258.303s][info][gc] GC(4438) Pause Young (Allocation Failure) 303M->207M(355M) 3.470ms
[258.331s][info][gc] GC(4439) Pause Young (Allocation Failure) 305M->209M(355M) 3.242ms
[258.360s][info][gc] GC(4440) Pause Young (Allocation Failure) 307M->210M(355M) 3.488ms
[258.389s][info][gc] GC(4441) Pause Young (Allocation Failure) 308M->211M(355M) 3.329ms
[258.416s][info][gc] GC(4442) Pause Young (Allocation Failure) 309M->212M(355M) 2.941ms
[258.447s][info][gc] GC(4443) Pause Young (Allocation Failure) 310M->215M(355M) 3.253ms
[258.480s][info][gc] GC(4444) Pause Young (Allocation Failure) 313M->216M(355M) 3.693ms
[258.508s][info][gc] GC(4445) Pause Young (Allocation Failure) 314M->218M(355M) 3.624ms
[258.535s][info][gc] GC(4446) Pause Young (Allocation Failure) 316M->219M(355M) 3.354ms
[258.566s][info][gc] GC(4447) Pause Young (Allocation Failure) 317M->221M(355M) 3.408ms
[258.598s][info][gc] GC(4448) Pause Young (Allocation Failure) 319M->223M(355M) 3.695ms
[258.624s][info][gc] GC(4449) Pause Young (Allocation Failure) 321M->224M(355M) 3.242ms
[258.655s][info][gc] GC(4450) Pause Young (Allocation Failure) 322M->226M(355M) 3.003ms
[258.680s][info][gc] GC(4451) Pause Young (Allocation Failure) 324M->227M(355M) 3.087ms
[258.711s][info][gc] GC(4452) Pause Young (Allocation Failure) 325M->228M(355M) 3.166ms
[258.744s][info][gc] GC(4453) Pause Young (Allocation Failure) 326M->231M(355M) 3.580ms
[258.773s][info][gc] GC(4454) Pause Young (Allocation Failure) 329M->233M(355M) 3.677ms
[258.801s][info][gc] GC(4455) Pause Young (Allocation Failure) 331M->234M(355M) 2.814ms
[258.828s][info][gc] GC(4456) Pause Young (Allocation Failure) 332M->236M(355M) 3.375ms
[258.860s][info][gc] GC(4457) Pause Young (Allocation Failure) 334M->238M(355M) 3.172ms
[258.890s][info][gc] GC(4458) Pause Young (Allocation Failure) 336M->240M(355M) 3.538ms
[258.919s][info][gc] GC(4459) Pause Young (Allocation Failure) 338M->241M(355M) 3.742ms
[258.949s][info][gc] GC(4460) Pause Young (Allocation Failure) 339M->243M(355M) 3.005ms
[258.977s][info][gc] GC(4461) Pause Young (Allocation Failure) 341M->244M(355M) 3.326ms
[259.007s][info][gc] GC(4462) Pause Young (Allocation Failure) 342M->246M(355M) 3.314ms
[259.037s][info][gc] GC(4463) Pause Young (Allocation Failure) 344M->248M(355M) 3.515ms
[259.065s][info][gc] GC(4464) Pause Young (Allocation Failure) 346M->248M(355M) 3.147ms
[259.094s][info][gc] GC(4465) Pause Young (Allocation Failure) 346M->250M(355M) 3.241ms
[259.125s][info][gc] GC(4466) Pause Young (Allocation Failure) 348M->252M(356M) 3.512ms
[259.201s][info][gc] GC(4467) Pause Full (Allocation Failure) 252M->152M(368M) 76.010ms
[259.232s][info][gc] GC(4468) Pause Young (Allocation Failure) 254M->156M(368M) 1.924ms
[259.260s][info][gc] GC(4469) Pause Young (Allocation Failure) 258M->158M(368M) 2.397ms
[259.287s][info][gc] GC(4470) Pause Young (Allocation Failure) 259M->159M(368M) 2.746ms
[259.322s][info][gc] GC(4471) Pause Young (Allocation Failure) 261M->161M(368M) 3.687ms
[259.354s][info][gc] GC(4472) Pause Young (Allocation Failure) 263M->164M(368M) 3.670ms
[259.385s][info][gc] GC(4473) Pause Young (Allocation Failure) 265M->165M(368M) 3.337ms
[259.410s][info][gc] GC(4474) Pause Young (Allocation Failure) 267M->166M(368M) 2.625ms
[259.443s][info][gc] GC(4475) Pause Young (Allocation Failure) 268M->168M(368M) 3.530ms
[259.472s][info][gc] GC(4476) Pause Young (Allocation Failure) 270M->170M(368M) 3.303ms
[259.507s][info][gc] GC(4477) Pause Young (Allocation Failure) 272M->173M(368M) 3.746ms
[259.536s][info][gc] GC(4478) Pause Young (Allocation Failure) 274M->174M(368M) 3.782ms
[259.567s][info][gc] GC(4479) Pause Young (Allocation Failure) 275M->176M(368M) 3.002ms
[259.597s][info][gc] GC(4480) Pause Young (Allocation Failure) 277M->177M(368M) 3.411ms
[259.625s][info][gc] GC(4481) Pause Young (Allocation Failure) 279M->179M(368M) 3.350ms
[259.660s][info][gc] GC(4482) Pause Young (Allocation Failure) 280M->181M(368M) 3.529ms
[259.686s][info][gc] GC(4483) Pause Young (Allocation Failure) 282M->182M(368M) 3.278ms
[259.718s][info][gc] GC(4484) Pause Young (Allocation Failure) 284M->184M(368M) 3.623ms
[259.747s][info][gc] GC(4485) Pause Young (Allocation Failure) 286M->185M(368M) 3.162ms
[259.782s][info][gc] GC(4486) Pause Young (Allocation Failure) 287M->187M(368M) 3.522ms
[259.814s][info][gc] GC(4487) Pause Young (Allocation Failure) 289M->189M(368M) 4.159ms
[259.845s][info][gc] GC(4488) Pause Young (Allocation Failure) 291M->190M(368M) 3.405ms
[259.879s][info][gc] GC(4489) Pause Young (Allocation Failure) 292M->192M(368M) 3.616ms
[259.909s][info][gc] GC(4490) Pause Young (Allocation Failure) 294M->193M(368M) 3.198ms
[259.939s][info][gc] GC(4491) Pause Young (Allocation Failure) 295M->195M(368M) 3.439ms
[259.972s][info][gc] GC(4492) Pause Young (Allocation Failure) 297M->197M(368M) 3.248ms
[260.010s][info][gc] GC(4493) Pause Young (Allocation Failure) 298M->200M(368M) 3.816ms
[260.042s][info][gc] GC(4494) Pause Young (Allocation Failure) 302M->201M(368M) 3.658ms
[260.069s][info][gc] GC(4495) Pause Young (Allocation Failure) 302M->202M(368M) 2.513ms
[260.100s][info][gc] GC(4496) Pause Young (Allocation Failure) 303M->203M(368M) 2.946ms
[260.138s][info][gc] GC(4497) Pause Young (Allocation Failure) 305M->206M(368M) 4.158ms
[260.169s][info][gc] GC(4498) Pause Young (Allocation Failure) 308M->208M(368M) 4.209ms
[260.197s][info][gc] GC(4499) Pause Young (Allocation Failure) 310M->209M(368M) 2.953ms
[260.226s][info][gc] GC(4500) Pause Young (Allocation Failure) 310M->210M(368M) 2.489ms
[260.260s][info][gc] GC(4501) Pause Young (Allocation Failure) 312M->213M(368M) 3.564ms
[260.293s][info][gc] GC(4502) Pause Young (Allocation Failure) 315M->215M(368M) 3.933ms
[260.322s][info][gc] GC(4503) Pause Young (Allocation Failure) 316M->216M(368M) 3.225ms
[260.352s][info][gc] GC(4504) Pause Young (Allocation Failure) 318M->217M(368M) 2.656ms
[260.381s][info][gc] GC(4505) Pause Young (Allocation Failure) 319M->219M(368M) 3.229ms
[260.418s][info][gc] GC(4506) Pause Young (Allocation Failure) 321M->221M(368M) 3.880ms
[260.448s][info][gc] GC(4507) Pause Young (Allocation Failure) 323M->223M(368M) 3.945ms
[260.476s][info][gc] GC(4508) Pause Young (Allocation Failure) 324M->224M(368M) 2.866ms
[260.507s][info][gc] GC(4509) Pause Young (Allocation Failure) 325M->226M(368M) 2.636ms
[260.535s][info][gc] GC(4510) Pause Young (Allocation Failure) 327M->227M(368M) 2.982ms
[260.571s][info][gc] GC(4511) Pause Young (Allocation Failure) 329M->230M(368M) 4.154ms
[260.600s][info][gc] GC(4512) Pause Young (Allocation Failure) 332M->231M(368M) 3.869ms
[260.627s][info][gc] GC(4513) Pause Young (Allocation Failure) 333M->232M(368M) 3.002ms
[260.655s][info][gc] GC(4514) Pause Young (Allocation Failure) 334M->233M(368M) 2.476ms
[260.688s][info][gc] GC(4515) Pause Young (Allocation Failure) 335M->236M(368M) 3.280ms
[260.723s][info][gc] GC(4516) Pause Young (Allocation Failure) 337M->238M(368M) 3.852ms
[260.753s][info][gc] GC(4517) Pause Young (Allocation Failure) 339M->239M(368M) 3.666ms
[260.782s][info][gc] GC(4518) Pause Young (Allocation Failure) 341M->241M(368M) 2.819ms
[260.812s][info][gc] GC(4519) Pause Young (Allocation Failure) 342M->242M(368M) 3.406ms
[260.843s][info][gc] GC(4520) Pause Young (Allocation Failure) 344M->244M(368M) 3.171ms
[260.879s][info][gc] GC(4521) Pause Young (Allocation Failure) 346M->247M(368M) 3.819ms
[260.910s][info][gc] GC(4522) Pause Young (Allocation Failure) 348M->248M(368M) 3.834ms
[260.938s][info][gc] GC(4523) Pause Young (Allocation Failure) 350M->249M(368M) 2.825ms
[260.967s][info][gc] GC(4524) Pause Young (Allocation Failure) 351M->250M(368M) 3.278ms
[261.002s][info][gc] GC(4525) Pause Young (Allocation Failure) 352M->252M(368M) 3.463ms
[261.035s][info][gc] GC(4526) Pause Young (Allocation Failure) 354M->254M(368M) 4.048ms
[261.066s][info][gc] GC(4527) Pause Young (Allocation Failure) 356M->255M(368M) 3.586ms
[261.100s][info][gc] GC(4528) Pause Young (Allocation Failure) 357M->257M(368M) 3.776ms
[261.130s][info][gc] GC(4529) Pause Young (Allocation Failure) 359M->258M(368M) 3.255ms
[261.161s][info][gc] GC(4530) Pause Young (Allocation Failure) 360M->260M(368M) 3.460ms
[261.194s][info][gc] GC(4531) Pause Young (Allocation Failure) 362M->263M(369M) 3.946ms
[261.303s][info][gc] GC(4532) Pause Full (Allocation Failure) 263M->191M(462M) 109.407ms
[261.336s][info][gc] GC(4533) Pause Young (Allocation Failure) 318M->194M(462M) 1.947ms
[261.371s][info][gc] GC(4534) Pause Young (Allocation Failure) 321M->196M(462M) 2.834ms
[261.413s][info][gc] GC(4535) Pause Young (Allocation Failure) 324M->199M(462M) 3.872ms
[261.450s][info][gc] GC(4536) Pause Young (Allocation Failure) 327M->202M(462M) 4.437ms
[261.486s][info][gc] GC(4537) Pause Young (Allocation Failure) 329M->202M(462M) 4.004ms
[261.525s][info][gc] GC(4538) Pause Young (Allocation Failure) 330M->204M(462M) 3.797ms
[261.564s][info][gc] GC(4539) Pause Young (Allocation Failure) 331M->207M(462M) 4.269ms
[261.601s][info][gc] GC(4540) Pause Young (Allocation Failure) 335M->208M(462M) 4.227ms
[261.637s][info][gc] GC(4541) Pause Young (Allocation Failure) 335M->209M(462M) 4.032ms
[261.680s][info][gc] GC(4542) Pause Young (Allocation Failure) 337M->211M(462M) 4.148ms
[261.716s][info][gc] GC(4543) Pause Young (Allocation Failure) 339M->213M(462M) 4.234ms
[261.754s][info][gc] GC(4544) Pause Young (Allocation Failure) 341M->214M(462M) 4.276ms
[261.786s][info][gc] GC(4545) Pause Young (Allocation Failure) 342M->215M(462M) 3.870ms
[261.833s][info][gc] GC(4546) Pause Young (Allocation Failure) 342M->219M(462M) 4.142ms
[261.871s][info][gc] GC(4547) Pause Young (Allocation Failure) 346M->220M(462M) 4.704ms
[261.905s][info][gc] GC(4548) Pause Young (Allocation Failure) 348M->221M(462M) 4.346ms
[261.940s][info][gc] GC(4549) Pause Young (Allocation Failure) 349M->223M(462M) 2.741ms
[261.986s][info][gc] GC(4550) Pause Young (Allocation Failure) 350M->227M(462M) 4.519ms
[262.026s][info][gc] GC(4551) Pause Young (Allocation Failure) 354M->227M(462M) 4.513ms
[262.062s][info][gc] GC(4552) Pause Young (Allocation Failure) 355M->228M(462M) 3.978ms
[262.101s][info][gc] GC(4553) Pause Young (Allocation Failure) 356M->230M(462M) 3.911ms
[262.139s][info][gc] GC(4554) Pause Young (Allocation Failure) 357M->232M(462M) 4.195ms
[262.177s][info][gc] GC(4555) Pause Young (Allocation Failure) 360M->234M(462M) 4.255ms
[262.210s][info][gc] GC(4556) Pause Young (Allocation Failure) 361M->234M(462M) 2.935ms
[262.251s][info][gc] GC(4557) Pause Young (Allocation Failure) 362M->237M(462M) 3.664ms
[262.292s][info][gc] GC(4558) Pause Young (Allocation Failure) 364M->239M(462M) 4.473ms
[262.328s][info][gc] GC(4559) Pause Young (Allocation Failure) 366M->240M(462M) 4.418ms
[262.364s][info][gc] GC(4560) Pause Young (Allocation Failure) 367M->242M(462M) 3.321ms
[262.407s][info][gc] GC(4561) Pause Young (Allocation Failure) 369M->243M(462M) 3.857ms
[262.447s][info][gc] GC(4562) Pause Young (Allocation Failure) 371M->245M(462M) 4.414ms
[262.485s][info][gc] GC(4563) Pause Young (Allocation Failure) 372M->245M(462M) 3.839ms
[262.531s][info][gc] GC(4564) Pause Young (Allocation Failure) 373M->243M(462M) 2.202ms
[262.740s][info][gc] GC(4565) Pause Young (Allocation Failure) 370M->243M(462M) 2.135ms
[262.882s][info][gc] GC(4566) Pause Young (Allocation Failure) 371M->248M(462M) 4.040ms
[262.930s][info][gc] GC(4567) Pause Young (Allocation Failure) 376M->248M(462M) 3.760ms
[262.990s][info][gc] GC(4568) Pause Young (Allocation Failure) 376M->250M(462M) 3.772ms
[263.051s][info][gc] GC(4569) Pause Young (Allocation Failure) 378M->251M(462M) 3.933ms
[263.100s][info][gc] GC(4570) Pause Young (Allocation Failure) 379M->252M(462M) 3.595ms
[263.157s][info][gc] GC(4571) Pause Young (Allocation Failure) 379M->253M(462M) 3.153ms
[263.209s][info][gc] GC(4572) Pause Young (Allocation Failure) 381M->254M(462M) 3.837ms
[263.266s][info][gc] GC(4573) Pause Young (Allocation Failure) 382M->255M(462M) 3.442ms
[263.315s][info][gc] GC(4574) Pause Young (Allocation Failure) 383M->256M(462M) 3.385ms
[263.372s][info][gc] GC(4575) Pause Young (Allocation Failure) 384M->257M(462M) 3.450ms
[263.423s][info][gc] GC(4576) Pause Young (Allocation Failure) 385M->258M(462M) 3.359ms
[263.479s][info][gc] GC(4577) Pause Young (Allocation Failure) 386M->259M(462M) 3.493ms
[263.530s][info][gc] GC(4578) Pause Young (Allocation Failure) 387M->260M(462M) 3.403ms
[263.588s][info][gc] GC(4579) Pause Young (Allocation Failure) 387M->261M(462M) 3.504ms
[263.636s][info][gc] GC(4580) Pause Young (Allocation Failure) 389M->262M(462M) 3.384ms
[263.695s][info][gc] GC(4581) Pause Young (Allocation Failure) 389M->263M(462M) 3.652ms
[263.744s][info][gc] GC(4582) Pause Young (Allocation Failure) 391M->263M(462M) 3.209ms
[263.800s][info][gc] GC(4583) Pause Young (Allocation Failure) 391M->265M(462M) 3.539ms
[263.856s][info][gc] GC(4584) Pause Young (Allocation Failure) 393M->265M(462M) 3.631ms
[263.908s][info][gc] GC(4585) Pause Young (Allocation Failure) 393M->267M(462M) 3.180ms
[263.965s][info][gc] GC(4586) Pause Young (Allocation Failure) 394M->268M(462M) 3.748ms
[264.015s][info][gc] GC(4587) Pause Young (Allocation Failure) 395M->269M(462M) 3.827ms
[264.074s][info][gc] GC(4588) Pause Young (Allocation Failure) 397M->270M(462M) 3.706ms
[264.123s][info][gc] GC(4589) Pause Young (Allocation Failure) 398M->271M(462M) 3.445ms
[264.180s][info][gc] GC(4590) Pause Young (Allocation Failure) 398M->272M(462M) 3.736ms
[264.229s][info][gc] GC(4591) Pause Young (Allocation Failure) 400M->273M(462M) 3.311ms
[264.287s][info][gc] GC(4592) Pause Young (Allocation Failure) 400M->274M(462M) 3.499ms
[264.334s][info][gc] GC(4593) Pause Young (Allocation Failure) 401M->274M(462M) 3.335ms
[264.393s][info][gc] GC(4594) Pause Young (Allocation Failure) 402M->276M(462M) 3.596ms
[264.442s][info][gc] GC(4595) Pause Young (Allocation Failure) 404M->276M(462M) 3.497ms
[264.501s][info][gc] GC(4596) Pause Young (Allocation Failure) 403M->278M(462M) 3.441ms
[264.556s][info][gc] GC(4597) Pause Young (Allocation Failure) 405M->277M(462M) 3.471ms
[264.610s][info][gc] GC(4598) Pause Young (Allocation Failure) 405M->279M(462M) 3.165ms
[264.668s][info][gc] GC(4599) Pause Young (Allocation Failure) 407M->281M(462M) 3.936ms
[264.717s][info][gc] GC(4600) Pause Young (Allocation Failure) 408M->282M(462M) 3.971ms
[264.776s][info][gc] GC(4601) Pause Young (Allocation Failure) 409M->283M(462M) 3.695ms
[264.828s][info][gc] GC(4602) Pause Young (Allocation Failure) 410M->284M(462M) 3.568ms
[265.063s][info][gc] GC(4603) Pause Young (Allocation Failure) 411M->286M(462M) 4.153ms
[265.115s][info][gc] GC(4604) Pause Young (Allocation Failure) 413M->287M(462M) 3.863ms
[265.172s][info][gc] GC(4605) Pause Young (Allocation Failure) 414M->287M(462M) 3.862ms
[265.223s][info][gc] GC(4606) Pause Young (Allocation Failure) 415M->288M(462M) 3.432ms
[265.282s][info][gc] GC(4607) Pause Young (Allocation Failure) 416M->289M(462M) 3.722ms
[265.335s][info][gc] GC(4608) Pause Young (Allocation Failure) 417M->290M(462M) 3.917ms
[265.393s][info][gc] GC(4609) Pause Young (Allocation Failure) 418M->291M(462M) 3.649ms
[265.446s][info][gc] GC(4610) Pause Young (Allocation Failure) 419M->292M(462M) 3.563ms
[265.504s][info][gc] GC(4611) Pause Young (Allocation Failure) 420M->293M(462M) 3.646ms
[265.551s][info][gc] GC(4612) Pause Young (Allocation Failure) 421M->294M(462M) 3.339ms
[265.611s][info][gc] GC(4613) Pause Young (Allocation Failure) 421M->295M(462M) 3.573ms
[265.665s][info][gc] GC(4614) Pause Young (Allocation Failure) 423M->295M(462M) 3.702ms
[265.719s][info][gc] GC(4615) Pause Young (Allocation Failure) 423M->297M(462M) 3.370ms
[265.776s][info][gc] GC(4616) Pause Young (Allocation Failure) 425M->298M(462M) 3.754ms
[265.829s][info][gc] GC(4617) Pause Young (Allocation Failure) 425M->299M(462M) 3.341ms
[265.887s][info][gc] GC(4618) Pause Young (Allocation Failure) 427M->300M(462M) 3.958ms
[265.937s][info][gc] GC(4619) Pause Young (Allocation Failure) 427M->301M(462M) 3.538ms
[265.993s][info][gc] GC(4620) Pause Young (Allocation Failure) 428M->302M(462M) 3.538ms
[266.044s][info][gc] GC(4621) Pause Young (Allocation Failure) 429M->303M(462M) 3.500ms
[266.102s][info][gc] GC(4622) Pause Young (Allocation Failure) 431M->304M(462M) 3.548ms
[266.151s][info][gc] GC(4623) Pause Young (Allocation Failure) 431M->304M(462M) 3.253ms
[266.212s][info][gc] GC(4624) Pause Young (Allocation Failure) 432M->306M(462M) 3.586ms
[266.264s][info][gc] GC(4625) Pause Young (Allocation Failure) 434M->306M(462M) 3.731ms
[266.320s][info][gc] GC(4626) Pause Young (Allocation Failure) 434M->308M(462M) 3.682ms
[266.374s][info][gc] GC(4627) Pause Young (Allocation Failure) 435M->308M(462M) 3.846ms
[266.428s][info][gc] GC(4628) Pause Young (Allocation Failure) 436M->310M(462M) 3.498ms
[266.484s][info][gc] GC(4629) Pause Young (Allocation Failure) 437M->310M(462M) 3.788ms
[266.533s][info][gc] GC(4630) Pause Young (Allocation Failure) 438M->311M(462M) 3.268ms
[266.590s][info][gc] GC(4631) Pause Young (Allocation Failure) 439M->312M(462M) 3.835ms
[266.643s][info][gc] GC(4632) Pause Young (Allocation Failure) 440M->314M(462M) 3.831ms
[266.701s][info][gc] GC(4633) Pause Young (Allocation Failure) 441M->315M(462M) 3.569ms
[266.750s][info][gc] GC(4634) Pause Young (Allocation Failure) 442M->315M(462M) 3.428ms
[266.808s][info][gc] GC(4635) Pause Young (Allocation Failure) 443M->317M(462M) 3.581ms
[266.858s][info][gc] GC(4636) Pause Young (Allocation Failure) 444M->317M(462M) 3.548ms
[266.916s][info][gc] GC(4637) Pause Young (Allocation Failure) 444M->319M(462M) 3.670ms
[266.966s][info][gc] GC(4638) Pause Young (Allocation Failure) 447M->319M(462M) 3.677ms
[267.023s][info][gc] GC(4639) Pause Young (Allocation Failure) 446M->321M(462M) 3.475ms
[267.176s][info][gc] GC(4640) Pause Young (Allocation Failure) 448M->318M(462M) 2.703ms
[267.304s][info][gc] GC(4641) Pause Young (Allocation Failure) 446M->323M(462M) 4.288ms
[267.351s][info][gc] GC(4642) Pause Young (Allocation Failure) 451M->323M(462M) 3.643ms
[267.410s][info][gc] GC(4643) Pause Young (Allocation Failure) 450M->325M(462M) 3.336ms
[267.465s][info][gc] GC(4644) Pause Young (Allocation Failure) 452M->325M(462M) 3.557ms
[267.517s][info][gc] GC(4645) Pause Young (Allocation Failure) 453M->327M(462M) 3.590ms
[267.555s][info][gc] GC(4646) Pause Full (Allocation Failure) 327M->43M(462M) 37.843ms
[267.611s][info][gc] GC(4647) Pause Young (Allocation Failure) 170M->47M(462M) 2.012ms
[267.665s][info][gc] GC(4648) Pause Young (Allocation Failure) 174M->49M(462M) 2.419ms
[267.724s][info][gc] GC(4649) Pause Young (Allocation Failure) 176M->49M(462M) 2.855ms
[267.773s][info][gc] GC(4650) Pause Young (Allocation Failure) 177M->50M(462M) 2.845ms
[267.832s][info][gc] GC(4651) Pause Young (Allocation Failure) 178M->51M(462M) 3.311ms
[267.880s][info][gc] GC(4652) Pause Young (Allocation Failure) 179M->52M(462M) 3.190ms
[267.939s][info][gc] GC(4653) Pause Young (Allocation Failure) 179M->53M(462M) 3.555ms
[267.989s][info][gc] GC(4654) Pause Young (Allocation Failure) 181M->54M(462M) 3.637ms
[268.045s][info][gc] GC(4655) Pause Young (Allocation Failure) 181M->55M(462M) 3.461ms
[268.097s][info][gc] GC(4656) Pause Young (Allocation Failure) 183M->55M(462M) 3.416ms
[268.155s][info][gc] GC(4657) Pause Young (Allocation Failure) 183M->57M(462M) 3.606ms
[268.211s][info][gc] GC(4658) Pause Young (Allocation Failure) 185M->57M(462M) 3.434ms
[268.268s][info][gc] GC(4659) Pause Young (Allocation Failure) 184M->59M(462M) 3.526ms
[268.329s][info][gc] GC(4660) Pause Young (Allocation Failure) 186M->60M(462M) 3.922ms
[268.383s][info][gc] GC(4661) Pause Young (Allocation Failure) 187M->61M(462M) 3.390ms
[268.443s][info][gc] GC(4662) Pause Young (Allocation Failure) 188M->62M(462M) 3.439ms
[268.495s][info][gc] GC(4663) Pause Young (Allocation Failure) 189M->63M(462M) 3.602ms
[268.553s][info][gc] GC(4664) Pause Young (Allocation Failure) 191M->64M(462M) 3.636ms
[268.604s][info][gc] GC(4665) Pause Young (Allocation Failure) 191M->65M(462M) 3.517ms
[268.661s][info][gc] GC(4666) Pause Young (Allocation Failure) 192M->66M(462M) 3.623ms
[268.708s][info][gc] GC(4667) Pause Young (Allocation Failure) 194M->66M(462M) 3.296ms
[268.763s][info][gc] GC(4668) Pause Young (Allocation Failure) 194M->67M(462M) 3.345ms
[268.817s][info][gc] GC(4669) Pause Young (Allocation Failure) 195M->68M(462M) 3.696ms
[268.878s][info][gc] GC(4670) Pause Young (Allocation Failure) 196M->70M(462M) 3.895ms
[268.927s][info][gc] GC(4671) Pause Young (Allocation Failure) 197M->69M(462M) 3.754ms
[268.988s][info][gc] GC(4672) Pause Young (Allocation Failure) 197M->72M(462M) 3.660ms
[269.042s][info][gc] GC(4673) Pause Young (Allocation Failure) 200M->72M(462M) 3.399ms
[269.095s][info][gc] GC(4674) Pause Young (Allocation Failure) 199M->74M(462M) 3.330ms
[269.153s][info][gc] GC(4675) Pause Young (Allocation Failure) 201M->75M(462M) 3.840ms
[269.204s][info][gc] GC(4676) Pause Young (Allocation Failure) 202M->76M(462M) 3.388ms
[269.263s][info][gc] GC(4677) Pause Young (Allocation Failure) 203M->77M(462M) 3.525ms
[269.311s][info][gc] GC(4678) Pause Young (Allocation Failure) 204M->77M(462M) 3.283ms
[269.530s][info][gc] GC(4679) Pause Young (Allocation Failure) 205M->79M(462M) 3.734ms
[269.581s][info][gc] GC(4680) Pause Young (Allocation Failure) 207M->80M(462M) 3.693ms
[269.635s][info][gc] GC(4681) Pause Young (Allocation Failure) 208M->81M(462M) 3.458ms
[269.688s][info][gc] GC(4682) Pause Young (Allocation Failure) 209M->82M(462M) 3.390ms
[269.746s][info][gc] GC(4683) Pause Young (Allocation Failure) 210M->83M(462M) 3.814ms
[269.796s][info][gc] GC(4684) Pause Young (Allocation Failure) 211M->84M(462M) 3.119ms
[269.856s][info][gc] GC(4685) Pause Young (Allocation Failure) 212M->85M(462M) 3.518ms
[269.905s][info][gc] GC(4686) Pause Young (Allocation Failure) 213M->85M(462M) 3.098ms
[269.967s][info][gc] GC(4687) Pause Young (Allocation Failure) 213M->87M(462M) 3.615ms
[270.027s][info][gc] GC(4688) Pause Young (Allocation Failure) 215M->88M(462M) 3.629ms
[270.080s][info][gc] GC(4689) Pause Young (Allocation Failure) 215M->89M(462M) 3.294ms
[270.139s][info][gc] GC(4690) Pause Young (Allocation Failure) 217M->90M(462M) 4.242ms
[270.193s][info][gc] GC(4691) Pause Young (Allocation Failure) 218M->91M(462M) 3.511ms
[270.252s][info][gc] GC(4692) Pause Young (Allocation Failure) 219M->92M(462M) 3.646ms
[270.302s][info][gc] GC(4693) Pause Young (Allocation Failure) 220M->93M(462M) 3.550ms
[270.364s][info][gc] GC(4694) Pause Young (Allocation Failure) 221M->94M(462M) 3.683ms
[270.413s][info][gc] GC(4695) Pause Young (Allocation Failure) 221M->95M(462M) 3.288ms
[270.472s][info][gc] GC(4696) Pause Young (Allocation Failure) 222M->96M(462M) 3.461ms
[270.523s][info][gc] GC(4697) Pause Young (Allocation Failure) 223M->97M(462M) 3.325ms
[270.579s][info][gc] GC(4698) Pause Young (Allocation Failure) 224M->98M(462M) 3.462ms
[270.628s][info][gc] GC(4699) Pause Young (Allocation Failure) 225M->98M(462M) 3.253ms
[270.687s][info][gc] GC(4700) Pause Young (Allocation Failure) 226M->100M(462M) 3.525ms
[270.738s][info][gc] GC(4701) Pause Young (Allocation Failure) 227M->100M(462M) 3.445ms
[270.794s][info][gc] GC(4702) Pause Young (Allocation Failure) 227M->102M(462M) 3.426ms
[270.850s][info][gc] GC(4703) Pause Young (Allocation Failure) 229M->102M(462M) 3.665ms
[270.904s][info][gc] GC(4704) Pause Young (Allocation Failure) 230M->104M(462M) 3.470ms
[270.957s][info][gc] GC(4705) Pause Young (Allocation Failure) 231M->104M(462M) 3.667ms
[271.010s][info][gc] GC(4706) Pause Young (Allocation Failure) 232M->106M(462M) 3.527ms
[271.065s][info][gc] GC(4707) Pause Young (Allocation Failure) 234M->106M(462M) 3.824ms
[271.116s][info][gc] GC(4708) Pause Young (Allocation Failure) 234M->107M(462M) 3.281ms
[271.174s][info][gc] GC(4709) Pause Young (Allocation Failure) 235M->109M(462M) 3.463ms
[271.224s][info][gc] GC(4710) Pause Young (Allocation Failure) 236M->109M(462M) 3.612ms
[271.281s][info][gc] GC(4711) Pause Young (Allocation Failure) 237M->111M(462M) 3.486ms
[271.332s][info][gc] GC(4712) Pause Young (Allocation Failure) 238M->111M(462M) 3.280ms
[271.390s][info][gc] GC(4713) Pause Young (Allocation Failure) 238M->113M(462M) 3.577ms
[271.438s][info][gc] GC(4714) Pause Young (Allocation Failure) 240M->113M(462M) 3.489ms
[271.494s][info][gc] GC(4715) Pause Young (Allocation Failure) 240M->114M(462M) 3.424ms
[271.701s][info][gc] GC(4716) Pause Young (Allocation Failure) 242M->113M(462M) 2.784ms
[271.763s][info][gc] GC(4717) Pause Young (Allocation Failure) 240M->117M(462M) 3.780ms
[271.822s][info][gc] GC(4718) Pause Young (Allocation Failure) 245M->118M(462M) 3.978ms
[271.872s][info][gc] GC(4719) Pause Young (Allocation Failure) 245M->119M(462M) 3.332ms
[271.930s][info][gc] GC(4720) Pause Young (Allocation Failure) 247M->120M(462M) 3.694ms
[271.979s][info][gc] GC(4721) Pause Young (Allocation Failure) 248M->121M(462M) 3.065ms
[272.037s][info][gc] GC(4722) Pause Young (Allocation Failure) 248M->122M(462M) 3.701ms
[272.085s][info][gc] GC(4723) Pause Young (Allocation Failure) 250M->123M(462M) 3.259ms
[272.139s][info][gc] GC(4724) Pause Young (Allocation Failure) 250M->124M(462M) 3.528ms
[272.190s][info][gc] GC(4725) Pause Young (Allocation Failure) 251M->125M(462M) 3.320ms
[272.247s][info][gc] GC(4726) Pause Young (Allocation Failure) 252M->126M(462M) 3.578ms
[272.296s][info][gc] GC(4727) Pause Young (Allocation Failure) 254M->126M(462M) 3.248ms
[272.353s][info][gc] GC(4728) Pause Young (Allocation Failure) 254M->128M(462M) 3.537ms
[272.402s][info][gc] GC(4729) Pause Young (Allocation Failure) 255M->128M(462M) 3.523ms
[272.460s][info][gc] GC(4730) Pause Young (Allocation Failure) 256M->130M(462M) 3.479ms
[272.516s][info][gc] GC(4731) Pause Young (Allocation Failure) 257M->130M(462M) 3.654ms
[272.566s][info][gc] GC(4732) Pause Young (Allocation Failure) 258M->132M(462M) 3.178ms
[272.624s][info][gc] GC(4733) Pause Young (Allocation Failure) 259M->133M(462M) 3.770ms
[272.675s][info][gc] GC(4734) Pause Young (Allocation Failure) 260M->134M(462M) 3.350ms
[272.730s][info][gc] GC(4735) Pause Young (Allocation Failure) 261M->135M(462M) 3.538ms
[272.780s][info][gc] GC(4736) Pause Young (Allocation Failure) 262M->135M(462M) 3.327ms
[272.835s][info][gc] GC(4737) Pause Young (Allocation Failure) 263M->136M(462M) 3.504ms
[272.887s][info][gc] GC(4738) Pause Young (Allocation Failure) 264M->138M(462M) 3.461ms
[272.944s][info][gc] GC(4739) Pause Young (Allocation Failure) 265M->139M(462M) 3.556ms
[272.992s][info][gc] GC(4740) Pause Young (Allocation Failure) 266M->139M(462M) 3.369ms
[273.051s][info][gc] GC(4741) Pause Young (Allocation Failure) 267M->141M(462M) 3.587ms
[273.099s][info][gc] GC(4742) Pause Young (Allocation Failure) 268M->141M(462M) 3.076ms
[273.155s][info][gc] GC(4743) Pause Young (Allocation Failure) 268M->142M(462M) 3.338ms
[273.211s][info][gc] GC(4744) Pause Young (Allocation Failure) 270M->143M(462M) 3.471ms
[273.264s][info][gc] GC(4745) Pause Young (Allocation Failure) 270M->145M(462M) 3.913ms
[273.319s][info][gc] GC(4746) Pause Young (Allocation Failure) 272M->145M(462M) 3.838ms
[273.372s][info][gc] GC(4747) Pause Young (Allocation Failure) 272M->147M(462M) 3.402ms
[273.431s][info][gc] GC(4748) Pause Young (Allocation Failure) 274M->148M(462M) 3.936ms
[273.480s][info][gc] GC(4749) Pause Young (Allocation Failure) 275M->149M(462M) 3.515ms
[273.537s][info][gc] GC(4750) Pause Young (Allocation Failure) 276M->149M(462M) 3.486ms
[273.588s][info][gc] GC(4751) Pause Young (Allocation Failure) 277M->150M(462M) 3.555ms
[273.646s][info][gc] GC(4752) Pause Young (Allocation Failure) 278M->152M(462M) 3.639ms
[273.697s][info][gc] GC(4753) Pause Young (Allocation Failure) 279M->151M(462M) 2.888ms
[273.939s][info][gc] GC(4754) Pause Young (Allocation Failure) 278M->161M(462M) 6.788ms
[273.977s][info][gc] GC(4755) Pause Young (Allocation Failure) 288M->162M(462M) 6.252ms
[274.009s][info][gc] GC(4756) Pause Young (Allocation Failure) 289M->164M(462M) 2.133ms
[274.040s][info][gc] GC(4757) Pause Young (Allocation Failure) 291M->165M(462M) 2.432ms
[274.086s][info][gc] GC(4758) Pause Young (Allocation Failure) 293M->170M(462M) 4.190ms
[274.122s][info][gc] GC(4759) Pause Young (Allocation Failure) 298M->171M(462M) 4.407ms
[274.154s][info][gc] GC(4760) Pause Young (Allocation Failure) 299M->172M(462M) 3.135ms
[274.188s][info][gc] GC(4761) Pause Young (Allocation Failure) 299M->172M(462M) 3.254ms
[274.233s][info][gc] GC(4762) Pause Young (Allocation Failure) 299M->176M(462M) 4.338ms
[274.273s][info][gc] GC(4763) Pause Young (Allocation Failure) 303M->178M(462M) 4.764ms
[274.304s][info][gc] GC(4764) Pause Young (Allocation Failure) 305M->178M(462M) 3.136ms
[274.344s][info][gc] GC(4765) Pause Young (Allocation Failure) 306M->179M(462M) 3.571ms
[274.384s][info][gc] GC(4766) Pause Young (Allocation Failure) 307M->181M(462M) 4.151ms
[274.422s][info][gc] GC(4767) Pause Young (Allocation Failure) 309M->183M(462M) 4.182ms
[274.455s][info][gc] GC(4768) Pause Young (Allocation Failure) 310M->182M(462M) 3.416ms
[274.499s][info][gc] GC(4769) Pause Young (Allocation Failure) 310M->186M(462M) 3.977ms
[274.537s][info][gc] GC(4770) Pause Young (Allocation Failure) 314M->188M(462M) 4.511ms
[274.571s][info][gc] GC(4771) Pause Young (Allocation Failure) 315M->189M(462M) 4.331ms
[274.606s][info][gc] GC(4772) Pause Young (Allocation Failure) 317M->191M(462M) 2.849ms
[274.648s][info][gc] GC(4773) Pause Young (Allocation Failure) 318M->194M(462M) 3.841ms
[274.685s][info][gc] GC(4774) Pause Young (Allocation Failure) 321M->196M(462M) 4.522ms
[274.720s][info][gc] GC(4775) Pause Young (Allocation Failure) 323M->196M(462M) 3.905ms
[274.761s][info][gc] GC(4776) Pause Young (Allocation Failure) 323M->197M(462M) 3.727ms
[274.799s][info][gc] GC(4777) Pause Young (Allocation Failure) 325M->199M(462M) 3.884ms
[274.839s][info][gc] GC(4778) Pause Young (Allocation Failure) 327M->200M(462M) 4.320ms
[274.875s][info][gc] GC(4779) Pause Young (Allocation Failure) 328M->201M(462M) 3.885ms
[274.918s][info][gc] GC(4780) Pause Young (Allocation Failure) 329M->203M(462M) 4.030ms
[274.957s][info][gc] GC(4781) Pause Young (Allocation Failure) 331M->204M(462M) 4.245ms
[274.995s][info][gc] GC(4782) Pause Young (Allocation Failure) 332M->207M(462M) 4.382ms
[275.030s][info][gc] GC(4783) Pause Young (Allocation Failure) 334M->206M(462M) 3.414ms
[275.072s][info][gc] GC(4784) Pause Young (Allocation Failure) 333M->209M(462M) 4.349ms
[275.113s][info][gc] GC(4785) Pause Young (Allocation Failure) 337M->210M(462M) 4.550ms
[275.149s][info][gc] GC(4786) Pause Young (Allocation Failure) 338M->212M(462M) 4.410ms
[275.192s][info][gc] GC(4787) Pause Young (Allocation Failure) 339M->213M(462M) 3.964ms
[275.229s][info][gc] GC(4788) Pause Young (Allocation Failure) 341M->215M(462M) 4.207ms
[275.269s][info][gc] GC(4789) Pause Young (Allocation Failure) 343M->217M(462M) 3.921ms
[275.306s][info][gc] GC(4790) Pause Young (Allocation Failure) 344M->217M(462M) 3.738ms
[275.349s][info][gc] GC(4791) Pause Young (Allocation Failure) 345M->220M(462M) 4.413ms
[275.389s][info][gc] GC(4792) Pause Young (Allocation Failure) 348M->221M(462M) 4.413ms
[275.427s][info][gc] GC(4793) Pause Young (Allocation Failure) 349M->223M(462M) 4.104ms
[275.467s][info][gc] GC(4794) Pause Young (Allocation Failure) 350M->224M(462M) 3.905ms
[275.506s][info][gc] GC(4795) Pause Young (Allocation Failure) 351M->226M(462M) 4.038ms
[275.542s][info][gc] GC(4796) Pause Young (Allocation Failure) 353M->227M(462M) 4.027ms
[275.581s][info][gc] GC(4797) Pause Young (Allocation Failure) 355M->229M(462M) 4.037ms
[275.617s][info][gc] GC(4798) Pause Young (Allocation Failure) 357M->231M(462M) 3.896ms
[275.657s][info][gc] GC(4799) Pause Young (Allocation Failure) 358M->233M(462M) 4.192ms
[275.690s][info][gc] GC(4800) Pause Young (Allocation Failure) 361M->234M(462M) 3.867ms
[275.731s][info][gc] GC(4801) Pause Young (Allocation Failure) 361M->236M(462M) 4.036ms
[275.769s][info][gc] GC(4802) Pause Young (Allocation Failure) 364M->237M(462M) 4.346ms
[275.806s][info][gc] GC(4803) Pause Young (Allocation Failure) 365M->239M(462M) 4.174ms
[275.844s][info][gc] GC(4804) Pause Young (Allocation Failure) 367M->239M(462M) 3.626ms
[275.884s][info][gc] GC(4805) Pause Young (Allocation Failure) 367M->242M(462M) 4.155ms
[275.920s][info][gc] GC(4806) Pause Young (Allocation Failure) 369M->243M(462M) 3.871ms
[275.955s][info][gc] GC(4807) Pause Young (Allocation Failure) 370M->243M(462M) 3.591ms
[275.998s][info][gc] GC(4808) Pause Young (Allocation Failure) 371M->246M(462M) 4.140ms
[276.032s][info][gc] GC(4809) Pause Young (Allocation Failure) 374M->247M(462M) 4.154ms
[276.073s][info][gc] GC(4810) Pause Young (Allocation Failure) 374M->250M(462M) 4.137ms
[276.104s][info][gc] GC(4811) Pause Young (Allocation Failure) 377M->249M(462M) 3.973ms
[276.146s][info][gc] GC(4812) Pause Young (Allocation Failure) 377M->253M(462M) 4.147ms
[276.181s][info][gc] GC(4813) Pause Young (Allocation Failure) 380M->253M(462M) 4.073ms
[276.219s][info][gc] GC(4814) Pause Young (Allocation Failure) 380M->255M(462M) 4.202ms
[276.260s][info][gc] GC(4815) Pause Young (Allocation Failure) 383M->256M(462M) 3.914ms
[276.297s][info][gc] GC(4816) Pause Young (Allocation Failure) 383M->258M(462M) 4.034ms
[276.336s][info][gc] GC(4817) Pause Young (Allocation Failure) 385M->258M(462M) 3.731ms
[276.374s][info][gc] GC(4818) Pause Young (Allocation Failure) 386M->261M(462M) 4.122ms
[276.414s][info][gc] GC(4819) Pause Young (Allocation Failure) 388M->263M(462M) 4.045ms
[276.449s][info][gc] GC(4820) Pause Young (Allocation Failure) 390M->264M(462M) 4.319ms
[276.485s][info][gc] GC(4821) Pause Young (Allocation Failure) 392M->266M(462M) 3.892ms
[276.521s][info][gc] GC(4822) Pause Young (Allocation Failure) 393M->267M(462M) 3.849ms
[276.561s][info][gc] GC(4823) Pause Young (Allocation Failure) 394M->269M(462M) 4.214ms
[276.596s][info][gc] GC(4824) Pause Young (Allocation Failure) 397M->270M(462M) 4.268ms
[276.638s][info][gc] GC(4825) Pause Young (Allocation Failure) 398M->272M(462M) 4.082ms
[276.673s][info][gc] GC(4826) Pause Young (Allocation Failure) 400M->274M(462M) 3.860ms
[276.712s][info][gc] GC(4827) Pause Young (Allocation Failure) 401M->275M(462M) 3.982ms
[276.749s][info][gc] GC(4828) Pause Young (Allocation Failure) 403M->276M(462M) 3.480ms
[276.788s][info][gc] GC(4829) Pause Young (Allocation Failure) 403M->278M(462M) 4.223ms
[276.825s][info][gc] GC(4830) Pause Young (Allocation Failure) 406M->279M(462M) 3.833ms
[276.864s][info][gc] GC(4831) Pause Young (Allocation Failure) 407M->281M(462M) 4.230ms
[276.902s][info][gc] GC(4832) Pause Young (Allocation Failure) 409M->283M(462M) 3.981ms
[276.939s][info][gc] GC(4833) Pause Young (Allocation Failure) 410M->285M(462M) 4.273ms
[276.979s][info][gc] GC(4834) Pause Young (Allocation Failure) 412M->285M(462M) 3.784ms
[277.016s][info][gc] GC(4835) Pause Young (Allocation Failure) 413M->287M(462M) 4.143ms
[277.054s][info][gc] GC(4836) Pause Young (Allocation Failure) 415M->289M(462M) 4.034ms
[277.089s][info][gc] GC(4837) Pause Young (Allocation Failure) 417M->291M(462M) 3.983ms
[277.131s][info][gc] GC(4838) Pause Young (Allocation Failure) 418M->294M(462M) 4.140ms
[277.165s][info][gc] GC(4839) Pause Young (Allocation Failure) 421M->294M(462M) 4.337ms
[277.204s][info][gc] GC(4840) Pause Young (Allocation Failure) 422M->297M(462M) 4.197ms
[277.240s][info][gc] GC(4841) Pause Young (Allocation Failure) 424M->297M(462M) 3.814ms
[277.283s][info][gc] GC(4842) Pause Young (Allocation Failure) 425M->301M(462M) 4.305ms
[277.316s][info][gc] GC(4843) Pause Young (Allocation Failure) 429M->301M(462M) 4.169ms
[277.357s][info][gc] GC(4844) Pause Young (Allocation Failure) 429M->304M(462M) 4.292ms
[277.393s][info][gc] GC(4845) Pause Young (Allocation Failure) 432M->304M(462M) 3.584ms
[277.432s][info][gc] GC(4846) Pause Young (Allocation Failure) 431M->307M(462M) 4.219ms
[277.470s][info][gc] GC(4847) Pause Young (Allocation Failure) 435M->307M(462M) 4.351ms
[277.505s][info][gc] GC(4848) Pause Young (Allocation Failure) 435M->309M(462M) 4.137ms
[277.544s][info][gc] GC(4849) Pause Young (Allocation Failure) 436M->311M(462M) 3.795ms
[277.582s][info][gc] GC(4850) Pause Young (Allocation Failure) 438M->313M(462M) 4.828ms
[277.620s][info][gc] GC(4851) Pause Young (Allocation Failure) 440M->314M(462M) 3.912ms
[277.656s][info][gc] GC(4852) Pause Young (Allocation Failure) 441M->316M(462M) 4.081ms
[277.698s][info][gc] GC(4853) Pause Young (Allocation Failure) 443M->318M(462M) 4.092ms
[277.735s][info][gc] GC(4854) Pause Young (Allocation Failure) 446M->319M(462M) 4.505ms
[277.774s][info][gc] GC(4855) Pause Young (Allocation Failure) 447M->322M(462M) 4.075ms
[277.808s][info][gc] GC(4856) Pause Young (Allocation Failure) 449M->321M(462M) 3.548ms
[277.854s][info][gc] GC(4857) Pause Young (Allocation Failure) 449M->325M(462M) 4.015ms
[277.892s][info][gc] GC(4858) Pause Young (Allocation Failure) 452M->326M(462M) 4.522ms
[277.929s][info][gc] GC(4859) Pause Young (Allocation Failure) 453M->327M(462M) 4.093ms
[278.018s][info][gc] GC(4860) Pause Full (Allocation Failure) 327M->157M(462M) 88.761ms
[278.056s][info][gc] GC(4861) Pause Young (Allocation Failure) 284M->162M(462M) 2.413ms
[278.090s][info][gc] GC(4862) Pause Young (Allocation Failure) 290M->163M(462M) 2.585ms
[278.128s][info][gc] GC(4863) Pause Young (Allocation Failure) 291M->165M(462M) 3.370ms
[278.164s][info][gc] GC(4864) Pause Young (Allocation Failure) 293M->168M(462M) 4.142ms
[278.202s][info][gc] GC(4865) Pause Young (Allocation Failure) 295M->169M(462M) 3.907ms
[278.238s][info][gc] GC(4866) Pause Young (Allocation Failure) 297M->171M(462M) 4.245ms
[278.278s][info][gc] GC(4867) Pause Young (Allocation Failure) 299M->173M(462M) 4.112ms
[278.317s][info][gc] GC(4868) Pause Young (Allocation Failure) 301M->175M(462M) 4.508ms
[278.354s][info][gc] GC(4869) Pause Young (Allocation Failure) 302M->176M(462M) 4.195ms
[278.393s][info][gc] GC(4870) Pause Young (Allocation Failure) 304M->177M(462M) 3.765ms
[278.435s][info][gc] GC(4871) Pause Young (Allocation Failure) 304M->179M(462M) 4.036ms
[278.474s][info][gc] GC(4872) Pause Young (Allocation Failure) 306M->180M(462M) 3.769ms
[278.517s][info][gc] GC(4873) Pause Young (Allocation Failure) 307M->182M(462M) 4.143ms
[278.558s][info][gc] GC(4874) Pause Young (Allocation Failure) 309M->183M(462M) 4.166ms
[278.596s][info][gc] GC(4875) Pause Young (Allocation Failure) 311M->184M(462M) 3.800ms
[278.640s][info][gc] GC(4876) Pause Young (Allocation Failure) 311M->187M(462M) 4.226ms
[278.675s][info][gc] GC(4877) Pause Young (Allocation Failure) 315M->188M(462M) 4.452ms
[278.713s][info][gc] GC(4878) Pause Young (Allocation Failure) 316M->190M(462M) 4.160ms
[278.751s][info][gc] GC(4879) Pause Young (Allocation Failure) 317M->190M(462M) 3.614ms
[278.792s][info][gc] GC(4880) Pause Young (Allocation Failure) 318M->193M(462M) 4.099ms
[278.826s][info][gc] GC(4881) Pause Young (Allocation Failure) 321M->193M(462M) 4.003ms
[278.866s][info][gc] GC(4882) Pause Young (Allocation Failure) 321M->196M(462M) 4.315ms
[278.906s][info][gc] GC(4883) Pause Young (Allocation Failure) 323M->198M(462M) 3.978ms
[278.941s][info][gc] GC(4884) Pause Young (Allocation Failure) 325M->199M(462M) 4.009ms
[278.978s][info][gc] GC(4885) Pause Young (Allocation Failure) 327M->200M(462M) 3.709ms
[279.018s][info][gc] GC(4886) Pause Young (Allocation Failure) 327M->202M(462M) 4.086ms
[279.057s][info][gc] GC(4887) Pause Young (Allocation Failure) 330M->204M(462M) 3.958ms
[279.092s][info][gc] GC(4888) Pause Young (Allocation Failure) 331M->205M(462M) 3.966ms
[279.128s][info][gc] GC(4889) Pause Young (Allocation Failure) 333M->206M(462M) 3.571ms
[279.166s][info][gc] GC(4890) Pause Young (Allocation Failure) 334M->208M(462M) 3.642ms
[279.208s][info][gc] GC(4891) Pause Young (Allocation Failure) 335M->210M(462M) 4.644ms
[279.241s][info][gc] GC(4892) Pause Young (Allocation Failure) 338M->211M(462M) 3.901ms
[279.279s][info][gc] GC(4893) Pause Young (Allocation Failure) 338M->212M(462M) 3.845ms
[279.317s][info][gc] GC(4894) Pause Young (Allocation Failure) 340M->215M(462M) 3.929ms
[279.354s][info][gc] GC(4895) Pause Young (Allocation Failure) 342M->215M(462M) 4.211ms
[279.394s][info][gc] GC(4896) Pause Young (Allocation Failure) 343M->217M(462M) 4.117ms
[279.429s][info][gc] GC(4897) Pause Young (Allocation Failure) 345M->218M(462M) 3.768ms
[279.471s][info][gc] GC(4898) Pause Young (Allocation Failure) 346M->221M(462M) 4.044ms
[279.505s][info][gc] GC(4899) Pause Young (Allocation Failure) 349M->222M(462M) 4.294ms
[279.537s][info][gc] GC(4900) Pause Young (Allocation Failure) 350M->223M(462M) 3.724ms
[279.580s][info][gc] GC(4901) Pause Young (Allocation Failure) 350M->225M(462M) 3.779ms
[279.621s][info][gc] GC(4902) Pause Young (Allocation Failure) 352M->228M(462M) 4.910ms
[279.655s][info][gc] GC(4903) Pause Young (Allocation Failure) 355M->228M(462M) 4.269ms
[279.687s][info][gc] GC(4904) Pause Young (Allocation Failure) 356M->229M(462M) 2.743ms
[279.731s][info][gc] GC(4905) Pause Young (Allocation Failure) 356M->232M(462M) 3.753ms
[279.769s][info][gc] GC(4906) Pause Young (Allocation Failure) 359M->234M(462M) 4.541ms
[279.807s][info][gc] GC(4907) Pause Young (Allocation Failure) 361M->235M(462M) 4.229ms
[279.845s][info][gc] GC(4908) Pause Young (Allocation Failure) 363M->235M(462M) 3.728ms
[279.888s][info][gc] GC(4909) Pause Young (Allocation Failure) 363M->237M(462M) 3.663ms
[279.926s][info][gc] GC(4910) Pause Young (Allocation Failure) 365M->239M(462M) 4.251ms
[279.966s][info][gc] GC(4911) Pause Young (Allocation Failure) 367M->240M(462M) 4.104ms
[280.004s][info][gc] GC(4912) Pause Young (Allocation Failure) 368M->242M(462M) 3.894ms
[280.049s][info][gc] GC(4913) Pause Young (Allocation Failure) 369M->245M(462M) 4.147ms
[280.084s][info][gc] GC(4914) Pause Young (Allocation Failure) 373M->247M(462M) 4.669ms
[280.124s][info][gc] GC(4915) Pause Young (Allocation Failure) 374M->248M(462M) 3.608ms
[280.167s][info][gc] GC(4916) Pause Young (Allocation Failure) 375M->249M(462M) 4.019ms
[280.208s][info][gc] GC(4917) Pause Young (Allocation Failure) 377M->252M(462M) 4.357ms
[280.246s][info][gc] GC(4918) Pause Young (Allocation Failure) 380M->253M(462M) 4.237ms
[280.285s][info][gc] GC(4919) Pause Young (Allocation Failure) 381M->254M(462M) 3.893ms
[280.326s][info][gc] GC(4920) Pause Young (Allocation Failure) 381M->256M(462M) 3.728ms
[280.367s][info][gc] GC(4921) Pause Young (Allocation Failure) 383M->258M(462M) 4.499ms
[280.403s][info][gc] GC(4922) Pause Young (Allocation Failure) 385M->259M(462M) 4.124ms
[280.442s][info][gc] GC(4923) Pause Young (Allocation Failure) 386M->260M(462M) 3.731ms
[280.485s][info][gc] GC(4924) Pause Young (Allocation Failure) 387M->263M(462M) 4.034ms
[280.522s][info][gc] GC(4925) Pause Young (Allocation Failure) 391M->265M(462M) 4.617ms
[280.556s][info][gc] GC(4926) Pause Young (Allocation Failure) 393M->266M(462M) 3.206ms
[280.596s][info][gc] GC(4927) Pause Young (Allocation Failure) 394M->267M(462M) 3.798ms
[280.634s][info][gc] GC(4928) Pause Young (Allocation Failure) 395M->271M(462M) 4.059ms
[280.669s][info][gc] GC(4929) Pause Young (Allocation Failure) 398M->271M(462M) 4.452ms
[280.701s][info][gc] GC(4930) Pause Young (Allocation Failure) 399M->272M(462M) 2.629ms
[280.745s][info][gc] GC(4931) Pause Young (Allocation Failure) 400M->276M(462M) 4.059ms
[280.784s][info][gc] GC(4932) Pause Young (Allocation Failure) 404M->278M(462M) 4.695ms
[280.818s][info][gc] GC(4933) Pause Young (Allocation Failure) 405M->279M(462M) 4.287ms
[280.855s][info][gc] GC(4934) Pause Young (Allocation Failure) 406M->280M(462M) 2.920ms
[280.895s][info][gc] GC(4935) Pause Young (Allocation Failure) 408M->283M(462M) 3.768ms
[280.932s][info][gc] GC(4936) Pause Young (Allocation Failure) 410M->285M(462M) 4.357ms
[280.968s][info][gc] GC(4937) Pause Young (Allocation Failure) 412M->286M(462M) 4.268ms
[281.007s][info][gc] GC(4938) Pause Young (Allocation Failure) 413M->287M(462M) 3.678ms
[281.046s][info][gc] GC(4939) Pause Young (Allocation Failure) 414M->289M(462M) 3.768ms
[281.086s][info][gc] GC(4940) Pause Young (Allocation Failure) 416M->290M(462M) 4.244ms
[281.122s][info][gc] GC(4941) Pause Young (Allocation Failure) 418M->288M(462M) 2.874ms
[281.320s][info][gc] GC(4942) Pause Young (Allocation Failure) 416M->288M(462M) 1.777ms
[281.458s][info][gc] GC(4943) Pause Young (Allocation Failure) 415M->294M(462M) 3.874ms
[281.505s][info][gc] GC(4944) Pause Young (Allocation Failure) 421M->295M(462M) 4.102ms
[281.558s][info][gc] GC(4945) Pause Young (Allocation Failure) 422M->296M(462M) 3.490ms
[281.603s][info][gc] GC(4946) Pause Young (Allocation Failure) 423M->297M(462M) 3.684ms
[281.655s][info][gc] GC(4947) Pause Young (Allocation Failure) 425M->298M(462M) 3.190ms
[281.701s][info][gc] GC(4948) Pause Young (Allocation Failure) 425M->298M(462M) 3.392ms
[281.742s][info][gc] GC(4949) Pause Young (Allocation Failure) 426M->297M(462M) 2.594ms
[281.797s][info][gc] GC(4950) Pause Young (Allocation Failure) 425M->301M(462M) 3.704ms
[281.841s][info][gc] GC(4951) Pause Young (Allocation Failure) 428M->302M(462M) 4.009ms
[281.895s][info][gc] GC(4952) Pause Young (Allocation Failure) 429M->303M(462M) 3.594ms
[281.940s][info][gc] GC(4953) Pause Young (Allocation Failure) 430M->303M(462M) 3.365ms
[281.992s][info][gc] GC(4954) Pause Young (Allocation Failure) 431M->305M(462M) 3.582ms
[282.039s][info][gc] GC(4955) Pause Young (Allocation Failure) 432M->305M(462M) 3.365ms
[282.087s][info][gc] GC(4956) Pause Young (Allocation Failure) 433M->305M(462M) 3.091ms
[282.138s][info][gc] GC(4957) Pause Young (Allocation Failure) 433M->308M(462M) 4.034ms
[282.182s][info][gc] GC(4958) Pause Young (Allocation Failure) 436M->308M(462M) 3.535ms
[282.232s][info][gc] GC(4959) Pause Young (Allocation Failure) 435M->309M(462M) 3.259ms
[282.279s][info][gc] GC(4960) Pause Young (Allocation Failure) 436M->310M(462M) 3.434ms
[282.330s][info][gc] GC(4961) Pause Young (Allocation Failure) 437M->311M(462M) 3.722ms
[282.378s][info][gc] GC(4962) Pause Young (Allocation Failure) 439M->312M(462M) 3.557ms
[282.432s][info][gc] GC(4963) Pause Young (Allocation Failure) 439M->313M(462M) 3.923ms
[282.476s][info][gc] GC(4964) Pause Young (Allocation Failure) 441M->314M(462M) 3.514ms
[282.525s][info][gc] GC(4965) Pause Young (Allocation Failure) 441M->315M(462M) 3.448ms
[282.573s][info][gc] GC(4966) Pause Young (Allocation Failure) 442M->316M(462M) 3.479ms
[282.621s][info][gc] GC(4967) Pause Young (Allocation Failure) 443M->317M(462M) 3.748ms
[282.673s][info][gc] GC(4968) Pause Young (Allocation Failure) 445M->318M(462M) 3.669ms
[282.720s][info][gc] GC(4969) Pause Young (Allocation Failure) 445M->319M(462M) 3.254ms
[282.771s][info][gc] GC(4970) Pause Young (Allocation Failure) 446M->320M(462M) 3.837ms
[282.818s][info][gc] GC(4971) Pause Young (Allocation Failure) 448M->321M(462M) 3.780ms
[282.873s][info][gc] GC(4972) Pause Young (Allocation Failure) 449M->323M(462M) 3.909ms
[282.915s][info][gc] GC(4973) Pause Young (Allocation Failure) 450M->323M(462M) 3.197ms
[282.963s][info][gc] GC(4974) Pause Young (Allocation Failure) 450M->323M(462M) 3.050ms
[283.015s][info][gc] GC(4975) Pause Young (Allocation Failure) 451M->325M(462M) 3.740ms
[283.058s][info][gc] GC(4976) Pause Young (Allocation Failure) 452M->325M(462M) 3.254ms
[283.115s][info][gc] GC(4977) Pause Young (Allocation Failure) 452M->327M(462M) 3.619ms
[283.157s][info][gc] GC(4978) Pause Young (Allocation Failure) 454M->327M(463M) 3.648ms
[283.207s][info][gc] GC(4979) Pause Full (Allocation Failure) 327M->87M(462M) 49.313ms
[283.263s][info][gc] GC(4980) Pause Young (Allocation Failure) 215M->91M(462M) 1.711ms
[283.498s][info][gc] GC(4981) Pause Young (Allocation Failure) 218M->94M(462M) 2.920ms
[283.541s][info][gc] GC(4982) Pause Young (Allocation Failure) 222M->95M(462M) 2.888ms
[283.585s][info][gc] GC(4983) Pause Young (Allocation Failure) 223M->96M(462M) 3.220ms
[283.640s][info][gc] GC(4984) Pause Young (Allocation Failure) 223M->97M(462M) 3.737ms
[283.686s][info][gc] GC(4985) Pause Young (Allocation Failure) 224M->98M(462M) 3.650ms
[283.738s][info][gc] GC(4986) Pause Young (Allocation Failure) 226M->99M(462M) 3.538ms
[283.785s][info][gc] GC(4987) Pause Young (Allocation Failure) 226M->100M(462M) 3.349ms
[283.835s][info][gc] GC(4988) Pause Young (Allocation Failure) 228M->100M(462M) 3.653ms
[283.881s][info][gc] GC(4989) Pause Young (Allocation Failure) 228M->102M(462M) 3.301ms
[283.933s][info][gc] GC(4990) Pause Young (Allocation Failure) 229M->103M(462M) 3.839ms
[283.983s][info][gc] GC(4991) Pause Young (Allocation Failure) 230M->104M(462M) 3.945ms
[284.028s][info][gc] GC(4992) Pause Young (Allocation Failure) 232M->104M(462M) 3.513ms
[284.083s][info][gc] GC(4993) Pause Young (Allocation Failure) 231M->106M(462M) 3.560ms
[284.127s][info][gc] GC(4994) Pause Young (Allocation Failure) 234M->106M(462M) 3.363ms
[284.182s][info][gc] GC(4995) Pause Young (Allocation Failure) 233M->108M(462M) 3.484ms
[284.228s][info][gc] GC(4996) Pause Young (Allocation Failure) 235M->109M(462M) 3.579ms
[284.281s][info][gc] GC(4997) Pause Young (Allocation Failure) 236M->110M(462M) 3.827ms
[284.327s][info][gc] GC(4998) Pause Young (Allocation Failure) 237M->111M(462M) 3.639ms
[284.380s][info][gc] GC(4999) Pause Young (Allocation Failure) 238M->111M(462M) 3.478ms
[284.427s][info][gc] GC(5000) Pause Young (Allocation Failure) 238M->113M(462M) 3.706ms
[284.480s][info][gc] GC(5001) Pause Young (Allocation Failure) 240M->114M(462M) 3.757ms
[284.531s][info][gc] GC(5002) Pause Young (Allocation Failure) 241M->115M(462M) 3.998ms
[284.579s][info][gc] GC(5003) Pause Young (Allocation Failure) 242M->115M(462M) 3.346ms
[284.633s][info][gc] GC(5004) Pause Young (Allocation Failure) 242M->117M(462M) 3.525ms
[284.679s][info][gc] GC(5005) Pause Young (Allocation Failure) 245M->117M(462M) 3.614ms
[284.736s][info][gc] GC(5006) Pause Young (Allocation Failure) 245M->119M(462M) 3.603ms
[284.778s][info][gc] GC(5007) Pause Young (Allocation Failure) 246M->119M(462M) 3.587ms
[284.829s][info][gc] GC(5008) Pause Young (Allocation Failure) 247M->120M(462M) 3.325ms
[284.877s][info][gc] GC(5009) Pause Young (Allocation Failure) 247M->121M(462M) 3.501ms
[284.928s][info][gc] GC(5010) Pause Young (Allocation Failure) 249M->123M(462M) 3.813ms
[284.979s][info][gc] GC(5011) Pause Young (Allocation Failure) 250M->123M(462M) 3.814ms
[285.030s][info][gc] GC(5012) Pause Young (Allocation Failure) 251M->124M(462M) 3.324ms
[285.081s][info][gc] GC(5013) Pause Young (Allocation Failure) 252M->125M(462M) 3.766ms
[285.130s][info][gc] GC(5014) Pause Young (Allocation Failure) 253M->126M(462M) 3.434ms
[285.182s][info][gc] GC(5015) Pause Young (Allocation Failure) 253M->128M(462M) 3.499ms
[285.228s][info][gc] GC(5016) Pause Young (Allocation Failure) 255M->128M(462M) 3.506ms
[285.279s][info][gc] GC(5017) Pause Young (Allocation Failure) 255M->128M(462M) 3.046ms
[285.349s][info][gc] GC(5018) Pause Young (Allocation Failure) 255M->127M(462M) 2.432ms
[285.575s][info][gc] GC(5019) Pause Young (Allocation Failure) 254M->132M(462M) 4.261ms
[285.621s][info][gc] GC(5020) Pause Young (Allocation Failure) 259M->133M(462M) 4.527ms
[285.672s][info][gc] GC(5021) Pause Young (Allocation Failure) 260M->134M(462M) 3.629ms
[285.719s][info][gc] GC(5022) Pause Young (Allocation Failure) 261M->135M(462M) 3.681ms
[285.773s][info][gc] GC(5023) Pause Young (Allocation Failure) 262M->136M(462M) 3.777ms
[285.817s][info][gc] GC(5024) Pause Young (Allocation Failure) 264M->137M(462M) 3.270ms
[285.864s][info][gc] GC(5025) Pause Young (Allocation Failure) 264M->137M(462M) 3.001ms
[285.916s][info][gc] GC(5026) Pause Young (Allocation Failure) 264M->139M(462M) 3.649ms
[285.961s][info][gc] GC(5027) Pause Young (Allocation Failure) 266M->139M(462M) 3.568ms
[286.011s][info][gc] GC(5028) Pause Young (Allocation Failure) 266M->140M(462M) 3.238ms
[286.057s][info][gc] GC(5029) Pause Young (Allocation Failure) 268M->141M(462M) 3.429ms
[286.110s][info][gc] GC(5030) Pause Young (Allocation Failure) 269M->142M(462M) 3.681ms
[286.156s][info][gc] GC(5031) Pause Young (Allocation Failure) 270M->144M(462M) 3.730ms
[286.207s][info][gc] GC(5032) Pause Young (Allocation Failure) 271M->144M(462M) 3.720ms
[286.254s][info][gc] GC(5033) Pause Young (Allocation Failure) 272M->145M(462M) 3.349ms
[286.307s][info][gc] GC(5034) Pause Young (Allocation Failure) 273M->147M(462M) 3.988ms
[286.352s][info][gc] GC(5035) Pause Young (Allocation Failure) 275M->148M(462M) 3.841ms
[286.398s][info][gc] GC(5036) Pause Young (Allocation Failure) 275M->147M(462M) 2.965ms
[286.450s][info][gc] GC(5037) Pause Young (Allocation Failure) 274M->150M(462M) 3.497ms
[286.495s][info][gc] GC(5038) Pause Young (Allocation Failure) 277M->150M(462M) 3.533ms
[286.549s][info][gc] GC(5039) Pause Young (Allocation Failure) 278M->152M(462M) 3.635ms
[286.594s][info][gc] GC(5040) Pause Young (Allocation Failure) 279M->152M(462M) 3.503ms
[286.644s][info][gc] GC(5041) Pause Young (Allocation Failure) 280M->153M(462M) 3.214ms
[286.692s][info][gc] GC(5042) Pause Young (Allocation Failure) 280M->154M(462M) 3.638ms
[286.741s][info][gc] GC(5043) Pause Young (Allocation Failure) 282M->154M(462M) 3.356ms
[286.789s][info][gc] GC(5044) Pause Young (Allocation Failure) 282M->156M(462M) 3.677ms
[286.835s][info][gc] GC(5045) Pause Young (Allocation Failure) 284M->157M(462M) 3.923ms
[286.885s][info][gc] GC(5046) Pause Young (Allocation Failure) 284M->158M(462M) 3.295ms
[286.933s][info][gc] GC(5047) Pause Young (Allocation Failure) 285M->159M(462M) 3.615ms
[286.988s][info][gc] GC(5048) Pause Young (Allocation Failure) 287M->161M(462M) 4.053ms
[287.031s][info][gc] GC(5049) Pause Young (Allocation Failure) 288M->161M(462M) 3.249ms
[287.083s][info][gc] GC(5050) Pause Young (Allocation Failure) 289M->161M(462M) 3.105ms
[287.132s][info][gc] GC(5051) Pause Young (Allocation Failure) 289M->163M(462M) 3.668ms
[287.179s][info][gc] GC(5052) Pause Young (Allocation Failure) 291M->163M(462M) 3.390ms
[287.232s][info][gc] GC(5053) Pause Young (Allocation Failure) 291M->165M(462M) 3.406ms
[287.279s][info][gc] GC(5054) Pause Young (Allocation Failure) 293M->166M(462M) 3.703ms
[287.335s][info][gc] GC(5055) Pause Young (Allocation Failure) 294M->165M(462M) 2.829ms
[287.564s][info][gc] GC(5056) Pause Young (Allocation Failure) 293M->169M(462M) 3.879ms
[287.611s][info][gc] GC(5057) Pause Young (Allocation Failure) 296M->170M(462M) 4.302ms
[287.653s][info][gc] GC(5058) Pause Young (Allocation Failure) 298M->169M(462M) 3.212ms
[287.706s][info][gc] GC(5059) Pause Young (Allocation Failure) 297M->172M(462M) 3.335ms
[287.752s][info][gc] GC(5060) Pause Young (Allocation Failure) 299M->173M(462M) 3.679ms
[287.807s][info][gc] GC(5061) Pause Young (Allocation Failure) 300M->174M(462M) 3.766ms
[287.851s][info][gc] GC(5062) Pause Young (Allocation Failure) 302M->175M(462M) 3.418ms
[287.904s][info][gc] GC(5063) Pause Young (Allocation Failure) 302M->176M(462M) 3.540ms
[287.949s][info][gc] GC(5064) Pause Young (Allocation Failure) 303M->177M(462M) 3.564ms
[288.001s][info][gc] GC(5065) Pause Young (Allocation Failure) 304M->177M(462M) 3.237ms
[288.049s][info][gc] GC(5066) Pause Young (Allocation Failure) 305M->179M(462M) 3.600ms
[288.097s][info][gc] GC(5067) Pause Young (Allocation Failure) 306M->179M(462M) 3.374ms
[288.146s][info][gc] GC(5068) Pause Young (Allocation Failure) 306M->181M(462M) 3.605ms
[288.192s][info][gc] GC(5069) Pause Young (Allocation Failure) 308M->181M(462M) 3.839ms
[288.245s][info][gc] GC(5070) Pause Young (Allocation Failure) 309M->182M(462M) 3.267ms
[288.291s][info][gc] GC(5071) Pause Young (Allocation Failure) 310M->183M(462M) 3.367ms
[288.346s][info][gc] GC(5072) Pause Young (Allocation Failure) 310M->184M(462M) 3.608ms
[288.397s][info][gc] GC(5073) Pause Young (Allocation Failure) 311M->186M(462M) 3.826ms
[288.451s][info][gc] GC(5074) Pause Young (Allocation Failure) 313M->186M(462M) 3.891ms
[288.503s][info][gc] GC(5075) Pause Young (Allocation Failure) 314M->188M(462M) 3.652ms
[288.554s][info][gc] GC(5076) Pause Young (Allocation Failure) 315M->188M(462M) 3.299ms
[288.602s][info][gc] GC(5077) Pause Young (Allocation Failure) 315M->189M(462M) 3.326ms
[288.651s][info][gc] GC(5078) Pause Young (Allocation Failure) 317M->190M(462M) 3.542ms
[288.699s][info][gc] GC(5079) Pause Young (Allocation Failure) 317M->191M(462M) 3.548ms
[288.748s][info][gc] GC(5080) Pause Young (Allocation Failure) 318M->191M(462M) 3.399ms
[288.799s][info][gc] GC(5081) Pause Young (Allocation Failure) 319M->193M(462M) 3.702ms
[288.845s][info][gc] GC(5082) Pause Young (Allocation Failure) 320M->194M(462M) 3.619ms
[288.898s][info][gc] GC(5083) Pause Young (Allocation Failure) 322M->195M(462M) 3.781ms
[288.945s][info][gc] GC(5084) Pause Young (Allocation Failure) 323M->196M(462M) 3.607ms
[288.993s][info][gc] GC(5085) Pause Young (Allocation Failure) 323M->196M(462M) 3.152ms
[289.042s][info][gc] GC(5086) Pause Young (Allocation Failure) 324M->198M(462M) 3.661ms
[289.090s][info][gc] GC(5087) Pause Young (Allocation Failure) 326M->198M(462M) 3.419ms
[289.139s][info][gc] GC(5088) Pause Young (Allocation Failure) 326M->200M(462M) 3.305ms
[289.187s][info][gc] GC(5089) Pause Young (Allocation Failure) 327M->200M(462M) 3.500ms
[289.237s][info][gc] GC(5090) Pause Young (Allocation Failure) 328M->202M(462M) 3.861ms
[289.285s][info][gc] GC(5091) Pause Young (Allocation Failure) 330M->203M(462M) 3.602ms
[289.332s][info][gc] GC(5092) Pause Young (Allocation Failure) 330M->203M(462M) 3.102ms
[289.392s][info][gc] GC(5093) Pause Young (Allocation Failure) 331M->203M(462M) 2.876ms
[289.614s][info][gc] GC(5094) Pause Young (Allocation Failure) 330M->207M(462M) 4.173ms
[289.658s][info][gc] GC(5095) Pause Young (Allocation Failure) 334M->208M(462M) 4.322ms
[289.711s][info][gc] GC(5096) Pause Young (Allocation Failure) 335M->209M(462M) 3.377ms
[289.757s][info][gc] GC(5097) Pause Young (Allocation Failure) 336M->210M(462M) 3.528ms
[289.810s][info][gc] GC(5098) Pause Young (Allocation Failure) 337M->210M(462M) 3.575ms
[289.859s][info][gc] GC(5099) Pause Young (Allocation Failure) 338M->212M(462M) 3.357ms
[289.906s][info][gc] GC(5100) Pause Young (Allocation Failure) 339M->212M(462M) 3.526ms
[289.956s][info][gc] GC(5101) Pause Young (Allocation Failure) 339M->213M(462M) 3.285ms
[290.003s][info][gc] GC(5102) Pause Young (Allocation Failure) 341M->213M(462M) 3.380ms
[290.058s][info][gc] GC(5103) Pause Young (Allocation Failure) 341M->216M(462M) 3.772ms
[290.104s][info][gc] GC(5104) Pause Young (Allocation Failure) 343M->216M(462M) 3.900ms
[290.159s][info][gc] GC(5105) Pause Young (Allocation Failure) 343M->217M(462M) 3.424ms
[290.206s][info][gc] GC(5106) Pause Young (Allocation Failure) 345M->218M(462M) 3.500ms
[290.258s][info][gc] GC(5107) Pause Young (Allocation Failure) 345M->219M(462M) 3.752ms
[290.307s][info][gc] GC(5108) Pause Young (Allocation Failure) 347M->220M(462M) 3.705ms
[290.359s][info][gc] GC(5109) Pause Young (Allocation Failure) 348M->220M(462M) 3.047ms
[290.409s][info][gc] GC(5110) Pause Young (Allocation Failure) 348M->222M(462M) 3.595ms
[290.459s][info][gc] GC(5111) Pause Young (Allocation Failure) 349M->222M(462M) 3.366ms
[290.507s][info][gc] GC(5112) Pause Young (Allocation Failure) 350M->224M(462M) 3.712ms
[290.555s][info][gc] GC(5113) Pause Young (Allocation Failure) 352M->225M(462M) 3.799ms
[290.605s][info][gc] GC(5114) Pause Young (Allocation Failure) 353M->226M(462M) 3.809ms
[290.654s][info][gc] GC(5115) Pause Young (Allocation Failure) 354M->227M(462M) 3.780ms
[290.704s][info][gc] GC(5116) Pause Young (Allocation Failure) 355M->228M(462M) 3.715ms
[290.755s][info][gc] GC(5117) Pause Young (Allocation Failure) 356M->229M(462M) 3.451ms
[290.803s][info][gc] GC(5118) Pause Young (Allocation Failure) 357M->230M(462M) 3.753ms
[290.847s][info][gc] GC(5119) Pause Young (Allocation Failure) 357M->230M(462M) 2.992ms
[290.896s][info][gc] GC(5120) Pause Young (Allocation Failure) 358M->231M(462M) 3.376ms
[290.945s][info][gc] GC(5121) Pause Young (Allocation Failure) 359M->232M(462M) 3.497ms
[290.991s][info][gc] GC(5122) Pause Young (Allocation Failure) 360M->234M(462M) 3.673ms
[291.041s][info][gc] GC(5123) Pause Young (Allocation Failure) 361M->235M(462M) 3.863ms
[291.089s][info][gc] GC(5124) Pause Young (Allocation Failure) 363M->236M(462M) 3.691ms
[291.141s][info][gc] GC(5125) Pause Young (Allocation Failure) 363M->237M(462M) 3.558ms
[291.186s][info][gc] GC(5126) Pause Young (Allocation Failure) 365M->237M(462M) 3.440ms
[291.236s][info][gc] GC(5127) Pause Young (Allocation Failure) 365M->238M(462M) 3.179ms
[291.282s][info][gc] GC(5128) Pause Young (Allocation Failure) 366M->239M(462M) 3.439ms
[291.329s][info][gc] GC(5129) Pause Young (Allocation Failure) 367M->240M(462M) 3.223ms
[291.385s][info][gc] GC(5130) Pause Young (Allocation Failure) 367M->240M(462M) 3.133ms
[291.617s][info][gc] GC(5131) Pause Young (Allocation Failure) 368M->249M(462M) 6.413ms
[291.654s][info][gc] GC(5132) Pause Young (Allocation Failure) 376M->251M(462M) 6.438ms
[291.689s][info][gc] GC(5133) Pause Young (Allocation Failure) 378M->253M(462M) 2.334ms
[291.721s][info][gc] GC(5134) Pause Young (Allocation Failure) 380M->253M(462M) 2.469ms
[291.769s][info][gc] GC(5135) Pause Young (Allocation Failure) 381M->258M(462M) 4.164ms
[291.803s][info][gc] GC(5136) Pause Young (Allocation Failure) 385M->259M(462M) 4.286ms
[291.840s][info][gc] GC(5137) Pause Young (Allocation Failure) 386M->260M(462M) 3.843ms
[291.874s][info][gc] GC(5138) Pause Young (Allocation Failure) 388M->262M(462M) 2.648ms
[291.919s][info][gc] GC(5139) Pause Young (Allocation Failure) 389M->266M(462M) 4.139ms
[291.955s][info][gc] GC(5140) Pause Young (Allocation Failure) 394M->267M(462M) 4.330ms
[291.990s][info][gc] GC(5141) Pause Young (Allocation Failure) 395M->268M(462M) 3.348ms
[292.025s][info][gc] GC(5142) Pause Young (Allocation Failure) 396M->268M(462M) 3.165ms
[292.069s][info][gc] GC(5143) Pause Young (Allocation Failure) 395M->271M(462M) 4.061ms
[292.107s][info][gc] GC(5144) Pause Young (Allocation Failure) 399M->273M(462M) 4.712ms
[292.141s][info][gc] GC(5145) Pause Young (Allocation Failure) 401M->274M(462M) 3.152ms
[292.182s][info][gc] GC(5146) Pause Young (Allocation Failure) 401M->276M(462M) 3.726ms
[292.219s][info][gc] GC(5147) Pause Young (Allocation Failure) 404M->278M(462M) 4.133ms
[292.254s][info][gc] GC(5148) Pause Young (Allocation Failure) 405M->279M(462M) 4.087ms
[292.289s][info][gc] GC(5149) Pause Young (Allocation Failure) 406M->279M(462M) 3.613ms
[292.333s][info][gc] GC(5150) Pause Young (Allocation Failure) 406M->283M(462M) 3.869ms
[292.372s][info][gc] GC(5151) Pause Young (Allocation Failure) 410M->284M(462M) 4.301ms
[292.407s][info][gc] GC(5152) Pause Young (Allocation Failure) 412M->285M(462M) 3.975ms
[292.442s][info][gc] GC(5153) Pause Young (Allocation Failure) 413M->285M(462M) 3.511ms
[292.485s][info][gc] GC(5154) Pause Young (Allocation Failure) 413M->289M(462M) 4.296ms
[292.520s][info][gc] GC(5155) Pause Young (Allocation Failure) 416M->289M(462M) 4.237ms
[292.556s][info][gc] GC(5156) Pause Young (Allocation Failure) 417M->291M(462M) 3.124ms
[292.596s][info][gc] GC(5157) Pause Young (Allocation Failure) 418M->293M(462M) 3.998ms
[292.637s][info][gc] GC(5158) Pause Young (Allocation Failure) 420M->295M(462M) 4.661ms
[292.671s][info][gc] GC(5159) Pause Young (Allocation Failure) 423M->295M(462M) 3.998ms
[292.705s][info][gc] GC(5160) Pause Young (Allocation Failure) 423M->297M(462M) 2.711ms
[292.751s][info][gc] GC(5161) Pause Young (Allocation Failure) 425M->301M(462M) 4.101ms
[292.786s][info][gc] GC(5162) Pause Young (Allocation Failure) 428M->302M(462M) 4.238ms
[292.824s][info][gc] GC(5163) Pause Young (Allocation Failure) 429M->303M(462M) 3.986ms
[292.864s][info][gc] GC(5164) Pause Young (Allocation Failure) 431M->303M(462M) 3.578ms
[292.904s][info][gc] GC(5165) Pause Young (Allocation Failure) 431M->306M(462M) 3.992ms
[292.941s][info][gc] GC(5166) Pause Young (Allocation Failure) 434M->307M(462M) 4.167ms
[292.982s][info][gc] GC(5167) Pause Young (Allocation Failure) 435M->309M(462M) 4.021ms
[293.022s][info][gc] GC(5168) Pause Young (Allocation Failure) 436M->310M(462M) 3.970ms
[293.065s][info][gc] GC(5169) Pause Young (Allocation Failure) 438M->313M(462M) 4.188ms
[293.104s][info][gc] GC(5170) Pause Young (Allocation Failure) 440M->314M(462M) 4.169ms
[293.141s][info][gc] GC(5171) Pause Young (Allocation Failure) 442M->314M(462M) 3.671ms
[293.184s][info][gc] GC(5172) Pause Young (Allocation Failure) 442M->317M(462M) 4.234ms
[293.224s][info][gc] GC(5173) Pause Young (Allocation Failure) 445M->318M(462M) 4.204ms
[293.261s][info][gc] GC(5174) Pause Young (Allocation Failure) 446M->320M(462M) 4.188ms
[293.296s][info][gc] GC(5175) Pause Young (Allocation Failure) 447M->320M(462M) 3.495ms
[293.343s][info][gc] GC(5176) Pause Young (Allocation Failure) 447M->323M(462M) 4.195ms
[293.383s][info][gc] GC(5177) Pause Young (Allocation Failure) 450M->324M(462M) 4.223ms
[293.422s][info][gc] GC(5178) Pause Young (Allocation Failure) 451M->325M(462M) 4.055ms
[293.459s][info][gc] GC(5179) Pause Young (Allocation Failure) 453M->325M(462M) 3.296ms
[293.520s][info][gc] GC(5180) Pause Full (Allocation Failure) 325M->90M(460M) 60.537ms
[293.561s][info][gc] GC(5181) Pause Young (Allocation Failure) 217M->95M(460M) 2.458ms
[293.599s][info][gc] GC(5182) Pause Young (Allocation Failure) 222M->96M(460M) 2.733ms
[293.636s][info][gc] GC(5183) Pause Young (Allocation Failure) 223M->98M(460M) 3.178ms
[293.682s][info][gc] GC(5184) Pause Young (Allocation Failure) 225M->100M(460M) 4.288ms
[293.727s][info][gc] GC(5185) Pause Young (Allocation Failure) 227M->102M(460M) 4.161ms
[293.763s][info][gc] GC(5186) Pause Young (Allocation Failure) 229M->104M(460M) 4.250ms
[293.801s][info][gc] GC(5187) Pause Young (Allocation Failure) 231M->105M(460M) 4.240ms
[293.842s][info][gc] GC(5188) Pause Young (Allocation Failure) 232M->106M(460M) 3.788ms
[293.884s][info][gc] GC(5189) Pause Young (Allocation Failure) 233M->108M(460M) 4.186ms
[293.921s][info][gc] GC(5190) Pause Young (Allocation Failure) 235M->109M(460M) 3.872ms
[293.962s][info][gc] GC(5191) Pause Young (Allocation Failure) 236M->111M(460M) 4.011ms
[294.009s][info][gc] GC(5192) Pause Young (Allocation Failure) 238M->115M(460M) 4.444ms
[294.047s][info][gc] GC(5193) Pause Young (Allocation Failure) 242M->115M(460M) 4.622ms
[294.081s][info][gc] GC(5194) Pause Young (Allocation Failure) 242M->116M(460M) 3.219ms
[294.124s][info][gc] GC(5195) Pause Young (Allocation Failure) 243M->118M(460M) 3.900ms
[294.165s][info][gc] GC(5196) Pause Young (Allocation Failure) 245M->120M(460M) 4.381ms
[294.205s][info][gc] GC(5197) Pause Young (Allocation Failure) 247M->121M(460M) 4.084ms
[294.243s][info][gc] GC(5198) Pause Young (Allocation Failure) 248M->122M(460M) 3.830ms
[294.281s][info][gc] GC(5199) Pause Young (Allocation Failure) 249M->123M(460M) 3.407ms
[294.325s][info][gc] GC(5200) Pause Young (Allocation Failure) 250M->126M(460M) 4.673ms
[294.363s][info][gc] GC(5201) Pause Young (Allocation Failure) 253M->126M(460M) 4.368ms
[294.399s][info][gc] GC(5202) Pause Young (Allocation Failure) 253M->127M(460M) 3.604ms
[294.446s][info][gc] GC(5203) Pause Young (Allocation Failure) 254M->130M(460M) 4.026ms
[294.483s][info][gc] GC(5204) Pause Young (Allocation Failure) 257M->132M(460M) 4.379ms
[294.521s][info][gc] GC(5205) Pause Young (Allocation Failure) 259M->132M(460M) 3.972ms
[294.558s][info][gc] GC(5206) Pause Young (Allocation Failure) 259M->134M(460M) 3.831ms
[294.604s][info][gc] GC(5207) Pause Young (Allocation Failure) 261M->137M(460M) 4.018ms
[294.649s][info][gc] GC(5208) Pause Young (Allocation Failure) 264M->139M(460M) 4.599ms
[294.684s][info][gc] GC(5209) Pause Young (Allocation Failure) 266M->140M(460M) 4.215ms
[294.730s][info][gc] GC(5210) Pause Young (Allocation Failure) 267M->141M(460M) 4.218ms
[294.774s][info][gc] GC(5211) Pause Young (Allocation Failure) 268M->144M(460M) 4.437ms
[294.811s][info][gc] GC(5212) Pause Young (Allocation Failure) 271M->144M(460M) 4.604ms
[294.850s][info][gc] GC(5213) Pause Young (Allocation Failure) 271M->146M(460M) 3.347ms
[294.895s][info][gc] GC(5214) Pause Young (Allocation Failure) 273M->149M(460M) 4.242ms
[294.940s][info][gc] GC(5215) Pause Young (Allocation Failure) 276M->150M(460M) 4.560ms
[294.977s][info][gc] GC(5216) Pause Young (Allocation Failure) 277M->151M(460M) 4.221ms
[295.017s][info][gc] GC(5217) Pause Young (Allocation Failure) 278M->152M(460M) 3.974ms
[295.058s][info][gc] GC(5218) Pause Young (Allocation Failure) 279M->154M(460M) 3.993ms
[295.102s][info][gc] GC(5219) Pause Young (Allocation Failure) 281M->157M(460M) 4.715ms
[295.138s][info][gc] GC(5220) Pause Young (Allocation Failure) 284M->157M(460M) 4.052ms
[295.183s][info][gc] GC(5221) Pause Young (Allocation Failure) 284M->159M(460M) 4.189ms
[295.223s][info][gc] GC(5222) Pause Young (Allocation Failure) 286M->161M(460M) 4.128ms
[295.265s][info][gc] GC(5223) Pause Young (Allocation Failure) 288M->163M(460M) 4.351ms
[295.302s][info][gc] GC(5224) Pause Young (Allocation Failure) 290M->163M(460M) 3.907ms
[295.344s][info][gc] GC(5225) Pause Young (Allocation Failure) 290M->165M(460M) 4.018ms
[295.383s][info][gc] GC(5226) Pause Young (Allocation Failure) 292M->167M(460M) 4.399ms
[295.424s][info][gc] GC(5227) Pause Young (Allocation Failure) 294M->169M(460M) 3.922ms
[295.462s][info][gc] GC(5228) Pause Young (Allocation Failure) 296M->170M(460M) 3.944ms
[295.509s][info][gc] GC(5229) Pause Young (Allocation Failure) 297M->174M(460M) 4.999ms
[295.544s][info][gc] GC(5230) Pause Young (Allocation Failure) 301M->174M(460M) 4.335ms
[295.585s][info][gc] GC(5231) Pause Young (Allocation Failure) 301M->176M(460M) 4.196ms
[295.627s][info][gc] GC(5232) Pause Young (Allocation Failure) 303M->177M(460M) 3.863ms
[295.664s][info][gc] GC(5233) Pause Young (Allocation Failure) 304M->179M(460M) 4.117ms
[295.702s][info][gc] GC(5234) Pause Young (Allocation Failure) 306M->179M(460M) 3.691ms
[295.742s][info][gc] GC(5235) Pause Young (Allocation Failure) 306M->181M(460M) 4.323ms
[295.786s][info][gc] GC(5236) Pause Young (Allocation Failure) 308M->183M(460M) 3.969ms
[295.825s][info][gc] GC(5237) Pause Young (Allocation Failure) 310M->185M(460M) 4.435ms
[295.863s][info][gc] GC(5238) Pause Young (Allocation Failure) 312M->187M(460M) 4.263ms
[295.898s][info][gc] GC(5239) Pause Young (Allocation Failure) 314M->188M(460M) 3.994ms
[295.937s][info][gc] GC(5240) Pause Young (Allocation Failure) 315M->190M(460M) 3.838ms
[295.974s][info][gc] GC(5241) Pause Young (Allocation Failure) 317M->191M(460M) 4.267ms
[296.014s][info][gc] GC(5242) Pause Young (Allocation Failure) 318M->193M(460M) 4.127ms
[296.049s][info][gc] GC(5243) Pause Young (Allocation Failure) 320M->194M(460M) 4.133ms
[296.089s][info][gc] GC(5244) Pause Young (Allocation Failure) 321M->196M(460M) 3.753ms
[296.126s][info][gc] GC(5245) Pause Young (Allocation Failure) 323M->197M(460M) 3.611ms
[296.163s][info][gc] GC(5246) Pause Young (Allocation Failure) 324M->199M(460M) 3.886ms
[296.202s][info][gc] GC(5247) Pause Young (Allocation Failure) 326M->200M(460M) 3.936ms
[296.240s][info][gc] GC(5248) Pause Young (Allocation Failure) 327M->202M(460M) 3.995ms
[296.275s][info][gc] GC(5249) Pause Young (Allocation Failure) 329M->203M(460M) 3.741ms
[296.311s][info][gc] GC(5250) Pause Young (Allocation Failure) 330M->203M(460M) 3.769ms
[296.351s][info][gc] GC(5251) Pause Young (Allocation Failure) 330M->206M(460M) 3.777ms
[296.389s][info][gc] GC(5252) Pause Young (Allocation Failure) 333M->208M(460M) 4.684ms
[296.426s][info][gc] GC(5253) Pause Young (Allocation Failure) 335M->209M(460M) 3.971ms
[296.464s][info][gc] GC(5254) Pause Young (Allocation Failure) 336M->210M(460M) 3.873ms
[296.501s][info][gc] GC(5255) Pause Young (Allocation Failure) 337M->212M(460M) 3.800ms
[296.542s][info][gc] GC(5256) Pause Young (Allocation Failure) 339M->214M(460M) 4.240ms
[296.577s][info][gc] GC(5257) Pause Young (Allocation Failure) 341M->215M(460M) 3.920ms
[296.613s][info][gc] GC(5258) Pause Young (Allocation Failure) 342M->216M(460M) 4.011ms
[296.653s][info][gc] GC(5259) Pause Young (Allocation Failure) 343M->217M(460M) 3.846ms
[296.691s][info][gc] GC(5260) Pause Young (Allocation Failure) 344M->219M(460M) 4.036ms
[296.727s][info][gc] GC(5261) Pause Young (Allocation Failure) 346M->220M(460M) 3.808ms
[296.763s][info][gc] GC(5262) Pause Young (Allocation Failure) 347M->222M(460M) 3.787ms
[296.802s][info][gc] GC(5263) Pause Young (Allocation Failure) 349M->224M(460M) 3.678ms
[296.846s][info][gc] GC(5264) Pause Young (Allocation Failure) 351M->226M(460M) 4.642ms
[296.883s][info][gc] GC(5265) Pause Young (Allocation Failure) 353M->228M(460M) 4.173ms
[296.919s][info][gc] GC(5266) Pause Young (Allocation Failure) 355M->228M(460M) 3.732ms
[296.959s][info][gc] GC(5267) Pause Young (Allocation Failure) 355M->230M(460M) 4.189ms
[296.996s][info][gc] GC(5268) Pause Young (Allocation Failure) 357M->232M(460M) 3.994ms
[297.030s][info][gc] GC(5269) Pause Young (Allocation Failure) 359M->233M(460M) 4.101ms
[297.069s][info][gc] GC(5270) Pause Young (Allocation Failure) 360M->235M(460M) 3.808ms
[297.106s][info][gc] GC(5271) Pause Young (Allocation Failure) 362M->236M(460M) 3.865ms
[297.149s][info][gc] GC(5272) Pause Young (Allocation Failure) 363M->239M(460M) 4.320ms
[297.181s][info][gc] GC(5273) Pause Young (Allocation Failure) 366M->240M(460M) 4.019ms
[297.218s][info][gc] GC(5274) Pause Young (Allocation Failure) 367M->242M(460M) 3.971ms
[297.257s][info][gc] GC(5275) Pause Young (Allocation Failure) 369M->243M(460M) 3.690ms
[297.294s][info][gc] GC(5276) Pause Young (Allocation Failure) 370M->245M(460M) 4.184ms
[297.332s][info][gc] GC(5277) Pause Young (Allocation Failure) 372M->246M(460M) 4.004ms
[297.368s][info][gc] GC(5278) Pause Young (Allocation Failure) 373M->248M(460M) 3.997ms
[297.408s][info][gc] GC(5279) Pause Young (Allocation Failure) 375M->250M(460M) 4.026ms
[297.444s][info][gc] GC(5280) Pause Young (Allocation Failure) 377M->252M(460M) 4.104ms
[297.480s][info][gc] GC(5281) Pause Young (Allocation Failure) 379M->253M(460M) 3.842ms
[297.519s][info][gc] GC(5282) Pause Young (Allocation Failure) 380M->254M(460M) 3.881ms
[297.555s][info][gc] GC(5283) Pause Young (Allocation Failure) 381M->257M(460M) 4.063ms
[297.591s][info][gc] GC(5284) Pause Young (Allocation Failure) 384M->258M(460M) 3.944ms
[297.631s][info][gc] GC(5285) Pause Young (Allocation Failure) 385M->259M(460M) 3.752ms
[297.673s][info][gc] GC(5286) Pause Young (Allocation Failure) 386M->261M(460M) 4.300ms
[297.712s][info][gc] GC(5287) Pause Young (Allocation Failure) 388M->262M(460M) 4.419ms
[297.754s][info][gc] GC(5288) Pause Young (Allocation Failure) 389M->264M(460M) 4.154ms
[297.794s][info][gc] GC(5289) Pause Young (Allocation Failure) 391M->265M(460M) 3.802ms
[297.836s][info][gc] GC(5290) Pause Young (Allocation Failure) 392M->267M(460M) 3.808ms
[297.874s][info][gc] GC(5291) Pause Young (Allocation Failure) 394M->269M(460M) 4.448ms
[297.909s][info][gc] GC(5292) Pause Young (Allocation Failure) 396M->269M(460M) 3.874ms
[297.946s][info][gc] GC(5293) Pause Young (Allocation Failure) 396M->271M(460M) 4.052ms
[297.989s][info][gc] GC(5294) Pause Young (Allocation Failure) 398M->274M(460M) 4.208ms
[298.028s][info][gc] GC(5295) Pause Young (Allocation Failure) 401M->275M(460M) 4.600ms
[298.064s][info][gc] GC(5296) Pause Young (Allocation Failure) 402M->275M(460M) 3.978ms
[298.108s][info][gc] GC(5297) Pause Young (Allocation Failure) 402M->277M(460M) 4.019ms
[298.150s][info][gc] GC(5298) Pause Young (Allocation Failure) 404M->280M(460M) 4.506ms
[298.189s][info][gc] GC(5299) Pause Young (Allocation Failure) 407M->280M(460M) 3.780ms
[298.228s][info][gc] GC(5300) Pause Young (Allocation Failure) 407M->282M(460M) 3.733ms
[298.266s][info][gc] GC(5301) Pause Young (Allocation Failure) 409M->283M(460M) 3.748ms
[298.311s][info][gc] GC(5302) Pause Young (Allocation Failure) 410M->286M(460M) 4.518ms
[298.343s][info][gc] GC(5303) Pause Young (Allocation Failure) 413M->287M(460M) 3.916ms
[298.385s][info][gc] GC(5304) Pause Young (Allocation Failure) 414M->289M(460M) 4.162ms
[298.424s][info][gc] GC(5305) Pause Young (Allocation Failure) 416M->290M(460M) 4.332ms
[298.460s][info][gc] GC(5306) Pause Young (Allocation Failure) 417M->292M(460M) 3.902ms
[298.499s][info][gc] GC(5307) Pause Young (Allocation Failure) 419M->292M(460M) 3.700ms
[298.537s][info][gc] GC(5308) Pause Young (Allocation Failure) 419M->295M(460M) 3.847ms
[298.572s][info][gc] GC(5309) Pause Young (Allocation Failure) 422M->296M(460M) 4.133ms
[298.609s][info][gc] GC(5310) Pause Young (Allocation Failure) 423M->297M(460M) 4.013ms
[298.647s][info][gc] GC(5311) Pause Young (Allocation Failure) 424M->298M(460M) 3.683ms
[298.684s][info][gc] GC(5312) Pause Young (Allocation Failure) 425M->300M(460M) 3.872ms
[298.721s][info][gc] GC(5313) Pause Young (Allocation Failure) 427M->301M(460M) 3.928ms
[298.756s][info][gc] GC(5314) Pause Young (Allocation Failure) 428M->302M(460M) 3.839ms
[298.797s][info][gc] GC(5315) Pause Young (Allocation Failure) 429M->304M(460M) 3.816ms
[298.836s][info][gc] GC(5316) Pause Young (Allocation Failure) 431M->305M(460M) 3.662ms
[298.877s][info][gc] GC(5317) Pause Young (Allocation Failure) 432M->307M(460M) 4.067ms
[298.921s][info][gc] GC(5318) Pause Young (Allocation Failure) 434M->306M(460M) 3.580ms
[298.978s][info][gc] GC(5319) Pause Young (Allocation Failure) 433M->305M(460M) 2.264ms
[299.213s][info][gc] GC(5320) Pause Young (Allocation Failure) 432M->305M(460M) 2.169ms
[299.313s][info][gc] GC(5321) Pause Young (Allocation Failure) 432M->311M(460M) 4.384ms
[299.357s][info][gc] GC(5322) Pause Young (Allocation Failure) 438M->313M(460M) 4.660ms
[299.407s][info][gc] GC(5323) Pause Young (Allocation Failure) 440M->313M(460M) 3.344ms
[299.448s][info][gc] GC(5324) Pause Young (Allocation Failure) 440M->315M(460M) 3.784ms
[299.488s][info][gc] GC(5325) Pause Young (Allocation Failure) 442M->315M(460M) 3.134ms
[299.538s][info][gc] GC(5326) Pause Young (Allocation Failure) 442M->316M(460M) 3.634ms
[299.580s][info][gc] GC(5327) Pause Young (Allocation Failure) 443M->318M(460M) 3.739ms
[299.624s][info][gc] GC(5328) Pause Young (Allocation Failure) 445M->317M(460M) 3.254ms
[299.669s][info][gc] GC(5329) Pause Young (Allocation Failure) 444M->319M(460M) 3.477ms
[299.713s][info][gc] GC(5330) Pause Young (Allocation Failure) 446M->320M(460M) 4.053ms
[299.761s][info][gc] GC(5331) Pause Young (Allocation Failure) 447M->321M(460M) 3.525ms
[299.807s][info][gc] GC(5332) Pause Young (Allocation Failure) 448M->323M(460M) 3.832ms
[299.848s][info][gc] GC(5333) Pause Young (Allocation Failure) 450M->323M(460M) 3.537ms
[299.900s][info][gc] GC(5334) Pause Young (Allocation Failure) 450M->324M(460M) 3.609ms
[299.943s][info][gc] GC(5335) Pause Young (Allocation Failure) 451M->325M(460M) 3.860ms
[299.986s][info][gc] GC(5336) Pause Young (Allocation Failure) 452M->325M(461M) 3.423ms
[300.028s][info][gc] GC(5337) Pause Full (Allocation Failure) 325M->59M(391M) 41.714ms
[300.071s][info][gc] GC(5338) Pause Young (Allocation Failure) 167M->63M(391M) 2.091ms
[300.107s][info][gc] GC(5339) Pause Young (Allocation Failure) 171M->64M(391M) 2.373ms
[300.143s][info][gc] GC(5340) Pause Young (Allocation Failure) 172M->65M(391M) 2.530ms
[300.186s][info][gc] GC(5341) Pause Young (Allocation Failure) 173M->67M(391M) 3.198ms
[300.223s][info][gc] GC(5342) Pause Young (Allocation Failure) 175M->67M(391M) 3.129ms
[300.258s][info][gc] GC(5343) Pause Young (Allocation Failure) 175M->68M(391M) 2.926ms
[300.305s][info][gc] GC(5344) Pause Young (Allocation Failure) 176M->70M(391M) 3.550ms
[300.341s][info][gc] GC(5345) Pause Young (Allocation Failure) 178M->70M(391M) 3.292ms
[300.377s][info][gc] GC(5346) Pause Young (Allocation Failure) 178M->70M(391M) 2.910ms
[300.421s][info][gc] GC(5347) Pause Young (Allocation Failure) 178M->72M(391M) 3.151ms
[300.458s][info][gc] GC(5348) Pause Young (Allocation Failure) 180M->72M(391M) 3.184ms
[300.493s][info][gc] GC(5349) Pause Young (Allocation Failure) 180M->73M(391M) 2.987ms
[300.539s][info][gc] GC(5350) Pause Young (Allocation Failure) 181M->75M(391M) 3.338ms
[300.572s][info][gc] GC(5351) Pause Young (Allocation Failure) 183M->75M(391M) 3.095ms
[300.608s][info][gc] GC(5352) Pause Young (Allocation Failure) 183M->77M(391M) 3.171ms
[300.655s][info][gc] GC(5353) Pause Young (Allocation Failure) 185M->78M(391M) 3.707ms
[300.690s][info][gc] GC(5354) Pause Young (Allocation Failure) 186M->78M(391M) 3.036ms
[300.725s][info][gc] GC(5355) Pause Young (Allocation Failure) 186M->79M(391M) 2.929ms
[300.768s][info][gc] GC(5356) Pause Young (Allocation Failure) 187M->79M(391M) 2.945ms
[300.806s][info][gc] GC(5357) Pause Young (Allocation Failure) 187M->80M(391M) 2.973ms
[300.841s][info][gc] GC(5358) Pause Young (Allocation Failure) 189M->81M(391M) 3.399ms
[300.876s][info][gc] GC(5359) Pause Young (Allocation Failure) 189M->81M(391M) 2.724ms
[300.920s][info][gc] GC(5360) Pause Young (Allocation Failure) 189M->83M(391M) 3.164ms
[300.955s][info][gc] GC(5361) Pause Young (Allocation Failure) 191M->84M(391M) 3.366ms
[300.993s][info][gc] GC(5362) Pause Young (Allocation Failure) 192M->83M(391M) 2.486ms
[301.234s][info][gc] GC(5363) Pause Young (Allocation Failure) 191M->87M(391M) 3.770ms
[301.268s][info][gc] GC(5364) Pause Young (Allocation Failure) 195M->87M(391M) 3.935ms
[301.307s][info][gc] GC(5365) Pause Young (Allocation Failure) 196M->89M(391M) 1.739ms
[301.346s][info][gc] GC(5366) Pause Young (Allocation Failure) 197M->91M(391M) 2.466ms
[301.391s][info][gc] GC(5367) Pause Young (Allocation Failure) 199M->94M(391M) 3.274ms
[301.430s][info][gc] GC(5368) Pause Young (Allocation Failure) 202M->95M(391M) 3.660ms
[301.469s][info][gc] GC(5369) Pause Young (Allocation Failure) 203M->94M(391M) 2.780ms
[301.509s][info][gc] GC(5370) Pause Young (Allocation Failure) 202M->96M(391M) 3.110ms
[301.546s][info][gc] GC(5371) Pause Young (Allocation Failure) 204M->98M(391M) 3.293ms
[301.585s][info][gc] GC(5372) Pause Young (Allocation Failure) 206M->97M(391M) 2.862ms
[301.624s][info][gc] GC(5373) Pause Young (Allocation Failure) 206M->99M(391M) 3.159ms
[301.659s][info][gc] GC(5374) Pause Young (Allocation Failure) 207M->100M(391M) 3.382ms
[301.697s][info][gc] GC(5375) Pause Young (Allocation Failure) 208M->100M(391M) 2.871ms
[301.738s][info][gc] GC(5376) Pause Young (Allocation Failure) 208M->101M(391M) 2.889ms
[301.776s][info][gc] GC(5377) Pause Young (Allocation Failure) 209M->102M(391M) 3.403ms
[301.815s][info][gc] GC(5378) Pause Young (Allocation Failure) 211M->102M(391M) 2.948ms
[301.856s][info][gc] GC(5379) Pause Young (Allocation Failure) 210M->104M(391M) 2.989ms
[301.894s][info][gc] GC(5380) Pause Young (Allocation Failure) 212M->105M(391M) 3.398ms
[301.930s][info][gc] GC(5381) Pause Young (Allocation Failure) 213M->105M(391M) 2.877ms
[301.970s][info][gc] GC(5382) Pause Young (Allocation Failure) 213M->107M(391M) 2.865ms
[302.007s][info][gc] GC(5383) Pause Young (Allocation Failure) 215M->108M(391M) 3.267ms
[302.045s][info][gc] GC(5384) Pause Young (Allocation Failure) 216M->108M(391M) 3.323ms
[302.084s][info][gc] GC(5385) Pause Young (Allocation Failure) 216M->109M(391M) 2.821ms
[302.123s][info][gc] GC(5386) Pause Young (Allocation Failure) 217M->111M(391M) 3.522ms
[302.159s][info][gc] GC(5387) Pause Young (Allocation Failure) 219M->111M(391M) 3.243ms
[302.202s][info][gc] GC(5388) Pause Young (Allocation Failure) 219M->112M(391M) 3.159ms
[302.239s][info][gc] GC(5389) Pause Young (Allocation Failure) 220M->114M(391M) 3.106ms
[302.275s][info][gc] GC(5390) Pause Young (Allocation Failure) 222M->114M(391M) 3.045ms
[302.316s][info][gc] GC(5391) Pause Young (Allocation Failure) 222M->115M(391M) 3.087ms
[302.351s][info][gc] GC(5392) Pause Young (Allocation Failure) 223M->116M(391M) 2.931ms
[302.390s][info][gc] GC(5393) Pause Young (Allocation Failure) 224M->117M(391M) 3.453ms
[302.431s][info][gc] GC(5394) Pause Young (Allocation Failure) 225M->118M(391M) 3.262ms
[302.466s][info][gc] GC(5395) Pause Young (Allocation Failure) 226M->119M(391M) 3.133ms
[302.502s][info][gc] GC(5396) Pause Young (Allocation Failure) 227M->119M(391M) 2.827ms
[302.544s][info][gc] GC(5397) Pause Young (Allocation Failure) 227M->120M(391M) 2.897ms
[302.583s][info][gc] GC(5398) Pause Young (Allocation Failure) 228M->121M(391M) 3.254ms
[302.619s][info][gc] GC(5399) Pause Young (Allocation Failure) 229M->122M(391M) 3.416ms
[302.656s][info][gc] GC(5400) Pause Young (Allocation Failure) 230M->122M(391M) 2.749ms
[302.695s][info][gc] GC(5401) Pause Young (Allocation Failure) 230M->124M(391M) 3.261ms
[302.732s][info][gc] GC(5402) Pause Young (Allocation Failure) 232M->125M(391M) 3.373ms
[302.771s][info][gc] GC(5403) Pause Young (Allocation Failure) 233M->125M(391M) 2.884ms
[302.813s][info][gc] GC(5404) Pause Young (Allocation Failure) 233M->127M(391M) 3.229ms
[302.850s][info][gc] GC(5405) Pause Young (Allocation Failure) 235M->128M(391M) 3.538ms
[302.885s][info][gc] GC(5406) Pause Young (Allocation Failure) 236M->125M(391M) 2.119ms
[303.130s][info][gc] GC(5407) Pause Young (Allocation Failure) 233M->128M(391M) 2.715ms
[303.171s][info][gc] GC(5408) Pause Young (Allocation Failure) 236M->131M(391M) 3.511ms
[303.207s][info][gc] GC(5409) Pause Young (Allocation Failure) 239M->132M(391M) 3.963ms
[303.242s][info][gc] GC(5410) Pause Young (Allocation Failure) 240M->133M(391M) 2.038ms
[303.286s][info][gc] GC(5411) Pause Young (Allocation Failure) 241M->136M(391M) 3.265ms
[303.328s][info][gc] GC(5412) Pause Young (Allocation Failure) 244M->137M(391M) 3.571ms
[303.370s][info][gc] GC(5413) Pause Young (Allocation Failure) 245M->136M(391M) 2.819ms
[303.420s][info][gc] GC(5414) Pause Young (Allocation Failure) 244M->139M(391M) 3.390ms
[303.461s][info][gc] GC(5415) Pause Young (Allocation Failure) 247M->140M(391M) 3.395ms
[303.495s][info][gc] GC(5416) Pause Young (Allocation Failure) 248M->140M(391M) 2.761ms
[303.540s][info][gc] GC(5417) Pause Young (Allocation Failure) 248M->142M(391M) 3.286ms
[303.576s][info][gc] GC(5418) Pause Young (Allocation Failure) 250M->143M(391M) 3.585ms
[303.610s][info][gc] GC(5419) Pause Young (Allocation Failure) 251M->142M(391M) 2.971ms
[303.654s][info][gc] GC(5420) Pause Young (Allocation Failure) 250M->144M(391M) 3.289ms
[303.689s][info][gc] GC(5421) Pause Young (Allocation Failure) 252M->145M(391M) 3.394ms
[303.724s][info][gc] GC(5422) Pause Young (Allocation Failure) 253M->145M(391M) 3.018ms
[303.768s][info][gc] GC(5423) Pause Young (Allocation Failure) 253M->147M(391M) 3.146ms
[303.801s][info][gc] GC(5424) Pause Young (Allocation Failure) 255M->147M(391M) 2.993ms
[303.839s][info][gc] GC(5425) Pause Young (Allocation Failure) 255M->148M(391M) 2.817ms
[303.885s][info][gc] GC(5426) Pause Young (Allocation Failure) 256M->149M(391M) 3.306ms
[303.918s][info][gc] GC(5427) Pause Young (Allocation Failure) 257M->150M(391M) 3.274ms
[303.955s][info][gc] GC(5428) Pause Young (Allocation Failure) 258M->151M(391M) 3.102ms
[303.997s][info][gc] GC(5429) Pause Young (Allocation Failure) 259M->152M(391M) 3.231ms
[304.032s][info][gc] GC(5430) Pause Young (Allocation Failure) 260M->152M(391M) 2.884ms
[304.068s][info][gc] GC(5431) Pause Young (Allocation Failure) 260M->153M(391M) 2.841ms
[304.109s][info][gc] GC(5432) Pause Young (Allocation Failure) 261M->154M(391M) 3.285ms
[304.146s][info][gc] GC(5433) Pause Young (Allocation Failure) 262M->155M(391M) 2.907ms
[304.183s][info][gc] GC(5434) Pause Young (Allocation Failure) 263M->156M(391M) 3.297ms
[304.222s][info][gc] GC(5435) Pause Young (Allocation Failure) 264M->156M(391M) 2.794ms
[304.263s][info][gc] GC(5436) Pause Young (Allocation Failure) 264M->158M(391M) 3.379ms
[304.296s][info][gc] GC(5437) Pause Young (Allocation Failure) 266M->158M(391M) 3.211ms
[304.333s][info][gc] GC(5438) Pause Young (Allocation Failure) 266M->159M(391M) 2.844ms
[304.373s][info][gc] GC(5439) Pause Young (Allocation Failure) 267M->160M(391M) 3.157ms
[304.411s][info][gc] GC(5440) Pause Young (Allocation Failure) 268M->161M(391M) 3.113ms
[304.447s][info][gc] GC(5441) Pause Young (Allocation Failure) 269M->161M(391M) 2.637ms
[304.489s][info][gc] GC(5442) Pause Young (Allocation Failure) 269M->163M(391M) 3.300ms
[304.524s][info][gc] GC(5443) Pause Young (Allocation Failure) 271M->164M(391M) 3.309ms
[304.561s][info][gc] GC(5444) Pause Young (Allocation Failure) 272M->165M(391M) 3.144ms
[304.601s][info][gc] GC(5445) Pause Young (Allocation Failure) 273M->166M(391M) 2.905ms
[304.638s][info][gc] GC(5446) Pause Young (Allocation Failure) 274M->167M(391M) 3.152ms
[304.679s][info][gc] GC(5447) Pause Young (Allocation Failure) 275M->168M(391M) 3.619ms
[304.719s][info][gc] GC(5448) Pause Young (Allocation Failure) 276M->168M(391M) 3.000ms
[304.762s][info][gc] GC(5449) Pause Young (Allocation Failure) 276M->170M(391M) 3.363ms
[304.800s][info][gc] GC(5450) Pause Young (Allocation Failure) 278M->170M(391M) 3.257ms
[304.891s][info][gc] GC(5451) Pause Young (Allocation Failure) 278M->167M(391M) 1.478ms
[305.088s][info][gc] GC(5452) Pause Young (Allocation Failure) 275M->172M(391M) 3.560ms
[305.130s][info][gc] GC(5453) Pause Young (Allocation Failure) 281M->174M(391M) 4.166ms
[305.164s][info][gc] GC(5454) Pause Young (Allocation Failure) 282M->175M(391M) 3.554ms
[305.211s][info][gc] GC(5455) Pause Young (Allocation Failure) 283M->179M(391M) 3.138ms
[305.249s][info][gc] GC(5456) Pause Young (Allocation Failure) 287M->179M(391M) 3.241ms
[305.284s][info][gc] GC(5457) Pause Young (Allocation Failure) 287M->179M(391M) 3.163ms
[305.335s][info][gc] GC(5458) Pause Young (Allocation Failure) 287M->181M(391M) 3.469ms
[305.372s][info][gc] GC(5459) Pause Young (Allocation Failure) 289M->182M(391M) 3.222ms
[305.407s][info][gc] GC(5460) Pause Young (Allocation Failure) 290M->182M(391M) 2.539ms
[305.454s][info][gc] GC(5461) Pause Young (Allocation Failure) 290M->184M(391M) 3.241ms
[305.490s][info][gc] GC(5462) Pause Young (Allocation Failure) 292M->185M(391M) 3.583ms
[305.525s][info][gc] GC(5463) Pause Young (Allocation Failure) 293M->185M(391M) 3.136ms
[305.569s][info][gc] GC(5464) Pause Young (Allocation Failure) 293M->189M(391M) 3.036ms
[305.606s][info][gc] GC(5465) Pause Young (Allocation Failure) 297M->190M(391M) 3.174ms
[305.642s][info][gc] GC(5466) Pause Young (Allocation Failure) 298M->191M(391M) 3.218ms
[305.685s][info][gc] GC(5467) Pause Young (Allocation Failure) 299M->191M(391M) 3.321ms
[305.723s][info][gc] GC(5468) Pause Young (Allocation Failure) 299M->193M(391M) 3.252ms
[305.756s][info][gc] GC(5469) Pause Young (Allocation Failure) 301M->193M(391M) 3.155ms
[305.798s][info][gc] GC(5470) Pause Young (Allocation Failure) 301M->197M(391M) 2.958ms
[305.835s][info][gc] GC(5471) Pause Young (Allocation Failure) 305M->198M(391M) 3.318ms
[305.872s][info][gc] GC(5472) Pause Young (Allocation Failure) 306M->199M(391M) 3.523ms
[305.912s][info][gc] GC(5473) Pause Young (Allocation Failure) 307M->199M(391M) 3.077ms
[305.950s][info][gc] GC(5474) Pause Young (Allocation Failure) 307M->200M(391M) 2.915ms
[305.987s][info][gc] GC(5475) Pause Young (Allocation Failure) 308M->201M(391M) 3.368ms
[306.026s][info][gc] GC(5476) Pause Young (Allocation Failure) 309M->201M(391M) 2.936ms
[306.066s][info][gc] GC(5477) Pause Young (Allocation Failure) 309M->203M(391M) 3.191ms
[306.100s][info][gc] GC(5478) Pause Young (Allocation Failure) 311M->204M(391M) 3.257ms
[306.139s][info][gc] GC(5479) Pause Young (Allocation Failure) 312M->204M(391M) 2.933ms
[306.180s][info][gc] GC(5480) Pause Young (Allocation Failure) 312M->206M(391M) 3.145ms
[306.215s][info][gc] GC(5481) Pause Young (Allocation Failure) 314M->206M(391M) 3.055ms
[306.252s][info][gc] GC(5482) Pause Young (Allocation Failure) 314M->206M(391M) 2.806ms
[306.294s][info][gc] GC(5483) Pause Young (Allocation Failure) 315M->208M(391M) 3.378ms
[306.330s][info][gc] GC(5484) Pause Young (Allocation Failure) 316M->209M(391M) 3.404ms
[306.368s][info][gc] GC(5485) Pause Young (Allocation Failure) 317M->209M(391M) 2.949ms
[306.408s][info][gc] GC(5486) Pause Young (Allocation Failure) 317M->210M(391M) 2.932ms
[306.444s][info][gc] GC(5487) Pause Young (Allocation Failure) 318M->212M(391M) 3.376ms
[306.481s][info][gc] GC(5488) Pause Young (Allocation Failure) 320M->212M(391M) 2.992ms
[306.522s][info][gc] GC(5489) Pause Young (Allocation Failure) 320M->213M(391M) 2.883ms
[306.558s][info][gc] GC(5490) Pause Young (Allocation Failure) 321M->214M(391M) 3.230ms
[306.595s][info][gc] GC(5491) Pause Young (Allocation Failure) 322M->214M(391M) 3.321ms
[306.637s][info][gc] GC(5492) Pause Young (Allocation Failure) 322M->216M(391M) 3.073ms
[306.670s][info][gc] GC(5493) Pause Young (Allocation Failure) 324M->217M(391M) 3.249ms
[306.707s][info][gc] GC(5494) Pause Young (Allocation Failure) 325M->217M(391M) 3.006ms
[306.762s][info][gc] GC(5495) Pause Young (Allocation Failure) 325M->215M(391M) 1.919ms
[306.980s][info][gc] GC(5496) Pause Young (Allocation Failure) 323M->220M(391M) 3.504ms
[307.015s][info][gc] GC(5497) Pause Young (Allocation Failure) 329M->221M(391M) 3.781ms
[307.049s][info][gc] GC(5498) Pause Young (Allocation Failure) 330M->221M(391M) 3.215ms
[307.094s][info][gc] GC(5499) Pause Young (Allocation Failure) 329M->226M(391M) 2.909ms
[307.129s][info][gc] GC(5500) Pause Young (Allocation Failure) 334M->227M(391M) 3.130ms
[307.165s][info][gc] GC(5501) Pause Young (Allocation Failure) 335M->228M(391M) 3.191ms
[307.209s][info][gc] GC(5502) Pause Young (Allocation Failure) 336M->229M(391M) 3.305ms
[307.243s][info][gc] GC(5503) Pause Young (Allocation Failure) 337M->230M(391M) 3.298ms
[307.277s][info][gc] GC(5504) Pause Young (Allocation Failure) 338M->229M(391M) 2.938ms
[307.317s][info][gc] GC(5505) Pause Young (Allocation Failure) 338M->233M(391M) 2.765ms
[307.354s][info][gc] GC(5506) Pause Young (Allocation Failure) 341M->235M(391M) 3.076ms
[307.388s][info][gc] GC(5507) Pause Young (Allocation Failure) 343M->235M(391M) 3.262ms
[307.432s][info][gc] GC(5508) Pause Young (Allocation Failure) 343M->235M(391M) 2.967ms
[307.468s][info][gc] GC(5509) Pause Young (Allocation Failure) 343M->237M(391M) 3.160ms
[307.503s][info][gc] GC(5510) Pause Young (Allocation Failure) 345M->237M(391M) 3.249ms
[307.538s][info][gc] GC(5511) Pause Young (Allocation Failure) 346M->237M(391M) 2.452ms
[307.579s][info][gc] GC(5512) Pause Young (Allocation Failure) 345M->239M(391M) 3.263ms
[307.615s][info][gc] GC(5513) Pause Young (Allocation Failure) 347M->240M(391M) 3.496ms
[307.651s][info][gc] GC(5514) Pause Young (Allocation Failure) 348M->240M(391M) 2.615ms
[307.694s][info][gc] GC(5515) Pause Young (Allocation Failure) 348M->242M(391M) 3.294ms
[307.730s][info][gc] GC(5516) Pause Young (Allocation Failure) 350M->243M(391M) 3.506ms
[307.766s][info][gc] GC(5517) Pause Young (Allocation Failure) 351M->243M(391M) 2.880ms
[307.808s][info][gc] GC(5518) Pause Young (Allocation Failure) 351M->245M(391M) 3.116ms
[307.842s][info][gc] GC(5519) Pause Young (Allocation Failure) 353M->246M(391M) 3.337ms
[307.879s][info][gc] GC(5520) Pause Young (Allocation Failure) 354M->245M(391M) 2.518ms
[307.923s][info][gc] GC(5521) Pause Young (Allocation Failure) 353M->248M(391M) 3.313ms
[307.959s][info][gc] GC(5522) Pause Young (Allocation Failure) 356M->248M(391M) 3.404ms
[307.994s][info][gc] GC(5523) Pause Young (Allocation Failure) 357M->248M(391M) 2.674ms
[308.036s][info][gc] GC(5524) Pause Young (Allocation Failure) 356M->250M(391M) 3.074ms
[308.071s][info][gc] GC(5525) Pause Young (Allocation Failure) 358M->251M(391M) 3.240ms
[308.105s][info][gc] GC(5526) Pause Young (Allocation Failure) 359M->251M(391M) 2.781ms
[308.150s][info][gc] GC(5527) Pause Young (Allocation Failure) 359M->253M(391M) 3.195ms
[308.185s][info][gc] GC(5528) Pause Young (Allocation Failure) 361M->254M(391M) 3.313ms
[308.218s][info][gc] GC(5529) Pause Young (Allocation Failure) 362M->254M(391M) 2.862ms
[308.260s][info][gc] GC(5530) Pause Young (Allocation Failure) 362M->255M(391M) 2.956ms
[308.295s][info][gc] GC(5531) Pause Young (Allocation Failure) 363M->256M(391M) 3.119ms
[308.331s][info][gc] GC(5532) Pause Young (Allocation Failure) 364M->256M(391M) 2.992ms
[308.376s][info][gc] GC(5533) Pause Young (Allocation Failure) 364M->259M(391M) 3.171ms
[308.410s][info][gc] GC(5534) Pause Young (Allocation Failure) 367M->259M(391M) 3.300ms
[308.444s][info][gc] GC(5535) Pause Young (Allocation Failure) 367M->260M(391M) 3.157ms
[308.487s][info][gc] GC(5536) Pause Young (Allocation Failure) 368M->260M(391M) 2.848ms
[308.527s][info][gc] GC(5537) Pause Young (Allocation Failure) 368M->262M(391M) 3.471ms
[308.559s][info][gc] GC(5538) Pause Young (Allocation Failure) 370M->263M(391M) 3.249ms
[308.618s][info][gc] GC(5539) Pause Young (Allocation Failure) 371M->260M(391M) 1.997ms
[308.853s][info][gc] GC(5540) Pause Young (Allocation Failure) 369M->269M(391M) 4.639ms
[308.889s][info][gc] GC(5541) Pause Young (Allocation Failure) 377M->271M(391M) 5.171ms
[308.923s][info][gc] GC(5542) Pause Young (Allocation Failure) 379M->272M(391M) 1.865ms
[308.953s][info][gc] GC(5543) Pause Young (Allocation Failure) 380M->273M(391M) 2.121ms
[308.998s][info][gc] GC(5544) Pause Young (Allocation Failure) 381M->277M(391M) 3.529ms
[309.031s][info][gc] GC(5545) Pause Young (Allocation Failure) 385M->279M(392M) 3.976ms
[309.065s][info][gc] GC(5546) Pause Full (Allocation Failure) 279M->49M(278M) 33.353ms
[309.089s][info][gc] GC(5547) Pause Young (Allocation Failure) 126M->51M(278M) 1.234ms
[309.112s][info][gc] GC(5548) Pause Young (Allocation Failure) 128M->52M(278M) 1.448ms
[309.132s][info][gc] GC(5549) Pause Young (Allocation Failure) 129M->52M(278M) 1.582ms
[309.173s][info][gc] GC(5550) Pause Young (Allocation Failure) 129M->57M(278M) 3.210ms
[309.196s][info][gc] GC(5551) Pause Young (Allocation Failure) 134M->58M(278M) 3.400ms
[309.219s][info][gc] GC(5552) Pause Young (Allocation Failure) 135M->59M(278M) 1.462ms
[309.242s][info][gc] GC(5553) Pause Young (Allocation Failure) 136M->60M(278M) 1.705ms
[309.265s][info][gc] GC(5554) Pause Young (Allocation Failure) 137M->60M(278M) 1.913ms
[309.292s][info][gc] GC(5555) Pause Young (Allocation Failure) 137M->62M(278M) 2.323ms
[309.330s][info][gc] GC(5556) Pause Young (Allocation Failure) 139M->66M(278M) 3.895ms
[309.352s][info][gc] GC(5557) Pause Young (Allocation Failure) 143M->66M(278M) 3.314ms
[309.376s][info][gc] GC(5558) Pause Young (Allocation Failure) 143M->66M(278M) 2.225ms
[309.399s][info][gc] GC(5559) Pause Young (Allocation Failure) 143M->68M(278M) 1.808ms
[309.420s][info][gc] GC(5560) Pause Young (Allocation Failure) 145M->68M(278M) 1.930ms
[309.458s][info][gc] GC(5561) Pause Young (Allocation Failure) 145M->72M(278M) 3.392ms
[309.481s][info][gc] GC(5562) Pause Young (Allocation Failure) 149M->73M(278M) 3.553ms
[309.507s][info][gc] GC(5563) Pause Young (Allocation Failure) 150M->75M(278M) 1.439ms
[309.531s][info][gc] GC(5564) Pause Young (Allocation Failure) 152M->76M(278M) 1.699ms
[309.554s][info][gc] GC(5565) Pause Young (Allocation Failure) 153M->77M(278M) 2.097ms
[309.586s][info][gc] GC(5566) Pause Young (Allocation Failure) 154M->79M(278M) 2.771ms
[309.616s][info][gc] GC(5567) Pause Young (Allocation Failure) 156M->81M(278M) 3.461ms
[309.640s][info][gc] GC(5568) Pause Young (Allocation Failure) 158M->82M(278M) 2.787ms
[309.663s][info][gc] GC(5569) Pause Young (Allocation Failure) 159M->82M(278M) 1.781ms
[309.683s][info][gc] GC(5570) Pause Young (Allocation Failure) 159M->82M(278M) 1.790ms
[309.714s][info][gc] GC(5571) Pause Young (Allocation Failure) 159M->85M(278M) 2.563ms
[309.745s][info][gc] GC(5572) Pause Young (Allocation Failure) 162M->88M(278M) 3.446ms
[309.773s][info][gc] GC(5573) Pause Young (Allocation Failure) 165M->88M(278M) 4.771ms
[309.807s][info][gc] GC(5574) Pause Young (Allocation Failure) 165M->89M(278M) 2.310ms
[309.831s][info][gc] GC(5575) Pause Young (Allocation Failure) 166M->89M(278M) 2.276ms
[309.857s][info][gc] GC(5576) Pause Young (Allocation Failure) 166M->90M(278M) 1.982ms
[309.902s][info][gc] GC(5577) Pause Young (Allocation Failure) 167M->95M(278M) 4.076ms
[309.934s][info][gc] GC(5578) Pause Young (Allocation Failure) 172M->95M(278M) 4.033ms
[309.960s][info][gc] GC(5579) Pause Young (Allocation Failure) 172M->96M(278M) 1.511ms
[309.989s][info][gc] GC(5580) Pause Young (Allocation Failure) 173M->97M(278M) 1.719ms
[310.017s][info][gc] GC(5581) Pause Young (Allocation Failure) 174M->98M(278M) 1.866ms
[310.062s][info][gc] GC(5582) Pause Young (Allocation Failure) 175M->101M(278M) 3.153ms
[310.095s][info][gc] GC(5583) Pause Young (Allocation Failure) 178M->103M(278M) 4.149ms
[310.120s][info][gc] GC(5584) Pause Young (Allocation Failure) 180M->104M(278M) 1.766ms
[310.145s][info][gc] GC(5585) Pause Young (Allocation Failure) 181M->105M(278M) 1.900ms
[310.171s][info][gc] GC(5586) Pause Young (Allocation Failure) 182M->105M(278M) 2.119ms
[310.202s][info][gc] GC(5587) Pause Young (Allocation Failure) 182M->107M(278M) 2.737ms
[310.239s][info][gc] GC(5588) Pause Young (Allocation Failure) 184M->110M(278M) 4.002ms
[310.268s][info][gc] GC(5589) Pause Young (Allocation Failure) 187M->111M(278M) 3.728ms
[310.296s][info][gc] GC(5590) Pause Young (Allocation Failure) 188M->111M(278M) 2.155ms
[310.322s][info][gc] GC(5591) Pause Young (Allocation Failure) 188M->112M(278M) 2.390ms
[310.347s][info][gc] GC(5592) Pause Young (Allocation Failure) 189M->113M(278M) 2.003ms
[310.384s][info][gc] GC(5593) Pause Young (Allocation Failure) 190M->117M(278M) 3.429ms
[310.412s][info][gc] GC(5594) Pause Young (Allocation Failure) 194M->118M(278M) 4.045ms
[310.435s][info][gc] GC(5595) Pause Young (Allocation Failure) 195M->119M(278M) 1.471ms
[310.459s][info][gc] GC(5596) Pause Young (Allocation Failure) 196M->120M(278M) 1.770ms
[310.484s][info][gc] GC(5597) Pause Young (Allocation Failure) 197M->121M(278M) 1.930ms
[310.514s][info][gc] GC(5598) Pause Young (Allocation Failure) 198M->123M(278M) 2.827ms
[310.542s][info][gc] GC(5599) Pause Young (Allocation Failure) 200M->125M(278M) 3.171ms
[310.571s][info][gc] GC(5600) Pause Young (Allocation Failure) 202M->126M(278M) 2.797ms
[310.593s][info][gc] GC(5601) Pause Young (Allocation Failure) 203M->127M(278M) 2.146ms
[310.616s][info][gc] GC(5602) Pause Young (Allocation Failure) 204M->128M(278M) 2.329ms
[310.643s][info][gc] GC(5603) Pause Young (Allocation Failure) 205M->129M(278M) 2.219ms
[310.672s][info][gc] GC(5604) Pause Young (Allocation Failure) 206M->132M(278M) 3.196ms
[310.700s][info][gc] GC(5605) Pause Young (Allocation Failure) 209M->133M(278M) 3.346ms
[310.723s][info][gc] GC(5606) Pause Young (Allocation Failure) 210M->134M(278M) 2.528ms
[310.748s][info][gc] GC(5607) Pause Young (Allocation Failure) 211M->135M(278M) 1.908ms
[310.771s][info][gc] GC(5608) Pause Young (Allocation Failure) 212M->135M(278M) 2.024ms
[310.803s][info][gc] GC(5609) Pause Young (Allocation Failure) 212M->138M(278M) 3.034ms
[310.830s][info][gc] GC(5610) Pause Young (Allocation Failure) 215M->140M(278M) 3.382ms
[310.853s][info][gc] GC(5611) Pause Young (Allocation Failure) 217M->141M(278M) 2.788ms
[310.878s][info][gc] GC(5612) Pause Young (Allocation Failure) 218M->141M(278M) 1.698ms
[310.900s][info][gc] GC(5613) Pause Young (Allocation Failure) 218M->142M(278M) 1.856ms
[310.927s][info][gc] GC(5614) Pause Young (Allocation Failure) 219M->144M(278M) 2.559ms
[310.959s][info][gc] GC(5615) Pause Young (Allocation Failure) 221M->147M(278M) 3.623ms
[310.989s][info][gc] GC(5616) Pause Young (Allocation Failure) 224M->148M(278M) 3.374ms
[311.011s][info][gc] GC(5617) Pause Young (Allocation Failure) 225M->149M(278M) 2.464ms
[311.032s][info][gc] GC(5618) Pause Young (Allocation Failure) 226M->149M(278M) 1.644ms
[311.057s][info][gc] GC(5619) Pause Young (Allocation Failure) 226M->150M(278M) 1.946ms
[311.089s][info][gc] GC(5620) Pause Young (Allocation Failure) 227M->154M(278M) 3.074ms
[311.117s][info][gc] GC(5621) Pause Young (Allocation Failure) 231M->155M(278M) 3.678ms
[311.143s][info][gc] GC(5622) Pause Young (Allocation Failure) 232M->156M(278M) 2.693ms
[311.164s][info][gc] GC(5623) Pause Young (Allocation Failure) 233M->156M(278M) 1.880ms
[311.188s][info][gc] GC(5624) Pause Young (Allocation Failure) 233M->157M(278M) 2.220ms
[311.220s][info][gc] GC(5625) Pause Young (Allocation Failure) 234M->159M(278M) 2.902ms
[311.249s][info][gc] GC(5626) Pause Young (Allocation Failure) 236M->162M(278M) 3.509ms
[311.272s][info][gc] GC(5627) Pause Young (Allocation Failure) 239M->162M(278M) 2.876ms
[311.295s][info][gc] GC(5628) Pause Young (Allocation Failure) 239M->163M(278M) 1.996ms
[311.319s][info][gc] GC(5629) Pause Young (Allocation Failure) 240M->163M(278M) 1.991ms
[311.345s][info][gc] GC(5630) Pause Young (Allocation Failure) 240M->165M(278M) 2.791ms
[311.379s][info][gc] GC(5631) Pause Young (Allocation Failure) 242M->168M(278M) 3.247ms
[311.405s][info][gc] GC(5632) Pause Young (Allocation Failure) 245M->170M(278M) 3.324ms
[311.428s][info][gc] GC(5633) Pause Young (Allocation Failure) 247M->170M(278M) 2.585ms
[311.452s][info][gc] GC(5634) Pause Young (Allocation Failure) 247M->171M(278M) 1.836ms
[311.477s][info][gc] GC(5635) Pause Young (Allocation Failure) 248M->172M(278M) 2.252ms
[311.504s][info][gc] GC(5636) Pause Young (Allocation Failure) 249M->174M(278M) 2.593ms
[311.536s][info][gc] GC(5637) Pause Young (Allocation Failure) 251M->177M(278M) 3.483ms
[311.561s][info][gc] GC(5638) Pause Young (Allocation Failure) 254M->177M(278M) 3.145ms
[311.586s][info][gc] GC(5639) Pause Young (Allocation Failure) 254M->177M(278M) 1.830ms
[311.611s][info][gc] GC(5640) Pause Young (Allocation Failure) 254M->178M(278M) 2.480ms
[311.638s][info][gc] GC(5641) Pause Young (Allocation Failure) 255M->180M(278M) 3.108ms
[311.672s][info][gc] GC(5642) Pause Young (Allocation Failure) 257M->183M(278M) 3.422ms
[311.695s][info][gc] GC(5643) Pause Young (Allocation Failure) 260M->184M(278M) 3.251ms
[311.720s][info][gc] GC(5644) Pause Young (Allocation Failure) 261M->184M(278M) 2.396ms
[311.742s][info][gc] GC(5645) Pause Young (Allocation Failure) 261M->186M(278M) 1.751ms
[311.767s][info][gc] GC(5646) Pause Young (Allocation Failure) 263M->188M(278M) 2.289ms
[311.796s][info][gc] GC(5647) Pause Young (Allocation Failure) 265M->190M(278M) 2.980ms
[311.823s][info][gc] GC(5648) Pause Young (Allocation Failure) 267M->191M(278M) 3.213ms
[311.849s][info][gc] GC(5649) Pause Young (Allocation Failure) 268M->193M(278M) 2.645ms
[311.872s][info][gc] GC(5650) Pause Young (Allocation Failure) 270M->193M(278M) 2.096ms
[311.895s][info][gc] GC(5651) Pause Young (Allocation Failure) 270M->194M(278M) 2.223ms
[311.925s][info][gc] GC(5652) Pause Young (Allocation Failure) 271M->196M(278M) 2.619ms
[311.952s][info][gc] GC(5653) Pause Young (Allocation Failure) 273M->198M(279M) 3.354ms
[312.007s][info][gc] GC(5654) Pause Full (Allocation Failure) 198M->100M(278M) 54.224ms
[312.032s][info][gc] GC(5655) Pause Young (Allocation Failure) 177M->102M(278M) 1.287ms
[312.055s][info][gc] GC(5656) Pause Young (Allocation Failure) 179M->104M(278M) 1.658ms
[312.077s][info][gc] GC(5657) Pause Young (Allocation Failure) 181M->105M(278M) 1.853ms
[312.103s][info][gc] GC(5658) Pause Young (Allocation Failure) 182M->106M(278M) 2.294ms
[312.132s][info][gc] GC(5659) Pause Young (Allocation Failure) 183M->108M(278M) 3.069ms
[312.158s][info][gc] GC(5660) Pause Young (Allocation Failure) 185M->109M(278M) 2.849ms
[312.183s][info][gc] GC(5661) Pause Young (Allocation Failure) 186M->110M(278M) 2.348ms
[312.207s][info][gc] GC(5662) Pause Young (Allocation Failure) 187M->112M(278M) 2.080ms
[312.231s][info][gc] GC(5663) Pause Young (Allocation Failure) 189M->112M(278M) 2.388ms
[312.259s][info][gc] GC(5664) Pause Young (Allocation Failure) 189M->114M(278M) 2.425ms
[312.289s][info][gc] GC(5665) Pause Young (Allocation Failure) 191M->117M(278M) 3.313ms
[312.316s][info][gc] GC(5666) Pause Young (Allocation Failure) 194M->117M(278M) 3.080ms
[312.340s][info][gc] GC(5667) Pause Young (Allocation Failure) 194M->118M(278M) 2.188ms
[312.363s][info][gc] GC(5668) Pause Young (Allocation Failure) 195M->119M(278M) 2.361ms
[312.391s][info][gc] GC(5669) Pause Young (Allocation Failure) 196M->121M(278M) 2.445ms
[312.420s][info][gc] GC(5670) Pause Young (Allocation Failure) 198M->123M(278M) 3.205ms
[312.446s][info][gc] GC(5671) Pause Young (Allocation Failure) 200M->124M(278M) 2.921ms
[312.471s][info][gc] GC(5672) Pause Young (Allocation Failure) 201M->125M(278M) 2.394ms
[312.495s][info][gc] GC(5673) Pause Young (Allocation Failure) 202M->126M(278M) 2.042ms
[312.521s][info][gc] GC(5674) Pause Young (Allocation Failure) 203M->127M(278M) 2.548ms
[312.549s][info][gc] GC(5675) Pause Young (Allocation Failure) 204M->128M(278M) 2.622ms
[312.575s][info][gc] GC(5676) Pause Young (Allocation Failure) 205M->130M(278M) 2.701ms
[312.600s][info][gc] GC(5677) Pause Young (Allocation Failure) 207M->131M(278M) 2.658ms
[312.629s][info][gc] GC(5678) Pause Young (Allocation Failure) 208M->133M(278M) 3.027ms
[312.651s][info][gc] GC(5679) Pause Young (Allocation Failure) 210M->133M(278M) 2.377ms
[312.678s][info][gc] GC(5680) Pause Young (Allocation Failure) 210M->134M(278M) 2.404ms
[312.705s][info][gc] GC(5681) Pause Young (Allocation Failure) 211M->137M(278M) 3.091ms
[312.733s][info][gc] GC(5682) Pause Young (Allocation Failure) 214M->138M(278M) 3.095ms
[312.759s][info][gc] GC(5683) Pause Young (Allocation Failure) 215M->139M(278M) 2.355ms
[312.781s][info][gc] GC(5684) Pause Young (Allocation Failure) 216M->140M(278M) 2.588ms
[312.806s][info][gc] GC(5685) Pause Young (Allocation Failure) 217M->141M(278M) 2.380ms
[312.839s][info][gc] GC(5686) Pause Young (Allocation Failure) 218M->144M(278M) 3.024ms
[312.864s][info][gc] GC(5687) Pause Young (Allocation Failure) 221M->145M(278M) 3.380ms
[312.889s][info][gc] GC(5688) Pause Young (Allocation Failure) 222M->146M(278M) 2.571ms
[312.914s][info][gc] GC(5689) Pause Young (Allocation Failure) 223M->147M(278M) 2.031ms
[312.938s][info][gc] GC(5690) Pause Young (Allocation Failure) 224M->149M(278M) 2.379ms
[312.967s][info][gc] GC(5691) Pause Young (Allocation Failure) 226M->150M(278M) 2.865ms
[312.994s][info][gc] GC(5692) Pause Young (Allocation Failure) 227M->152M(278M) 2.885ms
[313.018s][info][gc] GC(5693) Pause Young (Allocation Failure) 229M->153M(278M) 3.006ms
[313.044s][info][gc] GC(5694) Pause Young (Allocation Failure) 230M->154M(278M) 2.213ms
[313.068s][info][gc] GC(5695) Pause Young (Allocation Failure) 231M->155M(278M) 2.457ms
[313.096s][info][gc] GC(5696) Pause Young (Allocation Failure) 232M->157M(278M) 2.522ms
[313.124s][info][gc] GC(5697) Pause Young (Allocation Failure) 234M->159M(278M) 3.004ms
[313.152s][info][gc] GC(5698) Pause Young (Allocation Failure) 236M->160M(278M) 2.931ms
[313.178s][info][gc] GC(5699) Pause Young (Allocation Failure) 237M->161M(278M) 2.243ms
[313.200s][info][gc] GC(5700) Pause Young (Allocation Failure) 238M->162M(278M) 2.489ms
[313.224s][info][gc] GC(5701) Pause Young (Allocation Failure) 239M->163M(278M) 2.268ms
[313.256s][info][gc] GC(5702) Pause Young (Allocation Failure) 240M->165M(278M) 3.163ms
[313.281s][info][gc] GC(5703) Pause Young (Allocation Failure) 242M->166M(278M) 3.243ms
[313.311s][info][gc] GC(5704) Pause Young (Allocation Failure) 243M->168M(278M) 2.612ms
[313.333s][info][gc] GC(5705) Pause Young (Allocation Failure) 245M->169M(278M) 2.152ms
[313.359s][info][gc] GC(5706) Pause Young (Allocation Failure) 246M->170M(278M) 2.612ms
[313.388s][info][gc] GC(5707) Pause Young (Allocation Failure) 247M->172M(278M) 2.697ms
[313.412s][info][gc] GC(5708) Pause Young (Allocation Failure) 249M->173M(278M) 2.709ms
[313.437s][info][gc] GC(5709) Pause Young (Allocation Failure) 250M->174M(278M) 2.276ms
[313.465s][info][gc] GC(5710) Pause Young (Allocation Failure) 251M->176M(278M) 2.767ms
[313.488s][info][gc] GC(5711) Pause Young (Allocation Failure) 253M->176M(278M) 2.309ms
[313.516s][info][gc] GC(5712) Pause Young (Allocation Failure) 253M->178M(278M) 2.670ms
[313.542s][info][gc] GC(5713) Pause Young (Allocation Failure) 255M->180M(278M) 2.908ms
[313.570s][info][gc] GC(5714) Pause Young (Allocation Failure) 257M->182M(278M) 3.101ms
[313.592s][info][gc] GC(5715) Pause Young (Allocation Failure) 259M->182M(278M) 2.223ms
[313.619s][info][gc] GC(5716) Pause Young (Allocation Failure) 259M->183M(278M) 2.020ms
[313.644s][info][gc] GC(5717) Pause Young (Allocation Failure) 260M->185M(278M) 2.477ms
[313.672s][info][gc] GC(5718) Pause Young (Allocation Failure) 262M->186M(278M) 2.679ms
[313.702s][info][gc] GC(5719) Pause Young (Allocation Failure) 263M->189M(278M) 3.050ms
[313.726s][info][gc] GC(5720) Pause Young (Allocation Failure) 266M->189M(278M) 2.912ms
[313.752s][info][gc] GC(5721) Pause Young (Allocation Failure) 266M->190M(278M) 2.130ms
[313.778s][info][gc] GC(5722) Pause Young (Allocation Failure) 267M->191M(278M) 2.719ms
[313.808s][info][gc] GC(5723) Pause Young (Allocation Failure) 268M->193M(278M) 2.949ms
[313.835s][info][gc] GC(5724) Pause Young (Allocation Failure) 270M->194M(278M) 2.988ms
[313.872s][info][gc] GC(5725) Pause Young (Allocation Failure) 271M->196M(278M) 2.712ms
[313.897s][info][gc] GC(5726) Pause Young (Allocation Failure) 273M->196M(279M) 2.820ms
[313.981s][info][gc] GC(5727) Pause Full (Allocation Failure) 196M->139M(336M) 83.834ms
[314.013s][info][gc] GC(5728) Pause Young (Allocation Failure) 231M->142M(336M) 1.834ms
[314.048s][info][gc] GC(5729) Pause Young (Allocation Failure) 234M->144M(336M) 2.645ms
[314.086s][info][gc] GC(5730) Pause Young (Allocation Failure) 237M->146M(336M) 3.498ms
[314.120s][info][gc] GC(5731) Pause Young (Allocation Failure) 238M->147M(336M) 3.409ms
[314.156s][info][gc] GC(5732) Pause Young (Allocation Failure) 240M->148M(336M) 3.298ms
[314.187s][info][gc] GC(5733) Pause Young (Allocation Failure) 241M->149M(336M) 3.077ms
[314.222s][info][gc] GC(5734) Pause Young (Allocation Failure) 242M->152M(336M) 3.184ms
[314.254s][info][gc] GC(5735) Pause Young (Allocation Failure) 245M->153M(336M) 3.172ms
[314.288s][info][gc] GC(5736) Pause Young (Allocation Failure) 246M->155M(336M) 3.312ms
[314.319s][info][gc] GC(5737) Pause Young (Allocation Failure) 248M->156M(336M) 3.236ms
[314.350s][info][gc] GC(5738) Pause Young (Allocation Failure) 249M->158M(336M) 3.151ms
[314.386s][info][gc] GC(5739) Pause Young (Allocation Failure) 250M->159M(336M) 3.364ms
[314.417s][info][gc] GC(5740) Pause Young (Allocation Failure) 252M->161M(336M) 3.002ms
[314.446s][info][gc] GC(5741) Pause Young (Allocation Failure) 253M->162M(336M) 2.933ms
[314.477s][info][gc] GC(5742) Pause Young (Allocation Failure) 255M->163M(336M) 3.106ms
[314.510s][info][gc] GC(5743) Pause Young (Allocation Failure) 256M->165M(336M) 3.278ms
[314.543s][info][gc] GC(5744) Pause Young (Allocation Failure) 258M->167M(336M) 3.102ms
[314.575s][info][gc] GC(5745) Pause Young (Allocation Failure) 259M->168M(336M) 3.238ms
[314.609s][info][gc] GC(5746) Pause Young (Allocation Failure) 261M->170M(336M) 3.424ms
[314.637s][info][gc] GC(5747) Pause Young (Allocation Failure) 263M->170M(336M) 2.608ms
[314.669s][info][gc] GC(5748) Pause Young (Allocation Failure) 263M->173M(336M) 3.185ms
[314.700s][info][gc] GC(5749) Pause Young (Allocation Failure) 266M->174M(336M) 3.070ms
[314.731s][info][gc] GC(5750) Pause Young (Allocation Failure) 267M->176M(336M) 3.031ms
[314.762s][info][gc] GC(5751) Pause Young (Allocation Failure) 269M->177M(336M) 3.039ms
[314.797s][info][gc] GC(5752) Pause Young (Allocation Failure) 270M->179M(336M) 3.236ms
[314.832s][info][gc] GC(5753) Pause Young (Allocation Failure) 272M->180M(336M) 3.407ms
[314.871s][info][gc] GC(5754) Pause Young (Allocation Failure) 273M->182M(336M) 3.679ms
[314.900s][info][gc] GC(5755) Pause Young (Allocation Failure) 275M->183M(336M) 3.168ms
[314.936s][info][gc] GC(5756) Pause Young (Allocation Failure) 276M->185M(336M) 3.120ms
[314.966s][info][gc] GC(5757) Pause Young (Allocation Failure) 278M->186M(336M) 3.048ms
[315.005s][info][gc] GC(5758) Pause Young (Allocation Failure) 279M->188M(336M) 3.340ms
[315.038s][info][gc] GC(5759) Pause Young (Allocation Failure) 281M->189M(336M) 3.295ms
[315.069s][info][gc] GC(5760) Pause Young (Allocation Failure) 282M->190M(336M) 3.067ms
[315.105s][info][gc] GC(5761) Pause Young (Allocation Failure) 283M->192M(336M) 3.246ms
[315.139s][info][gc] GC(5762) Pause Young (Allocation Failure) 285M->194M(336M) 2.904ms
[315.172s][info][gc] GC(5763) Pause Young (Allocation Failure) 287M->195M(336M) 3.217ms
[315.204s][info][gc] GC(5764) Pause Young (Allocation Failure) 288M->196M(336M) 3.047ms
[315.241s][info][gc] GC(5765) Pause Young (Allocation Failure) 289M->199M(336M) 3.326ms
[315.269s][info][gc] GC(5766) Pause Young (Allocation Failure) 291M->199M(336M) 3.002ms
[315.308s][info][gc] GC(5767) Pause Young (Allocation Failure) 292M->202M(336M) 3.313ms
[315.341s][info][gc] GC(5768) Pause Young (Allocation Failure) 295M->203M(336M) 3.773ms
[315.370s][info][gc] GC(5769) Pause Young (Allocation Failure) 296M->203M(336M) 2.961ms
[315.407s][info][gc] GC(5770) Pause Young (Allocation Failure) 296M->206M(336M) 3.337ms
[315.441s][info][gc] GC(5771) Pause Young (Allocation Failure) 298M->208M(336M) 3.544ms
[315.474s][info][gc] GC(5772) Pause Young (Allocation Failure) 301M->209M(336M) 3.473ms
[315.507s][info][gc] GC(5773) Pause Young (Allocation Failure) 302M->210M(336M) 3.404ms
[315.537s][info][gc] GC(5774) Pause Young (Allocation Failure) 303M->211M(336M) 3.324ms
[315.570s][info][gc] GC(5775) Pause Young (Allocation Failure) 304M->213M(336M) 3.085ms
[315.606s][info][gc] GC(5776) Pause Young (Allocation Failure) 306M->215M(336M) 3.780ms
[315.637s][info][gc] GC(5777) Pause Young (Allocation Failure) 308M->216M(336M) 3.371ms
[315.668s][info][gc] GC(5778) Pause Young (Allocation Failure) 309M->218M(336M) 3.287ms
[315.701s][info][gc] GC(5779) Pause Young (Allocation Failure) 310M->219M(336M) 3.278ms
[315.739s][info][gc] GC(5780) Pause Young (Allocation Failure) 312M->222M(336M) 3.615ms
[315.768s][info][gc] GC(5781) Pause Young (Allocation Failure) 315M->223M(336M) 3.453ms
[315.799s][info][gc] GC(5782) Pause Young (Allocation Failure) 315M->224M(336M) 2.634ms
[315.829s][info][gc] GC(5783) Pause Young (Allocation Failure) 317M->225M(336M) 3.123ms
[315.866s][info][gc] GC(5784) Pause Young (Allocation Failure) 318M->227M(336M) 2.944ms
[315.901s][info][gc] GC(5785) Pause Young (Allocation Failure) 320M->230M(336M) 3.967ms
[315.932s][info][gc] GC(5786) Pause Young (Allocation Failure) 322M->230M(336M) 3.626ms
[315.963s][info][gc] GC(5787) Pause Young (Allocation Failure) 323M->232M(336M) 2.446ms
[315.996s][info][gc] GC(5788) Pause Young (Allocation Failure) 325M->233M(336M) 3.171ms
[316.034s][info][gc] GC(5789) Pause Young (Allocation Failure) 326M->237M(336M) 3.934ms
[316.063s][info][gc] GC(5790) Pause Young (Allocation Failure) 330M->237M(336M) 3.573ms
[316.163s][info][gc] GC(5791) Pause Full (Allocation Failure) 237M->195M(471M) 100.665ms
[316.210s][info][gc] GC(5792) Pause Young (Allocation Failure) 325M->199M(471M) 2.370ms
[316.253s][info][gc] GC(5793) Pause Young (Allocation Failure) 329M->200M(471M) 2.974ms
[316.300s][info][gc] GC(5794) Pause Young (Allocation Failure) 331M->201M(471M) 2.870ms
[316.413s][info][gc] GC(5795) Pause Young (Allocation Failure) 331M->199M(471M) 1.996ms
[316.529s][info][gc] GC(5796) Pause Young (Allocation Failure) 329M->206M(471M) 4.494ms
[316.581s][info][gc] GC(5797) Pause Young (Allocation Failure) 336M->208M(471M) 5.447ms
[316.636s][info][gc] GC(5798) Pause Young (Allocation Failure) 338M->209M(471M) 4.354ms
[316.685s][info][gc] GC(5799) Pause Young (Allocation Failure) 339M->210M(471M) 3.321ms
[316.737s][info][gc] GC(5800) Pause Young (Allocation Failure) 341M->211M(471M) 3.843ms
[316.788s][info][gc] GC(5801) Pause Young (Allocation Failure) 341M->212M(471M) 3.154ms
[316.839s][info][gc] GC(5802) Pause Young (Allocation Failure) 342M->213M(471M) 3.447ms
[316.893s][info][gc] GC(5803) Pause Young (Allocation Failure) 343M->214M(471M) 4.063ms
[316.940s][info][gc] GC(5804) Pause Young (Allocation Failure) 345M->215M(471M) 3.921ms
[316.995s][info][gc] GC(5805) Pause Young (Allocation Failure) 346M->216M(471M) 3.725ms
[317.045s][info][gc] GC(5806) Pause Young (Allocation Failure) 346M->217M(471M) 3.658ms
[317.097s][info][gc] GC(5807) Pause Young (Allocation Failure) 347M->218M(471M) 3.456ms
[317.152s][info][gc] GC(5808) Pause Young (Allocation Failure) 348M->220M(471M) 3.708ms
[317.199s][info][gc] GC(5809) Pause Young (Allocation Failure) 350M->220M(471M) 3.662ms
[317.255s][info][gc] GC(5810) Pause Young (Allocation Failure) 350M->222M(471M) 3.766ms
[317.303s][info][gc] GC(5811) Pause Young (Allocation Failure) 352M->222M(471M) 3.779ms
[317.355s][info][gc] GC(5812) Pause Young (Allocation Failure) 352M->223M(471M) 3.521ms
[317.407s][info][gc] GC(5813) Pause Young (Allocation Failure) 353M->224M(471M) 3.929ms
[317.460s][info][gc] GC(5814) Pause Young (Allocation Failure) 354M->224M(471M) 3.506ms
[317.514s][info][gc] GC(5815) Pause Young (Allocation Failure) 355M->226M(471M) 3.556ms
[317.565s][info][gc] GC(5816) Pause Young (Allocation Failure) 356M->227M(471M) 3.832ms
[317.617s][info][gc] GC(5817) Pause Young (Allocation Failure) 357M->227M(471M) 3.126ms
[317.668s][info][gc] GC(5818) Pause Young (Allocation Failure) 357M->229M(471M) 3.683ms
[317.727s][info][gc] GC(5819) Pause Young (Allocation Failure) 359M->230M(471M) 3.951ms
[317.783s][info][gc] GC(5820) Pause Young (Allocation Failure) 360M->231M(471M) 4.190ms
[317.834s][info][gc] GC(5821) Pause Young (Allocation Failure) 362M->232M(471M) 3.455ms
[317.889s][info][gc] GC(5822) Pause Young (Allocation Failure) 362M->233M(471M) 3.559ms
[317.938s][info][gc] GC(5823) Pause Young (Allocation Failure) 363M->233M(471M) 3.713ms
[317.992s][info][gc] GC(5824) Pause Young (Allocation Failure) 364M->235M(471M) 3.557ms
[318.047s][info][gc] GC(5825) Pause Young (Allocation Failure) 365M->236M(471M) 4.136ms
[318.098s][info][gc] GC(5826) Pause Young (Allocation Failure) 367M->237M(471M) 4.147ms
[318.165s][info][gc] GC(5827) Pause Young (Allocation Failure) 367M->237M(471M) 3.644ms
[318.223s][info][gc] GC(5828) Pause Young (Allocation Failure) 368M->239M(471M) 3.712ms
[318.278s][info][gc] GC(5829) Pause Young (Allocation Failure) 369M->240M(471M) 4.262ms
[318.325s][info][gc] GC(5830) Pause Young (Allocation Failure) 371M->240M(471M) 3.246ms
[318.379s][info][gc] GC(5831) Pause Young (Allocation Failure) 370M->241M(471M) 3.337ms
[318.434s][info][gc] GC(5832) Pause Young (Allocation Failure) 372M->243M(471M) 4.103ms
[318.486s][info][gc] GC(5833) Pause Young (Allocation Failure) 373M->244M(471M) 4.108ms
[318.541s][info][gc] GC(5834) Pause Young (Allocation Failure) 374M->245M(471M) 3.772ms
[318.594s][info][gc] GC(5835) Pause Young (Allocation Failure) 375M->246M(471M) 3.841ms
[318.647s][info][gc] GC(5836) Pause Young (Allocation Failure) 376M->246M(471M) 3.483ms
[318.699s][info][gc] GC(5837) Pause Young (Allocation Failure) 377M->248M(471M) 4.121ms
[318.751s][info][gc] GC(5838) Pause Young (Allocation Failure) 378M->248M(471M) 3.907ms
[318.806s][info][gc] GC(5839) Pause Young (Allocation Failure) 379M->250M(471M) 3.600ms
[318.862s][info][gc] GC(5840) Pause Young (Allocation Failure) 380M->251M(471M) 4.519ms
[318.916s][info][gc] GC(5841) Pause Young (Allocation Failure) 381M->252M(471M) 3.996ms
[318.967s][info][gc] GC(5842) Pause Young (Allocation Failure) 382M->252M(471M) 3.537ms
[319.025s][info][gc] GC(5843) Pause Young (Allocation Failure) 382M->253M(471M) 3.382ms
[319.078s][info][gc] GC(5844) Pause Young (Allocation Failure) 383M->255M(471M) 4.009ms
[319.133s][info][gc] GC(5845) Pause Young (Allocation Failure) 385M->256M(471M) 4.493ms
[319.187s][info][gc] GC(5846) Pause Young (Allocation Failure) 386M->256M(471M) 3.563ms
[319.241s][info][gc] GC(5847) Pause Young (Allocation Failure) 386M->258M(471M) 3.686ms
[319.297s][info][gc] GC(5848) Pause Young (Allocation Failure) 388M->259M(471M) 4.183ms
[319.344s][info][gc] GC(5849) Pause Young (Allocation Failure) 389M->259M(471M) 3.632ms
[319.401s][info][gc] GC(5850) Pause Young (Allocation Failure) 389M->261M(471M) 3.605ms
[319.456s][info][gc] GC(5851) Pause Young (Allocation Failure) 391M->262M(471M) 3.951ms
[319.506s][info][gc] GC(5852) Pause Young (Allocation Failure) 392M->263M(471M) 3.904ms
[319.555s][info][gc] GC(5853) Pause Young (Allocation Failure) 393M->264M(471M) 3.631ms
[319.604s][info][gc] GC(5854) Pause Young (Allocation Failure) 394M->264M(471M) 3.392ms
[319.654s][info][gc] GC(5855) Pause Young (Allocation Failure) 394M->265M(471M) 3.201ms
[319.703s][info][gc] GC(5856) Pause Young (Allocation Failure) 395M->266M(471M) 3.783ms
[319.756s][info][gc] GC(5857) Pause Young (Allocation Failure) 397M->268M(471M) 4.144ms
[319.809s][info][gc] GC(5858) Pause Young (Allocation Failure) 398M->268M(471M) 3.982ms
[319.863s][info][gc] GC(5859) Pause Young (Allocation Failure) 398M->269M(471M) 3.514ms
[319.915s][info][gc] GC(5860) Pause Young (Allocation Failure) 400M->271M(471M) 3.978ms
[319.967s][info][gc] GC(5861) Pause Young (Allocation Failure) 401M->271M(471M) 3.730ms
[320.018s][info][gc] GC(5862) Pause Young (Allocation Failure) 401M->272M(471M) 3.530ms
[320.070s][info][gc] GC(5863) Pause Young (Allocation Failure) 403M->274M(471M) 4.101ms
[320.123s][info][gc] GC(5864) Pause Young (Allocation Failure) 404M->274M(471M) 3.524ms
[320.185s][info][gc] GC(5865) Pause Young (Allocation Failure) 404M->276M(471M) 3.989ms
[320.237s][info][gc] GC(5866) Pause Young (Allocation Failure) 406M->276M(471M) 3.902ms
[320.293s][info][gc] GC(5867) Pause Young (Allocation Failure) 406M->278M(471M) 3.770ms
[320.341s][info][gc] GC(5868) Pause Young (Allocation Failure) 408M->278M(471M) 3.685ms
[320.393s][info][gc] GC(5869) Pause Young (Allocation Failure) 408M->279M(471M) 3.653ms
[320.444s][info][gc] GC(5870) Pause Young (Allocation Failure) 409M->281M(471M) 4.326ms
[320.499s][info][gc] GC(5871) Pause Young (Allocation Failure) 411M->282M(471M) 4.246ms
[320.551s][info][gc] GC(5872) Pause Young (Allocation Failure) 412M->283M(471M) 3.778ms
[320.597s][info][gc] GC(5873) Pause Young (Allocation Failure) 413M->282M(471M) 3.307ms
[320.650s][info][gc] GC(5874) Pause Young (Allocation Failure) 413M->284M(471M) 3.411ms
[320.700s][info][gc] GC(5875) Pause Young (Allocation Failure) 414M->286M(471M) 3.915ms
[320.749s][info][gc] GC(5876) Pause Young (Allocation Failure) 416M->286M(471M) 3.941ms
[320.800s][info][gc] GC(5877) Pause Young (Allocation Failure) 416M->287M(471M) 3.441ms
[320.849s][info][gc] GC(5878) Pause Young (Allocation Failure) 417M->288M(471M) 3.802ms
[320.899s][info][gc] GC(5879) Pause Young (Allocation Failure) 418M->289M(471M) 3.210ms
[320.949s][info][gc] GC(5880) Pause Young (Allocation Failure) 419M->290M(471M) 3.981ms
[320.999s][info][gc] GC(5881) Pause Young (Allocation Failure) 421M->291M(471M) 3.951ms
[321.051s][info][gc] GC(5882) Pause Young (Allocation Failure) 422M->292M(471M) 3.625ms
[321.105s][info][gc] GC(5883) Pause Young (Allocation Failure) 422M->294M(471M) 3.796ms
[321.151s][info][gc] GC(5884) Pause Young (Allocation Failure) 424M->294M(471M) 3.776ms
[321.203s][info][gc] GC(5885) Pause Young (Allocation Failure) 424M->295M(471M) 3.449ms
[321.252s][info][gc] GC(5886) Pause Young (Allocation Failure) 425M->296M(471M) 3.814ms
[321.309s][info][gc] GC(5887) Pause Young (Allocation Failure) 426M->298M(471M) 4.292ms
[321.356s][info][gc] GC(5888) Pause Young (Allocation Failure) 428M->298M(471M) 3.582ms
[321.411s][info][gc] GC(5889) Pause Young (Allocation Failure) 429M->300M(471M) 3.790ms
[321.463s][info][gc] GC(5890) Pause Young (Allocation Failure) 430M->301M(471M) 3.641ms
[321.510s][info][gc] GC(5891) Pause Young (Allocation Failure) 431M->301M(471M) 3.357ms
[321.562s][info][gc] GC(5892) Pause Young (Allocation Failure) 431M->302M(471M) 3.403ms
[321.610s][info][gc] GC(5893) Pause Young (Allocation Failure) 432M->303M(471M) 3.844ms
[321.665s][info][gc] GC(5894) Pause Young (Allocation Failure) 433M->305M(471M) 4.119ms
[321.715s][info][gc] GC(5895) Pause Young (Allocation Failure) 435M->305M(471M) 4.085ms
[321.766s][info][gc] GC(5896) Pause Young (Allocation Failure) 436M->306M(471M) 3.545ms
[321.817s][info][gc] GC(5897) Pause Young (Allocation Failure) 436M->307M(471M) 3.468ms
[321.871s][info][gc] GC(5898) Pause Young (Allocation Failure) 437M->308M(471M) 4.155ms
[321.928s][info][gc] GC(5899) Pause Young (Allocation Failure) 438M->310M(471M) 4.339ms
[321.979s][info][gc] GC(5900) Pause Young (Allocation Failure) 440M->310M(471M) 4.048ms
[322.041s][info][gc] GC(5901) Pause Young (Allocation Failure) 440M->312M(471M) 3.570ms
[322.091s][info][gc] GC(5902) Pause Young (Allocation Failure) 442M->312M(471M) 3.651ms
[322.144s][info][gc] GC(5903) Pause Young (Allocation Failure) 442M->313M(471M) 3.952ms
[322.194s][info][gc] GC(5904) Pause Young (Allocation Failure) 443M->314M(471M) 3.482ms
[322.247s][info][gc] GC(5905) Pause Young (Allocation Failure) 444M->315M(471M) 4.043ms
[322.298s][info][gc] GC(5906) Pause Young (Allocation Failure) 445M->316M(471M) 3.501ms
[322.347s][info][gc] GC(5907) Pause Young (Allocation Failure) 446M->317M(471M) 4.206ms
[322.400s][info][gc] GC(5908) Pause Young (Allocation Failure) 447M->318M(471M) 3.771ms
[322.448s][info][gc] GC(5909) Pause Young (Allocation Failure) 448M->318M(471M) 3.391ms
[322.501s][info][gc] GC(5910) Pause Young (Allocation Failure) 449M->320M(471M) 3.464ms
[322.548s][info][gc] GC(5911) Pause Young (Allocation Failure) 450M->321M(471M) 4.017ms
[322.598s][info][gc] GC(5912) Pause Young (Allocation Failure) 451M->321M(471M) 3.415ms
[322.655s][info][gc] GC(5913) Pause Young (Allocation Failure) 452M->322M(471M) 3.011ms
[322.748s][info][gc] GC(5914) Pause Young (Allocation Failure) 452M->321M(471M) 2.910ms
[322.864s][info][gc] GC(5915) Pause Young (Allocation Failure) 452M->323M(471M) 3.257ms
[322.991s][info][gc] GC(5916) Pause Young (Allocation Failure) 453M->323M(471M) 3.386ms
[323.119s][info][gc] GC(5917) Pause Young (Allocation Failure) 453M->325M(471M) 3.745ms
[323.255s][info][gc] GC(5918) Pause Young (Allocation Failure) 455M->326M(471M) 3.651ms
[323.380s][info][gc] GC(5919) Pause Young (Allocation Failure) 456M->326M(471M) 3.615ms
[323.512s][info][gc] GC(5920) Pause Young (Allocation Failure) 457M->328M(471M) 3.604ms
[323.636s][info][gc] GC(5921) Pause Young (Allocation Failure) 458M->328M(471M) 3.438ms
[323.765s][info][gc] GC(5922) Pause Young (Allocation Failure) 458M->329M(471M) 3.296ms
[323.893s][info][gc] GC(5923) Pause Young (Allocation Failure) 459M->330M(471M) 4.215ms
[324.024s][info][gc] GC(5924) Pause Young (Allocation Failure) 461M->331M(471M) 3.382ms
[324.150s][info][gc] GC(5925) Pause Young (Allocation Failure) 461M->332M(471M) 3.414ms
[324.282s][info][gc] GC(5926) Pause Young (Allocation Failure) 462M->334M(471M) 3.433ms
[324.407s][info][gc] GC(5927) Pause Young (Allocation Failure) 464M->334M(472M) 3.609ms
[324.473s][info][gc] GC(5928) Pause Full (Allocation Failure) 334M->80M(471M) 66.151ms
[324.607s][info][gc] GC(5929) Pause Young (Allocation Failure) 210M->83M(471M) 1.502ms
[324.741s][info][gc] GC(5930) Pause Young (Allocation Failure) 213M->84M(471M) 1.698ms
[324.867s][info][gc] GC(5931) Pause Young (Allocation Failure) 214M->84M(471M) 1.942ms
[324.997s][info][gc] GC(5932) Pause Young (Allocation Failure) 215M->85M(471M) 2.193ms
[325.122s][info][gc] GC(5933) Pause Young (Allocation Failure) 216M->86M(471M) 2.434ms
[325.252s][info][gc] GC(5934) Pause Young (Allocation Failure) 216M->87M(471M) 2.695ms
[325.383s][info][gc] GC(5935) Pause Young (Allocation Failure) 218M->89M(471M) 3.054ms
[325.515s][info][gc] GC(5936) Pause Young (Allocation Failure) 219M->90M(471M) 3.673ms
[325.650s][info][gc] GC(5937) Pause Young (Allocation Failure) 220M->90M(471M) 3.285ms
[325.773s][info][gc] GC(5938) Pause Young (Allocation Failure) 221M->92M(471M) 3.387ms
[325.899s][info][gc] GC(5939) Pause Young (Allocation Failure) 222M->92M(471M) 3.172ms
[326.026s][info][gc] GC(5940) Pause Young (Allocation Failure) 222M->93M(471M) 3.090ms
[326.156s][info][gc] GC(5941) Pause Young (Allocation Failure) 223M->94M(471M) 3.214ms
[326.282s][info][gc] GC(5942) Pause Young (Allocation Failure) 225M->96M(471M) 3.894ms
[326.412s][info][gc] GC(5943) Pause Young (Allocation Failure) 226M->96M(471M) 3.320ms
[326.542s][info][gc] GC(5944) Pause Young (Allocation Failure) 226M->98M(471M) 3.449ms
[326.679s][info][gc] GC(5945) Pause Young (Allocation Failure) 228M->99M(471M) 3.488ms
[326.805s][info][gc] GC(5946) Pause Young (Allocation Failure) 229M->100M(471M) 3.553ms
[326.933s][info][gc] GC(5947) Pause Young (Allocation Failure) 230M->100M(471M) 3.292ms
[327.060s][info][gc] GC(5948) Pause Young (Allocation Failure) 231M->101M(471M) 3.093ms
[327.194s][info][gc] GC(5949) Pause Young (Allocation Failure) 231M->103M(471M) 3.314ms
[327.316s][info][gc] GC(5950) Pause Young (Allocation Failure) 233M->104M(471M) 3.668ms
[327.444s][info][gc] GC(5951) Pause Young (Allocation Failure) 234M->104M(471M) 3.267ms
[327.575s][info][gc] GC(5952) Pause Young (Allocation Failure) 235M->105M(471M) 3.332ms
[327.707s][info][gc] GC(5953) Pause Young (Allocation Failure) 236M->107M(471M) 3.383ms
[327.832s][info][gc] GC(5954) Pause Young (Allocation Failure) 237M->107M(471M) 3.253ms
[328.108s][info][gc] GC(5955) Pause Young (Allocation Failure) 237M->109M(471M) 3.515ms
[328.358s][info][gc] GC(5956) Pause Young (Allocation Failure) 239M->110M(471M) 3.394ms
[328.602s][info][gc] GC(5957) Pause Young (Allocation Failure) 240M->111M(471M) 3.285ms
[328.861s][info][gc] GC(5958) Pause Young (Allocation Failure) 242M->112M(471M) 3.171ms
[329.109s][info][gc] GC(5959) Pause Young (Allocation Failure) 242M->113M(471M) 3.142ms
[329.359s][info][gc] GC(5960) Pause Young (Allocation Failure) 243M->114M(471M) 3.423ms
[329.609s][info][gc] GC(5961) Pause Young (Allocation Failure) 244M->115M(471M) 3.425ms
[329.865s][info][gc] GC(5962) Pause Young (Allocation Failure) 245M->116M(471M) 3.426ms
[330.126s][info][gc] GC(5963) Pause Young (Allocation Failure) 246M->117M(471M) 3.064ms
[330.376s][info][gc] GC(5964) Pause Young (Allocation Failure) 247M->118M(471M) 3.385ms
[330.632s][info][gc] GC(5965) Pause Young (Allocation Failure) 248M->119M(471M) 3.279ms
[330.879s][info][gc] GC(5966) Pause Young (Allocation Failure) 249M->120M(471M) 3.404ms
[331.132s][info][gc] GC(5967) Pause Young (Allocation Failure) 250M->121M(471M) 3.269ms
[331.378s][info][gc] GC(5968) Pause Young (Allocation Failure) 251M->122M(471M) 3.356ms
[331.624s][info][gc] GC(5969) Pause Young (Allocation Failure) 252M->123M(471M) 3.222ms
[331.876s][info][gc] GC(5970) Pause Young (Allocation Failure) 253M->124M(471M) 3.409ms
[332.134s][info][gc] GC(5971) Pause Young (Allocation Failure) 254M->125M(471M) 3.277ms
[332.381s][info][gc] GC(5972) Pause Young (Allocation Failure) 255M->126M(471M) 3.222ms
[332.631s][info][gc] GC(5973) Pause Young (Allocation Failure) 256M->127M(471M) 3.255ms
[332.881s][info][gc] GC(5974) Pause Young (Allocation Failure) 257M->128M(471M) 3.309ms
[333.122s][info][gc] GC(5975) Pause Young (Allocation Failure) 258M->129M(471M) 3.286ms
[333.380s][info][gc] GC(5976) Pause Young (Allocation Failure) 259M->130M(471M) 3.267ms
[333.617s][info][gc] GC(5977) Pause Young (Allocation Failure) 260M->131M(471M) 3.303ms
[333.868s][info][gc] GC(5978) Pause Young (Allocation Failure) 261M->132M(471M) 3.460ms
[334.114s][info][gc] GC(5979) Pause Young (Allocation Failure) 262M->133M(471M) 3.332ms
[334.363s][info][gc] GC(5980) Pause Young (Allocation Failure) 263M->134M(471M) 3.492ms
[334.610s][info][gc] GC(5981) Pause Young (Allocation Failure) 264M->135M(471M) 3.256ms
[334.863s][info][gc] GC(5982) Pause Young (Allocation Failure) 265M->136M(471M) 3.277ms
[335.113s][info][gc] GC(5983) Pause Young (Allocation Failure) 266M->137M(471M) 3.202ms
[335.373s][info][gc] GC(5984) Pause Young (Allocation Failure) 267M->138M(471M) 3.496ms
[335.623s][info][gc] GC(5985) Pause Young (Allocation Failure) 268M->139M(471M) 3.267ms
[335.873s][info][gc] GC(5986) Pause Young (Allocation Failure) 269M->140M(471M) 3.351ms
[336.132s][info][gc] GC(5987) Pause Young (Allocation Failure) 270M->141M(471M) 3.748ms
[336.385s][info][gc] GC(5988) Pause Young (Allocation Failure) 271M->142M(471M) 3.364ms
[336.644s][info][gc] GC(5989) Pause Young (Allocation Failure) 272M->143M(471M) 3.362ms
[336.900s][info][gc] GC(5990) Pause Young (Allocation Failure) 273M->144M(471M) 3.591ms
[337.161s][info][gc] GC(5991) Pause Young (Allocation Failure) 274M->145M(471M) 3.464ms
[337.422s][info][gc] GC(5992) Pause Young (Allocation Failure) 275M->146M(471M) 3.201ms
[337.680s][info][gc] GC(5993) Pause Young (Allocation Failure) 276M->147M(471M) 3.413ms
[337.966s][info][gc] GC(5994) Pause Young (Allocation Failure) 277M->147M(471M) 3.001ms
[338.251s][info][gc] GC(5995) Pause Young (Allocation Failure) 277M->150M(471M) 3.575ms
[338.489s][info][gc] GC(5996) Pause Young (Allocation Failure) 280M->151M(471M) 3.874ms
[338.744s][info][gc] GC(5997) Pause Young (Allocation Failure) 281M->152M(471M) 3.431ms
[338.997s][info][gc] GC(5998) Pause Young (Allocation Failure) 282M->153M(471M) 3.226ms
[339.251s][info][gc] GC(5999) Pause Young (Allocation Failure) 283M->154M(471M) 3.295ms
[339.504s][info][gc] GC(6000) Pause Young (Allocation Failure) 284M->155M(471M) 3.354ms
[339.742s][info][gc] GC(6001) Pause Young (Allocation Failure) 285M->156M(471M) 3.510ms
[340.006s][info][gc] GC(6002) Pause Young (Allocation Failure) 286M->157M(471M) 3.331ms
[340.259s][info][gc] GC(6003) Pause Young (Allocation Failure) 287M->158M(471M) 3.053ms
[340.515s][info][gc] GC(6004) Pause Young (Allocation Failure) 288M->159M(471M) 3.417ms
[340.761s][info][gc] GC(6005) Pause Young (Allocation Failure) 289M->160M(471M) 3.347ms
[341.015s][info][gc] GC(6006) Pause Young (Allocation Failure) 290M->161M(471M) 3.280ms
[341.254s][info][gc] GC(6007) Pause Young (Allocation Failure) 291M->162M(471M) 3.358ms
[341.512s][info][gc] GC(6008) Pause Young (Allocation Failure) 292M->163M(471M) 3.672ms
[341.756s][info][gc] GC(6009) Pause Young (Allocation Failure) 293M->163M(471M) 3.203ms
[342.009s][info][gc] GC(6010) Pause Young (Allocation Failure) 294M->165M(471M) 3.294ms
[342.258s][info][gc] GC(6011) Pause Young (Allocation Failure) 295M->166M(471M) 3.255ms
[342.500s][info][gc] GC(6012) Pause Young (Allocation Failure) 296M->167M(471M) 3.383ms
[342.751s][info][gc] GC(6013) Pause Young (Allocation Failure) 297M->168M(471M) 3.257ms
[342.998s][info][gc] GC(6014) Pause Young (Allocation Failure) 298M->169M(471M) 3.261ms
[343.247s][info][gc] GC(6015) Pause Young (Allocation Failure) 299M->170M(471M) 3.300ms
[343.489s][info][gc] GC(6016) Pause Young (Allocation Failure) 300M->171M(471M) 3.374ms
[343.740s][info][gc] GC(6017) Pause Young (Allocation Failure) 301M->172M(471M) 3.356ms
[343.987s][info][gc] GC(6018) Pause Young (Allocation Failure) 302M->173M(471M) 3.288ms
[344.236s][info][gc] GC(6019) Pause Young (Allocation Failure) 303M->174M(471M) 3.255ms
[344.478s][info][gc] GC(6020) Pause Young (Allocation Failure) 304M->175M(471M) 3.245ms
[344.732s][info][gc] GC(6021) Pause Young (Allocation Failure) 305M->176M(471M) 3.328ms
[344.973s][info][gc] GC(6022) Pause Young (Allocation Failure) 306M->177M(471M) 3.291ms
[345.242s][info][gc] GC(6023) Pause Young (Allocation Failure) 307M->178M(471M) 3.341ms
[345.499s][info][gc] GC(6024) Pause Young (Allocation Failure) 308M->179M(471M) 3.299ms
[345.736s][info][gc] GC(6025) Pause Young (Allocation Failure) 309M->180M(471M) 3.323ms
[345.991s][info][gc] GC(6026) Pause Young (Allocation Failure) 310M->181M(471M) 3.296ms
[346.239s][info][gc] GC(6027) Pause Young (Allocation Failure) 311M->182M(471M) 3.323ms
[346.478s][info][gc] GC(6028) Pause Young (Allocation Failure) 312M->183M(471M) 3.283ms
[346.725s][info][gc] GC(6029) Pause Young (Allocation Failure) 313M->184M(471M) 3.392ms
[346.987s][info][gc] GC(6030) Pause Young (Allocation Failure) 314M->185M(471M) 3.283ms
[347.226s][info][gc] GC(6031) Pause Young (Allocation Failure) 315M->186M(471M) 3.304ms
[347.485s][info][gc] GC(6032) Pause Young (Allocation Failure) 316M->186M(471M) 3.277ms
[347.741s][info][gc] GC(6033) Pause Young (Allocation Failure) 317M->187M(471M) 3.308ms
[348.076s][info][gc] GC(6034) Pause Young (Allocation Failure) 318M->189M(471M) 3.518ms
[348.313s][info][gc] GC(6035) Pause Young (Allocation Failure) 320M->191M(471M) 3.625ms
[348.565s][info][gc] GC(6036) Pause Young (Allocation Failure) 321M->192M(471M) 3.247ms
[348.806s][info][gc] GC(6037) Pause Young (Allocation Failure) 322M->193M(471M) 3.330ms
[349.056s][info][gc] GC(6038) Pause Young (Allocation Failure) 323M->194M(471M) 3.282ms
[349.296s][info][gc] GC(6039) Pause Young (Allocation Failure) 324M->195M(471M) 3.312ms
[349.548s][info][gc] GC(6040) Pause Young (Allocation Failure) 325M->196M(471M) 3.258ms
[349.792s][info][gc] GC(6041) Pause Young (Allocation Failure) 326M->197M(471M) 3.306ms
[350.045s][info][gc] GC(6042) Pause Young (Allocation Failure) 327M->198M(471M) 3.017ms
[350.285s][info][gc] GC(6043) Pause Young (Allocation Failure) 328M->198M(471M) 3.370ms
[350.539s][info][gc] GC(6044) Pause Young (Allocation Failure) 329M->200M(471M) 3.305ms
[350.788s][info][gc] GC(6045) Pause Young (Allocation Failure) 330M->200M(471M) 3.197ms
[351.042s][info][gc] GC(6046) Pause Young (Allocation Failure) 330M->202M(471M) 3.367ms
[351.292s][info][gc] GC(6047) Pause Young (Allocation Failure) 332M->203M(471M) 3.308ms
[351.534s][info][gc] GC(6048) Pause Young (Allocation Failure) 333M->204M(471M) 3.315ms
[351.790s][info][gc] GC(6049) Pause Young (Allocation Failure) 334M->205M(471M) 3.330ms
[352.034s][info][gc] GC(6050) Pause Young (Allocation Failure) 335M->205M(471M) 3.254ms
[352.290s][info][gc] GC(6051) Pause Young (Allocation Failure) 336M->207M(471M) 3.328ms
[352.533s][info][gc] GC(6052) Pause Young (Allocation Failure) 337M->208M(471M) 3.329ms
[352.786s][info][gc] GC(6053) Pause Young (Allocation Failure) 338M->208M(471M) 3.362ms
[353.041s][info][gc] GC(6054) Pause Young (Allocation Failure) 339M->210M(471M) 3.309ms
[353.275s][info][gc] GC(6055) Pause Young (Allocation Failure) 340M->211M(471M) 3.294ms
[353.527s][info][gc] GC(6056) Pause Young (Allocation Failure) 341M->212M(471M) 3.257ms
[353.768s][info][gc] GC(6057) Pause Young (Allocation Failure) 342M->213M(471M) 3.337ms
[354.019s][info][gc] GC(6058) Pause Young (Allocation Failure) 343M->214M(471M) 3.374ms
[354.261s][info][gc] GC(6059) Pause Young (Allocation Failure) 344M->215M(471M) 3.352ms
[354.516s][info][gc] GC(6060) Pause Young (Allocation Failure) 345M->216M(471M) 3.273ms
[354.757s][info][gc] GC(6061) Pause Young (Allocation Failure) 346M->217M(471M) 3.362ms
[355.009s][info][gc] GC(6062) Pause Young (Allocation Failure) 347M->218M(471M) 3.297ms
[355.254s][info][gc] GC(6063) Pause Young (Allocation Failure) 348M->218M(471M) 3.420ms
[355.508s][info][gc] GC(6064) Pause Young (Allocation Failure) 349M->219M(471M) 3.287ms
[355.755s][info][gc] GC(6065) Pause Young (Allocation Failure) 350M->221M(471M) 3.324ms
[356.016s][info][gc] GC(6066) Pause Young (Allocation Failure) 351M->222M(471M) 3.367ms
[356.279s][info][gc] GC(6067) Pause Young (Allocation Failure) 352M->223M(471M) 3.403ms
[356.527s][info][gc] GC(6068) Pause Young (Allocation Failure) 353M->224M(471M) 3.439ms
[356.783s][info][gc] GC(6069) Pause Young (Allocation Failure) 354M->224M(471M) 3.327ms
[357.035s][info][gc] GC(6070) Pause Young (Allocation Failure) 355M->226M(471M) 3.340ms
[357.297s][info][gc] GC(6071) Pause Young (Allocation Failure) 356M->227M(471M) 3.567ms
[357.550s][info][gc] GC(6072) Pause Young (Allocation Failure) 357M->227M(471M) 3.313ms
[357.886s][info][gc] GC(6073) Pause Young (Allocation Failure) 358M->229M(471M) 3.458ms
[358.143s][info][gc] GC(6074) Pause Young (Allocation Failure) 359M->230M(471M) 3.737ms
[358.406s][info][gc] GC(6075) Pause Young (Allocation Failure) 361M->231M(471M) 3.346ms
[358.656s][info][gc] GC(6076) Pause Young (Allocation Failure) 361M->232M(471M) 3.448ms
[358.916s][info][gc] GC(6077) Pause Young (Allocation Failure) 363M->233M(471M) 3.404ms
[359.169s][info][gc] GC(6078) Pause Young (Allocation Failure) 364M->234M(471M) 3.240ms
[359.422s][info][gc] GC(6079) Pause Young (Allocation Failure) 364M->236M(471M) 3.320ms
[359.662s][info][gc] GC(6080) Pause Young (Allocation Failure) 366M->236M(471M) 3.029ms
[359.926s][info][gc] GC(6081) Pause Young (Allocation Failure) 366M->238M(471M) 3.113ms
[360.183s][info][gc] GC(6082) Pause Young (Allocation Failure) 368M->238M(471M) 3.379ms
[360.431s][info][gc] GC(6083) Pause Young (Allocation Failure) 369M->239M(471M) 3.360ms
[360.679s][info][gc] GC(6084) Pause Young (Allocation Failure) 369M->240M(471M) 3.206ms
[360.926s][info][gc] GC(6085) Pause Young (Allocation Failure) 370M->241M(471M) 3.312ms
[361.187s][info][gc] GC(6086) Pause Young (Allocation Failure) 371M->242M(471M) 3.323ms
[361.438s][info][gc] GC(6087) Pause Young (Allocation Failure) 373M->243M(471M) 3.298ms
[361.678s][info][gc] GC(6088) Pause Young (Allocation Failure) 373M->244M(471M) 3.309ms
[361.924s][info][gc] GC(6089) Pause Young (Allocation Failure) 375M->245M(471M) 3.400ms
[362.169s][info][gc] GC(6090) Pause Young (Allocation Failure) 376M->246M(471M) 3.399ms
[362.430s][info][gc] GC(6091) Pause Young (Allocation Failure) 377M->247M(471M) 3.443ms
[362.673s][info][gc] GC(6092) Pause Young (Allocation Failure) 378M->248M(471M) 3.334ms
[362.935s][info][gc] GC(6093) Pause Young (Allocation Failure) 378M->249M(471M) 3.398ms
[363.186s][info][gc] GC(6094) Pause Young (Allocation Failure) 379M->250M(471M) 3.389ms
[363.439s][info][gc] GC(6095) Pause Young (Allocation Failure) 380M->251M(471M) 3.382ms
[363.678s][info][gc] GC(6096) Pause Young (Allocation Failure) 382M->252M(471M) 3.191ms
[363.936s][info][gc] GC(6097) Pause Young (Allocation Failure) 382M->253M(471M) 3.423ms
[364.196s][info][gc] GC(6098) Pause Young (Allocation Failure) 383M->254M(471M) 3.300ms
[364.433s][info][gc] GC(6099) Pause Young (Allocation Failure) 385M->255M(471M) 3.292ms
[364.682s][info][gc] GC(6100) Pause Young (Allocation Failure) 385M->256M(471M) 3.316ms
[364.926s][info][gc] GC(6101) Pause Young (Allocation Failure) 387M->257M(471M) 3.343ms
[365.188s][info][gc] GC(6102) Pause Young (Allocation Failure) 387M->258M(471M) 3.392ms
[365.437s][info][gc] GC(6103) Pause Young (Allocation Failure) 389M->259M(471M) 3.385ms
[365.693s][info][gc] GC(6104) Pause Young (Allocation Failure) 389M->260M(471M) 3.279ms
[365.946s][info][gc] GC(6105) Pause Young (Allocation Failure) 390M->261M(471M) 3.254ms
[366.196s][info][gc] GC(6106) Pause Young (Allocation Failure) 391M->262M(471M) 3.278ms
[366.448s][info][gc] GC(6107) Pause Young (Allocation Failure) 392M->263M(471M) 3.258ms
[366.696s][info][gc] GC(6108) Pause Young (Allocation Failure) 393M->264M(471M) 3.348ms
[366.945s][info][gc] GC(6109) Pause Young (Allocation Failure) 395M->265M(471M) 3.316ms
[367.190s][info][gc] GC(6110) Pause Young (Allocation Failure) 396M->266M(471M) 3.283ms
[367.449s][info][gc] GC(6111) Pause Young (Allocation Failure) 396M->267M(471M) 3.446ms
[367.695s][info][gc] GC(6112) Pause Young (Allocation Failure) 398M->268M(471M) 3.008ms
[368.030s][info][gc] GC(6113) Pause Young (Allocation Failure) 398M->270M(471M) 3.496ms
[368.276s][info][gc] GC(6114) Pause Young (Allocation Failure) 400M->271M(471M) 3.867ms
[368.527s][info][gc] GC(6115) Pause Young (Allocation Failure) 401M->272M(471M) 3.304ms
[368.781s][info][gc] GC(6116) Pause Young (Allocation Failure) 402M->273M(471M) 3.430ms
[369.045s][info][gc] GC(6117) Pause Young (Allocation Failure) 403M->274M(471M) 3.285ms
[369.280s][info][gc] GC(6118) Pause Young (Allocation Failure) 404M->275M(471M) 3.199ms
[369.531s][info][gc] GC(6119) Pause Young (Allocation Failure) 405M->276M(471M) 3.308ms
[369.787s][info][gc] GC(6120) Pause Young (Allocation Failure) 406M->277M(471M) 3.517ms
[370.033s][info][gc] GC(6121) Pause Young (Allocation Failure) 407M->278M(471M) 3.158ms
[370.290s][info][gc] GC(6122) Pause Young (Allocation Failure) 408M->279M(471M) 3.570ms
[370.543s][info][gc] GC(6123) Pause Young (Allocation Failure) 409M->280M(471M) 3.279ms
[370.795s][info][gc] GC(6124) Pause Young (Allocation Failure) 410M->281M(471M) 3.296ms
[371.047s][info][gc] GC(6125) Pause Young (Allocation Failure) 411M->282M(471M) 3.490ms
[371.303s][info][gc] GC(6126) Pause Young (Allocation Failure) 412M->283M(471M) 3.336ms
[371.546s][info][gc] GC(6127) Pause Young (Allocation Failure) 413M->284M(471M) 3.390ms
[371.805s][info][gc] GC(6128) Pause Young (Allocation Failure) 414M->285M(471M) 3.343ms
[372.047s][info][gc] GC(6129) Pause Young (Allocation Failure) 415M->286M(471M) 3.379ms
[372.303s][info][gc] GC(6130) Pause Young (Allocation Failure) 416M->287M(471M) 3.379ms
[372.561s][info][gc] GC(6131) Pause Young (Allocation Failure) 417M->288M(471M) 3.220ms
[372.807s][info][gc] GC(6132) Pause Young (Allocation Failure) 418M->289M(471M) 3.384ms
[373.064s][info][gc] GC(6133) Pause Young (Allocation Failure) 419M->290M(471M) 3.294ms
[373.318s][info][gc] GC(6134) Pause Young (Allocation Failure) 420M->291M(471M) 3.315ms
[373.567s][info][gc] GC(6135) Pause Young (Allocation Failure) 421M->292M(471M) 3.317ms
[373.817s][info][gc] GC(6136) Pause Young (Allocation Failure) 422M->293M(471M) 3.400ms
[374.068s][info][gc] GC(6137) Pause Young (Allocation Failure) 423M->294M(471M) 3.330ms
[374.318s][info][gc] GC(6138) Pause Young (Allocation Failure) 424M->295M(471M) 3.225ms
[374.565s][info][gc] GC(6139) Pause Young (Allocation Failure) 425M->296M(471M) 3.253ms
[374.817s][info][gc] GC(6140) Pause Young (Allocation Failure) 426M->297M(471M) 3.331ms
[375.061s][info][gc] GC(6141) Pause Young (Allocation Failure) 427M->298M(471M) 3.344ms
[375.314s][info][gc] GC(6142) Pause Young (Allocation Failure) 428M->299M(471M) 3.308ms
[375.563s][info][gc] GC(6143) Pause Young (Allocation Failure) 429M->300M(471M) 3.237ms
[375.825s][info][gc] GC(6144) Pause Young (Allocation Failure) 430M->301M(471M) 3.338ms
[376.063s][info][gc] GC(6145) Pause Young (Allocation Failure) 431M->301M(471M) 3.081ms
[376.320s][info][gc] GC(6146) Pause Young (Allocation Failure) 432M->303M(471M) 3.360ms
[376.573s][info][gc] GC(6147) Pause Young (Allocation Failure) 433M->304M(471M) 3.583ms
[376.812s][info][gc] GC(6148) Pause Young (Allocation Failure) 434M->305M(471M) 3.327ms
[377.061s][info][gc] GC(6149) Pause Young (Allocation Failure) 435M->306M(471M) 3.243ms
[377.309s][info][gc] GC(6150) Pause Young (Allocation Failure) 436M->307M(471M) 3.319ms
[377.560s][info][gc] GC(6151) Pause Young (Allocation Failure) 437M->308M(471M) 3.246ms
[377.885s][info][gc] GC(6152) Pause Young (Allocation Failure) 438M->310M(471M) 3.681ms
[378.135s][info][gc] GC(6153) Pause Young (Allocation Failure) 440M->311M(471M) 3.609ms
[378.382s][info][gc] GC(6154) Pause Young (Allocation Failure) 441M->312M(471M) 3.331ms
[378.633s][info][gc] GC(6155) Pause Young (Allocation Failure) 442M->313M(471M) 3.340ms
[378.876s][info][gc] GC(6156) Pause Young (Allocation Failure) 443M->314M(471M) 3.228ms
[379.137s][info][gc] GC(6157) Pause Young (Allocation Failure) 444M->315M(471M) 3.305ms
[379.401s][info][gc] GC(6158) Pause Young (Allocation Failure) 445M->316M(471M) 3.166ms
[379.643s][info][gc] GC(6159) Pause Young (Allocation Failure) 446M->317M(471M) 3.331ms
[379.897s][info][gc] GC(6160) Pause Young (Allocation Failure) 447M->318M(471M) 2.951ms
[380.145s][info][gc] GC(6161) Pause Young (Allocation Failure) 448M->319M(471M) 3.327ms
[380.402s][info][gc] GC(6162) Pause Young (Allocation Failure) 449M->320M(471M) 3.448ms
[380.642s][info][gc] GC(6163) Pause Young (Allocation Failure) 450M->321M(471M) 3.305ms
[380.896s][info][gc] GC(6164) Pause Young (Allocation Failure) 451M->322M(471M) 3.364ms
[381.140s][info][gc] GC(6165) Pause Young (Allocation Failure) 452M->323M(471M) 3.314ms
[381.390s][info][gc] GC(6166) Pause Young (Allocation Failure) 453M->324M(471M) 3.400ms
[381.642s][info][gc] GC(6167) Pause Young (Allocation Failure) 454M->325M(471M) 3.300ms
[381.892s][info][gc] GC(6168) Pause Young (Allocation Failure) 455M->326M(471M) 3.313ms
[382.131s][info][gc] GC(6169) Pause Young (Allocation Failure) 456M->326M(471M) 3.149ms
[382.385s][info][gc] GC(6170) Pause Young (Allocation Failure) 457M->328M(471M) 3.441ms
[382.637s][info][gc] GC(6171) Pause Young (Allocation Failure) 458M->329M(471M) 3.324ms
[382.884s][info][gc] GC(6172) Pause Young (Allocation Failure) 459M->330M(471M) 3.441ms
[383.135s][info][gc] GC(6173) Pause Young (Allocation Failure) 460M->331M(471M) 3.501ms
[383.379s][info][gc] GC(6174) Pause Young (Allocation Failure) 461M->332M(471M) 3.421ms
[383.628s][info][gc] GC(6175) Pause Young (Allocation Failure) 462M->333M(471M) 3.350ms
[383.878s][info][gc] GC(6176) Pause Young (Allocation Failure) 463M->334M(472M) 3.356ms
[383.924s][info][gc] GC(6177) Pause Full (Allocation Failure) 334M->48M(453M) 45.791ms
[384.156s][info][gc] GC(6178) Pause Young (Allocation Failure) 173M->50M(453M) 1.157ms
[384.393s][info][gc] GC(6179) Pause Young (Allocation Failure) 175M->51M(453M) 1.352ms
[384.633s][info][gc] GC(6180) Pause Young (Allocation Failure) 176M->52M(453M) 1.667ms
[384.873s][info][gc] GC(6181) Pause Young (Allocation Failure) 177M->53M(453M) 1.783ms
[385.118s][info][gc] GC(6182) Pause Young (Allocation Failure) 178M->54M(453M) 2.253ms
[385.362s][info][gc] GC(6183) Pause Young (Allocation Failure) 179M->55M(453M) 2.556ms
[385.602s][info][gc] GC(6184) Pause Young (Allocation Failure) 180M->55M(453M) 2.616ms
[385.841s][info][gc] GC(6185) Pause Young (Allocation Failure) 180M->57M(453M) 2.853ms
[386.075s][info][gc] GC(6186) Pause Young (Allocation Failure) 182M->58M(453M) 3.179ms
[386.330s][info][gc] GC(6187) Pause Young (Allocation Failure) 183M->59M(453M) 3.240ms
[386.557s][info][gc] GC(6188) Pause Young (Allocation Failure) 184M->59M(453M) 3.221ms
[386.801s][info][gc] GC(6189) Pause Young (Allocation Failure) 184M->61M(453M) 2.935ms
[387.031s][info][gc] GC(6190) Pause Young (Allocation Failure) 186M->61M(453M) 3.108ms
[387.276s][info][gc] GC(6191) Pause Young (Allocation Failure) 186M->63M(453M) 3.187ms
[387.514s][info][gc] GC(6192) Pause Young (Allocation Failure) 188M->63M(453M) 3.192ms
[387.829s][info][gc] GC(6193) Pause Young (Allocation Failure) 188M->65M(453M) 3.374ms
[388.073s][info][gc] GC(6194) Pause Young (Allocation Failure) 190M->66M(453M) 3.381ms
[388.313s][info][gc] GC(6195) Pause Young (Allocation Failure) 191M->67M(453M) 3.196ms
[388.547s][info][gc] GC(6196) Pause Young (Allocation Failure) 192M->68M(453M) 3.017ms
[388.787s][info][gc] GC(6197) Pause Young (Allocation Failure) 193M->69M(453M) 3.117ms
[389.035s][info][gc] GC(6198) Pause Young (Allocation Failure) 194M->70M(453M) 3.113ms
[389.264s][info][gc] GC(6199) Pause Young (Allocation Failure) 195M->71M(453M) 3.168ms
[389.510s][info][gc] GC(6200) Pause Young (Allocation Failure) 196M->72M(453M) 3.113ms
[389.761s][info][gc] GC(6201) Pause Young (Allocation Failure) 197M->73M(453M) 2.940ms
[390.001s][info][gc] GC(6202) Pause Young (Allocation Failure) 198M->74M(453M) 3.257ms
[390.248s][info][gc] GC(6203) Pause Young (Allocation Failure) 199M->75M(453M) 3.279ms
[390.494s][info][gc] GC(6204) Pause Young (Allocation Failure) 200M->76M(453M) 3.256ms
[390.733s][info][gc] GC(6205) Pause Young (Allocation Failure) 201M->76M(453M) 3.172ms
[390.968s][info][gc] GC(6206) Pause Young (Allocation Failure) 201M->78M(453M) 3.212ms
[391.205s][info][gc] GC(6207) Pause Young (Allocation Failure) 203M->78M(453M) 3.146ms
[391.445s][info][gc] GC(6208) Pause Young (Allocation Failure) 203M->79M(453M) 3.158ms
[391.673s][info][gc] GC(6209) Pause Young (Allocation Failure) 204M->80M(453M) 3.104ms
[391.918s][info][gc] GC(6210) Pause Young (Allocation Failure) 205M->82M(453M) 3.315ms
[392.154s][info][gc] GC(6211) Pause Young (Allocation Failure) 207M->82M(453M) 3.135ms
[392.389s][info][gc] GC(6212) Pause Young (Allocation Failure) 207M->83M(453M) 3.099ms
[392.625s][info][gc] GC(6213) Pause Young (Allocation Failure) 208M->84M(453M) 3.119ms
[392.855s][info][gc] GC(6214) Pause Young (Allocation Failure) 209M->85M(453M) 3.103ms
[393.094s][info][gc] GC(6215) Pause Young (Allocation Failure) 210M->86M(453M) 3.206ms
[393.322s][info][gc] GC(6216) Pause Young (Allocation Failure) 211M->87M(453M) 3.175ms
[393.561s][info][gc] GC(6217) Pause Young (Allocation Failure) 212M->88M(453M) 3.048ms
[393.796s][info][gc] GC(6218) Pause Young (Allocation Failure) 213M->89M(453M) 3.154ms
[394.041s][info][gc] GC(6219) Pause Young (Allocation Failure) 214M->90M(453M) 3.203ms
[394.274s][info][gc] GC(6220) Pause Young (Allocation Failure) 215M->91M(453M) 3.196ms
[394.525s][info][gc] GC(6221) Pause Young (Allocation Failure) 216M->92M(453M) 3.059ms
[394.759s][info][gc] GC(6222) Pause Young (Allocation Failure) 217M->93M(453M) 3.141ms
[395.005s][info][gc] GC(6223) Pause Young (Allocation Failure) 218M->94M(453M) 3.159ms
[395.240s][info][gc] GC(6224) Pause Young (Allocation Failure) 219M->95M(453M) 3.188ms
[395.478s][info][gc] GC(6225) Pause Young (Allocation Failure) 220M->95M(453M) 3.003ms
[395.719s][info][gc] GC(6226) Pause Young (Allocation Failure) 220M->97M(453M) 3.135ms
[395.950s][info][gc] GC(6227) Pause Young (Allocation Failure) 222M->98M(453M) 3.196ms
[396.189s][info][gc] GC(6228) Pause Young (Allocation Failure) 223M->99M(453M) 3.113ms
[396.428s][info][gc] GC(6229) Pause Young (Allocation Failure) 224M->100M(453M) 3.246ms
[396.673s][info][gc] GC(6230) Pause Young (Allocation Failure) 225M->101M(453M) 3.173ms
[396.905s][info][gc] GC(6231) Pause Young (Allocation Failure) 226M->102M(453M) 3.180ms
[397.148s][info][gc] GC(6232) Pause Young (Allocation Failure) 227M->102M(453M) 3.110ms
[397.384s][info][gc] GC(6233) Pause Young (Allocation Failure) 227M->104M(453M) 3.258ms
[397.698s][info][gc] GC(6234) Pause Young (Allocation Failure) 229M->105M(453M) 3.438ms
[397.938s][info][gc] GC(6235) Pause Young (Allocation Failure) 230M->106M(453M) 3.378ms
[398.177s][info][gc] GC(6236) Pause Young (Allocation Failure) 231M->107M(453M) 3.074ms
[398.416s][info][gc] GC(6237) Pause Young (Allocation Failure) 232M->108M(453M) 3.178ms
[398.651s][info][gc] GC(6238) Pause Young (Allocation Failure) 233M->109M(453M) 3.304ms
[398.896s][info][gc] GC(6239) Pause Young (Allocation Failure) 234M->110M(453M) 3.136ms
[399.128s][info][gc] GC(6240) Pause Young (Allocation Failure) 235M->111M(453M) 3.093ms
[399.370s][info][gc] GC(6241) Pause Young (Allocation Failure) 236M->112M(453M) 3.102ms
[399.607s][info][gc] GC(6242) Pause Young (Allocation Failure) 237M->113M(453M) 2.876ms
[399.840s][info][gc] GC(6243) Pause Young (Allocation Failure) 238M->114M(453M) 3.276ms
[400.101s][info][gc] GC(6244) Pause Young (Allocation Failure) 239M->115M(453M) 3.393ms
[400.337s][info][gc] GC(6245) Pause Young (Allocation Failure) 240M->116M(453M) 3.273ms
[400.588s][info][gc] GC(6246) Pause Young (Allocation Failure) 241M->117M(453M) 3.160ms
[400.820s][info][gc] GC(6247) Pause Young (Allocation Failure) 242M->118M(453M) 3.149ms
[401.060s][info][gc] GC(6248) Pause Young (Allocation Failure) 243M->119M(453M) 3.156ms
[401.286s][info][gc] GC(6249) Pause Young (Allocation Failure) 244M->120M(453M) 3.231ms
[401.535s][info][gc] GC(6250) Pause Young (Allocation Failure) 245M->121M(453M) 3.215ms
[401.770s][info][gc] GC(6251) Pause Young (Allocation Failure) 246M->121M(453M) 3.191ms
[402.014s][info][gc] GC(6252) Pause Young (Allocation Failure) 246M->122M(453M) 3.102ms
[402.244s][info][gc] GC(6253) Pause Young (Allocation Failure) 247M->123M(453M) 3.125ms
[402.479s][info][gc] GC(6254) Pause Young (Allocation Failure) 248M->125M(453M) 3.285ms
[402.722s][info][gc] GC(6255) Pause Young (Allocation Failure) 250M->125M(453M) 3.121ms
[402.960s][info][gc] GC(6256) Pause Young (Allocation Failure) 250M->126M(453M) 3.157ms
[403.204s][info][gc] GC(6257) Pause Young (Allocation Failure) 251M->127M(453M) 3.183ms
[403.435s][info][gc] GC(6258) Pause Young (Allocation Failure) 252M->128M(453M) 3.137ms
[403.677s][info][gc] GC(6259) Pause Young (Allocation Failure) 253M->129M(453M) 3.105ms
[403.906s][info][gc] GC(6260) Pause Young (Allocation Failure) 254M->130M(453M) 3.133ms
[404.154s][info][gc] GC(6261) Pause Young (Allocation Failure) 255M->131M(453M) 3.077ms
[404.394s][info][gc] GC(6262) Pause Young (Allocation Failure) 256M->132M(453M) 3.179ms
[404.631s][info][gc] GC(6263) Pause Young (Allocation Failure) 257M->133M(453M) 3.122ms
[404.877s][info][gc] GC(6264) Pause Young (Allocation Failure) 258M->134M(453M) 3.197ms
[405.116s][info][gc] GC(6265) Pause Young (Allocation Failure) 259M->134M(453M) 2.948ms
[405.367s][info][gc] GC(6266) Pause Young (Allocation Failure) 259M->136M(453M) 3.140ms
[405.600s][info][gc] GC(6267) Pause Young (Allocation Failure) 261M->137M(453M) 3.487ms
[405.843s][info][gc] GC(6268) Pause Young (Allocation Failure) 262M->138M(453M) 3.124ms
[406.081s][info][gc] GC(6269) Pause Young (Allocation Failure) 263M->139M(453M) 3.211ms
[406.318s][info][gc] GC(6270) Pause Young (Allocation Failure) 264M->140M(453M) 3.145ms
[406.558s][info][gc] GC(6271) Pause Young (Allocation Failure) 265M->141M(453M) 3.278ms
[406.792s][info][gc] GC(6272) Pause Young (Allocation Failure) 266M->141M(453M) 3.101ms
[407.037s][info][gc] GC(6273) Pause Young (Allocation Failure) 266M->143M(453M) 3.222ms
[407.267s][info][gc] GC(6274) Pause Young (Allocation Failure) 268M->144M(453M) 3.208ms
[407.445s][info][gc] GC(6275) Pause Young (Allocation Failure) 269M->149M(453M) 4.783ms
[407.516s][info][gc] GC(6276) Pause Young (Allocation Failure) 274M->150M(453M) 4.992ms
[407.574s][info][gc] GC(6277) Pause Young (Allocation Failure) 275M->150M(453M) 3.172ms
[407.642s][info][gc] GC(6278) Pause Young (Allocation Failure) 275M->152M(453M) 3.426ms
[407.699s][info][gc] GC(6279) Pause Young (Allocation Failure) 277M->152M(453M) 3.294ms
[407.768s][info][gc] GC(6280) Pause Young (Allocation Failure) 277M->154M(453M) 3.234ms
[407.831s][info][gc] GC(6281) Pause Young (Allocation Failure) 279M->154M(453M) 3.143ms
[407.892s][info][gc] GC(6282) Pause Young (Allocation Failure) 279M->155M(453M) 3.138ms
[407.960s][info][gc] GC(6283) Pause Young (Allocation Failure) 280M->157M(453M) 3.587ms
[408.018s][info][gc] GC(6284) Pause Young (Allocation Failure) 282M->156M(453M) 3.186ms
[408.087s][info][gc] GC(6285) Pause Young (Allocation Failure) 281M->159M(453M) 3.382ms
[408.152s][info][gc] GC(6286) Pause Young (Allocation Failure) 284M->159M(453M) 3.549ms
[408.213s][info][gc] GC(6287) Pause Young (Allocation Failure) 284M->160M(453M) 3.166ms
[408.280s][info][gc] GC(6288) Pause Young (Allocation Failure) 285M->161M(453M) 3.450ms
[408.343s][info][gc] GC(6289) Pause Young (Allocation Failure) 286M->162M(453M) 3.040ms
[408.408s][info][gc] GC(6290) Pause Young (Allocation Failure) 287M->163M(453M) 3.435ms
[408.478s][info][gc] GC(6291) Pause Young (Allocation Failure) 288M->164M(453M) 3.566ms
[408.537s][info][gc] GC(6292) Pause Young (Allocation Failure) 289M->165M(453M) 3.356ms
[408.603s][info][gc] GC(6293) Pause Young (Allocation Failure) 290M->166M(453M) 3.213ms
[408.667s][info][gc] GC(6294) Pause Young (Allocation Failure) 291M->166M(453M) 3.371ms
[408.731s][info][gc] GC(6295) Pause Young (Allocation Failure) 291M->168M(453M) 3.507ms
[408.799s][info][gc] GC(6296) Pause Young (Allocation Failure) 293M->169M(453M) 3.621ms
[408.859s][info][gc] GC(6297) Pause Young (Allocation Failure) 294M->169M(453M) 3.376ms
[408.928s][info][gc] GC(6298) Pause Young (Allocation Failure) 294M->171M(453M) 3.675ms
[408.989s][info][gc] GC(6299) Pause Young (Allocation Failure) 296M->171M(453M) 3.268ms
[409.051s][info][gc] GC(6300) Pause Young (Allocation Failure) 296M->172M(453M) 3.128ms
[409.118s][info][gc] GC(6301) Pause Young (Allocation Failure) 297M->173M(453M) 3.557ms
[409.182s][info][gc] GC(6302) Pause Young (Allocation Failure) 298M->175M(453M) 3.507ms
[409.246s][info][gc] GC(6303) Pause Young (Allocation Failure) 300M->175M(453M) 3.497ms
[409.309s][info][gc] GC(6304) Pause Young (Allocation Failure) 300M->176M(453M) 3.215ms
[409.373s][info][gc] GC(6305) Pause Young (Allocation Failure) 301M->177M(453M) 3.259ms
[409.442s][info][gc] GC(6306) Pause Young (Allocation Failure) 302M->178M(453M) 3.710ms
[409.504s][info][gc] GC(6307) Pause Young (Allocation Failure) 303M->179M(453M) 3.740ms
[409.571s][info][gc] GC(6308) Pause Young (Allocation Failure) 304M->180M(453M) 3.577ms
[409.635s][info][gc] GC(6309) Pause Young (Allocation Failure) 305M->180M(453M) 3.095ms
[409.698s][info][gc] GC(6310) Pause Young (Allocation Failure) 305M->182M(453M) 3.302ms
[409.767s][info][gc] GC(6311) Pause Young (Allocation Failure) 307M->183M(453M) 3.829ms
[409.829s][info][gc] GC(6312) Pause Young (Allocation Failure) 308M->184M(453M) 3.499ms
[409.898s][info][gc] GC(6313) Pause Young (Allocation Failure) 309M->185M(453M) 3.962ms
[409.968s][info][gc] GC(6314) Pause Young (Allocation Failure) 310M->186M(453M) 3.530ms
[410.028s][info][gc] GC(6315) Pause Young (Allocation Failure) 311M->186M(453M) 3.401ms
[410.097s][info][gc] GC(6316) Pause Young (Allocation Failure) 311M->188M(453M) 3.631ms
[410.160s][info][gc] GC(6317) Pause Young (Allocation Failure) 313M->189M(453M) 3.437ms
[410.229s][info][gc] GC(6318) Pause Young (Allocation Failure) 314M->190M(453M) 3.746ms
[410.302s][info][gc] GC(6319) Pause Young (Allocation Failure) 315M->191M(453M) 4.015ms
[410.369s][info][gc] GC(6320) Pause Young (Allocation Failure) 316M->191M(453M) 3.114ms
[410.434s][info][gc] GC(6321) Pause Young (Allocation Failure) 316M->192M(453M) 3.247ms
[410.494s][info][gc] GC(6322) Pause Young (Allocation Failure) 317M->194M(453M) 3.496ms
[410.561s][info][gc] GC(6323) Pause Young (Allocation Failure) 319M->194M(453M) 3.394ms
[410.631s][info][gc] GC(6324) Pause Young (Allocation Failure) 319M->195M(453M) 3.253ms
[410.695s][info][gc] GC(6325) Pause Young (Allocation Failure) 320M->196M(453M) 3.633ms
[410.762s][info][gc] GC(6326) Pause Young (Allocation Failure) 321M->198M(453M) 3.702ms
[410.823s][info][gc] GC(6327) Pause Young (Allocation Failure) 323M->198M(453M) 3.154ms
[410.894s][info][gc] GC(6328) Pause Young (Allocation Failure) 323M->198M(453M) 2.967ms
[410.963s][info][gc] GC(6329) Pause Young (Allocation Failure) 323M->200M(453M) 3.506ms
[411.028s][info][gc] GC(6330) Pause Young (Allocation Failure) 325M->201M(453M) 3.808ms
[411.095s][info][gc] GC(6331) Pause Young (Allocation Failure) 326M->201M(453M) 3.315ms
[411.160s][info][gc] GC(6332) Pause Young (Allocation Failure) 326M->202M(453M) 2.767ms
[411.227s][info][gc] GC(6333) Pause Young (Allocation Failure) 327M->204M(453M) 3.616ms
[411.292s][info][gc] GC(6334) Pause Young (Allocation Failure) 329M->205M(453M) 3.791ms
[411.354s][info][gc] GC(6335) Pause Young (Allocation Failure) 330M->206M(453M) 3.109ms
[411.422s][info][gc] GC(6336) Pause Young (Allocation Failure) 331M->206M(453M) 3.460ms
[411.487s][info][gc] GC(6337) Pause Young (Allocation Failure) 331M->207M(453M) 3.311ms
[411.553s][info][gc] GC(6338) Pause Young (Allocation Failure) 332M->209M(453M) 3.516ms
[411.617s][info][gc] GC(6339) Pause Young (Allocation Failure) 334M->210M(453M) 3.564ms
[411.679s][info][gc] GC(6340) Pause Young (Allocation Failure) 335M->210M(453M) 3.148ms
[411.748s][info][gc] GC(6341) Pause Young (Allocation Failure) 335M->212M(453M) 3.581ms
[411.814s][info][gc] GC(6342) Pause Young (Allocation Failure) 337M->212M(453M) 3.391ms
[411.876s][info][gc] GC(6343) Pause Young (Allocation Failure) 337M->213M(453M) 3.102ms
[411.942s][info][gc] GC(6344) Pause Young (Allocation Failure) 338M->215M(453M) 3.660ms
[412.004s][info][gc] GC(6345) Pause Young (Allocation Failure) 340M->216M(453M) 3.681ms
[412.072s][info][gc] GC(6346) Pause Young (Allocation Failure) 341M->216M(453M) 3.223ms
[412.136s][info][gc] GC(6347) Pause Young (Allocation Failure) 341M->217M(453M) 3.189ms
[412.199s][info][gc] GC(6348) Pause Young (Allocation Failure) 342M->218M(453M) 3.472ms
[412.263s][info][gc] GC(6349) Pause Young (Allocation Failure) 343M->219M(453M) 3.353ms
[412.325s][info][gc] GC(6350) Pause Young (Allocation Failure) 344M->220M(453M) 2.989ms
[412.395s][info][gc] GC(6351) Pause Young (Allocation Failure) 345M->221M(453M) 3.414ms
[412.458s][info][gc] GC(6352) Pause Young (Allocation Failure) 346M->222M(453M) 3.446ms
[412.519s][info][gc] GC(6353) Pause Young (Allocation Failure) 347M->223M(453M) 3.381ms
[412.586s][info][gc] GC(6354) Pause Young (Allocation Failure) 348M->224M(453M) 3.594ms
[412.649s][info][gc] GC(6355) Pause Young (Allocation Failure) 349M->224M(453M) 3.157ms
[412.719s][info][gc] GC(6356) Pause Young (Allocation Failure) 349M->225M(453M) 3.402ms
[412.907s][info][gc] GC(6357) Pause Young (Allocation Failure) 350M->229M(453M) 4.233ms
[412.967s][info][gc] GC(6358) Pause Young (Allocation Failure) 354M->229M(453M) 4.334ms
[413.036s][info][gc] GC(6359) Pause Young (Allocation Failure) 354M->231M(453M) 3.620ms
[413.093s][info][gc] GC(6360) Pause Young (Allocation Failure) 356M->230M(453M) 3.086ms
[413.158s][info][gc] GC(6361) Pause Young (Allocation Failure) 355M->232M(453M) 3.459ms
[413.229s][info][gc] GC(6362) Pause Young (Allocation Failure) 357M->233M(453M) 3.922ms
[413.286s][info][gc] GC(6363) Pause Young (Allocation Failure) 358M->234M(453M) 3.213ms
[413.355s][info][gc] GC(6364) Pause Young (Allocation Failure) 359M->235M(453M) 3.280ms
[413.417s][info][gc] GC(6365) Pause Young (Allocation Failure) 360M->235M(453M) 3.204ms
[413.481s][info][gc] GC(6366) Pause Young (Allocation Failure) 360M->237M(453M) 3.101ms
[413.555s][info][gc] GC(6367) Pause Young (Allocation Failure) 362M->239M(453M) 4.138ms
[413.611s][info][gc] GC(6368) Pause Young (Allocation Failure) 364M->239M(453M) 3.288ms
[413.681s][info][gc] GC(6369) Pause Young (Allocation Failure) 364M->241M(453M) 3.447ms
[413.744s][info][gc] GC(6370) Pause Young (Allocation Failure) 366M->240M(453M) 3.422ms
[413.806s][info][gc] GC(6371) Pause Young (Allocation Failure) 365M->241M(453M) 3.002ms
[413.873s][info][gc] GC(6372) Pause Young (Allocation Failure) 366M->243M(453M) 3.572ms
[413.936s][info][gc] GC(6373) Pause Young (Allocation Failure) 368M->244M(453M) 3.689ms
[414.012s][info][gc] GC(6374) Pause Young (Allocation Failure) 369M->245M(453M) 3.918ms
[414.080s][info][gc] GC(6375) Pause Young (Allocation Failure) 370M->246M(453M) 3.631ms
[414.135s][info][gc] GC(6376) Pause Young (Allocation Failure) 371M->246M(453M) 2.981ms
[414.207s][info][gc] GC(6377) Pause Young (Allocation Failure) 371M->248M(453M) 3.344ms
[414.265s][info][gc] GC(6378) Pause Young (Allocation Failure) 373M->248M(453M) 3.405ms
[414.336s][info][gc] GC(6379) Pause Young (Allocation Failure) 373M->250M(453M) 3.308ms
[414.402s][info][gc] GC(6380) Pause Young (Allocation Failure) 375M->250M(453M) 3.593ms
[414.461s][info][gc] GC(6381) Pause Young (Allocation Failure) 375M->251M(453M) 3.076ms
[414.527s][info][gc] GC(6382) Pause Young (Allocation Failure) 376M->252M(453M) 3.482ms
[414.587s][info][gc] GC(6383) Pause Young (Allocation Failure) 377M->252M(453M) 3.093ms
[414.658s][info][gc] GC(6384) Pause Young (Allocation Failure) 377M->254M(453M) 3.579ms
[414.724s][info][gc] GC(6385) Pause Young (Allocation Failure) 379M->255M(453M) 3.896ms
[414.784s][info][gc] GC(6386) Pause Young (Allocation Failure) 380M->256M(453M) 3.236ms
[414.851s][info][gc] GC(6387) Pause Young (Allocation Failure) 381M->257M(453M) 3.635ms
[414.911s][info][gc] GC(6388) Pause Young (Allocation Failure) 382M->257M(453M) 3.086ms
[414.982s][info][gc] GC(6389) Pause Young (Allocation Failure) 382M->259M(453M) 3.579ms
[415.051s][info][gc] GC(6390) Pause Young (Allocation Failure) 384M->260M(453M) 3.652ms
[415.112s][info][gc] GC(6391) Pause Young (Allocation Failure) 385M->261M(453M) 3.220ms
[415.185s][info][gc] GC(6392) Pause Young (Allocation Failure) 386M->262M(453M) 3.684ms
[415.253s][info][gc] GC(6393) Pause Young (Allocation Failure) 387M->262M(453M) 3.457ms
[415.319s][info][gc] GC(6394) Pause Young (Allocation Failure) 387M->263M(453M) 3.379ms
[415.392s][info][gc] GC(6395) Pause Young (Allocation Failure) 388M->265M(453M) 3.705ms
[415.452s][info][gc] GC(6396) Pause Young (Allocation Failure) 390M->266M(453M) 3.629ms
[415.521s][info][gc] GC(6397) Pause Young (Allocation Failure) 391M->267M(453M) 3.312ms
[415.588s][info][gc] GC(6398) Pause Young (Allocation Failure) 392M->267M(453M) 3.494ms
[415.652s][info][gc] GC(6399) Pause Young (Allocation Failure) 392M->269M(453M) 3.526ms
[415.722s][info][gc] GC(6400) Pause Young (Allocation Failure) 394M->270M(453M) 3.716ms
[415.778s][info][gc] GC(6401) Pause Young (Allocation Failure) 395M->270M(453M) 3.126ms
[415.847s][info][gc] GC(6402) Pause Young (Allocation Failure) 395M->272M(453M) 3.397ms
[415.918s][info][gc] GC(6403) Pause Young (Allocation Failure) 397M->273M(453M) 3.796ms
[415.973s][info][gc] GC(6404) Pause Young (Allocation Failure) 398M->273M(453M) 3.037ms
[416.040s][info][gc] GC(6405) Pause Young (Allocation Failure) 398M->274M(453M) 3.226ms
[416.098s][info][gc] GC(6406) Pause Young (Allocation Failure) 399M->275M(453M) 3.455ms
[416.168s][info][gc] GC(6407) Pause Young (Allocation Failure) 400M->276M(453M) 3.687ms
[416.235s][info][gc] GC(6408) Pause Young (Allocation Failure) 401M->277M(453M) 3.548ms
[416.297s][info][gc] GC(6409) Pause Young (Allocation Failure) 402M->278M(453M) 3.572ms
[416.363s][info][gc] GC(6410) Pause Young (Allocation Failure) 403M->279M(453M) 3.693ms
[416.420s][info][gc] GC(6411) Pause Young (Allocation Failure) 404M->279M(453M) 2.974ms
[416.490s][info][gc] GC(6412) Pause Young (Allocation Failure) 404M->281M(453M) 3.419ms
[416.558s][info][gc] GC(6413) Pause Young (Allocation Failure) 406M->282M(453M) 3.659ms
[416.619s][info][gc] GC(6414) Pause Young (Allocation Failure) 407M->283M(453M) 3.198ms
[416.687s][info][gc] GC(6415) Pause Young (Allocation Failure) 408M->284M(453M) 3.490ms
[416.742s][info][gc] GC(6416) Pause Young (Allocation Failure) 409M->284M(453M) 3.202ms
[416.813s][info][gc] GC(6417) Pause Young (Allocation Failure) 409M->286M(453M) 3.225ms
[416.880s][info][gc] GC(6418) Pause Young (Allocation Failure) 411M->287M(453M) 3.546ms
[416.941s][info][gc] GC(6419) Pause Young (Allocation Failure) 412M->287M(453M) 3.378ms
[417.010s][info][gc] GC(6420) Pause Young (Allocation Failure) 412M->289M(453M) 3.682ms
[417.077s][info][gc] GC(6421) Pause Young (Allocation Failure) 414M->289M(453M) 3.498ms
[417.140s][info][gc] GC(6422) Pause Young (Allocation Failure) 414M->290M(453M) 2.973ms
[417.207s][info][gc] GC(6423) Pause Young (Allocation Failure) 415M->291M(453M) 3.460ms
[417.266s][info][gc] GC(6424) Pause Young (Allocation Failure) 416M->292M(453M) 3.693ms
[417.338s][info][gc] GC(6425) Pause Young (Allocation Failure) 417M->293M(453M) 3.591ms
[417.408s][info][gc] GC(6426) Pause Young (Allocation Failure) 418M->294M(453M) 3.206ms
[417.467s][info][gc] GC(6427) Pause Young (Allocation Failure) 419M->295M(453M) 3.374ms
[417.537s][info][gc] GC(6428) Pause Young (Allocation Failure) 420M->296M(453M) 3.545ms
[417.594s][info][gc] GC(6429) Pause Young (Allocation Failure) 421M->296M(453M) 3.317ms
[417.668s][info][gc] GC(6430) Pause Young (Allocation Failure) 421M->298M(453M) 3.320ms
[417.741s][info][gc] GC(6431) Pause Young (Allocation Failure) 423M->299M(453M) 3.851ms
[417.800s][info][gc] GC(6432) Pause Young (Allocation Failure) 424M->300M(453M) 3.590ms
[417.872s][info][gc] GC(6433) Pause Young (Allocation Failure) 425M->301M(453M) 3.609ms
[417.934s][info][gc] GC(6434) Pause Young (Allocation Failure) 426M->301M(453M) 3.493ms
[418.009s][info][gc] GC(6435) Pause Young (Allocation Failure) 426M->303M(453M) 3.495ms
[418.079s][info][gc] GC(6436) Pause Young (Allocation Failure) 428M->304M(453M) 4.017ms
[418.137s][info][gc] GC(6437) Pause Young (Allocation Failure) 429M->305M(453M) 3.312ms
[418.206s][info][gc] GC(6438) Pause Young (Allocation Failure) 430M->306M(453M) 3.407ms
[418.291s][info][gc] GC(6439) Pause Young (Allocation Failure) 431M->304M(453M) 2.563ms
[418.462s][info][gc] GC(6440) Pause Young (Allocation Failure) 429M->309M(453M) 4.063ms
[418.531s][info][gc] GC(6441) Pause Young (Allocation Failure) 434M->310M(453M) 4.247ms
[418.596s][info][gc] GC(6442) Pause Young (Allocation Failure) 435M->311M(453M) 3.649ms
[418.670s][info][gc] GC(6443) Pause Young (Allocation Failure) 436M->312M(453M) 3.773ms
[418.730s][info][gc] GC(6444) Pause Young (Allocation Failure) 437M->313M(453M) 3.683ms
[418.798s][info][gc] GC(6445) Pause Young (Allocation Failure) 438M->314M(453M) 3.181ms
[418.871s][info][gc] GC(6446) Pause Young (Allocation Failure) 439M->315M(453M) 3.791ms
[418.936s][info][gc] GC(6447) Pause Young (Allocation Failure) 440M->316M(453M) 3.392ms
[419.004s][info][gc] GC(6448) Pause Young (Allocation Failure) 441M->316M(453M) 3.657ms
[419.069s][info][gc] GC(6449) Pause Young (Allocation Failure) 441M->317M(453M) 3.166ms
[419.145s][info][gc] GC(6450) Pause Young (Allocation Failure) 442M->319M(453M) 3.865ms
[419.216s][info][gc] GC(6451) Pause Young (Allocation Failure) 444M->320M(453M) 3.836ms
[419.277s][info][gc] GC(6452) Pause Young (Allocation Failure) 445M->320M(453M) 3.195ms
[419.318s][info][gc] GC(6453) Pause Full (Allocation Failure) 320M->38M(384M) 40.700ms
[419.376s][info][gc] GC(6454) Pause Young (Allocation Failure) 144M->42M(384M) 1.885ms
[419.429s][info][gc] GC(6455) Pause Young (Allocation Failure) 148M->43M(384M) 2.063ms
[419.489s][info][gc] GC(6456) Pause Young (Allocation Failure) 149M->43M(384M) 2.346ms
[419.545s][info][gc] GC(6457) Pause Young (Allocation Failure) 149M->45M(384M) 2.483ms
[419.607s][info][gc] GC(6458) Pause Young (Allocation Failure) 151M->45M(384M) 2.708ms
[419.661s][info][gc] GC(6459) Pause Young (Allocation Failure) 151M->46M(384M) 3.010ms
[419.724s][info][gc] GC(6460) Pause Young (Allocation Failure) 152M->47M(384M) 3.053ms
[419.773s][info][gc] GC(6461) Pause Young (Allocation Failure) 153M->48M(384M) 3.005ms
[419.834s][info][gc] GC(6462) Pause Young (Allocation Failure) 154M->48M(384M) 3.068ms
[419.888s][info][gc] GC(6463) Pause Young (Allocation Failure) 154M->50M(384M) 3.165ms
[419.950s][info][gc] GC(6464) Pause Young (Allocation Failure) 156M->50M(384M) 3.071ms
[420.004s][info][gc] GC(6465) Pause Young (Allocation Failure) 156M->50M(384M) 2.713ms
[420.066s][info][gc] GC(6466) Pause Young (Allocation Failure) 156M->52M(384M) 2.990ms
[420.118s][info][gc] GC(6467) Pause Young (Allocation Failure) 158M->52M(384M) 3.305ms
[420.190s][info][gc] GC(6468) Pause Young (Allocation Failure) 158M->54M(384M) 3.300ms
[420.238s][info][gc] GC(6469) Pause Young (Allocation Failure) 160M->53M(384M) 2.821ms
[420.304s][info][gc] GC(6470) Pause Young (Allocation Failure) 159M->55M(384M) 3.294ms
[420.354s][info][gc] GC(6471) Pause Young (Allocation Failure) 161M->54M(384M) 2.504ms
[420.415s][info][gc] GC(6472) Pause Young (Allocation Failure) 160M->57M(384M) 3.031ms
[420.471s][info][gc] GC(6473) Pause Young (Allocation Failure) 163M->56M(384M) 2.763ms
[420.528s][info][gc] GC(6474) Pause Young (Allocation Failure) 162M->58M(384M) 2.959ms
[420.586s][info][gc] GC(6475) Pause Young (Allocation Failure) 164M->58M(384M) 3.080ms
[420.639s][info][gc] GC(6476) Pause Young (Allocation Failure) 164M->60M(384M) 2.812ms
[420.700s][info][gc] GC(6477) Pause Young (Allocation Failure) 166M->60M(384M) 3.235ms
[420.752s][info][gc] GC(6478) Pause Young (Allocation Failure) 166M->61M(384M) 2.926ms
[420.812s][info][gc] GC(6479) Pause Young (Allocation Failure) 167M->62M(384M) 3.061ms
[420.866s][info][gc] GC(6480) Pause Young (Allocation Failure) 168M->63M(384M) 3.169ms
[420.926s][info][gc] GC(6481) Pause Young (Allocation Failure) 169M->64M(384M) 3.134ms
[420.979s][info][gc] GC(6482) Pause Young (Allocation Failure) 170M->65M(384M) 2.864ms
[421.039s][info][gc] GC(6483) Pause Young (Allocation Failure) 171M->66M(384M) 3.091ms
[421.093s][info][gc] GC(6484) Pause Young (Allocation Failure) 172M->67M(384M) 3.021ms
[421.152s][info][gc] GC(6485) Pause Young (Allocation Failure) 173M->67M(384M) 3.343ms
[421.207s][info][gc] GC(6486) Pause Young (Allocation Failure) 173M->68M(384M) 2.963ms
[421.266s][info][gc] GC(6487) Pause Young (Allocation Failure) 174M->69M(384M) 3.105ms
[421.318s][info][gc] GC(6488) Pause Young (Allocation Failure) 175M->69M(384M) 3.117ms
[421.380s][info][gc] GC(6489) Pause Young (Allocation Failure) 175M->70M(384M) 3.141ms
[421.431s][info][gc] GC(6490) Pause Young (Allocation Failure) 176M->71M(384M) 3.100ms
[421.491s][info][gc] GC(6491) Pause Young (Allocation Failure) 177M->72M(384M) 3.118ms
[421.543s][info][gc] GC(6492) Pause Young (Allocation Failure) 178M->72M(384M) 2.747ms
[421.603s][info][gc] GC(6493) Pause Young (Allocation Failure) 178M->73M(384M) 2.992ms
[421.655s][info][gc] GC(6494) Pause Young (Allocation Failure) 179M->74M(384M) 3.076ms
[421.715s][info][gc] GC(6495) Pause Young (Allocation Failure) 180M->75M(384M) 3.191ms
[421.767s][info][gc] GC(6496) Pause Young (Allocation Failure) 181M->76M(384M) 2.908ms
[421.831s][info][gc] GC(6497) Pause Young (Allocation Failure) 182M->77M(384M) 3.073ms
[421.880s][info][gc] GC(6498) Pause Young (Allocation Failure) 183M->77M(384M) 2.788ms
[421.936s][info][gc] GC(6499) Pause Young (Allocation Failure) 183M->78M(384M) 3.057ms
[421.989s][info][gc] GC(6500) Pause Young (Allocation Failure) 184M->79M(384M) 2.874ms
[422.045s][info][gc] GC(6501) Pause Young (Allocation Failure) 185M->80M(384M) 2.798ms
[422.098s][info][gc] GC(6502) Pause Young (Allocation Failure) 186M->80M(384M) 2.726ms
[422.159s][info][gc] GC(6503) Pause Young (Allocation Failure) 186M->82M(384M) 3.395ms
[422.209s][info][gc] GC(6504) Pause Young (Allocation Failure) 188M->82M(384M) 2.910ms
[422.266s][info][gc] GC(6505) Pause Young (Allocation Failure) 188M->83M(384M) 2.385ms
[422.318s][info][gc] GC(6506) Pause Young (Allocation Failure) 189M->83M(384M) 2.709ms
[422.374s][info][gc] GC(6507) Pause Young (Allocation Failure) 189M->85M(384M) 3.130ms
[422.429s][info][gc] GC(6508) Pause Young (Allocation Failure) 191M->85M(384M) 2.854ms
[422.484s][info][gc] GC(6509) Pause Young (Allocation Failure) 191M->86M(384M) 2.771ms
[422.541s][info][gc] GC(6510) Pause Young (Allocation Failure) 192M->87M(384M) 3.093ms
[422.592s][info][gc] GC(6511) Pause Young (Allocation Failure) 193M->88M(384M) 2.910ms
[422.649s][info][gc] GC(6512) Pause Young (Allocation Failure) 194M->88M(384M) 2.774ms
[422.704s][info][gc] GC(6513) Pause Young (Allocation Failure) 194M->90M(384M) 3.054ms
[422.761s][info][gc] GC(6514) Pause Young (Allocation Failure) 196M->90M(384M) 3.299ms
[422.812s][info][gc] GC(6515) Pause Young (Allocation Failure) 196M->91M(384M) 2.559ms
[422.874s][info][gc] GC(6516) Pause Young (Allocation Failure) 197M->92M(384M) 3.049ms
[422.922s][info][gc] GC(6517) Pause Young (Allocation Failure) 198M->93M(384M) 2.751ms
[422.980s][info][gc] GC(6518) Pause Young (Allocation Failure) 199M->94M(384M) 2.980ms
[423.031s][info][gc] GC(6519) Pause Young (Allocation Failure) 200M->94M(384M) 2.727ms
[423.089s][info][gc] GC(6520) Pause Young (Allocation Failure) 200M->95M(384M) 3.023ms
[423.140s][info][gc] GC(6521) Pause Young (Allocation Failure) 201M->96M(384M) 2.861ms
[423.199s][info][gc] GC(6522) Pause Young (Allocation Failure) 202M->97M(384M) 2.932ms
[423.251s][info][gc] GC(6523) Pause Young (Allocation Failure) 203M->98M(384M) 3.017ms
[423.312s][info][gc] GC(6524) Pause Young (Allocation Failure) 204M->99M(384M) 3.052ms
[423.361s][info][gc] GC(6525) Pause Young (Allocation Failure) 205M->99M(384M) 2.678ms
[423.422s][info][gc] GC(6526) Pause Young (Allocation Failure) 205M->101M(384M) 3.142ms
[423.469s][info][gc] GC(6527) Pause Young (Allocation Failure) 207M->100M(384M) 2.504ms
[423.527s][info][gc] GC(6528) Pause Young (Allocation Failure) 206M->101M(384M) 2.545ms
[423.579s][info][gc] GC(6529) Pause Young (Allocation Failure) 207M->102M(384M) 2.626ms
[423.638s][info][gc] GC(6530) Pause Young (Allocation Failure) 208M->104M(384M) 3.067ms
[423.687s][info][gc] GC(6531) Pause Young (Allocation Failure) 210M->104M(384M) 2.968ms
[423.748s][info][gc] GC(6532) Pause Young (Allocation Failure) 210M->105M(384M) 3.023ms
[423.802s][info][gc] GC(6533) Pause Young (Allocation Failure) 211M->105M(384M) 2.969ms
[423.855s][info][gc] GC(6534) Pause Young (Allocation Failure) 211M->106M(384M) 2.605ms
[423.955s][info][gc] GC(6535) Pause Young (Allocation Failure) 212M->105M(384M) 2.086ms
[424.081s][info][gc] GC(6536) Pause Young (Allocation Failure) 211M->110M(384M) 3.704ms
[424.132s][info][gc] GC(6537) Pause Young (Allocation Failure) 216M->110M(384M) 3.658ms
[424.194s][info][gc] GC(6538) Pause Young (Allocation Failure) 216M->112M(384M) 3.067ms
[424.242s][info][gc] GC(6539) Pause Young (Allocation Failure) 218M->112M(384M) 2.985ms
[424.302s][info][gc] GC(6540) Pause Young (Allocation Failure) 218M->113M(384M) 2.678ms
[424.358s][info][gc] GC(6541) Pause Young (Allocation Failure) 219M->113M(384M) 2.217ms
[424.419s][info][gc] GC(6542) Pause Young (Allocation Failure) 219M->115M(384M) 3.151ms
[424.475s][info][gc] GC(6543) Pause Young (Allocation Failure) 221M->114M(384M) 2.770ms
[424.538s][info][gc] GC(6544) Pause Young (Allocation Failure) 220M->117M(384M) 3.003ms
[424.597s][info][gc] GC(6545) Pause Young (Allocation Failure) 223M->117M(384M) 3.185ms
[424.650s][info][gc] GC(6546) Pause Young (Allocation Failure) 223M->118M(384M) 2.945ms
[424.707s][info][gc] GC(6547) Pause Young (Allocation Failure) 224M->119M(384M) 2.813ms
[424.760s][info][gc] GC(6548) Pause Young (Allocation Failure) 225M->119M(384M) 2.787ms
[424.819s][info][gc] GC(6549) Pause Young (Allocation Failure) 225M->120M(384M) 3.021ms
[424.870s][info][gc] GC(6550) Pause Young (Allocation Failure) 226M->121M(384M) 2.961ms
[424.931s][info][gc] GC(6551) Pause Young (Allocation Failure) 227M->122M(384M) 3.346ms
[424.981s][info][gc] GC(6552) Pause Young (Allocation Failure) 228M->123M(384M) 2.951ms
[425.041s][info][gc] GC(6553) Pause Young (Allocation Failure) 229M->124M(384M) 3.095ms
[425.092s][info][gc] GC(6554) Pause Young (Allocation Failure) 230M->124M(384M) 2.816ms
[425.151s][info][gc] GC(6555) Pause Young (Allocation Failure) 230M->125M(384M) 3.099ms
[425.204s][info][gc] GC(6556) Pause Young (Allocation Failure) 231M->126M(384M) 3.019ms
[425.262s][info][gc] GC(6557) Pause Young (Allocation Failure) 232M->127M(384M) 2.963ms
[425.316s][info][gc] GC(6558) Pause Young (Allocation Failure) 233M->128M(384M) 2.970ms
[425.375s][info][gc] GC(6559) Pause Young (Allocation Failure) 234M->128M(384M) 2.953ms
[425.429s][info][gc] GC(6560) Pause Young (Allocation Failure) 234M->129M(384M) 3.110ms
[425.487s][info][gc] GC(6561) Pause Young (Allocation Failure) 235M->130M(384M) 3.094ms
[425.537s][info][gc] GC(6562) Pause Young (Allocation Failure) 236M->131M(384M) 2.863ms
[425.595s][info][gc] GC(6563) Pause Young (Allocation Failure) 237M->131M(384M) 2.830ms
[425.647s][info][gc] GC(6564) Pause Young (Allocation Failure) 237M->132M(384M) 2.787ms
[425.705s][info][gc] GC(6565) Pause Young (Allocation Failure) 238M->133M(384M) 2.998ms
[425.756s][info][gc] GC(6566) Pause Young (Allocation Failure) 239M->134M(384M) 2.754ms
[425.815s][info][gc] GC(6567) Pause Young (Allocation Failure) 240M->135M(384M) 3.071ms
[425.865s][info][gc] GC(6568) Pause Young (Allocation Failure) 241M->135M(384M) 2.656ms
[425.925s][info][gc] GC(6569) Pause Young (Allocation Failure) 241M->137M(384M) 3.153ms
[425.973s][info][gc] GC(6570) Pause Young (Allocation Failure) 243M->136M(384M) 2.838ms
[426.030s][info][gc] GC(6571) Pause Young (Allocation Failure) 242M->138M(384M) 2.791ms
[426.081s][info][gc] GC(6572) Pause Young (Allocation Failure) 244M->138M(384M) 2.525ms
[426.138s][info][gc] GC(6573) Pause Young (Allocation Failure) 244M->140M(384M) 2.751ms
[426.192s][info][gc] GC(6574) Pause Young (Allocation Failure) 246M->140M(384M) 2.854ms
[426.248s][info][gc] GC(6575) Pause Young (Allocation Failure) 246M->142M(384M) 2.899ms
[426.304s][info][gc] GC(6576) Pause Young (Allocation Failure) 248M->142M(384M) 2.912ms
[426.361s][info][gc] GC(6577) Pause Young (Allocation Failure) 248M->143M(384M) 2.925ms
[426.418s][info][gc] GC(6578) Pause Young (Allocation Failure) 249M->143M(384M) 3.100ms
[426.470s][info][gc] GC(6579) Pause Young (Allocation Failure) 249M->145M(384M) 2.747ms
[426.527s][info][gc] GC(6580) Pause Young (Allocation Failure) 251M->145M(384M) 3.087ms
[426.578s][info][gc] GC(6581) Pause Young (Allocation Failure) 251M->146M(384M) 2.929ms
[426.636s][info][gc] GC(6582) Pause Young (Allocation Failure) 252M->147M(384M) 2.930ms
[426.687s][info][gc] GC(6583) Pause Young (Allocation Failure) 253M->148M(384M) 2.965ms
[426.742s][info][gc] GC(6584) Pause Young (Allocation Failure) 254M->148M(384M) 2.906ms
[426.795s][info][gc] GC(6585) Pause Young (Allocation Failure) 254M->150M(384M) 2.881ms
[426.853s][info][gc] GC(6586) Pause Young (Allocation Failure) 256M->150M(384M) 3.246ms
[426.904s][info][gc] GC(6587) Pause Young (Allocation Failure) 256M->151M(384M) 2.823ms
[426.962s][info][gc] GC(6588) Pause Young (Allocation Failure) 257M->152M(384M) 2.991ms
[427.014s][info][gc] GC(6589) Pause Young (Allocation Failure) 258M->153M(384M) 2.950ms
[427.074s][info][gc] GC(6590) Pause Young (Allocation Failure) 259M->154M(384M) 2.962ms
[427.121s][info][gc] GC(6591) Pause Young (Allocation Failure) 260M->155M(384M) 2.913ms
[427.181s][info][gc] GC(6592) Pause Young (Allocation Failure) 261M->155M(384M) 2.944ms
[427.230s][info][gc] GC(6593) Pause Young (Allocation Failure) 261M->156M(384M) 2.936ms
[427.289s][info][gc] GC(6594) Pause Young (Allocation Failure) 262M->157M(384M) 2.971ms
[427.342s][info][gc] GC(6595) Pause Young (Allocation Failure) 263M->158M(384M) 2.850ms
[427.398s][info][gc] GC(6596) Pause Young (Allocation Failure) 264M->158M(384M) 2.907ms
[427.449s][info][gc] GC(6597) Pause Young (Allocation Failure) 264M->159M(384M) 2.843ms
[427.507s][info][gc] GC(6598) Pause Young (Allocation Failure) 265M->160M(384M) 3.072ms
[427.557s][info][gc] GC(6599) Pause Young (Allocation Failure) 266M->161M(384M) 2.870ms
[427.617s][info][gc] GC(6600) Pause Young (Allocation Failure) 267M->161M(384M) 2.977ms
[427.668s][info][gc] GC(6601) Pause Young (Allocation Failure) 267M->162M(384M) 2.834ms
[427.730s][info][gc] GC(6602) Pause Young (Allocation Failure) 268M->163M(384M) 2.924ms
[427.780s][info][gc] GC(6603) Pause Young (Allocation Failure) 269M->164M(384M) 2.914ms
[427.840s][info][gc] GC(6604) Pause Young (Allocation Failure) 270M->165M(384M) 2.983ms
[427.889s][info][gc] GC(6605) Pause Young (Allocation Failure) 271M->165M(384M) 2.796ms
[427.950s][info][gc] GC(6606) Pause Young (Allocation Failure) 271M->167M(384M) 3.056ms
[427.996s][info][gc] GC(6607) Pause Young (Allocation Failure) 273M->166M(384M) 2.536ms
[428.059s][info][gc] GC(6608) Pause Young (Allocation Failure) 272M->168M(384M) 2.913ms
[428.108s][info][gc] GC(6609) Pause Young (Allocation Failure) 274M->167M(384M) 2.478ms
[428.166s][info][gc] GC(6610) Pause Young (Allocation Failure) 273M->169M(384M) 2.929ms
[428.224s][info][gc] GC(6611) Pause Young (Allocation Failure) 275M->170M(384M) 2.848ms
[428.280s][info][gc] GC(6612) Pause Young (Allocation Failure) 276M->171M(384M) 2.795ms
[428.338s][info][gc] GC(6613) Pause Young (Allocation Failure) 277M->172M(384M) 3.135ms
[428.389s][info][gc] GC(6614) Pause Young (Allocation Failure) 278M->173M(384M) 2.952ms
[428.446s][info][gc] GC(6615) Pause Young (Allocation Failure) 279M->174M(384M) 2.886ms
[428.496s][info][gc] GC(6616) Pause Young (Allocation Failure) 280M->174M(384M) 2.794ms
[428.555s][info][gc] GC(6617) Pause Young (Allocation Failure) 280M->175M(384M) 2.932ms
[428.602s][info][gc] GC(6618) Pause Young (Allocation Failure) 281M->176M(384M) 2.893ms
[428.664s][info][gc] GC(6619) Pause Young (Allocation Failure) 282M->177M(384M) 2.973ms
[428.713s][info][gc] GC(6620) Pause Young (Allocation Failure) 283M->178M(384M) 2.870ms
[428.773s][info][gc] GC(6621) Pause Young (Allocation Failure) 284M->179M(384M) 3.040ms
[428.822s][info][gc] GC(6622) Pause Young (Allocation Failure) 285M->180M(384M) 2.985ms
[428.879s][info][gc] GC(6623) Pause Young (Allocation Failure) 286M->180M(384M) 3.003ms
[428.932s][info][gc] GC(6624) Pause Young (Allocation Failure) 286M->181M(384M) 2.905ms
[428.991s][info][gc] GC(6625) Pause Young (Allocation Failure) 287M->182M(384M) 3.036ms
[429.041s][info][gc] GC(6626) Pause Young (Allocation Failure) 288M->183M(384M) 2.823ms
[429.097s][info][gc] GC(6627) Pause Young (Allocation Failure) 289M->183M(384M) 2.997ms
[429.149s][info][gc] GC(6628) Pause Young (Allocation Failure) 289M->184M(384M) 2.792ms
[429.205s][info][gc] GC(6629) Pause Young (Allocation Failure) 290M->185M(384M) 2.904ms
[429.258s][info][gc] GC(6630) Pause Young (Allocation Failure) 291M->186M(384M) 3.052ms
[429.317s][info][gc] GC(6631) Pause Young (Allocation Failure) 292M->187M(384M) 3.020ms
[429.367s][info][gc] GC(6632) Pause Young (Allocation Failure) 293M->187M(384M) 2.890ms
[429.556s][info][gc] GC(6633) Pause Young (Allocation Failure) 293M->188M(384M) 2.894ms
[429.662s][info][gc] GC(6634) Pause Young (Allocation Failure) 294M->189M(384M) 2.846ms
[429.766s][info][gc] GC(6635) Pause Young (Allocation Failure) 295M->190M(384M) 2.871ms
[429.870s][info][gc] GC(6636) Pause Young (Allocation Failure) 296M->190M(384M) 2.868ms
[429.983s][info][gc] GC(6637) Pause Young (Allocation Failure) 296M->192M(384M) 3.000ms
[430.086s][info][gc] GC(6638) Pause Young (Allocation Failure) 298M->192M(384M) 3.002ms
[430.189s][info][gc] GC(6639) Pause Young (Allocation Failure) 298M->193M(384M) 2.442ms
[430.299s][info][gc] GC(6640) Pause Young (Allocation Failure) 299M->194M(384M) 2.706ms
[430.404s][info][gc] GC(6641) Pause Young (Allocation Failure) 300M->195M(384M) 2.852ms
[430.509s][info][gc] GC(6642) Pause Young (Allocation Failure) 301M->195M(384M) 2.846ms
[430.612s][info][gc] GC(6643) Pause Young (Allocation Failure) 301M->196M(384M) 2.771ms
[430.719s][info][gc] GC(6644) Pause Young (Allocation Failure) 302M->197M(384M) 2.944ms
[430.822s][info][gc] GC(6645) Pause Young (Allocation Failure) 303M->197M(384M) 2.682ms
[430.927s][info][gc] GC(6646) Pause Young (Allocation Failure) 303M->199M(384M) 2.860ms
[431.029s][info][gc] GC(6647) Pause Young (Allocation Failure) 305M->199M(384M) 2.863ms
[431.136s][info][gc] GC(6648) Pause Young (Allocation Failure) 305M->200M(384M) 3.130ms
[431.244s][info][gc] GC(6649) Pause Young (Allocation Failure) 306M->201M(384M) 2.892ms
[431.348s][info][gc] GC(6650) Pause Young (Allocation Failure) 307M->202M(384M) 2.838ms
[431.455s][info][gc] GC(6651) Pause Young (Allocation Failure) 308M->202M(384M) 2.962ms
[431.560s][info][gc] GC(6652) Pause Young (Allocation Failure) 308M->203M(384M) 2.591ms
[431.673s][info][gc] GC(6653) Pause Young (Allocation Failure) 309M->204M(384M) 2.923ms
[431.779s][info][gc] GC(6654) Pause Young (Allocation Failure) 310M->205M(384M) 2.758ms
[431.887s][info][gc] GC(6655) Pause Young (Allocation Failure) 311M->206M(384M) 3.101ms
[431.988s][info][gc] GC(6656) Pause Young (Allocation Failure) 312M->207M(384M) 2.896ms
[432.094s][info][gc] GC(6657) Pause Young (Allocation Failure) 313M->207M(384M) 2.763ms
[432.202s][info][gc] GC(6658) Pause Young (Allocation Failure) 313M->208M(384M) 2.937ms
[432.309s][info][gc] GC(6659) Pause Young (Allocation Failure) 314M->209M(384M) 2.779ms
[432.411s][info][gc] GC(6660) Pause Young (Allocation Failure) 315M->210M(384M) 2.909ms
[432.516s][info][gc] GC(6661) Pause Young (Allocation Failure) 316M->211M(384M) 2.995ms
[432.621s][info][gc] GC(6662) Pause Young (Allocation Failure) 317M->211M(384M) 2.845ms
[432.723s][info][gc] GC(6663) Pause Young (Allocation Failure) 317M->212M(384M) 2.671ms
[432.826s][info][gc] GC(6664) Pause Young (Allocation Failure) 318M->213M(384M) 2.923ms
[432.930s][info][gc] GC(6665) Pause Young (Allocation Failure) 319M->214M(384M) 2.743ms
[433.033s][info][gc] GC(6666) Pause Young (Allocation Failure) 320M->214M(384M) 2.740ms
[433.138s][info][gc] GC(6667) Pause Young (Allocation Failure) 320M->216M(384M) 2.852ms
[433.242s][info][gc] GC(6668) Pause Young (Allocation Failure) 322M->216M(384M) 2.832ms
[433.347s][info][gc] GC(6669) Pause Young (Allocation Failure) 322M->217M(384M) 2.849ms
[433.450s][info][gc] GC(6670) Pause Young (Allocation Failure) 323M->218M(384M) 2.962ms
[433.554s][info][gc] GC(6671) Pause Young (Allocation Failure) 324M->219M(384M) 2.759ms
[433.661s][info][gc] GC(6672) Pause Young (Allocation Failure) 325M->220M(384M) 2.764ms
[433.767s][info][gc] GC(6673) Pause Young (Allocation Failure) 326M->220M(384M) 2.892ms
[433.870s][info][gc] GC(6674) Pause Young (Allocation Failure) 326M->221M(384M) 2.957ms
[433.975s][info][gc] GC(6675) Pause Young (Allocation Failure) 327M->222M(384M) 2.828ms
[434.082s][info][gc] GC(6676) Pause Young (Allocation Failure) 328M->223M(384M) 2.879ms
[434.184s][info][gc] GC(6677) Pause Young (Allocation Failure) 329M->223M(384M) 2.782ms
[434.288s][info][gc] GC(6678) Pause Young (Allocation Failure) 329M->225M(384M) 2.875ms
[434.392s][info][gc] GC(6679) Pause Young (Allocation Failure) 331M->225M(384M) 2.767ms
[434.498s][info][gc] GC(6680) Pause Young (Allocation Failure) 331M->226M(384M) 2.754ms
[434.605s][info][gc] GC(6681) Pause Young (Allocation Failure) 332M->226M(384M) 2.571ms
[434.804s][info][gc] GC(6682) Pause Young (Allocation Failure) 332M->229M(384M) 3.156ms
[434.908s][info][gc] GC(6683) Pause Young (Allocation Failure) 335M->229M(384M) 3.383ms
[435.011s][info][gc] GC(6684) Pause Young (Allocation Failure) 335M->230M(384M) 2.842ms
[435.116s][info][gc] GC(6685) Pause Young (Allocation Failure) 336M->231M(384M) 2.960ms
[435.221s][info][gc] GC(6686) Pause Young (Allocation Failure) 337M->231M(384M) 2.704ms
[435.328s][info][gc] GC(6687) Pause Young (Allocation Failure) 337M->232M(384M) 2.794ms
[435.446s][info][gc] GC(6688) Pause Young (Allocation Failure) 338M->233M(384M) 3.368ms
[435.548s][info][gc] GC(6689) Pause Young (Allocation Failure) 339M->234M(384M) 2.697ms
[435.652s][info][gc] GC(6690) Pause Young (Allocation Failure) 340M->235M(384M) 2.812ms
[435.754s][info][gc] GC(6691) Pause Young (Allocation Failure) 341M->236M(384M) 2.858ms
[435.856s][info][gc] GC(6692) Pause Young (Allocation Failure) 342M->237M(384M) 2.756ms
[435.959s][info][gc] GC(6693) Pause Young (Allocation Failure) 343M->237M(384M) 2.825ms
[436.060s][info][gc] GC(6694) Pause Young (Allocation Failure) 343M->238M(384M) 2.708ms
[436.169s][info][gc] GC(6695) Pause Young (Allocation Failure) 344M->239M(384M) 2.877ms
[436.270s][info][gc] GC(6696) Pause Young (Allocation Failure) 345M->240M(384M) 2.805ms
[436.377s][info][gc] GC(6697) Pause Young (Allocation Failure) 346M->241M(384M) 2.976ms
[436.478s][info][gc] GC(6698) Pause Young (Allocation Failure) 347M->241M(384M) 2.830ms
[436.580s][info][gc] GC(6699) Pause Young (Allocation Failure) 347M->242M(384M) 2.543ms
[436.685s][info][gc] GC(6700) Pause Young (Allocation Failure) 348M->243M(384M) 2.949ms
[436.789s][info][gc] GC(6701) Pause Young (Allocation Failure) 349M->244M(384M) 2.858ms
[436.898s][info][gc] GC(6702) Pause Young (Allocation Failure) 350M->245M(384M) 2.899ms
[436.998s][info][gc] GC(6703) Pause Young (Allocation Failure) 351M->246M(384M) 2.966ms
[437.099s][info][gc] GC(6704) Pause Young (Allocation Failure) 352M->246M(384M) 2.855ms
[437.209s][info][gc] GC(6705) Pause Young (Allocation Failure) 352M->247M(384M) 2.958ms
[437.313s][info][gc] GC(6706) Pause Young (Allocation Failure) 353M->248M(384M) 2.854ms
[437.414s][info][gc] GC(6707) Pause Young (Allocation Failure) 354M->249M(384M) 2.890ms
[437.520s][info][gc] GC(6708) Pause Young (Allocation Failure) 355M->250M(384M) 2.838ms
[437.621s][info][gc] GC(6709) Pause Young (Allocation Failure) 356M->250M(384M) 2.770ms
[437.727s][info][gc] GC(6710) Pause Young (Allocation Failure) 356M->251M(384M) 2.891ms
[437.830s][info][gc] GC(6711) Pause Young (Allocation Failure) 357M->252M(384M) 2.913ms
[437.933s][info][gc] GC(6712) Pause Young (Allocation Failure) 358M->253M(384M) 2.855ms
[438.035s][info][gc] GC(6713) Pause Young (Allocation Failure) 359M->254M(384M) 2.876ms
[438.139s][info][gc] GC(6714) Pause Young (Allocation Failure) 360M->254M(384M) 2.904ms
[438.243s][info][gc] GC(6715) Pause Young (Allocation Failure) 360M->256M(384M) 2.941ms
[438.348s][info][gc] GC(6716) Pause Young (Allocation Failure) 362M->256M(384M) 2.896ms
[438.453s][info][gc] GC(6717) Pause Young (Allocation Failure) 362M->257M(384M) 2.573ms
[438.555s][info][gc] GC(6718) Pause Young (Allocation Failure) 363M->257M(384M) 2.679ms
[438.660s][info][gc] GC(6719) Pause Young (Allocation Failure) 363M->258M(384M) 2.685ms
[438.765s][info][gc] GC(6720) Pause Young (Allocation Failure) 364M->259M(384M) 2.741ms
[438.874s][info][gc] GC(6721) Pause Young (Allocation Failure) 365M->260M(384M) 2.634ms
[438.978s][info][gc] GC(6722) Pause Young (Allocation Failure) 366M->261M(384M) 2.661ms
[439.075s][info][gc] GC(6723) Pause Young (Allocation Failure) 367M->261M(384M) 2.614ms
[439.182s][info][gc] GC(6724) Pause Young (Allocation Failure) 367M->262M(384M) 2.708ms
[439.292s][info][gc] GC(6725) Pause Young (Allocation Failure) 368M->263M(384M) 2.775ms
[439.390s][info][gc] GC(6726) Pause Young (Allocation Failure) 369M->264M(384M) 2.750ms
[439.498s][info][gc] GC(6727) Pause Young (Allocation Failure) 370M->265M(384M) 2.903ms
[439.597s][info][gc] GC(6728) Pause Young (Allocation Failure) 371M->266M(384M) 2.924ms
[439.701s][info][gc] GC(6729) Pause Young (Allocation Failure) 372M->267M(384M) 2.604ms
[439.916s][info][gc] GC(6730) Pause Young (Allocation Failure) 373M->268M(384M) 3.174ms
[440.020s][info][gc] GC(6731) Pause Young (Allocation Failure) 374M->269M(384M) 3.208ms
[440.120s][info][gc] GC(6732) Pause Young (Allocation Failure) 375M->270M(384M) 3.040ms
[440.227s][info][gc] GC(6733) Pause Young (Allocation Failure) 376M->271M(384M) 3.015ms
[440.330s][info][gc] GC(6734) Pause Young (Allocation Failure) 377M->272M(384M) 3.258ms
[440.364s][info][gc] GC(6735) Pause Full (Allocation Failure) 272M->29M(278M) 34.488ms
[440.429s][info][gc] GC(6736) Pause Young (Allocation Failure) 106M->31M(278M) 0.864ms
[440.509s][info][gc] GC(6737) Pause Young (Allocation Failure) 108M->32M(278M) 1.261ms
[440.584s][info][gc] GC(6738) Pause Young (Allocation Failure) 109M->33M(278M) 1.526ms
[440.660s][info][gc] GC(6739) Pause Young (Allocation Failure) 110M->34M(278M) 1.602ms
[440.726s][info][gc] GC(6740) Pause Young (Allocation Failure) 110M->34M(278M) 1.561ms
[440.803s][info][gc] GC(6741) Pause Young (Allocation Failure) 111M->34M(278M) 1.852ms
[440.881s][info][gc] GC(6742) Pause Young (Allocation Failure) 111M->35M(278M) 2.027ms
[440.960s][info][gc] GC(6743) Pause Young (Allocation Failure) 112M->36M(278M) 2.088ms
[441.028s][info][gc] GC(6744) Pause Young (Allocation Failure) 113M->36M(278M) 2.022ms
[441.103s][info][gc] GC(6745) Pause Young (Allocation Failure) 113M->37M(278M) 2.073ms
[441.180s][info][gc] GC(6746) Pause Young (Allocation Failure) 114M->38M(278M) 2.164ms
[441.257s][info][gc] GC(6747) Pause Young (Allocation Failure) 115M->38M(278M) 2.016ms
[441.328s][info][gc] GC(6748) Pause Young (Allocation Failure) 115M->39M(278M) 2.001ms
[441.403s][info][gc] GC(6749) Pause Young (Allocation Failure) 116M->39M(278M) 1.947ms
[441.479s][info][gc] GC(6750) Pause Young (Allocation Failure) 116M->40M(278M) 1.945ms
[441.557s][info][gc] GC(6751) Pause Young (Allocation Failure) 117M->40M(278M) 2.116ms
[441.629s][info][gc] GC(6752) Pause Young (Allocation Failure) 117M->41M(278M) 1.923ms
[441.706s][info][gc] GC(6753) Pause Young (Allocation Failure) 118M->42M(278M) 2.294ms
[441.784s][info][gc] GC(6754) Pause Young (Allocation Failure) 119M->42M(278M) 2.132ms
[441.857s][info][gc] GC(6755) Pause Young (Allocation Failure) 119M->42M(278M) 1.886ms
[441.930s][info][gc] GC(6756) Pause Young (Allocation Failure) 119M->43M(278M) 1.981ms
[442.008s][info][gc] GC(6757) Pause Young (Allocation Failure) 120M->44M(278M) 2.315ms
[442.083s][info][gc] GC(6758) Pause Young (Allocation Failure) 121M->44M(278M) 1.958ms
[442.165s][info][gc] GC(6759) Pause Young (Allocation Failure) 121M->45M(278M) 2.013ms
[442.234s][info][gc] GC(6760) Pause Young (Allocation Failure) 122M->46M(278M) 2.109ms
[442.314s][info][gc] GC(6761) Pause Young (Allocation Failure) 123M->46M(278M) 2.015ms
[442.392s][info][gc] GC(6762) Pause Young (Allocation Failure) 123M->47M(278M) 1.993ms
[442.466s][info][gc] GC(6763) Pause Young (Allocation Failure) 124M->47M(278M) 2.114ms
[442.540s][info][gc] GC(6764) Pause Young (Allocation Failure) 124M->48M(278M) 2.213ms
[442.622s][info][gc] GC(6765) Pause Young (Allocation Failure) 125M->49M(278M) 2.127ms
[442.696s][info][gc] GC(6766) Pause Young (Allocation Failure) 126M->49M(278M) 2.121ms
[442.780s][info][gc] GC(6767) Pause Young (Allocation Failure) 126M->50M(278M) 2.239ms
[442.847s][info][gc] GC(6768) Pause Young (Allocation Failure) 127M->50M(278M) 2.142ms
[442.929s][info][gc] GC(6769) Pause Young (Allocation Failure) 127M->51M(278M) 2.146ms
[443.003s][info][gc] GC(6770) Pause Young (Allocation Failure) 128M->52M(278M) 2.087ms
[443.080s][info][gc] GC(6771) Pause Young (Allocation Failure) 129M->52M(278M) 2.022ms
[443.149s][info][gc] GC(6772) Pause Young (Allocation Failure) 129M->53M(278M) 2.052ms
[443.229s][info][gc] GC(6773) Pause Young (Allocation Failure) 130M->54M(278M) 2.176ms
[443.308s][info][gc] GC(6774) Pause Young (Allocation Failure) 131M->54M(278M) 2.250ms
[443.387s][info][gc] GC(6775) Pause Young (Allocation Failure) 131M->55M(278M) 2.170ms
[443.454s][info][gc] GC(6776) Pause Young (Allocation Failure) 132M->55M(278M) 1.825ms
[443.527s][info][gc] GC(6777) Pause Young (Allocation Failure) 132M->56M(278M) 2.037ms
[443.606s][info][gc] GC(6778) Pause Young (Allocation Failure) 133M->56M(278M) 2.057ms
[443.684s][info][gc] GC(6779) Pause Young (Allocation Failure) 133M->57M(278M) 1.941ms
[443.756s][info][gc] GC(6780) Pause Young (Allocation Failure) 134M->58M(278M) 2.014ms
[443.833s][info][gc] GC(6781) Pause Young (Allocation Failure) 134M->58M(278M) 2.122ms
[443.908s][info][gc] GC(6782) Pause Young (Allocation Failure) 135M->59M(278M) 2.038ms
[443.988s][info][gc] GC(6783) Pause Young (Allocation Failure) 136M->59M(278M) 2.063ms
[444.057s][info][gc] GC(6784) Pause Young (Allocation Failure) 136M->60M(278M) 2.046ms
[444.135s][info][gc] GC(6785) Pause Young (Allocation Failure) 137M->60M(278M) 2.019ms
[444.213s][info][gc] GC(6786) Pause Young (Allocation Failure) 137M->61M(278M) 2.028ms
[444.292s][info][gc] GC(6787) Pause Young (Allocation Failure) 138M->62M(278M) 1.966ms
[444.362s][info][gc] GC(6788) Pause Young (Allocation Failure) 138M->62M(278M) 1.991ms
[444.441s][info][gc] GC(6789) Pause Young (Allocation Failure) 139M->63M(278M) 2.075ms
[444.516s][info][gc] GC(6790) Pause Young (Allocation Failure) 140M->63M(278M) 2.113ms
[444.594s][info][gc] GC(6791) Pause Young (Allocation Failure) 140M->64M(278M) 1.979ms
[444.662s][info][gc] GC(6792) Pause Young (Allocation Failure) 141M->65M(278M) 2.035ms
[444.747s][info][gc] GC(6793) Pause Young (Allocation Failure) 142M->66M(278M) 2.275ms
[444.824s][info][gc] GC(6794) Pause Young (Allocation Failure) 142M->66M(278M) 2.237ms
[444.901s][info][gc] GC(6795) Pause Young (Allocation Failure) 143M->66M(278M) 1.780ms
[444.970s][info][gc] GC(6796) Pause Young (Allocation Failure) 143M->67M(278M) 2.005ms
[445.159s][info][gc] GC(6797) Pause Young (Allocation Failure) 144M->68M(278M) 2.411ms
[445.242s][info][gc] GC(6798) Pause Young (Allocation Failure) 145M->69M(278M) 2.472ms
[445.309s][info][gc] GC(6799) Pause Young (Allocation Failure) 146M->69M(278M) 2.095ms
[445.390s][info][gc] GC(6800) Pause Young (Allocation Failure) 146M->70M(278M) 1.963ms
[445.470s][info][gc] GC(6801) Pause Young (Allocation Failure) 147M->71M(278M) 2.224ms
[445.551s][info][gc] GC(6802) Pause Young (Allocation Failure) 148M->71M(278M) 2.241ms
[445.616s][info][gc] GC(6803) Pause Young (Allocation Failure) 148M->71M(278M) 1.708ms
[445.697s][info][gc] GC(6804) Pause Young (Allocation Failure) 148M->72M(278M) 1.909ms
[445.777s][info][gc] GC(6805) Pause Young (Allocation Failure) 149M->73M(278M) 2.226ms
[445.855s][info][gc] GC(6806) Pause Young (Allocation Failure) 150M->74M(278M) 2.194ms
[445.921s][info][gc] GC(6807) Pause Young (Allocation Failure) 151M->74M(278M) 1.826ms
[446.001s][info][gc] GC(6808) Pause Young (Allocation Failure) 150M->75M(278M) 2.017ms
[446.079s][info][gc] GC(6809) Pause Young (Allocation Failure) 152M->75M(278M) 2.204ms
[446.155s][info][gc] GC(6810) Pause Young (Allocation Failure) 152M->76M(278M) 2.071ms
[446.232s][info][gc] GC(6811) Pause Young (Allocation Failure) 153M->76M(278M) 1.910ms
[446.304s][info][gc] GC(6812) Pause Young (Allocation Failure) 153M->77M(278M) 1.931ms
[446.384s][info][gc] GC(6813) Pause Young (Allocation Failure) 154M->78M(278M) 2.350ms
[446.460s][info][gc] GC(6814) Pause Young (Allocation Failure) 155M->78M(278M) 2.006ms
[446.534s][info][gc] GC(6815) Pause Young (Allocation Failure) 155M->78M(278M) 1.841ms
[446.609s][info][gc] GC(6816) Pause Young (Allocation Failure) 155M->80M(278M) 2.193ms
[446.686s][info][gc] GC(6817) Pause Young (Allocation Failure) 156M->80M(278M) 2.273ms
[446.762s][info][gc] GC(6818) Pause Young (Allocation Failure) 157M->81M(278M) 2.051ms
[446.837s][info][gc] GC(6819) Pause Young (Allocation Failure) 158M->81M(278M) 1.857ms
[446.909s][info][gc] GC(6820) Pause Young (Allocation Failure) 158M->82M(278M) 1.892ms
[446.983s][info][gc] GC(6821) Pause Young (Allocation Failure) 158M->82M(278M) 2.229ms
[447.059s][info][gc] GC(6822) Pause Young (Allocation Failure) 159M->83M(278M) 2.104ms
[447.134s][info][gc] GC(6823) Pause Young (Allocation Failure) 160M->83M(278M) 1.885ms
[447.205s][info][gc] GC(6824) Pause Young (Allocation Failure) 160M->84M(278M) 1.938ms
[447.283s][info][gc] GC(6825) Pause Young (Allocation Failure) 161M->85M(278M) 2.300ms
[447.357s][info][gc] GC(6826) Pause Young (Allocation Failure) 162M->85M(278M) 2.011ms
[447.428s][info][gc] GC(6827) Pause Young (Allocation Failure) 162M->85M(278M) 1.959ms
[447.511s][info][gc] GC(6828) Pause Young (Allocation Failure) 162M->86M(278M) 2.046ms
[447.592s][info][gc] GC(6829) Pause Young (Allocation Failure) 163M->87M(278M) 2.383ms
[447.668s][info][gc] GC(6830) Pause Young (Allocation Failure) 164M->87M(278M) 2.077ms
[447.744s][info][gc] GC(6831) Pause Young (Allocation Failure) 164M->88M(278M) 1.781ms
[447.819s][info][gc] GC(6832) Pause Young (Allocation Failure) 165M->89M(278M) 2.112ms
[447.896s][info][gc] GC(6833) Pause Young (Allocation Failure) 166M->90M(278M) 2.352ms
[447.972s][info][gc] GC(6834) Pause Young (Allocation Failure) 167M->90M(278M) 2.089ms
[448.044s][info][gc] GC(6835) Pause Young (Allocation Failure) 167M->90M(278M) 1.872ms
[448.118s][info][gc] GC(6836) Pause Young (Allocation Failure) 167M->91M(278M) 1.969ms
[448.196s][info][gc] GC(6837) Pause Young (Allocation Failure) 168M->92M(278M) 2.242ms
[448.270s][info][gc] GC(6838) Pause Young (Allocation Failure) 169M->92M(278M) 1.958ms
[448.355s][info][gc] GC(6839) Pause Young (Allocation Failure) 169M->93M(278M) 2.148ms
[448.420s][info][gc] GC(6840) Pause Young (Allocation Failure) 170M->93M(278M) 2.190ms
[448.498s][info][gc] GC(6841) Pause Young (Allocation Failure) 170M->94M(278M) 2.114ms
[448.573s][info][gc] GC(6842) Pause Young (Allocation Failure) 171M->95M(278M) 2.002ms
[448.647s][info][gc] GC(6843) Pause Young (Allocation Failure) 171M->95M(278M) 1.909ms
[448.720s][info][gc] GC(6844) Pause Young (Allocation Failure) 172M->96M(278M) 2.036ms
[448.802s][info][gc] GC(6845) Pause Young (Allocation Failure) 173M->96M(278M) 2.420ms
[448.881s][info][gc] GC(6846) Pause Young (Allocation Failure) 173M->97M(278M) 2.077ms
[448.959s][info][gc] GC(6847) Pause Young (Allocation Failure) 174M->97M(278M) 1.971ms
[449.029s][info][gc] GC(6848) Pause Young (Allocation Failure) 174M->98M(278M) 2.013ms
[449.107s][info][gc] GC(6849) Pause Young (Allocation Failure) 175M->99M(278M) 2.094ms
[449.187s][info][gc] GC(6850) Pause Young (Allocation Failure) 176M->100M(278M) 2.179ms
[449.264s][info][gc] GC(6851) Pause Young (Allocation Failure) 177M->100M(278M) 2.127ms
[449.333s][info][gc] GC(6852) Pause Young (Allocation Failure) 177M->100M(278M) 2.020ms
[449.412s][info][gc] GC(6853) Pause Young (Allocation Failure) 177M->101M(278M) 2.140ms
[449.491s][info][gc] GC(6854) Pause Young (Allocation Failure) 178M->102M(278M) 2.074ms
[449.570s][info][gc] GC(6855) Pause Young (Allocation Failure) 179M->102M(278M) 2.134ms
[449.638s][info][gc] GC(6856) Pause Young (Allocation Failure) 179M->103M(278M) 2.072ms
[449.714s][info][gc] GC(6857) Pause Young (Allocation Failure) 180M->103M(278M) 2.042ms
[449.793s][info][gc] GC(6858) Pause Young (Allocation Failure) 180M->104M(278M) 2.084ms
[449.873s][info][gc] GC(6859) Pause Young (Allocation Failure) 181M->105M(278M) 2.214ms
[449.944s][info][gc] GC(6860) Pause Young (Allocation Failure) 182M->105M(278M) 2.051ms
[450.023s][info][gc] GC(6861) Pause Young (Allocation Failure) 182M->106M(278M) 2.145ms
[450.102s][info][gc] GC(6862) Pause Young (Allocation Failure) 183M->106M(278M) 2.160ms
[450.255s][info][gc] GC(6863) Pause Young (Allocation Failure) 183M->106M(278M) 1.538ms
[450.353s][info][gc] GC(6864) Pause Young (Allocation Failure) 183M->109M(278M) 2.424ms
[450.432s][info][gc] GC(6865) Pause Young (Allocation Failure) 186M->109M(278M) 2.553ms
[450.513s][info][gc] GC(6866) Pause Young (Allocation Failure) 186M->110M(278M) 1.990ms
[450.579s][info][gc] GC(6867) Pause Young (Allocation Failure) 187M->110M(278M) 2.050ms
[450.655s][info][gc] GC(6868) Pause Young (Allocation Failure) 187M->111M(278M) 2.095ms
[450.730s][info][gc] GC(6869) Pause Young (Allocation Failure) 187M->111M(278M) 2.025ms
[450.810s][info][gc] GC(6870) Pause Young (Allocation Failure) 188M->112M(278M) 1.779ms
[450.883s][info][gc] GC(6871) Pause Young (Allocation Failure) 189M->112M(278M) 2.067ms
[450.962s][info][gc] GC(6872) Pause Young (Allocation Failure) 189M->113M(278M) 2.045ms
[451.036s][info][gc] GC(6873) Pause Young (Allocation Failure) 190M->114M(278M) 2.121ms
[451.110s][info][gc] GC(6874) Pause Young (Allocation Failure) 191M->114M(278M) 1.958ms
[451.181s][info][gc] GC(6875) Pause Young (Allocation Failure) 191M->115M(278M) 2.009ms
[451.259s][info][gc] GC(6876) Pause Young (Allocation Failure) 192M->115M(278M) 2.065ms
[451.334s][info][gc] GC(6877) Pause Young (Allocation Failure) 192M->116M(278M) 1.927ms
[451.413s][info][gc] GC(6878) Pause Young (Allocation Failure) 193M->117M(278M) 1.992ms
[451.481s][info][gc] GC(6879) Pause Young (Allocation Failure) 194M->117M(278M) 2.186ms
[451.563s][info][gc] GC(6880) Pause Young (Allocation Failure) 194M->118M(278M) 2.115ms
[451.632s][info][gc] GC(6881) Pause Young (Allocation Failure) 195M->118M(278M) 1.930ms
[451.717s][info][gc] GC(6882) Pause Young (Allocation Failure) 195M->119M(278M) 2.086ms
[451.784s][info][gc] GC(6883) Pause Young (Allocation Failure) 196M->119M(278M) 2.216ms
[451.863s][info][gc] GC(6884) Pause Young (Allocation Failure) 196M->120M(278M) 2.016ms
[451.943s][info][gc] GC(6885) Pause Young (Allocation Failure) 197M->121M(278M) 2.191ms
[452.021s][info][gc] GC(6886) Pause Young (Allocation Failure) 198M->121M(278M) 2.129ms
[452.086s][info][gc] GC(6887) Pause Young (Allocation Failure) 198M->122M(278M) 1.702ms
[452.165s][info][gc] GC(6888) Pause Young (Allocation Failure) 199M->123M(278M) 2.114ms
[452.240s][info][gc] GC(6889) Pause Young (Allocation Failure) 199M->123M(278M) 2.206ms
[452.322s][info][gc] GC(6890) Pause Young (Allocation Failure) 200M->124M(278M) 2.256ms
[452.387s][info][gc] GC(6891) Pause Young (Allocation Failure) 201M->124M(278M) 2.007ms
[452.466s][info][gc] GC(6892) Pause Young (Allocation Failure) 201M->125M(278M) 1.960ms
[452.540s][info][gc] GC(6893) Pause Young (Allocation Failure) 202M->125M(278M) 2.061ms
[452.618s][info][gc] GC(6894) Pause Young (Allocation Failure) 202M->126M(278M) 2.031ms
[452.689s][info][gc] GC(6895) Pause Young (Allocation Failure) 203M->127M(278M) 2.132ms
[452.769s][info][gc] GC(6896) Pause Young (Allocation Failure) 204M->127M(278M) 2.139ms
[452.844s][info][gc] GC(6897) Pause Young (Allocation Failure) 204M->128M(278M) 1.843ms
[452.921s][info][gc] GC(6898) Pause Young (Allocation Failure) 205M->128M(278M) 2.051ms
[452.990s][info][gc] GC(6899) Pause Young (Allocation Failure) 205M->129M(278M) 2.195ms
[453.072s][info][gc] GC(6900) Pause Young (Allocation Failure) 206M->130M(278M) 2.096ms
[453.153s][info][gc] GC(6901) Pause Young (Allocation Failure) 206M->130M(278M) 2.162ms
[453.229s][info][gc] GC(6902) Pause Young (Allocation Failure) 207M->131M(278M) 2.015ms
[453.302s][info][gc] GC(6903) Pause Young (Allocation Failure) 207M->131M(278M) 2.155ms
[453.386s][info][gc] GC(6904) Pause Young (Allocation Failure) 208M->132M(278M) 2.213ms
[453.463s][info][gc] GC(6905) Pause Young (Allocation Failure) 209M->132M(278M) 2.020ms
[453.544s][info][gc] GC(6906) Pause Young (Allocation Failure) 209M->133M(278M) 2.044ms
[453.611s][info][gc] GC(6907) Pause Young (Allocation Failure) 210M->134M(278M) 1.983ms
[453.689s][info][gc] GC(6908) Pause Young (Allocation Failure) 210M->134M(278M) 2.073ms
[453.766s][info][gc] GC(6909) Pause Young (Allocation Failure) 211M->135M(278M) 2.173ms
[453.844s][info][gc] GC(6910) Pause Young (Allocation Failure) 212M->135M(278M) 2.056ms
[453.911s][info][gc] GC(6911) Pause Young (Allocation Failure) 212M->136M(278M) 1.995ms
[453.992s][info][gc] GC(6912) Pause Young (Allocation Failure) 213M->136M(278M) 2.170ms
[454.073s][info][gc] GC(6913) Pause Young (Allocation Failure) 213M->137M(278M) 2.123ms
[454.150s][info][gc] GC(6914) Pause Young (Allocation Failure) 214M->138M(278M) 2.080ms
[454.218s][info][gc] GC(6915) Pause Young (Allocation Failure) 215M->137M(278M) 1.610ms
[454.300s][info][gc] GC(6916) Pause Young (Allocation Failure) 214M->139M(278M) 2.044ms
[454.379s][info][gc] GC(6917) Pause Young (Allocation Failure) 216M->140M(278M) 2.331ms
[454.457s][info][gc] GC(6918) Pause Young (Allocation Failure) 217M->140M(278M) 2.023ms
[454.523s][info][gc] GC(6919) Pause Young (Allocation Failure) 217M->141M(278M) 2.025ms
[454.604s][info][gc] GC(6920) Pause Young (Allocation Failure) 218M->141M(278M) 2.074ms
[454.683s][info][gc] GC(6921) Pause Young (Allocation Failure) 218M->142M(278M) 2.166ms
[454.757s][info][gc] GC(6922) Pause Young (Allocation Failure) 219M->142M(278M) 2.040ms
[454.830s][info][gc] GC(6923) Pause Young (Allocation Failure) 219M->142M(278M) 1.823ms
[454.906s][info][gc] GC(6924) Pause Young (Allocation Failure) 219M->143M(278M) 1.926ms
[454.988s][info][gc] GC(6925) Pause Young (Allocation Failure) 220M->144M(278M) 2.269ms
[455.061s][info][gc] GC(6926) Pause Young (Allocation Failure) 221M->145M(278M) 1.985ms
[455.131s][info][gc] GC(6927) Pause Young (Allocation Failure) 222M->145M(278M) 1.942ms
[455.214s][info][gc] GC(6928) Pause Young (Allocation Failure) 222M->146M(278M) 2.136ms
[455.289s][info][gc] GC(6929) Pause Young (Allocation Failure) 223M->146M(278M) 2.185ms
[455.477s][info][gc] GC(6930) Pause Young (Allocation Failure) 223M->148M(278M) 2.333ms
[455.545s][info][gc] GC(6931) Pause Young (Allocation Failure) 225M->149M(278M) 2.501ms
[455.622s][info][gc] GC(6932) Pause Young (Allocation Failure) 226M->149M(278M) 2.141ms
[455.701s][info][gc] GC(6933) Pause Young (Allocation Failure) 226M->150M(278M) 2.249ms
[455.782s][info][gc] GC(6934) Pause Young (Allocation Failure) 227M->150M(278M) 2.297ms
[455.848s][info][gc] GC(6935) Pause Young (Allocation Failure) 227M->151M(278M) 1.619ms
[455.925s][info][gc] GC(6936) Pause Young (Allocation Failure) 228M->151M(278M) 1.846ms
[456.004s][info][gc] GC(6937) Pause Young (Allocation Failure) 228M->152M(278M) 2.079ms
[456.083s][info][gc] GC(6938) Pause Young (Allocation Failure) 229M->153M(278M) 2.128ms
[456.149s][info][gc] GC(6939) Pause Young (Allocation Failure) 230M->153M(278M) 1.960ms
[456.225s][info][gc] GC(6940) Pause Young (Allocation Failure) 230M->154M(278M) 2.056ms
[456.304s][info][gc] GC(6941) Pause Young (Allocation Failure) 231M->154M(278M) 2.219ms
[456.382s][info][gc] GC(6942) Pause Young (Allocation Failure) 231M->155M(278M) 2.041ms
[456.449s][info][gc] GC(6943) Pause Young (Allocation Failure) 232M->155M(278M) 1.942ms
[456.531s][info][gc] GC(6944) Pause Young (Allocation Failure) 232M->156M(278M) 2.168ms
[456.606s][info][gc] GC(6945) Pause Young (Allocation Failure) 233M->157M(278M) 2.068ms
[456.681s][info][gc] GC(6946) Pause Young (Allocation Failure) 234M->157M(278M) 2.048ms
[456.750s][info][gc] GC(6947) Pause Young (Allocation Failure) 234M->158M(278M) 2.086ms
[456.829s][info][gc] GC(6948) Pause Young (Allocation Failure) 235M->159M(278M) 2.320ms
[456.906s][info][gc] GC(6949) Pause Young (Allocation Failure) 236M->159M(278M) 2.076ms
[456.976s][info][gc] GC(6950) Pause Young (Allocation Failure) 236M->159M(278M) 1.834ms
[457.052s][info][gc] GC(6951) Pause Young (Allocation Failure) 236M->161M(278M) 2.083ms
[457.131s][info][gc] GC(6952) Pause Young (Allocation Failure) 237M->161M(278M) 2.322ms
[457.206s][info][gc] GC(6953) Pause Young (Allocation Failure) 238M->161M(278M) 1.988ms
[457.278s][info][gc] GC(6954) Pause Young (Allocation Failure) 238M->161M(278M) 1.822ms
[457.350s][info][gc] GC(6955) Pause Young (Allocation Failure) 238M->162M(278M) 1.928ms
[457.432s][info][gc] GC(6956) Pause Young (Allocation Failure) 239M->163M(278M) 2.317ms
[457.506s][info][gc] GC(6957) Pause Young (Allocation Failure) 240M->164M(278M) 2.069ms
[457.584s][info][gc] GC(6958) Pause Young (Allocation Failure) 241M->164M(278M) 1.994ms
[457.650s][info][gc] GC(6959) Pause Young (Allocation Failure) 241M->165M(278M) 1.973ms
[457.729s][info][gc] GC(6960) Pause Young (Allocation Failure) 242M->165M(278M) 1.999ms
[457.805s][info][gc] GC(6961) Pause Young (Allocation Failure) 242M->166M(278M) 2.002ms
[457.886s][info][gc] GC(6962) Pause Young (Allocation Failure) 243M->167M(278M) 2.071ms
[457.952s][info][gc] GC(6963) Pause Young (Allocation Failure) 244M->167M(278M) 1.978ms
[458.035s][info][gc] GC(6964) Pause Young (Allocation Failure) 244M->168M(278M) 2.058ms
[458.112s][info][gc] GC(6965) Pause Young (Allocation Failure) 245M->168M(278M) 2.046ms
[458.186s][info][gc] GC(6966) Pause Young (Allocation Failure) 245M->169M(278M) 1.946ms
[458.258s][info][gc] GC(6967) Pause Young (Allocation Failure) 246M->169M(278M) 1.942ms
[458.333s][info][gc] GC(6968) Pause Young (Allocation Failure) 246M->170M(278M) 2.269ms
[458.415s][info][gc] GC(6969) Pause Young (Allocation Failure) 247M->171M(278M) 2.137ms
[458.485s][info][gc] GC(6970) Pause Young (Allocation Failure) 248M->171M(278M) 1.896ms
[458.559s][info][gc] GC(6971) Pause Young (Allocation Failure) 248M->171M(278M) 1.790ms
[458.636s][info][gc] GC(6972) Pause Young (Allocation Failure) 248M->173M(278M) 2.246ms
[458.712s][info][gc] GC(6973) Pause Young (Allocation Failure) 250M->173M(278M) 2.236ms
[458.782s][info][gc] GC(6974) Pause Young (Allocation Failure) 250M->174M(278M) 2.038ms
[458.857s][info][gc] GC(6975) Pause Young (Allocation Failure) 251M->175M(278M) 2.139ms
[458.937s][info][gc] GC(6976) Pause Young (Allocation Failure) 252M->175M(278M) 2.004ms
[459.016s][info][gc] GC(6977) Pause Young (Allocation Failure) 252M->176M(278M) 2.090ms
[459.088s][info][gc] GC(6978) Pause Young (Allocation Failure) 253M->176M(278M) 2.056ms
[459.164s][info][gc] GC(6979) Pause Young (Allocation Failure) 253M->176M(278M) 1.892ms
[459.241s][info][gc] GC(6980) Pause Young (Allocation Failure) 253M->178M(278M) 2.134ms
[459.319s][info][gc] GC(6981) Pause Young (Allocation Failure) 255M->178M(278M) 2.284ms
[459.393s][info][gc] GC(6982) Pause Young (Allocation Failure) 255M->178M(278M) 1.958ms
[459.464s][info][gc] GC(6983) Pause Young (Allocation Failure) 255M->179M(278M) 1.878ms
[459.543s][info][gc] GC(6984) Pause Young (Allocation Failure) 256M->179M(278M) 2.066ms
[459.620s][info][gc] GC(6985) Pause Young (Allocation Failure) 256M->180M(278M) 2.228ms
[459.693s][info][gc] GC(6986) Pause Young (Allocation Failure) 257M->181M(278M) 2.205ms
[459.766s][info][gc] GC(6987) Pause Young (Allocation Failure) 258M->181M(278M) 2.018ms
[459.854s][info][gc] GC(6988) Pause Young (Allocation Failure) 258M->182M(278M) 2.262ms
[459.928s][info][gc] GC(6989) Pause Young (Allocation Failure) 259M->182M(278M) 2.247ms
[460.002s][info][gc] GC(6990) Pause Young (Allocation Failure) 259M->183M(278M) 1.914ms
[460.078s][info][gc] GC(6991) Pause Young (Allocation Failure) 260M->183M(278M) 1.930ms
[460.157s][info][gc] GC(6992) Pause Young (Allocation Failure) 260M->184M(278M) 2.264ms
[460.232s][info][gc] GC(6993) Pause Young (Allocation Failure) 261M->185M(278M) 2.309ms
[460.303s][info][gc] GC(6994) Pause Young (Allocation Failure) 262M->185M(278M) 1.993ms
[460.386s][info][gc] GC(6995) Pause Young (Allocation Failure) 262M->186M(278M) 1.878ms
[460.462s][info][gc] GC(6996) Pause Young (Allocation Failure) 263M->186M(278M) 1.964ms
[460.645s][info][gc] GC(6997) Pause Young (Allocation Failure) 263M->188M(278M) 2.542ms
[460.711s][info][gc] GC(6998) Pause Young (Allocation Failure) 265M->188M(278M) 2.110ms
[460.794s][info][gc] GC(6999) Pause Young (Allocation Failure) 265M->189M(278M) 2.208ms
[460.870s][info][gc] GC(7000) Pause Young (Allocation Failure) 266M->190M(278M) 2.413ms
[460.951s][info][gc] GC(7001) Pause Young (Allocation Failure) 267M->191M(278M) 2.098ms
[461.023s][info][gc] GC(7002) Pause Young (Allocation Failure) 267M->191M(278M) 2.047ms
[461.098s][info][gc] GC(7003) Pause Young (Allocation Failure) 268M->192M(278M) 1.912ms
[461.173s][info][gc] GC(7004) Pause Young (Allocation Failure) 268M->192M(278M) 1.954ms
[461.249s][info][gc] GC(7005) Pause Young (Allocation Failure) 269M->193M(278M) 2.022ms
[461.322s][info][gc] GC(7006) Pause Young (Allocation Failure) 270M->193M(278M) 2.154ms
[461.396s][info][gc] GC(7007) Pause Young (Allocation Failure) 270M->194M(278M) 2.068ms
[461.470s][info][gc] GC(7008) Pause Young (Allocation Failure) 271M->194M(278M) 2.065ms
[461.550s][info][gc] GC(7009) Pause Young (Allocation Failure) 271M->195M(278M) 2.154ms
[461.621s][info][gc] GC(7010) Pause Young (Allocation Failure) 272M->195M(278M) 1.969ms
[461.695s][info][gc] GC(7011) Pause Young (Allocation Failure) 272M->196M(278M) 2.067ms
[461.772s][info][gc] GC(7012) Pause Young (Allocation Failure) 273M->197M(278M) 2.081ms
[461.798s][info][gc] GC(7013) Pause Full (Allocation Failure) 197M->36M(278M) 26.581ms
[461.874s][info][gc] GC(7014) Pause Young (Allocation Failure) 113M->38M(278M) 1.039ms
[461.947s][info][gc] GC(7015) Pause Young (Allocation Failure) 115M->38M(278M) 1.142ms
[462.022s][info][gc] GC(7016) Pause Young (Allocation Failure) 115M->39M(278M) 1.321ms
[462.101s][info][gc] GC(7017) Pause Young (Allocation Failure) 116M->40M(278M) 1.597ms
[462.177s][info][gc] GC(7018) Pause Young (Allocation Failure) 117M->40M(278M) 1.739ms
[462.249s][info][gc] GC(7019) Pause Young (Allocation Failure) 117M->41M(278M) 1.883ms
[462.320s][info][gc] GC(7020) Pause Young (Allocation Failure) 118M->41M(278M) 2.033ms
[462.401s][info][gc] GC(7021) Pause Young (Allocation Failure) 118M->42M(278M) 2.247ms
[462.469s][info][gc] GC(7022) Pause Young (Allocation Failure) 119M->42M(278M) 1.909ms
[462.552s][info][gc] GC(7023) Pause Young (Allocation Failure) 119M->43M(278M) 1.881ms
[462.625s][info][gc] GC(7024) Pause Young (Allocation Failure) 120M->44M(278M) 2.052ms
[462.701s][info][gc] GC(7025) Pause Young (Allocation Failure) 120M->44M(278M) 2.142ms
[462.777s][info][gc] GC(7026) Pause Young (Allocation Failure) 121M->44M(278M) 1.905ms
[462.855s][info][gc] GC(7027) Pause Young (Allocation Failure) 121M->45M(278M) 1.917ms
[462.930s][info][gc] GC(7028) Pause Young (Allocation Failure) 122M->46M(278M) 2.191ms
[463.010s][info][gc] GC(7029) Pause Young (Allocation Failure) 123M->47M(278M) 2.164ms
[463.077s][info][gc] GC(7030) Pause Young (Allocation Failure) 124M->47M(278M) 1.870ms
[463.152s][info][gc] GC(7031) Pause Young (Allocation Failure) 124M->47M(278M) 1.735ms
[463.228s][info][gc] GC(7032) Pause Young (Allocation Failure) 124M->48M(278M) 1.997ms
[463.299s][info][gc] GC(7033) Pause Young (Allocation Failure) 125M->49M(278M) 2.177ms
[463.376s][info][gc] GC(7034) Pause Young (Allocation Failure) 126M->49M(278M) 1.903ms
[463.450s][info][gc] GC(7035) Pause Young (Allocation Failure) 126M->50M(278M) 1.933ms
[463.529s][info][gc] GC(7036) Pause Young (Allocation Failure) 127M->51M(278M) 2.403ms
[463.609s][info][gc] GC(7037) Pause Young (Allocation Failure) 128M->51M(278M) 2.308ms
[463.677s][info][gc] GC(7038) Pause Young (Allocation Failure) 128M->52M(278M) 1.953ms
[463.755s][info][gc] GC(7039) Pause Young (Allocation Failure) 129M->52M(278M) 2.029ms
[463.834s][info][gc] GC(7040) Pause Young (Allocation Failure) 129M->53M(278M) 2.152ms
[463.915s][info][gc] GC(7041) Pause Young (Allocation Failure) 130M->54M(278M) 2.184ms
[463.987s][info][gc] GC(7042) Pause Young (Allocation Failure) 131M->54M(278M) 1.857ms
[464.063s][info][gc] GC(7043) Pause Young (Allocation Failure) 131M->55M(278M) 2.032ms
[464.142s][info][gc] GC(7044) Pause Young (Allocation Failure) 132M->55M(278M) 2.203ms
[464.221s][info][gc] GC(7045) Pause Young (Allocation Failure) 132M->56M(278M) 1.985ms
[464.292s][info][gc] GC(7046) Pause Young (Allocation Failure) 133M->56M(278M) 1.829ms
[464.366s][info][gc] GC(7047) Pause Young (Allocation Failure) 133M->57M(278M) 2.091ms
[464.446s][info][gc] GC(7048) Pause Young (Allocation Failure) 134M->58M(278M) 2.313ms
[464.521s][info][gc] GC(7049) Pause Young (Allocation Failure) 135M->59M(278M) 2.126ms
[464.595s][info][gc] GC(7050) Pause Young (Allocation Failure) 135M->58M(278M) 1.863ms
[464.666s][info][gc] GC(7051) Pause Young (Allocation Failure) 135M->59M(278M) 1.957ms
[464.742s][info][gc] GC(7052) Pause Young (Allocation Failure) 136M->60M(278M) 2.237ms
[464.822s][info][gc] GC(7053) Pause Young (Allocation Failure) 137M->61M(278M) 2.219ms
[464.897s][info][gc] GC(7054) Pause Young (Allocation Failure) 138M->61M(278M) 1.949ms
[464.969s][info][gc] GC(7055) Pause Young (Allocation Failure) 138M->62M(278M) 2.185ms
[465.048s][info][gc] GC(7056) Pause Young (Allocation Failure) 139M->62M(278M) 2.113ms
[465.129s][info][gc] GC(7057) Pause Young (Allocation Failure) 139M->63M(278M) 2.287ms
[465.199s][info][gc] GC(7058) Pause Young (Allocation Failure) 140M->63M(278M) 1.747ms
[465.275s][info][gc] GC(7059) Pause Young (Allocation Failure) 140M->64M(278M) 1.877ms
[465.357s][info][gc] GC(7060) Pause Young (Allocation Failure) 141M->65M(278M) 2.042ms
[465.434s][info][gc] GC(7061) Pause Young (Allocation Failure) 142M->66M(278M) 2.223ms
[465.507s][info][gc] GC(7062) Pause Young (Allocation Failure) 143M->66M(278M) 1.891ms
[465.580s][info][gc] GC(7063) Pause Young (Allocation Failure) 143M->67M(278M) 2.015ms
[465.661s][info][gc] GC(7064) Pause Young (Allocation Failure) 144M->67M(278M) 2.238ms
[465.835s][info][gc] GC(7065) Pause Young (Allocation Failure) 144M->68M(278M) 2.322ms
[465.905s][info][gc] GC(7066) Pause Young (Allocation Failure) 145M->69M(278M) 2.299ms
[465.983s][info][gc] GC(7067) Pause Young (Allocation Failure) 146M->70M(278M) 2.316ms
[466.062s][info][gc] GC(7068) Pause Young (Allocation Failure) 147M->70M(278M) 2.231ms
[466.140s][info][gc] GC(7069) Pause Young (Allocation Failure) 147M->71M(278M) 2.199ms
[466.208s][info][gc] GC(7070) Pause Young (Allocation Failure) 148M->71M(278M) 2.083ms
[466.287s][info][gc] GC(7071) Pause Young (Allocation Failure) 148M->72M(278M) 1.906ms
[466.361s][info][gc] GC(7072) Pause Young (Allocation Failure) 149M->73M(278M) 2.058ms
[466.442s][info][gc] GC(7073) Pause Young (Allocation Failure) 150M->73M(278M) 2.056ms
[466.508s][info][gc] GC(7074) Pause Young (Allocation Failure) 150M->73M(278M) 1.864ms
[466.588s][info][gc] GC(7075) Pause Young (Allocation Failure) 150M->74M(278M) 2.042ms
[466.664s][info][gc] GC(7076) Pause Young (Allocation Failure) 151M->75M(278M) 2.243ms
[466.742s][info][gc] GC(7077) Pause Young (Allocation Failure) 152M->76M(278M) 2.070ms
[466.810s][info][gc] GC(7078) Pause Young (Allocation Failure) 153M->76M(278M) 1.801ms
[466.889s][info][gc] GC(7079) Pause Young (Allocation Failure) 153M->77M(278M) 2.032ms
[466.966s][info][gc] GC(7080) Pause Young (Allocation Failure) 154M->77M(278M) 2.279ms
[467.044s][info][gc] GC(7081) Pause Young (Allocation Failure) 154M->78M(278M) 2.074ms
[467.116s][info][gc] GC(7082) Pause Young (Allocation Failure) 155M->78M(278M) 1.786ms
[467.189s][info][gc] GC(7083) Pause Young (Allocation Failure) 155M->79M(278M) 1.925ms
[467.270s][info][gc] GC(7084) Pause Young (Allocation Failure) 156M->80M(278M) 2.304ms
[467.343s][info][gc] GC(7085) Pause Young (Allocation Failure) 157M->80M(278M) 1.987ms
[467.417s][info][gc] GC(7086) Pause Young (Allocation Failure) 157M->80M(278M) 1.760ms
[467.492s][info][gc] GC(7087) Pause Young (Allocation Failure) 157M->81M(278M) 1.921ms
[467.567s][info][gc] GC(7088) Pause Young (Allocation Failure) 158M->82M(278M) 2.408ms
[467.644s][info][gc] GC(7089) Pause Young (Allocation Failure) 159M->83M(278M) 2.123ms
[467.710s][info][gc] GC(7090) Pause Young (Allocation Failure) 160M->83M(278M) 1.800ms
[467.785s][info][gc] GC(7091) Pause Young (Allocation Failure) 160M->84M(278M) 1.987ms
[467.868s][info][gc] GC(7092) Pause Young (Allocation Failure) 161M->85M(278M) 2.352ms
[467.949s][info][gc] GC(7093) Pause Young (Allocation Failure) 162M->85M(278M) 2.165ms
[468.021s][info][gc] GC(7094) Pause Young (Allocation Failure) 162M->85M(278M) 1.782ms
[468.097s][info][gc] GC(7095) Pause Young (Allocation Failure) 162M->86M(278M) 2.096ms
[468.174s][info][gc] GC(7096) Pause Young (Allocation Failure) 163M->87M(278M) 2.275ms
[468.249s][info][gc] GC(7097) Pause Young (Allocation Failure) 164M->87M(278M) 2.029ms
[468.315s][info][gc] GC(7098) Pause Young (Allocation Failure) 164M->87M(278M) 1.667ms
[468.397s][info][gc] GC(7099) Pause Young (Allocation Failure) 164M->89M(278M) 2.067ms
[468.476s][info][gc] GC(7100) Pause Young (Allocation Failure) 166M->89M(278M) 2.246ms
[468.553s][info][gc] GC(7101) Pause Young (Allocation Failure) 166M->90M(278M) 2.018ms
[468.637s][info][gc] GC(7102) Pause Young (Allocation Failure) 167M->90M(278M) 2.068ms
[468.702s][info][gc] GC(7103) Pause Young (Allocation Failure) 167M->90M(278M) 1.816ms
[468.783s][info][gc] GC(7104) Pause Young (Allocation Failure) 167M->91M(278M) 1.999ms
[468.855s][info][gc] GC(7105) Pause Young (Allocation Failure) 168M->92M(278M) 2.181ms
[468.924s][info][gc] GC(7106) Pause Young (Allocation Failure) 169M->92M(278M) 1.828ms
[469.004s][info][gc] GC(7107) Pause Young (Allocation Failure) 169M->93M(278M) 1.993ms
[469.079s][info][gc] GC(7108) Pause Young (Allocation Failure) 170M->94M(278M) 2.354ms
[469.158s][info][gc] GC(7109) Pause Young (Allocation Failure) 171M->94M(278M) 2.048ms
[469.225s][info][gc] GC(7110) Pause Young (Allocation Failure) 171M->94M(278M) 1.622ms
[469.307s][info][gc] GC(7111) Pause Young (Allocation Failure) 171M->96M(278M) 2.084ms
[469.388s][info][gc] GC(7112) Pause Young (Allocation Failure) 173M->96M(278M) 2.362ms
[469.465s][info][gc] GC(7113) Pause Young (Allocation Failure) 173M->97M(278M) 2.032ms
[469.540s][info][gc] GC(7114) Pause Young (Allocation Failure) 174M->97M(278M) 1.856ms
[469.613s][info][gc] GC(7115) Pause Young (Allocation Failure) 174M->98M(278M) 1.906ms
[469.693s][info][gc] GC(7116) Pause Young (Allocation Failure) 175M->98M(278M) 2.214ms
[469.768s][info][gc] GC(7117) Pause Young (Allocation Failure) 175M->99M(278M) 1.984ms
[469.846s][info][gc] GC(7118) Pause Young (Allocation Failure) 176M->99M(278M) 1.875ms
[469.917s][info][gc] GC(7119) Pause Young (Allocation Failure) 176M->100M(278M) 2.146ms
[469.997s][info][gc] GC(7120) Pause Young (Allocation Failure) 177M->101M(278M) 2.308ms
[470.075s][info][gc] GC(7121) Pause Young (Allocation Failure) 178M->101M(278M) 2.068ms
[470.149s][info][gc] GC(7122) Pause Young (Allocation Failure) 178M->101M(278M) 1.786ms
[470.224s][info][gc] GC(7123) Pause Young (Allocation Failure) 178M->103M(278M) 2.073ms
[470.303s][info][gc] GC(7124) Pause Young (Allocation Failure) 180M->103M(278M) 2.284ms
[470.382s][info][gc] GC(7125) Pause Young (Allocation Failure) 180M->104M(278M) 2.156ms
[470.455s][info][gc] GC(7126) Pause Young (Allocation Failure) 181M->104M(278M) 2.066ms
[470.528s][info][gc] GC(7127) Pause Young (Allocation Failure) 181M->105M(278M) 2.048ms
[470.602s][info][gc] GC(7128) Pause Young (Allocation Failure) 182M->105M(278M) 2.011ms
[470.679s][info][gc] GC(7129) Pause Young (Allocation Failure) 182M->106M(278M) 2.052ms
[470.755s][info][gc] GC(7130) Pause Young (Allocation Failure) 183M->107M(278M) 2.074ms
[470.829s][info][gc] GC(7131) Pause Young (Allocation Failure) 184M->107M(278M) 2.059ms
[471.002s][info][gc] GC(7132) Pause Young (Allocation Failure) 184M->114M(278M) 4.421ms
[471.031s][info][gc] GC(7133) Pause Young (Allocation Failure) 190M->114M(278M) 3.800ms
[471.059s][info][gc] GC(7134) Pause Young (Allocation Failure) 191M->116M(278M) 1.423ms
[471.086s][info][gc] GC(7135) Pause Young (Allocation Failure) 193M->116M(278M) 1.572ms
[471.122s][info][gc] GC(7136) Pause Young (Allocation Failure) 193M->119M(278M) 2.528ms
[471.150s][info][gc] GC(7137) Pause Young (Allocation Failure) 196M->120M(278M) 2.834ms
[471.182s][info][gc] GC(7138) Pause Young (Allocation Failure) 197M->121M(278M) 2.460ms
[471.206s][info][gc] GC(7139) Pause Young (Allocation Failure) 198M->121M(278M) 1.461ms
[471.241s][info][gc] GC(7140) Pause Young (Allocation Failure) 198M->124M(278M) 2.324ms
[471.274s][info][gc] GC(7141) Pause Young (Allocation Failure) 201M->126M(278M) 2.854ms
[471.300s][info][gc] GC(7142) Pause Young (Allocation Failure) 203M->126M(278M) 2.594ms
[471.325s][info][gc] GC(7143) Pause Young (Allocation Failure) 203M->126M(278M) 1.421ms
[471.362s][info][gc] GC(7144) Pause Young (Allocation Failure) 203M->129M(278M) 2.323ms
[471.394s][info][gc] GC(7145) Pause Young (Allocation Failure) 206M->131M(278M) 2.761ms
[471.422s][info][gc] GC(7146) Pause Young (Allocation Failure) 207M->131M(278M) 2.697ms
[471.448s][info][gc] GC(7147) Pause Young (Allocation Failure) 208M->132M(278M) 1.607ms
[471.482s][info][gc] GC(7148) Pause Young (Allocation Failure) 209M->134M(278M) 2.413ms
[471.511s][info][gc] GC(7149) Pause Young (Allocation Failure) 211M->136M(278M) 2.775ms
[471.541s][info][gc] GC(7150) Pause Young (Allocation Failure) 213M->136M(278M) 2.710ms
[471.568s][info][gc] GC(7151) Pause Young (Allocation Failure) 213M->137M(278M) 1.760ms
[471.599s][info][gc] GC(7152) Pause Young (Allocation Failure) 214M->139M(278M) 2.349ms
[471.632s][info][gc] GC(7153) Pause Young (Allocation Failure) 216M->140M(278M) 2.753ms
[471.661s][info][gc] GC(7154) Pause Young (Allocation Failure) 217M->141M(278M) 2.661ms
[471.687s][info][gc] GC(7155) Pause Young (Allocation Failure) 217M->141M(278M) 1.778ms
[471.723s][info][gc] GC(7156) Pause Young (Allocation Failure) 218M->143M(278M) 2.296ms
[471.756s][info][gc] GC(7157) Pause Young (Allocation Failure) 220M->144M(278M) 2.778ms
[471.785s][info][gc] GC(7158) Pause Young (Allocation Failure) 221M->145M(278M) 2.711ms
[471.809s][info][gc] GC(7159) Pause Young (Allocation Failure) 222M->145M(278M) 1.684ms
[471.840s][info][gc] GC(7160) Pause Young (Allocation Failure) 222M->147M(278M) 2.230ms
[471.874s][info][gc] GC(7161) Pause Young (Allocation Failure) 224M->149M(278M) 2.815ms
[471.903s][info][gc] GC(7162) Pause Young (Allocation Failure) 226M->150M(278M) 2.976ms
[471.929s][info][gc] GC(7163) Pause Young (Allocation Failure) 226M->150M(278M) 1.731ms
[471.959s][info][gc] GC(7164) Pause Young (Allocation Failure) 226M->151M(278M) 1.982ms
[471.994s][info][gc] GC(7165) Pause Young (Allocation Failure) 228M->153M(278M) 2.806ms
[472.024s][info][gc] GC(7166) Pause Young (Allocation Failure) 230M->153M(278M) 2.811ms
[472.053s][info][gc] GC(7167) Pause Young (Allocation Failure) 230M->154M(278M) 2.160ms
[472.080s][info][gc] GC(7168) Pause Young (Allocation Failure) 231M->155M(278M) 2.262ms
[472.115s][info][gc] GC(7169) Pause Young (Allocation Failure) 232M->157M(278M) 2.648ms
[472.145s][info][gc] GC(7170) Pause Young (Allocation Failure) 234M->158M(278M) 2.955ms
[472.174s][info][gc] GC(7171) Pause Young (Allocation Failure) 235M->159M(278M) 2.095ms
[472.203s][info][gc] GC(7172) Pause Young (Allocation Failure) 236M->160M(278M) 2.468ms
[472.236s][info][gc] GC(7173) Pause Young (Allocation Failure) 237M->162M(278M) 2.608ms
[472.265s][info][gc] GC(7174) Pause Young (Allocation Failure) 239M->163M(278M) 2.975ms
[472.294s][info][gc] GC(7175) Pause Young (Allocation Failure) 240M->164M(278M) 1.924ms
[472.323s][info][gc] GC(7176) Pause Young (Allocation Failure) 241M->165M(278M) 2.467ms
[472.360s][info][gc] GC(7177) Pause Young (Allocation Failure) 242M->168M(278M) 2.583ms
[472.388s][info][gc] GC(7178) Pause Young (Allocation Failure) 245M->168M(278M) 2.847ms
[472.417s][info][gc] GC(7179) Pause Young (Allocation Failure) 245M->169M(278M) 2.027ms
[472.447s][info][gc] GC(7180) Pause Young (Allocation Failure) 246M->170M(278M) 2.367ms
[472.482s][info][gc] GC(7181) Pause Young (Allocation Failure) 247M->172M(278M) 2.745ms
[472.510s][info][gc] GC(7182) Pause Young (Allocation Failure) 249M->173M(278M) 2.793ms
[472.539s][info][gc] GC(7183) Pause Young (Allocation Failure) 250M->174M(278M) 2.001ms
[472.569s][info][gc] GC(7184) Pause Young (Allocation Failure) 251M->175M(278M) 2.416ms
[472.603s][info][gc] GC(7185) Pause Young (Allocation Failure) 252M->177M(278M) 2.546ms
[472.633s][info][gc] GC(7186) Pause Young (Allocation Failure) 254M->178M(278M) 2.910ms
[472.659s][info][gc] GC(7187) Pause Young (Allocation Failure) 255M->178M(278M) 2.434ms
[472.689s][info][gc] GC(7188) Pause Young (Allocation Failure) 255M->180M(278M) 2.378ms
[472.722s][info][gc] GC(7189) Pause Young (Allocation Failure) 257M->182M(278M) 2.530ms
[472.754s][info][gc] GC(7190) Pause Young (Allocation Failure) 258M->182M(278M) 2.736ms
[472.780s][info][gc] GC(7191) Pause Young (Allocation Failure) 259M->183M(278M) 2.378ms
[472.814s][info][gc] GC(7192) Pause Young (Allocation Failure) 260M->185M(278M) 2.559ms
[472.847s][info][gc] GC(7193) Pause Young (Allocation Failure) 262M->186M(278M) 2.699ms
[472.875s][info][gc] GC(7194) Pause Young (Allocation Failure) 263M->186M(278M) 2.619ms
[472.901s][info][gc] GC(7195) Pause Young (Allocation Failure) 263M->187M(278M) 2.009ms
[472.936s][info][gc] GC(7196) Pause Young (Allocation Failure) 264M->189M(278M) 2.632ms
[472.967s][info][gc] GC(7197) Pause Young (Allocation Failure) 266M->189M(278M) 2.678ms
[472.995s][info][gc] GC(7198) Pause Young (Allocation Failure) 266M->191M(278M) 2.617ms
[473.023s][info][gc] GC(7199) Pause Young (Allocation Failure) 267M->191M(278M) 2.417ms
[473.057s][info][gc] GC(7200) Pause Young (Allocation Failure) 268M->193M(278M) 2.582ms
[473.085s][info][gc] GC(7201) Pause Young (Allocation Failure) 270M->193M(278M) 2.524ms
[473.116s][info][gc] GC(7202) Pause Young (Allocation Failure) 270M->194M(278M) 2.455ms
[473.147s][info][gc] GC(7203) Pause Young (Allocation Failure) 271M->195M(278M) 2.583ms
[473.179s][info][gc] GC(7204) Pause Young (Allocation Failure) 272M->197M(278M) 2.432ms
[473.211s][info][gc] GC(7205) Pause Young (Allocation Failure) 274M->197M(278M) 2.616ms
[473.242s][info][gc] GC(7206) Pause Young (Allocation Failure) 274M->198M(279M) 2.690ms
[473.286s][info][gc] GC(7207) Pause Full (Allocation Failure) 198M->76M(278M) 44.498ms
[473.313s][info][gc] GC(7208) Pause Young (Allocation Failure) 153M->78M(278M) 1.042ms
[473.345s][info][gc] GC(7209) Pause Young (Allocation Failure) 155M->80M(278M) 1.940ms
[473.372s][info][gc] GC(7210) Pause Young (Allocation Failure) 157M->81M(278M) 2.031ms
[473.405s][info][gc] GC(7211) Pause Young (Allocation Failure) 158M->83M(278M) 2.778ms
[473.434s][info][gc] GC(7212) Pause Young (Allocation Failure) 160M->83M(278M) 2.212ms
[473.466s][info][gc] GC(7213) Pause Young (Allocation Failure) 160M->85M(278M) 2.587ms
[473.494s][info][gc] GC(7214) Pause Young (Allocation Failure) 162M->85M(278M) 2.466ms
[473.527s][info][gc] GC(7215) Pause Young (Allocation Failure) 162M->87M(278M) 2.616ms
[473.555s][info][gc] GC(7216) Pause Young (Allocation Failure) 163M->86M(278M) 2.116ms
[473.588s][info][gc] GC(7217) Pause Young (Allocation Failure) 163M->89M(278M) 2.475ms
[473.617s][info][gc] GC(7218) Pause Young (Allocation Failure) 166M->89M(278M) 2.581ms
[473.647s][info][gc] GC(7219) Pause Young (Allocation Failure) 166M->90M(278M) 2.510ms
[473.672s][info][gc] GC(7220) Pause Young (Allocation Failure) 167M->90M(278M) 2.066ms
[473.711s][info][gc] GC(7221) Pause Young (Allocation Failure) 167M->93M(278M) 2.699ms
[473.737s][info][gc] GC(7222) Pause Young (Allocation Failure) 170M->93M(278M) 2.470ms
[473.771s][info][gc] GC(7223) Pause Young (Allocation Failure) 170M->95M(278M) 2.244ms
[473.800s][info][gc] GC(7224) Pause Young (Allocation Failure) 172M->94M(278M) 2.328ms
[473.837s][info][gc] GC(7225) Pause Young (Allocation Failure) 171M->97M(278M) 2.898ms
[473.864s][info][gc] GC(7226) Pause Young (Allocation Failure) 174M->96M(278M) 2.525ms
[473.895s][info][gc] GC(7227) Pause Young (Allocation Failure) 173M->98M(278M) 2.112ms
[473.926s][info][gc] GC(7228) Pause Young (Allocation Failure) 175M->99M(278M) 2.376ms
[473.957s][info][gc] GC(7229) Pause Young (Allocation Failure) 176M->100M(278M) 2.501ms
[473.986s][info][gc] GC(7230) Pause Young (Allocation Failure) 177M->101M(278M) 2.575ms
[474.015s][info][gc] GC(7231) Pause Young (Allocation Failure) 178M->102M(278M) 2.704ms
[474.043s][info][gc] GC(7232) Pause Young (Allocation Failure) 179M->103M(278M) 2.283ms
[474.079s][info][gc] GC(7233) Pause Young (Allocation Failure) 180M->105M(278M) 2.846ms
[474.109s][info][gc] GC(7234) Pause Young (Allocation Failure) 182M->106M(278M) 2.743ms
[474.139s][info][gc] GC(7235) Pause Young (Allocation Failure) 182M->107M(278M) 2.129ms
[474.166s][info][gc] GC(7236) Pause Young (Allocation Failure) 184M->107M(278M) 2.530ms
[474.200s][info][gc] GC(7237) Pause Young (Allocation Failure) 184M->109M(278M) 2.589ms
[474.229s][info][gc] GC(7238) Pause Young (Allocation Failure) 186M->110M(278M) 2.645ms
[474.262s][info][gc] GC(7239) Pause Young (Allocation Failure) 187M->111M(278M) 2.681ms
[474.290s][info][gc] GC(7240) Pause Young (Allocation Failure) 188M->111M(278M) 2.286ms
[474.324s][info][gc] GC(7241) Pause Young (Allocation Failure) 188M->113M(278M) 2.613ms
[474.354s][info][gc] GC(7242) Pause Young (Allocation Failure) 190M->114M(278M) 2.833ms
[474.386s][info][gc] GC(7243) Pause Young (Allocation Failure) 191M->115M(278M) 2.795ms
[474.413s][info][gc] GC(7244) Pause Young (Allocation Failure) 192M->116M(278M) 2.466ms
[474.445s][info][gc] GC(7245) Pause Young (Allocation Failure) 192M->117M(278M) 2.576ms
[474.474s][info][gc] GC(7246) Pause Young (Allocation Failure) 194M->118M(278M) 2.690ms
[474.505s][info][gc] GC(7247) Pause Young (Allocation Failure) 195M->119M(278M) 2.526ms
[474.536s][info][gc] GC(7248) Pause Young (Allocation Failure) 196M->119M(278M) 2.221ms
[474.570s][info][gc] GC(7249) Pause Young (Allocation Failure) 196M->121M(278M) 2.963ms
[474.599s][info][gc] GC(7250) Pause Young (Allocation Failure) 198M->122M(278M) 2.783ms
[474.632s][info][gc] GC(7251) Pause Young (Allocation Failure) 199M->123M(278M) 2.170ms
[474.661s][info][gc] GC(7252) Pause Young (Allocation Failure) 200M->124M(278M) 2.386ms
[474.695s][info][gc] GC(7253) Pause Young (Allocation Failure) 201M->126M(278M) 2.710ms
[474.723s][info][gc] GC(7254) Pause Young (Allocation Failure) 203M->127M(278M) 2.710ms
[474.753s][info][gc] GC(7255) Pause Young (Allocation Failure) 203M->128M(278M) 1.976ms
[474.783s][info][gc] GC(7256) Pause Young (Allocation Failure) 205M->128M(278M) 2.203ms
[474.819s][info][gc] GC(7257) Pause Young (Allocation Failure) 205M->131M(278M) 2.895ms
[474.850s][info][gc] GC(7258) Pause Young (Allocation Failure) 208M->131M(278M) 2.960ms
[474.877s][info][gc] GC(7259) Pause Young (Allocation Failure) 208M->131M(278M) 1.832ms
[474.907s][info][gc] GC(7260) Pause Young (Allocation Failure) 208M->133M(278M) 2.227ms
[474.945s][info][gc] GC(7261) Pause Young (Allocation Failure) 210M->135M(278M) 2.918ms
[474.977s][info][gc] GC(7262) Pause Young (Allocation Failure) 212M->136M(278M) 3.014ms
[475.005s][info][gc] GC(7263) Pause Young (Allocation Failure) 213M->136M(278M) 2.064ms
[475.036s][info][gc] GC(7264) Pause Young (Allocation Failure) 213M->137M(278M) 2.430ms
[475.075s][info][gc] GC(7265) Pause Young (Allocation Failure) 214M->140M(278M) 2.844ms
[475.102s][info][gc] GC(7266) Pause Young (Allocation Failure) 217M->140M(278M) 2.751ms
[475.131s][info][gc] GC(7267) Pause Young (Allocation Failure) 217M->141M(278M) 1.834ms
[475.162s][info][gc] GC(7268) Pause Young (Allocation Failure) 218M->142M(278M) 2.213ms
[475.200s][info][gc] GC(7269) Pause Young (Allocation Failure) 219M->144M(278M) 2.951ms
[475.228s][info][gc] GC(7270) Pause Young (Allocation Failure) 221M->144M(278M) 2.994ms
[475.255s][info][gc] GC(7271) Pause Young (Allocation Failure) 221M->145M(278M) 1.750ms
[475.291s][info][gc] GC(7272) Pause Young (Allocation Failure) 222M->146M(278M) 2.301ms
[475.326s][info][gc] GC(7273) Pause Young (Allocation Failure) 223M->149M(278M) 3.071ms
[475.353s][info][gc] GC(7274) Pause Young (Allocation Failure) 225M->148M(278M) 2.662ms
[475.381s][info][gc] GC(7275) Pause Young (Allocation Failure) 225M->149M(278M) 1.742ms
[475.415s][info][gc] GC(7276) Pause Young (Allocation Failure) 226M->151M(278M) 2.500ms
[475.447s][info][gc] GC(7277) Pause Young (Allocation Failure) 228M->152M(278M) 2.744ms
[475.476s][info][gc] GC(7278) Pause Young (Allocation Failure) 229M->153M(278M) 2.890ms
[475.502s][info][gc] GC(7279) Pause Young (Allocation Failure) 230M->153M(278M) 1.847ms
[475.535s][info][gc] GC(7280) Pause Young (Allocation Failure) 230M->155M(278M) 2.389ms
[475.571s][info][gc] GC(7281) Pause Young (Allocation Failure) 232M->157M(278M) 2.966ms
[475.597s][info][gc] GC(7282) Pause Young (Allocation Failure) 234M->157M(278M) 2.779ms
[475.623s][info][gc] GC(7283) Pause Young (Allocation Failure) 234M->157M(278M) 1.819ms
[475.657s][info][gc] GC(7284) Pause Young (Allocation Failure) 234M->159M(278M) 2.419ms
[475.691s][info][gc] GC(7285) Pause Young (Allocation Failure) 236M->161M(278M) 3.008ms
[475.718s][info][gc] GC(7286) Pause Young (Allocation Failure) 238M->162M(278M) 2.892ms
[475.744s][info][gc] GC(7287) Pause Young (Allocation Failure) 239M->162M(278M) 1.792ms
[475.773s][info][gc] GC(7288) Pause Young (Allocation Failure) 238M->163M(278M) 2.279ms
[475.810s][info][gc] GC(7289) Pause Young (Allocation Failure) 240M->165M(278M) 2.793ms
[475.838s][info][gc] GC(7290) Pause Young (Allocation Failure) 241M->165M(278M) 2.775ms
[475.865s][info][gc] GC(7291) Pause Young (Allocation Failure) 242M->166M(278M) 2.045ms
[475.894s][info][gc] GC(7292) Pause Young (Allocation Failure) 243M->167M(278M) 2.410ms
[475.930s][info][gc] GC(7293) Pause Young (Allocation Failure) 244M->170M(278M) 2.554ms
[475.960s][info][gc] GC(7294) Pause Young (Allocation Failure) 247M->171M(278M) 2.867ms
[475.987s][info][gc] GC(7295) Pause Young (Allocation Failure) 248M->172M(278M) 2.257ms
[476.016s][info][gc] GC(7296) Pause Young (Allocation Failure) 248M->173M(278M) 1.870ms
[476.050s][info][gc] GC(7297) Pause Young (Allocation Failure) 250M->175M(278M) 2.622ms
[476.080s][info][gc] GC(7298) Pause Young (Allocation Failure) 252M->176M(278M) 2.904ms
[476.106s][info][gc] GC(7299) Pause Young (Allocation Failure) 253M->177M(278M) 2.077ms
[476.136s][info][gc] GC(7300) Pause Young (Allocation Failure) 254M->178M(278M) 1.806ms
[476.171s][info][gc] GC(7301) Pause Young (Allocation Failure) 255M->180M(278M) 2.364ms
[476.202s][info][gc] GC(7302) Pause Young (Allocation Failure) 257M->182M(278M) 2.873ms
[476.227s][info][gc] GC(7303) Pause Young (Allocation Failure) 259M->182M(278M) 2.113ms
[476.260s][info][gc] GC(7304) Pause Young (Allocation Failure) 259M->184M(278M) 1.960ms
[476.291s][info][gc] GC(7305) Pause Young (Allocation Failure) 261M->186M(278M) 2.327ms
[476.322s][info][gc] GC(7306) Pause Young (Allocation Failure) 263M->187M(278M) 2.777ms
[476.347s][info][gc] GC(7307) Pause Young (Allocation Failure) 264M->188M(278M) 2.468ms
[476.381s][info][gc] GC(7308) Pause Young (Allocation Failure) 265M->189M(278M) 2.581ms
[476.413s][info][gc] GC(7309) Pause Young (Allocation Failure) 266M->191M(278M) 2.356ms
[476.442s][info][gc] GC(7310) Pause Young (Allocation Failure) 268M->192M(278M) 2.650ms
[476.468s][info][gc] GC(7311) Pause Young (Allocation Failure) 269M->192M(278M) 2.041ms
[476.501s][info][gc] GC(7312) Pause Young (Allocation Failure) 269M->194M(278M) 2.621ms
[476.534s][info][gc] GC(7313) Pause Young (Allocation Failure) 271M->196M(278M) 2.635ms
[476.565s][info][gc] GC(7314) Pause Young (Allocation Failure) 273M->197M(279M) 2.957ms
[476.641s][info][gc] GC(7315) Pause Full (Allocation Failure) 197M->137M(331M) 75.561ms
[476.673s][info][gc] GC(7316) Pause Young (Allocation Failure) 228M->139M(331M) 1.436ms
[476.705s][info][gc] GC(7317) Pause Young (Allocation Failure) 230M->140M(331M) 1.754ms
[476.744s][info][gc] GC(7318) Pause Young (Allocation Failure) 232M->143M(331M) 2.930ms
[476.782s][info][gc] GC(7319) Pause Young (Allocation Failure) 235M->144M(331M) 3.079ms
[476.815s][info][gc] GC(7320) Pause Young (Allocation Failure) 236M->144M(331M) 2.631ms
[476.857s][info][gc] GC(7321) Pause Young (Allocation Failure) 236M->146M(331M) 2.920ms
[476.889s][info][gc] GC(7322) Pause Young (Allocation Failure) 237M->146M(331M) 2.683ms
[476.923s][info][gc] GC(7323) Pause Young (Allocation Failure) 238M->147M(331M) 2.289ms
[476.959s][info][gc] GC(7324) Pause Young (Allocation Failure) 238M->147M(331M) 2.220ms
[476.995s][info][gc] GC(7325) Pause Young (Allocation Failure) 238M->149M(331M) 2.795ms
[477.029s][info][gc] GC(7326) Pause Young (Allocation Failure) 241M->150M(331M) 3.161ms
[477.064s][info][gc] GC(7327) Pause Young (Allocation Failure) 242M->151M(331M) 2.674ms
[477.105s][info][gc] GC(7328) Pause Young (Allocation Failure) 242M->153M(331M) 2.859ms
[477.138s][info][gc] GC(7329) Pause Young (Allocation Failure) 244M->154M(331M) 3.096ms
[477.172s][info][gc] GC(7330) Pause Young (Allocation Failure) 245M->153M(331M) 2.428ms
[477.227s][info][gc] GC(7331) Pause Young (Allocation Failure) 245M->152M(331M) 1.860ms
[477.352s][info][gc] GC(7332) Pause Young (Allocation Failure) 244M->154M(331M) 2.458ms
[477.419s][info][gc] GC(7333) Pause Young (Allocation Failure) 245M->156M(331M) 3.121ms
[477.466s][info][gc] GC(7334) Pause Young (Allocation Failure) 247M->159M(331M) 3.884ms
[477.505s][info][gc] GC(7335) Pause Young (Allocation Failure) 250M->160M(331M) 3.521ms
[477.542s][info][gc] GC(7336) Pause Young (Allocation Failure) 252M->160M(331M) 2.391ms
[477.586s][info][gc] GC(7337) Pause Young (Allocation Failure) 252M->163M(331M) 2.401ms
[477.627s][info][gc] GC(7338) Pause Young (Allocation Failure) 254M->164M(331M) 2.569ms
[477.669s][info][gc] GC(7339) Pause Young (Allocation Failure) 255M->163M(331M) 2.520ms
[477.717s][info][gc] GC(7340) Pause Young (Allocation Failure) 255M->165M(331M) 2.603ms
[477.751s][info][gc] GC(7341) Pause Young (Allocation Failure) 257M->165M(331M) 2.622ms
[477.792s][info][gc] GC(7342) Pause Young (Allocation Failure) 257M->165M(331M) 2.091ms
[477.832s][info][gc] GC(7343) Pause Young (Allocation Failure) 257M->167M(331M) 2.528ms
[477.871s][info][gc] GC(7344) Pause Young (Allocation Failure) 258M->168M(331M) 2.894ms
[477.913s][info][gc] GC(7345) Pause Young (Allocation Failure) 259M->168M(331M) 2.583ms
[477.951s][info][gc] GC(7346) Pause Young (Allocation Failure) 259M->169M(331M) 2.751ms
[477.989s][info][gc] GC(7347) Pause Young (Allocation Failure) 261M->169M(331M) 2.426ms
[478.037s][info][gc] GC(7348) Pause Young (Allocation Failure) 261M->171M(331M) 2.723ms
[478.072s][info][gc] GC(7349) Pause Young (Allocation Failure) 263M->172M(331M) 2.825ms
[478.110s][info][gc] GC(7350) Pause Young (Allocation Failure) 263M->172M(331M) 2.469ms
[478.155s][info][gc] GC(7351) Pause Young (Allocation Failure) 263M->173M(331M) 2.830ms
[478.190s][info][gc] GC(7352) Pause Young (Allocation Failure) 265M->174M(331M) 2.766ms
[478.227s][info][gc] GC(7353) Pause Young (Allocation Failure) 265M->173M(331M) 2.189ms
[478.269s][info][gc] GC(7354) Pause Young (Allocation Failure) 264M->175M(331M) 2.531ms
[478.307s][info][gc] GC(7355) Pause Young (Allocation Failure) 266M->175M(331M) 2.730ms
[478.350s][info][gc] GC(7356) Pause Young (Allocation Failure) 267M->175M(331M) 2.480ms
[478.388s][info][gc] GC(7357) Pause Young (Allocation Failure) 267M->177M(331M) 2.377ms
[478.423s][info][gc] GC(7358) Pause Young (Allocation Failure) 268M->177M(331M) 2.424ms
[478.470s][info][gc] GC(7359) Pause Young (Allocation Failure) 268M->179M(331M) 2.975ms
[478.508s][info][gc] GC(7360) Pause Young (Allocation Failure) 270M->179M(331M) 2.861ms
[478.543s][info][gc] GC(7361) Pause Young (Allocation Failure) 271M->180M(331M) 2.532ms
[478.586s][info][gc] GC(7362) Pause Young (Allocation Failure) 271M->180M(331M) 2.670ms
[478.624s][info][gc] GC(7363) Pause Young (Allocation Failure) 272M->181M(331M) 2.453ms
[478.661s][info][gc] GC(7364) Pause Young (Allocation Failure) 273M->181M(331M) 2.240ms
[478.706s][info][gc] GC(7365) Pause Young (Allocation Failure) 272M->183M(331M) 2.712ms
[478.740s][info][gc] GC(7366) Pause Young (Allocation Failure) 274M->183M(331M) 2.673ms
[478.779s][info][gc] GC(7367) Pause Young (Allocation Failure) 275M->183M(331M) 2.396ms
[478.826s][info][gc] GC(7368) Pause Young (Allocation Failure) 275M->185M(331M) 2.684ms
[478.864s][info][gc] GC(7369) Pause Young (Allocation Failure) 276M->185M(331M) 2.931ms
[478.900s][info][gc] GC(7370) Pause Young (Allocation Failure) 277M->185M(331M) 2.261ms
[478.943s][info][gc] GC(7371) Pause Young (Allocation Failure) 276M->187M(331M) 2.914ms
[478.983s][info][gc] GC(7372) Pause Young (Allocation Failure) 278M->187M(331M) 2.971ms
[479.030s][info][gc] GC(7373) Pause Young (Allocation Failure) 279M->188M(331M) 2.461ms
[479.070s][info][gc] GC(7374) Pause Young (Allocation Failure) 279M->188M(331M) 2.575ms
[479.118s][info][gc] GC(7375) Pause Young (Allocation Failure) 280M->189M(331M) 2.722ms
[479.165s][info][gc] GC(7376) Pause Young (Allocation Failure) 280M->190M(331M) 2.984ms
[479.202s][info][gc] GC(7377) Pause Young (Allocation Failure) 282M->191M(331M) 2.623ms
[479.239s][info][gc] GC(7378) Pause Young (Allocation Failure) 282M->191M(331M) 2.349ms
[479.287s][info][gc] GC(7379) Pause Young (Allocation Failure) 283M->192M(331M) 2.954ms
[479.323s][info][gc] GC(7380) Pause Young (Allocation Failure) 284M->193M(331M) 2.615ms
[479.366s][info][gc] GC(7381) Pause Young (Allocation Failure) 284M->193M(331M) 2.258ms
[479.404s][info][gc] GC(7382) Pause Young (Allocation Failure) 284M->194M(331M) 2.672ms
[479.441s][info][gc] GC(7383) Pause Young (Allocation Failure) 286M->195M(331M) 2.882ms
[479.482s][info][gc] GC(7384) Pause Young (Allocation Failure) 286M->195M(331M) 2.384ms
[479.522s][info][gc] GC(7385) Pause Young (Allocation Failure) 286M->197M(331M) 2.775ms
[479.557s][info][gc] GC(7386) Pause Young (Allocation Failure) 288M->196M(331M) 2.736ms
[479.600s][info][gc] GC(7387) Pause Young (Allocation Failure) 288M->197M(331M) 2.423ms
[479.638s][info][gc] GC(7388) Pause Young (Allocation Failure) 289M->198M(331M) 2.607ms
[479.674s][info][gc] GC(7389) Pause Young (Allocation Failure) 290M->199M(331M) 2.549ms
[479.720s][info][gc] GC(7390) Pause Young (Allocation Failure) 290M->200M(331M) 2.982ms
[479.758s][info][gc] GC(7391) Pause Young (Allocation Failure) 292M->201M(331M) 2.813ms
[479.795s][info][gc] GC(7392) Pause Young (Allocation Failure) 292M->201M(331M) 2.349ms
[479.842s][info][gc] GC(7393) Pause Young (Allocation Failure) 292M->202M(331M) 2.642ms
[479.880s][info][gc] GC(7394) Pause Young (Allocation Failure) 294M->203M(331M) 3.091ms
[479.918s][info][gc] GC(7395) Pause Young (Allocation Failure) 295M->203M(331M) 2.613ms
[479.962s][info][gc] GC(7396) Pause Young (Allocation Failure) 295M->204M(331M) 2.888ms
[479.998s][info][gc] GC(7397) Pause Young (Allocation Failure) 296M->205M(331M) 2.860ms
[480.038s][info][gc] GC(7398) Pause Young (Allocation Failure) 296M->205M(331M) 2.384ms
[480.085s][info][gc] GC(7399) Pause Young (Allocation Failure) 296M->207M(331M) 2.753ms
[480.120s][info][gc] GC(7400) Pause Young (Allocation Failure) 298M->207M(331M) 2.986ms
[480.163s][info][gc] GC(7401) Pause Young (Allocation Failure) 298M->207M(331M) 2.329ms
[480.203s][info][gc] GC(7402) Pause Young (Allocation Failure) 298M->208M(331M) 2.396ms
[480.241s][info][gc] GC(7403) Pause Young (Allocation Failure) 299M->208M(331M) 2.751ms
[480.291s][info][gc] GC(7404) Pause Young (Allocation Failure) 300M->209M(331M) 2.846ms
[480.328s][info][gc] GC(7405) Pause Young (Allocation Failure) 301M->210M(331M) 2.927ms
[480.367s][info][gc] GC(7406) Pause Young (Allocation Failure) 302M->210M(331M) 2.724ms
[480.412s][info][gc] GC(7407) Pause Young (Allocation Failure) 302M->212M(331M) 2.654ms
[480.448s][info][gc] GC(7408) Pause Young (Allocation Failure) 303M->213M(331M) 2.851ms
[480.488s][info][gc] GC(7409) Pause Young (Allocation Failure) 304M->213M(331M) 2.631ms
[480.531s][info][gc] GC(7410) Pause Young (Allocation Failure) 304M->214M(331M) 2.697ms
[480.567s][info][gc] GC(7411) Pause Young (Allocation Failure) 306M->215M(331M) 3.029ms
[480.604s][info][gc] GC(7412) Pause Young (Allocation Failure) 306M->214M(331M) 2.317ms
[480.645s][info][gc] GC(7413) Pause Young (Allocation Failure) 306M->216M(331M) 2.557ms
[480.684s][info][gc] GC(7414) Pause Young (Allocation Failure) 307M->217M(331M) 3.042ms
[480.723s][info][gc] GC(7415) Pause Young (Allocation Failure) 309M->216M(331M) 2.194ms
[480.765s][info][gc] GC(7416) Pause Young (Allocation Failure) 307M->218M(331M) 2.620ms
[480.801s][info][gc] GC(7417) Pause Young (Allocation Failure) 310M->217M(331M) 2.531ms
[480.845s][info][gc] GC(7418) Pause Young (Allocation Failure) 309M->219M(331M) 2.375ms
[480.885s][info][gc] GC(7419) Pause Young (Allocation Failure) 310M->220M(331M) 2.932ms
[480.923s][info][gc] GC(7420) Pause Young (Allocation Failure) 312M->221M(331M) 2.785ms
[480.966s][info][gc] GC(7421) Pause Young (Allocation Failure) 312M->222M(331M) 2.639ms
[481.003s][info][gc] GC(7422) Pause Young (Allocation Failure) 313M->222M(331M) 2.818ms
[481.040s][info][gc] GC(7423) Pause Young (Allocation Failure) 314M->222M(331M) 2.495ms
[481.083s][info][gc] GC(7424) Pause Young (Allocation Failure) 314M->224M(331M) 2.716ms
[481.121s][info][gc] GC(7425) Pause Young (Allocation Failure) 315M->224M(331M) 2.956ms
[481.158s][info][gc] GC(7426) Pause Young (Allocation Failure) 316M->224M(331M) 2.452ms
[481.202s][info][gc] GC(7427) Pause Young (Allocation Failure) 316M->226M(331M) 2.706ms
[481.236s][info][gc] GC(7428) Pause Young (Allocation Failure) 317M->226M(331M) 2.813ms
[481.276s][info][gc] GC(7429) Pause Young (Allocation Failure) 318M->226M(331M) 2.125ms
[481.317s][info][gc] GC(7430) Pause Young (Allocation Failure) 317M->227M(331M) 2.617ms
[481.353s][info][gc] GC(7431) Pause Young (Allocation Failure) 319M->228M(331M) 2.898ms
[481.398s][info][gc] GC(7432) Pause Young (Allocation Failure) 320M->229M(331M) 2.798ms
[481.437s][info][gc] GC(7433) Pause Young (Allocation Failure) 320M->230M(331M) 2.888ms
[481.472s][info][gc] GC(7434) Pause Young (Allocation Failure) 321M->229M(331M) 2.566ms
[481.516s][info][gc] GC(7435) Pause Young (Allocation Failure) 321M->231M(331M) 2.474ms
[481.554s][info][gc] GC(7436) Pause Young (Allocation Failure) 322M->232M(331M) 2.815ms
[481.594s][info][gc] GC(7437) Pause Young (Allocation Failure) 323M->232M(331M) 2.734ms
[481.636s][info][gc] GC(7438) Pause Young (Allocation Failure) 324M->233M(331M) 2.815ms
[481.672s][info][gc] GC(7439) Pause Young (Allocation Failure) 325M->234M(331M) 2.831ms
[481.711s][info][gc] GC(7440) Pause Young (Allocation Failure) 325M->235M(331M) 2.719ms
[481.758s][info][gc] GC(7441) Pause Young (Allocation Failure) 326M->235M(332M) 3.139ms
[481.828s][info][gc] GC(7442) Pause Full (Allocation Failure) 235M->109M(331M) 69.708ms
[481.861s][info][gc] GC(7443) Pause Young (Allocation Failure) 201M->111M(331M) 0.984ms
[481.902s][info][gc] GC(7444) Pause Young (Allocation Failure) 202M->113M(331M) 1.827ms
[481.943s][info][gc] GC(7445) Pause Young (Allocation Failure) 204M->115M(331M) 2.418ms
[481.978s][info][gc] GC(7446) Pause Young (Allocation Failure) 207M->114M(331M) 2.090ms
[482.023s][info][gc] GC(7447) Pause Young (Allocation Failure) 206M->116M(331M) 2.483ms
[482.059s][info][gc] GC(7448) Pause Young (Allocation Failure) 208M->117M(331M) 2.753ms
[482.100s][info][gc] GC(7449) Pause Young (Allocation Failure) 209M->117M(331M) 2.655ms
[482.142s][info][gc] GC(7450) Pause Young (Allocation Failure) 209M->118M(331M) 2.462ms
[482.179s][info][gc] GC(7451) Pause Young (Allocation Failure) 210M->119M(331M) 2.588ms
[482.219s][info][gc] GC(7452) Pause Young (Allocation Failure) 210M->120M(331M) 2.580ms
[482.260s][info][gc] GC(7453) Pause Young (Allocation Failure) 211M->120M(331M) 2.844ms
[482.295s][info][gc] GC(7454) Pause Young (Allocation Failure) 212M->121M(331M) 2.412ms
[482.334s][info][gc] GC(7455) Pause Young (Allocation Failure) 212M->121M(331M) 2.416ms
[482.379s][info][gc] GC(7456) Pause Young (Allocation Failure) 213M->123M(331M) 2.850ms
[482.415s][info][gc] GC(7457) Pause Young (Allocation Failure) 214M->123M(331M) 2.689ms
[482.453s][info][gc] GC(7458) Pause Young (Allocation Failure) 214M->123M(331M) 2.177ms
[482.497s][info][gc] GC(7459) Pause Young (Allocation Failure) 214M->124M(331M) 2.650ms
[482.532s][info][gc] GC(7460) Pause Young (Allocation Failure) 216M->125M(331M) 2.913ms
[482.573s][info][gc] GC(7461) Pause Young (Allocation Failure) 217M->125M(331M) 2.291ms
[482.612s][info][gc] GC(7462) Pause Young (Allocation Failure) 217M->127M(331M) 2.468ms
[482.649s][info][gc] GC(7463) Pause Young (Allocation Failure) 218M->127M(331M) 2.551ms
[482.690s][info][gc] GC(7464) Pause Young (Allocation Failure) 218M->128M(331M) 2.393ms
[482.727s][info][gc] GC(7465) Pause Young (Allocation Failure) 219M->128M(331M) 2.503ms
[482.769s][info][gc] GC(7466) Pause Young (Allocation Failure) 220M->129M(331M) 2.736ms
[482.811s][info][gc] GC(7467) Pause Young (Allocation Failure) 221M->130M(331M) 2.799ms
[482.846s][info][gc] GC(7468) Pause Young (Allocation Failure) 222M->131M(331M) 2.698ms
[482.884s][info][gc] GC(7469) Pause Young (Allocation Failure) 223M->131M(331M) 2.459ms
[482.929s][info][gc] GC(7470) Pause Young (Allocation Failure) 223M->132M(331M) 2.622ms
[482.963s][info][gc] GC(7471) Pause Young (Allocation Failure) 224M->132M(331M) 2.476ms
[483.003s][info][gc] GC(7472) Pause Young (Allocation Failure) 224M->133M(331M) 2.231ms
[483.057s][info][gc] GC(7473) Pause Young (Allocation Failure) 224M->133M(331M) 2.125ms
[483.150s][info][gc] GC(7474) Pause Young (Allocation Failure) 224M->134M(331M) 2.497ms
[483.209s][info][gc] GC(7475) Pause Young (Allocation Failure) 225M->135M(331M) 2.704ms
[483.256s][info][gc] GC(7476) Pause Young (Allocation Failure) 226M->137M(331M) 3.372ms
[483.295s][info][gc] GC(7477) Pause Young (Allocation Failure) 229M->138M(331M) 3.299ms
[483.335s][info][gc] GC(7478) Pause Young (Allocation Failure) 230M->139M(331M) 2.666ms
[483.380s][info][gc] GC(7479) Pause Young (Allocation Failure) 230M->140M(331M) 2.819ms
[483.416s][info][gc] GC(7480) Pause Young (Allocation Failure) 232M->141M(331M) 2.430ms
[483.457s][info][gc] GC(7481) Pause Young (Allocation Failure) 232M->141M(331M) 2.683ms
[483.497s][info][gc] GC(7482) Pause Young (Allocation Failure) 233M->142M(331M) 2.586ms
[483.534s][info][gc] GC(7483) Pause Young (Allocation Failure) 234M->143M(331M) 2.772ms
[483.577s][info][gc] GC(7484) Pause Young (Allocation Failure) 234M->143M(331M) 2.435ms
[483.614s][info][gc] GC(7485) Pause Young (Allocation Failure) 235M->144M(331M) 2.446ms
[483.653s][info][gc] GC(7486) Pause Young (Allocation Failure) 236M->145M(331M) 2.631ms
[483.693s][info][gc] GC(7487) Pause Young (Allocation Failure) 236M->146M(331M) 2.499ms
[483.735s][info][gc] GC(7488) Pause Young (Allocation Failure) 237M->147M(331M) 2.893ms
[483.771s][info][gc] GC(7489) Pause Young (Allocation Failure) 238M->147M(331M) 2.524ms
[483.809s][info][gc] GC(7490) Pause Young (Allocation Failure) 239M->148M(331M) 2.434ms
[483.849s][info][gc] GC(7491) Pause Young (Allocation Failure) 239M->148M(331M) 2.498ms
[483.888s][info][gc] GC(7492) Pause Young (Allocation Failure) 240M->148M(331M) 2.544ms
[483.926s][info][gc] GC(7493) Pause Young (Allocation Failure) 240M->149M(331M) 2.331ms
[483.967s][info][gc] GC(7494) Pause Young (Allocation Failure) 241M->151M(331M) 2.863ms
[484.007s][info][gc] GC(7495) Pause Young (Allocation Failure) 242M->151M(331M) 2.667ms
[484.046s][info][gc] GC(7496) Pause Young (Allocation Failure) 243M->152M(331M) 2.389ms
[484.081s][info][gc] GC(7497) Pause Young (Allocation Failure) 243M->153M(331M) 2.648ms
[484.123s][info][gc] GC(7498) Pause Young (Allocation Failure) 244M->153M(331M) 2.656ms
[484.162s][info][gc] GC(7499) Pause Young (Allocation Failure) 244M->154M(331M) 2.347ms
[484.198s][info][gc] GC(7500) Pause Young (Allocation Failure) 245M->154M(331M) 2.503ms
[484.241s][info][gc] GC(7501) Pause Young (Allocation Failure) 246M->155M(331M) 2.690ms
[484.279s][info][gc] GC(7502) Pause Young (Allocation Failure) 247M->156M(331M) 2.621ms
[484.317s][info][gc] GC(7503) Pause Young (Allocation Failure) 247M->157M(331M) 2.704ms
[484.361s][info][gc] GC(7504) Pause Young (Allocation Failure) 248M->158M(331M) 2.792ms
[484.399s][info][gc] GC(7505) Pause Young (Allocation Failure) 249M->158M(331M) 2.792ms
[484.437s][info][gc] GC(7506) Pause Young (Allocation Failure) 250M->158M(331M) 2.471ms
[484.478s][info][gc] GC(7507) Pause Young (Allocation Failure) 250M->160M(331M) 2.544ms
[484.519s][info][gc] GC(7508) Pause Young (Allocation Failure) 251M->160M(331M) 2.822ms
[484.559s][info][gc] GC(7509) Pause Young (Allocation Failure) 252M->161M(331M) 2.430ms
[484.596s][info][gc] GC(7510) Pause Young (Allocation Failure) 252M->161M(331M) 2.230ms
[484.635s][info][gc] GC(7511) Pause Young (Allocation Failure) 253M->162M(331M) 2.770ms
[484.677s][info][gc] GC(7512) Pause Young (Allocation Failure) 254M->163M(331M) 2.569ms
[484.717s][info][gc] GC(7513) Pause Young (Allocation Failure) 254M->164M(331M) 2.776ms
[484.755s][info][gc] GC(7514) Pause Young (Allocation Failure) 255M->165M(331M) 2.892ms
[484.796s][info][gc] GC(7515) Pause Young (Allocation Failure) 256M->165M(331M) 2.454ms
[484.839s][info][gc] GC(7516) Pause Young (Allocation Failure) 256M->166M(331M) 2.559ms
[484.875s][info][gc] GC(7517) Pause Young (Allocation Failure) 258M->166M(331M) 2.506ms
[484.919s][info][gc] GC(7518) Pause Young (Allocation Failure) 258M->167M(331M) 2.556ms
[484.961s][info][gc] GC(7519) Pause Young (Allocation Failure) 259M->168M(331M) 2.964ms
[484.997s][info][gc] GC(7520) Pause Young (Allocation Failure) 260M->168M(331M) 2.599ms
[485.043s][info][gc] GC(7521) Pause Young (Allocation Failure) 260M->169M(331M) 2.641ms
[485.085s][info][gc] GC(7522) Pause Young (Allocation Failure) 261M->171M(331M) 3.213ms
[485.122s][info][gc] GC(7523) Pause Young (Allocation Failure) 262M->170M(331M) 2.498ms
[485.165s][info][gc] GC(7524) Pause Young (Allocation Failure) 262M->171M(331M) 2.713ms
[485.205s][info][gc] GC(7525) Pause Young (Allocation Failure) 263M->172M(331M) 2.861ms
[485.246s][info][gc] GC(7526) Pause Young (Allocation Failure) 264M->172M(331M) 2.405ms
[485.288s][info][gc] GC(7527) Pause Young (Allocation Failure) 264M->173M(331M) 2.509ms
[485.327s][info][gc] GC(7528) Pause Young (Allocation Failure) 265M->174M(331M) 2.821ms
[485.373s][info][gc] GC(7529) Pause Young (Allocation Failure) 265M->174M(331M) 2.652ms
[485.412s][info][gc] GC(7530) Pause Young (Allocation Failure) 266M->176M(331M) 2.668ms
[485.453s][info][gc] GC(7531) Pause Young (Allocation Failure) 267M->176M(331M) 2.668ms
[485.497s][info][gc] GC(7532) Pause Young (Allocation Failure) 267M->177M(331M) 2.638ms
[485.534s][info][gc] GC(7533) Pause Young (Allocation Failure) 268M->177M(331M) 2.606ms
[485.577s][info][gc] GC(7534) Pause Young (Allocation Failure) 269M->179M(331M) 2.842ms
[485.617s][info][gc] GC(7535) Pause Young (Allocation Failure) 270M->179M(331M) 2.797ms
[485.656s][info][gc] GC(7536) Pause Young (Allocation Failure) 271M->180M(331M) 2.603ms
[485.695s][info][gc] GC(7537) Pause Young (Allocation Failure) 272M->180M(331M) 2.494ms
[485.736s][info][gc] GC(7538) Pause Young (Allocation Failure) 272M->181M(331M) 2.581ms
[485.774s][info][gc] GC(7539) Pause Young (Allocation Failure) 273M->182M(331M) 2.740ms
[485.811s][info][gc] GC(7540) Pause Young (Allocation Failure) 273M->182M(331M) 2.316ms
[485.852s][info][gc] GC(7541) Pause Young (Allocation Failure) 274M->183M(331M) 2.929ms
[485.890s][info][gc] GC(7542) Pause Young (Allocation Failure) 275M->184M(331M) 2.834ms
[485.927s][info][gc] GC(7543) Pause Young (Allocation Failure) 276M->184M(331M) 2.226ms
[485.967s][info][gc] GC(7544) Pause Young (Allocation Failure) 275M->185M(331M) 2.381ms
[486.004s][info][gc] GC(7545) Pause Young (Allocation Failure) 276M->186M(331M) 2.742ms
[486.045s][info][gc] GC(7546) Pause Young (Allocation Failure) 278M->186M(331M) 2.577ms
[486.085s][info][gc] GC(7547) Pause Young (Allocation Failure) 278M->187M(331M) 2.476ms
[486.124s][info][gc] GC(7548) Pause Young (Allocation Failure) 279M->188M(331M) 2.517ms
[486.166s][info][gc] GC(7549) Pause Young (Allocation Failure) 279M->189M(331M) 2.861ms
[486.204s][info][gc] GC(7550) Pause Young (Allocation Failure) 280M->190M(331M) 2.742ms
[486.243s][info][gc] GC(7551) Pause Young (Allocation Failure) 281M->190M(331M) 2.355ms
[486.284s][info][gc] GC(7552) Pause Young (Allocation Failure) 281M->191M(331M) 2.460ms
[486.322s][info][gc] GC(7553) Pause Young (Allocation Failure) 282M->192M(331M) 2.769ms
[486.362s][info][gc] GC(7554) Pause Young (Allocation Failure) 283M->193M(331M) 2.872ms
[486.403s][info][gc] GC(7555) Pause Young (Allocation Failure) 284M->193M(331M) 2.729ms
[486.440s][info][gc] GC(7556) Pause Young (Allocation Failure) 285M->194M(331M) 2.439ms
[486.479s][info][gc] GC(7557) Pause Young (Allocation Failure) 285M->194M(331M) 2.387ms
[486.519s][info][gc] GC(7558) Pause Young (Allocation Failure) 286M->194M(331M) 2.542ms
[486.558s][info][gc] GC(7559) Pause Young (Allocation Failure) 286M->196M(331M) 2.624ms
[486.596s][info][gc] GC(7560) Pause Young (Allocation Failure) 287M->196M(331M) 2.513ms
[486.638s][info][gc] GC(7561) Pause Young (Allocation Failure) 287M->197M(331M) 2.629ms
[486.672s][info][gc] GC(7562) Pause Young (Allocation Failure) 289M->197M(331M) 2.511ms
[486.714s][info][gc] GC(7563) Pause Young (Allocation Failure) 289M->198M(331M) 2.654ms
[486.753s][info][gc] GC(7564) Pause Young (Allocation Failure) 290M->199M(331M) 2.656ms
[486.791s][info][gc] GC(7565) Pause Young (Allocation Failure) 291M->199M(331M) 2.317ms
[486.830s][info][gc] GC(7566) Pause Young (Allocation Failure) 291M->201M(331M) 2.834ms
[486.872s][info][gc] GC(7567) Pause Young (Allocation Failure) 292M->202M(331M) 3.074ms
[486.910s][info][gc] GC(7568) Pause Young (Allocation Failure) 293M->202M(331M) 2.421ms
[486.953s][info][gc] GC(7569) Pause Young (Allocation Failure) 293M->203M(331M) 2.517ms
[486.991s][info][gc] GC(7570) Pause Young (Allocation Failure) 294M->203M(331M) 2.707ms
[487.030s][info][gc] GC(7571) Pause Young (Allocation Failure) 295M->203M(331M) 2.315ms
[487.070s][info][gc] GC(7572) Pause Young (Allocation Failure) 295M->204M(331M) 2.302ms
[487.107s][info][gc] GC(7573) Pause Young (Allocation Failure) 296M->206M(331M) 2.695ms
[487.149s][info][gc] GC(7574) Pause Young (Allocation Failure) 297M->206M(331M) 2.740ms
[487.190s][info][gc] GC(7575) Pause Young (Allocation Failure) 298M->207M(331M) 2.469ms
[487.223s][info][gc] GC(7576) Pause Young (Allocation Failure) 298M->207M(331M) 2.393ms
[487.266s][info][gc] GC(7577) Pause Young (Allocation Failure) 298M->208M(331M) 2.488ms
[487.308s][info][gc] GC(7578) Pause Young (Allocation Failure) 300M->209M(331M) 2.780ms
[487.347s][info][gc] GC(7579) Pause Young (Allocation Failure) 301M->210M(331M) 2.877ms
[487.384s][info][gc] GC(7580) Pause Young (Allocation Failure) 301M->210M(331M) 2.326ms
[487.427s][info][gc] GC(7581) Pause Young (Allocation Failure) 301M->211M(331M) 2.464ms
[487.465s][info][gc] GC(7582) Pause Young (Allocation Failure) 303M->212M(331M) 2.764ms
[487.501s][info][gc] GC(7583) Pause Young (Allocation Failure) 303M->212M(331M) 2.626ms
[487.542s][info][gc] GC(7584) Pause Young (Allocation Failure) 303M->213M(331M) 2.556ms
[487.581s][info][gc] GC(7585) Pause Young (Allocation Failure) 305M->214M(331M) 2.678ms
[487.623s][info][gc] GC(7586) Pause Young (Allocation Failure) 305M->214M(331M) 2.491ms
[487.661s][info][gc] GC(7587) Pause Young (Allocation Failure) 306M->215M(331M) 2.638ms
[487.701s][info][gc] GC(7588) Pause Young (Allocation Failure) 307M->216M(331M) 2.698ms
[487.740s][info][gc] GC(7589) Pause Young (Allocation Failure) 307M->217M(331M) 2.737ms
[487.778s][info][gc] GC(7590) Pause Young (Allocation Failure) 308M->217M(331M) 2.550ms
[487.817s][info][gc] GC(7591) Pause Young (Allocation Failure) 308M->218M(331M) 2.405ms
[487.857s][info][gc] GC(7592) Pause Young (Allocation Failure) 309M->218M(331M) 2.606ms
[487.896s][info][gc] GC(7593) Pause Young (Allocation Failure) 310M->220M(331M) 2.780ms
[487.937s][info][gc] GC(7594) Pause Young (Allocation Failure) 311M->220M(331M) 2.919ms
[487.981s][info][gc] GC(7595) Pause Young (Allocation Failure) 312M->221M(331M) 2.659ms
[488.021s][info][gc] GC(7596) Pause Young (Allocation Failure) 312M->221M(331M) 2.471ms
[488.062s][info][gc] GC(7597) Pause Young (Allocation Failure) 313M->222M(331M) 2.331ms
[488.106s][info][gc] GC(7598) Pause Young (Allocation Failure) 313M->223M(331M) 2.906ms
[488.143s][info][gc] GC(7599) Pause Young (Allocation Failure) 315M->223M(331M) 2.469ms
[488.184s][info][gc] GC(7600) Pause Young (Allocation Failure) 314M->224M(331M) 2.592ms
[488.223s][info][gc] GC(7601) Pause Young (Allocation Failure) 316M->225M(331M) 2.662ms
[488.262s][info][gc] GC(7602) Pause Young (Allocation Failure) 316M->225M(331M) 2.339ms
[488.303s][info][gc] GC(7603) Pause Young (Allocation Failure) 317M->226M(331M) 2.783ms
[488.341s][info][gc] GC(7604) Pause Young (Allocation Failure) 318M->227M(331M) 2.558ms
[488.381s][info][gc] GC(7605) Pause Young (Allocation Failure) 318M->227M(331M) 2.608ms
[488.421s][info][gc] GC(7606) Pause Young (Allocation Failure) 319M->228M(331M) 2.589ms
[488.461s][info][gc] GC(7607) Pause Young (Allocation Failure) 320M->228M(331M) 2.437ms
[488.500s][info][gc] GC(7608) Pause Young (Allocation Failure) 320M->229M(331M) 2.372ms
[488.539s][info][gc] GC(7609) Pause Young (Allocation Failure) 321M->230M(331M) 2.785ms
[488.578s][info][gc] GC(7610) Pause Young (Allocation Failure) 322M->231M(331M) 2.756ms
[488.617s][info][gc] GC(7611) Pause Young (Allocation Failure) 322M->231M(331M) 2.600ms
[488.659s][info][gc] GC(7612) Pause Young (Allocation Failure) 323M->233M(331M) 2.814ms
[488.699s][info][gc] GC(7613) Pause Young (Allocation Failure) 324M->234M(331M) 2.966ms
[488.743s][info][gc] GC(7614) Pause Young (Allocation Failure) 325M->232M(331M) 2.136ms
[488.831s][info][gc] GC(7615) Pause Full (Allocation Failure) 232M->158M(382M) 87.909ms
[489.020s][info][gc] GC(7616) Pause Young (Allocation Failure) 263M->162M(382M) 2.244ms
[489.084s][info][gc] GC(7617) Pause Young (Allocation Failure) 268M->163M(382M) 2.131ms
[489.158s][info][gc] GC(7618) Pause Young (Allocation Failure) 268M->164M(382M) 2.658ms
[489.229s][info][gc] GC(7619) Pause Young (Allocation Failure) 270M->164M(382M) 2.441ms
[489.296s][info][gc] GC(7620) Pause Young (Allocation Failure) 270M->165M(382M) 2.753ms
[489.374s][info][gc] GC(7621) Pause Young (Allocation Failure) 271M->166M(382M) 3.226ms
[489.444s][info][gc] GC(7622) Pause Young (Allocation Failure) 272M->167M(382M) 2.575ms
[489.511s][info][gc] GC(7623) Pause Young (Allocation Failure) 272M->168M(382M) 2.660ms
[489.585s][info][gc] GC(7624) Pause Young (Allocation Failure) 273M->168M(382M) 2.876ms
[489.658s][info][gc] GC(7625) Pause Young (Allocation Failure) 274M->169M(382M) 2.797ms
[489.727s][info][gc] GC(7626) Pause Young (Allocation Failure) 275M->169M(382M) 2.476ms
[489.804s][info][gc] GC(7627) Pause Young (Allocation Failure) 275M->171M(382M) 3.204ms
[489.881s][info][gc] GC(7628) Pause Young (Allocation Failure) 276M->172M(382M) 3.250ms
[489.950s][info][gc] GC(7629) Pause Young (Allocation Failure) 277M->172M(382M) 2.765ms
[490.019s][info][gc] GC(7630) Pause Young (Allocation Failure) 278M->173M(382M) 2.838ms
[490.094s][info][gc] GC(7631) Pause Young (Allocation Failure) 279M->174M(382M) 2.748ms
[490.166s][info][gc] GC(7632) Pause Young (Allocation Failure) 279M->174M(382M) 2.798ms
[490.236s][info][gc] GC(7633) Pause Young (Allocation Failure) 280M->176M(382M) 2.999ms
[490.313s][info][gc] GC(7634) Pause Young (Allocation Failure) 281M->177M(382M) 3.119ms
[490.381s][info][gc] GC(7635) Pause Young (Allocation Failure) 282M->177M(382M) 3.008ms
[490.453s][info][gc] GC(7636) Pause Young (Allocation Failure) 283M->178M(382M) 2.703ms
[490.528s][info][gc] GC(7637) Pause Young (Allocation Failure) 284M->179M(382M) 2.890ms
[490.597s][info][gc] GC(7638) Pause Young (Allocation Failure) 284M->179M(382M) 2.728ms
[490.664s][info][gc] GC(7639) Pause Young (Allocation Failure) 285M->180M(382M) 2.677ms
[490.739s][info][gc] GC(7640) Pause Young (Allocation Failure) 286M->181M(382M) 2.818ms
[490.813s][info][gc] GC(7641) Pause Young (Allocation Failure) 287M->182M(382M) 2.991ms
[490.881s][info][gc] GC(7642) Pause Young (Allocation Failure) 287M->182M(382M) 2.506ms
[490.953s][info][gc] GC(7643) Pause Young (Allocation Failure) 287M->184M(382M) 2.787ms
[491.026s][info][gc] GC(7644) Pause Young (Allocation Failure) 289M->185M(382M) 3.179ms
[491.090s][info][gc] GC(7645) Pause Young (Allocation Failure) 290M->184M(382M) 2.446ms
[491.164s][info][gc] GC(7646) Pause Young (Allocation Failure) 290M->186M(382M) 2.869ms
[491.235s][info][gc] GC(7647) Pause Young (Allocation Failure) 292M->187M(382M) 3.132ms
[491.308s][info][gc] GC(7648) Pause Young (Allocation Failure) 292M->188M(382M) 2.803ms
[491.377s][info][gc] GC(7649) Pause Young (Allocation Failure) 293M->189M(382M) 2.840ms
[491.450s][info][gc] GC(7650) Pause Young (Allocation Failure) 294M->189M(382M) 2.984ms
[491.521s][info][gc] GC(7651) Pause Young (Allocation Failure) 295M->190M(382M) 2.823ms
[491.590s][info][gc] GC(7652) Pause Young (Allocation Failure) 296M->191M(382M) 2.821ms
[491.664s][info][gc] GC(7653) Pause Young (Allocation Failure) 296M->192M(382M) 2.849ms
[491.735s][info][gc] GC(7654) Pause Young (Allocation Failure) 297M->193M(382M) 2.925ms
[491.803s][info][gc] GC(7655) Pause Young (Allocation Failure) 298M->193M(382M) 2.808ms
[491.879s][info][gc] GC(7656) Pause Young (Allocation Failure) 299M->194M(382M) 2.780ms
[491.950s][info][gc] GC(7657) Pause Young (Allocation Failure) 299M->194M(382M) 2.692ms
[492.016s][info][gc] GC(7658) Pause Young (Allocation Failure) 300M->196M(382M) 2.849ms
[492.094s][info][gc] GC(7659) Pause Young (Allocation Failure) 301M->197M(382M) 3.194ms
[492.166s][info][gc] GC(7660) Pause Young (Allocation Failure) 302M->197M(382M) 2.848ms
[492.231s][info][gc] GC(7661) Pause Young (Allocation Failure) 303M->197M(382M) 2.566ms
[492.307s][info][gc] GC(7662) Pause Young (Allocation Failure) 303M->199M(382M) 2.797ms
[492.382s][info][gc] GC(7663) Pause Young (Allocation Failure) 304M->200M(382M) 3.155ms
[492.452s][info][gc] GC(7664) Pause Young (Allocation Failure) 305M->200M(382M) 2.521ms
[492.672s][info][gc] GC(7665) Pause Young (Allocation Failure) 305M->202M(382M) 3.165ms
[492.738s][info][gc] GC(7666) Pause Young (Allocation Failure) 308M->203M(382M) 3.326ms
[492.810s][info][gc] GC(7667) Pause Young (Allocation Failure) 308M->204M(382M) 2.953ms
[492.881s][info][gc] GC(7668) Pause Young (Allocation Failure) 309M->204M(382M) 2.836ms
[492.949s][info][gc] GC(7669) Pause Young (Allocation Failure) 310M->205M(382M) 2.776ms
[493.028s][info][gc] GC(7670) Pause Young (Allocation Failure) 311M->206M(382M) 3.030ms
[493.098s][info][gc] GC(7671) Pause Young (Allocation Failure) 312M->207M(382M) 2.659ms
[493.165s][info][gc] GC(7672) Pause Young (Allocation Failure) 313M->207M(382M) 2.665ms
[493.236s][info][gc] GC(7673) Pause Young (Allocation Failure) 313M->209M(382M) 2.771ms
[493.311s][info][gc] GC(7674) Pause Young (Allocation Failure) 314M->209M(382M) 3.152ms
[493.381s][info][gc] GC(7675) Pause Young (Allocation Failure) 315M->210M(382M) 2.597ms
[493.449s][info][gc] GC(7676) Pause Young (Allocation Failure) 315M->211M(382M) 2.773ms
[493.522s][info][gc] GC(7677) Pause Young (Allocation Failure) 316M->212M(382M) 3.093ms
[493.595s][info][gc] GC(7678) Pause Young (Allocation Failure) 317M->213M(382M) 2.832ms
[493.660s][info][gc] GC(7679) Pause Young (Allocation Failure) 318M->213M(382M) 2.750ms
[493.732s][info][gc] GC(7680) Pause Young (Allocation Failure) 319M->214M(382M) 3.028ms
[493.811s][info][gc] GC(7681) Pause Young (Allocation Failure) 320M->215M(382M) 2.965ms
[493.873s][info][gc] GC(7682) Pause Young (Allocation Failure) 321M->215M(382M) 2.628ms
[493.947s][info][gc] GC(7683) Pause Young (Allocation Failure) 321M->217M(382M) 2.895ms
[494.018s][info][gc] GC(7684) Pause Young (Allocation Failure) 322M->217M(382M) 2.872ms
[494.083s][info][gc] GC(7685) Pause Young (Allocation Failure) 323M->218M(382M) 2.847ms
[494.159s][info][gc] GC(7686) Pause Young (Allocation Failure) 324M->219M(382M) 2.984ms
[494.231s][info][gc] GC(7687) Pause Young (Allocation Failure) 325M->220M(382M) 2.972ms
[494.295s][info][gc] GC(7688) Pause Young (Allocation Failure) 326M->221M(382M) 2.526ms
[494.371s][info][gc] GC(7689) Pause Young (Allocation Failure) 326M->221M(382M) 2.867ms
[494.443s][info][gc] GC(7690) Pause Young (Allocation Failure) 327M->222M(382M) 2.866ms
[494.506s][info][gc] GC(7691) Pause Young (Allocation Failure) 328M->222M(382M) 2.603ms
[494.579s][info][gc] GC(7692) Pause Young (Allocation Failure) 328M->224M(382M) 2.711ms
[494.654s][info][gc] GC(7693) Pause Young (Allocation Failure) 329M->225M(382M) 3.190ms
[494.720s][info][gc] GC(7694) Pause Young (Allocation Failure) 330M->224M(382M) 2.386ms
[494.794s][info][gc] GC(7695) Pause Young (Allocation Failure) 330M->226M(382M) 2.914ms
[494.878s][info][gc] GC(7696) Pause Young (Allocation Failure) 332M->227M(382M) 3.231ms
[494.951s][info][gc] GC(7697) Pause Young (Allocation Failure) 333M->227M(382M) 2.698ms
[495.023s][info][gc] GC(7698) Pause Young (Allocation Failure) 333M->229M(382M) 2.778ms
[495.099s][info][gc] GC(7699) Pause Young (Allocation Failure) 334M->230M(382M) 3.893ms
[495.169s][info][gc] GC(7700) Pause Young (Allocation Failure) 335M->230M(382M) 2.891ms
[495.243s][info][gc] GC(7701) Pause Young (Allocation Failure) 335M->231M(382M) 2.508ms
[495.315s][info][gc] GC(7702) Pause Young (Allocation Failure) 337M->232M(382M) 2.876ms
[495.387s][info][gc] GC(7703) Pause Young (Allocation Failure) 337M->232M(382M) 2.706ms
[495.456s][info][gc] GC(7704) Pause Young (Allocation Failure) 338M->234M(382M) 2.991ms
[495.534s][info][gc] GC(7705) Pause Young (Allocation Failure) 339M->234M(382M) 3.005ms
[495.610s][info][gc] GC(7706) Pause Young (Allocation Failure) 340M->235M(382M) 3.001ms
[495.672s][info][gc] GC(7707) Pause Young (Allocation Failure) 341M->236M(382M) 2.880ms
[495.748s][info][gc] GC(7708) Pause Young (Allocation Failure) 341M->237M(382M) 3.093ms
[495.826s][info][gc] GC(7709) Pause Young (Allocation Failure) 342M->238M(382M) 3.103ms
[495.888s][info][gc] GC(7710) Pause Young (Allocation Failure) 343M->238M(382M) 2.898ms
[495.965s][info][gc] GC(7711) Pause Young (Allocation Failure) 344M->239M(382M) 2.908ms
[496.038s][info][gc] GC(7712) Pause Young (Allocation Failure) 345M->240M(382M) 2.992ms
[496.109s][info][gc] GC(7713) Pause Young (Allocation Failure) 346M->240M(382M) 2.570ms
[496.333s][info][gc] GC(7714) Pause Young (Allocation Failure) 345M->243M(382M) 3.378ms
[496.397s][info][gc] GC(7715) Pause Young (Allocation Failure) 348M->243M(382M) 3.427ms
[496.470s][info][gc] GC(7716) Pause Young (Allocation Failure) 349M->244M(382M) 3.130ms
[496.544s][info][gc] GC(7717) Pause Young (Allocation Failure) 350M->245M(382M) 3.179ms
[496.607s][info][gc] GC(7718) Pause Young (Allocation Failure) 351M->245M(382M) 3.070ms
[496.679s][info][gc] GC(7719) Pause Young (Allocation Failure) 351M->246M(382M) 2.376ms
[496.754s][info][gc] GC(7720) Pause Young (Allocation Failure) 352M->247M(382M) 2.689ms
[496.817s][info][gc] GC(7721) Pause Young (Allocation Failure) 353M->248M(382M) 2.860ms
[496.890s][info][gc] GC(7722) Pause Young (Allocation Failure) 353M->249M(382M) 2.904ms
[496.963s][info][gc] GC(7723) Pause Young (Allocation Failure) 354M->250M(382M) 3.089ms
[497.027s][info][gc] GC(7724) Pause Young (Allocation Failure) 356M->250M(382M) 2.819ms
[497.101s][info][gc] GC(7725) Pause Young (Allocation Failure) 356M->251M(382M) 3.027ms
[497.175s][info][gc] GC(7726) Pause Young (Allocation Failure) 357M->252M(382M) 3.017ms
[497.236s][info][gc] GC(7727) Pause Young (Allocation Failure) 358M->252M(382M) 2.641ms
[497.311s][info][gc] GC(7728) Pause Young (Allocation Failure) 358M->253M(382M) 2.740ms
[497.385s][info][gc] GC(7729) Pause Young (Allocation Failure) 359M->254M(382M) 3.287ms
[497.451s][info][gc] GC(7730) Pause Young (Allocation Failure) 360M->254M(382M) 2.376ms
[497.524s][info][gc] GC(7731) Pause Young (Allocation Failure) 359M->256M(382M) 2.696ms
[497.597s][info][gc] GC(7732) Pause Young (Allocation Failure) 361M->257M(382M) 3.154ms
[497.670s][info][gc] GC(7733) Pause Young (Allocation Failure) 362M->257M(382M) 2.704ms
[497.739s][info][gc] GC(7734) Pause Young (Allocation Failure) 363M->258M(382M) 2.800ms
[497.814s][info][gc] GC(7735) Pause Young (Allocation Failure) 364M->259M(382M) 3.286ms
[497.888s][info][gc] GC(7736) Pause Young (Allocation Failure) 365M->260M(382M) 2.907ms
[497.956s][info][gc] GC(7737) Pause Young (Allocation Failure) 366M->261M(382M) 2.827ms
[498.031s][info][gc] GC(7738) Pause Young (Allocation Failure) 366M->262M(382M) 2.884ms
[498.103s][info][gc] GC(7739) Pause Young (Allocation Failure) 367M->262M(382M) 2.829ms
[498.170s][info][gc] GC(7740) Pause Young (Allocation Failure) 368M->263M(382M) 2.743ms
[498.244s][info][gc] GC(7741) Pause Young (Allocation Failure) 369M->264M(382M) 3.046ms
[498.314s][info][gc] GC(7742) Pause Young (Allocation Failure) 370M->265M(382M) 2.900ms
[498.380s][info][gc] GC(7743) Pause Young (Allocation Failure) 370M->265M(382M) 2.813ms
[498.452s][info][gc] GC(7744) Pause Young (Allocation Failure) 371M->267M(382M) 2.906ms
[498.526s][info][gc] GC(7745) Pause Young (Allocation Failure) 372M->268M(382M) 3.310ms
[498.591s][info][gc] GC(7746) Pause Young (Allocation Failure) 373M->268M(382M) 2.718ms
[498.666s][info][gc] GC(7747) Pause Young (Allocation Failure) 373M->269M(382M) 2.847ms
[498.737s][info][gc] GC(7748) Pause Young (Allocation Failure) 374M->270M(382M) 2.939ms
[498.802s][info][gc] GC(7749) Pause Young (Allocation Failure) 375M->270M(382M) 2.592ms
[498.844s][info][gc] GC(7750) Pause Full (Allocation Failure) 270M->61M(382M) 42.039ms
[498.918s][info][gc] GC(7751) Pause Young (Allocation Failure) 167M->64M(382M) 1.324ms
[498.991s][info][gc] GC(7752) Pause Young (Allocation Failure) 169M->65M(382M) 1.786ms
[499.059s][info][gc] GC(7753) Pause Young (Allocation Failure) 171M->66M(382M) 1.946ms
[499.129s][info][gc] GC(7754) Pause Young (Allocation Failure) 171M->67M(382M) 2.155ms
[499.204s][info][gc] GC(7755) Pause Young (Allocation Failure) 172M->68M(382M) 2.446ms
[499.274s][info][gc] GC(7756) Pause Young (Allocation Failure) 173M->68M(382M) 2.424ms
[499.343s][info][gc] GC(7757) Pause Young (Allocation Failure) 173M->69M(382M) 2.847ms
[499.418s][info][gc] GC(7758) Pause Young (Allocation Failure) 175M->70M(382M) 2.980ms
[499.487s][info][gc] GC(7759) Pause Young (Allocation Failure) 176M->70M(382M) 2.717ms
[499.554s][info][gc] GC(7760) Pause Young (Allocation Failure) 176M->71M(382M) 2.592ms
[499.632s][info][gc] GC(7761) Pause Young (Allocation Failure) 176M->73M(382M) 2.999ms
[499.704s][info][gc] GC(7762) Pause Young (Allocation Failure) 178M->73M(382M) 3.123ms
[499.770s][info][gc] GC(7763) Pause Young (Allocation Failure) 179M->73M(382M) 2.300ms
[500.008s][info][gc] GC(7764) Pause Young (Allocation Failure) 178M->76M(382M) 3.096ms
[500.074s][info][gc] GC(7765) Pause Young (Allocation Failure) 181M->76M(382M) 3.355ms
[500.150s][info][gc] GC(7766) Pause Young (Allocation Failure) 182M->77M(382M) 2.990ms
[500.225s][info][gc] GC(7767) Pause Young (Allocation Failure) 183M->78M(382M) 2.949ms
[500.289s][info][gc] GC(7768) Pause Young (Allocation Failure) 183M->78M(382M) 2.824ms
[500.366s][info][gc] GC(7769) Pause Young (Allocation Failure) 184M->79M(382M) 2.846ms
[500.446s][info][gc] GC(7770) Pause Young (Allocation Failure) 185M->80M(382M) 2.874ms
[500.508s][info][gc] GC(7771) Pause Young (Allocation Failure) 186M->80M(382M) 2.494ms
[500.584s][info][gc] GC(7772) Pause Young (Allocation Failure) 186M->82M(382M) 2.852ms
[500.657s][info][gc] GC(7773) Pause Young (Allocation Failure) 187M->83M(382M) 3.046ms
[500.726s][info][gc] GC(7774) Pause Young (Allocation Failure) 188M->82M(382M) 2.387ms
[500.795s][info][gc] GC(7775) Pause Young (Allocation Failure) 188M->84M(382M) 2.698ms
[500.871s][info][gc] GC(7776) Pause Young (Allocation Failure) 189M->85M(382M) 3.128ms
[500.945s][info][gc] GC(7777) Pause Young (Allocation Failure) 190M->86M(382M) 2.790ms
[501.012s][info][gc] GC(7778) Pause Young (Allocation Failure) 191M->87M(382M) 2.784ms
[501.084s][info][gc] GC(7779) Pause Young (Allocation Failure) 192M->88M(382M) 2.936ms
[501.160s][info][gc] GC(7780) Pause Young (Allocation Failure) 193M->89M(382M) 2.914ms
[501.222s][info][gc] GC(7781) Pause Young (Allocation Failure) 194M->89M(382M) 2.702ms
[501.293s][info][gc] GC(7782) Pause Young (Allocation Failure) 194M->90M(382M) 2.754ms
[501.369s][info][gc] GC(7783) Pause Young (Allocation Failure) 195M->91M(382M) 2.948ms
[501.433s][info][gc] GC(7784) Pause Young (Allocation Failure) 196M->91M(382M) 2.662ms
[501.506s][info][gc] GC(7785) Pause Young (Allocation Failure) 197M->92M(382M) 2.775ms
[501.583s][info][gc] GC(7786) Pause Young (Allocation Failure) 198M->93M(382M) 2.963ms
[501.644s][info][gc] GC(7787) Pause Young (Allocation Failure) 199M->93M(382M) 2.499ms
[501.719s][info][gc] GC(7788) Pause Young (Allocation Failure) 199M->95M(382M) 2.772ms
[501.795s][info][gc] GC(7789) Pause Young (Allocation Failure) 200M->96M(382M) 3.236ms
[501.862s][info][gc] GC(7790) Pause Young (Allocation Failure) 201M->96M(382M) 2.743ms
[501.931s][info][gc] GC(7791) Pause Young (Allocation Failure) 202M->97M(382M) 2.880ms
[502.005s][info][gc] GC(7792) Pause Young (Allocation Failure) 203M->98M(382M) 2.754ms
[502.079s][info][gc] GC(7793) Pause Young (Allocation Failure) 203M->99M(382M) 2.740ms
[502.145s][info][gc] GC(7794) Pause Young (Allocation Failure) 204M->99M(382M) 2.692ms
[502.218s][info][gc] GC(7795) Pause Young (Allocation Failure) 205M->101M(382M) 2.988ms
[502.291s][info][gc] GC(7796) Pause Young (Allocation Failure) 206M->101M(382M) 2.775ms
[502.354s][info][gc] GC(7797) Pause Young (Allocation Failure) 207M->102M(382M) 2.678ms
[502.431s][info][gc] GC(7798) Pause Young (Allocation Failure) 207M->103M(382M) 2.966ms
[502.500s][info][gc] GC(7799) Pause Young (Allocation Failure) 208M->103M(382M) 2.804ms
[502.567s][info][gc] GC(7800) Pause Young (Allocation Failure) 209M->104M(382M) 2.665ms
[502.645s][info][gc] GC(7801) Pause Young (Allocation Failure) 209M->105M(382M) 2.941ms
[502.718s][info][gc] GC(7802) Pause Young (Allocation Failure) 211M->106M(382M) 3.112ms
[502.785s][info][gc] GC(7803) Pause Young (Allocation Failure) 212M->106M(382M) 2.574ms
[502.858s][info][gc] GC(7804) Pause Young (Allocation Failure) 212M->108M(382M) 2.762ms
[502.932s][info][gc] GC(7805) Pause Young (Allocation Failure) 213M->109M(382M) 3.156ms
[503.002s][info][gc] GC(7806) Pause Young (Allocation Failure) 214M->109M(382M) 2.681ms
[503.073s][info][gc] GC(7807) Pause Young (Allocation Failure) 214M->110M(382M) 2.864ms
[503.146s][info][gc] GC(7808) Pause Young (Allocation Failure) 216M->111M(382M) 2.965ms
[503.214s][info][gc] GC(7809) Pause Young (Allocation Failure) 217M->111M(382M) 2.743ms
[503.285s][info][gc] GC(7810) Pause Young (Allocation Failure) 217M->113M(382M) 2.874ms
[503.361s][info][gc] GC(7811) Pause Young (Allocation Failure) 218M->114M(382M) 3.016ms
[503.441s][info][gc] GC(7812) Pause Young (Allocation Failure) 219M->113M(382M) 2.315ms
[503.640s][info][gc] GC(7813) Pause Young (Allocation Failure) 218M->115M(382M) 3.006ms
[503.707s][info][gc] GC(7814) Pause Young (Allocation Failure) 221M->115M(382M) 2.807ms
[503.784s][info][gc] GC(7815) Pause Young (Allocation Failure) 220M->117M(382M) 2.894ms
[503.853s][info][gc] GC(7816) Pause Young (Allocation Failure) 223M->118M(382M) 3.084ms
[503.928s][info][gc] GC(7817) Pause Young (Allocation Failure) 223M->119M(382M) 2.778ms
[503.996s][info][gc] GC(7818) Pause Young (Allocation Failure) 224M->120M(382M) 2.957ms
[504.069s][info][gc] GC(7819) Pause Young (Allocation Failure) 225M->121M(382M) 2.654ms
[504.141s][info][gc] GC(7820) Pause Young (Allocation Failure) 226M->121M(382M) 2.805ms
[504.206s][info][gc] GC(7821) Pause Young (Allocation Failure) 227M->122M(382M) 2.759ms
[504.281s][info][gc] GC(7822) Pause Young (Allocation Failure) 228M->123M(382M) 2.809ms
[504.353s][info][gc] GC(7823) Pause Young (Allocation Failure) 228M->124M(382M) 2.891ms
[504.416s][info][gc] GC(7824) Pause Young (Allocation Failure) 229M->124M(382M) 2.784ms
[504.493s][info][gc] GC(7825) Pause Young (Allocation Failure) 230M->125M(382M) 2.854ms
[504.564s][info][gc] GC(7826) Pause Young (Allocation Failure) 231M->126M(382M) 2.860ms
[504.632s][info][gc] GC(7827) Pause Young (Allocation Failure) 231M->127M(382M) 2.674ms
[504.705s][info][gc] GC(7828) Pause Young (Allocation Failure) 232M->128M(382M) 2.848ms
[504.782s][info][gc] GC(7829) Pause Young (Allocation Failure) 233M->129M(382M) 3.115ms
[504.847s][info][gc] GC(7830) Pause Young (Allocation Failure) 234M->129M(382M) 2.729ms
[504.920s][info][gc] GC(7831) Pause Young (Allocation Failure) 235M->130M(382M) 2.889ms
[504.998s][info][gc] GC(7832) Pause Young (Allocation Failure) 236M->131M(382M) 3.044ms
[505.062s][info][gc] GC(7833) Pause Young (Allocation Failure) 237M->132M(382M) 2.806ms
[505.135s][info][gc] GC(7834) Pause Young (Allocation Failure) 237M->132M(382M) 2.693ms
[505.208s][info][gc] GC(7835) Pause Young (Allocation Failure) 238M->133M(382M) 2.866ms
[505.276s][info][gc] GC(7836) Pause Young (Allocation Failure) 239M->134M(382M) 2.677ms
[505.352s][info][gc] GC(7837) Pause Young (Allocation Failure) 239M->135M(382M) 2.815ms
[505.423s][info][gc] GC(7838) Pause Young (Allocation Failure) 240M->136M(382M) 3.177ms
[505.493s][info][gc] GC(7839) Pause Young (Allocation Failure) 241M->136M(382M) 2.537ms
[505.566s][info][gc] GC(7840) Pause Young (Allocation Failure) 241M->137M(382M) 2.803ms
[505.637s][info][gc] GC(7841) Pause Young (Allocation Failure) 243M->138M(382M) 3.062ms
[505.713s][info][gc] GC(7842) Pause Young (Allocation Failure) 244M->139M(382M) 2.826ms
[505.783s][info][gc] GC(7843) Pause Young (Allocation Failure) 244M->140M(382M) 2.951ms
[505.855s][info][gc] GC(7844) Pause Young (Allocation Failure) 245M->141M(382M) 2.835ms
[505.928s][info][gc] GC(7845) Pause Young (Allocation Failure) 246M->142M(382M) 3.066ms
[505.997s][info][gc] GC(7846) Pause Young (Allocation Failure) 247M->142M(382M) 3.069ms
[506.068s][info][gc] GC(7847) Pause Young (Allocation Failure) 248M->142M(382M) 2.727ms
[506.144s][info][gc] GC(7848) Pause Young (Allocation Failure) 248M->144M(382M) 2.879ms
[506.214s][info][gc] GC(7849) Pause Young (Allocation Failure) 249M->145M(382M) 3.270ms
[506.294s][info][gc] GC(7850) Pause Young (Allocation Failure) 250M->145M(382M) 3.054ms
[506.364s][info][gc] GC(7851) Pause Young (Allocation Failure) 251M->146M(382M) 3.018ms
[506.437s][info][gc] GC(7852) Pause Young (Allocation Failure) 251M->147M(382M) 3.016ms
[506.514s][info][gc] GC(7853) Pause Young (Allocation Failure) 252M->148M(382M) 3.014ms
[506.581s][info][gc] GC(7854) Pause Young (Allocation Failure) 253M->148M(382M) 2.825ms
[506.650s][info][gc] GC(7855) Pause Young (Allocation Failure) 254M->149M(382M) 2.639ms
[506.728s][info][gc] GC(7856) Pause Young (Allocation Failure) 254M->150M(382M) 2.869ms
[506.796s][info][gc] GC(7857) Pause Young (Allocation Failure) 256M->151M(382M) 3.210ms
[506.868s][info][gc] GC(7858) Pause Young (Allocation Failure) 257M->151M(382M) 2.761ms
[506.937s][info][gc] GC(7859) Pause Young (Allocation Failure) 257M->153M(382M) 2.809ms
[507.007s][info][gc] GC(7860) Pause Young (Allocation Failure) 258M->153M(382M) 2.809ms
[507.100s][info][gc] GC(7861) Pause Young (Allocation Failure) 259M->153M(382M) 2.378ms
[507.280s][info][gc] GC(7862) Pause Young (Allocation Failure) 258M->156M(382M) 3.329ms
[507.353s][info][gc] GC(7863) Pause Young (Allocation Failure) 262M->157M(382M) 3.457ms
[507.420s][info][gc] GC(7864) Pause Young (Allocation Failure) 262M->158M(382M) 2.884ms
[507.494s][info][gc] GC(7865) Pause Young (Allocation Failure) 263M->158M(382M) 3.060ms
[507.567s][info][gc] GC(7866) Pause Young (Allocation Failure) 264M->159M(382M) 3.043ms
[507.631s][info][gc] GC(7867) Pause Young (Allocation Failure) 265M->159M(382M) 2.600ms
[507.710s][info][gc] GC(7868) Pause Young (Allocation Failure) 264M->161M(382M) 2.584ms
[507.782s][info][gc] GC(7869) Pause Young (Allocation Failure) 266M->161M(382M) 2.846ms
[507.851s][info][gc] GC(7870) Pause Young (Allocation Failure) 267M->162M(382M) 2.728ms
[507.924s][info][gc] GC(7871) Pause Young (Allocation Failure) 267M->163M(382M) 2.889ms
[507.998s][info][gc] GC(7872) Pause Young (Allocation Failure) 269M->164M(382M) 3.234ms
[508.069s][info][gc] GC(7873) Pause Young (Allocation Failure) 270M->164M(382M) 2.737ms
[508.135s][info][gc] GC(7874) Pause Young (Allocation Failure) 270M->165M(382M) 2.748ms
[508.208s][info][gc] GC(7875) Pause Young (Allocation Failure) 271M->167M(382M) 2.942ms
[508.276s][info][gc] GC(7876) Pause Young (Allocation Failure) 272M->167M(382M) 2.642ms
[508.348s][info][gc] GC(7877) Pause Young (Allocation Failure) 272M->168M(382M) 2.823ms
[508.419s][info][gc] GC(7878) Pause Young (Allocation Failure) 274M->169M(382M) 3.140ms
[508.491s][info][gc] GC(7879) Pause Young (Allocation Failure) 274M->169M(382M) 2.752ms
[508.558s][info][gc] GC(7880) Pause Young (Allocation Failure) 275M->170M(382M) 2.794ms
[508.632s][info][gc] GC(7881) Pause Young (Allocation Failure) 276M->171M(382M) 2.851ms
[508.707s][info][gc] GC(7882) Pause Young (Allocation Failure) 276M->172M(382M) 3.001ms
[508.771s][info][gc] GC(7883) Pause Young (Allocation Failure) 278M->172M(382M) 2.756ms
[508.850s][info][gc] GC(7884) Pause Young (Allocation Failure) 278M->173M(382M) 2.838ms
[508.924s][info][gc] GC(7885) Pause Young (Allocation Failure) 279M->175M(382M) 2.871ms
[508.990s][info][gc] GC(7886) Pause Young (Allocation Failure) 280M->174M(382M) 2.568ms
[509.064s][info][gc] GC(7887) Pause Young (Allocation Failure) 280M->176M(382M) 2.773ms
[509.137s][info][gc] GC(7888) Pause Young (Allocation Failure) 281M->177M(382M) 3.138ms
[509.207s][info][gc] GC(7889) Pause Young (Allocation Failure) 282M->177M(382M) 2.774ms
[509.275s][info][gc] GC(7890) Pause Young (Allocation Failure) 283M->178M(382M) 2.784ms
[509.350s][info][gc] GC(7891) Pause Young (Allocation Failure) 284M->179M(382M) 2.973ms
[509.419s][info][gc] GC(7892) Pause Young (Allocation Failure) 285M->180M(382M) 2.788ms
[509.488s][info][gc] GC(7893) Pause Young (Allocation Failure) 285M->181M(382M) 2.861ms
[509.563s][info][gc] GC(7894) Pause Young (Allocation Failure) 286M->182M(382M) 3.147ms
[509.630s][info][gc] GC(7895) Pause Young (Allocation Failure) 288M->182M(382M) 2.802ms
[509.701s][info][gc] GC(7896) Pause Young (Allocation Failure) 288M->183M(382M) 2.505ms
[509.774s][info][gc] GC(7897) Pause Young (Allocation Failure) 289M->184M(382M) 3.093ms
[509.844s][info][gc] GC(7898) Pause Young (Allocation Failure) 290M->184M(382M) 2.610ms
[509.916s][info][gc] GC(7899) Pause Young (Allocation Failure) 290M->186M(382M) 2.982ms
[509.996s][info][gc] GC(7900) Pause Young (Allocation Failure) 291M->187M(382M) 3.430ms
[510.069s][info][gc] GC(7901) Pause Young (Allocation Failure) 293M->187M(382M) 3.082ms
[510.134s][info][gc] GC(7902) Pause Young (Allocation Failure) 293M->187M(382M) 2.274ms
[510.210s][info][gc] GC(7903) Pause Young (Allocation Failure) 292M->189M(382M) 2.947ms
[510.283s][info][gc] GC(7904) Pause Young (Allocation Failure) 295M->190M(382M) 3.177ms
[510.357s][info][gc] GC(7905) Pause Young (Allocation Failure) 295M->190M(382M) 2.765ms
[510.425s][info][gc] GC(7906) Pause Young (Allocation Failure) 296M->191M(382M) 2.764ms
[510.500s][info][gc] GC(7907) Pause Young (Allocation Failure) 297M->192M(382M) 2.994ms
[510.569s][info][gc] GC(7908) Pause Young (Allocation Failure) 298M->193M(382M) 2.807ms
[510.639s][info][gc] GC(7909) Pause Young (Allocation Failure) 298M->194M(382M) 2.914ms
[510.846s][info][gc] GC(7910) Pause Young (Allocation Failure) 299M->192M(382M) 2.047ms
[510.929s][info][gc] GC(7911) Pause Young (Allocation Failure) 298M->196M(382M) 3.147ms
[511.000s][info][gc] GC(7912) Pause Young (Allocation Failure) 302M->197M(382M) 3.373ms
[511.078s][info][gc] GC(7913) Pause Young (Allocation Failure) 302M->197M(382M) 2.733ms
[511.143s][info][gc] GC(7914) Pause Young (Allocation Failure) 303M->198M(382M) 2.788ms
[511.214s][info][gc] GC(7915) Pause Young (Allocation Failure) 304M->199M(382M) 2.771ms
[511.290s][info][gc] GC(7916) Pause Young (Allocation Failure) 304M->200M(382M) 2.723ms
[511.357s][info][gc] GC(7917) Pause Young (Allocation Failure) 305M->201M(382M) 3.129ms
[511.429s][info][gc] GC(7918) Pause Young (Allocation Failure) 307M->202M(382M) 3.026ms
[511.503s][info][gc] GC(7919) Pause Young (Allocation Failure) 307M->203M(382M) 2.965ms
[511.568s][info][gc] GC(7920) Pause Young (Allocation Failure) 308M->203M(382M) 2.750ms
[511.643s][info][gc] GC(7921) Pause Young (Allocation Failure) 309M->204M(382M) 2.938ms
[511.712s][info][gc] GC(7922) Pause Young (Allocation Failure) 310M->205M(382M) 2.863ms
[511.779s][info][gc] GC(7923) Pause Young (Allocation Failure) 310M->206M(382M) 2.841ms
[511.854s][info][gc] GC(7924) Pause Young (Allocation Failure) 311M->206M(382M) 2.884ms
[511.928s][info][gc] GC(7925) Pause Young (Allocation Failure) 312M->207M(382M) 2.947ms
[511.995s][info][gc] GC(7926) Pause Young (Allocation Failure) 313M->208M(382M) 2.708ms
[512.069s][info][gc] GC(7927) Pause Young (Allocation Failure) 313M->209M(382M) 2.978ms
[512.139s][info][gc] GC(7928) Pause Young (Allocation Failure) 315M->210M(382M) 2.916ms
[512.207s][info][gc] GC(7929) Pause Young (Allocation Failure) 315M->210M(382M) 2.678ms
[512.277s][info][gc] GC(7930) Pause Young (Allocation Failure) 316M->211M(382M) 2.890ms
[512.356s][info][gc] GC(7931) Pause Young (Allocation Failure) 317M->212M(382M) 2.946ms
[512.421s][info][gc] GC(7932) Pause Young (Allocation Failure) 318M->213M(382M) 2.719ms
[512.492s][info][gc] GC(7933) Pause Young (Allocation Failure) 318M->214M(382M) 2.883ms
[512.565s][info][gc] GC(7934) Pause Young (Allocation Failure) 319M->215M(382M) 3.034ms
[512.630s][info][gc] GC(7935) Pause Young (Allocation Failure) 320M->215M(382M) 2.792ms
[512.701s][info][gc] GC(7936) Pause Young (Allocation Failure) 320M->216M(382M) 2.821ms
[512.775s][info][gc] GC(7937) Pause Young (Allocation Failure) 322M->217M(382M) 3.189ms
[512.840s][info][gc] GC(7938) Pause Young (Allocation Failure) 323M->217M(382M) 2.742ms
[512.910s][info][gc] GC(7939) Pause Young (Allocation Failure) 323M->218M(382M) 2.705ms
[512.986s][info][gc] GC(7940) Pause Young (Allocation Failure) 324M->219M(382M) 3.203ms
[513.049s][info][gc] GC(7941) Pause Young (Allocation Failure) 325M->219M(382M) 2.474ms
[513.122s][info][gc] GC(7942) Pause Young (Allocation Failure) 325M->221M(382M) 2.682ms
[513.198s][info][gc] GC(7943) Pause Young (Allocation Failure) 326M->222M(382M) 3.184ms
[513.271s][info][gc] GC(7944) Pause Young (Allocation Failure) 327M->222M(382M) 2.758ms
[513.340s][info][gc] GC(7945) Pause Young (Allocation Failure) 328M->223M(382M) 2.809ms
[513.412s][info][gc] GC(7946) Pause Young (Allocation Failure) 329M->224M(382M) 2.877ms
[513.484s][info][gc] GC(7947) Pause Young (Allocation Failure) 330M->225M(382M) 2.924ms
[513.550s][info][gc] GC(7948) Pause Young (Allocation Failure) 331M->226M(382M) 2.818ms
[513.620s][info][gc] GC(7949) Pause Young (Allocation Failure) 331M->227M(382M) 2.896ms
[513.695s][info][gc] GC(7950) Pause Young (Allocation Failure) 332M->227M(382M) 3.000ms
[513.763s][info][gc] GC(7951) Pause Young (Allocation Failure) 333M->228M(382M) 2.861ms
[513.833s][info][gc] GC(7952) Pause Young (Allocation Failure) 334M->229M(382M) 2.950ms
[513.909s][info][gc] GC(7953) Pause Young (Allocation Failure) 335M->230M(382M) 3.005ms
[513.974s][info][gc] GC(7954) Pause Young (Allocation Failure) 336M->230M(382M) 2.763ms
[514.047s][info][gc] GC(7955) Pause Young (Allocation Failure) 336M->231M(382M) 2.580ms
[514.121s][info][gc] GC(7956) Pause Young (Allocation Failure) 337M->232M(382M) 2.924ms
[514.186s][info][gc] GC(7957) Pause Young (Allocation Failure) 338M->233M(382M) 2.721ms
[514.258s][info][gc] GC(7958) Pause Young (Allocation Failure) 338M->233M(382M) 2.640ms
[514.463s][info][gc] GC(7959) Pause Young (Allocation Failure) 339M->233M(382M) 2.120ms
[514.541s][info][gc] GC(7960) Pause Young (Allocation Failure) 338M->236M(382M) 3.416ms
[514.615s][info][gc] GC(7961) Pause Young (Allocation Failure) 342M->237M(382M) 3.702ms
[514.693s][info][gc] GC(7962) Pause Young (Allocation Failure) 342M->238M(382M) 2.945ms
[514.759s][info][gc] GC(7963) Pause Young (Allocation Failure) 343M->238M(382M) 2.772ms
[514.833s][info][gc] GC(7964) Pause Young (Allocation Failure) 344M->239M(382M) 3.231ms
[514.920s][info][gc] GC(7965) Pause Young (Allocation Failure) 345M->240M(382M) 2.918ms
[514.989s][info][gc] GC(7966) Pause Young (Allocation Failure) 346M->241M(382M) 3.155ms
[515.065s][info][gc] GC(7967) Pause Young (Allocation Failure) 347M->242M(382M) 2.973ms
[515.136s][info][gc] GC(7968) Pause Young (Allocation Failure) 347M->243M(382M) 3.006ms
[515.204s][info][gc] GC(7969) Pause Young (Allocation Failure) 348M->243M(382M) 2.931ms
[515.281s][info][gc] GC(7970) Pause Young (Allocation Failure) 349M->245M(382M) 3.127ms
[515.354s][info][gc] GC(7971) Pause Young (Allocation Failure) 350M->245M(382M) 2.893ms
[515.418s][info][gc] GC(7972) Pause Young (Allocation Failure) 350M->246M(382M) 2.600ms
[515.494s][info][gc] GC(7973) Pause Young (Allocation Failure) 351M->247M(382M) 3.058ms
[515.567s][info][gc] GC(7974) Pause Young (Allocation Failure) 352M->248M(382M) 2.959ms
[515.633s][info][gc] GC(7975) Pause Young (Allocation Failure) 353M->247M(382M) 2.341ms
[515.704s][info][gc] GC(7976) Pause Young (Allocation Failure) 352M->249M(382M) 2.861ms
[515.776s][info][gc] GC(7977) Pause Young (Allocation Failure) 355M->250M(382M) 3.243ms
[515.846s][info][gc] GC(7978) Pause Young (Allocation Failure) 356M->250M(382M) 2.467ms
[515.915s][info][gc] GC(7979) Pause Young (Allocation Failure) 355M->251M(382M) 2.605ms
[515.992s][info][gc] GC(7980) Pause Young (Allocation Failure) 357M->253M(382M) 3.217ms
[516.066s][info][gc] GC(7981) Pause Young (Allocation Failure) 358M->253M(382M) 2.837ms
[516.131s][info][gc] GC(7982) Pause Young (Allocation Failure) 358M->254M(382M) 2.922ms
[516.204s][info][gc] GC(7983) Pause Young (Allocation Failure) 360M->254M(382M) 2.788ms
[516.280s][info][gc] GC(7984) Pause Young (Allocation Failure) 360M->256M(382M) 2.867ms
[516.343s][info][gc] GC(7985) Pause Young (Allocation Failure) 361M->256M(382M) 2.718ms
[516.420s][info][gc] GC(7986) Pause Young (Allocation Failure) 362M->257M(382M) 3.117ms
[516.495s][info][gc] GC(7987) Pause Young (Allocation Failure) 363M->258M(382M) 2.971ms
[516.557s][info][gc] GC(7988) Pause Young (Allocation Failure) 364M->259M(382M) 2.665ms
[516.638s][info][gc] GC(7989) Pause Young (Allocation Failure) 364M->260M(382M) 3.065ms
[516.707s][info][gc] GC(7990) Pause Young (Allocation Failure) 365M->260M(382M) 2.991ms
[516.772s][info][gc] GC(7991) Pause Young (Allocation Failure) 366M->261M(382M) 2.885ms
[516.851s][info][gc] GC(7992) Pause Young (Allocation Failure) 367M->262M(382M) 3.305ms
[516.924s][info][gc] GC(7993) Pause Young (Allocation Failure) 368M->263M(382M) 3.220ms
[516.988s][info][gc] GC(7994) Pause Young (Allocation Failure) 368M->262M(382M) 2.555ms
[517.069s][info][gc] GC(7995) Pause Young (Allocation Failure) 368M->264M(382M) 2.866ms
[517.142s][info][gc] GC(7996) Pause Young (Allocation Failure) 370M->265M(382M) 3.241ms
[517.216s][info][gc] GC(7997) Pause Young (Allocation Failure) 371M->266M(382M) 2.796ms
[517.283s][info][gc] GC(7998) Pause Young (Allocation Failure) 371M->267M(382M) 2.930ms
[517.357s][info][gc] GC(7999) Pause Young (Allocation Failure) 372M->268M(382M) 3.011ms
[517.430s][info][gc] GC(8000) Pause Young (Allocation Failure) 373M->269M(382M) 2.969ms
[517.496s][info][gc] GC(8001) Pause Young (Allocation Failure) 374M->269M(382M) 2.867ms
[517.571s][info][gc] GC(8002) Pause Young (Allocation Failure) 375M->270M(382M) 3.003ms
[517.617s][info][gc] GC(8003) Pause Full (Allocation Failure) 270M->64M(375M) 46.180ms
[517.686s][info][gc] GC(8004) Pause Young (Allocation Failure) 168M->67M(375M) 1.738ms
[517.749s][info][gc] GC(8005) Pause Young (Allocation Failure) 171M->69M(375M) 1.851ms
[517.817s][info][gc] GC(8006) Pause Young (Allocation Failure) 172M->69M(375M) 1.932ms
[517.891s][info][gc] GC(8007) Pause Young (Allocation Failure) 172M->70M(375M) 2.187ms
[517.956s][info][gc] GC(8008) Pause Young (Allocation Failure) 173M->71M(375M) 2.299ms
[518.170s][info][gc] GC(8009) Pause Young (Allocation Failure) 174M->74M(375M) 3.434ms
[518.219s][info][gc] GC(8010) Pause Young (Allocation Failure) 178M->80M(375M) 5.620ms
[518.255s][info][gc] GC(8011) Pause Young (Allocation Failure) 183M->81M(375M) 4.579ms
[518.287s][info][gc] GC(8012) Pause Young (Allocation Failure) 184M->82M(375M) 3.374ms
[518.317s][info][gc] GC(8013) Pause Young (Allocation Failure) 185M->83M(375M) 2.092ms
[518.358s][info][gc] GC(8014) Pause Young (Allocation Failure) 186M->87M(375M) 3.461ms
[518.395s][info][gc] GC(8015) Pause Young (Allocation Failure) 190M->88M(375M) 3.942ms
[518.425s][info][gc] GC(8016) Pause Young (Allocation Failure) 191M->89M(375M) 2.648ms
[518.460s][info][gc] GC(8017) Pause Young (Allocation Failure) 192M->89M(375M) 2.824ms
[518.502s][info][gc] GC(8018) Pause Young (Allocation Failure) 193M->92M(375M) 3.518ms
[518.534s][info][gc] GC(8019) Pause Young (Allocation Failure) 196M->93M(375M) 3.676ms
[518.562s][info][gc] GC(8020) Pause Young (Allocation Failure) 196M->94M(375M) 2.384ms
[518.597s][info][gc] GC(8021) Pause Young (Allocation Failure) 197M->95M(375M) 2.679ms
[518.640s][info][gc] GC(8022) Pause Young (Allocation Failure) 198M->98M(375M) 4.068ms
[518.670s][info][gc] GC(8023) Pause Young (Allocation Failure) 202M->98M(375M) 3.451ms
[518.703s][info][gc] GC(8024) Pause Young (Allocation Failure) 201M->99M(375M) 2.659ms
[518.740s][info][gc] GC(8025) Pause Young (Allocation Failure) 203M->101M(375M) 3.268ms
[518.780s][info][gc] GC(8026) Pause Young (Allocation Failure) 204M->104M(375M) 3.534ms
[518.812s][info][gc] GC(8027) Pause Young (Allocation Failure) 207M->104M(375M) 3.682ms
[518.843s][info][gc] GC(8028) Pause Young (Allocation Failure) 208M->105M(375M) 2.365ms
[518.878s][info][gc] GC(8029) Pause Young (Allocation Failure) 209M->106M(375M) 2.692ms
[518.920s][info][gc] GC(8030) Pause Young (Allocation Failure) 210M->109M(375M) 3.840ms
[518.952s][info][gc] GC(8031) Pause Young (Allocation Failure) 213M->110M(375M) 3.843ms
[518.981s][info][gc] GC(8032) Pause Young (Allocation Failure) 214M->110M(375M) 2.592ms
[519.020s][info][gc] GC(8033) Pause Young (Allocation Failure) 214M->113M(375M) 3.304ms
[519.059s][info][gc] GC(8034) Pause Young (Allocation Failure) 216M->114M(375M) 3.701ms
[519.091s][info][gc] GC(8035) Pause Young (Allocation Failure) 218M->115M(375M) 3.795ms
[519.123s][info][gc] GC(8036) Pause Young (Allocation Failure) 219M->116M(375M) 2.584ms
[519.159s][info][gc] GC(8037) Pause Young (Allocation Failure) 220M->119M(375M) 3.404ms
[519.194s][info][gc] GC(8038) Pause Young (Allocation Failure) 222M->119M(375M) 3.589ms
[519.229s][info][gc] GC(8039) Pause Young (Allocation Failure) 223M->120M(375M) 3.389ms
[519.262s][info][gc] GC(8040) Pause Young (Allocation Failure) 224M->122M(375M) 3.289ms
[519.297s][info][gc] GC(8041) Pause Young (Allocation Failure) 225M->123M(375M) 3.361ms
[519.330s][info][gc] GC(8042) Pause Young (Allocation Failure) 227M->125M(375M) 2.914ms
[519.368s][info][gc] GC(8043) Pause Young (Allocation Failure) 228M->126M(375M) 3.408ms
[519.401s][info][gc] GC(8044) Pause Young (Allocation Failure) 230M->128M(375M) 3.374ms
[519.439s][info][gc] GC(8045) Pause Young (Allocation Failure) 232M->131M(375M) 3.653ms
[519.472s][info][gc] GC(8046) Pause Young (Allocation Failure) 234M->131M(375M) 3.223ms
[519.510s][info][gc] GC(8047) Pause Young (Allocation Failure) 235M->133M(375M) 3.480ms
[519.542s][info][gc] GC(8048) Pause Young (Allocation Failure) 236M->134M(375M) 3.326ms
[519.580s][info][gc] GC(8049) Pause Young (Allocation Failure) 238M->137M(375M) 3.404ms
[519.616s][info][gc] GC(8050) Pause Young (Allocation Failure) 240M->137M(375M) 3.678ms
[519.648s][info][gc] GC(8051) Pause Young (Allocation Failure) 241M->138M(375M) 3.328ms
[519.682s][info][gc] GC(8052) Pause Young (Allocation Failure) 242M->140M(375M) 2.775ms
[519.715s][info][gc] GC(8053) Pause Young (Allocation Failure) 243M->141M(375M) 3.116ms
[519.752s][info][gc] GC(8054) Pause Young (Allocation Failure) 245M->143M(375M) 3.298ms
[519.789s][info][gc] GC(8055) Pause Young (Allocation Failure) 247M->144M(375M) 3.873ms
[519.827s][info][gc] GC(8056) Pause Young (Allocation Failure) 248M->145M(375M) 3.405ms
[519.866s][info][gc] GC(8057) Pause Young (Allocation Failure) 249M->147M(375M) 3.332ms
[519.902s][info][gc] GC(8058) Pause Young (Allocation Failure) 250M->149M(375M) 3.487ms
[519.939s][info][gc] GC(8059) Pause Young (Allocation Failure) 252M->150M(375M) 3.546ms
[519.970s][info][gc] GC(8060) Pause Young (Allocation Failure) 254M->150M(375M) 3.134ms
[520.010s][info][gc] GC(8061) Pause Young (Allocation Failure) 254M->152M(375M) 3.126ms
[520.047s][info][gc] GC(8062) Pause Young (Allocation Failure) 256M->154M(375M) 3.606ms
[520.084s][info][gc] GC(8063) Pause Young (Allocation Failure) 258M->156M(375M) 3.552ms
[520.116s][info][gc] GC(8064) Pause Young (Allocation Failure) 259M->156M(375M) 3.091ms
[520.155s][info][gc] GC(8065) Pause Young (Allocation Failure) 259M->158M(375M) 3.129ms
[520.194s][info][gc] GC(8066) Pause Young (Allocation Failure) 261M->160M(375M) 3.877ms
[520.229s][info][gc] GC(8067) Pause Young (Allocation Failure) 264M->161M(375M) 3.620ms
[520.263s][info][gc] GC(8068) Pause Young (Allocation Failure) 265M->162M(375M) 3.483ms
[520.301s][info][gc] GC(8069) Pause Young (Allocation Failure) 266M->164M(375M) 3.471ms
[520.335s][info][gc] GC(8070) Pause Young (Allocation Failure) 268M->165M(375M) 3.293ms
[520.373s][info][gc] GC(8071) Pause Young (Allocation Failure) 269M->167M(375M) 3.557ms
[520.405s][info][gc] GC(8072) Pause Young (Allocation Failure) 271M->167M(375M) 3.019ms
[520.445s][info][gc] GC(8073) Pause Young (Allocation Failure) 271M->170M(375M) 3.436ms
[520.482s][info][gc] GC(8074) Pause Young (Allocation Failure) 274M->171M(375M) 3.593ms
[520.518s][info][gc] GC(8075) Pause Young (Allocation Failure) 274M->172M(375M) 3.350ms
[520.549s][info][gc] GC(8076) Pause Young (Allocation Failure) 276M->173M(375M) 3.188ms
[520.588s][info][gc] GC(8077) Pause Young (Allocation Failure) 277M->175M(375M) 3.199ms
[520.623s][info][gc] GC(8078) Pause Young (Allocation Failure) 279M->176M(375M) 3.468ms
[520.658s][info][gc] GC(8079) Pause Young (Allocation Failure) 280M->178M(375M) 3.564ms
[520.688s][info][gc] GC(8080) Pause Young (Allocation Failure) 281M->179M(375M) 3.507ms
[520.727s][info][gc] GC(8081) Pause Young (Allocation Failure) 282M->181M(375M) 3.341ms
[520.762s][info][gc] GC(8082) Pause Young (Allocation Failure) 285M->182M(375M) 3.599ms
[520.797s][info][gc] GC(8083) Pause Young (Allocation Failure) 286M->183M(375M) 3.361ms
[520.828s][info][gc] GC(8084) Pause Young (Allocation Failure) 287M->184M(375M) 3.368ms
[520.869s][info][gc] GC(8085) Pause Young (Allocation Failure) 288M->187M(375M) 3.675ms
[520.902s][info][gc] GC(8086) Pause Young (Allocation Failure) 291M->187M(375M) 3.510ms
[520.938s][info][gc] GC(8087) Pause Young (Allocation Failure) 291M->189M(375M) 3.517ms
[520.967s][info][gc] GC(8088) Pause Young (Allocation Failure) 293M->190M(375M) 3.284ms
[521.007s][info][gc] GC(8089) Pause Young (Allocation Failure) 294M->193M(375M) 3.432ms
[521.041s][info][gc] GC(8090) Pause Young (Allocation Failure) 297M->194M(375M) 3.825ms
[521.077s][info][gc] GC(8091) Pause Young (Allocation Failure) 298M->195M(375M) 3.532ms
[521.108s][info][gc] GC(8092) Pause Young (Allocation Failure) 299M->197M(375M) 2.562ms
[521.147s][info][gc] GC(8093) Pause Young (Allocation Failure) 300M->199M(375M) 3.428ms
[521.180s][info][gc] GC(8094) Pause Young (Allocation Failure) 303M->199M(375M) 3.396ms
[521.212s][info][gc] GC(8095) Pause Young (Allocation Failure) 303M->201M(375M) 3.115ms
[521.247s][info][gc] GC(8096) Pause Young (Allocation Failure) 304M->201M(375M) 2.861ms
[521.288s][info][gc] GC(8097) Pause Young (Allocation Failure) 305M->204M(375M) 3.540ms
[521.320s][info][gc] GC(8098) Pause Young (Allocation Failure) 308M->205M(375M) 3.647ms
[521.354s][info][gc] GC(8099) Pause Young (Allocation Failure) 308M->206M(375M) 2.723ms
[521.390s][info][gc] GC(8100) Pause Young (Allocation Failure) 310M->207M(375M) 3.204ms
[521.424s][info][gc] GC(8101) Pause Young (Allocation Failure) 311M->209M(375M) 3.243ms
[521.459s][info][gc] GC(8102) Pause Young (Allocation Failure) 313M->211M(375M) 3.417ms
[521.491s][info][gc] GC(8103) Pause Young (Allocation Failure) 314M->212M(375M) 3.246ms
[521.528s][info][gc] GC(8104) Pause Young (Allocation Failure) 315M->214M(375M) 3.057ms
[521.564s][info][gc] GC(8105) Pause Young (Allocation Failure) 317M->215M(375M) 3.571ms
[521.598s][info][gc] GC(8106) Pause Young (Allocation Failure) 319M->216M(375M) 3.685ms
[521.631s][info][gc] GC(8107) Pause Young (Allocation Failure) 320M->218M(375M) 2.573ms
[521.666s][info][gc] GC(8108) Pause Young (Allocation Failure) 321M->220M(375M) 3.341ms
[521.703s][info][gc] GC(8109) Pause Young (Allocation Failure) 323M->222M(375M) 3.283ms
[521.738s][info][gc] GC(8110) Pause Young (Allocation Failure) 325M->223M(375M) 3.711ms
[521.771s][info][gc] GC(8111) Pause Young (Allocation Failure) 327M->223M(375M) 3.077ms
[521.807s][info][gc] GC(8112) Pause Young (Allocation Failure) 327M->225M(375M) 3.375ms
[521.846s][info][gc] GC(8113) Pause Young (Allocation Failure) 329M->228M(375M) 3.690ms
[521.879s][info][gc] GC(8114) Pause Young (Allocation Failure) 331M->228M(375M) 3.464ms
[521.911s][info][gc] GC(8115) Pause Young (Allocation Failure) 332M->229M(375M) 2.589ms
[521.948s][info][gc] GC(8116) Pause Young (Allocation Failure) 332M->231M(375M) 3.217ms
[521.984s][info][gc] GC(8117) Pause Young (Allocation Failure) 334M->233M(375M) 3.889ms
[522.017s][info][gc] GC(8118) Pause Young (Allocation Failure) 336M->233M(375M) 3.571ms
[522.049s][info][gc] GC(8119) Pause Young (Allocation Failure) 336M->234M(375M) 2.546ms
[522.085s][info][gc] GC(8120) Pause Young (Allocation Failure) 338M->236M(375M) 3.280ms
[522.124s][info][gc] GC(8121) Pause Young (Allocation Failure) 339M->237M(375M) 3.706ms
[522.158s][info][gc] GC(8122) Pause Young (Allocation Failure) 341M->238M(375M) 3.152ms
[522.191s][info][gc] GC(8123) Pause Young (Allocation Failure) 341M->239M(375M) 3.312ms
[522.227s][info][gc] GC(8124) Pause Young (Allocation Failure) 343M->241M(375M) 3.307ms
[522.264s][info][gc] GC(8125) Pause Young (Allocation Failure) 344M->243M(375M) 3.484ms
[522.298s][info][gc] GC(8126) Pause Young (Allocation Failure) 346M->245M(375M) 3.484ms
[522.328s][info][gc] GC(8127) Pause Young (Allocation Failure) 348M->245M(375M) 3.180ms
[522.367s][info][gc] GC(8128) Pause Young (Allocation Failure) 348M->247M(375M) 3.415ms
[522.402s][info][gc] GC(8129) Pause Young (Allocation Failure) 351M->249M(375M) 3.744ms
[522.438s][info][gc] GC(8130) Pause Young (Allocation Failure) 352M->251M(375M) 3.550ms
[522.469s][info][gc] GC(8131) Pause Young (Allocation Failure) 354M->251M(375M) 3.127ms
[522.507s][info][gc] GC(8132) Pause Young (Allocation Failure) 354M->253M(375M) 3.340ms
[522.541s][info][gc] GC(8133) Pause Young (Allocation Failure) 357M->254M(375M) 3.483ms
[522.576s][info][gc] GC(8134) Pause Young (Allocation Failure) 357M->256M(375M) 3.522ms
[522.606s][info][gc] GC(8135) Pause Young (Allocation Failure) 360M->256M(375M) 2.977ms
[522.646s][info][gc] GC(8136) Pause Young (Allocation Failure) 360M->259M(375M) 3.376ms
[522.679s][info][gc] GC(8137) Pause Young (Allocation Failure) 362M->259M(375M) 3.711ms
[522.712s][info][gc] GC(8138) Pause Young (Allocation Failure) 363M->260M(375M) 3.136ms
[522.747s][info][gc] GC(8139) Pause Young (Allocation Failure) 364M->261M(375M) 2.986ms
[522.785s][info][gc] GC(8140) Pause Young (Allocation Failure) 365M->264M(375M) 3.544ms
[522.820s][info][gc] GC(8141) Pause Young (Allocation Failure) 368M->265M(375M) 3.694ms
[522.854s][info][gc] GC(8142) Pause Young (Allocation Failure) 368M->266M(375M) 3.480ms
[522.937s][info][gc] GC(8143) Pause Full (Allocation Failure) 266M->141M(375M) 83.124ms
[522.969s][info][gc] GC(8144) Pause Young (Allocation Failure) 245M->144M(375M) 1.653ms
[523.004s][info][gc] GC(8145) Pause Young (Allocation Failure) 248M->147M(375M) 2.463ms
[523.039s][info][gc] GC(8146) Pause Young (Allocation Failure) 250M->149M(375M) 3.063ms
[523.073s][info][gc] GC(8147) Pause Young (Allocation Failure) 252M->150M(375M) 3.539ms
[523.108s][info][gc] GC(8148) Pause Young (Allocation Failure) 253M->151M(375M) 3.230ms
[523.147s][info][gc] GC(8149) Pause Young (Allocation Failure) 255M->153M(375M) 3.505ms
[523.180s][info][gc] GC(8150) Pause Young (Allocation Failure) 257M->154M(375M) 3.327ms
[523.215s][info][gc] GC(8151) Pause Young (Allocation Failure) 258M->155M(375M) 3.360ms
[523.249s][info][gc] GC(8152) Pause Young (Allocation Failure) 259M->156M(375M) 3.048ms
[523.284s][info][gc] GC(8153) Pause Young (Allocation Failure) 259M->158M(375M) 3.652ms
[523.319s][info][gc] GC(8154) Pause Young (Allocation Failure) 262M->159M(375M) 3.221ms
[523.353s][info][gc] GC(8155) Pause Young (Allocation Failure) 263M->161M(375M) 3.289ms
[523.388s][info][gc] GC(8156) Pause Young (Allocation Failure) 264M->162M(375M) 3.069ms
[523.423s][info][gc] GC(8157) Pause Young (Allocation Failure) 265M->163M(375M) 3.290ms
[523.462s][info][gc] GC(8158) Pause Young (Allocation Failure) 267M->166M(375M) 3.538ms
[523.492s][info][gc] GC(8159) Pause Young (Allocation Failure) 269M->166M(375M) 3.331ms
[523.529s][info][gc] GC(8160) Pause Young (Allocation Failure) 270M->168M(375M) 3.226ms
[523.563s][info][gc] GC(8161) Pause Young (Allocation Failure) 272M->170M(375M) 3.436ms
[523.599s][info][gc] GC(8162) Pause Young (Allocation Failure) 273M->171M(375M) 3.339ms
[523.630s][info][gc] GC(8163) Pause Young (Allocation Failure) 275M->172M(375M) 3.197ms
[523.671s][info][gc] GC(8164) Pause Young (Allocation Failure) 276M->175M(375M) 3.311ms
[523.705s][info][gc] GC(8165) Pause Young (Allocation Failure) 278M->177M(375M) 4.082ms
[523.738s][info][gc] GC(8166) Pause Young (Allocation Failure) 280M->177M(375M) 3.239ms
[523.770s][info][gc] GC(8167) Pause Young (Allocation Failure) 281M->179M(375M) 2.764ms
[523.808s][info][gc] GC(8168) Pause Young (Allocation Failure) 283M->181M(375M) 3.303ms
[523.843s][info][gc] GC(8169) Pause Young (Allocation Failure) 284M->183M(375M) 3.618ms
[523.880s][info][gc] GC(8170) Pause Young (Allocation Failure) 287M->183M(375M) 3.108ms
[523.917s][info][gc] GC(8171) Pause Young (Allocation Failure) 287M->186M(375M) 3.701ms
[523.956s][info][gc] GC(8172) Pause Young (Allocation Failure) 289M->187M(375M) 3.624ms
[523.992s][info][gc] GC(8173) Pause Young (Allocation Failure) 291M->188M(375M) 3.419ms
[524.028s][info][gc] GC(8174) Pause Young (Allocation Failure) 292M->189M(375M) 3.271ms
[524.067s][info][gc] GC(8175) Pause Young (Allocation Failure) 293M->192M(375M) 3.841ms
[524.103s][info][gc] GC(8176) Pause Young (Allocation Failure) 295M->192M(375M) 3.169ms
[524.140s][info][gc] GC(8177) Pause Young (Allocation Failure) 296M->195M(375M) 3.646ms
[524.178s][info][gc] GC(8178) Pause Young (Allocation Failure) 298M->195M(375M) 4.022ms
[524.220s][info][gc] GC(8179) Pause Young (Allocation Failure) 299M->197M(375M) 3.502ms
[524.257s][info][gc] GC(8180) Pause Young (Allocation Failure) 300M->198M(375M) 3.809ms
[524.290s][info][gc] GC(8181) Pause Young (Allocation Failure) 302M->199M(375M) 3.101ms
[524.329s][info][gc] GC(8182) Pause Young (Allocation Failure) 303M->201M(375M) 3.452ms
[524.367s][info][gc] GC(8183) Pause Young (Allocation Failure) 304M->203M(375M) 3.337ms
[524.402s][info][gc] GC(8184) Pause Young (Allocation Failure) 306M->204M(375M) 3.421ms
[524.441s][info][gc] GC(8185) Pause Young (Allocation Failure) 308M->206M(375M) 3.424ms
[524.473s][info][gc] GC(8186) Pause Young (Allocation Failure) 309M->207M(375M) 3.167ms
[524.512s][info][gc] GC(8187) Pause Young (Allocation Failure) 310M->209M(375M) 3.623ms
[524.542s][info][gc] GC(8188) Pause Young (Allocation Failure) 313M->210M(375M) 3.612ms
[524.579s][info][gc] GC(8189) Pause Young (Allocation Failure) 313M->212M(375M) 3.544ms
[524.614s][info][gc] GC(8190) Pause Young (Allocation Failure) 315M->213M(375M) 3.440ms
[524.650s][info][gc] GC(8191) Pause Young (Allocation Failure) 317M->215M(375M) 3.475ms
[524.683s][info][gc] GC(8192) Pause Young (Allocation Failure) 319M->216M(375M) 3.292ms
[524.720s][info][gc] GC(8193) Pause Young (Allocation Failure) 319M->218M(375M) 3.335ms
[524.754s][info][gc] GC(8194) Pause Young (Allocation Failure) 321M->219M(375M) 3.394ms
[524.793s][info][gc] GC(8195) Pause Young (Allocation Failure) 323M->221M(375M) 3.375ms
[524.826s][info][gc] GC(8196) Pause Young (Allocation Failure) 324M->222M(375M) 3.364ms
[524.866s][info][gc] GC(8197) Pause Young (Allocation Failure) 326M->224M(375M) 3.451ms
[524.898s][info][gc] GC(8198) Pause Young (Allocation Failure) 327M->224M(375M) 3.031ms
[524.937s][info][gc] GC(8199) Pause Young (Allocation Failure) 328M->227M(375M) 3.424ms
[524.970s][info][gc] GC(8200) Pause Young (Allocation Failure) 330M->228M(375M) 3.892ms
[525.008s][info][gc] GC(8201) Pause Young (Allocation Failure) 332M->230M(375M) 3.344ms
[525.045s][info][gc] GC(8202) Pause Young (Allocation Failure) 333M->231M(375M) 3.176ms
[525.080s][info][gc] GC(8203) Pause Young (Allocation Failure) 334M->233M(375M) 3.365ms
[525.114s][info][gc] GC(8204) Pause Young (Allocation Failure) 336M->234M(375M) 3.355ms
[525.154s][info][gc] GC(8205) Pause Young (Allocation Failure) 337M->236M(375M) 3.537ms
[525.192s][info][gc] GC(8206) Pause Young (Allocation Failure) 339M->237M(375M) 3.826ms
[525.223s][info][gc] GC(8207) Pause Young (Allocation Failure) 341M->238M(375M) 3.287ms
[525.261s][info][gc] GC(8208) Pause Young (Allocation Failure) 341M->238M(375M) 3.080ms
[525.319s][info][gc] GC(8209) Pause Young (Allocation Failure) 342M->238M(375M) 2.009ms
[525.460s][info][gc] GC(8210) Pause Young (Allocation Failure) 341M->240M(375M) 2.914ms
[525.519s][info][gc] GC(8211) Pause Young (Allocation Failure) 344M->244M(375M) 4.057ms
[525.559s][info][gc] GC(8212) Pause Young (Allocation Failure) 347M->245M(375M) 3.836ms
[525.610s][info][gc] GC(8213) Pause Young (Allocation Failure) 348M->248M(375M) 3.257ms
[525.649s][info][gc] GC(8214) Pause Young (Allocation Failure) 352M->249M(375M) 3.406ms
[525.687s][info][gc] GC(8215) Pause Young (Allocation Failure) 352M->249M(375M) 3.055ms
[525.731s][info][gc] GC(8216) Pause Young (Allocation Failure) 353M->252M(375M) 2.585ms
[525.772s][info][gc] GC(8217) Pause Young (Allocation Failure) 355M->253M(375M) 3.061ms
[525.809s][info][gc] GC(8218) Pause Young (Allocation Failure) 357M->253M(375M) 3.227ms
[525.855s][info][gc] GC(8219) Pause Young (Allocation Failure) 357M->255M(375M) 2.952ms
[525.893s][info][gc] GC(8220) Pause Young (Allocation Failure) 358M->255M(375M) 3.183ms
[525.930s][info][gc] GC(8221) Pause Young (Allocation Failure) 359M->256M(375M) 2.712ms
[525.975s][info][gc] GC(8222) Pause Young (Allocation Failure) 359M->257M(375M) 3.026ms
[526.015s][info][gc] GC(8223) Pause Young (Allocation Failure) 361M->258M(375M) 3.384ms
[526.051s][info][gc] GC(8224) Pause Young (Allocation Failure) 362M->258M(375M) 2.899ms
[526.096s][info][gc] GC(8225) Pause Young (Allocation Failure) 362M->259M(375M) 2.924ms
[526.139s][info][gc] GC(8226) Pause Young (Allocation Failure) 363M->261M(375M) 3.431ms
[526.175s][info][gc] GC(8227) Pause Young (Allocation Failure) 364M->261M(375M) 2.850ms
[526.223s][info][gc] GC(8228) Pause Young (Allocation Failure) 364M->262M(375M) 3.175ms
[526.261s][info][gc] GC(8229) Pause Young (Allocation Failure) 366M->263M(375M) 3.136ms
[526.297s][info][gc] GC(8230) Pause Young (Allocation Failure) 366M->262M(375M) 2.536ms
[526.341s][info][gc] GC(8231) Pause Young (Allocation Failure) 366M->264M(375M) 2.985ms
[526.382s][info][gc] GC(8232) Pause Young (Allocation Failure) 368M->266M(375M) 3.557ms
[526.421s][info][gc] GC(8233) Pause Full (Allocation Failure) 266M->55M(375M) 38.181ms
[526.457s][info][gc] GC(8234) Pause Young (Allocation Failure) 159M->58M(375M) 1.490ms
[526.499s][info][gc] GC(8235) Pause Young (Allocation Failure) 162M->61M(375M) 2.297ms
[526.541s][info][gc] GC(8236) Pause Young (Allocation Failure) 164M->62M(375M) 2.676ms
[526.579s][info][gc] GC(8237) Pause Young (Allocation Failure) 166M->62M(375M) 2.785ms
[526.620s][info][gc] GC(8238) Pause Young (Allocation Failure) 166M->64M(375M) 2.844ms
[526.660s][info][gc] GC(8239) Pause Young (Allocation Failure) 167M->64M(375M) 3.046ms
[526.698s][info][gc] GC(8240) Pause Young (Allocation Failure) 168M->64M(375M) 2.586ms
[526.741s][info][gc] GC(8241) Pause Young (Allocation Failure) 168M->66M(375M) 3.159ms
[526.780s][info][gc] GC(8242) Pause Young (Allocation Failure) 170M->67M(375M) 3.239ms
[526.817s][info][gc] GC(8243) Pause Young (Allocation Failure) 170M->67M(375M) 2.598ms
[526.865s][info][gc] GC(8244) Pause Young (Allocation Failure) 170M->69M(375M) 3.419ms
[526.904s][info][gc] GC(8245) Pause Young (Allocation Failure) 172M->69M(375M) 3.029ms
[526.943s][info][gc] GC(8246) Pause Young (Allocation Failure) 173M->69M(375M) 2.478ms
[526.987s][info][gc] GC(8247) Pause Young (Allocation Failure) 172M->71M(375M) 2.911ms
[527.025s][info][gc] GC(8248) Pause Young (Allocation Failure) 175M->72M(375M) 2.994ms
[527.064s][info][gc] GC(8249) Pause Young (Allocation Failure) 175M->72M(375M) 2.594ms
[527.108s][info][gc] GC(8250) Pause Young (Allocation Failure) 175M->73M(375M) 3.303ms
[527.149s][info][gc] GC(8251) Pause Young (Allocation Failure) 177M->75M(375M) 3.473ms
[527.187s][info][gc] GC(8252) Pause Young (Allocation Failure) 178M->73M(375M) 2.142ms
[527.234s][info][gc] GC(8253) Pause Young (Allocation Failure) 176M->76M(375M) 3.199ms
[527.273s][info][gc] GC(8254) Pause Young (Allocation Failure) 180M->76M(375M) 3.069ms
[527.314s][info][gc] GC(8255) Pause Young (Allocation Failure) 180M->77M(375M) 2.712ms
[527.355s][info][gc] GC(8256) Pause Young (Allocation Failure) 180M->78M(375M) 2.905ms
[527.396s][info][gc] GC(8257) Pause Young (Allocation Failure) 182M->79M(375M) 3.220ms
[527.437s][info][gc] GC(8258) Pause Young (Allocation Failure) 183M->80M(375M) 3.047ms
[527.482s][info][gc] GC(8259) Pause Young (Allocation Failure) 183M->81M(375M) 3.238ms
[527.518s][info][gc] GC(8260) Pause Young (Allocation Failure) 185M->82M(375M) 3.024ms
[527.561s][info][gc] GC(8261) Pause Young (Allocation Failure) 185M->82M(375M) 2.891ms
[527.601s][info][gc] GC(8262) Pause Young (Allocation Failure) 186M->83M(375M) 3.100ms
[527.638s][info][gc] GC(8263) Pause Young (Allocation Failure) 187M->84M(375M) 3.291ms
[527.681s][info][gc] GC(8264) Pause Young (Allocation Failure) 188M->85M(375M) 3.083ms
[527.721s][info][gc] GC(8265) Pause Young (Allocation Failure) 188M->85M(375M) 2.856ms
[527.763s][info][gc] GC(8266) Pause Young (Allocation Failure) 189M->86M(375M) 3.054ms
[527.805s][info][gc] GC(8267) Pause Young (Allocation Failure) 190M->87M(375M) 3.337ms
[527.846s][info][gc] GC(8268) Pause Young (Allocation Failure) 190M->87M(375M) 2.852ms
[527.890s][info][gc] GC(8269) Pause Young (Allocation Failure) 191M->89M(375M) 3.096ms
[527.932s][info][gc] GC(8270) Pause Young (Allocation Failure) 192M->89M(375M) 3.569ms
[527.972s][info][gc] GC(8271) Pause Young (Allocation Failure) 193M->90M(375M) 3.034ms
[528.010s][info][gc] GC(8272) Pause Young (Allocation Failure) 194M->91M(375M) 2.939ms
[528.053s][info][gc] GC(8273) Pause Young (Allocation Failure) 195M->92M(375M) 3.003ms
[528.093s][info][gc] GC(8274) Pause Young (Allocation Failure) 196M->93M(375M) 2.892ms
[528.130s][info][gc] GC(8275) Pause Young (Allocation Failure) 196M->94M(375M) 2.909ms
[528.173s][info][gc] GC(8276) Pause Young (Allocation Failure) 197M->95M(375M) 3.091ms
[528.215s][info][gc] GC(8277) Pause Young (Allocation Failure) 198M->96M(375M) 3.466ms
[528.251s][info][gc] GC(8278) Pause Young (Allocation Failure) 199M->96M(375M) 2.781ms
[528.292s][info][gc] GC(8279) Pause Young (Allocation Failure) 199M->97M(375M) 2.890ms
[528.332s][info][gc] GC(8280) Pause Young (Allocation Failure) 200M->97M(375M) 2.951ms
[528.372s][info][gc] GC(8281) Pause Young (Allocation Failure) 201M->98M(375M) 2.807ms
[528.415s][info][gc] GC(8282) Pause Young (Allocation Failure) 202M->99M(375M) 3.065ms
[528.456s][info][gc] GC(8283) Pause Young (Allocation Failure) 203M->100M(375M) 3.183ms
[528.493s][info][gc] GC(8284) Pause Young (Allocation Failure) 204M->100M(375M) 2.822ms
[528.536s][info][gc] GC(8285) Pause Young (Allocation Failure) 204M->101M(375M) 2.861ms
[528.576s][info][gc] GC(8286) Pause Young (Allocation Failure) 205M->102M(375M) 3.022ms
[528.617s][info][gc] GC(8287) Pause Young (Allocation Failure) 206M->103M(375M) 3.110ms
[528.659s][info][gc] GC(8288) Pause Young (Allocation Failure) 206M->104M(375M) 2.942ms
[528.701s][info][gc] GC(8289) Pause Young (Allocation Failure) 207M->105M(375M) 3.386ms
[528.740s][info][gc] GC(8290) Pause Young (Allocation Failure) 208M->105M(375M) 2.788ms
[528.780s][info][gc] GC(8291) Pause Young (Allocation Failure) 209M->106M(375M) 2.959ms
[528.821s][info][gc] GC(8292) Pause Young (Allocation Failure) 210M->107M(375M) 2.950ms
[528.863s][info][gc] GC(8293) Pause Young (Allocation Failure) 210M->108M(375M) 3.045ms
[528.902s][info][gc] GC(8294) Pause Young (Allocation Failure) 211M->109M(375M) 3.069ms
[528.940s][info][gc] GC(8295) Pause Young (Allocation Failure) 212M->109M(375M) 2.905ms
[528.980s][info][gc] GC(8296) Pause Young (Allocation Failure) 213M->110M(375M) 2.871ms
[529.021s][info][gc] GC(8297) Pause Young (Allocation Failure) 213M->110M(375M) 2.726ms
[529.063s][info][gc] GC(8298) Pause Young (Allocation Failure) 214M->112M(375M) 3.138ms
[529.104s][info][gc] GC(8299) Pause Young (Allocation Failure) 215M->112M(375M) 3.152ms
[529.142s][info][gc] GC(8300) Pause Young (Allocation Failure) 216M->113M(375M) 3.037ms
[529.185s][info][gc] GC(8301) Pause Young (Allocation Failure) 217M->114M(375M) 3.073ms
[529.226s][info][gc] GC(8302) Pause Young (Allocation Failure) 218M->115M(375M) 3.018ms
[529.267s][info][gc] GC(8303) Pause Young (Allocation Failure) 218M->116M(375M) 3.044ms
[529.304s][info][gc] GC(8304) Pause Young (Allocation Failure) 219M->116M(375M) 2.747ms
[529.344s][info][gc] GC(8305) Pause Young (Allocation Failure) 219M->117M(375M) 2.900ms
[529.389s][info][gc] GC(8306) Pause Young (Allocation Failure) 221M->118M(375M) 3.332ms
[529.426s][info][gc] GC(8307) Pause Young (Allocation Failure) 222M->118M(375M) 2.796ms
[529.466s][info][gc] GC(8308) Pause Young (Allocation Failure) 221M->119M(375M) 2.804ms
[529.508s][info][gc] GC(8309) Pause Young (Allocation Failure) 223M->120M(375M) 3.246ms
[529.545s][info][gc] GC(8310) Pause Young (Allocation Failure) 224M->120M(375M) 2.981ms
[529.589s][info][gc] GC(8311) Pause Young (Allocation Failure) 224M->122M(375M) 2.965ms
[529.628s][info][gc] GC(8312) Pause Young (Allocation Failure) 226M->123M(375M) 3.081ms
[529.667s][info][gc] GC(8313) Pause Young (Allocation Failure) 226M->123M(375M) 2.614ms
[529.704s][info][gc] GC(8314) Pause Young (Allocation Failure) 226M->123M(375M) 2.563ms
[529.747s][info][gc] GC(8315) Pause Young (Allocation Failure) 227M->125M(375M) 3.178ms
[529.787s][info][gc] GC(8316) Pause Young (Allocation Failure) 229M->125M(375M) 3.212ms
[529.829s][info][gc] GC(8317) Pause Young (Allocation Failure) 229M->125M(375M) 2.575ms
[529.875s][info][gc] GC(8318) Pause Young (Allocation Failure) 229M->128M(375M) 3.347ms
[529.912s][info][gc] GC(8319) Pause Young (Allocation Failure) 231M->127M(375M) 3.246ms
[529.953s][info][gc] GC(8320) Pause Young (Allocation Failure) 231M->128M(375M) 2.670ms
[529.996s][info][gc] GC(8321) Pause Young (Allocation Failure) 232M->130M(375M) 3.455ms
[530.037s][info][gc] GC(8322) Pause Young (Allocation Failure) 234M->131M(375M) 3.137ms
[530.078s][info][gc] GC(8323) Pause Young (Allocation Failure) 234M->130M(375M) 2.579ms
[530.120s][info][gc] GC(8324) Pause Young (Allocation Failure) 234M->132M(375M) 3.114ms
[530.160s][info][gc] GC(8325) Pause Young (Allocation Failure) 236M->133M(375M) 2.986ms
[530.208s][info][gc] GC(8326) Pause Young (Allocation Failure) 236M->134M(375M) 2.950ms
[530.247s][info][gc] GC(8327) Pause Young (Allocation Failure) 238M->135M(375M) 3.402ms
[530.285s][info][gc] GC(8328) Pause Young (Allocation Failure) 239M->135M(375M) 2.928ms
[530.332s][info][gc] GC(8329) Pause Young (Allocation Failure) 239M->136M(375M) 2.740ms
[530.374s][info][gc] GC(8330) Pause Young (Allocation Failure) 239M->137M(375M) 3.191ms
[530.413s][info][gc] GC(8331) Pause Young (Allocation Failure) 241M->138M(375M) 3.113ms
[530.459s][info][gc] GC(8332) Pause Young (Allocation Failure) 241M->138M(375M) 2.814ms
[530.497s][info][gc] GC(8333) Pause Young (Allocation Failure) 242M->139M(375M) 2.923ms
[530.535s][info][gc] GC(8334) Pause Young (Allocation Failure) 243M->140M(375M) 3.052ms
[530.581s][info][gc] GC(8335) Pause Young (Allocation Failure) 244M->141M(375M) 3.173ms
[530.619s][info][gc] GC(8336) Pause Young (Allocation Failure) 245M->142M(375M) 3.054ms
[530.656s][info][gc] GC(8337) Pause Young (Allocation Failure) 245M->143M(375M) 2.958ms
[530.705s][info][gc] GC(8338) Pause Young (Allocation Failure) 246M->144M(375M) 3.458ms
[530.742s][info][gc] GC(8339) Pause Young (Allocation Failure) 247M->144M(375M) 2.917ms
[530.779s][info][gc] GC(8340) Pause Young (Allocation Failure) 248M->145M(375M) 2.779ms
[530.824s][info][gc] GC(8341) Pause Young (Allocation Failure) 249M->146M(375M) 2.998ms
[530.866s][info][gc] GC(8342) Pause Young (Allocation Failure) 249M->147M(375M) 3.201ms
[530.903s][info][gc] GC(8343) Pause Young (Allocation Failure) 251M->148M(375M) 2.911ms
[530.949s][info][gc] GC(8344) Pause Young (Allocation Failure) 251M->148M(375M) 3.002ms
[530.989s][info][gc] GC(8345) Pause Young (Allocation Failure) 252M->149M(375M) 3.038ms
[531.024s][info][gc] GC(8346) Pause Young (Allocation Failure) 253M->150M(375M) 2.855ms
[531.070s][info][gc] GC(8347) Pause Young (Allocation Failure) 253M->151M(375M) 3.069ms
[531.104s][info][gc] GC(8348) Pause Young (Allocation Failure) 254M->151M(375M) 2.683ms
[531.144s][info][gc] GC(8349) Pause Young (Allocation Failure) 255M->152M(375M) 2.772ms
[531.189s][info][gc] GC(8350) Pause Young (Allocation Failure) 255M->153M(375M) 3.285ms
[531.226s][info][gc] GC(8351) Pause Young (Allocation Failure) 257M->154M(375M) 3.155ms
[531.263s][info][gc] GC(8352) Pause Young (Allocation Failure) 257M->154M(375M) 2.690ms
[531.307s][info][gc] GC(8353) Pause Young (Allocation Failure) 258M->156M(375M) 2.999ms
[531.347s][info][gc] GC(8354) Pause Young (Allocation Failure) 259M->157M(375M) 3.154ms
[531.383s][info][gc] GC(8355) Pause Young (Allocation Failure) 260M->157M(375M) 2.902ms
[531.430s][info][gc] GC(8356) Pause Young (Allocation Failure) 261M->158M(375M) 3.047ms
[531.466s][info][gc] GC(8357) Pause Young (Allocation Failure) 262M->158M(375M) 2.669ms
[531.505s][info][gc] GC(8358) Pause Young (Allocation Failure) 262M->160M(375M) 2.818ms
[531.554s][info][gc] GC(8359) Pause Young (Allocation Failure) 263M->159M(375M) 2.763ms
[531.608s][info][gc] GC(8360) Pause Young (Allocation Failure) 263M->159M(375M) 2.155ms
[531.690s][info][gc] GC(8361) Pause Young (Allocation Failure) 263M->159M(375M) 2.220ms
[531.787s][info][gc] GC(8362) Pause Young (Allocation Failure) 263M->160M(375M) 2.400ms
[531.888s][info][gc] GC(8363) Pause Young (Allocation Failure) 264M->161M(375M) 2.671ms
[531.991s][info][gc] GC(8364) Pause Young (Allocation Failure) 265M->162M(375M) 2.628ms
[532.087s][info][gc] GC(8365) Pause Young (Allocation Failure) 265M->162M(375M) 2.536ms
[532.194s][info][gc] GC(8366) Pause Young (Allocation Failure) 266M->164M(375M) 2.552ms
[532.293s][info][gc] GC(8367) Pause Young (Allocation Failure) 267M->164M(375M) 2.840ms
[532.395s][info][gc] GC(8368) Pause Young (Allocation Failure) 268M->165M(375M) 2.578ms
[532.498s][info][gc] GC(8369) Pause Young (Allocation Failure) 269M->166M(375M) 2.780ms
[532.592s][info][gc] GC(8370) Pause Young (Allocation Failure) 269M->166M(375M) 2.741ms
[532.695s][info][gc] GC(8371) Pause Young (Allocation Failure) 270M->167M(375M) 2.788ms
[532.801s][info][gc] GC(8372) Pause Young (Allocation Failure) 271M->168M(375M) 2.734ms
[532.896s][info][gc] GC(8373) Pause Young (Allocation Failure) 272M->169M(375M) 2.751ms
[533.001s][info][gc] GC(8374) Pause Young (Allocation Failure) 272M->170M(375M) 2.761ms
[533.097s][info][gc] GC(8375) Pause Young (Allocation Failure) 273M->171M(375M) 2.798ms
[533.199s][info][gc] GC(8376) Pause Young (Allocation Failure) 274M->171M(375M) 2.878ms
[533.308s][info][gc] GC(8377) Pause Young (Allocation Failure) 275M->172M(375M) 2.871ms
[533.408s][info][gc] GC(8378) Pause Young (Allocation Failure) 276M->173M(375M) 2.738ms
[533.514s][info][gc] GC(8379) Pause Young (Allocation Failure) 276M->174M(375M) 2.792ms
[533.616s][info][gc] GC(8380) Pause Young (Allocation Failure) 277M->175M(375M) 2.857ms
[533.717s][info][gc] GC(8381) Pause Young (Allocation Failure) 278M->175M(375M) 2.743ms
[533.820s][info][gc] GC(8382) Pause Young (Allocation Failure) 279M->176M(375M) 2.821ms
[533.919s][info][gc] GC(8383) Pause Young (Allocation Failure) 280M->177M(375M) 2.788ms
[534.020s][info][gc] GC(8384) Pause Young (Allocation Failure) 280M->178M(375M) 2.747ms
[534.122s][info][gc] GC(8385) Pause Young (Allocation Failure) 281M->179M(375M) 2.840ms
[534.225s][info][gc] GC(8386) Pause Young (Allocation Failure) 282M->179M(375M) 2.812ms
[534.326s][info][gc] GC(8387) Pause Young (Allocation Failure) 283M->180M(375M) 2.763ms
[534.430s][info][gc] GC(8388) Pause Young (Allocation Failure) 284M->181M(375M) 2.780ms
[534.530s][info][gc] GC(8389) Pause Young (Allocation Failure) 284M->181M(375M) 2.809ms
[534.632s][info][gc] GC(8390) Pause Young (Allocation Failure) 285M->182M(375M) 2.762ms
[534.730s][info][gc] GC(8391) Pause Young (Allocation Failure) 286M->183M(375M) 2.830ms
[534.835s][info][gc] GC(8392) Pause Young (Allocation Failure) 287M->184M(375M) 3.009ms
[534.937s][info][gc] GC(8393) Pause Young (Allocation Failure) 288M->185M(375M) 3.028ms
[535.040s][info][gc] GC(8394) Pause Young (Allocation Failure) 288M->185M(375M) 2.514ms
[535.141s][info][gc] GC(8395) Pause Young (Allocation Failure) 289M->186M(375M) 2.746ms
[535.246s][info][gc] GC(8396) Pause Young (Allocation Failure) 290M->187M(375M) 2.849ms
[535.350s][info][gc] GC(8397) Pause Young (Allocation Failure) 291M->188M(375M) 2.877ms
[535.455s][info][gc] GC(8398) Pause Young (Allocation Failure) 291M->189M(375M) 2.762ms
[535.558s][info][gc] GC(8399) Pause Young (Allocation Failure) 292M->190M(375M) 2.830ms
[535.659s][info][gc] GC(8400) Pause Young (Allocation Failure) 293M->190M(375M) 2.908ms
[535.762s][info][gc] GC(8401) Pause Young (Allocation Failure) 294M->191M(375M) 2.836ms
[535.861s][info][gc] GC(8402) Pause Young (Allocation Failure) 295M->192M(375M) 2.794ms
[535.967s][info][gc] GC(8403) Pause Young (Allocation Failure) 295M->193M(375M) 2.843ms
[536.065s][info][gc] GC(8404) Pause Young (Allocation Failure) 296M->193M(375M) 2.779ms
[536.167s][info][gc] GC(8405) Pause Young (Allocation Failure) 297M->194M(375M) 2.759ms
[536.268s][info][gc] GC(8406) Pause Young (Allocation Failure) 298M->195M(375M) 2.815ms
[536.368s][info][gc] GC(8407) Pause Young (Allocation Failure) 299M->196M(375M) 2.915ms
[536.473s][info][gc] GC(8408) Pause Young (Allocation Failure) 300M->197M(375M) 2.834ms
[536.573s][info][gc] GC(8409) Pause Young (Allocation Failure) 300M->197M(375M) 2.458ms
[536.674s][info][gc] GC(8410) Pause Young (Allocation Failure) 301M->198M(375M) 2.772ms
[536.856s][info][gc] GC(8411) Pause Young (Allocation Failure) 302M->202M(375M) 3.997ms
[536.905s][info][gc] GC(8412) Pause Young (Allocation Failure) 306M->203M(375M) 3.909ms
[536.960s][info][gc] GC(8413) Pause Young (Allocation Failure) 306M->203M(375M) 2.878ms
[537.012s][info][gc] GC(8414) Pause Young (Allocation Failure) 307M->204M(375M) 2.769ms
[537.072s][info][gc] GC(8415) Pause Young (Allocation Failure) 307M->205M(375M) 2.621ms
[537.121s][info][gc] GC(8416) Pause Young (Allocation Failure) 309M->206M(375M) 2.829ms
[537.176s][info][gc] GC(8417) Pause Young (Allocation Failure) 310M->206M(375M) 2.692ms
[537.228s][info][gc] GC(8418) Pause Young (Allocation Failure) 310M->207M(375M) 2.619ms
[537.285s][info][gc] GC(8419) Pause Young (Allocation Failure) 311M->208M(375M) 2.996ms
[537.336s][info][gc] GC(8420) Pause Young (Allocation Failure) 312M->209M(375M) 2.872ms
[537.394s][info][gc] GC(8421) Pause Young (Allocation Failure) 312M->210M(375M) 3.053ms
[537.445s][info][gc] GC(8422) Pause Young (Allocation Failure) 313M->211M(375M) 2.885ms
[537.505s][info][gc] GC(8423) Pause Young (Allocation Failure) 314M->211M(375M) 3.128ms
[537.557s][info][gc] GC(8424) Pause Young (Allocation Failure) 315M->212M(375M) 2.740ms
[537.613s][info][gc] GC(8425) Pause Young (Allocation Failure) 315M->213M(375M) 2.980ms
[537.666s][info][gc] GC(8426) Pause Young (Allocation Failure) 316M->214M(375M) 2.998ms
[537.725s][info][gc] GC(8427) Pause Young (Allocation Failure) 317M->214M(375M) 2.936ms
[537.776s][info][gc] GC(8428) Pause Young (Allocation Failure) 318M->215M(375M) 2.839ms
[537.833s][info][gc] GC(8429) Pause Young (Allocation Failure) 319M->216M(375M) 2.908ms
[537.884s][info][gc] GC(8430) Pause Young (Allocation Failure) 319M->217M(375M) 2.845ms
[537.939s][info][gc] GC(8431) Pause Young (Allocation Failure) 320M->217M(375M) 2.751ms
[537.991s][info][gc] GC(8432) Pause Young (Allocation Failure) 321M->218M(375M) 2.989ms
[538.048s][info][gc] GC(8433) Pause Young (Allocation Failure) 322M->219M(375M) 3.313ms
[538.100s][info][gc] GC(8434) Pause Young (Allocation Failure) 322M->220M(375M) 2.880ms
[538.158s][info][gc] GC(8435) Pause Young (Allocation Failure) 323M->220M(375M) 2.863ms
[538.209s][info][gc] GC(8436) Pause Young (Allocation Failure) 324M->222M(375M) 2.904ms
[538.268s][info][gc] GC(8437) Pause Young (Allocation Failure) 325M->222M(375M) 2.961ms
[538.318s][info][gc] GC(8438) Pause Young (Allocation Failure) 326M->223M(375M) 2.922ms
[538.376s][info][gc] GC(8439) Pause Young (Allocation Failure) 327M->224M(375M) 3.264ms
[538.427s][info][gc] GC(8440) Pause Young (Allocation Failure) 328M->224M(375M) 2.880ms
[538.488s][info][gc] GC(8441) Pause Young (Allocation Failure) 328M->226M(375M) 3.221ms
[538.535s][info][gc] GC(8442) Pause Young (Allocation Failure) 329M->226M(375M) 2.746ms
[538.592s][info][gc] GC(8443) Pause Young (Allocation Failure) 329M->227M(375M) 2.700ms
[538.641s][info][gc] GC(8444) Pause Young (Allocation Failure) 331M->227M(375M) 2.639ms
[538.700s][info][gc] GC(8445) Pause Young (Allocation Failure) 331M->229M(375M) 3.006ms
[538.749s][info][gc] GC(8446) Pause Young (Allocation Failure) 332M->229M(375M) 2.975ms
[538.809s][info][gc] GC(8447) Pause Young (Allocation Failure) 332M->230M(375M) 3.021ms
[538.860s][info][gc] GC(8448) Pause Young (Allocation Failure) 334M->231M(375M) 3.139ms
[538.921s][info][gc] GC(8449) Pause Young (Allocation Failure) 334M->232M(375M) 3.080ms
[538.968s][info][gc] GC(8450) Pause Young (Allocation Failure) 335M->232M(375M) 2.797ms
[539.026s][info][gc] GC(8451) Pause Young (Allocation Failure) 336M->233M(375M) 2.933ms
[539.076s][info][gc] GC(8452) Pause Young (Allocation Failure) 337M->234M(375M) 2.849ms
[539.134s][info][gc] GC(8453) Pause Young (Allocation Failure) 338M->235M(375M) 3.018ms
[539.183s][info][gc] GC(8454) Pause Young (Allocation Failure) 338M->236M(375M) 2.936ms
[539.243s][info][gc] GC(8455) Pause Young (Allocation Failure) 339M->237M(375M) 3.058ms
[539.291s][info][gc] GC(8456) Pause Young (Allocation Failure) 340M->237M(375M) 2.649ms
[539.351s][info][gc] GC(8457) Pause Young (Allocation Failure) 340M->238M(375M) 2.966ms
[539.401s][info][gc] GC(8458) Pause Young (Allocation Failure) 342M->238M(375M) 3.060ms
[539.459s][info][gc] GC(8459) Pause Young (Allocation Failure) 342M->239M(375M) 2.782ms
[539.509s][info][gc] GC(8460) Pause Young (Allocation Failure) 343M->240M(375M) 2.548ms
[539.675s][info][gc] GC(8461) Pause Young (Allocation Failure) 343M->242M(375M) 3.253ms
[539.724s][info][gc] GC(8462) Pause Young (Allocation Failure) 346M->243M(375M) 3.477ms
[539.784s][info][gc] GC(8463) Pause Young (Allocation Failure) 346M->244M(375M) 3.217ms
[539.832s][info][gc] GC(8464) Pause Young (Allocation Failure) 347M->244M(375M) 2.850ms
[539.893s][info][gc] GC(8465) Pause Young (Allocation Failure) 348M->245M(375M) 3.190ms
[539.942s][info][gc] GC(8466) Pause Young (Allocation Failure) 349M->245M(375M) 2.465ms
[540.001s][info][gc] GC(8467) Pause Young (Allocation Failure) 349M->247M(375M) 3.161ms
[540.052s][info][gc] GC(8468) Pause Young (Allocation Failure) 350M->247M(375M) 2.865ms
[540.110s][info][gc] GC(8469) Pause Young (Allocation Failure) 351M->248M(375M) 2.998ms
[540.159s][info][gc] GC(8470) Pause Young (Allocation Failure) 352M->249M(375M) 2.779ms
[540.216s][info][gc] GC(8471) Pause Young (Allocation Failure) 352M->250M(375M) 2.899ms
[540.267s][info][gc] GC(8472) Pause Young (Allocation Failure) 353M->251M(375M) 2.881ms
[540.326s][info][gc] GC(8473) Pause Young (Allocation Failure) 354M->251M(375M) 2.954ms
[540.376s][info][gc] GC(8474) Pause Young (Allocation Failure) 355M->252M(375M) 2.916ms
[540.434s][info][gc] GC(8475) Pause Young (Allocation Failure) 356M->253M(375M) 3.082ms
[540.486s][info][gc] GC(8476) Pause Young (Allocation Failure) 356M->254M(375M) 2.990ms
[540.545s][info][gc] GC(8477) Pause Young (Allocation Failure) 358M->255M(375M) 3.068ms
[540.594s][info][gc] GC(8478) Pause Young (Allocation Failure) 358M->255M(375M) 2.851ms
[540.651s][info][gc] GC(8479) Pause Young (Allocation Failure) 359M->256M(375M) 2.710ms
[540.700s][info][gc] GC(8480) Pause Young (Allocation Failure) 359M->257M(375M) 2.876ms
[540.757s][info][gc] GC(8481) Pause Young (Allocation Failure) 360M->258M(375M) 2.945ms
[540.806s][info][gc] GC(8482) Pause Young (Allocation Failure) 361M->258M(375M) 2.808ms
[540.865s][info][gc] GC(8483) Pause Young (Allocation Failure) 362M->260M(375M) 3.191ms
[540.913s][info][gc] GC(8484) Pause Young (Allocation Failure) 363M->260M(375M) 2.969ms
[540.970s][info][gc] GC(8485) Pause Young (Allocation Failure) 364M->261M(375M) 2.715ms
[541.019s][info][gc] GC(8486) Pause Young (Allocation Failure) 364M->261M(375M) 2.504ms
[541.078s][info][gc] GC(8487) Pause Young (Allocation Failure) 365M->262M(375M) 2.920ms
[541.125s][info][gc] GC(8488) Pause Young (Allocation Failure) 366M->263M(375M) 2.787ms
[541.183s][info][gc] GC(8489) Pause Young (Allocation Failure) 367M->264M(375M) 2.948ms
[541.232s][info][gc] GC(8490) Pause Young (Allocation Failure) 368M->265M(375M) 2.875ms
[541.292s][info][gc] GC(8491) Pause Young (Allocation Failure) 368M->266M(375M) 3.042ms
[541.333s][info][gc] GC(8492) Pause Full (Allocation Failure) 266M->62M(368M) 41.094ms
[541.377s][info][gc] GC(8493) Pause Young (Allocation Failure) 164M->64M(368M) 1.204ms
[541.434s][info][gc] GC(8494) Pause Young (Allocation Failure) 166M->67M(368M) 2.127ms
[541.481s][info][gc] GC(8495) Pause Young (Allocation Failure) 169M->68M(368M) 2.429ms
[541.538s][info][gc] GC(8496) Pause Young (Allocation Failure) 169M->69M(368M) 2.479ms
[541.586s][info][gc] GC(8497) Pause Young (Allocation Failure) 170M->69M(368M) 2.581ms
[541.642s][info][gc] GC(8498) Pause Young (Allocation Failure) 171M->70M(368M) 2.825ms
[541.691s][info][gc] GC(8499) Pause Young (Allocation Failure) 172M->71M(368M) 2.704ms
[541.747s][info][gc] GC(8500) Pause Young (Allocation Failure) 172M->71M(368M) 2.841ms
[541.797s][info][gc] GC(8501) Pause Young (Allocation Failure) 173M->72M(368M) 2.821ms
[541.852s][info][gc] GC(8502) Pause Young (Allocation Failure) 174M->73M(368M) 2.779ms
[541.905s][info][gc] GC(8503) Pause Young (Allocation Failure) 175M->74M(368M) 2.871ms
[541.962s][info][gc] GC(8504) Pause Young (Allocation Failure) 175M->75M(368M) 3.035ms
[542.011s][info][gc] GC(8505) Pause Young (Allocation Failure) 177M->75M(368M) 2.736ms
[542.069s][info][gc] GC(8506) Pause Young (Allocation Failure) 177M->76M(368M) 2.783ms
[542.114s][info][gc] GC(8507) Pause Young (Allocation Failure) 178M->77M(368M) 2.629ms
[542.173s][info][gc] GC(8508) Pause Young (Allocation Failure) 178M->78M(368M) 2.651ms
[542.220s][info][gc] GC(8509) Pause Young (Allocation Failure) 180M->79M(368M) 2.833ms
[542.276s][info][gc] GC(8510) Pause Young (Allocation Failure) 180M->79M(368M) 2.937ms
[542.326s][info][gc] GC(8511) Pause Young (Allocation Failure) 181M->80M(368M) 2.637ms
[542.487s][info][gc] GC(8512) Pause Young (Allocation Failure) 182M->82M(368M) 3.381ms
[542.535s][info][gc] GC(8513) Pause Young (Allocation Failure) 184M->82M(368M) 3.045ms
[542.590s][info][gc] GC(8514) Pause Young (Allocation Failure) 184M->83M(368M) 2.927ms
[542.637s][info][gc] GC(8515) Pause Young (Allocation Failure) 185M->84M(368M) 2.803ms
[542.697s][info][gc] GC(8516) Pause Young (Allocation Failure) 186M->85M(368M) 3.122ms
[542.742s][info][gc] GC(8517) Pause Young (Allocation Failure) 187M->85M(368M) 2.448ms
[542.805s][info][gc] GC(8518) Pause Young (Allocation Failure) 187M->86M(368M) 2.663ms
[542.850s][info][gc] GC(8519) Pause Young (Allocation Failure) 188M->87M(368M) 2.916ms
[542.898s][info][gc] GC(8520) Pause Young (Allocation Failure) 189M->86M(368M) 2.311ms
[542.954s][info][gc] GC(8521) Pause Young (Allocation Failure) 188M->88M(368M) 2.422ms
[542.999s][info][gc] GC(8522) Pause Young (Allocation Failure) 190M->88M(368M) 2.334ms
[543.057s][info][gc] GC(8523) Pause Young (Allocation Failure) 190M->90M(368M) 2.846ms
[543.101s][info][gc] GC(8524) Pause Young (Allocation Failure) 192M->90M(368M) 2.557ms
[543.159s][info][gc] GC(8525) Pause Young (Allocation Failure) 191M->91M(368M) 2.655ms
[543.207s][info][gc] GC(8526) Pause Young (Allocation Failure) 193M->91M(368M) 2.602ms
[543.264s][info][gc] GC(8527) Pause Young (Allocation Failure) 193M->93M(368M) 2.827ms
[543.312s][info][gc] GC(8528) Pause Young (Allocation Failure) 195M->93M(368M) 2.615ms
[543.373s][info][gc] GC(8529) Pause Young (Allocation Failure) 195M->95M(368M) 2.906ms
[543.417s][info][gc] GC(8530) Pause Young (Allocation Failure) 197M->95M(368M) 2.853ms
[543.476s][info][gc] GC(8531) Pause Young (Allocation Failure) 197M->97M(368M) 2.912ms
[543.524s][info][gc] GC(8532) Pause Young (Allocation Failure) 198M->97M(368M) 2.983ms
[543.581s][info][gc] GC(8533) Pause Young (Allocation Failure) 199M->98M(368M) 2.568ms
[543.630s][info][gc] GC(8534) Pause Young (Allocation Failure) 199M->98M(368M) 2.666ms
[543.688s][info][gc] GC(8535) Pause Young (Allocation Failure) 200M->100M(368M) 2.999ms
[543.740s][info][gc] GC(8536) Pause Young (Allocation Failure) 201M->99M(368M) 2.892ms
[543.797s][info][gc] GC(8537) Pause Young (Allocation Failure) 201M->101M(368M) 2.711ms
[543.847s][info][gc] GC(8538) Pause Young (Allocation Failure) 203M->101M(368M) 2.940ms
[543.903s][info][gc] GC(8539) Pause Young (Allocation Failure) 203M->103M(368M) 2.932ms
[543.949s][info][gc] GC(8540) Pause Young (Allocation Failure) 204M->103M(368M) 2.602ms
[544.009s][info][gc] GC(8541) Pause Young (Allocation Failure) 205M->104M(368M) 2.902ms
[544.057s][info][gc] GC(8542) Pause Young (Allocation Failure) 206M->105M(368M) 2.740ms
[544.109s][info][gc] GC(8543) Pause Young (Allocation Failure) 207M->105M(368M) 2.775ms
[544.160s][info][gc] GC(8544) Pause Young (Allocation Failure) 207M->106M(368M) 2.751ms
[544.221s][info][gc] GC(8545) Pause Young (Allocation Failure) 208M->108M(368M) 3.172ms
[544.266s][info][gc] GC(8546) Pause Young (Allocation Failure) 210M->108M(368M) 2.803ms
[544.321s][info][gc] GC(8547) Pause Young (Allocation Failure) 210M->109M(368M) 2.621ms
[544.370s][info][gc] GC(8548) Pause Young (Allocation Failure) 210M->110M(368M) 2.785ms
[544.427s][info][gc] GC(8549) Pause Young (Allocation Failure) 211M->110M(368M) 2.935ms
[544.476s][info][gc] GC(8550) Pause Young (Allocation Failure) 212M->111M(368M) 2.768ms
[544.532s][info][gc] GC(8551) Pause Young (Allocation Failure) 213M->112M(368M) 2.850ms
[544.582s][info][gc] GC(8552) Pause Young (Allocation Failure) 214M->113M(368M) 2.792ms
[544.640s][info][gc] GC(8553) Pause Young (Allocation Failure) 214M->113M(368M) 2.838ms
[544.688s][info][gc] GC(8554) Pause Young (Allocation Failure) 215M->114M(368M) 2.788ms
[544.745s][info][gc] GC(8555) Pause Young (Allocation Failure) 216M->115M(368M) 2.968ms
[544.796s][info][gc] GC(8556) Pause Young (Allocation Failure) 217M->116M(368M) 2.909ms
[544.854s][info][gc] GC(8557) Pause Young (Allocation Failure) 218M->117M(368M) 2.906ms
[544.903s][info][gc] GC(8558) Pause Young (Allocation Failure) 218M->117M(368M) 2.767ms
[544.962s][info][gc] GC(8559) Pause Young (Allocation Failure) 219M->118M(368M) 3.157ms
[545.013s][info][gc] GC(8560) Pause Young (Allocation Failure) 220M->119M(368M) 2.992ms
[545.068s][info][gc] GC(8561) Pause Young (Allocation Failure) 221M->120M(368M) 3.007ms
[545.118s][info][gc] GC(8562) Pause Young (Allocation Failure) 221M->120M(368M) 2.537ms
[545.293s][info][gc] GC(8563) Pause Young (Allocation Failure) 222M->122M(368M) 3.304ms
[545.341s][info][gc] GC(8564) Pause Young (Allocation Failure) 224M->123M(368M) 3.209ms
[545.400s][info][gc] GC(8565) Pause Young (Allocation Failure) 225M->123M(368M) 2.780ms
[545.450s][info][gc] GC(8566) Pause Young (Allocation Failure) 225M->124M(368M) 2.634ms
[545.507s][info][gc] GC(8567) Pause Young (Allocation Failure) 226M->125M(368M) 2.983ms
[545.556s][info][gc] GC(8568) Pause Young (Allocation Failure) 227M->126M(368M) 2.521ms
[545.615s][info][gc] GC(8569) Pause Young (Allocation Failure) 228M->127M(368M) 3.120ms
[545.662s][info][gc] GC(8570) Pause Young (Allocation Failure) 229M->127M(368M) 2.771ms
[545.716s][info][gc] GC(8571) Pause Young (Allocation Failure) 229M->128M(368M) 2.665ms
[545.767s][info][gc] GC(8572) Pause Young (Allocation Failure) 230M->129M(368M) 2.873ms
[545.824s][info][gc] GC(8573) Pause Young (Allocation Failure) 231M->130M(368M) 2.862ms
[545.872s][info][gc] GC(8574) Pause Young (Allocation Failure) 232M->131M(368M) 3.020ms
[545.930s][info][gc] GC(8575) Pause Young (Allocation Failure) 232M->131M(368M) 2.898ms
[545.981s][info][gc] GC(8576) Pause Young (Allocation Failure) 233M->132M(368M) 2.903ms
[546.036s][info][gc] GC(8577) Pause Young (Allocation Failure) 234M->133M(368M) 2.992ms
[546.084s][info][gc] GC(8578) Pause Young (Allocation Failure) 235M->133M(368M) 2.469ms
[546.139s][info][gc] GC(8579) Pause Young (Allocation Failure) 235M->134M(368M) 2.918ms
[546.190s][info][gc] GC(8580) Pause Young (Allocation Failure) 236M->135M(368M) 2.807ms
[546.244s][info][gc] GC(8581) Pause Young (Allocation Failure) 237M->136M(368M) 2.877ms
[546.291s][info][gc] GC(8582) Pause Young (Allocation Failure) 238M->136M(368M) 2.677ms
[546.347s][info][gc] GC(8583) Pause Young (Allocation Failure) 238M->137M(368M) 2.859ms
[546.397s][info][gc] GC(8584) Pause Young (Allocation Failure) 239M->138M(368M) 2.735ms
[546.456s][info][gc] GC(8585) Pause Young (Allocation Failure) 240M->139M(368M) 3.002ms
[546.501s][info][gc] GC(8586) Pause Young (Allocation Failure) 241M->139M(368M) 2.620ms
[546.559s][info][gc] GC(8587) Pause Young (Allocation Failure) 241M->141M(368M) 2.606ms
[546.608s][info][gc] GC(8588) Pause Young (Allocation Failure) 242M->141M(368M) 2.743ms
[546.667s][info][gc] GC(8589) Pause Young (Allocation Failure) 243M->142M(368M) 3.013ms
[546.715s][info][gc] GC(8590) Pause Young (Allocation Failure) 244M->143M(368M) 2.754ms
[546.771s][info][gc] GC(8591) Pause Young (Allocation Failure) 245M->144M(368M) 2.653ms
[546.819s][info][gc] GC(8592) Pause Young (Allocation Failure) 246M->145M(368M) 2.829ms
[546.878s][info][gc] GC(8593) Pause Young (Allocation Failure) 246M->145M(368M) 2.935ms
[546.923s][info][gc] GC(8594) Pause Young (Allocation Failure) 247M->146M(368M) 2.725ms
[546.983s][info][gc] GC(8595) Pause Young (Allocation Failure) 248M->147M(368M) 2.772ms
[547.028s][info][gc] GC(8596) Pause Young (Allocation Failure) 249M->148M(368M) 2.757ms
[547.082s][info][gc] GC(8597) Pause Young (Allocation Failure) 249M->148M(368M) 2.522ms
[547.133s][info][gc] GC(8598) Pause Young (Allocation Failure) 250M->149M(368M) 2.963ms
[547.188s][info][gc] GC(8599) Pause Young (Allocation Failure) 251M->150M(368M) 2.761ms
[547.239s][info][gc] GC(8600) Pause Young (Allocation Failure) 251M->151M(368M) 2.811ms
[547.294s][info][gc] GC(8601) Pause Young (Allocation Failure) 252M->151M(368M) 2.738ms
[547.344s][info][gc] GC(8602) Pause Young (Allocation Failure) 253M->152M(368M) 2.803ms
[547.401s][info][gc] GC(8603) Pause Young (Allocation Failure) 254M->153M(368M) 2.848ms
[547.452s][info][gc] GC(8604) Pause Young (Allocation Failure) 255M->154M(368M) 2.835ms
[547.507s][info][gc] GC(8605) Pause Young (Allocation Failure) 256M->154M(368M) 2.762ms
[547.555s][info][gc] GC(8606) Pause Young (Allocation Failure) 256M->155M(368M) 2.831ms
[547.611s][info][gc] GC(8607) Pause Young (Allocation Failure) 257M->156M(368M) 2.662ms
[547.662s][info][gc] GC(8608) Pause Young (Allocation Failure) 257M->157M(368M) 2.902ms
[547.711s][info][gc] GC(8609) Pause Young (Allocation Failure) 259M->156M(368M) 2.433ms
[547.767s][info][gc] GC(8610) Pause Young (Allocation Failure) 258M->158M(368M) 2.614ms
[547.814s][info][gc] GC(8611) Pause Young (Allocation Failure) 260M->157M(368M) 2.159ms
[547.871s][info][gc] GC(8612) Pause Young (Allocation Failure) 259M->160M(368M) 2.864ms
[547.950s][info][gc] GC(8613) Pause Young (Allocation Failure) 262M->158M(368M) 2.096ms
[548.079s][info][gc] GC(8614) Pause Young (Allocation Failure) 260M->162M(368M) 3.381ms
[548.128s][info][gc] GC(8615) Pause Young (Allocation Failure) 264M->163M(368M) 3.388ms
[548.187s][info][gc] GC(8616) Pause Young (Allocation Failure) 265M->164M(368M) 2.963ms
[548.233s][info][gc] GC(8617) Pause Young (Allocation Failure) 266M->165M(368M) 2.639ms
[548.287s][info][gc] GC(8618) Pause Young (Allocation Failure) 266M->165M(368M) 2.614ms
[548.339s][info][gc] GC(8619) Pause Young (Allocation Failure) 266M->166M(368M) 2.559ms
[548.396s][info][gc] GC(8620) Pause Young (Allocation Failure) 268M->167M(368M) 2.916ms
[548.443s][info][gc] GC(8621) Pause Young (Allocation Failure) 269M->167M(368M) 2.630ms
[548.497s][info][gc] GC(8622) Pause Young (Allocation Failure) 269M->168M(368M) 2.966ms
[548.550s][info][gc] GC(8623) Pause Young (Allocation Failure) 270M->169M(368M) 3.069ms
[548.608s][info][gc] GC(8624) Pause Young (Allocation Failure) 271M->170M(368M) 2.857ms
[548.657s][info][gc] GC(8625) Pause Young (Allocation Failure) 272M->171M(368M) 2.830ms
[548.713s][info][gc] GC(8626) Pause Young (Allocation Failure) 273M->171M(368M) 2.916ms
[548.763s][info][gc] GC(8627) Pause Young (Allocation Failure) 273M->172M(368M) 2.842ms
[548.823s][info][gc] GC(8628) Pause Young (Allocation Failure) 274M->173M(368M) 2.931ms
[548.872s][info][gc] GC(8629) Pause Young (Allocation Failure) 275M->174M(368M) 2.806ms
[548.931s][info][gc] GC(8630) Pause Young (Allocation Failure) 275M->175M(368M) 2.978ms
[548.979s][info][gc] GC(8631) Pause Young (Allocation Failure) 276M->175M(368M) 3.119ms
[549.039s][info][gc] GC(8632) Pause Young (Allocation Failure) 277M->176M(368M) 2.909ms
[549.087s][info][gc] GC(8633) Pause Young (Allocation Failure) 278M->177M(368M) 2.812ms
[549.143s][info][gc] GC(8634) Pause Young (Allocation Failure) 279M->177M(368M) 2.784ms
[549.192s][info][gc] GC(8635) Pause Young (Allocation Failure) 279M->179M(368M) 2.881ms
[549.244s][info][gc] GC(8636) Pause Young (Allocation Failure) 281M->179M(368M) 2.911ms
[549.297s][info][gc] GC(8637) Pause Young (Allocation Failure) 281M->181M(368M) 2.710ms
[549.353s][info][gc] GC(8638) Pause Young (Allocation Failure) 282M->181M(368M) 2.884ms
[549.401s][info][gc] GC(8639) Pause Young (Allocation Failure) 282M->182M(368M) 2.562ms
[549.457s][info][gc] GC(8640) Pause Young (Allocation Failure) 283M->182M(368M) 2.919ms
[549.506s][info][gc] GC(8641) Pause Young (Allocation Failure) 284M->183M(368M) 2.751ms
[549.559s][info][gc] GC(8642) Pause Young (Allocation Failure) 285M->183M(368M) 2.666ms
[549.613s][info][gc] GC(8643) Pause Young (Allocation Failure) 285M->185M(368M) 2.960ms
[549.667s][info][gc] GC(8644) Pause Young (Allocation Failure) 287M->185M(368M) 2.932ms
[549.720s][info][gc] GC(8645) Pause Young (Allocation Failure) 287M->186M(368M) 2.611ms
[549.774s][info][gc] GC(8646) Pause Young (Allocation Failure) 288M->187M(368M) 3.042ms
[549.827s][info][gc] GC(8647) Pause Young (Allocation Failure) 289M->188M(368M) 2.842ms
[549.884s][info][gc] GC(8648) Pause Young (Allocation Failure) 290M->189M(368M) 2.980ms
[549.933s][info][gc] GC(8649) Pause Young (Allocation Failure) 290M->189M(368M) 2.885ms
[549.991s][info][gc] GC(8650) Pause Young (Allocation Failure) 291M->190M(368M) 3.024ms
[550.040s][info][gc] GC(8651) Pause Young (Allocation Failure) 292M->191M(368M) 2.827ms
[550.098s][info][gc] GC(8652) Pause Young (Allocation Failure) 293M->192M(368M) 2.685ms
[550.148s][info][gc] GC(8653) Pause Young (Allocation Failure) 293M->193M(368M) 2.899ms
[550.207s][info][gc] GC(8654) Pause Young (Allocation Failure) 294M->193M(368M) 2.964ms
[550.256s][info][gc] GC(8655) Pause Young (Allocation Failure) 295M->194M(368M) 2.873ms
[550.313s][info][gc] GC(8656) Pause Young (Allocation Failure) 296M->195M(368M) 2.911ms
[550.365s][info][gc] GC(8657) Pause Young (Allocation Failure) 297M->196M(368M) 2.925ms
[550.421s][info][gc] GC(8658) Pause Young (Allocation Failure) 298M->196M(368M) 2.952ms
[550.471s][info][gc] GC(8659) Pause Young (Allocation Failure) 298M->197M(368M) 2.772ms
[550.524s][info][gc] GC(8660) Pause Young (Allocation Failure) 299M->198M(368M) 2.793ms
[550.575s][info][gc] GC(8661) Pause Young (Allocation Failure) 299M->199M(368M) 2.804ms
[550.632s][info][gc] GC(8662) Pause Young (Allocation Failure) 300M->199M(368M) 2.958ms
[550.683s][info][gc] GC(8663) Pause Young (Allocation Failure) 301M->200M(368M) 2.923ms
[550.852s][info][gc] GC(8664) Pause Young (Allocation Failure) 302M->202M(368M) 3.317ms
[550.899s][info][gc] GC(8665) Pause Young (Allocation Failure) 304M->202M(368M) 2.832ms
[550.957s][info][gc] GC(8666) Pause Young (Allocation Failure) 304M->203M(368M) 2.835ms
[551.005s][info][gc] GC(8667) Pause Young (Allocation Failure) 305M->204M(368M) 2.959ms
[551.063s][info][gc] GC(8668) Pause Young (Allocation Failure) 306M->205M(368M) 3.033ms
[551.111s][info][gc] GC(8669) Pause Young (Allocation Failure) 307M->206M(368M) 2.687ms
[551.168s][info][gc] GC(8670) Pause Young (Allocation Failure) 308M->207M(368M) 2.786ms
[551.217s][info][gc] GC(8671) Pause Young (Allocation Failure) 308M->207M(368M) 2.521ms
[551.274s][info][gc] GC(8672) Pause Young (Allocation Failure) 309M->208M(368M) 2.867ms
[551.321s][info][gc] GC(8673) Pause Young (Allocation Failure) 310M->209M(368M) 2.750ms
[551.379s][info][gc] GC(8674) Pause Young (Allocation Failure) 311M->210M(368M) 2.905ms
[551.427s][info][gc] GC(8675) Pause Young (Allocation Failure) 311M->211M(368M) 2.858ms
[551.484s][info][gc] GC(8676) Pause Young (Allocation Failure) 312M->211M(368M) 2.744ms
[551.531s][info][gc] GC(8677) Pause Young (Allocation Failure) 313M->212M(368M) 2.784ms
[551.585s][info][gc] GC(8678) Pause Young (Allocation Failure) 314M->212M(368M) 2.539ms
[551.637s][info][gc] GC(8679) Pause Young (Allocation Failure) 313M->213M(368M) 2.763ms
[551.689s][info][gc] GC(8680) Pause Young (Allocation Failure) 315M->213M(368M) 2.615ms
[551.740s][info][gc] GC(8681) Pause Young (Allocation Failure) 315M->215M(368M) 2.989ms
[551.789s][info][gc] GC(8682) Pause Young (Allocation Failure) 317M->215M(368M) 2.620ms
[551.849s][info][gc] GC(8683) Pause Young (Allocation Failure) 316M->217M(368M) 2.926ms
[551.895s][info][gc] GC(8684) Pause Young (Allocation Failure) 318M->216M(368M) 2.579ms
[551.952s][info][gc] GC(8685) Pause Young (Allocation Failure) 318M->218M(368M) 2.930ms
[552.000s][info][gc] GC(8686) Pause Young (Allocation Failure) 320M->218M(368M) 2.728ms
[552.056s][info][gc] GC(8687) Pause Young (Allocation Failure) 320M->219M(368M) 2.478ms
[552.105s][info][gc] GC(8688) Pause Young (Allocation Failure) 321M->219M(368M) 2.418ms
[552.161s][info][gc] GC(8689) Pause Young (Allocation Failure) 321M->221M(368M) 2.647ms
[552.212s][info][gc] GC(8690) Pause Young (Allocation Failure) 322M->221M(368M) 2.719ms
[552.270s][info][gc] GC(8691) Pause Young (Allocation Failure) 323M->223M(368M) 3.043ms
[552.320s][info][gc] GC(8692) Pause Young (Allocation Failure) 324M->222M(368M) 2.626ms
[552.375s][info][gc] GC(8693) Pause Young (Allocation Failure) 324M->224M(368M) 2.856ms
[552.425s][info][gc] GC(8694) Pause Young (Allocation Failure) 326M->224M(368M) 2.787ms
[552.484s][info][gc] GC(8695) Pause Young (Allocation Failure) 326M->226M(368M) 2.993ms
[552.530s][info][gc] GC(8696) Pause Young (Allocation Failure) 328M->226M(368M) 2.875ms
[552.589s][info][gc] GC(8697) Pause Young (Allocation Failure) 328M->228M(368M) 2.783ms
[552.633s][info][gc] GC(8698) Pause Young (Allocation Failure) 330M->228M(368M) 2.654ms
[552.694s][info][gc] GC(8699) Pause Young (Allocation Failure) 329M->229M(368M) 2.705ms
[552.739s][info][gc] GC(8700) Pause Young (Allocation Failure) 331M->229M(368M) 2.735ms
[552.797s][info][gc] GC(8701) Pause Young (Allocation Failure) 331M->230M(368M) 2.705ms
[552.844s][info][gc] GC(8702) Pause Young (Allocation Failure) 332M->231M(368M) 2.540ms
[552.904s][info][gc] GC(8703) Pause Young (Allocation Failure) 332M->232M(368M) 2.961ms
[552.951s][info][gc] GC(8704) Pause Young (Allocation Failure) 334M->232M(368M) 2.918ms
[553.010s][info][gc] GC(8705) Pause Young (Allocation Failure) 334M->233M(368M) 2.857ms
[553.056s][info][gc] GC(8706) Pause Young (Allocation Failure) 335M->234M(368M) 2.543ms
[553.114s][info][gc] GC(8707) Pause Young (Allocation Failure) 336M->235M(368M) 2.863ms
[553.163s][info][gc] GC(8708) Pause Young (Allocation Failure) 337M->235M(368M) 2.845ms
[553.219s][info][gc] GC(8709) Pause Young (Allocation Failure) 337M->237M(368M) 2.936ms
[553.268s][info][gc] GC(8710) Pause Young (Allocation Failure) 338M->237M(368M) 2.580ms
[553.325s][info][gc] GC(8711) Pause Young (Allocation Failure) 339M->238M(368M) 2.794ms
[553.372s][info][gc] GC(8712) Pause Young (Allocation Failure) 340M->238M(368M) 2.957ms
[553.435s][info][gc] GC(8713) Pause Young (Allocation Failure) 340M->240M(368M) 2.965ms
[553.482s][info][gc] GC(8714) Pause Young (Allocation Failure) 342M->240M(368M) 2.814ms
[553.646s][info][gc] GC(8715) Pause Young (Allocation Failure) 342M->242M(368M) 3.167ms
[553.695s][info][gc] GC(8716) Pause Young (Allocation Failure) 344M->243M(368M) 3.284ms
[553.752s][info][gc] GC(8717) Pause Young (Allocation Failure) 345M->244M(368M) 2.941ms
[553.802s][info][gc] GC(8718) Pause Young (Allocation Failure) 345M->244M(368M) 2.813ms
[553.858s][info][gc] GC(8719) Pause Young (Allocation Failure) 346M->245M(368M) 2.989ms
[553.908s][info][gc] GC(8720) Pause Young (Allocation Failure) 347M->246M(368M) 2.517ms
[553.962s][info][gc] GC(8721) Pause Young (Allocation Failure) 348M->247M(368M) 2.868ms
[554.012s][info][gc] GC(8722) Pause Young (Allocation Failure) 348M->248M(368M) 2.808ms
[554.067s][info][gc] GC(8723) Pause Young (Allocation Failure) 349M->248M(368M) 3.062ms
[554.115s][info][gc] GC(8724) Pause Young (Allocation Failure) 350M->249M(368M) 2.733ms
[554.171s][info][gc] GC(8725) Pause Young (Allocation Failure) 351M->250M(368M) 2.819ms
[554.220s][info][gc] GC(8726) Pause Young (Allocation Failure) 351M->251M(368M) 2.897ms
[554.275s][info][gc] GC(8727) Pause Young (Allocation Failure) 353M->251M(368M) 2.944ms
[554.325s][info][gc] GC(8728) Pause Young (Allocation Failure) 353M->252M(368M) 2.573ms
[554.383s][info][gc] GC(8729) Pause Young (Allocation Failure) 354M->253M(368M) 3.039ms
[554.432s][info][gc] GC(8730) Pause Young (Allocation Failure) 355M->253M(368M) 2.764ms
[554.488s][info][gc] GC(8731) Pause Young (Allocation Failure) 355M->255M(368M) 2.931ms
[554.535s][info][gc] GC(8732) Pause Young (Allocation Failure) 356M->255M(368M) 2.792ms
[554.590s][info][gc] GC(8733) Pause Young (Allocation Failure) 357M->256M(368M) 2.884ms
[554.641s][info][gc] GC(8734) Pause Young (Allocation Failure) 358M->257M(368M) 2.829ms
[554.698s][info][gc] GC(8735) Pause Young (Allocation Failure) 359M->258M(368M) 3.044ms
[554.746s][info][gc] GC(8736) Pause Young (Allocation Failure) 360M->258M(368M) 2.867ms
[554.804s][info][gc] GC(8737) Pause Young (Allocation Failure) 360M->259M(368M) 2.831ms
[554.853s][info][gc] GC(8738) Pause Young (Allocation Failure) 361M->260M(368M) 2.804ms
[554.911s][info][gc] GC(8739) Pause Young (Allocation Failure) 362M->261M(368M) 3.083ms
[554.951s][info][gc] GC(8740) Pause Full (Allocation Failure) 261M->52M(332M) 39.521ms
[554.992s][info][gc] GC(8741) Pause Young (Allocation Failure) 144M->54M(332M) 1.071ms
[555.036s][info][gc] GC(8742) Pause Young (Allocation Failure) 146M->55M(332M) 1.282ms
[555.087s][info][gc] GC(8743) Pause Young (Allocation Failure) 147M->57M(332M) 2.166ms
[555.129s][info][gc] GC(8744) Pause Young (Allocation Failure) 149M->57M(332M) 2.140ms
[555.182s][info][gc] GC(8745) Pause Young (Allocation Failure) 149M->59M(332M) 2.546ms
[555.226s][info][gc] GC(8746) Pause Young (Allocation Failure) 150M->59M(332M) 2.663ms
[555.278s][info][gc] GC(8747) Pause Young (Allocation Failure) 151M->60M(332M) 2.538ms
[555.326s][info][gc] GC(8748) Pause Young (Allocation Failure) 152M->61M(332M) 2.715ms
[555.377s][info][gc] GC(8749) Pause Young (Allocation Failure) 153M->61M(332M) 2.567ms
[555.421s][info][gc] GC(8750) Pause Young (Allocation Failure) 153M->62M(332M) 2.270ms
[555.468s][info][gc] GC(8751) Pause Young (Allocation Failure) 154M->62M(332M) 2.345ms
[555.519s][info][gc] GC(8752) Pause Young (Allocation Failure) 154M->63M(332M) 2.620ms
[555.562s][info][gc] GC(8753) Pause Young (Allocation Failure) 155M->64M(332M) 2.673ms
[555.612s][info][gc] GC(8754) Pause Young (Allocation Failure) 156M->65M(332M) 2.428ms
[555.659s][info][gc] GC(8755) Pause Young (Allocation Failure) 157M->65M(332M) 2.626ms
[555.711s][info][gc] GC(8756) Pause Young (Allocation Failure) 157M->66M(332M) 2.874ms
[555.754s][info][gc] GC(8757) Pause Young (Allocation Failure) 158M->67M(332M) 2.477ms
[555.809s][info][gc] GC(8758) Pause Young (Allocation Failure) 159M->68M(332M) 2.574ms
[555.850s][info][gc] GC(8759) Pause Young (Allocation Failure) 160M->68M(332M) 2.326ms
[555.894s][info][gc] GC(8760) Pause Young (Allocation Failure) 160M->68M(332M) 1.960ms
[555.945s][info][gc] GC(8761) Pause Young (Allocation Failure) 160M->70M(332M) 2.722ms
[555.988s][info][gc] GC(8762) Pause Young (Allocation Failure) 162M->70M(332M) 2.860ms
[556.041s][info][gc] GC(8763) Pause Young (Allocation Failure) 162M->71M(332M) 2.606ms
[556.084s][info][gc] GC(8764) Pause Young (Allocation Failure) 163M->72M(332M) 2.450ms
[556.138s][info][gc] GC(8765) Pause Young (Allocation Failure) 164M->73M(332M) 2.634ms
[556.180s][info][gc] GC(8766) Pause Young (Allocation Failure) 165M->73M(332M) 2.654ms
[556.231s][info][gc] GC(8767) Pause Young (Allocation Failure) 165M->74M(332M) 2.400ms
[556.277s][info][gc] GC(8768) Pause Young (Allocation Failure) 166M->75M(332M) 2.652ms
[556.389s][info][gc] GC(8769) Pause Young (Allocation Failure) 167M->72M(332M) 1.670ms
[556.479s][info][gc] GC(8770) Pause Young (Allocation Failure) 164M->77M(332M) 2.748ms
[556.521s][info][gc] GC(8771) Pause Young (Allocation Failure) 169M->77M(332M) 2.876ms
[556.573s][info][gc] GC(8772) Pause Young (Allocation Failure) 169M->78M(332M) 2.580ms
[556.617s][info][gc] GC(8773) Pause Young (Allocation Failure) 170M->79M(332M) 2.452ms
[556.667s][info][gc] GC(8774) Pause Young (Allocation Failure) 171M->79M(332M) 2.315ms
[556.712s][info][gc] GC(8775) Pause Young (Allocation Failure) 171M->80M(332M) 2.395ms
[556.765s][info][gc] GC(8776) Pause Young (Allocation Failure) 172M->81M(332M) 2.851ms
[556.808s][info][gc] GC(8777) Pause Young (Allocation Failure) 173M->82M(332M) 2.499ms
[556.852s][info][gc] GC(8778) Pause Young (Allocation Failure) 174M->81M(332M) 2.062ms
[556.903s][info][gc] GC(8779) Pause Young (Allocation Failure) 173M->83M(332M) 2.477ms
[556.945s][info][gc] GC(8780) Pause Young (Allocation Failure) 175M->84M(332M) 2.578ms
[556.997s][info][gc] GC(8781) Pause Young (Allocation Failure) 175M->84M(332M) 2.525ms
[557.042s][info][gc] GC(8782) Pause Young (Allocation Failure) 176M->85M(332M) 2.625ms
[557.094s][info][gc] GC(8783) Pause Young (Allocation Failure) 177M->86M(332M) 2.544ms
[557.137s][info][gc] GC(8784) Pause Young (Allocation Failure) 178M->87M(332M) 2.459ms
[557.187s][info][gc] GC(8785) Pause Young (Allocation Failure) 179M->87M(332M) 2.529ms
[557.234s][info][gc] GC(8786) Pause Young (Allocation Failure) 179M->88M(332M) 2.491ms
[557.282s][info][gc] GC(8787) Pause Young (Allocation Failure) 180M->88M(332M) 2.524ms
[557.327s][info][gc] GC(8788) Pause Young (Allocation Failure) 180M->89M(332M) 2.394ms
[557.369s][info][gc] GC(8789) Pause Young (Allocation Failure) 181M->90M(332M) 2.560ms
[557.421s][info][gc] GC(8790) Pause Young (Allocation Failure) 181M->91M(332M) 2.570ms
[557.464s][info][gc] GC(8791) Pause Young (Allocation Failure) 183M->91M(332M) 2.607ms
[557.520s][info][gc] GC(8792) Pause Young (Allocation Failure) 183M->92M(332M) 2.625ms
[557.563s][info][gc] GC(8793) Pause Young (Allocation Failure) 184M->93M(332M) 2.636ms
[557.616s][info][gc] GC(8794) Pause Young (Allocation Failure) 185M->94M(332M) 2.558ms
[557.659s][info][gc] GC(8795) Pause Young (Allocation Failure) 186M->94M(332M) 2.620ms
[557.709s][info][gc] GC(8796) Pause Young (Allocation Failure) 186M->95M(332M) 2.305ms
[557.752s][info][gc] GC(8797) Pause Young (Allocation Failure) 186M->95M(332M) 2.237ms
[557.796s][info][gc] GC(8798) Pause Young (Allocation Failure) 187M->96M(332M) 2.691ms
[557.850s][info][gc] GC(8799) Pause Young (Allocation Failure) 188M->97M(332M) 2.781ms
[557.895s][info][gc] GC(8800) Pause Young (Allocation Failure) 189M->98M(332M) 2.479ms
[557.951s][info][gc] GC(8801) Pause Young (Allocation Failure) 190M->99M(332M) 2.950ms
[557.990s][info][gc] GC(8802) Pause Young (Allocation Failure) 191M->99M(332M) 2.425ms
[558.042s][info][gc] GC(8803) Pause Young (Allocation Failure) 191M->100M(332M) 2.508ms
[558.088s][info][gc] GC(8804) Pause Young (Allocation Failure) 192M->101M(332M) 2.439ms
[558.135s][info][gc] GC(8805) Pause Young (Allocation Failure) 193M->100M(332M) 2.484ms
[558.183s][info][gc] GC(8806) Pause Young (Allocation Failure) 192M->102M(332M) 2.481ms
[558.224s][info][gc] GC(8807) Pause Young (Allocation Failure) 194M->102M(332M) 2.430ms
[558.276s][info][gc] GC(8808) Pause Young (Allocation Failure) 194M->103M(332M) 2.530ms
[558.328s][info][gc] GC(8809) Pause Young (Allocation Failure) 195M->104M(332M) 2.718ms
[558.390s][info][gc] GC(8810) Pause Young (Allocation Failure) 196M->105M(332M) 2.841ms
[558.435s][info][gc] GC(8811) Pause Young (Allocation Failure) 197M->105M(332M) 2.559ms
[558.486s][info][gc] GC(8812) Pause Young (Allocation Failure) 197M->106M(332M) 2.466ms
[558.533s][info][gc] GC(8813) Pause Young (Allocation Failure) 198M->107M(332M) 2.673ms
[558.585s][info][gc] GC(8814) Pause Young (Allocation Failure) 199M->107M(332M) 2.747ms
[558.628s][info][gc] GC(8815) Pause Young (Allocation Failure) 199M->108M(332M) 2.428ms
[558.672s][info][gc] GC(8816) Pause Young (Allocation Failure) 200M->109M(332M) 2.426ms
[558.722s][info][gc] GC(8817) Pause Young (Allocation Failure) 201M->109M(332M) 2.475ms
[558.769s][info][gc] GC(8818) Pause Young (Allocation Failure) 201M->110M(332M) 2.554ms
[558.819s][info][gc] GC(8819) Pause Young (Allocation Failure) 202M->111M(332M) 2.878ms
[558.864s][info][gc] GC(8820) Pause Young (Allocation Failure) 203M->112M(332M) 2.794ms
[558.914s][info][gc] GC(8821) Pause Young (Allocation Failure) 203M->112M(332M) 2.469ms
[558.959s][info][gc] GC(8822) Pause Young (Allocation Failure) 204M->113M(332M) 2.667ms
[559.009s][info][gc] GC(8823) Pause Young (Allocation Failure) 205M->114M(332M) 2.386ms
[559.054s][info][gc] GC(8824) Pause Young (Allocation Failure) 205M->115M(332M) 2.418ms
[559.143s][info][gc] GC(8825) Pause Young (Allocation Failure) 207M->112M(332M) 1.782ms
[559.262s][info][gc] GC(8826) Pause Young (Allocation Failure) 204M->124M(332M) 5.914ms
[559.290s][info][gc] GC(8827) Pause Young (Allocation Failure) 216M->125M(332M) 4.572ms
[559.315s][info][gc] GC(8828) Pause Young (Allocation Failure) 217M->126M(332M) 1.688ms
[559.342s][info][gc] GC(8829) Pause Young (Allocation Failure) 218M->128M(332M) 2.097ms
[559.367s][info][gc] GC(8830) Pause Young (Allocation Failure) 220M->129M(332M) 2.526ms
[559.395s][info][gc] GC(8831) Pause Young (Allocation Failure) 221M->130M(332M) 2.747ms
[559.437s][info][gc] GC(8832) Pause Young (Allocation Failure) 222M->135M(332M) 4.452ms
[559.464s][info][gc] GC(8833) Pause Young (Allocation Failure) 226M->136M(332M) 4.296ms
[559.488s][info][gc] GC(8834) Pause Young (Allocation Failure) 228M->136M(332M) 1.645ms
[559.515s][info][gc] GC(8835) Pause Young (Allocation Failure) 228M->138M(332M) 2.276ms
[559.538s][info][gc] GC(8836) Pause Young (Allocation Failure) 230M->139M(332M) 2.307ms
[559.576s][info][gc] GC(8837) Pause Young (Allocation Failure) 231M->142M(332M) 3.519ms
[559.607s][info][gc] GC(8838) Pause Young (Allocation Failure) 234M->144M(332M) 4.282ms
[559.637s][info][gc] GC(8839) Pause Young (Allocation Failure) 236M->146M(332M) 3.706ms
[559.664s][info][gc] GC(8840) Pause Young (Allocation Failure) 238M->147M(332M) 2.666ms
[559.688s][info][gc] GC(8841) Pause Young (Allocation Failure) 239M->148M(332M) 2.706ms
[559.715s][info][gc] GC(8842) Pause Young (Allocation Failure) 240M->148M(332M) 2.533ms
[559.755s][info][gc] GC(8843) Pause Young (Allocation Failure) 240M->152M(332M) 4.190ms
[559.780s][info][gc] GC(8844) Pause Young (Allocation Failure) 244M->154M(332M) 3.907ms
[559.810s][info][gc] GC(8845) Pause Young (Allocation Failure) 246M->154M(332M) 2.815ms
[559.837s][info][gc] GC(8846) Pause Young (Allocation Failure) 246M->156M(332M) 2.600ms
[559.863s][info][gc] GC(8847) Pause Young (Allocation Failure) 248M->156M(332M) 2.784ms
[559.896s][info][gc] GC(8848) Pause Young (Allocation Failure) 248M->159M(332M) 3.496ms
[559.929s][info][gc] GC(8849) Pause Young (Allocation Failure) 251M->162M(332M) 4.334ms
[559.954s][info][gc] GC(8850) Pause Young (Allocation Failure) 254M->162M(332M) 3.272ms
[559.983s][info][gc] GC(8851) Pause Young (Allocation Failure) 254M->164M(332M) 2.595ms
[560.008s][info][gc] GC(8852) Pause Young (Allocation Failure) 256M->165M(332M) 2.642ms
[560.041s][info][gc] GC(8853) Pause Young (Allocation Failure) 257M->167M(332M) 2.818ms
[560.071s][info][gc] GC(8854) Pause Young (Allocation Failure) 259M->169M(332M) 3.783ms
[560.102s][info][gc] GC(8855) Pause Young (Allocation Failure) 261M->171M(332M) 3.798ms
[560.128s][info][gc] GC(8856) Pause Young (Allocation Failure) 263M->172M(332M) 2.702ms
[560.155s][info][gc] GC(8857) Pause Young (Allocation Failure) 264M->174M(332M) 2.677ms
[560.179s][info][gc] GC(8858) Pause Young (Allocation Failure) 266M->174M(332M) 2.768ms
[560.215s][info][gc] GC(8859) Pause Young (Allocation Failure) 266M->177M(332M) 3.292ms
[560.246s][info][gc] GC(8860) Pause Young (Allocation Failure) 269M->179M(332M) 3.712ms
[560.273s][info][gc] GC(8861) Pause Young (Allocation Failure) 271M->181M(332M) 3.183ms
[560.301s][info][gc] GC(8862) Pause Young (Allocation Failure) 273M->181M(332M) 2.431ms
[560.328s][info][gc] GC(8863) Pause Young (Allocation Failure) 273M->183M(332M) 3.069ms
[560.356s][info][gc] GC(8864) Pause Young (Allocation Failure) 274M->185M(332M) 2.926ms
[560.389s][info][gc] GC(8865) Pause Young (Allocation Failure) 277M->187M(332M) 3.547ms
[560.421s][info][gc] GC(8866) Pause Young (Allocation Failure) 279M->189M(332M) 3.896ms
[560.447s][info][gc] GC(8867) Pause Young (Allocation Failure) 281M->190M(332M) 2.913ms
[560.473s][info][gc] GC(8868) Pause Young (Allocation Failure) 282M->191M(332M) 2.489ms
[560.500s][info][gc] GC(8869) Pause Young (Allocation Failure) 283M->192M(332M) 2.944ms
[560.530s][info][gc] GC(8870) Pause Young (Allocation Failure) 284M->194M(332M) 2.704ms
[560.564s][info][gc] GC(8871) Pause Young (Allocation Failure) 286M->196M(332M) 3.740ms
[560.595s][info][gc] GC(8872) Pause Young (Allocation Failure) 288M->199M(332M) 3.873ms
[560.621s][info][gc] GC(8873) Pause Young (Allocation Failure) 291M->199M(332M) 2.864ms
[560.652s][info][gc] GC(8874) Pause Young (Allocation Failure) 291M->202M(332M) 2.646ms
[560.678s][info][gc] GC(8875) Pause Young (Allocation Failure) 294M->202M(332M) 2.837ms
[560.712s][info][gc] GC(8876) Pause Young (Allocation Failure) 294M->204M(332M) 3.038ms
[560.749s][info][gc] GC(8877) Pause Young (Allocation Failure) 296M->207M(332M) 3.885ms
[560.774s][info][gc] GC(8878) Pause Young (Allocation Failure) 299M->208M(332M) 3.454ms
[560.804s][info][gc] GC(8879) Pause Young (Allocation Failure) 300M->210M(332M) 3.150ms
[560.830s][info][gc] GC(8880) Pause Young (Allocation Failure) 302M->211M(332M) 3.259ms
[560.857s][info][gc] GC(8881) Pause Young (Allocation Failure) 303M->212M(332M) 2.901ms
[560.891s][info][gc] GC(8882) Pause Young (Allocation Failure) 304M->214M(332M) 3.324ms
[560.919s][info][gc] GC(8883) Pause Young (Allocation Failure) 306M->216M(332M) 3.411ms
[560.948s][info][gc] GC(8884) Pause Young (Allocation Failure) 308M->217M(332M) 2.887ms
[560.974s][info][gc] GC(8885) Pause Young (Allocation Failure) 309M->219M(332M) 2.621ms
[561.001s][info][gc] GC(8886) Pause Young (Allocation Failure) 311M->220M(332M) 2.963ms
[561.032s][info][gc] GC(8887) Pause Young (Allocation Failure) 312M->222M(332M) 3.192ms
[561.059s][info][gc] GC(8888) Pause Young (Allocation Failure) 314M->224M(332M) 3.252ms
[561.090s][info][gc] GC(8889) Pause Young (Allocation Failure) 316M->226M(332M) 3.355ms
[561.115s][info][gc] GC(8890) Pause Young (Allocation Failure) 318M->227M(332M) 2.579ms
[561.141s][info][gc] GC(8891) Pause Young (Allocation Failure) 319M->228M(332M) 2.441ms
[561.167s][info][gc] GC(8892) Pause Young (Allocation Failure) 320M->229M(332M) 2.896ms
[561.196s][info][gc] GC(8893) Pause Young (Allocation Failure) 321M->232M(332M) 3.120ms
[561.227s][info][gc] GC(8894) Pause Young (Allocation Failure) 324M->234M(332M) 3.957ms
[561.253s][info][gc] GC(8895) Pause Young (Allocation Failure) 326M->235M(334M) 3.082ms
[561.305s][info][gc] GC(8896) Pause Full (Allocation Failure) 235M->89M(332M) 52.166ms
[561.328s][info][gc] GC(8897) Pause Young (Allocation Failure) 181M->92M(332M) 1.344ms
[561.355s][info][gc] GC(8898) Pause Young (Allocation Failure) 184M->93M(332M) 1.702ms
[561.385s][info][gc] GC(8899) Pause Young (Allocation Failure) 185M->96M(332M) 2.729ms
[561.412s][info][gc] GC(8900) Pause Young (Allocation Failure) 188M->97M(332M) 3.020ms
[561.445s][info][gc] GC(8901) Pause Young (Allocation Failure) 189M->100M(332M) 3.198ms
[561.469s][info][gc] GC(8902) Pause Young (Allocation Failure) 192M->101M(332M) 3.568ms
[561.496s][info][gc] GC(8903) Pause Young (Allocation Failure) 193M->102M(332M) 2.657ms
[561.523s][info][gc] GC(8904) Pause Young (Allocation Failure) 194M->104M(332M) 3.308ms
[561.551s][info][gc] GC(8905) Pause Young (Allocation Failure) 196M->105M(332M) 2.915ms
[561.579s][info][gc] GC(8906) Pause Young (Allocation Failure) 197M->107M(332M) 3.027ms
[561.614s][info][gc] GC(8907) Pause Young (Allocation Failure) 199M->111M(332M) 4.215ms
[561.639s][info][gc] GC(8908) Pause Young (Allocation Failure) 203M->111M(332M) 3.575ms
[561.665s][info][gc] GC(8909) Pause Young (Allocation Failure) 203M->111M(332M) 2.480ms
[561.692s][info][gc] GC(8910) Pause Young (Allocation Failure) 203M->113M(332M) 2.361ms
[561.721s][info][gc] GC(8911) Pause Young (Allocation Failure) 205M->116M(332M) 2.979ms
[561.750s][info][gc] GC(8912) Pause Young (Allocation Failure) 208M->117M(332M) 3.664ms
[561.778s][info][gc] GC(8913) Pause Young (Allocation Failure) 209M->119M(332M) 3.511ms
[561.806s][info][gc] GC(8914) Pause Young (Allocation Failure) 211M->120M(332M) 2.788ms
[561.832s][info][gc] GC(8915) Pause Young (Allocation Failure) 212M->122M(332M) 3.157ms
[561.859s][info][gc] GC(8916) Pause Young (Allocation Failure) 214M->123M(332M) 2.847ms
[561.890s][info][gc] GC(8917) Pause Young (Allocation Failure) 215M->125M(332M) 3.095ms
[561.922s][info][gc] GC(8918) Pause Young (Allocation Failure) 217M->127M(332M) 3.489ms
[561.950s][info][gc] GC(8919) Pause Young (Allocation Failure) 219M->129M(332M) 3.623ms
[561.975s][info][gc] GC(8920) Pause Young (Allocation Failure) 221M->130M(332M) 3.203ms
[562.001s][info][gc] GC(8921) Pause Young (Allocation Failure) 222M->131M(332M) 2.329ms
[562.032s][info][gc] GC(8922) Pause Young (Allocation Failure) 223M->134M(332M) 3.400ms
[562.060s][info][gc] GC(8923) Pause Young (Allocation Failure) 226M->135M(332M) 3.571ms
[562.087s][info][gc] GC(8924) Pause Young (Allocation Failure) 227M->137M(332M) 2.751ms
[562.116s][info][gc] GC(8925) Pause Young (Allocation Failure) 229M->138M(332M) 3.341ms
[562.141s][info][gc] GC(8926) Pause Young (Allocation Failure) 230M->139M(332M) 2.849ms
[562.171s][info][gc] GC(8927) Pause Young (Allocation Failure) 231M->141M(332M) 3.196ms
[562.198s][info][gc] GC(8928) Pause Young (Allocation Failure) 233M->143M(332M) 3.125ms
[562.225s][info][gc] GC(8929) Pause Young (Allocation Failure) 235M->144M(332M) 3.240ms
[562.254s][info][gc] GC(8930) Pause Young (Allocation Failure) 236M->147M(332M) 2.861ms
[562.281s][info][gc] GC(8931) Pause Young (Allocation Failure) 239M->148M(332M) 3.238ms
[562.305s][info][gc] GC(8932) Pause Young (Allocation Failure) 240M->149M(332M) 2.457ms
[562.337s][info][gc] GC(8933) Pause Young (Allocation Failure) 241M->151M(332M) 3.429ms
[562.364s][info][gc] GC(8934) Pause Young (Allocation Failure) 243M->152M(332M) 3.206ms
[562.393s][info][gc] GC(8935) Pause Young (Allocation Failure) 244M->154M(332M) 2.959ms
[562.422s][info][gc] GC(8936) Pause Young (Allocation Failure) 246M->156M(332M) 3.405ms
[562.448s][info][gc] GC(8937) Pause Young (Allocation Failure) 248M->157M(332M) 3.118ms
[562.476s][info][gc] GC(8938) Pause Young (Allocation Failure) 249M->159M(332M) 3.126ms
[562.508s][info][gc] GC(8939) Pause Young (Allocation Failure) 251M->161M(332M) 3.397ms
[562.535s][info][gc] GC(8940) Pause Young (Allocation Failure) 253M->163M(332M) 3.459ms
[562.563s][info][gc] GC(8941) Pause Young (Allocation Failure) 255M->164M(332M) 2.662ms
[562.591s][info][gc] GC(8942) Pause Young (Allocation Failure) 256M->165M(332M) 3.165ms
[562.612s][info][gc] GC(8943) Pause Young (Allocation Failure) 257M->166M(332M) 2.627ms
[562.647s][info][gc] GC(8944) Pause Young (Allocation Failure) 258M->169M(332M) 3.532ms
[562.673s][info][gc] GC(8945) Pause Young (Allocation Failure) 261M->170M(332M) 3.703ms
[562.701s][info][gc] GC(8946) Pause Young (Allocation Failure) 262M->172M(332M) 3.362ms
[562.728s][info][gc] GC(8947) Pause Young (Allocation Failure) 264M->174M(332M) 2.525ms
[562.752s][info][gc] GC(8948) Pause Young (Allocation Failure) 266M->174M(332M) 2.623ms
[562.780s][info][gc] GC(8949) Pause Young (Allocation Failure) 266M->176M(332M) 2.884ms
[562.813s][info][gc] GC(8950) Pause Young (Allocation Failure) 268M->179M(332M) 3.693ms
[562.840s][info][gc] GC(8951) Pause Young (Allocation Failure) 271M->180M(332M) 3.404ms
[562.867s][info][gc] GC(8952) Pause Young (Allocation Failure) 272M->181M(332M) 2.768ms
[562.897s][info][gc] GC(8953) Pause Young (Allocation Failure) 273M->183M(332M) 2.663ms
[562.922s][info][gc] GC(8954) Pause Young (Allocation Failure) 275M->184M(332M) 2.791ms
[562.949s][info][gc] GC(8955) Pause Young (Allocation Failure) 276M->186M(332M) 3.083ms
[562.983s][info][gc] GC(8956) Pause Young (Allocation Failure) 278M->189M(332M) 3.646ms
[563.007s][info][gc] GC(8957) Pause Young (Allocation Failure) 281M->189M(332M) 3.307ms
[563.034s][info][gc] GC(8958) Pause Young (Allocation Failure) 281M->190M(332M) 2.547ms
[563.062s][info][gc] GC(8959) Pause Young (Allocation Failure) 282M->192M(332M) 3.204ms
[563.090s][info][gc] GC(8960) Pause Young (Allocation Failure) 284M->193M(332M) 2.784ms
[563.121s][info][gc] GC(8961) Pause Young (Allocation Failure) 285M->196M(332M) 3.353ms
[563.151s][info][gc] GC(8962) Pause Young (Allocation Failure) 288M->198M(332M) 3.613ms
[563.176s][info][gc] GC(8963) Pause Young (Allocation Failure) 290M->199M(332M) 3.441ms
[563.208s][info][gc] GC(8964) Pause Young (Allocation Failure) 291M->201M(332M) 2.978ms
[563.235s][info][gc] GC(8965) Pause Young (Allocation Failure) 293M->202M(332M) 3.266ms
[563.263s][info][gc] GC(8966) Pause Young (Allocation Failure) 294M->203M(332M) 3.214ms
[563.295s][info][gc] GC(8967) Pause Young (Allocation Failure) 295M->206M(332M) 3.699ms
[563.320s][info][gc] GC(8968) Pause Young (Allocation Failure) 298M->207M(332M) 3.525ms
[563.350s][info][gc] GC(8969) Pause Young (Allocation Failure) 299M->209M(332M) 3.029ms
[563.379s][info][gc] GC(8970) Pause Young (Allocation Failure) 301M->211M(332M) 3.344ms
[563.405s][info][gc] GC(8971) Pause Young (Allocation Failure) 303M->211M(332M) 2.902ms
[563.434s][info][gc] GC(8972) Pause Young (Allocation Failure) 303M->214M(332M) 3.430ms
[563.461s][info][gc] GC(8973) Pause Young (Allocation Failure) 306M->215M(332M) 3.107ms
[563.490s][info][gc] GC(8974) Pause Young (Allocation Failure) 307M->216M(332M) 3.138ms
[563.517s][info][gc] GC(8975) Pause Young (Allocation Failure) 308M->218M(332M) 3.509ms
[563.545s][info][gc] GC(8976) Pause Young (Allocation Failure) 310M->220M(332M) 3.240ms
[563.571s][info][gc] GC(8977) Pause Young (Allocation Failure) 312M->221M(332M) 3.013ms
[563.604s][info][gc] GC(8978) Pause Young (Allocation Failure) 313M->223M(332M) 3.370ms
[563.627s][info][gc] GC(8979) Pause Young (Allocation Failure) 315M->224M(332M) 3.174ms
[563.655s][info][gc] GC(8980) Pause Young (Allocation Failure) 316M->227M(332M) 2.983ms
[563.682s][info][gc] GC(8981) Pause Young (Allocation Failure) 319M->228M(332M) 3.255ms
[563.711s][info][gc] GC(8982) Pause Young (Allocation Failure) 320M->229M(332M) 3.188ms
[563.737s][info][gc] GC(8983) Pause Young (Allocation Failure) 321M->230M(332M) 2.971ms
[563.767s][info][gc] GC(8984) Pause Young (Allocation Failure) 322M->233M(332M) 3.295ms
[563.797s][info][gc] GC(8985) Pause Young (Allocation Failure) 325M->234M(332M) 3.163ms
[563.826s][info][gc] GC(8986) Pause Young (Allocation Failure) 326M->237M(332M) 3.662ms
[563.850s][info][gc] GC(8987) Pause Young (Allocation Failure) 329M->236M(334M) 3.088ms
[563.934s][info][gc] GC(8988) Pause Full (Allocation Failure) 236M->162M(393M) 84.789ms
[563.970s][info][gc] GC(8989) Pause Young (Allocation Failure) 271M->166M(393M) 2.238ms
[564.006s][info][gc] GC(8990) Pause Young (Allocation Failure) 275M->169M(393M) 3.077ms
[564.036s][info][gc] GC(8991) Pause Young (Allocation Failure) 278M->171M(393M) 3.709ms
[564.066s][info][gc] GC(8992) Pause Young (Allocation Failure) 280M->171M(393M) 2.854ms
[564.099s][info][gc] GC(8993) Pause Young (Allocation Failure) 280M->173M(393M) 3.440ms
[564.133s][info][gc] GC(8994) Pause Young (Allocation Failure) 282M->176M(393M) 3.927ms
[564.168s][info][gc] GC(8995) Pause Young (Allocation Failure) 285M->178M(393M) 4.567ms
[564.199s][info][gc] GC(8996) Pause Young (Allocation Failure) 287M->180M(393M) 3.863ms
[564.230s][info][gc] GC(8997) Pause Young (Allocation Failure) 288M->181M(393M) 3.785ms
[564.263s][info][gc] GC(8998) Pause Young (Allocation Failure) 290M->183M(393M) 3.647ms
[564.296s][info][gc] GC(8999) Pause Young (Allocation Failure) 292M->185M(393M) 3.502ms
[564.329s][info][gc] GC(9000) Pause Young (Allocation Failure) 293M->187M(393M) 3.822ms
[564.364s][info][gc] GC(9001) Pause Young (Allocation Failure) 296M->189M(393M) 4.035ms
[564.397s][info][gc] GC(9002) Pause Young (Allocation Failure) 298M->191M(393M) 3.787ms
[564.427s][info][gc] GC(9003) Pause Young (Allocation Failure) 299M->192M(393M) 3.360ms
[564.465s][info][gc] GC(9004) Pause Young (Allocation Failure) 300M->195M(393M) 3.919ms
[564.495s][info][gc] GC(9005) Pause Young (Allocation Failure) 303M->196M(393M) 3.795ms
[564.532s][info][gc] GC(9006) Pause Young (Allocation Failure) 305M->198M(393M) 3.761ms
[564.561s][info][gc] GC(9007) Pause Young (Allocation Failure) 307M->199M(393M) 3.670ms
[564.600s][info][gc] GC(9008) Pause Young (Allocation Failure) 308M->203M(393M) 4.001ms
[564.630s][info][gc] GC(9009) Pause Young (Allocation Failure) 311M->204M(393M) 3.747ms
[564.663s][info][gc] GC(9010) Pause Young (Allocation Failure) 313M->206M(393M) 3.676ms
[564.695s][info][gc] GC(9011) Pause Young (Allocation Failure) 315M->208M(393M) 2.984ms
[564.724s][info][gc] GC(9012) Pause Young (Allocation Failure) 316M->209M(393M) 3.303ms
[564.765s][info][gc] GC(9013) Pause Young (Allocation Failure) 317M->212M(393M) 4.101ms
[564.800s][info][gc] GC(9014) Pause Young (Allocation Failure) 321M->214M(393M) 4.672ms
[564.835s][info][gc] GC(9015) Pause Young (Allocation Failure) 322M->215M(393M) 3.653ms
[564.867s][info][gc] GC(9016) Pause Young (Allocation Failure) 324M->217M(393M) 2.842ms
[564.903s][info][gc] GC(9017) Pause Young (Allocation Failure) 325M->219M(393M) 3.905ms
[564.940s][info][gc] GC(9018) Pause Young (Allocation Failure) 327M->221M(393M) 3.637ms
[564.976s][info][gc] GC(9019) Pause Young (Allocation Failure) 329M->223M(393M) 3.772ms
[565.009s][info][gc] GC(9020) Pause Young (Allocation Failure) 331M->225M(393M) 3.675ms
[565.041s][info][gc] GC(9021) Pause Young (Allocation Failure) 333M->226M(393M) 3.711ms
[565.080s][info][gc] GC(9022) Pause Young (Allocation Failure) 335M->228M(393M) 3.723ms
[565.113s][info][gc] GC(9023) Pause Young (Allocation Failure) 337M->230M(393M) 3.521ms
[565.146s][info][gc] GC(9024) Pause Young (Allocation Failure) 338M->232M(393M) 3.809ms
[565.180s][info][gc] GC(9025) Pause Young (Allocation Failure) 340M->233M(393M) 3.633ms
[565.213s][info][gc] GC(9026) Pause Young (Allocation Failure) 342M->235M(393M) 3.458ms
[565.250s][info][gc] GC(9027) Pause Young (Allocation Failure) 343M->237M(393M) 3.815ms
[565.286s][info][gc] GC(9028) Pause Young (Allocation Failure) 346M->240M(393M) 4.043ms
[565.318s][info][gc] GC(9029) Pause Young (Allocation Failure) 348M->241M(393M) 4.368ms
[565.352s][info][gc] GC(9030) Pause Young (Allocation Failure) 350M->242M(393M) 2.905ms
[565.386s][info][gc] GC(9031) Pause Young (Allocation Failure) 351M->244M(393M) 3.688ms
[565.422s][info][gc] GC(9032) Pause Young (Allocation Failure) 353M->247M(393M) 3.732ms
[565.458s][info][gc] GC(9033) Pause Young (Allocation Failure) 355M->249M(393M) 4.152ms
[565.490s][info][gc] GC(9034) Pause Young (Allocation Failure) 358M->250M(393M) 4.130ms
[565.521s][info][gc] GC(9035) Pause Young (Allocation Failure) 359M->252M(393M) 2.835ms
[565.552s][info][gc] GC(9036) Pause Young (Allocation Failure) 361M->253M(393M) 3.315ms
[565.589s][info][gc] GC(9037) Pause Young (Allocation Failure) 362M->256M(393M) 3.975ms
[565.622s][info][gc] GC(9038) Pause Young (Allocation Failure) 365M->258M(393M) 3.925ms
[565.654s][info][gc] GC(9039) Pause Young (Allocation Failure) 366M->260M(393M) 3.391ms
[565.684s][info][gc] GC(9040) Pause Young (Allocation Failure) 368M->261M(393M) 3.968ms
[565.717s][info][gc] GC(9041) Pause Young (Allocation Failure) 370M->262M(393M) 3.227ms
[565.753s][info][gc] GC(9042) Pause Young (Allocation Failure) 371M->265M(393M) 3.915ms
[565.785s][info][gc] GC(9043) Pause Young (Allocation Failure) 374M->266M(393M) 4.401ms
[565.817s][info][gc] GC(9044) Pause Young (Allocation Failure) 375M->268M(393M) 2.955ms
[565.849s][info][gc] GC(9045) Pause Young (Allocation Failure) 376M->270M(393M) 3.844ms
[565.882s][info][gc] GC(9046) Pause Young (Allocation Failure) 378M->271M(393M) 3.640ms
[565.919s][info][gc] GC(9047) Pause Young (Allocation Failure) 380M->274M(393M) 4.036ms
[565.956s][info][gc] GC(9048) Pause Young (Allocation Failure) 382M->275M(393M) 4.322ms
[565.989s][info][gc] GC(9049) Pause Young (Allocation Failure) 384M->277M(394M) 3.498ms
[566.096s][info][gc] GC(9050) Pause Full (Allocation Failure) 277M->216M(524M) 107.482ms
[566.134s][info][gc] GC(9051) Pause Young (Allocation Failure) 361M->220M(524M) 2.213ms
[566.183s][info][gc] GC(9052) Pause Young (Allocation Failure) 365M->225M(524M) 4.128ms
[566.224s][info][gc] GC(9053) Pause Young (Allocation Failure) 369M->226M(524M) 4.330ms
[566.264s][info][gc] GC(9054) Pause Young (Allocation Failure) 371M->228M(524M) 4.616ms
[566.305s][info][gc] GC(9055) Pause Young (Allocation Failure) 373M->229M(524M) 4.218ms
[566.354s][info][gc] GC(9056) Pause Young (Allocation Failure) 374M->233M(524M) 4.715ms
[566.395s][info][gc] GC(9057) Pause Young (Allocation Failure) 378M->234M(524M) 5.063ms
[566.437s][info][gc] GC(9058) Pause Young (Allocation Failure) 378M->235M(524M) 4.544ms
[566.483s][info][gc] GC(9059) Pause Young (Allocation Failure) 380M->236M(524M) 3.991ms
[566.526s][info][gc] GC(9060) Pause Young (Allocation Failure) 380M->238M(524M) 4.298ms
[566.570s][info][gc] GC(9061) Pause Young (Allocation Failure) 383M->240M(524M) 5.075ms
[566.608s][info][gc] GC(9062) Pause Young (Allocation Failure) 385M->240M(524M) 4.289ms
[566.659s][info][gc] GC(9063) Pause Young (Allocation Failure) 385M->244M(524M) 4.683ms
[566.701s][info][gc] GC(9064) Pause Young (Allocation Failure) 389M->245M(524M) 4.840ms
[566.741s][info][gc] GC(9065) Pause Young (Allocation Failure) 390M->247M(524M) 4.487ms
[566.787s][info][gc] GC(9066) Pause Young (Allocation Failure) 391M->247M(524M) 4.281ms
[566.828s][info][gc] GC(9067) Pause Young (Allocation Failure) 392M->250M(524M) 4.352ms
[566.875s][info][gc] GC(9068) Pause Young (Allocation Failure) 394M->251M(524M) 4.866ms
[566.913s][info][gc] GC(9069) Pause Young (Allocation Failure) 396M->252M(524M) 4.116ms
[566.960s][info][gc] GC(9070) Pause Young (Allocation Failure) 396M->254M(524M) 4.106ms
[567.006s][info][gc] GC(9071) Pause Young (Allocation Failure) 399M->256M(524M) 4.922ms
[567.045s][info][gc] GC(9072) Pause Young (Allocation Failure) 401M->257M(524M) 4.535ms
[567.089s][info][gc] GC(9073) Pause Young (Allocation Failure) 402M->258M(524M) 4.100ms
[567.136s][info][gc] GC(9074) Pause Young (Allocation Failure) 402M->261M(524M) 4.436ms
[567.175s][info][gc] GC(9075) Pause Young (Allocation Failure) 406M->263M(524M) 5.067ms
[567.215s][info][gc] GC(9076) Pause Young (Allocation Failure) 408M->264M(524M) 3.570ms
[567.260s][info][gc] GC(9077) Pause Young (Allocation Failure) 409M->267M(524M) 4.541ms
[567.304s][info][gc] GC(9078) Pause Young (Allocation Failure) 412M->268M(524M) 4.637ms
[567.346s][info][gc] GC(9079) Pause Young (Allocation Failure) 412M->268M(524M) 4.378ms
[567.398s][info][gc] GC(9080) Pause Young (Allocation Failure) 413M->266M(524M) 2.911ms
[567.550s][info][gc] GC(9081) Pause Young (Allocation Failure) 411M->267M(524M) 3.106ms
[567.639s][info][gc] GC(9082) Pause Young (Allocation Failure) 412M->271M(524M) 4.749ms
[567.725s][info][gc] GC(9083) Pause Young (Allocation Failure) 416M->272M(524M) 5.021ms
[567.797s][info][gc] GC(9084) Pause Young (Allocation Failure) 417M->273M(524M) 3.579ms
[567.871s][info][gc] GC(9085) Pause Young (Allocation Failure) 418M->275M(524M) 4.223ms
[567.945s][info][gc] GC(9086) Pause Young (Allocation Failure) 420M->276M(524M) 3.527ms
[568.021s][info][gc] GC(9087) Pause Young (Allocation Failure) 420M->276M(524M) 3.769ms
[568.093s][info][gc] GC(9088) Pause Young (Allocation Failure) 421M->277M(524M) 3.266ms
[568.168s][info][gc] GC(9089) Pause Young (Allocation Failure) 422M->279M(524M) 3.860ms
[568.248s][info][gc] GC(9090) Pause Young (Allocation Failure) 424M->280M(524M) 4.460ms
[568.319s][info][gc] GC(9091) Pause Young (Allocation Failure) 425M->281M(524M) 3.795ms
[568.393s][info][gc] GC(9092) Pause Young (Allocation Failure) 425M->282M(524M) 3.624ms
[568.469s][info][gc] GC(9093) Pause Young (Allocation Failure) 427M->283M(524M) 4.369ms
[568.544s][info][gc] GC(9094) Pause Young (Allocation Failure) 428M->284M(524M) 3.728ms
[568.614s][info][gc] GC(9095) Pause Young (Allocation Failure) 429M->285M(524M) 3.558ms
[568.693s][info][gc] GC(9096) Pause Young (Allocation Failure) 430M->287M(524M) 4.332ms
[568.768s][info][gc] GC(9097) Pause Young (Allocation Failure) 432M->288M(524M) 4.510ms
[568.840s][info][gc] GC(9098) Pause Young (Allocation Failure) 432M->289M(524M) 4.082ms
[568.919s][info][gc] GC(9099) Pause Young (Allocation Failure) 434M->290M(524M) 4.191ms
[568.996s][info][gc] GC(9100) Pause Young (Allocation Failure) 435M->291M(524M) 3.966ms
[569.068s][info][gc] GC(9101) Pause Young (Allocation Failure) 436M->291M(524M) 3.792ms
[569.141s][info][gc] GC(9102) Pause Young (Allocation Failure) 436M->293M(524M) 3.768ms
[569.223s][info][gc] GC(9103) Pause Young (Allocation Failure) 438M->294M(524M) 4.364ms
[569.300s][info][gc] GC(9104) Pause Young (Allocation Failure) 439M->295M(524M) 3.955ms
[569.367s][info][gc] GC(9105) Pause Young (Allocation Failure) 440M->296M(524M) 3.829ms
[569.444s][info][gc] GC(9106) Pause Young (Allocation Failure) 441M->298M(524M) 3.836ms
[569.519s][info][gc] GC(9107) Pause Young (Allocation Failure) 442M->299M(524M) 4.360ms
[569.590s][info][gc] GC(9108) Pause Young (Allocation Failure) 443M->299M(524M) 3.666ms
[569.667s][info][gc] GC(9109) Pause Young (Allocation Failure) 444M->301M(524M) 3.743ms
[569.742s][info][gc] GC(9110) Pause Young (Allocation Failure) 446M->302M(524M) 4.346ms
[569.822s][info][gc] GC(9111) Pause Young (Allocation Failure) 446M->303M(524M) 4.220ms
[569.892s][info][gc] GC(9112) Pause Young (Allocation Failure) 448M->304M(524M) 4.045ms
[569.971s][info][gc] GC(9113) Pause Young (Allocation Failure) 449M->305M(524M) 4.067ms
[570.053s][info][gc] GC(9114) Pause Young (Allocation Failure) 450M->306M(524M) 4.059ms
[570.127s][info][gc] GC(9115) Pause Young (Allocation Failure) 451M->308M(524M) 4.011ms
[570.208s][info][gc] GC(9116) Pause Young (Allocation Failure) 452M->309M(524M) 4.156ms
[570.284s][info][gc] GC(9117) Pause Young (Allocation Failure) 454M->310M(524M) 4.141ms
[570.361s][info][gc] GC(9118) Pause Young (Allocation Failure) 455M->310M(524M) 3.685ms
[570.437s][info][gc] GC(9119) Pause Young (Allocation Failure) 454M->311M(524M) 3.863ms
[570.517s][info][gc] GC(9120) Pause Young (Allocation Failure) 456M->313M(524M) 4.253ms
[570.595s][info][gc] GC(9121) Pause Young (Allocation Failure) 458M->314M(524M) 4.385ms
[570.667s][info][gc] GC(9122) Pause Young (Allocation Failure) 459M->315M(524M) 4.023ms
[570.744s][info][gc] GC(9123) Pause Young (Allocation Failure) 460M->317M(524M) 4.264ms
[570.819s][info][gc] GC(9124) Pause Young (Allocation Failure) 461M->317M(524M) 3.945ms
[570.889s][info][gc] GC(9125) Pause Young (Allocation Failure) 462M->318M(524M) 3.704ms
[570.966s][info][gc] GC(9126) Pause Young (Allocation Failure) 463M->320M(524M) 4.069ms
[571.040s][info][gc] GC(9127) Pause Young (Allocation Failure) 465M->321M(524M) 3.947ms
[571.115s][info][gc] GC(9128) Pause Young (Allocation Failure) 466M->322M(524M) 3.879ms
[571.186s][info][gc] GC(9129) Pause Young (Allocation Failure) 466M->323M(524M) 3.901ms
[571.264s][info][gc] GC(9130) Pause Young (Allocation Failure) 468M->324M(524M) 4.166ms
[571.340s][info][gc] GC(9131) Pause Young (Allocation Failure) 469M->325M(524M) 3.940ms
[571.411s][info][gc] GC(9132) Pause Young (Allocation Failure) 470M->326M(524M) 3.774ms
[571.488s][info][gc] GC(9133) Pause Young (Allocation Failure) 471M->328M(524M) 4.135ms
[571.568s][info][gc] GC(9134) Pause Young (Allocation Failure) 472M->329M(524M) 4.250ms
[571.639s][info][gc] GC(9135) Pause Young (Allocation Failure) 473M->329M(524M) 3.804ms
[571.716s][info][gc] GC(9136) Pause Young (Allocation Failure) 474M->331M(524M) 4.347ms
[571.795s][info][gc] GC(9137) Pause Young (Allocation Failure) 476M->332M(524M) 4.370ms
[571.872s][info][gc] GC(9138) Pause Young (Allocation Failure) 477M->333M(524M) 4.110ms
[571.941s][info][gc] GC(9139) Pause Young (Allocation Failure) 478M->333M(524M) 3.636ms
[572.019s][info][gc] GC(9140) Pause Young (Allocation Failure) 478M->335M(524M) 3.902ms
[572.100s][info][gc] GC(9141) Pause Young (Allocation Failure) 480M->337M(524M) 4.768ms
[572.168s][info][gc] GC(9142) Pause Young (Allocation Failure) 482M->337M(524M) 3.896ms
[572.247s][info][gc] GC(9143) Pause Young (Allocation Failure) 482M->339M(524M) 4.022ms
[572.322s][info][gc] GC(9144) Pause Young (Allocation Failure) 484M->340M(524M) 3.990ms
[572.398s][info][gc] GC(9145) Pause Young (Allocation Failure) 484M->340M(524M) 3.967ms
[572.471s][info][gc] GC(9146) Pause Young (Allocation Failure) 485M->341M(524M) 3.697ms
[572.546s][info][gc] GC(9147) Pause Young (Allocation Failure) 486M->343M(524M) 3.804ms
[572.624s][info][gc] GC(9148) Pause Young (Allocation Failure) 487M->344M(524M) 4.481ms
[572.691s][info][gc] GC(9149) Pause Young (Allocation Failure) 489M->345M(524M) 3.800ms
[572.769s][info][gc] GC(9150) Pause Young (Allocation Failure) 490M->346M(524M) 4.122ms
[572.845s][info][gc] GC(9151) Pause Young (Allocation Failure) 491M->347M(524M) 4.017ms
[572.918s][info][gc] GC(9152) Pause Young (Allocation Failure) 492M->347M(524M) 3.395ms
[573.050s][info][gc] GC(9153) Pause Young (Allocation Failure) 491M->348M(524M) 3.328ms
[573.190s][info][gc] GC(9154) Pause Young (Allocation Failure) 493M->349M(524M) 3.846ms
[573.325s][info][gc] GC(9155) Pause Young (Allocation Failure) 494M->350M(524M) 3.400ms
[573.474s][info][gc] GC(9156) Pause Young (Allocation Failure) 494M->351M(524M) 3.561ms
[573.613s][info][gc] GC(9157) Pause Young (Allocation Failure) 496M->353M(524M) 4.159ms
[573.759s][info][gc] GC(9158) Pause Young (Allocation Failure) 497M->354M(524M) 3.838ms
[573.896s][info][gc] GC(9159) Pause Young (Allocation Failure) 499M->355M(524M) 3.745ms
[574.039s][info][gc] GC(9160) Pause Young (Allocation Failure) 500M->355M(524M) 3.471ms
[574.178s][info][gc] GC(9161) Pause Young (Allocation Failure) 500M->357M(524M) 3.627ms
[574.318s][info][gc] GC(9162) Pause Young (Allocation Failure) 502M->358M(524M) 4.294ms
[574.464s][info][gc] GC(9163) Pause Young (Allocation Failure) 503M->360M(524M) 3.895ms
[574.608s][info][gc] GC(9164) Pause Young (Allocation Failure) 504M->360M(524M) 3.799ms
[574.757s][info][gc] GC(9165) Pause Young (Allocation Failure) 505M->362M(524M) 3.701ms
[574.900s][info][gc] GC(9166) Pause Young (Allocation Failure) 506M->363M(524M) 3.899ms
[575.037s][info][gc] GC(9167) Pause Young (Allocation Failure) 507M->363M(524M) 3.435ms
[575.186s][info][gc] GC(9168) Pause Young (Allocation Failure) 508M->365M(524M) 3.718ms
[575.325s][info][gc] GC(9169) Pause Young (Allocation Failure) 510M->366M(524M) 4.073ms
[575.479s][info][gc] GC(9170) Pause Young (Allocation Failure) 510M->367M(524M) 3.549ms
[575.618s][info][gc] GC(9171) Pause Young (Allocation Failure) 512M->368M(524M) 4.184ms
[575.765s][info][gc] GC(9172) Pause Young (Allocation Failure) 513M->369M(524M) 3.817ms
[575.904s][info][gc] GC(9173) Pause Young (Allocation Failure) 514M->370M(524M) 3.791ms
[575.973s][info][gc] GC(9174) Pause Full (Allocation Failure) 370M->96M(524M) 69.584ms
[576.105s][info][gc] GC(9175) Pause Young (Allocation Failure) 240M->98M(524M) 1.476ms
[576.251s][info][gc] GC(9176) Pause Young (Allocation Failure) 243M->100M(524M) 1.804ms
[576.388s][info][gc] GC(9177) Pause Young (Allocation Failure) 244M->100M(524M) 2.073ms
[576.532s][info][gc] GC(9178) Pause Young (Allocation Failure) 245M->102M(524M) 2.409ms
[576.668s][info][gc] GC(9179) Pause Young (Allocation Failure) 246M->102M(524M) 2.581ms
[576.805s][info][gc] GC(9180) Pause Young (Allocation Failure) 247M->104M(524M) 3.001ms
[576.950s][info][gc] GC(9181) Pause Young (Allocation Failure) 248M->105M(524M) 3.317ms
[577.089s][info][gc] GC(9182) Pause Young (Allocation Failure) 250M->106M(524M) 3.676ms
[577.236s][info][gc] GC(9183) Pause Young (Allocation Failure) 251M->107M(524M) 3.562ms
[577.372s][info][gc] GC(9184) Pause Young (Allocation Failure) 252M->108M(524M) 3.638ms
[577.509s][info][gc] GC(9185) Pause Young (Allocation Failure) 253M->109M(524M) 3.633ms
[577.652s][info][gc] GC(9186) Pause Young (Allocation Failure) 254M->110M(524M) 3.532ms
[577.796s][info][gc] GC(9187) Pause Young (Allocation Failure) 255M->112M(524M) 3.673ms
[577.936s][info][gc] GC(9188) Pause Young (Allocation Failure) 256M->112M(524M) 3.537ms
[578.162s][info][gc] GC(9189) Pause Young (Allocation Failure) 257M->117M(524M) 5.240ms
[578.221s][info][gc] GC(9190) Pause Young (Allocation Failure) 262M->119M(524M) 5.351ms
[578.288s][info][gc] GC(9191) Pause Young (Allocation Failure) 263M->120M(524M) 4.108ms
[578.345s][info][gc] GC(9192) Pause Young (Allocation Failure) 265M->121M(524M) 3.898ms
[578.407s][info][gc] GC(9193) Pause Young (Allocation Failure) 265M->121M(524M) 3.937ms
[578.467s][info][gc] GC(9194) Pause Young (Allocation Failure) 266M->123M(524M) 3.626ms
[578.532s][info][gc] GC(9195) Pause Young (Allocation Failure) 268M->123M(524M) 3.771ms
[578.596s][info][gc] GC(9196) Pause Young (Allocation Failure) 268M->124M(524M) 3.334ms
[578.658s][info][gc] GC(9197) Pause Young (Allocation Failure) 269M->126M(524M) 4.103ms
[578.721s][info][gc] GC(9198) Pause Young (Allocation Failure) 271M->127M(524M) 4.106ms
[578.781s][info][gc] GC(9199) Pause Young (Allocation Failure) 272M->128M(524M) 3.608ms
[578.847s][info][gc] GC(9200) Pause Young (Allocation Failure) 273M->129M(524M) 4.215ms
[578.903s][info][gc] GC(9201) Pause Young (Allocation Failure) 274M->130M(524M) 3.788ms
[578.972s][info][gc] GC(9202) Pause Young (Allocation Failure) 275M->132M(524M) 3.984ms
[579.026s][info][gc] GC(9203) Pause Young (Allocation Failure) 277M->131M(524M) 3.345ms
[579.093s][info][gc] GC(9204) Pause Young (Allocation Failure) 276M->133M(524M) 3.633ms
[579.157s][info][gc] GC(9205) Pause Young (Allocation Failure) 278M->135M(524M) 4.059ms
[579.214s][info][gc] GC(9206) Pause Young (Allocation Failure) 279M->136M(524M) 4.012ms
[579.280s][info][gc] GC(9207) Pause Young (Allocation Failure) 280M->137M(524M) 4.121ms
[579.338s][info][gc] GC(9208) Pause Young (Allocation Failure) 281M->138M(524M) 4.032ms
[579.404s][info][gc] GC(9209) Pause Young (Allocation Failure) 283M->139M(524M) 4.290ms
[579.459s][info][gc] GC(9210) Pause Young (Allocation Failure) 284M->140M(524M) 3.495ms
[579.524s][info][gc] GC(9211) Pause Young (Allocation Failure) 284M->141M(524M) 3.830ms
[579.582s][info][gc] GC(9212) Pause Young (Allocation Failure) 286M->141M(524M) 3.838ms
[579.648s][info][gc] GC(9213) Pause Young (Allocation Failure) 286M->144M(524M) 3.893ms
[579.713s][info][gc] GC(9214) Pause Young (Allocation Failure) 288M->145M(524M) 4.235ms
[579.772s][info][gc] GC(9215) Pause Young (Allocation Failure) 289M->146M(524M) 3.964ms
[579.845s][info][gc] GC(9216) Pause Young (Allocation Failure) 291M->147M(524M) 4.134ms
[579.905s][info][gc] GC(9217) Pause Young (Allocation Failure) 292M->148M(524M) 3.584ms
[579.974s][info][gc] GC(9218) Pause Young (Allocation Failure) 292M->149M(524M) 3.924ms
[580.038s][info][gc] GC(9219) Pause Young (Allocation Failure) 294M->149M(524M) 3.748ms
[580.111s][info][gc] GC(9220) Pause Young (Allocation Failure) 294M->151M(524M) 3.918ms
[580.185s][info][gc] GC(9221) Pause Young (Allocation Failure) 296M->152M(524M) 4.122ms
[580.246s][info][gc] GC(9222) Pause Young (Allocation Failure) 297M->154M(524M) 4.456ms
[580.315s][info][gc] GC(9223) Pause Young (Allocation Failure) 298M->154M(524M) 4.092ms
[580.374s][info][gc] GC(9224) Pause Young (Allocation Failure) 299M->156M(524M) 3.663ms
[580.562s][info][gc] GC(9225) Pause Young (Allocation Failure) 300M->158M(524M) 4.709ms
[580.619s][info][gc] GC(9226) Pause Young (Allocation Failure) 302M->159M(524M) 4.181ms
[580.687s][info][gc] GC(9227) Pause Young (Allocation Failure) 303M->160M(524M) 4.537ms
[580.742s][info][gc] GC(9228) Pause Young (Allocation Failure) 305M->159M(524M) 3.629ms
[580.813s][info][gc] GC(9229) Pause Young (Allocation Failure) 304M->162M(524M) 3.925ms
[580.882s][info][gc] GC(9230) Pause Young (Allocation Failure) 307M->163M(524M) 4.369ms
[580.937s][info][gc] GC(9231) Pause Young (Allocation Failure) 308M->164M(524M) 3.824ms
[581.000s][info][gc] GC(9232) Pause Young (Allocation Failure) 309M->165M(524M) 3.890ms
[581.060s][info][gc] GC(9233) Pause Young (Allocation Failure) 310M->167M(524M) 3.817ms
[581.124s][info][gc] GC(9234) Pause Young (Allocation Failure) 311M->167M(524M) 4.335ms
[581.182s][info][gc] GC(9235) Pause Young (Allocation Failure) 312M->168M(524M) 3.787ms
[581.251s][info][gc] GC(9236) Pause Young (Allocation Failure) 313M->170M(524M) 4.520ms
[581.310s][info][gc] GC(9237) Pause Young (Allocation Failure) 315M->169M(524M) 3.744ms
[581.373s][info][gc] GC(9238) Pause Young (Allocation Failure) 314M->172M(524M) 3.901ms
[581.440s][info][gc] GC(9239) Pause Young (Allocation Failure) 316M->173M(524M) 4.061ms
[581.498s][info][gc] GC(9240) Pause Young (Allocation Failure) 318M->174M(524M) 4.138ms
[581.562s][info][gc] GC(9241) Pause Young (Allocation Failure) 319M->175M(524M) 3.977ms
[581.620s][info][gc] GC(9242) Pause Young (Allocation Failure) 320M->176M(524M) 3.760ms
[581.685s][info][gc] GC(9243) Pause Young (Allocation Failure) 321M->177M(524M) 3.874ms
[581.741s][info][gc] GC(9244) Pause Young (Allocation Failure) 322M->178M(524M) 3.663ms
[581.806s][info][gc] GC(9245) Pause Young (Allocation Failure) 323M->180M(524M) 4.184ms
[581.868s][info][gc] GC(9246) Pause Young (Allocation Failure) 324M->180M(524M) 3.804ms
[581.931s][info][gc] GC(9247) Pause Young (Allocation Failure) 324M->182M(524M) 3.869ms
[581.995s][info][gc] GC(9248) Pause Young (Allocation Failure) 327M->183M(524M) 4.222ms
[582.053s][info][gc] GC(9249) Pause Young (Allocation Failure) 327M->184M(524M) 3.733ms
[582.118s][info][gc] GC(9250) Pause Young (Allocation Failure) 329M->185M(524M) 4.077ms
[582.176s][info][gc] GC(9251) Pause Young (Allocation Failure) 330M->186M(524M) 3.788ms
[582.240s][info][gc] GC(9252) Pause Young (Allocation Failure) 331M->187M(524M) 3.791ms
[582.299s][info][gc] GC(9253) Pause Young (Allocation Failure) 332M->188M(524M) 3.557ms
[582.364s][info][gc] GC(9254) Pause Young (Allocation Failure) 333M->190M(524M) 4.357ms
[582.424s][info][gc] GC(9255) Pause Young (Allocation Failure) 334M->190M(524M) 3.970ms
[582.485s][info][gc] GC(9256) Pause Young (Allocation Failure) 335M->192M(524M) 3.862ms
[582.553s][info][gc] GC(9257) Pause Young (Allocation Failure) 336M->193M(524M) 4.302ms
[582.608s][info][gc] GC(9258) Pause Young (Allocation Failure) 337M->194M(524M) 3.634ms
[582.674s][info][gc] GC(9259) Pause Young (Allocation Failure) 339M->195M(524M) 4.299ms
[582.732s][info][gc] GC(9260) Pause Young (Allocation Failure) 340M->195M(524M) 3.240ms
[582.904s][info][gc] GC(9261) Pause Young (Allocation Failure) 339M->198M(524M) 4.055ms
[582.961s][info][gc] GC(9262) Pause Young (Allocation Failure) 343M->199M(524M) 4.321ms
[583.027s][info][gc] GC(9263) Pause Young (Allocation Failure) 344M->201M(524M) 4.388ms
[583.080s][info][gc] GC(9264) Pause Young (Allocation Failure) 345M->200M(524M) 3.518ms
[583.151s][info][gc] GC(9265) Pause Young (Allocation Failure) 344M->203M(524M) 3.971ms
[583.217s][info][gc] GC(9266) Pause Young (Allocation Failure) 347M->204M(524M) 4.350ms
[583.273s][info][gc] GC(9267) Pause Young (Allocation Failure) 348M->204M(524M) 3.753ms
[583.338s][info][gc] GC(9268) Pause Young (Allocation Failure) 349M->206M(524M) 3.779ms
[583.393s][info][gc] GC(9269) Pause Young (Allocation Failure) 350M->207M(524M) 3.927ms
[583.457s][info][gc] GC(9270) Pause Young (Allocation Failure) 351M->208M(524M) 3.870ms
[583.515s][info][gc] GC(9271) Pause Young (Allocation Failure) 353M->209M(524M) 4.163ms
[583.584s][info][gc] GC(9272) Pause Young (Allocation Failure) 354M->210M(524M) 3.910ms
[583.639s][info][gc] GC(9273) Pause Young (Allocation Failure) 355M->209M(524M) 2.990ms
[583.704s][info][gc] GC(9274) Pause Young (Allocation Failure) 354M->213M(524M) 3.973ms
[583.771s][info][gc] GC(9275) Pause Young (Allocation Failure) 357M->214M(524M) 4.334ms
[583.828s][info][gc] GC(9276) Pause Young (Allocation Failure) 358M->214M(524M) 3.663ms
[583.896s][info][gc] GC(9277) Pause Young (Allocation Failure) 359M->216M(524M) 3.907ms
[583.952s][info][gc] GC(9278) Pause Young (Allocation Failure) 361M->216M(524M) 3.837ms
[584.017s][info][gc] GC(9279) Pause Young (Allocation Failure) 361M->218M(524M) 3.862ms
[584.073s][info][gc] GC(9280) Pause Young (Allocation Failure) 363M->217M(524M) 3.580ms
[584.140s][info][gc] GC(9281) Pause Young (Allocation Failure) 362M->220M(524M) 3.842ms
[584.202s][info][gc] GC(9282) Pause Young (Allocation Failure) 365M->221M(524M) 3.969ms
[584.262s][info][gc] GC(9283) Pause Young (Allocation Failure) 365M->222M(524M) 3.708ms
[584.327s][info][gc] GC(9284) Pause Young (Allocation Failure) 367M->224M(524M) 4.469ms
[584.383s][info][gc] GC(9285) Pause Young (Allocation Failure) 369M->224M(524M) 3.693ms
[584.449s][info][gc] GC(9286) Pause Young (Allocation Failure) 369M->226M(524M) 4.056ms
[584.507s][info][gc] GC(9287) Pause Young (Allocation Failure) 370M->226M(524M) 3.663ms
[584.570s][info][gc] GC(9288) Pause Young (Allocation Failure) 371M->228M(524M) 3.784ms
[584.629s][info][gc] GC(9289) Pause Young (Allocation Failure) 372M->228M(524M) 3.776ms
[584.696s][info][gc] GC(9290) Pause Young (Allocation Failure) 372M->230M(524M) 4.301ms
[584.760s][info][gc] GC(9291) Pause Young (Allocation Failure) 375M->231M(524M) 4.031ms
[584.820s][info][gc] GC(9292) Pause Young (Allocation Failure) 375M->232M(524M) 3.794ms
[584.888s][info][gc] GC(9293) Pause Young (Allocation Failure) 377M->233M(524M) 4.354ms
[584.948s][info][gc] GC(9294) Pause Young (Allocation Failure) 378M->234M(524M) 3.899ms
[585.017s][info][gc] GC(9295) Pause Young (Allocation Failure) 379M->236M(524M) 4.512ms
[585.074s][info][gc] GC(9296) Pause Young (Allocation Failure) 381M->236M(524M) 4.006ms
[585.268s][info][gc] GC(9297) Pause Young (Allocation Failure) 380M->239M(524M) 4.519ms
[585.323s][info][gc] GC(9298) Pause Young (Allocation Failure) 384M->238M(524M) 3.924ms
[585.395s][info][gc] GC(9299) Pause Young (Allocation Failure) 383M->241M(524M) 4.084ms
[585.464s][info][gc] GC(9300) Pause Young (Allocation Failure) 385M->242M(524M) 4.032ms
[585.522s][info][gc] GC(9301) Pause Young (Allocation Failure) 386M->243M(524M) 3.654ms
[585.586s][info][gc] GC(9302) Pause Young (Allocation Failure) 388M->244M(524M) 4.107ms
[585.645s][info][gc] GC(9303) Pause Young (Allocation Failure) 388M->245M(524M) 3.726ms
[585.713s][info][gc] GC(9304) Pause Young (Allocation Failure) 390M->247M(524M) 4.362ms
[585.767s][info][gc] GC(9305) Pause Young (Allocation Failure) 391M->246M(524M) 3.510ms
[585.835s][info][gc] GC(9306) Pause Young (Allocation Failure) 391M->248M(524M) 3.780ms
[585.901s][info][gc] GC(9307) Pause Young (Allocation Failure) 393M->249M(524M) 4.150ms
[585.958s][info][gc] GC(9308) Pause Young (Allocation Failure) 394M->250M(524M) 4.024ms
[586.021s][info][gc] GC(9309) Pause Young (Allocation Failure) 395M->251M(524M) 3.829ms
[586.078s][info][gc] GC(9310) Pause Young (Allocation Failure) 396M->252M(524M) 4.013ms
[586.141s][info][gc] GC(9311) Pause Young (Allocation Failure) 397M->254M(524M) 3.784ms
[586.199s][info][gc] GC(9312) Pause Young (Allocation Failure) 398M->255M(524M) 4.167ms
[586.265s][info][gc] GC(9313) Pause Young (Allocation Failure) 400M->256M(524M) 3.894ms
[586.323s][info][gc] GC(9314) Pause Young (Allocation Failure) 401M->256M(524M) 3.203ms
[586.390s][info][gc] GC(9315) Pause Young (Allocation Failure) 400M->258M(524M) 3.810ms
[586.456s][info][gc] GC(9316) Pause Young (Allocation Failure) 403M->260M(524M) 4.287ms
[586.512s][info][gc] GC(9317) Pause Young (Allocation Failure) 404M->260M(524M) 3.713ms
[586.578s][info][gc] GC(9318) Pause Young (Allocation Failure) 405M->261M(524M) 3.859ms
[586.636s][info][gc] GC(9319) Pause Young (Allocation Failure) 406M->263M(524M) 3.888ms
[586.702s][info][gc] GC(9320) Pause Young (Allocation Failure) 407M->264M(524M) 4.038ms
[586.758s][info][gc] GC(9321) Pause Young (Allocation Failure) 409M->264M(524M) 3.328ms
[586.824s][info][gc] GC(9322) Pause Young (Allocation Failure) 408M->266M(524M) 3.752ms
[586.890s][info][gc] GC(9323) Pause Young (Allocation Failure) 411M->267M(524M) 4.045ms
[586.950s][info][gc] GC(9324) Pause Young (Allocation Failure) 411M->268M(524M) 3.897ms
[587.016s][info][gc] GC(9325) Pause Young (Allocation Failure) 413M->269M(524M) 4.342ms
[587.073s][info][gc] GC(9326) Pause Young (Allocation Failure) 414M->270M(524M) 3.708ms
[587.140s][info][gc] GC(9327) Pause Young (Allocation Failure) 415M->271M(524M) 3.864ms
[587.193s][info][gc] GC(9328) Pause Young (Allocation Failure) 416M->272M(524M) 3.424ms
[587.261s][info][gc] GC(9329) Pause Young (Allocation Failure) 416M->274M(524M) 4.041ms
[587.326s][info][gc] GC(9330) Pause Young (Allocation Failure) 419M->274M(524M) 3.859ms
[587.387s][info][gc] GC(9331) Pause Young (Allocation Failure) 419M->276M(524M) 3.942ms
[587.563s][info][gc] GC(9332) Pause Young (Allocation Failure) 421M->278M(524M) 4.592ms
[587.621s][info][gc] GC(9333) Pause Young (Allocation Failure) 422M->279M(524M) 4.089ms
[587.685s][info][gc] GC(9334) Pause Young (Allocation Failure) 424M->280M(524M) 4.229ms
[587.744s][info][gc] GC(9335) Pause Young (Allocation Failure) 425M->281M(524M) 3.783ms
[587.810s][info][gc] GC(9336) Pause Young (Allocation Failure) 426M->282M(524M) 4.038ms
[587.865s][info][gc] GC(9337) Pause Young (Allocation Failure) 427M->283M(524M) 3.906ms
[587.932s][info][gc] GC(9338) Pause Young (Allocation Failure) 428M->284M(524M) 3.822ms
[587.995s][info][gc] GC(9339) Pause Young (Allocation Failure) 429M->285M(524M) 3.816ms
[588.055s][info][gc] GC(9340) Pause Young (Allocation Failure) 429M->287M(524M) 4.132ms
[588.119s][info][gc] GC(9341) Pause Young (Allocation Failure) 431M->288M(524M) 4.266ms
[588.177s][info][gc] GC(9342) Pause Young (Allocation Failure) 432M->289M(524M) 3.731ms
[588.242s][info][gc] GC(9343) Pause Young (Allocation Failure) 433M->290M(524M) 3.846ms
[588.300s][info][gc] GC(9344) Pause Young (Allocation Failure) 435M->291M(524M) 3.956ms
[588.365s][info][gc] GC(9345) Pause Young (Allocation Failure) 436M->292M(524M) 3.919ms
[588.421s][info][gc] GC(9346) Pause Young (Allocation Failure) 437M->292M(524M) 3.456ms
[588.488s][info][gc] GC(9347) Pause Young (Allocation Failure) 437M->295M(524M) 4.060ms
[588.552s][info][gc] GC(9348) Pause Young (Allocation Failure) 439M->295M(524M) 4.171ms
[588.612s][info][gc] GC(9349) Pause Young (Allocation Failure) 440M->297M(524M) 3.812ms
[588.675s][info][gc] GC(9350) Pause Young (Allocation Failure) 441M->297M(524M) 4.204ms
[588.737s][info][gc] GC(9351) Pause Young (Allocation Failure) 442M->299M(524M) 4.142ms
[588.802s][info][gc] GC(9352) Pause Young (Allocation Failure) 443M->300M(524M) 3.943ms
[588.859s][info][gc] GC(9353) Pause Young (Allocation Failure) 444M->301M(524M) 3.702ms
[588.926s][info][gc] GC(9354) Pause Young (Allocation Failure) 445M->302M(524M) 3.829ms
[588.988s][info][gc] GC(9355) Pause Young (Allocation Failure) 446M->302M(524M) 3.366ms
[589.049s][info][gc] GC(9356) Pause Young (Allocation Failure) 447M->304M(524M) 4.077ms
[589.114s][info][gc] GC(9357) Pause Young (Allocation Failure) 449M->305M(524M) 4.081ms
[589.170s][info][gc] GC(9358) Pause Young (Allocation Failure) 450M->306M(524M) 4.136ms
[589.236s][info][gc] GC(9359) Pause Young (Allocation Failure) 451M->308M(524M) 3.967ms
[589.294s][info][gc] GC(9360) Pause Young (Allocation Failure) 452M->308M(524M) 4.063ms
[589.361s][info][gc] GC(9361) Pause Young (Allocation Failure) 453M->310M(524M) 3.905ms
[589.420s][info][gc] GC(9362) Pause Young (Allocation Failure) 455M->309M(524M) 3.806ms
[589.487s][info][gc] GC(9363) Pause Young (Allocation Failure) 454M->312M(524M) 3.967ms
[589.548s][info][gc] GC(9364) Pause Young (Allocation Failure) 457M->312M(524M) 4.110ms
[589.606s][info][gc] GC(9365) Pause Young (Allocation Failure) 457M->314M(524M) 3.702ms
[589.672s][info][gc] GC(9366) Pause Young (Allocation Failure) 459M->315M(524M) 4.284ms
[589.731s][info][gc] GC(9367) Pause Young (Allocation Failure) 460M->316M(524M) 3.567ms
[589.924s][info][gc] GC(9368) Pause Young (Allocation Failure) 460M->318M(524M) 4.136ms
[589.984s][info][gc] GC(9369) Pause Young (Allocation Failure) 463M->319M(524M) 4.428ms
[590.054s][info][gc] GC(9370) Pause Young (Allocation Failure) 464M->320M(524M) 4.309ms
[590.111s][info][gc] GC(9371) Pause Young (Allocation Failure) 465M->320M(524M) 3.583ms
[590.181s][info][gc] GC(9372) Pause Young (Allocation Failure) 465M->323M(524M) 4.299ms
[590.249s][info][gc] GC(9373) Pause Young (Allocation Failure) 468M->324M(524M) 4.637ms
[590.307s][info][gc] GC(9374) Pause Young (Allocation Failure) 468M->325M(524M) 3.683ms
[590.385s][info][gc] GC(9375) Pause Young (Allocation Failure) 469M->326M(524M) 3.893ms
[590.449s][info][gc] GC(9376) Pause Young (Allocation Failure) 471M->327M(524M) 4.301ms
[590.520s][info][gc] GC(9377) Pause Young (Allocation Failure) 471M->328M(524M) 3.973ms
[590.578s][info][gc] GC(9378) Pause Young (Allocation Failure) 473M->328M(524M) 3.900ms
[590.647s][info][gc] GC(9379) Pause Young (Allocation Failure) 473M->330M(524M) 4.162ms
[590.714s][info][gc] GC(9380) Pause Young (Allocation Failure) 475M->331M(524M) 4.102ms
[590.774s][info][gc] GC(9381) Pause Young (Allocation Failure) 475M->333M(524M) 3.748ms
[590.840s][info][gc] GC(9382) Pause Young (Allocation Failure) 477M->334M(524M) 4.387ms
[590.896s][info][gc] GC(9383) Pause Young (Allocation Failure) 479M->335M(524M) 3.780ms
[590.962s][info][gc] GC(9384) Pause Young (Allocation Failure) 479M->336M(524M) 3.844ms
[591.018s][info][gc] GC(9385) Pause Young (Allocation Failure) 480M->337M(524M) 3.913ms
[591.084s][info][gc] GC(9386) Pause Young (Allocation Failure) 482M->337M(524M) 3.788ms
[591.143s][info][gc] GC(9387) Pause Young (Allocation Failure) 482M->338M(524M) 3.360ms
[591.207s][info][gc] GC(9388) Pause Young (Allocation Failure) 483M->340M(524M) 4.331ms
[591.272s][info][gc] GC(9389) Pause Young (Allocation Failure) 485M->341M(524M) 4.270ms
[591.330s][info][gc] GC(9390) Pause Young (Allocation Failure) 486M->342M(524M) 3.728ms
[591.394s][info][gc] GC(9391) Pause Young (Allocation Failure) 487M->343M(524M) 4.102ms
[591.455s][info][gc] GC(9392) Pause Young (Allocation Failure) 488M->345M(524M) 4.498ms
[591.523s][info][gc] GC(9393) Pause Young (Allocation Failure) 489M->346M(524M) 4.184ms
[591.580s][info][gc] GC(9394) Pause Young (Allocation Failure) 491M->346M(524M) 3.732ms
[591.648s][info][gc] GC(9395) Pause Young (Allocation Failure) 491M->348M(524M) 4.058ms
[591.710s][info][gc] GC(9396) Pause Young (Allocation Failure) 493M->348M(524M) 3.948ms
[591.770s][info][gc] GC(9397) Pause Young (Allocation Failure) 493M->349M(524M) 3.502ms
[591.837s][info][gc] GC(9398) Pause Young (Allocation Failure) 494M->351M(524M) 4.308ms
[591.898s][info][gc] GC(9399) Pause Young (Allocation Failure) 496M->353M(524M) 4.523ms
[591.963s][info][gc] GC(9400) Pause Young (Allocation Failure) 497M->353M(524M) 4.164ms
[592.020s][info][gc] GC(9401) Pause Young (Allocation Failure) 498M->354M(524M) 3.792ms
[592.091s][info][gc] GC(9402) Pause Young (Allocation Failure) 499M->356M(524M) 4.269ms
[592.185s][info][gc] GC(9403) Pause Young (Allocation Failure) 501M->353M(524M) 2.942ms
[592.325s][info][gc] GC(9404) Pause Young (Allocation Failure) 498M->359M(524M) 4.200ms
[592.391s][info][gc] GC(9405) Pause Young (Allocation Failure) 503M->359M(524M) 4.412ms
[592.449s][info][gc] GC(9406) Pause Young (Allocation Failure) 504M->361M(524M) 3.798ms
[592.516s][info][gc] GC(9407) Pause Young (Allocation Failure) 506M->362M(524M) 4.371ms
[592.573s][info][gc] GC(9408) Pause Young (Allocation Failure) 507M->363M(524M) 3.655ms
[592.639s][info][gc] GC(9409) Pause Young (Allocation Failure) 508M->364M(524M) 4.485ms
[592.694s][info][gc] GC(9410) Pause Young (Allocation Failure) 509M->365M(524M) 3.707ms
[592.761s][info][gc] GC(9411) Pause Young (Allocation Failure) 509M->366M(524M) 3.889ms
[592.819s][info][gc] GC(9412) Pause Young (Allocation Failure) 511M->366M(524M) 3.726ms
[592.885s][info][gc] GC(9413) Pause Young (Allocation Failure) 510M->369M(524M) 3.982ms
[592.950s][info][gc] GC(9414) Pause Young (Allocation Failure) 513M->369M(524M) 4.404ms
[593.007s][info][gc] GC(9415) Pause Young (Allocation Failure) 514M->371M(524M) 3.968ms
[593.055s][info][gc] GC(9416) Pause Full (Allocation Failure) 371M->52M(500M) 47.582ms
[593.114s][info][gc] GC(9417) Pause Young (Allocation Failure) 190M->57M(500M) 2.564ms
[593.169s][info][gc] GC(9418) Pause Young (Allocation Failure) 195M->58M(500M) 2.463ms
[593.232s][info][gc] GC(9419) Pause Young (Allocation Failure) 196M->59M(500M) 3.306ms
[593.285s][info][gc] GC(9420) Pause Young (Allocation Failure) 197M->60M(500M) 3.056ms
[593.347s][info][gc] GC(9421) Pause Young (Allocation Failure) 198M->61M(500M) 3.554ms
[593.399s][info][gc] GC(9422) Pause Young (Allocation Failure) 199M->62M(500M) 3.562ms
[593.462s][info][gc] GC(9423) Pause Young (Allocation Failure) 200M->63M(500M) 3.875ms
[593.514s][info][gc] GC(9424) Pause Young (Allocation Failure) 201M->64M(500M) 3.547ms
[593.578s][info][gc] GC(9425) Pause Young (Allocation Failure) 202M->65M(500M) 3.740ms
[593.629s][info][gc] GC(9426) Pause Young (Allocation Failure) 203M->64M(500M) 3.304ms
[593.694s][info][gc] GC(9427) Pause Young (Allocation Failure) 202M->67M(500M) 3.638ms
[593.756s][info][gc] GC(9428) Pause Young (Allocation Failure) 205M->68M(500M) 3.741ms
[593.814s][info][gc] GC(9429) Pause Young (Allocation Failure) 206M->70M(500M) 3.739ms
[593.875s][info][gc] GC(9430) Pause Young (Allocation Failure) 208M->70M(500M) 3.921ms
[593.933s][info][gc] GC(9431) Pause Young (Allocation Failure) 208M->72M(500M) 3.798ms
[593.998s][info][gc] GC(9432) Pause Young (Allocation Failure) 210M->73M(500M) 4.330ms
[594.053s][info][gc] GC(9433) Pause Young (Allocation Failure) 211M->74M(500M) 3.704ms
[594.116s][info][gc] GC(9434) Pause Young (Allocation Failure) 212M->75M(500M) 3.806ms
[594.168s][info][gc] GC(9435) Pause Young (Allocation Failure) 213M->76M(500M) 3.640ms
[594.235s][info][gc] GC(9436) Pause Young (Allocation Failure) 214M->77M(500M) 4.055ms
[594.286s][info][gc] GC(9437) Pause Young (Allocation Failure) 216M->78M(500M) 3.557ms
[594.349s][info][gc] GC(9438) Pause Young (Allocation Failure) 216M->79M(500M) 3.481ms
[594.403s][info][gc] GC(9439) Pause Young (Allocation Failure) 217M->78M(500M) 3.174ms
[594.470s][info][gc] GC(9440) Pause Young (Allocation Failure) 217M->81M(500M) 3.872ms
[594.606s][info][gc] GC(9441) Pause Young (Allocation Failure) 219M->78M(500M) 2.717ms
[594.696s][info][gc] GC(9442) Pause Young (Allocation Failure) 217M->84M(500M) 4.081ms
[594.759s][info][gc] GC(9443) Pause Young (Allocation Failure) 222M->85M(500M) 4.231ms
[594.816s][info][gc] GC(9444) Pause Young (Allocation Failure) 223M->86M(500M) 3.647ms
[594.879s][info][gc] GC(9445) Pause Young (Allocation Failure) 224M->87M(500M) 4.066ms
[594.936s][info][gc] GC(9446) Pause Young (Allocation Failure) 225M->88M(500M) 3.568ms
[595.000s][info][gc] GC(9447) Pause Young (Allocation Failure) 226M->89M(500M) 4.125ms
[595.056s][info][gc] GC(9448) Pause Young (Allocation Failure) 227M->90M(500M) 3.468ms
[595.120s][info][gc] GC(9449) Pause Young (Allocation Failure) 228M->91M(500M) 3.969ms
[595.177s][info][gc] GC(9450) Pause Young (Allocation Failure) 229M->92M(500M) 3.676ms
[595.238s][info][gc] GC(9451) Pause Young (Allocation Failure) 230M->93M(500M) 4.019ms
[595.296s][info][gc] GC(9452) Pause Young (Allocation Failure) 231M->94M(500M) 4.188ms
[595.365s][info][gc] GC(9453) Pause Young (Allocation Failure) 233M->95M(500M) 3.865ms
[595.421s][info][gc] GC(9454) Pause Young (Allocation Failure) 234M->95M(500M) 3.220ms
[595.484s][info][gc] GC(9455) Pause Young (Allocation Failure) 233M->98M(500M) 3.784ms
[595.548s][info][gc] GC(9456) Pause Young (Allocation Failure) 236M->98M(500M) 4.218ms
[595.608s][info][gc] GC(9457) Pause Young (Allocation Failure) 236M->100M(500M) 3.611ms
[595.673s][info][gc] GC(9458) Pause Young (Allocation Failure) 238M->101M(500M) 4.084ms
[595.728s][info][gc] GC(9459) Pause Young (Allocation Failure) 239M->102M(500M) 3.679ms
[595.790s][info][gc] GC(9460) Pause Young (Allocation Failure) 240M->102M(500M) 3.671ms
[595.845s][info][gc] GC(9461) Pause Young (Allocation Failure) 240M->104M(500M) 3.553ms
[595.911s][info][gc] GC(9462) Pause Young (Allocation Failure) 242M->105M(500M) 4.237ms
[595.964s][info][gc] GC(9463) Pause Young (Allocation Failure) 243M->106M(500M) 3.495ms
[596.026s][info][gc] GC(9464) Pause Young (Allocation Failure) 244M->107M(500M) 3.848ms
[596.080s][info][gc] GC(9465) Pause Young (Allocation Failure) 245M->108M(500M) 3.562ms
[596.145s][info][gc] GC(9466) Pause Young (Allocation Failure) 246M->109M(500M) 3.685ms
[596.199s][info][gc] GC(9467) Pause Young (Allocation Failure) 247M->110M(500M) 3.556ms
[596.263s][info][gc] GC(9468) Pause Young (Allocation Failure) 248M->111M(500M) 3.746ms
[596.325s][info][gc] GC(9469) Pause Young (Allocation Failure) 249M->112M(500M) 3.418ms
[596.384s][info][gc] GC(9470) Pause Young (Allocation Failure) 250M->113M(500M) 3.678ms
[596.447s][info][gc] GC(9471) Pause Young (Allocation Failure) 251M->114M(500M) 4.135ms
[596.503s][info][gc] GC(9472) Pause Young (Allocation Failure) 252M->115M(500M) 3.717ms
[596.563s][info][gc] GC(9473) Pause Young (Allocation Failure) 253M->116M(500M) 3.776ms
[596.621s][info][gc] GC(9474) Pause Young (Allocation Failure) 254M->118M(500M) 3.792ms
[596.683s][info][gc] GC(9475) Pause Young (Allocation Failure) 256M->119M(500M) 3.928ms
[596.738s][info][gc] GC(9476) Pause Young (Allocation Failure) 257M->120M(500M) 3.956ms
[596.798s][info][gc] GC(9477) Pause Young (Allocation Failure) 258M->120M(500M) 3.795ms
[596.855s][info][gc] GC(9478) Pause Young (Allocation Failure) 258M->120M(500M) 3.128ms
[597.033s][info][gc] GC(9479) Pause Young (Allocation Failure) 258M->133M(500M) 8.222ms
[597.070s][info][gc] GC(9480) Pause Young (Allocation Failure) 271M->134M(500M) 6.614ms
[597.108s][info][gc] GC(9481) Pause Young (Allocation Failure) 272M->136M(500M) 2.403ms
[597.142s][info][gc] GC(9482) Pause Young (Allocation Failure) 274M->138M(500M) 2.684ms
[597.177s][info][gc] GC(9483) Pause Young (Allocation Failure) 276M->140M(500M) 3.280ms
[597.230s][info][gc] GC(9484) Pause Young (Allocation Failure) 278M->146M(500M) 5.495ms
[597.268s][info][gc] GC(9485) Pause Young (Allocation Failure) 284M->147M(500M) 5.851ms
[597.304s][info][gc] GC(9486) Pause Young (Allocation Failure) 285M->148M(500M) 3.921ms
[597.337s][info][gc] GC(9487) Pause Young (Allocation Failure) 286M->149M(500M) 2.583ms
[597.392s][info][gc] GC(9488) Pause Young (Allocation Failure) 287M->156M(500M) 5.032ms
[597.431s][info][gc] GC(9489) Pause Young (Allocation Failure) 294M->158M(500M) 5.624ms
[597.463s][info][gc] GC(9490) Pause Young (Allocation Failure) 296M->159M(500M) 2.153ms
[597.501s][info][gc] GC(9491) Pause Young (Allocation Failure) 297M->161M(500M) 2.841ms
[597.546s][info][gc] GC(9492) Pause Young (Allocation Failure) 299M->164M(500M) 3.831ms
[597.605s][info][gc] GC(9493) Pause Young (Allocation Failure) 302M->168M(500M) 5.436ms
[597.644s][info][gc] GC(9494) Pause Young (Allocation Failure) 307M->170M(500M) 5.382ms
[597.686s][info][gc] GC(9495) Pause Young (Allocation Failure) 308M->171M(500M) 3.702ms
[597.725s][info][gc] GC(9496) Pause Young (Allocation Failure) 309M->172M(500M) 4.013ms
[597.775s][info][gc] GC(9497) Pause Young (Allocation Failure) 310M->177M(500M) 4.516ms
[597.814s][info][gc] GC(9498) Pause Young (Allocation Failure) 315M->180M(500M) 5.393ms
[597.855s][info][gc] GC(9499) Pause Young (Allocation Failure) 318M->181M(500M) 4.386ms
[597.888s][info][gc] GC(9500) Pause Young (Allocation Failure) 319M->182M(500M) 2.886ms
[597.927s][info][gc] GC(9501) Pause Young (Allocation Failure) 320M->185M(500M) 3.530ms
[597.977s][info][gc] GC(9502) Pause Young (Allocation Failure) 323M->190M(500M) 5.439ms
[598.012s][info][gc] GC(9503) Pause Young (Allocation Failure) 328M->190M(500M) 5.082ms
[598.047s][info][gc] GC(9504) Pause Young (Allocation Failure) 329M->192M(500M) 3.640ms
[598.085s][info][gc] GC(9505) Pause Young (Allocation Failure) 330M->193M(500M) 4.130ms
[598.136s][info][gc] GC(9506) Pause Young (Allocation Failure) 331M->199M(500M) 4.783ms
[598.178s][info][gc] GC(9507) Pause Young (Allocation Failure) 337M->201M(500M) 5.476ms
[598.211s][info][gc] GC(9508) Pause Young (Allocation Failure) 339M->201M(500M) 4.097ms
[598.247s][info][gc] GC(9509) Pause Young (Allocation Failure) 339M->203M(500M) 3.096ms
[598.290s][info][gc] GC(9510) Pause Young (Allocation Failure) 341M->207M(500M) 4.086ms
[598.339s][info][gc] GC(9511) Pause Young (Allocation Failure) 345M->211M(500M) 5.588ms
[598.375s][info][gc] GC(9512) Pause Young (Allocation Failure) 349M->211M(500M) 4.792ms
[598.411s][info][gc] GC(9513) Pause Young (Allocation Failure) 349M->213M(500M) 3.371ms
[598.449s][info][gc] GC(9514) Pause Young (Allocation Failure) 351M->214M(500M) 3.839ms
[598.496s][info][gc] GC(9515) Pause Young (Allocation Failure) 352M->218M(500M) 5.198ms
[598.536s][info][gc] GC(9516) Pause Young (Allocation Failure) 356M->220M(500M) 5.291ms
[598.573s][info][gc] GC(9517) Pause Young (Allocation Failure) 358M->221M(500M) 4.157ms
[598.612s][info][gc] GC(9518) Pause Young (Allocation Failure) 359M->223M(500M) 3.327ms
[598.653s][info][gc] GC(9519) Pause Young (Allocation Failure) 361M->226M(500M) 3.973ms
[598.699s][info][gc] GC(9520) Pause Young (Allocation Failure) 364M->229M(500M) 5.412ms
[598.738s][info][gc] GC(9521) Pause Young (Allocation Failure) 367M->230M(500M) 4.954ms
[598.780s][info][gc] GC(9522) Pause Young (Allocation Failure) 368M->232M(500M) 3.636ms
[598.817s][info][gc] GC(9523) Pause Young (Allocation Failure) 371M->234M(500M) 4.026ms
[598.872s][info][gc] GC(9524) Pause Young (Allocation Failure) 372M->237M(500M) 5.123ms
[598.917s][info][gc] GC(9525) Pause Young (Allocation Failure) 375M->239M(500M) 5.564ms
[598.958s][info][gc] GC(9526) Pause Young (Allocation Failure) 377M->240M(500M) 4.427ms
[598.996s][info][gc] GC(9527) Pause Young (Allocation Failure) 378M->242M(500M) 3.001ms
[599.040s][info][gc] GC(9528) Pause Young (Allocation Failure) 380M->245M(500M) 3.990ms
[599.083s][info][gc] GC(9529) Pause Young (Allocation Failure) 383M->249M(500M) 5.074ms
[599.123s][info][gc] GC(9530) Pause Young (Allocation Failure) 387M->250M(500M) 4.847ms
[599.162s][info][gc] GC(9531) Pause Young (Allocation Failure) 388M->251M(500M) 3.580ms
[599.203s][info][gc] GC(9532) Pause Young (Allocation Failure) 389M->253M(500M) 3.993ms
[599.251s][info][gc] GC(9533) Pause Young (Allocation Failure) 391M->256M(500M) 5.101ms
[599.291s][info][gc] GC(9534) Pause Young (Allocation Failure) 394M->259M(500M) 5.614ms
[599.329s][info][gc] GC(9535) Pause Young (Allocation Failure) 397M->259M(500M) 4.156ms
[599.362s][info][gc] GC(9536) Pause Young (Allocation Failure) 397M->261M(500M) 2.874ms
[599.406s][info][gc] GC(9537) Pause Young (Allocation Failure) 399M->264M(500M) 4.031ms
[599.452s][info][gc] GC(9538) Pause Young (Allocation Failure) 402M->268M(500M) 5.368ms
[599.491s][info][gc] GC(9539) Pause Young (Allocation Failure) 406M->269M(500M) 5.015ms
[599.526s][info][gc] GC(9540) Pause Young (Allocation Failure) 407M->271M(500M) 3.422ms
[599.564s][info][gc] GC(9541) Pause Young (Allocation Failure) 409M->273M(500M) 4.099ms
[599.612s][info][gc] GC(9542) Pause Young (Allocation Failure) 411M->276M(500M) 5.208ms
[599.652s][info][gc] GC(9543) Pause Young (Allocation Failure) 414M->278M(500M) 5.479ms
[599.690s][info][gc] GC(9544) Pause Young (Allocation Failure) 416M->279M(500M) 3.915ms
[599.727s][info][gc] GC(9545) Pause Young (Allocation Failure) 417M->280M(500M) 4.345ms
[599.774s][info][gc] GC(9546) Pause Young (Allocation Failure) 418M->284M(500M) 4.491ms
[599.820s][info][gc] GC(9547) Pause Young (Allocation Failure) 422M->288M(500M) 5.713ms
[599.859s][info][gc] GC(9548) Pause Young (Allocation Failure) 426M->289M(500M) 5.252ms
[599.894s][info][gc] GC(9549) Pause Young (Allocation Failure) 427M->289M(500M) 3.282ms
[599.940s][info][gc] GC(9550) Pause Young (Allocation Failure) 427M->292M(500M) 3.860ms
[599.991s][info][gc] GC(9551) Pause Young (Allocation Failure) 430M->295M(500M) 5.113ms
[600.030s][info][gc] GC(9552) Pause Young (Allocation Failure) 433M->297M(500M) 5.399ms
[600.065s][info][gc] GC(9553) Pause Young (Allocation Failure) 435M->297M(500M) 3.389ms
[600.100s][info][gc] GC(9554) Pause Young (Allocation Failure) 435M->299M(500M) 3.856ms
[600.153s][info][gc] GC(9555) Pause Young (Allocation Failure) 437M->301M(500M) 4.865ms
[600.196s][info][gc] GC(9556) Pause Young (Allocation Failure) 439M->304M(500M) 5.346ms
[600.237s][info][gc] GC(9557) Pause Young (Allocation Failure) 442M->306M(500M) 5.039ms
[600.272s][info][gc] GC(9558) Pause Young (Allocation Failure) 444M->306M(500M) 3.110ms
[600.310s][info][gc] GC(9559) Pause Young (Allocation Failure) 445M->308M(500M) 3.318ms
[600.362s][info][gc] GC(9560) Pause Young (Allocation Failure) 446M->313M(500M) 5.398ms
[600.402s][info][gc] GC(9561) Pause Young (Allocation Failure) 451M->315M(500M) 5.297ms
[600.439s][info][gc] GC(9562) Pause Young (Allocation Failure) 453M->315M(500M) 4.069ms
[600.476s][info][gc] GC(9563) Pause Young (Allocation Failure) 453M->318M(500M) 3.011ms
[600.521s][info][gc] GC(9564) Pause Young (Allocation Failure) 456M->321M(500M) 4.099ms
[600.566s][info][gc] GC(9565) Pause Young (Allocation Failure) 459M->324M(500M) 5.377ms
[600.601s][info][gc] GC(9566) Pause Young (Allocation Failure) 462M->325M(500M) 4.849ms
[600.636s][info][gc] GC(9567) Pause Young (Allocation Failure) 464M->327M(500M) 3.029ms
[600.682s][info][gc] GC(9568) Pause Young (Allocation Failure) 465M->331M(500M) 4.495ms
[600.723s][info][gc] GC(9569) Pause Young (Allocation Failure) 469M->332M(500M) 4.762ms
[600.775s][info][gc] GC(9570) Pause Young (Allocation Failure) 470M->335M(500M) 4.947ms
[600.817s][info][gc] GC(9571) Pause Young (Allocation Failure) 473M->336M(500M) 3.511ms
[600.863s][info][gc] GC(9572) Pause Young (Allocation Failure) 474M->339M(500M) 4.633ms
[600.911s][info][gc] GC(9573) Pause Young (Allocation Failure) 477M->342M(500M) 4.700ms
[600.955s][info][gc] GC(9574) Pause Young (Allocation Failure) 480M->343M(500M) 4.528ms
[600.993s][info][gc] GC(9575) Pause Young (Allocation Failure) 481M->344M(500M) 3.831ms
[601.041s][info][gc] GC(9576) Pause Young (Allocation Failure) 482M->348M(500M) 4.761ms
[601.085s][info][gc] GC(9577) Pause Young (Allocation Failure) 486M->349M(500M) 5.388ms
[601.125s][info][gc] GC(9578) Pause Young (Allocation Failure) 487M->352M(500M) 4.048ms
[601.165s][info][gc] GC(9579) Pause Young (Allocation Failure) 490M->354M(500M) 5.020ms
[601.260s][info][gc] GC(9580) Pause Full (Allocation Failure) 354M->154M(500M) 94.610ms
[601.299s][info][gc] GC(9581) Pause Young (Allocation Failure) 292M->159M(500M) 2.361ms
[601.339s][info][gc] GC(9582) Pause Young (Allocation Failure) 297M->162M(500M) 3.358ms
[601.378s][info][gc] GC(9583) Pause Young (Allocation Failure) 300M->164M(500M) 4.159ms
[601.417s][info][gc] GC(9584) Pause Young (Allocation Failure) 303M->166M(500M) 4.512ms
[601.458s][info][gc] GC(9585) Pause Young (Allocation Failure) 304M->168M(500M) 4.318ms
[601.501s][info][gc] GC(9586) Pause Young (Allocation Failure) 306M->170M(500M) 5.079ms
[601.540s][info][gc] GC(9587) Pause Young (Allocation Failure) 309M->173M(500M) 4.879ms
[601.576s][info][gc] GC(9588) Pause Young (Allocation Failure) 311M->173M(500M) 3.186ms
[601.614s][info][gc] GC(9589) Pause Young (Allocation Failure) 312M->176M(500M) 3.833ms
[601.660s][info][gc] GC(9590) Pause Young (Allocation Failure) 314M->178M(500M) 4.920ms
[601.700s][info][gc] GC(9591) Pause Young (Allocation Failure) 316M->181M(500M) 5.369ms
[601.740s][info][gc] GC(9592) Pause Young (Allocation Failure) 319M->181M(500M) 4.420ms
[601.778s][info][gc] GC(9593) Pause Young (Allocation Failure) 320M->183M(500M) 4.164ms
[601.826s][info][gc] GC(9594) Pause Young (Allocation Failure) 321M->188M(500M) 4.665ms
[601.867s][info][gc] GC(9595) Pause Young (Allocation Failure) 326M->190M(500M) 5.751ms
[601.908s][info][gc] GC(9596) Pause Young (Allocation Failure) 329M->191M(500M) 4.562ms
[601.944s][info][gc] GC(9597) Pause Young (Allocation Failure) 330M->192M(500M) 2.770ms
[601.982s][info][gc] GC(9598) Pause Young (Allocation Failure) 330M->194M(500M) 3.433ms
[602.036s][info][gc] GC(9599) Pause Young (Allocation Failure) 333M->199M(500M) 5.484ms
[602.078s][info][gc] GC(9600) Pause Young (Allocation Failure) 338M->200M(500M) 5.438ms
[602.119s][info][gc] GC(9601) Pause Young (Allocation Failure) 338M->202M(500M) 4.022ms
[602.155s][info][gc] GC(9602) Pause Young (Allocation Failure) 340M->203M(500M) 4.239ms
[602.200s][info][gc] GC(9603) Pause Young (Allocation Failure) 341M->207M(500M) 4.478ms
[602.241s][info][gc] GC(9604) Pause Young (Allocation Failure) 345M->209M(500M) 5.150ms
[602.279s][info][gc] GC(9605) Pause Young (Allocation Failure) 347M->211M(500M) 4.910ms
[602.319s][info][gc] GC(9606) Pause Young (Allocation Failure) 349M->213M(500M) 3.471ms
[602.359s][info][gc] GC(9607) Pause Young (Allocation Failure) 351M->216M(500M) 4.145ms
[602.404s][info][gc] GC(9608) Pause Young (Allocation Failure) 354M->219M(500M) 5.491ms
[602.442s][info][gc] GC(9609) Pause Young (Allocation Failure) 357M->220M(500M) 4.644ms
[602.482s][info][gc] GC(9610) Pause Young (Allocation Failure) 358M->223M(500M) 4.099ms
[602.518s][info][gc] GC(9611) Pause Young (Allocation Failure) 361M->224M(500M) 4.387ms
[602.563s][info][gc] GC(9612) Pause Young (Allocation Failure) 362M->228M(500M) 4.457ms
[602.606s][info][gc] GC(9613) Pause Young (Allocation Failure) 366M->230M(500M) 5.320ms
[602.643s][info][gc] GC(9614) Pause Young (Allocation Failure) 369M->231M(500M) 4.777ms
[602.683s][info][gc] GC(9615) Pause Young (Allocation Failure) 370M->234M(500M) 3.461ms
[602.722s][info][gc] GC(9616) Pause Young (Allocation Failure) 372M->235M(500M) 3.727ms
[602.767s][info][gc] GC(9617) Pause Young (Allocation Failure) 374M->239M(500M) 5.092ms
[602.807s][info][gc] GC(9618) Pause Young (Allocation Failure) 377M->241M(500M) 5.317ms
[602.844s][info][gc] GC(9619) Pause Young (Allocation Failure) 379M->242M(500M) 3.537ms
[602.882s][info][gc] GC(9620) Pause Young (Allocation Failure) 380M->244M(500M) 4.146ms
[602.931s][info][gc] GC(9621) Pause Young (Allocation Failure) 382M->248M(500M) 4.743ms
[602.972s][info][gc] GC(9622) Pause Young (Allocation Failure) 387M->251M(500M) 5.469ms
[603.007s][info][gc] GC(9623) Pause Young (Allocation Failure) 389M->252M(500M) 4.597ms
[603.049s][info][gc] GC(9624) Pause Young (Allocation Failure) 390M->255M(500M) 3.931ms
[603.085s][info][gc] GC(9625) Pause Young (Allocation Failure) 393M->256M(500M) 4.226ms
[603.133s][info][gc] GC(9626) Pause Young (Allocation Failure) 394M->260M(500M) 4.856ms
[603.171s][info][gc] GC(9627) Pause Young (Allocation Failure) 398M->262M(500M) 5.226ms
[603.212s][info][gc] GC(9628) Pause Young (Allocation Failure) 400M->264M(500M) 5.119ms
[603.250s][info][gc] GC(9629) Pause Young (Allocation Failure) 402M->265M(500M) 4.834ms
[603.297s][info][gc] GC(9630) Pause Young (Allocation Failure) 404M->268M(500M) 4.229ms
[603.340s][info][gc] GC(9631) Pause Young (Allocation Failure) 406M->271M(500M) 5.145ms
[603.381s][info][gc] GC(9632) Pause Young (Allocation Failure) 409M->273M(500M) 4.959ms
[603.422s][info][gc] GC(9633) Pause Young (Allocation Failure) 411M->275M(500M) 4.006ms
[603.456s][info][gc] GC(9634) Pause Young (Allocation Failure) 413M->276M(500M) 4.074ms
[603.506s][info][gc] GC(9635) Pause Young (Allocation Failure) 414M->280M(500M) 4.689ms
[603.546s][info][gc] GC(9636) Pause Young (Allocation Failure) 418M->282M(500M) 5.363ms
[603.591s][info][gc] GC(9637) Pause Young (Allocation Failure) 420M->284M(500M) 5.145ms
[603.629s][info][gc] GC(9638) Pause Young (Allocation Failure) 423M->286M(500M) 3.364ms
[603.672s][info][gc] GC(9639) Pause Young (Allocation Failure) 424M->288M(500M) 4.319ms
[603.718s][info][gc] GC(9640) Pause Young (Allocation Failure) 427M->291M(500M) 5.442ms
[603.759s][info][gc] GC(9641) Pause Young (Allocation Failure) 429M->293M(500M) 4.820ms
[603.797s][info][gc] GC(9642) Pause Young (Allocation Failure) 431M->295M(500M) 4.685ms
[603.841s][info][gc] GC(9643) Pause Young (Allocation Failure) 433M->297M(500M) 4.479ms
[603.889s][info][gc] GC(9644) Pause Young (Allocation Failure) 436M->300M(500M) 5.433ms
[603.928s][info][gc] GC(9645) Pause Young (Allocation Failure) 439M->302M(500M) 5.026ms
[603.967s][info][gc] GC(9646) Pause Young (Allocation Failure) 440M->304M(500M) 4.090ms
[604.006s][info][gc] GC(9647) Pause Young (Allocation Failure) 442M->305M(500M) 4.514ms
[604.049s][info][gc] GC(9648) Pause Young (Allocation Failure) 443M->309M(500M) 4.636ms
[604.092s][info][gc] GC(9649) Pause Young (Allocation Failure) 447M->311M(500M) 5.588ms
[604.134s][info][gc] GC(9650) Pause Young (Allocation Failure) 449M->313M(500M) 5.043ms
[604.175s][info][gc] GC(9651) Pause Young (Allocation Failure) 451M->314M(500M) 4.661ms
[604.218s][info][gc] GC(9652) Pause Young (Allocation Failure) 452M->317M(500M) 4.309ms
[604.259s][info][gc] GC(9653) Pause Young (Allocation Failure) 455M->320M(500M) 5.256ms
[604.298s][info][gc] GC(9654) Pause Young (Allocation Failure) 458M->321M(500M) 4.774ms
[604.337s][info][gc] GC(9655) Pause Young (Allocation Failure) 460M->323M(500M) 3.637ms
[604.374s][info][gc] GC(9656) Pause Young (Allocation Failure) 461M->325M(500M) 3.989ms
[604.419s][info][gc] GC(9657) Pause Young (Allocation Failure) 463M->328M(500M) 4.457ms
[604.461s][info][gc] GC(9658) Pause Young (Allocation Failure) 466M->330M(500M) 5.184ms
[604.501s][info][gc] GC(9659) Pause Young (Allocation Failure) 468M->332M(500M) 4.972ms
[604.540s][info][gc] GC(9660) Pause Young (Allocation Failure) 470M->334M(500M) 4.546ms
[604.579s][info][gc] GC(9661) Pause Young (Allocation Failure) 472M->335M(500M) 3.949ms
[604.621s][info][gc] GC(9662) Pause Young (Allocation Failure) 473M->339M(500M) 4.511ms
[604.664s][info][gc] GC(9663) Pause Young (Allocation Failure) 477M->339M(500M) 4.855ms
[604.704s][info][gc] GC(9664) Pause Young (Allocation Failure) 478M->342M(500M) 4.783ms
[604.742s][info][gc] GC(9665) Pause Young (Allocation Failure) 480M->343M(500M) 4.271ms
[604.788s][info][gc] GC(9666) Pause Young (Allocation Failure) 481M->346M(500M) 4.565ms
[604.835s][info][gc] GC(9667) Pause Young (Allocation Failure) 484M->348M(500M) 5.243ms
[604.876s][info][gc] GC(9668) Pause Young (Allocation Failure) 487M->350M(500M) 4.962ms
[604.912s][info][gc] GC(9669) Pause Young (Allocation Failure) 488M->351M(500M) 3.666ms
[604.953s][info][gc] GC(9670) Pause Young (Allocation Failure) 489M->353M(500M) 4.149ms
[605.000s][info][gc] GC(9671) Pause Young (Allocation Failure) 492M->355M(500M) 4.990ms
[605.043s][info][gc] GC(9672) Pause Young (Allocation Failure) 494M->358M(503M) 5.415ms
[605.175s][info][gc] GC(9673) Pause Full (Allocation Failure) 358M->264M(639M) 132.548ms
[605.224s][info][gc] GC(9674) Pause Young (Allocation Failure) 441M->269M(639M) 2.789ms
[605.272s][info][gc] GC(9675) Pause Young (Allocation Failure) 445M->272M(639M) 3.742ms
[605.333s][info][gc] GC(9676) Pause Young (Allocation Failure) 448M->276M(639M) 5.297ms
[605.383s][info][gc] GC(9677) Pause Young (Allocation Failure) 452M->278M(639M) 6.002ms
[605.435s][info][gc] GC(9678) Pause Young (Allocation Failure) 455M->280M(639M) 5.786ms
[605.488s][info][gc] GC(9679) Pause Young (Allocation Failure) 457M->281M(639M) 5.084ms
[605.541s][info][gc] GC(9680) Pause Young (Allocation Failure) 457M->285M(639M) 5.767ms
[605.588s][info][gc] GC(9681) Pause Young (Allocation Failure) 462M->285M(639M) 5.653ms
[605.634s][info][gc] GC(9682) Pause Young (Allocation Failure) 462M->287M(639M) 3.916ms
[605.688s][info][gc] GC(9683) Pause Young (Allocation Failure) 463M->290M(639M) 4.997ms
[605.741s][info][gc] GC(9684) Pause Young (Allocation Failure) 466M->292M(639M) 6.019ms
[605.792s][info][gc] GC(9685) Pause Young (Allocation Failure) 469M->294M(639M) 6.140ms
[605.843s][info][gc] GC(9686) Pause Young (Allocation Failure) 471M->294M(639M) 4.805ms
[605.896s][info][gc] GC(9687) Pause Young (Allocation Failure) 470M->297M(639M) 5.473ms
[605.947s][info][gc] GC(9688) Pause Young (Allocation Failure) 474M->299M(639M) 5.751ms
[605.995s][info][gc] GC(9689) Pause Young (Allocation Failure) 475M->299M(639M) 4.861ms
[606.048s][info][gc] GC(9690) Pause Young (Allocation Failure) 476M->303M(639M) 5.510ms
[606.101s][info][gc] GC(9691) Pause Young (Allocation Failure) 479M->303M(639M) 5.637ms
[606.150s][info][gc] GC(9692) Pause Young (Allocation Failure) 480M->305M(639M) 5.275ms
[606.202s][info][gc] GC(9693) Pause Young (Allocation Failure) 482M->307M(639M) 5.349ms
[606.245s][info][gc] GC(9694) Pause Young (Allocation Failure) 483M->307M(639M) 4.867ms
[606.301s][info][gc] GC(9695) Pause Young (Allocation Failure) 484M->311M(639M) 5.419ms
[606.348s][info][gc] GC(9696) Pause Young (Allocation Failure) 487M->311M(639M) 5.275ms
[606.414s][info][gc] GC(9697) Pause Young (Allocation Failure) 487M->309M(639M) 3.353ms
[606.502s][info][gc] GC(9698) Pause Young (Allocation Failure) 486M->310M(639M) 3.477ms
[606.651s][info][gc] GC(9699) Pause Young (Allocation Failure) 487M->313M(639M) 4.668ms
[606.766s][info][gc] GC(9700) Pause Young (Allocation Failure) 490M->315M(639M) 5.219ms
[606.895s][info][gc] GC(9701) Pause Young (Allocation Failure) 491M->316M(639M) 4.918ms
[607.007s][info][gc] GC(9702) Pause Young (Allocation Failure) 493M->317M(639M) 4.748ms
[607.123s][info][gc] GC(9703) Pause Young (Allocation Failure) 494M->319M(639M) 4.359ms
[607.244s][info][gc] GC(9704) Pause Young (Allocation Failure) 495M->320M(639M) 4.668ms
[607.360s][info][gc] GC(9705) Pause Young (Allocation Failure) 497M->322M(639M) 4.800ms
[607.475s][info][gc] GC(9706) Pause Young (Allocation Failure) 498M->323M(639M) 4.180ms
[607.594s][info][gc] GC(9707) Pause Young (Allocation Failure) 499M->324M(639M) 4.348ms
[607.722s][info][gc] GC(9708) Pause Young (Allocation Failure) 500M->326M(639M) 4.684ms
[607.838s][info][gc] GC(9709) Pause Young (Allocation Failure) 502M->327M(639M) 4.676ms
[607.952s][info][gc] GC(9710) Pause Young (Allocation Failure) 503M->328M(639M) 4.657ms
[608.072s][info][gc] GC(9711) Pause Young (Allocation Failure) 505M->329M(639M) 4.513ms
[608.188s][info][gc] GC(9712) Pause Young (Allocation Failure) 506M->331M(639M) 4.533ms
[608.309s][info][gc] GC(9713) Pause Young (Allocation Failure) 507M->332M(639M) 4.660ms
[608.424s][info][gc] GC(9714) Pause Young (Allocation Failure) 509M->333M(639M) 4.378ms
[608.544s][info][gc] GC(9715) Pause Young (Allocation Failure) 510M->334M(639M) 4.285ms
[608.663s][info][gc] GC(9716) Pause Young (Allocation Failure) 511M->336M(639M) 4.552ms
[608.780s][info][gc] GC(9717) Pause Young (Allocation Failure) 513M->337M(639M) 4.412ms
[608.906s][info][gc] GC(9718) Pause Young (Allocation Failure) 514M->340M(639M) 4.759ms
[609.017s][info][gc] GC(9719) Pause Young (Allocation Failure) 516M->340M(639M) 4.685ms
[609.135s][info][gc] GC(9720) Pause Young (Allocation Failure) 517M->341M(639M) 4.491ms
[609.250s][info][gc] GC(9721) Pause Young (Allocation Failure) 518M->343M(639M) 4.624ms
[609.370s][info][gc] GC(9722) Pause Young (Allocation Failure) 520M->344M(639M) 4.376ms
[609.491s][info][gc] GC(9723) Pause Young (Allocation Failure) 520M->346M(639M) 4.574ms
[609.612s][info][gc] GC(9724) Pause Young (Allocation Failure) 522M->347M(639M) 4.548ms
[609.732s][info][gc] GC(9725) Pause Young (Allocation Failure) 524M->349M(639M) 4.763ms
[609.848s][info][gc] GC(9726) Pause Young (Allocation Failure) 525M->350M(639M) 4.530ms
[609.970s][info][gc] GC(9727) Pause Young (Allocation Failure) 526M->351M(639M) 4.685ms
[610.086s][info][gc] GC(9728) Pause Young (Allocation Failure) 528M->352M(639M) 4.884ms
[610.210s][info][gc] GC(9729) Pause Young (Allocation Failure) 529M->353M(639M) 4.433ms
[610.332s][info][gc] GC(9730) Pause Young (Allocation Failure) 530M->355M(639M) 4.428ms
[610.456s][info][gc] GC(9731) Pause Young (Allocation Failure) 531M->356M(639M) 4.943ms
[610.580s][info][gc] GC(9732) Pause Young (Allocation Failure) 533M->358M(639M) 4.882ms
[610.693s][info][gc] GC(9733) Pause Young (Allocation Failure) 535M->359M(639M) 4.610ms
[610.811s][info][gc] GC(9734) Pause Young (Allocation Failure) 536M->361M(639M) 4.700ms
[610.928s][info][gc] GC(9735) Pause Young (Allocation Failure) 537M->362M(639M) 4.719ms
[611.045s][info][gc] GC(9736) Pause Young (Allocation Failure) 538M->362M(639M) 4.294ms
[611.174s][info][gc] GC(9737) Pause Young (Allocation Failure) 539M->365M(639M) 4.632ms
[611.288s][info][gc] GC(9738) Pause Young (Allocation Failure) 542M->366M(639M) 5.180ms
[611.407s][info][gc] GC(9739) Pause Young (Allocation Failure) 542M->368M(639M) 4.815ms
[611.523s][info][gc] GC(9740) Pause Young (Allocation Failure) 544M->369M(639M) 4.631ms
[611.641s][info][gc] GC(9741) Pause Young (Allocation Failure) 545M->370M(639M) 4.747ms
[611.756s][info][gc] GC(9742) Pause Young (Allocation Failure) 547M->371M(639M) 4.686ms
[612.052s][info][gc] GC(9743) Pause Young (Allocation Failure) 548M->371M(639M) 4.000ms
[612.399s][info][gc] GC(9744) Pause Young (Allocation Failure) 547M->373M(639M) 4.105ms
[612.744s][info][gc] GC(9745) Pause Young (Allocation Failure) 549M->374M(639M) 4.733ms
[613.073s][info][gc] GC(9746) Pause Young (Allocation Failure) 551M->375M(639M) 4.430ms
[613.411s][info][gc] GC(9747) Pause Young (Allocation Failure) 552M->377M(639M) 4.515ms
[613.752s][info][gc] GC(9748) Pause Young (Allocation Failure) 553M->378M(639M) 4.556ms
[614.086s][info][gc] GC(9749) Pause Young (Allocation Failure) 555M->379M(639M) 4.483ms
[614.426s][info][gc] GC(9750) Pause Young (Allocation Failure) 556M->381M(639M) 4.529ms
[614.754s][info][gc] GC(9751) Pause Young (Allocation Failure) 557M->382M(639M) 4.466ms
[615.109s][info][gc] GC(9752) Pause Young (Allocation Failure) 559M->383M(639M) 4.509ms
[615.454s][info][gc] GC(9753) Pause Young (Allocation Failure) 560M->385M(639M) 4.518ms
[615.797s][info][gc] GC(9754) Pause Young (Allocation Failure) 561M->386M(639M) 4.453ms
[616.128s][info][gc] GC(9755) Pause Young (Allocation Failure) 563M->388M(639M) 4.443ms
[616.454s][info][gc] GC(9756) Pause Young (Allocation Failure) 564M->389M(639M) 4.456ms
[616.796s][info][gc] GC(9757) Pause Young (Allocation Failure) 565M->395M(639M) 6.590ms
[616.860s][info][gc] GC(9758) Pause Young (Allocation Failure) 572M->397M(639M) 6.734ms
[616.937s][info][gc] GC(9759) Pause Young (Allocation Failure) 573M->398M(639M) 5.295ms
[617.003s][info][gc] GC(9760) Pause Young (Allocation Failure) 574M->400M(639M) 4.812ms
[617.075s][info][gc] GC(9761) Pause Young (Allocation Failure) 576M->401M(639M) 5.066ms
[617.140s][info][gc] GC(9762) Pause Young (Allocation Failure) 577M->401M(639M) 3.921ms
[617.210s][info][gc] GC(9763) Pause Young (Allocation Failure) 577M->403M(639M) 4.693ms
[617.284s][info][gc] GC(9764) Pause Young (Allocation Failure) 580M->404M(639M) 5.280ms
[617.346s][info][gc] GC(9765) Pause Young (Allocation Failure) 581M->405M(639M) 4.348ms
[617.420s][info][gc] GC(9766) Pause Young (Allocation Failure) 582M->407M(639M) 5.230ms
[617.485s][info][gc] GC(9767) Pause Young (Allocation Failure) 583M->408M(639M) 5.122ms
[617.559s][info][gc] GC(9768) Pause Young (Allocation Failure) 585M->410M(639M) 5.501ms
[617.623s][info][gc] GC(9769) Pause Young (Allocation Failure) 586M->410M(639M) 4.490ms
[617.692s][info][gc] GC(9770) Pause Young (Allocation Failure) 587M->412M(639M) 4.635ms
[617.761s][info][gc] GC(9771) Pause Young (Allocation Failure) 589M->412M(639M) 4.694ms
[617.829s][info][gc] GC(9772) Pause Young (Allocation Failure) 589M->414M(639M) 4.442ms
[617.904s][info][gc] GC(9773) Pause Young (Allocation Failure) 591M->417M(639M) 5.475ms
[617.966s][info][gc] GC(9774) Pause Young (Allocation Failure) 593M->417M(639M) 4.973ms
[618.038s][info][gc] GC(9775) Pause Young (Allocation Failure) 594M->419M(639M) 4.678ms
[618.105s][info][gc] GC(9776) Pause Young (Allocation Failure) 596M->420M(639M) 5.021ms
[618.173s][info][gc] GC(9777) Pause Young (Allocation Failure) 596M->422M(639M) 4.541ms
[618.240s][info][gc] GC(9778) Pause Young (Allocation Failure) 598M->422M(639M) 4.704ms
[618.311s][info][gc] GC(9779) Pause Young (Allocation Failure) 599M->425M(639M) 5.243ms
[618.384s][info][gc] GC(9780) Pause Young (Allocation Failure) 601M->426M(639M) 5.314ms
[618.449s][info][gc] GC(9781) Pause Young (Allocation Failure) 602M->427M(639M) 4.684ms
[618.521s][info][gc] GC(9782) Pause Young (Allocation Failure) 603M->429M(639M) 4.625ms
[618.589s][info][gc] GC(9783) Pause Young (Allocation Failure) 605M->429M(639M) 4.992ms
[618.664s][info][gc] GC(9784) Pause Young (Allocation Failure) 606M->431M(639M) 4.604ms
[618.736s][info][gc] GC(9785) Pause Young (Allocation Failure) 608M->431M(639M) 4.638ms
[618.905s][info][gc] GC(9786) Pause Young (Allocation Failure) 607M->430M(639M) 2.926ms
[619.025s][info][gc] GC(9787) Pause Young (Allocation Failure) 606M->436M(639M) 5.217ms
[619.098s][info][gc] GC(9788) Pause Young (Allocation Failure) 612M->437M(639M) 5.859ms
[619.165s][info][gc] GC(9789) Pause Young (Allocation Failure) 613M->439M(639M) 5.205ms
[619.237s][info][gc] GC(9790) Pause Young (Allocation Failure) 616M->440M(639M) 5.430ms
[619.297s][info][gc] GC(9791) Pause Young (Allocation Failure) 617M->441M(639M) 4.310ms
[619.370s][info][gc] GC(9792) Pause Young (Allocation Failure) 618M->443M(639M) 5.217ms
[619.431s][info][gc] GC(9793) Pause Young (Allocation Failure) 619M->444M(639M) 4.501ms
[619.506s][info][gc] GC(9794) Pause Young (Allocation Failure) 620M->446M(639M) 4.810ms
[619.573s][info][gc] GC(9795) Pause Young (Allocation Failure) 622M->445M(639M) 4.803ms
[619.641s][info][gc] GC(9796) Pause Young (Allocation Failure) 622M->449M(639M) 4.795ms
[619.712s][info][gc] GC(9797) Pause Young (Allocation Failure) 625M->449M(639M) 5.210ms
[619.776s][info][gc] GC(9798) Pause Young (Allocation Failure) 626M->450M(639M) 4.129ms
[619.850s][info][gc] GC(9799) Pause Young (Allocation Failure) 626M->452M(639M) 5.335ms
[619.917s][info][gc] GC(9800) Pause Young (Allocation Failure) 629M->454M(641M) 5.461ms
[619.975s][info][gc] GC(9801) Pause Full (Allocation Failure) 454M->58M(639M) 57.962ms
[620.047s][info][gc] GC(9802) Pause Young (Allocation Failure) 235M->63M(639M) 2.501ms
[620.112s][info][gc] GC(9803) Pause Young (Allocation Failure) 239M->64M(639M) 2.712ms
[620.182s][info][gc] GC(9804) Pause Young (Allocation Failure) 240M->66M(639M) 3.154ms
[620.256s][info][gc] GC(9805) Pause Young (Allocation Failure) 242M->68M(639M) 4.178ms
[620.319s][info][gc] GC(9806) Pause Young (Allocation Failure) 245M->69M(639M) 4.110ms
[620.394s][info][gc] GC(9807) Pause Young (Allocation Failure) 245M->71M(639M) 4.967ms
[620.460s][info][gc] GC(9808) Pause Young (Allocation Failure) 247M->72M(639M) 5.013ms
[620.531s][info][gc] GC(9809) Pause Young (Allocation Failure) 248M->73M(639M) 4.783ms
[620.594s][info][gc] GC(9810) Pause Young (Allocation Failure) 250M->73M(639M) 4.126ms
[620.666s][info][gc] GC(9811) Pause Young (Allocation Failure) 250M->75M(639M) 4.496ms
[620.734s][info][gc] GC(9812) Pause Young (Allocation Failure) 252M->77M(639M) 5.024ms
[620.801s][info][gc] GC(9813) Pause Young (Allocation Failure) 254M->78M(639M) 4.736ms
[620.873s][info][gc] GC(9814) Pause Young (Allocation Failure) 254M->80M(639M) 5.073ms
[620.939s][info][gc] GC(9815) Pause Young (Allocation Failure) 256M->81M(639M) 5.106ms
[621.017s][info][gc] GC(9816) Pause Young (Allocation Failure) 258M->81M(639M) 4.301ms
[621.218s][info][gc] GC(9817) Pause Young (Allocation Failure) 258M->84M(639M) 4.846ms
[621.281s][info][gc] GC(9818) Pause Young (Allocation Failure) 261M->86M(639M) 5.157ms
[621.352s][info][gc] GC(9819) Pause Young (Allocation Failure) 262M->87M(639M) 5.002ms
[621.416s][info][gc] GC(9820) Pause Young (Allocation Failure) 264M->87M(639M) 4.245ms
[621.488s][info][gc] GC(9821) Pause Young (Allocation Failure) 263M->90M(639M) 5.035ms
[621.563s][info][gc] GC(9822) Pause Young (Allocation Failure) 267M->92M(639M) 5.545ms
[621.624s][info][gc] GC(9823) Pause Young (Allocation Failure) 269M->93M(639M) 4.534ms
[621.695s][info][gc] GC(9824) Pause Young (Allocation Failure) 269M->94M(639M) 4.828ms
[621.758s][info][gc] GC(9825) Pause Young (Allocation Failure) 271M->96M(639M) 4.598ms
[621.830s][info][gc] GC(9826) Pause Young (Allocation Failure) 272M->97M(639M) 4.720ms
[621.894s][info][gc] GC(9827) Pause Young (Allocation Failure) 273M->98M(639M) 4.413ms
[621.967s][info][gc] GC(9828) Pause Young (Allocation Failure) 274M->100M(639M) 4.927ms
[622.034s][info][gc] GC(9829) Pause Young (Allocation Failure) 277M->100M(639M) 4.878ms
[622.099s][info][gc] GC(9830) Pause Young (Allocation Failure) 277M->101M(639M) 4.172ms
[622.179s][info][gc] GC(9831) Pause Young (Allocation Failure) 278M->103M(639M) 5.172ms
[622.262s][info][gc] GC(9832) Pause Young (Allocation Failure) 280M->105M(639M) 5.161ms
[622.342s][info][gc] GC(9833) Pause Young (Allocation Failure) 282M->106M(639M) 5.237ms
[622.402s][info][gc] GC(9834) Pause Young (Allocation Failure) 283M->107M(639M) 4.404ms
[622.473s][info][gc] GC(9835) Pause Young (Allocation Failure) 283M->109M(639M) 4.621ms
[622.544s][info][gc] GC(9836) Pause Young (Allocation Failure) 285M->110M(639M) 4.794ms
[622.608s][info][gc] GC(9837) Pause Young (Allocation Failure) 286M->112M(639M) 4.467ms
[622.682s][info][gc] GC(9838) Pause Young (Allocation Failure) 288M->113M(639M) 5.300ms
[622.744s][info][gc] GC(9839) Pause Young (Allocation Failure) 290M->114M(639M) 4.209ms
[622.818s][info][gc] GC(9840) Pause Young (Allocation Failure) 290M->115M(639M) 4.751ms
[622.887s][info][gc] GC(9841) Pause Young (Allocation Failure) 292M->117M(639M) 5.266ms
[622.958s][info][gc] GC(9842) Pause Young (Allocation Failure) 294M->119M(639M) 5.217ms
[623.027s][info][gc] GC(9843) Pause Young (Allocation Failure) 295M->119M(639M) 4.561ms
[623.097s][info][gc] GC(9844) Pause Young (Allocation Failure) 296M->121M(639M) 4.620ms
[623.167s][info][gc] GC(9845) Pause Young (Allocation Failure) 298M->121M(639M) 4.645ms
[623.383s][info][gc] GC(9846) Pause Young (Allocation Failure) 297M->124M(639M) 4.855ms
[623.449s][info][gc] GC(9847) Pause Young (Allocation Failure) 301M->126M(639M) 5.608ms
[623.524s][info][gc] GC(9848) Pause Young (Allocation Failure) 303M->127M(639M) 5.028ms
[623.585s][info][gc] GC(9849) Pause Young (Allocation Failure) 304M->128M(639M) 4.379ms
[623.664s][info][gc] GC(9850) Pause Young (Allocation Failure) 304M->130M(639M) 4.885ms
[623.729s][info][gc] GC(9851) Pause Young (Allocation Failure) 306M->130M(639M) 4.943ms
[623.801s][info][gc] GC(9852) Pause Young (Allocation Failure) 307M->133M(639M) 4.690ms
[623.871s][info][gc] GC(9853) Pause Young (Allocation Failure) 309M->133M(639M) 4.926ms
[623.937s][info][gc] GC(9854) Pause Young (Allocation Failure) 310M->135M(639M) 4.411ms
[624.008s][info][gc] GC(9855) Pause Young (Allocation Failure) 311M->136M(639M) 5.016ms
[624.074s][info][gc] GC(9856) Pause Young (Allocation Failure) 313M->137M(639M) 4.756ms
[624.144s][info][gc] GC(9857) Pause Young (Allocation Failure) 314M->139M(639M) 5.133ms
[624.209s][info][gc] GC(9858) Pause Young (Allocation Failure) 316M->140M(639M) 4.792ms
[624.278s][info][gc] GC(9859) Pause Young (Allocation Failure) 317M->142M(639M) 4.634ms
[624.348s][info][gc] GC(9860) Pause Young (Allocation Failure) 319M->142M(639M) 4.823ms
[624.414s][info][gc] GC(9861) Pause Young (Allocation Failure) 319M->145M(639M) 4.450ms
[624.486s][info][gc] GC(9862) Pause Young (Allocation Failure) 321M->146M(639M) 5.316ms
[624.549s][info][gc] GC(9863) Pause Young (Allocation Failure) 323M->147M(639M) 4.317ms
[624.620s][info][gc] GC(9864) Pause Young (Allocation Failure) 323M->149M(639M) 4.505ms
[624.685s][info][gc] GC(9865) Pause Young (Allocation Failure) 325M->149M(639M) 4.700ms
[624.756s][info][gc] GC(9866) Pause Young (Allocation Failure) 326M->152M(639M) 4.899ms
[624.826s][info][gc] GC(9867) Pause Young (Allocation Failure) 328M->152M(639M) 4.809ms
[624.894s][info][gc] GC(9868) Pause Young (Allocation Failure) 328M->154M(639M) 4.380ms
[624.971s][info][gc] GC(9869) Pause Young (Allocation Failure) 330M->155M(639M) 5.122ms
[625.037s][info][gc] GC(9870) Pause Young (Allocation Failure) 332M->157M(639M) 4.889ms
[625.114s][info][gc] GC(9871) Pause Young (Allocation Failure) 333M->158M(639M) 4.835ms
[625.183s][info][gc] GC(9872) Pause Young (Allocation Failure) 335M->159M(639M) 4.869ms
[625.252s][info][gc] GC(9873) Pause Young (Allocation Failure) 335M->161M(639M) 4.949ms
[625.326s][info][gc] GC(9874) Pause Young (Allocation Failure) 337M->161M(639M) 4.805ms
[625.533s][info][gc] GC(9875) Pause Young (Allocation Failure) 337M->162M(639M) 3.940ms
[625.603s][info][gc] GC(9876) Pause Young (Allocation Failure) 338M->165M(639M) 5.171ms
[625.674s][info][gc] GC(9877) Pause Young (Allocation Failure) 342M->166M(639M) 5.717ms
[625.742s][info][gc] GC(9878) Pause Young (Allocation Failure) 343M->169M(639M) 4.967ms
[625.813s][info][gc] GC(9879) Pause Young (Allocation Failure) 345M->170M(639M) 5.086ms
[625.875s][info][gc] GC(9880) Pause Young (Allocation Failure) 346M->170M(639M) 4.488ms
[625.949s][info][gc] GC(9881) Pause Young (Allocation Failure) 347M->173M(639M) 4.798ms
[626.010s][info][gc] GC(9882) Pause Young (Allocation Failure) 349M->172M(639M) 4.493ms
[626.084s][info][gc] GC(9883) Pause Young (Allocation Failure) 349M->175M(639M) 4.786ms
[626.155s][info][gc] GC(9884) Pause Young (Allocation Failure) 352M->176M(639M) 5.024ms
[626.220s][info][gc] GC(9885) Pause Young (Allocation Failure) 353M->178M(639M) 4.611ms
[626.290s][info][gc] GC(9886) Pause Young (Allocation Failure) 354M->179M(639M) 5.102ms
[626.353s][info][gc] GC(9887) Pause Young (Allocation Failure) 355M->180M(639M) 4.687ms
[626.426s][info][gc] GC(9888) Pause Young (Allocation Failure) 357M->182M(639M) 4.791ms
[626.489s][info][gc] GC(9889) Pause Young (Allocation Failure) 358M->182M(639M) 4.165ms
[626.561s][info][gc] GC(9890) Pause Young (Allocation Failure) 359M->185M(639M) 4.777ms
[626.628s][info][gc] GC(9891) Pause Young (Allocation Failure) 361M->185M(639M) 4.868ms
[626.697s][info][gc] GC(9892) Pause Young (Allocation Failure) 361M->187M(639M) 4.492ms
[626.769s][info][gc] GC(9893) Pause Young (Allocation Failure) 364M->188M(639M) 5.087ms
[626.833s][info][gc] GC(9894) Pause Young (Allocation Failure) 365M->190M(639M) 4.625ms
[626.904s][info][gc] GC(9895) Pause Young (Allocation Failure) 366M->191M(639M) 4.739ms
[626.967s][info][gc] GC(9896) Pause Young (Allocation Failure) 368M->191M(639M) 4.330ms
[627.038s][info][gc] GC(9897) Pause Young (Allocation Failure) 368M->193M(639M) 4.493ms
[627.109s][info][gc] GC(9898) Pause Young (Allocation Failure) 370M->195M(639M) 4.854ms
[627.177s][info][gc] GC(9899) Pause Young (Allocation Failure) 371M->197M(639M) 5.059ms
[627.245s][info][gc] GC(9900) Pause Young (Allocation Failure) 373M->197M(639M) 4.997ms
[627.311s][info][gc] GC(9901) Pause Young (Allocation Failure) 374M->199M(639M) 4.556ms
[627.381s][info][gc] GC(9902) Pause Young (Allocation Failure) 376M->200M(639M) 4.817ms
[627.449s][info][gc] GC(9903) Pause Young (Allocation Failure) 376M->201M(639M) 4.267ms
[627.541s][info][gc] GC(9904) Pause Young (Allocation Failure) 378M->200M(639M) 3.923ms
[627.734s][info][gc] GC(9905) Pause Young (Allocation Failure) 377M->205M(639M) 5.535ms
[627.807s][info][gc] GC(9906) Pause Young (Allocation Failure) 382M->205M(639M) 5.251ms
[627.874s][info][gc] GC(9907) Pause Young (Allocation Failure) 382M->208M(639M) 4.844ms
[627.945s][info][gc] GC(9908) Pause Young (Allocation Failure) 385M->209M(639M) 5.344ms
[628.012s][info][gc] GC(9909) Pause Young (Allocation Failure) 386M->210M(639M) 4.471ms
[628.089s][info][gc] GC(9910) Pause Young (Allocation Failure) 386M->212M(639M) 4.778ms
[628.162s][info][gc] GC(9911) Pause Young (Allocation Failure) 388M->213M(639M) 5.745ms
[628.231s][info][gc] GC(9912) Pause Young (Allocation Failure) 390M->214M(639M) 4.935ms
[628.302s][info][gc] GC(9913) Pause Young (Allocation Failure) 391M->216M(639M) 4.659ms
[628.369s][info][gc] GC(9914) Pause Young (Allocation Failure) 392M->217M(639M) 5.315ms
[628.444s][info][gc] GC(9915) Pause Young (Allocation Failure) 394M->219M(639M) 5.080ms
[628.509s][info][gc] GC(9916) Pause Young (Allocation Failure) 395M->219M(639M) 4.146ms
[628.580s][info][gc] GC(9917) Pause Young (Allocation Failure) 395M->221M(639M) 4.510ms
[628.643s][info][gc] GC(9918) Pause Young (Allocation Failure) 398M->222M(639M) 4.676ms
[628.714s][info][gc] GC(9919) Pause Young (Allocation Failure) 398M->224M(639M) 5.016ms
[628.783s][info][gc] GC(9920) Pause Young (Allocation Failure) 400M->225M(639M) 5.124ms
[628.850s][info][gc] GC(9921) Pause Young (Allocation Failure) 402M->227M(639M) 5.330ms
[628.925s][info][gc] GC(9922) Pause Young (Allocation Failure) 404M->228M(639M) 4.731ms
[628.990s][info][gc] GC(9923) Pause Young (Allocation Failure) 405M->229M(639M) 5.153ms
[629.063s][info][gc] GC(9924) Pause Young (Allocation Failure) 406M->231M(639M) 4.886ms
[629.129s][info][gc] GC(9925) Pause Young (Allocation Failure) 408M->231M(639M) 4.693ms
[629.198s][info][gc] GC(9926) Pause Young (Allocation Failure) 408M->233M(639M) 4.509ms
[629.271s][info][gc] GC(9927) Pause Young (Allocation Failure) 410M->235M(639M) 5.010ms
[629.335s][info][gc] GC(9928) Pause Young (Allocation Failure) 411M->236M(639M) 4.976ms
[629.406s][info][gc] GC(9929) Pause Young (Allocation Failure) 413M->237M(639M) 4.584ms
[629.470s][info][gc] GC(9930) Pause Young (Allocation Failure) 414M->238M(639M) 4.313ms
[629.542s][info][gc] GC(9931) Pause Young (Allocation Failure) 415M->240M(639M) 5.128ms
[629.607s][info][gc] GC(9932) Pause Young (Allocation Failure) 417M->241M(639M) 4.829ms
[629.685s][info][gc] GC(9933) Pause Young (Allocation Failure) 418M->241M(639M) 4.118ms
[629.889s][info][gc] GC(9934) Pause Young (Allocation Failure) 418M->245M(639M) 5.689ms
[629.954s][info][gc] GC(9935) Pause Young (Allocation Failure) 422M->246M(639M) 5.765ms
[630.030s][info][gc] GC(9936) Pause Young (Allocation Failure) 423M->248M(639M) 5.273ms
[630.098s][info][gc] GC(9937) Pause Young (Allocation Failure) 424M->247M(639M) 4.221ms
[630.168s][info][gc] GC(9938) Pause Young (Allocation Failure) 424M->250M(639M) 4.864ms
[630.245s][info][gc] GC(9939) Pause Young (Allocation Failure) 427M->252M(639M) 5.640ms
[630.309s][info][gc] GC(9940) Pause Young (Allocation Failure) 429M->253M(639M) 4.708ms
[630.384s][info][gc] GC(9941) Pause Young (Allocation Failure) 430M->255M(639M) 5.014ms
[630.450s][info][gc] GC(9942) Pause Young (Allocation Failure) 431M->255M(639M) 4.556ms
[630.522s][info][gc] GC(9943) Pause Young (Allocation Failure) 432M->257M(639M) 4.743ms
[630.586s][info][gc] GC(9944) Pause Young (Allocation Failure) 434M->257M(639M) 4.538ms
[630.656s][info][gc] GC(9945) Pause Young (Allocation Failure) 433M->260M(639M) 4.578ms
[630.728s][info][gc] GC(9946) Pause Young (Allocation Failure) 436M->261M(639M) 5.026ms
[630.793s][info][gc] GC(9947) Pause Young (Allocation Failure) 437M->262M(639M) 4.475ms
[630.864s][info][gc] GC(9948) Pause Young (Allocation Failure) 439M->264M(639M) 5.206ms
[630.927s][info][gc] GC(9949) Pause Young (Allocation Failure) 441M->265M(639M) 4.895ms
[630.997s][info][gc] GC(9950) Pause Young (Allocation Failure) 441M->266M(639M) 4.581ms
[631.063s][info][gc] GC(9951) Pause Young (Allocation Failure) 443M->267M(639M) 4.836ms
[631.133s][info][gc] GC(9952) Pause Young (Allocation Failure) 444M->270M(639M) 4.661ms
[631.200s][info][gc] GC(9953) Pause Young (Allocation Failure) 446M->270M(639M) 5.012ms
[631.266s][info][gc] GC(9954) Pause Young (Allocation Failure) 447M->272M(639M) 4.419ms
[631.338s][info][gc] GC(9955) Pause Young (Allocation Failure) 448M->273M(639M) 4.839ms
[631.400s][info][gc] GC(9956) Pause Young (Allocation Failure) 449M->274M(639M) 4.544ms
[631.474s][info][gc] GC(9957) Pause Young (Allocation Failure) 450M->276M(639M) 5.158ms
[631.543s][info][gc] GC(9958) Pause Young (Allocation Failure) 453M->277M(639M) 4.964ms
[631.609s][info][gc] GC(9959) Pause Young (Allocation Failure) 454M->279M(639M) 4.541ms
[631.676s][info][gc] GC(9960) Pause Young (Allocation Failure) 455M->279M(639M) 4.835ms
[631.743s][info][gc] GC(9961) Pause Young (Allocation Failure) 456M->281M(639M) 4.641ms
[631.818s][info][gc] GC(9962) Pause Young (Allocation Failure) 458M->281M(639M) 4.775ms
[632.009s][info][gc] GC(9963) Pause Young (Allocation Failure) 458M->285M(639M) 4.841ms
[632.073s][info][gc] GC(9964) Pause Young (Allocation Failure) 461M->286M(639M) 5.275ms
[632.144s][info][gc] GC(9965) Pause Young (Allocation Failure) 463M->288M(639M) 5.042ms
[632.207s][info][gc] GC(9966) Pause Young (Allocation Failure) 464M->288M(639M) 4.700ms
[632.282s][info][gc] GC(9967) Pause Young (Allocation Failure) 465M->290M(639M) 5.110ms
[632.348s][info][gc] GC(9968) Pause Young (Allocation Failure) 467M->291M(639M) 4.663ms
[632.416s][info][gc] GC(9969) Pause Young (Allocation Failure) 467M->293M(639M) 4.619ms
[632.486s][info][gc] GC(9970) Pause Young (Allocation Failure) 470M->294M(639M) 5.114ms
[632.551s][info][gc] GC(9971) Pause Young (Allocation Failure) 471M->295M(639M) 4.516ms
[632.622s][info][gc] GC(9972) Pause Young (Allocation Failure) 472M->297M(639M) 5.148ms
[632.684s][info][gc] GC(9973) Pause Young (Allocation Failure) 474M->298M(639M) 4.899ms
[632.756s][info][gc] GC(9974) Pause Young (Allocation Failure) 474M->300M(639M) 4.725ms
[632.833s][info][gc] GC(9975) Pause Young (Allocation Failure) 476M->301M(639M) 5.352ms
[632.898s][info][gc] GC(9976) Pause Young (Allocation Failure) 478M->303M(639M) 4.711ms
[632.964s][info][gc] GC(9977) Pause Young (Allocation Failure) 479M->303M(639M) 4.409ms
[633.031s][info][gc] GC(9978) Pause Young (Allocation Failure) 479M->305M(639M) 4.630ms
[633.105s][info][gc] GC(9979) Pause Young (Allocation Failure) 481M->306M(639M) 5.107ms
[633.165s][info][gc] GC(9980) Pause Young (Allocation Failure) 483M->306M(639M) 4.331ms
[633.237s][info][gc] GC(9981) Pause Young (Allocation Failure) 482M->309M(639M) 4.822ms
[633.304s][info][gc] GC(9982) Pause Young (Allocation Failure) 486M->309M(639M) 4.672ms
[633.373s][info][gc] GC(9983) Pause Young (Allocation Failure) 486M->312M(639M) 4.669ms
[633.445s][info][gc] GC(9984) Pause Young (Allocation Failure) 488M->313M(639M) 5.033ms
[633.508s][info][gc] GC(9985) Pause Young (Allocation Failure) 489M->313M(639M) 4.290ms
[633.585s][info][gc] GC(9986) Pause Young (Allocation Failure) 490M->316M(639M) 4.857ms
[633.649s][info][gc] GC(9987) Pause Young (Allocation Failure) 492M->317M(639M) 5.185ms
[633.719s][info][gc] GC(9988) Pause Young (Allocation Failure) 493M->318M(639M) 4.541ms
[633.789s][info][gc] GC(9989) Pause Young (Allocation Failure) 494M->320M(639M) 5.172ms
[633.857s][info][gc] GC(9990) Pause Young (Allocation Failure) 496M->321M(639M) 5.262ms
[633.926s][info][gc] GC(9991) Pause Young (Allocation Failure) 498M->321M(639M) 4.444ms
[634.143s][info][gc] GC(9992) Pause Young (Allocation Failure) 498M->325M(639M) 4.975ms
[634.220s][info][gc] GC(9993) Pause Young (Allocation Failure) 501M->332M(639M) 7.533ms
[634.278s][info][gc] GC(9994) Pause Young (Allocation Failure) 509M->333M(639M) 6.471ms
[634.350s][info][gc] GC(9995) Pause Young (Allocation Failure) 509M->335M(639M) 4.255ms
[634.404s][info][gc] GC(9996) Pause Young (Allocation Failure) 511M->336M(639M) 4.147ms
[634.474s][info][gc] GC(9997) Pause Young (Allocation Failure) 512M->337M(639M) 4.656ms
[634.531s][info][gc] GC(9998) Pause Young (Allocation Failure) 513M->338M(639M) 4.969ms
[634.599s][info][gc] GC(9999) Pause Young (Allocation Failure) 514M->339M(639M) 4.810ms
[634.657s][info][gc] GC(10000) Pause Young (Allocation Failure) 516M->341M(639M) 4.850ms
[634.727s][info][gc] GC(10001) Pause Young (Allocation Failure) 518M->342M(639M) 4.976ms
[634.784s][info][gc] GC(10002) Pause Young (Allocation Failure) 519M->343M(639M) 4.821ms
[634.856s][info][gc] GC(10003) Pause Young (Allocation Failure) 520M->345M(639M) 4.964ms
[634.915s][info][gc] GC(10004) Pause Young (Allocation Failure) 521M->346M(639M) 4.894ms
[634.986s][info][gc] GC(10005) Pause Young (Allocation Failure) 523M->348M(639M) 5.287ms
[635.045s][info][gc] GC(10006) Pause Young (Allocation Failure) 525M->349M(639M) 5.026ms
[635.117s][info][gc] GC(10007) Pause Young (Allocation Failure) 526M->351M(639M) 5.152ms
[635.175s][info][gc] GC(10008) Pause Young (Allocation Failure) 527M->351M(639M) 4.727ms
[635.242s][info][gc] GC(10009) Pause Young (Allocation Failure) 528M->352M(639M) 4.650ms
[635.305s][info][gc] GC(10010) Pause Young (Allocation Failure) 529M->353M(639M) 4.547ms
[635.373s][info][gc] GC(10011) Pause Young (Allocation Failure) 530M->355M(639M) 4.936ms
[635.437s][info][gc] GC(10012) Pause Young (Allocation Failure) 531M->356M(639M) 4.683ms
[635.504s][info][gc] GC(10013) Pause Young (Allocation Failure) 532M->358M(639M) 5.236ms
[635.565s][info][gc] GC(10014) Pause Young (Allocation Failure) 534M->359M(639M) 5.248ms
[635.629s][info][gc] GC(10015) Pause Young (Allocation Failure) 536M->360M(639M) 4.742ms
[635.690s][info][gc] GC(10016) Pause Young (Allocation Failure) 537M->363M(639M) 4.876ms
[635.755s][info][gc] GC(10017) Pause Young (Allocation Failure) 539M->364M(639M) 5.060ms
[635.813s][info][gc] GC(10018) Pause Young (Allocation Failure) 541M->365M(639M) 4.826ms
[635.880s][info][gc] GC(10019) Pause Young (Allocation Failure) 541M->366M(639M) 4.876ms
[635.940s][info][gc] GC(10020) Pause Young (Allocation Failure) 543M->368M(639M) 4.895ms
[636.009s][info][gc] GC(10021) Pause Young (Allocation Failure) 544M->369M(639M) 5.065ms
[636.069s][info][gc] GC(10022) Pause Young (Allocation Failure) 546M->370M(639M) 4.880ms
[636.133s][info][gc] GC(10023) Pause Young (Allocation Failure) 547M->371M(639M) 4.844ms
[636.195s][info][gc] GC(10024) Pause Young (Allocation Failure) 548M->373M(639M) 4.852ms
[636.257s][info][gc] GC(10025) Pause Young (Allocation Failure) 550M->373M(639M) 4.458ms
[636.318s][info][gc] GC(10026) Pause Young (Allocation Failure) 550M->376M(639M) 4.779ms
[636.385s][info][gc] GC(10027) Pause Young (Allocation Failure) 552M->376M(639M) 5.231ms
[636.446s][info][gc] GC(10028) Pause Young (Allocation Failure) 553M->378M(639M) 4.439ms
[636.512s][info][gc] GC(10029) Pause Young (Allocation Failure) 554M->379M(639M) 5.177ms
[636.573s][info][gc] GC(10030) Pause Young (Allocation Failure) 556M->382M(639M) 5.454ms
[636.639s][info][gc] GC(10031) Pause Young (Allocation Failure) 558M->383M(639M) 5.021ms
[636.699s][info][gc] GC(10032) Pause Young (Allocation Failure) 559M->385M(639M) 4.940ms
[636.765s][info][gc] GC(10033) Pause Young (Allocation Failure) 561M->385M(639M) 4.992ms
[636.827s][info][gc] GC(10034) Pause Young (Allocation Failure) 562M->387M(639M) 5.083ms
[636.892s][info][gc] GC(10035) Pause Young (Allocation Failure) 564M->388M(639M) 5.061ms
[636.953s][info][gc] GC(10036) Pause Young (Allocation Failure) 564M->389M(639M) 4.500ms
[637.017s][info][gc] GC(10037) Pause Young (Allocation Failure) 566M->390M(639M) 4.854ms
[637.078s][info][gc] GC(10038) Pause Young (Allocation Failure) 567M->392M(639M) 5.107ms
[637.139s][info][gc] GC(10039) Pause Young (Allocation Failure) 569M->393M(639M) 4.759ms
[637.201s][info][gc] GC(10040) Pause Young (Allocation Failure) 569M->394M(639M) 4.666ms
[637.267s][info][gc] GC(10041) Pause Young (Allocation Failure) 571M->396M(639M) 5.110ms
[637.328s][info][gc] GC(10042) Pause Young (Allocation Failure) 573M->398M(639M) 5.087ms
[637.393s][info][gc] GC(10043) Pause Young (Allocation Failure) 574M->399M(639M) 5.064ms
[637.456s][info][gc] GC(10044) Pause Young (Allocation Failure) 576M->401M(639M) 5.202ms
[637.520s][info][gc] GC(10045) Pause Young (Allocation Failure) 577M->401M(639M) 5.005ms
[637.582s][info][gc] GC(10046) Pause Young (Allocation Failure) 578M->403M(639M) 4.623ms
[637.646s][info][gc] GC(10047) Pause Young (Allocation Failure) 580M->405M(639M) 5.145ms
[637.708s][info][gc] GC(10048) Pause Young (Allocation Failure) 581M->406M(639M) 4.966ms
[637.769s][info][gc] GC(10049) Pause Young (Allocation Failure) 582M->407M(639M) 4.856ms
[637.832s][info][gc] GC(10050) Pause Young (Allocation Failure) 583M->409M(639M) 5.068ms
[637.894s][info][gc] GC(10051) Pause Young (Allocation Failure) 585M->409M(639M) 4.786ms
[637.960s][info][gc] GC(10052) Pause Young (Allocation Failure) 586M->411M(639M) 5.093ms
[638.019s][info][gc] GC(10053) Pause Young (Allocation Failure) 588M->411M(639M) 4.771ms
[638.087s][info][gc] GC(10054) Pause Young (Allocation Failure) 588M->414M(639M) 4.994ms
[638.147s][info][gc] GC(10055) Pause Young (Allocation Failure) 590M->414M(639M) 4.760ms
[638.211s][info][gc] GC(10056) Pause Young (Allocation Failure) 591M->416M(639M) 4.837ms
[638.277s][info][gc] GC(10057) Pause Young (Allocation Failure) 593M->417M(639M) 4.661ms
[638.341s][info][gc] GC(10058) Pause Young (Allocation Failure) 593M->418M(639M) 4.852ms
[638.411s][info][gc] GC(10059) Pause Young (Allocation Failure) 595M->419M(639M) 4.465ms
[638.481s][info][gc] GC(10060) Pause Young (Allocation Failure) 595M->421M(639M) 4.986ms
[638.547s][info][gc] GC(10061) Pause Young (Allocation Failure) 598M->422M(639M) 5.117ms
[638.614s][info][gc] GC(10062) Pause Young (Allocation Failure) 598M->424M(639M) 4.758ms
[638.680s][info][gc] GC(10063) Pause Young (Allocation Failure) 601M->425M(639M) 5.127ms
[638.750s][info][gc] GC(10064) Pause Young (Allocation Failure) 601M->427M(639M) 5.025ms
[638.813s][info][gc] GC(10065) Pause Young (Allocation Failure) 604M->428M(639M) 5.214ms
[638.879s][info][gc] GC(10066) Pause Young (Allocation Failure) 605M->430M(639M) 5.034ms
[638.938s][info][gc] GC(10067) Pause Young (Allocation Failure) 606M->430M(639M) 4.610ms
[639.006s][info][gc] GC(10068) Pause Young (Allocation Failure) 607M->433M(639M) 5.123ms
[639.066s][info][gc] GC(10069) Pause Young (Allocation Failure) 609M->433M(639M) 4.869ms
[639.129s][info][gc] GC(10070) Pause Young (Allocation Failure) 610M->435M(639M) 4.951ms
[639.193s][info][gc] GC(10071) Pause Young (Allocation Failure) 611M->436M(639M) 4.920ms
[639.258s][info][gc] GC(10072) Pause Young (Allocation Failure) 613M->438M(639M) 4.987ms
[639.320s][info][gc] GC(10073) Pause Young (Allocation Failure) 614M->439M(639M) 4.913ms
[639.386s][info][gc] GC(10074) Pause Young (Allocation Failure) 616M->440M(639M) 5.141ms
[639.449s][info][gc] GC(10075) Pause Young (Allocation Failure) 617M->442M(639M) 4.894ms
[639.514s][info][gc] GC(10076) Pause Young (Allocation Failure) 618M->443M(639M) 4.788ms
[639.572s][info][gc] GC(10077) Pause Young (Allocation Failure) 619M->444M(639M) 4.666ms
[639.639s][info][gc] GC(10078) Pause Young (Allocation Failure) 620M->445M(639M) 4.927ms
[639.697s][info][gc] GC(10079) Pause Young (Allocation Failure) 622M->446M(639M) 4.632ms
[639.759s][info][gc] GC(10080) Pause Young (Allocation Failure) 623M->447M(639M) 4.616ms
[639.830s][info][gc] GC(10081) Pause Young (Allocation Failure) 624M->449M(639M) 5.442ms
[639.897s][info][gc] GC(10082) Pause Young (Allocation Failure) 626M->451M(639M) 5.442ms
[639.968s][info][gc] GC(10083) Pause Young (Allocation Failure) 627M->453M(639M) 5.110ms
[640.084s][info][gc] GC(10084) Pause Full (Allocation Failure) 453M->168M(639M) 115.704ms
[640.143s][info][gc] GC(10085) Pause Young (Allocation Failure) 345M->172M(639M) 2.226ms
[640.209s][info][gc] GC(10086) Pause Young (Allocation Failure) 349M->176M(639M) 3.581ms
[640.273s][info][gc] GC(10087) Pause Young (Allocation Failure) 353M->177M(639M) 3.761ms
[640.339s][info][gc] GC(10088) Pause Young (Allocation Failure) 354M->179M(639M) 4.237ms
[640.403s][info][gc] GC(10089) Pause Young (Allocation Failure) 355M->180M(639M) 4.823ms
[640.468s][info][gc] GC(10090) Pause Young (Allocation Failure) 356M->181M(639M) 4.858ms
[640.533s][info][gc] GC(10091) Pause Young (Allocation Failure) 358M->183M(639M) 5.066ms
[640.598s][info][gc] GC(10092) Pause Young (Allocation Failure) 360M->185M(639M) 5.083ms
[640.658s][info][gc] GC(10093) Pause Young (Allocation Failure) 361M->185M(639M) 4.776ms
[640.721s][info][gc] GC(10094) Pause Young (Allocation Failure) 362M->187M(639M) 4.951ms
[640.783s][info][gc] GC(10095) Pause Young (Allocation Failure) 363M->188M(639M) 4.765ms
[640.850s][info][gc] GC(10096) Pause Young (Allocation Failure) 364M->190M(639M) 5.169ms
[640.909s][info][gc] GC(10097) Pause Young (Allocation Failure) 366M->190M(639M) 4.740ms
[640.973s][info][gc] GC(10098) Pause Young (Allocation Failure) 367M->192M(639M) 4.818ms
[641.039s][info][gc] GC(10099) Pause Young (Allocation Failure) 368M->194M(639M) 5.060ms
[641.102s][info][gc] GC(10100) Pause Young (Allocation Failure) 370M->194M(639M) 4.769ms
[641.163s][info][gc] GC(10101) Pause Young (Allocation Failure) 371M->196M(639M) 4.932ms
[641.222s][info][gc] GC(10102) Pause Young (Allocation Failure) 373M->196M(639M) 4.446ms
[641.287s][info][gc] GC(10103) Pause Young (Allocation Failure) 373M->198M(639M) 4.791ms
[641.350s][info][gc] GC(10104) Pause Young (Allocation Failure) 375M->200M(639M) 5.320ms
[641.414s][info][gc] GC(10105) Pause Young (Allocation Failure) 377M->201M(639M) 4.798ms
[641.476s][info][gc] GC(10106) Pause Young (Allocation Failure) 377M->202M(639M) 4.670ms
[641.542s][info][gc] GC(10107) Pause Young (Allocation Failure) 379M->204M(639M) 4.883ms
[641.604s][info][gc] GC(10108) Pause Young (Allocation Failure) 381M->205M(639M) 4.933ms
[641.670s][info][gc] GC(10109) Pause Young (Allocation Failure) 382M->206M(639M) 4.855ms
[641.731s][info][gc] GC(10110) Pause Young (Allocation Failure) 383M->209M(639M) 5.066ms
[641.795s][info][gc] GC(10111) Pause Young (Allocation Failure) 385M->209M(639M) 4.901ms
[641.857s][info][gc] GC(10112) Pause Young (Allocation Failure) 386M->211M(639M) 4.904ms
[641.922s][info][gc] GC(10113) Pause Young (Allocation Failure) 387M->212M(639M) 4.829ms
[641.982s][info][gc] GC(10114) Pause Young (Allocation Failure) 389M->213M(639M) 4.749ms
[642.049s][info][gc] GC(10115) Pause Young (Allocation Failure) 390M->216M(639M) 5.194ms
[642.109s][info][gc] GC(10116) Pause Young (Allocation Failure) 392M->216M(639M) 4.790ms
[642.172s][info][gc] GC(10117) Pause Young (Allocation Failure) 392M->218M(639M) 4.513ms
[642.234s][info][gc] GC(10118) Pause Young (Allocation Failure) 394M->219M(639M) 4.877ms
[642.298s][info][gc] GC(10119) Pause Young (Allocation Failure) 395M->220M(639M) 4.712ms
[642.362s][info][gc] GC(10120) Pause Young (Allocation Failure) 396M->221M(639M) 4.795ms
[642.425s][info][gc] GC(10121) Pause Young (Allocation Failure) 398M->223M(639M) 5.053ms
[642.488s][info][gc] GC(10122) Pause Young (Allocation Failure) 400M->224M(639M) 4.827ms
[642.549s][info][gc] GC(10123) Pause Young (Allocation Failure) 401M->225M(639M) 4.767ms
[642.611s][info][gc] GC(10124) Pause Young (Allocation Failure) 402M->227M(639M) 4.757ms
[642.677s][info][gc] GC(10125) Pause Young (Allocation Failure) 403M->229M(639M) 4.976ms
[642.735s][info][gc] GC(10126) Pause Young (Allocation Failure) 405M->229M(639M) 4.635ms
[642.803s][info][gc] GC(10127) Pause Young (Allocation Failure) 406M->231M(639M) 5.163ms
[642.860s][info][gc] GC(10128) Pause Young (Allocation Failure) 408M->232M(639M) 4.505ms
[642.928s][info][gc] GC(10129) Pause Young (Allocation Failure) 408M->234M(639M) 5.108ms
[642.983s][info][gc] GC(10130) Pause Young (Allocation Failure) 410M->234M(639M) 4.413ms
[643.050s][info][gc] GC(10131) Pause Young (Allocation Failure) 410M->236M(639M) 4.772ms
[643.107s][info][gc] GC(10132) Pause Young (Allocation Failure) 413M->237M(639M) 5.105ms
[643.176s][info][gc] GC(10133) Pause Young (Allocation Failure) 414M->239M(639M) 4.891ms
[643.234s][info][gc] GC(10134) Pause Young (Allocation Failure) 415M->240M(639M) 4.801ms
[643.299s][info][gc] GC(10135) Pause Young (Allocation Failure) 417M->241M(639M) 4.889ms
[643.360s][info][gc] GC(10136) Pause Young (Allocation Failure) 418M->243M(639M) 4.782ms
[643.424s][info][gc] GC(10137) Pause Young (Allocation Failure) 419M->244M(639M) 4.669ms
[643.485s][info][gc] GC(10138) Pause Young (Allocation Failure) 420M->246M(639M) 4.684ms
[643.548s][info][gc] GC(10139) Pause Young (Allocation Failure) 422M->247M(639M) 5.289ms
[643.612s][info][gc] GC(10140) Pause Young (Allocation Failure) 423M->248M(639M) 4.808ms
[643.677s][info][gc] GC(10141) Pause Young (Allocation Failure) 425M->250M(639M) 5.197ms
[643.738s][info][gc] GC(10142) Pause Young (Allocation Failure) 427M->251M(639M) 5.109ms
[643.802s][info][gc] GC(10143) Pause Young (Allocation Failure) 428M->252M(639M) 4.913ms
[643.866s][info][gc] GC(10144) Pause Young (Allocation Failure) 429M->254M(639M) 5.072ms
[643.931s][info][gc] GC(10145) Pause Young (Allocation Failure) 430M->256M(639M) 5.197ms
[643.992s][info][gc] GC(10146) Pause Young (Allocation Failure) 432M->257M(639M) 4.983ms
[644.056s][info][gc] GC(10147) Pause Young (Allocation Failure) 433M->258M(639M) 4.474ms
[644.119s][info][gc] GC(10148) Pause Young (Allocation Failure) 434M->259M(639M) 4.967ms
[644.180s][info][gc] GC(10149) Pause Young (Allocation Failure) 436M->260M(639M) 4.918ms
[644.244s][info][gc] GC(10150) Pause Young (Allocation Failure) 437M->262M(639M) 5.074ms
[644.312s][info][gc] GC(10151) Pause Young (Allocation Failure) 439M->264M(639M) 5.406ms
[644.374s][info][gc] GC(10152) Pause Young (Allocation Failure) 440M->265M(639M) 5.347ms
[644.439s][info][gc] GC(10153) Pause Young (Allocation Failure) 441M->266M(639M) 4.600ms
[644.504s][info][gc] GC(10154) Pause Young (Allocation Failure) 442M->267M(639M) 4.847ms
[644.567s][info][gc] GC(10155) Pause Young (Allocation Failure) 444M->268M(639M) 5.073ms
[644.630s][info][gc] GC(10156) Pause Young (Allocation Failure) 445M->270M(639M) 5.098ms
[644.696s][info][gc] GC(10157) Pause Young (Allocation Failure) 447M->271M(639M) 4.837ms
[644.759s][info][gc] GC(10158) Pause Young (Allocation Failure) 447M->272M(639M) 4.785ms
[644.829s][info][gc] GC(10159) Pause Young (Allocation Failure) 449M->274M(639M) 5.121ms
[644.893s][info][gc] GC(10160) Pause Young (Allocation Failure) 451M->275M(639M) 4.921ms
[644.959s][info][gc] GC(10161) Pause Young (Allocation Failure) 452M->276M(639M) 4.891ms
[645.028s][info][gc] GC(10162) Pause Young (Allocation Failure) 453M->278M(639M) 5.245ms
[645.089s][info][gc] GC(10163) Pause Young (Allocation Failure) 454M->278M(639M) 4.694ms
[645.163s][info][gc] GC(10164) Pause Young (Allocation Failure) 455M->280M(639M) 4.921ms
[645.230s][info][gc] GC(10165) Pause Young (Allocation Failure) 457M->281M(639M) 5.137ms
[645.299s][info][gc] GC(10166) Pause Young (Allocation Failure) 458M->283M(639M) 4.842ms
[645.365s][info][gc] GC(10167) Pause Young (Allocation Failure) 460M->284M(639M) 5.319ms
[645.431s][info][gc] GC(10168) Pause Young (Allocation Failure) 460M->286M(639M) 5.140ms
[645.492s][info][gc] GC(10169) Pause Young (Allocation Failure) 462M->287M(639M) 4.684ms
[645.558s][info][gc] GC(10170) Pause Young (Allocation Failure) 463M->289M(639M) 4.951ms
[645.620s][info][gc] GC(10171) Pause Young (Allocation Failure) 465M->290M(639M) 4.857ms
[645.684s][info][gc] GC(10172) Pause Young (Allocation Failure) 466M->290M(639M) 4.661ms
[645.749s][info][gc] GC(10173) Pause Young (Allocation Failure) 467M->293M(639M) 5.198ms
[645.810s][info][gc] GC(10174) Pause Young (Allocation Failure) 470M->293M(639M) 5.073ms
[645.874s][info][gc] GC(10175) Pause Young (Allocation Failure) 470M->296M(639M) 4.793ms
[645.936s][info][gc] GC(10176) Pause Young (Allocation Failure) 472M->296M(639M) 4.564ms
[646.000s][info][gc] GC(10177) Pause Young (Allocation Failure) 472M->298M(639M) 4.648ms
[646.062s][info][gc] GC(10178) Pause Young (Allocation Failure) 474M->299M(639M) 5.204ms
[646.125s][info][gc] GC(10179) Pause Young (Allocation Failure) 476M->301M(639M) 4.887ms
[646.188s][info][gc] GC(10180) Pause Young (Allocation Failure) 477M->302M(639M) 4.948ms
[646.250s][info][gc] GC(10181) Pause Young (Allocation Failure) 479M->303M(639M) 4.731ms
[646.314s][info][gc] GC(10182) Pause Young (Allocation Failure) 480M->304M(639M) 4.684ms
[646.380s][info][gc] GC(10183) Pause Young (Allocation Failure) 481M->306M(639M) 4.969ms
[646.440s][info][gc] GC(10184) Pause Young (Allocation Failure) 483M->307M(639M) 4.649ms
[646.501s][info][gc] GC(10185) Pause Young (Allocation Failure) 483M->308M(639M) 4.848ms
[646.564s][info][gc] GC(10186) Pause Young (Allocation Failure) 485M->310M(639M) 5.018ms
[646.627s][info][gc] GC(10187) Pause Young (Allocation Failure) 486M->311M(639M) 4.907ms
[646.693s][info][gc] GC(10188) Pause Young (Allocation Failure) 488M->313M(639M) 5.021ms
[646.753s][info][gc] GC(10189) Pause Young (Allocation Failure) 490M->314M(639M) 4.970ms
[646.816s][info][gc] GC(10190) Pause Young (Allocation Failure) 491M->316M(639M) 4.986ms
[646.879s][info][gc] GC(10191) Pause Young (Allocation Failure) 492M->317M(639M) 5.032ms
[646.940s][info][gc] GC(10192) Pause Young (Allocation Failure) 494M->318M(639M) 4.862ms
[647.001s][info][gc] GC(10193) Pause Young (Allocation Failure) 495M->320M(639M) 4.981ms
[647.063s][info][gc] GC(10194) Pause Young (Allocation Failure) 496M->321M(639M) 4.870ms
[647.127s][info][gc] GC(10195) Pause Young (Allocation Failure) 497M->322M(639M) 4.805ms
[647.200s][info][gc] GC(10196) Pause Young (Allocation Failure) 498M->322M(639M) 4.603ms
[647.281s][info][gc] GC(10197) Pause Young (Allocation Failure) 499M->322M(639M) 3.757ms
[647.446s][info][gc] GC(10198) Pause Young (Allocation Failure) 499M->323M(639M) 4.203ms
[647.758s][info][gc] GC(10199) Pause Young (Allocation Failure) 500M->324M(639M) 4.213ms
[648.083s][info][gc] GC(10200) Pause Young (Allocation Failure) 501M->326M(639M) 4.292ms
[648.425s][info][gc] GC(10201) Pause Young (Allocation Failure) 502M->327M(639M) 4.265ms
[648.763s][info][gc] GC(10202) Pause Young (Allocation Failure) 504M->329M(639M) 4.330ms
[649.105s][info][gc] GC(10203) Pause Young (Allocation Failure) 505M->330M(639M) 4.245ms
[649.434s][info][gc] GC(10204) Pause Young (Allocation Failure) 507M->331M(639M) 4.321ms
[649.778s][info][gc] GC(10205) Pause Young (Allocation Failure) 508M->333M(639M) 4.471ms
[650.116s][info][gc] GC(10206) Pause Young (Allocation Failure) 509M->334M(639M) 4.068ms
[650.460s][info][gc] GC(10207) Pause Young (Allocation Failure) 511M->335M(639M) 4.386ms
[650.787s][info][gc] GC(10208) Pause Young (Allocation Failure) 512M->337M(639M) 4.419ms
[651.129s][info][gc] GC(10209) Pause Young (Allocation Failure) 513M->338M(639M) 4.420ms
[651.459s][info][gc] GC(10210) Pause Young (Allocation Failure) 515M->339M(639M) 4.355ms
[651.799s][info][gc] GC(10211) Pause Young (Allocation Failure) 516M->341M(639M) 4.432ms
[652.136s][info][gc] GC(10212) Pause Young (Allocation Failure) 517M->342M(639M) 4.416ms
[652.480s][info][gc] GC(10213) Pause Young (Allocation Failure) 519M->344M(639M) 4.441ms
[652.808s][info][gc] GC(10214) Pause Young (Allocation Failure) 520M->345M(639M) 4.297ms
[653.154s][info][gc] GC(10215) Pause Young (Allocation Failure) 521M->346M(639M) 4.381ms
[653.475s][info][gc] GC(10216) Pause Young (Allocation Failure) 523M->347M(639M) 4.349ms
[653.808s][info][gc] GC(10217) Pause Young (Allocation Failure) 524M->348M(639M) 4.176ms
[654.150s][info][gc] GC(10218) Pause Young (Allocation Failure) 525M->350M(639M) 4.380ms
[654.492s][info][gc] GC(10219) Pause Young (Allocation Failure) 527M->352M(639M) 4.454ms
[654.835s][info][gc] GC(10220) Pause Young (Allocation Failure) 528M->353M(639M) 4.567ms
[655.168s][info][gc] GC(10221) Pause Young (Allocation Failure) 530M->354M(639M) 4.437ms
[655.518s][info][gc] GC(10222) Pause Young (Allocation Failure) 531M->356M(639M) 4.458ms
[655.870s][info][gc] GC(10223) Pause Young (Allocation Failure) 532M->357M(639M) 4.437ms
[656.213s][info][gc] GC(10224) Pause Young (Allocation Failure) 534M->358M(639M) 4.488ms
[656.542s][info][gc] GC(10225) Pause Young (Allocation Failure) 535M->360M(639M) 4.328ms
[656.876s][info][gc] GC(10226) Pause Young (Allocation Failure) 536M->361M(639M) 4.478ms
[657.190s][info][gc] GC(10227) Pause Young (Allocation Failure) 538M->368M(639M) 6.659ms
[657.257s][info][gc] GC(10228) Pause Young (Allocation Failure) 544M->370M(639M) 6.784ms
[657.330s][info][gc] GC(10229) Pause Young (Allocation Failure) 546M->370M(639M) 4.735ms
[657.391s][info][gc] GC(10230) Pause Young (Allocation Failure) 546M->372M(639M) 4.915ms
[657.451s][info][gc] GC(10231) Pause Young (Allocation Failure) 549M->371M(639M) 4.663ms
[657.516s][info][gc] GC(10232) Pause Young (Allocation Failure) 547M->374M(639M) 4.354ms
[657.585s][info][gc] GC(10233) Pause Young (Allocation Failure) 551M->375M(639M) 4.638ms
[657.653s][info][gc] GC(10234) Pause Young (Allocation Failure) 551M->377M(639M) 4.942ms
[657.716s][info][gc] GC(10235) Pause Young (Allocation Failure) 554M->378M(639M) 5.088ms
[657.782s][info][gc] GC(10236) Pause Young (Allocation Failure) 555M->380M(639M) 4.906ms
[657.846s][info][gc] GC(10237) Pause Young (Allocation Failure) 556M->381M(639M) 4.684ms
[657.911s][info][gc] GC(10238) Pause Young (Allocation Failure) 557M->383M(639M) 5.143ms
[657.969s][info][gc] GC(10239) Pause Young (Allocation Failure) 560M->383M(639M) 4.479ms
[658.034s][info][gc] GC(10240) Pause Young (Allocation Failure) 559M->385M(639M) 4.632ms
[658.093s][info][gc] GC(10241) Pause Young (Allocation Failure) 562M->385M(639M) 4.281ms
[658.162s][info][gc] GC(10242) Pause Young (Allocation Failure) 562M->388M(639M) 4.917ms
[658.219s][info][gc] GC(10243) Pause Young (Allocation Failure) 565M->388M(639M) 4.711ms
[658.288s][info][gc] GC(10244) Pause Young (Allocation Failure) 564M->391M(639M) 5.065ms
[658.344s][info][gc] GC(10245) Pause Young (Allocation Failure) 568M->391M(639M) 5.091ms
[658.410s][info][gc] GC(10246) Pause Young (Allocation Failure) 568M->393M(639M) 4.899ms
[658.470s][info][gc] GC(10247) Pause Young (Allocation Failure) 570M->394M(639M) 4.675ms
[658.537s][info][gc] GC(10248) Pause Young (Allocation Failure) 571M->396M(639M) 4.943ms
[658.595s][info][gc] GC(10249) Pause Young (Allocation Failure) 573M->396M(639M) 4.463ms
[658.663s][info][gc] GC(10250) Pause Young (Allocation Failure) 573M->399M(639M) 4.985ms
[658.724s][info][gc] GC(10251) Pause Young (Allocation Failure) 575M->399M(639M) 4.986ms
[658.790s][info][gc] GC(10252) Pause Young (Allocation Failure) 576M->400M(639M) 4.788ms
[658.856s][info][gc] GC(10253) Pause Young (Allocation Failure) 577M->403M(639M) 4.888ms
[658.924s][info][gc] GC(10254) Pause Young (Allocation Failure) 579M->403M(639M) 5.922ms
[658.990s][info][gc] GC(10255) Pause Young (Allocation Failure) 580M->405M(639M) 4.782ms
[659.171s][info][gc] GC(10256) Pause Young (Allocation Failure) 582M->402M(639M) 3.049ms
[659.260s][info][gc] GC(10257) Pause Young (Allocation Failure) 578M->409M(639M) 5.009ms
[659.318s][info][gc] GC(10258) Pause Young (Allocation Failure) 585M->409M(639M) 4.996ms
[659.388s][info][gc] GC(10259) Pause Young (Allocation Failure) 585M->412M(639M) 5.386ms
[659.445s][info][gc] GC(10260) Pause Young (Allocation Failure) 588M->411M(639M) 4.648ms
[659.513s][info][gc] GC(10261) Pause Young (Allocation Failure) 588M->414M(639M) 4.815ms
[659.567s][info][gc] GC(10262) Pause Young (Allocation Failure) 591M->414M(639M) 4.586ms
[659.637s][info][gc] GC(10263) Pause Young (Allocation Failure) 591M->417M(639M) 4.835ms
[659.694s][info][gc] GC(10264) Pause Young (Allocation Failure) 593M->418M(639M) 5.032ms
[659.765s][info][gc] GC(10265) Pause Young (Allocation Failure) 594M->420M(639M) 5.210ms
[659.825s][info][gc] GC(10266) Pause Young (Allocation Failure) 597M->420M(639M) 4.536ms
[659.896s][info][gc] GC(10267) Pause Young (Allocation Failure) 597M->422M(639M) 5.062ms
[659.954s][info][gc] GC(10268) Pause Young (Allocation Failure) 599M->422M(639M) 4.365ms
[660.025s][info][gc] GC(10269) Pause Young (Allocation Failure) 599M->425M(639M) 4.927ms
[660.085s][info][gc] GC(10270) Pause Young (Allocation Failure) 602M->426M(639M) 5.106ms
[660.154s][info][gc] GC(10271) Pause Young (Allocation Failure) 602M->427M(639M) 5.054ms
[660.212s][info][gc] GC(10272) Pause Young (Allocation Failure) 604M->428M(639M) 4.609ms
[660.284s][info][gc] GC(10273) Pause Young (Allocation Failure) 605M->430M(639M) 5.017ms
[660.345s][info][gc] GC(10274) Pause Young (Allocation Failure) 607M->432M(639M) 5.636ms
[660.413s][info][gc] GC(10275) Pause Young (Allocation Failure) 609M->433M(639M) 4.977ms
[660.473s][info][gc] GC(10276) Pause Young (Allocation Failure) 609M->434M(639M) 4.805ms
[660.541s][info][gc] GC(10277) Pause Young (Allocation Failure) 611M->436M(639M) 5.165ms
[660.602s][info][gc] GC(10278) Pause Young (Allocation Failure) 613M->437M(639M) 5.078ms
[660.666s][info][gc] GC(10279) Pause Young (Allocation Failure) 614M->438M(639M) 4.568ms
[660.725s][info][gc] GC(10280) Pause Young (Allocation Failure) 615M->440M(639M) 4.969ms
[660.792s][info][gc] GC(10281) Pause Young (Allocation Failure) 616M->441M(639M) 5.131ms
[660.853s][info][gc] GC(10282) Pause Young (Allocation Failure) 618M->442M(639M) 4.919ms
[660.921s][info][gc] GC(10283) Pause Young (Allocation Failure) 619M->444M(639M) 5.028ms
[660.979s][info][gc] GC(10284) Pause Young (Allocation Failure) 621M->445M(639M) 4.871ms
[661.056s][info][gc] GC(10285) Pause Young (Allocation Failure) 621M->444M(639M) 3.959ms
[661.251s][info][gc] GC(10286) Pause Young (Allocation Failure) 620M->449M(639M) 5.348ms
[661.308s][info][gc] GC(10287) Pause Young (Allocation Failure) 625M->450M(639M) 5.414ms
[661.379s][info][gc] GC(10288) Pause Young (Allocation Failure) 626M->452M(639M) 5.249ms
[661.435s][info][gc] GC(10289) Pause Young (Allocation Failure) 629M->453M(640M) 5.329ms
[661.486s][info][gc] GC(10290) Pause Full (Allocation Failure) 453M->51M(639M) 50.410ms
[661.553s][info][gc] GC(10291) Pause Young (Allocation Failure) 228M->59M(639M) 3.357ms
[661.607s][info][gc] GC(10292) Pause Young (Allocation Failure) 235M->59M(639M) 3.264ms
[661.674s][info][gc] GC(10293) Pause Young (Allocation Failure) 236M->61M(639M) 3.924ms
[661.731s][info][gc] GC(10294) Pause Young (Allocation Failure) 237M->62M(639M) 3.941ms
[661.796s][info][gc] GC(10295) Pause Young (Allocation Failure) 238M->63M(639M) 4.449ms
[661.859s][info][gc] GC(10296) Pause Young (Allocation Failure) 240M->65M(639M) 5.002ms
[661.927s][info][gc] GC(10297) Pause Young (Allocation Failure) 242M->66M(639M) 5.035ms
[661.986s][info][gc] GC(10298) Pause Young (Allocation Failure) 242M->68M(639M) 4.966ms
[662.051s][info][gc] GC(10299) Pause Young (Allocation Failure) 244M->68M(639M) 4.492ms
[662.111s][info][gc] GC(10300) Pause Young (Allocation Failure) 244M->70M(639M) 4.582ms
[662.178s][info][gc] GC(10301) Pause Young (Allocation Failure) 246M->70M(639M) 5.082ms
[662.242s][info][gc] GC(10302) Pause Young (Allocation Failure) 246M->73M(639M) 5.002ms
[662.306s][info][gc] GC(10303) Pause Young (Allocation Failure) 250M->73M(639M) 5.043ms
[662.367s][info][gc] GC(10304) Pause Young (Allocation Failure) 250M->75M(639M) 4.902ms
[662.427s][info][gc] GC(10305) Pause Young (Allocation Failure) 252M->76M(639M) 4.887ms
[662.494s][info][gc] GC(10306) Pause Young (Allocation Failure) 253M->79M(639M) 5.174ms
[662.553s][info][gc] GC(10307) Pause Young (Allocation Failure) 255M->79M(639M) 4.702ms
[662.619s][info][gc] GC(10308) Pause Young (Allocation Failure) 255M->81M(639M) 4.493ms
[662.676s][info][gc] GC(10309) Pause Young (Allocation Failure) 257M->81M(639M) 4.410ms
[662.744s][info][gc] GC(10310) Pause Young (Allocation Failure) 258M->83M(639M) 4.954ms
[662.803s][info][gc] GC(10311) Pause Young (Allocation Failure) 260M->84M(639M) 5.227ms
[662.873s][info][gc] GC(10312) Pause Young (Allocation Failure) 261M->86M(639M) 5.468ms
[662.931s][info][gc] GC(10313) Pause Young (Allocation Failure) 263M->86M(639M) 4.419ms
[662.999s][info][gc] GC(10314) Pause Young (Allocation Failure) 263M->89M(639M) 4.982ms
[663.058s][info][gc] GC(10315) Pause Young (Allocation Failure) 265M->90M(639M) 5.137ms
[663.280s][info][gc] GC(10316) Pause Young (Allocation Failure) 266M->92M(639M) 5.126ms
[663.338s][info][gc] GC(10317) Pause Young (Allocation Failure) 269M->94M(639M) 5.183ms
[663.403s][info][gc] GC(10318) Pause Young (Allocation Failure) 270M->93M(639M) 4.307ms
[663.464s][info][gc] GC(10319) Pause Young (Allocation Failure) 270M->96M(639M) 4.639ms
[663.528s][info][gc] GC(10320) Pause Young (Allocation Failure) 273M->96M(639M) 4.872ms
[663.591s][info][gc] GC(10321) Pause Young (Allocation Failure) 273M->99M(639M) 4.512ms
[663.649s][info][gc] GC(10322) Pause Young (Allocation Failure) 276M->98M(639M) 4.244ms
[663.713s][info][gc] GC(10323) Pause Young (Allocation Failure) 275M->101M(639M) 4.626ms
[663.774s][info][gc] GC(10324) Pause Young (Allocation Failure) 278M->101M(639M) 4.525ms
[663.839s][info][gc] GC(10325) Pause Young (Allocation Failure) 277M->104M(639M) 4.702ms
[663.903s][info][gc] GC(10326) Pause Young (Allocation Failure) 281M->104M(639M) 4.905ms
[663.965s][info][gc] GC(10327) Pause Young (Allocation Failure) 281M->107M(639M) 4.797ms
[664.026s][info][gc] GC(10328) Pause Young (Allocation Failure) 283M->108M(639M) 5.039ms
[664.091s][info][gc] GC(10329) Pause Young (Allocation Failure) 284M->110M(639M) 5.020ms
[664.152s][info][gc] GC(10330) Pause Young (Allocation Failure) 286M->110M(639M) 4.682ms
[664.219s][info][gc] GC(10331) Pause Young (Allocation Failure) 287M->113M(639M) 5.174ms
[664.279s][info][gc] GC(10332) Pause Young (Allocation Failure) 289M->114M(639M) 4.954ms
[664.343s][info][gc] GC(10333) Pause Young (Allocation Failure) 290M->115M(639M) 4.536ms
[664.405s][info][gc] GC(10334) Pause Young (Allocation Failure) 292M->116M(639M) 4.844ms
[664.466s][info][gc] GC(10335) Pause Young (Allocation Failure) 293M->117M(639M) 4.767ms
[664.526s][info][gc] GC(10336) Pause Young (Allocation Failure) 294M->119M(639M) 4.776ms
[664.591s][info][gc] GC(10337) Pause Young (Allocation Failure) 295M->120M(639M) 4.896ms
[664.654s][info][gc] GC(10338) Pause Young (Allocation Failure) 297M->121M(639M) 4.838ms
[664.720s][info][gc] GC(10339) Pause Young (Allocation Failure) 298M->123M(639M) 5.169ms
[664.782s][info][gc] GC(10340) Pause Young (Allocation Failure) 300M->124M(639M) 4.714ms
[664.848s][info][gc] GC(10341) Pause Young (Allocation Failure) 300M->126M(639M) 4.960ms
[664.913s][info][gc] GC(10342) Pause Young (Allocation Failure) 302M->127M(639M) 5.050ms
[664.979s][info][gc] GC(10343) Pause Young (Allocation Failure) 303M->128M(639M) 5.126ms
[665.043s][info][gc] GC(10344) Pause Young (Allocation Failure) 305M->129M(639M) 4.784ms
[665.251s][info][gc] GC(10345) Pause Young (Allocation Failure) 306M->127M(639M) 3.302ms
[665.327s][info][gc] GC(10346) Pause Young (Allocation Failure) 303M->133M(639M) 5.363ms
[665.385s][info][gc] GC(10347) Pause Young (Allocation Failure) 310M->134M(639M) 5.223ms
[665.458s][info][gc] GC(10348) Pause Young (Allocation Failure) 310M->136M(639M) 5.114ms
[665.515s][info][gc] GC(10349) Pause Young (Allocation Failure) 313M->136M(639M) 4.822ms
[665.580s][info][gc] GC(10350) Pause Young (Allocation Failure) 313M->138M(639M) 4.418ms
[665.642s][info][gc] GC(10351) Pause Young (Allocation Failure) 315M->139M(639M) 4.570ms
[665.707s][info][gc] GC(10352) Pause Young (Allocation Failure) 316M->141M(639M) 4.967ms
[665.767s][info][gc] GC(10353) Pause Young (Allocation Failure) 318M->142M(639M) 4.696ms
[665.837s][info][gc] GC(10354) Pause Young (Allocation Failure) 319M->144M(639M) 5.294ms
[665.899s][info][gc] GC(10355) Pause Young (Allocation Failure) 321M->145M(639M) 5.296ms
[665.975s][info][gc] GC(10356) Pause Young (Allocation Failure) 322M->147M(639M) 5.369ms
[666.038s][info][gc] GC(10357) Pause Young (Allocation Failure) 324M->148M(639M) 5.015ms
[666.111s][info][gc] GC(10358) Pause Young (Allocation Failure) 325M->150M(639M) 4.757ms
[666.175s][info][gc] GC(10359) Pause Young (Allocation Failure) 326M->151M(639M) 5.451ms
[666.242s][info][gc] GC(10360) Pause Young (Allocation Failure) 327M->152M(639M) 5.080ms
[666.304s][info][gc] GC(10361) Pause Young (Allocation Failure) 328M->153M(639M) 5.003ms
[666.370s][info][gc] GC(10362) Pause Young (Allocation Failure) 330M->154M(639M) 5.008ms
[666.436s][info][gc] GC(10363) Pause Young (Allocation Failure) 331M->156M(639M) 4.970ms
[666.501s][info][gc] GC(10364) Pause Young (Allocation Failure) 332M->157M(639M) 5.001ms
[666.565s][info][gc] GC(10365) Pause Young (Allocation Failure) 334M->159M(639M) 5.031ms
[666.626s][info][gc] GC(10366) Pause Young (Allocation Failure) 335M->160M(639M) 4.771ms
[666.690s][info][gc] GC(10367) Pause Young (Allocation Failure) 336M->161M(639M) 4.782ms
[666.753s][info][gc] GC(10368) Pause Young (Allocation Failure) 338M->162M(639M) 4.713ms
[666.817s][info][gc] GC(10369) Pause Young (Allocation Failure) 339M->164M(639M) 4.895ms
[666.879s][info][gc] GC(10370) Pause Young (Allocation Failure) 341M->165M(639M) 4.763ms
[666.942s][info][gc] GC(10371) Pause Young (Allocation Failure) 342M->166M(639M) 4.649ms
[667.003s][info][gc] GC(10372) Pause Young (Allocation Failure) 343M->167M(639M) 4.706ms
[667.068s][info][gc] GC(10373) Pause Young (Allocation Failure) 344M->169M(639M) 4.894ms
[667.152s][info][gc] GC(10374) Pause Young (Allocation Failure) 346M->167M(639M) 3.606ms
[667.344s][info][gc] GC(10375) Pause Young (Allocation Failure) 344M->173M(639M) 5.226ms
[667.404s][info][gc] GC(10376) Pause Young (Allocation Failure) 350M->174M(639M) 5.667ms
[667.473s][info][gc] GC(10377) Pause Young (Allocation Failure) 351M->176M(639M) 4.963ms
[667.529s][info][gc] GC(10378) Pause Young (Allocation Failure) 352M->177M(639M) 4.604ms
[667.597s][info][gc] GC(10379) Pause Young (Allocation Failure) 353M->178M(639M) 4.865ms
[667.655s][info][gc] GC(10380) Pause Young (Allocation Failure) 355M->179M(639M) 4.956ms
[667.726s][info][gc] GC(10381) Pause Young (Allocation Failure) 356M->181M(639M) 5.155ms
[667.782s][info][gc] GC(10382) Pause Young (Allocation Failure) 358M->182M(639M) 4.816ms
[667.849s][info][gc] GC(10383) Pause Young (Allocation Failure) 358M->183M(639M) 4.835ms
[667.909s][info][gc] GC(10384) Pause Young (Allocation Failure) 360M->185M(639M) 4.738ms
[667.975s][info][gc] GC(10385) Pause Young (Allocation Failure) 361M->186M(639M) 5.013ms
[668.035s][info][gc] GC(10386) Pause Young (Allocation Failure) 363M->188M(639M) 4.949ms
[668.102s][info][gc] GC(10387) Pause Young (Allocation Failure) 364M->189M(639M) 5.031ms
[668.158s][info][gc] GC(10388) Pause Young (Allocation Failure) 366M->190M(639M) 4.793ms
[668.228s][info][gc] GC(10389) Pause Young (Allocation Failure) 367M->192M(639M) 4.938ms
[668.287s][info][gc] GC(10390) Pause Young (Allocation Failure) 368M->193M(639M) 4.676ms
[668.353s][info][gc] GC(10391) Pause Young (Allocation Failure) 369M->194M(639M) 5.035ms
[668.412s][info][gc] GC(10392) Pause Young (Allocation Failure) 371M->196M(639M) 4.926ms
[668.477s][info][gc] GC(10393) Pause Young (Allocation Failure) 373M->197M(639M) 4.764ms
[668.538s][info][gc] GC(10394) Pause Young (Allocation Failure) 373M->199M(639M) 5.069ms
[668.602s][info][gc] GC(10395) Pause Young (Allocation Failure) 376M->199M(639M) 4.885ms
[668.662s][info][gc] GC(10396) Pause Young (Allocation Failure) 376M->201M(639M) 4.365ms
[668.733s][info][gc] GC(10397) Pause Young (Allocation Failure) 378M->203M(639M) 5.237ms
[668.789s][info][gc] GC(10398) Pause Young (Allocation Failure) 380M->204M(639M) 4.866ms
[668.854s][info][gc] GC(10399) Pause Young (Allocation Failure) 381M->204M(639M) 4.286ms
[668.916s][info][gc] GC(10400) Pause Young (Allocation Failure) 381M->207M(639M) 4.855ms
[668.982s][info][gc] GC(10401) Pause Young (Allocation Failure) 383M->208M(639M) 5.032ms
[669.042s][info][gc] GC(10402) Pause Young (Allocation Failure) 384M->209M(639M) 4.762ms
[669.117s][info][gc] GC(10403) Pause Young (Allocation Failure) 386M->207M(639M) 3.658ms
[669.328s][info][gc] GC(10404) Pause Young (Allocation Failure) 384M->213M(639M) 5.151ms
[669.391s][info][gc] GC(10405) Pause Young (Allocation Failure) 389M->214M(639M) 5.695ms
[669.457s][info][gc] GC(10406) Pause Young (Allocation Failure) 391M->216M(639M) 5.045ms
[669.515s][info][gc] GC(10407) Pause Young (Allocation Failure) 392M->217M(639M) 4.774ms
[669.582s][info][gc] GC(10408) Pause Young (Allocation Failure) 393M->218M(639M) 4.973ms
[669.639s][info][gc] GC(10409) Pause Young (Allocation Failure) 395M->219M(639M) 4.271ms
[669.704s][info][gc] GC(10410) Pause Young (Allocation Failure) 396M->220M(639M) 4.920ms
[669.764s][info][gc] GC(10411) Pause Young (Allocation Failure) 397M->222M(639M) 4.953ms
[669.842s][info][gc] GC(10412) Pause Young (Allocation Failure) 399M->224M(639M) 5.014ms
[669.905s][info][gc] GC(10413) Pause Young (Allocation Failure) 400M->225M(639M) 4.997ms
[669.975s][info][gc] GC(10414) Pause Young (Allocation Failure) 401M->226M(639M) 5.248ms
[670.036s][info][gc] GC(10415) Pause Young (Allocation Failure) 403M->228M(639M) 5.069ms
[670.104s][info][gc] GC(10416) Pause Young (Allocation Failure) 404M->228M(639M) 4.628ms
[670.165s][info][gc] GC(10417) Pause Young (Allocation Failure) 404M->230M(639M) 4.777ms
[670.229s][info][gc] GC(10418) Pause Young (Allocation Failure) 407M->230M(639M) 4.770ms
[670.293s][info][gc] GC(10419) Pause Young (Allocation Failure) 406M->233M(639M) 5.022ms
[670.357s][info][gc] GC(10420) Pause Young (Allocation Failure) 409M->233M(639M) 4.748ms
[670.422s][info][gc] GC(10421) Pause Young (Allocation Failure) 409M->235M(639M) 4.623ms
[670.483s][info][gc] GC(10422) Pause Young (Allocation Failure) 412M->236M(639M) 4.931ms
[670.550s][info][gc] GC(10423) Pause Young (Allocation Failure) 412M->238M(639M) 4.740ms
[670.610s][info][gc] GC(10424) Pause Young (Allocation Failure) 414M->239M(639M) 4.935ms
[670.677s][info][gc] GC(10425) Pause Young (Allocation Failure) 415M->241M(639M) 5.098ms
[670.736s][info][gc] GC(10426) Pause Young (Allocation Failure) 418M->242M(639M) 4.776ms
[670.802s][info][gc] GC(10427) Pause Young (Allocation Failure) 418M->243M(639M) 5.351ms
[670.865s][info][gc] GC(10428) Pause Young (Allocation Failure) 420M->244M(639M) 4.767ms
[670.931s][info][gc] GC(10429) Pause Young (Allocation Failure) 421M->247M(639M) 5.121ms
[670.990s][info][gc] GC(10430) Pause Young (Allocation Failure) 423M->247M(639M) 4.582ms
[671.057s][info][gc] GC(10431) Pause Young (Allocation Failure) 423M->249M(639M) 4.860ms
[671.117s][info][gc] GC(10432) Pause Young (Allocation Failure) 425M->249M(639M) 4.433ms
[671.338s][info][gc] GC(10433) Pause Young (Allocation Failure) 426M->251M(639M) 4.582ms
[671.400s][info][gc] GC(10434) Pause Young (Allocation Failure) 428M->254M(639M) 5.736ms
[671.463s][info][gc] GC(10435) Pause Young (Allocation Failure) 431M->253M(639M) 4.761ms
[671.523s][info][gc] GC(10436) Pause Young (Allocation Failure) 430M->256M(639M) 4.532ms
[671.584s][info][gc] GC(10437) Pause Young (Allocation Failure) 432M->255M(639M) 4.361ms
[671.650s][info][gc] GC(10438) Pause Young (Allocation Failure) 432M->259M(639M) 5.272ms
[671.713s][info][gc] GC(10439) Pause Young (Allocation Failure) 436M->259M(639M) 5.213ms
[671.777s][info][gc] GC(10440) Pause Young (Allocation Failure) 436M->262M(639M) 4.907ms
[671.835s][info][gc] GC(10441) Pause Young (Allocation Failure) 439M->262M(639M) 4.841ms
[671.901s][info][gc] GC(10442) Pause Young (Allocation Failure) 438M->265M(639M) 5.062ms
[671.960s][info][gc] GC(10443) Pause Young (Allocation Failure) 441M->265M(639M) 4.875ms
[672.026s][info][gc] GC(10444) Pause Young (Allocation Failure) 441M->267M(639M) 4.991ms
[672.084s][info][gc] GC(10445) Pause Young (Allocation Failure) 444M->267M(639M) 4.867ms
[672.153s][info][gc] GC(10446) Pause Young (Allocation Failure) 444M->270M(639M) 4.855ms
[672.211s][info][gc] GC(10447) Pause Young (Allocation Failure) 446M->270M(639M) 4.821ms
[672.277s][info][gc] GC(10448) Pause Young (Allocation Failure) 446M->273M(639M) 5.038ms
[672.338s][info][gc] GC(10449) Pause Young (Allocation Failure) 449M->273M(639M) 5.151ms
[672.406s][info][gc] GC(10450) Pause Young (Allocation Failure) 450M->276M(639M) 5.150ms
[672.464s][info][gc] GC(10451) Pause Young (Allocation Failure) 452M->276M(639M) 4.748ms
[672.527s][info][gc] GC(10452) Pause Young (Allocation Failure) 453M->277M(639M) 4.306ms
[672.591s][info][gc] GC(10453) Pause Young (Allocation Failure) 454M->279M(639M) 4.812ms
[672.657s][info][gc] GC(10454) Pause Young (Allocation Failure) 456M->280M(639M) 4.976ms
[672.714s][info][gc] GC(10455) Pause Young (Allocation Failure) 457M->282M(639M) 4.908ms
[672.783s][info][gc] GC(10456) Pause Young (Allocation Failure) 458M->284M(639M) 5.393ms
[672.843s][info][gc] GC(10457) Pause Young (Allocation Failure) 460M->285M(639M) 5.102ms
[672.906s][info][gc] GC(10458) Pause Young (Allocation Failure) 461M->286M(639M) 4.530ms
[672.967s][info][gc] GC(10459) Pause Young (Allocation Failure) 462M->287M(639M) 4.825ms
[673.032s][info][gc] GC(10460) Pause Young (Allocation Failure) 464M->288M(639M) 4.902ms
[673.094s][info][gc] GC(10461) Pause Young (Allocation Failure) 465M->290M(639M) 5.003ms
[673.212s][info][gc] GC(10462) Pause Young (Allocation Failure) 467M->287M(639M) 3.406ms
[673.386s][info][gc] GC(10463) Pause Young (Allocation Failure) 463M->300M(639M) 7.865ms
[673.438s][info][gc] GC(10464) Pause Young (Allocation Failure) 476M->300M(639M) 7.909ms
[673.482s][info][gc] GC(10465) Pause Young (Allocation Failure) 477M->302M(639M) 2.579ms
[673.542s][info][gc] GC(10466) Pause Young (Allocation Failure) 479M->308M(639M) 4.729ms
[673.592s][info][gc] GC(10467) Pause Young (Allocation Failure) 485M->310M(639M) 5.115ms
[673.638s][info][gc] GC(10468) Pause Young (Allocation Failure) 487M->311M(639M) 4.586ms
[673.701s][info][gc] GC(10469) Pause Young (Allocation Failure) 487M->314M(639M) 5.487ms
[673.747s][info][gc] GC(10470) Pause Young (Allocation Failure) 490M->314M(639M) 5.278ms
[673.794s][info][gc] GC(10471) Pause Young (Allocation Failure) 490M->314M(639M) 4.480ms
[673.856s][info][gc] GC(10472) Pause Young (Allocation Failure) 491M->317M(639M) 5.121ms
[673.906s][info][gc] GC(10473) Pause Young (Allocation Failure) 494M->319M(639M) 5.592ms
[673.953s][info][gc] GC(10474) Pause Young (Allocation Failure) 496M->319M(639M) 4.605ms
[674.015s][info][gc] GC(10475) Pause Young (Allocation Failure) 496M->321M(639M) 5.027ms
[674.062s][info][gc] GC(10476) Pause Young (Allocation Failure) 498M->323M(639M) 5.506ms
[674.111s][info][gc] GC(10477) Pause Young (Allocation Failure) 500M->321M(639M) 4.142ms
[674.174s][info][gc] GC(10478) Pause Young (Allocation Failure) 498M->326M(639M) 5.301ms
[674.224s][info][gc] GC(10479) Pause Young (Allocation Failure) 502M->327M(639M) 5.471ms
[674.269s][info][gc] GC(10480) Pause Young (Allocation Failure) 504M->327M(639M) 4.583ms
[674.327s][info][gc] GC(10481) Pause Young (Allocation Failure) 504M->329M(639M) 4.863ms
[674.377s][info][gc] GC(10482) Pause Young (Allocation Failure) 506M->331M(639M) 5.360ms
[674.426s][info][gc] GC(10483) Pause Young (Allocation Failure) 508M->331M(639M) 4.498ms
[674.484s][info][gc] GC(10484) Pause Young (Allocation Failure) 507M->334M(639M) 4.856ms
[674.533s][info][gc] GC(10485) Pause Young (Allocation Failure) 510M->335M(639M) 5.388ms
[674.587s][info][gc] GC(10486) Pause Young (Allocation Failure) 512M->336M(639M) 4.842ms
[674.638s][info][gc] GC(10487) Pause Young (Allocation Failure) 512M->338M(639M) 4.938ms
[674.688s][info][gc] GC(10488) Pause Young (Allocation Failure) 514M->339M(639M) 5.340ms
[674.742s][info][gc] GC(10489) Pause Young (Allocation Failure) 516M->340M(639M) 4.986ms
[674.802s][info][gc] GC(10490) Pause Young (Allocation Failure) 516M->342M(639M) 5.210ms
[674.854s][info][gc] GC(10491) Pause Young (Allocation Failure) 519M->344M(639M) 5.768ms
[674.903s][info][gc] GC(10492) Pause Young (Allocation Failure) 521M->343M(639M) 4.536ms
[674.959s][info][gc] GC(10493) Pause Young (Allocation Failure) 520M->345M(639M) 4.794ms
[675.012s][info][gc] GC(10494) Pause Young (Allocation Failure) 522M->347M(639M) 5.221ms
[675.069s][info][gc] GC(10495) Pause Young (Allocation Failure) 524M->349M(639M) 5.496ms
[675.123s][info][gc] GC(10496) Pause Young (Allocation Failure) 525M->350M(639M) 4.703ms
[675.177s][info][gc] GC(10497) Pause Young (Allocation Failure) 526M->352M(639M) 4.872ms
[675.235s][info][gc] GC(10498) Pause Young (Allocation Failure) 528M->352M(639M) 5.677ms
[675.295s][info][gc] GC(10499) Pause Young (Allocation Failure) 528M->355M(639M) 5.165ms
[675.345s][info][gc] GC(10500) Pause Young (Allocation Failure) 531M->355M(639M) 5.323ms
[675.398s][info][gc] GC(10501) Pause Young (Allocation Failure) 531M->356M(639M) 4.773ms
[675.459s][info][gc] GC(10502) Pause Young (Allocation Failure) 533M->359M(639M) 5.518ms
[675.507s][info][gc] GC(10503) Pause Young (Allocation Failure) 535M->360M(639M) 5.193ms
[675.559s][info][gc] GC(10504) Pause Young (Allocation Failure) 536M->361M(639M) 4.785ms
[675.613s][info][gc] GC(10505) Pause Young (Allocation Failure) 537M->362M(639M) 4.700ms
[675.664s][info][gc] GC(10506) Pause Young (Allocation Failure) 539M->364M(639M) 5.298ms
[675.718s][info][gc] GC(10507) Pause Young (Allocation Failure) 540M->365M(639M) 5.167ms
[675.773s][info][gc] GC(10508) Pause Young (Allocation Failure) 541M->366M(639M) 4.555ms
[675.825s][info][gc] GC(10509) Pause Young (Allocation Failure) 543M->368M(639M) 5.148ms
[675.877s][info][gc] GC(10510) Pause Young (Allocation Failure) 545M->369M(639M) 5.180ms
[675.937s][info][gc] GC(10511) Pause Young (Allocation Failure) 545M->371M(639M) 4.934ms
[675.985s][info][gc] GC(10512) Pause Young (Allocation Failure) 548M->371M(639M) 4.684ms
[676.037s][info][gc] GC(10513) Pause Young (Allocation Failure) 547M->373M(639M) 4.817ms
[676.091s][info][gc] GC(10514) Pause Young (Allocation Failure) 550M->374M(639M) 5.252ms
[676.148s][info][gc] GC(10515) Pause Young (Allocation Failure) 551M->376M(639M) 5.043ms
[676.200s][info][gc] GC(10516) Pause Young (Allocation Failure) 552M->378M(639M) 5.354ms
[676.252s][info][gc] GC(10517) Pause Young (Allocation Failure) 555M->379M(639M) 5.355ms
[676.305s][info][gc] GC(10518) Pause Young (Allocation Failure) 555M->380M(639M) 4.585ms
[676.358s][info][gc] GC(10519) Pause Young (Allocation Failure) 556M->382M(639M) 5.310ms
[676.410s][info][gc] GC(10520) Pause Young (Allocation Failure) 559M->383M(639M) 5.304ms
[676.459s][info][gc] GC(10521) Pause Young (Allocation Failure) 560M->384M(639M) 4.666ms
[676.512s][info][gc] GC(10522) Pause Young (Allocation Failure) 560M->386M(639M) 4.702ms
[676.566s][info][gc] GC(10523) Pause Young (Allocation Failure) 563M->388M(639M) 5.231ms
[676.621s][info][gc] GC(10524) Pause Young (Allocation Failure) 564M->389M(639M) 5.117ms
[676.671s][info][gc] GC(10525) Pause Young (Allocation Failure) 565M->390M(639M) 4.860ms
[676.730s][info][gc] GC(10526) Pause Young (Allocation Failure) 567M->392M(639M) 5.682ms
[676.780s][info][gc] GC(10527) Pause Young (Allocation Failure) 569M->393M(639M) 5.265ms
[676.836s][info][gc] GC(10528) Pause Young (Allocation Failure) 569M->394M(639M) 5.233ms
[676.895s][info][gc] GC(10529) Pause Young (Allocation Failure) 571M->397M(639M) 6.026ms
[676.943s][info][gc] GC(10530) Pause Young (Allocation Failure) 573M->397M(639M) 5.415ms
[676.999s][info][gc] GC(10531) Pause Young (Allocation Failure) 573M->399M(639M) 4.926ms
[677.054s][info][gc] GC(10532) Pause Young (Allocation Failure) 575M->400M(639M) 5.283ms
[677.105s][info][gc] GC(10533) Pause Young (Allocation Failure) 577M->401M(639M) 5.230ms
[677.162s][info][gc] GC(10534) Pause Young (Allocation Failure) 578M->403M(639M) 4.874ms
[677.222s][info][gc] GC(10535) Pause Young (Allocation Failure) 579M->405M(639M) 5.391ms
[677.274s][info][gc] GC(10536) Pause Young (Allocation Failure) 581M->406M(639M) 5.395ms
[677.326s][info][gc] GC(10537) Pause Young (Allocation Failure) 582M->407M(639M) 4.841ms
[677.382s][info][gc] GC(10538) Pause Young (Allocation Failure) 584M->408M(639M) 5.359ms
[677.440s][info][gc] GC(10539) Pause Young (Allocation Failure) 585M->410M(639M) 5.582ms
[677.501s][info][gc] GC(10540) Pause Young (Allocation Failure) 587M->412M(639M) 5.233ms
[677.558s][info][gc] GC(10541) Pause Young (Allocation Failure) 588M->413M(639M) 4.955ms
[677.613s][info][gc] GC(10542) Pause Young (Allocation Failure) 589M->414M(639M) 4.827ms
[677.675s][info][gc] GC(10543) Pause Young (Allocation Failure) 590M->415M(639M) 5.600ms
[677.728s][info][gc] GC(10544) Pause Young (Allocation Failure) 592M->415M(639M) 4.853ms
[677.790s][info][gc] GC(10545) Pause Young (Allocation Failure) 592M->419M(639M) 5.498ms
[677.843s][info][gc] GC(10546) Pause Young (Allocation Failure) 595M->419M(639M) 5.655ms
[677.895s][info][gc] GC(10547) Pause Young (Allocation Failure) 596M->420M(639M) 4.435ms
[677.950s][info][gc] GC(10548) Pause Young (Allocation Failure) 597M->423M(639M) 5.522ms
[678.003s][info][gc] GC(10549) Pause Young (Allocation Failure) 599M->423M(639M) 5.052ms
[678.052s][info][gc] GC(10550) Pause Young (Allocation Failure) 599M->425M(639M) 4.804ms
[678.109s][info][gc] GC(10551) Pause Young (Allocation Failure) 602M->427M(639M) 5.730ms
[678.164s][info][gc] GC(10552) Pause Young (Allocation Failure) 604M->428M(639M) 5.051ms
[678.210s][info][gc] GC(10553) Pause Young (Allocation Failure) 604M->429M(639M) 4.670ms
[678.264s][info][gc] GC(10554) Pause Young (Allocation Failure) 605M->430M(639M) 4.685ms
[678.322s][info][gc] GC(10555) Pause Young (Allocation Failure) 607M->433M(639M) 5.596ms
[678.370s][info][gc] GC(10556) Pause Young (Allocation Failure) 609M->434M(639M) 5.333ms
[678.426s][info][gc] GC(10557) Pause Young (Allocation Failure) 610M->435M(639M) 5.173ms
[678.480s][info][gc] GC(10558) Pause Young (Allocation Failure) 612M->436M(639M) 4.914ms
[678.525s][info][gc] GC(10559) Pause Young (Allocation Failure) 612M->437M(639M) 4.641ms
[678.580s][info][gc] GC(10560) Pause Young (Allocation Failure) 613M->438M(639M) 4.622ms
[678.637s][info][gc] GC(10561) Pause Young (Allocation Failure) 615M->440M(639M) 5.338ms
[678.685s][info][gc] GC(10562) Pause Young (Allocation Failure) 616M->441M(639M) 5.126ms
[678.736s][info][gc] GC(10563) Pause Young (Allocation Failure) 617M->442M(639M) 4.608ms
[678.789s][info][gc] GC(10564) Pause Young (Allocation Failure) 618M->443M(639M) 5.018ms
[678.841s][info][gc] GC(10565) Pause Young (Allocation Failure) 620M->445M(639M) 5.251ms
[678.893s][info][gc] GC(10566) Pause Young (Allocation Failure) 622M->446M(639M) 4.964ms
[678.946s][info][gc] GC(10567) Pause Young (Allocation Failure) 622M->447M(639M) 5.089ms
[679.001s][info][gc] GC(10568) Pause Young (Allocation Failure) 624M->449M(639M) 5.052ms
[679.054s][info][gc] GC(10569) Pause Young (Allocation Failure) 625M->450M(639M) 5.046ms
[679.107s][info][gc] GC(10570) Pause Young (Allocation Failure) 627M->452M(639M) 5.090ms
[679.158s][info][gc] GC(10571) Pause Young (Allocation Failure) 628M->453M(639M) 5.222ms
[679.281s][info][gc] GC(10572) Pause Full (Allocation Failure) 453M->196M(639M) 122.853ms
[679.335s][info][gc] GC(10573) Pause Young (Allocation Failure) 373M->202M(639M) 2.883ms
[679.385s][info][gc] GC(10574) Pause Young (Allocation Failure) 379M->205M(639M) 3.750ms
[679.435s][info][gc] GC(10575) Pause Young (Allocation Failure) 382M->207M(639M) 4.290ms
[679.488s][info][gc] GC(10576) Pause Young (Allocation Failure) 384M->208M(639M) 4.506ms
[679.543s][info][gc] GC(10577) Pause Young (Allocation Failure) 385M->210M(639M) 5.302ms
[679.594s][info][gc] GC(10578) Pause Young (Allocation Failure) 387M->212M(639M) 5.233ms
[679.647s][info][gc] GC(10579) Pause Young (Allocation Failure) 388M->213M(639M) 4.909ms
[679.702s][info][gc] GC(10580) Pause Young (Allocation Failure) 390M->215M(639M) 5.002ms
[679.755s][info][gc] GC(10581) Pause Young (Allocation Failure) 391M->216M(639M) 5.560ms
[679.806s][info][gc] GC(10582) Pause Young (Allocation Failure) 393M->216M(639M) 4.404ms
[679.864s][info][gc] GC(10583) Pause Young (Allocation Failure) 393M->219M(639M) 5.008ms
[679.918s][info][gc] GC(10584) Pause Young (Allocation Failure) 396M->221M(639M) 5.689ms
[679.969s][info][gc] GC(10585) Pause Young (Allocation Failure) 398M->220M(639M) 4.558ms
[680.027s][info][gc] GC(10586) Pause Young (Allocation Failure) 397M->224M(639M) 4.981ms
[680.079s][info][gc] GC(10587) Pause Young (Allocation Failure) 400M->225M(639M) 5.440ms
[680.130s][info][gc] GC(10588) Pause Young (Allocation Failure) 401M->225M(639M) 4.422ms
[680.195s][info][gc] GC(10589) Pause Young (Allocation Failure) 402M->228M(639M) 5.701ms
[680.242s][info][gc] GC(10590) Pause Young (Allocation Failure) 405M->228M(639M) 4.906ms
[680.294s][info][gc] GC(10591) Pause Young (Allocation Failure) 405M->230M(639M) 4.877ms
[680.357s][info][gc] GC(10592) Pause Young (Allocation Failure) 406M->232M(639M) 5.688ms
[680.407s][info][gc] GC(10593) Pause Young (Allocation Failure) 409M->233M(639M) 5.241ms
[680.459s][info][gc] GC(10594) Pause Young (Allocation Failure) 410M->234M(639M) 4.903ms
[680.520s][info][gc] GC(10595) Pause Young (Allocation Failure) 411M->236M(639M) 5.193ms
[680.571s][info][gc] GC(10596) Pause Young (Allocation Failure) 412M->237M(639M) 4.839ms
[680.621s][info][gc] GC(10597) Pause Young (Allocation Failure) 414M->239M(639M) 5.069ms
[680.677s][info][gc] GC(10598) Pause Young (Allocation Failure) 416M->240M(639M) 4.892ms
[680.727s][info][gc] GC(10599) Pause Young (Allocation Failure) 416M->241M(639M) 4.633ms
[680.780s][info][gc] GC(10600) Pause Young (Allocation Failure) 417M->242M(639M) 5.060ms
[680.838s][info][gc] GC(10601) Pause Young (Allocation Failure) 419M->245M(639M) 5.659ms
[680.886s][info][gc] GC(10602) Pause Young (Allocation Failure) 421M->244M(639M) 4.918ms
[680.938s][info][gc] GC(10603) Pause Young (Allocation Failure) 421M->246M(639M) 4.647ms
[680.991s][info][gc] GC(10604) Pause Young (Allocation Failure) 423M->248M(639M) 5.195ms
[681.042s][info][gc] GC(10605) Pause Young (Allocation Failure) 424M->249M(639M) 5.185ms
[681.092s][info][gc] GC(10606) Pause Young (Allocation Failure) 426M->250M(639M) 4.542ms
[681.148s][info][gc] GC(10607) Pause Young (Allocation Failure) 427M->252M(639M) 5.423ms
[681.200s][info][gc] GC(10608) Pause Young (Allocation Failure) 429M->253M(639M) 5.227ms
[681.254s][info][gc] GC(10609) Pause Young (Allocation Failure) 430M->254M(639M) 4.407ms
[681.308s][info][gc] GC(10610) Pause Young (Allocation Failure) 430M->257M(639M) 5.270ms
[681.358s][info][gc] GC(10611) Pause Young (Allocation Failure) 433M->257M(639M) 5.023ms
[681.414s][info][gc] GC(10612) Pause Young (Allocation Failure) 434M->256M(639M) 3.640ms
[681.492s][info][gc] GC(10613) Pause Young (Allocation Failure) 433M->257M(639M) 3.788ms
[681.631s][info][gc] GC(10614) Pause Young (Allocation Failure) 433M->259M(639M) 4.594ms
[681.715s][info][gc] GC(10615) Pause Young (Allocation Failure) 436M->265M(639M) 6.364ms
[681.781s][info][gc] GC(10616) Pause Young (Allocation Failure) 441M->265M(639M) 6.095ms
[681.855s][info][gc] GC(10617) Pause Young (Allocation Failure) 442M->268M(639M) 5.514ms
[681.923s][info][gc] GC(10618) Pause Young (Allocation Failure) 445M->269M(639M) 4.637ms
[681.993s][info][gc] GC(10619) Pause Young (Allocation Failure) 445M->270M(639M) 3.914ms
[682.061s][info][gc] GC(10620) Pause Young (Allocation Failure) 447M->271M(639M) 3.981ms
[682.128s][info][gc] GC(10621) Pause Young (Allocation Failure) 447M->273M(639M) 4.561ms
[682.202s][info][gc] GC(10622) Pause Young (Allocation Failure) 450M->274M(639M) 5.160ms
[682.264s][info][gc] GC(10623) Pause Young (Allocation Failure) 451M->276M(639M) 4.533ms
[682.340s][info][gc] GC(10624) Pause Young (Allocation Failure) 452M->278M(639M) 5.068ms
[682.401s][info][gc] GC(10625) Pause Young (Allocation Failure) 454M->278M(639M) 4.432ms
[682.474s][info][gc] GC(10626) Pause Young (Allocation Failure) 454M->280M(639M) 4.846ms
[682.541s][info][gc] GC(10627) Pause Young (Allocation Failure) 457M->281M(639M) 5.026ms
[682.609s][info][gc] GC(10628) Pause Young (Allocation Failure) 457M->282M(639M) 4.662ms
[682.676s][info][gc] GC(10629) Pause Young (Allocation Failure) 459M->283M(639M) 4.532ms
[682.743s][info][gc] GC(10630) Pause Young (Allocation Failure) 460M->285M(639M) 4.624ms
[682.813s][info][gc] GC(10631) Pause Young (Allocation Failure) 461M->286M(639M) 4.929ms
[682.883s][info][gc] GC(10632) Pause Young (Allocation Failure) 462M->288M(639M) 4.974ms
[682.965s][info][gc] GC(10633) Pause Young (Allocation Failure) 464M->289M(639M) 5.132ms
[683.037s][info][gc] GC(10634) Pause Young (Allocation Failure) 465M->290M(639M) 4.568ms
[683.115s][info][gc] GC(10635) Pause Young (Allocation Failure) 467M->292M(639M) 4.618ms
[683.187s][info][gc] GC(10636) Pause Young (Allocation Failure) 468M->292M(639M) 4.965ms
[683.260s][info][gc] GC(10637) Pause Young (Allocation Failure) 469M->294M(639M) 4.408ms
[683.329s][info][gc] GC(10638) Pause Young (Allocation Failure) 471M->294M(639M) 4.626ms
[683.400s][info][gc] GC(10639) Pause Young (Allocation Failure) 471M->297M(639M) 5.089ms
[683.473s][info][gc] GC(10640) Pause Young (Allocation Failure) 474M->299M(639M) 5.265ms
[683.538s][info][gc] GC(10641) Pause Young (Allocation Failure) 475M->299M(639M) 4.572ms
[683.610s][info][gc] GC(10642) Pause Young (Allocation Failure) 476M->301M(639M) 4.690ms
[683.675s][info][gc] GC(10643) Pause Young (Allocation Failure) 478M->302M(639M) 4.784ms
[683.745s][info][gc] GC(10644) Pause Young (Allocation Failure) 478M->304M(639M) 4.611ms
[683.816s][info][gc] GC(10645) Pause Young (Allocation Failure) 480M->305M(639M) 5.092ms
[683.883s][info][gc] GC(10646) Pause Young (Allocation Failure) 481M->306M(639M) 4.346ms
[683.953s][info][gc] GC(10647) Pause Young (Allocation Failure) 482M->307M(639M) 4.897ms
[684.021s][info][gc] GC(10648) Pause Young (Allocation Failure) 484M->309M(639M) 4.916ms
[684.094s][info][gc] GC(10649) Pause Young (Allocation Failure) 485M->311M(639M) 5.156ms
[684.160s][info][gc] GC(10650) Pause Young (Allocation Failure) 487M->312M(639M) 5.077ms
[684.231s][info][gc] GC(10651) Pause Young (Allocation Failure) 488M->313M(639M) 4.646ms
[684.295s][info][gc] GC(10652) Pause Young (Allocation Failure) 490M->314M(639M) 4.609ms
[684.368s][info][gc] GC(10653) Pause Young (Allocation Failure) 491M->316M(639M) 4.888ms
[684.435s][info][gc] GC(10654) Pause Young (Allocation Failure) 493M->317M(639M) 4.965ms
[684.505s][info][gc] GC(10655) Pause Young (Allocation Failure) 493M->318M(639M) 4.431ms
[684.574s][info][gc] GC(10656) Pause Young (Allocation Failure) 494M->319M(639M) 4.908ms
[684.643s][info][gc] GC(10657) Pause Young (Allocation Failure) 496M->321M(639M) 4.949ms
[684.712s][info][gc] GC(10658) Pause Young (Allocation Failure) 498M->322M(639M) 4.781ms
[684.782s][info][gc] GC(10659) Pause Young (Allocation Failure) 498M->324M(639M) 5.228ms
[684.853s][info][gc] GC(10660) Pause Young (Allocation Failure) 501M->325M(639M) 5.232ms
[684.922s][info][gc] GC(10661) Pause Young (Allocation Failure) 502M->326M(639M) 4.547ms
[684.992s][info][gc] GC(10662) Pause Young (Allocation Failure) 503M->328M(639M) 4.934ms
[685.062s][info][gc] GC(10663) Pause Young (Allocation Failure) 504M->328M(639M) 4.400ms
[685.147s][info][gc] GC(10664) Pause Young (Allocation Failure) 505M->330M(639M) 6.104ms
[685.233s][info][gc] GC(10665) Pause Young (Allocation Failure) 507M->332M(639M) 5.343ms
[685.303s][info][gc] GC(10666) Pause Young (Allocation Failure) 509M->333M(639M) 5.406ms
[685.377s][info][gc] GC(10667) Pause Young (Allocation Failure) 510M->334M(639M) 4.637ms
[685.443s][info][gc] GC(10668) Pause Young (Allocation Failure) 510M->336M(639M) 5.052ms
[685.518s][info][gc] GC(10669) Pause Young (Allocation Failure) 512M->337M(639M) 5.133ms
[685.581s][info][gc] GC(10670) Pause Young (Allocation Failure) 514M->337M(639M) 4.562ms
[685.653s][info][gc] GC(10671) Pause Young (Allocation Failure) 513M->340M(639M) 4.774ms
[685.724s][info][gc] GC(10672) Pause Young (Allocation Failure) 517M->341M(639M) 5.023ms
[685.790s][info][gc] GC(10673) Pause Young (Allocation Failure) 518M->343M(639M) 4.687ms
[685.859s][info][gc] GC(10674) Pause Young (Allocation Failure) 519M->344M(639M) 4.794ms
[685.926s][info][gc] GC(10675) Pause Young (Allocation Failure) 521M->345M(639M) 4.721ms
[685.997s][info][gc] GC(10676) Pause Young (Allocation Failure) 522M->347M(639M) 4.733ms
[686.062s][info][gc] GC(10677) Pause Young (Allocation Failure) 523M->348M(639M) 4.605ms
[686.133s][info][gc] GC(10678) Pause Young (Allocation Failure) 524M->349M(639M) 4.687ms
[686.200s][info][gc] GC(10679) Pause Young (Allocation Failure) 525M->350M(639M) 4.282ms
[686.268s][info][gc] GC(10680) Pause Young (Allocation Failure) 526M->352M(639M) 5.060ms
[686.344s][info][gc] GC(10681) Pause Young (Allocation Failure) 528M->354M(639M) 5.392ms
[686.410s][info][gc] GC(10682) Pause Young (Allocation Failure) 530M->355M(639M) 4.794ms
[686.481s][info][gc] GC(10683) Pause Young (Allocation Failure) 532M->356M(639M) 4.868ms
[686.544s][info][gc] GC(10684) Pause Young (Allocation Failure) 533M->357M(639M) 4.725ms
[686.617s][info][gc] GC(10685) Pause Young (Allocation Failure) 534M->359M(639M) 4.851ms
[686.679s][info][gc] GC(10686) Pause Young (Allocation Failure) 535M->359M(639M) 4.328ms
[686.752s][info][gc] GC(10687) Pause Young (Allocation Failure) 536M->361M(639M) 4.697ms
[686.824s][info][gc] GC(10688) Pause Young (Allocation Failure) 538M->362M(639M) 4.777ms
[686.891s][info][gc] GC(10689) Pause Young (Allocation Failure) 538M->364M(639M) 4.695ms
[686.964s][info][gc] GC(10690) Pause Young (Allocation Failure) 540M->365M(639M) 5.554ms
[687.030s][info][gc] GC(10691) Pause Young (Allocation Failure) 542M->366M(639M) 4.430ms
[687.100s][info][gc] GC(10692) Pause Young (Allocation Failure) 543M->368M(639M) 4.668ms
[687.166s][info][gc] GC(10693) Pause Young (Allocation Failure) 544M->369M(639M) 4.925ms
[687.242s][info][gc] GC(10694) Pause Young (Allocation Failure) 545M->371M(639M) 5.056ms
[687.313s][info][gc] GC(10695) Pause Young (Allocation Failure) 548M->371M(639M) 4.752ms
[687.381s][info][gc] GC(10696) Pause Young (Allocation Failure) 547M->374M(639M) 4.876ms
[687.457s][info][gc] GC(10697) Pause Young (Allocation Failure) 550M->375M(639M) 6.067ms
[687.522s][info][gc] GC(10698) Pause Young (Allocation Failure) 552M->376M(639M) 4.676ms
[687.600s][info][gc] GC(10699) Pause Young (Allocation Failure) 553M->378M(639M) 5.206ms
[687.664s][info][gc] GC(10700) Pause Young (Allocation Failure) 555M->378M(639M) 4.434ms
[687.745s][info][gc] GC(10701) Pause Young (Allocation Failure) 554M->381M(639M) 5.037ms
[687.810s][info][gc] GC(10702) Pause Young (Allocation Failure) 557M->380M(639M) 4.532ms
[687.901s][info][gc] GC(10703) Pause Young (Allocation Failure) 556M->381M(639M) 4.062ms
[687.996s][info][gc] GC(10704) Pause Young (Allocation Failure) 557M->383M(639M) 4.447ms
[688.089s][info][gc] GC(10705) Pause Young (Allocation Failure) 559M->384M(639M) 5.070ms
[688.180s][info][gc] GC(10706) Pause Young (Allocation Failure) 561M->385M(639M) 5.025ms
[688.270s][info][gc] GC(10707) Pause Young (Allocation Failure) 562M->386M(639M) 4.345ms
[688.354s][info][gc] GC(10708) Pause Young (Allocation Failure) 563M->387M(639M) 4.147ms
[688.452s][info][gc] GC(10709) Pause Young (Allocation Failure) 564M->390M(639M) 5.073ms
[688.545s][info][gc] GC(10710) Pause Young (Allocation Failure) 566M->391M(639M) 5.072ms
[688.634s][info][gc] GC(10711) Pause Young (Allocation Failure) 567M->392M(639M) 4.680ms
[688.730s][info][gc] GC(10712) Pause Young (Allocation Failure) 569M->393M(639M) 4.569ms
[688.822s][info][gc] GC(10713) Pause Young (Allocation Failure) 570M->394M(639M) 4.231ms
[688.916s][info][gc] GC(10714) Pause Young (Allocation Failure) 570M->396M(639M) 4.765ms
[689.011s][info][gc] GC(10715) Pause Young (Allocation Failure) 572M->398M(639M) 4.933ms
[689.109s][info][gc] GC(10716) Pause Young (Allocation Failure) 574M->399M(639M) 5.067ms
[689.199s][info][gc] GC(10717) Pause Young (Allocation Failure) 576M->400M(639M) 4.677ms
[689.290s][info][gc] GC(10718) Pause Young (Allocation Failure) 577M->402M(639M) 4.670ms
[689.379s][info][gc] GC(10719) Pause Young (Allocation Failure) 578M->403M(639M) 4.409ms
[689.469s][info][gc] GC(10720) Pause Young (Allocation Failure) 579M->404M(639M) 4.211ms
[689.556s][info][gc] GC(10721) Pause Young (Allocation Failure) 580M->405M(639M) 4.737ms
[689.651s][info][gc] GC(10722) Pause Young (Allocation Failure) 582M->407M(639M) 4.954ms
[689.742s][info][gc] GC(10723) Pause Young (Allocation Failure) 584M->408M(639M) 5.166ms
[689.839s][info][gc] GC(10724) Pause Young (Allocation Failure) 585M->409M(639M) 4.708ms
[689.936s][info][gc] GC(10725) Pause Young (Allocation Failure) 586M->411M(639M) 4.638ms
[690.028s][info][gc] GC(10726) Pause Young (Allocation Failure) 587M->413M(639M) 5.267ms
[690.116s][info][gc] GC(10727) Pause Young (Allocation Failure) 589M->413M(639M) 4.834ms
[690.210s][info][gc] GC(10728) Pause Young (Allocation Failure) 590M->415M(639M) 4.494ms
[690.305s][info][gc] GC(10729) Pause Young (Allocation Failure) 591M->416M(639M) 5.159ms
[690.403s][info][gc] GC(10730) Pause Young (Allocation Failure) 593M->418M(639M) 4.964ms
[690.498s][info][gc] GC(10731) Pause Young (Allocation Failure) 594M->419M(639M) 4.860ms
[690.585s][info][gc] GC(10732) Pause Young (Allocation Failure) 595M->420M(639M) 4.404ms
[690.673s][info][gc] GC(10733) Pause Young (Allocation Failure) 596M->422M(639M) 4.477ms
[690.763s][info][gc] GC(10734) Pause Young (Allocation Failure) 598M->423M(639M) 5.002ms
[690.856s][info][gc] GC(10735) Pause Young (Allocation Failure) 599M->424M(639M) 4.358ms
[690.949s][info][gc] GC(10736) Pause Young (Allocation Failure) 601M->426M(639M) 4.933ms
[691.042s][info][gc] GC(10737) Pause Young (Allocation Failure) 602M->427M(639M) 4.761ms
[691.130s][info][gc] GC(10738) Pause Young (Allocation Failure) 603M->428M(639M) 4.420ms
[691.219s][info][gc] GC(10739) Pause Young (Allocation Failure) 605M->429M(639M) 4.724ms
[691.315s][info][gc] GC(10740) Pause Young (Allocation Failure) 606M->432M(639M) 5.159ms
[691.405s][info][gc] GC(10741) Pause Young (Allocation Failure) 608M->432M(639M) 4.864ms
[691.498s][info][gc] GC(10742) Pause Young (Allocation Failure) 609M->433M(639M) 4.375ms
[691.590s][info][gc] GC(10743) Pause Young (Allocation Failure) 610M->435M(639M) 4.850ms
[691.678s][info][gc] GC(10744) Pause Young (Allocation Failure) 612M->436M(639M) 4.816ms
[691.771s][info][gc] GC(10745) Pause Young (Allocation Failure) 613M->438M(639M) 4.381ms
[691.864s][info][gc] GC(10746) Pause Young (Allocation Failure) 614M->439M(639M) 4.721ms
[691.959s][info][gc] GC(10747) Pause Young (Allocation Failure) 615M->441M(639M) 5.101ms
[692.049s][info][gc] GC(10748) Pause Young (Allocation Failure) 618M->441M(639M) 4.856ms
[692.143s][info][gc] GC(10749) Pause Young (Allocation Failure) 618M->443M(639M) 4.353ms
[692.229s][info][gc] GC(10750) Pause Young (Allocation Failure) 619M->443M(639M) 4.409ms
[692.322s][info][gc] GC(10751) Pause Young (Allocation Failure) 620M->446M(639M) 4.832ms
[692.414s][info][gc] GC(10752) Pause Young (Allocation Failure) 622M->447M(639M) 4.827ms
[692.507s][info][gc] GC(10753) Pause Young (Allocation Failure) 623M->448M(639M) 4.271ms
[692.602s][info][gc] GC(10754) Pause Young (Allocation Failure) 625M->450M(639M) 5.005ms
[692.696s][info][gc] GC(10755) Pause Young (Allocation Failure) 627M->452M(639M) 5.118ms
[692.781s][info][gc] GC(10756) Pause Young (Allocation Failure) 628M->451M(640M) 4.337ms
[692.902s][info][gc] GC(10757) Pause Full (Allocation Failure) 451M->178M(639M) 120.874ms
[692.992s][info][gc] GC(10758) Pause Young (Allocation Failure) 355M->182M(639M) 2.079ms
[693.080s][info][gc] GC(10759) Pause Young (Allocation Failure) 359M->183M(639M) 2.306ms
[693.171s][info][gc] GC(10760) Pause Young (Allocation Failure) 360M->185M(639M) 2.970ms
[693.261s][info][gc] GC(10761) Pause Young (Allocation Failure) 362M->187M(639M) 3.448ms
[693.355s][info][gc] GC(10762) Pause Young (Allocation Failure) 363M->188M(639M) 3.762ms
[693.444s][info][gc] GC(10763) Pause Young (Allocation Failure) 365M->189M(639M) 3.962ms
[693.618s][info][gc] GC(10764) Pause Young (Allocation Failure) 365M->188M(639M) 3.247ms
[693.995s][info][gc] GC(10765) Pause Young (Allocation Failure) 364M->191M(639M) 4.352ms
[694.318s][info][gc] GC(10766) Pause Young (Allocation Failure) 368M->192M(639M) 4.721ms
[694.656s][info][gc] GC(10767) Pause Young (Allocation Failure) 369M->194M(639M) 4.341ms
[695.001s][info][gc] GC(10768) Pause Young (Allocation Failure) 370M->195M(639M) 4.408ms
[695.343s][info][gc] GC(10769) Pause Young (Allocation Failure) 372M->197M(639M) 4.465ms
[695.672s][info][gc] GC(10770) Pause Young (Allocation Failure) 373M->198M(639M) 4.335ms
[696.018s][info][gc] GC(10771) Pause Young (Allocation Failure) 374M->199M(639M) 4.341ms
[696.347s][info][gc] GC(10772) Pause Young (Allocation Failure) 376M->201M(639M) 4.326ms
[696.690s][info][gc] GC(10773) Pause Young (Allocation Failure) 377M->202M(639M) 3.857ms
[697.017s][info][gc] GC(10774) Pause Young (Allocation Failure) 378M->203M(639M) 4.351ms
[697.354s][info][gc] GC(10775) Pause Young (Allocation Failure) 380M->205M(639M) 4.341ms
[697.707s][info][gc] GC(10776) Pause Young (Allocation Failure) 381M->206M(639M) 4.445ms
[698.046s][info][gc] GC(10777) Pause Young (Allocation Failure) 383M->207M(639M) 4.409ms
[698.383s][info][gc] GC(10778) Pause Young (Allocation Failure) 384M->209M(639M) 4.485ms
[698.730s][info][gc] GC(10779) Pause Young (Allocation Failure) 385M->210M(639M) 4.325ms
[699.061s][info][gc] GC(10780) Pause Young (Allocation Failure) 387M->212M(639M) 4.338ms
[699.407s][info][gc] GC(10781) Pause Young (Allocation Failure) 388M->213M(639M) 4.250ms
[699.737s][info][gc] GC(10782) Pause Young (Allocation Failure) 389M->214M(639M) 4.364ms
[700.082s][info][gc] GC(10783) Pause Young (Allocation Failure) 391M->215M(639M) 4.332ms
[700.432s][info][gc] GC(10784) Pause Young (Allocation Failure) 392M->217M(639M) 4.400ms
[700.766s][info][gc] GC(10785) Pause Young (Allocation Failure) 394M->218M(639M) 4.402ms
[701.095s][info][gc] GC(10786) Pause Young (Allocation Failure) 395M->220M(639M) 4.391ms
[701.443s][info][gc] GC(10787) Pause Young (Allocation Failure) 396M->221M(639M) 4.351ms
[701.774s][info][gc] GC(10788) Pause Young (Allocation Failure) 398M->222M(639M) 4.337ms
[702.107s][info][gc] GC(10789) Pause Young (Allocation Failure) 399M->223M(639M) 4.103ms
[702.440s][info][gc] GC(10790) Pause Young (Allocation Failure) 400M->225M(639M) 4.325ms
[702.779s][info][gc] GC(10791) Pause Young (Allocation Failure) 402M->226M(639M) 4.330ms
[703.118s][info][gc] GC(10792) Pause Young (Allocation Failure) 403M->228M(639M) 4.346ms
[703.448s][info][gc] GC(10793) Pause Young (Allocation Failure) 404M->229M(639M) 4.378ms
[703.854s][info][gc] GC(10794) Pause Young (Allocation Failure) 406M->231M(639M) 4.545ms
[704.194s][info][gc] GC(10795) Pause Young (Allocation Failure) 408M->233M(639M) 4.533ms
[704.530s][info][gc] GC(10796) Pause Young (Allocation Failure) 409M->234M(639M) 4.578ms
[704.858s][info][gc] GC(10797) Pause Young (Allocation Failure) 410M->235M(639M) 4.636ms
[705.218s][info][gc] GC(10798) Pause Young (Allocation Failure) 412M->237M(639M) 4.379ms
[705.559s][info][gc] GC(10799) Pause Young (Allocation Failure) 413M->238M(639M) 4.715ms
[705.899s][info][gc] GC(10800) Pause Young (Allocation Failure) 415M->239M(639M) 4.269ms
[706.231s][info][gc] GC(10801) Pause Young (Allocation Failure) 416M->240M(639M) 4.094ms
[706.571s][info][gc] GC(10802) Pause Young (Allocation Failure) 417M->242M(639M) 4.574ms
[706.916s][info][gc] GC(10803) Pause Young (Allocation Failure) 419M->243M(639M) 4.906ms
[707.257s][info][gc] GC(10804) Pause Young (Allocation Failure) 420M->245M(639M) 4.363ms
[707.606s][info][gc] GC(10805) Pause Young (Allocation Failure) 421M->246M(639M) 4.334ms
[707.934s][info][gc] GC(10806) Pause Young (Allocation Failure) 423M->247M(639M) 4.293ms
[708.278s][info][gc] GC(10807) Pause Young (Allocation Failure) 424M->249M(639M) 4.467ms
[708.632s][info][gc] GC(10808) Pause Young (Allocation Failure) 425M->250M(639M) 4.402ms
[708.972s][info][gc] GC(10809) Pause Young (Allocation Failure) 427M->251M(639M) 4.412ms
[709.311s][info][gc] GC(10810) Pause Young (Allocation Failure) 428M->253M(639M) 4.333ms
[709.646s][info][gc] GC(10811) Pause Young (Allocation Failure) 429M->254M(639M) 4.271ms
[709.996s][info][gc] GC(10812) Pause Young (Allocation Failure) 431M->256M(639M) 4.653ms
[710.350s][info][gc] GC(10813) Pause Young (Allocation Failure) 432M->257M(639M) 4.523ms
[710.677s][info][gc] GC(10814) Pause Young (Allocation Failure) 433M->258M(639M) 4.378ms
[711.015s][info][gc] GC(10815) Pause Young (Allocation Failure) 435M->259M(639M) 4.335ms
[711.353s][info][gc] GC(10816) Pause Young (Allocation Failure) 436M->261M(639M) 4.382ms
[711.691s][info][gc] GC(10817) Pause Young (Allocation Failure) 437M->262M(639M) 4.365ms
[712.035s][info][gc] GC(10818) Pause Young (Allocation Failure) 439M->264M(639M) 4.248ms
[712.371s][info][gc] GC(10819) Pause Young (Allocation Failure) 440M->265M(639M) 4.484ms
[712.701s][info][gc] GC(10820) Pause Young (Allocation Failure) 442M->266M(639M) 4.349ms
[713.054s][info][gc] GC(10821) Pause Young (Allocation Failure) 443M->268M(639M) 4.432ms
[713.392s][info][gc] GC(10822) Pause Young (Allocation Failure) 444M->269M(639M) 4.324ms
[713.738s][info][gc] GC(10823) Pause Young (Allocation Failure) 445M->270M(639M) 4.342ms
[714.140s][info][gc] GC(10824) Pause Young (Allocation Failure) 447M->273M(639M) 4.800ms
[714.479s][info][gc] GC(10825) Pause Young (Allocation Failure) 449M->274M(639M) 4.608ms
[714.810s][info][gc] GC(10826) Pause Young (Allocation Failure) 450M->275M(639M) 4.181ms
[715.155s][info][gc] GC(10827) Pause Young (Allocation Failure) 452M->277M(639M) 4.679ms
[715.497s][info][gc] GC(10828) Pause Young (Allocation Failure) 453M->278M(639M) 4.203ms
[715.828s][info][gc] GC(10829) Pause Young (Allocation Failure) 454M->279M(639M) 4.595ms
[716.165s][info][gc] GC(10830) Pause Young (Allocation Failure) 456M->281M(639M) 4.188ms
[716.503s][info][gc] GC(10831) Pause Young (Allocation Failure) 457M->282M(639M) 4.279ms
[716.835s][info][gc] GC(10832) Pause Young (Allocation Failure) 458M->283M(639M) 3.959ms
[717.180s][info][gc] GC(10833) Pause Young (Allocation Failure) 460M->285M(639M) 4.372ms
[717.515s][info][gc] GC(10834) Pause Young (Allocation Failure) 461M->286M(639M) 4.502ms
[717.852s][info][gc] GC(10835) Pause Young (Allocation Failure) 463M->287M(639M) 4.193ms
[718.197s][info][gc] GC(10836) Pause Young (Allocation Failure) 463M->289M(639M) 4.405ms
[718.533s][info][gc] GC(10837) Pause Young (Allocation Failure) 465M->290M(639M) 4.535ms
[718.888s][info][gc] GC(10838) Pause Young (Allocation Failure) 467M->291M(639M) 4.434ms
[719.238s][info][gc] GC(10839) Pause Young (Allocation Failure) 468M->293M(639M) 4.399ms
[719.578s][info][gc] GC(10840) Pause Young (Allocation Failure) 469M->294M(639M) 4.331ms
[719.933s][info][gc] GC(10841) Pause Young (Allocation Failure) 471M->296M(639M) 4.538ms
[720.273s][info][gc] GC(10842) Pause Young (Allocation Failure) 472M->297M(639M) 4.451ms
[720.609s][info][gc] GC(10843) Pause Young (Allocation Failure) 473M->298M(639M) 4.150ms
[720.948s][info][gc] GC(10844) Pause Young (Allocation Failure) 474M->300M(639M) 4.345ms
[721.291s][info][gc] GC(10845) Pause Young (Allocation Failure) 476M->301M(639M) 4.444ms
[721.642s][info][gc] GC(10846) Pause Young (Allocation Failure) 478M->302M(639M) 4.768ms
[721.982s][info][gc] GC(10847) Pause Young (Allocation Failure) 479M->304M(639M) 4.306ms
[722.408s][info][gc] GC(10848) Pause Young (Allocation Failure) 480M->305M(639M) 4.415ms
[722.761s][info][gc] GC(10849) Pause Young (Allocation Failure) 481M->306M(639M) 4.399ms
[723.098s][info][gc] GC(10850) Pause Young (Allocation Failure) 483M->308M(639M) 4.356ms
[723.426s][info][gc] GC(10851) Pause Young (Allocation Failure) 484M->309M(639M) 4.286ms
[723.769s][info][gc] GC(10852) Pause Young (Allocation Failure) 485M->310M(639M) 4.337ms
[724.096s][info][gc] GC(10853) Pause Young (Allocation Failure) 487M->312M(639M) 4.347ms
[724.502s][info][gc] GC(10854) Pause Young (Allocation Failure) 488M->314M(639M) 4.691ms
[724.842s][info][gc] GC(10855) Pause Young (Allocation Failure) 490M->315M(639M) 4.788ms
[725.191s][info][gc] GC(10856) Pause Young (Allocation Failure) 492M->317M(639M) 4.885ms
[725.526s][info][gc] GC(10857) Pause Young (Allocation Failure) 493M->318M(639M) 4.191ms
[725.875s][info][gc] GC(10858) Pause Young (Allocation Failure) 494M->319M(639M) 4.188ms
[726.215s][info][gc] GC(10859) Pause Young (Allocation Failure) 496M->321M(639M) 4.319ms
[726.547s][info][gc] GC(10860) Pause Young (Allocation Failure) 497M->322M(639M) 4.247ms
[726.890s][info][gc] GC(10861) Pause Young (Allocation Failure) 499M->323M(639M) 4.232ms
[727.232s][info][gc] GC(10862) Pause Young (Allocation Failure) 500M->325M(639M) 3.999ms
[727.570s][info][gc] GC(10863) Pause Young (Allocation Failure) 501M->326M(639M) 4.369ms
[727.898s][info][gc] GC(10864) Pause Young (Allocation Failure) 503M->327M(639M) 4.362ms
[728.234s][info][gc] GC(10865) Pause Young (Allocation Failure) 504M->329M(639M) 4.402ms
[728.568s][info][gc] GC(10866) Pause Young (Allocation Failure) 505M->330M(639M) 4.342ms
[728.901s][info][gc] GC(10867) Pause Young (Allocation Failure) 506M->332M(639M) 4.414ms
[729.240s][info][gc] GC(10868) Pause Young (Allocation Failure) 508M->333M(639M) 4.717ms
[729.583s][info][gc] GC(10869) Pause Young (Allocation Failure) 509M->334M(639M) 4.294ms
[729.934s][info][gc] GC(10870) Pause Young (Allocation Failure) 511M->335M(639M) 4.503ms
[730.290s][info][gc] GC(10871) Pause Young (Allocation Failure) 512M->337M(639M) 4.480ms
[730.625s][info][gc] GC(10872) Pause Young (Allocation Failure) 513M->338M(639M) 4.309ms
[730.973s][info][gc] GC(10873) Pause Young (Allocation Failure) 515M->340M(639M) 4.783ms
[731.322s][info][gc] GC(10874) Pause Young (Allocation Failure) 516M->341M(639M) 4.358ms
[731.660s][info][gc] GC(10875) Pause Young (Allocation Failure) 518M->342M(639M) 4.350ms
[732.002s][info][gc] GC(10876) Pause Young (Allocation Failure) 519M->344M(639M) 4.276ms
[732.337s][info][gc] GC(10877) Pause Young (Allocation Failure) 520M->345M(639M) 4.462ms
[732.677s][info][gc] GC(10878) Pause Young (Allocation Failure) 522M->346M(639M) 4.344ms
[733.019s][info][gc] GC(10879) Pause Young (Allocation Failure) 523M->348M(639M) 4.376ms
[733.355s][info][gc] GC(10880) Pause Young (Allocation Failure) 524M->349M(639M) 4.581ms
[733.683s][info][gc] GC(10881) Pause Young (Allocation Failure) 526M->350M(639M) 4.317ms
[734.030s][info][gc] GC(10882) Pause Young (Allocation Failure) 527M->352M(639M) 4.331ms
[734.436s][info][gc] GC(10883) Pause Young (Allocation Failure) 528M->354M(639M) 4.699ms
[734.767s][info][gc] GC(10884) Pause Young (Allocation Failure) 530M->355M(639M) 4.629ms
[735.114s][info][gc] GC(10885) Pause Young (Allocation Failure) 532M->356M(639M) 4.230ms
[735.460s][info][gc] GC(10886) Pause Young (Allocation Failure) 533M->358M(639M) 4.177ms
[735.791s][info][gc] GC(10887) Pause Young (Allocation Failure) 534M->359M(639M) 4.603ms
[736.139s][info][gc] GC(10888) Pause Young (Allocation Failure) 536M->361M(639M) 4.170ms
[736.466s][info][gc] GC(10889) Pause Young (Allocation Failure) 537M->362M(639M) 4.597ms
[736.816s][info][gc] GC(10890) Pause Young (Allocation Failure) 538M->363M(639M) 4.087ms
[737.144s][info][gc] GC(10891) Pause Young (Allocation Failure) 540M->365M(639M) 4.635ms
[737.481s][info][gc] GC(10892) Pause Young (Allocation Failure) 541M->366M(639M) 4.388ms
[737.829s][info][gc] GC(10893) Pause Young (Allocation Failure) 543M->367M(639M) 4.358ms
[738.161s][info][gc] GC(10894) Pause Young (Allocation Failure) 544M->369M(639M) 4.338ms
[738.490s][info][gc] GC(10895) Pause Young (Allocation Failure) 545M->370M(639M) 4.174ms
[738.831s][info][gc] GC(10896) Pause Young (Allocation Failure) 546M->371M(639M) 4.206ms
[739.170s][info][gc] GC(10897) Pause Young (Allocation Failure) 548M->373M(639M) 4.437ms
[739.513s][info][gc] GC(10898) Pause Young (Allocation Failure) 549M->374M(639M) 4.317ms
[739.843s][info][gc] GC(10899) Pause Young (Allocation Failure) 551M->375M(639M) 4.432ms
[740.188s][info][gc] GC(10900) Pause Young (Allocation Failure) 552M->377M(639M) 4.500ms
[740.536s][info][gc] GC(10901) Pause Young (Allocation Failure) 553M->378M(639M) 4.333ms
[740.879s][info][gc] GC(10902) Pause Young (Allocation Failure) 555M->380M(639M) 4.450ms
[741.222s][info][gc] GC(10903) Pause Young (Allocation Failure) 556M->381M(639M) 4.308ms
[741.550s][info][gc] GC(10904) Pause Young (Allocation Failure) 557M->382M(639M) 4.402ms
[741.886s][info][gc] GC(10905) Pause Young (Allocation Failure) 559M->383M(639M) 4.392ms
[742.225s][info][gc] GC(10906) Pause Young (Allocation Failure) 560M->385M(639M) 4.318ms
[742.566s][info][gc] GC(10907) Pause Young (Allocation Failure) 561M->386M(639M) 4.348ms
[742.896s][info][gc] GC(10908) Pause Young (Allocation Failure) 563M->388M(639M) 4.331ms
[743.247s][info][gc] GC(10909) Pause Young (Allocation Failure) 564M->389M(639M) 4.346ms
[743.582s][info][gc] GC(10910) Pause Young (Allocation Failure) 566M->390M(639M) 4.337ms
[743.923s][info][gc] GC(10911) Pause Young (Allocation Failure) 567M->392M(639M) 4.348ms
[744.264s][info][gc] GC(10912) Pause Young (Allocation Failure) 568M->393M(639M) 4.358ms
[744.666s][info][gc] GC(10913) Pause Young (Allocation Failure) 570M->395M(639M) 4.632ms
[745.017s][info][gc] GC(10914) Pause Young (Allocation Failure) 572M->397M(639M) 4.713ms
[745.361s][info][gc] GC(10915) Pause Young (Allocation Failure) 573M->398M(639M) 4.172ms
[745.717s][info][gc] GC(10916) Pause Young (Allocation Failure) 574M->400M(639M) 4.658ms
[746.044s][info][gc] GC(10917) Pause Young (Allocation Failure) 576M->401M(639M) 4.664ms
[746.380s][info][gc] GC(10918) Pause Young (Allocation Failure) 577M->402M(639M) 4.221ms
[746.722s][info][gc] GC(10919) Pause Young (Allocation Failure) 578M->403M(639M) 4.164ms
[747.061s][info][gc] GC(10920) Pause Young (Allocation Failure) 580M->405M(639M) 4.196ms
[747.401s][info][gc] GC(10921) Pause Young (Allocation Failure) 581M->406M(639M) 3.827ms
[747.743s][info][gc] GC(10922) Pause Young (Allocation Failure) 582M->407M(639M) 4.477ms
[748.079s][info][gc] GC(10923) Pause Young (Allocation Failure) 584M->409M(639M) 4.585ms
[748.422s][info][gc] GC(10924) Pause Young (Allocation Failure) 585M->410M(639M) 4.418ms
[748.756s][info][gc] GC(10925) Pause Young (Allocation Failure) 586M->411M(639M) 4.331ms
[749.113s][info][gc] GC(10926) Pause Young (Allocation Failure) 588M->413M(639M) 4.321ms
[749.468s][info][gc] GC(10927) Pause Young (Allocation Failure) 589M->414M(639M) 4.381ms
[749.809s][info][gc] GC(10928) Pause Young (Allocation Failure) 591M->416M(639M) 4.481ms
[750.154s][info][gc] GC(10929) Pause Young (Allocation Failure) 592M->417M(639M) 4.405ms
[750.501s][info][gc] GC(10930) Pause Young (Allocation Failure) 593M->418M(639M) 4.595ms
[750.845s][info][gc] GC(10931) Pause Young (Allocation Failure) 595M->419M(639M) 4.595ms
[751.193s][info][gc] GC(10932) Pause Young (Allocation Failure) 596M->421M(639M) 4.409ms
[751.521s][info][gc] GC(10933) Pause Young (Allocation Failure) 597M->422M(639M) 4.384ms
[751.851s][info][gc] GC(10934) Pause Young (Allocation Failure) 599M->424M(639M) 4.383ms
[752.194s][info][gc] GC(10935) Pause Young (Allocation Failure) 600M->425M(639M) 4.335ms
[752.529s][info][gc] GC(10936) Pause Young (Allocation Failure) 601M->426M(639M) 4.344ms
[752.857s][info][gc] GC(10937) Pause Young (Allocation Failure) 603M->428M(639M) 4.457ms
[753.204s][info][gc] GC(10938) Pause Young (Allocation Failure) 604M->429M(639M) 4.530ms
[753.538s][info][gc] GC(10939) Pause Young (Allocation Failure) 606M->430M(639M) 4.359ms
[753.883s][info][gc] GC(10940) Pause Young (Allocation Failure) 607M->432M(639M) 4.359ms
[754.221s][info][gc] GC(10941) Pause Young (Allocation Failure) 608M->433M(639M) 4.425ms
[754.554s][info][gc] GC(10942) Pause Young (Allocation Failure) 610M->434M(639M) 4.401ms
[754.948s][info][gc] GC(10943) Pause Young (Allocation Failure) 611M->436M(639M) 4.649ms
[755.299s][info][gc] GC(10944) Pause Young (Allocation Failure) 613M->438M(639M) 4.663ms
[755.634s][info][gc] GC(10945) Pause Young (Allocation Failure) 614M->439M(639M) 4.641ms
[755.964s][info][gc] GC(10946) Pause Young (Allocation Failure) 616M->441M(639M) 4.230ms
[756.321s][info][gc] GC(10947) Pause Young (Allocation Failure) 617M->442M(639M) 4.321ms
[756.655s][info][gc] GC(10948) Pause Young (Allocation Failure) 619M->443M(639M) 4.308ms
[757.002s][info][gc] GC(10949) Pause Young (Allocation Failure) 620M->445M(639M) 4.159ms
[757.345s][info][gc] GC(10950) Pause Young (Allocation Failure) 621M->446M(639M) 4.143ms
[757.683s][info][gc] GC(10951) Pause Young (Allocation Failure) 623M->447M(639M) 4.486ms
[758.026s][info][gc] GC(10952) Pause Young (Allocation Failure) 623M->449M(639M) 4.359ms
[758.362s][info][gc] GC(10953) Pause Young (Allocation Failure) 625M->450M(639M) 4.586ms
[758.703s][info][gc] GC(10954) Pause Young (Allocation Failure) 627M->451M(639M) 4.366ms
[759.039s][info][gc] GC(10955) Pause Young (Allocation Failure) 628M->453M(640M) 4.451ms
[759.092s][info][gc] GC(10956) Pause Full (Allocation Failure) 453M->43M(639M) 52.936ms
[759.429s][info][gc] GC(10957) Pause Young (Allocation Failure) 220M->45M(639M) 1.338ms
[759.777s][info][gc] GC(10958) Pause Young (Allocation Failure) 222M->47M(639M) 1.829ms
[760.125s][info][gc] GC(10959) Pause Young (Allocation Failure) 223M->48M(639M) 2.194ms
[760.469s][info][gc] GC(10960) Pause Young (Allocation Failure) 225M->49M(639M) 2.441ms
[760.814s][info][gc] GC(10961) Pause Young (Allocation Failure) 226M->51M(639M) 2.867ms
[761.159s][info][gc] GC(10962) Pause Young (Allocation Failure) 227M->52M(639M) 3.037ms
[761.504s][info][gc] GC(10963) Pause Young (Allocation Failure) 228M->53M(639M) 3.451ms
[761.848s][info][gc] GC(10964) Pause Young (Allocation Failure) 230M->55M(639M) 3.870ms
[762.195s][info][gc] GC(10965) Pause Young (Allocation Failure) 231M->56M(639M) 4.267ms
[762.532s][info][gc] GC(10966) Pause Young (Allocation Failure) 233M->58M(639M) 4.324ms
[762.864s][info][gc] GC(10967) Pause Young (Allocation Failure) 234M->59M(639M) 4.472ms
[763.206s][info][gc] GC(10968) Pause Young (Allocation Failure) 236M->60M(639M) 4.358ms
[763.544s][info][gc] GC(10969) Pause Young (Allocation Failure) 237M->62M(639M) 4.370ms
[763.874s][info][gc] GC(10970) Pause Young (Allocation Failure) 238M->63M(639M) 4.599ms
[764.222s][info][gc] GC(10971) Pause Young (Allocation Failure) 239M->64M(639M) 4.306ms
[764.550s][info][gc] GC(10972) Pause Young (Allocation Failure) 241M->66M(639M) 4.312ms
[764.979s][info][gc] GC(10973) Pause Young (Allocation Failure) 242M->68M(639M) 4.841ms
[765.333s][info][gc] GC(10974) Pause Young (Allocation Failure) 244M->69M(639M) 4.677ms
[765.681s][info][gc] GC(10975) Pause Young (Allocation Failure) 246M->70M(639M) 4.253ms
[766.023s][info][gc] GC(10976) Pause Young (Allocation Failure) 247M->72M(639M) 4.238ms
[766.372s][info][gc] GC(10977) Pause Young (Allocation Failure) 248M->73M(639M) 4.253ms
[766.714s][info][gc] GC(10978) Pause Young (Allocation Failure) 250M->75M(639M) 4.649ms
[767.068s][info][gc] GC(10979) Pause Young (Allocation Failure) 251M->76M(639M) 4.780ms
[767.406s][info][gc] GC(10980) Pause Young (Allocation Failure) 252M->77M(639M) 4.261ms
[767.743s][info][gc] GC(10981) Pause Young (Allocation Failure) 254M->79M(639M) 4.003ms
[768.091s][info][gc] GC(10982) Pause Young (Allocation Failure) 255M->80M(639M) 4.390ms
[768.411s][info][gc] GC(10983) Pause Young (Allocation Failure) 257M->81M(639M) 4.390ms
[768.754s][info][gc] GC(10984) Pause Young (Allocation Failure) 258M->83M(639M) 4.381ms
[769.108s][info][gc] GC(10985) Pause Young (Allocation Failure) 259M->84M(639M) 4.461ms
[769.446s][info][gc] GC(10986) Pause Young (Allocation Failure) 260M->85M(639M) 4.312ms
[769.786s][info][gc] GC(10987) Pause Young (Allocation Failure) 262M->86M(639M) 4.224ms
[770.137s][info][gc] GC(10988) Pause Young (Allocation Failure) 263M->88M(639M) 4.393ms
[770.479s][info][gc] GC(10989) Pause Young (Allocation Failure) 265M->89M(639M) 4.624ms
[770.834s][info][gc] GC(10990) Pause Young (Allocation Failure) 266M->91M(639M) 4.380ms
[771.170s][info][gc] GC(10991) Pause Young (Allocation Failure) 267M->92M(639M) 4.417ms
[771.509s][info][gc] GC(10992) Pause Young (Allocation Failure) 269M->93M(639M) 4.554ms
[771.864s][info][gc] GC(10993) Pause Young (Allocation Failure) 270M->95M(639M) 4.422ms
[772.199s][info][gc] GC(10994) Pause Young (Allocation Failure) 271M->96M(639M) 4.316ms
[772.540s][info][gc] GC(10995) Pause Young (Allocation Failure) 273M->97M(639M) 4.258ms
[772.875s][info][gc] GC(10996) Pause Young (Allocation Failure) 274M->99M(639M) 4.459ms
[773.210s][info][gc] GC(10997) Pause Young (Allocation Failure) 275M->100M(639M) 4.345ms
[773.548s][info][gc] GC(10998) Pause Young (Allocation Failure) 277M->102M(639M) 4.302ms
[773.897s][info][gc] GC(10999) Pause Young (Allocation Failure) 278M->103M(639M) 4.300ms
[774.232s][info][gc] GC(11000) Pause Young (Allocation Failure) 279M->104M(639M) 4.317ms
[774.574s][info][gc] GC(11001) Pause Young (Allocation Failure) 281M->106M(639M) 4.295ms
[774.913s][info][gc] GC(11002) Pause Young (Allocation Failure) 282M->107M(639M) 4.546ms
[775.322s][info][gc] GC(11003) Pause Young (Allocation Failure) 283M->109M(639M) 4.653ms
[775.680s][info][gc] GC(11004) Pause Young (Allocation Failure) 286M->111M(639M) 4.675ms
[776.021s][info][gc] GC(11005) Pause Young (Allocation Failure) 287M->112M(639M) 4.266ms
[776.364s][info][gc] GC(11006) Pause Young (Allocation Failure) 288M->113M(639M) 4.429ms
[776.715s][info][gc] GC(11007) Pause Young (Allocation Failure) 290M->115M(639M) 4.817ms
[777.056s][info][gc] GC(11008) Pause Young (Allocation Failure) 291M->116M(639M) 4.365ms
[777.405s][info][gc] GC(11009) Pause Young (Allocation Failure) 292M->117M(639M) 4.282ms
[777.732s][info][gc] GC(11010) Pause Young (Allocation Failure) 294M->119M(639M) 4.362ms
[778.067s][info][gc] GC(11011) Pause Young (Allocation Failure) 295M->120M(639M) 3.938ms
[778.413s][info][gc] GC(11012) Pause Young (Allocation Failure) 296M->121M(639M) 4.371ms
[778.747s][info][gc] GC(11013) Pause Young (Allocation Failure) 298M->123M(639M) 4.398ms
[779.097s][info][gc] GC(11014) Pause Young (Allocation Failure) 299M->123M(639M) 4.131ms
[779.443s][info][gc] GC(11015) Pause Young (Allocation Failure) 300M->125M(639M) 4.423ms
[779.785s][info][gc] GC(11016) Pause Young (Allocation Failure) 302M->127M(639M) 4.948ms
[780.135s][info][gc] GC(11017) Pause Young (Allocation Failure) 303M->128M(639M) 4.413ms
[780.469s][info][gc] GC(11018) Pause Young (Allocation Failure) 305M->129M(639M) 4.311ms
[780.803s][info][gc] GC(11019) Pause Young (Allocation Failure) 306M->131M(639M) 4.259ms
[781.158s][info][gc] GC(11020) Pause Young (Allocation Failure) 307M->132M(639M) 4.330ms
[781.497s][info][gc] GC(11021) Pause Young (Allocation Failure) 309M->133M(639M) 4.323ms
[781.824s][info][gc] GC(11022) Pause Young (Allocation Failure) 310M->134M(639M) 4.025ms
[782.181s][info][gc] GC(11023) Pause Young (Allocation Failure) 311M->136M(639M) 4.412ms
[782.530s][info][gc] GC(11024) Pause Young (Allocation Failure) 313M->138M(639M) 4.853ms
[782.868s][info][gc] GC(11025) Pause Young (Allocation Failure) 314M->139M(639M) 4.298ms
[783.202s][info][gc] GC(11026) Pause Young (Allocation Failure) 315M->140M(639M) 4.326ms
[783.545s][info][gc] GC(11027) Pause Young (Allocation Failure) 317M->142M(639M) 4.391ms
[783.895s][info][gc] GC(11028) Pause Young (Allocation Failure) 318M->143M(639M) 4.378ms
[784.235s][info][gc] GC(11029) Pause Young (Allocation Failure) 319M->144M(639M) 4.465ms
[784.595s][info][gc] GC(11030) Pause Young (Allocation Failure) 321M->146M(639M) 4.432ms
[784.927s][info][gc] GC(11031) Pause Young (Allocation Failure) 322M->147M(639M) 4.445ms
[785.275s][info][gc] GC(11032) Pause Young (Allocation Failure) 323M->148M(639M) 4.619ms
[785.688s][info][gc] GC(11033) Pause Young (Allocation Failure) 325M->150M(639M) 4.587ms
[786.035s][info][gc] GC(11034) Pause Young (Allocation Failure) 327M->152M(639M) 4.633ms
[786.368s][info][gc] GC(11035) Pause Young (Allocation Failure) 328M->153M(639M) 4.346ms
[786.700s][info][gc] GC(11036) Pause Young (Allocation Failure) 330M->154M(639M) 4.117ms
[787.048s][info][gc] GC(11037) Pause Young (Allocation Failure) 331M->156M(639M) 4.577ms
[787.386s][info][gc] GC(11038) Pause Young (Allocation Failure) 332M->157M(639M) 4.581ms
[787.736s][info][gc] GC(11039) Pause Young (Allocation Failure) 334M->159M(639M) 4.296ms
[788.066s][info][gc] GC(11040) Pause Young (Allocation Failure) 335M->160M(639M) 4.579ms
[788.403s][info][gc] GC(11041) Pause Young (Allocation Failure) 336M->161M(639M) 3.823ms
[788.756s][info][gc] GC(11042) Pause Young (Allocation Failure) 338M->163M(639M) 4.334ms
[789.083s][info][gc] GC(11043) Pause Young (Allocation Failure) 339M->164M(639M) 4.315ms
[789.433s][info][gc] GC(11044) Pause Young (Allocation Failure) 340M->165M(639M) 4.351ms
[789.761s][info][gc] GC(11045) Pause Young (Allocation Failure) 342M->167M(639M) 4.418ms
[790.106s][info][gc] GC(11046) Pause Young (Allocation Failure) 343M->168M(639M) 4.449ms
[790.445s][info][gc] GC(11047) Pause Young (Allocation Failure) 345M->169M(639M) 4.425ms
[790.774s][info][gc] GC(11048) Pause Young (Allocation Failure) 346M->171M(639M) 4.437ms
[791.122s][info][gc] GC(11049) Pause Young (Allocation Failure) 347M->172M(639M) 4.319ms
[791.454s][info][gc] GC(11050) Pause Young (Allocation Failure) 348M->173M(639M) 4.309ms
[791.787s][info][gc] GC(11051) Pause Young (Allocation Failure) 350M->175M(639M) 4.397ms
[792.129s][info][gc] GC(11052) Pause Young (Allocation Failure) 351M->176M(639M) 4.306ms
[792.459s][info][gc] GC(11053) Pause Young (Allocation Failure) 353M->178M(639M) 4.364ms
[792.802s][info][gc] GC(11054) Pause Young (Allocation Failure) 354M->179M(639M) 4.532ms
[793.151s][info][gc] GC(11055) Pause Young (Allocation Failure) 355M->180M(639M) 4.392ms
[793.489s][info][gc] GC(11056) Pause Young (Allocation Failure) 357M->182M(639M) 4.402ms
[793.822s][info][gc] GC(11057) Pause Young (Allocation Failure) 358M->183M(639M) 4.323ms
[794.163s][info][gc] GC(11058) Pause Young (Allocation Failure) 359M->184M(639M) 4.306ms
[794.499s][info][gc] GC(11059) Pause Young (Allocation Failure) 361M->186M(639M) 4.335ms
[794.836s][info][gc] GC(11060) Pause Young (Allocation Failure) 362M->187M(639M) 4.419ms
[795.177s][info][gc] GC(11061) Pause Young (Allocation Failure) 363M->188M(639M) 4.534ms
[795.562s][info][gc] GC(11062) Pause Young (Allocation Failure) 365M->194M(639M) 5.914ms
[795.643s][info][gc] GC(11063) Pause Young (Allocation Failure) 371M->195M(639M) 5.913ms
[795.737s][info][gc] GC(11064) Pause Young (Allocation Failure) 372M->197M(639M) 4.960ms
[795.833s][info][gc] GC(11065) Pause Young (Allocation Failure) 373M->198M(639M) 4.890ms
[795.926s][info][gc] GC(11066) Pause Young (Allocation Failure) 375M->199M(639M) 4.814ms
[796.017s][info][gc] GC(11067) Pause Young (Allocation Failure) 376M->201M(639M) 4.864ms
[796.106s][info][gc] GC(11068) Pause Young (Allocation Failure) 377M->201M(639M) 3.888ms
[796.190s][info][gc] GC(11069) Pause Young (Allocation Failure) 378M->203M(639M) 4.270ms
[796.284s][info][gc] GC(11070) Pause Young (Allocation Failure) 380M->205M(639M) 4.915ms
[796.375s][info][gc] GC(11071) Pause Young (Allocation Failure) 381M->206M(639M) 5.020ms
[796.466s][info][gc] GC(11072) Pause Young (Allocation Failure) 383M->207M(639M) 4.831ms
[796.559s][info][gc] GC(11073) Pause Young (Allocation Failure) 384M->209M(639M) 4.458ms
[796.651s][info][gc] GC(11074) Pause Young (Allocation Failure) 385M->209M(639M) 4.684ms
[796.736s][info][gc] GC(11075) Pause Young (Allocation Failure) 386M->211M(639M) 4.451ms
[796.830s][info][gc] GC(11076) Pause Young (Allocation Failure) 388M->213M(639M) 4.927ms
[796.922s][info][gc] GC(11077) Pause Young (Allocation Failure) 389M->214M(639M) 4.612ms
[797.014s][info][gc] GC(11078) Pause Young (Allocation Failure) 391M->215M(639M) 5.131ms
[797.111s][info][gc] GC(11079) Pause Young (Allocation Failure) 392M->217M(639M) 4.474ms
[797.202s][info][gc] GC(11080) Pause Young (Allocation Failure) 393M->217M(639M) 4.580ms
[797.287s][info][gc] GC(11081) Pause Young (Allocation Failure) 394M->219M(639M) 4.466ms
[797.382s][info][gc] GC(11082) Pause Young (Allocation Failure) 396M->221M(639M) 5.075ms
[797.477s][info][gc] GC(11083) Pause Young (Allocation Failure) 397M->223M(639M) 4.771ms
[797.573s][info][gc] GC(11084) Pause Young (Allocation Failure) 399M->224M(639M) 4.577ms
[797.662s][info][gc] GC(11085) Pause Young (Allocation Failure) 400M->225M(639M) 4.543ms
[797.752s][info][gc] GC(11086) Pause Young (Allocation Failure) 401M->225M(639M) 4.189ms
[797.838s][info][gc] GC(11087) Pause Young (Allocation Failure) 402M->227M(639M) 4.206ms
[797.934s][info][gc] GC(11088) Pause Young (Allocation Failure) 403M->229M(639M) 5.032ms
[798.029s][info][gc] GC(11089) Pause Young (Allocation Failure) 406M->230M(639M) 4.804ms
[798.122s][info][gc] GC(11090) Pause Young (Allocation Failure) 406M->231M(639M) 4.500ms
[798.218s][info][gc] GC(11091) Pause Young (Allocation Failure) 408M->233M(639M) 5.203ms
[798.308s][info][gc] GC(11092) Pause Young (Allocation Failure) 410M->234M(639M) 4.543ms
[798.391s][info][gc] GC(11093) Pause Young (Allocation Failure) 411M->235M(639M) 4.121ms
[798.484s][info][gc] GC(11094) Pause Young (Allocation Failure) 411M->237M(639M) 4.554ms
[798.578s][info][gc] GC(11095) Pause Young (Allocation Failure) 414M->238M(639M) 4.918ms
[798.671s][info][gc] GC(11096) Pause Young (Allocation Failure) 415M->240M(639M) 4.462ms
[798.767s][info][gc] GC(11097) Pause Young (Allocation Failure) 416M->241M(639M) 5.080ms
[798.856s][info][gc] GC(11098) Pause Young (Allocation Failure) 418M->242M(639M) 4.347ms
[798.944s][info][gc] GC(11099) Pause Young (Allocation Failure) 418M->243M(639M) 3.947ms
[799.036s][info][gc] GC(11100) Pause Young (Allocation Failure) 419M->245M(639M) 4.948ms
[799.133s][info][gc] GC(11101) Pause Young (Allocation Failure) 421M->246M(639M) 5.077ms
[799.225s][info][gc] GC(11102) Pause Young (Allocation Failure) 423M->247M(639M) 4.551ms
[799.317s][info][gc] GC(11103) Pause Young (Allocation Failure) 424M->249M(639M) 4.483ms
[799.413s][info][gc] GC(11104) Pause Young (Allocation Failure) 425M->250M(639M) 4.911ms
[799.504s][info][gc] GC(11105) Pause Young (Allocation Failure) 427M->252M(639M) 4.422ms
[799.589s][info][gc] GC(11106) Pause Young (Allocation Failure) 428M->253M(639M) 4.410ms
[799.683s][info][gc] GC(11107) Pause Young (Allocation Failure) 429M->254M(639M) 4.524ms
[799.776s][info][gc] GC(11108) Pause Young (Allocation Failure) 431M->256M(639M) 4.567ms
[799.872s][info][gc] GC(11109) Pause Young (Allocation Failure) 432M->257M(639M) 4.982ms
[799.970s][info][gc] GC(11110) Pause Young (Allocation Failure) 434M->258M(639M) 4.486ms
[800.063s][info][gc] GC(11111) Pause Young (Allocation Failure) 435M->260M(639M) 4.555ms
[800.149s][info][gc] GC(11112) Pause Young (Allocation Failure) 436M->261M(639M) 4.796ms
[800.246s][info][gc] GC(11113) Pause Young (Allocation Failure) 437M->262M(639M) 4.549ms
[800.343s][info][gc] GC(11114) Pause Young (Allocation Failure) 439M->264M(639M) 5.091ms
[800.435s][info][gc] GC(11115) Pause Young (Allocation Failure) 440M->265M(639M) 4.508ms
[800.526s][info][gc] GC(11116) Pause Young (Allocation Failure) 441M->266M(639M) 4.373ms
[800.619s][info][gc] GC(11117) Pause Young (Allocation Failure) 442M->268M(639M) 4.419ms
[800.708s][info][gc] GC(11118) Pause Young (Allocation Failure) 444M->268M(639M) 4.576ms
[800.801s][info][gc] GC(11119) Pause Young (Allocation Failure) 445M->270M(639M) 4.432ms
[800.894s][info][gc] GC(11120) Pause Young (Allocation Failure) 447M->272M(639M) 5.042ms
[800.987s][info][gc] GC(11121) Pause Young (Allocation Failure) 448M->273M(639M) 4.687ms
[801.172s][info][gc] GC(11122) Pause Young (Allocation Failure) 450M->275M(639M) 4.727ms
[801.265s][info][gc] GC(11123) Pause Young (Allocation Failure) 452M->277M(639M) 4.941ms
[801.353s][info][gc] GC(11124) Pause Young (Allocation Failure) 454M->278M(639M) 4.834ms
[801.448s][info][gc] GC(11125) Pause Young (Allocation Failure) 455M->280M(639M) 4.630ms
[801.539s][info][gc] GC(11126) Pause Young (Allocation Failure) 457M->281M(639M) 4.917ms
[801.633s][info][gc] GC(11127) Pause Young (Allocation Failure) 458M->283M(639M) 4.685ms
[801.718s][info][gc] GC(11128) Pause Young (Allocation Failure) 459M->283M(639M) 3.750ms
[801.811s][info][gc] GC(11129) Pause Young (Allocation Failure) 460M->285M(639M) 4.306ms
[801.898s][info][gc] GC(11130) Pause Young (Allocation Failure) 461M->286M(639M) 4.648ms
[801.995s][info][gc] GC(11131) Pause Young (Allocation Failure) 463M->289M(639M) 5.044ms
[802.087s][info][gc] GC(11132) Pause Young (Allocation Failure) 465M->290M(639M) 5.010ms
[802.178s][info][gc] GC(11133) Pause Young (Allocation Failure) 466M->291M(639M) 4.554ms
[802.271s][info][gc] GC(11134) Pause Young (Allocation Failure) 467M->292M(639M) 4.319ms
[802.359s][info][gc] GC(11135) Pause Young (Allocation Failure) 468M->293M(639M) 4.366ms
[802.449s][info][gc] GC(11136) Pause Young (Allocation Failure) 470M->294M(639M) 4.514ms
[802.545s][info][gc] GC(11137) Pause Young (Allocation Failure) 471M->297M(639M) 5.010ms
[802.636s][info][gc] GC(11138) Pause Young (Allocation Failure) 473M->298M(639M) 4.923ms
[802.732s][info][gc] GC(11139) Pause Young (Allocation Failure) 474M->299M(639M) 4.678ms
[802.821s][info][gc] GC(11140) Pause Young (Allocation Failure) 476M->300M(639M) 4.320ms
[802.909s][info][gc] GC(11141) Pause Young (Allocation Failure) 476M->301M(639M) 4.236ms
[802.997s][info][gc] GC(11142) Pause Young (Allocation Failure) 478M->303M(639M) 4.746ms
[803.093s][info][gc] GC(11143) Pause Young (Allocation Failure) 479M->304M(639M) 5.001ms
[803.187s][info][gc] GC(11144) Pause Young (Allocation Failure) 480M->306M(639M) 5.120ms
[803.282s][info][gc] GC(11145) Pause Young (Allocation Failure) 482M->307M(639M) 5.142ms
[803.377s][info][gc] GC(11146) Pause Young (Allocation Failure) 484M->309M(639M) 4.820ms
[803.463s][info][gc] GC(11147) Pause Young (Allocation Failure) 485M->310M(639M) 4.417ms
[803.553s][info][gc] GC(11148) Pause Young (Allocation Failure) 486M->311M(639M) 4.356ms
[803.646s][info][gc] GC(11149) Pause Young (Allocation Failure) 487M->312M(639M) 4.482ms
[803.738s][info][gc] GC(11150) Pause Young (Allocation Failure) 489M->314M(639M) 5.404ms
[803.832s][info][gc] GC(11151) Pause Young (Allocation Failure) 490M->315M(639M) 4.618ms
[803.923s][info][gc] GC(11152) Pause Young (Allocation Failure) 492M->316M(639M) 4.496ms
[804.009s][info][gc] GC(11153) Pause Young (Allocation Failure) 493M->317M(639M) 4.234ms
[804.098s][info][gc] GC(11154) Pause Young (Allocation Failure) 494M->318M(639M) 4.657ms
[804.193s][info][gc] GC(11155) Pause Young (Allocation Failure) 495M->320M(639M) 4.903ms
[804.288s][info][gc] GC(11156) Pause Young (Allocation Failure) 497M->322M(639M) 4.940ms
[804.381s][info][gc] GC(11157) Pause Young (Allocation Failure) 498M->323M(639M) 4.611ms
[804.476s][info][gc] GC(11158) Pause Young (Allocation Failure) 500M->324M(639M) 4.632ms
[804.567s][info][gc] GC(11159) Pause Young (Allocation Failure) 501M->325M(639M) 4.379ms
[804.652s][info][gc] GC(11160) Pause Young (Allocation Failure) 502M->326M(639M) 4.094ms
[804.746s][info][gc] GC(11161) Pause Young (Allocation Failure) 502M->328M(639M) 4.832ms
[804.843s][info][gc] GC(11162) Pause Young (Allocation Failure) 505M->330M(639M) 5.158ms
[804.935s][info][gc] GC(11163) Pause Young (Allocation Failure) 507M->331M(639M) 5.292ms
[805.032s][info][gc] GC(11164) Pause Young (Allocation Failure) 508M->333M(639M) 4.626ms
[805.126s][info][gc] GC(11165) Pause Young (Allocation Failure) 509M->334M(639M) 4.764ms
[805.209s][info][gc] GC(11166) Pause Young (Allocation Failure) 510M->334M(639M) 4.137ms
[805.309s][info][gc] GC(11167) Pause Young (Allocation Failure) 511M->337M(639M) 4.574ms
[805.407s][info][gc] GC(11168) Pause Young (Allocation Failure) 513M->338M(639M) 5.013ms
[805.500s][info][gc] GC(11169) Pause Young (Allocation Failure) 514M->339M(639M) 4.617ms
[805.592s][info][gc] GC(11170) Pause Young (Allocation Failure) 516M->340M(639M) 4.564ms
[805.684s][info][gc] GC(11171) Pause Young (Allocation Failure) 517M->342M(639M) 4.502ms
[805.768s][info][gc] GC(11172) Pause Young (Allocation Failure) 518M->342M(639M) 4.144ms
[805.862s][info][gc] GC(11173) Pause Young (Allocation Failure) 519M->344M(639M) 4.464ms
[805.955s][info][gc] GC(11174) Pause Young (Allocation Failure) 521M->346M(639M) 4.993ms
[806.047s][info][gc] GC(11175) Pause Young (Allocation Failure) 522M->347M(639M) 4.586ms
[806.141s][info][gc] GC(11176) Pause Young (Allocation Failure) 524M->349M(639M) 4.663ms
[806.232s][info][gc] GC(11177) Pause Young (Allocation Failure) 525M->350M(639M) 4.631ms
[806.311s][info][gc] GC(11178) Pause Young (Allocation Failure) 527M->351M(639M) 4.160ms
[806.408s][info][gc] GC(11179) Pause Young (Allocation Failure) 527M->353M(639M) 4.642ms
[806.501s][info][gc] GC(11180) Pause Young (Allocation Failure) 529M->354M(639M) 4.926ms
[806.592s][info][gc] GC(11181) Pause Young (Allocation Failure) 530M->355M(639M) 4.485ms
[806.782s][info][gc] GC(11182) Pause Young (Allocation Failure) 531M->358M(639M) 4.960ms
[806.867s][info][gc] GC(11183) Pause Young (Allocation Failure) 535M->359M(639M) 5.124ms
[806.959s][info][gc] GC(11184) Pause Young (Allocation Failure) 535M->361M(639M) 4.657ms
[807.054s][info][gc] GC(11185) Pause Young (Allocation Failure) 537M->362M(639M) 5.076ms
[807.148s][info][gc] GC(11186) Pause Young (Allocation Failure) 539M->364M(639M) 4.761ms
[807.238s][info][gc] GC(11187) Pause Young (Allocation Failure) 540M->365M(639M) 4.673ms
[807.335s][info][gc] GC(11188) Pause Young (Allocation Failure) 541M->367M(639M) 4.166ms
[807.418s][info][gc] GC(11189) Pause Young (Allocation Failure) 543M->367M(639M) 4.174ms
[807.507s][info][gc] GC(11190) Pause Young (Allocation Failure) 543M->368M(639M) 4.086ms
[807.602s][info][gc] GC(11191) Pause Young (Allocation Failure) 544M->370M(639M) 5.496ms
[807.709s][info][gc] GC(11192) Pause Young (Allocation Failure) 547M->372M(639M) 5.050ms
[807.805s][info][gc] GC(11193) Pause Young (Allocation Failure) 548M->373M(639M) 5.182ms
[807.901s][info][gc] GC(11194) Pause Young (Allocation Failure) 550M->375M(639M) 4.672ms
[807.992s][info][gc] GC(11195) Pause Young (Allocation Failure) 551M->375M(639M) 4.172ms
[808.081s][info][gc] GC(11196) Pause Young (Allocation Failure) 551M->376M(639M) 4.059ms
[808.174s][info][gc] GC(11197) Pause Young (Allocation Failure) 553M->378M(639M) 4.976ms
[808.269s][info][gc] GC(11198) Pause Young (Allocation Failure) 555M->380M(639M) 4.950ms
[808.360s][info][gc] GC(11199) Pause Young (Allocation Failure) 556M->381M(639M) 4.726ms
[808.450s][info][gc] GC(11200) Pause Young (Allocation Failure) 558M->382M(639M) 4.483ms
[808.544s][info][gc] GC(11201) Pause Young (Allocation Failure) 559M->383M(639M) 4.348ms
[808.629s][info][gc] GC(11202) Pause Young (Allocation Failure) 560M->384M(639M) 4.449ms
[808.724s][info][gc] GC(11203) Pause Young (Allocation Failure) 561M->386M(639M) 5.578ms
[808.819s][info][gc] GC(11204) Pause Young (Allocation Failure) 563M->388M(639M) 4.972ms
[808.912s][info][gc] GC(11205) Pause Young (Allocation Failure) 564M->389M(639M) 4.642ms
[809.007s][info][gc] GC(11206) Pause Young (Allocation Failure) 565M->391M(639M) 5.115ms
[809.100s][info][gc] GC(11207) Pause Young (Allocation Failure) 567M->391M(639M) 4.785ms
[809.186s][info][gc] GC(11208) Pause Young (Allocation Failure) 568M->393M(639M) 4.174ms
[809.278s][info][gc] GC(11209) Pause Young (Allocation Failure) 569M->394M(639M) 4.772ms
[809.372s][info][gc] GC(11210) Pause Young (Allocation Failure) 570M->396M(639M) 5.044ms
[809.465s][info][gc] GC(11211) Pause Young (Allocation Failure) 572M->397M(639M) 5.028ms
[809.557s][info][gc] GC(11212) Pause Young (Allocation Failure) 574M->398M(639M) 4.553ms
[809.648s][info][gc] GC(11213) Pause Young (Allocation Failure) 575M->400M(639M) 4.484ms
[809.737s][info][gc] GC(11214) Pause Young (Allocation Failure) 576M->400M(639M) 4.709ms
[809.829s][info][gc] GC(11215) Pause Young (Allocation Failure) 577M->402M(639M) 4.686ms
[809.923s][info][gc] GC(11216) Pause Young (Allocation Failure) 578M->403M(639M) 4.886ms
[810.018s][info][gc] GC(11217) Pause Young (Allocation Failure) 580M->405M(639M) 4.898ms
[810.112s][info][gc] GC(11218) Pause Young (Allocation Failure) 581M->406M(639M) 4.851ms
[810.210s][info][gc] GC(11219) Pause Young (Allocation Failure) 583M->408M(639M) 5.045ms
[810.298s][info][gc] GC(11220) Pause Young (Allocation Failure) 584M->408M(639M) 4.811ms
[810.391s][info][gc] GC(11221) Pause Young (Allocation Failure) 585M->410M(639M) 4.532ms
[810.482s][info][gc] GC(11222) Pause Young (Allocation Failure) 587M->411M(639M) 4.748ms
[810.574s][info][gc] GC(11223) Pause Young (Allocation Failure) 588M->413M(639M) 4.379ms
[810.666s][info][gc] GC(11224) Pause Young (Allocation Failure) 589M->414M(639M) 4.858ms
[810.759s][info][gc] GC(11225) Pause Young (Allocation Failure) 591M->416M(639M) 4.907ms
[810.849s][info][gc] GC(11226) Pause Young (Allocation Failure) 592M->417M(639M) 4.681ms
[810.940s][info][gc] GC(11227) Pause Young (Allocation Failure) 593M->418M(639M) 4.777ms
[811.028s][info][gc] GC(11228) Pause Young (Allocation Failure) 595M->419M(639M) 4.654ms
[811.123s][info][gc] GC(11229) Pause Young (Allocation Failure) 596M->422M(639M) 5.072ms
[811.214s][info][gc] GC(11230) Pause Young (Allocation Failure) 598M->423M(639M) 4.963ms
[811.307s][info][gc] GC(11231) Pause Young (Allocation Failure) 599M->424M(639M) 4.539ms
[811.391s][info][gc] GC(11232) Pause Young (Allocation Failure) 600M->425M(639M) 4.325ms
[811.484s][info][gc] GC(11233) Pause Young (Allocation Failure) 601M->426M(639M) 4.390ms
[811.577s][info][gc] GC(11234) Pause Young (Allocation Failure) 603M->428M(639M) 4.775ms
[811.669s][info][gc] GC(11235) Pause Young (Allocation Failure) 604M->429M(639M) 4.879ms
[811.765s][info][gc] GC(11236) Pause Young (Allocation Failure) 606M->431M(639M) 4.945ms
[811.858s][info][gc] GC(11237) Pause Young (Allocation Failure) 607M->432M(639M) 4.489ms
[811.944s][info][gc] GC(11238) Pause Young (Allocation Failure) 608M->433M(639M) 4.266ms
[812.040s][info][gc] GC(11239) Pause Young (Allocation Failure) 609M->435M(639M) 4.958ms
[812.130s][info][gc] GC(11240) Pause Young (Allocation Failure) 611M->436M(639M) 4.921ms
[812.219s][info][gc] GC(11241) Pause Young (Allocation Failure) 613M->436M(639M) 4.227ms
[812.408s][info][gc] GC(11242) Pause Young (Allocation Failure) 613M->440M(639M) 5.056ms
[812.503s][info][gc] GC(11243) Pause Young (Allocation Failure) 617M->442M(639M) 5.564ms
[812.590s][info][gc] GC(11244) Pause Young (Allocation Failure) 618M->443M(639M) 4.631ms
[812.678s][info][gc] GC(11245) Pause Young (Allocation Failure) 619M->444M(639M) 4.498ms
[812.770s][info][gc] GC(11246) Pause Young (Allocation Failure) 620M->445M(639M) 4.555ms
[812.876s][info][gc] GC(11247) Pause Young (Allocation Failure) 622M->447M(639M) 5.881ms
[812.986s][info][gc] GC(11248) Pause Young (Allocation Failure) 624M->449M(639M) 4.449ms
[813.073s][info][gc] GC(11249) Pause Young (Allocation Failure) 626M->450M(639M) 4.568ms
[813.164s][info][gc] GC(11250) Pause Young (Allocation Failure) 626M->451M(639M) 4.340ms
[813.252s][info][gc] GC(11251) Pause Young (Allocation Failure) 627M->452M(639M) 4.670ms
[813.345s][info][gc] GC(11252) Pause Young (Allocation Failure) 628M->454M(640M) 5.066ms
[813.398s][info][gc] GC(11253) Pause Full (Allocation Failure) 454M->43M(604M) 53.352ms
[813.487s][info][gc] GC(11254) Pause Young (Allocation Failure) 210M->47M(604M) 2.300ms
[813.572s][info][gc] GC(11255) Pause Young (Allocation Failure) 214M->48M(604M) 2.546ms
[813.661s][info][gc] GC(11256) Pause Young (Allocation Failure) 215M->49M(604M) 2.897ms
[813.741s][info][gc] GC(11257) Pause Young (Allocation Failure) 216M->50M(604M) 2.820ms
[813.832s][info][gc] GC(11258) Pause Young (Allocation Failure) 217M->52M(604M) 3.914ms
[813.923s][info][gc] GC(11259) Pause Young (Allocation Failure) 219M->53M(604M) 4.036ms
[814.013s][info][gc] GC(11260) Pause Young (Allocation Failure) 220M->55M(604M) 4.614ms
[814.100s][info][gc] GC(11261) Pause Young (Allocation Failure) 222M->55M(604M) 4.617ms
[814.182s][info][gc] GC(11262) Pause Young (Allocation Failure) 222M->57M(604M) 3.996ms
[814.269s][info][gc] GC(11263) Pause Young (Allocation Failure) 224M->59M(604M) 4.822ms
[814.357s][info][gc] GC(11264) Pause Young (Allocation Failure) 226M->60M(604M) 4.914ms
[814.440s][info][gc] GC(11265) Pause Young (Allocation Failure) 227M->60M(604M) 4.187ms
[814.534s][info][gc] GC(11266) Pause Young (Allocation Failure) 227M->63M(604M) 4.339ms
[814.614s][info][gc] GC(11267) Pause Young (Allocation Failure) 230M->63M(604M) 4.407ms
[814.704s][info][gc] GC(11268) Pause Young (Allocation Failure) 230M->65M(604M) 4.480ms
[814.791s][info][gc] GC(11269) Pause Young (Allocation Failure) 232M->66M(604M) 4.762ms
[814.882s][info][gc] GC(11270) Pause Young (Allocation Failure) 233M->67M(604M) 4.397ms
[814.974s][info][gc] GC(11271) Pause Young (Allocation Failure) 234M->69M(604M) 4.404ms
[815.056s][info][gc] GC(11272) Pause Young (Allocation Failure) 236M->70M(604M) 4.205ms
[815.145s][info][gc] GC(11273) Pause Young (Allocation Failure) 237M->71M(604M) 4.600ms
[815.237s][info][gc] GC(11274) Pause Young (Allocation Failure) 238M->72M(604M) 4.950ms
[815.328s][info][gc] GC(11275) Pause Young (Allocation Failure) 239M->73M(604M) 4.436ms
[815.418s][info][gc] GC(11276) Pause Young (Allocation Failure) 240M->75M(604M) 4.283ms
[815.500s][info][gc] GC(11277) Pause Young (Allocation Failure) 242M->76M(604M) 4.685ms
[815.589s][info][gc] GC(11278) Pause Young (Allocation Failure) 243M->78M(604M) 4.461ms
[815.678s][info][gc] GC(11279) Pause Young (Allocation Failure) 245M->79M(604M) 4.345ms
[815.763s][info][gc] GC(11280) Pause Young (Allocation Failure) 246M->80M(604M) 4.192ms
[815.851s][info][gc] GC(11281) Pause Young (Allocation Failure) 247M->81M(604M) 4.023ms
[815.936s][info][gc] GC(11282) Pause Young (Allocation Failure) 248M->83M(604M) 4.721ms
[816.021s][info][gc] GC(11283) Pause Young (Allocation Failure) 250M->83M(604M) 4.664ms
[816.111s][info][gc] GC(11284) Pause Young (Allocation Failure) 250M->85M(604M) 4.224ms
[816.199s][info][gc] GC(11285) Pause Young (Allocation Failure) 252M->86M(604M) 4.536ms
[816.282s][info][gc] GC(11286) Pause Young (Allocation Failure) 253M->86M(604M) 3.785ms
[816.370s][info][gc] GC(11287) Pause Young (Allocation Failure) 253M->89M(604M) 4.771ms
[816.461s][info][gc] GC(11288) Pause Young (Allocation Failure) 256M->90M(604M) 4.835ms
[816.546s][info][gc] GC(11289) Pause Young (Allocation Failure) 257M->92M(604M) 4.310ms
[816.632s][info][gc] GC(11290) Pause Young (Allocation Failure) 258M->93M(604M) 4.209ms
[816.716s][info][gc] GC(11291) Pause Young (Allocation Failure) 259M->94M(604M) 4.219ms
[816.801s][info][gc] GC(11292) Pause Young (Allocation Failure) 261M->95M(604M) 4.339ms
[816.894s][info][gc] GC(11293) Pause Young (Allocation Failure) 262M->97M(604M) 4.411ms
[816.985s][info][gc] GC(11294) Pause Young (Allocation Failure) 263M->98M(604M) 4.394ms
[817.065s][info][gc] GC(11295) Pause Young (Allocation Failure) 265M->98M(604M) 3.938ms
[817.152s][info][gc] GC(11296) Pause Young (Allocation Failure) 265M->100M(604M) 4.140ms
[817.244s][info][gc] GC(11297) Pause Young (Allocation Failure) 267M->102M(604M) 4.775ms
[817.332s][info][gc] GC(11298) Pause Young (Allocation Failure) 269M->103M(604M) 4.791ms
[817.418s][info][gc] GC(11299) Pause Young (Allocation Failure) 270M->104M(604M) 4.181ms
[817.501s][info][gc] GC(11300) Pause Young (Allocation Failure) 271M->105M(604M) 4.011ms
[817.587s][info][gc] GC(11301) Pause Young (Allocation Failure) 272M->107M(604M) 4.694ms
[817.673s][info][gc] GC(11302) Pause Young (Allocation Failure) 273M->108M(604M) 4.672ms
[817.764s][info][gc] GC(11303) Pause Young (Allocation Failure) 275M->109M(604M) 4.281ms
[817.845s][info][gc] GC(11304) Pause Young (Allocation Failure) 276M->110M(604M) 4.578ms
[817.935s][info][gc] GC(11305) Pause Young (Allocation Failure) 277M->110M(604M) 3.688ms
[818.119s][info][gc] GC(11306) Pause Young (Allocation Failure) 277M->115M(604M) 5.235ms
[818.209s][info][gc] GC(11307) Pause Young (Allocation Failure) 282M->116M(604M) 5.455ms
[818.299s][info][gc] GC(11308) Pause Young (Allocation Failure) 283M->117M(604M) 4.531ms
[818.377s][info][gc] GC(11309) Pause Young (Allocation Failure) 284M->117M(604M) 4.054ms
[818.467s][info][gc] GC(11310) Pause Young (Allocation Failure) 284M->120M(604M) 4.475ms
[818.555s][info][gc] GC(11311) Pause Young (Allocation Failure) 287M->121M(604M) 5.026ms
[818.641s][info][gc] GC(11312) Pause Young (Allocation Failure) 288M->123M(604M) 4.079ms
[818.728s][info][gc] GC(11313) Pause Young (Allocation Failure) 289M->123M(604M) 4.076ms
[818.809s][info][gc] GC(11314) Pause Young (Allocation Failure) 290M->125M(604M) 4.173ms
[818.900s][info][gc] GC(11315) Pause Young (Allocation Failure) 292M->126M(604M) 4.574ms
[818.989s][info][gc] GC(11316) Pause Young (Allocation Failure) 293M->127M(604M) 4.303ms
[819.078s][info][gc] GC(11317) Pause Young (Allocation Failure) 294M->129M(604M) 4.690ms
[819.167s][info][gc] GC(11318) Pause Young (Allocation Failure) 296M->130M(604M) 4.321ms
[819.244s][info][gc] GC(11319) Pause Young (Allocation Failure) 297M->130M(604M) 3.906ms
[819.333s][info][gc] GC(11320) Pause Young (Allocation Failure) 297M->132M(604M) 4.079ms
[819.420s][info][gc] GC(11321) Pause Young (Allocation Failure) 299M->134M(604M) 4.672ms
[819.509s][info][gc] GC(11322) Pause Young (Allocation Failure) 301M->135M(604M) 4.744ms
[819.591s][info][gc] GC(11323) Pause Young (Allocation Failure) 302M->135M(604M) 3.818ms
[819.676s][info][gc] GC(11324) Pause Young (Allocation Failure) 302M->137M(604M) 4.154ms
[819.765s][info][gc] GC(11325) Pause Young (Allocation Failure) 304M->139M(604M) 4.847ms
[819.860s][info][gc] GC(11326) Pause Young (Allocation Failure) 306M->140M(604M) 5.212ms
[819.953s][info][gc] GC(11327) Pause Young (Allocation Failure) 307M->142M(604M) 4.519ms
[820.035s][info][gc] GC(11328) Pause Young (Allocation Failure) 308M->142M(604M) 4.143ms
[820.122s][info][gc] GC(11329) Pause Young (Allocation Failure) 309M->143M(604M) 4.200ms
[820.213s][info][gc] GC(11330) Pause Young (Allocation Failure) 310M->145M(604M) 4.668ms
[820.304s][info][gc] GC(11331) Pause Young (Allocation Failure) 312M->146M(604M) 4.884ms
[820.392s][info][gc] GC(11332) Pause Young (Allocation Failure) 313M->147M(604M) 4.505ms
[820.476s][info][gc] GC(11333) Pause Young (Allocation Failure) 314M->148M(604M) 3.980ms
[820.562s][info][gc] GC(11334) Pause Young (Allocation Failure) 315M->150M(604M) 4.058ms
[820.652s][info][gc] GC(11335) Pause Young (Allocation Failure) 317M->152M(604M) 4.713ms
[820.737s][info][gc] GC(11336) Pause Young (Allocation Failure) 318M->153M(604M) 4.828ms
[820.825s][info][gc] GC(11337) Pause Young (Allocation Failure) 320M->154M(604M) 4.432ms
[820.906s][info][gc] GC(11338) Pause Young (Allocation Failure) 321M->155M(604M) 4.293ms
[820.993s][info][gc] GC(11339) Pause Young (Allocation Failure) 322M->157M(604M) 4.386ms
[821.079s][info][gc] GC(11340) Pause Young (Allocation Failure) 323M->158M(604M) 4.289ms
[821.167s][info][gc] GC(11341) Pause Young (Allocation Failure) 325M->159M(604M) 4.236ms
[821.255s][info][gc] GC(11342) Pause Young (Allocation Failure) 326M->160M(604M) 4.262ms
[821.337s][info][gc] GC(11343) Pause Young (Allocation Failure) 327M->161M(604M) 4.053ms
[821.426s][info][gc] GC(11344) Pause Young (Allocation Failure) 328M->163M(604M) 4.854ms
[821.514s][info][gc] GC(11345) Pause Young (Allocation Failure) 330M->164M(604M) 4.715ms
[821.600s][info][gc] GC(11346) Pause Young (Allocation Failure) 331M->165M(604M) 4.220ms
[821.684s][info][gc] GC(11347) Pause Young (Allocation Failure) 332M->166M(604M) 4.484ms
[821.769s][info][gc] GC(11348) Pause Young (Allocation Failure) 333M->168M(604M) 4.205ms
[821.858s][info][gc] GC(11349) Pause Young (Allocation Failure) 335M->170M(604M) 4.891ms
[821.943s][info][gc] GC(11350) Pause Young (Allocation Failure) 337M->171M(604M) 4.870ms
[822.032s][info][gc] GC(11351) Pause Young (Allocation Failure) 338M->172M(604M) 4.340ms
[822.111s][info][gc] GC(11352) Pause Young (Allocation Failure) 339M->173M(604M) 4.068ms
[822.196s][info][gc] GC(11353) Pause Young (Allocation Failure) 339M->174M(604M) 4.139ms
[822.285s][info][gc] GC(11354) Pause Young (Allocation Failure) 341M->176M(604M) 4.783ms
[822.373s][info][gc] GC(11355) Pause Young (Allocation Failure) 343M->177M(604M) 4.409ms
[822.457s][info][gc] GC(11356) Pause Young (Allocation Failure) 344M->178M(604M) 4.135ms
[822.542s][info][gc] GC(11357) Pause Young (Allocation Failure) 344M->179M(604M) 4.194ms
[822.630s][info][gc] GC(11358) Pause Young (Allocation Failure) 346M->181M(604M) 4.695ms
[822.721s][info][gc] GC(11359) Pause Young (Allocation Failure) 348M->182M(604M) 4.930ms
[822.808s][info][gc] GC(11360) Pause Young (Allocation Failure) 349M->183M(604M) 4.349ms
[822.896s][info][gc] GC(11361) Pause Young (Allocation Failure) 350M->184M(604M) 4.251ms
[822.979s][info][gc] GC(11362) Pause Young (Allocation Failure) 351M->185M(604M) 4.137ms
[823.067s][info][gc] GC(11363) Pause Young (Allocation Failure) 352M->187M(604M) 4.264ms
[823.158s][info][gc] GC(11364) Pause Young (Allocation Failure) 354M->189M(604M) 4.879ms
[823.246s][info][gc] GC(11365) Pause Young (Allocation Failure) 355M->189M(604M) 4.222ms
[823.332s][info][gc] GC(11366) Pause Young (Allocation Failure) 356M->191M(604M) 4.274ms
[823.415s][info][gc] GC(11367) Pause Young (Allocation Failure) 358M->192M(604M) 4.138ms
[823.504s][info][gc] GC(11368) Pause Young (Allocation Failure) 359M->193M(604M) 4.493ms
[823.741s][info][gc] GC(11369) Pause Young (Allocation Failure) 360M->194M(604M) 4.818ms
[823.908s][info][gc] GC(11370) Pause Young (Allocation Failure) 361M->196M(604M) 4.160ms
[824.067s][info][gc] GC(11371) Pause Young (Allocation Failure) 363M->197M(604M) 4.269ms
[824.244s][info][gc] GC(11372) Pause Young (Allocation Failure) 364M->199M(604M) 4.581ms
[824.398s][info][gc] GC(11373) Pause Young (Allocation Failure) 366M->199M(604M) 3.824ms
[824.572s][info][gc] GC(11374) Pause Young (Allocation Failure) 365M->201M(604M) 4.343ms
[824.736s][info][gc] GC(11375) Pause Young (Allocation Failure) 368M->202M(604M) 4.757ms
[824.899s][info][gc] GC(11376) Pause Young (Allocation Failure) 369M->203M(604M) 3.662ms
[825.071s][info][gc] GC(11377) Pause Young (Allocation Failure) 370M->205M(604M) 4.174ms
[825.230s][info][gc] GC(11378) Pause Young (Allocation Failure) 372M->205M(604M) 4.323ms
[825.401s][info][gc] GC(11379) Pause Young (Allocation Failure) 372M->207M(604M) 4.106ms
[825.570s][info][gc] GC(11380) Pause Young (Allocation Failure) 374M->208M(604M) 4.474ms
[825.734s][info][gc] GC(11381) Pause Young (Allocation Failure) 375M->210M(604M) 4.177ms
[825.899s][info][gc] GC(11382) Pause Young (Allocation Failure) 377M->211M(604M) 4.476ms
[826.059s][info][gc] GC(11383) Pause Young (Allocation Failure) 378M->212M(604M) 4.353ms
[826.226s][info][gc] GC(11384) Pause Young (Allocation Failure) 379M->214M(604M) 4.038ms
[826.386s][info][gc] GC(11385) Pause Young (Allocation Failure) 380M->215M(604M) 4.353ms
[826.554s][info][gc] GC(11386) Pause Young (Allocation Failure) 381M->216M(604M) 3.958ms
[826.720s][info][gc] GC(11387) Pause Young (Allocation Failure) 383M->217M(604M) 4.414ms
[826.879s][info][gc] GC(11388) Pause Young (Allocation Failure) 384M->219M(604M) 4.491ms
[827.053s][info][gc] GC(11389) Pause Young (Allocation Failure) 385M->220M(604M) 4.003ms
[827.213s][info][gc] GC(11390) Pause Young (Allocation Failure) 387M->221M(604M) 4.378ms
[827.372s][info][gc] GC(11391) Pause Young (Allocation Failure) 388M->222M(604M) 4.284ms
[827.540s][info][gc] GC(11392) Pause Young (Allocation Failure) 389M->224M(604M) 4.317ms
[827.705s][info][gc] GC(11393) Pause Young (Allocation Failure) 390M->225M(604M) 3.984ms
[827.867s][info][gc] GC(11394) Pause Young (Allocation Failure) 392M->226M(604M) 4.455ms
[828.029s][info][gc] GC(11395) Pause Young (Allocation Failure) 393M->227M(604M) 4.282ms
[828.193s][info][gc] GC(11396) Pause Young (Allocation Failure) 394M->229M(604M) 3.990ms
[828.363s][info][gc] GC(11397) Pause Young (Allocation Failure) 396M->230M(604M) 4.295ms
[828.520s][info][gc] GC(11398) Pause Young (Allocation Failure) 397M->231M(604M) 3.901ms
[828.685s][info][gc] GC(11399) Pause Young (Allocation Failure) 398M->233M(604M) 4.343ms
[828.854s][info][gc] GC(11400) Pause Young (Allocation Failure) 399M->234M(604M) 4.763ms
[829.097s][info][gc] GC(11401) Pause Young (Allocation Failure) 401M->236M(604M) 4.798ms
[829.257s][info][gc] GC(11402) Pause Young (Allocation Failure) 403M->237M(604M) 4.147ms
[829.425s][info][gc] GC(11403) Pause Young (Allocation Failure) 404M->239M(604M) 4.473ms
[829.591s][info][gc] GC(11404) Pause Young (Allocation Failure) 406M->240M(604M) 4.343ms
[829.756s][info][gc] GC(11405) Pause Young (Allocation Failure) 407M->241M(604M) 4.317ms
[829.923s][info][gc] GC(11406) Pause Young (Allocation Failure) 408M->242M(604M) 4.317ms
[830.085s][info][gc] GC(11407) Pause Young (Allocation Failure) 409M->243M(604M) 4.487ms
[830.256s][info][gc] GC(11408) Pause Young (Allocation Failure) 410M->245M(604M) 4.490ms
[830.429s][info][gc] GC(11409) Pause Young (Allocation Failure) 412M->246M(604M) 4.339ms
[830.587s][info][gc] GC(11410) Pause Young (Allocation Failure) 413M->248M(604M) 4.229ms
[830.758s][info][gc] GC(11411) Pause Young (Allocation Failure) 415M->249M(604M) 4.177ms
[830.914s][info][gc] GC(11412) Pause Young (Allocation Failure) 416M->249M(604M) 3.819ms
[831.086s][info][gc] GC(11413) Pause Young (Allocation Failure) 416M->251M(604M) 4.097ms
[831.250s][info][gc] GC(11414) Pause Young (Allocation Failure) 418M->252M(604M) 4.459ms
[831.416s][info][gc] GC(11415) Pause Young (Allocation Failure) 419M->254M(604M) 3.987ms
[831.584s][info][gc] GC(11416) Pause Young (Allocation Failure) 421M->255M(604M) 4.369ms
[831.742s][info][gc] GC(11417) Pause Young (Allocation Failure) 422M->256M(604M) 4.599ms
[831.913s][info][gc] GC(11418) Pause Young (Allocation Failure) 423M->258M(604M) 4.016ms
[832.079s][info][gc] GC(11419) Pause Young (Allocation Failure) 425M->259M(604M) 4.461ms
[832.243s][info][gc] GC(11420) Pause Young (Allocation Failure) 426M->261M(604M) 4.301ms
[832.407s][info][gc] GC(11421) Pause Young (Allocation Failure) 427M->262M(604M) 4.193ms
[832.565s][info][gc] GC(11422) Pause Young (Allocation Failure) 428M->263M(604M) 4.118ms
[832.731s][info][gc] GC(11423) Pause Young (Allocation Failure) 430M->264M(604M) 4.035ms
[832.905s][info][gc] GC(11424) Pause Young (Allocation Failure) 431M->265M(604M) 3.989ms
[833.062s][info][gc] GC(11425) Pause Young (Allocation Failure) 432M->267M(604M) 4.418ms
[833.233s][info][gc] GC(11426) Pause Young (Allocation Failure) 433M->268M(604M) 4.441ms
[833.389s][info][gc] GC(11427) Pause Young (Allocation Failure) 435M->269M(604M) 4.146ms
[833.563s][info][gc] GC(11428) Pause Young (Allocation Failure) 436M->271M(604M) 4.089ms
[833.738s][info][gc] GC(11429) Pause Young (Allocation Failure) 437M->272M(604M) 4.897ms
[833.899s][info][gc] GC(11430) Pause Young (Allocation Failure) 439M->273M(604M) 4.220ms
[834.067s][info][gc] GC(11431) Pause Young (Allocation Failure) 440M->274M(604M) 4.371ms
[834.309s][info][gc] GC(11432) Pause Young (Allocation Failure) 441M->276M(604M) 4.286ms
[834.477s][info][gc] GC(11433) Pause Young (Allocation Failure) 443M->277M(604M) 4.838ms
[834.634s][info][gc] GC(11434) Pause Young (Allocation Failure) 444M->279M(604M) 4.417ms
[834.807s][info][gc] GC(11435) Pause Young (Allocation Failure) 446M->280M(604M) 4.729ms
[834.966s][info][gc] GC(11436) Pause Young (Allocation Failure) 447M->281M(604M) 4.208ms
[835.144s][info][gc] GC(11437) Pause Young (Allocation Failure) 448M->283M(604M) 4.958ms
[835.314s][info][gc] GC(11438) Pause Young (Allocation Failure) 450M->284M(604M) 4.289ms
[835.476s][info][gc] GC(11439) Pause Young (Allocation Failure) 451M->285M(604M) 4.481ms
[835.645s][info][gc] GC(11440) Pause Young (Allocation Failure) 452M->287M(604M) 4.174ms
[835.805s][info][gc] GC(11441) Pause Young (Allocation Failure) 453M->288M(604M) 4.189ms
[835.976s][info][gc] GC(11442) Pause Young (Allocation Failure) 455M->289M(604M) 4.138ms
[836.147s][info][gc] GC(11443) Pause Young (Allocation Failure) 456M->290M(604M) 4.121ms
[836.300s][info][gc] GC(11444) Pause Young (Allocation Failure) 457M->292M(604M) 4.185ms
[836.467s][info][gc] GC(11445) Pause Young (Allocation Failure) 459M->293M(604M) 4.293ms
[836.628s][info][gc] GC(11446) Pause Young (Allocation Failure) 460M->294M(604M) 4.091ms
[836.794s][info][gc] GC(11447) Pause Young (Allocation Failure) 461M->296M(604M) 4.081ms
[836.956s][info][gc] GC(11448) Pause Young (Allocation Failure) 462M->296M(604M) 4.195ms
[837.120s][info][gc] GC(11449) Pause Young (Allocation Failure) 463M->298M(604M) 4.142ms
[837.293s][info][gc] GC(11450) Pause Young (Allocation Failure) 465M->299M(604M) 4.575ms
[837.452s][info][gc] GC(11451) Pause Young (Allocation Failure) 466M->300M(604M) 4.124ms
[837.621s][info][gc] GC(11452) Pause Young (Allocation Failure) 467M->302M(604M) 4.189ms
[837.783s][info][gc] GC(11453) Pause Young (Allocation Failure) 469M->303M(604M) 4.132ms
[837.952s][info][gc] GC(11454) Pause Young (Allocation Failure) 470M->304M(604M) 4.045ms
[838.123s][info][gc] GC(11455) Pause Young (Allocation Failure) 471M->306M(604M) 4.403ms
[838.287s][info][gc] GC(11456) Pause Young (Allocation Failure) 472M->307M(604M) 4.583ms
[838.455s][info][gc] GC(11457) Pause Young (Allocation Failure) 474M->308M(604M) 4.054ms
[838.611s][info][gc] GC(11458) Pause Young (Allocation Failure) 475M->309M(604M) 4.079ms
[838.780s][info][gc] GC(11459) Pause Young (Allocation Failure) 476M->311M(604M) 4.202ms
[838.939s][info][gc] GC(11460) Pause Young (Allocation Failure) 478M->311M(604M) 4.317ms
[839.106s][info][gc] GC(11461) Pause Young (Allocation Failure) 477M->313M(604M) 4.171ms
[839.275s][info][gc] GC(11462) Pause Young (Allocation Failure) 480M->315M(604M) 4.636ms
[839.435s][info][gc] GC(11463) Pause Young (Allocation Failure) 481M->316M(604M) 4.137ms
[839.694s][info][gc] GC(11464) Pause Young (Allocation Failure) 482M->318M(604M) 4.473ms
[839.856s][info][gc] GC(11465) Pause Young (Allocation Failure) 485M->319M(604M) 4.700ms
[840.025s][info][gc] GC(11466) Pause Young (Allocation Failure) 486M->320M(604M) 4.511ms
[840.185s][info][gc] GC(11467) Pause Young (Allocation Failure) 487M->321M(604M) 4.502ms
[840.360s][info][gc] GC(11468) Pause Young (Allocation Failure) 488M->323M(604M) 4.516ms
[840.530s][info][gc] GC(11469) Pause Young (Allocation Failure) 490M->324M(604M) 4.325ms
[840.688s][info][gc] GC(11470) Pause Young (Allocation Failure) 491M->325M(604M) 4.335ms
[840.857s][info][gc] GC(11471) Pause Young (Allocation Failure) 492M->327M(604M) 4.296ms
[841.019s][info][gc] GC(11472) Pause Young (Allocation Failure) 493M->328M(604M) 4.076ms
[841.186s][info][gc] GC(11473) Pause Young (Allocation Failure) 495M->329M(604M) 4.495ms
[841.355s][info][gc] GC(11474) Pause Young (Allocation Failure) 496M->331M(604M) 4.534ms
[841.513s][info][gc] GC(11475) Pause Young (Allocation Failure) 498M->332M(604M) 4.312ms
[841.682s][info][gc] GC(11476) Pause Young (Allocation Failure) 499M->333M(604M) 4.150ms
[841.841s][info][gc] GC(11477) Pause Young (Allocation Failure) 500M->334M(604M) 4.200ms
[842.005s][info][gc] GC(11478) Pause Young (Allocation Failure) 501M->336M(604M) 4.256ms
[842.166s][info][gc] GC(11479) Pause Young (Allocation Failure) 503M->336M(604M) 3.923ms
[842.333s][info][gc] GC(11480) Pause Young (Allocation Failure) 503M->338M(604M) 4.110ms
[842.506s][info][gc] GC(11481) Pause Young (Allocation Failure) 505M->339M(604M) 4.655ms
[842.674s][info][gc] GC(11482) Pause Young (Allocation Failure) 506M->341M(604M) 4.044ms
[842.841s][info][gc] GC(11483) Pause Young (Allocation Failure) 508M->342M(604M) 4.552ms
[842.998s][info][gc] GC(11484) Pause Young (Allocation Failure) 509M->342M(604M) 3.640ms
[843.166s][info][gc] GC(11485) Pause Young (Allocation Failure) 509M->344M(604M) 3.967ms
[843.335s][info][gc] GC(11486) Pause Young (Allocation Failure) 511M->346M(604M) 4.492ms
[843.498s][info][gc] GC(11487) Pause Young (Allocation Failure) 513M->347M(604M) 4.636ms
[843.670s][info][gc] GC(11488) Pause Young (Allocation Failure) 514M->348M(604M) 4.150ms
[843.832s][info][gc] GC(11489) Pause Young (Allocation Failure) 515M->350M(604M) 4.131ms
[843.997s][info][gc] GC(11490) Pause Young (Allocation Failure) 516M->351M(604M) 4.090ms
[844.161s][info][gc] GC(11491) Pause Young (Allocation Failure) 518M->352M(604M) 4.372ms
[844.322s][info][gc] GC(11492) Pause Young (Allocation Failure) 519M->354M(604M) 4.073ms
[844.489s][info][gc] GC(11493) Pause Young (Allocation Failure) 521M->355M(604M) 4.512ms
[844.648s][info][gc] GC(11494) Pause Young (Allocation Failure) 522M->356M(604M) 4.073ms
[844.903s][info][gc] GC(11495) Pause Young (Allocation Failure) 523M->358M(604M) 4.429ms
[845.062s][info][gc] GC(11496) Pause Young (Allocation Failure) 525M->359M(604M) 4.655ms
[845.238s][info][gc] GC(11497) Pause Young (Allocation Failure) 526M->360M(604M) 4.472ms
[845.414s][info][gc] GC(11498) Pause Young (Allocation Failure) 527M->362M(604M) 4.581ms
[845.577s][info][gc] GC(11499) Pause Young (Allocation Failure) 529M->363M(604M) 4.521ms
[845.750s][info][gc] GC(11500) Pause Young (Allocation Failure) 530M->364M(604M) 4.530ms
[845.906s][info][gc] GC(11501) Pause Young (Allocation Failure) 531M->366M(604M) 4.362ms
[846.078s][info][gc] GC(11502) Pause Young (Allocation Failure) 533M->367M(604M) 4.352ms
[846.245s][info][gc] GC(11503) Pause Young (Allocation Failure) 534M->368M(604M) 4.070ms
[846.403s][info][gc] GC(11504) Pause Young (Allocation Failure) 535M->370M(604M) 4.187ms
[846.574s][info][gc] GC(11505) Pause Young (Allocation Failure) 537M->371M(604M) 4.067ms
[846.732s][info][gc] GC(11506) Pause Young (Allocation Failure) 538M->372M(604M) 3.986ms
[846.899s][info][gc] GC(11507) Pause Young (Allocation Failure) 538M->373M(604M) 4.098ms
[847.065s][info][gc] GC(11508) Pause Young (Allocation Failure) 540M->374M(604M) 4.423ms
[847.227s][info][gc] GC(11509) Pause Young (Allocation Failure) 541M->376M(604M) 3.967ms
[847.395s][info][gc] GC(11510) Pause Young (Allocation Failure) 543M->377M(604M) 4.462ms
[847.553s][info][gc] GC(11511) Pause Young (Allocation Failure) 544M->378M(604M) 4.455ms
[847.716s][info][gc] GC(11512) Pause Young (Allocation Failure) 545M->380M(604M) 4.000ms
[847.879s][info][gc] GC(11513) Pause Young (Allocation Failure) 547M->380M(604M) 4.276ms
[848.046s][info][gc] GC(11514) Pause Young (Allocation Failure) 547M->382M(604M) 3.986ms
[848.212s][info][gc] GC(11515) Pause Young (Allocation Failure) 549M->383M(604M) 4.303ms
[848.372s][info][gc] GC(11516) Pause Young (Allocation Failure) 550M->385M(604M) 4.444ms
[848.538s][info][gc] GC(11517) Pause Young (Allocation Failure) 552M->386M(604M) 4.403ms
[848.702s][info][gc] GC(11518) Pause Young (Allocation Failure) 553M->387M(604M) 4.251ms
[848.866s][info][gc] GC(11519) Pause Young (Allocation Failure) 554M->388M(604M) 4.630ms
[849.030s][info][gc] GC(11520) Pause Young (Allocation Failure) 555M->390M(604M) 4.378ms
[849.193s][info][gc] GC(11521) Pause Young (Allocation Failure) 557M->391M(604M) 4.403ms
[849.365s][info][gc] GC(11522) Pause Young (Allocation Failure) 558M->393M(604M) 4.561ms
[849.531s][info][gc] GC(11523) Pause Young (Allocation Failure) 560M->393M(604M) 4.307ms
[849.696s][info][gc] GC(11524) Pause Young (Allocation Failure) 560M->395M(604M) 4.112ms
[849.867s][info][gc] GC(11525) Pause Young (Allocation Failure) 562M->396M(604M) 4.775ms
[850.029s][info][gc] GC(11526) Pause Young (Allocation Failure) 563M->397M(604M) 4.115ms
[850.292s][info][gc] GC(11527) Pause Young (Allocation Failure) 564M->399M(604M) 4.522ms
[850.458s][info][gc] GC(11528) Pause Young (Allocation Failure) 566M->401M(604M) 5.001ms
[850.632s][info][gc] GC(11529) Pause Young (Allocation Failure) 568M->402M(604M) 4.386ms
[850.803s][info][gc] GC(11530) Pause Young (Allocation Failure) 569M->404M(604M) 4.524ms
[850.959s][info][gc] GC(11531) Pause Young (Allocation Failure) 570M->405M(604M) 4.420ms
[851.126s][info][gc] GC(11532) Pause Young (Allocation Failure) 572M->406M(604M) 4.295ms
[851.287s][info][gc] GC(11533) Pause Young (Allocation Failure) 573M->407M(604M) 4.354ms
[851.459s][info][gc] GC(11534) Pause Young (Allocation Failure) 574M->408M(604M) 4.207ms
[851.626s][info][gc] GC(11535) Pause Young (Allocation Failure) 575M->410M(604M) 3.978ms
[851.788s][info][gc] GC(11536) Pause Young (Allocation Failure) 577M->411M(604M) 4.536ms
[851.952s][info][gc] GC(11537) Pause Young (Allocation Failure) 578M->412M(604M) 4.525ms
[852.115s][info][gc] GC(11538) Pause Young (Allocation Failure) 579M->414M(604M) 4.080ms
[852.284s][info][gc] GC(11539) Pause Young (Allocation Failure) 580M->415M(604M) 4.226ms
[852.451s][info][gc] GC(11540) Pause Young (Allocation Failure) 582M->416M(604M) 3.997ms
[852.611s][info][gc] GC(11541) Pause Young (Allocation Failure) 583M->417M(604M) 4.094ms
[852.779s][info][gc] GC(11542) Pause Young (Allocation Failure) 584M->418M(604M) 4.395ms
[852.941s][info][gc] GC(11543) Pause Young (Allocation Failure) 585M->420M(604M) 4.028ms
[853.108s][info][gc] GC(11544) Pause Young (Allocation Failure) 587M->421M(604M) 4.471ms
[853.278s][info][gc] GC(11545) Pause Young (Allocation Failure) 588M->423M(604M) 4.011ms
[853.437s][info][gc] GC(11546) Pause Young (Allocation Failure) 589M->424M(604M) 4.483ms
[853.604s][info][gc] GC(11547) Pause Young (Allocation Failure) 590M->425M(604M) 4.425ms
[853.762s][info][gc] GC(11548) Pause Young (Allocation Failure) 592M->426M(604M) 4.474ms
[853.927s][info][gc] GC(11549) Pause Young (Allocation Failure) 593M->428M(604M) 3.993ms
[854.090s][info][gc] GC(11550) Pause Young (Allocation Failure) 594M->428M(606M) 4.342ms
[854.148s][info][gc] GC(11551) Pause Full (Allocation Failure) 428M->58M(477M) 58.110ms
[854.279s][info][gc] GC(11552) Pause Young (Allocation Failure) 190M->61M(477M) 1.503ms
[854.403s][info][gc] GC(11553) Pause Young (Allocation Failure) 193M->61M(477M) 1.590ms
[854.529s][info][gc] GC(11554) Pause Young (Allocation Failure) 193M->63M(477M) 1.974ms
[854.652s][info][gc] GC(11555) Pause Young (Allocation Failure) 194M->63M(477M) 2.250ms
[854.788s][info][gc] GC(11556) Pause Young (Allocation Failure) 195M->64M(477M) 2.679ms
[854.924s][info][gc] GC(11557) Pause Young (Allocation Failure) 196M->66M(477M) 2.904ms
[855.052s][info][gc] GC(11558) Pause Young (Allocation Failure) 198M->66M(477M) 3.047ms
[855.184s][info][gc] GC(11559) Pause Young (Allocation Failure) 198M->67M(477M) 3.060ms
[855.323s][info][gc] GC(11560) Pause Young (Allocation Failure) 198M->68M(477M) 3.283ms
[855.536s][info][gc] GC(11561) Pause Young (Allocation Failure) 200M->70M(477M) 4.096ms
[855.663s][info][gc] GC(11562) Pause Young (Allocation Failure) 202M->71M(477M) 3.715ms
[855.789s][info][gc] GC(11563) Pause Young (Allocation Failure) 203M->72M(477M) 3.377ms
[855.928s][info][gc] GC(11564) Pause Young (Allocation Failure) 204M->73M(477M) 3.339ms
[856.058s][info][gc] GC(11565) Pause Young (Allocation Failure) 205M->74M(477M) 3.247ms
[856.189s][info][gc] GC(11566) Pause Young (Allocation Failure) 206M->76M(477M) 3.523ms
[856.323s][info][gc] GC(11567) Pause Young (Allocation Failure) 207M->76M(477M) 3.649ms
[856.462s][info][gc] GC(11568) Pause Young (Allocation Failure) 208M->77M(477M) 3.027ms
[856.588s][info][gc] GC(11569) Pause Young (Allocation Failure) 209M->78M(477M) 3.362ms
[856.722s][info][gc] GC(11570) Pause Young (Allocation Failure) 210M->79M(477M) 3.405ms
[856.849s][info][gc] GC(11571) Pause Young (Allocation Failure) 211M->80M(477M) 3.427ms
[856.987s][info][gc] GC(11572) Pause Young (Allocation Failure) 212M->81M(477M) 3.351ms
[857.118s][info][gc] GC(11573) Pause Young (Allocation Failure) 213M->82M(477M) 3.377ms
[857.243s][info][gc] GC(11574) Pause Young (Allocation Failure) 214M->84M(477M) 3.406ms
[857.369s][info][gc] GC(11575) Pause Young (Allocation Failure) 215M->83M(477M) 3.171ms
[857.507s][info][gc] GC(11576) Pause Young (Allocation Failure) 215M->86M(477M) 3.379ms
[857.638s][info][gc] GC(11577) Pause Young (Allocation Failure) 217M->87M(477M) 3.756ms
[857.765s][info][gc] GC(11578) Pause Young (Allocation Failure) 218M->87M(477M) 3.345ms
[857.901s][info][gc] GC(11579) Pause Young (Allocation Failure) 219M->88M(477M) 3.168ms
[858.029s][info][gc] GC(11580) Pause Young (Allocation Failure) 220M->89M(477M) 3.258ms
[858.165s][info][gc] GC(11581) Pause Young (Allocation Failure) 221M->91M(477M) 3.717ms
[858.291s][info][gc] GC(11582) Pause Young (Allocation Failure) 222M->91M(477M) 3.338ms
[858.428s][info][gc] GC(11583) Pause Young (Allocation Failure) 223M->93M(477M) 3.329ms
[858.554s][info][gc] GC(11584) Pause Young (Allocation Failure) 224M->93M(477M) 3.355ms
[858.691s][info][gc] GC(11585) Pause Young (Allocation Failure) 225M->95M(477M) 3.579ms
[858.836s][info][gc] GC(11586) Pause Young (Allocation Failure) 226M->95M(477M) 3.827ms
[858.976s][info][gc] GC(11587) Pause Young (Allocation Failure) 227M->96M(477M) 3.315ms
[859.113s][info][gc] GC(11588) Pause Young (Allocation Failure) 228M->98M(477M) 3.458ms
[859.242s][info][gc] GC(11589) Pause Young (Allocation Failure) 230M->98M(477M) 3.325ms
[859.372s][info][gc] GC(11590) Pause Young (Allocation Failure) 230M->100M(477M) 3.423ms
[859.506s][info][gc] GC(11591) Pause Young (Allocation Failure) 231M->100M(477M) 3.342ms
[859.631s][info][gc] GC(11592) Pause Young (Allocation Failure) 232M->101M(477M) 3.220ms
[859.760s][info][gc] GC(11593) Pause Young (Allocation Failure) 233M->103M(477M) 3.463ms
[859.891s][info][gc] GC(11594) Pause Young (Allocation Failure) 235M->103M(477M) 3.323ms
[860.024s][info][gc] GC(11595) Pause Young (Allocation Failure) 235M->104M(477M) 3.238ms
[860.157s][info][gc] GC(11596) Pause Young (Allocation Failure) 236M->106M(477M) 3.429ms
[860.284s][info][gc] GC(11597) Pause Young (Allocation Failure) 237M->106M(477M) 3.419ms
[860.415s][info][gc] GC(11598) Pause Young (Allocation Failure) 238M->107M(477M) 3.142ms
[860.554s][info][gc] GC(11599) Pause Young (Allocation Failure) 239M->108M(477M) 3.508ms
[860.680s][info][gc] GC(11600) Pause Young (Allocation Failure) 240M->110M(477M) 3.781ms
[860.903s][info][gc] GC(11601) Pause Young (Allocation Failure) 241M->112M(477M) 3.734ms
[861.029s][info][gc] GC(11602) Pause Young (Allocation Failure) 243M->112M(477M) 3.616ms
[861.164s][info][gc] GC(11603) Pause Young (Allocation Failure) 244M->113M(477M) 3.296ms
[861.292s][info][gc] GC(11604) Pause Young (Allocation Failure) 245M->114M(477M) 3.382ms
[861.420s][info][gc] GC(11605) Pause Young (Allocation Failure) 246M->115M(477M) 3.425ms
[861.545s][info][gc] GC(11606) Pause Young (Allocation Failure) 247M->116M(477M) 3.402ms
[861.679s][info][gc] GC(11607) Pause Young (Allocation Failure) 248M->117M(477M) 3.251ms
[861.808s][info][gc] GC(11608) Pause Young (Allocation Failure) 249M->118M(477M) 3.017ms
[861.936s][info][gc] GC(11609) Pause Young (Allocation Failure) 250M->119M(477M) 3.227ms
[862.063s][info][gc] GC(11610) Pause Young (Allocation Failure) 251M->120M(477M) 3.263ms
[862.203s][info][gc] GC(11611) Pause Young (Allocation Failure) 252M->121M(477M) 3.698ms
[862.330s][info][gc] GC(11612) Pause Young (Allocation Failure) 253M->122M(477M) 3.408ms
[862.456s][info][gc] GC(11613) Pause Young (Allocation Failure) 254M->123M(477M) 3.397ms
[862.582s][info][gc] GC(11614) Pause Young (Allocation Failure) 255M->124M(477M) 3.446ms
[862.716s][info][gc] GC(11615) Pause Young (Allocation Failure) 256M->125M(477M) 3.300ms
[862.852s][info][gc] GC(11616) Pause Young (Allocation Failure) 257M->127M(477M) 3.434ms
[862.978s][info][gc] GC(11617) Pause Young (Allocation Failure) 258M->127M(477M) 3.307ms
[863.106s][info][gc] GC(11618) Pause Young (Allocation Failure) 259M->128M(477M) 3.248ms
[863.243s][info][gc] GC(11619) Pause Young (Allocation Failure) 260M->129M(477M) 3.328ms
[863.368s][info][gc] GC(11620) Pause Young (Allocation Failure) 261M->131M(477M) 3.761ms
[863.498s][info][gc] GC(11621) Pause Young (Allocation Failure) 262M->131M(477M) 3.388ms
[863.625s][info][gc] GC(11622) Pause Young (Allocation Failure) 263M->132M(477M) 3.163ms
[863.763s][info][gc] GC(11623) Pause Young (Allocation Failure) 264M->133M(477M) 3.314ms
[863.893s][info][gc] GC(11624) Pause Young (Allocation Failure) 265M->134M(477M) 3.685ms
[864.021s][info][gc] GC(11625) Pause Young (Allocation Failure) 266M->135M(477M) 3.402ms
[864.146s][info][gc] GC(11626) Pause Young (Allocation Failure) 267M->136M(477M) 3.349ms
[864.287s][info][gc] GC(11627) Pause Young (Allocation Failure) 268M->138M(477M) 3.497ms
[864.419s][info][gc] GC(11628) Pause Young (Allocation Failure) 269M->138M(477M) 3.377ms
[864.546s][info][gc] GC(11629) Pause Young (Allocation Failure) 270M->139M(477M) 3.313ms
[864.673s][info][gc] GC(11630) Pause Young (Allocation Failure) 271M->140M(477M) 3.170ms
[864.809s][info][gc] GC(11631) Pause Young (Allocation Failure) 271M->141M(477M) 3.379ms
[864.939s][info][gc] GC(11632) Pause Young (Allocation Failure) 273M->143M(477M) 3.946ms
[865.071s][info][gc] GC(11633) Pause Young (Allocation Failure) 274M->143M(477M) 3.379ms
[865.196s][info][gc] GC(11634) Pause Young (Allocation Failure) 275M->144M(477M) 3.530ms
[865.339s][info][gc] GC(11635) Pause Young (Allocation Failure) 276M->146M(477M) 3.500ms
[865.472s][info][gc] GC(11636) Pause Young (Allocation Failure) 277M->146M(477M) 3.537ms
[865.601s][info][gc] GC(11637) Pause Young (Allocation Failure) 278M->148M(477M) 3.477ms
[865.726s][info][gc] GC(11638) Pause Young (Allocation Failure) 279M->148M(477M) 3.185ms
[865.865s][info][gc] GC(11639) Pause Young (Allocation Failure) 280M->149M(477M) 3.687ms
[865.998s][info][gc] GC(11640) Pause Young (Allocation Failure) 281M->150M(477M) 3.754ms
[866.205s][info][gc] GC(11641) Pause Young (Allocation Failure) 282M->152M(477M) 3.829ms
[866.334s][info][gc] GC(11642) Pause Young (Allocation Failure) 284M->153M(477M) 3.875ms
[866.477s][info][gc] GC(11643) Pause Young (Allocation Failure) 285M->154M(477M) 3.355ms
[866.607s][info][gc] GC(11644) Pause Young (Allocation Failure) 286M->155M(477M) 3.452ms
[866.738s][info][gc] GC(11645) Pause Young (Allocation Failure) 287M->156M(477M) 3.619ms
[866.868s][info][gc] GC(11646) Pause Young (Allocation Failure) 288M->157M(477M) 3.498ms
[867.009s][info][gc] GC(11647) Pause Young (Allocation Failure) 289M->158M(477M) 3.534ms
[867.137s][info][gc] GC(11648) Pause Young (Allocation Failure) 290M->159M(477M) 3.019ms
[867.264s][info][gc] GC(11649) Pause Young (Allocation Failure) 291M->160M(477M) 3.496ms
[867.392s][info][gc] GC(11650) Pause Young (Allocation Failure) 292M->161M(477M) 3.200ms
[867.531s][info][gc] GC(11651) Pause Young (Allocation Failure) 293M->162M(477M) 3.427ms
[867.659s][info][gc] GC(11652) Pause Young (Allocation Failure) 294M->163M(477M) 3.773ms
[867.790s][info][gc] GC(11653) Pause Young (Allocation Failure) 295M->164M(477M) 3.361ms
[867.918s][info][gc] GC(11654) Pause Young (Allocation Failure) 296M->165M(477M) 3.121ms
[868.057s][info][gc] GC(11655) Pause Young (Allocation Failure) 296M->166M(477M) 3.300ms
[868.188s][info][gc] GC(11656) Pause Young (Allocation Failure) 298M->167M(477M) 3.657ms
[868.315s][info][gc] GC(11657) Pause Young (Allocation Failure) 299M->168M(477M) 3.462ms
[868.446s][info][gc] GC(11658) Pause Young (Allocation Failure) 300M->169M(477M) 3.421ms
[868.577s][info][gc] GC(11659) Pause Young (Allocation Failure) 301M->170M(477M) 3.381ms
[868.708s][info][gc] GC(11660) Pause Young (Allocation Failure) 302M->171M(477M) 3.340ms
[868.837s][info][gc] GC(11661) Pause Young (Allocation Failure) 303M->172M(477M) 3.564ms
[868.973s][info][gc] GC(11662) Pause Young (Allocation Failure) 304M->173M(477M) 3.342ms
[869.106s][info][gc] GC(11663) Pause Young (Allocation Failure) 305M->175M(477M) 3.422ms
[869.235s][info][gc] GC(11664) Pause Young (Allocation Failure) 306M->175M(477M) 3.354ms
[869.365s][info][gc] GC(11665) Pause Young (Allocation Failure) 307M->176M(477M) 3.306ms
[869.498s][info][gc] GC(11666) Pause Young (Allocation Failure) 308M->177M(477M) 3.386ms
[869.628s][info][gc] GC(11667) Pause Young (Allocation Failure) 309M->178M(477M) 3.355ms
[869.758s][info][gc] GC(11668) Pause Young (Allocation Failure) 310M->180M(477M) 3.447ms
[869.884s][info][gc] GC(11669) Pause Young (Allocation Failure) 311M->180M(477M) 3.678ms
[870.020s][info][gc] GC(11670) Pause Young (Allocation Failure) 312M->181M(477M) 3.393ms
[870.148s][info][gc] GC(11671) Pause Young (Allocation Failure) 313M->182M(477M) 3.292ms
[870.280s][info][gc] GC(11672) Pause Young (Allocation Failure) 314M->183M(477M) 3.504ms
[870.413s][info][gc] GC(11673) Pause Young (Allocation Failure) 315M->184M(477M) 3.341ms
[870.547s][info][gc] GC(11674) Pause Young (Allocation Failure) 316M->185M(477M) 3.335ms
[870.682s][info][gc] GC(11675) Pause Young (Allocation Failure) 317M->186M(477M) 3.422ms
[870.811s][info][gc] GC(11676) Pause Young (Allocation Failure) 318M->187M(477M) 3.321ms
[870.951s][info][gc] GC(11677) Pause Young (Allocation Failure) 319M->188M(477M) 3.406ms
[871.078s][info][gc] GC(11678) Pause Young (Allocation Failure) 320M->189M(477M) 3.323ms
[871.211s][info][gc] GC(11679) Pause Young (Allocation Failure) 321M->190M(477M) 3.249ms
[871.340s][info][gc] GC(11680) Pause Young (Allocation Failure) 322M->191M(477M) 3.279ms
[871.563s][info][gc] GC(11681) Pause Young (Allocation Failure) 323M->193M(477M) 3.645ms
[871.688s][info][gc] GC(11682) Pause Young (Allocation Failure) 325M->194M(477M) 3.395ms
[871.831s][info][gc] GC(11683) Pause Young (Allocation Failure) 325M->195M(477M) 3.413ms
[871.952s][info][gc] GC(11684) Pause Young (Allocation Failure) 327M->196M(477M) 3.680ms
[872.081s][info][gc] GC(11685) Pause Young (Allocation Failure) 328M->197M(477M) 3.326ms
[872.209s][info][gc] GC(11686) Pause Young (Allocation Failure) 329M->198M(477M) 3.123ms
[872.345s][info][gc] GC(11687) Pause Young (Allocation Failure) 329M->199M(477M) 3.663ms
[872.477s][info][gc] GC(11688) Pause Young (Allocation Failure) 331M->201M(477M) 3.717ms
[872.603s][info][gc] GC(11689) Pause Young (Allocation Failure) 332M->201M(477M) 3.363ms
[872.738s][info][gc] GC(11690) Pause Young (Allocation Failure) 333M->202M(477M) 3.213ms
[872.869s][info][gc] GC(11691) Pause Young (Allocation Failure) 334M->203M(477M) 3.419ms
[872.994s][info][gc] GC(11692) Pause Young (Allocation Failure) 335M->204M(477M) 3.378ms
[873.127s][info][gc] GC(11693) Pause Young (Allocation Failure) 336M->205M(477M) 3.324ms
[873.265s][info][gc] GC(11694) Pause Young (Allocation Failure) 337M->207M(477M) 3.495ms
[873.388s][info][gc] GC(11695) Pause Young (Allocation Failure) 338M->207M(477M) 3.424ms
[873.517s][info][gc] GC(11696) Pause Young (Allocation Failure) 339M->208M(477M) 3.324ms
[873.644s][info][gc] GC(11697) Pause Young (Allocation Failure) 340M->209M(477M) 3.298ms
[873.779s][info][gc] GC(11698) Pause Young (Allocation Failure) 341M->210M(477M) 3.353ms
[873.910s][info][gc] GC(11699) Pause Young (Allocation Failure) 342M->211M(477M) 3.423ms
[874.034s][info][gc] GC(11700) Pause Young (Allocation Failure) 343M->212M(477M) 3.229ms
[874.158s][info][gc] GC(11701) Pause Young (Allocation Failure) 344M->213M(477M) 3.365ms
[874.292s][info][gc] GC(11702) Pause Young (Allocation Failure) 345M->214M(477M) 3.404ms
[874.417s][info][gc] GC(11703) Pause Young (Allocation Failure) 346M->215M(477M) 3.305ms
[874.547s][info][gc] GC(11704) Pause Young (Allocation Failure) 347M->216M(477M) 3.392ms
[874.671s][info][gc] GC(11705) Pause Young (Allocation Failure) 348M->217M(477M) 3.345ms
[874.806s][info][gc] GC(11706) Pause Young (Allocation Failure) 349M->218M(477M) 3.361ms
[874.930s][info][gc] GC(11707) Pause Young (Allocation Failure) 350M->219M(477M) 3.475ms
[875.061s][info][gc] GC(11708) Pause Young (Allocation Failure) 351M->220M(477M) 3.458ms
[875.189s][info][gc] GC(11709) Pause Young (Allocation Failure) 352M->221M(477M) 3.311ms
[875.327s][info][gc] GC(11710) Pause Young (Allocation Failure) 353M->222M(477M) 3.282ms
[875.458s][info][gc] GC(11711) Pause Young (Allocation Failure) 354M->224M(477M) 3.578ms
[875.584s][info][gc] GC(11712) Pause Young (Allocation Failure) 356M->224M(477M) 3.334ms
[875.714s][info][gc] GC(11713) Pause Young (Allocation Failure) 356M->226M(477M) 3.537ms
[875.850s][info][gc] GC(11714) Pause Young (Allocation Failure) 358M->227M(477M) 3.479ms
[875.978s][info][gc] GC(11715) Pause Young (Allocation Failure) 358M->227M(477M) 3.299ms
[876.105s][info][gc] GC(11716) Pause Young (Allocation Failure) 359M->228M(477M) 3.340ms
[876.231s][info][gc] GC(11717) Pause Young (Allocation Failure) 360M->229M(477M) 3.358ms
[876.366s][info][gc] GC(11718) Pause Young (Allocation Failure) 361M->230M(477M) 3.343ms
[876.491s][info][gc] GC(11719) Pause Young (Allocation Failure) 362M->231M(477M) 3.325ms
[876.628s][info][gc] GC(11720) Pause Young (Allocation Failure) 363M->232M(477M) 3.277ms
[876.826s][info][gc] GC(11721) Pause Young (Allocation Failure) 364M->240M(477M) 6.407ms
[876.880s][info][gc] GC(11722) Pause Young (Allocation Failure) 372M->241M(477M) 5.772ms
[876.937s][info][gc] GC(11723) Pause Young (Allocation Failure) 372M->244M(477M) 2.751ms
[876.988s][info][gc] GC(11724) Pause Young (Allocation Failure) 376M->245M(477M) 3.108ms
[877.035s][info][gc] GC(11725) Pause Young (Allocation Failure) 377M->246M(477M) 3.059ms
[877.097s][info][gc] GC(11726) Pause Young (Allocation Failure) 377M->248M(477M) 3.803ms
[877.146s][info][gc] GC(11727) Pause Young (Allocation Failure) 379M->248M(477M) 3.860ms
[877.201s][info][gc] GC(11728) Pause Young (Allocation Failure) 380M->249M(477M) 3.561ms
[877.252s][info][gc] GC(11729) Pause Young (Allocation Failure) 381M->251M(477M) 3.731ms
[877.303s][info][gc] GC(11730) Pause Young (Allocation Failure) 383M->251M(477M) 3.752ms
[877.357s][info][gc] GC(11731) Pause Young (Allocation Failure) 382M->252M(477M) 3.576ms
[877.406s][info][gc] GC(11732) Pause Young (Allocation Failure) 384M->254M(477M) 4.165ms
[877.465s][info][gc] GC(11733) Pause Young (Allocation Failure) 386M->255M(477M) 4.030ms
[877.515s][info][gc] GC(11734) Pause Young (Allocation Failure) 386M->256M(477M) 3.900ms
[877.564s][info][gc] GC(11735) Pause Young (Allocation Failure) 388M->256M(477M) 3.682ms
[877.619s][info][gc] GC(11736) Pause Young (Allocation Failure) 388M->257M(477M) 3.589ms
[877.669s][info][gc] GC(11737) Pause Young (Allocation Failure) 389M->258M(477M) 3.759ms
[877.724s][info][gc] GC(11738) Pause Young (Allocation Failure) 390M->259M(477M) 3.504ms
[877.772s][info][gc] GC(11739) Pause Young (Allocation Failure) 391M->260M(477M) 3.686ms
[877.825s][info][gc] GC(11740) Pause Young (Allocation Failure) 392M->261M(477M) 3.877ms
[877.877s][info][gc] GC(11741) Pause Young (Allocation Failure) 393M->263M(477M) 3.978ms
[877.929s][info][gc] GC(11742) Pause Young (Allocation Failure) 394M->263M(477M) 3.666ms
[877.983s][info][gc] GC(11743) Pause Young (Allocation Failure) 395M->265M(477M) 3.798ms
[878.030s][info][gc] GC(11744) Pause Young (Allocation Failure) 397M->265M(477M) 3.771ms
[878.087s][info][gc] GC(11745) Pause Young (Allocation Failure) 397M->266M(477M) 3.512ms
[878.136s][info][gc] GC(11746) Pause Young (Allocation Failure) 398M->267M(477M) 3.450ms
[878.190s][info][gc] GC(11747) Pause Young (Allocation Failure) 399M->268M(477M) 4.023ms
[878.240s][info][gc] GC(11748) Pause Young (Allocation Failure) 400M->270M(477M) 3.734ms
[878.288s][info][gc] GC(11749) Pause Young (Allocation Failure) 402M->270M(477M) 3.349ms
[878.344s][info][gc] GC(11750) Pause Young (Allocation Failure) 401M->271M(477M) 3.553ms
[878.389s][info][gc] GC(11751) Pause Young (Allocation Failure) 403M->272M(477M) 3.729ms
[878.446s][info][gc] GC(11752) Pause Young (Allocation Failure) 404M->273M(477M) 3.350ms
[878.498s][info][gc] GC(11753) Pause Young (Allocation Failure) 405M->274M(477M) 3.844ms
[878.550s][info][gc] GC(11754) Pause Young (Allocation Failure) 406M->275M(477M) 3.999ms
[878.610s][info][gc] GC(11755) Pause Young (Allocation Failure) 407M->277M(477M) 3.954ms
[878.663s][info][gc] GC(11756) Pause Young (Allocation Failure) 409M->277M(477M) 3.784ms
[878.717s][info][gc] GC(11757) Pause Young (Allocation Failure) 409M->278M(477M) 3.645ms
[878.768s][info][gc] GC(11758) Pause Young (Allocation Failure) 410M->279M(477M) 3.487ms
[878.822s][info][gc] GC(11759) Pause Young (Allocation Failure) 411M->279M(477M) 3.576ms
[878.875s][info][gc] GC(11760) Pause Young (Allocation Failure) 411M->281M(477M) 3.791ms
[878.927s][info][gc] GC(11761) Pause Young (Allocation Failure) 413M->282M(477M) 3.872ms
[878.980s][info][gc] GC(11762) Pause Young (Allocation Failure) 414M->284M(477M) 3.808ms
[879.027s][info][gc] GC(11763) Pause Young (Allocation Failure) 415M->284M(477M) 3.775ms
[879.085s][info][gc] GC(11764) Pause Young (Allocation Failure) 416M->285M(477M) 3.633ms
[879.131s][info][gc] GC(11765) Pause Young (Allocation Failure) 417M->286M(477M) 3.856ms
[879.181s][info][gc] GC(11766) Pause Young (Allocation Failure) 418M->287M(477M) 3.272ms
[879.237s][info][gc] GC(11767) Pause Young (Allocation Failure) 419M->289M(477M) 4.019ms
[879.285s][info][gc] GC(11768) Pause Young (Allocation Failure) 420M->289M(477M) 3.634ms
[879.340s][info][gc] GC(11769) Pause Young (Allocation Failure) 420M->290M(477M) 3.530ms
[879.390s][info][gc] GC(11770) Pause Young (Allocation Failure) 422M->292M(477M) 3.987ms
[879.443s][info][gc] GC(11771) Pause Young (Allocation Failure) 423M->292M(477M) 3.729ms
[879.493s][info][gc] GC(11772) Pause Young (Allocation Failure) 423M->293M(477M) 3.590ms
[879.544s][info][gc] GC(11773) Pause Young (Allocation Failure) 425M->293M(477M) 3.606ms
[879.601s][info][gc] GC(11774) Pause Young (Allocation Failure) 425M->296M(477M) 3.762ms
[879.648s][info][gc] GC(11775) Pause Young (Allocation Failure) 428M->297M(477M) 4.041ms
[879.699s][info][gc] GC(11776) Pause Young (Allocation Failure) 429M->296M(477M) 3.406ms
[879.754s][info][gc] GC(11777) Pause Young (Allocation Failure) 428M->299M(477M) 3.624ms
[879.804s][info][gc] GC(11778) Pause Young (Allocation Failure) 431M->299M(477M) 3.619ms
[879.862s][info][gc] GC(11779) Pause Young (Allocation Failure) 431M->300M(477M) 3.602ms
[879.910s][info][gc] GC(11780) Pause Young (Allocation Failure) 432M->301M(477M) 4.139ms
[879.969s][info][gc] GC(11781) Pause Young (Allocation Failure) 433M->302M(477M) 3.589ms
[880.019s][info][gc] GC(11782) Pause Young (Allocation Failure) 434M->304M(477M) 3.540ms
[880.072s][info][gc] GC(11783) Pause Young (Allocation Failure) 435M->304M(477M) 3.749ms
[880.126s][info][gc] GC(11784) Pause Young (Allocation Failure) 436M->306M(477M) 4.046ms
[880.176s][info][gc] GC(11785) Pause Young (Allocation Failure) 437M->305M(477M) 3.577ms
[880.233s][info][gc] GC(11786) Pause Young (Allocation Failure) 437M->307M(477M) 3.646ms
[880.285s][info][gc] GC(11787) Pause Young (Allocation Failure) 439M->308M(477M) 4.058ms
[880.344s][info][gc] GC(11788) Pause Young (Allocation Failure) 440M->310M(477M) 4.235ms
[880.395s][info][gc] GC(11789) Pause Young (Allocation Failure) 441M->310M(477M) 3.761ms
[880.445s][info][gc] GC(11790) Pause Young (Allocation Failure) 442M->310M(477M) 3.329ms
[880.500s][info][gc] GC(11791) Pause Young (Allocation Failure) 442M->313M(477M) 3.808ms
[880.549s][info][gc] GC(11792) Pause Young (Allocation Failure) 445M->313M(477M) 3.977ms
[880.604s][info][gc] GC(11793) Pause Young (Allocation Failure) 445M->314M(477M) 3.656ms
[880.654s][info][gc] GC(11794) Pause Young (Allocation Failure) 446M->315M(477M) 3.474ms
[880.706s][info][gc] GC(11795) Pause Young (Allocation Failure) 447M->316M(477M) 3.347ms
[880.756s][info][gc] GC(11796) Pause Young (Allocation Failure) 447M->317M(477M) 3.599ms
[880.803s][info][gc] GC(11797) Pause Young (Allocation Failure) 449M->319M(477M) 4.006ms
[880.862s][info][gc] GC(11798) Pause Young (Allocation Failure) 451M->320M(477M) 3.815ms
[880.908s][info][gc] GC(11799) Pause Young (Allocation Failure) 451M->320M(477M) 3.526ms
[880.964s][info][gc] GC(11800) Pause Young (Allocation Failure) 452M->321M(477M) 3.729ms
[881.011s][info][gc] GC(11801) Pause Young (Allocation Failure) 453M->322M(477M) 3.580ms
[881.058s][info][gc] GC(11802) Pause Young (Allocation Failure) 454M->323M(477M) 3.427ms
[881.116s][info][gc] GC(11803) Pause Young (Allocation Failure) 455M->324M(477M) 3.699ms
[881.163s][info][gc] GC(11804) Pause Young (Allocation Failure) 456M->326M(477M) 3.990ms
[881.218s][info][gc] GC(11805) Pause Young (Allocation Failure) 458M->326M(477M) 3.651ms
[881.268s][info][gc] GC(11806) Pause Young (Allocation Failure) 458M->327M(477M) 3.453ms
[881.316s][info][gc] GC(11807) Pause Young (Allocation Failure) 459M->328M(477M) 3.597ms
[881.371s][info][gc] GC(11808) Pause Young (Allocation Failure) 459M->329M(477M) 4.141ms
[881.419s][info][gc] GC(11809) Pause Young (Allocation Failure) 461M->330M(477M) 3.872ms
[881.475s][info][gc] GC(11810) Pause Young (Allocation Failure) 462M->331M(477M) 3.705ms
[881.525s][info][gc] GC(11811) Pause Young (Allocation Failure) 463M->333M(477M) 3.706ms
[881.573s][info][gc] GC(11812) Pause Young (Allocation Failure) 465M->332M(477M) 3.279ms
[881.626s][info][gc] GC(11813) Pause Young (Allocation Failure) 464M->334M(477M) 3.497ms
[881.675s][info][gc] GC(11814) Pause Young (Allocation Failure) 466M->335M(477M) 3.574ms
[881.730s][info][gc] GC(11815) Pause Young (Allocation Failure) 467M->337M(477M) 3.714ms
[881.778s][info][gc] GC(11816) Pause Young (Allocation Failure) 468M->337M(477M) 3.831ms
[881.864s][info][gc] GC(11817) Pause Full (Allocation Failure) 337M->126M(477M) 85.791ms
[881.914s][info][gc] GC(11818) Pause Young (Allocation Failure) 258M->130M(477M) 2.128ms
[881.966s][info][gc] GC(11819) Pause Young (Allocation Failure) 262M->133M(477M) 2.918ms
[882.017s][info][gc] GC(11820) Pause Young (Allocation Failure) 265M->134M(477M) 3.019ms
[882.068s][info][gc] GC(11821) Pause Young (Allocation Failure) 265M->135M(477M) 3.234ms
[882.116s][info][gc] GC(11822) Pause Young (Allocation Failure) 266M->135M(477M) 3.343ms
[882.174s][info][gc] GC(11823) Pause Young (Allocation Failure) 267M->136M(477M) 3.327ms
[882.224s][info][gc] GC(11824) Pause Young (Allocation Failure) 268M->138M(477M) 3.927ms
[882.278s][info][gc] GC(11825) Pause Young (Allocation Failure) 270M->138M(477M) 3.774ms
[882.330s][info][gc] GC(11826) Pause Young (Allocation Failure) 270M->140M(477M) 3.700ms
[882.377s][info][gc] GC(11827) Pause Young (Allocation Failure) 272M->140M(477M) 3.607ms
[882.432s][info][gc] GC(11828) Pause Young (Allocation Failure) 272M->142M(477M) 3.575ms
[882.480s][info][gc] GC(11829) Pause Young (Allocation Failure) 273M->143M(477M) 3.777ms
[882.534s][info][gc] GC(11830) Pause Young (Allocation Failure) 274M->144M(477M) 3.874ms
[882.585s][info][gc] GC(11831) Pause Young (Allocation Failure) 276M->145M(477M) 3.653ms
[882.634s][info][gc] GC(11832) Pause Young (Allocation Failure) 276M->145M(477M) 3.184ms
[882.688s][info][gc] GC(11833) Pause Young (Allocation Failure) 276M->147M(477M) 3.643ms
[882.734s][info][gc] GC(11834) Pause Young (Allocation Failure) 279M->148M(477M) 3.920ms
[882.788s][info][gc] GC(11835) Pause Young (Allocation Failure) 280M->148M(477M) 3.503ms
[882.840s][info][gc] GC(11836) Pause Young (Allocation Failure) 280M->150M(477M) 3.646ms
[882.893s][info][gc] GC(11837) Pause Young (Allocation Failure) 282M->150M(477M) 3.841ms
[882.944s][info][gc] GC(11838) Pause Young (Allocation Failure) 282M->152M(477M) 3.511ms
[882.993s][info][gc] GC(11839) Pause Young (Allocation Failure) 283M->152M(477M) 3.735ms
[883.045s][info][gc] GC(11840) Pause Young (Allocation Failure) 284M->153M(477M) 3.347ms
[883.094s][info][gc] GC(11841) Pause Young (Allocation Failure) 285M->154M(477M) 3.680ms
[883.231s][info][gc] GC(11842) Pause Young (Allocation Failure) 286M->151M(477M) 2.484ms
[883.310s][info][gc] GC(11843) Pause Young (Allocation Failure) 283M->158M(477M) 4.303ms
[883.370s][info][gc] GC(11844) Pause Young (Allocation Failure) 290M->160M(477M) 4.924ms
[883.430s][info][gc] GC(11845) Pause Young (Allocation Failure) 291M->161M(477M) 3.989ms
[883.484s][info][gc] GC(11846) Pause Young (Allocation Failure) 292M->161M(477M) 2.765ms
[883.541s][info][gc] GC(11847) Pause Young (Allocation Failure) 293M->162M(477M) 2.957ms
[883.597s][info][gc] GC(11848) Pause Young (Allocation Failure) 294M->164M(477M) 3.470ms
[883.656s][info][gc] GC(11849) Pause Young (Allocation Failure) 296M->165M(477M) 3.837ms
[883.713s][info][gc] GC(11850) Pause Young (Allocation Failure) 297M->166M(477M) 3.709ms
[883.769s][info][gc] GC(11851) Pause Young (Allocation Failure) 297M->166M(477M) 3.647ms
[883.827s][info][gc] GC(11852) Pause Young (Allocation Failure) 298M->168M(477M) 3.622ms
[883.885s][info][gc] GC(11853) Pause Young (Allocation Failure) 299M->168M(477M) 3.755ms
[883.942s][info][gc] GC(11854) Pause Young (Allocation Failure) 300M->169M(477M) 3.556ms
[883.999s][info][gc] GC(11855) Pause Young (Allocation Failure) 301M->171M(477M) 3.645ms
[884.054s][info][gc] GC(11856) Pause Young (Allocation Failure) 302M->171M(477M) 3.581ms
[884.113s][info][gc] GC(11857) Pause Young (Allocation Failure) 303M->173M(477M) 3.782ms
[884.169s][info][gc] GC(11858) Pause Young (Allocation Failure) 304M->174M(477M) 3.777ms
[884.227s][info][gc] GC(11859) Pause Young (Allocation Failure) 306M->174M(477M) 3.692ms
[884.284s][info][gc] GC(11860) Pause Young (Allocation Failure) 306M->176M(477M) 3.781ms
[884.341s][info][gc] GC(11861) Pause Young (Allocation Failure) 308M->176M(477M) 3.608ms
[884.398s][info][gc] GC(11862) Pause Young (Allocation Failure) 308M->177M(477M) 3.639ms
[884.455s][info][gc] GC(11863) Pause Young (Allocation Failure) 309M->178M(477M) 3.676ms
[884.513s][info][gc] GC(11864) Pause Young (Allocation Failure) 310M->180M(477M) 3.695ms
[884.573s][info][gc] GC(11865) Pause Young (Allocation Failure) 311M->181M(477M) 3.701ms
[884.628s][info][gc] GC(11866) Pause Young (Allocation Failure) 312M->182M(477M) 3.756ms
[884.685s][info][gc] GC(11867) Pause Young (Allocation Failure) 313M->182M(477M) 3.622ms
[884.743s][info][gc] GC(11868) Pause Young (Allocation Failure) 314M->184M(477M) 3.770ms
[884.801s][info][gc] GC(11869) Pause Young (Allocation Failure) 316M->184M(477M) 3.633ms
[884.858s][info][gc] GC(11870) Pause Young (Allocation Failure) 316M->186M(477M) 3.763ms
[884.919s][info][gc] GC(11871) Pause Young (Allocation Failure) 318M->187M(477M) 4.019ms
[884.976s][info][gc] GC(11872) Pause Young (Allocation Failure) 319M->188M(477M) 3.903ms
[885.035s][info][gc] GC(11873) Pause Young (Allocation Failure) 319M->188M(477M) 3.611ms
[885.093s][info][gc] GC(11874) Pause Young (Allocation Failure) 320M->190M(477M) 3.720ms
[885.152s][info][gc] GC(11875) Pause Young (Allocation Failure) 322M->191M(477M) 3.741ms
[885.210s][info][gc] GC(11876) Pause Young (Allocation Failure) 322M->192M(477M) 3.857ms
[885.270s][info][gc] GC(11877) Pause Young (Allocation Failure) 324M->192M(477M) 3.884ms
[885.329s][info][gc] GC(11878) Pause Young (Allocation Failure) 324M->193M(477M) 3.640ms
[885.392s][info][gc] GC(11879) Pause Young (Allocation Failure) 325M->195M(477M) 3.966ms
[885.449s][info][gc] GC(11880) Pause Young (Allocation Failure) 327M->196M(477M) 3.757ms
[885.506s][info][gc] GC(11881) Pause Young (Allocation Failure) 327M->197M(477M) 3.726ms
[885.563s][info][gc] GC(11882) Pause Young (Allocation Failure) 328M->198M(477M) 3.752ms
[885.623s][info][gc] GC(11883) Pause Young (Allocation Failure) 329M->199M(477M) 3.692ms
[885.675s][info][gc] GC(11884) Pause Young (Allocation Failure) 330M->199M(477M) 3.511ms
[885.734s][info][gc] GC(11885) Pause Young (Allocation Failure) 331M->201M(477M) 3.945ms
[885.788s][info][gc] GC(11886) Pause Young (Allocation Failure) 333M->201M(477M) 3.589ms
[885.845s][info][gc] GC(11887) Pause Young (Allocation Failure) 333M->202M(477M) 3.263ms
[885.903s][info][gc] GC(11888) Pause Young (Allocation Failure) 334M->204M(477M) 3.929ms
[885.959s][info][gc] GC(11889) Pause Young (Allocation Failure) 336M->204M(477M) 3.596ms
[886.017s][info][gc] GC(11890) Pause Young (Allocation Failure) 336M->206M(477M) 3.799ms
[886.076s][info][gc] GC(11891) Pause Young (Allocation Failure) 337M->207M(477M) 3.817ms
[886.128s][info][gc] GC(11892) Pause Young (Allocation Failure) 339M->207M(477M) 3.550ms
[886.189s][info][gc] GC(11893) Pause Young (Allocation Failure) 339M->209M(477M) 3.865ms
[886.246s][info][gc] GC(11894) Pause Young (Allocation Failure) 341M->209M(477M) 3.633ms
[886.305s][info][gc] GC(11895) Pause Young (Allocation Failure) 341M->211M(477M) 3.789ms
[886.359s][info][gc] GC(11896) Pause Young (Allocation Failure) 343M->212M(477M) 3.729ms
[886.418s][info][gc] GC(11897) Pause Young (Allocation Failure) 344M->213M(477M) 3.786ms
[886.472s][info][gc] GC(11898) Pause Young (Allocation Failure) 344M->213M(477M) 3.574ms
[886.534s][info][gc] GC(11899) Pause Young (Allocation Failure) 345M->215M(477M) 3.910ms
[886.589s][info][gc] GC(11900) Pause Young (Allocation Failure) 347M->216M(477M) 3.877ms
[886.643s][info][gc] GC(11901) Pause Young (Allocation Failure) 348M->216M(477M) 3.421ms
[886.699s][info][gc] GC(11902) Pause Young (Allocation Failure) 348M->217M(477M) 3.660ms
[886.756s][info][gc] GC(11903) Pause Young (Allocation Failure) 349M->218M(477M) 3.505ms
[886.813s][info][gc] GC(11904) Pause Young (Allocation Failure) 350M->220M(477M) 3.716ms
[886.874s][info][gc] GC(11905) Pause Young (Allocation Failure) 352M->221M(477M) 4.120ms
[886.929s][info][gc] GC(11906) Pause Young (Allocation Failure) 353M->222M(477M) 3.674ms
[886.985s][info][gc] GC(11907) Pause Young (Allocation Failure) 353M->222M(477M) 3.215ms
[887.043s][info][gc] GC(11908) Pause Young (Allocation Failure) 354M->224M(477M) 4.021ms
[887.100s][info][gc] GC(11909) Pause Young (Allocation Failure) 356M->225M(477M) 3.692ms
[887.157s][info][gc] GC(11910) Pause Young (Allocation Failure) 356M->225M(477M) 3.533ms
[887.215s][info][gc] GC(11911) Pause Young (Allocation Failure) 357M->227M(477M) 3.729ms
[887.272s][info][gc] GC(11912) Pause Young (Allocation Failure) 358M->228M(477M) 3.644ms
[887.329s][info][gc] GC(11913) Pause Young (Allocation Failure) 359M->228M(477M) 3.608ms
[887.386s][info][gc] GC(11914) Pause Young (Allocation Failure) 360M->230M(477M) 3.722ms
[887.443s][info][gc] GC(11915) Pause Young (Allocation Failure) 361M->230M(477M) 3.567ms
[887.498s][info][gc] GC(11916) Pause Young (Allocation Failure) 362M->231M(477M) 3.621ms
[887.556s][info][gc] GC(11917) Pause Young (Allocation Failure) 363M->233M(477M) 3.632ms
[887.612s][info][gc] GC(11918) Pause Young (Allocation Failure) 364M->234M(477M) 3.681ms
[887.673s][info][gc] GC(11919) Pause Young (Allocation Failure) 366M->235M(477M) 3.795ms
[887.725s][info][gc] GC(11920) Pause Young (Allocation Failure) 367M->235M(477M) 3.757ms
[887.786s][info][gc] GC(11921) Pause Young (Allocation Failure) 367M->236M(477M) 3.218ms
[887.842s][info][gc] GC(11922) Pause Young (Allocation Failure) 368M->237M(477M) 3.607ms
[887.899s][info][gc] GC(11923) Pause Young (Allocation Failure) 369M->238M(477M) 3.547ms
[887.957s][info][gc] GC(11924) Pause Young (Allocation Failure) 370M->240M(477M) 3.620ms
[888.017s][info][gc] GC(11925) Pause Young (Allocation Failure) 371M->240M(477M) 3.922ms
[888.086s][info][gc] GC(11926) Pause Young (Allocation Failure) 372M->241M(477M) 3.662ms
[888.154s][info][gc] GC(11927) Pause Young (Allocation Failure) 373M->243M(477M) 3.995ms
[888.220s][info][gc] GC(11928) Pause Young (Allocation Failure) 375M->243M(477M) 3.868ms
[888.283s][info][gc] GC(11929) Pause Young (Allocation Failure) 375M->244M(477M) 3.226ms
[888.361s][info][gc] GC(11930) Pause Young (Allocation Failure) 375M->246M(477M) 3.997ms
[888.425s][info][gc] GC(11931) Pause Young (Allocation Failure) 378M->246M(477M) 3.854ms
[888.487s][info][gc] GC(11932) Pause Young (Allocation Failure) 378M->248M(477M) 3.778ms
[888.539s][info][gc] GC(11933) Pause Young (Allocation Failure) 380M->247M(477M) 3.565ms
[888.602s][info][gc] GC(11934) Pause Young (Allocation Failure) 379M->250M(477M) 3.824ms
[888.652s][info][gc] GC(11935) Pause Young (Allocation Failure) 382M->249M(477M) 3.479ms
[888.716s][info][gc] GC(11936) Pause Young (Allocation Failure) 381M->252M(477M) 3.532ms
[888.766s][info][gc] GC(11937) Pause Young (Allocation Failure) 384M->252M(477M) 3.535ms
[888.829s][info][gc] GC(11938) Pause Young (Allocation Failure) 384M->253M(477M) 3.718ms
[888.881s][info][gc] GC(11939) Pause Young (Allocation Failure) 385M->254M(477M) 3.268ms
[888.943s][info][gc] GC(11940) Pause Young (Allocation Failure) 385M->256M(477M) 3.684ms
[888.995s][info][gc] GC(11941) Pause Young (Allocation Failure) 387M->256M(477M) 3.565ms
[889.079s][info][gc] GC(11942) Pause Young (Allocation Failure) 387M->255M(477M) 2.894ms
[889.193s][info][gc] GC(11943) Pause Young (Allocation Failure) 387M->258M(477M) 3.763ms
[889.258s][info][gc] GC(11944) Pause Young (Allocation Failure) 390M->260M(477M) 4.464ms
[889.317s][info][gc] GC(11945) Pause Young (Allocation Failure) 392M->263M(477M) 4.337ms
[889.379s][info][gc] GC(11946) Pause Young (Allocation Failure) 394M->263M(477M) 3.998ms
[889.432s][info][gc] GC(11947) Pause Young (Allocation Failure) 395M->264M(477M) 3.333ms
[889.491s][info][gc] GC(11948) Pause Young (Allocation Failure) 396M->265M(477M) 3.756ms
[889.543s][info][gc] GC(11949) Pause Young (Allocation Failure) 397M->266M(477M) 3.176ms
[889.603s][info][gc] GC(11950) Pause Young (Allocation Failure) 398M->266M(477M) 3.404ms
[889.659s][info][gc] GC(11951) Pause Young (Allocation Failure) 398M->269M(477M) 3.672ms
[889.720s][info][gc] GC(11952) Pause Young (Allocation Failure) 400M->269M(477M) 3.880ms
[889.772s][info][gc] GC(11953) Pause Young (Allocation Failure) 401M->270M(477M) 3.770ms
[889.830s][info][gc] GC(11954) Pause Young (Allocation Failure) 402M->270M(477M) 3.165ms
[889.890s][info][gc] GC(11955) Pause Young (Allocation Failure) 402M->272M(477M) 3.625ms
[889.950s][info][gc] GC(11956) Pause Young (Allocation Failure) 404M->273M(477M) 3.828ms
[890.008s][info][gc] GC(11957) Pause Young (Allocation Failure) 404M->274M(477M) 3.619ms
[890.067s][info][gc] GC(11958) Pause Young (Allocation Failure) 406M->274M(477M) 3.825ms
[890.127s][info][gc] GC(11959) Pause Young (Allocation Failure) 406M->277M(477M) 3.817ms
[890.190s][info][gc] GC(11960) Pause Young (Allocation Failure) 409M->277M(477M) 3.890ms
[890.244s][info][gc] GC(11961) Pause Young (Allocation Failure) 409M->278M(477M) 3.188ms
[890.307s][info][gc] GC(11962) Pause Young (Allocation Failure) 410M->279M(477M) 3.757ms
[890.361s][info][gc] GC(11963) Pause Young (Allocation Failure) 411M->280M(477M) 3.556ms
[890.422s][info][gc] GC(11964) Pause Young (Allocation Failure) 412M->281M(477M) 3.416ms
[890.483s][info][gc] GC(11965) Pause Young (Allocation Failure) 412M->283M(477M) 3.891ms
[890.542s][info][gc] GC(11966) Pause Young (Allocation Failure) 415M->283M(477M) 3.831ms
[890.596s][info][gc] GC(11967) Pause Young (Allocation Failure) 414M->284M(477M) 3.172ms
[890.654s][info][gc] GC(11968) Pause Young (Allocation Failure) 416M->285M(477M) 3.510ms
[890.708s][info][gc] GC(11969) Pause Young (Allocation Failure) 417M->286M(477M) 3.572ms
[890.767s][info][gc] GC(11970) Pause Young (Allocation Failure) 418M->286M(477M) 3.386ms
[890.822s][info][gc] GC(11971) Pause Young (Allocation Failure) 418M->288M(477M) 3.365ms
[890.883s][info][gc] GC(11972) Pause Young (Allocation Failure) 420M->289M(477M) 3.854ms
[890.936s][info][gc] GC(11973) Pause Young (Allocation Failure) 420M->290M(477M) 3.380ms
[890.991s][info][gc] GC(11974) Pause Young (Allocation Failure) 422M->290M(477M) 3.606ms
[891.052s][info][gc] GC(11975) Pause Young (Allocation Failure) 422M->292M(477M) 3.614ms
[891.109s][info][gc] GC(11976) Pause Young (Allocation Failure) 424M->293M(477M) 3.832ms
[891.167s][info][gc] GC(11977) Pause Young (Allocation Failure) 425M->294M(477M) 3.854ms
[891.221s][info][gc] GC(11978) Pause Young (Allocation Failure) 426M->295M(477M) 3.546ms
[891.278s][info][gc] GC(11979) Pause Young (Allocation Failure) 427M->296M(477M) 3.659ms
[891.337s][info][gc] GC(11980) Pause Young (Allocation Failure) 428M->297M(477M) 3.549ms
[891.397s][info][gc] GC(11981) Pause Young (Allocation Failure) 429M->298M(477M) 3.818ms
[891.453s][info][gc] GC(11982) Pause Young (Allocation Failure) 430M->299M(477M) 3.416ms
[891.509s][info][gc] GC(11983) Pause Young (Allocation Failure) 430M->300M(477M) 3.628ms
[891.568s][info][gc] GC(11984) Pause Young (Allocation Failure) 432M->301M(477M) 3.794ms
[891.626s][info][gc] GC(11985) Pause Young (Allocation Failure) 432M->302M(477M) 3.685ms
[891.681s][info][gc] GC(11986) Pause Young (Allocation Failure) 434M->303M(477M) 3.806ms
[891.740s][info][gc] GC(11987) Pause Young (Allocation Failure) 434M->304M(477M) 3.610ms
[891.794s][info][gc] GC(11988) Pause Young (Allocation Failure) 436M->304M(477M) 3.501ms
[891.853s][info][gc] GC(11989) Pause Young (Allocation Failure) 436M->306M(477M) 3.651ms
[891.912s][info][gc] GC(11990) Pause Young (Allocation Failure) 438M->307M(477M) 3.865ms
[891.969s][info][gc] GC(11991) Pause Young (Allocation Failure) 438M->308M(477M) 3.611ms
[892.024s][info][gc] GC(11992) Pause Young (Allocation Failure) 440M->308M(477M) 3.463ms
[892.080s][info][gc] GC(11993) Pause Young (Allocation Failure) 440M->310M(477M) 3.376ms
[892.136s][info][gc] GC(11994) Pause Young (Allocation Failure) 442M->310M(477M) 3.534ms
[892.196s][info][gc] GC(11995) Pause Young (Allocation Failure) 442M->313M(477M) 3.720ms
[892.254s][info][gc] GC(11996) Pause Young (Allocation Failure) 444M->313M(477M) 3.730ms
[892.308s][info][gc] GC(11997) Pause Young (Allocation Failure) 444M->314M(477M) 3.341ms
[892.369s][info][gc] GC(11998) Pause Young (Allocation Failure) 446M->315M(477M) 3.381ms
[892.425s][info][gc] GC(11999) Pause Young (Allocation Failure) 446M->316M(477M) 3.616ms
[892.483s][info][gc] GC(12000) Pause Young (Allocation Failure) 448M->317M(477M) 3.725ms
[892.538s][info][gc] GC(12001) Pause Young (Allocation Failure) 448M->318M(477M) 3.592ms
[892.596s][info][gc] GC(12002) Pause Young (Allocation Failure) 450M->319M(477M) 3.521ms
[892.654s][info][gc] GC(12003) Pause Young (Allocation Failure) 450M->320M(477M) 3.563ms
[892.713s][info][gc] GC(12004) Pause Young (Allocation Failure) 452M->321M(477M) 3.804ms
[892.770s][info][gc] GC(12005) Pause Young (Allocation Failure) 453M->322M(477M) 3.668ms
[892.827s][info][gc] GC(12006) Pause Young (Allocation Failure) 454M->323M(477M) 3.417ms
[892.883s][info][gc] GC(12007) Pause Young (Allocation Failure) 454M->325M(477M) 3.823ms
[892.942s][info][gc] GC(12008) Pause Young (Allocation Failure) 456M->325M(477M) 3.778ms
[892.998s][info][gc] GC(12009) Pause Young (Allocation Failure) 456M->326M(477M) 3.325ms
[893.055s][info][gc] GC(12010) Pause Young (Allocation Failure) 458M->326M(477M) 3.312ms
[893.111s][info][gc] GC(12011) Pause Young (Allocation Failure) 458M->328M(477M) 3.612ms
[893.172s][info][gc] GC(12012) Pause Young (Allocation Failure) 460M->329M(477M) 4.013ms
[893.226s][info][gc] GC(12013) Pause Young (Allocation Failure) 461M->331M(477M) 3.876ms
[893.286s][info][gc] GC(12014) Pause Young (Allocation Failure) 463M->331M(477M) 3.717ms
[893.342s][info][gc] GC(12015) Pause Young (Allocation Failure) 463M->332M(477M) 3.226ms
[893.401s][info][gc] GC(12016) Pause Young (Allocation Failure) 464M->333M(477M) 3.614ms
[893.459s][info][gc] GC(12017) Pause Young (Allocation Failure) 465M->335M(477M) 3.789ms
[893.518s][info][gc] GC(12018) Pause Young (Allocation Failure) 466M->335M(477M) 3.637ms
[893.575s][info][gc] GC(12019) Pause Young (Allocation Failure) 467M->336M(477M) 3.728ms
[893.632s][info][gc] GC(12020) Pause Young (Allocation Failure) 468M->337M(477M) 3.669ms
[893.687s][info][gc] GC(12021) Pause Young (Allocation Failure) 469M->338M(478M) 3.762ms
[893.777s][info][gc] GC(12022) Pause Full (Allocation Failure) 338M->132M(477M) 89.773ms
[893.830s][info][gc] GC(12023) Pause Young (Allocation Failure) 264M->136M(477M) 1.951ms
[893.888s][info][gc] GC(12024) Pause Young (Allocation Failure) 268M->138M(477M) 2.619ms
[893.946s][info][gc] GC(12025) Pause Young (Allocation Failure) 270M->139M(477M) 2.905ms
[893.998s][info][gc] GC(12026) Pause Young (Allocation Failure) 271M->140M(477M) 3.075ms
[894.056s][info][gc] GC(12027) Pause Young (Allocation Failure) 272M->141M(477M) 3.326ms
[894.111s][info][gc] GC(12028) Pause Young (Allocation Failure) 273M->142M(477M) 3.677ms
[894.167s][info][gc] GC(12029) Pause Young (Allocation Failure) 274M->142M(477M) 3.512ms
[894.228s][info][gc] GC(12030) Pause Young (Allocation Failure) 274M->144M(477M) 3.838ms
[894.283s][info][gc] GC(12031) Pause Young (Allocation Failure) 276M->145M(477M) 3.655ms
[894.341s][info][gc] GC(12032) Pause Young (Allocation Failure) 277M->146M(477M) 3.733ms
[894.398s][info][gc] GC(12033) Pause Young (Allocation Failure) 278M->146M(477M) 3.549ms
[894.457s][info][gc] GC(12034) Pause Young (Allocation Failure) 278M->148M(477M) 3.763ms
[894.516s][info][gc] GC(12035) Pause Young (Allocation Failure) 280M->149M(477M) 3.767ms
[894.571s][info][gc] GC(12036) Pause Young (Allocation Failure) 281M->150M(477M) 3.679ms
[894.629s][info][gc] GC(12037) Pause Young (Allocation Failure) 282M->151M(477M) 3.750ms
[894.693s][info][gc] GC(12038) Pause Young (Allocation Failure) 282M->152M(477M) 4.028ms
[894.748s][info][gc] GC(12039) Pause Young (Allocation Failure) 284M->153M(477M) 3.696ms
[894.804s][info][gc] GC(12040) Pause Young (Allocation Failure) 284M->154M(477M) 3.678ms
[894.862s][info][gc] GC(12041) Pause Young (Allocation Failure) 286M->155M(477M) 3.596ms
[894.928s][info][gc] GC(12042) Pause Young (Allocation Failure) 286M->155M(477M) 3.401ms
[895.011s][info][gc] GC(12043) Pause Young (Allocation Failure) 287M->155M(477M) 3.250ms
[895.092s][info][gc] GC(12044) Pause Young (Allocation Failure) 287M->157M(477M) 3.676ms
[895.177s][info][gc] GC(12045) Pause Young (Allocation Failure) 288M->160M(477M) 4.342ms
[895.241s][info][gc] GC(12046) Pause Young (Allocation Failure) 292M->159M(477M) 3.773ms
[895.314s][info][gc] GC(12047) Pause Young (Allocation Failure) 291M->162M(477M) 3.745ms
[895.391s][info][gc] GC(12048) Pause Young (Allocation Failure) 294M->163M(477M) 4.327ms
[895.456s][info][gc] GC(12049) Pause Young (Allocation Failure) 295M->164M(477M) 3.633ms
[895.528s][info][gc] GC(12050) Pause Young (Allocation Failure) 295M->165M(477M) 3.272ms
[895.596s][info][gc] GC(12051) Pause Young (Allocation Failure) 297M->165M(477M) 3.271ms
[895.662s][info][gc] GC(12052) Pause Young (Allocation Failure) 297M->167M(477M) 3.292ms
[895.732s][info][gc] GC(12053) Pause Young (Allocation Failure) 299M->167M(477M) 3.561ms
[895.796s][info][gc] GC(12054) Pause Young (Allocation Failure) 299M->167M(477M) 3.127ms
[895.872s][info][gc] GC(12055) Pause Young (Allocation Failure) 299M->170M(477M) 3.806ms
[895.941s][info][gc] GC(12056) Pause Young (Allocation Failure) 302M->171M(477M) 4.000ms
[896.005s][info][gc] GC(12057) Pause Young (Allocation Failure) 302M->172M(477M) 3.591ms
[896.077s][info][gc] GC(12058) Pause Young (Allocation Failure) 303M->173M(477M) 3.576ms
[896.151s][info][gc] GC(12059) Pause Young (Allocation Failure) 304M->174M(477M) 3.731ms
[896.211s][info][gc] GC(12060) Pause Young (Allocation Failure) 306M->175M(477M) 3.709ms
[896.284s][info][gc] GC(12061) Pause Young (Allocation Failure) 307M->176M(477M) 3.595ms
[896.346s][info][gc] GC(12062) Pause Young (Allocation Failure) 308M->176M(477M) 3.510ms
[896.418s][info][gc] GC(12063) Pause Young (Allocation Failure) 308M->178M(477M) 3.407ms
[896.492s][info][gc] GC(12064) Pause Young (Allocation Failure) 310M->179M(477M) 3.766ms
[896.553s][info][gc] GC(12065) Pause Young (Allocation Failure) 311M->179M(477M) 3.028ms
[896.626s][info][gc] GC(12066) Pause Young (Allocation Failure) 311M->181M(477M) 3.786ms
[896.694s][info][gc] GC(12067) Pause Young (Allocation Failure) 313M->181M(477M) 3.567ms
[896.759s][info][gc] GC(12068) Pause Young (Allocation Failure) 313M->183M(477M) 3.443ms
[896.831s][info][gc] GC(12069) Pause Young (Allocation Failure) 315M->184M(477M) 3.803ms
[896.894s][info][gc] GC(12070) Pause Young (Allocation Failure) 316M->184M(477M) 2.928ms
[896.964s][info][gc] GC(12071) Pause Young (Allocation Failure) 315M->186M(477M) 3.507ms
[897.036s][info][gc] GC(12072) Pause Young (Allocation Failure) 318M->187M(477M) 3.822ms
[897.098s][info][gc] GC(12073) Pause Young (Allocation Failure) 319M->188M(477M) 3.272ms
[897.169s][info][gc] GC(12074) Pause Young (Allocation Failure) 319M->189M(477M) 3.713ms
[897.243s][info][gc] GC(12075) Pause Young (Allocation Failure) 320M->190M(477M) 3.632ms
[897.309s][info][gc] GC(12076) Pause Young (Allocation Failure) 322M->191M(477M) 3.599ms
[897.379s][info][gc] GC(12077) Pause Young (Allocation Failure) 323M->192M(477M) 3.592ms
[897.440s][info][gc] GC(12078) Pause Young (Allocation Failure) 323M->192M(477M) 3.195ms
[897.515s][info][gc] GC(12079) Pause Young (Allocation Failure) 324M->194M(477M) 3.874ms
[897.588s][info][gc] GC(12080) Pause Young (Allocation Failure) 326M->195M(477M) 4.125ms
[897.654s][info][gc] GC(12081) Pause Young (Allocation Failure) 327M->196M(477M) 3.383ms
[897.727s][info][gc] GC(12082) Pause Young (Allocation Failure) 328M->197M(477M) 3.805ms
[897.801s][info][gc] GC(12083) Pause Young (Allocation Failure) 329M->198M(477M) 3.723ms
[897.865s][info][gc] GC(12084) Pause Young (Allocation Failure) 329M->199M(477M) 3.589ms
[897.936s][info][gc] GC(12085) Pause Young (Allocation Failure) 331M->200M(477M) 3.711ms
[897.995s][info][gc] GC(12086) Pause Young (Allocation Failure) 332M->200M(477M) 3.208ms
[898.068s][info][gc] GC(12087) Pause Young (Allocation Failure) 332M->202M(477M) 3.633ms
[898.140s][info][gc] GC(12088) Pause Young (Allocation Failure) 333M->203M(477M) 4.087ms
[898.203s][info][gc] GC(12089) Pause Young (Allocation Failure) 335M->204M(477M) 3.550ms
[898.277s][info][gc] GC(12090) Pause Young (Allocation Failure) 335M->205M(477M) 3.738ms
[898.350s][info][gc] GC(12091) Pause Young (Allocation Failure) 337M->206M(477M) 3.828ms
[898.410s][info][gc] GC(12092) Pause Young (Allocation Failure) 338M->207M(477M) 3.396ms
[898.480s][info][gc] GC(12093) Pause Young (Allocation Failure) 339M->208M(477M) 4.023ms
[898.544s][info][gc] GC(12094) Pause Young (Allocation Failure) 340M->208M(477M) 3.162ms
[898.619s][info][gc] GC(12095) Pause Young (Allocation Failure) 340M->210M(477M) 3.418ms
[898.689s][info][gc] GC(12096) Pause Young (Allocation Failure) 342M->211M(477M) 3.700ms
[898.756s][info][gc] GC(12097) Pause Young (Allocation Failure) 343M->212M(477M) 3.885ms
[898.829s][info][gc] GC(12098) Pause Young (Allocation Failure) 344M->213M(477M) 3.877ms
[898.902s][info][gc] GC(12099) Pause Young (Allocation Failure) 344M->214M(477M) 3.375ms
[898.970s][info][gc] GC(12100) Pause Young (Allocation Failure) 345M->215M(477M) 3.842ms
[899.045s][info][gc] GC(12101) Pause Young (Allocation Failure) 347M->216M(477M) 3.872ms
[899.108s][info][gc] GC(12102) Pause Young (Allocation Failure) 348M->216M(477M) 3.347ms
[899.179s][info][gc] GC(12103) Pause Young (Allocation Failure) 348M->218M(477M) 3.499ms
[899.250s][info][gc] GC(12104) Pause Young (Allocation Failure) 350M->219M(477M) 3.758ms
[899.312s][info][gc] GC(12105) Pause Young (Allocation Failure) 351M->219M(477M) 3.003ms
[899.384s][info][gc] GC(12106) Pause Young (Allocation Failure) 351M->221M(477M) 3.729ms
[899.453s][info][gc] GC(12107) Pause Young (Allocation Failure) 353M->221M(477M) 3.474ms
[899.516s][info][gc] GC(12108) Pause Young (Allocation Failure) 353M->223M(477M) 3.577ms
[899.589s][info][gc] GC(12109) Pause Young (Allocation Failure) 355M->224M(477M) 3.774ms
[899.656s][info][gc] GC(12110) Pause Young (Allocation Failure) 356M->224M(477M) 3.336ms
[899.723s][info][gc] GC(12111) Pause Young (Allocation Failure) 356M->225M(477M) 3.341ms
[899.796s][info][gc] GC(12112) Pause Young (Allocation Failure) 357M->227M(477M) 3.658ms
[899.859s][info][gc] GC(12113) Pause Young (Allocation Failure) 358M->228M(477M) 3.582ms
[899.937s][info][gc] GC(12114) Pause Young (Allocation Failure) 359M->229M(477M) 3.942ms
[900.012s][info][gc] GC(12115) Pause Young (Allocation Failure) 361M->230M(477M) 3.671ms
[900.079s][info][gc] GC(12116) Pause Young (Allocation Failure) 362M->231M(477M) 3.712ms
[900.156s][info][gc] GC(12117) Pause Young (Allocation Failure) 363M->232M(477M) 3.827ms
[900.218s][info][gc] GC(12118) Pause Young (Allocation Failure) 364M->231M(477M) 3.272ms
[900.296s][info][gc] GC(12119) Pause Young (Allocation Failure) 363M->234M(477M) 3.507ms
[900.367s][info][gc] GC(12120) Pause Young (Allocation Failure) 366M->235M(477M) 3.988ms
[900.431s][info][gc] GC(12121) Pause Young (Allocation Failure) 367M->236M(477M) 3.281ms
[900.504s][info][gc] GC(12122) Pause Young (Allocation Failure) 368M->237M(477M) 3.734ms
[900.585s][info][gc] GC(12123) Pause Young (Allocation Failure) 369M->236M(477M) 3.081ms
[900.795s][info][gc] GC(12124) Pause Young (Allocation Failure) 368M->240M(477M) 3.856ms
[900.875s][info][gc] GC(12125) Pause Young (Allocation Failure) 371M->240M(477M) 4.061ms
[900.966s][info][gc] GC(12126) Pause Young (Allocation Failure) 372M->241M(477M) 3.467ms
[901.059s][info][gc] GC(12127) Pause Young (Allocation Failure) 373M->243M(477M) 3.954ms
[901.153s][info][gc] GC(12128) Pause Young (Allocation Failure) 374M->244M(477M) 3.762ms
[901.238s][info][gc] GC(12129) Pause Young (Allocation Failure) 376M->244M(477M) 3.521ms
[901.333s][info][gc] GC(12130) Pause Young (Allocation Failure) 376M->246M(477M) 3.168ms
[901.410s][info][gc] GC(12131) Pause Young (Allocation Failure) 378M->245M(477M) 2.923ms
[901.501s][info][gc] GC(12132) Pause Young (Allocation Failure) 377M->247M(477M) 3.322ms
[901.592s][info][gc] GC(12133) Pause Young (Allocation Failure) 379M->248M(477M) 3.671ms
[901.681s][info][gc] GC(12134) Pause Young (Allocation Failure) 380M->250M(477M) 3.374ms
[901.775s][info][gc] GC(12135) Pause Young (Allocation Failure) 381M->251M(477M) 3.808ms
[901.860s][info][gc] GC(12136) Pause Young (Allocation Failure) 382M->251M(477M) 3.331ms
[901.941s][info][gc] GC(12137) Pause Young (Allocation Failure) 383M->252M(477M) 2.956ms
[902.033s][info][gc] GC(12138) Pause Young (Allocation Failure) 383M->253M(477M) 3.657ms
[902.125s][info][gc] GC(12139) Pause Young (Allocation Failure) 385M->255M(477M) 3.603ms
[902.215s][info][gc] GC(12140) Pause Young (Allocation Failure) 386M->255M(477M) 3.708ms
[902.305s][info][gc] GC(12141) Pause Young (Allocation Failure) 387M->257M(477M) 3.437ms
[902.398s][info][gc] GC(12142) Pause Young (Allocation Failure) 388M->258M(477M) 3.473ms
[902.476s][info][gc] GC(12143) Pause Young (Allocation Failure) 390M->258M(477M) 3.171ms
[902.569s][info][gc] GC(12144) Pause Young (Allocation Failure) 390M->260M(477M) 3.494ms
[902.662s][info][gc] GC(12145) Pause Young (Allocation Failure) 391M->261M(477M) 3.800ms
[902.752s][info][gc] GC(12146) Pause Young (Allocation Failure) 392M->261M(477M) 3.543ms
[902.842s][info][gc] GC(12147) Pause Young (Allocation Failure) 393M->262M(477M) 3.259ms
[902.936s][info][gc] GC(12148) Pause Young (Allocation Failure) 394M->264M(477M) 4.003ms
[903.019s][info][gc] GC(12149) Pause Young (Allocation Failure) 396M->264M(477M) 3.598ms
[903.110s][info][gc] GC(12150) Pause Young (Allocation Failure) 396M->265M(477M) 3.312ms
[903.202s][info][gc] GC(12151) Pause Young (Allocation Failure) 397M->267M(477M) 3.725ms
[903.291s][info][gc] GC(12152) Pause Young (Allocation Failure) 399M->268M(477M) 3.800ms
[903.376s][info][gc] GC(12153) Pause Young (Allocation Failure) 400M->268M(477M) 3.263ms
[903.473s][info][gc] GC(12154) Pause Young (Allocation Failure) 400M->270M(477M) 3.369ms
[903.554s][info][gc] GC(12155) Pause Young (Allocation Failure) 402M->269M(477M) 3.294ms
[903.643s][info][gc] GC(12156) Pause Young (Allocation Failure) 401M->272M(477M) 3.308ms
[903.732s][info][gc] GC(12157) Pause Young (Allocation Failure) 403M->272M(477M) 3.647ms
[903.823s][info][gc] GC(12158) Pause Young (Allocation Failure) 404M->273M(477M) 3.135ms
[903.912s][info][gc] GC(12159) Pause Young (Allocation Failure) 405M->275M(477M) 3.723ms
[904.001s][info][gc] GC(12160) Pause Young (Allocation Failure) 407M->275M(477M) 3.566ms
[904.082s][info][gc] GC(12161) Pause Young (Allocation Failure) 407M->276M(477M) 3.140ms
[904.174s][info][gc] GC(12162) Pause Young (Allocation Failure) 408M->277M(477M) 3.619ms
[904.266s][info][gc] GC(12163) Pause Young (Allocation Failure) 409M->278M(477M) 3.618ms
[904.498s][info][gc] GC(12164) Pause Young (Allocation Failure) 410M->280M(477M) 3.937ms
[904.579s][info][gc] GC(12165) Pause Young (Allocation Failure) 412M->281M(477M) 3.943ms
[904.673s][info][gc] GC(12166) Pause Young (Allocation Failure) 413M->283M(477M) 3.722ms
[904.764s][info][gc] GC(12167) Pause Young (Allocation Failure) 414M->283M(477M) 3.730ms
[904.852s][info][gc] GC(12168) Pause Young (Allocation Failure) 415M->284M(477M) 3.705ms
[904.945s][info][gc] GC(12169) Pause Young (Allocation Failure) 416M->285M(477M) 3.654ms
[905.039s][info][gc] GC(12170) Pause Young (Allocation Failure) 417M->286M(477M) 3.664ms
[905.119s][info][gc] GC(12171) Pause Young (Allocation Failure) 418M->287M(477M) 3.245ms
[905.213s][info][gc] GC(12172) Pause Young (Allocation Failure) 419M->288M(477M) 3.420ms
[905.303s][info][gc] GC(12173) Pause Young (Allocation Failure) 420M->289M(477M) 3.901ms
[905.396s][info][gc] GC(12174) Pause Young (Allocation Failure) 421M->291M(477M) 3.908ms
[905.486s][info][gc] GC(12175) Pause Young (Allocation Failure) 423M->291M(477M) 3.394ms
[905.576s][info][gc] GC(12176) Pause Young (Allocation Failure) 423M->292M(477M) 3.214ms
[905.664s][info][gc] GC(12177) Pause Young (Allocation Failure) 424M->293M(477M) 3.488ms
[905.752s][info][gc] GC(12178) Pause Young (Allocation Failure) 425M->294M(477M) 3.399ms
[905.844s][info][gc] GC(12179) Pause Young (Allocation Failure) 426M->296M(477M) 3.727ms
[905.936s][info][gc] GC(12180) Pause Young (Allocation Failure) 427M->297M(477M) 3.770ms
[906.025s][info][gc] GC(12181) Pause Young (Allocation Failure) 428M->298M(477M) 3.419ms
[906.112s][info][gc] GC(12182) Pause Young (Allocation Failure) 429M->298M(477M) 3.312ms
[906.202s][info][gc] GC(12183) Pause Young (Allocation Failure) 430M->299M(477M) 3.162ms
[906.287s][info][gc] GC(12184) Pause Young (Allocation Failure) 431M->300M(477M) 3.440ms
[906.381s][info][gc] GC(12185) Pause Young (Allocation Failure) 432M->301M(477M) 3.736ms
[906.468s][info][gc] GC(12186) Pause Young (Allocation Failure) 433M->302M(477M) 3.555ms
[906.559s][info][gc] GC(12187) Pause Young (Allocation Failure) 434M->303M(477M) 3.311ms
[906.652s][info][gc] GC(12188) Pause Young (Allocation Failure) 435M->304M(477M) 3.618ms
[906.739s][info][gc] GC(12189) Pause Young (Allocation Failure) 436M->305M(477M) 3.486ms
[906.823s][info][gc] GC(12190) Pause Young (Allocation Failure) 437M->306M(477M) 3.508ms
[906.913s][info][gc] GC(12191) Pause Young (Allocation Failure) 438M->307M(477M) 3.653ms
[907.006s][info][gc] GC(12192) Pause Young (Allocation Failure) 439M->308M(477M) 3.647ms
[907.093s][info][gc] GC(12193) Pause Young (Allocation Failure) 440M->310M(477M) 3.764ms
[907.184s][info][gc] GC(12194) Pause Young (Allocation Failure) 441M->310M(477M) 3.319ms
[907.275s][info][gc] GC(12195) Pause Young (Allocation Failure) 442M->311M(477M) 3.139ms
[907.356s][info][gc] GC(12196) Pause Young (Allocation Failure) 443M->312M(477M) 3.574ms
[907.450s][info][gc] GC(12197) Pause Young (Allocation Failure) 444M->313M(477M) 3.718ms
[907.540s][info][gc] GC(12198) Pause Young (Allocation Failure) 445M->315M(477M) 3.486ms
[907.630s][info][gc] GC(12199) Pause Young (Allocation Failure) 446M->315M(477M) 3.389ms
[907.723s][info][gc] GC(12200) Pause Young (Allocation Failure) 447M->317M(477M) 3.461ms
[907.813s][info][gc] GC(12201) Pause Young (Allocation Failure) 449M->317M(477M) 3.674ms
[907.894s][info][gc] GC(12202) Pause Young (Allocation Failure) 449M->317M(477M) 2.876ms
[907.987s][info][gc] GC(12203) Pause Young (Allocation Failure) 449M->319M(477M) 3.570ms
[908.223s][info][gc] GC(12204) Pause Young (Allocation Failure) 451M->321M(477M) 4.311ms
[908.305s][info][gc] GC(12205) Pause Young (Allocation Failure) 453M->321M(477M) 3.560ms
[908.397s][info][gc] GC(12206) Pause Young (Allocation Failure) 453M->323M(477M) 3.679ms
[908.488s][info][gc] GC(12207) Pause Young (Allocation Failure) 455M->324M(477M) 3.967ms
[908.580s][info][gc] GC(12208) Pause Young (Allocation Failure) 456M->326M(477M) 3.820ms
[908.665s][info][gc] GC(12209) Pause Young (Allocation Failure) 457M->326M(477M) 3.865ms
[908.760s][info][gc] GC(12210) Pause Young (Allocation Failure) 458M->327M(477M) 3.098ms
[908.840s][info][gc] GC(12211) Pause Young (Allocation Failure) 459M->328M(477M) 3.128ms
[908.933s][info][gc] GC(12212) Pause Young (Allocation Failure) 459M->329M(477M) 3.433ms
[909.024s][info][gc] GC(12213) Pause Young (Allocation Failure) 461M->330M(477M) 3.773ms
[909.116s][info][gc] GC(12214) Pause Young (Allocation Failure) 462M->331M(477M) 3.789ms
[909.210s][info][gc] GC(12215) Pause Young (Allocation Failure) 463M->332M(477M) 3.544ms
[909.300s][info][gc] GC(12216) Pause Young (Allocation Failure) 464M->333M(477M) 3.379ms
[909.385s][info][gc] GC(12217) Pause Young (Allocation Failure) 465M->334M(477M) 3.223ms
[909.481s][info][gc] GC(12218) Pause Young (Allocation Failure) 466M->336M(477M) 4.058ms
[909.574s][info][gc] GC(12219) Pause Young (Allocation Failure) 467M->337M(477M) 3.911ms
[909.663s][info][gc] GC(12220) Pause Young (Allocation Failure) 468M->337M(477M) 3.522ms
[909.707s][info][gc] GC(12221) Pause Full (Allocation Failure) 337M->48M(477M) 44.306ms
[909.800s][info][gc] GC(12222) Pause Young (Allocation Failure) 180M->52M(477M) 1.965ms
[909.889s][info][gc] GC(12223) Pause Young (Allocation Failure) 183M->52M(477M) 1.815ms
[909.975s][info][gc] GC(12224) Pause Young (Allocation Failure) 184M->53M(477M) 2.259ms
[910.066s][info][gc] GC(12225) Pause Young (Allocation Failure) 185M->54M(477M) 2.582ms
[910.159s][info][gc] GC(12226) Pause Young (Allocation Failure) 186M->56M(477M) 2.932ms
[910.251s][info][gc] GC(12227) Pause Young (Allocation Failure) 187M->57M(477M) 3.228ms
[910.347s][info][gc] GC(12228) Pause Young (Allocation Failure) 189M->58M(477M) 3.825ms
[910.436s][info][gc] GC(12229) Pause Young (Allocation Failure) 189M->58M(477M) 3.281ms
[910.522s][info][gc] GC(12230) Pause Young (Allocation Failure) 190M->59M(477M) 3.174ms
[910.612s][info][gc] GC(12231) Pause Young (Allocation Failure) 191M->61M(477M) 3.625ms
[910.704s][info][gc] GC(12232) Pause Young (Allocation Failure) 192M->62M(477M) 4.005ms
[910.795s][info][gc] GC(12233) Pause Young (Allocation Failure) 194M->63M(477M) 3.592ms
[910.887s][info][gc] GC(12234) Pause Young (Allocation Failure) 195M->63M(477M) 3.542ms
[910.977s][info][gc] GC(12235) Pause Young (Allocation Failure) 195M->64M(477M) 3.129ms
[911.067s][info][gc] GC(12236) Pause Young (Allocation Failure) 196M->65M(477M) 3.203ms
[911.153s][info][gc] GC(12237) Pause Young (Allocation Failure) 197M->66M(477M) 3.596ms
[911.243s][info][gc] GC(12238) Pause Young (Allocation Failure) 198M->68M(477M) 3.803ms
[911.338s][info][gc] GC(12239) Pause Young (Allocation Failure) 200M->69M(477M) 3.744ms
[911.424s][info][gc] GC(12240) Pause Young (Allocation Failure) 200M->69M(477M) 3.279ms
[911.513s][info][gc] GC(12241) Pause Young (Allocation Failure) 201M->70M(477M) 3.188ms
[911.598s][info][gc] GC(12242) Pause Young (Allocation Failure) 202M->72M(477M) 3.660ms
[911.686s][info][gc] GC(12243) Pause Young (Allocation Failure) 203M->72M(477M) 3.535ms
[911.776s][info][gc] GC(12244) Pause Young (Allocation Failure) 204M->74M(477M) 3.380ms
[911.927s][info][gc] GC(12245) Pause Young (Allocation Failure) 205M->72M(477M) 2.818ms
[912.076s][info][gc] GC(12246) Pause Young (Allocation Failure) 204M->76M(477M) 3.651ms
[912.168s][info][gc] GC(12247) Pause Young (Allocation Failure) 208M->77M(477M) 4.022ms
[912.257s][info][gc] GC(12248) Pause Young (Allocation Failure) 209M->78M(477M) 3.689ms
[912.349s][info][gc] GC(12249) Pause Young (Allocation Failure) 210M->80M(477M) 3.438ms
[912.440s][info][gc] GC(12250) Pause Young (Allocation Failure) 211M->81M(477M) 3.646ms
[912.518s][info][gc] GC(12251) Pause Young (Allocation Failure) 212M->81M(477M) 3.130ms
[912.612s][info][gc] GC(12252) Pause Young (Allocation Failure) 213M->82M(477M) 3.649ms
[912.703s][info][gc] GC(12253) Pause Young (Allocation Failure) 214M->84M(477M) 3.430ms
[912.794s][info][gc] GC(12254) Pause Young (Allocation Failure) 215M->84M(477M) 3.398ms
[912.884s][info][gc] GC(12255) Pause Young (Allocation Failure) 216M->85M(477M) 3.254ms
[912.986s][info][gc] GC(12256) Pause Young (Allocation Failure) 217M->87M(477M) 3.781ms
[913.065s][info][gc] GC(12257) Pause Young (Allocation Failure) 218M->87M(477M) 3.575ms
[913.157s][info][gc] GC(12258) Pause Young (Allocation Failure) 219M->88M(477M) 3.368ms
[913.246s][info][gc] GC(12259) Pause Young (Allocation Failure) 220M->89M(477M) 3.680ms
[913.336s][info][gc] GC(12260) Pause Young (Allocation Failure) 221M->91M(477M) 3.474ms
[913.427s][info][gc] GC(12261) Pause Young (Allocation Failure) 222M->92M(477M) 3.546ms
[913.519s][info][gc] GC(12262) Pause Young (Allocation Failure) 223M->92M(477M) 3.942ms
[913.600s][info][gc] GC(12263) Pause Young (Allocation Failure) 224M->93M(477M) 3.120ms
[913.693s][info][gc] GC(12264) Pause Young (Allocation Failure) 225M->94M(477M) 3.338ms
[913.783s][info][gc] GC(12265) Pause Young (Allocation Failure) 226M->96M(477M) 3.828ms
[913.872s][info][gc] GC(12266) Pause Young (Allocation Failure) 227M->96M(477M) 3.370ms
[913.965s][info][gc] GC(12267) Pause Young (Allocation Failure) 228M->98M(477M) 3.400ms
[914.052s][info][gc] GC(12268) Pause Young (Allocation Failure) 229M->98M(477M) 3.510ms
[914.139s][info][gc] GC(12269) Pause Young (Allocation Failure) 230M->99M(477M) 3.116ms
[914.230s][info][gc] GC(12270) Pause Young (Allocation Failure) 231M->100M(477M) 3.594ms
[914.320s][info][gc] GC(12271) Pause Young (Allocation Failure) 232M->101M(477M) 3.519ms
[914.410s][info][gc] GC(12272) Pause Young (Allocation Failure) 233M->103M(477M) 3.705ms
[914.500s][info][gc] GC(12273) Pause Young (Allocation Failure) 234M->104M(477M) 3.706ms
[914.590s][info][gc] GC(12274) Pause Young (Allocation Failure) 235M->104M(477M) 3.451ms
[914.679s][info][gc] GC(12275) Pause Young (Allocation Failure) 236M->104M(477M) 2.975ms
[914.764s][info][gc] GC(12276) Pause Young (Allocation Failure) 236M->106M(477M) 3.126ms
[914.857s][info][gc] GC(12277) Pause Young (Allocation Failure) 238M->107M(477M) 3.615ms
[914.954s][info][gc] GC(12278) Pause Young (Allocation Failure) 239M->109M(477M) 3.700ms
[915.041s][info][gc] GC(12279) Pause Young (Allocation Failure) 240M->109M(477M) 3.586ms
[915.133s][info][gc] GC(12280) Pause Young (Allocation Failure) 241M->110M(477M) 3.367ms
[915.231s][info][gc] GC(12281) Pause Young (Allocation Failure) 242M->110M(477M) 3.360ms
[915.326s][info][gc] GC(12282) Pause Young (Allocation Failure) 242M->112M(477M) 3.784ms
[915.423s][info][gc] GC(12283) Pause Young (Allocation Failure) 244M->113M(477M) 4.114ms
[915.517s][info][gc] GC(12284) Pause Young (Allocation Failure) 245M->114M(477M) 3.690ms
[915.709s][info][gc] GC(12285) Pause Young (Allocation Failure) 246M->113M(477M) 2.933ms
[915.853s][info][gc] GC(12286) Pause Young (Allocation Failure) 245M->117M(477M) 3.861ms
[915.944s][info][gc] GC(12287) Pause Young (Allocation Failure) 249M->118M(477M) 4.278ms
[916.035s][info][gc] GC(12288) Pause Young (Allocation Failure) 250M->120M(477M) 3.753ms
[916.127s][info][gc] GC(12289) Pause Young (Allocation Failure) 251M->121M(477M) 3.830ms
[916.216s][info][gc] GC(12290) Pause Young (Allocation Failure) 252M->121M(477M) 3.308ms
[916.296s][info][gc] GC(12291) Pause Young (Allocation Failure) 253M->122M(477M) 3.195ms
[916.391s][info][gc] GC(12292) Pause Young (Allocation Failure) 254M->123M(477M) 3.681ms
[916.480s][info][gc] GC(12293) Pause Young (Allocation Failure) 255M->124M(477M) 3.291ms
[916.573s][info][gc] GC(12294) Pause Young (Allocation Failure) 256M->126M(477M) 3.801ms
[916.661s][info][gc] GC(12295) Pause Young (Allocation Failure) 257M->126M(477M) 3.727ms
[916.755s][info][gc] GC(12296) Pause Young (Allocation Failure) 258M->127M(477M) 3.479ms
[916.834s][info][gc] GC(12297) Pause Young (Allocation Failure) 259M->128M(477M) 3.337ms
[916.928s][info][gc] GC(12298) Pause Young (Allocation Failure) 259M->130M(477M) 3.510ms
[917.022s][info][gc] GC(12299) Pause Young (Allocation Failure) 261M->130M(477M) 3.761ms
[917.110s][info][gc] GC(12300) Pause Young (Allocation Failure) 262M->131M(477M) 3.292ms
[917.197s][info][gc] GC(12301) Pause Young (Allocation Failure) 263M->132M(477M) 3.314ms
[917.289s][info][gc] GC(12302) Pause Young (Allocation Failure) 264M->133M(477M) 3.694ms
[917.375s][info][gc] GC(12303) Pause Young (Allocation Failure) 265M->134M(477M) 3.535ms
[917.463s][info][gc] GC(12304) Pause Young (Allocation Failure) 266M->136M(477M) 3.403ms
[917.554s][info][gc] GC(12305) Pause Young (Allocation Failure) 267M->136M(477M) 3.807ms
[917.643s][info][gc] GC(12306) Pause Young (Allocation Failure) 268M->137M(477M) 3.471ms
[917.732s][info][gc] GC(12307) Pause Young (Allocation Failure) 269M->138M(477M) 3.356ms
[917.822s][info][gc] GC(12308) Pause Young (Allocation Failure) 270M->139M(477M) 3.510ms
[917.916s][info][gc] GC(12309) Pause Young (Allocation Failure) 271M->140M(477M) 3.416ms
[918.003s][info][gc] GC(12310) Pause Young (Allocation Failure) 272M->142M(477M) 3.506ms
[918.094s][info][gc] GC(12311) Pause Young (Allocation Failure) 273M->142M(477M) 3.844ms
[918.185s][info][gc] GC(12312) Pause Young (Allocation Failure) 274M->143M(477M) 3.319ms
[918.276s][info][gc] GC(12313) Pause Young (Allocation Failure) 275M->144M(477M) 3.600ms
[918.370s][info][gc] GC(12314) Pause Young (Allocation Failure) 276M->145M(477M) 3.813ms
[918.458s][info][gc] GC(12315) Pause Young (Allocation Failure) 277M->146M(477M) 3.253ms
[918.544s][info][gc] GC(12316) Pause Young (Allocation Failure) 278M->147M(477M) 3.122ms
[918.636s][info][gc] GC(12317) Pause Young (Allocation Failure) 279M->148M(477M) 3.684ms
[918.727s][info][gc] GC(12318) Pause Young (Allocation Failure) 280M->149M(477M) 3.654ms
[918.818s][info][gc] GC(12319) Pause Young (Allocation Failure) 281M->150M(477M) 3.700ms
[918.913s][info][gc] GC(12320) Pause Young (Allocation Failure) 282M->152M(477M) 3.449ms
[919.002s][info][gc] GC(12321) Pause Young (Allocation Failure) 283M->152M(477M) 3.173ms
[919.087s][info][gc] GC(12322) Pause Young (Allocation Failure) 284M->153M(477M) 3.086ms
[919.179s][info][gc] GC(12323) Pause Young (Allocation Failure) 285M->154M(477M) 3.742ms
[919.272s][info][gc] GC(12324) Pause Young (Allocation Failure) 286M->156M(477M) 3.851ms
[919.491s][info][gc] GC(12325) Pause Young (Allocation Failure) 288M->156M(477M) 3.330ms
[919.577s][info][gc] GC(12326) Pause Young (Allocation Failure) 288M->158M(477M) 3.617ms
[919.675s][info][gc] GC(12327) Pause Young (Allocation Failure) 290M->159M(477M) 4.394ms
[919.768s][info][gc] GC(12328) Pause Young (Allocation Failure) 291M->160M(477M) 3.730ms
[919.860s][info][gc] GC(12329) Pause Young (Allocation Failure) 292M->161M(477M) 3.500ms
[919.956s][info][gc] GC(12330) Pause Young (Allocation Failure) 293M->162M(477M) 3.828ms
[920.051s][info][gc] GC(12331) Pause Young (Allocation Failure) 294M->163M(477M) 3.830ms
[920.131s][info][gc] GC(12332) Pause Young (Allocation Failure) 295M->164M(477M) 3.245ms
[920.228s][info][gc] GC(12333) Pause Young (Allocation Failure) 296M->165M(477M) 3.530ms
[920.330s][info][gc] GC(12334) Pause Young (Allocation Failure) 297M->166M(477M) 3.915ms
[920.423s][info][gc] GC(12335) Pause Young (Allocation Failure) 298M->167M(477M) 3.629ms
[920.513s][info][gc] GC(12336) Pause Young (Allocation Failure) 299M->168M(477M) 3.856ms
[920.608s][info][gc] GC(12337) Pause Young (Allocation Failure) 300M->169M(477M) 3.793ms
[920.689s][info][gc] GC(12338) Pause Young (Allocation Failure) 301M->170M(477M) 3.419ms
[920.782s][info][gc] GC(12339) Pause Young (Allocation Failure) 301M->171M(477M) 3.403ms
[920.872s][info][gc] GC(12340) Pause Young (Allocation Failure) 303M->172M(477M) 3.772ms
[920.965s][info][gc] GC(12341) Pause Young (Allocation Failure) 304M->173M(477M) 3.506ms
[921.054s][info][gc] GC(12342) Pause Young (Allocation Failure) 305M->174M(477M) 3.388ms
[921.146s][info][gc] GC(12343) Pause Young (Allocation Failure) 306M->175M(477M) 3.424ms
[921.228s][info][gc] GC(12344) Pause Young (Allocation Failure) 307M->176M(477M) 3.154ms
[921.319s][info][gc] GC(12345) Pause Young (Allocation Failure) 308M->177M(477M) 3.265ms
[921.412s][info][gc] GC(12346) Pause Young (Allocation Failure) 309M->178M(477M) 3.741ms
[921.500s][info][gc] GC(12347) Pause Young (Allocation Failure) 310M->179M(477M) 3.670ms
[921.593s][info][gc] GC(12348) Pause Young (Allocation Failure) 311M->181M(477M) 3.759ms
[921.684s][info][gc] GC(12349) Pause Young (Allocation Failure) 312M->181M(477M) 3.434ms
[921.767s][info][gc] GC(12350) Pause Young (Allocation Failure) 313M->182M(477M) 3.216ms
[921.854s][info][gc] GC(12351) Pause Young (Allocation Failure) 313M->183M(477M) 3.130ms
[921.946s][info][gc] GC(12352) Pause Young (Allocation Failure) 314M->184M(477M) 3.587ms
[922.039s][info][gc] GC(12353) Pause Young (Allocation Failure) 316M->185M(477M) 3.813ms
[922.129s][info][gc] GC(12354) Pause Young (Allocation Failure) 317M->186M(477M) 3.822ms
[922.218s][info][gc] GC(12355) Pause Young (Allocation Failure) 318M->187M(477M) 3.391ms
[922.303s][info][gc] GC(12356) Pause Young (Allocation Failure) 319M->188M(477M) 3.383ms
[922.394s][info][gc] GC(12357) Pause Young (Allocation Failure) 320M->189M(477M) 3.654ms
[922.485s][info][gc] GC(12358) Pause Young (Allocation Failure) 321M->190M(477M) 3.811ms
[922.576s][info][gc] GC(12359) Pause Young (Allocation Failure) 322M->191M(477M) 3.806ms
[922.666s][info][gc] GC(12360) Pause Young (Allocation Failure) 323M->192M(477M) 3.477ms
[922.760s][info][gc] GC(12361) Pause Young (Allocation Failure) 324M->193M(477M) 3.393ms
[922.842s][info][gc] GC(12362) Pause Young (Allocation Failure) 325M->194M(477M) 3.197ms
[922.936s][info][gc] GC(12363) Pause Young (Allocation Failure) 326M->195M(477M) 3.861ms
[923.027s][info][gc] GC(12364) Pause Young (Allocation Failure) 327M->196M(477M) 3.777ms
[923.263s][info][gc] GC(12365) Pause Young (Allocation Failure) 328M->198M(477M) 3.475ms
[923.347s][info][gc] GC(12366) Pause Young (Allocation Failure) 329M->199M(477M) 3.647ms
[923.439s][info][gc] GC(12367) Pause Young (Allocation Failure) 331M->200M(477M) 3.883ms
[923.533s][info][gc] GC(12368) Pause Young (Allocation Failure) 332M->201M(477M) 3.886ms
[923.618s][info][gc] GC(12369) Pause Young (Allocation Failure) 333M->202M(477M) 3.294ms
[923.713s][info][gc] GC(12370) Pause Young (Allocation Failure) 333M->203M(477M) 3.403ms
[923.794s][info][gc] GC(12371) Pause Young (Allocation Failure) 335M->203M(477M) 3.329ms
[923.884s][info][gc] GC(12372) Pause Young (Allocation Failure) 335M->205M(477M) 3.239ms
[923.977s][info][gc] GC(12373) Pause Young (Allocation Failure) 337M->206M(477M) 3.690ms
[924.070s][info][gc] GC(12374) Pause Young (Allocation Failure) 338M->207M(477M) 3.589ms
[924.161s][info][gc] GC(12375) Pause Young (Allocation Failure) 339M->208M(477M) 3.309ms
[924.253s][info][gc] GC(12376) Pause Young (Allocation Failure) 340M->209M(477M) 3.791ms
[924.346s][info][gc] GC(12377) Pause Young (Allocation Failure) 341M->210M(477M) 3.321ms
[924.426s][info][gc] GC(12378) Pause Young (Allocation Failure) 342M->211M(477M) 3.172ms
[924.517s][info][gc] GC(12379) Pause Young (Allocation Failure) 343M->212M(477M) 3.672ms
[924.609s][info][gc] GC(12380) Pause Young (Allocation Failure) 344M->213M(477M) 3.738ms
[924.697s][info][gc] GC(12381) Pause Young (Allocation Failure) 345M->214M(477M) 3.285ms
[924.791s][info][gc] GC(12382) Pause Young (Allocation Failure) 346M->215M(477M) 3.464ms
[924.885s][info][gc] GC(12383) Pause Young (Allocation Failure) 347M->216M(477M) 3.970ms
[924.965s][info][gc] GC(12384) Pause Young (Allocation Failure) 348M->217M(477M) 3.282ms
[925.061s][info][gc] GC(12385) Pause Young (Allocation Failure) 349M->218M(477M) 3.413ms
[925.153s][info][gc] GC(12386) Pause Young (Allocation Failure) 350M->219M(477M) 3.845ms
[925.246s][info][gc] GC(12387) Pause Young (Allocation Failure) 351M->220M(477M) 3.476ms
[925.337s][info][gc] GC(12388) Pause Young (Allocation Failure) 352M->221M(477M) 3.482ms
[925.431s][info][gc] GC(12389) Pause Young (Allocation Failure) 353M->222M(477M) 3.382ms
[925.514s][info][gc] GC(12390) Pause Young (Allocation Failure) 354M->222M(477M) 3.055ms
[925.603s][info][gc] GC(12391) Pause Young (Allocation Failure) 354M->224M(477M) 3.366ms
[925.697s][info][gc] GC(12392) Pause Young (Allocation Failure) 356M->225M(477M) 3.740ms
[925.787s][info][gc] GC(12393) Pause Young (Allocation Failure) 357M->226M(477M) 3.258ms
[925.878s][info][gc] GC(12394) Pause Young (Allocation Failure) 358M->227M(477M) 3.405ms
[925.967s][info][gc] GC(12395) Pause Young (Allocation Failure) 359M->228M(477M) 3.629ms
[926.053s][info][gc] GC(12396) Pause Young (Allocation Failure) 360M->228M(477M) 2.981ms
[926.144s][info][gc] GC(12397) Pause Young (Allocation Failure) 360M->230M(477M) 3.772ms
[926.235s][info][gc] GC(12398) Pause Young (Allocation Failure) 362M->231M(477M) 3.784ms
[926.326s][info][gc] GC(12399) Pause Young (Allocation Failure) 363M->232M(477M) 3.367ms
[926.413s][info][gc] GC(12400) Pause Young (Allocation Failure) 364M->233M(477M) 3.395ms
[926.508s][info][gc] GC(12401) Pause Young (Allocation Failure) 365M->234M(477M) 3.544ms
[926.590s][info][gc] GC(12402) Pause Young (Allocation Failure) 366M->234M(477M) 3.257ms
[926.684s][info][gc] GC(12403) Pause Young (Allocation Failure) 366M->236M(477M) 3.315ms
[926.775s][info][gc] GC(12404) Pause Young (Allocation Failure) 368M->237M(477M) 3.853ms
[927.007s][info][gc] GC(12405) Pause Young (Allocation Failure) 369M->238M(477M) 3.226ms
[927.098s][info][gc] GC(12406) Pause Young (Allocation Failure) 369M->240M(477M) 3.834ms
[927.192s][info][gc] GC(12407) Pause Young (Allocation Failure) 372M->241M(477M) 4.165ms
[927.282s][info][gc] GC(12408) Pause Young (Allocation Failure) 373M->242M(477M) 3.468ms
[927.374s][info][gc] GC(12409) Pause Young (Allocation Failure) 374M->243M(477M) 3.832ms
[927.463s][info][gc] GC(12410) Pause Young (Allocation Failure) 375M->244M(477M) 3.654ms
[927.556s][info][gc] GC(12411) Pause Young (Allocation Failure) 376M->245M(477M) 3.080ms
[927.639s][info][gc] GC(12412) Pause Young (Allocation Failure) 376M->246M(477M) 3.643ms
[927.737s][info][gc] GC(12413) Pause Young (Allocation Failure) 378M->247M(477M) 3.921ms
[927.827s][info][gc] GC(12414) Pause Young (Allocation Failure) 379M->247M(477M) 3.237ms
[927.922s][info][gc] GC(12415) Pause Young (Allocation Failure) 379M->249M(477M) 3.969ms
[928.018s][info][gc] GC(12416) Pause Young (Allocation Failure) 381M->250M(477M) 3.932ms
[928.111s][info][gc] GC(12417) Pause Young (Allocation Failure) 382M->251M(477M) 3.494ms
[928.187s][info][gc] GC(12418) Pause Young (Allocation Failure) 383M->252M(477M) 3.279ms
[928.280s][info][gc] GC(12419) Pause Young (Allocation Failure) 384M->253M(477M) 3.451ms
[928.374s][info][gc] GC(12420) Pause Young (Allocation Failure) 385M->254M(477M) 3.583ms
[928.465s][info][gc] GC(12421) Pause Young (Allocation Failure) 386M->255M(477M) 3.546ms
[928.552s][info][gc] GC(12422) Pause Young (Allocation Failure) 387M->256M(477M) 3.513ms
[928.646s][info][gc] GC(12423) Pause Young (Allocation Failure) 388M->257M(477M) 3.401ms
[928.724s][info][gc] GC(12424) Pause Young (Allocation Failure) 389M->258M(477M) 3.486ms
[928.821s][info][gc] GC(12425) Pause Young (Allocation Failure) 390M->259M(477M) 3.447ms
[928.917s][info][gc] GC(12426) Pause Young (Allocation Failure) 391M->260M(477M) 3.389ms
[929.005s][info][gc] GC(12427) Pause Young (Allocation Failure) 392M->261M(477M) 3.351ms
[929.096s][info][gc] GC(12428) Pause Young (Allocation Failure) 393M->262M(477M) 3.424ms
[929.187s][info][gc] GC(12429) Pause Young (Allocation Failure) 394M->263M(477M) 3.603ms
[929.268s][info][gc] GC(12430) Pause Young (Allocation Failure) 395M->263M(477M) 3.138ms
[929.358s][info][gc] GC(12431) Pause Young (Allocation Failure) 395M->265M(477M) 3.249ms
[929.452s][info][gc] GC(12432) Pause Young (Allocation Failure) 397M->266M(477M) 3.744ms
[929.541s][info][gc] GC(12433) Pause Young (Allocation Failure) 398M->267M(477M) 3.751ms
[929.631s][info][gc] GC(12434) Pause Young (Allocation Failure) 399M->268M(477M) 3.494ms
[929.720s][info][gc] GC(12435) Pause Young (Allocation Failure) 400M->269M(477M) 3.282ms
[929.803s][info][gc] GC(12436) Pause Young (Allocation Failure) 401M->270M(477M) 3.496ms
[929.896s][info][gc] GC(12437) Pause Young (Allocation Failure) 402M->271M(477M) 3.780ms
[929.990s][info][gc] GC(12438) Pause Young (Allocation Failure) 403M->272M(477M) 3.736ms
[930.076s][info][gc] GC(12439) Pause Young (Allocation Failure) 404M->273M(477M) 3.773ms
[930.181s][info][gc] GC(12440) Pause Young (Allocation Failure) 404M->275M(477M) 3.718ms
[930.266s][info][gc] GC(12441) Pause Young (Allocation Failure) 407M->275M(477M) 3.748ms
[930.349s][info][gc] GC(12442) Pause Young (Allocation Failure) 407M->275M(477M) 3.354ms
[930.446s][info][gc] GC(12443) Pause Young (Allocation Failure) 407M->277M(477M) 3.773ms
[930.537s][info][gc] GC(12444) Pause Young (Allocation Failure) 409M->278M(477M) 3.708ms
[930.774s][info][gc] GC(12445) Pause Young (Allocation Failure) 410M->277M(477M) 3.499ms
[930.871s][info][gc] GC(12446) Pause Young (Allocation Failure) 409M->281M(477M) 3.605ms
[930.965s][info][gc] GC(12447) Pause Young (Allocation Failure) 412M->282M(477M) 4.113ms
[931.052s][info][gc] GC(12448) Pause Young (Allocation Failure) 414M->283M(477M) 3.595ms
[931.144s][info][gc] GC(12449) Pause Young (Allocation Failure) 414M->284M(477M) 3.422ms
[931.235s][info][gc] GC(12450) Pause Young (Allocation Failure) 416M->285M(477M) 3.537ms
[931.318s][info][gc] GC(12451) Pause Young (Allocation Failure) 416M->285M(477M) 3.217ms
[931.411s][info][gc] GC(12452) Pause Young (Allocation Failure) 417M->287M(477M) 3.597ms
[931.503s][info][gc] GC(12453) Pause Young (Allocation Failure) 419M->288M(477M) 4.017ms
[931.592s][info][gc] GC(12454) Pause Young (Allocation Failure) 420M->289M(477M) 3.583ms
[931.678s][info][gc] GC(12455) Pause Young (Allocation Failure) 421M->290M(477M) 3.469ms
[931.771s][info][gc] GC(12456) Pause Young (Allocation Failure) 422M->291M(477M) 3.261ms
[931.854s][info][gc] GC(12457) Pause Young (Allocation Failure) 422M->291M(477M) 3.117ms
[931.946s][info][gc] GC(12458) Pause Young (Allocation Failure) 423M->293M(477M) 3.720ms
[932.034s][info][gc] GC(12459) Pause Young (Allocation Failure) 425M->294M(477M) 3.618ms
[932.127s][info][gc] GC(12460) Pause Young (Allocation Failure) 426M->295M(477M) 3.553ms
[932.217s][info][gc] GC(12461) Pause Young (Allocation Failure) 427M->296M(477M) 3.466ms
[932.305s][info][gc] GC(12462) Pause Young (Allocation Failure) 428M->297M(477M) 3.360ms
[932.389s][info][gc] GC(12463) Pause Young (Allocation Failure) 429M->297M(477M) 2.938ms
[932.478s][info][gc] GC(12464) Pause Young (Allocation Failure) 429M->298M(477M) 3.224ms
[932.567s][info][gc] GC(12465) Pause Young (Allocation Failure) 430M->300M(477M) 3.672ms
[932.659s][info][gc] GC(12466) Pause Young (Allocation Failure) 432M->301M(477M) 3.780ms
[932.752s][info][gc] GC(12467) Pause Young (Allocation Failure) 433M->302M(477M) 3.568ms
[932.840s][info][gc] GC(12468) Pause Young (Allocation Failure) 434M->303M(477M) 3.460ms
[932.926s][info][gc] GC(12469) Pause Young (Allocation Failure) 435M->303M(477M) 3.263ms
[933.018s][info][gc] GC(12470) Pause Young (Allocation Failure) 435M->305M(477M) 3.326ms
[933.104s][info][gc] GC(12471) Pause Young (Allocation Failure) 437M->305M(477M) 3.386ms
[933.194s][info][gc] GC(12472) Pause Young (Allocation Failure) 437M->307M(477M) 3.316ms
[933.287s][info][gc] GC(12473) Pause Young (Allocation Failure) 438M->308M(477M) 3.737ms
[933.376s][info][gc] GC(12474) Pause Young (Allocation Failure) 440M->309M(477M) 3.592ms
[933.458s][info][gc] GC(12475) Pause Young (Allocation Failure) 440M->309M(477M) 3.225ms
[933.552s][info][gc] GC(12476) Pause Young (Allocation Failure) 441M->311M(477M) 3.792ms
[933.638s][info][gc] GC(12477) Pause Young (Allocation Failure) 443M->311M(477M) 3.553ms
[933.730s][info][gc] GC(12478) Pause Young (Allocation Failure) 443M->313M(477M) 3.413ms
[933.822s][info][gc] GC(12479) Pause Young (Allocation Failure) 445M->314M(477M) 3.730ms
[933.917s][info][gc] GC(12480) Pause Young (Allocation Failure) 446M->315M(477M) 3.513ms
[934.001s][info][gc] GC(12481) Pause Young (Allocation Failure) 447M->315M(477M) 3.136ms
[934.095s][info][gc] GC(12482) Pause Young (Allocation Failure) 447M->317M(477M) 3.459ms
[934.186s][info][gc] GC(12483) Pause Young (Allocation Failure) 449M->317M(477M) 3.478ms
[934.276s][info][gc] GC(12484) Pause Young (Allocation Failure) 449M->319M(477M) 3.565ms
[934.481s][info][gc] GC(12485) Pause Young (Allocation Failure) 451M->319M(477M) 3.238ms
[934.575s][info][gc] GC(12486) Pause Young (Allocation Failure) 451M->322M(477M) 3.613ms
[934.669s][info][gc] GC(12487) Pause Young (Allocation Failure) 454M->323M(477M) 4.073ms
[934.757s][info][gc] GC(12488) Pause Young (Allocation Failure) 455M->324M(477M) 3.642ms
[934.849s][info][gc] GC(12489) Pause Young (Allocation Failure) 455M->325M(477M) 3.504ms
[934.943s][info][gc] GC(12490) Pause Young (Allocation Failure) 457M->326M(477M) 3.850ms
[935.027s][info][gc] GC(12491) Pause Young (Allocation Failure) 458M->326M(477M) 2.815ms
[935.121s][info][gc] GC(12492) Pause Young (Allocation Failure) 457M->328M(477M) 3.382ms
[935.217s][info][gc] GC(12493) Pause Young (Allocation Failure) 459M->329M(477M) 4.068ms
[935.310s][info][gc] GC(12494) Pause Young (Allocation Failure) 461M->330M(477M) 3.477ms
[935.400s][info][gc] GC(12495) Pause Young (Allocation Failure) 462M->331M(477M) 3.415ms
[935.491s][info][gc] GC(12496) Pause Young (Allocation Failure) 462M->332M(477M) 3.384ms
[935.577s][info][gc] GC(12497) Pause Young (Allocation Failure) 464M->332M(477M) 3.364ms
[935.665s][info][gc] GC(12498) Pause Young (Allocation Failure) 464M->333M(477M) 3.144ms
[935.757s][info][gc] GC(12499) Pause Young (Allocation Failure) 465M->335M(477M) 3.652ms
[935.846s][info][gc] GC(12500) Pause Young (Allocation Failure) 466M->335M(477M) 3.682ms
[935.939s][info][gc] GC(12501) Pause Young (Allocation Failure) 467M->337M(477M) 3.450ms
[936.026s][info][gc] GC(12502) Pause Young (Allocation Failure) 469M->337M(478M) 3.650ms
[936.069s][info][gc] GC(12503) Pause Full (Allocation Failure) 337M->50M(458M) 43.446ms
[936.152s][info][gc] GC(12504) Pause Young (Allocation Failure) 176M->52M(458M) 1.305ms
[936.234s][info][gc] GC(12505) Pause Young (Allocation Failure) 179M->54M(458M) 1.865ms
[936.319s][info][gc] GC(12506) Pause Young (Allocation Failure) 181M->55M(458M) 2.189ms
[936.402s][info][gc] GC(12507) Pause Young (Allocation Failure) 182M->56M(458M) 2.723ms
[936.486s][info][gc] GC(12508) Pause Young (Allocation Failure) 183M->57M(458M) 2.655ms
[936.572s][info][gc] GC(12509) Pause Young (Allocation Failure) 183M->57M(458M) 2.589ms
[936.654s][info][gc] GC(12510) Pause Young (Allocation Failure) 184M->59M(458M) 3.233ms
[936.739s][info][gc] GC(12511) Pause Young (Allocation Failure) 186M->60M(458M) 3.821ms
[936.825s][info][gc] GC(12512) Pause Young (Allocation Failure) 186M->61M(458M) 3.312ms
[936.910s][info][gc] GC(12513) Pause Young (Allocation Failure) 187M->62M(458M) 3.346ms
[936.989s][info][gc] GC(12514) Pause Young (Allocation Failure) 189M->62M(458M) 2.844ms
[937.075s][info][gc] GC(12515) Pause Young (Allocation Failure) 188M->63M(458M) 3.061ms
[937.165s][info][gc] GC(12516) Pause Young (Allocation Failure) 190M->65M(458M) 3.667ms
[937.252s][info][gc] GC(12517) Pause Young (Allocation Failure) 192M->66M(458M) 3.736ms
[937.340s][info][gc] GC(12518) Pause Young (Allocation Failure) 193M->67M(458M) 3.261ms
[937.418s][info][gc] GC(12519) Pause Young (Allocation Failure) 193M->67M(458M) 2.966ms
[937.505s][info][gc] GC(12520) Pause Young (Allocation Failure) 193M->69M(458M) 3.216ms
[937.595s][info][gc] GC(12521) Pause Young (Allocation Failure) 195M->70M(458M) 3.798ms
[937.680s][info][gc] GC(12522) Pause Young (Allocation Failure) 196M->70M(458M) 3.305ms
[937.764s][info][gc] GC(12523) Pause Young (Allocation Failure) 197M->71M(458M) 3.179ms
[937.841s][info][gc] GC(12524) Pause Young (Allocation Failure) 198M->72M(458M) 2.925ms
[937.932s][info][gc] GC(12525) Pause Young (Allocation Failure) 198M->73M(458M) 3.589ms
[938.019s][info][gc] GC(12526) Pause Young (Allocation Failure) 200M->74M(458M) 3.513ms
[938.242s][info][gc] GC(12527) Pause Young (Allocation Failure) 201M->74M(458M) 2.769ms
[938.300s][info][gc] GC(12528) Pause Young (Allocation Failure) 201M->84M(458M) 6.412ms
[938.342s][info][gc] GC(12529) Pause Young (Allocation Failure) 210M->84M(458M) 5.982ms
[938.379s][info][gc] GC(12530) Pause Young (Allocation Failure) 211M->86M(458M) 2.125ms
[938.435s][info][gc] GC(12531) Pause Young (Allocation Failure) 212M->91M(458M) 4.152ms
[938.472s][info][gc] GC(12532) Pause Young (Allocation Failure) 218M->92M(458M) 3.818ms
[938.511s][info][gc] GC(12533) Pause Young (Allocation Failure) 218M->92M(458M) 3.186ms
[938.560s][info][gc] GC(12534) Pause Young (Allocation Failure) 219M->93M(458M) 3.610ms
[938.602s][info][gc] GC(12535) Pause Young (Allocation Failure) 219M->95M(458M) 3.957ms
[938.641s][info][gc] GC(12536) Pause Young (Allocation Failure) 222M->96M(458M) 4.178ms
[938.680s][info][gc] GC(12537) Pause Young (Allocation Failure) 222M->97M(458M) 2.545ms
[938.729s][info][gc] GC(12538) Pause Young (Allocation Failure) 224M->101M(458M) 3.894ms
[938.772s][info][gc] GC(12539) Pause Young (Allocation Failure) 228M->102M(458M) 4.318ms
[938.809s][info][gc] GC(12540) Pause Young (Allocation Failure) 229M->103M(458M) 3.172ms
[938.857s][info][gc] GC(12541) Pause Young (Allocation Failure) 230M->105M(458M) 3.825ms
[938.898s][info][gc] GC(12542) Pause Young (Allocation Failure) 232M->107M(458M) 4.300ms
[938.937s][info][gc] GC(12543) Pause Young (Allocation Failure) 234M->107M(458M) 3.488ms
[938.983s][info][gc] GC(12544) Pause Young (Allocation Failure) 234M->108M(458M) 3.727ms
[939.033s][info][gc] GC(12545) Pause Young (Allocation Failure) 234M->111M(458M) 4.121ms
[939.070s][info][gc] GC(12546) Pause Young (Allocation Failure) 238M->111M(458M) 4.195ms
[939.110s][info][gc] GC(12547) Pause Young (Allocation Failure) 238M->113M(458M) 3.091ms
[939.154s][info][gc] GC(12548) Pause Young (Allocation Failure) 240M->115M(458M) 3.613ms
[939.194s][info][gc] GC(12549) Pause Young (Allocation Failure) 241M->116M(458M) 3.744ms
[939.238s][info][gc] GC(12550) Pause Young (Allocation Failure) 243M->117M(458M) 3.581ms
[939.283s][info][gc] GC(12551) Pause Young (Allocation Failure) 243M->118M(458M) 3.509ms
[939.325s][info][gc] GC(12552) Pause Young (Allocation Failure) 245M->120M(458M) 4.062ms
[939.363s][info][gc] GC(12553) Pause Young (Allocation Failure) 247M->120M(458M) 3.764ms
[939.410s][info][gc] GC(12554) Pause Young (Allocation Failure) 247M->122M(458M) 3.716ms
[939.453s][info][gc] GC(12555) Pause Young (Allocation Failure) 249M->122M(458M) 3.924ms
[939.493s][info][gc] GC(12556) Pause Young (Allocation Failure) 249M->123M(458M) 3.426ms
[939.537s][info][gc] GC(12557) Pause Young (Allocation Failure) 249M->126M(458M) 3.790ms
[939.581s][info][gc] GC(12558) Pause Young (Allocation Failure) 252M->126M(458M) 4.144ms
[939.622s][info][gc] GC(12559) Pause Young (Allocation Failure) 253M->127M(458M) 3.679ms
[939.666s][info][gc] GC(12560) Pause Young (Allocation Failure) 253M->128M(458M) 3.522ms
[939.707s][info][gc] GC(12561) Pause Young (Allocation Failure) 254M->129M(458M) 3.743ms
[939.751s][info][gc] GC(12562) Pause Young (Allocation Failure) 256M->130M(458M) 3.849ms
[939.791s][info][gc] GC(12563) Pause Young (Allocation Failure) 257M->132M(458M) 3.646ms
[939.842s][info][gc] GC(12564) Pause Young (Allocation Failure) 258M->134M(458M) 4.109ms
[939.890s][info][gc] GC(12565) Pause Young (Allocation Failure) 260M->135M(458M) 4.316ms
[939.930s][info][gc] GC(12566) Pause Young (Allocation Failure) 261M->136M(458M) 3.616ms
[939.976s][info][gc] GC(12567) Pause Young (Allocation Failure) 262M->136M(458M) 3.973ms
[940.018s][info][gc] GC(12568) Pause Young (Allocation Failure) 263M->137M(458M) 3.284ms
[940.075s][info][gc] GC(12569) Pause Young (Allocation Failure) 263M->139M(458M) 4.153ms
[940.117s][info][gc] GC(12570) Pause Young (Allocation Failure) 266M->139M(458M) 4.366ms
[940.168s][info][gc] GC(12571) Pause Young (Allocation Failure) 265M->141M(458M) 4.030ms
[940.226s][info][gc] GC(12572) Pause Young (Allocation Failure) 267M->142M(458M) 4.369ms
[940.274s][info][gc] GC(12573) Pause Young (Allocation Failure) 268M->143M(458M) 3.703ms
[940.320s][info][gc] GC(12574) Pause Young (Allocation Failure) 270M->145M(458M) 3.768ms
[940.365s][info][gc] GC(12575) Pause Young (Allocation Failure) 271M->145M(458M) 3.693ms
[940.409s][info][gc] GC(12576) Pause Young (Allocation Failure) 272M->146M(458M) 3.559ms
[940.454s][info][gc] GC(12577) Pause Young (Allocation Failure) 273M->147M(458M) 3.760ms
[940.493s][info][gc] GC(12578) Pause Young (Allocation Failure) 274M->148M(458M) 3.282ms
[940.540s][info][gc] GC(12579) Pause Young (Allocation Failure) 274M->150M(458M) 3.806ms
[940.582s][info][gc] GC(12580) Pause Young (Allocation Failure) 277M->151M(458M) 4.015ms
[940.623s][info][gc] GC(12581) Pause Young (Allocation Failure) 277M->153M(458M) 3.639ms
[940.670s][info][gc] GC(12582) Pause Young (Allocation Failure) 279M->154M(458M) 4.166ms
[940.710s][info][gc] GC(12583) Pause Young (Allocation Failure) 280M->155M(458M) 3.610ms
[940.753s][info][gc] GC(12584) Pause Young (Allocation Failure) 281M->156M(458M) 3.742ms
[940.797s][info][gc] GC(12585) Pause Young (Allocation Failure) 282M->157M(458M) 3.703ms
[940.837s][info][gc] GC(12586) Pause Young (Allocation Failure) 283M->158M(458M) 3.967ms
[940.882s][info][gc] GC(12587) Pause Young (Allocation Failure) 285M->159M(458M) 3.896ms
[940.926s][info][gc] GC(12588) Pause Young (Allocation Failure) 286M->160M(458M) 4.136ms
[940.970s][info][gc] GC(12589) Pause Young (Allocation Failure) 287M->162M(458M) 3.803ms
[941.015s][info][gc] GC(12590) Pause Young (Allocation Failure) 288M->163M(458M) 3.997ms
[941.059s][info][gc] GC(12591) Pause Young (Allocation Failure) 290M->164M(458M) 3.905ms
[941.100s][info][gc] GC(12592) Pause Young (Allocation Failure) 291M->166M(458M) 3.922ms
[941.143s][info][gc] GC(12593) Pause Young (Allocation Failure) 292M->167M(458M) 3.766ms
[941.185s][info][gc] GC(12594) Pause Young (Allocation Failure) 294M->168M(458M) 3.526ms
[941.230s][info][gc] GC(12595) Pause Young (Allocation Failure) 294M->170M(458M) 3.698ms
[941.270s][info][gc] GC(12596) Pause Young (Allocation Failure) 296M->170M(458M) 3.648ms
[941.317s][info][gc] GC(12597) Pause Young (Allocation Failure) 296M->172M(458M) 3.904ms
[941.363s][info][gc] GC(12598) Pause Young (Allocation Failure) 298M->172M(458M) 4.105ms
[941.404s][info][gc] GC(12599) Pause Young (Allocation Failure) 299M->174M(458M) 3.679ms
[941.455s][info][gc] GC(12600) Pause Young (Allocation Failure) 300M->176M(458M) 3.936ms
[941.495s][info][gc] GC(12601) Pause Young (Allocation Failure) 302M->176M(458M) 4.040ms
[941.540s][info][gc] GC(12602) Pause Young (Allocation Failure) 303M->179M(458M) 4.044ms
[941.584s][info][gc] GC(12603) Pause Young (Allocation Failure) 305M->178M(458M) 3.350ms
[941.628s][info][gc] GC(12604) Pause Young (Allocation Failure) 305M->180M(458M) 3.560ms
[941.671s][info][gc] GC(12605) Pause Young (Allocation Failure) 306M->182M(458M) 4.128ms
[941.710s][info][gc] GC(12606) Pause Young (Allocation Failure) 308M->181M(458M) 3.182ms
[941.757s][info][gc] GC(12607) Pause Young (Allocation Failure) 308M->184M(458M) 3.619ms
[941.802s][info][gc] GC(12608) Pause Young (Allocation Failure) 310M->185M(458M) 4.350ms
[941.840s][info][gc] GC(12609) Pause Young (Allocation Failure) 312M->185M(458M) 3.620ms
[941.889s][info][gc] GC(12610) Pause Young (Allocation Failure) 312M->187M(458M) 3.888ms
[941.933s][info][gc] GC(12611) Pause Young (Allocation Failure) 314M->189M(458M) 4.002ms
[941.971s][info][gc] GC(12612) Pause Young (Allocation Failure) 316M->189M(458M) 3.697ms
[942.015s][info][gc] GC(12613) Pause Young (Allocation Failure) 316M->192M(458M) 3.358ms
[942.057s][info][gc] GC(12614) Pause Young (Allocation Failure) 319M->193M(458M) 3.547ms
[942.102s][info][gc] GC(12615) Pause Young (Allocation Failure) 319M->196M(458M) 4.171ms
[942.142s][info][gc] GC(12616) Pause Young (Allocation Failure) 322M->195M(458M) 3.685ms
[942.184s][info][gc] GC(12617) Pause Young (Allocation Failure) 322M->196M(458M) 3.455ms
[942.226s][info][gc] GC(12618) Pause Young (Allocation Failure) 322M->198M(458M) 3.585ms
[942.266s][info][gc] GC(12619) Pause Young (Allocation Failure) 325M->198M(458M) 3.639ms
[942.307s][info][gc] GC(12620) Pause Young (Allocation Failure) 325M->199M(458M) 3.289ms
[942.355s][info][gc] GC(12621) Pause Young (Allocation Failure) 326M->201M(458M) 4.251ms
[942.396s][info][gc] GC(12622) Pause Young (Allocation Failure) 328M->202M(458M) 4.038ms
[942.441s][info][gc] GC(12623) Pause Young (Allocation Failure) 329M->204M(458M) 3.683ms
[942.484s][info][gc] GC(12624) Pause Young (Allocation Failure) 330M->204M(458M) 3.586ms
[942.525s][info][gc] GC(12625) Pause Young (Allocation Failure) 331M->207M(458M) 3.708ms
[942.569s][info][gc] GC(12626) Pause Young (Allocation Failure) 333M->207M(458M) 4.019ms
[942.611s][info][gc] GC(12627) Pause Young (Allocation Failure) 334M->208M(458M) 3.402ms
[942.657s][info][gc] GC(12628) Pause Young (Allocation Failure) 334M->210M(458M) 3.941ms
[942.697s][info][gc] GC(12629) Pause Young (Allocation Failure) 337M->210M(458M) 3.917ms
[942.742s][info][gc] GC(12630) Pause Young (Allocation Failure) 337M->212M(458M) 3.921ms
[942.784s][info][gc] GC(12631) Pause Young (Allocation Failure) 338M->213M(458M) 3.747ms
[942.824s][info][gc] GC(12632) Pause Young (Allocation Failure) 339M->213M(458M) 3.523ms
[942.873s][info][gc] GC(12633) Pause Young (Allocation Failure) 340M->216M(458M) 3.957ms
[942.912s][info][gc] GC(12634) Pause Young (Allocation Failure) 343M->216M(458M) 3.871ms
[942.955s][info][gc] GC(12635) Pause Young (Allocation Failure) 343M->218M(458M) 3.827ms
[943.000s][info][gc] GC(12636) Pause Young (Allocation Failure) 345M->219M(458M) 3.653ms
[943.041s][info][gc] GC(12637) Pause Young (Allocation Failure) 345M->220M(458M) 3.869ms
[943.084s][info][gc] GC(12638) Pause Young (Allocation Failure) 347M->221M(458M) 3.717ms
[943.126s][info][gc] GC(12639) Pause Young (Allocation Failure) 348M->222M(458M) 3.595ms
[943.167s][info][gc] GC(12640) Pause Young (Allocation Failure) 348M->223M(458M) 3.611ms
[943.214s][info][gc] GC(12641) Pause Young (Allocation Failure) 350M->225M(458M) 4.142ms
[943.256s][info][gc] GC(12642) Pause Young (Allocation Failure) 351M->226M(458M) 3.825ms
[943.304s][info][gc] GC(12643) Pause Young (Allocation Failure) 353M->229M(458M) 4.194ms
[943.345s][info][gc] GC(12644) Pause Young (Allocation Failure) 355M->229M(458M) 3.815ms
[943.387s][info][gc] GC(12645) Pause Young (Allocation Failure) 355M->231M(458M) 3.863ms
[943.431s][info][gc] GC(12646) Pause Young (Allocation Failure) 357M->231M(458M) 3.704ms
[943.473s][info][gc] GC(12647) Pause Young (Allocation Failure) 357M->233M(458M) 3.666ms
[943.516s][info][gc] GC(12648) Pause Young (Allocation Failure) 359M->233M(458M) 3.878ms
[943.562s][info][gc] GC(12649) Pause Young (Allocation Failure) 360M->235M(458M) 3.786ms
[943.605s][info][gc] GC(12650) Pause Young (Allocation Failure) 361M->236M(458M) 3.706ms
[943.649s][info][gc] GC(12651) Pause Young (Allocation Failure) 362M->237M(458M) 3.997ms
[943.693s][info][gc] GC(12652) Pause Young (Allocation Failure) 364M->238M(458M) 3.717ms
[943.738s][info][gc] GC(12653) Pause Young (Allocation Failure) 364M->239M(458M) 3.881ms
[943.784s][info][gc] GC(12654) Pause Young (Allocation Failure) 365M->240M(458M) 3.788ms
[943.828s][info][gc] GC(12655) Pause Young (Allocation Failure) 367M->242M(458M) 3.710ms
[943.871s][info][gc] GC(12656) Pause Young (Allocation Failure) 368M->242M(458M) 3.438ms
[943.914s][info][gc] GC(12657) Pause Young (Allocation Failure) 369M->243M(458M) 3.531ms
[943.958s][info][gc] GC(12658) Pause Young (Allocation Failure) 370M->244M(458M) 3.997ms
[944.005s][info][gc] GC(12659) Pause Young (Allocation Failure) 371M->246M(458M) 4.249ms
[944.048s][info][gc] GC(12660) Pause Young (Allocation Failure) 373M->247M(458M) 4.127ms
[944.089s][info][gc] GC(12661) Pause Young (Allocation Failure) 373M->248M(458M) 3.599ms
[944.133s][info][gc] GC(12662) Pause Young (Allocation Failure) 374M->249M(458M) 3.539ms
[944.174s][info][gc] GC(12663) Pause Young (Allocation Failure) 375M->250M(458M) 3.477ms
[944.220s][info][gc] GC(12664) Pause Young (Allocation Failure) 376M->252M(458M) 3.958ms
[944.259s][info][gc] GC(12665) Pause Young (Allocation Failure) 378M->251M(458M) 3.494ms
[944.304s][info][gc] GC(12666) Pause Young (Allocation Failure) 378M->254M(458M) 3.881ms
[944.345s][info][gc] GC(12667) Pause Young (Allocation Failure) 381M->254M(458M) 3.814ms
[944.389s][info][gc] GC(12668) Pause Young (Allocation Failure) 380M->256M(458M) 3.653ms
[944.433s][info][gc] GC(12669) Pause Young (Allocation Failure) 382M->257M(458M) 4.239ms
[944.473s][info][gc] GC(12670) Pause Young (Allocation Failure) 383M->257M(458M) 3.559ms
[944.517s][info][gc] GC(12671) Pause Young (Allocation Failure) 384M->259M(458M) 3.711ms
[944.560s][info][gc] GC(12672) Pause Young (Allocation Failure) 386M->260M(458M) 4.221ms
[944.600s][info][gc] GC(12673) Pause Young (Allocation Failure) 387M->261M(458M) 3.516ms
[944.645s][info][gc] GC(12674) Pause Young (Allocation Failure) 388M->263M(458M) 3.708ms
[944.687s][info][gc] GC(12675) Pause Young (Allocation Failure) 389M->264M(458M) 4.194ms
[944.727s][info][gc] GC(12676) Pause Young (Allocation Failure) 391M->264M(458M) 3.451ms
[944.773s][info][gc] GC(12677) Pause Young (Allocation Failure) 391M->266M(458M) 3.660ms
[944.814s][info][gc] GC(12678) Pause Young (Allocation Failure) 393M->267M(458M) 3.825ms
[944.859s][info][gc] GC(12679) Pause Young (Allocation Failure) 393M->268M(458M) 3.705ms
[944.908s][info][gc] GC(12680) Pause Young (Allocation Failure) 395M->271M(458M) 4.292ms
[944.952s][info][gc] GC(12681) Pause Young (Allocation Failure) 397M->272M(458M) 4.099ms
[944.993s][info][gc] GC(12682) Pause Young (Allocation Failure) 399M->272M(458M) 3.916ms
[945.042s][info][gc] GC(12683) Pause Young (Allocation Failure) 399M->274M(458M) 4.260ms
[945.081s][info][gc] GC(12684) Pause Young (Allocation Failure) 401M->274M(458M) 4.014ms
[945.127s][info][gc] GC(12685) Pause Young (Allocation Failure) 401M->275M(458M) 3.806ms
[945.173s][info][gc] GC(12686) Pause Young (Allocation Failure) 402M->276M(458M) 3.739ms
[945.216s][info][gc] GC(12687) Pause Young (Allocation Failure) 403M->278M(458M) 4.265ms
[945.256s][info][gc] GC(12688) Pause Young (Allocation Failure) 405M->279M(458M) 3.538ms
[945.300s][info][gc] GC(12689) Pause Young (Allocation Failure) 405M->279M(458M) 3.390ms
[945.350s][info][gc] GC(12690) Pause Young (Allocation Failure) 406M->282M(458M) 4.027ms
[945.398s][info][gc] GC(12691) Pause Young (Allocation Failure) 408M->283M(458M) 4.224ms
[945.443s][info][gc] GC(12692) Pause Young (Allocation Failure) 410M->284M(458M) 3.844ms
[945.490s][info][gc] GC(12693) Pause Young (Allocation Failure) 410M->285M(458M) 3.236ms
[945.537s][info][gc] GC(12694) Pause Young (Allocation Failure) 411M->284M(458M) 2.979ms
[945.694s][info][gc] GC(12695) Pause Young (Allocation Failure) 410M->287M(458M) 3.862ms
[945.747s][info][gc] GC(12696) Pause Young (Allocation Failure) 413M->291M(458M) 4.939ms
[945.792s][info][gc] GC(12697) Pause Young (Allocation Failure) 418M->291M(458M) 4.409ms
[945.845s][info][gc] GC(12698) Pause Young (Allocation Failure) 417M->293M(458M) 3.408ms
[945.892s][info][gc] GC(12699) Pause Young (Allocation Failure) 420M->295M(458M) 3.729ms
[945.945s][info][gc] GC(12700) Pause Young (Allocation Failure) 421M->295M(458M) 3.167ms
[945.994s][info][gc] GC(12701) Pause Young (Allocation Failure) 422M->297M(458M) 3.593ms
[946.039s][info][gc] GC(12702) Pause Young (Allocation Failure) 423M->296M(458M) 3.398ms
[946.093s][info][gc] GC(12703) Pause Young (Allocation Failure) 423M->299M(458M) 3.682ms
[946.141s][info][gc] GC(12704) Pause Young (Allocation Failure) 425M->300M(458M) 4.011ms
[946.191s][info][gc] GC(12705) Pause Young (Allocation Failure) 426M->300M(458M) 3.463ms
[946.240s][info][gc] GC(12706) Pause Young (Allocation Failure) 426M->301M(458M) 3.442ms
[946.289s][info][gc] GC(12707) Pause Young (Allocation Failure) 428M->301M(458M) 3.592ms
[946.345s][info][gc] GC(12708) Pause Young (Allocation Failure) 428M->303M(458M) 3.733ms
[946.390s][info][gc] GC(12709) Pause Young (Allocation Failure) 430M->304M(458M) 3.598ms
[946.444s][info][gc] GC(12710) Pause Young (Allocation Failure) 430M->305M(458M) 3.351ms
[946.493s][info][gc] GC(12711) Pause Young (Allocation Failure) 431M->307M(458M) 3.888ms
[946.539s][info][gc] GC(12712) Pause Young (Allocation Failure) 433M->306M(458M) 3.525ms
[946.595s][info][gc] GC(12713) Pause Young (Allocation Failure) 433M->308M(458M) 3.699ms
[946.640s][info][gc] GC(12714) Pause Young (Allocation Failure) 435M->309M(458M) 3.826ms
[946.693s][info][gc] GC(12715) Pause Young (Allocation Failure) 436M->309M(458M) 3.454ms
[946.741s][info][gc] GC(12716) Pause Young (Allocation Failure) 436M->311M(458M) 3.459ms
[946.787s][info][gc] GC(12717) Pause Young (Allocation Failure) 437M->311M(458M) 3.684ms
[946.844s][info][gc] GC(12718) Pause Young (Allocation Failure) 438M->313M(458M) 3.908ms
[946.890s][info][gc] GC(12719) Pause Young (Allocation Failure) 440M->314M(458M) 3.811ms
[946.939s][info][gc] GC(12720) Pause Young (Allocation Failure) 440M->313M(458M) 3.111ms
[946.991s][info][gc] GC(12721) Pause Young (Allocation Failure) 440M->316M(458M) 3.439ms
[947.038s][info][gc] GC(12722) Pause Young (Allocation Failure) 442M->316M(458M) 3.658ms
[947.100s][info][gc] GC(12723) Pause Young (Allocation Failure) 442M->318M(458M) 3.851ms
[947.149s][info][gc] GC(12724) Pause Young (Allocation Failure) 445M->319M(458M) 4.006ms
[947.198s][info][gc] GC(12725) Pause Young (Allocation Failure) 446M->318M(458M) 3.282ms
[947.247s][info][gc] GC(12726) Pause Young (Allocation Failure) 445M->320M(458M) 3.198ms
[947.291s][info][gc] GC(12727) Pause Young (Allocation Failure) 447M->321M(458M) 3.634ms
[947.348s][info][gc] GC(12728) Pause Young (Allocation Failure) 448M->322M(458M) 4.021ms
[947.395s][info][gc] GC(12729) Pause Young (Allocation Failure) 449M->324M(458M) 3.595ms
[947.452s][info][gc] GC(12730) Pause Young (Allocation Failure) 450M->323M(458M) 3.386ms
[947.504s][info][gc] GC(12731) Pause Full (Allocation Failure) 323M->68M(407M) 52.378ms
[947.547s][info][gc] GC(12732) Pause Young (Allocation Failure) 180M->71M(407M) 1.544ms
[947.585s][info][gc] GC(12733) Pause Young (Allocation Failure) 183M->72M(407M) 1.701ms
[947.631s][info][gc] GC(12734) Pause Young (Allocation Failure) 184M->75M(407M) 2.880ms
[947.675s][info][gc] GC(12735) Pause Young (Allocation Failure) 187M->76M(407M) 3.075ms
[947.716s][info][gc] GC(12736) Pause Young (Allocation Failure) 189M->76M(407M) 3.015ms
[947.766s][info][gc] GC(12737) Pause Young (Allocation Failure) 188M->77M(407M) 3.134ms
[947.811s][info][gc] GC(12738) Pause Young (Allocation Failure) 190M->79M(407M) 3.509ms
[947.853s][info][gc] GC(12739) Pause Young (Allocation Failure) 191M->80M(407M) 3.363ms
[947.901s][info][gc] GC(12740) Pause Young (Allocation Failure) 192M->80M(407M) 3.161ms
[947.943s][info][gc] GC(12741) Pause Young (Allocation Failure) 193M->81M(407M) 2.840ms
[947.988s][info][gc] GC(12742) Pause Young (Allocation Failure) 193M->82M(407M) 3.274ms
[948.035s][info][gc] GC(12743) Pause Young (Allocation Failure) 194M->83M(407M) 3.380ms
[948.078s][info][gc] GC(12744) Pause Young (Allocation Failure) 195M->83M(407M) 3.357ms
[948.121s][info][gc] GC(12745) Pause Young (Allocation Failure) 196M->84M(407M) 3.324ms
[948.170s][info][gc] GC(12746) Pause Young (Allocation Failure) 197M->86M(407M) 3.592ms
[948.209s][info][gc] GC(12747) Pause Young (Allocation Failure) 198M->86M(407M) 3.236ms
[948.254s][info][gc] GC(12748) Pause Young (Allocation Failure) 198M->87M(407M) 2.867ms
[948.299s][info][gc] GC(12749) Pause Young (Allocation Failure) 199M->88M(407M) 3.393ms
[948.340s][info][gc] GC(12750) Pause Young (Allocation Failure) 201M->88M(407M) 3.041ms
[948.388s][info][gc] GC(12751) Pause Young (Allocation Failure) 200M->89M(407M) 2.967ms
[948.432s][info][gc] GC(12752) Pause Young (Allocation Failure) 202M->90M(407M) 3.273ms
[948.478s][info][gc] GC(12753) Pause Young (Allocation Failure) 203M->91M(407M) 3.381ms
[948.526s][info][gc] GC(12754) Pause Young (Allocation Failure) 204M->92M(407M) 3.371ms
[948.567s][info][gc] GC(12755) Pause Young (Allocation Failure) 204M->92M(407M) 2.763ms
[948.611s][info][gc] GC(12756) Pause Young (Allocation Failure) 205M->93M(407M) 3.159ms
[948.659s][info][gc] GC(12757) Pause Young (Allocation Failure) 206M->95M(407M) 3.492ms
[948.699s][info][gc] GC(12758) Pause Young (Allocation Failure) 207M->95M(407M) 3.325ms
[948.743s][info][gc] GC(12759) Pause Young (Allocation Failure) 208M->96M(407M) 3.104ms
[948.790s][info][gc] GC(12760) Pause Young (Allocation Failure) 209M->98M(407M) 3.553ms
[948.834s][info][gc] GC(12761) Pause Young (Allocation Failure) 210M->98M(407M) 3.002ms
[948.878s][info][gc] GC(12762) Pause Young (Allocation Failure) 210M->99M(407M) 3.036ms
[948.922s][info][gc] GC(12763) Pause Young (Allocation Failure) 211M->99M(407M) 3.241ms
[948.968s][info][gc] GC(12764) Pause Young (Allocation Failure) 212M->100M(407M) 3.385ms
[949.011s][info][gc] GC(12765) Pause Young (Allocation Failure) 213M->101M(407M) 3.072ms
[949.052s][info][gc] GC(12766) Pause Young (Allocation Failure) 213M->102M(407M) 3.161ms
[949.104s][info][gc] GC(12767) Pause Young (Allocation Failure) 214M->103M(407M) 3.712ms
[949.148s][info][gc] GC(12768) Pause Young (Allocation Failure) 216M->104M(407M) 3.424ms
[949.192s][info][gc] GC(12769) Pause Young (Allocation Failure) 216M->104M(407M) 2.842ms
[949.237s][info][gc] GC(12770) Pause Young (Allocation Failure) 217M->106M(407M) 3.366ms
[949.279s][info][gc] GC(12771) Pause Young (Allocation Failure) 218M->106M(407M) 3.316ms
[949.325s][info][gc] GC(12772) Pause Young (Allocation Failure) 219M->107M(407M) 3.035ms
[949.369s][info][gc] GC(12773) Pause Young (Allocation Failure) 220M->108M(407M) 3.571ms
[949.418s][info][gc] GC(12774) Pause Young (Allocation Failure) 221M->109M(407M) 3.465ms
[949.463s][info][gc] GC(12775) Pause Young (Allocation Failure) 221M->110M(407M) 3.225ms
[949.505s][info][gc] GC(12776) Pause Young (Allocation Failure) 222M->110M(407M) 3.193ms
[949.554s][info][gc] GC(12777) Pause Young (Allocation Failure) 223M->111M(407M) 3.291ms
[949.599s][info][gc] GC(12778) Pause Young (Allocation Failure) 224M->113M(407M) 3.424ms
[949.640s][info][gc] GC(12779) Pause Young (Allocation Failure) 225M->112M(407M) 2.951ms
[949.693s][info][gc] GC(12780) Pause Young (Allocation Failure) 225M->114M(407M) 3.025ms
[949.735s][info][gc] GC(12781) Pause Young (Allocation Failure) 226M->115M(407M) 3.284ms
[949.782s][info][gc] GC(12782) Pause Young (Allocation Failure) 227M->115M(407M) 3.203ms
[949.839s][info][gc] GC(12783) Pause Young (Allocation Failure) 228M->116M(407M) 3.243ms
[949.888s][info][gc] GC(12784) Pause Young (Allocation Failure) 229M->118M(407M) 3.827ms
[949.940s][info][gc] GC(12785) Pause Young (Allocation Failure) 231M->117M(407M) 3.169ms
[949.993s][info][gc] GC(12786) Pause Young (Allocation Failure) 230M->119M(407M) 3.126ms
[950.039s][info][gc] GC(12787) Pause Young (Allocation Failure) 231M->120M(407M) 3.468ms
[950.094s][info][gc] GC(12788) Pause Young (Allocation Failure) 233M->121M(407M) 3.568ms
[950.143s][info][gc] GC(12789) Pause Young (Allocation Failure) 233M->122M(407M) 3.179ms
[950.187s][info][gc] GC(12790) Pause Young (Allocation Failure) 234M->122M(407M) 3.190ms
[950.245s][info][gc] GC(12791) Pause Young (Allocation Failure) 235M->124M(407M) 3.754ms
[950.295s][info][gc] GC(12792) Pause Young (Allocation Failure) 236M->124M(407M) 3.316ms
[950.337s][info][gc] GC(12793) Pause Young (Allocation Failure) 237M->125M(407M) 2.958ms
[950.387s][info][gc] GC(12794) Pause Young (Allocation Failure) 238M->126M(407M) 3.503ms
[950.435s][info][gc] GC(12795) Pause Young (Allocation Failure) 239M->127M(407M) 3.569ms
[950.472s][info][gc] GC(12796) Pause Young (Allocation Failure) 240M->126M(407M) 2.455ms
[950.524s][info][gc] GC(12797) Pause Young (Allocation Failure) 239M->129M(407M) 3.132ms
[950.569s][info][gc] GC(12798) Pause Young (Allocation Failure) 241M->130M(407M) 3.336ms
[950.616s][info][gc] GC(12799) Pause Young (Allocation Failure) 242M->130M(407M) 3.109ms
[950.661s][info][gc] GC(12800) Pause Young (Allocation Failure) 243M->132M(407M) 3.176ms
[950.702s][info][gc] GC(12801) Pause Young (Allocation Failure) 244M->132M(407M) 3.385ms
[950.750s][info][gc] GC(12802) Pause Young (Allocation Failure) 245M->133M(407M) 3.252ms
[950.794s][info][gc] GC(12803) Pause Young (Allocation Failure) 246M->134M(407M) 3.290ms
[950.833s][info][gc] GC(12804) Pause Young (Allocation Failure) 247M->134M(407M) 2.986ms
[950.880s][info][gc] GC(12805) Pause Young (Allocation Failure) 247M->135M(407M) 3.079ms
[950.925s][info][gc] GC(12806) Pause Young (Allocation Failure) 248M->136M(407M) 3.377ms
[950.971s][info][gc] GC(12807) Pause Young (Allocation Failure) 249M->137M(407M) 3.188ms
[951.022s][info][gc] GC(12808) Pause Young (Allocation Failure) 249M->138M(407M) 3.378ms
[951.060s][info][gc] GC(12809) Pause Young (Allocation Failure) 251M->138M(407M) 2.874ms
[951.105s][info][gc] GC(12810) Pause Young (Allocation Failure) 250M->139M(407M) 2.772ms
[951.152s][info][gc] GC(12811) Pause Young (Allocation Failure) 252M->140M(407M) 3.250ms
[951.196s][info][gc] GC(12812) Pause Young (Allocation Failure) 253M->141M(407M) 3.281ms
[951.242s][info][gc] GC(12813) Pause Young (Allocation Failure) 254M->142M(407M) 3.194ms
[951.285s][info][gc] GC(12814) Pause Young (Allocation Failure) 254M->143M(407M) 3.276ms
[951.327s][info][gc] GC(12815) Pause Young (Allocation Failure) 256M->144M(407M) 3.277ms
[951.373s][info][gc] GC(12816) Pause Young (Allocation Failure) 257M->144M(407M) 3.190ms
[951.419s][info][gc] GC(12817) Pause Young (Allocation Failure) 257M->146M(407M) 3.303ms
[951.461s][info][gc] GC(12818) Pause Young (Allocation Failure) 259M->146M(407M) 3.440ms
[951.508s][info][gc] GC(12819) Pause Young (Allocation Failure) 259M->147M(407M) 2.971ms
[951.552s][info][gc] GC(12820) Pause Young (Allocation Failure) 260M->148M(407M) 3.265ms
[951.596s][info][gc] GC(12821) Pause Young (Allocation Failure) 261M->149M(407M) 3.283ms
[951.644s][info][gc] GC(12822) Pause Young (Allocation Failure) 261M->150M(407M) 3.404ms
[951.685s][info][gc] GC(12823) Pause Young (Allocation Failure) 263M->151M(407M) 3.239ms
[951.728s][info][gc] GC(12824) Pause Young (Allocation Failure) 263M->151M(407M) 2.804ms
[951.781s][info][gc] GC(12825) Pause Young (Allocation Failure) 263M->153M(407M) 3.562ms
[951.826s][info][gc] GC(12826) Pause Young (Allocation Failure) 265M->153M(407M) 3.583ms
[951.872s][info][gc] GC(12827) Pause Young (Allocation Failure) 265M->154M(407M) 2.893ms
[951.920s][info][gc] GC(12828) Pause Young (Allocation Failure) 266M->155M(407M) 3.440ms
[951.961s][info][gc] GC(12829) Pause Young (Allocation Failure) 268M->156M(407M) 3.179ms
[952.006s][info][gc] GC(12830) Pause Young (Allocation Failure) 268M->156M(407M) 2.908ms
[952.055s][info][gc] GC(12831) Pause Young (Allocation Failure) 269M->157M(407M) 3.104ms
[952.123s][info][gc] GC(12832) Pause Young (Allocation Failure) 270M->156M(407M) 2.360ms
[952.213s][info][gc] GC(12833) Pause Young (Allocation Failure) 268M->158M(407M) 3.050ms
[952.269s][info][gc] GC(12834) Pause Young (Allocation Failure) 271M->162M(407M) 4.281ms
[952.309s][info][gc] GC(12835) Pause Young (Allocation Failure) 275M->162M(407M) 3.895ms
[952.361s][info][gc] GC(12836) Pause Young (Allocation Failure) 274M->164M(407M) 3.108ms
[952.406s][info][gc] GC(12837) Pause Young (Allocation Failure) 277M->165M(407M) 3.326ms
[952.454s][info][gc] GC(12838) Pause Young (Allocation Failure) 278M->166M(407M) 3.353ms
[952.501s][info][gc] GC(12839) Pause Young (Allocation Failure) 278M->166M(407M) 3.129ms
[952.549s][info][gc] GC(12840) Pause Young (Allocation Failure) 279M->168M(407M) 3.526ms
[952.594s][info][gc] GC(12841) Pause Young (Allocation Failure) 281M->169M(407M) 3.354ms
[952.638s][info][gc] GC(12842) Pause Young (Allocation Failure) 281M->169M(407M) 2.967ms
[952.683s][info][gc] GC(12843) Pause Young (Allocation Failure) 282M->171M(407M) 3.230ms
[952.723s][info][gc] GC(12844) Pause Young (Allocation Failure) 283M->170M(407M) 3.019ms
[952.770s][info][gc] GC(12845) Pause Young (Allocation Failure) 283M->172M(407M) 2.958ms
[952.812s][info][gc] GC(12846) Pause Young (Allocation Failure) 284M->173M(407M) 3.410ms
[952.856s][info][gc] GC(12847) Pause Young (Allocation Failure) 286M->173M(407M) 3.172ms
[952.901s][info][gc] GC(12848) Pause Young (Allocation Failure) 286M->175M(407M) 3.104ms
[952.943s][info][gc] GC(12849) Pause Young (Allocation Failure) 287M->175M(407M) 3.367ms
[952.990s][info][gc] GC(12850) Pause Young (Allocation Failure) 288M->176M(407M) 3.021ms
[953.032s][info][gc] GC(12851) Pause Young (Allocation Failure) 289M->177M(407M) 3.100ms
[953.077s][info][gc] GC(12852) Pause Young (Allocation Failure) 289M->178M(407M) 3.321ms
[953.123s][info][gc] GC(12853) Pause Young (Allocation Failure) 291M->179M(407M) 3.361ms
[953.168s][info][gc] GC(12854) Pause Young (Allocation Failure) 291M->180M(407M) 2.975ms
[953.210s][info][gc] GC(12855) Pause Young (Allocation Failure) 292M->180M(407M) 3.287ms
[953.257s][info][gc] GC(12856) Pause Young (Allocation Failure) 293M->181M(407M) 3.461ms
[953.302s][info][gc] GC(12857) Pause Young (Allocation Failure) 294M->183M(407M) 3.442ms
[953.342s][info][gc] GC(12858) Pause Young (Allocation Failure) 295M->183M(407M) 2.936ms
[953.390s][info][gc] GC(12859) Pause Young (Allocation Failure) 295M->184M(407M) 3.169ms
[953.437s][info][gc] GC(12860) Pause Young (Allocation Failure) 297M->185M(407M) 3.547ms
[953.478s][info][gc] GC(12861) Pause Young (Allocation Failure) 298M->185M(407M) 2.695ms
[953.523s][info][gc] GC(12862) Pause Young (Allocation Failure) 297M->187M(407M) 3.045ms
[953.568s][info][gc] GC(12863) Pause Young (Allocation Failure) 299M->188M(407M) 3.429ms
[953.614s][info][gc] GC(12864) Pause Young (Allocation Failure) 300M->188M(407M) 2.924ms
[953.657s][info][gc] GC(12865) Pause Young (Allocation Failure) 300M->189M(407M) 3.031ms
[953.702s][info][gc] GC(12866) Pause Young (Allocation Failure) 302M->190M(407M) 3.408ms
[953.746s][info][gc] GC(12867) Pause Young (Allocation Failure) 303M->191M(407M) 3.210ms
[953.789s][info][gc] GC(12868) Pause Young (Allocation Failure) 303M->192M(407M) 3.143ms
[953.832s][info][gc] GC(12869) Pause Young (Allocation Failure) 305M->193M(407M) 3.491ms
[953.883s][info][gc] GC(12870) Pause Young (Allocation Failure) 305M->193M(407M) 3.244ms
[953.932s][info][gc] GC(12871) Pause Young (Allocation Failure) 306M->194M(407M) 3.090ms
[953.974s][info][gc] GC(12872) Pause Young (Allocation Failure) 307M->194M(407M) 3.090ms
[954.027s][info][gc] GC(12873) Pause Young (Allocation Failure) 307M->196M(407M) 3.522ms
[954.074s][info][gc] GC(12874) Pause Young (Allocation Failure) 309M->197M(407M) 3.805ms
[954.120s][info][gc] GC(12875) Pause Young (Allocation Failure) 309M->198M(407M) 2.964ms
[954.166s][info][gc] GC(12876) Pause Young (Allocation Failure) 310M->199M(407M) 3.268ms
[954.210s][info][gc] GC(12877) Pause Young (Allocation Failure) 311M->199M(407M) 3.208ms
[954.257s][info][gc] GC(12878) Pause Young (Allocation Failure) 312M->201M(407M) 3.537ms
[954.301s][info][gc] GC(12879) Pause Young (Allocation Failure) 313M->201M(407M) 3.287ms
[954.343s][info][gc] GC(12880) Pause Young (Allocation Failure) 314M->202M(407M) 3.142ms
[954.392s][info][gc] GC(12881) Pause Young (Allocation Failure) 315M->203M(407M) 3.051ms
[954.433s][info][gc] GC(12882) Pause Young (Allocation Failure) 316M->204M(407M) 3.372ms
[954.475s][info][gc] GC(12883) Pause Young (Allocation Failure) 317M->204M(407M) 3.051ms
[954.524s][info][gc] GC(12884) Pause Young (Allocation Failure) 317M->205M(407M) 3.049ms
[954.565s][info][gc] GC(12885) Pause Young (Allocation Failure) 318M->206M(407M) 3.322ms
[954.611s][info][gc] GC(12886) Pause Young (Allocation Failure) 319M->206M(407M) 3.179ms
[954.661s][info][gc] GC(12887) Pause Young (Allocation Failure) 319M->208M(407M) 3.590ms
[954.699s][info][gc] GC(12888) Pause Young (Allocation Failure) 321M->208M(407M) 2.889ms
[954.745s][info][gc] GC(12889) Pause Young (Allocation Failure) 320M->210M(407M) 3.088ms
[954.791s][info][gc] GC(12890) Pause Young (Allocation Failure) 322M->210M(407M) 3.136ms
[954.839s][info][gc] GC(12891) Pause Young (Allocation Failure) 323M->212M(407M) 3.379ms
[954.887s][info][gc] GC(12892) Pause Young (Allocation Failure) 324M->212M(407M) 3.372ms
[954.927s][info][gc] GC(12893) Pause Young (Allocation Failure) 325M->213M(407M) 2.774ms
[954.974s][info][gc] GC(12894) Pause Young (Allocation Failure) 325M->214M(407M) 3.565ms
[955.021s][info][gc] GC(12895) Pause Young (Allocation Failure) 327M->215M(407M) 3.321ms
[955.068s][info][gc] GC(12896) Pause Young (Allocation Failure) 327M->217M(407M) 3.409ms
[955.113s][info][gc] GC(12897) Pause Young (Allocation Failure) 329M->217M(407M) 3.590ms
[955.159s][info][gc] GC(12898) Pause Young (Allocation Failure) 330M->217M(407M) 3.117ms
[955.201s][info][gc] GC(12899) Pause Young (Allocation Failure) 330M->218M(407M) 2.890ms
[955.251s][info][gc] GC(12900) Pause Young (Allocation Failure) 330M->219M(407M) 3.310ms
[955.294s][info][gc] GC(12901) Pause Young (Allocation Failure) 331M->220M(407M) 3.400ms
[955.341s][info][gc] GC(12902) Pause Young (Allocation Failure) 333M->220M(407M) 3.379ms
[955.387s][info][gc] GC(12903) Pause Young (Allocation Failure) 333M->221M(407M) 2.973ms
[955.435s][info][gc] GC(12904) Pause Young (Allocation Failure) 334M->222M(407M) 3.180ms
[955.481s][info][gc] GC(12905) Pause Young (Allocation Failure) 335M->223M(407M) 3.177ms
[955.527s][info][gc] GC(12906) Pause Young (Allocation Failure) 335M->223M(407M) 3.060ms
[955.578s][info][gc] GC(12907) Pause Young (Allocation Failure) 336M->225M(407M) 3.800ms
[955.626s][info][gc] GC(12908) Pause Young (Allocation Failure) 338M->226M(407M) 3.528ms
[955.670s][info][gc] GC(12909) Pause Young (Allocation Failure) 338M->227M(407M) 3.204ms
[955.715s][info][gc] GC(12910) Pause Young (Allocation Failure) 339M->228M(407M) 3.407ms
[955.762s][info][gc] GC(12911) Pause Young (Allocation Failure) 340M->229M(407M) 3.505ms
[955.804s][info][gc] GC(12912) Pause Young (Allocation Failure) 341M->229M(407M) 2.913ms
[955.846s][info][gc] GC(12913) Pause Young (Allocation Failure) 341M->230M(407M) 2.862ms
[955.893s][info][gc] GC(12914) Pause Young (Allocation Failure) 342M->231M(407M) 3.328ms
[955.939s][info][gc] GC(12915) Pause Young (Allocation Failure) 344M->231M(407M) 3.135ms
[955.982s][info][gc] GC(12916) Pause Young (Allocation Failure) 344M->233M(407M) 3.916ms
[956.033s][info][gc] GC(12917) Pause Young (Allocation Failure) 346M->234M(407M) 3.439ms
[956.078s][info][gc] GC(12918) Pause Young (Allocation Failure) 346M->235M(407M) 3.185ms
[956.118s][info][gc] GC(12919) Pause Young (Allocation Failure) 347M->235M(407M) 2.812ms
[956.166s][info][gc] GC(12920) Pause Young (Allocation Failure) 347M->236M(407M) 3.171ms
[956.209s][info][gc] GC(12921) Pause Young (Allocation Failure) 349M->237M(407M) 3.349ms
[956.250s][info][gc] GC(12922) Pause Young (Allocation Failure) 350M->237M(407M) 3.014ms
[956.294s][info][gc] GC(12923) Pause Young (Allocation Failure) 350M->239M(407M) 3.247ms
[956.340s][info][gc] GC(12924) Pause Young (Allocation Failure) 351M->240M(407M) 3.493ms
[956.384s][info][gc] GC(12925) Pause Young (Allocation Failure) 353M->240M(407M) 3.286ms
[956.426s][info][gc] GC(12926) Pause Young (Allocation Failure) 353M->241M(407M) 2.870ms
[956.471s][info][gc] GC(12927) Pause Young (Allocation Failure) 354M->242M(407M) 3.348ms
[956.517s][info][gc] GC(12928) Pause Young (Allocation Failure) 355M->243M(407M) 3.360ms
[956.557s][info][gc] GC(12929) Pause Young (Allocation Failure) 355M->243M(407M) 2.807ms
[956.604s][info][gc] GC(12930) Pause Young (Allocation Failure) 356M->245M(407M) 3.390ms
[956.648s][info][gc] GC(12931) Pause Young (Allocation Failure) 357M->245M(407M) 3.186ms
[956.690s][info][gc] GC(12932) Pause Young (Allocation Failure) 358M->246M(407M) 2.992ms
[956.738s][info][gc] GC(12933) Pause Young (Allocation Failure) 358M->247M(407M) 3.183ms
[956.784s][info][gc] GC(12934) Pause Young (Allocation Failure) 360M->248M(407M) 3.688ms
[956.830s][info][gc] GC(12935) Pause Young (Allocation Failure) 361M->249M(407M) 3.317ms
[956.871s][info][gc] GC(12936) Pause Young (Allocation Failure) 361M->250M(407M) 3.106ms
[956.914s][info][gc] GC(12937) Pause Young (Allocation Failure) 363M->250M(407M) 3.133ms
[956.959s][info][gc] GC(12938) Pause Young (Allocation Failure) 363M->251M(407M) 2.974ms
[957.001s][info][gc] GC(12939) Pause Young (Allocation Failure) 364M->253M(407M) 3.459ms
[957.045s][info][gc] GC(12940) Pause Young (Allocation Failure) 365M->253M(407M) 3.173ms
[957.093s][info][gc] GC(12941) Pause Young (Allocation Failure) 365M->254M(407M) 3.018ms
[957.134s][info][gc] GC(12942) Pause Young (Allocation Failure) 367M->254M(407M) 3.132ms
[957.176s][info][gc] GC(12943) Pause Young (Allocation Failure) 367M->256M(407M) 3.320ms
[957.221s][info][gc] GC(12944) Pause Young (Allocation Failure) 368M->257M(407M) 3.350ms
[957.267s][info][gc] GC(12945) Pause Young (Allocation Failure) 369M->258M(407M) 3.323ms
[957.308s][info][gc] GC(12946) Pause Young (Allocation Failure) 370M->258M(407M) 3.089ms
[957.355s][info][gc] GC(12947) Pause Young (Allocation Failure) 370M->259M(407M) 3.127ms
[957.400s][info][gc] GC(12948) Pause Young (Allocation Failure) 371M->260M(407M) 3.260ms
[957.447s][info][gc] GC(12949) Pause Young (Allocation Failure) 372M->261M(407M) 3.284ms
[957.490s][info][gc] GC(12950) Pause Young (Allocation Failure) 373M->261M(407M) 3.070ms
[957.532s][info][gc] GC(12951) Pause Young (Allocation Failure) 374M->262M(407M) 3.290ms
[957.579s][info][gc] GC(12952) Pause Young (Allocation Failure) 375M->263M(407M) 3.267ms
[957.624s][info][gc] GC(12953) Pause Young (Allocation Failure) 376M->265M(407M) 3.349ms
[957.669s][info][gc] GC(12954) Pause Young (Allocation Failure) 377M->265M(407M) 3.367ms
[957.719s][info][gc] GC(12955) Pause Young (Allocation Failure) 377M->266M(407M) 3.249ms
[957.767s][info][gc] GC(12956) Pause Young (Allocation Failure) 379M->267M(407M) 3.295ms
[957.812s][info][gc] GC(12957) Pause Young (Allocation Failure) 379M->267M(407M) 2.834ms
[957.857s][info][gc] GC(12958) Pause Young (Allocation Failure) 380M->269M(407M) 3.352ms
[957.903s][info][gc] GC(12959) Pause Young (Allocation Failure) 381M->269M(407M) 3.256ms
[957.945s][info][gc] GC(12960) Pause Young (Allocation Failure) 382M->269M(407M) 2.723ms
[957.988s][info][gc] GC(12961) Pause Young (Allocation Failure) 382M->271M(407M) 3.299ms
[958.033s][info][gc] GC(12962) Pause Young (Allocation Failure) 384M->272M(407M) 3.545ms
[958.080s][info][gc] GC(12963) Pause Young (Allocation Failure) 384M->273M(407M) 3.040ms
[958.120s][info][gc] GC(12964) Pause Young (Allocation Failure) 386M->273M(407M) 3.102ms
[958.166s][info][gc] GC(12965) Pause Young (Allocation Failure) 386M->274M(407M) 2.909ms
[958.211s][info][gc] GC(12966) Pause Young (Allocation Failure) 387M->275M(407M) 3.067ms
[958.255s][info][gc] GC(12967) Pause Young (Allocation Failure) 387M->276M(407M) 3.272ms
[958.299s][info][gc] GC(12968) Pause Young (Allocation Failure) 389M->277M(407M) 3.407ms
[958.343s][info][gc] GC(12969) Pause Young (Allocation Failure) 390M->278M(407M) 3.407ms
[958.385s][info][gc] GC(12970) Pause Young (Allocation Failure) 390M->278M(407M) 2.688ms
[958.433s][info][gc] GC(12971) Pause Young (Allocation Failure) 391M->280M(407M) 3.444ms
[958.482s][info][gc] GC(12972) Pause Young (Allocation Failure) 393M->279M(407M) 2.676ms
[958.554s][info][gc] GC(12973) Pause Young (Allocation Failure) 391M->278M(407M) 1.755ms
[958.737s][info][gc] GC(12974) Pause Young (Allocation Failure) 390M->282M(407M) 3.230ms
[958.790s][info][gc] GC(12975) Pause Young (Allocation Failure) 395M->283M(407M) 3.430ms
[958.852s][info][gc] GC(12976) Pause Young (Allocation Failure) 396M->284M(407M) 3.307ms
[958.908s][info][gc] GC(12977) Pause Young (Allocation Failure) 397M->285M(407M) 3.389ms
[958.976s][info][gc] GC(12978) Pause Young (Allocation Failure) 398M->286M(407M) 3.661ms
[959.027s][info][gc] GC(12979) Pause Young (Allocation Failure) 399M->285M(407M) 2.377ms
[959.089s][info][gc] GC(12980) Pause Young (Allocation Failure) 398M->287M(407M) 3.003ms
[959.151s][info][gc] GC(12981) Pause Young (Allocation Failure) 400M->287M(408M) 3.104ms
[959.188s][info][gc] GC(12982) Pause Full (Allocation Failure) 287M->40M(278M) 37.022ms
[959.224s][info][gc] GC(12983) Pause Young (Allocation Failure) 117M->42M(278M) 0.949ms
[959.261s][info][gc] GC(12984) Pause Young (Allocation Failure) 118M->42M(278M) 1.183ms
[959.305s][info][gc] GC(12985) Pause Young (Allocation Failure) 119M->45M(278M) 1.947ms
[959.341s][info][gc] GC(12986) Pause Young (Allocation Failure) 121M->45M(278M) 2.063ms
[959.379s][info][gc] GC(12987) Pause Young (Allocation Failure) 122M->46M(278M) 2.348ms
[959.425s][info][gc] GC(12988) Pause Young (Allocation Failure) 123M->47M(278M) 2.111ms
[959.464s][info][gc] GC(12989) Pause Young (Allocation Failure) 123M->47M(278M) 2.328ms
[959.498s][info][gc] GC(12990) Pause Young (Allocation Failure) 124M->47M(278M) 1.926ms
[959.544s][info][gc] GC(12991) Pause Young (Allocation Failure) 124M->49M(278M) 2.226ms
[959.580s][info][gc] GC(12992) Pause Young (Allocation Failure) 125M->49M(278M) 2.279ms
[959.617s][info][gc] GC(12993) Pause Young (Allocation Failure) 126M->48M(278M) 1.605ms
[959.661s][info][gc] GC(12994) Pause Young (Allocation Failure) 125M->50M(278M) 2.222ms
[959.699s][info][gc] GC(12995) Pause Young (Allocation Failure) 127M->51M(278M) 2.286ms
[959.743s][info][gc] GC(12996) Pause Young (Allocation Failure) 128M->51M(278M) 2.133ms
[959.782s][info][gc] GC(12997) Pause Young (Allocation Failure) 128M->52M(278M) 2.141ms
[959.821s][info][gc] GC(12998) Pause Young (Allocation Failure) 129M->52M(278M) 2.125ms
[959.866s][info][gc] GC(12999) Pause Young (Allocation Failure) 129M->53M(278M) 2.384ms
[959.901s][info][gc] GC(13000) Pause Young (Allocation Failure) 130M->53M(278M) 2.161ms
[959.942s][info][gc] GC(13001) Pause Young (Allocation Failure) 130M->54M(278M) 2.013ms
[959.991s][info][gc] GC(13002) Pause Young (Allocation Failure) 131M->55M(278M) 2.603ms
[960.026s][info][gc] GC(13003) Pause Young (Allocation Failure) 132M->55M(278M) 2.215ms
[960.066s][info][gc] GC(13004) Pause Young (Allocation Failure) 132M->55M(278M) 1.754ms
[960.112s][info][gc] GC(13005) Pause Young (Allocation Failure) 132M->57M(278M) 2.233ms
[960.149s][info][gc] GC(13006) Pause Young (Allocation Failure) 133M->57M(278M) 2.569ms
[960.193s][info][gc] GC(13007) Pause Young (Allocation Failure) 134M->57M(278M) 1.886ms
[960.234s][info][gc] GC(13008) Pause Young (Allocation Failure) 134M->58M(278M) 2.434ms
[960.272s][info][gc] GC(13009) Pause Young (Allocation Failure) 135M->59M(278M) 2.156ms
[960.316s][info][gc] GC(13010) Pause Young (Allocation Failure) 136M->59M(278M) 2.219ms
[960.354s][info][gc] GC(13011) Pause Young (Allocation Failure) 136M->60M(278M) 2.214ms
[960.395s][info][gc] GC(13012) Pause Young (Allocation Failure) 137M->60M(278M) 1.946ms
[960.438s][info][gc] GC(13013) Pause Young (Allocation Failure) 137M->61M(278M) 2.398ms
[960.475s][info][gc] GC(13014) Pause Young (Allocation Failure) 138M->62M(278M) 2.189ms
[960.517s][info][gc] GC(13015) Pause Young (Allocation Failure) 139M->62M(278M) 1.858ms
[960.558s][info][gc] GC(13016) Pause Young (Allocation Failure) 139M->63M(278M) 2.233ms
[960.597s][info][gc] GC(13017) Pause Young (Allocation Failure) 140M->63M(278M) 2.327ms
[960.636s][info][gc] GC(13018) Pause Young (Allocation Failure) 140M->63M(278M) 1.809ms
[960.679s][info][gc] GC(13019) Pause Young (Allocation Failure) 140M->65M(278M) 2.373ms
[960.716s][info][gc] GC(13020) Pause Young (Allocation Failure) 142M->65M(278M) 2.315ms
[960.757s][info][gc] GC(13021) Pause Young (Allocation Failure) 142M->65M(278M) 1.910ms
[960.797s][info][gc] GC(13022) Pause Young (Allocation Failure) 142M->67M(278M) 2.256ms
[960.840s][info][gc] GC(13023) Pause Young (Allocation Failure) 144M->67M(278M) 2.512ms
[960.882s][info][gc] GC(13024) Pause Young (Allocation Failure) 144M->68M(278M) 2.271ms
[960.919s][info][gc] GC(13025) Pause Young (Allocation Failure) 145M->68M(278M) 2.017ms
[960.957s][info][gc] GC(13026) Pause Young (Allocation Failure) 145M->68M(278M) 1.828ms
[960.999s][info][gc] GC(13027) Pause Young (Allocation Failure) 145M->70M(278M) 2.306ms
[961.035s][info][gc] GC(13028) Pause Young (Allocation Failure) 146M->69M(278M) 2.166ms
[961.078s][info][gc] GC(13029) Pause Young (Allocation Failure) 146M->70M(278M) 1.917ms
[961.117s][info][gc] GC(13030) Pause Young (Allocation Failure) 147M->71M(278M) 2.268ms
[961.153s][info][gc] GC(13031) Pause Young (Allocation Failure) 148M->71M(278M) 2.065ms
[961.198s][info][gc] GC(13032) Pause Young (Allocation Failure) 148M->72M(278M) 2.265ms
[961.237s][info][gc] GC(13033) Pause Young (Allocation Failure) 149M->73M(278M) 2.213ms
[961.272s][info][gc] GC(13034) Pause Young (Allocation Failure) 150M->73M(278M) 2.000ms
[961.319s][info][gc] GC(13035) Pause Young (Allocation Failure) 150M->74M(278M) 2.361ms
[961.355s][info][gc] GC(13036) Pause Young (Allocation Failure) 151M->75M(278M) 2.270ms
[961.396s][info][gc] GC(13037) Pause Young (Allocation Failure) 152M->74M(278M) 1.855ms
[961.439s][info][gc] GC(13038) Pause Young (Allocation Failure) 151M->76M(278M) 2.421ms
[961.478s][info][gc] GC(13039) Pause Young (Allocation Failure) 153M->76M(278M) 2.266ms
[961.619s][info][gc] GC(13040) Pause Young (Allocation Failure) 153M->78M(278M) 2.441ms
[961.655s][info][gc] GC(13041) Pause Young (Allocation Failure) 155M->78M(278M) 2.455ms
[961.693s][info][gc] GC(13042) Pause Young (Allocation Failure) 155M->79M(278M) 2.294ms
[961.736s][info][gc] GC(13043) Pause Young (Allocation Failure) 156M->81M(278M) 1.945ms
[961.776s][info][gc] GC(13044) Pause Young (Allocation Failure) 158M->82M(278M) 1.946ms
[961.811s][info][gc] GC(13045) Pause Young (Allocation Failure) 159M->83M(278M) 2.365ms
[961.856s][info][gc] GC(13046) Pause Young (Allocation Failure) 160M->83M(278M) 2.498ms
[961.893s][info][gc] GC(13047) Pause Young (Allocation Failure) 160M->84M(278M) 2.083ms
[961.928s][info][gc] GC(13048) Pause Young (Allocation Failure) 161M->83M(278M) 1.529ms
[961.978s][info][gc] GC(13049) Pause Young (Allocation Failure) 160M->85M(278M) 2.285ms
[962.015s][info][gc] GC(13050) Pause Young (Allocation Failure) 162M->86M(278M) 2.498ms
[962.059s][info][gc] GC(13051) Pause Young (Allocation Failure) 163M->86M(278M) 2.250ms
[962.100s][info][gc] GC(13052) Pause Young (Allocation Failure) 163M->87M(278M) 2.139ms
[962.134s][info][gc] GC(13053) Pause Young (Allocation Failure) 164M->87M(278M) 2.256ms
[962.180s][info][gc] GC(13054) Pause Young (Allocation Failure) 164M->88M(278M) 2.303ms
[962.215s][info][gc] GC(13055) Pause Young (Allocation Failure) 165M->88M(278M) 2.090ms
[962.250s][info][gc] GC(13056) Pause Young (Allocation Failure) 165M->88M(278M) 1.746ms
[962.296s][info][gc] GC(13057) Pause Young (Allocation Failure) 165M->90M(278M) 2.196ms
[962.335s][info][gc] GC(13058) Pause Young (Allocation Failure) 167M->91M(278M) 2.348ms
[962.381s][info][gc] GC(13059) Pause Young (Allocation Failure) 168M->91M(278M) 2.160ms
[962.417s][info][gc] GC(13060) Pause Young (Allocation Failure) 168M->91M(278M) 2.028ms
[962.455s][info][gc] GC(13061) Pause Young (Allocation Failure) 168M->92M(278M) 2.302ms
[962.502s][info][gc] GC(13062) Pause Young (Allocation Failure) 169M->93M(278M) 2.369ms
[962.539s][info][gc] GC(13063) Pause Young (Allocation Failure) 170M->93M(278M) 2.101ms
[962.574s][info][gc] GC(13064) Pause Young (Allocation Failure) 170M->93M(278M) 1.930ms
[962.622s][info][gc] GC(13065) Pause Young (Allocation Failure) 170M->95M(278M) 2.415ms
[962.663s][info][gc] GC(13066) Pause Young (Allocation Failure) 172M->95M(278M) 2.550ms
[962.696s][info][gc] GC(13067) Pause Young (Allocation Failure) 172M->94M(278M) 1.721ms
[962.746s][info][gc] GC(13068) Pause Young (Allocation Failure) 171M->96M(278M) 2.443ms
[962.784s][info][gc] GC(13069) Pause Young (Allocation Failure) 173M->96M(278M) 2.233ms
[962.832s][info][gc] GC(13070) Pause Young (Allocation Failure) 173M->97M(278M) 2.131ms
[962.873s][info][gc] GC(13071) Pause Young (Allocation Failure) 174M->98M(278M) 2.421ms
[962.911s][info][gc] GC(13072) Pause Young (Allocation Failure) 175M->98M(278M) 2.450ms
[962.958s][info][gc] GC(13073) Pause Young (Allocation Failure) 175M->99M(278M) 2.329ms
[962.996s][info][gc] GC(13074) Pause Young (Allocation Failure) 176M->99M(278M) 2.134ms
[963.033s][info][gc] GC(13075) Pause Young (Allocation Failure) 176M->100M(278M) 2.132ms
[963.081s][info][gc] GC(13076) Pause Young (Allocation Failure) 177M->101M(278M) 2.533ms
[963.117s][info][gc] GC(13077) Pause Young (Allocation Failure) 178M->101M(278M) 2.218ms
[963.152s][info][gc] GC(13078) Pause Young (Allocation Failure) 178M->101M(278M) 1.694ms
[963.198s][info][gc] GC(13079) Pause Young (Allocation Failure) 178M->102M(278M) 2.242ms
[963.238s][info][gc] GC(13080) Pause Young (Allocation Failure) 179M->103M(278M) 2.516ms
[963.283s][info][gc] GC(13081) Pause Young (Allocation Failure) 180M->104M(278M) 2.409ms
[963.320s][info][gc] GC(13082) Pause Young (Allocation Failure) 181M->104M(278M) 1.972ms
[963.358s][info][gc] GC(13083) Pause Young (Allocation Failure) 181M->105M(278M) 2.288ms
[963.402s][info][gc] GC(13084) Pause Young (Allocation Failure) 182M->105M(278M) 2.229ms
[963.439s][info][gc] GC(13085) Pause Young (Allocation Failure) 182M->106M(278M) 1.959ms
[963.475s][info][gc] GC(13086) Pause Young (Allocation Failure) 183M->106M(278M) 2.010ms
[963.523s][info][gc] GC(13087) Pause Young (Allocation Failure) 183M->107M(278M) 2.428ms
[963.561s][info][gc] GC(13088) Pause Young (Allocation Failure) 184M->107M(278M) 2.338ms
[963.597s][info][gc] GC(13089) Pause Young (Allocation Failure) 184M->108M(278M) 1.836ms
[963.638s][info][gc] GC(13090) Pause Young (Allocation Failure) 184M->109M(278M) 2.190ms
[963.678s][info][gc] GC(13091) Pause Young (Allocation Failure) 186M->109M(278M) 2.375ms
[963.723s][info][gc] GC(13092) Pause Young (Allocation Failure) 186M->110M(278M) 2.223ms
[963.762s][info][gc] GC(13093) Pause Young (Allocation Failure) 187M->110M(278M) 2.182ms
[963.796s][info][gc] GC(13094) Pause Young (Allocation Failure) 187M->111M(278M) 2.213ms
[963.844s][info][gc] GC(13095) Pause Young (Allocation Failure) 188M->112M(278M) 2.421ms
[963.882s][info][gc] GC(13096) Pause Young (Allocation Failure) 189M->112M(278M) 2.292ms
[963.920s][info][gc] GC(13097) Pause Young (Allocation Failure) 189M->113M(278M) 2.070ms
[963.966s][info][gc] GC(13098) Pause Young (Allocation Failure) 190M->114M(278M) 2.240ms
[964.003s][info][gc] GC(13099) Pause Young (Allocation Failure) 191M->114M(278M) 2.375ms
[964.041s][info][gc] GC(13100) Pause Young (Allocation Failure) 191M->114M(278M) 1.710ms
[964.087s][info][gc] GC(13101) Pause Young (Allocation Failure) 190M->116M(278M) 2.266ms
[964.123s][info][gc] GC(13102) Pause Young (Allocation Failure) 193M->116M(278M) 2.140ms
[964.172s][info][gc] GC(13103) Pause Young (Allocation Failure) 193M->117M(278M) 2.247ms
[964.207s][info][gc] GC(13104) Pause Young (Allocation Failure) 194M->117M(278M) 2.175ms
[964.243s][info][gc] GC(13105) Pause Young (Allocation Failure) 194M->117M(278M) 1.872ms
[964.293s][info][gc] GC(13106) Pause Young (Allocation Failure) 194M->119M(278M) 2.663ms
[964.327s][info][gc] GC(13107) Pause Young (Allocation Failure) 196M->119M(278M) 2.411ms
[964.364s][info][gc] GC(13108) Pause Young (Allocation Failure) 196M->118M(278M) 1.709ms
[964.508s][info][gc] GC(13109) Pause Young (Allocation Failure) 195M->121M(278M) 2.596ms
[964.547s][info][gc] GC(13110) Pause Young (Allocation Failure) 198M->122M(278M) 2.643ms
[964.583s][info][gc] GC(13111) Pause Young (Allocation Failure) 199M->122M(278M) 2.187ms
[964.628s][info][gc] GC(13112) Pause Young (Allocation Failure) 199M->124M(278M) 1.979ms
[964.665s][info][gc] GC(13113) Pause Young (Allocation Failure) 201M->125M(278M) 2.032ms
[964.709s][info][gc] GC(13114) Pause Young (Allocation Failure) 202M->125M(278M) 2.121ms
[964.749s][info][gc] GC(13115) Pause Young (Allocation Failure) 202M->127M(278M) 2.338ms
[964.785s][info][gc] GC(13116) Pause Young (Allocation Failure) 204M->127M(278M) 2.409ms
[964.832s][info][gc] GC(13117) Pause Young (Allocation Failure) 204M->127M(278M) 2.237ms
[964.870s][info][gc] GC(13118) Pause Young (Allocation Failure) 204M->128M(278M) 2.108ms
[964.910s][info][gc] GC(13119) Pause Young (Allocation Failure) 205M->129M(278M) 2.428ms
[964.957s][info][gc] GC(13120) Pause Young (Allocation Failure) 206M->130M(278M) 2.420ms
[964.992s][info][gc] GC(13121) Pause Young (Allocation Failure) 206M->130M(278M) 2.185ms
[965.030s][info][gc] GC(13122) Pause Young (Allocation Failure) 207M->130M(278M) 1.821ms
[965.078s][info][gc] GC(13123) Pause Young (Allocation Failure) 207M->131M(278M) 2.543ms
[965.116s][info][gc] GC(13124) Pause Young (Allocation Failure) 208M->132M(278M) 2.463ms
[965.155s][info][gc] GC(13125) Pause Young (Allocation Failure) 209M->131M(278M) 1.802ms
[965.198s][info][gc] GC(13126) Pause Young (Allocation Failure) 208M->133M(278M) 2.288ms
[965.236s][info][gc] GC(13127) Pause Young (Allocation Failure) 210M->134M(278M) 2.348ms
[965.284s][info][gc] GC(13128) Pause Young (Allocation Failure) 210M->134M(278M) 2.468ms
[965.321s][info][gc] GC(13129) Pause Young (Allocation Failure) 211M->134M(278M) 2.137ms
[965.358s][info][gc] GC(13130) Pause Young (Allocation Failure) 211M->135M(278M) 2.123ms
[965.407s][info][gc] GC(13131) Pause Young (Allocation Failure) 212M->136M(278M) 2.455ms
[965.445s][info][gc] GC(13132) Pause Young (Allocation Failure) 213M->136M(278M) 2.166ms
[965.482s][info][gc] GC(13133) Pause Young (Allocation Failure) 213M->137M(278M) 2.016ms
[965.530s][info][gc] GC(13134) Pause Young (Allocation Failure) 213M->138M(278M) 2.248ms
[965.567s][info][gc] GC(13135) Pause Young (Allocation Failure) 214M->138M(278M) 2.339ms
[965.607s][info][gc] GC(13136) Pause Young (Allocation Failure) 215M->137M(278M) 1.666ms
[965.655s][info][gc] GC(13137) Pause Young (Allocation Failure) 214M->139M(278M) 2.185ms
[965.692s][info][gc] GC(13138) Pause Young (Allocation Failure) 216M->140M(278M) 2.208ms
[965.738s][info][gc] GC(13139) Pause Young (Allocation Failure) 217M->140M(278M) 2.282ms
[965.775s][info][gc] GC(13140) Pause Young (Allocation Failure) 217M->142M(278M) 2.420ms
[965.814s][info][gc] GC(13141) Pause Young (Allocation Failure) 218M->142M(278M) 2.479ms
[965.859s][info][gc] GC(13142) Pause Young (Allocation Failure) 219M->144M(278M) 2.064ms
[965.900s][info][gc] GC(13143) Pause Young (Allocation Failure) 221M->145M(278M) 2.093ms
[965.937s][info][gc] GC(13144) Pause Young (Allocation Failure) 222M->145M(278M) 2.156ms
[965.984s][info][gc] GC(13145) Pause Young (Allocation Failure) 222M->146M(278M) 2.245ms
[966.020s][info][gc] GC(13146) Pause Young (Allocation Failure) 223M->146M(278M) 2.162ms
[966.058s][info][gc] GC(13147) Pause Young (Allocation Failure) 223M->146M(278M) 1.907ms
[966.108s][info][gc] GC(13148) Pause Young (Allocation Failure) 223M->148M(278M) 2.365ms
[966.146s][info][gc] GC(13149) Pause Young (Allocation Failure) 225M->148M(278M) 2.457ms
[966.191s][info][gc] GC(13150) Pause Young (Allocation Failure) 225M->149M(278M) 2.201ms
[966.227s][info][gc] GC(13151) Pause Young (Allocation Failure) 226M->150M(278M) 2.036ms
[966.263s][info][gc] GC(13152) Pause Young (Allocation Failure) 227M->150M(278M) 2.166ms
[966.309s][info][gc] GC(13153) Pause Young (Allocation Failure) 227M->151M(278M) 2.329ms
[966.350s][info][gc] GC(13154) Pause Young (Allocation Failure) 228M->152M(278M) 2.374ms
[966.382s][info][gc] GC(13155) Pause Young (Allocation Failure) 228M->151M(278M) 1.934ms
[966.426s][info][gc] GC(13156) Pause Young (Allocation Failure) 228M->152M(278M) 2.141ms
[966.467s][info][gc] GC(13157) Pause Young (Allocation Failure) 229M->153M(278M) 2.164ms
[966.502s][info][gc] GC(13158) Pause Young (Allocation Failure) 230M->152M(278M) 1.768ms
[966.549s][info][gc] GC(13159) Pause Young (Allocation Failure) 229M->154M(278M) 2.339ms
[966.587s][info][gc] GC(13160) Pause Young (Allocation Failure) 231M->155M(278M) 2.589ms
[966.640s][info][gc] GC(13161) Pause Young (Allocation Failure) 232M->156M(278M) 2.329ms
[966.673s][info][gc] GC(13162) Pause Young (Allocation Failure) 233M->156M(278M) 2.033ms
[966.710s][info][gc] GC(13163) Pause Young (Allocation Failure) 233M->156M(278M) 1.755ms
[966.755s][info][gc] GC(13164) Pause Young (Allocation Failure) 233M->157M(278M) 2.190ms
[966.793s][info][gc] GC(13165) Pause Young (Allocation Failure) 234M->158M(278M) 2.351ms
[966.830s][info][gc] GC(13166) Pause Young (Allocation Failure) 235M->158M(278M) 2.113ms
[966.879s][info][gc] GC(13167) Pause Young (Allocation Failure) 235M->159M(278M) 2.347ms
[966.918s][info][gc] GC(13168) Pause Young (Allocation Failure) 236M->160M(278M) 2.151ms
[966.951s][info][gc] GC(13169) Pause Young (Allocation Failure) 237M->159M(278M) 1.741ms
[966.998s][info][gc] GC(13170) Pause Young (Allocation Failure) 236M->161M(278M) 2.210ms
[967.035s][info][gc] GC(13171) Pause Young (Allocation Failure) 238M->161M(278M) 2.341ms
[967.081s][info][gc] GC(13172) Pause Young (Allocation Failure) 238M->162M(278M) 2.196ms
[967.113s][info][gc] GC(13173) Pause Young (Allocation Failure) 239M->162M(278M) 1.905ms
[967.153s][info][gc] GC(13174) Pause Young (Allocation Failure) 239M->163M(278M) 2.300ms
[967.200s][info][gc] GC(13175) Pause Young (Allocation Failure) 240M->164M(278M) 2.537ms
[967.233s][info][gc] GC(13176) Pause Young (Allocation Failure) 241M->164M(278M) 1.987ms
[967.269s][info][gc] GC(13177) Pause Young (Allocation Failure) 241M->164M(278M) 1.920ms
[967.414s][info][gc] GC(13178) Pause Young (Allocation Failure) 241M->167M(278M) 2.970ms
[967.448s][info][gc] GC(13179) Pause Young (Allocation Failure) 244M->167M(278M) 2.626ms
[967.483s][info][gc] GC(13180) Pause Young (Allocation Failure) 244M->168M(278M) 1.166ms
[967.528s][info][gc] GC(13181) Pause Young (Allocation Failure) 245M->170M(278M) 1.952ms
[967.565s][info][gc] GC(13182) Pause Young (Allocation Failure) 247M->171M(278M) 2.127ms
[967.601s][info][gc] GC(13183) Pause Young (Allocation Failure) 248M->171M(278M) 2.323ms
[967.649s][info][gc] GC(13184) Pause Young (Allocation Failure) 248M->172M(278M) 2.292ms
[967.686s][info][gc] GC(13185) Pause Young (Allocation Failure) 249M->172M(278M) 2.248ms
[967.730s][info][gc] GC(13186) Pause Young (Allocation Failure) 249M->173M(278M) 2.028ms
[967.767s][info][gc] GC(13187) Pause Young (Allocation Failure) 250M->173M(278M) 2.076ms
[967.804s][info][gc] GC(13188) Pause Young (Allocation Failure) 250M->174M(278M) 2.095ms
[967.853s][info][gc] GC(13189) Pause Young (Allocation Failure) 251M->175M(278M) 2.390ms
[967.891s][info][gc] GC(13190) Pause Young (Allocation Failure) 252M->176M(278M) 2.422ms
[967.925s][info][gc] GC(13191) Pause Young (Allocation Failure) 253M->176M(278M) 2.007ms
[967.971s][info][gc] GC(13192) Pause Young (Allocation Failure) 253M->176M(278M) 2.060ms
[968.009s][info][gc] GC(13193) Pause Young (Allocation Failure) 253M->177M(278M) 2.333ms
[968.047s][info][gc] GC(13194) Pause Young (Allocation Failure) 254M->176M(278M) 1.856ms
[968.090s][info][gc] GC(13195) Pause Young (Allocation Failure) 253M->178M(278M) 1.953ms
[968.130s][info][gc] GC(13196) Pause Young (Allocation Failure) 255M->179M(278M) 2.235ms
[968.177s][info][gc] GC(13197) Pause Young (Allocation Failure) 256M->179M(278M) 2.396ms
[968.211s][info][gc] GC(13198) Pause Young (Allocation Failure) 256M->180M(278M) 2.067ms
[968.248s][info][gc] GC(13199) Pause Young (Allocation Failure) 257M->181M(278M) 1.999ms
[968.293s][info][gc] GC(13200) Pause Young (Allocation Failure) 258M->181M(278M) 2.384ms
[968.328s][info][gc] GC(13201) Pause Young (Allocation Failure) 258M->182M(278M) 2.361ms
[968.365s][info][gc] GC(13202) Pause Young (Allocation Failure) 259M->182M(278M) 1.880ms
[968.412s][info][gc] GC(13203) Pause Young (Allocation Failure) 259M->183M(278M) 2.212ms
[968.449s][info][gc] GC(13204) Pause Young (Allocation Failure) 260M->184M(278M) 2.289ms
[968.487s][info][gc] GC(13205) Pause Young (Allocation Failure) 261M->183M(278M) 1.684ms
[968.527s][info][gc] GC(13206) Pause Young (Allocation Failure) 260M->185M(278M) 2.045ms
[968.566s][info][gc] GC(13207) Pause Young (Allocation Failure) 262M->185M(278M) 2.300ms
[968.610s][info][gc] GC(13208) Pause Young (Allocation Failure) 262M->186M(278M) 2.281ms
[968.647s][info][gc] GC(13209) Pause Young (Allocation Failure) 263M->187M(278M) 2.079ms
[968.685s][info][gc] GC(13210) Pause Young (Allocation Failure) 264M->187M(278M) 2.217ms
[968.732s][info][gc] GC(13211) Pause Young (Allocation Failure) 264M->188M(278M) 2.256ms
[968.767s][info][gc] GC(13212) Pause Young (Allocation Failure) 265M->188M(278M) 2.196ms
[968.803s][info][gc] GC(13213) Pause Young (Allocation Failure) 265M->189M(278M) 1.953ms
[968.851s][info][gc] GC(13214) Pause Young (Allocation Failure) 266M->189M(278M) 2.441ms
[968.888s][info][gc] GC(13215) Pause Young (Allocation Failure) 266M->190M(278M) 2.240ms
[968.926s][info][gc] GC(13216) Pause Young (Allocation Failure) 267M->189M(278M) 1.577ms
[968.970s][info][gc] GC(13217) Pause Young (Allocation Failure) 266M->191M(278M) 2.159ms
[969.011s][info][gc] GC(13218) Pause Young (Allocation Failure) 268M->192M(278M) 2.438ms
[969.055s][info][gc] GC(13219) Pause Young (Allocation Failure) 269M->192M(278M) 2.337ms
[969.093s][info][gc] GC(13220) Pause Young (Allocation Failure) 269M->193M(278M) 2.123ms
[969.130s][info][gc] GC(13221) Pause Young (Allocation Failure) 270M->193M(278M) 2.129ms
[969.175s][info][gc] GC(13222) Pause Young (Allocation Failure) 270M->194M(278M) 2.125ms
[969.213s][info][gc] GC(13223) Pause Young (Allocation Failure) 271M->195M(278M) 2.331ms
[969.246s][info][gc] GC(13224) Pause Young (Allocation Failure) 272M->194M(278M) 1.767ms
[969.295s][info][gc] GC(13225) Pause Young (Allocation Failure) 271M->196M(278M) 2.304ms
[969.331s][info][gc] GC(13226) Pause Young (Allocation Failure) 273M->196M(278M) 2.208ms
[969.368s][info][gc] GC(13227) Pause Full (Allocation Failure) 196M->63M(278M) 36.815ms
[969.411s][info][gc] GC(13228) Pause Young (Allocation Failure) 140M->67M(278M) 1.550ms
[969.448s][info][gc] GC(13229) Pause Young (Allocation Failure) 144M->68M(278M) 1.776ms
[969.486s][info][gc] GC(13230) Pause Young (Allocation Failure) 145M->68M(278M) 1.781ms
[969.531s][info][gc] GC(13231) Pause Young (Allocation Failure) 145M->69M(278M) 2.193ms
[969.569s][info][gc] GC(13232) Pause Young (Allocation Failure) 146M->69M(278M) 2.121ms
[969.605s][info][gc] GC(13233) Pause Young (Allocation Failure) 146M->70M(278M) 1.919ms
[969.652s][info][gc] GC(13234) Pause Young (Allocation Failure) 147M->71M(278M) 2.432ms
[969.691s][info][gc] GC(13235) Pause Young (Allocation Failure) 148M->71M(278M) 2.338ms
[969.727s][info][gc] GC(13236) Pause Young (Allocation Failure) 148M->71M(278M) 1.772ms
[969.772s][info][gc] GC(13237) Pause Young (Allocation Failure) 148M->72M(278M) 2.127ms
[969.812s][info][gc] GC(13238) Pause Young (Allocation Failure) 149M->73M(278M) 2.302ms
[969.855s][info][gc] GC(13239) Pause Young (Allocation Failure) 150M->73M(278M) 2.150ms
[969.898s][info][gc] GC(13240) Pause Young (Allocation Failure) 150M->74M(278M) 2.093ms
[969.935s][info][gc] GC(13241) Pause Young (Allocation Failure) 151M->75M(278M) 2.331ms
[969.983s][info][gc] GC(13242) Pause Young (Allocation Failure) 152M->76M(278M) 2.436ms
[970.015s][info][gc] GC(13243) Pause Young (Allocation Failure) 153M->76M(278M) 2.008ms
[970.052s][info][gc] GC(13244) Pause Young (Allocation Failure) 153M->76M(278M) 1.904ms
[970.101s][info][gc] GC(13245) Pause Young (Allocation Failure) 153M->77M(278M) 2.416ms
[970.140s][info][gc] GC(13246) Pause Young (Allocation Failure) 154M->78M(278M) 2.339ms
[970.177s][info][gc] GC(13247) Pause Young (Allocation Failure) 155M->77M(278M) 1.597ms
[970.317s][info][gc] GC(13248) Pause Young (Allocation Failure) 153M->79M(278M) 2.439ms
[970.355s][info][gc] GC(13249) Pause Young (Allocation Failure) 156M->80M(278M) 2.558ms
[970.389s][info][gc] GC(13250) Pause Young (Allocation Failure) 157M->79M(278M) 1.530ms
[970.440s][info][gc] GC(13251) Pause Young (Allocation Failure) 156M->82M(278M) 2.125ms
[970.476s][info][gc] GC(13252) Pause Young (Allocation Failure) 158M->82M(278M) 2.125ms
[970.522s][info][gc] GC(13253) Pause Young (Allocation Failure) 159M->83M(278M) 2.222ms
[970.559s][info][gc] GC(13254) Pause Young (Allocation Failure) 160M->83M(278M) 2.026ms
[970.595s][info][gc] GC(13255) Pause Young (Allocation Failure) 160M->84M(278M) 2.045ms
[970.641s][info][gc] GC(13256) Pause Young (Allocation Failure) 161M->84M(278M) 2.269ms
[970.678s][info][gc] GC(13257) Pause Young (Allocation Failure) 161M->85M(278M) 2.431ms
[970.712s][info][gc] GC(13258) Pause Young (Allocation Failure) 162M->85M(278M) 2.015ms
[970.758s][info][gc] GC(13259) Pause Young (Allocation Failure) 162M->86M(278M) 2.131ms
[970.797s][info][gc] GC(13260) Pause Young (Allocation Failure) 163M->87M(278M) 2.303ms
[970.830s][info][gc] GC(13261) Pause Young (Allocation Failure) 163M->85M(278M) 1.541ms
[970.881s][info][gc] GC(13262) Pause Young (Allocation Failure) 162M->88M(278M) 2.503ms
[970.918s][info][gc] GC(13263) Pause Young (Allocation Failure) 165M->88M(278M) 2.391ms
[970.964s][info][gc] GC(13264) Pause Young (Allocation Failure) 165M->89M(278M) 2.210ms
[971.001s][info][gc] GC(13265) Pause Young (Allocation Failure) 166M->90M(278M) 2.305ms
[971.036s][info][gc] GC(13266) Pause Young (Allocation Failure) 167M->90M(278M) 2.076ms
[971.083s][info][gc] GC(13267) Pause Young (Allocation Failure) 167M->91M(278M) 2.250ms
[971.120s][info][gc] GC(13268) Pause Young (Allocation Failure) 168M->92M(278M) 2.202ms
[971.154s][info][gc] GC(13269) Pause Young (Allocation Failure) 169M->92M(278M) 1.961ms
[971.201s][info][gc] GC(13270) Pause Young (Allocation Failure) 169M->92M(278M) 2.110ms
[971.241s][info][gc] GC(13271) Pause Young (Allocation Failure) 169M->93M(278M) 2.399ms
[971.277s][info][gc] GC(13272) Pause Young (Allocation Failure) 170M->92M(278M) 1.795ms
[971.320s][info][gc] GC(13273) Pause Young (Allocation Failure) 169M->94M(278M) 1.925ms
[971.358s][info][gc] GC(13274) Pause Young (Allocation Failure) 171M->95M(278M) 2.227ms
[971.401s][info][gc] GC(13275) Pause Young (Allocation Failure) 172M->95M(278M) 2.281ms
[971.438s][info][gc] GC(13276) Pause Young (Allocation Failure) 172M->96M(278M) 1.924ms
[971.475s][info][gc] GC(13277) Pause Young (Allocation Failure) 173M->96M(278M) 2.258ms
[971.521s][info][gc] GC(13278) Pause Young (Allocation Failure) 173M->97M(278M) 2.182ms
[971.559s][info][gc] GC(13279) Pause Young (Allocation Failure) 174M->98M(278M) 2.274ms
[971.592s][info][gc] GC(13280) Pause Young (Allocation Failure) 175M->97M(278M) 1.687ms
[971.642s][info][gc] GC(13281) Pause Young (Allocation Failure) 174M->99M(278M) 2.195ms
[971.679s][info][gc] GC(13282) Pause Young (Allocation Failure) 176M->100M(278M) 2.408ms
[971.719s][info][gc] GC(13283) Pause Young (Allocation Failure) 177M->99M(278M) 1.934ms
[971.760s][info][gc] GC(13284) Pause Young (Allocation Failure) 176M->101M(278M) 2.057ms
[971.797s][info][gc] GC(13285) Pause Young (Allocation Failure) 178M->102M(278M) 2.386ms
[971.841s][info][gc] GC(13286) Pause Young (Allocation Failure) 178M->102M(278M) 2.371ms
[971.880s][info][gc] GC(13287) Pause Young (Allocation Failure) 179M->103M(278M) 2.196ms
[971.915s][info][gc] GC(13288) Pause Young (Allocation Failure) 180M->103M(278M) 2.212ms
[971.966s][info][gc] GC(13289) Pause Young (Allocation Failure) 180M->103M(278M) 2.159ms
[972.000s][info][gc] GC(13290) Pause Young (Allocation Failure) 180M->104M(278M) 2.170ms
[972.036s][info][gc] GC(13291) Pause Young (Allocation Failure) 181M->104M(278M) 1.762ms
[972.081s][info][gc] GC(13292) Pause Young (Allocation Failure) 181M->105M(278M) 2.199ms
[972.119s][info][gc] GC(13293) Pause Young (Allocation Failure) 182M->106M(278M) 2.384ms
[972.162s][info][gc] GC(13294) Pause Young (Allocation Failure) 183M->106M(278M) 2.148ms
[972.200s][info][gc] GC(13295) Pause Young (Allocation Failure) 183M->107M(278M) 2.204ms
[972.236s][info][gc] GC(13296) Pause Young (Allocation Failure) 184M->107M(278M) 2.131ms
[972.282s][info][gc] GC(13297) Pause Young (Allocation Failure) 184M->108M(278M) 2.429ms
[972.319s][info][gc] GC(13298) Pause Young (Allocation Failure) 185M->109M(278M) 2.209ms
[972.355s][info][gc] GC(13299) Pause Young (Allocation Failure) 186M->109M(278M) 1.991ms
[972.402s][info][gc] GC(13300) Pause Young (Allocation Failure) 186M->110M(278M) 2.195ms
[972.440s][info][gc] GC(13301) Pause Young (Allocation Failure) 187M->111M(278M) 2.264ms
[972.473s][info][gc] GC(13302) Pause Young (Allocation Failure) 187M->110M(278M) 1.673ms
[972.519s][info][gc] GC(13303) Pause Young (Allocation Failure) 187M->111M(278M) 2.061ms
[972.558s][info][gc] GC(13304) Pause Young (Allocation Failure) 188M->112M(278M) 2.243ms
[972.600s][info][gc] GC(13305) Pause Young (Allocation Failure) 189M->112M(278M) 2.114ms
[972.641s][info][gc] GC(13306) Pause Young (Allocation Failure) 189M->113M(278M) 1.959ms
[972.676s][info][gc] GC(13307) Pause Young (Allocation Failure) 190M->114M(278M) 2.271ms
[972.725s][info][gc] GC(13308) Pause Young (Allocation Failure) 191M->115M(278M) 2.409ms
[972.759s][info][gc] GC(13309) Pause Young (Allocation Failure) 192M->115M(278M) 2.021ms
[972.796s][info][gc] GC(13310) Pause Young (Allocation Failure) 192M->115M(278M) 1.890ms
[972.841s][info][gc] GC(13311) Pause Young (Allocation Failure) 192M->116M(278M) 2.080ms
[972.880s][info][gc] GC(13312) Pause Young (Allocation Failure) 193M->117M(278M) 2.334ms
[972.924s][info][gc] GC(13313) Pause Young (Allocation Failure) 194M->117M(278M) 2.237ms
[972.964s][info][gc] GC(13314) Pause Young (Allocation Failure) 194M->118M(278M) 2.131ms
[973.000s][info][gc] GC(13315) Pause Young (Allocation Failure) 195M->119M(278M) 2.325ms
[973.134s][info][gc] GC(13316) Pause Young (Allocation Failure) 196M->120M(278M) 2.480ms
[973.173s][info][gc] GC(13317) Pause Young (Allocation Failure) 197M->121M(278M) 2.505ms
[973.211s][info][gc] GC(13318) Pause Young (Allocation Failure) 198M->121M(278M) 2.291ms
[973.257s][info][gc] GC(13319) Pause Young (Allocation Failure) 198M->124M(278M) 2.049ms
[973.297s][info][gc] GC(13320) Pause Young (Allocation Failure) 201M->125M(278M) 2.230ms
[973.333s][info][gc] GC(13321) Pause Young (Allocation Failure) 202M->125M(278M) 2.130ms
[973.377s][info][gc] GC(13322) Pause Young (Allocation Failure) 202M->125M(278M) 2.219ms
[973.418s][info][gc] GC(13323) Pause Young (Allocation Failure) 202M->126M(278M) 2.082ms
[973.459s][info][gc] GC(13324) Pause Young (Allocation Failure) 203M->125M(278M) 1.789ms
[973.504s][info][gc] GC(13325) Pause Young (Allocation Failure) 202M->128M(278M) 2.283ms
[973.539s][info][gc] GC(13326) Pause Young (Allocation Failure) 205M->128M(278M) 2.314ms
[973.588s][info][gc] GC(13327) Pause Young (Allocation Failure) 205M->129M(278M) 2.402ms
[973.623s][info][gc] GC(13328) Pause Young (Allocation Failure) 205M->129M(278M) 2.166ms
[973.662s][info][gc] GC(13329) Pause Young (Allocation Failure) 206M->130M(278M) 2.108ms
[973.708s][info][gc] GC(13330) Pause Young (Allocation Failure) 206M->130M(278M) 2.265ms
[973.746s][info][gc] GC(13331) Pause Young (Allocation Failure) 207M->131M(278M) 2.101ms
[973.779s][info][gc] GC(13332) Pause Young (Allocation Failure) 208M->131M(278M) 1.805ms
[973.826s][info][gc] GC(13333) Pause Young (Allocation Failure) 208M->132M(278M) 2.243ms
[973.866s][info][gc] GC(13334) Pause Young (Allocation Failure) 209M->133M(278M) 2.475ms
[973.911s][info][gc] GC(13335) Pause Young (Allocation Failure) 210M->133M(278M) 2.247ms
[973.945s][info][gc] GC(13336) Pause Young (Allocation Failure) 210M->133M(278M) 1.860ms
[973.986s][info][gc] GC(13337) Pause Young (Allocation Failure) 210M->134M(278M) 2.192ms
[974.031s][info][gc] GC(13338) Pause Young (Allocation Failure) 211M->135M(278M) 2.552ms
[974.070s][info][gc] GC(13339) Pause Young (Allocation Failure) 212M->136M(278M) 2.081ms
[974.106s][info][gc] GC(13340) Pause Young (Allocation Failure) 213M->136M(278M) 2.385ms
[974.151s][info][gc] GC(13341) Pause Young (Allocation Failure) 213M->137M(278M) 2.245ms
[974.190s][info][gc] GC(13342) Pause Young (Allocation Failure) 213M->137M(278M) 2.177ms
[974.225s][info][gc] GC(13343) Pause Young (Allocation Failure) 214M->137M(278M) 1.793ms
[974.274s][info][gc] GC(13344) Pause Young (Allocation Failure) 214M->138M(278M) 2.212ms
[974.312s][info][gc] GC(13345) Pause Young (Allocation Failure) 215M->139M(278M) 2.375ms
[974.356s][info][gc] GC(13346) Pause Young (Allocation Failure) 216M->139M(278M) 1.919ms
[974.396s][info][gc] GC(13347) Pause Young (Allocation Failure) 216M->140M(278M) 2.325ms
[974.433s][info][gc] GC(13348) Pause Young (Allocation Failure) 217M->141M(278M) 2.216ms
[974.478s][info][gc] GC(13349) Pause Young (Allocation Failure) 217M->141M(278M) 2.213ms
[974.517s][info][gc] GC(13350) Pause Young (Allocation Failure) 218M->142M(278M) 2.325ms
[974.553s][info][gc] GC(13351) Pause Young (Allocation Failure) 219M->142M(278M) 2.016ms
[974.598s][info][gc] GC(13352) Pause Young (Allocation Failure) 219M->143M(278M) 2.143ms
[974.637s][info][gc] GC(13353) Pause Young (Allocation Failure) 220M->144M(278M) 2.363ms
[974.669s][info][gc] GC(13354) Pause Young (Allocation Failure) 221M->142M(278M) 1.639ms
[974.718s][info][gc] GC(13355) Pause Young (Allocation Failure) 219M->145M(278M) 2.306ms
[974.755s][info][gc] GC(13356) Pause Young (Allocation Failure) 222M->145M(278M) 2.115ms
[974.803s][info][gc] GC(13357) Pause Young (Allocation Failure) 222M->146M(278M) 2.190ms
[974.840s][info][gc] GC(13358) Pause Young (Allocation Failure) 223M->146M(278M) 2.294ms
[974.875s][info][gc] GC(13359) Pause Young (Allocation Failure) 223M->147M(278M) 2.067ms
[974.923s][info][gc] GC(13360) Pause Young (Allocation Failure) 224M->148M(278M) 2.237ms
[974.960s][info][gc] GC(13361) Pause Young (Allocation Failure) 225M->148M(278M) 2.344ms
[974.996s][info][gc] GC(13362) Pause Young (Allocation Failure) 225M->149M(278M) 2.097ms
[975.042s][info][gc] GC(13363) Pause Young (Allocation Failure) 226M->149M(278M) 2.233ms
[975.082s][info][gc] GC(13364) Pause Young (Allocation Failure) 226M->150M(278M) 2.278ms
[975.116s][info][gc] GC(13365) Pause Young (Allocation Failure) 227M->150M(278M) 1.907ms
[975.160s][info][gc] GC(13366) Pause Young (Allocation Failure) 226M->151M(278M) 2.017ms
[975.203s][info][gc] GC(13367) Pause Young (Allocation Failure) 228M->152M(278M) 2.393ms
[975.251s][info][gc] GC(13368) Pause Young (Allocation Failure) 229M->152M(278M) 2.425ms
[975.288s][info][gc] GC(13369) Pause Young (Allocation Failure) 229M->153M(278M) 2.098ms
[975.324s][info][gc] GC(13370) Pause Young (Allocation Failure) 230M->154M(278M) 2.127ms
[975.369s][info][gc] GC(13371) Pause Young (Allocation Failure) 231M->154M(278M) 2.266ms
[975.408s][info][gc] GC(13372) Pause Young (Allocation Failure) 231M->155M(278M) 2.107ms
[975.443s][info][gc] GC(13373) Pause Young (Allocation Failure) 232M->155M(278M) 2.240ms
[975.491s][info][gc] GC(13374) Pause Young (Allocation Failure) 232M->156M(278M) 2.283ms
[975.527s][info][gc] GC(13375) Pause Young (Allocation Failure) 233M->156M(278M) 2.100ms
[975.561s][info][gc] GC(13376) Pause Young (Allocation Failure) 233M->157M(278M) 2.011ms
[975.607s][info][gc] GC(13377) Pause Young (Allocation Failure) 234M->157M(278M) 2.069ms
[975.646s][info][gc] GC(13378) Pause Young (Allocation Failure) 234M->158M(278M) 2.190ms
[975.693s][info][gc] GC(13379) Pause Young (Allocation Failure) 235M->158M(278M) 2.237ms
[975.729s][info][gc] GC(13380) Pause Young (Allocation Failure) 235M->159M(278M) 2.098ms
[975.766s][info][gc] GC(13381) Pause Young (Allocation Failure) 236M->160M(278M) 2.261ms
[975.814s][info][gc] GC(13382) Pause Young (Allocation Failure) 237M->161M(278M) 2.525ms
[975.849s][info][gc] GC(13383) Pause Young (Allocation Failure) 238M->161M(278M) 2.044ms
[975.885s][info][gc] GC(13384) Pause Young (Allocation Failure) 238M->161M(278M) 1.999ms
[976.019s][info][gc] GC(13385) Pause Young (Allocation Failure) 238M->163M(278M) 2.658ms
[976.054s][info][gc] GC(13386) Pause Young (Allocation Failure) 240M->164M(278M) 2.705ms
[976.088s][info][gc] GC(13387) Pause Young (Allocation Failure) 241M->165M(278M) 1.081ms
[976.134s][info][gc] GC(13388) Pause Young (Allocation Failure) 242M->167M(278M) 1.966ms
[976.171s][info][gc] GC(13389) Pause Young (Allocation Failure) 244M->168M(278M) 2.036ms
[976.204s][info][gc] GC(13390) Pause Young (Allocation Failure) 245M->168M(278M) 2.019ms
[976.248s][info][gc] GC(13391) Pause Young (Allocation Failure) 245M->169M(278M) 2.067ms
[976.290s][info][gc] GC(13392) Pause Young (Allocation Failure) 246M->170M(278M) 2.361ms
[976.333s][info][gc] GC(13393) Pause Young (Allocation Failure) 247M->170M(278M) 2.148ms
[976.374s][info][gc] GC(13394) Pause Young (Allocation Failure) 247M->171M(278M) 2.080ms
[976.409s][info][gc] GC(13395) Pause Young (Allocation Failure) 248M->171M(278M) 2.200ms
[976.457s][info][gc] GC(13396) Pause Young (Allocation Failure) 248M->172M(278M) 2.287ms
[976.494s][info][gc] GC(13397) Pause Young (Allocation Failure) 249M->173M(278M) 2.199ms
[976.528s][info][gc] GC(13398) Pause Young (Allocation Failure) 250M->173M(278M) 1.890ms
[976.573s][info][gc] GC(13399) Pause Young (Allocation Failure) 250M->174M(278M) 2.223ms
[976.614s][info][gc] GC(13400) Pause Young (Allocation Failure) 251M->174M(278M) 2.230ms
[976.651s][info][gc] GC(13401) Pause Young (Allocation Failure) 251M->175M(278M) 2.142ms
[976.695s][info][gc] GC(13402) Pause Young (Allocation Failure) 252M->176M(278M) 2.441ms
[976.734s][info][gc] GC(13403) Pause Young (Allocation Failure) 253M->176M(278M) 2.304ms
[976.778s][info][gc] GC(13404) Pause Young (Allocation Failure) 253M->176M(278M) 1.950ms
[976.815s][info][gc] GC(13405) Pause Young (Allocation Failure) 253M->177M(278M) 1.884ms
[976.852s][info][gc] GC(13406) Pause Young (Allocation Failure) 254M->178M(278M) 2.270ms
[976.898s][info][gc] GC(13407) Pause Young (Allocation Failure) 255M->179M(278M) 2.396ms
[976.936s][info][gc] GC(13408) Pause Young (Allocation Failure) 255M->180M(278M) 2.229ms
[976.970s][info][gc] GC(13409) Pause Young (Allocation Failure) 257M->180M(278M) 2.019ms
[977.015s][info][gc] GC(13410) Pause Young (Allocation Failure) 257M->180M(278M) 2.169ms
[977.054s][info][gc] GC(13411) Pause Young (Allocation Failure) 257M->180M(278M) 2.100ms
[977.092s][info][gc] GC(13412) Pause Young (Allocation Failure) 257M->180M(278M) 1.510ms
[977.137s][info][gc] GC(13413) Pause Young (Allocation Failure) 257M->182M(278M) 2.251ms
[977.174s][info][gc] GC(13414) Pause Young (Allocation Failure) 259M->182M(278M) 2.344ms
[977.223s][info][gc] GC(13415) Pause Young (Allocation Failure) 259M->183M(278M) 2.204ms
[977.259s][info][gc] GC(13416) Pause Young (Allocation Failure) 260M->184M(278M) 2.293ms
[977.296s][info][gc] GC(13417) Pause Young (Allocation Failure) 261M->184M(278M) 2.155ms
[977.341s][info][gc] GC(13418) Pause Young (Allocation Failure) 261M->185M(278M) 2.216ms
[977.379s][info][gc] GC(13419) Pause Young (Allocation Failure) 262M->186M(278M) 2.339ms
[977.418s][info][gc] GC(13420) Pause Young (Allocation Failure) 263M->185M(278M) 1.775ms
[977.465s][info][gc] GC(13421) Pause Young (Allocation Failure) 262M->187M(278M) 2.282ms
[977.501s][info][gc] GC(13422) Pause Young (Allocation Failure) 264M->188M(278M) 2.347ms
[977.544s][info][gc] GC(13423) Pause Young (Allocation Failure) 264M->187M(278M) 2.007ms
[977.583s][info][gc] GC(13424) Pause Young (Allocation Failure) 264M->188M(278M) 1.945ms
[977.621s][info][gc] GC(13425) Pause Young (Allocation Failure) 265M->189M(278M) 2.260ms
[977.667s][info][gc] GC(13426) Pause Young (Allocation Failure) 266M->190M(278M) 2.447ms
[977.703s][info][gc] GC(13427) Pause Young (Allocation Failure) 267M->190M(278M) 1.992ms
[977.739s][info][gc] GC(13428) Pause Young (Allocation Failure) 267M->191M(278M) 2.055ms
[977.786s][info][gc] GC(13429) Pause Young (Allocation Failure) 268M->191M(278M) 2.447ms
[977.824s][info][gc] GC(13430) Pause Young (Allocation Failure) 268M->192M(278M) 2.127ms
[977.861s][info][gc] GC(13431) Pause Young (Allocation Failure) 269M->192M(278M) 1.817ms
[977.909s][info][gc] GC(13432) Pause Young (Allocation Failure) 269M->193M(278M) 2.284ms
[977.945s][info][gc] GC(13433) Pause Young (Allocation Failure) 270M->193M(278M) 2.171ms
[977.990s][info][gc] GC(13434) Pause Young (Allocation Failure) 270M->194M(278M) 2.123ms
[978.025s][info][gc] GC(13435) Pause Young (Allocation Failure) 271M->195M(278M) 2.192ms
[978.066s][info][gc] GC(13436) Pause Young (Allocation Failure) 272M->196M(278M) 2.376ms
[978.113s][info][gc] GC(13437) Pause Young (Allocation Failure) 273M->196M(278M) 2.353ms
[978.149s][info][gc] GC(13438) Pause Young (Allocation Failure) 273M->197M(278M) 2.236ms
[978.188s][info][gc] GC(13439) Pause Full (Allocation Failure) 197M->67M(278M) 38.407ms
[978.222s][info][gc] GC(13440) Pause Young (Allocation Failure) 144M->69M(278M) 0.923ms
[978.264s][info][gc] GC(13441) Pause Young (Allocation Failure) 146M->71M(278M) 1.706ms
[978.305s][info][gc] GC(13442) Pause Young (Allocation Failure) 148M->72M(278M) 1.990ms
[978.340s][info][gc] GC(13443) Pause Young (Allocation Failure) 149M->72M(278M) 1.843ms
[978.384s][info][gc] GC(13444) Pause Young (Allocation Failure) 149M->73M(278M) 2.249ms
[978.423s][info][gc] GC(13445) Pause Young (Allocation Failure) 150M->74M(278M) 2.331ms
[978.465s][info][gc] GC(13446) Pause Young (Allocation Failure) 151M->74M(278M) 1.938ms
[978.505s][info][gc] GC(13447) Pause Young (Allocation Failure) 151M->75M(278M) 2.025ms
[978.541s][info][gc] GC(13448) Pause Young (Allocation Failure) 152M->75M(278M) 2.162ms
[978.588s][info][gc] GC(13449) Pause Young (Allocation Failure) 152M->76M(278M) 2.202ms
[978.621s][info][gc] GC(13450) Pause Young (Allocation Failure) 153M->76M(278M) 1.888ms
[978.659s][info][gc] GC(13451) Pause Young (Allocation Failure) 153M->77M(278M) 1.988ms
[978.707s][info][gc] GC(13452) Pause Young (Allocation Failure) 154M->78M(278M) 2.456ms
[978.742s][info][gc] GC(13453) Pause Young (Allocation Failure) 155M->78M(278M) 2.260ms
[978.777s][info][gc] GC(13454) Pause Young (Allocation Failure) 155M->77M(278M) 1.470ms
[978.913s][info][gc] GC(13455) Pause Young (Allocation Failure) 154M->81M(278M) 2.477ms
[978.952s][info][gc] GC(13456) Pause Young (Allocation Failure) 157M->81M(278M) 2.507ms
[978.985s][info][gc] GC(13457) Pause Young (Allocation Failure) 158M->81M(278M) 1.904ms
[979.030s][info][gc] GC(13458) Pause Young (Allocation Failure) 158M->83M(278M) 1.978ms
[979.070s][info][gc] GC(13459) Pause Young (Allocation Failure) 160M->84M(278M) 2.161ms
[979.118s][info][gc] GC(13460) Pause Young (Allocation Failure) 161M->85M(278M) 2.282ms
[979.154s][info][gc] GC(13461) Pause Young (Allocation Failure) 161M->85M(278M) 2.051ms
[979.188s][info][gc] GC(13462) Pause Young (Allocation Failure) 162M->85M(278M) 1.904ms
[979.233s][info][gc] GC(13463) Pause Young (Allocation Failure) 162M->86M(278M) 2.146ms
[979.271s][info][gc] GC(13464) Pause Young (Allocation Failure) 163M->87M(278M) 2.326ms
[979.306s][info][gc] GC(13465) Pause Young (Allocation Failure) 164M->87M(278M) 2.260ms
[979.353s][info][gc] GC(13466) Pause Young (Allocation Failure) 164M->88M(278M) 2.092ms
[979.393s][info][gc] GC(13467) Pause Young (Allocation Failure) 165M->88M(278M) 2.240ms
[979.429s][info][gc] GC(13468) Pause Young (Allocation Failure) 165M->88M(278M) 1.899ms
[979.478s][info][gc] GC(13469) Pause Young (Allocation Failure) 165M->90M(278M) 2.346ms
[979.514s][info][gc] GC(13470) Pause Young (Allocation Failure) 167M->90M(278M) 2.378ms
[979.556s][info][gc] GC(13471) Pause Young (Allocation Failure) 167M->90M(278M) 2.007ms
[979.597s][info][gc] GC(13472) Pause Young (Allocation Failure) 167M->91M(278M) 2.192ms
[979.632s][info][gc] GC(13473) Pause Young (Allocation Failure) 168M->92M(278M) 2.236ms
[979.681s][info][gc] GC(13474) Pause Young (Allocation Failure) 169M->93M(278M) 2.546ms
[979.716s][info][gc] GC(13475) Pause Young (Allocation Failure) 170M->93M(278M) 2.053ms
[979.750s][info][gc] GC(13476) Pause Young (Allocation Failure) 170M->93M(278M) 1.963ms
[979.798s][info][gc] GC(13477) Pause Young (Allocation Failure) 170M->94M(278M) 2.468ms
[979.835s][info][gc] GC(13478) Pause Young (Allocation Failure) 171M->95M(278M) 2.371ms
[979.872s][info][gc] GC(13479) Pause Young (Allocation Failure) 172M->94M(278M) 1.689ms
[979.920s][info][gc] GC(13480) Pause Young (Allocation Failure) 171M->96M(278M) 2.159ms
[979.958s][info][gc] GC(13481) Pause Young (Allocation Failure) 173M->97M(278M) 2.293ms
[980.002s][info][gc] GC(13482) Pause Young (Allocation Failure) 174M->97M(278M) 2.075ms
[980.041s][info][gc] GC(13483) Pause Young (Allocation Failure) 174M->98M(278M) 2.049ms
[980.080s][info][gc] GC(13484) Pause Young (Allocation Failure) 175M->98M(278M) 2.495ms
[980.126s][info][gc] GC(13485) Pause Young (Allocation Failure) 175M->99M(278M) 2.315ms
[980.162s][info][gc] GC(13486) Pause Young (Allocation Failure) 176M->99M(278M) 1.965ms
[980.199s][info][gc] GC(13487) Pause Young (Allocation Failure) 176M->100M(278M) 2.038ms
[980.247s][info][gc] GC(13488) Pause Young (Allocation Failure) 177M->101M(278M) 2.481ms
[980.286s][info][gc] GC(13489) Pause Young (Allocation Failure) 178M->101M(278M) 2.175ms
[980.326s][info][gc] GC(13490) Pause Young (Allocation Failure) 178M->100M(278M) 1.575ms
[980.370s][info][gc] GC(13491) Pause Young (Allocation Failure) 177M->102M(278M) 2.140ms
[980.409s][info][gc] GC(13492) Pause Young (Allocation Failure) 179M->103M(278M) 2.455ms
[980.456s][info][gc] GC(13493) Pause Young (Allocation Failure) 180M->104M(278M) 2.375ms
[980.493s][info][gc] GC(13494) Pause Young (Allocation Failure) 180M->104M(278M) 1.977ms
[980.530s][info][gc] GC(13495) Pause Young (Allocation Failure) 181M->105M(278M) 2.027ms
[980.577s][info][gc] GC(13496) Pause Young (Allocation Failure) 182M->105M(278M) 2.338ms
[980.615s][info][gc] GC(13497) Pause Young (Allocation Failure) 182M->106M(278M) 2.162ms
[980.648s][info][gc] GC(13498) Pause Young (Allocation Failure) 183M->106M(278M) 2.126ms
[980.694s][info][gc] GC(13499) Pause Young (Allocation Failure) 183M->107M(278M) 2.161ms
[980.733s][info][gc] GC(13500) Pause Young (Allocation Failure) 184M->108M(278M) 2.326ms
[980.776s][info][gc] GC(13501) Pause Young (Allocation Failure) 185M->108M(278M) 1.925ms
[980.814s][info][gc] GC(13502) Pause Young (Allocation Failure) 185M->109M(278M) 2.011ms
[980.854s][info][gc] GC(13503) Pause Young (Allocation Failure) 186M->109M(278M) 2.277ms
[980.899s][info][gc] GC(13504) Pause Young (Allocation Failure) 186M->110M(278M) 2.199ms
[980.938s][info][gc] GC(13505) Pause Young (Allocation Failure) 187M->111M(278M) 2.254ms
[980.972s][info][gc] GC(13506) Pause Young (Allocation Failure) 188M->112M(278M) 2.207ms
[981.015s][info][gc] GC(13507) Pause Young (Allocation Failure) 189M->111M(278M) 2.102ms
[981.056s][info][gc] GC(13508) Pause Young (Allocation Failure) 188M->112M(278M) 2.056ms
[981.089s][info][gc] GC(13509) Pause Young (Allocation Failure) 189M->113M(278M) 2.176ms
[981.136s][info][gc] GC(13510) Pause Young (Allocation Failure) 190M->113M(278M) 2.164ms
[981.174s][info][gc] GC(13511) Pause Young (Allocation Failure) 190M->114M(278M) 2.202ms
[981.213s][info][gc] GC(13512) Pause Young (Allocation Failure) 191M->113M(278M) 1.775ms
[981.256s][info][gc] GC(13513) Pause Young (Allocation Failure) 190M->115M(278M) 2.186ms
[981.294s][info][gc] GC(13514) Pause Young (Allocation Failure) 192M->116M(278M) 2.516ms
[981.343s][info][gc] GC(13515) Pause Young (Allocation Failure) 193M->117M(278M) 2.428ms
[981.378s][info][gc] GC(13516) Pause Young (Allocation Failure) 194M->117M(278M) 1.989ms
[981.415s][info][gc] GC(13517) Pause Young (Allocation Failure) 193M->117M(278M) 1.998ms
[981.463s][info][gc] GC(13518) Pause Young (Allocation Failure) 194M->118M(278M) 2.470ms
[981.497s][info][gc] GC(13519) Pause Young (Allocation Failure) 195M->119M(278M) 2.358ms
[981.532s][info][gc] GC(13520) Pause Young (Allocation Failure) 196M->119M(278M) 1.984ms
[981.579s][info][gc] GC(13521) Pause Young (Allocation Failure) 196M->120M(278M) 2.095ms
[981.617s][info][gc] GC(13522) Pause Young (Allocation Failure) 196M->121M(278M) 2.358ms
[981.701s][info][gc] GC(13523) Pause Young (Allocation Failure) 198M->118M(278M) 1.262ms
[981.781s][info][gc] GC(13524) Pause Young (Allocation Failure) 195M->122M(278M) 2.520ms
[981.820s][info][gc] GC(13525) Pause Young (Allocation Failure) 199M->123M(278M) 2.607ms
[981.865s][info][gc] GC(13526) Pause Young (Allocation Failure) 200M->123M(278M) 1.932ms
[981.902s][info][gc] GC(13527) Pause Young (Allocation Failure) 200M->124M(278M) 1.849ms
[981.941s][info][gc] GC(13528) Pause Young (Allocation Failure) 201M->125M(278M) 2.181ms
[981.985s][info][gc] GC(13529) Pause Young (Allocation Failure) 202M->125M(278M) 2.403ms
[982.022s][info][gc] GC(13530) Pause Young (Allocation Failure) 202M->125M(278M) 1.890ms
[982.058s][info][gc] GC(13531) Pause Young (Allocation Failure) 202M->127M(278M) 2.153ms
[982.104s][info][gc] GC(13532) Pause Young (Allocation Failure) 204M->127M(278M) 2.347ms
[982.144s][info][gc] GC(13533) Pause Young (Allocation Failure) 204M->128M(278M) 2.100ms
[982.179s][info][gc] GC(13534) Pause Young (Allocation Failure) 205M->127M(278M) 1.967ms
[982.227s][info][gc] GC(13535) Pause Young (Allocation Failure) 204M->129M(278M) 2.094ms
[982.264s][info][gc] GC(13536) Pause Young (Allocation Failure) 206M->130M(278M) 2.353ms
[982.310s][info][gc] GC(13537) Pause Young (Allocation Failure) 207M->130M(278M) 2.461ms
[982.347s][info][gc] GC(13538) Pause Young (Allocation Failure) 207M->131M(278M) 2.284ms
[982.382s][info][gc] GC(13539) Pause Young (Allocation Failure) 208M->131M(278M) 2.040ms
[982.430s][info][gc] GC(13540) Pause Young (Allocation Failure) 208M->132M(278M) 2.342ms
[982.465s][info][gc] GC(13541) Pause Young (Allocation Failure) 209M->132M(278M) 2.262ms
[982.502s][info][gc] GC(13542) Pause Young (Allocation Failure) 209M->132M(278M) 1.805ms
[982.549s][info][gc] GC(13543) Pause Young (Allocation Failure) 209M->134M(278M) 2.299ms
[982.588s][info][gc] GC(13544) Pause Young (Allocation Failure) 211M->134M(278M) 2.329ms
[982.624s][info][gc] GC(13545) Pause Young (Allocation Failure) 211M->133M(278M) 1.651ms
[982.673s][info][gc] GC(13546) Pause Young (Allocation Failure) 210M->135M(278M) 2.120ms
[982.709s][info][gc] GC(13547) Pause Young (Allocation Failure) 212M->136M(278M) 2.371ms
[982.753s][info][gc] GC(13548) Pause Young (Allocation Failure) 213M->136M(278M) 2.139ms
[982.795s][info][gc] GC(13549) Pause Young (Allocation Failure) 213M->137M(278M) 2.269ms
[982.831s][info][gc] GC(13550) Pause Young (Allocation Failure) 214M->138M(278M) 2.283ms
[982.878s][info][gc] GC(13551) Pause Young (Allocation Failure) 214M->138M(278M) 2.234ms
[982.915s][info][gc] GC(13552) Pause Young (Allocation Failure) 215M->138M(278M) 2.250ms
[982.952s][info][gc] GC(13553) Pause Young (Allocation Failure) 215M->138M(278M) 1.740ms
[982.995s][info][gc] GC(13554) Pause Young (Allocation Failure) 215M->140M(278M) 2.258ms
[983.033s][info][gc] GC(13555) Pause Young (Allocation Failure) 217M->141M(278M) 2.515ms
[983.072s][info][gc] GC(13556) Pause Young (Allocation Failure) 218M->140M(278M) 2.199ms
[983.112s][info][gc] GC(13557) Pause Young (Allocation Failure) 217M->142M(278M) 2.172ms
[983.152s][info][gc] GC(13558) Pause Young (Allocation Failure) 219M->142M(278M) 2.466ms
[983.195s][info][gc] GC(13559) Pause Young (Allocation Failure) 219M->142M(278M) 1.972ms
[983.237s][info][gc] GC(13560) Pause Young (Allocation Failure) 219M->143M(278M) 2.247ms
[983.271s][info][gc] GC(13561) Pause Young (Allocation Failure) 220M->144M(278M) 2.151ms
[983.318s][info][gc] GC(13562) Pause Young (Allocation Failure) 221M->145M(278M) 2.190ms
[983.355s][info][gc] GC(13563) Pause Young (Allocation Failure) 222M->145M(278M) 2.036ms
[983.391s][info][gc] GC(13564) Pause Young (Allocation Failure) 222M->145M(278M) 1.804ms
[983.440s][info][gc] GC(13565) Pause Young (Allocation Failure) 222M->147M(278M) 2.480ms
[983.475s][info][gc] GC(13566) Pause Young (Allocation Failure) 224M->147M(278M) 2.476ms
[983.515s][info][gc] GC(13567) Pause Young (Allocation Failure) 224M->147M(278M) 1.752ms
[983.555s][info][gc] GC(13568) Pause Young (Allocation Failure) 224M->148M(278M) 2.047ms
[983.594s][info][gc] GC(13569) Pause Young (Allocation Failure) 225M->148M(278M) 2.141ms
[983.639s][info][gc] GC(13570) Pause Young (Allocation Failure) 225M->149M(278M) 2.331ms
[983.676s][info][gc] GC(13571) Pause Young (Allocation Failure) 226M->150M(278M) 2.249ms
[983.714s][info][gc] GC(13572) Pause Young (Allocation Failure) 227M->150M(278M) 2.438ms
[983.760s][info][gc] GC(13573) Pause Young (Allocation Failure) 227M->151M(278M) 2.448ms
[983.799s][info][gc] GC(13574) Pause Young (Allocation Failure) 228M->151M(278M) 2.025ms
[983.834s][info][gc] GC(13575) Pause Young (Allocation Failure) 228M->152M(278M) 2.265ms
[983.879s][info][gc] GC(13576) Pause Young (Allocation Failure) 229M->152M(278M) 2.258ms
[983.922s][info][gc] GC(13577) Pause Young (Allocation Failure) 229M->154M(278M) 2.389ms
[983.955s][info][gc] GC(13578) Pause Young (Allocation Failure) 231M->153M(278M) 1.813ms
[984.000s][info][gc] GC(13579) Pause Young (Allocation Failure) 229M->154M(278M) 1.985ms
[984.041s][info][gc] GC(13580) Pause Young (Allocation Failure) 231M->155M(278M) 2.219ms
[984.089s][info][gc] GC(13581) Pause Young (Allocation Failure) 232M->155M(278M) 2.426ms
[984.127s][info][gc] GC(13582) Pause Young (Allocation Failure) 232M->156M(278M) 2.259ms
[984.165s][info][gc] GC(13583) Pause Young (Allocation Failure) 233M->157M(278M) 2.257ms
[984.215s][info][gc] GC(13584) Pause Young (Allocation Failure) 234M->158M(278M) 2.580ms
[984.253s][info][gc] GC(13585) Pause Young (Allocation Failure) 235M->158M(278M) 2.404ms
[984.288s][info][gc] GC(13586) Pause Young (Allocation Failure) 235M->158M(278M) 1.887ms
[984.337s][info][gc] GC(13587) Pause Young (Allocation Failure) 235M->159M(278M) 2.240ms
[984.375s][info][gc] GC(13588) Pause Young (Allocation Failure) 236M->160M(278M) 2.212ms
[984.416s][info][gc] GC(13589) Pause Young (Allocation Failure) 236M->159M(278M) 1.763ms
[984.458s][info][gc] GC(13590) Pause Young (Allocation Failure) 236M->161M(278M) 2.394ms
[984.494s][info][gc] GC(13591) Pause Young (Allocation Failure) 238M->161M(278M) 2.428ms
[984.630s][info][gc] GC(13592) Pause Young (Allocation Failure) 238M->162M(278M) 2.292ms
[984.665s][info][gc] GC(13593) Pause Young (Allocation Failure) 239M->163M(278M) 2.387ms
[984.706s][info][gc] GC(13594) Pause Young (Allocation Failure) 240M->164M(278M) 2.506ms
[984.757s][info][gc] GC(13595) Pause Young (Allocation Failure) 241M->167M(278M) 2.293ms
[984.792s][info][gc] GC(13596) Pause Young (Allocation Failure) 244M->167M(278M) 2.114ms
[984.828s][info][gc] GC(13597) Pause Young (Allocation Failure) 244M->167M(278M) 1.851ms
[984.873s][info][gc] GC(13598) Pause Young (Allocation Failure) 244M->168M(278M) 2.099ms
[984.915s][info][gc] GC(13599) Pause Young (Allocation Failure) 245M->169M(278M) 2.398ms
[984.949s][info][gc] GC(13600) Pause Young (Allocation Failure) 246M->169M(278M) 2.270ms
[984.997s][info][gc] GC(13601) Pause Young (Allocation Failure) 246M->170M(278M) 2.124ms
[985.036s][info][gc] GC(13602) Pause Young (Allocation Failure) 247M->171M(278M) 2.311ms
[985.081s][info][gc] GC(13603) Pause Young (Allocation Failure) 248M->171M(278M) 2.251ms
[985.118s][info][gc] GC(13604) Pause Young (Allocation Failure) 248M->172M(278M) 2.054ms
[985.157s][info][gc] GC(13605) Pause Young (Allocation Failure) 249M->172M(278M) 2.204ms
[985.209s][info][gc] GC(13606) Pause Young (Allocation Failure) 249M->173M(278M) 2.638ms
[985.248s][info][gc] GC(13607) Pause Young (Allocation Failure) 250M->174M(278M) 2.458ms
[985.286s][info][gc] GC(13608) Pause Young (Allocation Failure) 251M->174M(278M) 2.047ms
[985.336s][info][gc] GC(13609) Pause Young (Allocation Failure) 251M->174M(278M) 2.247ms
[985.377s][info][gc] GC(13610) Pause Young (Allocation Failure) 251M->175M(278M) 2.392ms
[985.410s][info][gc] GC(13611) Pause Young (Allocation Failure) 252M->174M(278M) 1.761ms
[985.459s][info][gc] GC(13612) Pause Young (Allocation Failure) 251M->176M(278M) 2.386ms
[985.501s][info][gc] GC(13613) Pause Young (Allocation Failure) 253M->177M(278M) 2.372ms
[985.546s][info][gc] GC(13614) Pause Young (Allocation Failure) 254M->178M(278M) 2.266ms
[985.585s][info][gc] GC(13615) Pause Young (Allocation Failure) 255M->178M(278M) 2.114ms
[985.621s][info][gc] GC(13616) Pause Young (Allocation Failure) 255M->179M(278M) 1.985ms
[985.666s][info][gc] GC(13617) Pause Young (Allocation Failure) 256M->179M(278M) 2.111ms
[985.701s][info][gc] GC(13618) Pause Young (Allocation Failure) 256M->179M(278M) 2.044ms
[985.740s][info][gc] GC(13619) Pause Young (Allocation Failure) 256M->180M(278M) 2.368ms
[985.785s][info][gc] GC(13620) Pause Young (Allocation Failure) 257M->181M(278M) 2.375ms
[985.827s][info][gc] GC(13621) Pause Young (Allocation Failure) 258M->182M(278M) 2.322ms
[985.856s][info][gc] GC(13622) Pause Young (Allocation Failure) 259M->180M(278M) 1.562ms
[985.908s][info][gc] GC(13623) Pause Young (Allocation Failure) 257M->183M(278M) 2.284ms
[985.945s][info][gc] GC(13624) Pause Young (Allocation Failure) 260M->183M(278M) 2.155ms
[985.990s][info][gc] GC(13625) Pause Young (Allocation Failure) 260M->184M(278M) 2.099ms
[986.023s][info][gc] GC(13626) Pause Young (Allocation Failure) 261M->185M(278M) 2.211ms
[986.061s][info][gc] GC(13627) Pause Young (Allocation Failure) 262M->185M(278M) 2.201ms
[986.108s][info][gc] GC(13628) Pause Young (Allocation Failure) 262M->186M(278M) 2.513ms
[986.145s][info][gc] GC(13629) Pause Young (Allocation Failure) 263M->186M(278M) 2.215ms
[986.180s][info][gc] GC(13630) Pause Young (Allocation Failure) 263M->187M(278M) 2.025ms
[986.225s][info][gc] GC(13631) Pause Young (Allocation Failure) 264M->187M(278M) 2.263ms
[986.263s][info][gc] GC(13632) Pause Young (Allocation Failure) 264M->188M(278M) 2.068ms
[986.299s][info][gc] GC(13633) Pause Young (Allocation Failure) 265M->187M(278M) 1.719ms
[986.343s][info][gc] GC(13634) Pause Young (Allocation Failure) 264M->189M(278M) 2.229ms
[986.383s][info][gc] GC(13635) Pause Young (Allocation Failure) 266M->190M(278M) 2.520ms
[986.427s][info][gc] GC(13636) Pause Young (Allocation Failure) 267M->190M(278M) 2.292ms
[986.463s][info][gc] GC(13637) Pause Young (Allocation Failure) 267M->191M(278M) 1.935ms
[986.501s][info][gc] GC(13638) Pause Young (Allocation Failure) 268M->191M(278M) 2.067ms
[986.548s][info][gc] GC(13639) Pause Young (Allocation Failure) 268M->193M(278M) 2.497ms
[986.582s][info][gc] GC(13640) Pause Young (Allocation Failure) 269M->193M(278M) 2.350ms
[986.618s][info][gc] GC(13641) Pause Young (Allocation Failure) 270M->193M(278M) 1.956ms
[986.667s][info][gc] GC(13642) Pause Young (Allocation Failure) 270M->195M(278M) 2.342ms
[986.702s][info][gc] GC(13643) Pause Young (Allocation Failure) 271M->194M(278M) 2.201ms
[986.736s][info][gc] GC(13644) Pause Young (Allocation Failure) 271M->194M(278M) 1.564ms
[986.784s][info][gc] GC(13645) Pause Young (Allocation Failure) 271M->196M(278M) 2.344ms
[986.822s][info][gc] GC(13646) Pause Young (Allocation Failure) 273M->196M(278M) 2.252ms
[986.866s][info][gc] GC(13647) Pause Young (Allocation Failure) 273M->197M(278M) 2.118ms
[986.905s][info][gc] GC(13648) Pause Young (Allocation Failure) 274M->197M(279M) 2.338ms
[986.946s][info][gc] GC(13649) Pause Full (Allocation Failure) 197M->66M(278M) 41.496ms
[986.982s][info][gc] GC(13650) Pause Young (Allocation Failure) 143M->68M(278M) 0.936ms
[987.027s][info][gc] GC(13651) Pause Young (Allocation Failure) 144M->70M(278M) 1.806ms
[987.066s][info][gc] GC(13652) Pause Young (Allocation Failure) 147M->71M(278M) 1.905ms
[987.100s][info][gc] GC(13653) Pause Young (Allocation Failure) 148M->71M(278M) 2.011ms
[987.146s][info][gc] GC(13654) Pause Young (Allocation Failure) 148M->72M(278M) 2.150ms
[987.183s][info][gc] GC(13655) Pause Young (Allocation Failure) 149M->73M(278M) 2.415ms
[987.218s][info][gc] GC(13656) Pause Young (Allocation Failure) 149M->72M(278M) 1.914ms
[987.269s][info][gc] GC(13657) Pause Young (Allocation Failure) 149M->74M(278M) 2.194ms
[987.303s][info][gc] GC(13658) Pause Young (Allocation Failure) 151M->74M(278M) 2.189ms
[987.348s][info][gc] GC(13659) Pause Young (Allocation Failure) 151M->74M(278M) 2.012ms
[987.387s][info][gc] GC(13660) Pause Young (Allocation Failure) 151M->75M(278M) 2.042ms
[987.425s][info][gc] GC(13661) Pause Young (Allocation Failure) 152M->76M(278M) 2.549ms
[987.552s][info][gc] GC(13662) Pause Young (Allocation Failure) 153M->81M(278M) 3.653ms
[987.591s][info][gc] GC(13663) Pause Young (Allocation Failure) 158M->86M(278M) 5.550ms
[987.615s][info][gc] GC(13664) Pause Young (Allocation Failure) 163M->87M(278M) 2.633ms
[987.636s][info][gc] GC(13665) Pause Young (Allocation Failure) 164M->87M(278M) 1.382ms
[987.661s][info][gc] GC(13666) Pause Young (Allocation Failure) 164M->89M(278M) 1.899ms
[987.685s][info][gc] GC(13667) Pause Young (Allocation Failure) 166M->90M(278M) 2.133ms
[987.707s][info][gc] GC(13668) Pause Young (Allocation Failure) 167M->90M(278M) 2.354ms
[987.745s][info][gc] GC(13669) Pause Young (Allocation Failure) 167M->94M(278M) 3.394ms
[987.774s][info][gc] GC(13670) Pause Young (Allocation Failure) 171M->96M(278M) 3.680ms
[987.798s][info][gc] GC(13671) Pause Young (Allocation Failure) 173M->97M(278M) 3.277ms
[987.822s][info][gc] GC(13672) Pause Young (Allocation Failure) 174M->98M(278M) 2.409ms
[987.841s][info][gc] GC(13673) Pause Young (Allocation Failure) 175M->98M(278M) 1.723ms
[987.863s][info][gc] GC(13674) Pause Young (Allocation Failure) 175M->100M(278M) 2.286ms
[987.886s][info][gc] GC(13675) Pause Young (Allocation Failure) 177M->100M(278M) 2.423ms
[987.921s][info][gc] GC(13676) Pause Young (Allocation Failure) 177M->103M(278M) 3.480ms
[987.951s][info][gc] GC(13677) Pause Young (Allocation Failure) 180M->106M(278M) 3.869ms
[987.976s][info][gc] GC(13678) Pause Young (Allocation Failure) 182M->107M(278M) 3.264ms
[988.000s][info][gc] GC(13679) Pause Young (Allocation Failure) 184M->108M(278M) 2.621ms
[988.021s][info][gc] GC(13680) Pause Young (Allocation Failure) 185M->109M(278M) 1.988ms
[988.042s][info][gc] GC(13681) Pause Young (Allocation Failure) 186M->110M(278M) 2.333ms
[988.065s][info][gc] GC(13682) Pause Young (Allocation Failure) 187M->111M(278M) 2.605ms
[988.090s][info][gc] GC(13683) Pause Young (Allocation Failure) 188M->113M(278M) 3.179ms
[988.119s][info][gc] GC(13684) Pause Young (Allocation Failure) 190M->115M(278M) 3.640ms
[988.145s][info][gc] GC(13685) Pause Young (Allocation Failure) 192M->118M(278M) 3.293ms
[988.165s][info][gc] GC(13686) Pause Young (Allocation Failure) 194M->118M(278M) 2.758ms
[988.186s][info][gc] GC(13687) Pause Young (Allocation Failure) 195M->119M(278M) 2.074ms
[988.206s][info][gc] GC(13688) Pause Young (Allocation Failure) 196M->120M(278M) 2.087ms
[988.228s][info][gc] GC(13689) Pause Young (Allocation Failure) 196M->121M(278M) 2.654ms
[988.260s][info][gc] GC(13690) Pause Young (Allocation Failure) 198M->124M(278M) 3.203ms
[988.288s][info][gc] GC(13691) Pause Young (Allocation Failure) 201M->127M(278M) 3.804ms
[988.312s][info][gc] GC(13692) Pause Young (Allocation Failure) 204M->127M(278M) 3.065ms
[988.332s][info][gc] GC(13693) Pause Young (Allocation Failure) 204M->129M(278M) 2.414ms
[988.352s][info][gc] GC(13694) Pause Young (Allocation Failure) 206M->129M(278M) 2.299ms
[988.375s][info][gc] GC(13695) Pause Young (Allocation Failure) 205M->130M(278M) 2.049ms
[988.398s][info][gc] GC(13696) Pause Young (Allocation Failure) 207M->131M(278M) 2.612ms
[988.428s][info][gc] GC(13697) Pause Young (Allocation Failure) 208M->134M(278M) 3.366ms
[988.454s][info][gc] GC(13698) Pause Young (Allocation Failure) 211M->137M(278M) 3.674ms
[988.478s][info][gc] GC(13699) Pause Young (Allocation Failure) 214M->138M(278M) 3.399ms
[988.498s][info][gc] GC(13700) Pause Young (Allocation Failure) 215M->139M(278M) 2.348ms
[988.518s][info][gc] GC(13701) Pause Young (Allocation Failure) 216M->139M(278M) 1.862ms
[988.542s][info][gc] GC(13702) Pause Young (Allocation Failure) 216M->141M(278M) 2.422ms
[988.562s][info][gc] GC(13703) Pause Young (Allocation Failure) 218M->142M(278M) 2.638ms
[988.590s][info][gc] GC(13704) Pause Young (Allocation Failure) 219M->144M(278M) 2.928ms
[988.620s][info][gc] GC(13705) Pause Young (Allocation Failure) 221M->147M(278M) 3.618ms
[988.640s][info][gc] GC(13706) Pause Young (Allocation Failure) 224M->148M(278M) 2.989ms
[988.664s][info][gc] GC(13707) Pause Young (Allocation Failure) 224M->149M(278M) 2.230ms
[988.686s][info][gc] GC(13708) Pause Young (Allocation Failure) 226M->150M(278M) 2.557ms
[988.709s][info][gc] GC(13709) Pause Young (Allocation Failure) 226M->151M(278M) 2.403ms
[988.729s][info][gc] GC(13710) Pause Young (Allocation Failure) 228M->152M(278M) 2.597ms
[988.755s][info][gc] GC(13711) Pause Young (Allocation Failure) 228M->154M(278M) 2.845ms
[988.788s][info][gc] GC(13712) Pause Young (Allocation Failure) 230M->157M(278M) 3.541ms
[988.809s][info][gc] GC(13713) Pause Young (Allocation Failure) 234M->158M(278M) 3.139ms
[988.831s][info][gc] GC(13714) Pause Young (Allocation Failure) 235M->159M(278M) 2.640ms
[988.856s][info][gc] GC(13715) Pause Young (Allocation Failure) 236M->160M(278M) 2.256ms
[988.878s][info][gc] GC(13716) Pause Young (Allocation Failure) 237M->161M(278M) 2.275ms
[988.903s][info][gc] GC(13717) Pause Young (Allocation Failure) 238M->162M(278M) 2.554ms
[988.934s][info][gc] GC(13718) Pause Young (Allocation Failure) 239M->164M(278M) 2.961ms
[988.963s][info][gc] GC(13719) Pause Young (Allocation Failure) 241M->166M(278M) 3.356ms
[988.990s][info][gc] GC(13720) Pause Young (Allocation Failure) 243M->168M(278M) 3.477ms
[989.015s][info][gc] GC(13721) Pause Young (Allocation Failure) 245M->169M(278M) 2.659ms
[989.041s][info][gc] GC(13722) Pause Young (Allocation Failure) 246M->171M(278M) 2.399ms
[989.062s][info][gc] GC(13723) Pause Young (Allocation Failure) 248M->171M(278M) 2.549ms
[989.084s][info][gc] GC(13724) Pause Young (Allocation Failure) 248M->172M(278M) 2.421ms
[989.115s][info][gc] GC(13725) Pause Young (Allocation Failure) 249M->175M(278M) 3.071ms
[989.140s][info][gc] GC(13726) Pause Young (Allocation Failure) 252M->177M(278M) 3.747ms
[989.160s][info][gc] GC(13727) Pause Young (Allocation Failure) 254M->178M(278M) 2.046ms
[989.184s][info][gc] GC(13728) Pause Young (Allocation Failure) 255M->179M(278M) 2.187ms
[989.207s][info][gc] GC(13729) Pause Young (Allocation Failure) 256M->181M(278M) 2.676ms
[989.228s][info][gc] GC(13730) Pause Young (Allocation Failure) 258M->182M(278M) 2.376ms
[989.248s][info][gc] GC(13731) Pause Young (Allocation Failure) 259M->182M(278M) 2.491ms
[989.281s][info][gc] GC(13732) Pause Young (Allocation Failure) 259M->186M(278M) 3.187ms
[989.306s][info][gc] GC(13733) Pause Young (Allocation Failure) 263M->187M(278M) 3.603ms
[989.328s][info][gc] GC(13734) Pause Young (Allocation Failure) 264M->189M(278M) 1.763ms
[989.351s][info][gc] GC(13735) Pause Young (Allocation Failure) 266M->190M(278M) 2.161ms
[989.374s][info][gc] GC(13736) Pause Young (Allocation Failure) 267M->191M(278M) 2.732ms
[989.395s][info][gc] GC(13737) Pause Young (Allocation Failure) 268M->192M(278M) 2.269ms
[989.421s][info][gc] GC(13738) Pause Young (Allocation Failure) 269M->194M(278M) 2.664ms
[989.449s][info][gc] GC(13739) Pause Young (Allocation Failure) 271M->196M(278M) 3.100ms
[989.477s][info][gc] GC(13740) Pause Young (Allocation Failure) 273M->199M(279M) 3.715ms
[989.526s][info][gc] GC(13741) Pause Full (Allocation Failure) 199M->87M(278M) 48.885ms
[989.543s][info][gc] GC(13742) Pause Young (Allocation Failure) 164M->89M(278M) 0.940ms
[989.566s][info][gc] GC(13743) Pause Young (Allocation Failure) 166M->91M(278M) 1.530ms
[989.589s][info][gc] GC(13744) Pause Young (Allocation Failure) 168M->92M(278M) 2.099ms
[989.611s][info][gc] GC(13745) Pause Young (Allocation Failure) 169M->94M(278M) 2.501ms
[989.638s][info][gc] GC(13746) Pause Young (Allocation Failure) 171M->96M(278M) 2.959ms
[989.662s][info][gc] GC(13747) Pause Young (Allocation Failure) 173M->97M(278M) 3.115ms
[989.687s][info][gc] GC(13748) Pause Young (Allocation Failure) 174M->99M(278M) 2.807ms
[989.707s][info][gc] GC(13749) Pause Young (Allocation Failure) 176M->100M(278M) 2.353ms
[989.733s][info][gc] GC(13750) Pause Young (Allocation Failure) 177M->102M(278M) 2.454ms
[989.758s][info][gc] GC(13751) Pause Young (Allocation Failure) 179M->103M(278M) 2.919ms
[989.781s][info][gc] GC(13752) Pause Young (Allocation Failure) 180M->104M(278M) 2.741ms
[989.809s][info][gc] GC(13753) Pause Young (Allocation Failure) 181M->106M(278M) 3.096ms
[989.836s][info][gc] GC(13754) Pause Young (Allocation Failure) 183M->107M(278M) 3.209ms
[989.861s][info][gc] GC(13755) Pause Young (Allocation Failure) 184M->109M(278M) 2.869ms
[989.883s][info][gc] GC(13756) Pause Young (Allocation Failure) 186M->110M(278M) 2.684ms
[989.906s][info][gc] GC(13757) Pause Young (Allocation Failure) 187M->111M(278M) 2.204ms
[989.931s][info][gc] GC(13758) Pause Young (Allocation Failure) 188M->112M(278M) 2.511ms
[989.952s][info][gc] GC(13759) Pause Young (Allocation Failure) 189M->113M(278M) 2.365ms
[989.983s][info][gc] GC(13760) Pause Young (Allocation Failure) 190M->116M(278M) 3.172ms
[990.011s][info][gc] GC(13761) Pause Young (Allocation Failure) 193M->118M(278M) 3.371ms
[990.034s][info][gc] GC(13762) Pause Young (Allocation Failure) 195M->120M(278M) 3.270ms
[990.055s][info][gc] GC(13763) Pause Young (Allocation Failure) 197M->120M(278M) 2.142ms
[990.078s][info][gc] GC(13764) Pause Young (Allocation Failure) 197M->122M(278M) 1.949ms
[990.103s][info][gc] GC(13765) Pause Young (Allocation Failure) 199M->123M(278M) 2.546ms
[990.126s][info][gc] GC(13766) Pause Young (Allocation Failure) 200M->124M(278M) 2.836ms
[990.153s][info][gc] GC(13767) Pause Young (Allocation Failure) 201M->126M(278M) 2.930ms
[990.183s][info][gc] GC(13768) Pause Young (Allocation Failure) 203M->129M(278M) 3.573ms
[990.206s][info][gc] GC(13769) Pause Young (Allocation Failure) 206M->130M(278M) 3.231ms
[990.229s][info][gc] GC(13770) Pause Young (Allocation Failure) 207M->130M(278M) 2.102ms
[990.253s][info][gc] GC(13771) Pause Young (Allocation Failure) 207M->132M(278M) 2.699ms
[990.279s][info][gc] GC(13772) Pause Young (Allocation Failure) 209M->133M(278M) 2.645ms
[990.302s][info][gc] GC(13773) Pause Young (Allocation Failure) 210M->134M(278M) 2.679ms
[990.330s][info][gc] GC(13774) Pause Young (Allocation Failure) 211M->137M(278M) 3.328ms
[990.357s][info][gc] GC(13775) Pause Young (Allocation Failure) 214M->138M(278M) 3.207ms
[990.385s][info][gc] GC(13776) Pause Young (Allocation Failure) 215M->140M(278M) 2.866ms
[990.408s][info][gc] GC(13777) Pause Young (Allocation Failure) 217M->141M(278M) 2.251ms
[990.428s][info][gc] GC(13778) Pause Young (Allocation Failure) 218M->142M(278M) 2.527ms
[990.455s][info][gc] GC(13779) Pause Young (Allocation Failure) 219M->143M(278M) 2.807ms
[990.476s][info][gc] GC(13780) Pause Young (Allocation Failure) 220M->145M(278M) 2.736ms
[990.506s][info][gc] GC(13781) Pause Young (Allocation Failure) 222M->146M(278M) 3.132ms
[990.528s][info][gc] GC(13782) Pause Young (Allocation Failure) 223M->148M(278M) 3.208ms
[990.551s][info][gc] GC(13783) Pause Young (Allocation Failure) 225M->149M(278M) 2.662ms
[990.574s][info][gc] GC(13784) Pause Young (Allocation Failure) 226M->151M(278M) 2.227ms
[990.596s][info][gc] GC(13785) Pause Young (Allocation Failure) 228M->152M(278M) 2.519ms
[990.617s][info][gc] GC(13786) Pause Young (Allocation Failure) 229M->152M(278M) 2.277ms
[990.641s][info][gc] GC(13787) Pause Young (Allocation Failure) 229M->154M(278M) 2.721ms
[990.673s][info][gc] GC(13788) Pause Young (Allocation Failure) 231M->157M(278M) 3.220ms
[990.696s][info][gc] GC(13789) Pause Young (Allocation Failure) 234M->159M(278M) 3.108ms
[990.718s][info][gc] GC(13790) Pause Young (Allocation Failure) 236M->160M(278M) 2.754ms
[990.740s][info][gc] GC(13791) Pause Young (Allocation Failure) 237M->161M(278M) 1.888ms
[990.764s][info][gc] GC(13792) Pause Young (Allocation Failure) 238M->163M(278M) 2.724ms
[990.788s][info][gc] GC(13793) Pause Young (Allocation Failure) 240M->164M(278M) 3.024ms
[990.810s][info][gc] GC(13794) Pause Young (Allocation Failure) 241M->165M(278M) 2.569ms
[990.839s][info][gc] GC(13795) Pause Young (Allocation Failure) 242M->168M(278M) 3.423ms
[990.862s][info][gc] GC(13796) Pause Young (Allocation Failure) 245M->169M(278M) 3.280ms
[990.885s][info][gc] GC(13797) Pause Young (Allocation Failure) 246M->170M(278M) 2.524ms
[990.906s][info][gc] GC(13798) Pause Young (Allocation Failure) 247M->171M(278M) 2.007ms
[990.930s][info][gc] GC(13799) Pause Young (Allocation Failure) 248M->172M(278M) 2.493ms
[990.949s][info][gc] GC(13800) Pause Young (Allocation Failure) 249M->173M(278M) 2.452ms
[990.973s][info][gc] GC(13801) Pause Young (Allocation Failure) 250M->175M(278M) 2.600ms
[991.007s][info][gc] GC(13802) Pause Young (Allocation Failure) 252M->178M(278M) 3.570ms
[991.030s][info][gc] GC(13803) Pause Young (Allocation Failure) 255M->179M(278M) 3.429ms
[991.050s][info][gc] GC(13804) Pause Young (Allocation Failure) 256M->180M(278M) 1.474ms
[991.071s][info][gc] GC(13805) Pause Young (Allocation Failure) 257M->182M(278M) 1.823ms
[991.096s][info][gc] GC(13806) Pause Young (Allocation Failure) 259M->183M(278M) 2.283ms
[991.116s][info][gc] GC(13807) Pause Young (Allocation Failure) 260M->184M(278M) 2.636ms
[991.139s][info][gc] GC(13808) Pause Young (Allocation Failure) 261M->185M(278M) 2.661ms
[991.167s][info][gc] GC(13809) Pause Young (Allocation Failure) 262M->188M(278M) 3.275ms
[991.193s][info][gc] GC(13810) Pause Young (Allocation Failure) 265M->190M(278M) 3.473ms
[991.212s][info][gc] GC(13811) Pause Young (Allocation Failure) 267M->190M(278M) 2.454ms
[991.236s][info][gc] GC(13812) Pause Young (Allocation Failure) 267M->192M(278M) 2.188ms
[991.258s][info][gc] GC(13813) Pause Young (Allocation Failure) 269M->192M(278M) 2.531ms
[991.285s][info][gc] GC(13814) Pause Young (Allocation Failure) 269M->195M(278M) 2.827ms
[991.312s][info][gc] GC(13815) Pause Young (Allocation Failure) 272M->196M(278M) 2.965ms
[991.340s][info][gc] GC(13816) Pause Young (Allocation Failure) 273M->198M(279M) 3.285ms
[991.409s][info][gc] GC(13817) Pause Full (Allocation Failure) 198M->139M(336M) 68.551ms
[991.437s][info][gc] GC(13818) Pause Young (Allocation Failure) 232M->142M(336M) 1.659ms
[991.462s][info][gc] GC(13819) Pause Young (Allocation Failure) 235M->143M(336M) 1.857ms
[991.491s][info][gc] GC(13820) Pause Young (Allocation Failure) 236M->144M(336M) 2.593ms
[991.518s][info][gc] GC(13821) Pause Young (Allocation Failure) 237M->146M(336M) 2.926ms
[991.552s][info][gc] GC(13822) Pause Young (Allocation Failure) 239M->148M(336M) 3.824ms
[991.586s][info][gc] GC(13823) Pause Young (Allocation Failure) 241M->150M(336M) 4.021ms
[991.612s][info][gc] GC(13824) Pause Young (Allocation Failure) 243M->152M(336M) 3.165ms
[991.639s][info][gc] GC(13825) Pause Young (Allocation Failure) 245M->153M(336M) 2.653ms
[991.667s][info][gc] GC(13826) Pause Young (Allocation Failure) 246M->154M(336M) 3.133ms
[991.694s][info][gc] GC(13827) Pause Young (Allocation Failure) 247M->156M(336M) 2.791ms
[991.725s][info][gc] GC(13828) Pause Young (Allocation Failure) 249M->158M(336M) 3.496ms
[991.759s][info][gc] GC(13829) Pause Young (Allocation Failure) 251M->161M(336M) 4.319ms
[991.784s][info][gc] GC(13830) Pause Young (Allocation Failure) 254M->161M(336M) 2.848ms
[991.812s][info][gc] GC(13831) Pause Young (Allocation Failure) 254M->163M(336M) 2.551ms
[991.836s][info][gc] GC(13832) Pause Young (Allocation Failure) 256M->164M(336M) 2.815ms
[991.864s][info][gc] GC(13833) Pause Young (Allocation Failure) 257M->166M(336M) 2.818ms
[991.898s][info][gc] GC(13834) Pause Young (Allocation Failure) 259M->169M(336M) 4.098ms
[991.924s][info][gc] GC(13835) Pause Young (Allocation Failure) 262M->170M(336M) 3.583ms
[991.950s][info][gc] GC(13836) Pause Young (Allocation Failure) 263M->171M(336M) 2.955ms
[991.979s][info][gc] GC(13837) Pause Young (Allocation Failure) 264M->173M(336M) 2.365ms
[992.005s][info][gc] GC(13838) Pause Young (Allocation Failure) 266M->174M(336M) 2.762ms
[992.031s][info][gc] GC(13839) Pause Young (Allocation Failure) 267M->176M(336M) 3.229ms
[992.069s][info][gc] GC(13840) Pause Young (Allocation Failure) 269M->179M(336M) 4.131ms
[992.096s][info][gc] GC(13841) Pause Young (Allocation Failure) 272M->180M(336M) 3.773ms
[992.125s][info][gc] GC(13842) Pause Young (Allocation Failure) 273M->181M(336M) 3.094ms
[992.151s][info][gc] GC(13843) Pause Young (Allocation Failure) 274M->183M(336M) 2.488ms
[992.178s][info][gc] GC(13844) Pause Young (Allocation Failure) 276M->185M(336M) 2.878ms
[992.212s][info][gc] GC(13845) Pause Young (Allocation Failure) 278M->187M(336M) 3.511ms
[992.242s][info][gc] GC(13846) Pause Young (Allocation Failure) 280M->189M(336M) 3.835ms
[992.266s][info][gc] GC(13847) Pause Young (Allocation Failure) 282M->190M(336M) 2.945ms
[992.293s][info][gc] GC(13848) Pause Young (Allocation Failure) 283M->191M(336M) 2.128ms
[992.321s][info][gc] GC(13849) Pause Young (Allocation Failure) 284M->193M(336M) 2.741ms
[992.347s][info][gc] GC(13850) Pause Young (Allocation Failure) 286M->194M(336M) 3.183ms
[992.383s][info][gc] GC(13851) Pause Young (Allocation Failure) 287M->198M(336M) 3.846ms
[992.412s][info][gc] GC(13852) Pause Young (Allocation Failure) 291M->199M(336M) 3.807ms
[992.436s][info][gc] GC(13853) Pause Young (Allocation Failure) 292M->199M(336M) 3.093ms
[992.462s][info][gc] GC(13854) Pause Young (Allocation Failure) 292M->201M(336M) 2.095ms
[992.489s][info][gc] GC(13855) Pause Young (Allocation Failure) 294M->203M(336M) 2.664ms
[992.519s][info][gc] GC(13856) Pause Young (Allocation Failure) 296M->205M(336M) 3.482ms
[992.553s][info][gc] GC(13857) Pause Young (Allocation Failure) 298M->208M(336M) 3.924ms
[992.581s][info][gc] GC(13858) Pause Young (Allocation Failure) 301M->209M(336M) 3.878ms
[992.604s][info][gc] GC(13859) Pause Young (Allocation Failure) 302M->209M(336M) 2.491ms
[992.632s][info][gc] GC(13860) Pause Young (Allocation Failure) 302M->211M(336M) 3.235ms
[992.659s][info][gc] GC(13861) Pause Young (Allocation Failure) 304M->213M(336M) 2.809ms
[992.691s][info][gc] GC(13862) Pause Young (Allocation Failure) 306M->215M(336M) 3.628ms
[992.723s][info][gc] GC(13863) Pause Young (Allocation Failure) 308M->217M(336M) 4.205ms
[992.750s][info][gc] GC(13864) Pause Young (Allocation Failure) 310M->218M(336M) 3.145ms
[992.775s][info][gc] GC(13865) Pause Young (Allocation Failure) 311M->219M(336M) 2.333ms
[992.801s][info][gc] GC(13866) Pause Young (Allocation Failure) 312M->221M(336M) 2.709ms
[992.831s][info][gc] GC(13867) Pause Young (Allocation Failure) 314M->222M(336M) 3.419ms
[992.863s][info][gc] GC(13868) Pause Young (Allocation Failure) 315M->225M(336M) 4.187ms
[992.895s][info][gc] GC(13869) Pause Young (Allocation Failure) 318M->227M(336M) 4.060ms
[992.920s][info][gc] GC(13870) Pause Young (Allocation Failure) 320M->227M(336M) 2.973ms
[992.947s][info][gc] GC(13871) Pause Young (Allocation Failure) 320M->229M(336M) 2.272ms
[992.972s][info][gc] GC(13872) Pause Young (Allocation Failure) 322M->231M(336M) 2.895ms
[993.001s][info][gc] GC(13873) Pause Young (Allocation Failure) 324M->232M(336M) 3.500ms
[993.034s][info][gc] GC(13874) Pause Young (Allocation Failure) 325M->235M(336M) 3.851ms
[993.062s][info][gc] GC(13875) Pause Young (Allocation Failure) 328M->236M(336M) 3.972ms
[993.087s][info][gc] GC(13876) Pause Young (Allocation Failure) 329M->238M(336M) 2.808ms
[993.115s][info][gc] GC(13877) Pause Young (Allocation Failure) 331M->238M(337M) 3.249ms
[993.203s][info][gc] GC(13878) Pause Full (Allocation Failure) 238M->183M(443M) 87.867ms
[993.241s][info][gc] GC(13879) Pause Young (Allocation Failure) 306M->187M(443M) 2.313ms
[993.277s][info][gc] GC(13880) Pause Young (Allocation Failure) 309M->190M(443M) 3.435ms
[993.319s][info][gc] GC(13881) Pause Young (Allocation Failure) 312M->192M(443M) 4.093ms
[993.357s][info][gc] GC(13882) Pause Young (Allocation Failure) 315M->194M(443M) 4.296ms
[993.395s][info][gc] GC(13883) Pause Young (Allocation Failure) 316M->195M(443M) 3.834ms
[993.434s][info][gc] GC(13884) Pause Young (Allocation Failure) 317M->197M(443M) 4.145ms
[993.471s][info][gc] GC(13885) Pause Young (Allocation Failure) 320M->199M(443M) 3.833ms
[993.510s][info][gc] GC(13886) Pause Young (Allocation Failure) 322M->201M(443M) 4.220ms
[993.543s][info][gc] GC(13887) Pause Young (Allocation Failure) 324M->203M(443M) 3.828ms
[993.583s][info][gc] GC(13888) Pause Young (Allocation Failure) 325M->206M(443M) 4.288ms
[993.619s][info][gc] GC(13889) Pause Young (Allocation Failure) 328M->207M(443M) 3.916ms
[993.657s][info][gc] GC(13890) Pause Young (Allocation Failure) 329M->209M(443M) 4.382ms
[993.694s][info][gc] GC(13891) Pause Young (Allocation Failure) 332M->211M(443M) 4.335ms
[993.731s][info][gc] GC(13892) Pause Young (Allocation Failure) 334M->214M(443M) 3.993ms
[993.770s][info][gc] GC(13893) Pause Young (Allocation Failure) 336M->216M(443M) 4.195ms
[993.804s][info][gc] GC(13894) Pause Young (Allocation Failure) 338M->217M(443M) 3.719ms
[993.843s][info][gc] GC(13895) Pause Young (Allocation Failure) 339M->219M(443M) 4.357ms
[993.879s][info][gc] GC(13896) Pause Young (Allocation Failure) 342M->221M(443M) 4.127ms
[993.918s][info][gc] GC(13897) Pause Young (Allocation Failure) 344M->223M(443M) 3.837ms
[993.957s][info][gc] GC(13898) Pause Young (Allocation Failure) 345M->226M(443M) 4.187ms
[993.992s][info][gc] GC(13899) Pause Young (Allocation Failure) 348M->227M(443M) 3.975ms
[994.029s][info][gc] GC(13900) Pause Young (Allocation Failure) 349M->229M(443M) 4.012ms
[994.064s][info][gc] GC(13901) Pause Young (Allocation Failure) 351M->230M(443M) 3.743ms
[994.104s][info][gc] GC(13902) Pause Young (Allocation Failure) 353M->233M(443M) 4.265ms
[994.141s][info][gc] GC(13903) Pause Young (Allocation Failure) 356M->235M(443M) 4.069ms
[994.175s][info][gc] GC(13904) Pause Young (Allocation Failure) 357M->235M(443M) 3.765ms
[994.213s][info][gc] GC(13905) Pause Young (Allocation Failure) 358M->238M(443M) 3.992ms
[994.254s][info][gc] GC(13906) Pause Young (Allocation Failure) 360M->240M(443M) 4.674ms
[994.292s][info][gc] GC(13907) Pause Young (Allocation Failure) 362M->241M(443M) 4.094ms
[994.329s][info][gc] GC(13908) Pause Young (Allocation Failure) 364M->244M(443M) 4.587ms
[994.367s][info][gc] GC(13909) Pause Young (Allocation Failure) 366M->245M(443M) 4.386ms
[994.409s][info][gc] GC(13910) Pause Young (Allocation Failure) 368M->248M(443M) 4.428ms
[994.445s][info][gc] GC(13911) Pause Young (Allocation Failure) 370M->250M(443M) 4.263ms
[994.488s][info][gc] GC(13912) Pause Young (Allocation Failure) 372M->252M(443M) 4.775ms
[994.524s][info][gc] GC(13913) Pause Young (Allocation Failure) 375M->254M(443M) 4.607ms
[994.558s][info][gc] GC(13914) Pause Young (Allocation Failure) 376M->255M(443M) 3.680ms
[994.598s][info][gc] GC(13915) Pause Young (Allocation Failure) 377M->257M(443M) 3.977ms
[994.640s][info][gc] GC(13916) Pause Young (Allocation Failure) 380M->259M(443M) 4.928ms
[994.677s][info][gc] GC(13917) Pause Young (Allocation Failure) 382M->261M(443M) 4.527ms
[994.711s][info][gc] GC(13918) Pause Young (Allocation Failure) 383M->262M(443M) 4.280ms
[994.752s][info][gc] GC(13919) Pause Young (Allocation Failure) 384M->264M(443M) 4.368ms
[994.796s][info][gc] GC(13920) Pause Young (Allocation Failure) 386M->267M(443M) 4.133ms
[994.837s][info][gc] GC(13921) Pause Young (Allocation Failure) 389M->268M(443M) 4.982ms
[994.875s][info][gc] GC(13922) Pause Young (Allocation Failure) 391M->269M(443M) 4.146ms
[994.914s][info][gc] GC(13923) Pause Young (Allocation Failure) 392M->270M(443M) 4.162ms
[994.954s][info][gc] GC(13924) Pause Young (Allocation Failure) 392M->272M(443M) 3.930ms
[995.000s][info][gc] GC(13925) Pause Young (Allocation Failure) 395M->275M(443M) 5.137ms
[995.038s][info][gc] GC(13926) Pause Young (Allocation Failure) 397M->276M(443M) 4.638ms
[995.078s][info][gc] GC(13927) Pause Young (Allocation Failure) 398M->277M(443M) 4.351ms
[995.122s][info][gc] GC(13928) Pause Young (Allocation Failure) 400M->279M(443M) 4.366ms
[995.164s][info][gc] GC(13929) Pause Young (Allocation Failure) 402M->283M(443M) 4.512ms
[995.199s][info][gc] GC(13930) Pause Young (Allocation Failure) 405M->283M(443M) 4.310ms
[995.234s][info][gc] GC(13931) Pause Young (Allocation Failure) 406M->285M(443M) 3.000ms
[995.272s][info][gc] GC(13932) Pause Young (Allocation Failure) 407M->287M(443M) 3.845ms
[995.319s][info][gc] GC(13933) Pause Young (Allocation Failure) 410M->290M(443M) 4.779ms
[995.356s][info][gc] GC(13934) Pause Young (Allocation Failure) 412M->291M(443M) 5.260ms
[995.393s][info][gc] GC(13935) Pause Young (Allocation Failure) 414M->293M(443M) 3.576ms
[995.431s][info][gc] GC(13936) Pause Young (Allocation Failure) 415M->294M(443M) 4.317ms
[995.473s][info][gc] GC(13937) Pause Young (Allocation Failure) 416M->298M(443M) 4.232ms
[995.507s][info][gc] GC(13938) Pause Young (Allocation Failure) 420M->298M(443M) 4.634ms
[995.540s][info][gc] GC(13939) Pause Young (Allocation Failure) 421M->299M(443M) 2.780ms
[995.579s][info][gc] GC(13940) Pause Young (Allocation Failure) 421M->302M(443M) 3.877ms
[995.620s][info][gc] GC(13941) Pause Young (Allocation Failure) 424M->304M(443M) 4.427ms
[995.656s][info][gc] GC(13942) Pause Young (Allocation Failure) 426M->304M(443M) 4.592ms
[995.689s][info][gc] GC(13943) Pause Young (Allocation Failure) 427M->306M(443M) 3.263ms
[995.725s][info][gc] GC(13944) Pause Young (Allocation Failure) 429M->307M(443M) 4.063ms
[995.767s][info][gc] GC(13945) Pause Young (Allocation Failure) 430M->311M(443M) 4.098ms
[995.802s][info][gc] GC(13946) Pause Young (Allocation Failure) 434M->313M(443M) 4.957ms
[995.837s][info][gc] GC(13947) Pause Young (Allocation Failure) 435M->313M(446M) 3.556ms
[995.976s][info][gc] GC(13948) Pause Full (Allocation Failure) 313M->236M(570M) 138.922ms
[996.022s][info][gc] GC(13949) Pause Young (Allocation Failure) 393M->240M(570M) 2.881ms
[996.071s][info][gc] GC(13950) Pause Young (Allocation Failure) 398M->244M(570M) 4.210ms
[996.119s][info][gc] GC(13951) Pause Young (Allocation Failure) 402M->246M(570M) 4.671ms
[996.164s][info][gc] GC(13952) Pause Young (Allocation Failure) 404M->246M(570M) 4.022ms
[996.333s][info][gc] GC(13953) Pause Young (Allocation Failure) 403M->248M(570M) 4.490ms
[996.399s][info][gc] GC(13954) Pause Young (Allocation Failure) 406M->252M(570M) 5.736ms
[996.462s][info][gc] GC(13955) Pause Young (Allocation Failure) 410M->253M(570M) 5.171ms
[996.523s][info][gc] GC(13956) Pause Young (Allocation Failure) 410M->254M(570M) 3.423ms
[996.584s][info][gc] GC(13957) Pause Young (Allocation Failure) 412M->255M(570M) 3.839ms
[996.644s][info][gc] GC(13958) Pause Young (Allocation Failure) 413M->257M(570M) 4.241ms
[996.703s][info][gc] GC(13959) Pause Young (Allocation Failure) 414M->257M(570M) 4.366ms
[996.769s][info][gc] GC(13960) Pause Young (Allocation Failure) 415M->259M(570M) 4.362ms
[996.828s][info][gc] GC(13961) Pause Young (Allocation Failure) 417M->259M(570M) 4.395ms
[996.894s][info][gc] GC(13962) Pause Young (Allocation Failure) 417M->262M(570M) 4.513ms
[996.953s][info][gc] GC(13963) Pause Young (Allocation Failure) 420M->262M(570M) 4.607ms
[997.015s][info][gc] GC(13964) Pause Young (Allocation Failure) 420M->264M(570M) 4.250ms
[997.079s][info][gc] GC(13965) Pause Young (Allocation Failure) 421M->265M(570M) 4.380ms
[997.138s][info][gc] GC(13966) Pause Young (Allocation Failure) 423M->266M(570M) 4.247ms
[997.205s][info][gc] GC(13967) Pause Young (Allocation Failure) 424M->268M(570M) 4.591ms
[997.261s][info][gc] GC(13968) Pause Young (Allocation Failure) 426M->268M(570M) 4.177ms
[997.326s][info][gc] GC(13969) Pause Young (Allocation Failure) 426M->270M(570M) 4.102ms
[997.385s][info][gc] GC(13970) Pause Young (Allocation Failure) 428M->271M(570M) 4.416ms
[997.452s][info][gc] GC(13971) Pause Young (Allocation Failure) 429M->272M(570M) 4.352ms
[997.510s][info][gc] GC(13972) Pause Young (Allocation Failure) 430M->274M(570M) 4.481ms
[997.572s][info][gc] GC(13973) Pause Young (Allocation Failure) 431M->274M(570M) 4.383ms
[997.633s][info][gc] GC(13974) Pause Young (Allocation Failure) 432M->276M(570M) 4.320ms
[997.696s][info][gc] GC(13975) Pause Young (Allocation Failure) 434M->277M(570M) 4.380ms
[997.756s][info][gc] GC(13976) Pause Young (Allocation Failure) 434M->278M(570M) 4.418ms
[997.821s][info][gc] GC(13977) Pause Young (Allocation Failure) 436M->280M(570M) 4.463ms
[997.879s][info][gc] GC(13978) Pause Young (Allocation Failure) 437M->281M(570M) 4.400ms
[997.944s][info][gc] GC(13979) Pause Young (Allocation Failure) 438M->282M(570M) 4.650ms
[998.001s][info][gc] GC(13980) Pause Young (Allocation Failure) 440M->283M(570M) 4.292ms
[998.067s][info][gc] GC(13981) Pause Young (Allocation Failure) 440M->284M(570M) 4.523ms
[998.126s][info][gc] GC(13982) Pause Young (Allocation Failure) 442M->286M(570M) 4.445ms
[998.189s][info][gc] GC(13983) Pause Young (Allocation Failure) 443M->287M(570M) 4.399ms
[998.248s][info][gc] GC(13984) Pause Young (Allocation Failure) 444M->288M(570M) 4.425ms
[998.314s][info][gc] GC(13985) Pause Young (Allocation Failure) 446M->290M(570M) 4.713ms
[998.370s][info][gc] GC(13986) Pause Young (Allocation Failure) 447M->290M(570M) 4.472ms
[998.437s][info][gc] GC(13987) Pause Young (Allocation Failure) 448M->291M(570M) 4.260ms
[998.496s][info][gc] GC(13988) Pause Young (Allocation Failure) 449M->293M(570M) 4.384ms
[998.565s][info][gc] GC(13989) Pause Young (Allocation Failure) 450M->293M(570M) 4.384ms
[998.624s][info][gc] GC(13990) Pause Young (Allocation Failure) 451M->295M(570M) 4.359ms
[998.688s][info][gc] GC(13991) Pause Young (Allocation Failure) 453M->296M(570M) 4.264ms
[998.745s][info][gc] GC(13992) Pause Young (Allocation Failure) 453M->297M(570M) 4.091ms
[998.811s][info][gc] GC(13993) Pause Young (Allocation Failure) 454M->298M(570M) 4.201ms
[998.871s][info][gc] GC(13994) Pause Young (Allocation Failure) 456M->300M(570M) 4.828ms
[998.936s][info][gc] GC(13995) Pause Young (Allocation Failure) 457M->300M(570M) 4.237ms
[998.994s][info][gc] GC(13996) Pause Young (Allocation Failure) 458M->302M(570M) 4.439ms
[999.061s][info][gc] GC(13997) Pause Young (Allocation Failure) 460M->304M(570M) 4.649ms
[999.120s][info][gc] GC(13998) Pause Young (Allocation Failure) 461M->305M(570M) 4.372ms
[999.183s][info][gc] GC(13999) Pause Young (Allocation Failure) 462M->305M(570M) 4.350ms
[999.240s][info][gc] GC(14000) Pause Young (Allocation Failure) 463M->307M(570M) 4.186ms
[999.307s][info][gc] GC(14001) Pause Young (Allocation Failure) 464M->308M(570M) 4.384ms
[999.366s][info][gc] GC(14002) Pause Young (Allocation Failure) 466M->309M(570M) 4.440ms
[999.431s][info][gc] GC(14003) Pause Young (Allocation Failure) 467M->311M(570M) 4.545ms
[999.492s][info][gc] GC(14004) Pause Young (Allocation Failure) 468M->311M(570M) 4.183ms
[999.551s][info][gc] GC(14005) Pause Young (Allocation Failure) 469M->313M(570M) 4.324ms
[999.610s][info][gc] GC(14006) Pause Young (Allocation Failure) 470M->314M(570M) 4.290ms
[999.672s][info][gc] GC(14007) Pause Young (Allocation Failure) 471M->315M(570M) 4.391ms
[999.733s][info][gc] GC(14008) Pause Young (Allocation Failure) 473M->316M(570M) 4.310ms
[999.797s][info][gc] GC(14009) Pause Young (Allocation Failure) 474M->318M(570M) 4.382ms
[999.862s][info][gc] GC(14010) Pause Young (Allocation Failure) 475M->318M(570M) 4.460ms
[999.926s][info][gc] GC(14011) Pause Young (Allocation Failure) 476M->320M(570M) 4.447ms
[999.988s][info][gc] GC(14012) Pause Young (Allocation Failure) 477M->321M(570M) 4.336ms
[1000.053s][info][gc] GC(14013) Pause Young (Allocation Failure) 478M->322M(570M) 4.427ms
[1000.117s][info][gc] GC(14014) Pause Young (Allocation Failure) 480M->324M(570M) 4.645ms
[1000.178s][info][gc] GC(14015) Pause Young (Allocation Failure) 481M->324M(570M) 4.463ms
[1000.241s][info][gc] GC(14016) Pause Young (Allocation Failure) 482M->326M(570M) 4.314ms
[1000.305s][info][gc] GC(14017) Pause Young (Allocation Failure) 483M->327M(570M) 4.428ms
[1000.367s][info][gc] GC(14018) Pause Young (Allocation Failure) 484M->327M(570M) 4.136ms
[1000.430s][info][gc] GC(14019) Pause Young (Allocation Failure) 485M->329M(570M) 3.945ms
[1000.497s][info][gc] GC(14020) Pause Young (Allocation Failure) 486M->331M(570M) 4.885ms
[1000.559s][info][gc] GC(14021) Pause Young (Allocation Failure) 488M->331M(570M) 4.828ms
[1000.629s][info][gc] GC(14022) Pause Young (Allocation Failure) 489M->334M(570M) 4.730ms
[1000.692s][info][gc] GC(14023) Pause Young (Allocation Failure) 491M->334M(570M) 4.844ms
[1000.753s][info][gc] GC(14024) Pause Young (Allocation Failure) 491M->335M(570M) 3.865ms
[1000.815s][info][gc] GC(14025) Pause Young (Allocation Failure) 493M->336M(570M) 4.185ms
[1000.879s][info][gc] GC(14026) Pause Young (Allocation Failure) 493M->338M(570M) 4.518ms
[1000.939s][info][gc] GC(14027) Pause Young (Allocation Failure) 496M->338M(570M) 4.756ms
[1001.003s][info][gc] GC(14028) Pause Young (Allocation Failure) 496M->341M(570M) 4.386ms
[1001.065s][info][gc] GC(14029) Pause Young (Allocation Failure) 498M->341M(570M) 4.998ms
[1001.127s][info][gc] GC(14030) Pause Young (Allocation Failure) 499M->343M(570M) 4.391ms
[1001.192s][info][gc] GC(14031) Pause Young (Allocation Failure) 500M->344M(570M) 4.564ms
[1001.250s][info][gc] GC(14032) Pause Young (Allocation Failure) 502M->345M(570M) 4.501ms
[1001.312s][info][gc] GC(14033) Pause Young (Allocation Failure) 503M->346M(570M) 4.434ms
[1001.376s][info][gc] GC(14034) Pause Young (Allocation Failure) 504M->347M(570M) 4.481ms
[1001.439s][info][gc] GC(14035) Pause Young (Allocation Failure) 505M->349M(570M) 4.409ms
[1001.503s][info][gc] GC(14036) Pause Young (Allocation Failure) 506M->350M(570M) 4.503ms
[1001.564s][info][gc] GC(14037) Pause Young (Allocation Failure) 507M->351M(570M) 4.498ms
[1001.627s][info][gc] GC(14038) Pause Young (Allocation Failure) 509M->352M(570M) 4.437ms
[1001.689s][info][gc] GC(14039) Pause Young (Allocation Failure) 510M->354M(570M) 4.685ms
[1001.752s][info][gc] GC(14040) Pause Young (Allocation Failure) 512M->355M(570M) 4.734ms
[1001.813s][info][gc] GC(14041) Pause Young (Allocation Failure) 512M->356M(570M) 3.963ms
[1001.872s][info][gc] GC(14042) Pause Young (Allocation Failure) 513M->356M(570M) 4.313ms
[1001.935s][info][gc] GC(14043) Pause Young (Allocation Failure) 514M->358M(570M) 4.594ms
[1001.997s][info][gc] GC(14044) Pause Young (Allocation Failure) 516M->359M(570M) 4.400ms
[1002.056s][info][gc] GC(14045) Pause Young (Allocation Failure) 517M->360M(570M) 4.317ms
[1002.119s][info][gc] GC(14046) Pause Young (Allocation Failure) 518M->361M(570M) 4.267ms
[1002.181s][info][gc] GC(14047) Pause Young (Allocation Failure) 519M->363M(570M) 4.526ms
[1002.242s][info][gc] GC(14048) Pause Young (Allocation Failure) 521M->364M(570M) 4.436ms
[1002.303s][info][gc] GC(14049) Pause Young (Allocation Failure) 522M->365M(570M) 4.507ms
[1002.366s][info][gc] GC(14050) Pause Young (Allocation Failure) 523M->367M(570M) 4.580ms
[1002.427s][info][gc] GC(14051) Pause Young (Allocation Failure) 524M->368M(570M) 4.597ms
[1002.487s][info][gc] GC(14052) Pause Young (Allocation Failure) 525M->368M(570M) 4.067ms
[1002.561s][info][gc] GC(14053) Pause Young (Allocation Failure) 526M->368M(570M) 3.576ms
[1002.644s][info][gc] GC(14054) Pause Young (Allocation Failure) 526M->369M(570M) 3.932ms
[1002.722s][info][gc] GC(14055) Pause Young (Allocation Failure) 527M->371M(570M) 4.356ms
[1002.809s][info][gc] GC(14056) Pause Young (Allocation Failure) 528M->372M(570M) 4.562ms
[1002.888s][info][gc] GC(14057) Pause Young (Allocation Failure) 530M->373M(570M) 4.629ms
[1002.973s][info][gc] GC(14058) Pause Young (Allocation Failure) 531M->375M(570M) 4.556ms
[1003.048s][info][gc] GC(14059) Pause Young (Allocation Failure) 533M->376M(570M) 4.228ms
[1003.135s][info][gc] GC(14060) Pause Young (Allocation Failure) 533M->377M(570M) 4.425ms
[1003.213s][info][gc] GC(14061) Pause Young (Allocation Failure) 535M->378M(570M) 4.298ms
[1003.300s][info][gc] GC(14062) Pause Young (Allocation Failure) 536M->379M(570M) 4.346ms
[1003.376s][info][gc] GC(14063) Pause Young (Allocation Failure) 537M->381M(570M) 4.258ms
[1003.462s][info][gc] GC(14064) Pause Young (Allocation Failure) 538M->382M(570M) 4.341ms
[1003.541s][info][gc] GC(14065) Pause Young (Allocation Failure) 539M->383M(570M) 4.354ms
[1003.627s][info][gc] GC(14066) Pause Young (Allocation Failure) 541M->384M(570M) 4.371ms
[1003.703s][info][gc] GC(14067) Pause Young (Allocation Failure) 542M->385M(570M) 4.148ms
[1003.790s][info][gc] GC(14068) Pause Young (Allocation Failure) 543M->387M(570M) 4.160ms
[1003.872s][info][gc] GC(14069) Pause Young (Allocation Failure) 544M->388M(570M) 4.850ms
[1003.960s][info][gc] GC(14070) Pause Young (Allocation Failure) 545M->389M(570M) 4.342ms
[1004.052s][info][gc] GC(14071) Pause Young (Allocation Failure) 546M->391M(570M) 4.446ms
[1004.137s][info][gc] GC(14072) Pause Young (Allocation Failure) 548M->391M(570M) 4.224ms
[1004.218s][info][gc] GC(14073) Pause Young (Allocation Failure) 549M->393M(570M) 4.345ms
[1004.302s][info][gc] GC(14074) Pause Young (Allocation Failure) 550M->394M(570M) 4.270ms
[1004.382s][info][gc] GC(14075) Pause Young (Allocation Failure) 551M->395M(570M) 4.312ms
[1004.462s][info][gc] GC(14076) Pause Young (Allocation Failure) 553M->395M(570M) 4.054ms
[1004.544s][info][gc] GC(14077) Pause Young (Allocation Failure) 553M->397M(570M) 4.168ms
[1004.631s][info][gc] GC(14078) Pause Young (Allocation Failure) 555M->399M(570M) 4.756ms
[1004.708s][info][gc] GC(14079) Pause Young (Allocation Failure) 556M->400M(570M) 4.200ms
[1004.789s][info][gc] GC(14080) Pause Young (Allocation Failure) 557M->401M(570M) 4.583ms
[1004.877s][info][gc] GC(14081) Pause Young (Allocation Failure) 559M->402M(570M) 4.248ms
[1004.957s][info][gc] GC(14082) Pause Young (Allocation Failure) 559M->403M(571M) 4.195ms
[1005.063s][info][gc] GC(14083) Pause Full (Allocation Failure) 403M->152M(570M) 106.058ms
[1005.147s][info][gc] GC(14084) Pause Young (Allocation Failure) 310M->156M(570M) 1.963ms
[1005.231s][info][gc] GC(14085) Pause Young (Allocation Failure) 314M->158M(570M) 2.598ms
[1005.314s][info][gc] GC(14086) Pause Young (Allocation Failure) 315M->159M(570M) 2.741ms
[1005.395s][info][gc] GC(14087) Pause Young (Allocation Failure) 316M->160M(570M) 3.049ms
[1005.483s][info][gc] GC(14088) Pause Young (Allocation Failure) 317M->162M(570M) 3.597ms
[1005.567s][info][gc] GC(14089) Pause Young (Allocation Failure) 319M->163M(570M) 3.752ms
[1005.653s][info][gc] GC(14090) Pause Young (Allocation Failure) 320M->164M(570M) 4.207ms
[1005.737s][info][gc] GC(14091) Pause Young (Allocation Failure) 321M->165M(570M) 4.317ms
[1005.818s][info][gc] GC(14092) Pause Young (Allocation Failure) 322M->166M(570M) 4.106ms
[1005.897s][info][gc] GC(14093) Pause Young (Allocation Failure) 324M->167M(570M) 4.058ms
[1005.983s][info][gc] GC(14094) Pause Young (Allocation Failure) 325M->169M(570M) 4.198ms
[1006.060s][info][gc] GC(14095) Pause Young (Allocation Failure) 326M->169M(570M) 3.874ms
[1006.145s][info][gc] GC(14096) Pause Young (Allocation Failure) 327M->171M(570M) 4.186ms
[1006.225s][info][gc] GC(14097) Pause Young (Allocation Failure) 329M->172M(570M) 4.642ms
[1006.308s][info][gc] GC(14098) Pause Young (Allocation Failure) 330M->173M(570M) 4.004ms
[1006.383s][info][gc] GC(14099) Pause Young (Allocation Failure) 331M->174M(570M) 3.690ms
[1006.468s][info][gc] GC(14100) Pause Young (Allocation Failure) 331M->176M(570M) 4.014ms
[1006.550s][info][gc] GC(14101) Pause Young (Allocation Failure) 333M->177M(570M) 4.537ms
[1006.631s][info][gc] GC(14102) Pause Young (Allocation Failure) 335M->178M(570M) 4.045ms
[1006.710s][info][gc] GC(14103) Pause Young (Allocation Failure) 335M->179M(570M) 4.202ms
[1006.794s][info][gc] GC(14104) Pause Young (Allocation Failure) 337M->180M(570M) 4.205ms
[1006.877s][info][gc] GC(14105) Pause Young (Allocation Failure) 338M->182M(570M) 4.306ms
[1006.957s][info][gc] GC(14106) Pause Young (Allocation Failure) 340M->183M(570M) 3.962ms
[1007.037s][info][gc] GC(14107) Pause Young (Allocation Failure) 340M->184M(570M) 3.946ms
[1007.121s][info][gc] GC(14108) Pause Young (Allocation Failure) 341M->185M(570M) 4.527ms
[1007.204s][info][gc] GC(14109) Pause Young (Allocation Failure) 343M->187M(570M) 4.206ms
[1007.286s][info][gc] GC(14110) Pause Young (Allocation Failure) 344M->187M(570M) 4.048ms
[1007.367s][info][gc] GC(14111) Pause Young (Allocation Failure) 345M->188M(570M) 4.033ms
[1007.451s][info][gc] GC(14112) Pause Young (Allocation Failure) 346M->190M(570M) 4.006ms
[1007.532s][info][gc] GC(14113) Pause Young (Allocation Failure) 347M->191M(570M) 4.505ms
[1007.612s][info][gc] GC(14114) Pause Young (Allocation Failure) 349M->192M(570M) 4.226ms
[1007.692s][info][gc] GC(14115) Pause Young (Allocation Failure) 350M->193M(570M) 3.990ms
[1007.777s][info][gc] GC(14116) Pause Young (Allocation Failure) 351M->195M(570M) 4.102ms
[1007.861s][info][gc] GC(14117) Pause Young (Allocation Failure) 352M->196M(570M) 4.638ms
[1007.944s][info][gc] GC(14118) Pause Young (Allocation Failure) 354M->198M(570M) 4.330ms
[1008.022s][info][gc] GC(14119) Pause Young (Allocation Failure) 355M->197M(570M) 3.658ms
[1008.106s][info][gc] GC(14120) Pause Young (Allocation Failure) 355M->200M(570M) 4.333ms
[1008.191s][info][gc] GC(14121) Pause Young (Allocation Failure) 357M->200M(570M) 4.385ms
[1008.394s][info][gc] GC(14122) Pause Young (Allocation Failure) 358M->204M(570M) 5.027ms
[1008.455s][info][gc] GC(14123) Pause Young (Allocation Failure) 362M->205M(570M) 5.097ms
[1008.526s][info][gc] GC(14124) Pause Young (Allocation Failure) 363M->207M(570M) 4.210ms
[1008.587s][info][gc] GC(14125) Pause Young (Allocation Failure) 364M->206M(570M) 3.741ms
[1008.664s][info][gc] GC(14126) Pause Young (Allocation Failure) 364M->209M(570M) 4.342ms
[1008.734s][info][gc] GC(14127) Pause Young (Allocation Failure) 367M->211M(570M) 4.693ms
[1008.795s][info][gc] GC(14128) Pause Young (Allocation Failure) 368M->211M(570M) 4.159ms
[1008.864s][info][gc] GC(14129) Pause Young (Allocation Failure) 369M->212M(570M) 4.057ms
[1008.927s][info][gc] GC(14130) Pause Young (Allocation Failure) 370M->212M(570M) 3.837ms
[1009.001s][info][gc] GC(14131) Pause Young (Allocation Failure) 370M->215M(570M) 4.402ms
[1009.070s][info][gc] GC(14132) Pause Young (Allocation Failure) 373M->216M(570M) 4.808ms
[1009.133s][info][gc] GC(14133) Pause Young (Allocation Failure) 374M->218M(570M) 3.992ms
[1009.207s][info][gc] GC(14134) Pause Young (Allocation Failure) 375M->219M(570M) 4.680ms
[1009.269s][info][gc] GC(14135) Pause Young (Allocation Failure) 376M->219M(570M) 3.612ms
[1009.341s][info][gc] GC(14136) Pause Young (Allocation Failure) 376M->221M(570M) 3.942ms
[1009.412s][info][gc] GC(14137) Pause Young (Allocation Failure) 378M->223M(570M) 4.556ms
[1009.473s][info][gc] GC(14138) Pause Young (Allocation Failure) 380M->223M(570M) 4.407ms
[1009.545s][info][gc] GC(14139) Pause Young (Allocation Failure) 381M->225M(570M) 4.147ms
[1009.606s][info][gc] GC(14140) Pause Young (Allocation Failure) 382M->225M(570M) 3.977ms
[1009.678s][info][gc] GC(14141) Pause Young (Allocation Failure) 382M->227M(570M) 3.992ms
[1009.754s][info][gc] GC(14142) Pause Young (Allocation Failure) 384M->228M(570M) 4.503ms
[1009.824s][info][gc] GC(14143) Pause Young (Allocation Failure) 385M->229M(570M) 4.359ms
[1009.903s][info][gc] GC(14144) Pause Young (Allocation Failure) 387M->230M(570M) 4.464ms
[1009.971s][info][gc] GC(14145) Pause Young (Allocation Failure) 388M->231M(570M) 4.083ms
[1010.046s][info][gc] GC(14146) Pause Young (Allocation Failure) 389M->233M(570M) 4.619ms
[1010.120s][info][gc] GC(14147) Pause Young (Allocation Failure) 391M->234M(570M) 4.783ms
[1010.184s][info][gc] GC(14148) Pause Young (Allocation Failure) 392M->235M(570M) 3.886ms
[1010.255s][info][gc] GC(14149) Pause Young (Allocation Failure) 393M->236M(570M) 4.047ms
[1010.319s][info][gc] GC(14150) Pause Young (Allocation Failure) 394M->238M(570M) 4.234ms
[1010.395s][info][gc] GC(14151) Pause Young (Allocation Failure) 395M->239M(570M) 4.745ms
[1010.465s][info][gc] GC(14152) Pause Young (Allocation Failure) 397M->240M(570M) 4.304ms
[1010.529s][info][gc] GC(14153) Pause Young (Allocation Failure) 397M->241M(570M) 3.972ms
[1010.601s][info][gc] GC(14154) Pause Young (Allocation Failure) 399M->243M(570M) 4.562ms
[1010.664s][info][gc] GC(14155) Pause Young (Allocation Failure) 400M->242M(570M) 3.950ms
[1010.834s][info][gc] GC(14156) Pause Young (Allocation Failure) 400M->246M(570M) 4.257ms
[1010.905s][info][gc] GC(14157) Pause Young (Allocation Failure) 403M->246M(570M) 4.371ms
[1010.970s][info][gc] GC(14158) Pause Young (Allocation Failure) 404M->248M(570M) 4.269ms
[1011.040s][info][gc] GC(14159) Pause Young (Allocation Failure) 406M->249M(570M) 4.779ms
[1011.104s][info][gc] GC(14160) Pause Young (Allocation Failure) 407M->251M(570M) 4.349ms
[1011.178s][info][gc] GC(14161) Pause Young (Allocation Failure) 408M->252M(570M) 4.530ms
[1011.244s][info][gc] GC(14162) Pause Young (Allocation Failure) 410M->252M(570M) 3.846ms
[1011.308s][info][gc] GC(14163) Pause Young (Allocation Failure) 410M->254M(570M) 3.944ms
[1011.382s][info][gc] GC(14164) Pause Young (Allocation Failure) 411M->256M(570M) 4.669ms
[1011.443s][info][gc] GC(14165) Pause Young (Allocation Failure) 413M->257M(570M) 4.411ms
[1011.514s][info][gc] GC(14166) Pause Young (Allocation Failure) 414M->258M(570M) 4.126ms
[1011.584s][info][gc] GC(14167) Pause Young (Allocation Failure) 415M->258M(570M) 4.245ms
[1011.648s][info][gc] GC(14168) Pause Young (Allocation Failure) 416M->260M(570M) 3.965ms
[1011.722s][info][gc] GC(14169) Pause Young (Allocation Failure) 418M->262M(570M) 4.754ms
[1011.783s][info][gc] GC(14170) Pause Young (Allocation Failure) 419M->262M(570M) 3.844ms
[1011.856s][info][gc] GC(14171) Pause Young (Allocation Failure) 419M->264M(570M) 4.154ms
[1011.925s][info][gc] GC(14172) Pause Young (Allocation Failure) 421M->265M(570M) 4.306ms
[1011.990s][info][gc] GC(14173) Pause Young (Allocation Failure) 422M->266M(570M) 4.040ms
[1012.060s][info][gc] GC(14174) Pause Young (Allocation Failure) 423M->267M(570M) 4.449ms
[1012.122s][info][gc] GC(14175) Pause Young (Allocation Failure) 425M->268M(570M) 4.143ms
[1012.194s][info][gc] GC(14176) Pause Young (Allocation Failure) 425M->270M(570M) 4.459ms
[1012.261s][info][gc] GC(14177) Pause Young (Allocation Failure) 427M->270M(570M) 4.032ms
[1012.328s][info][gc] GC(14178) Pause Young (Allocation Failure) 427M->272M(570M) 4.492ms
[1012.399s][info][gc] GC(14179) Pause Young (Allocation Failure) 429M->273M(570M) 4.464ms
[1012.463s][info][gc] GC(14180) Pause Young (Allocation Failure) 431M->274M(570M) 4.256ms
[1012.534s][info][gc] GC(14181) Pause Young (Allocation Failure) 432M->275M(570M) 4.373ms
[1012.602s][info][gc] GC(14182) Pause Young (Allocation Failure) 433M->276M(570M) 3.922ms
[1012.668s][info][gc] GC(14183) Pause Young (Allocation Failure) 433M->278M(570M) 4.367ms
[1012.741s][info][gc] GC(14184) Pause Young (Allocation Failure) 436M->279M(570M) 4.643ms
[1012.805s][info][gc] GC(14185) Pause Young (Allocation Failure) 437M->280M(570M) 3.905ms
[1012.877s][info][gc] GC(14186) Pause Young (Allocation Failure) 437M->282M(570M) 4.345ms
[1012.949s][info][gc] GC(14187) Pause Young (Allocation Failure) 439M->282M(570M) 4.204ms
[1013.014s][info][gc] GC(14188) Pause Young (Allocation Failure) 440M->284M(570M) 3.905ms
[1013.185s][info][gc] GC(14189) Pause Young (Allocation Failure) 441M->286M(570M) 4.838ms
[1013.250s][info][gc] GC(14190) Pause Young (Allocation Failure) 444M->287M(570M) 4.656ms
[1013.321s][info][gc] GC(14191) Pause Young (Allocation Failure) 445M->288M(570M) 4.367ms
[1013.382s][info][gc] GC(14192) Pause Young (Allocation Failure) 446M->289M(570M) 4.121ms
[1013.455s][info][gc] GC(14193) Pause Young (Allocation Failure) 447M->291M(570M) 4.490ms
[1013.528s][info][gc] GC(14194) Pause Young (Allocation Failure) 448M->292M(570M) 4.629ms
[1013.592s][info][gc] GC(14195) Pause Young (Allocation Failure) 450M->294M(570M) 4.147ms
[1013.660s][info][gc] GC(14196) Pause Young (Allocation Failure) 451M->294M(570M) 4.279ms
[1013.720s][info][gc] GC(14197) Pause Young (Allocation Failure) 452M->296M(570M) 4.086ms
[1013.795s][info][gc] GC(14198) Pause Young (Allocation Failure) 453M->297M(570M) 4.186ms
[1013.864s][info][gc] GC(14199) Pause Young (Allocation Failure) 454M->297M(570M) 4.072ms
[1013.929s][info][gc] GC(14200) Pause Young (Allocation Failure) 455M->299M(570M) 4.411ms
[1013.999s][info][gc] GC(14201) Pause Young (Allocation Failure) 457M->300M(570M) 4.508ms
[1014.061s][info][gc] GC(14202) Pause Young (Allocation Failure) 458M->300M(570M) 4.019ms
[1014.135s][info][gc] GC(14203) Pause Young (Allocation Failure) 458M->303M(570M) 4.190ms
[1014.198s][info][gc] GC(14204) Pause Young (Allocation Failure) 461M->303M(570M) 4.250ms
[1014.264s][info][gc] GC(14205) Pause Young (Allocation Failure) 461M->305M(570M) 4.081ms
[1014.337s][info][gc] GC(14206) Pause Young (Allocation Failure) 463M->307M(570M) 4.672ms
[1014.400s][info][gc] GC(14207) Pause Young (Allocation Failure) 464M->307M(570M) 3.840ms
[1014.479s][info][gc] GC(14208) Pause Young (Allocation Failure) 465M->309M(570M) 4.296ms
[1014.543s][info][gc] GC(14209) Pause Young (Allocation Failure) 467M->309M(570M) 4.231ms
[1014.608s][info][gc] GC(14210) Pause Young (Allocation Failure) 466M->311M(570M) 4.057ms
[1014.681s][info][gc] GC(14211) Pause Young (Allocation Failure) 469M->312M(570M) 4.511ms
[1014.744s][info][gc] GC(14212) Pause Young (Allocation Failure) 470M->313M(570M) 4.126ms
[1014.817s][info][gc] GC(14213) Pause Young (Allocation Failure) 471M->315M(570M) 4.125ms
[1014.884s][info][gc] GC(14214) Pause Young (Allocation Failure) 472M->314M(570M) 3.882ms
[1014.956s][info][gc] GC(14215) Pause Young (Allocation Failure) 472M->317M(570M) 3.941ms
[1015.027s][info][gc] GC(14216) Pause Young (Allocation Failure) 474M->318M(570M) 4.485ms
[1015.096s][info][gc] GC(14217) Pause Young (Allocation Failure) 475M->320M(570M) 4.447ms
[1015.166s][info][gc] GC(14218) Pause Young (Allocation Failure) 477M->321M(570M) 4.486ms
[1015.231s][info][gc] GC(14219) Pause Young (Allocation Failure) 478M->321M(570M) 3.921ms
[1015.301s][info][gc] GC(14220) Pause Young (Allocation Failure) 479M->323M(570M) 4.480ms
[1015.381s][info][gc] GC(14221) Pause Young (Allocation Failure) 480M->325M(570M) 4.876ms
[1015.442s][info][gc] GC(14222) Pause Young (Allocation Failure) 482M->325M(570M) 4.157ms
[1015.609s][info][gc] GC(14223) Pause Young (Allocation Failure) 482M->328M(570M) 4.518ms
[1015.671s][info][gc] GC(14224) Pause Young (Allocation Failure) 485M->328M(570M) 4.578ms
[1015.744s][info][gc] GC(14225) Pause Young (Allocation Failure) 486M->330M(570M) 4.624ms
[1015.815s][info][gc] GC(14226) Pause Young (Allocation Failure) 488M->331M(570M) 4.525ms
[1015.880s][info][gc] GC(14227) Pause Young (Allocation Failure) 488M->332M(570M) 4.478ms
[1015.951s][info][gc] GC(14228) Pause Young (Allocation Failure) 490M->333M(570M) 4.423ms
[1016.015s][info][gc] GC(14229) Pause Young (Allocation Failure) 491M->335M(570M) 3.969ms
[1016.090s][info][gc] GC(14230) Pause Young (Allocation Failure) 492M->336M(570M) 4.522ms
[1016.162s][info][gc] GC(14231) Pause Young (Allocation Failure) 493M->337M(570M) 4.534ms
[1016.225s][info][gc] GC(14232) Pause Young (Allocation Failure) 494M->338M(570M) 4.561ms
[1016.296s][info][gc] GC(14233) Pause Young (Allocation Failure) 496M->339M(570M) 4.465ms
[1016.358s][info][gc] GC(14234) Pause Young (Allocation Failure) 497M->341M(570M) 4.599ms
[1016.434s][info][gc] GC(14235) Pause Young (Allocation Failure) 498M->342M(570M) 4.706ms
[1016.507s][info][gc] GC(14236) Pause Young (Allocation Failure) 500M->343M(570M) 4.440ms
[1016.569s][info][gc] GC(14237) Pause Young (Allocation Failure) 500M->345M(570M) 4.171ms
[1016.639s][info][gc] GC(14238) Pause Young (Allocation Failure) 502M->346M(570M) 4.232ms
[1016.701s][info][gc] GC(14239) Pause Young (Allocation Failure) 503M->347M(570M) 4.051ms
[1016.771s][info][gc] GC(14240) Pause Young (Allocation Failure) 504M->348M(570M) 4.183ms
[1016.842s][info][gc] GC(14241) Pause Young (Allocation Failure) 505M->348M(570M) 3.933ms
[1016.909s][info][gc] GC(14242) Pause Young (Allocation Failure) 506M->350M(570M) 4.001ms
[1016.980s][info][gc] GC(14243) Pause Young (Allocation Failure) 508M->351M(570M) 4.484ms
[1017.041s][info][gc] GC(14244) Pause Young (Allocation Failure) 509M->352M(570M) 4.217ms
[1017.112s][info][gc] GC(14245) Pause Young (Allocation Failure) 510M->354M(570M) 4.646ms
[1017.183s][info][gc] GC(14246) Pause Young (Allocation Failure) 511M->354M(570M) 4.247ms
[1017.248s][info][gc] GC(14247) Pause Young (Allocation Failure) 512M->356M(570M) 3.937ms
[1017.318s][info][gc] GC(14248) Pause Young (Allocation Failure) 514M->358M(570M) 4.658ms
[1017.381s][info][gc] GC(14249) Pause Young (Allocation Failure) 515M->358M(570M) 4.215ms
[1017.455s][info][gc] GC(14250) Pause Young (Allocation Failure) 516M->359M(570M) 3.906ms
[1017.526s][info][gc] GC(14251) Pause Young (Allocation Failure) 517M->361M(570M) 4.415ms
[1017.591s][info][gc] GC(14252) Pause Young (Allocation Failure) 518M->362M(570M) 4.572ms
[1017.663s][info][gc] GC(14253) Pause Young (Allocation Failure) 520M->363M(570M) 4.531ms
[1017.732s][info][gc] GC(14254) Pause Young (Allocation Failure) 520M->364M(570M) 3.898ms
[1017.806s][info][gc] GC(14255) Pause Young (Allocation Failure) 522M->366M(570M) 4.471ms
[1017.964s][info][gc] GC(14256) Pause Young (Allocation Failure) 523M->364M(570M) 3.517ms
[1018.040s][info][gc] GC(14257) Pause Young (Allocation Failure) 522M->369M(570M) 4.527ms
[1018.110s][info][gc] GC(14258) Pause Young (Allocation Failure) 527M->370M(570M) 4.939ms
[1018.173s][info][gc] GC(14259) Pause Young (Allocation Failure) 527M->371M(570M) 4.306ms
[1018.246s][info][gc] GC(14260) Pause Young (Allocation Failure) 529M->373M(570M) 4.533ms
[1018.305s][info][gc] GC(14261) Pause Young (Allocation Failure) 530M->373M(570M) 3.959ms
[1018.379s][info][gc] GC(14262) Pause Young (Allocation Failure) 530M->375M(570M) 4.134ms
[1018.449s][info][gc] GC(14263) Pause Young (Allocation Failure) 532M->376M(570M) 4.389ms
[1018.513s][info][gc] GC(14264) Pause Young (Allocation Failure) 534M->377M(570M) 4.350ms
[1018.586s][info][gc] GC(14265) Pause Young (Allocation Failure) 535M->379M(570M) 4.547ms
[1018.644s][info][gc] GC(14266) Pause Young (Allocation Failure) 536M->378M(570M) 3.814ms
[1018.719s][info][gc] GC(14267) Pause Young (Allocation Failure) 535M->381M(570M) 4.247ms
[1018.791s][info][gc] GC(14268) Pause Young (Allocation Failure) 539M->382M(570M) 4.639ms
[1018.855s][info][gc] GC(14269) Pause Young (Allocation Failure) 540M->383M(570M) 4.378ms
[1018.925s][info][gc] GC(14270) Pause Young (Allocation Failure) 541M->384M(570M) 4.241ms
[1018.990s][info][gc] GC(14271) Pause Young (Allocation Failure) 542M->384M(570M) 3.784ms
[1019.063s][info][gc] GC(14272) Pause Young (Allocation Failure) 541M->387M(570M) 4.058ms
[1019.134s][info][gc] GC(14273) Pause Young (Allocation Failure) 544M->388M(570M) 4.379ms
[1019.196s][info][gc] GC(14274) Pause Young (Allocation Failure) 545M->389M(570M) 3.939ms
[1019.267s][info][gc] GC(14275) Pause Young (Allocation Failure) 547M->390M(570M) 4.575ms
[1019.330s][info][gc] GC(14276) Pause Young (Allocation Failure) 548M->391M(570M) 4.048ms
[1019.401s][info][gc] GC(14277) Pause Young (Allocation Failure) 548M->393M(570M) 4.122ms
[1019.474s][info][gc] GC(14278) Pause Young (Allocation Failure) 550M->394M(570M) 4.517ms
[1019.535s][info][gc] GC(14279) Pause Young (Allocation Failure) 552M->395M(570M) 4.314ms
[1019.605s][info][gc] GC(14280) Pause Young (Allocation Failure) 553M->396M(570M) 4.091ms
[1019.666s][info][gc] GC(14281) Pause Young (Allocation Failure) 554M->397M(570M) 4.209ms
[1019.741s][info][gc] GC(14282) Pause Young (Allocation Failure) 554M->399M(570M) 4.632ms
[1019.815s][info][gc] GC(14283) Pause Young (Allocation Failure) 557M->400M(570M) 4.591ms
[1019.889s][info][gc] GC(14284) Pause Young (Allocation Failure) 557M->401M(570M) 4.165ms
[1019.968s][info][gc] GC(14285) Pause Young (Allocation Failure) 559M->403M(570M) 4.791ms
[1020.035s][info][gc] GC(14286) Pause Young (Allocation Failure) 560M->402M(571M) 3.830ms
[1020.096s][info][gc] GC(14287) Pause Full (Allocation Failure) 402M->76M(570M) 60.747ms
[1020.172s][info][gc] GC(14288) Pause Young (Allocation Failure) 233M->80M(570M) 2.228ms
[1020.246s][info][gc] GC(14289) Pause Young (Allocation Failure) 238M->82M(570M) 2.903ms
[1020.307s][info][gc] GC(14290) Pause Young (Allocation Failure) 240M->83M(570M) 2.996ms
[1020.473s][info][gc] GC(14291) Pause Young (Allocation Failure) 241M->85M(570M) 3.590ms
[1020.538s][info][gc] GC(14292) Pause Young (Allocation Failure) 242M->87M(570M) 4.050ms
[1020.611s][info][gc] GC(14293) Pause Young (Allocation Failure) 244M->88M(570M) 4.392ms
[1020.686s][info][gc] GC(14294) Pause Young (Allocation Failure) 245M->89M(570M) 4.586ms
[1020.746s][info][gc] GC(14295) Pause Young (Allocation Failure) 247M->90M(570M) 4.267ms
[1020.818s][info][gc] GC(14296) Pause Young (Allocation Failure) 248M->91M(570M) 4.376ms
[1020.881s][info][gc] GC(14297) Pause Young (Allocation Failure) 249M->92M(570M) 3.618ms
[1020.955s][info][gc] GC(14298) Pause Young (Allocation Failure) 249M->93M(570M) 4.310ms
[1021.025s][info][gc] GC(14299) Pause Young (Allocation Failure) 251M->95M(570M) 4.420ms
[1021.090s][info][gc] GC(14300) Pause Young (Allocation Failure) 252M->96M(570M) 4.552ms
[1021.160s][info][gc] GC(14301) Pause Young (Allocation Failure) 254M->97M(570M) 4.558ms
[1021.221s][info][gc] GC(14302) Pause Young (Allocation Failure) 255M->97M(570M) 3.603ms
[1021.296s][info][gc] GC(14303) Pause Young (Allocation Failure) 255M->100M(570M) 4.524ms
[1021.368s][info][gc] GC(14304) Pause Young (Allocation Failure) 257M->101M(570M) 4.768ms
[1021.429s][info][gc] GC(14305) Pause Young (Allocation Failure) 258M->101M(570M) 3.747ms
[1021.499s][info][gc] GC(14306) Pause Young (Allocation Failure) 259M->103M(570M) 4.357ms
[1021.563s][info][gc] GC(14307) Pause Young (Allocation Failure) 261M->104M(570M) 4.145ms
[1021.638s][info][gc] GC(14308) Pause Young (Allocation Failure) 261M->106M(570M) 4.600ms
[1021.710s][info][gc] GC(14309) Pause Young (Allocation Failure) 263M->107M(570M) 4.522ms
[1021.770s][info][gc] GC(14310) Pause Young (Allocation Failure) 264M->108M(570M) 4.164ms
[1021.844s][info][gc] GC(14311) Pause Young (Allocation Failure) 265M->109M(570M) 4.065ms
[1021.906s][info][gc] GC(14312) Pause Young (Allocation Failure) 267M->109M(570M) 4.058ms
[1021.978s][info][gc] GC(14313) Pause Young (Allocation Failure) 267M->111M(570M) 4.392ms
[1022.052s][info][gc] GC(14314) Pause Young (Allocation Failure) 269M->113M(570M) 4.507ms
[1022.121s][info][gc] GC(14315) Pause Young (Allocation Failure) 270M->114M(570M) 4.399ms
[1022.191s][info][gc] GC(14316) Pause Young (Allocation Failure) 272M->115M(570M) 4.607ms
[1022.252s][info][gc] GC(14317) Pause Young (Allocation Failure) 273M->116M(570M) 3.870ms
[1022.327s][info][gc] GC(14318) Pause Young (Allocation Failure) 273M->118M(570M) 4.229ms
[1022.395s][info][gc] GC(14319) Pause Young (Allocation Failure) 275M->118M(570M) 4.294ms
[1022.457s][info][gc] GC(14320) Pause Young (Allocation Failure) 276M->120M(570M) 4.140ms
[1022.531s][info][gc] GC(14321) Pause Young (Allocation Failure) 278M->121M(570M) 4.625ms
[1022.592s][info][gc] GC(14322) Pause Young (Allocation Failure) 279M->122M(570M) 4.005ms
[1022.665s][info][gc] GC(14323) Pause Young (Allocation Failure) 280M->124M(570M) 4.196ms
[1022.816s][info][gc] GC(14324) Pause Young (Allocation Failure) 281M->123M(570M) 3.720ms
[1022.895s][info][gc] GC(14325) Pause Young (Allocation Failure) 281M->127M(570M) 4.638ms
[1022.971s][info][gc] GC(14326) Pause Young (Allocation Failure) 284M->128M(570M) 5.227ms
[1023.033s][info][gc] GC(14327) Pause Young (Allocation Failure) 285M->129M(570M) 4.146ms
[1023.106s][info][gc] GC(14328) Pause Young (Allocation Failure) 286M->130M(570M) 4.418ms
[1023.164s][info][gc] GC(14329) Pause Young (Allocation Failure) 288M->130M(570M) 3.752ms
[1023.241s][info][gc] GC(14330) Pause Young (Allocation Failure) 287M->133M(570M) 4.064ms
[1023.311s][info][gc] GC(14331) Pause Young (Allocation Failure) 290M->134M(570M) 4.476ms
[1023.374s][info][gc] GC(14332) Pause Young (Allocation Failure) 291M->135M(570M) 4.002ms
[1023.444s][info][gc] GC(14333) Pause Young (Allocation Failure) 293M->136M(570M) 4.568ms
[1023.507s][info][gc] GC(14334) Pause Young (Allocation Failure) 294M->136M(570M) 3.544ms
[1023.582s][info][gc] GC(14335) Pause Young (Allocation Failure) 294M->139M(570M) 4.426ms
[1023.652s][info][gc] GC(14336) Pause Young (Allocation Failure) 296M->141M(570M) 4.647ms
[1023.713s][info][gc] GC(14337) Pause Young (Allocation Failure) 298M->141M(570M) 4.297ms
[1023.785s][info][gc] GC(14338) Pause Young (Allocation Failure) 298M->142M(570M) 4.053ms
[1023.847s][info][gc] GC(14339) Pause Young (Allocation Failure) 300M->142M(570M) 3.994ms
[1023.923s][info][gc] GC(14340) Pause Young (Allocation Failure) 300M->145M(570M) 4.344ms
[1023.998s][info][gc] GC(14341) Pause Young (Allocation Failure) 303M->146M(570M) 4.648ms
[1024.059s][info][gc] GC(14342) Pause Young (Allocation Failure) 304M->146M(570M) 3.757ms
[1024.132s][info][gc] GC(14343) Pause Young (Allocation Failure) 304M->148M(570M) 3.932ms
[1024.195s][info][gc] GC(14344) Pause Young (Allocation Failure) 306M->148M(570M) 3.764ms
[1024.268s][info][gc] GC(14345) Pause Young (Allocation Failure) 305M->151M(570M) 4.545ms
[1024.339s][info][gc] GC(14346) Pause Young (Allocation Failure) 308M->152M(570M) 4.929ms
[1024.402s][info][gc] GC(14347) Pause Young (Allocation Failure) 309M->153M(570M) 3.950ms
[1024.473s][info][gc] GC(14348) Pause Young (Allocation Failure) 311M->154M(570M) 3.961ms
[1024.536s][info][gc] GC(14349) Pause Young (Allocation Failure) 311M->154M(570M) 3.749ms
[1024.610s][info][gc] GC(14350) Pause Young (Allocation Failure) 312M->157M(570M) 4.644ms
[1024.678s][info][gc] GC(14351) Pause Young (Allocation Failure) 315M->158M(570M) 4.835ms
[1024.746s][info][gc] GC(14352) Pause Young (Allocation Failure) 315M->160M(570M) 4.238ms
[1024.819s][info][gc] GC(14353) Pause Young (Allocation Failure) 317M->160M(570M) 4.829ms
[1024.882s][info][gc] GC(14354) Pause Young (Allocation Failure) 317M->160M(570M) 3.699ms
[1024.959s][info][gc] GC(14355) Pause Young (Allocation Failure) 318M->162M(570M) 4.695ms
[1025.037s][info][gc] GC(14356) Pause Young (Allocation Failure) 320M->164M(570M) 4.581ms
[1025.101s][info][gc] GC(14357) Pause Young (Allocation Failure) 321M->165M(570M) 4.497ms
[1025.274s][info][gc] GC(14358) Pause Young (Allocation Failure) 322M->167M(570M) 4.694ms
[1025.339s][info][gc] GC(14359) Pause Young (Allocation Failure) 325M->168M(570M) 4.863ms
[1025.416s][info][gc] GC(14360) Pause Young (Allocation Failure) 326M->170M(570M) 4.844ms
[1025.488s][info][gc] GC(14361) Pause Young (Allocation Failure) 327M->171M(570M) 4.592ms
[1025.552s][info][gc] GC(14362) Pause Young (Allocation Failure) 328M->172M(570M) 4.132ms
[1025.623s][info][gc] GC(14363) Pause Young (Allocation Failure) 329M->173M(570M) 4.381ms
[1025.685s][info][gc] GC(14364) Pause Young (Allocation Failure) 330M->174M(570M) 3.958ms
[1025.757s][info][gc] GC(14365) Pause Young (Allocation Failure) 332M->176M(570M) 4.664ms
[1025.831s][info][gc] GC(14366) Pause Young (Allocation Failure) 333M->176M(570M) 4.324ms
[1025.897s][info][gc] GC(14367) Pause Young (Allocation Failure) 334M->178M(570M) 4.033ms
[1025.967s][info][gc] GC(14368) Pause Young (Allocation Failure) 335M->179M(570M) 4.646ms
[1026.030s][info][gc] GC(14369) Pause Young (Allocation Failure) 337M->180M(570M) 4.009ms
[1026.106s][info][gc] GC(14370) Pause Young (Allocation Failure) 338M->182M(570M) 4.381ms
[1026.171s][info][gc] GC(14371) Pause Young (Allocation Failure) 339M->181M(570M) 3.713ms
[1026.237s][info][gc] GC(14372) Pause Young (Allocation Failure) 339M->184M(570M) 3.940ms
[1026.310s][info][gc] GC(14373) Pause Young (Allocation Failure) 341M->185M(570M) 4.452ms
[1026.371s][info][gc] GC(14374) Pause Young (Allocation Failure) 342M->186M(570M) 4.030ms
[1026.443s][info][gc] GC(14375) Pause Young (Allocation Failure) 344M->187M(570M) 4.334ms
[1026.513s][info][gc] GC(14376) Pause Young (Allocation Failure) 344M->188M(570M) 4.070ms
[1026.579s][info][gc] GC(14377) Pause Young (Allocation Failure) 345M->189M(570M) 4.431ms
[1026.651s][info][gc] GC(14378) Pause Young (Allocation Failure) 347M->191M(570M) 4.628ms
[1026.713s][info][gc] GC(14379) Pause Young (Allocation Failure) 348M->191M(570M) 4.094ms
[1026.786s][info][gc] GC(14380) Pause Young (Allocation Failure) 349M->193M(570M) 4.384ms
[1026.855s][info][gc] GC(14381) Pause Young (Allocation Failure) 350M->194M(570M) 4.372ms
[1026.923s][info][gc] GC(14382) Pause Young (Allocation Failure) 352M->196M(570M) 4.692ms
[1026.995s][info][gc] GC(14383) Pause Young (Allocation Failure) 354M->197M(570M) 4.503ms
[1027.057s][info][gc] GC(14384) Pause Young (Allocation Failure) 354M->197M(570M) 3.907ms
[1027.130s][info][gc] GC(14385) Pause Young (Allocation Failure) 355M->199M(570M) 4.315ms
[1027.198s][info][gc] GC(14386) Pause Young (Allocation Failure) 356M->199M(570M) 4.204ms
[1027.276s][info][gc] GC(14387) Pause Young (Allocation Failure) 357M->202M(570M) 4.585ms
[1027.346s][info][gc] GC(14388) Pause Young (Allocation Failure) 360M->203M(570M) 4.830ms
[1027.408s][info][gc] GC(14389) Pause Young (Allocation Failure) 360M->204M(570M) 3.829ms
[1027.479s][info][gc] GC(14390) Pause Young (Allocation Failure) 361M->205M(570M) 4.411ms
[1027.552s][info][gc] GC(14391) Pause Young (Allocation Failure) 363M->203M(570M) 3.304ms
[1027.720s][info][gc] GC(14392) Pause Young (Allocation Failure) 361M->209M(570M) 5.050ms
[1027.792s][info][gc] GC(14393) Pause Young (Allocation Failure) 366M->210M(570M) 5.395ms
[1027.854s][info][gc] GC(14394) Pause Young (Allocation Failure) 367M->211M(570M) 3.956ms
[1027.926s][info][gc] GC(14395) Pause Young (Allocation Failure) 369M->212M(570M) 4.471ms
[1027.991s][info][gc] GC(14396) Pause Young (Allocation Failure) 370M->214M(570M) 4.534ms
[1028.065s][info][gc] GC(14397) Pause Young (Allocation Failure) 371M->214M(570M) 4.204ms
[1028.139s][info][gc] GC(14398) Pause Young (Allocation Failure) 371M->216M(570M) 4.398ms
[1028.199s][info][gc] GC(14399) Pause Young (Allocation Failure) 374M->217M(570M) 4.435ms
[1028.270s][info][gc] GC(14400) Pause Young (Allocation Failure) 374M->218M(570M) 4.210ms
[1028.329s][info][gc] GC(14401) Pause Young (Allocation Failure) 376M->219M(570M) 3.864ms
[1028.405s][info][gc] GC(14402) Pause Young (Allocation Failure) 376M->221M(570M) 4.287ms
[1028.476s][info][gc] GC(14403) Pause Young (Allocation Failure) 378M->221M(570M) 4.448ms
[1028.540s][info][gc] GC(14404) Pause Young (Allocation Failure) 379M->223M(570M) 3.914ms
[1028.609s][info][gc] GC(14405) Pause Young (Allocation Failure) 380M->224M(570M) 4.591ms
[1028.670s][info][gc] GC(14406) Pause Young (Allocation Failure) 382M->224M(570M) 4.062ms
[1028.744s][info][gc] GC(14407) Pause Young (Allocation Failure) 382M->227M(570M) 4.236ms
[1028.812s][info][gc] GC(14408) Pause Young (Allocation Failure) 384M->227M(570M) 4.330ms
[1028.876s][info][gc] GC(14409) Pause Young (Allocation Failure) 385M->229M(570M) 3.874ms
[1028.948s][info][gc] GC(14410) Pause Young (Allocation Failure) 386M->230M(570M) 4.518ms
[1029.010s][info][gc] GC(14411) Pause Young (Allocation Failure) 388M->230M(570M) 3.993ms
[1029.082s][info][gc] GC(14412) Pause Young (Allocation Failure) 388M->232M(570M) 4.007ms
[1029.153s][info][gc] GC(14413) Pause Young (Allocation Failure) 390M->233M(570M) 4.123ms
[1029.220s][info][gc] GC(14414) Pause Young (Allocation Failure) 390M->235M(570M) 4.631ms
[1029.289s][info][gc] GC(14415) Pause Young (Allocation Failure) 392M->236M(570M) 4.770ms
[1029.352s][info][gc] GC(14416) Pause Young (Allocation Failure) 393M->237M(570M) 4.115ms
[1029.423s][info][gc] GC(14417) Pause Young (Allocation Failure) 395M->238M(570M) 4.689ms
[1029.490s][info][gc] GC(14418) Pause Young (Allocation Failure) 396M->238M(570M) 3.680ms
[1029.559s][info][gc] GC(14419) Pause Young (Allocation Failure) 396M->241M(570M) 4.391ms
[1029.638s][info][gc] GC(14420) Pause Young (Allocation Failure) 398M->242M(570M) 4.971ms
[1029.703s][info][gc] GC(14421) Pause Young (Allocation Failure) 400M->242M(570M) 3.787ms
[1029.785s][info][gc] GC(14422) Pause Young (Allocation Failure) 400M->244M(570M) 4.485ms
[1029.859s][info][gc] GC(14423) Pause Young (Allocation Failure) 402M->245M(570M) 4.437ms
[1029.927s][info][gc] GC(14424) Pause Young (Allocation Failure) 402M->247M(570M) 4.058ms
[1030.110s][info][gc] GC(14425) Pause Young (Allocation Failure) 405M->249M(570M) 4.890ms
[1030.182s][info][gc] GC(14426) Pause Young (Allocation Failure) 406M->250M(570M) 4.619ms
[1030.257s][info][gc] GC(14427) Pause Young (Allocation Failure) 408M->251M(570M) 4.591ms
[1030.319s][info][gc] GC(14428) Pause Young (Allocation Failure) 409M->252M(570M) 4.187ms
[1030.399s][info][gc] GC(14429) Pause Young (Allocation Failure) 409M->254M(570M) 4.913ms
[1030.474s][info][gc] GC(14430) Pause Young (Allocation Failure) 411M->255M(570M) 4.691ms
[1030.537s][info][gc] GC(14431) Pause Young (Allocation Failure) 412M->256M(570M) 4.047ms
[1030.609s][info][gc] GC(14432) Pause Young (Allocation Failure) 413M->257M(570M) 4.171ms
[1030.669s][info][gc] GC(14433) Pause Young (Allocation Failure) 415M->257M(570M) 4.081ms
[1030.744s][info][gc] GC(14434) Pause Young (Allocation Failure) 415M->259M(570M) 3.944ms
[1030.818s][info][gc] GC(14435) Pause Young (Allocation Failure) 417M->261M(570M) 4.548ms
[1030.882s][info][gc] GC(14436) Pause Young (Allocation Failure) 418M->262M(570M) 4.460ms
[1030.952s][info][gc] GC(14437) Pause Young (Allocation Failure) 419M->263M(570M) 4.131ms
[1031.013s][info][gc] GC(14438) Pause Young (Allocation Failure) 421M->264M(570M) 4.219ms
[1031.088s][info][gc] GC(14439) Pause Young (Allocation Failure) 421M->265M(570M) 4.152ms
[1031.160s][info][gc] GC(14440) Pause Young (Allocation Failure) 423M->267M(570M) 4.492ms
[1031.221s][info][gc] GC(14441) Pause Young (Allocation Failure) 424M->268M(570M) 4.402ms
[1031.291s][info][gc] GC(14442) Pause Young (Allocation Failure) 425M->269M(570M) 4.034ms
[1031.351s][info][gc] GC(14443) Pause Young (Allocation Failure) 426M->268M(570M) 3.693ms
[1031.426s][info][gc] GC(14444) Pause Young (Allocation Failure) 426M->271M(570M) 4.505ms
[1031.496s][info][gc] GC(14445) Pause Young (Allocation Failure) 429M->272M(570M) 4.771ms
[1031.560s][info][gc] GC(14446) Pause Young (Allocation Failure) 430M->274M(570M) 4.090ms
[1031.628s][info][gc] GC(14447) Pause Young (Allocation Failure) 432M->275M(570M) 4.626ms
[1031.689s][info][gc] GC(14448) Pause Young (Allocation Failure) 433M->275M(570M) 3.503ms
[1031.762s][info][gc] GC(14449) Pause Young (Allocation Failure) 432M->277M(570M) 3.959ms
[1031.832s][info][gc] GC(14450) Pause Young (Allocation Failure) 435M->278M(570M) 4.325ms
[1031.896s][info][gc] GC(14451) Pause Young (Allocation Failure) 436M->280M(570M) 4.274ms
[1031.969s][info][gc] GC(14452) Pause Young (Allocation Failure) 437M->281M(570M) 4.463ms
[1032.033s][info][gc] GC(14453) Pause Young (Allocation Failure) 438M->282M(570M) 4.082ms
[1032.103s][info][gc] GC(14454) Pause Young (Allocation Failure) 439M->284M(570M) 4.692ms
[1032.171s][info][gc] GC(14455) Pause Young (Allocation Failure) 441M->284M(570M) 4.224ms
[1032.235s][info][gc] GC(14456) Pause Young (Allocation Failure) 441M->286M(570M) 4.065ms
[1032.308s][info][gc] GC(14457) Pause Young (Allocation Failure) 444M->287M(570M) 4.591ms
[1032.371s][info][gc] GC(14458) Pause Young (Allocation Failure) 445M->287M(570M) 3.584ms
[1032.546s][info][gc] GC(14459) Pause Young (Allocation Failure) 444M->300M(570M) 8.767ms
[1032.593s][info][gc] GC(14460) Pause Young (Allocation Failure) 458M->302M(570M) 8.034ms
[1032.631s][info][gc] GC(14461) Pause Young (Allocation Failure) 459M->303M(570M) 2.445ms
[1032.672s][info][gc] GC(14462) Pause Young (Allocation Failure) 461M->305M(570M) 3.215ms
[1032.728s][info][gc] GC(14463) Pause Young (Allocation Failure) 463M->311M(570M) 5.311ms
[1032.771s][info][gc] GC(14464) Pause Young (Allocation Failure) 469M->313M(570M) 5.901ms
[1032.814s][info][gc] GC(14465) Pause Young (Allocation Failure) 471M->314M(570M) 4.480ms
[1032.856s][info][gc] GC(14466) Pause Young (Allocation Failure) 472M->316M(570M) 3.325ms
[1032.911s][info][gc] GC(14467) Pause Young (Allocation Failure) 473M->320M(570M) 4.761ms
[1032.958s][info][gc] GC(14468) Pause Young (Allocation Failure) 478M->323M(570M) 5.604ms
[1033.002s][info][gc] GC(14469) Pause Young (Allocation Failure) 481M->324M(570M) 5.331ms
[1033.040s][info][gc] GC(14470) Pause Young (Allocation Failure) 482M->325M(570M) 3.157ms
[1033.090s][info][gc] GC(14471) Pause Young (Allocation Failure) 483M->329M(570M) 4.491ms
[1033.142s][info][gc] GC(14472) Pause Young (Allocation Failure) 487M->332M(570M) 5.548ms
[1033.190s][info][gc] GC(14473) Pause Young (Allocation Failure) 490M->334M(570M) 5.952ms
[1033.233s][info][gc] GC(14474) Pause Young (Allocation Failure) 492M->337M(570M) 4.061ms
[1033.278s][info][gc] GC(14475) Pause Young (Allocation Failure) 494M->339M(570M) 4.796ms
[1033.330s][info][gc] GC(14476) Pause Young (Allocation Failure) 497M->342M(570M) 5.298ms
[1033.376s][info][gc] GC(14477) Pause Young (Allocation Failure) 500M->344M(570M) 5.399ms
[1033.420s][info][gc] GC(14478) Pause Young (Allocation Failure) 502M->346M(570M) 4.264ms
[1033.464s][info][gc] GC(14479) Pause Young (Allocation Failure) 504M->348M(570M) 4.607ms
[1033.518s][info][gc] GC(14480) Pause Young (Allocation Failure) 505M->352M(570M) 5.457ms
[1033.564s][info][gc] GC(14481) Pause Young (Allocation Failure) 510M->354M(570M) 5.869ms
[1033.608s][info][gc] GC(14482) Pause Young (Allocation Failure) 511M->356M(570M) 4.112ms
[1033.653s][info][gc] GC(14483) Pause Young (Allocation Failure) 513M->358M(570M) 4.989ms
[1033.705s][info][gc] GC(14484) Pause Young (Allocation Failure) 515M->361M(570M) 5.314ms
[1033.749s][info][gc] GC(14485) Pause Young (Allocation Failure) 519M->363M(570M) 5.081ms
[1033.795s][info][gc] GC(14486) Pause Young (Allocation Failure) 520M->364M(570M) 4.714ms
[1033.843s][info][gc] GC(14487) Pause Young (Allocation Failure) 522M->367M(570M) 5.197ms
[1033.890s][info][gc] GC(14488) Pause Young (Allocation Failure) 525M->370M(570M) 5.097ms
[1033.937s][info][gc] GC(14489) Pause Young (Allocation Failure) 527M->372M(570M) 5.158ms
[1033.982s][info][gc] GC(14490) Pause Young (Allocation Failure) 529M->373M(570M) 4.921ms
[1034.033s][info][gc] GC(14491) Pause Young (Allocation Failure) 531M->376M(570M) 5.179ms
[1034.081s][info][gc] GC(14492) Pause Young (Allocation Failure) 533M->378M(570M) 5.188ms
[1034.125s][info][gc] GC(14493) Pause Young (Allocation Failure) 536M->379M(570M) 5.058ms
[1034.170s][info][gc] GC(14494) Pause Young (Allocation Failure) 537M->382M(570M) 5.138ms
[1034.225s][info][gc] GC(14495) Pause Young (Allocation Failure) 539M->385M(570M) 5.171ms
[1034.268s][info][gc] GC(14496) Pause Young (Allocation Failure) 542M->387M(570M) 5.069ms
[1034.312s][info][gc] GC(14497) Pause Young (Allocation Failure) 544M->388M(570M) 4.949ms
[1034.359s][info][gc] GC(14498) Pause Young (Allocation Failure) 546M->389M(570M) 4.634ms
[1034.416s][info][gc] GC(14499) Pause Young (Allocation Failure) 546M->393M(570M) 5.335ms
[1034.458s][info][gc] GC(14500) Pause Young (Allocation Failure) 551M->395M(570M) 5.808ms
[1034.507s][info][gc] GC(14501) Pause Young (Allocation Failure) 553M->397M(570M) 4.408ms
[1034.548s][info][gc] GC(14502) Pause Young (Allocation Failure) 555M->398M(570M) 4.564ms
[1034.603s][info][gc] GC(14503) Pause Young (Allocation Failure) 556M->402M(570M) 5.132ms
[1034.649s][info][gc] GC(14504) Pause Young (Allocation Failure) 560M->405M(570M) 5.514ms
[1034.693s][info][gc] GC(14505) Pause Young (Allocation Failure) 562M->406M(572M) 5.302ms
[1034.766s][info][gc] GC(14506) Pause Full (Allocation Failure) 406M->107M(567M) 73.130ms
[1034.813s][info][gc] GC(14507) Pause Young (Allocation Failure) 263M->112M(567M) 2.682ms
[1034.866s][info][gc] GC(14508) Pause Young (Allocation Failure) 269M->115M(567M) 3.916ms
[1034.915s][info][gc] GC(14509) Pause Young (Allocation Failure) 272M->119M(567M) 4.944ms
[1034.960s][info][gc] GC(14510) Pause Young (Allocation Failure) 276M->120M(567M) 4.945ms
[1035.010s][info][gc] GC(14511) Pause Young (Allocation Failure) 277M->122M(567M) 4.990ms
[1035.057s][info][gc] GC(14512) Pause Young (Allocation Failure) 278M->124M(567M) 4.953ms
[1035.111s][info][gc] GC(14513) Pause Young (Allocation Failure) 280M->127M(567M) 5.441ms
[1035.159s][info][gc] GC(14514) Pause Young (Allocation Failure) 284M->129M(567M) 5.102ms
[1035.206s][info][gc] GC(14515) Pause Young (Allocation Failure) 286M->132M(567M) 5.207ms
[1035.255s][info][gc] GC(14516) Pause Young (Allocation Failure) 289M->134M(567M) 5.000ms
[1035.303s][info][gc] GC(14517) Pause Young (Allocation Failure) 290M->136M(567M) 5.370ms
[1035.351s][info][gc] GC(14518) Pause Young (Allocation Failure) 293M->137M(567M) 5.111ms
[1035.400s][info][gc] GC(14519) Pause Young (Allocation Failure) 294M->141M(567M) 5.324ms
[1035.448s][info][gc] GC(14520) Pause Young (Allocation Failure) 297M->143M(567M) 4.945ms
[1035.495s][info][gc] GC(14521) Pause Young (Allocation Failure) 299M->145M(567M) 5.447ms
[1035.543s][info][gc] GC(14522) Pause Young (Allocation Failure) 302M->147M(567M) 4.817ms
[1035.588s][info][gc] GC(14523) Pause Young (Allocation Failure) 304M->150M(567M) 5.162ms
[1035.636s][info][gc] GC(14524) Pause Young (Allocation Failure) 307M->153M(567M) 5.388ms
[1035.682s][info][gc] GC(14525) Pause Young (Allocation Failure) 310M->154M(567M) 4.681ms
[1035.731s][info][gc] GC(14526) Pause Young (Allocation Failure) 311M->157M(567M) 5.089ms
[1035.773s][info][gc] GC(14527) Pause Young (Allocation Failure) 313M->157M(567M) 4.356ms
[1035.827s][info][gc] GC(14528) Pause Young (Allocation Failure) 314M->161M(567M) 5.126ms
[1035.878s][info][gc] GC(14529) Pause Young (Allocation Failure) 318M->162M(567M) 5.569ms
[1035.926s][info][gc] GC(14530) Pause Young (Allocation Failure) 319M->165M(567M) 5.372ms
[1035.965s][info][gc] GC(14531) Pause Young (Allocation Failure) 321M->165M(567M) 4.465ms
[1036.017s][info][gc] GC(14532) Pause Young (Allocation Failure) 322M->169M(567M) 5.116ms
[1036.060s][info][gc] GC(14533) Pause Young (Allocation Failure) 326M->170M(567M) 5.303ms
[1036.110s][info][gc] GC(14534) Pause Young (Allocation Failure) 327M->172M(567M) 5.266ms
[1036.152s][info][gc] GC(14535) Pause Young (Allocation Failure) 329M->174M(567M) 4.850ms
[1036.206s][info][gc] GC(14536) Pause Young (Allocation Failure) 330M->177M(567M) 5.119ms
[1036.247s][info][gc] GC(14537) Pause Young (Allocation Failure) 334M->179M(567M) 5.260ms
[1036.296s][info][gc] GC(14538) Pause Young (Allocation Failure) 335M->181M(567M) 5.197ms
[1036.342s][info][gc] GC(14539) Pause Young (Allocation Failure) 338M->181M(567M) 4.593ms
[1036.395s][info][gc] GC(14540) Pause Young (Allocation Failure) 338M->185M(567M) 4.838ms
[1036.446s][info][gc] GC(14541) Pause Young (Allocation Failure) 342M->187M(567M) 5.941ms
[1036.491s][info][gc] GC(14542) Pause Young (Allocation Failure) 343M->189M(567M) 5.355ms
[1036.537s][info][gc] GC(14543) Pause Young (Allocation Failure) 345M->190M(567M) 4.747ms
[1036.584s][info][gc] GC(14544) Pause Young (Allocation Failure) 347M->192M(567M) 4.731ms
[1036.633s][info][gc] GC(14545) Pause Young (Allocation Failure) 349M->195M(567M) 4.934ms
[1036.679s][info][gc] GC(14546) Pause Young (Allocation Failure) 352M->197M(567M) 5.150ms
[1036.724s][info][gc] GC(14547) Pause Young (Allocation Failure) 354M->199M(567M) 5.070ms
[1036.772s][info][gc] GC(14548) Pause Young (Allocation Failure) 356M->201M(567M) 4.838ms
[1036.820s][info][gc] GC(14549) Pause Young (Allocation Failure) 357M->202M(567M) 4.893ms
[1036.867s][info][gc] GC(14550) Pause Young (Allocation Failure) 359M->205M(567M) 5.188ms
[1036.913s][info][gc] GC(14551) Pause Young (Allocation Failure) 361M->207M(567M) 5.005ms
[1036.965s][info][gc] GC(14552) Pause Young (Allocation Failure) 364M->210M(567M) 5.289ms
[1037.009s][info][gc] GC(14553) Pause Young (Allocation Failure) 367M->212M(567M) 4.956ms
[1037.053s][info][gc] GC(14554) Pause Young (Allocation Failure) 369M->214M(567M) 5.115ms
[1037.097s][info][gc] GC(14555) Pause Young (Allocation Failure) 371M->216M(567M) 4.805ms
[1037.152s][info][gc] GC(14556) Pause Young (Allocation Failure) 373M->220M(567M) 5.460ms
[1037.194s][info][gc] GC(14557) Pause Young (Allocation Failure) 377M->222M(567M) 5.919ms
[1037.243s][info][gc] GC(14558) Pause Young (Allocation Failure) 379M->224M(567M) 4.372ms
[1037.287s][info][gc] GC(14559) Pause Young (Allocation Failure) 381M->226M(567M) 5.027ms
[1037.339s][info][gc] GC(14560) Pause Young (Allocation Failure) 382M->229M(567M) 5.005ms
[1037.383s][info][gc] GC(14561) Pause Young (Allocation Failure) 386M->231M(567M) 5.514ms
[1037.430s][info][gc] GC(14562) Pause Young (Allocation Failure) 388M->234M(567M) 5.183ms
[1037.478s][info][gc] GC(14563) Pause Young (Allocation Failure) 390M->235M(567M) 4.687ms
[1037.528s][info][gc] GC(14564) Pause Young (Allocation Failure) 392M->238M(567M) 5.212ms
[1037.570s][info][gc] GC(14565) Pause Young (Allocation Failure) 395M->239M(567M) 4.959ms
[1037.618s][info][gc] GC(14566) Pause Young (Allocation Failure) 396M->242M(567M) 5.129ms
[1037.662s][info][gc] GC(14567) Pause Young (Allocation Failure) 399M->243M(567M) 4.479ms
[1037.714s][info][gc] GC(14568) Pause Young (Allocation Failure) 400M->247M(567M) 4.978ms
[1037.761s][info][gc] GC(14569) Pause Young (Allocation Failure) 404M->249M(567M) 5.704ms
[1037.809s][info][gc] GC(14570) Pause Young (Allocation Failure) 406M->251M(567M) 5.547ms
[1037.853s][info][gc] GC(14571) Pause Young (Allocation Failure) 408M->252M(567M) 5.152ms
[1037.910s][info][gc] GC(14572) Pause Young (Allocation Failure) 409M->255M(567M) 5.179ms
[1037.957s][info][gc] GC(14573) Pause Young (Allocation Failure) 412M->258M(567M) 6.031ms
[1038.002s][info][gc] GC(14574) Pause Young (Allocation Failure) 414M->259M(567M) 4.980ms
[1038.047s][info][gc] GC(14575) Pause Young (Allocation Failure) 415M->260M(567M) 4.833ms
[1038.100s][info][gc] GC(14576) Pause Young (Allocation Failure) 417M->264M(567M) 5.234ms
[1038.149s][info][gc] GC(14577) Pause Young (Allocation Failure) 421M->266M(567M) 5.828ms
[1038.192s][info][gc] GC(14578) Pause Young (Allocation Failure) 423M->267M(567M) 4.844ms
[1038.240s][info][gc] GC(14579) Pause Young (Allocation Failure) 424M->269M(567M) 5.155ms
[1038.292s][info][gc] GC(14580) Pause Young (Allocation Failure) 426M->272M(567M) 4.928ms
[1038.345s][info][gc] GC(14581) Pause Young (Allocation Failure) 429M->276M(567M) 6.128ms
[1038.387s][info][gc] GC(14582) Pause Young (Allocation Failure) 432M->276M(567M) 4.896ms
[1038.436s][info][gc] GC(14583) Pause Young (Allocation Failure) 432M->279M(567M) 4.046ms
[1038.485s][info][gc] GC(14584) Pause Young (Allocation Failure) 435M->281M(567M) 4.842ms
[1038.535s][info][gc] GC(14585) Pause Young (Allocation Failure) 438M->284M(567M) 5.954ms
[1038.580s][info][gc] GC(14586) Pause Young (Allocation Failure) 441M->285M(567M) 4.898ms
[1038.629s][info][gc] GC(14587) Pause Young (Allocation Failure) 442M->288M(567M) 5.384ms
[1038.674s][info][gc] GC(14588) Pause Young (Allocation Failure) 445M->290M(567M) 4.828ms
[1038.722s][info][gc] GC(14589) Pause Young (Allocation Failure) 447M->294M(567M) 5.464ms
[1038.767s][info][gc] GC(14590) Pause Young (Allocation Failure) 450M->295M(567M) 5.228ms
[1038.813s][info][gc] GC(14591) Pause Young (Allocation Failure) 452M->296M(567M) 4.953ms
[1038.863s][info][gc] GC(14592) Pause Young (Allocation Failure) 453M->298M(567M) 4.880ms
[1038.914s][info][gc] GC(14593) Pause Young (Allocation Failure) 455M->301M(567M) 5.430ms
[1038.961s][info][gc] GC(14594) Pause Young (Allocation Failure) 458M->302M(567M) 4.795ms
[1039.004s][info][gc] GC(14595) Pause Young (Allocation Failure) 459M->305M(567M) 5.080ms
[1039.052s][info][gc] GC(14596) Pause Young (Allocation Failure) 462M->306M(567M) 4.597ms
[1039.095s][info][gc] GC(14597) Pause Young (Allocation Failure) 463M->309M(567M) 4.697ms
[1039.144s][info][gc] GC(14598) Pause Young (Allocation Failure) 465M->312M(567M) 5.258ms
[1039.187s][info][gc] GC(14599) Pause Young (Allocation Failure) 469M->313M(567M) 5.091ms
[1039.240s][info][gc] GC(14600) Pause Young (Allocation Failure) 470M->316M(567M) 5.145ms
[1039.289s][info][gc] GC(14601) Pause Young (Allocation Failure) 473M->318M(567M) 5.172ms
[1039.342s][info][gc] GC(14602) Pause Young (Allocation Failure) 475M->321M(567M) 5.465ms
[1039.390s][info][gc] GC(14603) Pause Young (Allocation Failure) 478M->322M(567M) 5.068ms
[1039.447s][info][gc] GC(14604) Pause Young (Allocation Failure) 478M->326M(567M) 5.086ms
[1039.494s][info][gc] GC(14605) Pause Young (Allocation Failure) 482M->328M(567M) 5.451ms
[1039.542s][info][gc] GC(14606) Pause Young (Allocation Failure) 484M->330M(567M) 5.742ms
[1039.584s][info][gc] GC(14607) Pause Young (Allocation Failure) 487M->331M(567M) 3.670ms
[1039.634s][info][gc] GC(14608) Pause Young (Allocation Failure) 488M->335M(567M) 4.900ms
[1039.684s][info][gc] GC(14609) Pause Young (Allocation Failure) 491M->336M(567M) 5.360ms
[1039.729s][info][gc] GC(14610) Pause Young (Allocation Failure) 493M->338M(567M) 5.002ms
[1039.769s][info][gc] GC(14611) Pause Young (Allocation Failure) 495M->340M(567M) 5.334ms
[1039.821s][info][gc] GC(14612) Pause Young (Allocation Failure) 497M->343M(567M) 5.114ms
[1039.872s][info][gc] GC(14613) Pause Young (Allocation Failure) 500M->345M(567M) 5.634ms
[1039.920s][info][gc] GC(14614) Pause Young (Allocation Failure) 502M->346M(567M) 5.575ms
[1039.967s][info][gc] GC(14615) Pause Young (Allocation Failure) 502M->348M(567M) 4.188ms
[1040.023s][info][gc] GC(14616) Pause Young (Allocation Failure) 505M->352M(567M) 5.492ms
[1040.068s][info][gc] GC(14617) Pause Young (Allocation Failure) 508M->354M(567M) 5.208ms
[1040.116s][info][gc] GC(14618) Pause Young (Allocation Failure) 511M->356M(567M) 5.221ms
[1040.162s][info][gc] GC(14619) Pause Young (Allocation Failure) 513M->358M(567M) 4.848ms
[1040.211s][info][gc] GC(14620) Pause Young (Allocation Failure) 515M->361M(567M) 4.893ms
[1040.262s][info][gc] GC(14621) Pause Young (Allocation Failure) 518M->363M(567M) 5.435ms
[1040.314s][info][gc] GC(14622) Pause Young (Allocation Failure) 519M->366M(567M) 5.695ms
[1040.359s][info][gc] GC(14623) Pause Young (Allocation Failure) 523M->367M(567M) 5.190ms
[1040.413s][info][gc] GC(14624) Pause Young (Allocation Failure) 524M->370M(567M) 5.320ms
[1040.453s][info][gc] GC(14625) Pause Young (Allocation Failure) 526M->371M(567M) 4.642ms
[1040.505s][info][gc] GC(14626) Pause Young (Allocation Failure) 527M->375M(567M) 5.540ms
[1040.548s][info][gc] GC(14627) Pause Young (Allocation Failure) 532M->375M(567M) 5.193ms
[1040.600s][info][gc] GC(14628) Pause Young (Allocation Failure) 531M->379M(567M) 5.161ms
[1040.647s][info][gc] GC(14629) Pause Young (Allocation Failure) 535M->380M(567M) 5.627ms
[1040.696s][info][gc] GC(14630) Pause Young (Allocation Failure) 537M->383M(567M) 5.310ms
[1040.737s][info][gc] GC(14631) Pause Young (Allocation Failure) 540M->383M(567M) 4.971ms
[1040.783s][info][gc] GC(14632) Pause Young (Allocation Failure) 540M->386M(567M) 4.719ms
[1040.834s][info][gc] GC(14633) Pause Young (Allocation Failure) 543M->388M(567M) 5.713ms
[1040.882s][info][gc] GC(14634) Pause Young (Allocation Failure) 545M->390M(567M) 5.099ms
[1040.925s][info][gc] GC(14635) Pause Young (Allocation Failure) 547M->392M(567M) 5.000ms
[1040.971s][info][gc] GC(14636) Pause Young (Allocation Failure) 549M->394M(567M) 4.878ms
[1041.018s][info][gc] GC(14637) Pause Young (Allocation Failure) 551M->397M(567M) 5.074ms
[1041.065s][info][gc] GC(14638) Pause Young (Allocation Failure) 554M->400M(567M) 4.959ms
[1041.110s][info][gc] GC(14639) Pause Young (Allocation Failure) 557M->402M(568M) 5.261ms
[1041.269s][info][gc] GC(14640) Pause Full (Allocation Failure) 402M->259M(627M) 159.522ms
[1041.321s][info][gc] GC(14641) Pause Young (Allocation Failure) 432M->265M(627M) 3.364ms
[1041.367s][info][gc] GC(14642) Pause Young (Allocation Failure) 439M->268M(627M) 4.025ms
[1041.424s][info][gc] GC(14643) Pause Young (Allocation Failure) 441M->272M(627M) 6.004ms
[1041.474s][info][gc] GC(14644) Pause Young (Allocation Failure) 445M->273M(627M) 5.492ms
[1041.526s][info][gc] GC(14645) Pause Young (Allocation Failure) 446M->275M(627M) 5.268ms
[1041.576s][info][gc] GC(14646) Pause Young (Allocation Failure) 449M->279M(627M) 5.584ms
[1041.629s][info][gc] GC(14647) Pause Young (Allocation Failure) 452M->281M(627M) 5.435ms
[1041.676s][info][gc] GC(14648) Pause Young (Allocation Failure) 454M->282M(627M) 5.049ms
[1041.733s][info][gc] GC(14649) Pause Young (Allocation Failure) 455M->284M(627M) 5.359ms
[1041.785s][info][gc] GC(14650) Pause Young (Allocation Failure) 457M->286M(627M) 5.854ms
[1041.838s][info][gc] GC(14651) Pause Young (Allocation Failure) 459M->288M(627M) 5.316ms
[1041.885s][info][gc] GC(14652) Pause Young (Allocation Failure) 461M->288M(627M) 4.926ms
[1041.941s][info][gc] GC(14653) Pause Young (Allocation Failure) 462M->292M(627M) 5.320ms
[1041.993s][info][gc] GC(14654) Pause Young (Allocation Failure) 465M->294M(627M) 5.779ms
[1042.042s][info][gc] GC(14655) Pause Young (Allocation Failure) 467M->296M(627M) 5.514ms
[1042.092s][info][gc] GC(14656) Pause Young (Allocation Failure) 469M->296M(627M) 4.831ms
[1042.143s][info][gc] GC(14657) Pause Young (Allocation Failure) 469M->298M(627M) 5.042ms
[1042.195s][info][gc] GC(14658) Pause Young (Allocation Failure) 472M->299M(627M) 5.403ms
[1042.244s][info][gc] GC(14659) Pause Young (Allocation Failure) 473M->300M(627M) 4.798ms
[1042.321s][info][gc] GC(14660) Pause Young (Allocation Failure) 474M->298M(627M) 3.160ms
[1042.440s][info][gc] GC(14661) Pause Young (Allocation Failure) 471M->301M(627M) 3.857ms
[1042.529s][info][gc] GC(14662) Pause Young (Allocation Failure) 474M->306M(627M) 5.499ms
[1042.612s][info][gc] GC(14663) Pause Young (Allocation Failure) 479M->307M(627M) 5.874ms
[1042.684s][info][gc] GC(14664) Pause Young (Allocation Failure) 480M->308M(627M) 4.474ms
[1042.759s][info][gc] GC(14665) Pause Young (Allocation Failure) 481M->310M(627M) 4.164ms
[1042.838s][info][gc] GC(14666) Pause Young (Allocation Failure) 483M->311M(627M) 4.458ms
[1042.910s][info][gc] GC(14667) Pause Young (Allocation Failure) 484M->312M(627M) 4.896ms
[1042.984s][info][gc] GC(14668) Pause Young (Allocation Failure) 486M->314M(627M) 4.258ms
[1043.062s][info][gc] GC(14669) Pause Young (Allocation Failure) 487M->314M(627M) 4.423ms
[1043.138s][info][gc] GC(14670) Pause Young (Allocation Failure) 487M->316M(627M) 4.682ms
[1043.213s][info][gc] GC(14671) Pause Young (Allocation Failure) 489M->318M(627M) 4.824ms
[1043.288s][info][gc] GC(14672) Pause Young (Allocation Failure) 491M->318M(627M) 4.423ms
[1043.366s][info][gc] GC(14673) Pause Young (Allocation Failure) 491M->320M(627M) 4.749ms
[1043.441s][info][gc] GC(14674) Pause Young (Allocation Failure) 493M->321M(627M) 5.118ms
[1043.515s][info][gc] GC(14675) Pause Young (Allocation Failure) 494M->323M(627M) 4.638ms
[1043.591s][info][gc] GC(14676) Pause Young (Allocation Failure) 496M->324M(627M) 4.473ms
[1043.667s][info][gc] GC(14677) Pause Young (Allocation Failure) 497M->326M(627M) 4.907ms
[1043.739s][info][gc] GC(14678) Pause Young (Allocation Failure) 499M->327M(627M) 4.708ms
[1043.812s][info][gc] GC(14679) Pause Young (Allocation Failure) 500M->327M(627M) 4.451ms
[1043.890s][info][gc] GC(14680) Pause Young (Allocation Failure) 501M->329M(627M) 4.971ms
[1043.965s][info][gc] GC(14681) Pause Young (Allocation Failure) 503M->331M(627M) 4.679ms
[1044.037s][info][gc] GC(14682) Pause Young (Allocation Failure) 504M->332M(627M) 4.701ms
[1044.114s][info][gc] GC(14683) Pause Young (Allocation Failure) 505M->333M(627M) 4.655ms
[1044.191s][info][gc] GC(14684) Pause Young (Allocation Failure) 506M->335M(627M) 4.752ms
[1044.264s][info][gc] GC(14685) Pause Young (Allocation Failure) 508M->336M(627M) 4.629ms
[1044.344s][info][gc] GC(14686) Pause Young (Allocation Failure) 509M->338M(627M) 5.018ms
[1044.415s][info][gc] GC(14687) Pause Young (Allocation Failure) 511M->338M(627M) 4.505ms
[1044.489s][info][gc] GC(14688) Pause Young (Allocation Failure) 511M->340M(627M) 4.383ms
[1044.570s][info][gc] GC(14689) Pause Young (Allocation Failure) 513M->341M(627M) 4.948ms
[1044.642s][info][gc] GC(14690) Pause Young (Allocation Failure) 515M->342M(627M) 4.650ms
[1044.717s][info][gc] GC(14691) Pause Young (Allocation Failure) 516M->344M(627M) 4.847ms
[1044.797s][info][gc] GC(14692) Pause Young (Allocation Failure) 518M->345M(627M) 4.857ms
[1044.884s][info][gc] GC(14693) Pause Young (Allocation Failure) 518M->346M(627M) 5.068ms
[1044.966s][info][gc] GC(14694) Pause Young (Allocation Failure) 519M->348M(627M) 4.620ms
[1045.048s][info][gc] GC(14695) Pause Young (Allocation Failure) 521M->349M(627M) 4.667ms
[1045.121s][info][gc] GC(14696) Pause Young (Allocation Failure) 522M->350M(627M) 4.685ms
[1045.197s][info][gc] GC(14697) Pause Young (Allocation Failure) 524M->351M(627M) 4.583ms
[1045.278s][info][gc] GC(14698) Pause Young (Allocation Failure) 525M->353M(627M) 4.768ms
[1045.353s][info][gc] GC(14699) Pause Young (Allocation Failure) 526M->354M(627M) 4.940ms
[1045.433s][info][gc] GC(14700) Pause Young (Allocation Failure) 528M->356M(627M) 4.933ms
[1045.509s][info][gc] GC(14701) Pause Young (Allocation Failure) 529M->356M(627M) 4.486ms
[1045.583s][info][gc] GC(14702) Pause Young (Allocation Failure) 530M->358M(627M) 4.670ms
[1045.658s][info][gc] GC(14703) Pause Young (Allocation Failure) 531M->360M(627M) 4.830ms
[1045.732s][info][gc] GC(14704) Pause Young (Allocation Failure) 533M->360M(627M) 4.439ms
[1045.809s][info][gc] GC(14705) Pause Young (Allocation Failure) 533M->362M(627M) 4.638ms
[1045.885s][info][gc] GC(14706) Pause Young (Allocation Failure) 535M->364M(627M) 4.680ms
[1045.962s][info][gc] GC(14707) Pause Young (Allocation Failure) 537M->364M(627M) 4.429ms
[1046.037s][info][gc] GC(14708) Pause Young (Allocation Failure) 537M->366M(627M) 4.738ms
[1046.112s][info][gc] GC(14709) Pause Young (Allocation Failure) 540M->368M(627M) 4.699ms
[1046.184s][info][gc] GC(14710) Pause Young (Allocation Failure) 541M->369M(627M) 4.618ms
[1046.262s][info][gc] GC(14711) Pause Young (Allocation Failure) 542M->370M(627M) 4.767ms
[1046.334s][info][gc] GC(14712) Pause Young (Allocation Failure) 544M->371M(627M) 4.671ms
[1046.414s][info][gc] GC(14713) Pause Young (Allocation Failure) 545M->373M(627M) 4.809ms
[1046.493s][info][gc] GC(14714) Pause Young (Allocation Failure) 546M->375M(627M) 4.833ms
[1046.564s][info][gc] GC(14715) Pause Young (Allocation Failure) 548M->376M(627M) 4.766ms
[1046.637s][info][gc] GC(14716) Pause Young (Allocation Failure) 549M->376M(627M) 4.604ms
[1046.715s][info][gc] GC(14717) Pause Young (Allocation Failure) 550M->378M(627M) 4.685ms
[1046.789s][info][gc] GC(14718) Pause Young (Allocation Failure) 551M->379M(627M) 4.730ms
[1046.863s][info][gc] GC(14719) Pause Young (Allocation Failure) 553M->381M(627M) 4.753ms
[1046.936s][info][gc] GC(14720) Pause Young (Allocation Failure) 554M->381M(627M) 4.338ms
[1047.012s][info][gc] GC(14721) Pause Young (Allocation Failure) 554M->383M(627M) 4.644ms
[1047.088s][info][gc] GC(14722) Pause Young (Allocation Failure) 557M->385M(627M) 5.219ms
[1047.161s][info][gc] GC(14723) Pause Young (Allocation Failure) 558M->385M(627M) 4.304ms
[1047.242s][info][gc] GC(14724) Pause Young (Allocation Failure) 558M->388M(627M) 4.759ms
[1047.315s][info][gc] GC(14725) Pause Young (Allocation Failure) 561M->389M(627M) 5.131ms
[1047.388s][info][gc] GC(14726) Pause Young (Allocation Failure) 562M->389M(627M) 4.664ms
[1047.467s][info][gc] GC(14727) Pause Young (Allocation Failure) 563M->391M(627M) 4.596ms
[1047.541s][info][gc] GC(14728) Pause Young (Allocation Failure) 564M->393M(627M) 4.898ms
[1047.615s][info][gc] GC(14729) Pause Young (Allocation Failure) 566M->393M(627M) 4.719ms
[1047.706s][info][gc] GC(14730) Pause Young (Allocation Failure) 567M->396M(627M) 5.067ms
[1047.785s][info][gc] GC(14731) Pause Young (Allocation Failure) 569M->397M(627M) 4.955ms
[1047.861s][info][gc] GC(14732) Pause Young (Allocation Failure) 570M->397M(627M) 4.646ms
[1047.940s][info][gc] GC(14733) Pause Young (Allocation Failure) 571M->399M(627M) 4.894ms
[1048.012s][info][gc] GC(14734) Pause Young (Allocation Failure) 573M->400M(627M) 4.599ms
[1048.086s][info][gc] GC(14735) Pause Young (Allocation Failure) 573M->402M(627M) 5.140ms
[1048.165s][info][gc] GC(14736) Pause Young (Allocation Failure) 575M->404M(627M) 4.939ms
[1048.239s][info][gc] GC(14737) Pause Young (Allocation Failure) 577M->404M(627M) 4.648ms
[1048.348s][info][gc] GC(14738) Pause Young (Allocation Failure) 577M->405M(627M) 4.444ms
[1048.462s][info][gc] GC(14739) Pause Young (Allocation Failure) 578M->405M(627M) 4.188ms
[1048.585s][info][gc] GC(14740) Pause Young (Allocation Failure) 579M->407M(627M) 4.944ms
[1048.703s][info][gc] GC(14741) Pause Young (Allocation Failure) 580M->409M(627M) 4.963ms
[1048.822s][info][gc] GC(14742) Pause Young (Allocation Failure) 582M->410M(627M) 4.913ms
[1048.943s][info][gc] GC(14743) Pause Young (Allocation Failure) 583M->411M(627M) 4.823ms
[1049.062s][info][gc] GC(14744) Pause Young (Allocation Failure) 584M->412M(627M) 4.663ms
[1049.179s][info][gc] GC(14745) Pause Young (Allocation Failure) 585M->414M(627M) 4.689ms
[1049.295s][info][gc] GC(14746) Pause Young (Allocation Failure) 587M->415M(627M) 4.716ms
[1049.413s][info][gc] GC(14747) Pause Young (Allocation Failure) 588M->416M(627M) 4.417ms
[1049.533s][info][gc] GC(14748) Pause Young (Allocation Failure) 589M->417M(627M) 4.208ms
[1049.650s][info][gc] GC(14749) Pause Young (Allocation Failure) 590M->419M(627M) 4.319ms
[1049.769s][info][gc] GC(14750) Pause Young (Allocation Failure) 592M->420M(627M) 5.192ms
[1049.884s][info][gc] GC(14751) Pause Young (Allocation Failure) 594M->421M(627M) 4.921ms
[1050.002s][info][gc] GC(14752) Pause Young (Allocation Failure) 595M->423M(627M) 4.546ms
[1050.122s][info][gc] GC(14753) Pause Young (Allocation Failure) 596M->424M(627M) 4.647ms
[1050.242s][info][gc] GC(14754) Pause Young (Allocation Failure) 598M->426M(627M) 4.906ms
[1050.359s][info][gc] GC(14755) Pause Young (Allocation Failure) 599M->427M(627M) 4.676ms
[1050.478s][info][gc] GC(14756) Pause Young (Allocation Failure) 600M->428M(627M) 4.618ms
[1050.593s][info][gc] GC(14757) Pause Young (Allocation Failure) 601M->429M(627M) 4.671ms
[1050.711s][info][gc] GC(14758) Pause Young (Allocation Failure) 603M->430M(627M) 4.267ms
[1050.836s][info][gc] GC(14759) Pause Young (Allocation Failure) 603M->432M(627M) 4.340ms
[1050.949s][info][gc] GC(14760) Pause Young (Allocation Failure) 605M->433M(627M) 4.993ms
[1051.067s][info][gc] GC(14761) Pause Young (Allocation Failure) 606M->435M(627M) 4.699ms
[1051.184s][info][gc] GC(14762) Pause Young (Allocation Failure) 608M->436M(627M) 4.754ms
[1051.301s][info][gc] GC(14763) Pause Young (Allocation Failure) 609M->437M(627M) 4.680ms
[1051.419s][info][gc] GC(14764) Pause Young (Allocation Failure) 610M->439M(627M) 4.882ms
[1051.533s][info][gc] GC(14765) Pause Young (Allocation Failure) 612M->440M(627M) 4.638ms
[1051.649s][info][gc] GC(14766) Pause Young (Allocation Failure) 613M->441M(627M) 4.652ms
[1051.765s][info][gc] GC(14767) Pause Young (Allocation Failure) 615M->443M(627M) 4.722ms
[1051.879s][info][gc] GC(14768) Pause Young (Allocation Failure) 616M->444M(627M) 4.720ms
[1051.978s][info][gc] GC(14769) Pause Full (Allocation Failure) 444M->144M(627M) 98.438ms
[1052.096s][info][gc] GC(14770) Pause Young (Allocation Failure) 317M->146M(627M) 1.427ms
[1052.215s][info][gc] GC(14771) Pause Young (Allocation Failure) 319M->148M(627M) 2.106ms
[1052.334s][info][gc] GC(14772) Pause Young (Allocation Failure) 321M->150M(627M) 2.657ms
[1052.447s][info][gc] GC(14773) Pause Young (Allocation Failure) 323M->151M(627M) 3.044ms
[1052.564s][info][gc] GC(14774) Pause Young (Allocation Failure) 324M->153M(627M) 3.423ms
[1052.677s][info][gc] GC(14775) Pause Young (Allocation Failure) 326M->154M(627M) 3.765ms
[1052.796s][info][gc] GC(14776) Pause Young (Allocation Failure) 327M->155M(627M) 4.033ms
[1052.910s][info][gc] GC(14777) Pause Young (Allocation Failure) 328M->156M(627M) 4.391ms
[1053.026s][info][gc] GC(14778) Pause Young (Allocation Failure) 329M->157M(627M) 4.384ms
[1053.143s][info][gc] GC(14779) Pause Young (Allocation Failure) 331M->159M(627M) 4.495ms
[1053.257s][info][gc] GC(14780) Pause Young (Allocation Failure) 332M->160M(627M) 4.347ms
[1053.377s][info][gc] GC(14781) Pause Young (Allocation Failure) 333M->161M(627M) 4.161ms
[1053.499s][info][gc] GC(14782) Pause Young (Allocation Failure) 334M->163M(627M) 4.402ms
[1053.618s][info][gc] GC(14783) Pause Young (Allocation Failure) 336M->164M(627M) 4.554ms
[1053.820s][info][gc] GC(14784) Pause Young (Allocation Failure) 338M->167M(627M) 5.167ms
[1053.888s][info][gc] GC(14785) Pause Young (Allocation Failure) 340M->170M(627M) 5.351ms
[1053.963s][info][gc] GC(14786) Pause Young (Allocation Failure) 343M->172M(627M) 5.600ms
[1054.026s][info][gc] GC(14787) Pause Young (Allocation Failure) 346M->174M(627M) 5.091ms
[1054.094s][info][gc] GC(14788) Pause Young (Allocation Failure) 347M->174M(627M) 4.730ms
[1054.156s][info][gc] GC(14789) Pause Young (Allocation Failure) 348M->176M(627M) 4.119ms
[1054.225s][info][gc] GC(14790) Pause Young (Allocation Failure) 349M->177M(627M) 4.692ms
[1054.286s][info][gc] GC(14791) Pause Young (Allocation Failure) 350M->178M(627M) 4.667ms
[1054.361s][info][gc] GC(14792) Pause Young (Allocation Failure) 352M->180M(627M) 4.680ms
[1054.421s][info][gc] GC(14793) Pause Young (Allocation Failure) 353M->180M(627M) 4.054ms
[1054.492s][info][gc] GC(14794) Pause Young (Allocation Failure) 353M->182M(627M) 4.704ms
[1054.558s][info][gc] GC(14795) Pause Young (Allocation Failure) 356M->182M(627M) 4.496ms
[1054.628s][info][gc] GC(14796) Pause Young (Allocation Failure) 355M->185M(627M) 4.621ms
[1054.697s][info][gc] GC(14797) Pause Young (Allocation Failure) 358M->186M(627M) 5.084ms
[1054.760s][info][gc] GC(14798) Pause Young (Allocation Failure) 359M->188M(627M) 4.653ms
[1054.833s][info][gc] GC(14799) Pause Young (Allocation Failure) 361M->188M(627M) 4.782ms
[1054.898s][info][gc] GC(14800) Pause Young (Allocation Failure) 362M->190M(627M) 4.484ms
[1054.972s][info][gc] GC(14801) Pause Young (Allocation Failure) 363M->191M(627M) 5.202ms
[1055.035s][info][gc] GC(14802) Pause Young (Allocation Failure) 365M->192M(627M) 4.406ms
[1055.110s][info][gc] GC(14803) Pause Young (Allocation Failure) 366M->194M(627M) 4.656ms
[1055.178s][info][gc] GC(14804) Pause Young (Allocation Failure) 367M->194M(627M) 4.660ms
[1055.249s][info][gc] GC(14805) Pause Young (Allocation Failure) 368M->197M(627M) 4.860ms
[1055.318s][info][gc] GC(14806) Pause Young (Allocation Failure) 371M->197M(627M) 4.833ms
[1055.388s][info][gc] GC(14807) Pause Young (Allocation Failure) 370M->200M(627M) 4.741ms
[1055.458s][info][gc] GC(14808) Pause Young (Allocation Failure) 373M->200M(627M) 4.924ms
[1055.522s][info][gc] GC(14809) Pause Young (Allocation Failure) 373M->202M(627M) 4.434ms
[1055.594s][info][gc] GC(14810) Pause Young (Allocation Failure) 375M->203M(627M) 4.786ms
[1055.659s][info][gc] GC(14811) Pause Young (Allocation Failure) 376M->204M(627M) 4.811ms
[1055.731s][info][gc] GC(14812) Pause Young (Allocation Failure) 377M->206M(627M) 5.101ms
[1055.792s][info][gc] GC(14813) Pause Young (Allocation Failure) 380M->206M(627M) 4.736ms
[1055.871s][info][gc] GC(14814) Pause Young (Allocation Failure) 380M->207M(627M) 4.229ms
[1056.045s][info][gc] GC(14815) Pause Young (Allocation Failure) 380M->211M(627M) 5.246ms
[1056.110s][info][gc] GC(14816) Pause Young (Allocation Failure) 384M->212M(627M) 5.290ms
[1056.180s][info][gc] GC(14817) Pause Young (Allocation Failure) 386M->213M(627M) 4.990ms
[1056.240s][info][gc] GC(14818) Pause Young (Allocation Failure) 386M->214M(627M) 4.382ms
[1056.317s][info][gc] GC(14819) Pause Young (Allocation Failure) 388M->217M(627M) 5.213ms
[1056.381s][info][gc] GC(14820) Pause Young (Allocation Failure) 390M->216M(627M) 4.458ms
[1056.449s][info][gc] GC(14821) Pause Young (Allocation Failure) 389M->219M(627M) 4.558ms
[1056.515s][info][gc] GC(14822) Pause Young (Allocation Failure) 392M->220M(627M) 5.027ms
[1056.582s][info][gc] GC(14823) Pause Young (Allocation Failure) 393M->222M(627M) 4.699ms
[1056.656s][info][gc] GC(14824) Pause Young (Allocation Failure) 395M->223M(627M) 5.234ms
[1056.717s][info][gc] GC(14825) Pause Young (Allocation Failure) 396M->224M(627M) 4.681ms
[1056.790s][info][gc] GC(14826) Pause Young (Allocation Failure) 397M->225M(627M) 4.726ms
[1056.854s][info][gc] GC(14827) Pause Young (Allocation Failure) 398M->225M(627M) 4.204ms
[1056.930s][info][gc] GC(14828) Pause Young (Allocation Failure) 399M->228M(627M) 4.776ms
[1057.003s][info][gc] GC(14829) Pause Young (Allocation Failure) 401M->228M(627M) 5.362ms
[1057.076s][info][gc] GC(14830) Pause Young (Allocation Failure) 402M->230M(627M) 4.590ms
[1057.142s][info][gc] GC(14831) Pause Young (Allocation Failure) 404M->230M(627M) 4.584ms
[1057.213s][info][gc] GC(14832) Pause Young (Allocation Failure) 403M->233M(627M) 4.538ms
[1057.284s][info][gc] GC(14833) Pause Young (Allocation Failure) 406M->234M(627M) 4.982ms
[1057.346s][info][gc] GC(14834) Pause Young (Allocation Failure) 407M->236M(627M) 4.707ms
[1057.420s][info][gc] GC(14835) Pause Young (Allocation Failure) 409M->238M(627M) 4.997ms
[1057.482s][info][gc] GC(14836) Pause Young (Allocation Failure) 411M->238M(627M) 4.413ms
[1057.550s][info][gc] GC(14837) Pause Young (Allocation Failure) 411M->239M(627M) 4.690ms
[1057.615s][info][gc] GC(14838) Pause Young (Allocation Failure) 413M->240M(627M) 4.350ms
[1057.685s][info][gc] GC(14839) Pause Young (Allocation Failure) 414M->242M(627M) 4.607ms
[1057.749s][info][gc] GC(14840) Pause Young (Allocation Failure) 415M->243M(627M) 4.775ms
[1057.819s][info][gc] GC(14841) Pause Young (Allocation Failure) 416M->245M(627M) 4.543ms
[1057.888s][info][gc] GC(14842) Pause Young (Allocation Failure) 418M->246M(627M) 4.951ms
[1057.959s][info][gc] GC(14843) Pause Young (Allocation Failure) 419M->247M(627M) 4.481ms
[1058.028s][info][gc] GC(14844) Pause Young (Allocation Failure) 421M->248M(627M) 4.776ms
[1058.208s][info][gc] GC(14845) Pause Young (Allocation Failure) 421M->248M(627M) 3.796ms
[1058.281s][info][gc] GC(14846) Pause Young (Allocation Failure) 421M->252M(627M) 5.457ms
[1058.355s][info][gc] GC(14847) Pause Young (Allocation Failure) 426M->254M(627M) 5.893ms
[1058.415s][info][gc] GC(14848) Pause Young (Allocation Failure) 427M->255M(627M) 4.374ms
[1058.483s][info][gc] GC(14849) Pause Young (Allocation Failure) 428M->256M(627M) 4.907ms
[1058.548s][info][gc] GC(14850) Pause Young (Allocation Failure) 429M->258M(627M) 4.912ms
[1058.620s][info][gc] GC(14851) Pause Young (Allocation Failure) 431M->259M(627M) 5.170ms
[1058.683s][info][gc] GC(14852) Pause Young (Allocation Failure) 432M->260M(627M) 4.772ms
[1058.758s][info][gc] GC(14853) Pause Young (Allocation Failure) 433M->262M(627M) 5.178ms
[1058.820s][info][gc] GC(14854) Pause Young (Allocation Failure) 435M->262M(627M) 4.668ms
[1058.893s][info][gc] GC(14855) Pause Young (Allocation Failure) 436M->264M(627M) 4.860ms
[1058.958s][info][gc] GC(14856) Pause Young (Allocation Failure) 437M->264M(627M) 4.160ms
[1059.027s][info][gc] GC(14857) Pause Young (Allocation Failure) 437M->267M(627M) 4.730ms
[1059.097s][info][gc] GC(14858) Pause Young (Allocation Failure) 440M->267M(627M) 4.792ms
[1059.164s][info][gc] GC(14859) Pause Young (Allocation Failure) 440M->269M(627M) 4.605ms
[1059.235s][info][gc] GC(14860) Pause Young (Allocation Failure) 443M->270M(627M) 5.206ms
[1059.301s][info][gc] GC(14861) Pause Young (Allocation Failure) 443M->271M(627M) 4.432ms
[1059.375s][info][gc] GC(14862) Pause Young (Allocation Failure) 445M->274M(627M) 5.210ms
[1059.441s][info][gc] GC(14863) Pause Young (Allocation Failure) 447M->274M(627M) 4.710ms
[1059.512s][info][gc] GC(14864) Pause Young (Allocation Failure) 447M->276M(627M) 4.667ms
[1059.578s][info][gc] GC(14865) Pause Young (Allocation Failure) 449M->277M(627M) 4.908ms
[1059.644s][info][gc] GC(14866) Pause Young (Allocation Failure) 450M->279M(627M) 4.671ms
[1059.711s][info][gc] GC(14867) Pause Young (Allocation Failure) 452M->280M(627M) 4.666ms
[1059.784s][info][gc] GC(14868) Pause Young (Allocation Failure) 453M->281M(627M) 4.988ms
[1059.853s][info][gc] GC(14869) Pause Young (Allocation Failure) 454M->281M(627M) 4.547ms
[1059.922s][info][gc] GC(14870) Pause Young (Allocation Failure) 455M->284M(627M) 4.618ms
[1059.996s][info][gc] GC(14871) Pause Young (Allocation Failure) 457M->284M(627M) 4.779ms
[1060.060s][info][gc] GC(14872) Pause Young (Allocation Failure) 457M->285M(627M) 4.103ms
[1060.137s][info][gc] GC(14873) Pause Young (Allocation Failure) 458M->288M(627M) 5.527ms
[1060.201s][info][gc] GC(14874) Pause Young (Allocation Failure) 461M->288M(627M) 4.802ms
[1060.273s][info][gc] GC(14875) Pause Young (Allocation Failure) 462M->288M(627M) 3.924ms
[1060.480s][info][gc] GC(14876) Pause Young (Allocation Failure) 462M->293M(627M) 5.573ms
[1060.542s][info][gc] GC(14877) Pause Young (Allocation Failure) 466M->293M(627M) 5.634ms
[1060.612s][info][gc] GC(14878) Pause Young (Allocation Failure) 467M->295M(627M) 4.556ms
[1060.674s][info][gc] GC(14879) Pause Young (Allocation Failure) 468M->296M(627M) 4.746ms
[1060.747s][info][gc] GC(14880) Pause Young (Allocation Failure) 469M->298M(627M) 5.003ms
[1060.809s][info][gc] GC(14881) Pause Young (Allocation Failure) 471M->299M(627M) 4.842ms
[1060.885s][info][gc] GC(14882) Pause Young (Allocation Failure) 472M->300M(627M) 4.990ms
[1060.946s][info][gc] GC(14883) Pause Young (Allocation Failure) 474M->300M(627M) 3.974ms
[1061.018s][info][gc] GC(14884) Pause Young (Allocation Failure) 473M->303M(627M) 4.678ms
[1061.090s][info][gc] GC(14885) Pause Young (Allocation Failure) 476M->304M(627M) 5.005ms
[1061.150s][info][gc] GC(14886) Pause Young (Allocation Failure) 477M->305M(627M) 4.413ms
[1061.223s][info][gc] GC(14887) Pause Young (Allocation Failure) 479M->307M(627M) 5.179ms
[1061.284s][info][gc] GC(14888) Pause Young (Allocation Failure) 480M->308M(627M) 4.554ms
[1061.355s][info][gc] GC(14889) Pause Young (Allocation Failure) 481M->310M(627M) 4.827ms
[1061.416s][info][gc] GC(14890) Pause Young (Allocation Failure) 483M->311M(627M) 4.421ms
[1061.487s][info][gc] GC(14891) Pause Young (Allocation Failure) 484M->312M(627M) 4.849ms
[1061.549s][info][gc] GC(14892) Pause Young (Allocation Failure) 485M->312M(627M) 4.060ms
[1061.621s][info][gc] GC(14893) Pause Young (Allocation Failure) 485M->315M(627M) 4.700ms
[1061.687s][info][gc] GC(14894) Pause Young (Allocation Failure) 488M->314M(627M) 4.714ms
[1061.756s][info][gc] GC(14895) Pause Young (Allocation Failure) 488M->318M(627M) 4.495ms
[1061.827s][info][gc] GC(14896) Pause Young (Allocation Failure) 491M->318M(627M) 4.885ms
[1061.889s][info][gc] GC(14897) Pause Young (Allocation Failure) 491M->320M(627M) 4.528ms
[1061.962s][info][gc] GC(14898) Pause Young (Allocation Failure) 493M->322M(627M) 5.126ms
[1062.024s][info][gc] GC(14899) Pause Young (Allocation Failure) 495M->322M(627M) 4.406ms
[1062.097s][info][gc] GC(14900) Pause Young (Allocation Failure) 496M->324M(627M) 4.755ms
[1062.160s][info][gc] GC(14901) Pause Young (Allocation Failure) 498M->324M(627M) 4.615ms
[1062.229s][info][gc] GC(14902) Pause Young (Allocation Failure) 497M->327M(627M) 4.554ms
[1062.296s][info][gc] GC(14903) Pause Young (Allocation Failure) 500M->328M(627M) 4.892ms
[1062.363s][info][gc] GC(14904) Pause Young (Allocation Failure) 501M->330M(627M) 4.746ms
[1062.430s][info][gc] GC(14905) Pause Young (Allocation Failure) 503M->330M(627M) 4.522ms
[1062.515s][info][gc] GC(14906) Pause Young (Allocation Failure) 503M->329M(627M) 3.377ms
[1062.682s][info][gc] GC(14907) Pause Young (Allocation Failure) 502M->334M(627M) 5.428ms
[1062.745s][info][gc] GC(14908) Pause Young (Allocation Failure) 507M->334M(627M) 5.165ms
[1062.818s][info][gc] GC(14909) Pause Young (Allocation Failure) 507M->337M(627M) 4.589ms
[1062.888s][info][gc] GC(14910) Pause Young (Allocation Failure) 510M->337M(627M) 4.807ms
[1062.952s][info][gc] GC(14911) Pause Young (Allocation Failure) 510M->339M(627M) 4.421ms
[1063.022s][info][gc] GC(14912) Pause Young (Allocation Failure) 513M->340M(627M) 4.803ms
[1063.085s][info][gc] GC(14913) Pause Young (Allocation Failure) 513M->342M(627M) 4.362ms
[1063.158s][info][gc] GC(14914) Pause Young (Allocation Failure) 515M->344M(627M) 5.340ms
[1063.216s][info][gc] GC(14915) Pause Young (Allocation Failure) 517M->345M(627M) 4.676ms
[1063.289s][info][gc] GC(14916) Pause Young (Allocation Failure) 518M->346M(627M) 4.823ms
[1063.352s][info][gc] GC(14917) Pause Young (Allocation Failure) 519M->346M(627M) 4.102ms
[1063.423s][info][gc] GC(14918) Pause Young (Allocation Failure) 519M->348M(627M) 4.729ms
[1063.486s][info][gc] GC(14919) Pause Young (Allocation Failure) 522M->349M(627M) 4.626ms
[1063.556s][info][gc] GC(14920) Pause Young (Allocation Failure) 522M->351M(627M) 4.640ms
[1063.622s][info][gc] GC(14921) Pause Young (Allocation Failure) 524M->351M(627M) 4.647ms
[1063.691s][info][gc] GC(14922) Pause Young (Allocation Failure) 524M->354M(627M) 4.775ms
[1063.761s][info][gc] GC(14923) Pause Young (Allocation Failure) 527M->354M(627M) 5.029ms
[1063.824s][info][gc] GC(14924) Pause Young (Allocation Failure) 528M->356M(627M) 4.597ms
[1063.896s][info][gc] GC(14925) Pause Young (Allocation Failure) 530M->357M(627M) 5.034ms
[1063.959s][info][gc] GC(14926) Pause Young (Allocation Failure) 531M->359M(627M) 4.672ms
[1064.029s][info][gc] GC(14927) Pause Young (Allocation Failure) 532M->360M(627M) 4.691ms
[1064.091s][info][gc] GC(14928) Pause Young (Allocation Failure) 533M->361M(627M) 4.546ms
[1064.161s][info][gc] GC(14929) Pause Young (Allocation Failure) 535M->363M(627M) 4.870ms
[1064.227s][info][gc] GC(14930) Pause Young (Allocation Failure) 537M->363M(627M) 4.003ms
[1064.296s][info][gc] GC(14931) Pause Young (Allocation Failure) 536M->365M(627M) 4.451ms
[1064.364s][info][gc] GC(14932) Pause Young (Allocation Failure) 538M->366M(627M) 4.799ms
[1064.433s][info][gc] GC(14933) Pause Young (Allocation Failure) 539M->368M(627M) 4.676ms
[1064.504s][info][gc] GC(14934) Pause Young (Allocation Failure) 541M->369M(627M) 5.121ms
[1064.569s][info][gc] GC(14935) Pause Young (Allocation Failure) 543M->371M(627M) 4.595ms
[1064.648s][info][gc] GC(14936) Pause Young (Allocation Failure) 544M->371M(627M) 4.113ms
[1064.828s][info][gc] GC(14937) Pause Young (Allocation Failure) 544M->374M(627M) 4.862ms
[1064.898s][info][gc] GC(14938) Pause Young (Allocation Failure) 547M->376M(627M) 5.289ms
[1064.970s][info][gc] GC(14939) Pause Young (Allocation Failure) 549M->376M(627M) 4.859ms
[1065.036s][info][gc] GC(14940) Pause Young (Allocation Failure) 550M->378M(627M) 4.831ms
[1065.110s][info][gc] GC(14941) Pause Young (Allocation Failure) 551M->380M(627M) 5.111ms
[1065.173s][info][gc] GC(14942) Pause Young (Allocation Failure) 553M->380M(627M) 4.595ms
[1065.251s][info][gc] GC(14943) Pause Young (Allocation Failure) 553M->382M(627M) 4.588ms
[1065.319s][info][gc] GC(14944) Pause Young (Allocation Failure) 555M->383M(627M) 4.779ms
[1065.387s][info][gc] GC(14945) Pause Young (Allocation Failure) 556M->385M(627M) 4.633ms
[1065.459s][info][gc] GC(14946) Pause Young (Allocation Failure) 558M->386M(627M) 5.171ms
[1065.526s][info][gc] GC(14947) Pause Young (Allocation Failure) 559M->387M(627M) 4.528ms
[1065.599s][info][gc] GC(14948) Pause Young (Allocation Failure) 561M->389M(627M) 5.224ms
[1065.661s][info][gc] GC(14949) Pause Young (Allocation Failure) 562M->390M(627M) 4.583ms
[1065.733s][info][gc] GC(14950) Pause Young (Allocation Failure) 563M->391M(627M) 4.906ms
[1065.796s][info][gc] GC(14951) Pause Young (Allocation Failure) 565M->392M(627M) 4.390ms
[1065.869s][info][gc] GC(14952) Pause Young (Allocation Failure) 565M->394M(627M) 4.739ms
[1065.938s][info][gc] GC(14953) Pause Young (Allocation Failure) 567M->395M(627M) 5.035ms
[1066.003s][info][gc] GC(14954) Pause Young (Allocation Failure) 568M->397M(627M) 4.719ms
[1066.071s][info][gc] GC(14955) Pause Young (Allocation Failure) 570M->397M(627M) 4.563ms
[1066.137s][info][gc] GC(14956) Pause Young (Allocation Failure) 571M->399M(627M) 4.697ms
[1066.206s][info][gc] GC(14957) Pause Young (Allocation Failure) 573M->400M(627M) 5.226ms
[1066.270s][info][gc] GC(14958) Pause Young (Allocation Failure) 574M->401M(627M) 4.531ms
[1066.338s][info][gc] GC(14959) Pause Young (Allocation Failure) 575M->403M(627M) 4.448ms
[1066.401s][info][gc] GC(14960) Pause Young (Allocation Failure) 576M->403M(627M) 4.571ms
[1066.473s][info][gc] GC(14961) Pause Young (Allocation Failure) 577M->406M(627M) 5.124ms
[1066.536s][info][gc] GC(14962) Pause Young (Allocation Failure) 579M->405M(627M) 4.511ms
[1066.607s][info][gc] GC(14963) Pause Young (Allocation Failure) 579M->408M(627M) 4.560ms
[1066.678s][info][gc] GC(14964) Pause Young (Allocation Failure) 581M->409M(627M) 4.943ms
[1066.749s][info][gc] GC(14965) Pause Young (Allocation Failure) 582M->411M(627M) 4.914ms
[1066.826s][info][gc] GC(14966) Pause Young (Allocation Failure) 584M->412M(627M) 5.146ms
[1066.903s][info][gc] GC(14967) Pause Young (Allocation Failure) 585M->411M(627M) 4.144ms
[1067.070s][info][gc] GC(14968) Pause Young (Allocation Failure) 585M->416M(627M) 5.270ms
[1067.130s][info][gc] GC(14969) Pause Young (Allocation Failure) 589M->415M(627M) 4.400ms
[1067.203s][info][gc] GC(14970) Pause Young (Allocation Failure) 588M->418M(627M) 4.456ms
[1067.272s][info][gc] GC(14971) Pause Young (Allocation Failure) 592M->419M(627M) 4.827ms
[1067.337s][info][gc] GC(14972) Pause Young (Allocation Failure) 592M->421M(627M) 4.868ms
[1067.408s][info][gc] GC(14973) Pause Young (Allocation Failure) 594M->422M(627M) 5.035ms
[1067.474s][info][gc] GC(14974) Pause Young (Allocation Failure) 596M->424M(627M) 5.115ms
[1067.547s][info][gc] GC(14975) Pause Young (Allocation Failure) 597M->425M(627M) 4.741ms
[1067.617s][info][gc] GC(14976) Pause Young (Allocation Failure) 598M->426M(627M) 4.692ms
[1067.685s][info][gc] GC(14977) Pause Young (Allocation Failure) 599M->427M(627M) 4.595ms
[1067.749s][info][gc] GC(14978) Pause Young (Allocation Failure) 600M->429M(627M) 4.574ms
[1067.829s][info][gc] GC(14979) Pause Young (Allocation Failure) 602M->430M(627M) 5.532ms
[1067.904s][info][gc] GC(14980) Pause Young (Allocation Failure) 603M->429M(627M) 4.032ms
[1067.980s][info][gc] GC(14981) Pause Young (Allocation Failure) 602M->433M(627M) 4.687ms
[1068.053s][info][gc] GC(14982) Pause Young (Allocation Failure) 606M->434M(627M) 5.336ms
[1068.113s][info][gc] GC(14983) Pause Young (Allocation Failure) 607M->434M(627M) 4.191ms
[1068.188s][info][gc] GC(14984) Pause Young (Allocation Failure) 608M->437M(627M) 4.774ms
[1068.252s][info][gc] GC(14985) Pause Young (Allocation Failure) 610M->438M(627M) 5.037ms
[1068.321s][info][gc] GC(14986) Pause Young (Allocation Failure) 611M->439M(627M) 4.825ms
[1068.386s][info][gc] GC(14987) Pause Young (Allocation Failure) 613M->440M(627M) 4.404ms
[1068.459s][info][gc] GC(14988) Pause Young (Allocation Failure) 613M->442M(627M) 4.700ms
[1068.522s][info][gc] GC(14989) Pause Young (Allocation Failure) 615M->442M(627M) 4.884ms
[1068.594s][info][gc] GC(14990) Pause Young (Allocation Failure) 616M->445M(627M) 4.847ms
[1068.661s][info][gc] GC(14991) Pause Young (Allocation Failure) 618M->445M(630M) 5.032ms
[1068.723s][info][gc] GC(14992) Pause Full (Allocation Failure) 445M->79M(627M) 61.524ms
[1068.786s][info][gc] GC(14993) Pause Young (Allocation Failure) 252M->83M(627M) 2.052ms
[1068.856s][info][gc] GC(14994) Pause Young (Allocation Failure) 256M->87M(627M) 3.496ms
[1068.918s][info][gc] GC(14995) Pause Young (Allocation Failure) 260M->87M(627M) 3.448ms
[1068.990s][info][gc] GC(14996) Pause Young (Allocation Failure) 261M->89M(627M) 3.916ms
[1069.055s][info][gc] GC(14997) Pause Young (Allocation Failure) 262M->90M(627M) 4.215ms
[1069.130s][info][gc] GC(14998) Pause Young (Allocation Failure) 263M->90M(627M) 4.236ms
[1069.307s][info][gc] GC(14999) Pause Young (Allocation Failure) 264M->94M(627M) 5.072ms
[1069.374s][info][gc] GC(15000) Pause Young (Allocation Failure) 267M->95M(627M) 5.577ms
[1069.445s][info][gc] GC(15001) Pause Young (Allocation Failure) 268M->96M(627M) 5.353ms
[1069.508s][info][gc] GC(15002) Pause Young (Allocation Failure) 270M->97M(627M) 4.809ms
[1069.580s][info][gc] GC(15003) Pause Young (Allocation Failure) 270M->98M(627M) 4.870ms
[1069.642s][info][gc] GC(15004) Pause Young (Allocation Failure) 272M->99M(627M) 4.676ms
[1069.717s][info][gc] GC(15005) Pause Young (Allocation Failure) 273M->101M(627M) 4.659ms
[1069.788s][info][gc] GC(15006) Pause Young (Allocation Failure) 275M->102M(627M) 5.026ms
[1069.858s][info][gc] GC(15007) Pause Young (Allocation Failure) 275M->104M(627M) 4.563ms
[1069.934s][info][gc] GC(15008) Pause Young (Allocation Failure) 277M->105M(627M) 5.311ms
[1070.000s][info][gc] GC(15009) Pause Young (Allocation Failure) 279M->107M(627M) 4.797ms
[1070.074s][info][gc] GC(15010) Pause Young (Allocation Failure) 280M->108M(627M) 5.173ms
[1070.141s][info][gc] GC(15011) Pause Young (Allocation Failure) 281M->109M(627M) 4.914ms
[1070.215s][info][gc] GC(15012) Pause Young (Allocation Failure) 283M->110M(627M) 5.247ms
[1070.279s][info][gc] GC(15013) Pause Young (Allocation Failure) 284M->112M(627M) 4.754ms
[1070.353s][info][gc] GC(15014) Pause Young (Allocation Failure) 285M->113M(627M) 4.877ms
[1070.418s][info][gc] GC(15015) Pause Young (Allocation Failure) 287M->113M(627M) 3.997ms
[1070.494s][info][gc] GC(15016) Pause Young (Allocation Failure) 286M->116M(627M) 4.739ms
[1070.560s][info][gc] GC(15017) Pause Young (Allocation Failure) 289M->117M(627M) 4.816ms
[1070.626s][info][gc] GC(15018) Pause Young (Allocation Failure) 290M->119M(627M) 4.575ms
[1070.696s][info][gc] GC(15019) Pause Young (Allocation Failure) 292M->119M(627M) 4.950ms
[1070.762s][info][gc] GC(15020) Pause Young (Allocation Failure) 293M->122M(627M) 4.637ms
[1070.832s][info][gc] GC(15021) Pause Young (Allocation Failure) 295M->123M(627M) 5.184ms
[1070.897s][info][gc] GC(15022) Pause Young (Allocation Failure) 296M->125M(627M) 4.894ms
[1070.967s][info][gc] GC(15023) Pause Young (Allocation Failure) 298M->125M(627M) 4.739ms
[1071.028s][info][gc] GC(15024) Pause Young (Allocation Failure) 298M->126M(627M) 4.333ms
[1071.104s][info][gc] GC(15025) Pause Young (Allocation Failure) 299M->128M(627M) 4.951ms
[1071.163s][info][gc] GC(15026) Pause Young (Allocation Failure) 302M->129M(627M) 4.832ms
[1071.236s][info][gc] GC(15027) Pause Young (Allocation Failure) 302M->131M(627M) 4.918ms
[1071.301s][info][gc] GC(15028) Pause Young (Allocation Failure) 304M->129M(627M) 4.240ms
[1071.387s][info][gc] GC(15029) Pause Young (Allocation Failure) 303M->131M(627M) 3.694ms
[1071.553s][info][gc] GC(15030) Pause Young (Allocation Failure) 304M->135M(627M) 5.563ms
[1071.615s][info][gc] GC(15031) Pause Young (Allocation Failure) 309M->135M(627M) 5.158ms
[1071.688s][info][gc] GC(15032) Pause Young (Allocation Failure) 308M->138M(627M) 4.766ms
[1071.754s][info][gc] GC(15033) Pause Young (Allocation Failure) 311M->138M(627M) 4.872ms
[1071.824s][info][gc] GC(15034) Pause Young (Allocation Failure) 311M->140M(627M) 4.769ms
[1071.899s][info][gc] GC(15035) Pause Young (Allocation Failure) 313M->142M(627M) 5.297ms
[1071.959s][info][gc] GC(15036) Pause Young (Allocation Failure) 315M->143M(627M) 4.287ms
[1072.031s][info][gc] GC(15037) Pause Young (Allocation Failure) 316M->144M(627M) 4.617ms
[1072.093s][info][gc] GC(15038) Pause Young (Allocation Failure) 318M->145M(627M) 4.820ms
[1072.164s][info][gc] GC(15039) Pause Young (Allocation Failure) 319M->147M(627M) 4.829ms
[1072.225s][info][gc] GC(15040) Pause Young (Allocation Failure) 321M->147M(627M) 4.152ms
[1072.297s][info][gc] GC(15041) Pause Young (Allocation Failure) 320M->150M(627M) 4.596ms
[1072.360s][info][gc] GC(15042) Pause Young (Allocation Failure) 323M->149M(627M) 4.491ms
[1072.431s][info][gc] GC(15043) Pause Young (Allocation Failure) 323M->153M(627M) 4.927ms
[1072.497s][info][gc] GC(15044) Pause Young (Allocation Failure) 326M->152M(627M) 4.662ms
[1072.564s][info][gc] GC(15045) Pause Young (Allocation Failure) 326M->155M(627M) 4.610ms
[1072.641s][info][gc] GC(15046) Pause Young (Allocation Failure) 328M->156M(627M) 5.166ms
[1072.705s][info][gc] GC(15047) Pause Young (Allocation Failure) 329M->157M(627M) 4.567ms
[1072.777s][info][gc] GC(15048) Pause Young (Allocation Failure) 330M->159M(627M) 4.719ms
[1072.841s][info][gc] GC(15049) Pause Young (Allocation Failure) 332M->160M(627M) 4.698ms
[1072.918s][info][gc] GC(15050) Pause Young (Allocation Failure) 334M->161M(627M) 4.794ms
[1072.981s][info][gc] GC(15051) Pause Young (Allocation Failure) 335M->163M(627M) 4.523ms
[1073.050s][info][gc] GC(15052) Pause Young (Allocation Failure) 336M->163M(627M) 4.371ms
[1073.110s][info][gc] GC(15053) Pause Young (Allocation Failure) 336M->163M(627M) 3.739ms
[1073.184s][info][gc] GC(15054) Pause Young (Allocation Failure) 337M->166M(627M) 4.842ms
[1073.254s][info][gc] GC(15055) Pause Young (Allocation Failure) 340M->167M(627M) 5.238ms
[1073.323s][info][gc] GC(15056) Pause Young (Allocation Failure) 341M->169M(627M) 4.616ms
[1073.391s][info][gc] GC(15057) Pause Young (Allocation Failure) 343M->170M(627M) 5.123ms
[1073.458s][info][gc] GC(15058) Pause Young (Allocation Failure) 344M->172M(627M) 4.640ms
[1073.533s][info][gc] GC(15059) Pause Young (Allocation Failure) 345M->172M(627M) 4.281ms
[1073.722s][info][gc] GC(15060) Pause Young (Allocation Failure) 346M->176M(627M) 5.034ms
[1073.786s][info][gc] GC(15061) Pause Young (Allocation Failure) 349M->177M(627M) 5.262ms
[1073.856s][info][gc] GC(15062) Pause Young (Allocation Failure) 350M->178M(627M) 4.805ms
[1073.920s][info][gc] GC(15063) Pause Young (Allocation Failure) 351M->179M(627M) 4.624ms
[1073.992s][info][gc] GC(15064) Pause Young (Allocation Failure) 353M->181M(627M) 5.096ms
[1074.053s][info][gc] GC(15065) Pause Young (Allocation Failure) 354M->181M(627M) 4.617ms
[1074.129s][info][gc] GC(15066) Pause Young (Allocation Failure) 355M->184M(627M) 4.876ms
[1074.193s][info][gc] GC(15067) Pause Young (Allocation Failure) 357M->183M(627M) 4.671ms
[1074.262s][info][gc] GC(15068) Pause Young (Allocation Failure) 357M->186M(627M) 4.573ms
[1074.331s][info][gc] GC(15069) Pause Young (Allocation Failure) 359M->187M(627M) 5.060ms
[1074.396s][info][gc] GC(15070) Pause Young (Allocation Failure) 360M->189M(627M) 4.661ms
[1074.464s][info][gc] GC(15071) Pause Young (Allocation Failure) 362M->189M(627M) 4.418ms
[1074.530s][info][gc] GC(15072) Pause Young (Allocation Failure) 362M->191M(627M) 4.373ms
[1074.602s][info][gc] GC(15073) Pause Young (Allocation Failure) 364M->193M(627M) 5.320ms
[1074.663s][info][gc] GC(15074) Pause Young (Allocation Failure) 366M->193M(627M) 4.242ms
[1074.731s][info][gc] GC(15075) Pause Young (Allocation Failure) 366M->195M(627M) 4.550ms
[1074.799s][info][gc] GC(15076) Pause Young (Allocation Failure) 368M->196M(627M) 4.954ms
[1074.868s][info][gc] GC(15077) Pause Young (Allocation Failure) 369M->198M(627M) 4.954ms
[1074.936s][info][gc] GC(15078) Pause Young (Allocation Failure) 371M->198M(627M) 5.344ms
[1075.005s][info][gc] GC(15079) Pause Young (Allocation Failure) 371M->200M(627M) 4.585ms
[1075.072s][info][gc] GC(15080) Pause Young (Allocation Failure) 373M->201M(627M) 4.965ms
[1075.143s][info][gc] GC(15081) Pause Young (Allocation Failure) 374M->203M(627M) 4.649ms
[1075.213s][info][gc] GC(15082) Pause Young (Allocation Failure) 376M->203M(627M) 4.681ms
[1075.279s][info][gc] GC(15083) Pause Young (Allocation Failure) 376M->205M(627M) 4.316ms
[1075.354s][info][gc] GC(15084) Pause Young (Allocation Failure) 378M->207M(627M) 5.016ms
[1075.423s][info][gc] GC(15085) Pause Young (Allocation Failure) 380M->209M(627M) 5.277ms
[1075.493s][info][gc] GC(15086) Pause Young (Allocation Failure) 382M->210M(627M) 4.761ms
[1075.555s][info][gc] GC(15087) Pause Young (Allocation Failure) 383M->210M(627M) 4.455ms
[1075.626s][info][gc] GC(15088) Pause Young (Allocation Failure) 384M->212M(627M) 4.744ms
[1075.691s][info][gc] GC(15089) Pause Young (Allocation Failure) 386M->213M(627M) 4.884ms
[1075.770s][info][gc] GC(15090) Pause Young (Allocation Failure) 386M->213M(627M) 4.004ms
[1075.959s][info][gc] GC(15091) Pause Young (Allocation Failure) 387M->223M(627M) 8.433ms
[1076.022s][info][gc] GC(15092) Pause Young (Allocation Failure) 396M->224M(627M) 7.616ms
[1076.095s][info][gc] GC(15093) Pause Young (Allocation Failure) 397M->229M(627M) 3.672ms
[1076.163s][info][gc] GC(15094) Pause Young (Allocation Failure) 402M->230M(627M) 4.311ms
[1076.244s][info][gc] GC(15095) Pause Young (Allocation Failure) 404M->232M(627M) 4.828ms
[1076.309s][info][gc] GC(15096) Pause Young (Allocation Failure) 405M->233M(627M) 4.935ms
[1076.384s][info][gc] GC(15097) Pause Young (Allocation Failure) 406M->233M(627M) 5.404ms
[1076.451s][info][gc] GC(15098) Pause Young (Allocation Failure) 407M->236M(627M) 4.976ms
[1076.517s][info][gc] GC(15099) Pause Young (Allocation Failure) 409M->235M(627M) 4.639ms
[1076.576s][info][gc] GC(15100) Pause Young (Allocation Failure) 409M->238M(627M) 4.657ms
[1076.642s][info][gc] GC(15101) Pause Young (Allocation Failure) 411M->239M(627M) 5.167ms
[1076.705s][info][gc] GC(15102) Pause Young (Allocation Failure) 412M->241M(627M) 4.928ms
[1076.762s][info][gc] GC(15103) Pause Young (Allocation Failure) 414M->240M(627M) 4.272ms
[1076.828s][info][gc] GC(15104) Pause Young (Allocation Failure) 414M->243M(627M) 4.610ms
[1076.887s][info][gc] GC(15105) Pause Young (Allocation Failure) 416M->244M(627M) 4.825ms
[1076.954s][info][gc] GC(15106) Pause Young (Allocation Failure) 417M->246M(627M) 5.009ms
[1077.011s][info][gc] GC(15107) Pause Young (Allocation Failure) 419M->246M(627M) 4.942ms
[1077.079s][info][gc] GC(15108) Pause Young (Allocation Failure) 420M->248M(627M) 4.688ms
[1077.137s][info][gc] GC(15109) Pause Young (Allocation Failure) 421M->250M(627M) 4.661ms
[1077.205s][info][gc] GC(15110) Pause Young (Allocation Failure) 423M->251M(627M) 4.991ms
[1077.263s][info][gc] GC(15111) Pause Young (Allocation Failure) 424M->253M(627M) 4.855ms
[1077.326s][info][gc] GC(15112) Pause Young (Allocation Failure) 426M->253M(627M) 4.644ms
[1077.386s][info][gc] GC(15113) Pause Young (Allocation Failure) 426M->255M(627M) 4.803ms
[1077.449s][info][gc] GC(15114) Pause Young (Allocation Failure) 428M->256M(627M) 4.825ms
[1077.513s][info][gc] GC(15115) Pause Young (Allocation Failure) 429M->258M(627M) 4.965ms
[1077.575s][info][gc] GC(15116) Pause Young (Allocation Failure) 431M->258M(627M) 4.768ms
[1077.642s][info][gc] GC(15117) Pause Young (Allocation Failure) 432M->260M(627M) 4.854ms
[1077.708s][info][gc] GC(15118) Pause Young (Allocation Failure) 433M->260M(627M) 4.626ms
[1077.774s][info][gc] GC(15119) Pause Young (Allocation Failure) 434M->263M(627M) 4.807ms
[1077.835s][info][gc] GC(15120) Pause Young (Allocation Failure) 436M->263M(627M) 4.873ms
[1077.899s][info][gc] GC(15121) Pause Young (Allocation Failure) 436M->266M(627M) 4.985ms
[1077.961s][info][gc] GC(15122) Pause Young (Allocation Failure) 439M->267M(627M) 5.098ms
[1078.026s][info][gc] GC(15123) Pause Young (Allocation Failure) 440M->268M(627M) 4.970ms
[1078.086s][info][gc] GC(15124) Pause Young (Allocation Failure) 442M->269M(627M) 4.825ms
[1078.148s][info][gc] GC(15125) Pause Young (Allocation Failure) 443M->271M(627M) 4.743ms
[1078.206s][info][gc] GC(15126) Pause Young (Allocation Failure) 444M->271M(627M) 4.578ms
[1078.270s][info][gc] GC(15127) Pause Young (Allocation Failure) 445M->274M(627M) 5.000ms
[1078.329s][info][gc] GC(15128) Pause Young (Allocation Failure) 447M->274M(627M) 4.664ms
[1078.395s][info][gc] GC(15129) Pause Young (Allocation Failure) 447M->276M(627M) 4.986ms
[1078.455s][info][gc] GC(15130) Pause Young (Allocation Failure) 449M->277M(627M) 4.864ms
[1078.516s][info][gc] GC(15131) Pause Young (Allocation Failure) 451M->278M(627M) 4.512ms
[1078.582s][info][gc] GC(15132) Pause Young (Allocation Failure) 451M->280M(627M) 4.825ms
[1078.645s][info][gc] GC(15133) Pause Young (Allocation Failure) 453M->281M(627M) 5.179ms
[1078.706s][info][gc] GC(15134) Pause Young (Allocation Failure) 454M->283M(627M) 4.889ms
[1078.768s][info][gc] GC(15135) Pause Young (Allocation Failure) 456M->283M(627M) 4.651ms
[1078.832s][info][gc] GC(15136) Pause Young (Allocation Failure) 456M->285M(627M) 4.955ms
[1078.896s][info][gc] GC(15137) Pause Young (Allocation Failure) 458M->286M(627M) 4.902ms
[1078.959s][info][gc] GC(15138) Pause Young (Allocation Failure) 459M->287M(627M) 4.708ms
[1079.029s][info][gc] GC(15139) Pause Young (Allocation Failure) 460M->289M(627M) 4.854ms
[1079.092s][info][gc] GC(15140) Pause Young (Allocation Failure) 462M->290M(627M) 4.819ms
[1079.155s][info][gc] GC(15141) Pause Young (Allocation Failure) 464M->292M(627M) 4.938ms
[1079.218s][info][gc] GC(15142) Pause Young (Allocation Failure) 465M->293M(627M) 4.907ms
[1079.279s][info][gc] GC(15143) Pause Young (Allocation Failure) 467M->294M(627M) 4.773ms
[1079.343s][info][gc] GC(15144) Pause Young (Allocation Failure) 467M->296M(627M) 5.152ms
[1079.404s][info][gc] GC(15145) Pause Young (Allocation Failure) 470M->297M(627M) 5.148ms
[1079.467s][info][gc] GC(15146) Pause Young (Allocation Failure) 471M->299M(627M) 4.735ms
[1079.528s][info][gc] GC(15147) Pause Young (Allocation Failure) 472M->300M(627M) 4.515ms
[1079.592s][info][gc] GC(15148) Pause Young (Allocation Failure) 473M->300M(627M) 4.257ms
[1079.652s][info][gc] GC(15149) Pause Young (Allocation Failure) 474M->302M(627M) 4.920ms
[1079.716s][info][gc] GC(15150) Pause Young (Allocation Failure) 476M->303M(627M) 4.649ms
[1079.779s][info][gc] GC(15151) Pause Young (Allocation Failure) 476M->305M(627M) 4.871ms
[1079.845s][info][gc] GC(15152) Pause Young (Allocation Failure) 478M->306M(627M) 4.856ms
[1079.908s][info][gc] GC(15153) Pause Young (Allocation Failure) 479M->307M(627M) 4.811ms
[1079.976s][info][gc] GC(15154) Pause Young (Allocation Failure) 480M->309M(627M) 5.231ms
[1080.040s][info][gc] GC(15155) Pause Young (Allocation Failure) 482M->310M(627M) 5.082ms
[1080.103s][info][gc] GC(15156) Pause Young (Allocation Failure) 484M->311M(627M) 4.717ms
[1080.166s][info][gc] GC(15157) Pause Young (Allocation Failure) 484M->313M(627M) 5.039ms
[1080.233s][info][gc] GC(15158) Pause Young (Allocation Failure) 486M->314M(627M) 5.234ms
[1080.305s][info][gc] GC(15159) Pause Young (Allocation Failure) 487M->316M(627M) 5.499ms
[1080.368s][info][gc] GC(15160) Pause Young (Allocation Failure) 489M->316M(627M) 4.895ms
[1080.437s][info][gc] GC(15161) Pause Young (Allocation Failure) 489M->318M(627M) 4.965ms
[1080.497s][info][gc] GC(15162) Pause Young (Allocation Failure) 491M->319M(627M) 4.747ms
[1080.564s][info][gc] GC(15163) Pause Young (Allocation Failure) 492M->320M(627M) 4.729ms
[1080.623s][info][gc] GC(15164) Pause Young (Allocation Failure) 493M->321M(627M) 4.814ms
[1080.694s][info][gc] GC(15165) Pause Young (Allocation Failure) 495M->323M(627M) 4.760ms
[1080.753s][info][gc] GC(15166) Pause Young (Allocation Failure) 496M->324M(627M) 4.636ms
[1080.816s][info][gc] GC(15167) Pause Young (Allocation Failure) 497M->325M(627M) 4.775ms
[1080.880s][info][gc] GC(15168) Pause Young (Allocation Failure) 498M->327M(627M) 4.688ms
[1080.943s][info][gc] GC(15169) Pause Young (Allocation Failure) 500M->328M(627M) 5.230ms
[1081.012s][info][gc] GC(15170) Pause Young (Allocation Failure) 501M->330M(627M) 5.202ms
[1081.073s][info][gc] GC(15171) Pause Young (Allocation Failure) 504M->331M(627M) 5.086ms
[1081.140s][info][gc] GC(15172) Pause Young (Allocation Failure) 504M->333M(627M) 4.818ms
[1081.197s][info][gc] GC(15173) Pause Young (Allocation Failure) 506M->334M(627M) 4.870ms
[1081.262s][info][gc] GC(15174) Pause Young (Allocation Failure) 507M->335M(627M) 4.482ms
[1081.322s][info][gc] GC(15175) Pause Young (Allocation Failure) 508M->336M(627M) 4.821ms
[1081.385s][info][gc] GC(15176) Pause Young (Allocation Failure) 510M->338M(627M) 4.856ms
[1081.447s][info][gc] GC(15177) Pause Young (Allocation Failure) 511M->339M(627M) 5.045ms
[1081.510s][info][gc] GC(15178) Pause Young (Allocation Failure) 513M->340M(627M) 4.877ms
[1081.570s][info][gc] GC(15179) Pause Young (Allocation Failure) 513M->342M(627M) 4.876ms
[1081.633s][info][gc] GC(15180) Pause Young (Allocation Failure) 515M->343M(627M) 4.874ms
[1081.695s][info][gc] GC(15181) Pause Young (Allocation Failure) 516M->344M(627M) 4.800ms
[1081.757s][info][gc] GC(15182) Pause Young (Allocation Failure) 517M->346M(627M) 5.080ms
[1081.816s][info][gc] GC(15183) Pause Young (Allocation Failure) 519M->346M(627M) 4.555ms
[1081.881s][info][gc] GC(15184) Pause Young (Allocation Failure) 519M->348M(627M) 4.831ms
[1081.941s][info][gc] GC(15185) Pause Young (Allocation Failure) 521M->350M(627M) 5.019ms
[1082.001s][info][gc] GC(15186) Pause Young (Allocation Failure) 523M->350M(627M) 4.666ms
[1082.066s][info][gc] GC(15187) Pause Young (Allocation Failure) 524M->353M(627M) 5.041ms
[1082.128s][info][gc] GC(15188) Pause Young (Allocation Failure) 526M->353M(627M) 4.811ms
[1082.191s][info][gc] GC(15189) Pause Young (Allocation Failure) 527M->355M(627M) 4.861ms
[1082.255s][info][gc] GC(15190) Pause Young (Allocation Failure) 528M->356M(627M) 4.957ms
[1082.315s][info][gc] GC(15191) Pause Young (Allocation Failure) 529M->357M(627M) 4.883ms
[1082.374s][info][gc] GC(15192) Pause Young (Allocation Failure) 531M->358M(627M) 4.641ms
[1082.440s][info][gc] GC(15193) Pause Young (Allocation Failure) 531M->360M(627M) 4.815ms
[1082.499s][info][gc] GC(15194) Pause Young (Allocation Failure) 533M->361M(627M) 4.638ms
[1082.559s][info][gc] GC(15195) Pause Young (Allocation Failure) 534M->362M(627M) 4.634ms
[1082.626s][info][gc] GC(15196) Pause Young (Allocation Failure) 535M->364M(627M) 5.060ms
[1082.685s][info][gc] GC(15197) Pause Young (Allocation Failure) 538M->365M(627M) 4.765ms
[1082.749s][info][gc] GC(15198) Pause Young (Allocation Failure) 538M->367M(627M) 4.606ms
[1082.811s][info][gc] GC(15199) Pause Young (Allocation Failure) 540M->368M(627M) 4.740ms
[1082.875s][info][gc] GC(15200) Pause Young (Allocation Failure) 541M->369M(627M) 4.733ms
[1082.934s][info][gc] GC(15201) Pause Young (Allocation Failure) 542M->371M(627M) 4.816ms
[1082.997s][info][gc] GC(15202) Pause Young (Allocation Failure) 544M->371M(627M) 4.763ms
[1083.060s][info][gc] GC(15203) Pause Young (Allocation Failure) 545M->373M(627M) 4.717ms
[1083.133s][info][gc] GC(15204) Pause Young (Allocation Failure) 546M->374M(627M) 4.920ms
[1083.191s][info][gc] GC(15205) Pause Young (Allocation Failure) 548M->376M(627M) 4.788ms
[1083.256s][info][gc] GC(15206) Pause Young (Allocation Failure) 549M->377M(627M) 4.748ms
[1083.317s][info][gc] GC(15207) Pause Young (Allocation Failure) 550M->379M(627M) 4.973ms
[1083.375s][info][gc] GC(15208) Pause Young (Allocation Failure) 552M->379M(627M) 4.553ms
[1083.442s][info][gc] GC(15209) Pause Young (Allocation Failure) 552M->382M(627M) 5.235ms
[1083.505s][info][gc] GC(15210) Pause Young (Allocation Failure) 555M->383M(627M) 5.025ms
[1083.565s][info][gc] GC(15211) Pause Young (Allocation Failure) 556M->383M(627M) 4.486ms
[1083.625s][info][gc] GC(15212) Pause Young (Allocation Failure) 557M->384M(627M) 4.640ms
[1083.689s][info][gc] GC(15213) Pause Young (Allocation Failure) 558M->386M(627M) 4.776ms
[1083.751s][info][gc] GC(15214) Pause Young (Allocation Failure) 559M->387M(627M) 4.778ms
[1083.813s][info][gc] GC(15215) Pause Young (Allocation Failure) 560M->389M(627M) 4.804ms
[1083.878s][info][gc] GC(15216) Pause Young (Allocation Failure) 562M->391M(627M) 4.969ms
[1083.941s][info][gc] GC(15217) Pause Young (Allocation Failure) 564M->392M(627M) 4.915ms
[1084.000s][info][gc] GC(15218) Pause Young (Allocation Failure) 565M->393M(627M) 4.834ms
[1084.065s][info][gc] GC(15219) Pause Young (Allocation Failure) 566M->394M(627M) 5.000ms
[1084.128s][info][gc] GC(15220) Pause Young (Allocation Failure) 567M->396M(627M) 5.146ms
[1084.193s][info][gc] GC(15221) Pause Young (Allocation Failure) 569M->397M(627M) 5.090ms
[1084.253s][info][gc] GC(15222) Pause Young (Allocation Failure) 570M->398M(627M) 4.384ms
[1084.315s][info][gc] GC(15223) Pause Young (Allocation Failure) 571M->398M(627M) 4.474ms
[1084.380s][info][gc] GC(15224) Pause Young (Allocation Failure) 571M->401M(627M) 5.066ms
[1084.442s][info][gc] GC(15225) Pause Young (Allocation Failure) 574M->401M(627M) 5.093ms
[1084.507s][info][gc] GC(15226) Pause Young (Allocation Failure) 574M->404M(627M) 4.712ms
[1084.566s][info][gc] GC(15227) Pause Young (Allocation Failure) 577M->404M(627M) 4.774ms
[1084.631s][info][gc] GC(15228) Pause Young (Allocation Failure) 577M->406M(627M) 4.650ms
[1084.686s][info][gc] GC(15229) Pause Young (Allocation Failure) 580M->407M(627M) 4.724ms
[1084.752s][info][gc] GC(15230) Pause Young (Allocation Failure) 580M->408M(627M) 4.502ms
[1084.813s][info][gc] GC(15231) Pause Young (Allocation Failure) 581M->410M(627M) 4.818ms
[1084.881s][info][gc] GC(15232) Pause Young (Allocation Failure) 583M->411M(627M) 4.816ms
[1084.944s][info][gc] GC(15233) Pause Young (Allocation Failure) 584M->413M(627M) 5.087ms
[1085.009s][info][gc] GC(15234) Pause Young (Allocation Failure) 586M->413M(627M) 4.847ms
[1085.071s][info][gc] GC(15235) Pause Young (Allocation Failure) 587M->415M(627M) 4.754ms
[1085.137s][info][gc] GC(15236) Pause Young (Allocation Failure) 588M->416M(627M) 5.023ms
[1085.202s][info][gc] GC(15237) Pause Young (Allocation Failure) 590M->418M(627M) 5.191ms
[1085.264s][info][gc] GC(15238) Pause Young (Allocation Failure) 591M->419M(627M) 4.906ms
[1085.329s][info][gc] GC(15239) Pause Young (Allocation Failure) 592M->421M(627M) 5.192ms
[1085.391s][info][gc] GC(15240) Pause Young (Allocation Failure) 594M->421M(627M) 5.026ms
[1085.460s][info][gc] GC(15241) Pause Young (Allocation Failure) 594M->423M(627M) 4.560ms
[1085.517s][info][gc] GC(15242) Pause Young (Allocation Failure) 597M->424M(627M) 4.771ms
[1085.581s][info][gc] GC(15243) Pause Young (Allocation Failure) 597M->426M(627M) 4.897ms
[1085.638s][info][gc] GC(15244) Pause Young (Allocation Failure) 599M->426M(627M) 4.570ms
[1085.703s][info][gc] GC(15245) Pause Young (Allocation Failure) 599M->427M(627M) 4.773ms
[1085.765s][info][gc] GC(15246) Pause Young (Allocation Failure) 601M->430M(627M) 4.940ms
[1085.830s][info][gc] GC(15247) Pause Young (Allocation Failure) 603M->431M(627M) 5.039ms
[1085.890s][info][gc] GC(15248) Pause Young (Allocation Failure) 604M->432M(627M) 4.868ms
[1085.956s][info][gc] GC(15249) Pause Young (Allocation Failure) 605M->433M(627M) 4.933ms
[1086.018s][info][gc] GC(15250) Pause Young (Allocation Failure) 607M->435M(627M) 5.247ms
[1086.082s][info][gc] GC(15251) Pause Young (Allocation Failure) 609M->436M(627M) 5.225ms
[1086.143s][info][gc] GC(15252) Pause Young (Allocation Failure) 610M->438M(627M) 4.568ms
[1086.207s][info][gc] GC(15253) Pause Young (Allocation Failure) 611M->439M(627M) 5.238ms
[1086.267s][info][gc] GC(15254) Pause Young (Allocation Failure) 612M->440M(627M) 4.381ms
[1086.327s][info][gc] GC(15255) Pause Young (Allocation Failure) 613M->441M(627M) 4.631ms
[1086.392s][info][gc] GC(15256) Pause Young (Allocation Failure) 614M->442M(627M) 4.728ms
[1086.449s][info][gc] GC(15257) Pause Young (Allocation Failure) 616M->442M(627M) 4.232ms
[1086.513s][info][gc] GC(15258) Pause Young (Allocation Failure) 616M->446M(627M) 4.974ms
[1086.569s][info][gc] GC(15259) Pause Young (Allocation Failure) 619M->445M(631M) 5.181ms
[1086.730s][info][gc] GC(15260) Pause Full (Allocation Failure) 445M->275M(664M) 161.529ms
[1086.801s][info][gc] GC(15261) Pause Young (Allocation Failure) 458M->281M(664M) 2.930ms
[1086.859s][info][gc] GC(15262) Pause Young (Allocation Failure) 464M->282M(664M) 3.308ms
[1086.930s][info][gc] GC(15263) Pause Young (Allocation Failure) 465M->284M(664M) 4.380ms
[1086.990s][info][gc] GC(15264) Pause Young (Allocation Failure) 468M->284M(664M) 3.890ms
[1087.062s][info][gc] GC(15265) Pause Young (Allocation Failure) 468M->287M(664M) 4.989ms
[1087.121s][info][gc] GC(15266) Pause Young (Allocation Failure) 471M->287M(664M) 4.660ms
[1087.192s][info][gc] GC(15267) Pause Young (Allocation Failure) 470M->289M(664M) 5.000ms
[1087.254s][info][gc] GC(15268) Pause Young (Allocation Failure) 473M->290M(664M) 5.189ms
[1087.324s][info][gc] GC(15269) Pause Young (Allocation Failure) 474M->293M(664M) 5.319ms
[1087.385s][info][gc] GC(15270) Pause Young (Allocation Failure) 476M->293M(664M) 5.227ms
[1087.454s][info][gc] GC(15271) Pause Young (Allocation Failure) 477M->294M(664M) 4.779ms
[1087.520s][info][gc] GC(15272) Pause Young (Allocation Failure) 478M->296M(664M) 4.718ms
[1087.592s][info][gc] GC(15273) Pause Young (Allocation Failure) 480M->298M(664M) 5.611ms
[1087.651s][info][gc] GC(15274) Pause Young (Allocation Failure) 482M->299M(664M) 4.900ms
[1087.724s][info][gc] GC(15275) Pause Young (Allocation Failure) 483M->301M(664M) 5.288ms
[1087.782s][info][gc] GC(15276) Pause Young (Allocation Failure) 485M->301M(664M) 4.654ms
[1087.853s][info][gc] GC(15277) Pause Young (Allocation Failure) 485M->303M(664M) 4.885ms
[1087.919s][info][gc] GC(15278) Pause Young (Allocation Failure) 487M->305M(664M) 5.639ms
[1087.985s][info][gc] GC(15279) Pause Young (Allocation Failure) 489M->306M(664M) 5.048ms
[1088.052s][info][gc] GC(15280) Pause Young (Allocation Failure) 489M->308M(664M) 5.394ms
[1088.118s][info][gc] GC(15281) Pause Young (Allocation Failure) 492M->308M(664M) 5.176ms
[1088.184s][info][gc] GC(15282) Pause Young (Allocation Failure) 492M->311M(664M) 4.733ms
[1088.250s][info][gc] GC(15283) Pause Young (Allocation Failure) 494M->311M(664M) 5.096ms
[1088.315s][info][gc] GC(15284) Pause Young (Allocation Failure) 495M->313M(664M) 5.041ms
[1088.384s][info][gc] GC(15285) Pause Young (Allocation Failure) 497M->315M(664M) 5.168ms
[1088.450s][info][gc] GC(15286) Pause Young (Allocation Failure) 498M->316M(664M) 5.314ms
[1088.516s][info][gc] GC(15287) Pause Young (Allocation Failure) 500M->317M(664M) 4.863ms
[1088.580s][info][gc] GC(15288) Pause Young (Allocation Failure) 500M->318M(664M) 4.902ms
[1088.644s][info][gc] GC(15289) Pause Young (Allocation Failure) 502M->319M(664M) 4.635ms
[1088.711s][info][gc] GC(15290) Pause Young (Allocation Failure) 503M->321M(664M) 4.619ms
[1088.775s][info][gc] GC(15291) Pause Young (Allocation Failure) 504M->322M(664M) 5.082ms
[1088.840s][info][gc] GC(15292) Pause Young (Allocation Failure) 506M->323M(664M) 5.296ms
[1088.908s][info][gc] GC(15293) Pause Young (Allocation Failure) 507M->326M(664M) 5.462ms
[1088.972s][info][gc] GC(15294) Pause Young (Allocation Failure) 509M->326M(664M) 5.148ms
[1089.038s][info][gc] GC(15295) Pause Young (Allocation Failure) 510M->328M(664M) 4.747ms
[1089.103s][info][gc] GC(15296) Pause Young (Allocation Failure) 511M->330M(664M) 5.455ms
[1089.171s][info][gc] GC(15297) Pause Young (Allocation Failure) 513M->331M(664M) 4.897ms
[1089.236s][info][gc] GC(15298) Pause Young (Allocation Failure) 514M->333M(664M) 5.185ms
[1089.304s][info][gc] GC(15299) Pause Young (Allocation Failure) 516M->334M(664M) 5.105ms
[1089.365s][info][gc] GC(15300) Pause Young (Allocation Failure) 518M->335M(664M) 4.688ms
[1089.436s][info][gc] GC(15301) Pause Young (Allocation Failure) 518M->337M(664M) 5.009ms
[1089.501s][info][gc] GC(15302) Pause Young (Allocation Failure) 520M->336M(664M) 4.849ms
[1089.678s][info][gc] GC(15303) Pause Young (Allocation Failure) 520M->339M(664M) 4.692ms
[1089.805s][info][gc] GC(15304) Pause Young (Allocation Failure) 523M->341M(664M) 5.400ms
[1089.931s][info][gc] GC(15305) Pause Young (Allocation Failure) 525M->342M(664M) 4.724ms
[1090.056s][info][gc] GC(15306) Pause Young (Allocation Failure) 526M->344M(664M) 4.881ms
[1090.183s][info][gc] GC(15307) Pause Young (Allocation Failure) 527M->345M(664M) 4.693ms
[1090.307s][info][gc] GC(15308) Pause Young (Allocation Failure) 528M->346M(664M) 4.801ms
[1090.436s][info][gc] GC(15309) Pause Young (Allocation Failure) 530M->347M(664M) 3.756ms
[1090.559s][info][gc] GC(15310) Pause Young (Allocation Failure) 531M->349M(664M) 4.223ms
[1090.681s][info][gc] GC(15311) Pause Young (Allocation Failure) 533M->351M(664M) 4.736ms
[1090.799s][info][gc] GC(15312) Pause Young (Allocation Failure) 534M->352M(664M) 4.653ms
[1090.927s][info][gc] GC(15313) Pause Young (Allocation Failure) 535M->353M(664M) 4.616ms
[1091.051s][info][gc] GC(15314) Pause Young (Allocation Failure) 537M->355M(664M) 5.012ms
[1091.177s][info][gc] GC(15315) Pause Young (Allocation Failure) 538M->355M(664M) 4.524ms
[1091.307s][info][gc] GC(15316) Pause Young (Allocation Failure) 539M->358M(664M) 4.767ms
[1091.431s][info][gc] GC(15317) Pause Young (Allocation Failure) 541M->359M(664M) 5.360ms
[1091.560s][info][gc] GC(15318) Pause Young (Allocation Failure) 543M->360M(664M) 5.049ms
[1091.682s][info][gc] GC(15319) Pause Young (Allocation Failure) 544M->361M(664M) 4.492ms
[1091.807s][info][gc] GC(15320) Pause Young (Allocation Failure) 545M->363M(664M) 4.531ms
[1091.939s][info][gc] GC(15321) Pause Young (Allocation Failure) 546M->364M(664M) 4.676ms
[1092.061s][info][gc] GC(15322) Pause Young (Allocation Failure) 548M->366M(664M) 4.764ms
[1092.183s][info][gc] GC(15323) Pause Young (Allocation Failure) 550M->367M(664M) 4.799ms
[1092.306s][info][gc] GC(15324) Pause Young (Allocation Failure) 551M->369M(664M) 4.868ms
[1092.429s][info][gc] GC(15325) Pause Young (Allocation Failure) 553M->370M(664M) 4.577ms
[1092.551s][info][gc] GC(15326) Pause Young (Allocation Failure) 553M->371M(664M) 4.691ms
[1092.679s][info][gc] GC(15327) Pause Young (Allocation Failure) 555M->373M(664M) 4.633ms
[1092.802s][info][gc] GC(15328) Pause Young (Allocation Failure) 557M->374M(664M) 4.729ms
[1092.926s][info][gc] GC(15329) Pause Young (Allocation Failure) 558M->376M(664M) 4.776ms
[1093.051s][info][gc] GC(15330) Pause Young (Allocation Failure) 559M->377M(664M) 4.854ms
[1093.173s][info][gc] GC(15331) Pause Young (Allocation Failure) 561M->379M(664M) 4.752ms
[1093.296s][info][gc] GC(15332) Pause Young (Allocation Failure) 562M->380M(664M) 4.623ms
[1093.423s][info][gc] GC(15333) Pause Young (Allocation Failure) 563M->381M(664M) 4.687ms
[1093.549s][info][gc] GC(15334) Pause Young (Allocation Failure) 565M->383M(664M) 4.805ms
[1093.670s][info][gc] GC(15335) Pause Young (Allocation Failure) 567M->384M(664M) 4.744ms
[1093.793s][info][gc] GC(15336) Pause Young (Allocation Failure) 568M->386M(664M) 4.963ms
[1093.919s][info][gc] GC(15337) Pause Young (Allocation Failure) 569M->386M(664M) 4.535ms
[1094.045s][info][gc] GC(15338) Pause Young (Allocation Failure) 570M->388M(664M) 4.669ms
[1094.172s][info][gc] GC(15339) Pause Young (Allocation Failure) 572M->390M(664M) 4.637ms
[1094.294s][info][gc] GC(15340) Pause Young (Allocation Failure) 573M->391M(664M) 4.557ms
[1094.420s][info][gc] GC(15341) Pause Young (Allocation Failure) 574M->393M(664M) 4.896ms
[1094.543s][info][gc] GC(15342) Pause Young (Allocation Failure) 576M->394M(664M) 4.898ms
[1094.663s][info][gc] GC(15343) Pause Young (Allocation Failure) 578M->395M(664M) 4.737ms
[1094.785s][info][gc] GC(15344) Pause Young (Allocation Failure) 579M->396M(664M) 4.632ms
[1094.918s][info][gc] GC(15345) Pause Young (Allocation Failure) 580M->398M(664M) 4.916ms
[1095.040s][info][gc] GC(15346) Pause Young (Allocation Failure) 582M->400M(664M) 4.816ms
[1095.165s][info][gc] GC(15347) Pause Young (Allocation Failure) 583M->401M(664M) 4.936ms
[1095.288s][info][gc] GC(15348) Pause Young (Allocation Failure) 585M->402M(664M) 4.801ms
[1095.413s][info][gc] GC(15349) Pause Young (Allocation Failure) 586M->404M(664M) 4.836ms
[1095.537s][info][gc] GC(15350) Pause Young (Allocation Failure) 587M->405M(664M) 4.583ms
[1095.664s][info][gc] GC(15351) Pause Young (Allocation Failure) 588M->406M(664M) 4.589ms
[1095.787s][info][gc] GC(15352) Pause Young (Allocation Failure) 590M->408M(664M) 4.685ms
[1095.910s][info][gc] GC(15353) Pause Young (Allocation Failure) 591M->409M(664M) 4.601ms
[1096.036s][info][gc] GC(15354) Pause Young (Allocation Failure) 593M->411M(664M) 4.737ms
[1096.159s][info][gc] GC(15355) Pause Young (Allocation Failure) 594M->412M(664M) 4.854ms
[1096.283s][info][gc] GC(15356) Pause Young (Allocation Failure) 596M->413M(664M) 4.532ms
[1096.409s][info][gc] GC(15357) Pause Young (Allocation Failure) 596M->415M(664M) 4.761ms
[1096.535s][info][gc] GC(15358) Pause Young (Allocation Failure) 598M->416M(664M) 5.166ms
[1096.656s][info][gc] GC(15359) Pause Young (Allocation Failure) 600M->418M(664M) 4.722ms
[1096.780s][info][gc] GC(15360) Pause Young (Allocation Failure) 601M->419M(664M) 4.758ms
[1096.903s][info][gc] GC(15361) Pause Young (Allocation Failure) 603M->421M(664M) 4.851ms
[1097.026s][info][gc] GC(15362) Pause Young (Allocation Failure) 604M->422M(664M) 4.667ms
[1097.153s][info][gc] GC(15363) Pause Young (Allocation Failure) 605M->423M(664M) 4.636ms
[1097.274s][info][gc] GC(15364) Pause Young (Allocation Failure) 607M->424M(664M) 4.627ms
[1097.398s][info][gc] GC(15365) Pause Young (Allocation Failure) 608M->426M(664M) 4.723ms
[1097.524s][info][gc] GC(15366) Pause Young (Allocation Failure) 610M->428M(664M) 4.736ms
[1097.643s][info][gc] GC(15367) Pause Young (Allocation Failure) 611M->429M(664M) 4.710ms
[1097.766s][info][gc] GC(15368) Pause Young (Allocation Failure) 612M->430M(664M) 4.787ms
[1097.889s][info][gc] GC(15369) Pause Young (Allocation Failure) 614M->431M(664M) 4.577ms
[1098.015s][info][gc] GC(15370) Pause Young (Allocation Failure) 615M->433M(664M) 4.707ms
[1098.140s][info][gc] GC(15371) Pause Young (Allocation Failure) 617M->435M(664M) 4.743ms
[1098.262s][info][gc] GC(15372) Pause Young (Allocation Failure) 618M->436M(664M) 4.890ms
[1098.386s][info][gc] GC(15373) Pause Young (Allocation Failure) 620M->437M(664M) 4.727ms
[1098.511s][info][gc] GC(15374) Pause Young (Allocation Failure) 621M->439M(664M) 4.874ms
[1098.633s][info][gc] GC(15375) Pause Young (Allocation Failure) 622M->439M(664M) 4.347ms
[1098.762s][info][gc] GC(15376) Pause Young (Allocation Failure) 623M->442M(664M) 4.779ms
[1098.887s][info][gc] GC(15377) Pause Young (Allocation Failure) 625M->442M(664M) 4.922ms
[1099.014s][info][gc] GC(15378) Pause Young (Allocation Failure) 626M->444M(664M) 4.883ms
[1099.137s][info][gc] GC(15379) Pause Young (Allocation Failure) 628M->446M(664M) 4.789ms
[1099.261s][info][gc] GC(15380) Pause Young (Allocation Failure) 629M->447M(664M) 4.828ms
[1099.385s][info][gc] GC(15381) Pause Young (Allocation Failure) 631M->448M(664M) 4.529ms
[1099.515s][info][gc] GC(15382) Pause Young (Allocation Failure) 631M->450M(664M) 4.620ms
[1099.642s][info][gc] GC(15383) Pause Young (Allocation Failure) 633M->451M(664M) 5.235ms
[1099.767s][info][gc] GC(15384) Pause Young (Allocation Failure) 635M->453M(664M) 4.848ms
[1099.890s][info][gc] GC(15385) Pause Young (Allocation Failure) 636M->454M(664M) 5.009ms
[1100.013s][info][gc] GC(15386) Pause Young (Allocation Failure) 638M->455M(664M) 4.936ms
[1100.138s][info][gc] GC(15387) Pause Young (Allocation Failure) 639M->456M(664M) 4.543ms
[1100.273s][info][gc] GC(15388) Pause Young (Allocation Failure) 640M->458M(664M) 4.753ms
[1100.467s][info][gc] GC(15389) Pause Young (Allocation Failure) 642M->458M(664M) 4.701ms
[1100.587s][info][gc] GC(15390) Pause Young (Allocation Failure) 641M->465M(664M) 6.019ms
[1100.649s][info][gc] GC(15391) Pause Young (Allocation Failure) 648M->466M(664M) 6.946ms
[1100.722s][info][gc] GC(15392) Pause Young (Allocation Failure) 650M->468M(664M) 5.446ms
[1100.782s][info][gc] GC(15393) Pause Young (Allocation Failure) 652M->469M(664M) 4.988ms
[1100.852s][info][gc] GC(15394) Pause Young (Allocation Failure) 653M->471M(667M) 5.287ms
[1100.905s][info][gc] GC(15395) Pause Full (Allocation Failure) 471M->49M(664M) 53.021ms
[1100.962s][info][gc] GC(15396) Pause Young (Allocation Failure) 232M->52M(664M) 2.050ms
[1101.033s][info][gc] GC(15397) Pause Young (Allocation Failure) 236M->57M(664M) 3.605ms
[1101.089s][info][gc] GC(15398) Pause Young (Allocation Failure) 241M->56M(664M) 3.102ms
[1101.160s][info][gc] GC(15399) Pause Young (Allocation Failure) 240M->60M(664M) 4.351ms
[1101.218s][info][gc] GC(15400) Pause Young (Allocation Failure) 243M->60M(664M) 4.033ms
[1101.290s][info][gc] GC(15401) Pause Young (Allocation Failure) 243M->63M(664M) 5.153ms
[1101.352s][info][gc] GC(15402) Pause Young (Allocation Failure) 246M->63M(664M) 5.231ms
[1101.426s][info][gc] GC(15403) Pause Young (Allocation Failure) 247M->66M(664M) 5.387ms
[1101.485s][info][gc] GC(15404) Pause Young (Allocation Failure) 249M->66M(664M) 4.588ms
[1101.557s][info][gc] GC(15405) Pause Young (Allocation Failure) 249M->68M(664M) 5.071ms
[1101.619s][info][gc] GC(15406) Pause Young (Allocation Failure) 252M->69M(664M) 5.405ms
[1101.691s][info][gc] GC(15407) Pause Young (Allocation Failure) 252M->71M(664M) 5.303ms
[1101.755s][info][gc] GC(15408) Pause Young (Allocation Failure) 254M->71M(664M) 4.606ms
[1101.825s][info][gc] GC(15409) Pause Young (Allocation Failure) 255M->73M(664M) 5.000ms
[1101.889s][info][gc] GC(15410) Pause Young (Allocation Failure) 257M->75M(664M) 5.366ms
[1101.960s][info][gc] GC(15411) Pause Young (Allocation Failure) 258M->77M(664M) 5.259ms
[1102.024s][info][gc] GC(15412) Pause Young (Allocation Failure) 260M->77M(664M) 4.834ms
[1102.092s][info][gc] GC(15413) Pause Young (Allocation Failure) 261M->79M(664M) 5.029ms
[1102.154s][info][gc] GC(15414) Pause Young (Allocation Failure) 262M->80M(664M) 4.931ms
[1102.228s][info][gc] GC(15415) Pause Young (Allocation Failure) 264M->82M(664M) 5.825ms
[1102.292s][info][gc] GC(15416) Pause Young (Allocation Failure) 265M->83M(664M) 5.126ms
[1102.362s][info][gc] GC(15417) Pause Young (Allocation Failure) 267M->85M(664M) 5.265ms
[1102.424s][info][gc] GC(15418) Pause Young (Allocation Failure) 269M->86M(664M) 4.785ms
[1102.619s][info][gc] GC(15419) Pause Young (Allocation Failure) 269M->85M(664M) 4.059ms
[1102.694s][info][gc] GC(15420) Pause Young (Allocation Failure) 269M->90M(664M) 5.436ms
[1102.755s][info][gc] GC(15421) Pause Young (Allocation Failure) 273M->88M(664M) 4.676ms
[1102.824s][info][gc] GC(15422) Pause Young (Allocation Failure) 272M->92M(664M) 4.850ms
[1102.889s][info][gc] GC(15423) Pause Young (Allocation Failure) 276M->92M(664M) 4.668ms
[1102.961s][info][gc] GC(15424) Pause Young (Allocation Failure) 276M->96M(664M) 5.542ms
[1103.019s][info][gc] GC(15425) Pause Young (Allocation Failure) 280M->95M(664M) 5.031ms
[1103.087s][info][gc] GC(15426) Pause Young (Allocation Failure) 278M->98M(664M) 4.593ms
[1103.151s][info][gc] GC(15427) Pause Young (Allocation Failure) 282M->98M(664M) 4.427ms
[1103.219s][info][gc] GC(15428) Pause Young (Allocation Failure) 281M->101M(664M) 4.932ms
[1103.284s][info][gc] GC(15429) Pause Young (Allocation Failure) 284M->101M(664M) 4.906ms
[1103.354s][info][gc] GC(15430) Pause Young (Allocation Failure) 285M->104M(664M) 5.161ms
[1103.415s][info][gc] GC(15431) Pause Young (Allocation Failure) 288M->104M(664M) 5.112ms
[1103.486s][info][gc] GC(15432) Pause Young (Allocation Failure) 287M->107M(664M) 5.556ms
[1103.548s][info][gc] GC(15433) Pause Young (Allocation Failure) 290M->107M(664M) 5.120ms
[1103.617s][info][gc] GC(15434) Pause Young (Allocation Failure) 290M->109M(664M) 5.052ms
[1103.678s][info][gc] GC(15435) Pause Young (Allocation Failure) 293M->110M(664M) 5.115ms
[1103.747s][info][gc] GC(15436) Pause Young (Allocation Failure) 293M->111M(664M) 4.753ms
[1103.811s][info][gc] GC(15437) Pause Young (Allocation Failure) 295M->112M(664M) 4.861ms
[1103.882s][info][gc] GC(15438) Pause Young (Allocation Failure) 296M->115M(664M) 5.825ms
[1103.942s][info][gc] GC(15439) Pause Young (Allocation Failure) 299M->115M(664M) 4.976ms
[1104.011s][info][gc] GC(15440) Pause Young (Allocation Failure) 299M->117M(664M) 4.985ms
[1104.078s][info][gc] GC(15441) Pause Young (Allocation Failure) 301M->118M(664M) 5.204ms
[1104.145s][info][gc] GC(15442) Pause Young (Allocation Failure) 302M->120M(664M) 4.922ms
[1104.208s][info][gc] GC(15443) Pause Young (Allocation Failure) 304M->122M(664M) 5.490ms
[1104.274s][info][gc] GC(15444) Pause Young (Allocation Failure) 305M->123M(664M) 5.168ms
[1104.341s][info][gc] GC(15445) Pause Young (Allocation Failure) 307M->125M(664M) 5.122ms
[1104.415s][info][gc] GC(15446) Pause Young (Allocation Failure) 308M->126M(664M) 5.221ms
[1104.484s][info][gc] GC(15447) Pause Young (Allocation Failure) 310M->126M(664M) 4.907ms
[1104.691s][info][gc] GC(15448) Pause Young (Allocation Failure) 310M->130M(664M) 5.348ms
[1104.759s][info][gc] GC(15449) Pause Young (Allocation Failure) 313M->131M(664M) 6.737ms
[1104.836s][info][gc] GC(15450) Pause Young (Allocation Failure) 315M->132M(664M) 5.374ms
[1104.896s][info][gc] GC(15451) Pause Young (Allocation Failure) 316M->134M(664M) 5.110ms
[1104.966s][info][gc] GC(15452) Pause Young (Allocation Failure) 318M->134M(664M) 4.754ms
[1105.033s][info][gc] GC(15453) Pause Young (Allocation Failure) 318M->137M(664M) 4.562ms
[1105.104s][info][gc] GC(15454) Pause Young (Allocation Failure) 320M->137M(664M) 4.908ms
[1105.167s][info][gc] GC(15455) Pause Young (Allocation Failure) 321M->139M(664M) 5.355ms
[1105.239s][info][gc] GC(15456) Pause Young (Allocation Failure) 323M->140M(664M) 4.745ms
[1105.305s][info][gc] GC(15457) Pause Young (Allocation Failure) 323M->142M(664M) 5.102ms
[1105.377s][info][gc] GC(15458) Pause Young (Allocation Failure) 326M->143M(664M) 5.593ms
[1105.441s][info][gc] GC(15459) Pause Young (Allocation Failure) 326M->146M(664M) 5.594ms
[1105.510s][info][gc] GC(15460) Pause Young (Allocation Failure) 329M->146M(664M) 5.153ms
[1105.575s][info][gc] GC(15461) Pause Young (Allocation Failure) 330M->148M(664M) 4.619ms
[1105.640s][info][gc] GC(15462) Pause Young (Allocation Failure) 331M->148M(664M) 4.775ms
[1105.707s][info][gc] GC(15463) Pause Young (Allocation Failure) 332M->151M(664M) 5.123ms
[1105.775s][info][gc] GC(15464) Pause Young (Allocation Failure) 334M->151M(664M) 5.383ms
[1105.842s][info][gc] GC(15465) Pause Young (Allocation Failure) 335M->154M(664M) 5.287ms
[1105.912s][info][gc] GC(15466) Pause Young (Allocation Failure) 337M->155M(664M) 5.270ms
[1105.976s][info][gc] GC(15467) Pause Young (Allocation Failure) 338M->156M(664M) 4.815ms
[1106.041s][info][gc] GC(15468) Pause Young (Allocation Failure) 340M->157M(664M) 4.992ms
[1106.110s][info][gc] GC(15469) Pause Young (Allocation Failure) 341M->160M(664M) 5.761ms
[1106.178s][info][gc] GC(15470) Pause Young (Allocation Failure) 343M->160M(664M) 5.232ms
[1106.240s][info][gc] GC(15471) Pause Young (Allocation Failure) 344M->161M(664M) 4.522ms
[1106.311s][info][gc] GC(15472) Pause Young (Allocation Failure) 345M->163M(664M) 5.319ms
[1106.374s][info][gc] GC(15473) Pause Young (Allocation Failure) 347M->164M(664M) 5.021ms
[1106.444s][info][gc] GC(15474) Pause Young (Allocation Failure) 348M->165M(664M) 5.068ms
[1106.507s][info][gc] GC(15475) Pause Young (Allocation Failure) 349M->167M(664M) 5.005ms
[1106.574s][info][gc] GC(15476) Pause Young (Allocation Failure) 351M->167M(664M) 4.473ms
[1106.785s][info][gc] GC(15477) Pause Young (Allocation Failure) 350M->171M(664M) 5.589ms
[1106.847s][info][gc] GC(15478) Pause Young (Allocation Failure) 355M->172M(664M) 5.708ms
[1106.920s][info][gc] GC(15479) Pause Young (Allocation Failure) 355M->173M(664M) 4.972ms
[1106.981s][info][gc] GC(15480) Pause Young (Allocation Failure) 357M->175M(664M) 4.931ms
[1107.050s][info][gc] GC(15481) Pause Young (Allocation Failure) 359M->176M(664M) 4.803ms
[1107.112s][info][gc] GC(15482) Pause Young (Allocation Failure) 359M->178M(664M) 4.700ms
[1107.183s][info][gc] GC(15483) Pause Young (Allocation Failure) 361M->179M(664M) 4.971ms
[1107.246s][info][gc] GC(15484) Pause Young (Allocation Failure) 362M->180M(664M) 5.169ms
[1107.314s][info][gc] GC(15485) Pause Young (Allocation Failure) 364M->181M(664M) 5.072ms
[1107.378s][info][gc] GC(15486) Pause Young (Allocation Failure) 365M->183M(664M) 5.214ms
[1107.444s][info][gc] GC(15487) Pause Young (Allocation Failure) 367M->184M(664M) 4.770ms
[1107.509s][info][gc] GC(15488) Pause Young (Allocation Failure) 367M->186M(664M) 4.941ms
[1107.575s][info][gc] GC(15489) Pause Young (Allocation Failure) 370M->187M(664M) 5.429ms
[1107.641s][info][gc] GC(15490) Pause Young (Allocation Failure) 370M->189M(664M) 5.311ms
[1107.711s][info][gc] GC(15491) Pause Young (Allocation Failure) 372M->189M(664M) 4.813ms
[1107.783s][info][gc] GC(15492) Pause Young (Allocation Failure) 373M->192M(664M) 5.294ms
[1107.854s][info][gc] GC(15493) Pause Young (Allocation Failure) 375M->192M(664M) 5.213ms
[1107.924s][info][gc] GC(15494) Pause Young (Allocation Failure) 376M->194M(664M) 5.093ms
[1107.990s][info][gc] GC(15495) Pause Young (Allocation Failure) 378M->195M(664M) 5.275ms
[1108.058s][info][gc] GC(15496) Pause Young (Allocation Failure) 379M->197M(664M) 5.016ms
[1108.124s][info][gc] GC(15497) Pause Young (Allocation Failure) 381M->198M(664M) 5.134ms
[1108.193s][info][gc] GC(15498) Pause Young (Allocation Failure) 382M->200M(664M) 5.250ms
[1108.256s][info][gc] GC(15499) Pause Young (Allocation Failure) 384M->201M(664M) 5.101ms
[1108.323s][info][gc] GC(15500) Pause Young (Allocation Failure) 385M->203M(664M) 5.094ms
[1108.391s][info][gc] GC(15501) Pause Young (Allocation Failure) 386M->204M(664M) 5.102ms
[1108.455s][info][gc] GC(15502) Pause Young (Allocation Failure) 387M->205M(664M) 4.887ms
[1108.521s][info][gc] GC(15503) Pause Young (Allocation Failure) 389M->206M(664M) 4.866ms
[1108.587s][info][gc] GC(15504) Pause Young (Allocation Failure) 390M->208M(664M) 4.811ms
[1108.653s][info][gc] GC(15505) Pause Young (Allocation Failure) 391M->207M(664M) 4.509ms
[1108.853s][info][gc] GC(15506) Pause Young (Allocation Failure) 391M->211M(664M) 5.196ms
[1108.919s][info][gc] GC(15507) Pause Young (Allocation Failure) 395M->213M(664M) 6.048ms
[1108.994s][info][gc] GC(15508) Pause Young (Allocation Failure) 397M->215M(664M) 5.796ms
[1109.059s][info][gc] GC(15509) Pause Young (Allocation Failure) 398M->216M(664M) 5.539ms
[1109.135s][info][gc] GC(15510) Pause Young (Allocation Failure) 400M->217M(664M) 5.073ms
[1109.193s][info][gc] GC(15511) Pause Young (Allocation Failure) 401M->218M(664M) 4.361ms
[1109.264s][info][gc] GC(15512) Pause Young (Allocation Failure) 402M->220M(664M) 5.168ms
[1109.326s][info][gc] GC(15513) Pause Young (Allocation Failure) 404M->221M(664M) 4.696ms
[1109.399s][info][gc] GC(15514) Pause Young (Allocation Failure) 404M->223M(664M) 5.209ms
[1109.462s][info][gc] GC(15515) Pause Young (Allocation Failure) 406M->224M(664M) 5.069ms
[1109.534s][info][gc] GC(15516) Pause Young (Allocation Failure) 408M->226M(664M) 5.350ms
[1109.594s][info][gc] GC(15517) Pause Young (Allocation Failure) 410M->227M(664M) 4.786ms
[1109.664s][info][gc] GC(15518) Pause Young (Allocation Failure) 410M->228M(664M) 5.121ms
[1109.727s][info][gc] GC(15519) Pause Young (Allocation Failure) 412M->229M(664M) 4.886ms
[1109.800s][info][gc] GC(15520) Pause Young (Allocation Failure) 413M->231M(664M) 5.141ms
[1109.866s][info][gc] GC(15521) Pause Young (Allocation Failure) 415M->233M(664M) 5.304ms
[1109.939s][info][gc] GC(15522) Pause Young (Allocation Failure) 416M->234M(664M) 5.308ms
[1110.005s][info][gc] GC(15523) Pause Young (Allocation Failure) 418M->236M(664M) 5.020ms
[1110.084s][info][gc] GC(15524) Pause Young (Allocation Failure) 419M->237M(664M) 5.227ms
[1110.146s][info][gc] GC(15525) Pause Young (Allocation Failure) 420M->238M(664M) 4.807ms
[1110.217s][info][gc] GC(15526) Pause Young (Allocation Failure) 422M->239M(664M) 5.369ms
[1110.282s][info][gc] GC(15527) Pause Young (Allocation Failure) 423M->241M(664M) 5.144ms
[1110.357s][info][gc] GC(15528) Pause Young (Allocation Failure) 424M->242M(664M) 4.891ms
[1110.421s][info][gc] GC(15529) Pause Young (Allocation Failure) 425M->244M(664M) 4.988ms
[1110.492s][info][gc] GC(15530) Pause Young (Allocation Failure) 427M->244M(664M) 4.923ms
[1110.558s][info][gc] GC(15531) Pause Young (Allocation Failure) 428M->247M(664M) 5.150ms
[1110.624s][info][gc] GC(15532) Pause Young (Allocation Failure) 430M->247M(664M) 4.930ms
[1110.691s][info][gc] GC(15533) Pause Young (Allocation Failure) 431M->249M(664M) 4.921ms
[1110.780s][info][gc] GC(15534) Pause Young (Allocation Failure) 433M->247M(664M) 4.193ms
[1110.977s][info][gc] GC(15535) Pause Young (Allocation Failure) 431M->253M(664M) 5.380ms
[1111.039s][info][gc] GC(15536) Pause Young (Allocation Failure) 437M->255M(664M) 5.778ms
[1111.109s][info][gc] GC(15537) Pause Young (Allocation Failure) 438M->256M(664M) 5.253ms
[1111.169s][info][gc] GC(15538) Pause Young (Allocation Failure) 439M->257M(664M) 4.886ms
[1111.242s][info][gc] GC(15539) Pause Young (Allocation Failure) 441M->258M(664M) 5.015ms
[1111.302s][info][gc] GC(15540) Pause Young (Allocation Failure) 442M->259M(664M) 4.400ms
[1111.374s][info][gc] GC(15541) Pause Young (Allocation Failure) 443M->261M(664M) 5.171ms
[1111.434s][info][gc] GC(15542) Pause Young (Allocation Failure) 445M->262M(664M) 4.934ms
[1111.507s][info][gc] GC(15543) Pause Young (Allocation Failure) 446M->264M(664M) 5.204ms
[1111.567s][info][gc] GC(15544) Pause Young (Allocation Failure) 448M->265M(664M) 4.694ms
[1111.638s][info][gc] GC(15545) Pause Young (Allocation Failure) 448M->267M(664M) 5.094ms
[1111.701s][info][gc] GC(15546) Pause Young (Allocation Failure) 450M->268M(664M) 5.438ms
[1111.773s][info][gc] GC(15547) Pause Young (Allocation Failure) 452M->270M(664M) 5.274ms
[1111.834s][info][gc] GC(15548) Pause Young (Allocation Failure) 453M->271M(664M) 4.874ms
[1111.905s][info][gc] GC(15549) Pause Young (Allocation Failure) 454M->272M(664M) 5.151ms
[1111.968s][info][gc] GC(15550) Pause Young (Allocation Failure) 456M->274M(664M) 5.083ms
[1112.040s][info][gc] GC(15551) Pause Young (Allocation Failure) 457M->276M(664M) 5.333ms
[1112.101s][info][gc] GC(15552) Pause Young (Allocation Failure) 459M->277M(664M) 5.080ms
[1112.173s][info][gc] GC(15553) Pause Young (Allocation Failure) 460M->278M(664M) 5.407ms
[1112.234s][info][gc] GC(15554) Pause Young (Allocation Failure) 462M->279M(664M) 5.024ms
[1112.304s][info][gc] GC(15555) Pause Young (Allocation Failure) 463M->281M(664M) 5.017ms
[1112.367s][info][gc] GC(15556) Pause Young (Allocation Failure) 464M->282M(664M) 5.505ms
[1112.444s][info][gc] GC(15557) Pause Young (Allocation Failure) 466M->284M(664M) 5.599ms
[1112.512s][info][gc] GC(15558) Pause Young (Allocation Failure) 467M->285M(664M) 5.223ms
[1112.589s][info][gc] GC(15559) Pause Young (Allocation Failure) 468M->286M(664M) 4.984ms
[1112.659s][info][gc] GC(15560) Pause Young (Allocation Failure) 469M->288M(664M) 5.152ms
[1112.734s][info][gc] GC(15561) Pause Young (Allocation Failure) 471M->289M(664M) 5.587ms
[1112.798s][info][gc] GC(15562) Pause Young (Allocation Failure) 473M->291M(664M) 5.449ms
[1112.918s][info][gc] GC(15563) Pause Young (Allocation Failure) 475M->287M(664M) 3.714ms
[1113.098s][info][gc] GC(15564) Pause Young (Allocation Failure) 471M->295M(664M) 5.744ms
[1113.155s][info][gc] GC(15565) Pause Young (Allocation Failure) 478M->294M(664M) 5.332ms
[1113.228s][info][gc] GC(15566) Pause Young (Allocation Failure) 478M->297M(664M) 4.987ms
[1113.287s][info][gc] GC(15567) Pause Young (Allocation Failure) 480M->297M(664M) 4.843ms
[1113.362s][info][gc] GC(15568) Pause Young (Allocation Failure) 481M->299M(664M) 5.100ms
[1113.424s][info][gc] GC(15569) Pause Young (Allocation Failure) 483M->300M(664M) 4.797ms
[1113.493s][info][gc] GC(15570) Pause Young (Allocation Failure) 483M->302M(664M) 5.032ms
[1113.556s][info][gc] GC(15571) Pause Young (Allocation Failure) 486M->303M(664M) 5.248ms
[1113.629s][info][gc] GC(15572) Pause Young (Allocation Failure) 487M->305M(664M) 5.049ms
[1113.693s][info][gc] GC(15573) Pause Young (Allocation Failure) 488M->306M(664M) 4.864ms
[1113.774s][info][gc] GC(15574) Pause Young (Allocation Failure) 490M->308M(664M) 5.223ms
[1113.839s][info][gc] GC(15575) Pause Young (Allocation Failure) 491M->309M(664M) 4.848ms
[1113.915s][info][gc] GC(15576) Pause Young (Allocation Failure) 493M->311M(664M) 5.847ms
[1113.975s][info][gc] GC(15577) Pause Young (Allocation Failure) 495M->311M(664M) 4.897ms
[1114.051s][info][gc] GC(15578) Pause Young (Allocation Failure) 495M->314M(664M) 4.954ms
[1114.113s][info][gc] GC(15579) Pause Young (Allocation Failure) 498M->314M(664M) 4.699ms
[1114.186s][info][gc] GC(15580) Pause Young (Allocation Failure) 497M->317M(664M) 5.300ms
[1114.247s][info][gc] GC(15581) Pause Young (Allocation Failure) 500M->317M(664M) 5.338ms
[1114.324s][info][gc] GC(15582) Pause Young (Allocation Failure) 501M->319M(664M) 5.146ms
[1114.382s][info][gc] GC(15583) Pause Young (Allocation Failure) 503M->320M(664M) 4.765ms
[1114.455s][info][gc] GC(15584) Pause Young (Allocation Failure) 504M->322M(664M) 5.271ms
[1114.517s][info][gc] GC(15585) Pause Young (Allocation Failure) 506M->323M(664M) 4.801ms
[1114.587s][info][gc] GC(15586) Pause Young (Allocation Failure) 506M->325M(664M) 5.142ms
[1114.648s][info][gc] GC(15587) Pause Young (Allocation Failure) 508M->326M(664M) 4.956ms
[1114.720s][info][gc] GC(15588) Pause Young (Allocation Failure) 510M->327M(664M) 5.189ms
[1114.783s][info][gc] GC(15589) Pause Young (Allocation Failure) 511M->328M(664M) 5.095ms
[1114.859s][info][gc] GC(15590) Pause Young (Allocation Failure) 512M->331M(664M) 5.412ms
[1114.918s][info][gc] GC(15591) Pause Young (Allocation Failure) 514M->331M(664M) 4.969ms
[1115.141s][info][gc] GC(15592) Pause Young (Allocation Failure) 514M->332M(664M) 4.773ms
[1115.212s][info][gc] GC(15593) Pause Young (Allocation Failure) 515M->335M(664M) 5.212ms
[1115.277s][info][gc] GC(15594) Pause Young (Allocation Failure) 519M->335M(664M) 5.287ms
[1115.346s][info][gc] GC(15595) Pause Young (Allocation Failure) 518M->338M(664M) 4.924ms
[1115.422s][info][gc] GC(15596) Pause Young (Allocation Failure) 522M->339M(664M) 5.281ms
[1115.487s][info][gc] GC(15597) Pause Young (Allocation Failure) 522M->341M(664M) 4.588ms
[1115.554s][info][gc] GC(15598) Pause Young (Allocation Failure) 524M->341M(664M) 4.714ms
[1115.619s][info][gc] GC(15599) Pause Young (Allocation Failure) 525M->343M(664M) 4.758ms
[1115.688s][info][gc] GC(15600) Pause Young (Allocation Failure) 527M->345M(664M) 5.415ms
[1115.751s][info][gc] GC(15601) Pause Young (Allocation Failure) 528M->347M(664M) 5.013ms
[1115.816s][info][gc] GC(15602) Pause Young (Allocation Failure) 530M->347M(664M) 4.772ms
[1115.887s][info][gc] GC(15603) Pause Young (Allocation Failure) 530M->350M(664M) 5.422ms
[1115.949s][info][gc] GC(15604) Pause Young (Allocation Failure) 533M->349M(664M) 4.980ms
[1116.018s][info][gc] GC(15605) Pause Young (Allocation Failure) 532M->352M(664M) 4.990ms
[1116.081s][info][gc] GC(15606) Pause Young (Allocation Failure) 536M->353M(664M) 5.257ms
[1116.149s][info][gc] GC(15607) Pause Young (Allocation Failure) 536M->355M(664M) 5.187ms
[1116.215s][info][gc] GC(15608) Pause Young (Allocation Failure) 538M->355M(664M) 4.640ms
[1116.282s][info][gc] GC(15609) Pause Young (Allocation Failure) 538M->358M(664M) 5.079ms
[1116.346s][info][gc] GC(15610) Pause Young (Allocation Failure) 541M->358M(664M) 5.341ms
[1116.414s][info][gc] GC(15611) Pause Young (Allocation Failure) 542M->360M(664M) 5.211ms
[1116.481s][info][gc] GC(15612) Pause Young (Allocation Failure) 543M->361M(664M) 4.692ms
[1116.548s][info][gc] GC(15613) Pause Young (Allocation Failure) 544M->364M(664M) 5.296ms
[1116.612s][info][gc] GC(15614) Pause Young (Allocation Failure) 547M->363M(664M) 5.124ms
[1116.677s][info][gc] GC(15615) Pause Young (Allocation Failure) 547M->365M(664M) 4.835ms
[1116.741s][info][gc] GC(15616) Pause Young (Allocation Failure) 549M->366M(664M) 5.105ms
[1116.813s][info][gc] GC(15617) Pause Young (Allocation Failure) 550M->369M(664M) 5.216ms
[1116.880s][info][gc] GC(15618) Pause Young (Allocation Failure) 553M->370M(664M) 5.533ms
[1116.945s][info][gc] GC(15619) Pause Young (Allocation Failure) 553M->371M(664M) 4.995ms
[1117.013s][info][gc] GC(15620) Pause Young (Allocation Failure) 555M->370M(664M) 4.228ms
[1117.204s][info][gc] GC(15621) Pause Young (Allocation Failure) 554M->375M(664M) 5.345ms
[1117.270s][info][gc] GC(15622) Pause Young (Allocation Failure) 559M->377M(664M) 6.011ms
[1117.337s][info][gc] GC(15623) Pause Young (Allocation Failure) 561M->377M(664M) 4.821ms
[1117.401s][info][gc] GC(15624) Pause Young (Allocation Failure) 561M->379M(664M) 4.849ms
[1117.472s][info][gc] GC(15625) Pause Young (Allocation Failure) 563M->380M(664M) 5.245ms
[1117.540s][info][gc] GC(15626) Pause Young (Allocation Failure) 563M->382M(664M) 4.816ms
[1117.609s][info][gc] GC(15627) Pause Young (Allocation Failure) 566M->383M(664M) 4.855ms
[1117.669s][info][gc] GC(15628) Pause Young (Allocation Failure) 566M->385M(664M) 4.888ms
[1117.737s][info][gc] GC(15629) Pause Young (Allocation Failure) 568M->385M(664M) 4.955ms
[1117.803s][info][gc] GC(15630) Pause Young (Allocation Failure) 569M->387M(664M) 4.954ms
[1117.874s][info][gc] GC(15631) Pause Young (Allocation Failure) 571M->388M(664M) 5.003ms
[1117.939s][info][gc] GC(15632) Pause Young (Allocation Failure) 572M->390M(664M) 5.027ms
[1118.004s][info][gc] GC(15633) Pause Young (Allocation Failure) 574M->391M(664M) 4.632ms
[1118.069s][info][gc] GC(15634) Pause Young (Allocation Failure) 574M->393M(664M) 5.022ms
[1118.139s][info][gc] GC(15635) Pause Young (Allocation Failure) 577M->393M(664M) 5.253ms
[1118.202s][info][gc] GC(15636) Pause Young (Allocation Failure) 577M->396M(664M) 4.901ms
[1118.272s][info][gc] GC(15637) Pause Young (Allocation Failure) 579M->396M(664M) 5.243ms
[1118.335s][info][gc] GC(15638) Pause Young (Allocation Failure) 580M->399M(664M) 5.088ms
[1118.403s][info][gc] GC(15639) Pause Young (Allocation Failure) 582M->400M(664M) 4.954ms
[1118.467s][info][gc] GC(15640) Pause Young (Allocation Failure) 583M->401M(664M) 5.099ms
[1118.535s][info][gc] GC(15641) Pause Young (Allocation Failure) 585M->402M(664M) 4.666ms
[1118.602s][info][gc] GC(15642) Pause Young (Allocation Failure) 585M->404M(664M) 5.124ms
[1118.665s][info][gc] GC(15643) Pause Young (Allocation Failure) 587M->405M(664M) 5.287ms
[1118.736s][info][gc] GC(15644) Pause Young (Allocation Failure) 588M->408M(664M) 5.358ms
[1118.804s][info][gc] GC(15645) Pause Young (Allocation Failure) 591M->407M(664M) 5.179ms
[1118.876s][info][gc] GC(15646) Pause Young (Allocation Failure) 591M->410M(664M) 5.176ms
[1118.944s][info][gc] GC(15647) Pause Young (Allocation Failure) 594M->410M(664M) 5.328ms
[1119.007s][info][gc] GC(15648) Pause Young (Allocation Failure) 594M->413M(664M) 5.047ms
[1119.077s][info][gc] GC(15649) Pause Young (Allocation Failure) 596M->412M(664M) 4.294ms
[1119.288s][info][gc] GC(15650) Pause Young (Allocation Failure) 595M->417M(664M) 5.624ms
[1119.350s][info][gc] GC(15651) Pause Young (Allocation Failure) 600M->418M(664M) 5.869ms
[1119.421s][info][gc] GC(15652) Pause Young (Allocation Failure) 601M->419M(664M) 5.245ms
[1119.485s][info][gc] GC(15653) Pause Young (Allocation Failure) 602M->421M(664M) 5.042ms
[1119.555s][info][gc] GC(15654) Pause Young (Allocation Failure) 604M->422M(664M) 5.127ms
[1119.618s][info][gc] GC(15655) Pause Young (Allocation Failure) 605M->424M(664M) 4.777ms
[1119.689s][info][gc] GC(15656) Pause Young (Allocation Failure) 607M->425M(664M) 5.211ms
[1119.749s][info][gc] GC(15657) Pause Young (Allocation Failure) 608M->425M(664M) 4.842ms
[1119.823s][info][gc] GC(15658) Pause Young (Allocation Failure) 609M->427M(664M) 5.181ms
[1119.889s][info][gc] GC(15659) Pause Young (Allocation Failure) 611M->429M(664M) 5.316ms
[1119.962s][info][gc] GC(15660) Pause Young (Allocation Failure) 613M->430M(664M) 5.477ms
[1120.024s][info][gc] GC(15661) Pause Young (Allocation Failure) 614M->431M(664M) 5.122ms
[1120.099s][info][gc] GC(15662) Pause Young (Allocation Failure) 614M->433M(664M) 5.339ms
[1120.162s][info][gc] GC(15663) Pause Young (Allocation Failure) 617M->434M(664M) 5.260ms
[1120.234s][info][gc] GC(15664) Pause Young (Allocation Failure) 618M->435M(664M) 5.272ms
[1120.296s][info][gc] GC(15665) Pause Young (Allocation Failure) 619M->437M(664M) 4.994ms
[1120.370s][info][gc] GC(15666) Pause Young (Allocation Failure) 620M->437M(664M) 4.981ms
[1120.438s][info][gc] GC(15667) Pause Young (Allocation Failure) 621M->440M(664M) 5.080ms
[1120.504s][info][gc] GC(15668) Pause Young (Allocation Failure) 624M->440M(664M) 5.231ms
[1120.570s][info][gc] GC(15669) Pause Young (Allocation Failure) 624M->443M(664M) 5.040ms
[1120.639s][info][gc] GC(15670) Pause Young (Allocation Failure) 627M->443M(664M) 5.243ms
[1120.709s][info][gc] GC(15671) Pause Young (Allocation Failure) 627M->445M(664M) 4.900ms
[1120.776s][info][gc] GC(15672) Pause Young (Allocation Failure) 629M->446M(664M) 4.905ms
[1120.843s][info][gc] GC(15673) Pause Young (Allocation Failure) 630M->448M(664M) 5.768ms
[1120.911s][info][gc] GC(15674) Pause Young (Allocation Failure) 632M->449M(664M) 5.066ms
[1120.976s][info][gc] GC(15675) Pause Young (Allocation Failure) 633M->451M(664M) 5.103ms
[1121.043s][info][gc] GC(15676) Pause Young (Allocation Failure) 635M->451M(664M) 4.550ms
[1121.110s][info][gc] GC(15677) Pause Young (Allocation Failure) 634M->454M(664M) 5.270ms
[1121.179s][info][gc] GC(15678) Pause Young (Allocation Failure) 638M->451M(664M) 4.437ms
[1121.438s][info][gc] GC(15679) Pause Young (Allocation Failure) 635M->454M(664M) 3.499ms
[1121.457s][info][gc] GC(15680) Pause Young (Allocation Failure) 638M->472M(664M) 6.325ms
[1122.199s][info][gc] GC(15681) Pause Young (Allocation Failure) 653M->493M(677M) 10.047ms
[1122.250s][info][gc] GC(15682) Pause Full (Allocation Failure) 493M->76M(652M) 50.992ms
[1123.475s][info][gc] GC(15683) Pause Young (Allocation Failure) 255M->100M(652M) 0.925ms
[1124.355s][info][gc] GC(15684) Pause Young (Allocation Failure) 279M->102M(652M) 1.290ms
[1125.613s][info][gc] GC(15685) Pause Young (Allocation Failure) 280M->110M(652M) 1.160ms
[1127.292s][info][gc] GC(15686) Pause Young (Allocation Failure) 289M->111M(652M) 1.062ms
[1128.742s][info][gc] GC(15687) Pause Young (Allocation Failure) 290M->120M(652M) 1.108ms
[1130.468s][info][gc] GC(15688) Pause Young (Allocation Failure) 299M->121M(652M) 0.951ms
[1131.806s][info][gc] GC(15689) Pause Young (Allocation Failure) 300M->129M(652M) 1.069ms
[1151.592s][info][gc] GC(15690) Pause Young (Allocation Failure) 309M->116M(652M) 1.263ms
[1151.789s][info][gc] GC(15691) Pause Young (Allocation Failure) 290M->136M(652M) 3.636ms
[1154.003s][info][gc] GC(15692) Pause Young (Allocation Failure) 311M->137M(652M) 2.688ms
[1156.711s][info][gc] GC(15693) Pause Young (Allocation Failure) 315M->130M(652M) 0.599ms
[1159.627s][info][gc] GC(15694) Pause Young (Allocation Failure) 309M->139M(652M) 0.950ms
[1171.535s][info][gc] GC(15695) Pause Young (Allocation Failure) 319M->132M(652M) 1.038ms
[1181.330s][info][gc] GC(15696) Pause Young (Allocation Failure) 312M->143M(652M) 3.248ms
[1183.245s][info][gc] GC(15697) Pause Young (Allocation Failure) 319M->154M(652M) 3.977ms
[1185.550s][info][gc] GC(15698) Pause Young (Allocation Failure) 333M->147M(652M) 2.478ms
[1188.386s][info][gc] GC(15699) Pause Young (Allocation Failure) 325M->156M(652M) 0.730ms
[1191.487s][info][gc] GC(15700) Pause Young (Allocation Failure) 334M->149M(652M) 0.767ms
[1211.028s][info][gc] GC(15701) Pause Young (Allocation Failure) 329M->156M(652M) 2.172ms
[1212.261s][info][gc] GC(15702) Pause Young (Allocation Failure) 330M->171M(652M) 3.974ms
[1214.365s][info][gc] GC(15703) Pause Young (Allocation Failure) 350M->164M(652M) 3.705ms
[1217.352s][info][gc] GC(15704) Pause Young (Allocation Failure) 343M->173M(652M) 0.733ms
[1220.351s][info][gc] GC(15705) Pause Young (Allocation Failure) 352M->166M(652M) 0.836ms
[1240.148s][info][gc] GC(15706) Pause Young (Allocation Failure) 346M->168M(652M) 1.373ms
[1240.771s][info][gc] GC(15707) Pause Young (Allocation Failure) 342M->188M(652M) 4.495ms
[1242.957s][info][gc] GC(15708) Pause Young (Allocation Failure) 367M->181M(652M) 3.034ms
[1245.780s][info][gc] GC(15709) Pause Young (Allocation Failure) 360M->190M(652M) 0.770ms
[1248.960s][info][gc] GC(15710) Pause Young (Allocation Failure) 369M->183M(652M) 0.790ms
[1269.552s][info][gc] GC(15711) Pause Young (Allocation Failure) 363M->185M(652M) 1.354ms
[1269.576s][info][gc] GC(15712) Pause Young (Allocation Failure) 365M->195M(652M) 3.060ms
[1269.596s][info][gc] GC(15713) Pause Young (Allocation Failure) 370M->226M(652M) 8.259ms
[1270.835s][info][gc] GC(15714) Pause Young (Allocation Failure) 406M->235M(652M) 3.226ms
[1271.885s][info][gc] GC(15715) Pause Young (Allocation Failure) 414M->236M(652M) 0.985ms
[1272.650s][info][gc] GC(15716) Pause Young (Allocation Failure) 415M->244M(652M) 1.357ms
[1274.359s][info][gc] GC(15717) Pause Young (Allocation Failure) 423M->245M(652M) 0.967ms
[1275.984s][info][gc] GC(15718) Pause Young (Allocation Failure) 425M->254M(652M) 1.316ms
[1277.566s][info][gc] GC(15719) Pause Young (Allocation Failure) 433M->255M(652M) 0.950ms
[1278.786s][info][gc] GC(15720) Pause Young (Allocation Failure) 434M->264M(652M) 1.306ms
[1287.111s][info][gc] GC(15721) Pause Young (Allocation Failure) 444M->249M(652M) 0.621ms
[1299.482s][info][gc] GC(15722) Pause Young (Allocation Failure) 429M->255M(652M) 1.739ms
[1300.797s][info][gc] GC(15723) Pause Young (Allocation Failure) 433M->263M(652M) 3.458ms
[1302.654s][info][gc] GC(15724) Pause Young (Allocation Failure) 441M->272M(652M) 3.253ms
[1305.972s][info][gc] GC(15725) Pause Young (Allocation Failure) 450M->265M(652M) 1.848ms
[1308.693s][info][gc] GC(15726) Pause Young (Allocation Failure) 444M->274M(652M) 0.942ms
[1328.814s][info][gc] GC(15727) Pause Young (Allocation Failure) 454M->270M(652M) 2.147ms
[1328.827s][info][gc] GC(15728) Pause Young (Allocation Failure) 450M->278M(652M) 2.968ms
[1328.841s][info][gc] GC(15729) Pause Young (Allocation Failure) 458M->296M(652M) 5.157ms
[1328.974s][info][gc] GC(15730) Pause Young (Allocation Failure) 472M->339M(652M) 12.088ms
[1329.835s][info][gc] GC(15731) Pause Young (Allocation Failure) 518M->362M(652M) 5.121ms
[1330.675s][info][gc] GC(15732) Pause Young (Allocation Failure) 542M->379M(652M) 2.180ms
[1331.289s][info][gc] GC(15733) Pause Young (Allocation Failure) 558M->403M(652M) 2.177ms
[1331.899s][info][gc] GC(15734) Pause Young (Allocation Failure) 582M->419M(652M) 1.357ms
[1332.840s][info][gc] GC(15735) Pause Young (Allocation Failure) 598M->443M(652M) 1.454ms
[1334.013s][info][gc] GC(15736) Pause Young (Allocation Failure) 622M->459M(652M) 1.904ms
[1334.965s][info][gc] GC(15737) Pause Young (Allocation Failure) 638M->483M(675M) 2.567ms
[1334.999s][info][gc] GC(15738) Pause Full (Allocation Failure) 483M->125M(652M) 34.096ms
[1336.104s][info][gc] GC(15739) Pause Young (Allocation Failure) 305M->157M(652M) 1.037ms
[1337.219s][info][gc] GC(15740) Pause Young (Allocation Failure) 336M->181M(652M) 1.437ms
[1338.286s][info][gc] GC(15741) Pause Young (Allocation Failure) 360M->197M(652M) 1.230ms
[1339.052s][info][gc] GC(15742) Pause Young (Allocation Failure) 376M->221M(652M) 1.444ms
[1350.554s][info][gc] GC(15743) Pause Young (Allocation Failure) 401M->207M(652M) 0.790ms
[1360.166s][info][gc] GC(15744) Pause Young (Allocation Failure) 387M->210M(652M) 1.682ms
[1360.179s][info][gc] GC(15745) Pause Young (Allocation Failure) 390M->223M(652M) 3.155ms
[1360.193s][info][gc] GC(15746) Pause Young (Allocation Failure) 403M->240M(652M) 4.763ms
[1360.572s][info][gc] GC(15747) Pause Young (Allocation Failure) 420M->280M(652M) 8.760ms
[1361.446s][info][gc] GC(15748) Pause Young (Allocation Failure) 459M->304M(652M) 3.048ms
[1362.250s][info][gc] GC(15749) Pause Young (Allocation Failure) 483M->320M(652M) 1.263ms
[1362.729s][info][gc] GC(15750) Pause Young (Allocation Failure) 499M->344M(652M) 1.542ms
[1363.378s][info][gc] GC(15751) Pause Young (Allocation Failure) 523M->360M(652M) 1.334ms
[1364.461s][info][gc] GC(15752) Pause Young (Allocation Failure) 539M->384M(652M) 1.457ms
[1365.559s][info][gc] GC(15753) Pause Young (Allocation Failure) 563M->401M(652M) 1.291ms
[1366.752s][info][gc] GC(15754) Pause Young (Allocation Failure) 580M->424M(652M) 1.725ms
[1367.690s][info][gc] GC(15755) Pause Young (Allocation Failure) 603M->441M(652M) 1.270ms
[1368.676s][info][gc] GC(15756) Pause Young (Allocation Failure) 620M->465M(652M) 1.444ms
[1369.699s][info][gc] GC(15757) Pause Young (Allocation Failure) 644M->481M(667M) 2.273ms
[1369.728s][info][gc] GC(15758) Pause Full (Allocation Failure) 481M->128M(619M) 28.824ms
[1370.703s][info][gc] GC(15759) Pause Young (Allocation Failure) 291M->167M(619M) 1.160ms
[1383.989s][info][gc] GC(15760) Pause Young (Allocation Failure) 338M->152M(619M) 0.884ms
[1391.506s][info][gc] GC(15761) Pause Young (Allocation Failure) 323M->156M(619M) 1.496ms
[1391.518s][info][gc] GC(15762) Pause Young (Allocation Failure) 327M->169M(619M) 3.182ms
[1391.531s][info][gc] GC(15763) Pause Young (Allocation Failure) 340M->185M(619M) 4.510ms
[1391.892s][info][gc] GC(15764) Pause Young (Allocation Failure) 353M->225M(619M) 8.464ms
[1392.576s][info][gc] GC(15765) Pause Young (Allocation Failure) 389M->249M(619M) 2.804ms
[1393.398s][info][gc] GC(15766) Pause Young (Allocation Failure) 413M->265M(619M) 1.212ms
[1393.904s][info][gc] GC(15767) Pause Young (Allocation Failure) 429M->289M(619M) 1.410ms
[1394.504s][info][gc] GC(15768) Pause Young (Allocation Failure) 453M->305M(619M) 1.250ms
[1395.241s][info][gc] GC(15769) Pause Young (Allocation Failure) 469M->329M(619M) 1.425ms
[1396.420s][info][gc] GC(15770) Pause Young (Allocation Failure) 493M->345M(619M) 1.241ms
[1397.271s][info][gc] GC(15771) Pause Young (Allocation Failure) 509M->369M(619M) 1.366ms
[1398.312s][info][gc] GC(15772) Pause Young (Allocation Failure) 533M->385M(619M) 1.264ms
[1399.032s][info][gc] GC(15773) Pause Young (Allocation Failure) 549M->409M(619M) 1.391ms
[1400.104s][info][gc] GC(15774) Pause Young (Allocation Failure) 573M->425M(619M) 1.318ms
[1400.928s][info][gc] GC(15775) Pause Young (Allocation Failure) 589M->449M(626M) 1.756ms
[1400.954s][info][gc] GC(15776) Pause Full (Allocation Failure) 449M->113M(549M) 25.981ms
[1401.719s][info][gc] GC(15777) Pause Young (Allocation Failure) 261M->145M(549M) 1.006ms
[1411.200s][info][gc] GC(15778) Pause Young (Allocation Failure) 297M->130M(549M) 0.669ms
[1422.797s][info][gc] GC(15779) Pause Young (Allocation Failure) 282M->134M(549M) 1.766ms
[1422.808s][info][gc] GC(15780) Pause Young (Allocation Failure) 286M->139M(549M) 1.936ms
[1422.819s][info][gc] GC(15781) Pause Young (Allocation Failure) 291M->154M(549M) 3.964ms
[1422.831s][info][gc] GC(15782) Pause Young (Allocation Failure) 306M->169M(549M) 4.582ms
[1423.228s][info][gc] GC(15783) Pause Young (Allocation Failure) 315M->204M(549M) 6.102ms
[1423.881s][info][gc] GC(15784) Pause Young (Allocation Failure) 351M->227M(549M) 2.188ms
[1424.663s][info][gc] GC(15785) Pause Young (Allocation Failure) 375M->243M(549M) 1.229ms
[1425.174s][info][gc] GC(15786) Pause Young (Allocation Failure) 391M->252M(549M) 1.051ms
[1425.628s][info][gc] GC(15787) Pause Young (Allocation Failure) 400M->268M(549M) 1.213ms
[1426.290s][info][gc] GC(15788) Pause Young (Allocation Failure) 416M->292M(549M) 1.358ms
[1427.127s][info][gc] GC(15789) Pause Young (Allocation Failure) 440M->308M(549M) 1.195ms
[1428.025s][info][gc] GC(15790) Pause Young (Allocation Failure) 456M->332M(549M) 1.369ms
[1428.938s][info][gc] GC(15791) Pause Young (Allocation Failure) 480M->348M(549M) 1.175ms
[1429.841s][info][gc] GC(15792) Pause Young (Allocation Failure) 496M->371M(549M) 1.328ms
[1430.595s][info][gc] GC(15793) Pause Young (Allocation Failure) 519M->388M(549M) 1.204ms
[1431.472s][info][gc] GC(15794) Pause Young (Allocation Failure) 536M->411M(572M) 2.290ms
[1431.501s][info][gc] GC(15795) Pause Full (Allocation Failure) 411M->116M(549M) 29.258ms
[1432.337s][info][gc] GC(15796) Pause Young (Allocation Failure) 264M->147M(549M) 0.995ms
[1433.045s][info][gc] GC(15797) Pause Young (Allocation Failure) 295M->171M(549M) 1.334ms
[1443.367s][info][gc] GC(15798) Pause Young (Allocation Failure) 323M->156M(549M) 0.638ms
[1454.098s][info][gc] GC(15799) Pause Young (Allocation Failure) 308M->160M(549M) 1.704ms
[1454.109s][info][gc] GC(15800) Pause Young (Allocation Failure) 312M->166M(549M) 2.132ms
[1454.120s][info][gc] GC(15801) Pause Young (Allocation Failure) 318M->181M(549M) 3.891ms
[1454.130s][info][gc] GC(15802) Pause Young (Allocation Failure) 333M->196M(549M) 3.364ms
[1454.685s][info][gc] GC(15803) Pause Young (Allocation Failure) 347M->230M(549M) 5.954ms
[1455.371s][info][gc] GC(15804) Pause Young (Allocation Failure) 378M->254M(549M) 2.000ms
[1455.999s][info][gc] GC(15805) Pause Young (Allocation Failure) 401M->270M(549M) 1.268ms
[1456.544s][info][gc] GC(15806) Pause Young (Allocation Failure) 418M->293M(549M) 1.373ms
[1456.997s][info][gc] GC(15807) Pause Young (Allocation Failure) 441M->310M(549M) 1.232ms
[1457.667s][info][gc] GC(15808) Pause Young (Allocation Failure) 458M->333M(549M) 1.386ms
[1458.619s][info][gc] GC(15809) Pause Young (Allocation Failure) 481M->349M(549M) 1.179ms
[1459.418s][info][gc] GC(15810) Pause Young (Allocation Failure) 497M->373M(549M) 1.391ms
[1460.368s][info][gc] GC(15811) Pause Young (Allocation Failure) 521M->389M(549M) 1.345ms
[1461.250s][info][gc] GC(15812) Pause Young (Allocation Failure) 537M->413M(572M) 2.419ms
[1461.276s][info][gc] GC(15813) Pause Full (Allocation Failure) 413M->121M(549M) 26.166ms
[1462.054s][info][gc] GC(15814) Pause Young (Allocation Failure) 269M->153M(549M) 1.006ms
[1462.884s][info][gc] GC(15815) Pause Young (Allocation Failure) 301M->176M(549M) 1.346ms
[1463.863s][info][gc] GC(15816) Pause Young (Allocation Failure) 324M->192M(549M) 1.197ms
[1464.708s][info][gc] GC(15817) Pause Young (Allocation Failure) 340M->216M(549M) 1.339ms
[1476.186s][info][gc] GC(15818) Pause Young (Allocation Failure) 368M->202M(549M) 0.735ms
[1485.518s][info][gc] GC(15819) Pause Young (Allocation Failure) 353M->205M(549M) 1.662ms
[1485.529s][info][gc] GC(15820) Pause Young (Allocation Failure) 357M->210M(549M) 1.975ms
[1485.540s][info][gc] GC(15821) Pause Young (Allocation Failure) 362M->225M(549M) 3.912ms
[1485.552s][info][gc] GC(15822) Pause Young (Allocation Failure) 377M->240M(549M) 4.890ms
[1485.701s][info][gc] GC(15823) Pause Young (Allocation Failure) 386M->282M(549M) 8.995ms
[1486.515s][info][gc] GC(15824) Pause Young (Allocation Failure) 430M->306M(549M) 2.342ms
[1487.472s][info][gc] GC(15825) Pause Young (Allocation Failure) 455M->322M(549M) 1.282ms
[1488.319s][info][gc] GC(15826) Pause Young (Allocation Failure) 471M->346M(549M) 1.429ms
[1488.944s][info][gc] GC(15827) Pause Young (Allocation Failure) 495M->363M(549M) 1.298ms
[1489.616s][info][gc] GC(15828) Pause Young (Allocation Failure) 511M->387M(549M) 1.476ms
[1490.997s][info][gc] GC(15829) Pause Young (Allocation Failure) 535M->403M(557M) 1.764ms
[1491.025s][info][gc] GC(15830) Pause Full (Allocation Failure) 403M->118M(549M) 27.775ms
[1492.381s][info][gc] GC(15831) Pause Young (Allocation Failure) 266M->157M(549M) 1.284ms
[1493.671s][info][gc] GC(15832) Pause Young (Allocation Failure) 306M->173M(549M) 1.264ms
[1494.829s][info][gc] GC(15833) Pause Young (Allocation Failure) 322M->197M(549M) 1.439ms
[1495.853s][info][gc] GC(15834) Pause Young (Allocation Failure) 346M->213M(549M) 1.257ms
[1497.373s][info][gc] GC(15835) Pause Young (Allocation Failure) 361M->237M(549M) 1.423ms
[1498.655s][info][gc] GC(15836) Pause Young (Allocation Failure) 386M->254M(549M) 1.287ms
[1499.559s][info][gc] GC(15837) Pause Young (Allocation Failure) 402M->277M(549M) 1.484ms
[1503.200s][info][gc] GC(15838) Pause Young (Allocation Failure) 429M->263M(549M) 0.584ms
[1514.310s][info][gc] GC(15839) Pause Young (Allocation Failure) 415M->264M(549M) 1.019ms
[1514.333s][info][gc] GC(15840) Pause Young (Allocation Failure) 416M->279M(549M) 2.923ms
[1514.775s][info][gc] GC(15841) Pause Young (Allocation Failure) 431M->301M(549M) 5.112ms
[1515.094s][info][gc] GC(15842) Pause Young (Allocation Failure) 448M->318M(549M) 4.959ms
[1516.560s][info][gc] GC(15843) Pause Young (Allocation Failure) 467M->319M(549M) 1.723ms
[1517.671s][info][gc] GC(15844) Pause Young (Allocation Failure) 468M->328M(549M) 1.108ms
[1518.771s][info][gc] GC(15845) Pause Young (Allocation Failure) 477M->329M(549M) 0.954ms
[1520.654s][info][gc] GC(15846) Pause Young (Allocation Failure) 477M->338M(549M) 1.118ms
[1522.524s][info][gc] GC(15847) Pause Young (Allocation Failure) 486M->339M(549M) 0.992ms
[1524.120s][info][gc] GC(15848) Pause Young (Allocation Failure) 487M->347M(549M) 1.106ms
[1526.213s][info][gc] GC(15849) Pause Young (Allocation Failure) 495M->348M(549M) 0.930ms
[1527.816s][info][gc] GC(15850) Pause Young (Allocation Failure) 496M->357M(549M) 1.149ms
[1532.795s][info][gc] GC(15851) Pause Young (Allocation Failure) 509M->342M(549M) 0.608ms
[1542.860s][info][gc] GC(15852) Pause Young (Allocation Failure) 494M->347M(549M) 1.536ms
[1543.325s][info][gc] GC(15853) Pause Young (Allocation Failure) 496M->359M(549M) 4.261ms
[1545.903s][info][gc] GC(15854) Pause Young (Allocation Failure) 507M->368M(549M) 3.715ms
[1548.828s][info][gc] GC(15855) Pause Young (Allocation Failure) 517M->361M(549M) 0.595ms
[1552.217s][info][gc] GC(15856) Pause Young (Allocation Failure) 508M->370M(549M) 0.947ms
[1555.861s][info][gc] GC(15857) Pause Young (Allocation Failure) 517M->363M(549M) 0.993ms
[1570.825s][info][gc] GC(15858) Pause Young (Allocation Failure) 515M->364M(549M) 1.044ms
[1570.849s][info][gc] GC(15859) Pause Young (Allocation Failure) 516M->377M(549M) 2.887ms
[1573.039s][info][gc] GC(15860) Pause Young (Allocation Failure) 527M->387M(549M) 4.029ms
[1575.466s][info][gc] GC(15861) Pause Young (Allocation Failure) 535M->381M(551M) 1.086ms
[1575.490s][info][gc] GC(15862) Pause Full (Allocation Failure) 381M->39M(549M) 23.622ms
[1578.787s][info][gc] GC(15863) Pause Young (Allocation Failure) 187M->48M(549M) 0.531ms
[1582.580s][info][gc] GC(15864) Pause Young (Allocation Failure) 196M->41M(549M) 0.560ms
[1594.050s][info][gc] GC(15865) Pause Young (Allocation Failure) 193M->42M(549M) 0.802ms
[1598.161s][info][gc] GC(15866) Pause Young (Allocation Failure) 194M->51M(549M) 2.393ms
[1599.447s][info][gc] GC(15867) Pause Young (Allocation Failure) 201M->66M(549M) 4.459ms
[1601.788s][info][gc] GC(15868) Pause Young (Allocation Failure) 214M->59M(549M) 2.961ms
[1605.111s][info][gc] GC(15869) Pause Young (Allocation Failure) 207M->68M(549M) 0.712ms
[1608.610s][info][gc] GC(15870) Pause Young (Allocation Failure) 216M->61M(549M) 0.798ms
[1612.329s][info][gc] GC(15871) Pause Young (Allocation Failure) 209M->70M(549M) 0.884ms
[1625.952s][info][gc] GC(15872) Pause Young (Allocation Failure) 221M->67M(549M) 1.708ms
[1626.432s][info][gc] GC(15873) Pause Young (Allocation Failure) 213M->78M(549M) 4.257ms
[1628.893s][info][gc] GC(15874) Pause Young (Allocation Failure) 226M->87M(549M) 3.440ms
[1631.730s][info][gc] GC(15875) Pause Young (Allocation Failure) 235M->80M(549M) 0.557ms
[1635.182s][info][gc] GC(15876) Pause Young (Allocation Failure) 228M->89M(549M) 0.889ms
[1638.838s][info][gc] GC(15877) Pause Young (Allocation Failure) 237M->82M(549M) 0.998ms
[1653.447s][info][gc] GC(15878) Pause Young (Allocation Failure) 234M->83M(549M) 0.996ms
[1653.471s][info][gc] GC(15879) Pause Young (Allocation Failure) 235M->97M(549M) 2.901ms
[1655.706s][info][gc] GC(15880) Pause Young (Allocation Failure) 247M->107M(549M) 4.123ms
[1658.039s][info][gc] GC(15881) Pause Young (Allocation Failure) 255M->100M(549M) 0.939ms
[1661.426s][info][gc] GC(15882) Pause Young (Allocation Failure) 248M->109M(549M) 0.910ms
[1665.118s][info][gc] GC(15883) Pause Young (Allocation Failure) 257M->102M(549M) 0.788ms
[1676.743s][info][gc] GC(15884) Pause Young (Allocation Failure) 254M->103M(549M) 0.785ms
[1680.807s][info][gc] GC(15885) Pause Young (Allocation Failure) 255M->108M(549M) 2.131ms
[1680.822s][info][gc] GC(15886) Pause Young (Allocation Failure) 260M->123M(549M) 4.153ms
[1680.843s][info][gc] GC(15887) Pause Young (Allocation Failure) 267M->158M(549M) 9.229ms
[1682.271s][info][gc] GC(15888) Pause Young (Allocation Failure) 306M->159M(549M) 1.878ms
[1683.664s][info][gc] GC(15889) Pause Young (Allocation Failure) 307M->168M(549M) 1.078ms
[1684.606s][info][gc] GC(15890) Pause Young (Allocation Failure) 317M->169M(549M) 0.943ms
[1685.993s][info][gc] GC(15891) Pause Young (Allocation Failure) 317M->177M(549M) 1.120ms
[1688.036s][info][gc] GC(15892) Pause Young (Allocation Failure) 325M->178M(549M) 0.971ms
[1689.672s][info][gc] GC(15893) Pause Young (Allocation Failure) 326M->187M(549M) 1.129ms
[1691.267s][info][gc] GC(15894) Pause Young (Allocation Failure) 335M->188M(549M) 0.956ms
[1693.454s][info][gc] GC(15895) Pause Young (Allocation Failure) 336M->196M(549M) 1.158ms
[1695.044s][info][gc] GC(15896) Pause Young (Allocation Failure) 346M->198M(549M) 0.908ms
[1708.537s][info][gc] GC(15897) Pause Young (Allocation Failure) 349M->184M(549M) 1.118ms
[1708.561s][info][gc] GC(15898) Pause Young (Allocation Failure) 335M->196M(549M) 2.367ms
[1709.347s][info][gc] GC(15899) Pause Young (Allocation Failure) 347M->215M(549M) 3.976ms
[1709.374s][info][gc] GC(15900) Pause Young (Allocation Failure) 363M->230M(549M) 5.921ms
[1710.696s][info][gc] GC(15901) Pause Young (Allocation Failure) 379M->254M(549M) 3.606ms
[1711.888s][info][gc] GC(15902) Pause Young (Allocation Failure) 402M->255M(549M) 0.921ms
[1712.872s][info][gc] GC(15903) Pause Young (Allocation Failure) 403M->264M(549M) 1.114ms
[1714.785s][info][gc] GC(15904) Pause Young (Allocation Failure) 412M->265M(549M) 0.937ms
[1716.524s][info][gc] GC(15905) Pause Young (Allocation Failure) 413M->273M(549M) 1.118ms
[1718.429s][info][gc] GC(15906) Pause Young (Allocation Failure) 421M->274M(549M) 0.918ms
[1720.349s][info][gc] GC(15907) Pause Young (Allocation Failure) 422M->283M(549M) 1.306ms
[1722.325s][info][gc] GC(15908) Pause Young (Allocation Failure) 431M->284M(549M) 0.918ms
[1724.050s][info][gc] GC(15909) Pause Young (Allocation Failure) 432M->277M(549M) 0.774ms
[1737.072s][info][gc] GC(15910) Pause Young (Allocation Failure) 429M->272M(549M) 0.986ms
[1737.097s][info][gc] GC(15911) Pause Young (Allocation Failure) 416M->285M(549M) 4.032ms
[1739.586s][info][gc] GC(15912) Pause Young (Allocation Failure) 430M->286M(549M) 3.273ms
[1741.682s][info][gc] GC(15913) Pause Young (Allocation Failure) 436M->295M(549M) 0.752ms
[1745.410s][info][gc] GC(15914) Pause Young (Allocation Failure) 443M->288M(549M) 0.841ms
[1748.753s][info][gc] GC(15915) Pause Young (Allocation Failure) 436M->297M(549M) 0.950ms
[1762.567s][info][gc] GC(15916) Pause Young (Allocation Failure) 449M->290M(549M) 1.050ms
[1764.378s][info][gc] GC(15917) Pause Young (Allocation Failure) 442M->293M(549M) 1.512ms
[1764.389s][info][gc] GC(15918) Pause Young (Allocation Failure) 445M->307M(549M) 3.400ms
[1764.400s][info][gc] GC(15919) Pause Young (Allocation Failure) 458M->322M(549M) 4.449ms
[1764.411s][info][gc] GC(15920) Pause Young (Allocation Failure) 473M->336M(549M) 3.179ms
[1764.966s][info][gc] GC(15921) Pause Young (Allocation Failure) 484M->379M(549M) 6.946ms
[1766.094s][info][gc] GC(15922) Pause Young (Allocation Failure) 527M->395M(549M) 2.076ms
[1766.888s][info][gc] GC(15923) Pause Young (Allocation Failure) 543M->419M(573M) 2.840ms
[1766.928s][info][gc] GC(15924) Pause Full (Allocation Failure) 419M->110M(549M) 39.118ms
[1767.700s][info][gc] GC(15925) Pause Young (Allocation Failure) 259M->142M(549M) 1.100ms
[1768.342s][info][gc] GC(15926) Pause Young (Allocation Failure) 290M->166M(549M) 1.489ms
[1769.405s][info][gc] GC(15927) Pause Young (Allocation Failure) 315M->182M(549M) 1.268ms
[1770.641s][info][gc] GC(15928) Pause Young (Allocation Failure) 330M->206M(549M) 1.429ms
[1772.044s][info][gc] GC(15929) Pause Young (Allocation Failure) 355M->223M(549M) 1.297ms
[1773.179s][info][gc] GC(15930) Pause Young (Allocation Failure) 371M->246M(549M) 1.519ms
[1774.495s][info][gc] GC(15931) Pause Young (Allocation Failure) 394M->263M(549M) 1.444ms
[1775.517s][info][gc] GC(15932) Pause Young (Allocation Failure) 411M->286M(549M) 1.502ms
[1777.188s][info][gc] GC(15933) Pause Young (Allocation Failure) 435M->303M(549M) 1.257ms
[1778.236s][info][gc] GC(15934) Pause Young (Allocation Failure) 451M->327M(549M) 1.419ms
[1779.570s][info][gc] GC(15935) Pause Young (Allocation Failure) 475M->343M(549M) 1.277ms
[1791.583s][info][gc] GC(15936) Pause Young (Allocation Failure) 495M->328M(549M) 0.718ms
[1793.538s][info][gc] GC(15937) Pause Young (Allocation Failure) 480M->337M(549M) 1.882ms
[1793.802s][info][gc] GC(15938) Pause Young (Allocation Failure) 489M->360M(549M) 4.386ms
[1793.826s][info][gc] GC(15939) Pause Young (Allocation Failure) 512M->375M(549M) 3.708ms
[1795.198s][info][gc] GC(15940) Pause Young (Allocation Failure) 525M->399M(553M) 3.793ms
[1795.218s][info][gc] GC(15941) Pause Full (Allocation Failure) 399M->80M(488M) 20.585ms
[1796.400s][info][gc] GC(15942) Pause Young (Allocation Failure) 213M->96M(488M) 0.699ms
[1797.232s][info][gc] GC(15943) Pause Young (Allocation Failure) 229M->105M(488M) 1.082ms
[1798.538s][info][gc] GC(15944) Pause Young (Allocation Failure) 239M->106M(488M) 0.890ms
[1800.161s][info][gc] GC(15945) Pause Young (Allocation Failure) 238M->114M(488M) 1.069ms
[1801.796s][info][gc] GC(15946) Pause Young (Allocation Failure) 247M->115M(488M) 0.908ms
[1803.332s][info][gc] GC(15947) Pause Young (Allocation Failure) 248M->124M(488M) 1.034ms
[1805.151s][info][gc] GC(15948) Pause Young (Allocation Failure) 256M->125M(488M) 0.886ms
[1806.664s][info][gc] GC(15949) Pause Young (Allocation Failure) 257M->133M(488M) 1.013ms
[1808.298s][info][gc] GC(15950) Pause Young (Allocation Failure) 266M->134M(488M) 0.852ms
[1821.949s][info][gc] GC(15951) Pause Young (Allocation Failure) 269M->123M(488M) 1.903ms
[1821.957s][info][gc] GC(15952) Pause Young (Allocation Failure) 258M->123M(488M) 1.215ms
[1821.965s][info][gc] GC(15953) Pause Young (Allocation Failure) 258M->131M(488M) 2.519ms
[1821.974s][info][gc] GC(15954) Pause Young (Allocation Failure) 266M->144M(488M) 3.919ms
[1821.982s][info][gc] GC(15955) Pause Young (Allocation Failure) 279M->157M(488M) 3.015ms
[1821.989s][info][gc] GC(15956) Pause Young (Allocation Failure) 292M->171M(488M) 2.912ms
[1822.004s][info][gc] GC(15957) Pause Young (Allocation Failure) 299M->193M(488M) 7.846ms
[1822.495s][info][gc] GC(15958) Pause Young (Allocation Failure) 326M->232M(488M) 3.555ms
[1823.004s][info][gc] GC(15959) Pause Young (Allocation Failure) 365M->271M(488M) 1.719ms
[1823.735s][info][gc] GC(15960) Pause Young (Allocation Failure) 404M->302M(488M) 1.740ms
[1824.298s][info][gc] GC(15961) Pause Young (Allocation Failure) 435M->341M(488M) 1.749ms
[1824.877s][info][gc] GC(15962) Pause Young (Allocation Failure) 474M->373M(511M) 2.764ms
[1824.911s][info][gc] GC(15963) Pause Full (Allocation Failure) 373M->154M(488M) 33.870ms
[1825.306s][info][gc] GC(15964) Pause Young (Allocation Failure) 287M->209M(488M) 1.581ms
[1825.847s][info][gc] GC(15965) Pause Young (Allocation Failure) 342M->241M(488M) 1.577ms
[1826.330s][info][gc] GC(15966) Pause Young (Allocation Failure) 373M->280M(488M) 1.756ms
[1827.397s][info][gc] GC(15967) Pause Young (Allocation Failure) 413M->311M(488M) 1.600ms
[1828.263s][info][gc] GC(15968) Pause Young (Allocation Failure) 443M->350M(488M) 1.869ms
[1829.212s][info][gc] GC(15969) Pause Young (Allocation Failure) 483M->381M(519M) 3.120ms
[1829.238s][info][gc] GC(15970) Pause Full (Allocation Failure) 381M->142M(488M) 24.914ms
[1829.901s][info][gc] GC(15971) Pause Young (Allocation Failure) 275M->196M(488M) 1.570ms
[1830.706s][info][gc] GC(15972) Pause Young (Allocation Failure) 329M->228M(488M) 1.588ms
[1831.673s][info][gc] GC(15973) Pause Young (Allocation Failure) 360M->267M(488M) 1.761ms
[1832.474s][info][gc] GC(15974) Pause Young (Allocation Failure) 400M->298M(488M) 1.572ms
[1833.160s][info][gc] GC(15975) Pause Young (Allocation Failure) 431M->337M(488M) 1.722ms
[1834.510s][info][gc] GC(15976) Pause Young (Allocation Failure) 470M->369M(504M) 2.512ms
[1834.533s][info][gc] GC(15977) Pause Full (Allocation Failure) 369M->147M(488M) 23.305ms
[1835.204s][info][gc] GC(15978) Pause Young (Allocation Failure) 280M->202M(488M) 1.622ms
[1836.028s][info][gc] GC(15979) Pause Young (Allocation Failure) 335M->233M(488M) 1.564ms
[1836.653s][info][gc] GC(15980) Pause Young (Allocation Failure) 366M->272M(488M) 1.801ms
[1837.775s][info][gc] GC(15981) Pause Young (Allocation Failure) 407M->288M(488M) 1.285ms
[1848.255s][info][gc] GC(15982) Pause Young (Allocation Failure) 423M->274M(488M) 0.701ms
[1851.486s][info][gc] GC(15983) Pause Young (Allocation Failure) 408M->279M(488M) 1.360ms
[1851.650s][info][gc] GC(15984) Pause Young (Allocation Failure) 410M->297M(488M) 4.253ms
[1854.029s][info][gc] GC(15985) Pause Young (Allocation Failure) 430M->298M(488M) 2.546ms
[1856.123s][info][gc] GC(15986) Pause Young (Allocation Failure) 432M->291M(488M) 0.574ms
[1859.238s][info][gc] GC(15987) Pause Young (Allocation Failure) 423M->300M(488M) 0.730ms
[1862.589s][info][gc] GC(15988) Pause Young (Allocation Failure) 432M->293M(488M) 0.760ms
[1865.196s][info][gc] GC(15989) Pause Young (Allocation Failure) 425M->302M(488M) 0.683ms
[1878.788s][info][gc] GC(15990) Pause Young (Allocation Failure) 436M->299M(488M) 2.461ms
[1878.796s][info][gc] GC(15991) Pause Young (Allocation Failure) 434M->299M(488M) 1.416ms
[1878.803s][info][gc] GC(15992) Pause Young (Allocation Failure) 434M->307M(488M) 2.819ms
[1878.811s][info][gc] GC(15993) Pause Young (Allocation Failure) 442M->320M(488M) 4.190ms
[1878.819s][info][gc] GC(15994) Pause Young (Allocation Failure) 455M->333M(488M) 3.263ms
[1878.826s][info][gc] GC(15995) Pause Young (Allocation Failure) 468M->346M(488M) 3.013ms
[1878.834s][info][gc] GC(15996) Pause Young (Allocation Failure) 481M->359M(498M) 3.709ms
[1878.869s][info][gc] GC(15997) Pause Full (Allocation Failure) 359M->92M(488M) 34.765ms
[1878.878s][info][gc] GC(15998) Pause Young (Allocation Failure) 224M->115M(488M) 3.907ms
[1879.059s][info][gc] GC(15999) Pause Young (Allocation Failure) 249M->171M(488M) 4.712ms
[1879.686s][info][gc] GC(16000) Pause Young (Allocation Failure) 304M->226M(488M) 2.366ms
[1880.352s][info][gc] GC(16001) Pause Young (Allocation Failure) 359M->272M(488M) 2.101ms
[1880.731s][info][gc] GC(16002) Pause Young (Allocation Failure) 405M->326M(488M) 2.168ms
[1881.282s][info][gc] GC(16003) Pause Young (Allocation Failure) 459M->373M(511M) 2.976ms
[1881.313s][info][gc] GC(16004) Pause Full (Allocation Failure) 373M->175M(488M) 31.242ms
[1881.869s][info][gc] GC(16005) Pause Young (Allocation Failure) 309M->245M(488M) 2.089ms
[1882.218s][info][gc] GC(16006) Pause Young (Allocation Failure) 379M->291M(488M) 2.012ms
[1882.531s][info][gc] GC(16007) Pause Young (Allocation Failure) 424M->346M(488M) 2.106ms
[1882.936s][info][gc] GC(16008) Pause Young (Allocation Failure) 480M->393M(534M) 4.294ms
[1882.970s][info][gc] GC(16009) Pause Full (Allocation Failure) 393M->172M(488M) 33.884ms
[1883.390s][info][gc] GC(16010) Pause Young (Allocation Failure) 305M->242M(488M) 1.964ms
[1884.103s][info][gc] GC(16011) Pause Young (Allocation Failure) 375M->289M(488M) 1.964ms
[1884.734s][info][gc] GC(16012) Pause Young (Allocation Failure) 421M->343M(488M) 2.239ms
[1885.664s][info][gc] GC(16013) Pause Young (Allocation Failure) 476M->390M(526M) 4.160ms
[1885.692s][info][gc] GC(16014) Pause Full (Allocation Failure) 390M->176M(488M) 28.362ms
[1886.484s][info][gc] GC(16015) Pause Young (Allocation Failure) 309M->246M(488M) 1.858ms
[1886.976s][info][gc] GC(16016) Pause Young (Allocation Failure) 379M->292M(488M) 2.018ms
[1887.759s][info][gc] GC(16017) Pause Young (Allocation Failure) 425M->347M(488M) 2.099ms
[1888.399s][info][gc] GC(16018) Pause Young (Allocation Failure) 480M->393M(534M) 4.335ms
[1888.432s][info][gc] GC(16019) Pause Full (Allocation Failure) 393M->179M(488M) 33.484ms
[1889.187s][info][gc] GC(16020) Pause Young (Allocation Failure) 312M->249M(488M) 1.898ms
[1889.758s][info][gc] GC(16021) Pause Young (Allocation Failure) 382M->296M(488M) 1.954ms
[1890.417s][info][gc] GC(16022) Pause Young (Allocation Failure) 428M->350M(488M) 2.080ms
[1891.563s][info][gc] GC(16023) Pause Young (Allocation Failure) 483M->382M(519M) 3.144ms
[1891.595s][info][gc] GC(16024) Pause Full (Allocation Failure) 382M->183M(488M) 32.009ms
[1892.068s][info][gc] GC(16025) Pause Young (Allocation Failure) 315M->253M(488M) 1.928ms
[1892.921s][info][gc] GC(16026) Pause Young (Allocation Failure) 385M->299M(488M) 1.944ms
[1893.367s][info][gc] GC(16027) Pause Young (Allocation Failure) 432M->354M(489M) 2.353ms
[1893.404s][info][gc] GC(16028) Pause Full (Allocation Failure) 354M->193M(488M) 36.668ms
[1893.999s][info][gc] GC(16029) Pause Young (Allocation Failure) 326M->255M(488M) 1.853ms
[1894.637s][info][gc] GC(16030) Pause Young (Allocation Failure) 388M->310M(488M) 2.046ms
[1900.192s][info][gc] GC(16031) Pause Young (Allocation Failure) 444M->295M(488M) 0.628ms
[1909.880s][info][gc] GC(16032) Pause Young (Allocation Failure) 430M->296M(488M) 0.918ms
[1910.785s][info][gc] GC(16033) Pause Young (Allocation Failure) 431M->300M(488M) 2.045ms
[1910.792s][info][gc] GC(16034) Pause Young (Allocation Failure) 435M->300M(488M) 1.686ms
[1910.800s][info][gc] GC(16035) Pause Young (Allocation Failure) 435M->313M(488M) 3.865ms
[1910.809s][info][gc] GC(16036) Pause Young (Allocation Failure) 448M->326M(488M) 4.936ms
[1910.816s][info][gc] GC(16037) Pause Young (Allocation Failure) 461M->340M(488M) 2.959ms
[1910.824s][info][gc] GC(16038) Pause Young (Allocation Failure) 474M->353M(491M) 3.257ms
[1910.856s][info][gc] GC(16039) Pause Full (Allocation Failure) 353M->86M(488M) 32.315ms
[1910.862s][info][gc] GC(16040) Pause Young (Allocation Failure) 221M->100M(488M) 2.290ms
[1910.877s][info][gc] GC(16041) Pause Young (Allocation Failure) 233M->157M(488M) 8.822ms
[1911.378s][info][gc] GC(16042) Pause Young (Allocation Failure) 291M->212M(488M) 2.943ms
[1911.909s][info][gc] GC(16043) Pause Young (Allocation Failure) 345M->258M(488M) 1.976ms
[1912.415s][info][gc] GC(16044) Pause Young (Allocation Failure) 391M->313M(488M) 2.090ms
[1912.983s][info][gc] GC(16045) Pause Young (Allocation Failure) 445M->359M(496M) 2.346ms
[1913.012s][info][gc] GC(16046) Pause Full (Allocation Failure) 359M->175M(488M) 29.470ms
[1913.521s][info][gc] GC(16047) Pause Young (Allocation Failure) 308M->245M(488M) 1.930ms
[1913.969s][info][gc] GC(16048) Pause Young (Allocation Failure) 379M->292M(488M) 2.041ms
[1914.357s][info][gc] GC(16049) Pause Young (Allocation Failure) 425M->346M(488M) 2.167ms
[1914.751s][info][gc] GC(16050) Pause Young (Allocation Failure) 480M->393M(534M) 4.108ms
[1914.784s][info][gc] GC(16051) Pause Full (Allocation Failure) 393M->179M(488M) 32.604ms
[1915.131s][info][gc] GC(16052) Pause Young (Allocation Failure) 313M->249M(488M) 1.985ms
[1915.595s][info][gc] GC(16053) Pause Young (Allocation Failure) 382M->296M(488M) 1.960ms
[1916.483s][info][gc] GC(16054) Pause Young (Allocation Failure) 429M->350M(488M) 2.093ms
[1917.335s][info][gc] GC(16055) Pause Young (Allocation Failure) 483M->397M(534M) 4.382ms
[1917.369s][info][gc] GC(16056) Pause Full (Allocation Failure) 397M->176M(488M) 33.983ms
[1917.865s][info][gc] GC(16057) Pause Young (Allocation Failure) 309M->246M(488M) 1.978ms
[1918.752s][info][gc] GC(16058) Pause Young (Allocation Failure) 380M->293M(488M) 2.026ms
[1919.477s][info][gc] GC(16059) Pause Young (Allocation Failure) 426M->347M(488M) 2.136ms
[1920.103s][info][gc] GC(16060) Pause Young (Allocation Failure) 481M->394M(534M) 4.322ms
[1920.137s][info][gc] GC(16061) Pause Full (Allocation Failure) 394M->180M(488M) 34.362ms
[1920.805s][info][gc] GC(16062) Pause Young (Allocation Failure) 313M->250M(488M) 1.848ms
[1921.483s][info][gc] GC(16063) Pause Young (Allocation Failure) 383M->297M(488M) 1.944ms
[1922.116s][info][gc] GC(16064) Pause Young (Allocation Failure) 430M->351M(488M) 2.100ms
[1922.696s][info][gc] GC(16065) Pause Young (Allocation Failure) 484M->398M(534M) 4.434ms
[1922.726s][info][gc] GC(16066) Pause Full (Allocation Failure) 398M->184M(488M) 29.859ms
[1923.716s][info][gc] GC(16067) Pause Young (Allocation Failure) 316M->253M(488M) 2.022ms
[1924.505s][info][gc] GC(16068) Pause Young (Allocation Failure) 387M->300M(488M) 2.003ms
[1925.135s][info][gc] GC(16069) Pause Young (Allocation Failure) 433M->354M(496M) 2.497ms
[1925.168s][info][gc] GC(16070) Pause Full (Allocation Failure) 354M->194M(488M) 32.957ms
[1925.685s][info][gc] GC(16071) Pause Young (Allocation Failure) 327M->256M(488M) 1.720ms
[1926.175s][info][gc] GC(16072) Pause Young (Allocation Failure) 389M->310M(488M) 2.236ms
[1927.087s][info][gc] GC(16073) Pause Young (Allocation Failure) 444M->357M(496M) 2.344ms
[1927.120s][info][gc] GC(16074) Pause Full (Allocation Failure) 357M->189M(488M) 32.996ms
[1936.248s][info][gc] GC(16075) Pause Young (Allocation Failure) 324M->190M(488M) 0.557ms
[1942.742s][info][gc] GC(16076) Pause Young (Allocation Failure) 325M->195M(488M) 2.240ms
[1942.749s][info][gc] GC(16077) Pause Young (Allocation Failure) 330M->195M(488M) 1.539ms
[1942.756s][info][gc] GC(16078) Pause Young (Allocation Failure) 330M->200M(488M) 2.450ms
[1942.765s][info][gc] GC(16079) Pause Young (Allocation Failure) 335M->213M(488M) 4.338ms
[1942.772s][info][gc] GC(16080) Pause Young (Allocation Failure) 348M->226M(488M) 3.231ms
[1942.779s][info][gc] GC(16081) Pause Young (Allocation Failure) 361M->239M(488M) 3.020ms
[1942.786s][info][gc] GC(16082) Pause Young (Allocation Failure) 374M->253M(488M) 3.138ms
[1942.794s][info][gc] GC(16083) Pause Young (Allocation Failure) 387M->266M(488M) 3.418ms
[1942.949s][info][gc] GC(16084) Pause Young (Allocation Failure) 399M->341M(488M) 7.303ms
[1943.598s][info][gc] GC(16085) Pause Young (Allocation Failure) 474M->388M(526M) 4.371ms
[1943.643s][info][gc] GC(16086) Pause Full (Allocation Failure) 388M->173M(488M) 44.673ms
[1943.918s][info][gc] GC(16087) Pause Young (Allocation Failure) 306M->243M(488M) 1.862ms
[1944.649s][info][gc] GC(16088) Pause Young (Allocation Failure) 377M->290M(488M) 1.902ms
[1945.167s][info][gc] GC(16089) Pause Young (Allocation Failure) 423M->344M(488M) 2.137ms
[1945.656s][info][gc] GC(16090) Pause Young (Allocation Failure) 478M->391M(526M) 4.227ms
[1945.687s][info][gc] GC(16091) Pause Full (Allocation Failure) 391M->177M(488M) 31.779ms
[1946.082s][info][gc] GC(16092) Pause Young (Allocation Failure) 310M->247M(488M) 1.888ms
[1946.448s][info][gc] GC(16093) Pause Young (Allocation Failure) 380M->294M(488M) 2.142ms
[1946.759s][info][gc] GC(16094) Pause Young (Allocation Failure) 427M->348M(488M) 2.183ms
[1947.198s][info][gc] GC(16095) Pause Young (Allocation Failure) 482M->395M(534M) 4.267ms
[1947.227s][info][gc] GC(16096) Pause Full (Allocation Failure) 395M->181M(488M) 28.613ms
[1947.957s][info][gc] GC(16097) Pause Young (Allocation Failure) 313M->251M(488M) 1.896ms
[1948.692s][info][gc] GC(16098) Pause Young (Allocation Failure) 384M->297M(488M) 1.930ms
[1949.336s][info][gc] GC(16099) Pause Young (Allocation Failure) 430M->352M(488M) 2.106ms
[1950.328s][info][gc] GC(16100) Pause Young (Allocation Failure) 486M->399M(534M) 4.425ms
[1950.365s][info][gc] GC(16101) Pause Full (Allocation Failure) 399M->179M(488M) 36.923ms
[1950.876s][info][gc] GC(16102) Pause Young (Allocation Failure) 312M->249M(488M) 1.940ms
[1951.609s][info][gc] GC(16103) Pause Young (Allocation Failure) 382M->296M(488M) 2.005ms
[1952.206s][info][gc] GC(16104) Pause Young (Allocation Failure) 428M->350M(488M) 2.223ms
[1953.119s][info][gc] GC(16105) Pause Young (Allocation Failure) 483M->397M(534M) 4.346ms
[1953.149s][info][gc] GC(16106) Pause Full (Allocation Failure) 397M->183M(488M) 30.103ms
[1953.580s][info][gc] GC(16107) Pause Young (Allocation Failure) 316M->253M(488M) 1.982ms
[1954.253s][info][gc] GC(16108) Pause Young (Allocation Failure) 385M->299M(488M) 2.010ms
[1955.341s][info][gc] GC(16109) Pause Young (Allocation Failure) 433M->354M(489M) 2.235ms
[1955.377s][info][gc] GC(16110) Pause Full (Allocation Failure) 354M->193M(488M) 36.445ms
[1956.007s][info][gc] GC(16111) Pause Young (Allocation Failure) 325M->255M(488M) 1.774ms
[1956.698s][info][gc] GC(16112) Pause Young (Allocation Failure) 388M->309M(488M) 2.218ms
[1957.268s][info][gc] GC(16113) Pause Young (Allocation Failure) 442M->356M(496M) 2.498ms
[1957.312s][info][gc] GC(16114) Pause Full (Allocation Failure) 356M->188M(488M) 43.374ms
[1957.830s][info][gc] GC(16115) Pause Young (Allocation Failure) 320M->258M(488M) 1.918ms
[1958.509s][info][gc] GC(16116) Pause Young (Allocation Failure) 391M->305M(488M) 1.961ms
[1962.348s][info][gc] GC(16117) Pause Young (Allocation Failure) 439M->290M(488M) 0.638ms
[1972.046s][info][gc] GC(16118) Pause Young (Allocation Failure) 425M->291M(488M) 0.776ms
[1974.588s][info][gc] GC(16119) Pause Young (Allocation Failure) 425M->295M(488M) 1.824ms
[1974.596s][info][gc] GC(16120) Pause Young (Allocation Failure) 430M->295M(488M) 1.605ms
[1974.605s][info][gc] GC(16121) Pause Young (Allocation Failure) 430M->309M(488M) 3.761ms
[1974.614s][info][gc] GC(16122) Pause Young (Allocation Failure) 443M->322M(488M) 4.646ms
[1974.622s][info][gc] GC(16123) Pause Young (Allocation Failure) 457M->335M(488M) 2.806ms
[1974.630s][info][gc] GC(16124) Pause Young (Allocation Failure) 470M->348M(488M) 2.859ms
[1974.646s][info][gc] GC(16125) Pause Young (Allocation Failure) 479M->378M(513M) 9.655ms
[1974.683s][info][gc] GC(16126) Pause Full (Allocation Failure) 378M->105M(488M) 37.153ms
[1975.304s][info][gc] GC(16127) Pause Young (Allocation Failure) 237M->159M(488M) 1.703ms
[1975.942s][info][gc] GC(16128) Pause Young (Allocation Failure) 292M->191M(488M) 1.571ms
[1976.766s][info][gc] GC(16129) Pause Young (Allocation Failure) 324M->230M(488M) 1.740ms
[1977.422s][info][gc] GC(16130) Pause Young (Allocation Failure) 363M->261M(488M) 1.643ms
[1978.070s][info][gc] GC(16131) Pause Young (Allocation Failure) 394M->301M(488M) 1.802ms
[1978.658s][info][gc] GC(16132) Pause Young (Allocation Failure) 434M->332M(488M) 1.727ms
[1979.087s][info][gc] GC(16133) Pause Young (Allocation Failure) 465M->371M(511M) 2.802ms
[1979.108s][info][gc] GC(16134) Pause Full (Allocation Failure) 371M->165M(488M) 21.328ms
[1979.746s][info][gc] GC(16135) Pause Young (Allocation Failure) 298M->213M(488M) 1.541ms
[1980.798s][info][gc] GC(16136) Pause Young (Allocation Failure) 345M->252M(488M) 1.871ms
[1981.792s][info][gc] GC(16137) Pause Young (Allocation Failure) 385M->283M(488M) 1.616ms
[1982.896s][info][gc] GC(16138) Pause Young (Allocation Failure) 416M->322M(488M) 1.818ms
[1983.823s][info][gc] GC(16139) Pause Young (Allocation Failure) 455M->354M(489M) 1.725ms
[1983.847s][info][gc] GC(16140) Pause Full (Allocation Failure) 354M->163M(488M) 23.603ms
[1984.894s][info][gc] GC(16141) Pause Young (Allocation Failure) 295M->217M(488M) 1.615ms
[1986.516s][info][gc] GC(16142) Pause Young (Allocation Failure) 350M->249M(488M) 1.572ms
[1987.282s][info][gc] GC(16143) Pause Young (Allocation Failure) 381M->288M(488M) 1.826ms
[1988.200s][info][gc] GC(16144) Pause Young (Allocation Failure) 421M->319M(488M) 1.607ms
[1989.604s][info][gc] GC(16145) Pause Young (Allocation Failure) 453M->358M(496M) 2.155ms
[1989.629s][info][gc] GC(16146) Pause Full (Allocation Failure) 358M->175M(488M) 24.308ms
[1991.032s][info][gc] GC(16147) Pause Young (Allocation Failure) 309M->222M(488M) 1.394ms
[1991.794s][info][gc] GC(16148) Pause Young (Allocation Failure) 355M->261M(488M) 1.799ms
[1992.536s][info][gc] GC(16149) Pause Young (Allocation Failure) 394M->293M(488M) 1.651ms
[1993.701s][info][gc] GC(16150) Pause Young (Allocation Failure) 425M->332M(488M) 1.845ms
[2003.762s][info][gc] GC(16151) Pause Young (Allocation Failure) 467M->318M(488M) 1.045ms
[2003.785s][info][gc] GC(16152) Pause Young (Allocation Failure) 453M->328M(488M) 2.023ms
[2003.870s][info][gc] GC(16153) Pause Young (Allocation Failure) 462M->350M(488M) 4.637ms
[2003.892s][info][gc] GC(16154) Pause Young (Allocation Failure) 485M->363M(503M) 3.780ms
[2003.923s][info][gc] GC(16155) Pause Full (Allocation Failure) 363M->110M(488M) 30.163ms
[2003.953s][info][gc] GC(16156) Pause Young (Allocation Failure) 245M->133M(488M) 2.308ms
[2003.975s][info][gc] GC(16157) Pause Young (Allocation Failure) 268M->147M(488M) 3.324ms
[2004.119s][info][gc] GC(16158) Pause Young (Allocation Failure) 281M->197M(488M) 5.058ms
[2004.140s][info][gc] GC(16159) Pause Young (Allocation Failure) 332M->210M(488M) 3.261ms
[2004.950s][info][gc] GC(16160) Pause Young (Allocation Failure) 344M->259M(488M) 4.851ms
[2005.695s][info][gc] GC(16161) Pause Young (Allocation Failure) 392M->298M(488M) 1.969ms
[2006.474s][info][gc] GC(16162) Pause Young (Allocation Failure) 432M->329M(488M) 1.595ms
[2007.166s][info][gc] GC(16163) Pause Young (Allocation Failure) 462M->369M(504M) 2.563ms
[2007.199s][info][gc] GC(16164) Pause Full (Allocation Failure) 369M->150M(488M) 33.465ms
[2007.784s][info][gc] GC(16165) Pause Young (Allocation Failure) 283M->197M(488M) 1.477ms
[2008.241s][info][gc] GC(16166) Pause Young (Allocation Failure) 330M->236M(488M) 1.788ms
[2008.789s][info][gc] GC(16167) Pause Young (Allocation Failure) 369M->268M(488M) 1.737ms
[2009.557s][info][gc] GC(16168) Pause Young (Allocation Failure) 400M->307M(488M) 1.807ms
[2010.542s][info][gc] GC(16169) Pause Young (Allocation Failure) 440M->338M(488M) 1.704ms
[2011.623s][info][gc] GC(16170) Pause Young (Allocation Failure) 471M->378M(519M) 3.108ms
[2011.647s][info][gc] GC(16171) Pause Full (Allocation Failure) 378M->156M(488M) 23.573ms
[2012.825s][info][gc] GC(16172) Pause Young (Allocation Failure) 289M->203M(488M) 1.381ms
[2013.858s][info][gc] GC(16173) Pause Young (Allocation Failure) 336M->242M(488M) 1.744ms
[2014.729s][info][gc] GC(16174) Pause Young (Allocation Failure) 376M->274M(488M) 1.647ms
[2016.262s][info][gc] GC(16175) Pause Young (Allocation Failure) 407M->313M(488M) 1.794ms
[2017.270s][info][gc] GC(16176) Pause Young (Allocation Failure) 446M->344M(488M) 1.622ms
[2018.461s][info][gc] GC(16177) Pause Young (Allocation Failure) 477M->383M(519M) 3.462ms
[2018.486s][info][gc] GC(16178) Pause Full (Allocation Failure) 383M->162M(488M) 24.480ms
[2019.687s][info][gc] GC(16179) Pause Young (Allocation Failure) 295M->209M(488M) 1.451ms
[2020.906s][info][gc] GC(16180) Pause Young (Allocation Failure) 341M->248M(488M) 1.800ms
[2021.577s][info][gc] GC(16181) Pause Young (Allocation Failure) 381M->279M(488M) 1.585ms
[2022.309s][info][gc] GC(16182) Pause Young (Allocation Failure) 412M->318M(488M) 1.784ms
[2028.282s][info][gc] GC(16183) Pause Young (Allocation Failure) 453M->304M(488M) 0.708ms
[2033.518s][info][gc] GC(16184) Pause Young (Allocation Failure) 439M->307M(488M) 1.300ms
[2033.538s][info][gc] GC(16185) Pause Young (Allocation Failure) 442M->320M(488M) 2.861ms
[2035.701s][info][gc] GC(16186) Pause Young (Allocation Failure) 448M->330M(488M) 4.124ms
[2038.221s][info][gc] GC(16187) Pause Young (Allocation Failure) 463M->323M(488M) 0.936ms
[2041.943s][info][gc] GC(16188) Pause Young (Allocation Failure) 457M->332M(488M) 0.754ms
[2045.973s][info][gc] GC(16189) Pause Young (Allocation Failure) 466M->325M(488M) 0.811ms
[2049.769s][info][gc] GC(16190) Pause Young (Allocation Failure) 457M->334M(488M) 0.781ms
[2060.026s][info][gc] GC(16191) Pause Young (Allocation Failure) 469M->327M(488M) 1.057ms
[2060.046s][info][gc] GC(16192) Pause Young (Allocation Failure) 462M->341M(488M) 2.533ms
[2061.977s][info][gc] GC(16193) Pause Young (Allocation Failure) 473M->352M(491M) 3.971ms
[2061.997s][info][gc] GC(16194) Pause Full (Allocation Failure) 352M->47M(488M) 20.102ms
[2064.252s][info][gc] GC(16195) Pause Young (Allocation Failure) 179M->48M(488M) 0.360ms
[2067.736s][info][gc] GC(16196) Pause Young (Allocation Failure) 180M->57M(488M) 0.726ms
[2071.793s][info][gc] GC(16197) Pause Young (Allocation Failure) 189M->50M(488M) 0.776ms
[2076.036s][info][gc] GC(16198) Pause Young (Allocation Failure) 182M->58M(488M) 0.729ms
[2087.208s][info][gc] GC(16199) Pause Young (Allocation Failure) 193M->52M(488M) 1.008ms
[2087.229s][info][gc] GC(16200) Pause Young (Allocation Failure) 187M->64M(488M) 2.430ms
[2088.900s][info][gc] GC(16201) Pause Young (Allocation Failure) 198M->76M(488M) 3.897ms
[2091.481s][info][gc] GC(16202) Pause Young (Allocation Failure) 209M->70M(488M) 1.158ms
[2094.543s][info][gc] GC(16203) Pause Young (Allocation Failure) 202M->79M(488M) 0.714ms
[2098.777s][info][gc] GC(16204) Pause Young (Allocation Failure) 211M->72M(488M) 0.795ms
[2103.016s][info][gc] GC(16205) Pause Young (Allocation Failure) 204M->80M(488M) 0.775ms
[2114.569s][info][gc] GC(16206) Pause Young (Allocation Failure) 215M->74M(488M) 1.017ms
[2114.590s][info][gc] GC(16207) Pause Young (Allocation Failure) 209M->84M(488M) 2.050ms
[2115.737s][info][gc] GC(16208) Pause Young (Allocation Failure) 217M->98M(488M) 4.396ms
[2118.317s][info][gc] GC(16209) Pause Young (Allocation Failure) 231M->92M(488M) 1.322ms
[2121.049s][info][gc] GC(16210) Pause Young (Allocation Failure) 224M->100M(488M) 0.717ms
[2125.375s][info][gc] GC(16211) Pause Young (Allocation Failure) 233M->94M(488M) 0.809ms
[2129.468s][info][gc] GC(16212) Pause Young (Allocation Failure) 226M->102M(488M) 0.696ms
[2140.871s][info][gc] GC(16213) Pause Young (Allocation Failure) 237M->96M(488M) 1.012ms
[2140.894s][info][gc] GC(16214) Pause Young (Allocation Failure) 231M->105M(488M) 1.838ms
[2141.819s][info][gc] GC(16215) Pause Young (Allocation Failure) 238M->120M(488M) 3.987ms
[2144.526s][info][gc] GC(16216) Pause Young (Allocation Failure) 253M->114M(488M) 1.524ms
[2147.042s][info][gc] GC(16217) Pause Young (Allocation Failure) 246M->122M(488M) 0.743ms
[2151.608s][info][gc] GC(16218) Pause Young (Allocation Failure) 255M->116M(488M) 0.778ms
[2155.355s][info][gc] GC(16219) Pause Young (Allocation Failure) 248M->124M(488M) 0.744ms
[2165.552s][info][gc] GC(16220) Pause Young (Allocation Failure) 259M->118M(488M) 0.774ms
[2167.863s][info][gc] GC(16221) Pause Young (Allocation Failure) 253M->125M(488M) 1.750ms
[2168.541s][info][gc] GC(16222) Pause Young (Allocation Failure) 259M->142M(488M) 4.451ms
[2171.321s][info][gc] GC(16223) Pause Young (Allocation Failure) 275M->136M(488M) 2.481ms
[2173.643s][info][gc] GC(16224) Pause Young (Allocation Failure) 268M->144M(488M) 0.712ms
[2177.797s][info][gc] GC(16225) Pause Young (Allocation Failure) 277M->138M(488M) 0.839ms
[2182.364s][info][gc] GC(16226) Pause Young (Allocation Failure) 270M->146M(488M) 0.730ms
[2187.341s][info][gc] GC(16227) Pause Young (Allocation Failure) 281M->140M(488M) 0.731ms
[2194.772s][info][gc] GC(16228) Pause Young (Allocation Failure) 275M->146M(488M) 1.532ms
[2194.958s][info][gc] GC(16229) Pause Young (Allocation Failure) 281M->164M(488M) 4.541ms
[2198.063s][info][gc] GC(16230) Pause Young (Allocation Failure) 297M->158M(488M) 2.139ms
[2200.283s][info][gc] GC(16231) Pause Young (Allocation Failure) 290M->166M(488M) 0.813ms
[2204.439s][info][gc] GC(16232) Pause Young (Allocation Failure) 299M->160M(488M) 0.796ms
[2208.970s][info][gc] GC(16233) Pause Young (Allocation Failure) 292M->168M(488M) 0.731ms
[2212.922s][info][gc] GC(16234) Pause Young (Allocation Failure) 301M->162M(488M) 0.786ms
[2222.076s][info][gc] GC(16235) Pause Young (Allocation Failure) 297M->166M(488M) 1.268ms
[2222.100s][info][gc] GC(16236) Pause Young (Allocation Failure) 294M->179M(488M) 4.248ms
[2224.713s][info][gc] GC(16237) Pause Young (Allocation Failure) 311M->187M(488M) 4.486ms
[2226.868s][info][gc] GC(16238) Pause Young (Allocation Failure) 320M->181M(488M) 0.561ms
[2230.499s][info][gc] GC(16239) Pause Young (Allocation Failure) 313M->189M(488M) 0.757ms
[2235.045s][info][gc] GC(16240) Pause Young (Allocation Failure) 321M->183M(488M) 0.818ms
[2238.683s][info][gc] GC(16241) Pause Young (Allocation Failure) 315M->191M(488M) 0.691ms
[2248.886s][info][gc] GC(16242) Pause Young (Allocation Failure) 326M->186M(488M) 1.486ms
[2248.898s][info][gc] GC(16243) Pause Young (Allocation Failure) 321M->195M(488M) 2.279ms
[2248.911s][info][gc] GC(16244) Pause Young (Allocation Failure) 330M->208M(488M) 3.516ms
[2248.929s][info][gc] GC(16245) Pause Young (Allocation Failure) 338M->243M(488M) 7.783ms
[2250.534s][info][gc] GC(16246) Pause Young (Allocation Failure) 376M->244M(488M) 1.283ms
[2251.772s][info][gc] GC(16247) Pause Young (Allocation Failure) 376M->253M(488M) 1.089ms
[2252.928s][info][gc] GC(16248) Pause Young (Allocation Failure) 386M->254M(488M) 0.948ms
[2253.994s][info][gc] GC(16249) Pause Young (Allocation Failure) 386M->262M(488M) 1.121ms
[2256.243s][info][gc] GC(16250) Pause Young (Allocation Failure) 396M->263M(488M) 0.913ms
[2258.364s][info][gc] GC(16251) Pause Young (Allocation Failure) 396M->272M(488M) 1.241ms
[2260.587s][info][gc] GC(16252) Pause Young (Allocation Failure) 406M->273M(488M) 0.918ms
[2262.182s][info][gc] GC(16253) Pause Young (Allocation Failure) 405M->281M(488M) 1.075ms
[2265.102s][info][gc] GC(16254) Pause Young (Allocation Failure) 414M->282M(488M) 0.900ms
[2266.531s][info][gc] GC(16255) Pause Young (Allocation Failure) 415M->291M(488M) 1.065ms
[2276.374s][info][gc] GC(16256) Pause Young (Allocation Failure) 426M->277M(488M) 0.914ms
[2276.397s][info][gc] GC(16257) Pause Young (Allocation Failure) 412M->287M(488M) 2.097ms
[2276.830s][info][gc] GC(16258) Pause Young (Allocation Failure) 422M->309M(488M) 4.895ms
[2276.853s][info][gc] GC(16259) Pause Young (Allocation Failure) 444M->321M(488M) 2.815ms
[2277.715s][info][gc] GC(16260) Pause Young (Allocation Failure) 455M->349M(488M) 4.139ms
[2279.137s][info][gc] GC(16261) Pause Young (Allocation Failure) 482M->350M(488M) 1.177ms
[2280.332s][info][gc] GC(16262) Pause Young (Allocation Failure) 483M->359M(496M) 1.518ms
[2280.368s][info][gc] GC(16263) Pause Full (Allocation Failure) 359M->81M(488M) 36.255ms
[2281.430s][info][gc] GC(16264) Pause Young (Allocation Failure) 214M->98M(488M) 0.737ms
[2282.926s][info][gc] GC(16265) Pause Young (Allocation Failure) 230M->106M(488M) 1.154ms
[2285.210s][info][gc] GC(16266) Pause Young (Allocation Failure) 239M->107M(488M) 0.933ms
[2287.458s][info][gc] GC(16267) Pause Young (Allocation Failure) 241M->116M(488M) 1.118ms
[2289.025s][info][gc] GC(16268) Pause Young (Allocation Failure) 250M->117M(488M) 0.906ms
[2291.152s][info][gc] GC(16269) Pause Young (Allocation Failure) 249M->125M(488M) 1.074ms
[2293.481s][info][gc] GC(16270) Pause Young (Allocation Failure) 259M->127M(488M) 0.886ms
[2302.314s][info][gc] GC(16271) Pause Young (Allocation Failure) 261M->112M(488M) 0.581ms
[2303.858s][info][gc] GC(16272) Pause Young (Allocation Failure) 247M->120M(488M) 1.664ms
[2304.224s][info][gc] GC(16273) Pause Young (Allocation Failure) 254M->145M(488M) 5.113ms
[2304.247s][info][gc] GC(16274) Pause Young (Allocation Failure) 280M->153M(488M) 2.284ms
[2304.819s][info][gc] GC(16275) Pause Young (Allocation Failure) 285M->177M(488M) 4.520ms
[2306.179s][info][gc] GC(16276) Pause Young (Allocation Failure) 310M->186M(488M) 1.314ms
[2307.481s][info][gc] GC(16277) Pause Young (Allocation Failure) 319M->187M(488M) 0.934ms
[2308.414s][info][gc] GC(16278) Pause Young (Allocation Failure) 320M->196M(488M) 1.095ms
[2310.181s][info][gc] GC(16279) Pause Young (Allocation Failure) 329M->197M(488M) 0.920ms
[2312.269s][info][gc] GC(16280) Pause Young (Allocation Failure) 330M->205M(488M) 1.078ms
[2314.094s][info][gc] GC(16281) Pause Young (Allocation Failure) 339M->206M(488M) 0.908ms
[2316.441s][info][gc] GC(16282) Pause Young (Allocation Failure) 339M->215M(488M) 1.165ms
[2318.732s][info][gc] GC(16283) Pause Young (Allocation Failure) 348M->216M(488M) 0.900ms
[2320.789s][info][gc] GC(16284) Pause Young (Allocation Failure) 348M->224M(488M) 1.090ms
[2323.413s][info][gc] GC(16285) Pause Young (Allocation Failure) 359M->210M(488M) 0.559ms
[2331.620s][info][gc] GC(16286) Pause Young (Allocation Failure) 345M->214M(488M) 1.219ms
[2331.641s][info][gc] GC(16287) Pause Young (Allocation Failure) 349M->227M(488M) 2.839ms
[2331.926s][info][gc] GC(16288) Pause Young (Allocation Failure) 362M->248M(488M) 4.879ms
[2331.949s][info][gc] GC(16289) Pause Young (Allocation Failure) 379M->268M(488M) 4.711ms
[2333.576s][info][gc] GC(16290) Pause Young (Allocation Failure) 401M->276M(488M) 3.189ms
[2334.916s][info][gc] GC(16291) Pause Young (Allocation Failure) 409M->285M(488M) 1.110ms
[2335.897s][info][gc] GC(16292) Pause Young (Allocation Failure) 419M->286M(488M) 0.932ms
[2337.266s][info][gc] GC(16293) Pause Young (Allocation Failure) 419M->295M(488M) 1.137ms
[2339.215s][info][gc] GC(16294) Pause Young (Allocation Failure) 427M->296M(488M) 0.925ms
[2341.260s][info][gc] GC(16295) Pause Young (Allocation Failure) 428M->304M(488M) 1.127ms
[2343.790s][info][gc] GC(16296) Pause Young (Allocation Failure) 438M->305M(488M) 0.905ms
[2346.141s][info][gc] GC(16297) Pause Young (Allocation Failure) 438M->314M(488M) 1.117ms
[2348.022s][info][gc] GC(16298) Pause Young (Allocation Failure) 447M->315M(488M) 0.935ms
[2349.362s][info][gc] GC(16299) Pause Young (Allocation Failure) 447M->323M(488M) 1.147ms
[2359.562s][info][gc] GC(16300) Pause Young (Allocation Failure) 458M->312M(488M) 1.630ms
[2359.573s][info][gc] GC(16301) Pause Young (Allocation Failure) 446M->312M(488M) 1.191ms
[2359.582s][info][gc] GC(16302) Pause Young (Allocation Failure) 447M->325M(488M) 3.230ms
[2359.593s][info][gc] GC(16303) Pause Young (Allocation Failure) 460M->338M(488M) 4.037ms
[2359.602s][info][gc] GC(16304) Pause Young (Allocation Failure) 473M->352M(490M) 2.991ms
[2359.632s][info][gc] GC(16305) Pause Full (Allocation Failure) 352M->82M(454M) 29.956ms
[2359.643s][info][gc] GC(16306) Pause Young (Allocation Failure) 201M->124M(454M) 3.856ms
[2360.560s][info][gc] GC(16307) Pause Young (Allocation Failure) 249M->140M(454M) 1.589ms
[2361.620s][info][gc] GC(16308) Pause Young (Allocation Failure) 265M->156M(454M) 1.087ms
[2362.309s][info][gc] GC(16309) Pause Young (Allocation Failure) 281M->172M(454M) 1.183ms
[2363.229s][info][gc] GC(16310) Pause Young (Allocation Failure) 298M->189M(454M) 1.167ms
[2363.731s][info][gc] GC(16311) Pause Young (Allocation Failure) 314M->205M(454M) 1.184ms
[2364.494s][info][gc] GC(16312) Pause Young (Allocation Failure) 331M->221M(454M) 1.180ms
[2365.732s][info][gc] GC(16313) Pause Young (Allocation Failure) 347M->238M(454M) 1.197ms
[2367.034s][info][gc] GC(16314) Pause Young (Allocation Failure) 363M->254M(454M) 1.185ms
[2368.357s][info][gc] GC(16315) Pause Young (Allocation Failure) 379M->270M(454M) 1.256ms
[2369.680s][info][gc] GC(16316) Pause Young (Allocation Failure) 396M->286M(454M) 1.214ms
[2371.147s][info][gc] GC(16317) Pause Young (Allocation Failure) 412M->303M(454M) 1.176ms
[2372.183s][info][gc] GC(16318) Pause Young (Allocation Failure) 428M->319M(454M) 1.182ms
[2373.923s][info][gc] GC(16319) Pause Young (Allocation Failure) 444M->335M(462M) 1.533ms
[2373.946s][info][gc] GC(16320) Pause Full (Allocation Failure) 335M->117M(454M) 23.284ms
[2375.484s][info][gc] GC(16321) Pause Young (Allocation Failure) 242M->148M(454M) 1.039ms
[2376.597s][info][gc] GC(16322) Pause Young (Allocation Failure) 274M->165M(454M) 1.144ms
[2377.403s][info][gc] GC(16323) Pause Young (Allocation Failure) 289M->181M(454M) 1.384ms
[2384.570s][info][gc] GC(16324) Pause Young (Allocation Failure) 306M->166M(454M) 0.539ms
[2387.685s][info][gc] GC(16325) Pause Young (Allocation Failure) 292M->171M(454M) 1.292ms
[2387.708s][info][gc] GC(16326) Pause Young (Allocation Failure) 297M->183M(454M) 4.292ms
[2388.080s][info][gc] GC(16327) Pause Young (Allocation Failure) 309M->203M(454M) 5.235ms
[2388.100s][info][gc] GC(16328) Pause Young (Allocation Failure) 328M->215M(454M) 2.918ms
[2388.247s][info][gc] GC(16329) Pause Young (Allocation Failure) 341M->237M(454M) 4.245ms
[2388.270s][info][gc] GC(16330) Pause Young (Allocation Failure) 358M->250M(454M) 4.384ms
[2388.952s][info][gc] GC(16331) Pause Young (Allocation Failure) 368M->289M(454M) 2.995ms
[2389.950s][info][gc] GC(16332) Pause Young (Allocation Failure) 414M->313M(454M) 1.417ms
[2390.785s][info][gc] GC(16333) Pause Young (Allocation Failure) 438M->337M(462M) 1.803ms
[2390.813s][info][gc] GC(16334) Pause Full (Allocation Failure) 337M->115M(454M) 27.529ms
[2391.578s][info][gc] GC(16335) Pause Young (Allocation Failure) 240M->155M(454M) 1.250ms
[2392.172s][info][gc] GC(16336) Pause Young (Allocation Failure) 280M->179M(454M) 1.403ms
[2392.955s][info][gc] GC(16337) Pause Young (Allocation Failure) 304M->203M(454M) 1.376ms
[2393.899s][info][gc] GC(16338) Pause Young (Allocation Failure) 327M->226M(454M) 1.385ms
[2395.342s][info][gc] GC(16339) Pause Young (Allocation Failure) 351M->250M(454M) 1.459ms
[2396.669s][info][gc] GC(16340) Pause Young (Allocation Failure) 376M->274M(454M) 1.364ms
[2397.919s][info][gc] GC(16341) Pause Young (Allocation Failure) 399M->298M(454M) 1.361ms
[2399.344s][info][gc] GC(16342) Pause Young (Allocation Failure) 424M->322M(454M) 1.401ms
[2400.519s][info][gc] GC(16343) Pause Young (Allocation Failure) 447M->346M(477M) 2.401ms
[2400.543s][info][gc] GC(16344) Pause Full (Allocation Failure) 346M->124M(454M) 23.606ms
[2402.020s][info][gc] GC(16345) Pause Young (Allocation Failure) 249M->163M(454M) 1.247ms
[2403.706s][info][gc] GC(16346) Pause Young (Allocation Failure) 288M->187M(454M) 1.370ms
[2404.914s][info][gc] GC(16347) Pause Young (Allocation Failure) 312M->211M(454M) 1.341ms
[2405.933s][info][gc] GC(16348) Pause Young (Allocation Failure) 329M->227M(454M) 1.204ms
[2412.818s][info][gc] GC(16349) Pause Young (Allocation Failure) 352M->212M(454M) 0.531ms
[2415.459s][info][gc] GC(16350) Pause Young (Allocation Failure) 338M->218M(454M) 1.291ms
[2415.482s][info][gc] GC(16351) Pause Young (Allocation Failure) 341M->229M(454M) 4.236ms
[2416.599s][info][gc] GC(16352) Pause Young (Allocation Failure) 355M->246M(454M) 4.533ms
[2416.619s][info][gc] GC(16353) Pause Young (Allocation Failure) 371M->258M(454M) 2.569ms
[2417.552s][info][gc] GC(16354) Pause Young (Allocation Failure) 379M->278M(454M) 3.937ms
[2418.859s][info][gc] GC(16355) Pause Young (Allocation Failure) 404M->279M(454M) 0.961ms
[2419.898s][info][gc] GC(16356) Pause Young (Allocation Failure) 404M->280M(454M) 0.822ms
[2420.991s][info][gc] GC(16357) Pause Young (Allocation Failure) 406M->281M(454M) 0.887ms
[2422.531s][info][gc] GC(16358) Pause Young (Allocation Failure) 406M->282M(454M) 0.865ms
[2424.485s][info][gc] GC(16359) Pause Young (Allocation Failure) 407M->283M(454M) 0.853ms
[2426.714s][info][gc] GC(16360) Pause Young (Allocation Failure) 408M->284M(454M) 0.843ms
[2428.655s][info][gc] GC(16361) Pause Young (Allocation Failure) 409M->285M(454M) 0.868ms
[2430.839s][info][gc] GC(16362) Pause Young (Allocation Failure) 409M->286M(454M) 0.854ms
[2432.715s][info][gc] GC(16363) Pause Young (Allocation Failure) 410M->287M(454M) 0.837ms
[2434.875s][info][gc] GC(16364) Pause Young (Allocation Failure) 412M->272M(454M) 0.496ms
[2444.133s][info][gc] GC(16365) Pause Young (Allocation Failure) 398M->276M(454M) 1.856ms
[2444.141s][info][gc] GC(16366) Pause Young (Allocation Failure) 402M->276M(454M) 1.466ms
[2444.149s][info][gc] GC(16367) Pause Young (Allocation Failure) 402M->284M(454M) 2.707ms
[2444.158s][info][gc] GC(16368) Pause Young (Allocation Failure) 410M->297M(454M) 3.905ms
[2444.165s][info][gc] GC(16369) Pause Young (Allocation Failure) 422M->309M(454M) 2.642ms
[2444.172s][info][gc] GC(16370) Pause Young (Allocation Failure) 434M->321M(454M) 2.676ms
[2444.180s][info][gc] GC(16371) Pause Young (Allocation Failure) 446M->333M(462M) 3.174ms
[2444.213s][info][gc] GC(16372) Pause Full (Allocation Failure) 333M->87M(454M) 33.250ms
[2444.223s][info][gc] GC(16373) Pause Young (Allocation Failure) 206M->136M(454M) 3.946ms
[2444.858s][info][gc] GC(16374) Pause Young (Allocation Failure) 261M->175M(454M) 2.375ms
[2445.476s][info][gc] GC(16375) Pause Young (Allocation Failure) 300M->214M(454M) 1.655ms
[2446.336s][info][gc] GC(16376) Pause Young (Allocation Failure) 339M->254M(454M) 1.688ms
[2446.987s][info][gc] GC(16377) Pause Young (Allocation Failure) 378M->293M(454M) 1.720ms
[2447.661s][info][gc] GC(16378) Pause Young (Allocation Failure) 417M->332M(462M) 1.963ms
[2447.691s][info][gc] GC(16379) Pause Full (Allocation Failure) 332M->156M(454M) 29.600ms
[2448.192s][info][gc] GC(16380) Pause Young (Allocation Failure) 280M->210M(454M) 1.627ms
[2448.652s][info][gc] GC(16381) Pause Young (Allocation Failure) 335M->250M(454M) 1.726ms
[2449.218s][info][gc] GC(16382) Pause Young (Allocation Failure) 375M->289M(454M) 1.772ms
[2450.076s][info][gc] GC(16383) Pause Young (Allocation Failure) 414M->328M(454M) 1.991ms
[2451.042s][info][gc] GC(16384) Pause Young (Allocation Failure) 453M->368M(493M) 3.983ms
[2451.070s][info][gc] GC(16385) Pause Full (Allocation Failure) 368M->155M(454M) 27.954ms
[2452.085s][info][gc] GC(16386) Pause Young (Allocation Failure) 279M->209M(454M) 1.539ms
[2453.246s][info][gc] GC(16387) Pause Young (Allocation Failure) 335M->249M(454M) 1.715ms
[2454.241s][info][gc] GC(16388) Pause Young (Allocation Failure) 374M->288M(454M) 1.765ms
[2455.027s][info][gc] GC(16389) Pause Young (Allocation Failure) 413M->327M(454M) 1.763ms
[2456.257s][info][gc] GC(16390) Pause Young (Allocation Failure) 452M->366M(493M) 3.649ms
[2456.283s][info][gc] GC(16391) Pause Full (Allocation Failure) 366M->159M(454M) 26.348ms
[2457.010s][info][gc] GC(16392) Pause Young (Allocation Failure) 284M->214M(454M) 1.594ms
[2458.041s][info][gc] GC(16393) Pause Young (Allocation Failure) 339M->253M(454M) 1.724ms
[2459.470s][info][gc] GC(16394) Pause Young (Allocation Failure) 378M->292M(454M) 1.725ms
[2460.752s][info][gc] GC(16395) Pause Young (Allocation Failure) 417M->332M(462M) 1.981ms
[2460.777s][info][gc] GC(16396) Pause Full (Allocation Failure) 332M->163M(454M) 24.980ms
[2461.442s][info][gc] GC(16397) Pause Young (Allocation Failure) 287M->218M(454M) 1.598ms
[2462.128s][info][gc] GC(16398) Pause Young (Allocation Failure) 342M->257M(454M) 1.673ms
[2463.332s][info][gc] GC(16399) Pause Young (Allocation Failure) 381M->296M(454M) 1.720ms
[2473.183s][info][gc] GC(16400) Pause Young (Allocation Failure) 422M->282M(454M) 0.876ms
[2473.213s][info][gc] GC(16401) Pause Young (Allocation Failure) 407M->289M(454M) 1.538ms
[2473.441s][info][gc] GC(16402) Pause Young (Allocation Failure) 408M->299M(454M) 4.613ms
[2473.468s][info][gc] GC(16403) Pause Young (Allocation Failure) 425M->320M(454M) 5.325ms
[2473.490s][info][gc] GC(16404) Pause Young (Allocation Failure) 441M->339M(464M) 4.857ms
[2473.524s][info][gc] GC(16405) Pause Full (Allocation Failure) 339M->140M(454M) 33.576ms
[2473.650s][info][gc] GC(16406) Pause Young (Allocation Failure) 266M->155M(454M) 1.479ms
[2473.702s][info][gc] GC(16407) Pause Young (Allocation Failure) 280M->174M(454M) 4.840ms
[2473.726s][info][gc] GC(16408) Pause Young (Allocation Failure) 299M->195M(454M) 2.140ms
[2473.748s][info][gc] GC(16409) Pause Young (Allocation Failure) 314M->213M(454M) 4.027ms
[2474.537s][info][gc] GC(16410) Pause Young (Allocation Failure) 332M->252M(454M) 3.526ms
[2475.066s][info][gc] GC(16411) Pause Young (Allocation Failure) 371M->291M(454M) 1.797ms
[2475.912s][info][gc] GC(16412) Pause Young (Allocation Failure) 410M->323M(454M) 1.590ms
[2476.540s][info][gc] GC(16413) Pause Young (Allocation Failure) 448M->355M(485M) 2.952ms
[2476.570s][info][gc] GC(16414) Pause Full (Allocation Failure) 355M->142M(454M) 29.916ms
[2477.191s][info][gc] GC(16415) Pause Young (Allocation Failure) 267M->189M(454M) 1.477ms
[2477.630s][info][gc] GC(16416) Pause Young (Allocation Failure) 315M->221M(454M) 1.580ms
[2478.120s][info][gc] GC(16417) Pause Young (Allocation Failure) 347M->253M(454M) 1.584ms
[2478.715s][info][gc] GC(16418) Pause Young (Allocation Failure) 378M->285M(454M) 1.540ms
[2479.540s][info][gc] GC(16419) Pause Young (Allocation Failure) 410M->316M(454M) 1.559ms
[2480.449s][info][gc] GC(16420) Pause Young (Allocation Failure) 441M->348M(477M) 2.686ms
[2480.473s][info][gc] GC(16421) Pause Full (Allocation Failure) 348M->148M(454M) 23.648ms
[2481.586s][info][gc] GC(16422) Pause Young (Allocation Failure) 273M->195M(454M) 1.445ms
[2482.623s][info][gc] GC(16423) Pause Young (Allocation Failure) 320M->227M(454M) 1.585ms
[2483.613s][info][gc] GC(16424) Pause Young (Allocation Failure) 351M->258M(454M) 1.520ms
[2484.700s][info][gc] GC(16425) Pause Young (Allocation Failure) 383M->290M(454M) 1.509ms
[2485.876s][info][gc] GC(16426) Pause Young (Allocation Failure) 415M->322M(454M) 1.611ms
[2486.737s][info][gc] GC(16427) Pause Young (Allocation Failure) 446M->353M(485M) 2.889ms
[2486.764s][info][gc] GC(16428) Pause Full (Allocation Failure) 353M->153M(454M) 25.812ms
[2487.946s][info][gc] GC(16429) Pause Young (Allocation Failure) 279M->201M(454M) 1.344ms
[2489.216s][info][gc] GC(16430) Pause Young (Allocation Failure) 326M->232M(454M) 1.542ms
[2490.353s][info][gc] GC(16431) Pause Young (Allocation Failure) 357M->264M(454M) 1.658ms
[2490.998s][info][gc] GC(16432) Pause Young (Allocation Failure) 388M->295M(454M) 1.559ms
[2491.679s][info][gc] GC(16433) Pause Young (Allocation Failure) 420M->327M(454M) 1.557ms
[2493.249s][info][gc] GC(16434) Pause Young (Allocation Failure) 452M->343M(470M) 1.995ms
[2493.274s][info][gc] GC(16435) Pause Full (Allocation Failure) 343M->143M(454M) 24.254ms
[2503.110s][info][gc] GC(16436) Pause Young (Allocation Failure) 269M->149M(454M) 2.351ms
[2503.117s][info][gc] GC(16437) Pause Young (Allocation Failure) 275M->149M(454M) 1.542ms
[2503.124s][info][gc] GC(16438) Pause Young (Allocation Failure) 274M->149M(454M) 1.467ms
[2503.132s][info][gc] GC(16439) Pause Young (Allocation Failure) 274M->160M(454M) 3.367ms
[2503.140s][info][gc] GC(16440) Pause Young (Allocation Failure) 285M->172M(454M) 4.432ms
[2503.147s][info][gc] GC(16441) Pause Young (Allocation Failure) 298M->184M(454M) 2.918ms
[2503.154s][info][gc] GC(16442) Pause Young (Allocation Failure) 310M->196M(454M) 2.945ms
[2503.161s][info][gc] GC(16443) Pause Young (Allocation Failure) 322M->209M(454M) 2.868ms
[2503.168s][info][gc] GC(16444) Pause Young (Allocation Failure) 334M->221M(454M) 2.809ms
[2503.182s][info][gc] GC(16445) Pause Young (Allocation Failure) 343M->264M(454M) 7.612ms
[2503.364s][info][gc] GC(16446) Pause Young (Allocation Failure) 382M->319M(454M) 2.866ms
[2504.127s][info][gc] GC(16447) Pause Young (Allocation Failure) 437M->366M(493M) 4.064ms
[2504.172s][info][gc] GC(16448) Pause Full (Allocation Failure) 366M->173M(454M) 45.385ms
[2504.514s][info][gc] GC(16449) Pause Young (Allocation Failure) 291M->243M(454M) 1.902ms
[2505.332s][info][gc] GC(16450) Pause Young (Allocation Failure) 368M->297M(454M) 2.110ms
[2505.927s][info][gc] GC(16451) Pause Young (Allocation Failure) 416M->344M(470M) 2.866ms
[2505.953s][info][gc] GC(16452) Pause Full (Allocation Failure) 344M->176M(454M) 25.474ms
[2506.360s][info][gc] GC(16453) Pause Young (Allocation Failure) 293M->246M(454M) 1.983ms
[2506.871s][info][gc] GC(16454) Pause Young (Allocation Failure) 364M->293M(454M) 2.267ms
[2507.200s][info][gc] GC(16455) Pause Young (Allocation Failure) 411M->347M(477M) 3.015ms
[2507.228s][info][gc] GC(16456) Pause Full (Allocation Failure) 347M->186M(454M) 28.415ms
[2507.644s][info][gc] GC(16457) Pause Young (Allocation Failure) 304M->248M(454M) 1.804ms
[2507.951s][info][gc] GC(16458) Pause Young (Allocation Failure) 366M->303M(454M) 2.046ms
[2508.476s][info][gc] GC(16459) Pause Young (Allocation Failure) 421M->350M(477M) 3.168ms
[2508.505s][info][gc] GC(16460) Pause Full (Allocation Failure) 350M->181M(454M) 27.993ms
[2509.141s][info][gc] GC(16461) Pause Young (Allocation Failure) 299M->251M(454M) 1.990ms
[2509.937s][info][gc] GC(16462) Pause Young (Allocation Failure) 369M->298M(454M) 1.837ms
[2510.647s][info][gc] GC(16463) Pause Young (Allocation Failure) 416M->352M(478M) 3.470ms
[2510.681s][info][gc] GC(16464) Pause Full (Allocation Failure) 352M->191M(463M) 33.736ms
[2511.755s][info][gc] GC(16465) Pause Young (Allocation Failure) 317M->261M(463M) 2.049ms
[2512.349s][info][gc] GC(16466) Pause Young (Allocation Failure) 387M->316M(463M) 2.169ms
[2513.212s][info][gc] GC(16467) Pause Young (Allocation Failure) 442M->370M(501M) 4.282ms
[2513.244s][info][gc] GC(16468) Pause Full (Allocation Failure) 370M->194M(469M) 31.634ms
[2513.846s][info][gc] GC(16469) Pause Young (Allocation Failure) 320M->264M(469M) 2.172ms
[2515.153s][info][gc] GC(16470) Pause Young (Allocation Failure) 390M->318M(469M) 2.179ms
[2515.892s][info][gc] GC(16471) Pause Young (Allocation Failure) 444M->373M(508M) 4.038ms
[2515.932s][info][gc] GC(16472) Pause Full (Allocation Failure) 373M->197M(476M) 39.293ms
[2516.587s][info][gc] GC(16473) Pause Young (Allocation Failure) 323M->267M(476M) 2.144ms
[2517.360s][info][gc] GC(16474) Pause Young (Allocation Failure) 392M->321M(476M) 2.113ms
[2518.789s][info][gc] GC(16475) Pause Young (Allocation Failure) 447M->375M(507M) 4.118ms
[2518.830s][info][gc] GC(16476) Pause Full (Allocation Failure) 375M->199M(483M) 40.385ms
[2519.493s][info][gc] GC(16477) Pause Young (Allocation Failure) 332M->262M(483M) 1.897ms
[2520.865s][info][gc] GC(16478) Pause Young (Allocation Failure) 395M->316M(483M) 2.273ms
[2521.418s][info][gc] GC(16479) Pause Young (Allocation Failure) 442M->370M(505M) 3.388ms
[2521.452s][info][gc] GC(16480) Pause Full (Allocation Failure) 370M->202M(489M) 34.490ms
[2522.110s][info][gc] GC(16481) Pause Young (Allocation Failure) 336M->265M(489M) 2.031ms
[2523.060s][info][gc] GC(16482) Pause Young (Allocation Failure) 398M->319M(489M) 2.335ms
[2530.258s][info][gc] GC(16483) Pause Young (Allocation Failure) 454M->304M(489M) 0.702ms
[2533.584s][info][gc] GC(16484) Pause Young (Allocation Failure) 439M->309M(489M) 1.253ms
[2533.609s][info][gc] GC(16485) Pause Young (Allocation Failure) 442M->321M(489M) 4.402ms
[2533.759s][info][gc] GC(16486) Pause Young (Allocation Failure) 457M->343M(489M) 5.772ms
[2533.820s][info][gc] GC(16487) Pause Young (Allocation Failure) 474M->369M(504M) 5.755ms
[2533.862s][info][gc] GC(16488) Pause Full (Allocation Failure) 369M->165M(489M) 42.532ms
[2534.220s][info][gc] GC(16489) Pause Young (Allocation Failure) 300M->193M(489M) 1.918ms
[2534.350s][info][gc] GC(16490) Pause Young (Allocation Failure) 326M->213M(489M) 5.231ms
[2535.234s][info][gc] GC(16491) Pause Young (Allocation Failure) 347M->237M(489M) 1.874ms
[2536.274s][info][gc] GC(16492) Pause Young (Allocation Failure) 370M->253M(489M) 1.257ms
[2537.078s][info][gc] GC(16493) Pause Young (Allocation Failure) 386M->277M(489M) 1.445ms
[2537.790s][info][gc] GC(16494) Pause Young (Allocation Failure) 410M->293M(489M) 1.328ms
[2538.480s][info][gc] GC(16495) Pause Young (Allocation Failure) 427M->317M(489M) 1.456ms
[2539.602s][info][gc] GC(16496) Pause Young (Allocation Failure) 451M->334M(489M) 1.302ms
[2540.841s][info][gc] GC(16497) Pause Young (Allocation Failure) 466M->357M(497M) 1.772ms
[2540.873s][info][gc] GC(16498) Pause Full (Allocation Failure) 357M->126M(489M) 32.058ms
[2542.420s][info][gc] GC(16499) Pause Young (Allocation Failure) 259M->158M(489M) 1.053ms
[2543.785s][info][gc] GC(16500) Pause Young (Allocation Failure) 290M->181M(489M) 1.411ms
[2545.512s][info][gc] GC(16501) Pause Young (Allocation Failure) 315M->198M(489M) 1.248ms
[2546.645s][info][gc] GC(16502) Pause Young (Allocation Failure) 331M->222M(489M) 1.420ms
[2548.696s][info][gc] GC(16503) Pause Young (Allocation Failure) 355M->238M(489M) 1.264ms
[2550.047s][info][gc] GC(16504) Pause Young (Allocation Failure) 370M->262M(489M) 1.479ms
[2551.167s][info][gc] GC(16505) Pause Young (Allocation Failure) 395M->278M(489M) 1.315ms
[2552.353s][info][gc] GC(16506) Pause Young (Allocation Failure) 410M->302M(489M) 1.468ms
[2562.508s][info][gc] GC(16507) Pause Young (Allocation Failure) 437M->294M(489M) 3.344ms
[2562.517s][info][gc] GC(16508) Pause Young (Allocation Failure) 429M->293M(489M) 1.895ms
[2562.524s][info][gc] GC(16509) Pause Young (Allocation Failure) 428M->293M(489M) 1.850ms
[2562.531s][info][gc] GC(16510) Pause Young (Allocation Failure) 428M->301M(489M) 3.126ms
[2562.540s][info][gc] GC(16511) Pause Young (Allocation Failure) 436M->313M(489M) 4.948ms
[2562.548s][info][gc] GC(16512) Pause Young (Allocation Failure) 449M->327M(489M) 3.670ms
[2562.555s][info][gc] GC(16513) Pause Young (Allocation Failure) 462M->340M(489M) 3.072ms
[2562.562s][info][gc] GC(16514) Pause Young (Allocation Failure) 475M->353M(492M) 3.667ms
[2562.596s][info][gc] GC(16515) Pause Full (Allocation Failure) 353M->97M(489M) 33.346ms
[2562.602s][info][gc] GC(16516) Pause Young (Allocation Failure) 232M->110M(489M) 2.762ms
[2562.610s][info][gc] GC(16517) Pause Young (Allocation Failure) 245M->123M(489M) 3.098ms
[2562.622s][info][gc] GC(16518) Pause Young (Allocation Failure) 255M->174M(489M) 7.652ms
[2562.841s][info][gc] GC(16519) Pause Young (Allocation Failure) 307M->239M(489M) 3.675ms
[2563.593s][info][gc] GC(16520) Pause Young (Allocation Failure) 372M->309M(489M) 2.726ms
[2563.998s][info][gc] GC(16521) Pause Young (Allocation Failure) 442M->371M(512M) 3.427ms
[2564.041s][info][gc] GC(16522) Pause Full (Allocation Failure) 371M->207M(502M) 43.226ms
[2564.549s][info][gc] GC(16523) Pause Young (Allocation Failure) 341M->293M(502M) 2.639ms
[2565.296s][info][gc] GC(16524) Pause Young (Allocation Failure) 426M->355M(502M) 2.477ms
[2565.712s][info][gc] GC(16525) Pause Young (Allocation Failure) 488M->425M(564M) 5.604ms
[2565.751s][info][gc] GC(16526) Pause Full (Allocation Failure) 425M->218M(528M) 38.556ms
[2566.385s][info][gc] GC(16527) Pause Young (Allocation Failure) 360M->304M(528M) 2.777ms
[2566.797s][info][gc] GC(16528) Pause Young (Allocation Failure) 445M->373M(528M) 2.655ms
[2567.200s][info][gc] GC(16529) Pause Young (Allocation Failure) 515M->443M(596M) 6.122ms
[2567.238s][info][gc] GC(16530) Pause Full (Allocation Failure) 443M->221M(536M) 37.565ms
[2567.577s][info][gc] GC(16531) Pause Young (Allocation Failure) 363M->307M(536M) 2.598ms
[2568.189s][info][gc] GC(16532) Pause Young (Allocation Failure) 449M->377M(536M) 2.715ms
[2568.474s][info][gc] GC(16533) Pause Young (Allocation Failure) 518M->446M(597M) 5.872ms
[2568.512s][info][gc] GC(16534) Pause Full (Allocation Failure) 446M->225M(544M) 37.406ms
[2569.632s][info][gc] GC(16535) Pause Young (Allocation Failure) 374M->303M(544M) 2.350ms
[2570.171s][info][gc] GC(16536) Pause Young (Allocation Failure) 452M->372M(544M) 2.547ms
[2571.403s][info][gc] GC(16537) Pause Young (Allocation Failure) 522M->435M(589M) 5.191ms
[2571.447s][info][gc] GC(16538) Pause Full (Allocation Failure) 435M->220M(544M) 42.646ms
[2572.484s][info][gc] GC(16539) Pause Young (Allocation Failure) 370M->306M(544M) 2.309ms
[2573.045s][info][gc] GC(16540) Pause Young (Allocation Failure) 455M->368M(544M) 2.534ms
[2574.060s][info][gc] GC(16541) Pause Young (Allocation Failure) 517M->438M(590M) 5.263ms
[2574.100s][info][gc] GC(16542) Pause Full (Allocation Failure) 438M->231M(559M) 39.575ms
[2574.722s][info][gc] GC(16543) Pause Young (Allocation Failure) 381M->309M(559M) 2.646ms
[2576.222s][info][gc] GC(16544) Pause Young (Allocation Failure) 459M->379M(559M) 2.619ms
[2576.834s][info][gc] GC(16545) Pause Young (Allocation Failure) 529M->441M(598M) 4.993ms
[2576.878s][info][gc] GC(16546) Pause Full (Allocation Failure) 441M->227M(559M) 43.461ms
[2577.637s][info][gc] GC(16547) Pause Young (Allocation Failure) 375M->312M(559M) 2.327ms
[2578.951s][info][gc] GC(16548) Pause Young (Allocation Failure) 462M->374M(559M) 2.482ms
[2579.809s][info][gc] GC(16549) Pause Young (Allocation Failure) 523M->444M(605M) 4.958ms
[2579.856s][info][gc] GC(16550) Pause Full (Allocation Failure) 444M->238M(575M) 47.387ms
[2581.047s][info][gc] GC(16551) Pause Young (Allocation Failure) 395M->323M(575M) 2.638ms
[2581.777s][info][gc] GC(16552) Pause Young (Allocation Failure) 480M->393M(575M) 2.701ms
[2582.432s][info][gc] GC(16553) Pause Young (Allocation Failure) 550M->463M(628M) 5.588ms
[2582.477s][info][gc] GC(16554) Pause Full (Allocation Failure) 463M->241M(583M) 43.286ms
[2583.269s][info][gc] GC(16555) Pause Young (Allocation Failure) 398M->327M(583M) 2.538ms
[2585.771s][info][gc] GC(16556) Pause Young (Allocation Failure) 488M->312M(583M) 0.731ms
[2595.360s][info][gc] GC(16557) Pause Young (Allocation Failure) 473M->314M(583M) 1.144ms
[2595.391s][info][gc] GC(16558) Pause Young (Allocation Failure) 475M->326M(583M) 2.741ms
[2595.924s][info][gc] GC(16559) Pause Young (Allocation Failure) 487M->348M(583M) 5.467ms
[2596.132s][info][gc] GC(16560) Pause Young (Allocation Failure) 507M->363M(583M) 7.295ms
[2597.894s][info][gc] GC(16561) Pause Young (Allocation Failure) 519M->364M(583M) 2.012ms
[2599.287s][info][gc] GC(16562) Pause Young (Allocation Failure) 520M->365M(583M) 1.024ms
[2600.634s][info][gc] GC(16563) Pause Young (Allocation Failure) 522M->366M(583M) 1.066ms
[2602.852s][info][gc] GC(16564) Pause Young (Allocation Failure) 523M->367M(583M) 1.090ms
[2605.300s][info][gc] GC(16565) Pause Young (Allocation Failure) 523M->369M(583M) 1.031ms
[2607.873s][info][gc] GC(16566) Pause Young (Allocation Failure) 524M->370M(583M) 1.013ms
[2610.585s][info][gc] GC(16567) Pause Young (Allocation Failure) 525M->371M(583M) 1.024ms
[2612.655s][info][gc] GC(16568) Pause Young (Allocation Failure) 527M->372M(583M) 0.978ms
[2623.401s][info][gc] GC(16569) Pause Young (Allocation Failure) 533M->358M(583M) 0.709ms
[2623.536s][info][gc] GC(16570) Pause Young (Allocation Failure) 519M->364M(583M) 2.564ms
[2623.544s][info][gc] GC(16571) Pause Young (Allocation Failure) 525M->366M(583M) 2.406ms
[2623.553s][info][gc] GC(16572) Pause Young (Allocation Failure) 527M->373M(583M) 3.453ms
[2623.563s][info][gc] GC(16573) Pause Young (Allocation Failure) 534M->388M(583M) 5.675ms
[2623.571s][info][gc] GC(16574) Pause Young (Allocation Failure) 549M->403M(583M) 3.917ms
[2623.579s][info][gc] GC(16575) Pause Young (Allocation Failure) 564M->419M(585M) 3.812ms
[2623.620s][info][gc] GC(16576) Pause Full (Allocation Failure) 419M->93M(583M) 40.696ms
[2623.627s][info][gc] GC(16577) Pause Young (Allocation Failure) 254M->108M(583M) 2.787ms
[2623.635s][info][gc] GC(16578) Pause Young (Allocation Failure) 269M->124M(583M) 3.842ms
[2623.645s][info][gc] GC(16579) Pause Young (Allocation Failure) 285M->155M(583M) 5.126ms
[2623.656s][info][gc] GC(16580) Pause Young (Allocation Failure) 316M->214M(583M) 5.686ms
[2623.943s][info][gc] GC(16581) Pause Young (Allocation Failure) 373M->295M(583M) 4.638ms
[2624.785s][info][gc] GC(16582) Pause Young (Allocation Failure) 452M->372M(583M) 4.055ms
[2625.188s][info][gc] GC(16583) Pause Young (Allocation Failure) 529M->450M(614M) 4.481ms
[2625.239s][info][gc] GC(16584) Pause Full (Allocation Failure) 450M->251M(607M) 51.354ms
[2626.180s][info][gc] GC(16585) Pause Young (Allocation Failure) 416M->352M(607M) 3.016ms
[2626.612s][info][gc] GC(16586) Pause Young (Allocation Failure) 517M->429M(607M) 2.827ms
[2627.342s][info][gc] GC(16587) Pause Young (Allocation Failure) 594M->514M(691M) 7.526ms
[2627.393s][info][gc] GC(16588) Pause Full (Allocation Failure) 514M->262M(634M) 50.951ms
[2627.918s][info][gc] GC(16589) Pause Young (Allocation Failure) 435M->363M(634M) 3.155ms
[2628.424s][info][gc] GC(16590) Pause Young (Allocation Failure) 536M->449M(634M) 3.123ms
[2628.788s][info][gc] GC(16591) Pause Young (Allocation Failure) 622M->534M(718M) 7.347ms
[2628.844s][info][gc] GC(16592) Pause Full (Allocation Failure) 534M->257M(634M) 55.482ms
[2629.360s][info][gc] GC(16593) Pause Young (Allocation Failure) 430M->358M(634M) 2.769ms
[2629.960s][info][gc] GC(16594) Pause Young (Allocation Failure) 531M->443M(634M) 3.043ms
[2630.809s][info][gc] GC(16595) Pause Young (Allocation Failure) 617M->529M(711M) 7.614ms
[2630.864s][info][gc] GC(16596) Pause Full (Allocation Failure) 529M->261M(634M) 55.105ms
[2631.856s][info][gc] GC(16597) Pause Young (Allocation Failure) 434M->362M(634M) 2.860ms
[2632.710s][info][gc] GC(16598) Pause Young (Allocation Failure) 535M->447M(634M) 3.064ms
[2633.891s][info][gc] GC(16599) Pause Young (Allocation Failure) 620M->532M(718M) 7.475ms
[2633.942s][info][gc] GC(16600) Pause Full (Allocation Failure) 532M->265M(640M) 50.307ms
[2634.603s][info][gc] GC(16601) Pause Young (Allocation Failure) 438M->366M(640M) 2.986ms
[2635.706s][info][gc] GC(16602) Pause Young (Allocation Failure) 539M->451M(640M) 3.348ms
[2636.415s][info][gc] GC(16603) Pause Young (Allocation Failure) 624M->536M(718M) 7.392ms
[2636.466s][info][gc] GC(16604) Pause Full (Allocation Failure) 536M->268M(650M) 51.639ms
[2638.023s][info][gc] GC(16605) Pause Young (Allocation Failure) 442M->370M(650M) 2.989ms
[2638.607s][info][gc] GC(16606) Pause Young (Allocation Failure) 543M->455M(650M) 3.158ms
[2639.449s][info][gc] GC(16607) Pause Young (Allocation Failure) 628M->540M(726M) 7.256ms
[2639.501s][info][gc] GC(16608) Pause Full (Allocation Failure) 540M->272M(659M) 51.548ms
[2640.313s][info][gc] GC(16609) Pause Young (Allocation Failure) 453M->366M(659M) 2.993ms
[2641.892s][info][gc] GC(16610) Pause Young (Allocation Failure) 546M->451M(659M) 3.056ms
[2642.759s][info][gc] GC(16611) Pause Young (Allocation Failure) 631M->528M(720M) 6.090ms
[2642.811s][info][gc] GC(16612) Pause Full (Allocation Failure) 528M->268M(659M) 51.909ms
[2644.069s][info][gc] GC(16613) Pause Young (Allocation Failure) 448M->369M(659M) 2.836ms
[2644.805s][info][gc] GC(16614) Pause Young (Allocation Failure) 550M->447M(659M) 2.890ms
[2645.488s][info][gc] GC(16615) Pause Young (Allocation Failure) 628M->532M(720M) 6.536ms
[2645.542s][info][gc] GC(16616) Pause Full (Allocation Failure) 532M->280M(677M) 53.285ms
[2646.792s][info][gc] GC(16617) Pause Young (Allocation Failure) 461M->374M(677M) 3.527ms
[2654.869s][info][gc] GC(16618) Pause Young (Allocation Failure) 561M->352M(677M) 0.823ms
[2659.031s][info][gc] GC(16619) Pause Young (Allocation Failure) 539M->359M(677M) 1.896ms
[2660.377s][info][gc] GC(16620) Pause Young (Allocation Failure) 541M->377M(677M) 4.783ms
[2663.774s][info][gc] GC(16621) Pause Young (Allocation Failure) 557M->371M(677M) 3.968ms
[2668.620s][info][gc] GC(16622) Pause Young (Allocation Failure) 552M->380M(677M) 0.949ms
[2674.890s][info][gc] GC(16623) Pause Young (Allocation Failure) 561M->374M(677M) 0.993ms
[2685.997s][info][gc] GC(16624) Pause Young (Allocation Failure) 561M->379M(677M) 2.869ms
[2686.008s][info][gc] GC(16625) Pause Young (Allocation Failure) 566M->379M(677M) 2.411ms
[2686.019s][info][gc] GC(16626) Pause Young (Allocation Failure) 566M->393M(677M) 4.855ms
[2686.031s][info][gc] GC(16627) Pause Young (Allocation Failure) 580M->412M(677M) 6.540ms
[2686.041s][info][gc] GC(16628) Pause Young (Allocation Failure) 599M->430M(677M) 4.150ms
[2686.051s][info][gc] GC(16629) Pause Young (Allocation Failure) 617M->448M(677M) 4.251ms
[2686.070s][info][gc] GC(16630) Pause Young (Allocation Failure) 632M->504M(691M) 12.631ms
[2686.120s][info][gc] GC(16631) Pause Full (Allocation Failure) 504M->146M(677M) 49.760ms
[2686.800s][info][gc] GC(16632) Pause Young (Allocation Failure) 327M->210M(677M) 2.016ms
[2687.815s][info][gc] GC(16633) Pause Young (Allocation Failure) 390M->257M(677M) 2.216ms
[2688.613s][info][gc] GC(16634) Pause Young (Allocation Failure) 438M->297M(677M) 2.132ms
[2689.423s][info][gc] GC(16635) Pause Young (Allocation Failure) 478M->344M(677M) 2.375ms
[2690.119s][info][gc] GC(16636) Pause Young (Allocation Failure) 525M->384M(677M) 2.405ms
[2690.697s][info][gc] GC(16637) Pause Young (Allocation Failure) 564M->432M(677M) 2.306ms
[2691.394s][info][gc] GC(16638) Pause Young (Allocation Failure) 613M->472M(677M) 2.217ms
[2692.514s][info][gc] GC(16639) Pause Young (Allocation Failure) 652M->520M(708M) 3.943ms
[2692.546s][info][gc] GC(16640) Pause Full (Allocation Failure) 520M->188M(677M) 31.222ms
[2694.020s][info][gc] GC(16641) Pause Young (Allocation Failure) 369M->251M(677M) 1.861ms
[2695.440s][info][gc] GC(16642) Pause Young (Allocation Failure) 432M->299M(677M) 2.257ms
[2696.277s][info][gc] GC(16643) Pause Young (Allocation Failure) 479M->338M(677M) 2.178ms
[2698.093s][info][gc] GC(16644) Pause Young (Allocation Failure) 518M->386M(677M) 2.324ms
[2699.956s][info][gc] GC(16645) Pause Young (Allocation Failure) 567M->426M(677M) 2.269ms
[2700.845s][info][gc] GC(16646) Pause Young (Allocation Failure) 606M->473M(677M) 2.324ms
[2702.625s][info][gc] GC(16647) Pause Young (Allocation Failure) 654M->513M(700M) 3.409ms
[2702.658s][info][gc] GC(16648) Pause Full (Allocation Failure) 513M->190M(677M) 32.867ms
[2703.827s][info][gc] GC(16649) Pause Young (Allocation Failure) 371M->260M(677M) 2.070ms
[2705.145s][info][gc] GC(16650) Pause Young (Allocation Failure) 441M->300M(677M) 2.173ms
[2706.050s][info][gc] GC(16651) Pause Young (Allocation Failure) 480M->348M(677M) 2.417ms
[2707.570s][info][gc] GC(16652) Pause Young (Allocation Failure) 528M->388M(677M) 2.140ms
[2716.215s][info][gc] GC(16653) Pause Young (Allocation Failure) 575M->366M(677M) 1.100ms
[2716.247s][info][gc] GC(16654) Pause Young (Allocation Failure) 553M->381M(677M) 2.840ms
[2716.482s][info][gc] GC(16655) Pause Young (Allocation Failure) 568M->407M(677M) 5.868ms
[2716.511s][info][gc] GC(16656) Pause Young (Allocation Failure) 594M->434M(677M) 6.218ms
[2716.695s][info][gc] GC(16657) Pause Young (Allocation Failure) 616M->457M(677M) 7.821ms
[2716.769s][info][gc] GC(16658) Pause Young (Allocation Failure) 644M->476M(677M) 3.151ms
[2716.973s][info][gc] GC(16659) Pause Young (Allocation Failure) 663M->517M(704M) 7.326ms
[2717.011s][info][gc] GC(16660) Pause Full (Allocation Failure) 517M->160M(677M) 38.199ms
[2717.207s][info][gc] GC(16661) Pause Young (Allocation Failure) 343M->198M(677M) 5.009ms
[2718.112s][info][gc] GC(16662) Pause Young (Allocation Failure) 380M->238M(677M) 2.064ms
[2718.976s][info][gc] GC(16663) Pause Young (Allocation Failure) 418M->285M(677M) 2.237ms
[2719.815s][info][gc] GC(16664) Pause Young (Allocation Failure) 466M->325M(677M) 2.130ms
[2720.494s][info][gc] GC(16665) Pause Young (Allocation Failure) 506M->373M(677M) 2.411ms
[2721.181s][info][gc] GC(16666) Pause Young (Allocation Failure) 554M->413M(677M) 2.080ms
[2721.870s][info][gc] GC(16667) Pause Young (Allocation Failure) 594M->460M(677M) 2.381ms
[2722.855s][info][gc] GC(16668) Pause Young (Allocation Failure) 641M->500M(693M) 2.816ms
[2722.890s][info][gc] GC(16669) Pause Full (Allocation Failure) 500M->199M(677M) 34.729ms
[2723.995s][info][gc] GC(16670) Pause Young (Allocation Failure) 379M->270M(677M) 2.117ms
[2725.623s][info][gc] GC(16671) Pause Young (Allocation Failure) 450M->310M(677M) 2.079ms
[2726.614s][info][gc] GC(16672) Pause Young (Allocation Failure) 490M->357M(677M) 2.264ms
[2728.396s][info][gc] GC(16673) Pause Young (Allocation Failure) 538M->397M(677M) 2.097ms
[2730.078s][info][gc] GC(16674) Pause Young (Allocation Failure) 577M->444M(677M) 2.447ms
[2731.022s][info][gc] GC(16675) Pause Young (Allocation Failure) 625M->484M(677M) 2.252ms
[2732.044s][info][gc] GC(16676) Pause Young (Allocation Failure) 664M->532M(723M) 4.573ms
[2732.084s][info][gc] GC(16677) Pause Full (Allocation Failure) 532M->198M(677M) 40.424ms
[2734.149s][info][gc] GC(16678) Pause Young (Allocation Failure) 379M->261M(677M) 1.881ms
[2735.420s][info][gc] GC(16679) Pause Young (Allocation Failure) 441M->308M(677M) 2.336ms
[2736.472s][info][gc] GC(16680) Pause Young (Allocation Failure) 489M->348M(677M) 2.123ms
[2737.436s][info][gc] GC(16681) Pause Young (Allocation Failure) 528M->395M(677M) 2.410ms
[2744.579s][info][gc] GC(16682) Pause Young (Allocation Failure) 582M->374M(677M) 0.848ms
[2747.665s][info][gc] GC(16683) Pause Young (Allocation Failure) 561M->384M(677M) 2.470ms
[2749.608s][info][gc] GC(16684) Pause Young (Allocation Failure) 568M->400M(677M) 4.687ms
[2753.181s][info][gc] GC(16685) Pause Young (Allocation Failure) 579M->394M(677M) 4.330ms
[2759.468s][info][gc] GC(16686) Pause Young (Allocation Failure) 575M->403M(677M) 0.908ms
[2765.360s][info][gc] GC(16687) Pause Young (Allocation Failure) 584M->397M(677M) 1.052ms
[2774.517s][info][gc] GC(16688) Pause Young (Allocation Failure) 584M->402M(677M) 2.307ms
[2775.776s][info][gc] GC(16689) Pause Young (Allocation Failure) 589M->415M(677M) 5.551ms
[2779.388s][info][gc] GC(16690) Pause Young (Allocation Failure) 602M->416M(677M) 4.840ms
[2785.549s][info][gc] GC(16691) Pause Young (Allocation Failure) 603M->418M(677M) 0.928ms
[2791.765s][info][gc] GC(16692) Pause Young (Allocation Failure) 604M->419M(677M) 1.075ms
[2801.205s][info][gc] GC(16693) Pause Young (Allocation Failure) 606M->424M(677M) 2.007ms
[2802.161s][info][gc] GC(16694) Pause Young (Allocation Failure) 611M->437M(677M) 5.505ms
[2805.654s][info][gc] GC(16695) Pause Young (Allocation Failure) 624M->439M(677M) 4.970ms
[2811.719s][info][gc] GC(16696) Pause Young (Allocation Failure) 626M->440M(677M) 0.755ms
[2818.180s][info][gc] GC(16697) Pause Young (Allocation Failure) 627M->442M(677M) 1.042ms
[2828.080s][info][gc] GC(16698) Pause Young (Allocation Failure) 629M->445M(677M) 1.770ms
[2828.726s][info][gc] GC(16699) Pause Young (Allocation Failure) 631M->460M(677M) 5.572ms
[2832.372s][info][gc] GC(16700) Pause Young (Allocation Failure) 647M->461M(677M) 4.738ms
[2838.396s][info][gc] GC(16701) Pause Young (Allocation Failure) 648M->463M(677M) 0.785ms
[2844.864s][info][gc] GC(16702) Pause Young (Allocation Failure) 650M->464M(677M) 1.009ms
[2855.330s][info][gc] GC(16703) Pause Young (Allocation Failure) 651M->466M(677M) 1.488ms
[2855.538s][info][gc] GC(16704) Pause Young (Allocation Failure) 652M->482M(677M) 6.002ms
[2859.394s][info][gc] GC(16705) Pause Young (Allocation Failure) 669M->484M(693M) 6.659ms
[2859.423s][info][gc] GC(16706) Pause Full (Allocation Failure) 484M->41M(677M) 29.170ms
[2864.377s][info][gc] GC(16707) Pause Young (Allocation Failure) 228M->43M(677M) 0.468ms
[2871.533s][info][gc] GC(16708) Pause Young (Allocation Failure) 230M->44M(677M) 0.755ms
[2882.421s][info][gc] GC(16709) Pause Young (Allocation Failure) 231M->46M(677M) 1.242ms
[2882.453s][info][gc] GC(16710) Pause Young (Allocation Failure) 232M->63M(677M) 5.278ms
[2886.220s][info][gc] GC(16711) Pause Young (Allocation Failure) 249M->64M(677M) 4.512ms
[2891.372s][info][gc] GC(16712) Pause Young (Allocation Failure) 251M->65M(677M) 0.750ms
[2898.329s][info][gc] GC(16713) Pause Young (Allocation Failure) 252M->67M(677M) 1.033ms
[2909.613s][info][gc] GC(16714) Pause Young (Allocation Failure) 254M->69M(677M) 1.581ms
[2909.643s][info][gc] GC(16715) Pause Young (Allocation Failure) 256M->84M(677M) 3.762ms
[2913.228s][info][gc] GC(16716) Pause Young (Allocation Failure) 270M->87M(677M) 4.824ms
[2918.025s][info][gc] GC(16717) Pause Young (Allocation Failure) 273M->88M(677M) 1.062ms
[2924.816s][info][gc] GC(16718) Pause Young (Allocation Failure) 275M->89M(677M) 1.409ms
[2936.769s][info][gc] GC(16719) Pause Young (Allocation Failure) 276M->91M(677M) 1.732ms
[2936.800s][info][gc] GC(16720) Pause Young (Allocation Failure) 278M->104M(677M) 3.695ms
[2940.049s][info][gc] GC(16721) Pause Young (Allocation Failure) 290M->108M(677M) 5.395ms
[2944.285s][info][gc] GC(16722) Pause Young (Allocation Failure) 295M->110M(677M) 1.267ms
[2950.681s][info][gc] GC(16723) Pause Young (Allocation Failure) 297M->111M(677M) 1.510ms
[2962.122s][info][gc] GC(16724) Pause Young (Allocation Failure) 298M->112M(677M) 1.604ms
[2963.537s][info][gc] GC(16725) Pause Young (Allocation Failure) 299M->125M(677M) 3.622ms
[2966.600s][info][gc] GC(16726) Pause Young (Allocation Failure) 310M->130M(677M) 5.158ms
[2971.047s][info][gc] GC(16727) Pause Young (Allocation Failure) 317M->132M(677M) 1.363ms
[2977.472s][info][gc] GC(16728) Pause Young (Allocation Failure) 318M->133M(677M) 1.727ms
[2984.407s][info][gc] GC(16729) Pause Young (Allocation Failure) 320M->133M(677M) 1.879ms
[2991.068s][info][gc] GC(16730) Pause Young (Allocation Failure) 321M->145M(677M) 3.753ms
[2993.919s][info][gc] GC(16731) Pause Young (Allocation Failure) 330M->152M(677M) 6.285ms
[2997.874s][info][gc] GC(16732) Pause Young (Allocation Failure) 339M->153M(677M) 1.699ms
[3004.374s][info][gc] GC(16733) Pause Young (Allocation Failure) 340M->155M(677M) 2.149ms
[3010.639s][info][gc] GC(16734) Pause Young (Allocation Failure) 342M->156M(677M) 2.295ms
[3018.284s][info][gc] GC(16735) Pause Young (Allocation Failure) 343M->161M(677M) 3.721ms
[3018.303s][info][gc] GC(16736) Pause Young (Allocation Failure) 348M->179M(677M) 4.865ms
[3018.876s][info][gc] GC(16737) Pause Young (Allocation Failure) 363M->207M(677M) 10.598ms
[3020.751s][info][gc] GC(16738) Pause Young (Allocation Failure) 387M->216M(677M) 3.143ms
[3022.478s][info][gc] GC(16739) Pause Young (Allocation Failure) 397M->210M(677M) 1.058ms
[3024.534s][info][gc] GC(16740) Pause Young (Allocation Failure) 389M->219M(677M) 1.385ms
[3027.810s][info][gc] GC(16741) Pause Young (Allocation Failure) 406M->220M(677M) 1.407ms
[3031.695s][info][gc] GC(16742) Pause Young (Allocation Failure) 401M->214M(677M) 1.053ms
[3035.102s][info][gc] GC(16743) Pause Young (Allocation Failure) 401M->215M(677M) 1.131ms
[3037.674s][info][gc] GC(16744) Pause Young (Allocation Failure) 402M->217M(677M) 1.098ms
[3046.465s][info][gc] GC(16745) Pause Young (Allocation Failure) 404M->205M(677M) 1.335ms
[3046.979s][info][gc] GC(16746) Pause Young (Allocation Failure) 393M->236M(677M) 5.588ms
[3047.012s][info][gc] GC(16747) Pause Young (Allocation Failure) 423M->249M(677M) 4.625ms
[3048.642s][info][gc] GC(16748) Pause Young (Allocation Failure) 432M->277M(677M) 4.860ms
[3050.567s][info][gc] GC(16749) Pause Young (Allocation Failure) 456M->271M(677M) 1.138ms
[3052.119s][info][gc] GC(16750) Pause Young (Allocation Failure) 450M->280M(677M) 1.347ms
[3055.114s][info][gc] GC(16751) Pause Young (Allocation Failure) 467M->281M(677M) 1.381ms
[3058.995s][info][gc] GC(16752) Pause Young (Allocation Failure) 468M->283M(677M) 1.238ms
[3062.247s][info][gc] GC(16753) Pause Young (Allocation Failure) 470M->284M(677M) 1.199ms
[3065.233s][info][gc] GC(16754) Pause Young (Allocation Failure) 465M->278M(677M) 1.087ms
[3074.797s][info][gc] GC(16755) Pause Young (Allocation Failure) 465M->264M(677M) 1.084ms
[3074.827s][info][gc] GC(16756) Pause Young (Allocation Failure) 451M->279M(677M) 2.917ms
[3075.604s][info][gc] GC(16757) Pause Young (Allocation Failure) 466M->303M(677M) 5.489ms
[3076.237s][info][gc] GC(16758) Pause Young (Allocation Failure) 487M->322M(677M) 6.352ms
[3078.392s][info][gc] GC(16759) Pause Young (Allocation Failure) 503M->316M(677M) 1.055ms
[3079.806s][info][gc] GC(16760) Pause Young (Allocation Failure) 497M->325M(677M) 1.377ms
[3082.780s][info][gc] GC(16761) Pause Young (Allocation Failure) 512M->327M(677M) 1.228ms
[3086.284s][info][gc] GC(16762) Pause Young (Allocation Failure) 508M->321M(677M) 1.102ms
[3089.537s][info][gc] GC(16763) Pause Young (Allocation Failure) 507M->322M(677M) 1.116ms
[3093.117s][info][gc] GC(16764) Pause Young (Allocation Failure) 509M->323M(677M) 1.095ms
[3096.338s][info][gc] GC(16765) Pause Young (Allocation Failure) 506M->317M(677M) 0.989ms
[3103.361s][info][gc] GC(16766) Pause Young (Allocation Failure) 504M->319M(677M) 2.112ms
[3104.342s][info][gc] GC(16767) Pause Young (Allocation Failure) 506M->343M(677M) 5.272ms
[3104.376s][info][gc] GC(16768) Pause Young (Allocation Failure) 530M->368M(677M) 7.064ms
[3106.447s][info][gc] GC(16769) Pause Young (Allocation Failure) 548M->377M(677M) 4.593ms
[3108.021s][info][gc] GC(16770) Pause Young (Allocation Failure) 556M->386M(677M) 1.455ms
[3110.286s][info][gc] GC(16771) Pause Young (Allocation Failure) 567M->380M(677M) 1.033ms
[3112.976s][info][gc] GC(16772) Pause Young (Allocation Failure) 559M->389M(677M) 1.375ms
[3116.742s][info][gc] GC(16773) Pause Young (Allocation Failure) 575M->390M(677M) 1.201ms
[3120.214s][info][gc] GC(16774) Pause Young (Allocation Failure) 577M->391M(677M) 1.289ms
[3123.363s][info][gc] GC(16775) Pause Young (Allocation Failure) 578M->393M(677M) 1.378ms
[3132.627s][info][gc] GC(16776) Pause Young (Allocation Failure) 580M->373M(677M) 1.187ms
[3133.256s][info][gc] GC(16777) Pause Young (Allocation Failure) 560M->404M(677M) 5.847ms
[3133.299s][info][gc] GC(16778) Pause Young (Allocation Failure) 591M->417M(677M) 4.906ms
[3134.887s][info][gc] GC(16779) Pause Young (Allocation Failure) 600M->437M(677M) 4.096ms
[3136.729s][info][gc] GC(16780) Pause Young (Allocation Failure) 617M->446M(677M) 1.899ms
[3138.334s][info][gc] GC(16781) Pause Young (Allocation Failure) 628M->440M(677M) 1.030ms
[3141.119s][info][gc] GC(16782) Pause Young (Allocation Failure) 620M->449M(677M) 1.386ms
[3144.564s][info][gc] GC(16783) Pause Young (Allocation Failure) 636M->451M(677M) 1.360ms
[3147.630s][info][gc] GC(16784) Pause Young (Allocation Failure) 638M->452M(677M) 1.239ms
[3151.061s][info][gc] GC(16785) Pause Young (Allocation Failure) 639M->454M(677M) 1.333ms
[3161.109s][info][gc] GC(16786) Pause Young (Allocation Failure) 641M->443M(677M) 2.100ms
[3161.123s][info][gc] GC(16787) Pause Young (Allocation Failure) 630M->445M(677M) 1.633ms
[3161.136s][info][gc] GC(16788) Pause Young (Allocation Failure) 632M->463M(677M) 4.265ms
[3161.150s][info][gc] GC(16789) Pause Young (Allocation Failure) 650M->481M(677M) 5.337ms
[3161.355s][info][gc] GC(16790) Pause Young (Allocation Failure) 666M->533M(720M) 13.086ms
[3161.409s][info][gc] GC(16791) Pause Full (Allocation Failure) 533M->114M(677M) 53.556ms
[3162.933s][info][gc] GC(16792) Pause Young (Allocation Failure) 295M->147M(677M) 1.160ms
[3164.320s][info][gc] GC(16793) Pause Young (Allocation Failure) 333M->163M(677M) 1.472ms
[3165.323s][info][gc] GC(16794) Pause Young (Allocation Failure) 344M->180M(677M) 1.624ms
[3166.398s][info][gc] GC(16795) Pause Young (Allocation Failure) 361M->189M(677M) 1.857ms
[3168.655s][info][gc] GC(16796) Pause Young (Allocation Failure) 376M->199M(677M) 2.516ms
[3170.765s][info][gc] GC(16797) Pause Young (Allocation Failure) 385M->208M(677M) 1.721ms
[3173.685s][info][gc] GC(16798) Pause Young (Allocation Failure) 395M->224M(677M) 1.433ms
[3175.356s][info][gc] GC(16799) Pause Young (Allocation Failure) 411M->241M(677M) 1.473ms
[3177.705s][info][gc] GC(16800) Pause Young (Allocation Failure) 428M->258M(677M) 1.452ms
[3179.607s][info][gc] GC(16801) Pause Young (Allocation Failure) 445M->267M(677M) 1.375ms
[3182.223s][info][gc] GC(16802) Pause Young (Allocation Failure) 454M->276M(677M) 1.386ms
[3189.535s][info][gc] GC(16803) Pause Young (Allocation Failure) 463M->261M(677M) 1.874ms
[3189.810s][info][gc] GC(16804) Pause Young (Allocation Failure) 448M->287M(677M) 5.156ms
[3189.845s][info][gc] GC(16805) Pause Young (Allocation Failure) 470M->304M(677M) 7.158ms
[3189.877s][info][gc] GC(16806) Pause Young (Allocation Failure) 491M->331M(677M) 5.633ms
[3190.907s][info][gc] GC(16807) Pause Young (Allocation Failure) 512M->353M(677M) 4.403ms
[3192.248s][info][gc] GC(16808) Pause Young (Allocation Failure) 533M->370M(677M) 1.644ms
[3193.532s][info][gc] GC(16809) Pause Young (Allocation Failure) 552M->379M(677M) 1.365ms
[3194.437s][info][gc] GC(16810) Pause Young (Allocation Failure) 559M->396M(677M) 1.569ms
[3196.137s][info][gc] GC(16811) Pause Young (Allocation Failure) 576M->405M(677M) 1.415ms
[3198.388s][info][gc] GC(16812) Pause Young (Allocation Failure) 592M->414M(677M) 1.457ms
[3200.710s][info][gc] GC(16813) Pause Young (Allocation Failure) 601M->423M(677M) 1.519ms
[3203.119s][info][gc] GC(16814) Pause Young (Allocation Failure) 604M->440M(677M) 2.224ms
[3204.860s][info][gc] GC(16815) Pause Young (Allocation Failure) 627M->457M(677M) 2.564ms
[3207.749s][info][gc] GC(16816) Pause Young (Allocation Failure) 637M->466M(677M) 1.704ms
[3209.252s][info][gc] GC(16817) Pause Young (Allocation Failure) 653M->483M(677M) 1.946ms
[3218.370s][info][gc] GC(16818) Pause Young (Allocation Failure) 670M->462M(677M) 1.084ms
[3218.401s][info][gc] GC(16819) Pause Young (Allocation Failure) 649M->476M(677M) 2.859ms
[3219.053s][info][gc] GC(16820) Pause Young (Allocation Failure) 663M->501M(688M) 7.532ms
[3219.091s][info][gc] GC(16821) Pause Full (Allocation Failure) 501M->90M(590M) 37.515ms
[3219.469s][info][gc] GC(16822) Pause Young (Allocation Failure) 247M->124M(590M) 4.484ms
[3219.532s][info][gc] GC(16823) Pause Young (Allocation Failure) 287M->142M(590M) 3.908ms
[3220.282s][info][gc] GC(16824) Pause Young (Allocation Failure) 304M->180M(590M) 5.902ms
[3221.617s][info][gc] GC(16825) Pause Young (Allocation Failure) 337M->204M(590M) 6.150ms
[3222.761s][info][gc] GC(16826) Pause Young (Allocation Failure) 361M->228M(590M) 1.587ms
[3223.961s][info][gc] GC(16827) Pause Young (Allocation Failure) 384M->252M(590M) 2.057ms
[3225.329s][info][gc] GC(16828) Pause Young (Allocation Failure) 409M->277M(590M) 1.619ms
[3227.435s][info][gc] GC(16829) Pause Young (Allocation Failure) 433M->301M(590M) 1.831ms
[3229.306s][info][gc] GC(16830) Pause Young (Allocation Failure) 458M->325M(590M) 1.538ms
[3232.102s][info][gc] GC(16831) Pause Young (Allocation Failure) 482M->349M(590M) 1.741ms
[3234.756s][info][gc] GC(16832) Pause Young (Allocation Failure) 507M->373M(590M) 3.992ms
[3236.392s][info][gc] GC(16833) Pause Young (Allocation Failure) 530M->397M(590M) 1.533ms
[3238.645s][info][gc] GC(16834) Pause Young (Allocation Failure) 554M->421M(590M) 1.514ms
[3240.370s][info][gc] GC(16835) Pause Young (Allocation Failure) 578M->445M(613M) 2.812ms
[3240.405s][info][gc] GC(16836) Pause Full (Allocation Failure) 445M->128M(590M) 35.086ms
[3241.766s][info][gc] GC(16837) Pause Young (Allocation Failure) 285M->168M(590M) 1.375ms
[3250.760s][info][gc] GC(16838) Pause Young (Allocation Failure) 331M->154M(590M) 1.013ms
[3250.787s][info][gc] GC(16839) Pause Young (Allocation Failure) 317M->169M(590M) 3.121ms
[3253.820s][info][gc] GC(16840) Pause Young (Allocation Failure) 331M->172M(590M) 3.930ms
[3257.365s][info][gc] GC(16841) Pause Young (Allocation Failure) 329M->173M(590M) 1.073ms
[3263.833s][info][gc] GC(16842) Pause Young (Allocation Failure) 331M->174M(590M) 1.648ms
[3269.115s][info][gc] GC(16843) Pause Young (Allocation Failure) 329M->175M(590M) 1.660ms
[3279.873s][info][gc] GC(16844) Pause Young (Allocation Failure) 338M->179M(590M) 3.431ms
[3279.886s][info][gc] GC(16845) Pause Young (Allocation Failure) 342M->179M(590M) 2.890ms
[3279.898s][info][gc] GC(16846) Pause Young (Allocation Failure) 342M->193M(590M) 4.957ms
[3279.910s][info][gc] GC(16847) Pause Young (Allocation Failure) 356M->208M(590M) 5.620ms
[3279.920s][info][gc] GC(16848) Pause Young (Allocation Failure) 371M->224M(590M) 3.612ms
[3279.929s][info][gc] GC(16849) Pause Young (Allocation Failure) 387M->240M(590M) 3.550ms
[3280.134s][info][gc] GC(16850) Pause Young (Allocation Failure) 398M->303M(590M) 8.974ms
[3281.152s][info][gc] GC(16851) Pause Young (Allocation Failure) 459M->342M(590M) 3.581ms
[3282.094s][info][gc] GC(16852) Pause Young (Allocation Failure) 499M->381M(590M) 3.642ms
[3282.961s][info][gc] GC(16853) Pause Young (Allocation Failure) 539M->421M(590M) 2.976ms
[3283.774s][info][gc] GC(16854) Pause Young (Allocation Failure) 578M->460M(629M) 3.908ms
[3283.818s][info][gc] GC(16855) Pause Full (Allocation Failure) 460M->167M(590M) 43.678ms
[3284.359s][info][gc] GC(16856) Pause Young (Allocation Failure) 324M->222M(590M) 1.624ms
[3285.077s][info][gc] GC(16857) Pause Young (Allocation Failure) 379M->261M(590M) 2.093ms
[3286.376s][info][gc] GC(16858) Pause Young (Allocation Failure) 419M->301M(590M) 1.934ms
[3287.629s][info][gc] GC(16859) Pause Young (Allocation Failure) 458M->340M(590M) 1.956ms
[3289.186s][info][gc] GC(16860) Pause Young (Allocation Failure) 497M->379M(590M) 1.925ms
[3290.912s][info][gc] GC(16861) Pause Young (Allocation Failure) 537M->419M(590M) 1.871ms
[3292.609s][info][gc] GC(16862) Pause Young (Allocation Failure) 576M->458M(629M) 3.730ms
[3292.642s][info][gc] GC(16863) Pause Full (Allocation Failure) 458M->175M(590M) 32.295ms
[3293.764s][info][gc] GC(16864) Pause Young (Allocation Failure) 333M->230M(590M) 1.728ms
[3294.848s][info][gc] GC(16865) Pause Young (Allocation Failure) 388M->269M(590M) 1.900ms
[3296.731s][info][gc] GC(16866) Pause Young (Allocation Failure) 426M->309M(590M) 1.981ms
[3298.266s][info][gc] GC(16867) Pause Young (Allocation Failure) 465M->348M(590M) 1.886ms
[3298.992s][info][gc] GC(16868) Pause Young (Allocation Failure) 505M->387M(590M) 1.905ms
[3300.487s][info][gc] GC(16869) Pause Young (Allocation Failure) 545M->427M(598M) 2.207ms
[3300.520s][info][gc] GC(16870) Pause Full (Allocation Failure) 427M->182M(590M) 32.802ms
[3308.970s][info][gc] GC(16871) Pause Young (Allocation Failure) 345M->184M(590M) 0.790ms
[3308.997s][info][gc] GC(16872) Pause Young (Allocation Failure) 347M->197M(590M) 2.586ms
[3309.062s][info][gc] GC(16873) Pause Young (Allocation Failure) 360M->221M(590M) 5.305ms
[3309.258s][info][gc] GC(16874) Pause Young (Allocation Failure) 381M->235M(590M) 6.607ms
[3309.287s][info][gc] GC(16875) Pause Young (Allocation Failure) 398M->259M(590M) 3.544ms
[3309.561s][info][gc] GC(16876) Pause Young (Allocation Failure) 422M->283M(590M) 4.804ms
[3309.588s][info][gc] GC(16877) Pause Young (Allocation Failure) 446M->298M(590M) 4.120ms
[3310.358s][info][gc] GC(16878) Pause Young (Allocation Failure) 456M->347M(590M) 4.738ms
[3311.321s][info][gc] GC(16879) Pause Young (Allocation Failure) 504M->379M(590M) 2.080ms
[3312.262s][info][gc] GC(16880) Pause Young (Allocation Failure) 535M->410M(590M) 1.713ms
[3313.038s][info][gc] GC(16881) Pause Young (Allocation Failure) 568M->442M(613M) 2.770ms
[3313.078s][info][gc] GC(16882) Pause Full (Allocation Failure) 442M->145M(590M) 39.533ms
[3313.577s][info][gc] GC(16883) Pause Young (Allocation Failure) 302M->193M(590M) 1.497ms
[3314.341s][info][gc] GC(16884) Pause Young (Allocation Failure) 350M->225M(590M) 1.722ms
[3315.522s][info][gc] GC(16885) Pause Young (Allocation Failure) 382M->256M(590M) 1.716ms
[3316.887s][info][gc] GC(16886) Pause Young (Allocation Failure) 414M->288M(590M) 1.825ms
[3318.254s][info][gc] GC(16887) Pause Young (Allocation Failure) 445M->320M(590M) 1.695ms
[3319.867s][info][gc] GC(16888) Pause Young (Allocation Failure) 477M->351M(590M) 1.787ms
[3320.975s][info][gc] GC(16889) Pause Young (Allocation Failure) 508M->383M(590M) 1.712ms
[3322.709s][info][gc] GC(16890) Pause Young (Allocation Failure) 540M->415M(590M) 1.713ms
[3323.841s][info][gc] GC(16891) Pause Young (Allocation Failure) 572M->446M(613M) 2.944ms
[3323.870s][info][gc] GC(16892) Pause Full (Allocation Failure) 446M->156M(590M) 29.073ms
[3325.916s][info][gc] GC(16893) Pause Young (Allocation Failure) 313M->203M(590M) 1.477ms
[3327.420s][info][gc] GC(16894) Pause Young (Allocation Failure) 361M->235M(590M) 1.748ms
[3328.384s][info][gc] GC(16895) Pause Young (Allocation Failure) 392M->267M(590M) 1.750ms
[3329.468s][info][gc] GC(16896) Pause Young (Allocation Failure) 423M->298M(590M) 1.799ms
[3339.102s][info][gc] GC(16897) Pause Young (Allocation Failure) 461M->285M(590M) 1.212ms
[3339.132s][info][gc] GC(16898) Pause Young (Allocation Failure) 448M->295M(590M) 2.687ms
[3339.378s][info][gc] GC(16899) Pause Young (Allocation Failure) 458M->318M(590M) 5.022ms
[3339.407s][info][gc] GC(16900) Pause Young (Allocation Failure) 481M->334M(590M) 5.988ms
[3341.412s][info][gc] GC(16901) Pause Young (Allocation Failure) 492M->351M(590M) 7.582ms
[3343.102s][info][gc] GC(16902) Pause Young (Allocation Failure) 507M->352M(590M) 1.218ms
[3344.434s][info][gc] GC(16903) Pause Young (Allocation Failure) 508M->354M(590M) 1.375ms
[3347.071s][info][gc] GC(16904) Pause Young (Allocation Failure) 511M->355M(590M) 1.050ms
[3350.398s][info][gc] GC(16905) Pause Young (Allocation Failure) 511M->356M(590M) 1.073ms
[3352.991s][info][gc] GC(16906) Pause Young (Allocation Failure) 512M->357M(590M) 1.076ms
[3355.858s][info][gc] GC(16907) Pause Young (Allocation Failure) 513M->358M(590M) 1.233ms
[3358.215s][info][gc] GC(16908) Pause Young (Allocation Failure) 514M->359M(590M) 1.077ms
[3367.686s][info][gc] GC(16909) Pause Young (Allocation Failure) 522M->345M(590M) 0.729ms
[3368.471s][info][gc] GC(16910) Pause Young (Allocation Failure) 508M->350M(590M) 1.993ms
[3368.482s][info][gc] GC(16911) Pause Young (Allocation Failure) 513M->353M(590M) 2.514ms
[3368.493s][info][gc] GC(16912) Pause Young (Allocation Failure) 516M->369M(590M) 5.335ms
[3368.504s][info][gc] GC(16913) Pause Young (Allocation Failure) 532M->385M(590M) 6.056ms
[3368.514s][info][gc] GC(16914) Pause Young (Allocation Failure) 548M->400M(590M) 3.826ms
[3368.523s][info][gc] GC(16915) Pause Young (Allocation Failure) 563M->416M(590M) 3.834ms
[3368.541s][info][gc] GC(16916) Pause Young (Allocation Failure) 576M->435M(600M) 10.532ms
[3368.592s][info][gc] GC(16917) Pause Full (Allocation Failure) 435M->125M(590M) 50.831ms
[3368.862s][info][gc] GC(16918) Pause Young (Allocation Failure) 286M->198M(590M) 2.783ms
[3369.797s][info][gc] GC(16919) Pause Young (Allocation Failure) 354M->252M(590M) 3.188ms
[3370.711s][info][gc] GC(16920) Pause Young (Allocation Failure) 408M->307M(590M) 2.322ms
[3371.445s][info][gc] GC(16921) Pause Young (Allocation Failure) 463M->361M(590M) 2.318ms
[3372.184s][info][gc] GC(16922) Pause Young (Allocation Failure) 517M->416M(590M) 2.399ms
[3372.789s][info][gc] GC(16923) Pause Young (Allocation Failure) 573M->471M(637M) 4.916ms
[3372.824s][info][gc] GC(16924) Pause Full (Allocation Failure) 471M->204M(590M) 35.282ms
[3373.428s][info][gc] GC(16925) Pause Young (Allocation Failure) 360M->274M(590M) 2.066ms
[3373.903s][info][gc] GC(16926) Pause Young (Allocation Failure) 430M->329M(590M) 2.479ms
[3374.569s][info][gc] GC(16927) Pause Young (Allocation Failure) 485M->383M(590M) 3.216ms
[3376.097s][info][gc] GC(16928) Pause Young (Allocation Failure) 539M->438M(606M) 3.173ms
[3376.137s][info][gc] GC(16929) Pause Full (Allocation Failure) 438M->193M(590M) 40.074ms
[3377.244s][info][gc] GC(16930) Pause Young (Allocation Failure) 349M->263M(590M) 2.097ms
[3379.106s][info][gc] GC(16931) Pause Young (Allocation Failure) 419M->318M(590M) 3.109ms
[3380.394s][info][gc] GC(16932) Pause Young (Allocation Failure) 474M->372M(590M) 2.292ms
[3382.237s][info][gc] GC(16933) Pause Young (Allocation Failure) 529M->427M(598M) 2.689ms
[3382.283s][info][gc] GC(16934) Pause Full (Allocation Failure) 427M->198M(590M) 46.005ms
[3384.046s][info][gc] GC(16935) Pause Young (Allocation Failure) 354M->268M(590M) 2.149ms
[3385.067s][info][gc] GC(16936) Pause Young (Allocation Failure) 424M->322M(590M) 2.641ms
[3386.153s][info][gc] GC(16937) Pause Young (Allocation Failure) 478M->377M(590M) 2.372ms
[3388.234s][info][gc] GC(16938) Pause Young (Allocation Failure) 534M->432M(598M) 2.812ms
[3388.279s][info][gc] GC(16939) Pause Full (Allocation Failure) 432M->202M(590M) 44.165ms
[3389.276s][info][gc] GC(16940) Pause Young (Allocation Failure) 359M->272M(590M) 2.369ms
[3390.639s][info][gc] GC(16941) Pause Young (Allocation Failure) 430M->327M(590M) 2.506ms
[3391.481s][info][gc] GC(16942) Pause Young (Allocation Failure) 483M->382M(590M) 2.418ms
[3392.543s][info][gc] GC(16943) Pause Young (Allocation Failure) 539M->436M(606M) 3.420ms
[3392.589s][info][gc] GC(16944) Pause Full (Allocation Failure) 436M->207M(590M) 45.887ms
[3401.700s][info][gc] GC(16945) Pause Young (Allocation Failure) 370M->208M(590M) 0.534ms
[3404.002s][info][gc] GC(16946) Pause Young (Allocation Failure) 371M->217M(590M) 2.006ms
[3404.058s][info][gc] GC(16947) Pause Young (Allocation Failure) 380M->242M(590M) 5.865ms
[3404.088s][info][gc] GC(16948) Pause Young (Allocation Failure) 405M->257M(590M) 4.372ms
[3404.192s][info][gc] GC(16949) Pause Young (Allocation Failure) 420M->282M(590M) 5.950ms
[3404.379s][info][gc] GC(16950) Pause Young (Allocation Failure) 445M->324M(590M) 6.797ms
[3404.412s][info][gc] GC(16951) Pause Young (Allocation Failure) 487M->336M(590M) 3.783ms
[3404.718s][info][gc] GC(16952) Pause Young (Allocation Failure) 499M->373M(590M) 5.411ms
[3404.752s][info][gc] GC(16953) Pause Young (Allocation Failure) 536M->389M(590M) 7.051ms
[3405.586s][info][gc] GC(16954) Pause Young (Allocation Failure) 548M->452M(618M) 8.197ms
[3405.638s][info][gc] GC(16955) Pause Full (Allocation Failure) 452M->176M(590M) 52.304ms
[3406.585s][info][gc] GC(16956) Pause Young (Allocation Failure) 334M->239M(590M) 1.972ms
[3407.409s][info][gc] GC(16957) Pause Young (Allocation Failure) 396M->286M(590M) 2.505ms
[3408.201s][info][gc] GC(16958) Pause Young (Allocation Failure) 442M->333M(590M) 2.143ms
[3408.740s][info][gc] GC(16959) Pause Young (Allocation Failure) 490M->380M(590M) 2.317ms
[3409.313s][info][gc] GC(16960) Pause Young (Allocation Failure) 536M->427M(598M) 2.527ms
[3409.352s][info][gc] GC(16961) Pause Full (Allocation Failure) 427M->182M(590M) 38.753ms
[3410.084s][info][gc] GC(16962) Pause Young (Allocation Failure) 339M->245M(590M) 2.625ms
[3410.914s][info][gc] GC(16963) Pause Young (Allocation Failure) 402M->292M(590M) 2.115ms
[3412.206s][info][gc] GC(16964) Pause Young (Allocation Failure) 449M->339M(590M) 2.216ms
[3413.456s][info][gc] GC(16965) Pause Young (Allocation Failure) 495M->386M(590M) 2.271ms
[3414.721s][info][gc] GC(16966) Pause Young (Allocation Failure) 542M->433M(606M) 2.866ms
[3414.762s][info][gc] GC(16967) Pause Full (Allocation Failure) 433M->188M(590M) 40.443ms
[3415.748s][info][gc] GC(16968) Pause Young (Allocation Failure) 345M->251M(590M) 2.003ms
[3417.383s][info][gc] GC(16969) Pause Young (Allocation Failure) 409M->298M(590M) 2.394ms
[3419.145s][info][gc] GC(16970) Pause Young (Allocation Failure) 455M->345M(590M) 2.282ms
[3420.213s][info][gc] GC(16971) Pause Young (Allocation Failure) 501M->392M(590M) 2.227ms
[3421.335s][info][gc] GC(16972) Pause Young (Allocation Failure) 548M->439M(606M) 3.858ms
[3421.379s][info][gc] GC(16973) Pause Full (Allocation Failure) 439M->194M(590M) 44.742ms
[3423.422s][info][gc] GC(16974) Pause Young (Allocation Failure) 351M->257M(590M) 2.159ms
[3424.330s][info][gc] GC(16975) Pause Young (Allocation Failure) 413M->304M(590M) 2.050ms
[3425.759s][info][gc] GC(16976) Pause Young (Allocation Failure) 460M->351M(590M) 2.173ms
[3426.494s][info][gc] GC(16977) Pause Young (Allocation Failure) 507M->398M(590M) 2.147ms
[3427.381s][info][gc] GC(16978) Pause Young (Allocation Failure) 555M->444M(613M) 3.400ms
[3427.422s][info][gc] GC(16979) Pause Full (Allocation Failure) 444M->200M(590M) 40.882ms
[3433.693s][info][gc] GC(16980) Pause Young (Allocation Failure) 363M->201M(590M) 0.481ms
[3438.061s][info][gc] GC(16981) Pause Young (Allocation Failure) 364M->207M(590M) 2.416ms
[3438.069s][info][gc] GC(16982) Pause Young (Allocation Failure) 370M->207M(590M) 2.049ms
[3438.078s][info][gc] GC(16983) Pause Young (Allocation Failure) 370M->216M(590M) 3.299ms
[3438.088s][info][gc] GC(16984) Pause Young (Allocation Failure) 379M->231M(590M) 5.503ms
[3438.097s][info][gc] GC(16985) Pause Young (Allocation Failure) 394M->247M(590M) 4.048ms
[3438.105s][info][gc] GC(16986) Pause Young (Allocation Failure) 410M->263M(590M) 3.854ms
[3438.114s][info][gc] GC(16987) Pause Young (Allocation Failure) 426M->279M(590M) 3.710ms
[3438.123s][info][gc] GC(16988) Pause Young (Allocation Failure) 442M->295M(590M) 3.875ms
[3438.137s][info][gc] GC(16989) Pause Young (Allocation Failure) 458M->369M(590M) 7.829ms
[3438.852s][info][gc] GC(16990) Pause Young (Allocation Failure) 526M->442M(606M) 5.812ms
[3438.910s][info][gc] GC(16991) Pause Full (Allocation Failure) 442M->235M(590M) 57.872ms
[3439.495s][info][gc] GC(16992) Pause Young (Allocation Failure) 391M->320M(590M) 2.349ms
[3440.356s][info][gc] GC(16993) Pause Young (Allocation Failure) 477M->390M(590M) 2.813ms
[3441.028s][info][gc] GC(16994) Pause Young (Allocation Failure) 547M->460M(629M) 4.567ms
[3441.068s][info][gc] GC(16995) Pause Full (Allocation Failure) 460M->238M(590M) 40.278ms
[3441.671s][info][gc] GC(16996) Pause Young (Allocation Failure) 395M->324M(590M) 2.568ms
[3442.380s][info][gc] GC(16997) Pause Young (Allocation Failure) 481M->394M(590M) 2.737ms
[3442.863s][info][gc] GC(16998) Pause Young (Allocation Failure) 552M->464M(636M) 5.227ms
[3442.912s][info][gc] GC(16999) Pause Full (Allocation Failure) 464M->242M(590M) 49.188ms
[3443.430s][info][gc] GC(17000) Pause Young (Allocation Failure) 400M->328M(590M) 2.619ms
[3443.946s][info][gc] GC(17001) Pause Young (Allocation Failure) 485M->397M(590M) 3.200ms
[3444.864s][info][gc] GC(17002) Pause Young (Allocation Failure) 555M->467M(636M) 7.035ms
[3444.937s][info][gc] GC(17003) Pause Full (Allocation Failure) 467M->227M(590M) 72.202ms
[3446.527s][info][gc] GC(17004) Pause Young (Allocation Failure) 385M->313M(590M) 3.483ms
[3447.437s][info][gc] GC(17005) Pause Young (Allocation Failure) 470M->383M(590M) 5.044ms
[3448.756s][info][gc] GC(17006) Pause Young (Allocation Failure) 541M->453M(621M) 4.429ms
[3448.809s][info][gc] GC(17007) Pause Full (Allocation Failure) 453M->231M(590M) 52.833ms
[3450.347s][info][gc] GC(17008) Pause Young (Allocation Failure) 388M->317M(590M) 2.342ms
[3451.089s][info][gc] GC(17009) Pause Young (Allocation Failure) 474M->386M(590M) 2.936ms
[3452.941s][info][gc] GC(17010) Pause Young (Allocation Failure) 543M->456M(629M) 4.547ms
[3452.992s][info][gc] GC(17011) Pause Full (Allocation Failure) 456M->234M(590M) 50.921ms
[3453.897s][info][gc] GC(17012) Pause Young (Allocation Failure) 392M->320M(590M) 2.380ms
[3455.620s][info][gc] GC(17013) Pause Young (Allocation Failure) 477M->390M(590M) 2.786ms
[3456.388s][info][gc] GC(17014) Pause Young (Allocation Failure) 547M->460M(629M) 4.792ms
[3456.436s][info][gc] GC(17015) Pause Full (Allocation Failure) 460M->238M(590M) 47.652ms
[3457.326s][info][gc] GC(17016) Pause Young (Allocation Failure) 395M->323M(590M) 2.423ms
[3459.138s][info][gc] GC(17017) Pause Young (Allocation Failure) 481M->393M(590M) 2.609ms
[3460.054s][info][gc] GC(17018) Pause Young (Allocation Failure) 550M->463M(630M) 5.312ms
[3460.108s][info][gc] GC(17019) Pause Full (Allocation Failure) 463M->241M(590M) 53.766ms
[3461.429s][info][gc] GC(17020) Pause Young (Allocation Failure) 398M->327M(590M) 2.493ms
[3462.190s][info][gc] GC(17021) Pause Young (Allocation Failure) 484M->397M(590M) 2.727ms
[3462.778s][info][gc] GC(17022) Pause Young (Allocation Failure) 554M->467M(636M) 5.168ms
[3462.825s][info][gc] GC(17023) Pause Full (Allocation Failure) 467M->245M(592M) 47.373ms
[3463.714s][info][gc] GC(17024) Pause Young (Allocation Failure) 402M->330M(592M) 2.490ms
[3468.822s][info][gc] GC(17025) Pause Young (Allocation Failure) 494M->316M(592M) 0.801ms
[3474.283s][info][gc] GC(17026) Pause Young (Allocation Failure) 479M->320M(592M) 1.452ms
[3474.524s][info][gc] GC(17027) Pause Young (Allocation Failure) 480M->334M(592M) 4.966ms
[3474.579s][info][gc] GC(17028) Pause Young (Allocation Failure) 497M->355M(592M) 5.260ms
[3474.595s][info][gc] GC(17029) Pause Young (Allocation Failure) 519M->369M(592M) 3.365ms
[3474.620s][info][gc] GC(17030) Pause Young (Allocation Failure) 533M->400M(592M) 5.885ms
[3474.751s][info][gc] GC(17031) Pause Young (Allocation Failure) 564M->426M(592M) 4.628ms
[3475.135s][info][gc] GC(17032) Pause Young (Allocation Failure) 584M->473M(637M) 8.756ms
[3475.182s][info][gc] GC(17033) Pause Full (Allocation Failure) 473M->154M(592M) 46.554ms
[3476.034s][info][gc] GC(17034) Pause Young (Allocation Failure) 312M->209M(592M) 1.601ms
[3477.087s][info][gc] GC(17035) Pause Young (Allocation Failure) 366M->249M(592M) 1.837ms
[3477.951s][info][gc] GC(17036) Pause Young (Allocation Failure) 406M->288M(592M) 1.901ms
[3478.663s][info][gc] GC(17037) Pause Young (Allocation Failure) 446M->327M(592M) 1.943ms
[3479.203s][info][gc] GC(17038) Pause Young (Allocation Failure) 484M->367M(592M) 1.920ms
[3480.051s][info][gc] GC(17039) Pause Young (Allocation Failure) 524M->406M(592M) 2.041ms
[3481.485s][info][gc] GC(17040) Pause Young (Allocation Failure) 563M->446M(615M) 3.306ms
[3481.515s][info][gc] GC(17041) Pause Full (Allocation Failure) 446M->178M(592M) 29.984ms
[3482.817s][info][gc] GC(17042) Pause Young (Allocation Failure) 336M->233M(592M) 1.612ms
[3484.134s][info][gc] GC(17043) Pause Young (Allocation Failure) 390M->272M(592M) 1.890ms
[3485.929s][info][gc] GC(17044) Pause Young (Allocation Failure) 430M->312M(592M) 1.907ms
[3487.611s][info][gc] GC(17045) Pause Young (Allocation Failure) 468M->351M(592M) 1.870ms
[3488.671s][info][gc] GC(17046) Pause Young (Allocation Failure) 509M->390M(592M) 1.878ms
[3489.798s][info][gc] GC(17047) Pause Young (Allocation Failure) 547M->430M(600M) 2.233ms
[3489.831s][info][gc] GC(17048) Pause Full (Allocation Failure) 430M->167M(592M) 32.916ms
[3491.674s][info][gc] GC(17049) Pause Young (Allocation Failure) 324M->222M(592M) 1.615ms
[3493.136s][info][gc] GC(17050) Pause Young (Allocation Failure) 380M->261M(592M) 1.921ms
[3494.106s][info][gc] GC(17051) Pause Young (Allocation Failure) 418M->301M(592M) 1.861ms
[3495.598s][info][gc] GC(17052) Pause Young (Allocation Failure) 458M->340M(592M) 1.878ms
[3506.282s][info][gc] GC(17053) Pause Young (Allocation Failure) 503M->331M(592M) 2.989ms
[3506.293s][info][gc] GC(17054) Pause Young (Allocation Failure) 495M->332M(592M) 2.180ms
[3506.302s][info][gc] GC(17055) Pause Young (Allocation Failure) 495M->337M(592M) 3.031ms
[3506.312s][info][gc] GC(17056) Pause Young (Allocation Failure) 501M->347M(592M) 4.172ms
[3506.321s][info][gc] GC(17057) Pause Young (Allocation Failure) 510M->360M(592M) 4.241ms
[3506.330s][info][gc] GC(17058) Pause Young (Allocation Failure) 524M->376M(592M) 4.070ms
[3506.339s][info][gc] GC(17059) Pause Young (Allocation Failure) 540M->392M(592M) 3.990ms
[3506.347s][info][gc] GC(17060) Pause Young (Allocation Failure) 556M->408M(592M) 3.794ms
[3506.356s][info][gc] GC(17061) Pause Young (Allocation Failure) 572M->424M(592M) 4.109ms
[3506.401s][info][gc] GC(17062) Pause Full (Allocation Failure) 424M->145M(592M) 44.890ms
[3506.412s][info][gc] GC(17063) Pause Young (Allocation Failure) 308M->190M(592M) 4.055ms
[3506.432s][info][gc] GC(17064) Pause Young (Allocation Failure) 349M->250M(592M) 8.062ms
[3507.821s][info][gc] GC(17065) Pause Young (Allocation Failure) 408M->328M(592M) 9.226ms
[3509.325s][info][gc] GC(17066) Pause Young (Allocation Failure) 485M->406M(592M) 5.708ms
[3510.502s][info][gc] GC(17067) Pause Young (Allocation Failure) 563M->483M(653M) 6.610ms
[3510.564s][info][gc] GC(17068) Pause Full (Allocation Failure) 483M->268M(649M) 62.290ms
[3511.224s][info][gc] GC(17069) Pause Young (Allocation Failure) 441M->362M(649M) 3.638ms
[3511.994s][info][gc] GC(17070) Pause Young (Allocation Failure) 535M->439M(649M) 2.763ms
[3512.513s][info][gc] GC(17071) Pause Young (Allocation Failure) 612M->517M(703M) 5.960ms
[3512.566s][info][gc] GC(17072) Pause Full (Allocation Failure) 517M->272M(659M) 53.004ms
[3513.190s][info][gc] GC(17073) Pause Young (Allocation Failure) 454M->374M(659M) 2.927ms
[3513.614s][info][gc] GC(17074) Pause Young (Allocation Failure) 555M->451M(659M) 3.040ms
[3514.098s][info][gc] GC(17075) Pause Young (Allocation Failure) 632M->537M(728M) 6.893ms
[3514.157s][info][gc] GC(17076) Pause Full (Allocation Failure) 537M->261M(659M) 59.127ms
[3514.885s][info][gc] GC(17077) Pause Young (Allocation Failure) 442M->355M(659M) 2.719ms
[3515.299s][info][gc] GC(17078) Pause Young (Allocation Failure) 536M->425M(659M) 2.818ms
[3516.700s][info][gc] GC(17079) Pause Young (Allocation Failure) 606M->503M(690M) 4.536ms
[3516.754s][info][gc] GC(17080) Pause Full (Allocation Failure) 503M->258M(659M) 53.912ms
[3517.911s][info][gc] GC(17081) Pause Young (Allocation Failure) 438M->359M(659M) 2.843ms
[3519.006s][info][gc] GC(17082) Pause Young (Allocation Failure) 541M->437M(659M) 3.332ms
[3520.203s][info][gc] GC(17083) Pause Young (Allocation Failure) 617M->522M(713M) 7.495ms
[3520.257s][info][gc] GC(17084) Pause Full (Allocation Failure) 522M->269M(659M) 54.687ms
[3521.962s][info][gc] GC(17085) Pause Young (Allocation Failure) 450M->363M(659M) 2.547ms
[3522.561s][info][gc] GC(17086) Pause Young (Allocation Failure) 544M->448M(659M) 3.045ms
[3524.298s][info][gc] GC(17087) Pause Young (Allocation Failure) 630M->526M(713M) 5.762ms
[3524.355s][info][gc] GC(17088) Pause Full (Allocation Failure) 526M->266M(659M) 56.632ms
[3525.191s][info][gc] GC(17089) Pause Young (Allocation Failure) 446M->367M(659M) 2.774ms
[3526.036s][info][gc] GC(17090) Pause Young (Allocation Failure) 548M->445M(659M) 2.839ms
[3527.034s][info][gc] GC(17091) Pause Young (Allocation Failure) 625M->530M(720M) 6.159ms
[3527.097s][info][gc] GC(17092) Pause Full (Allocation Failure) 530M->277M(671M) 62.620ms
[3528.813s][info][gc] GC(17093) Pause Young (Allocation Failure) 459M->371M(671M) 3.226ms
[3529.784s][info][gc] GC(17094) Pause Young (Allocation Failure) 552M->449M(671M) 3.073ms
[3531.038s][info][gc] GC(17095) Pause Young (Allocation Failure) 631M->520M(710M) 5.462ms
[3531.101s][info][gc] GC(17096) Pause Full (Allocation Failure) 520M->274M(671M) 62.090ms
[3531.760s][info][gc] GC(17097) Pause Young (Allocation Failure) 454M->375M(671M) 2.813ms
[3532.630s][info][gc] GC(17098) Pause Young (Allocation Failure) 556M->446M(671M) 2.854ms
[3533.810s][info][gc] GC(17099) Pause Young (Allocation Failure) 627M->524M(710M) 4.845ms
[3533.870s][info][gc] GC(17100) Pause Full (Allocation Failure) 524M->285M(691M) 59.961ms
[3542.174s][info][gc] GC(17101) Pause Young (Allocation Failure) 476M->287M(691M) 0.696ms
[3544.444s][info][gc] GC(17102) Pause Young (Allocation Failure) 478M->297M(691M) 2.289ms
[3544.548s][info][gc] GC(17103) Pause Young (Allocation Failure) 488M->325M(691M) 6.178ms
[3544.859s][info][gc] GC(17104) Pause Young (Allocation Failure) 515M->354M(691M) 8.137ms
[3544.892s][info][gc] GC(17105) Pause Young (Allocation Failure) 545M->368M(691M) 3.350ms
[3545.997s][info][gc] GC(17106) Pause Young (Allocation Failure) 551M->410M(691M) 4.691ms
[3547.532s][info][gc] GC(17107) Pause Young (Allocation Failure) 599M->427M(691M) 1.855ms
[3548.775s][info][gc] GC(17108) Pause Young (Allocation Failure) 615M->444M(691M) 1.648ms
[3549.851s][info][gc] GC(17109) Pause Young (Allocation Failure) 631M->461M(691M) 1.687ms
[3551.941s][info][gc] GC(17110) Pause Young (Allocation Failure) 649M->477M(691M) 1.694ms
[3553.924s][info][gc] GC(17111) Pause Young (Allocation Failure) 665M->494M(691M) 2.255ms
[3556.511s][info][gc] GC(17112) Pause Young (Allocation Failure) 682M->511M(706M) 2.452ms
[3556.551s][info][gc] GC(17113) Pause Full (Allocation Failure) 511M->133M(691M) 40.329ms
[3558.706s][info][gc] GC(17114) Pause Young (Allocation Failure) 321M->173M(691M) 1.352ms
[3561.216s][info][gc] GC(17115) Pause Young (Allocation Failure) 360M->189M(691M) 1.616ms
[3563.132s][info][gc] GC(17116) Pause Young (Allocation Failure) 376M->206M(691M) 1.708ms
[3565.263s][info][gc] GC(17117) Pause Young (Allocation Failure) 394M->223M(691M) 1.617ms
