[0.004s][info][gc] Using G1
[0.088s][info][gc] GC(0) Pause Young (Normal) (G1 Evacuation Pause) 25M->3M(292M) 1.295ms
[0.109s][info][gc] GC(1) Pause Young (Normal) (G1 Evacuation Pause) 39M->5M(292M) 1.245ms
[0.193s][info][gc] GC(2) Pause Young (Normal) (G1 Evacuation Pause) 169M->18M(292M) 2.260ms
[0.488s][info][gc] GC(3) Pause Young (Normal) (G1 Evacuation Pause) 170M->28M(292M) 2.774ms
[0.571s][info][gc] GC(4) Pause Young (Normal) (G1 Evacuation Pause) 176M->30M(292M) 2.585ms
[0.650s][info][gc] GC(5) Pause Young (Normal) (G1 Evacuation Pause) 186M->30M(376M) 1.525ms
[0.756s][info][gc] GC(6) Pause Young (Normal) (G1 Evacuation Pause) 238M->32M(376M) 1.742ms
[0.856s][info][gc] GC(7) Pause Young (Normal) (G1 Evacuation Pause) 240M->33M(376M) 1.663ms
[0.964s][info][gc] GC(8) Pause Young (Normal) (G1 Evacuation Pause) 237M->35M(376M) 2.443ms
[1.067s][info][gc] GC(9) Pause Young (Normal) (G1 Evacuation Pause) 247M->37M(452M) 1.343ms
[1.193s][info][gc] GC(10) Pause Young (Normal) (G1 Evacuation Pause) 289M->39M(452M) 1.476ms
[1.317s][info][gc] GC(11) Pause Young (Normal) (G1 Evacuation Pause) 291M->41M(452M) 1.562ms
[1.443s][info][gc] GC(12) Pause Young (Normal) (G1 Evacuation Pause) 293M->43M(452M) 1.682ms
[1.561s][info][gc] GC(13) Pause Young (Normal) (G1 Evacuation Pause) 291M->46M(452M) 1.867ms
[1.682s][info][gc] GC(14) Pause Young (Normal) (G1 Evacuation Pause) 290M->47M(452M) 1.779ms
[1.799s][info][gc] GC(15) Pause Young (Normal) (G1 Evacuation Pause) 291M->50M(452M) 1.809ms
[1.922s][info][gc] GC(16) Pause Young (Normal) (G1 Evacuation Pause) 294M->52M(452M) 1.865ms
[2.035s][info][gc] GC(17) Pause Young (Normal) (G1 Evacuation Pause) 296M->53M(452M) 1.763ms
[2.158s][info][gc] GC(18) Pause Young (Normal) (G1 Evacuation Pause) 297M->56M(452M) 1.759ms
[2.276s][info][gc] GC(19) Pause Young (Normal) (G1 Evacuation Pause) 300M->58M(452M) 1.825ms
[2.401s][info][gc] GC(20) Pause Young (Normal) (G1 Evacuation Pause) 302M->61M(452M) 2.049ms
[2.519s][info][gc] GC(21) Pause Young (Normal) (G1 Evacuation Pause) 305M->63M(544M) 1.904ms
[2.670s][info][gc] GC(22) Pause Young (Normal) (G1 Evacuation Pause) 363M->65M(544M) 2.423ms
[2.818s][info][gc] GC(23) Pause Young (Normal) (G1 Evacuation Pause) 361M->68M(544M) 1.993ms
[2.961s][info][gc] GC(24) Pause Young (Normal) (G1 Evacuation Pause) 364M->70M(544M) 2.184ms
[3.109s][info][gc] GC(25) Pause Young (Normal) (G1 Evacuation Pause) 366M->72M(544M) 2.165ms
[3.253s][info][gc] GC(26) Pause Young (Normal) (G1 Evacuation Pause) 368M->73M(544M) 2.168ms
[3.397s][info][gc] GC(27) Pause Young (Normal) (G1 Evacuation Pause) 369M->76M(544M) 2.270ms
[3.542s][info][gc] GC(28) Pause Young (Normal) (G1 Evacuation Pause) 372M->81M(544M) 2.102ms
[3.684s][info][gc] GC(29) Pause Young (Normal) (G1 Evacuation Pause) 377M->81M(544M) 2.234ms
[3.833s][info][gc] GC(30) Pause Young (Normal) (G1 Evacuation Pause) 381M->86M(544M) 2.129ms
[3.977s][info][gc] GC(31) Pause Young (Normal) (G1 Evacuation Pause) 382M->87M(544M) 2.107ms
[4.124s][info][gc] GC(32) Pause Young (Normal) (G1 Evacuation Pause) 383M->90M(544M) 2.006ms
[4.271s][info][gc] GC(33) Pause Young (Normal) (G1 Evacuation Pause) 386M->94M(544M) 2.228ms
[4.416s][info][gc] GC(34) Pause Young (Normal) (G1 Evacuation Pause) 390M->93M(544M) 1.972ms
[4.831s][info][gc] GC(35) Pause Young (Normal) (G1 Evacuation Pause) 393M->98M(544M) 2.248ms
[5.103s][info][gc] GC(36) Pause Young (Normal) (G1 Evacuation Pause) 394M->100M(544M) 2.095ms
[5.392s][info][gc] GC(37) Pause Young (Normal) (G1 Evacuation Pause) 396M->103M(544M) 2.250ms
[5.664s][info][gc] GC(38) Pause Young (Normal) (G1 Evacuation Pause) 399M->104M(544M) 2.193ms
[5.946s][info][gc] GC(39) Pause Young (Normal) (G1 Evacuation Pause) 400M->109M(544M) 2.316ms
[6.216s][info][gc] GC(40) Pause Young (Normal) (G1 Evacuation Pause) 405M->110M(544M) 2.095ms
[6.494s][info][gc] GC(41) Pause Young (Normal) (G1 Evacuation Pause) 406M->114M(544M) 2.344ms
[6.773s][info][gc] GC(42) Pause Young (Normal) (G1 Evacuation Pause) 410M->116M(544M) 2.093ms
[7.043s][info][gc] GC(43) Pause Young (Normal) (G1 Evacuation Pause) 412M->118M(544M) 2.244ms
[7.318s][info][gc] GC(44) Pause Young (Normal) (G1 Evacuation Pause) 414M->120M(544M) 2.179ms
[7.606s][info][gc] GC(45) Pause Young (Normal) (G1 Evacuation Pause) 420M->123M(544M) 1.943ms
[7.899s][info][gc] GC(46) Pause Young (Normal) (G1 Evacuation Pause) 419M->125M(544M) 2.172ms
[8.183s][info][gc] GC(47) Pause Young (Normal) (G1 Evacuation Pause) 421M->129M(544M) 2.194ms
[8.638s][info][gc] GC(48) Pause Young (Normal) (G1 Evacuation Pause) 425M->131M(544M) 2.096ms
[9.167s][info][gc] GC(49) Pause Young (Normal) (G1 Evacuation Pause) 427M->135M(544M) 2.110ms
[9.691s][info][gc] GC(50) Pause Young (Normal) (G1 Evacuation Pause) 427M->137M(544M) 2.161ms
[10.232s][info][gc] GC(51) Pause Young (Normal) (G1 Evacuation Pause) 433M->138M(544M) 2.081ms
[10.766s][info][gc] GC(52) Pause Young (Normal) (G1 Evacuation Pause) 434M->142M(544M) 2.100ms
[11.300s][info][gc] GC(53) Pause Young (Normal) (G1 Evacuation Pause) 438M->144M(544M) 2.074ms
[11.839s][info][gc] GC(54) Pause Young (Normal) (G1 Evacuation Pause) 440M->147M(544M) 2.106ms
[12.367s][info][gc] GC(55) Pause Young (Normal) (G1 Evacuation Pause) 443M->149M(544M) 2.102ms
[12.888s][info][gc] GC(56) Pause Young (Normal) (G1 Evacuation Pause) 445M->152M(544M) 2.101ms
[13.418s][info][gc] GC(57) Pause Young (Normal) (G1 Evacuation Pause) 448M->155M(544M) 2.099ms
[13.963s][info][gc] GC(58) Pause Young (Normal) (G1 Evacuation Pause) 455M->159M(544M) 1.924ms
[14.496s][info][gc] GC(59) Pause Young (Normal) (G1 Evacuation Pause) 455M->161M(544M) 2.152ms
[15.038s][info][gc] GC(60) Pause Young (Normal) (G1 Evacuation Pause) 457M->162M(544M) 2.175ms
[15.571s][info][gc] GC(61) Pause Young (Normal) (G1 Evacuation Pause) 458M->166M(544M) 2.040ms
[16.242s][info][gc] GC(62) Pause Young (Normal) (G1 Evacuation Pause) 462M->168M(544M) 2.238ms
[16.764s][info][gc] GC(63) Pause Young (Normal) (G1 Evacuation Pause) 464M->171M(544M) 2.104ms
[17.290s][info][gc] GC(64) Pause Young (Normal) (G1 Evacuation Pause) 467M->173M(544M) 1.989ms
[17.830s][info][gc] GC(65) Pause Young (Normal) (G1 Evacuation Pause) 469M->177M(544M) 2.025ms
[18.381s][info][gc] GC(66) Pause Young (Normal) (G1 Evacuation Pause) 473M->180M(544M) 2.184ms
[18.918s][info][gc] GC(67) Pause Young (Normal) (G1 Evacuation Pause) 476M->182M(544M) 2.019ms
[19.447s][info][gc] GC(68) Pause Young (Normal) (G1 Evacuation Pause) 474M->186M(544M) 2.090ms
[19.976s][info][gc] GC(69) Pause Young (Normal) (G1 Evacuation Pause) 478M->186M(544M) 2.085ms
[20.509s][info][gc] GC(70) Pause Young (Normal) (G1 Evacuation Pause) 482M->190M(544M) 2.234ms
[21.022s][info][gc] GC(71) Pause Young (Normal) (G1 Evacuation Pause) 474M->193M(544M) 2.205ms
[21.524s][info][gc] GC(72) Pause Young (Normal) (G1 Evacuation Pause) 477M->194M(544M) 1.980ms
[22.039s][info][gc] GC(73) Pause Young (Normal) (G1 Evacuation Pause) 482M->198M(544M) 1.842ms
[22.535s][info][gc] GC(74) Pause Young (Normal) (G1 Evacuation Pause) 482M->200M(544M) 1.836ms
[23.054s][info][gc] GC(75) Pause Young (Normal) (G1 Evacuation Pause) 484M->203M(544M) 1.773ms
[23.697s][info][gc] GC(76) Pause Young (Normal) (G1 Evacuation Pause) 483M->206M(544M) 1.958ms
[24.187s][info][gc] GC(77) Pause Young (Normal) (G1 Evacuation Pause) 474M->207M(544M) 1.880ms
[24.684s][info][gc] GC(78) Pause Young (Normal) (G1 Evacuation Pause) 483M->210M(544M) 1.937ms
[25.162s][info][gc] GC(79) Pause Young (Normal) (G1 Evacuation Pause) 482M->213M(544M) 2.044ms
[25.654s][info][gc] GC(80) Pause Young (Normal) (G1 Evacuation Pause) 481M->215M(544M) 1.906ms
[26.139s][info][gc] GC(81) Pause Young (Normal) (G1 Evacuation Pause) 483M->217M(544M) 1.843ms
[26.615s][info][gc] GC(82) Pause Young (Normal) (G1 Evacuation Pause) 481M->220M(544M) 1.879ms
[27.083s][info][gc] GC(83) Pause Young (Normal) (G1 Evacuation Pause) 480M->221M(544M) 1.852ms
[27.561s][info][gc] GC(84) Pause Young (Normal) (G1 Evacuation Pause) 485M->224M(544M) 1.858ms
[28.030s][info][gc] GC(85) Pause Young (Normal) (G1 Evacuation Pause) 484M->226M(544M) 1.575ms
[28.479s][info][gc] GC(86) Pause Young (Normal) (G1 Evacuation Pause) 478M->227M(544M) 1.757ms
[28.950s][info][gc] GC(87) Pause Young (Normal) (G1 Evacuation Pause) 479M->231M(544M) 2.015ms
[29.408s][info][gc] GC(88) Pause Young (Normal) (G1 Evacuation Pause) 479M->233M(544M) 1.623ms
[29.860s][info][gc] GC(89) Pause Young (Normal) (G1 Evacuation Pause) 481M->235M(544M) 1.698ms
[30.304s][info][gc] GC(90) Pause Young (Normal) (G1 Evacuation Pause) 479M->236M(544M) 1.568ms
[30.871s][info][gc] GC(91) Pause Young (Normal) (G1 Evacuation Pause) 488M->242M(544M) 1.970ms
[30.994s][info][gc] GC(92) Pause Young (Normal) (G1 Evacuation Pause) 482M->246M(544M) 2.146ms
[31.104s][info][gc] GC(93) Pause Young (Normal) (G1 Evacuation Pause) 482M->248M(544M) 1.936ms
[31.222s][info][gc] GC(94) Pause Young (Normal) (G1 Evacuation Pause) 480M->250M(544M) 1.831ms
[31.328s][info][gc] GC(95) Pause Young (Normal) (G1 Evacuation Pause) 478M->251M(544M) 1.819ms
[31.448s][info][gc] GC(96) Pause Young (Normal) (G1 Evacuation Pause) 487M->254M(544M) 1.930ms
[31.559s][info][gc] GC(97) Pause Young (Normal) (G1 Evacuation Pause) 486M->255M(544M) 1.936ms
[31.676s][info][gc] GC(98) Pause Young (Normal) (G1 Evacuation Pause) 487M->257M(544M) 1.945ms
[31.782s][info][gc] GC(99) Pause Young (Normal) (G1 Evacuation Pause) 485M->260M(544M) 1.547ms
[31.889s][info][gc] GC(100) Pause Young (Normal) (G1 Evacuation Pause) 488M->260M(544M) 1.510ms
[32.003s][info][gc] GC(101) Pause Young (Concurrent Start) (G1 Evacuation Pause) 484M->263M(544M) 1.606ms
[32.003s][info][gc] GC(102) Concurrent Mark Cycle
[32.010s][info][gc] GC(102) Pause Remark 277M->97M(308M) 1.155ms
[32.013s][info][gc] GC(102) Pause Cleanup 100M->100M(308M) 0.048ms
[32.013s][info][gc] GC(102) Concurrent Mark Cycle 10.647ms
[32.110s][info][gc] GC(103) Pause Young (Prepare Mixed) (G1 Evacuation Pause) 299M->84M(332M) 2.153ms
[32.192s][info][gc] GC(104) Pause Young (Mixed) (G1 Evacuation Pause) 260M->58M(332M) 1.704ms
[32.275s][info][gc] GC(105) Pause Young (Normal) (G1 Evacuation Pause) 234M->59M(332M) 1.395ms
[32.363s][info][gc] GC(106) Pause Young (Normal) (G1 Evacuation Pause) 239M->60M(400M) 1.380ms
[32.476s][info][gc] GC(107) Pause Young (Normal) (G1 Evacuation Pause) 284M->63M(400M) 1.603ms
[32.578s][info][gc] GC(108) Pause Young (Normal) (G1 Evacuation Pause) 283M->64M(400M) 1.777ms
[32.688s][info][gc] GC(109) Pause Young (Normal) (G1 Evacuation Pause) 284M->66M(400M) 1.581ms
[32.791s][info][gc] GC(110) Pause Young (Normal) (G1 Evacuation Pause) 286M->68M(480M) 1.727ms
[32.923s][info][gc] GC(111) Pause Young (Normal) (G1 Evacuation Pause) 336M->71M(480M) 1.756ms
[33.046s][info][gc] GC(112) Pause Young (Normal) (G1 Evacuation Pause) 335M->73M(480M) 1.863ms
[33.173s][info][gc] GC(113) Pause Young (Normal) (G1 Evacuation Pause) 337M->76M(480M) 1.811ms
[33.302s][info][gc] GC(114) Pause Young (Normal) (G1 Evacuation Pause) 340M->77M(480M) 1.678ms
[33.430s][info][gc] GC(115) Pause Young (Normal) (G1 Evacuation Pause) 345M->81M(480M) 1.688ms
[33.559s][info][gc] GC(116) Pause Young (Normal) (G1 Evacuation Pause) 345M->82M(480M) 1.795ms
[33.683s][info][gc] GC(117) Pause Young (Normal) (G1 Evacuation Pause) 346M->83M(480M) 1.802ms
[33.811s][info][gc] GC(118) Pause Young (Normal) (G1 Evacuation Pause) 347M->86M(480M) 1.948ms
[33.942s][info][gc] GC(119) Pause Young (Normal) (G1 Evacuation Pause) 350M->88M(480M) 1.804ms
[34.063s][info][gc] GC(120) Pause Young (Normal) (G1 Evacuation Pause) 352M->90M(480M) 1.866ms
[34.196s][info][gc] GC(121) Pause Young (Normal) (G1 Evacuation Pause) 358M->94M(480M) 1.743ms
[34.326s][info][gc] GC(122) Pause Young (Normal) (G1 Evacuation Pause) 358M->95M(480M) 1.753ms
[34.448s][info][gc] GC(123) Pause Young (Normal) (G1 Evacuation Pause) 359M->97M(480M) 1.861ms
[34.581s][info][gc] GC(124) Pause Young (Normal) (G1 Evacuation Pause) 361M->101M(480M) 1.758ms
[34.707s][info][gc] GC(125) Pause Young (Normal) (G1 Evacuation Pause) 365M->102M(480M) 1.843ms
[35.025s][info][gc] GC(126) Pause Young (Normal) (G1 Evacuation Pause) 366M->105M(480M) 1.832ms
[35.268s][info][gc] GC(127) Pause Young (Normal) (G1 Evacuation Pause) 369M->106M(480M) 1.919ms
[35.521s][info][gc] GC(128) Pause Young (Normal) (G1 Evacuation Pause) 370M->109M(480M) 1.881ms
[35.764s][info][gc] GC(129) Pause Young (Normal) (G1 Evacuation Pause) 373M->110M(480M) 1.787ms
[36.010s][info][gc] GC(130) Pause Young (Normal) (G1 Evacuation Pause) 378M->113M(480M) 1.992ms
[36.265s][info][gc] GC(131) Pause Young (Normal) (G1 Evacuation Pause) 381M->115M(480M) 1.817ms
[36.514s][info][gc] GC(132) Pause Young (Normal) (G1 Evacuation Pause) 383M->118M(480M) 1.829ms
[36.758s][info][gc] GC(133) Pause Young (Normal) (G1 Evacuation Pause) 382M->120M(480M) 1.942ms
[37.008s][info][gc] GC(134) Pause Young (Normal) (G1 Evacuation Pause) 384M->123M(480M) 1.803ms
[37.259s][info][gc] GC(135) Pause Young (Normal) (G1 Evacuation Pause) 391M->125M(480M) 1.810ms
[37.501s][info][gc] GC(136) Pause Young (Normal) (G1 Evacuation Pause) 389M->127M(480M) 1.839ms
[37.750s][info][gc] GC(137) Pause Young (Normal) (G1 Evacuation Pause) 391M->129M(480M) 1.779ms
[37.996s][info][gc] GC(138) Pause Young (Normal) (G1 Evacuation Pause) 393M->132M(480M) 1.766ms
[38.242s][info][gc] GC(139) Pause Young (Normal) (G1 Evacuation Pause) 396M->133M(480M) 1.746ms
[38.490s][info][gc] GC(140) Pause Young (Normal) (G1 Evacuation Pause) 397M->137M(480M) 1.801ms
[38.845s][info][gc] GC(141) Pause Young (Normal) (G1 Evacuation Pause) 401M->137M(480M) 1.587ms
[39.160s][info][gc] GC(142) Pause Young (Normal) (G1 Evacuation Pause) 401M->143M(480M) 2.168ms
[39.412s][info][gc] GC(143) Pause Young (Normal) (G1 Evacuation Pause) 407M->145M(480M) 2.097ms
[39.662s][info][gc] GC(144) Pause Young (Normal) (G1 Evacuation Pause) 409M->146M(480M) 1.793ms
[39.913s][info][gc] GC(145) Pause Young (Normal) (G1 Evacuation Pause) 410M->148M(480M) 1.870ms
[40.164s][info][gc] GC(146) Pause Young (Normal) (G1 Evacuation Pause) 412M->151M(480M) 1.765ms
[40.411s][info][gc] GC(147) Pause Young (Normal) (G1 Evacuation Pause) 415M->154M(480M) 1.972ms
[40.660s][info][gc] GC(148) Pause Young (Normal) (G1 Evacuation Pause) 418M->156M(480M) 2.104ms
[40.916s][info][gc] GC(149) Pause Young (Normal) (G1 Evacuation Pause) 420M->157M(480M) 1.965ms
[41.155s][info][gc] GC(150) Pause Young (Normal) (G1 Evacuation Pause) 421M->160M(480M) 1.870ms
[41.401s][info][gc] GC(151) Pause Young (Normal) (G1 Evacuation Pause) 428M->162M(480M) 1.667ms
[41.652s][info][gc] GC(152) Pause Young (Normal) (G1 Evacuation Pause) 422M->164M(480M) 1.766ms
[41.893s][info][gc] GC(153) Pause Young (Normal) (G1 Evacuation Pause) 420M->169M(480M) 1.809ms
[42.135s][info][gc] GC(154) Pause Young (Normal) (G1 Evacuation Pause) 425M->171M(480M) 1.858ms
[42.370s][info][gc] GC(155) Pause Young (Normal) (G1 Evacuation Pause) 423M->171M(480M) 1.691ms
[42.603s][info][gc] GC(156) Pause Young (Normal) (G1 Evacuation Pause) 423M->174M(480M) 1.704ms
[43.012s][info][gc] GC(157) Pause Young (Normal) (G1 Evacuation Pause) 422M->177M(480M) 1.895ms
[43.245s][info][gc] GC(158) Pause Young (Normal) (G1 Evacuation Pause) 425M->179M(480M) 1.896ms
[43.472s][info][gc] GC(159) Pause Young (Normal) (G1 Evacuation Pause) 423M->181M(480M) 1.834ms
[43.698s][info][gc] GC(160) Pause Young (Normal) (G1 Evacuation Pause) 421M->183M(480M) 1.825ms
[43.924s][info][gc] GC(161) Pause Young (Normal) (G1 Evacuation Pause) 423M->184M(480M) 1.807ms
[44.146s][info][gc] GC(162) Pause Young (Normal) (G1 Evacuation Pause) 420M->186M(480M) 1.965ms
[44.365s][info][gc] GC(163) Pause Young (Normal) (G1 Evacuation Pause) 422M->189M(480M) 1.786ms
[44.579s][info][gc] GC(164) Pause Young (Normal) (G1 Evacuation Pause) 421M->191M(480M) 1.684ms
[44.801s][info][gc] GC(165) Pause Young (Normal) (G1 Evacuation Pause) 427M->193M(480M) 1.800ms
[45.019s][info][gc] GC(166) Pause Young (Normal) (G1 Evacuation Pause) 425M->195M(480M) 1.717ms
[45.230s][info][gc] GC(167) Pause Young (Normal) (G1 Evacuation Pause) 427M->196M(480M) 1.548ms
[45.450s][info][gc] GC(168) Pause Young (Normal) (G1 Evacuation Pause) 428M->198M(480M) 1.622ms
[45.660s][info][gc] GC(169) Pause Young (Normal) (G1 Evacuation Pause) 426M->200M(480M) 1.614ms
[45.870s][info][gc] GC(170) Pause Young (Normal) (G1 Evacuation Pause) 428M->202M(480M) 1.565ms
[46.077s][info][gc] GC(171) Pause Young (Normal) (G1 Evacuation Pause) 426M->204M(480M) 1.600ms
[46.278s][info][gc] GC(172) Pause Young (Normal) (G1 Evacuation Pause) 428M->207M(480M) 1.616ms
[46.487s][info][gc] GC(173) Pause Young (Normal) (G1 Evacuation Pause) 427M->208M(480M) 1.753ms
[46.858s][info][gc] GC(174) Pause Young (Normal) (G1 Evacuation Pause) 428M->209M(480M) 1.531ms
[47.062s][info][gc] GC(175) Pause Young (Normal) (G1 Evacuation Pause) 425M->212M(480M) 1.619ms
[47.266s][info][gc] GC(176) Pause Young (Normal) (G1 Evacuation Pause) 428M->215M(480M) 1.912ms
[47.459s][info][gc] GC(177) Pause Young (Normal) (G1 Evacuation Pause) 427M->216M(480M) 1.617ms
[47.660s][info][gc] GC(178) Pause Young (Normal) (G1 Evacuation Pause) 428M->218M(480M) 1.644ms
[47.856s][info][gc] GC(179) Pause Young (Normal) (G1 Evacuation Pause) 426M->220M(480M) 1.664ms
[48.048s][info][gc] GC(180) Pause Young (Normal) (G1 Evacuation Pause) 428M->221M(480M) 1.538ms
[48.243s][info][gc] GC(181) Pause Young (Normal) (G1 Evacuation Pause) 425M->223M(480M) 1.769ms
[48.428s][info][gc] GC(182) Pause Young (Normal) (G1 Evacuation Pause) 423M->225M(480M) 1.499ms
[48.627s][info][gc] GC(183) Pause Young (Normal) (G1 Evacuation Pause) 433M->227M(480M) 1.365ms
[48.810s][info][gc] GC(184) Pause Young (Concurrent Start) (G1 Evacuation Pause) 431M->229M(480M) 1.449ms
[48.810s][info][gc] GC(185) Concurrent Mark Cycle
[48.815s][info][gc] GC(185) Pause Remark 233M->87M(296M) 0.707ms
[48.817s][info][gc] GC(185) Pause Cleanup 89M->89M(296M) 0.049ms
[48.817s][info][gc] GC(185) Concurrent Mark Cycle 7.040ms
[49.008s][info][gc] GC(186) Pause Young (Prepare Mixed) (G1 Evacuation Pause) 287M->85M(312M) 1.805ms
[49.163s][info][gc] GC(187) Pause Young (Mixed) (G1 Evacuation Pause) 249M->56M(312M) 1.665ms
[49.317s][info][gc] GC(188) Pause Young (Normal) (G1 Evacuation Pause) 224M->57M(312M) 1.325ms
[49.472s][info][gc] GC(189) Pause Young (Normal) (G1 Evacuation Pause) 225M->59M(312M) 1.282ms
[49.627s][info][gc] GC(190) Pause Young (Normal) (G1 Evacuation Pause) 227M->60M(312M) 1.319ms
[49.787s][info][gc] GC(191) Pause Young (Normal) (G1 Evacuation Pause) 228M->61M(312M) 1.343ms
[49.954s][info][gc] GC(192) Pause Young (Normal) (G1 Evacuation Pause) 229M->63M(312M) 1.539ms
[50.117s][info][gc] GC(193) Pause Young (Normal) (G1 Evacuation Pause) 231M->64M(312M) 1.527ms
[50.280s][info][gc] GC(194) Pause Young (Normal) (G1 Evacuation Pause) 232M->66M(312M) 1.307ms
[50.439s][info][gc] GC(195) Pause Young (Normal) (G1 Evacuation Pause) 234M->67M(312M) 1.470ms
[50.591s][info][gc] GC(196) Pause Young (Normal) (G1 Evacuation Pause) 235M->68M(312M) 1.352ms
[50.899s][info][gc] GC(197) Pause Young (Normal) (G1 Evacuation Pause) 236M->75M(312M) 2.290ms
[50.958s][info][gc] GC(198) Pause Young (Normal) (G1 Evacuation Pause) 239M->76M(312M) 1.629ms
[51.027s][info][gc] GC(199) Pause Young (Normal) (G1 Evacuation Pause) 244M->78M(312M) 1.499ms
[51.096s][info][gc] GC(200) Pause Young (Normal) (G1 Evacuation Pause) 246M->79M(312M) 1.790ms
[51.159s][info][gc] GC(201) Pause Young (Normal) (G1 Evacuation Pause) 247M->80M(312M) 1.699ms
[51.224s][info][gc] GC(202) Pause Young (Normal) (G1 Evacuation Pause) 248M->82M(376M) 1.752ms
[51.312s][info][gc] GC(203) Pause Young (Normal) (G1 Evacuation Pause) 290M->84M(376M) 1.659ms
[51.386s][info][gc] GC(204) Pause Young (Normal) (G1 Evacuation Pause) 288M->86M(376M) 1.859ms
[51.462s][info][gc] GC(205) Pause Young (Normal) (G1 Evacuation Pause) 294M->87M(376M) 1.444ms
[51.534s][info][gc] GC(206) Pause Young (Normal) (G1 Evacuation Pause) 295M->89M(452M) 1.625ms
[51.627s][info][gc] GC(207) Pause Young (Normal) (G1 Evacuation Pause) 337M->91M(452M) 1.793ms
[51.717s][info][gc] GC(208) Pause Young (Normal) (G1 Evacuation Pause) 339M->94M(452M) 1.716ms
[51.805s][info][gc] GC(209) Pause Young (Normal) (G1 Evacuation Pause) 338M->95M(452M) 1.951ms
[51.891s][info][gc] GC(210) Pause Young (Normal) (G1 Evacuation Pause) 339M->97M(544M) 1.880ms
[52.000s][info][gc] GC(211) Pause Young (Normal) (G1 Evacuation Pause) 397M->100M(544M) 1.967ms
[52.108s][info][gc] GC(212) Pause Young (Normal) (G1 Evacuation Pause) 400M->103M(544M) 1.985ms
[52.214s][info][gc] GC(213) Pause Young (Normal) (G1 Evacuation Pause) 399M->106M(544M) 2.061ms
[52.321s][info][gc] GC(214) Pause Young (Normal) (G1 Evacuation Pause) 402M->107M(544M) 2.048ms
[52.430s][info][gc] GC(215) Pause Young (Normal) (G1 Evacuation Pause) 403M->110M(544M) 2.098ms
[52.537s][info][gc] GC(216) Pause Young (Normal) (G1 Evacuation Pause) 406M->113M(656M) 2.346ms
[52.672s][info][gc] GC(217) Pause Young (Normal) (G1 Evacuation Pause) 477M->116M(656M) 2.266ms
[52.802s][info][gc] GC(218) Pause Young (Normal) (G1 Evacuation Pause) 476M->118M(656M) 2.634ms
[52.933s][info][gc] GC(219) Pause Young (Normal) (G1 Evacuation Pause) 478M->122M(656M) 2.564ms
[53.061s][info][gc] GC(220) Pause Young (Normal) (G1 Evacuation Pause) 482M->126M(656M) 2.338ms
[53.191s][info][gc] GC(221) Pause Young (Normal) (G1 Evacuation Pause) 486M->128M(656M) 2.308ms
[53.319s][info][gc] GC(222) Pause Young (Normal) (G1 Evacuation Pause) 488M->132M(656M) 2.420ms
[53.450s][info][gc] GC(223) Pause Young (Normal) (G1 Evacuation Pause) 492M->134M(656M) 2.374ms
[53.579s][info][gc] GC(224) Pause Young (Normal) (G1 Evacuation Pause) 494M->137M(656M) 2.421ms
[53.707s][info][gc] GC(225) Pause Young (Normal) (G1 Evacuation Pause) 497M->139M(656M) 2.386ms
[53.839s][info][gc] GC(226) Pause Young (Normal) (G1 Evacuation Pause) 503M->143M(656M) 2.249ms
[53.966s][info][gc] GC(227) Pause Young (Normal) (G1 Evacuation Pause) 503M->146M(656M) 2.586ms
[54.098s][info][gc] GC(228) Pause Young (Normal) (G1 Evacuation Pause) 506M->149M(656M) 2.503ms
[54.227s][info][gc] GC(229) Pause Young (Normal) (G1 Evacuation Pause) 509M->151M(656M) 2.379ms
[54.359s][info][gc] GC(230) Pause Young (Normal) (G1 Evacuation Pause) 515M->155M(656M) 2.192ms
[54.490s][info][gc] GC(231) Pause Young (Normal) (G1 Evacuation Pause) 515M->158M(656M) 2.376ms
[54.618s][info][gc] GC(232) Pause Young (Normal) (G1 Evacuation Pause) 518M->162M(656M) 2.481ms
[54.746s][info][gc] GC(233) Pause Young (Normal) (G1 Evacuation Pause) 522M->165M(656M) 2.379ms
[54.877s][info][gc] GC(234) Pause Young (Normal) (G1 Evacuation Pause) 525M->169M(656M) 2.392ms
[55.001s][info][gc] GC(235) Pause Young (Normal) (G1 Evacuation Pause) 525M->170M(656M) 2.522ms
[55.133s][info][gc] GC(236) Pause Young (Normal) (G1 Evacuation Pause) 530M->175M(656M) 2.406ms
[55.263s][info][gc] GC(237) Pause Young (Normal) (G1 Evacuation Pause) 531M->175M(656M) 2.251ms
[55.653s][info][gc] GC(238) Pause Young (Normal) (G1 Evacuation Pause) 535M->180M(656M) 2.540ms
[55.885s][info][gc] GC(239) Pause Young (Normal) (G1 Evacuation Pause) 540M->183M(656M) 2.396ms
[56.113s][info][gc] GC(240) Pause Young (Normal) (G1 Evacuation Pause) 543M->187M(656M) 2.416ms
[56.340s][info][gc] GC(241) Pause Young (Normal) (G1 Evacuation Pause) 547M->190M(656M) 2.650ms
[56.570s][info][gc] GC(242) Pause Young (Normal) (G1 Evacuation Pause) 550M->193M(656M) 2.562ms
[56.800s][info][gc] GC(243) Pause Young (Normal) (G1 Evacuation Pause) 553M->196M(656M) 2.361ms
[57.026s][info][gc] GC(244) Pause Young (Normal) (G1 Evacuation Pause) 556M->199M(656M) 2.439ms
[57.254s][info][gc] GC(245) Pause Young (Normal) (G1 Evacuation Pause) 559M->202M(656M) 2.544ms
[57.483s][info][gc] GC(246) Pause Young (Normal) (G1 Evacuation Pause) 562M->204M(656M) 2.419ms
[57.714s][info][gc] GC(247) Pause Young (Normal) (G1 Evacuation Pause) 564M->208M(656M) 2.349ms
[57.943s][info][gc] GC(248) Pause Young (Normal) (G1 Evacuation Pause) 568M->212M(656M) 2.431ms
[58.409s][info][gc] GC(249) Pause Young (Normal) (G1 Evacuation Pause) 572M->215M(656M) 2.307ms
[58.635s][info][gc] GC(250) Pause Young (Normal) (G1 Evacuation Pause) 575M->219M(656M) 2.375ms
[58.864s][info][gc] GC(251) Pause Young (Normal) (G1 Evacuation Pause) 579M->223M(656M) 2.386ms
[59.095s][info][gc] GC(252) Pause Young (Normal) (G1 Evacuation Pause) 583M->226M(656M) 2.352ms
[59.317s][info][gc] GC(253) Pause Young (Normal) (G1 Evacuation Pause) 582M->226M(656M) 2.424ms
[59.536s][info][gc] GC(254) Pause Young (Normal) (G1 Evacuation Pause) 578M->232M(656M) 2.585ms
[59.757s][info][gc] GC(255) Pause Young (Normal) (G1 Evacuation Pause) 580M->233M(656M) 2.286ms
[59.983s][info][gc] GC(256) Pause Young (Normal) (G1 Evacuation Pause) 585M->239M(656M) 2.283ms
[60.200s][info][gc] GC(257) Pause Young (Normal) (G1 Evacuation Pause) 579M->240M(656M) 2.329ms
[60.419s][info][gc] GC(258) Pause Young (Normal) (G1 Evacuation Pause) 584M->244M(656M) 2.371ms
[60.629s][info][gc] GC(259) Pause Young (Normal) (G1 Evacuation Pause) 584M->245M(656M) 2.099ms
[60.839s][info][gc] GC(260) Pause Young (Normal) (G1 Evacuation Pause) 577M->248M(656M) 2.427ms
[61.259s][info][gc] GC(261) Pause Young (Normal) (G1 Evacuation Pause) 576M->251M(656M) 2.325ms
[61.477s][info][gc] GC(262) Pause Young (Normal) (G1 Evacuation Pause) 587M->255M(656M) 2.241ms
[61.686s][info][gc] GC(263) Pause Young (Normal) (G1 Evacuation Pause) 579M->259M(656M) 2.258ms
[61.890s][info][gc] GC(264) Pause Young (Normal) (G1 Evacuation Pause) 579M->260M(656M) 2.392ms
[62.091s][info][gc] GC(265) Pause Young (Normal) (G1 Evacuation Pause) 584M->264M(656M) 2.269ms
[62.297s][info][gc] GC(266) Pause Young (Normal) (G1 Evacuation Pause) 584M->267M(656M) 2.097ms
[62.496s][info][gc] GC(267) Pause Young (Normal) (G1 Evacuation Pause) 583M->269M(656M) 2.170ms
[62.695s][info][gc] GC(268) Pause Young (Normal) (G1 Evacuation Pause) 581M->272M(656M) 2.378ms
[62.889s][info][gc] GC(269) Pause Young (Normal) (G1 Evacuation Pause) 584M->274M(656M) 2.131ms
[63.087s][info][gc] GC(270) Pause Young (Normal) (G1 Evacuation Pause) 590M->278M(656M) 2.079ms
[63.285s][info][gc] GC(271) Pause Young (Normal) (G1 Evacuation Pause) 586M->281M(656M) 2.056ms
[63.478s][info][gc] GC(272) Pause Young (Normal) (G1 Evacuation Pause) 585M->281M(656M) 2.047ms
[63.791s][info][gc] GC(273) Pause Young (Normal) (G1 Evacuation Pause) 581M->284M(656M) 2.001ms
[64.011s][info][gc] GC(274) Pause Young (Normal) (G1 Evacuation Pause) 584M->293M(656M) 2.369ms
[64.110s][info][gc] GC(275) Pause Young (Normal) (G1 Evacuation Pause) 581M->295M(656M) 2.395ms
[64.212s][info][gc] GC(276) Pause Young (Normal) (G1 Evacuation Pause) 587M->297M(656M) 2.019ms
[64.317s][info][gc] GC(277) Pause Young (Normal) (G1 Evacuation Pause) 589M->298M(656M) 2.008ms
[64.422s][info][gc] GC(278) Pause Young (Normal) (G1 Evacuation Pause) 590M->303M(656M) 2.330ms
[64.523s][info][gc] GC(279) Pause Young (Normal) (G1 Evacuation Pause) 583M->304M(656M) 2.599ms
[64.636s][info][gc] GC(280) Pause Young (Normal) (G1 Evacuation Pause) 588M->306M(656M) 2.389ms
[64.755s][info][gc] GC(281) Pause Young (Normal) (G1 Evacuation Pause) 590M->308M(656M) 3.512ms
[64.874s][info][gc] GC(282) Pause Young (Concurrent Start) (G1 Evacuation Pause) 592M->311M(656M) 2.654ms
[64.874s][info][gc] GC(283) Concurrent Mark Cycle
[64.884s][info][gc] GC(283) Pause Remark 330M->127M(388M) 0.526ms
[64.887s][info][gc] GC(283) Pause Cleanup 132M->132M(388M) 0.086ms
[64.887s][info][gc] GC(283) Concurrent Mark Cycle 13.347ms
[64.988s][info][gc] GC(284) Pause Young (Prepare Mixed) (G1 Evacuation Pause) 380M->112M(504M) 2.875ms
[65.094s][info][gc] GC(285) Pause Young (Mixed) (G1 Evacuation Pause) 384M->75M(504M) 2.283ms
[65.195s][info][gc] GC(286) Pause Young (Normal) (G1 Evacuation Pause) 351M->78M(504M) 2.120ms
[65.294s][info][gc] GC(287) Pause Young (Normal) (G1 Evacuation Pause) 354M->80M(504M) 1.861ms
[65.396s][info][gc] GC(288) Pause Young (Normal) (G1 Evacuation Pause) 356M->82M(608M) 1.944ms
[65.521s][info][gc] GC(289) Pause Young (Normal) (G1 Evacuation Pause) 422M->85M(608M) 2.333ms
[65.643s][info][gc] GC(290) Pause Young (Normal) (G1 Evacuation Pause) 421M->89M(608M) 2.246ms
[65.761s][info][gc] GC(291) Pause Young (Normal) (G1 Evacuation Pause) 421M->92M(608M) 2.224ms
[65.883s][info][gc] GC(292) Pause Young (Normal) (G1 Evacuation Pause) 424M->94M(608M) 2.173ms
[66.005s][info][gc] GC(293) Pause Young (Normal) (G1 Evacuation Pause) 426M->96M(608M) 2.248ms
[66.120s][info][gc] GC(294) Pause Young (Normal) (G1 Evacuation Pause) 432M->99M(608M) 2.170ms
[66.243s][info][gc] GC(295) Pause Young (Normal) (G1 Evacuation Pause) 435M->101M(608M) 2.207ms
[66.365s][info][gc] GC(296) Pause Young (Normal) (G1 Evacuation Pause) 437M->106M(608M) 2.276ms
[66.486s][info][gc] GC(297) Pause Young (Normal) (G1 Evacuation Pause) 438M->109M(608M) 2.352ms
[66.604s][info][gc] GC(298) Pause Young (Normal) (G1 Evacuation Pause) 441M->111M(608M) 2.335ms
[66.725s][info][gc] GC(299) Pause Young (Normal) (G1 Evacuation Pause) 447M->112M(608M) 2.100ms
[66.847s][info][gc] GC(300) Pause Young (Normal) (G1 Evacuation Pause) 444M->117M(608M) 2.263ms
[66.963s][info][gc] GC(301) Pause Young (Normal) (G1 Evacuation Pause) 449M->119M(608M) 2.253ms
[67.083s][info][gc] GC(302) Pause Young (Normal) (G1 Evacuation Pause) 455M->120M(608M) 2.066ms
[67.203s][info][gc] GC(303) Pause Young (Normal) (G1 Evacuation Pause) 456M->124M(608M) 2.377ms
[67.319s][info][gc] GC(304) Pause Young (Normal) (G1 Evacuation Pause) 456M->127M(608M) 2.350ms
[67.442s][info][gc] GC(305) Pause Young (Normal) (G1 Evacuation Pause) 463M->130M(608M) 2.191ms
[67.562s][info][gc] GC(306) Pause Young (Normal) (G1 Evacuation Pause) 462M->132M(608M) 2.301ms
[67.683s][info][gc] GC(307) Pause Young (Normal) (G1 Evacuation Pause) 468M->135M(608M) 2.153ms
[67.805s][info][gc] GC(308) Pause Young (Normal) (G1 Evacuation Pause) 471M->137M(608M) 2.235ms
[67.923s][info][gc] GC(309) Pause Young (Normal) (G1 Evacuation Pause) 469M->142M(608M) 2.377ms
[68.042s][info][gc] GC(310) Pause Young (Normal) (G1 Evacuation Pause) 478M->144M(608M) 2.260ms
[68.165s][info][gc] GC(311) Pause Young (Normal) (G1 Evacuation Pause) 480M->145M(608M) 2.202ms
[68.287s][info][gc] GC(312) Pause Young (Normal) (G1 Evacuation Pause) 477M->148M(608M) 2.455ms
[68.652s][info][gc] GC(313) Pause Young (Normal) (G1 Evacuation Pause) 484M->153M(608M) 2.138ms
[68.813s][info][gc] GC(314) Pause Young (Normal) (G1 Evacuation Pause) 485M->156M(608M) 2.341ms
[68.974s][info][gc] GC(315) Pause Young (Normal) (G1 Evacuation Pause) 492M->159M(608M) 2.297ms
[69.134s][info][gc] GC(316) Pause Young (Normal) (G1 Evacuation Pause) 495M->160M(608M) 2.219ms
[69.295s][info][gc] GC(317) Pause Young (Normal) (G1 Evacuation Pause) 496M->164M(608M) 2.179ms
[69.467s][info][gc] GC(318) Pause Young (Normal) (G1 Evacuation Pause) 500M->167M(608M) 2.402ms
[69.628s][info][gc] GC(319) Pause Young (Normal) (G1 Evacuation Pause) 499M->170M(608M) 2.412ms
[69.786s][info][gc] GC(320) Pause Young (Normal) (G1 Evacuation Pause) 506M->173M(608M) 2.407ms
[69.949s][info][gc] GC(321) Pause Young (Normal) (G1 Evacuation Pause) 509M->175M(608M) 2.286ms
[70.112s][info][gc] GC(322) Pause Young (Normal) (G1 Evacuation Pause) 511M->179M(608M) 2.136ms
[70.271s][info][gc] GC(323) Pause Young (Normal) (G1 Evacuation Pause) 511M->182M(608M) 2.520ms
[70.433s][info][gc] GC(324) Pause Young (Normal) (G1 Evacuation Pause) 514M->184M(608M) 2.266ms
[70.796s][info][gc] GC(325) Pause Young (Normal) (G1 Evacuation Pause) 520M->189M(608M) 2.606ms
[70.959s][info][gc] GC(326) Pause Young (Normal) (G1 Evacuation Pause) 521M->191M(608M) 2.295ms
[71.119s][info][gc] GC(327) Pause Young (Normal) (G1 Evacuation Pause) 523M->194M(608M) 2.522ms
[71.283s][info][gc] GC(328) Pause Young (Normal) (G1 Evacuation Pause) 526M->196M(608M) 2.532ms
[71.443s][info][gc] GC(329) Pause Young (Normal) (G1 Evacuation Pause) 528M->200M(608M) 2.584ms
[71.605s][info][gc] GC(330) Pause Young (Normal) (G1 Evacuation Pause) 532M->202M(608M) 2.996ms
[71.770s][info][gc] GC(331) Pause Young (Normal) (G1 Evacuation Pause) 530M->204M(608M) 3.251ms
[71.927s][info][gc] GC(332) Pause Young (Normal) (G1 Evacuation Pause) 532M->208M(608M) 2.543ms
[72.084s][info][gc] GC(333) Pause Young (Normal) (G1 Evacuation Pause) 532M->211M(608M) 2.230ms
[72.237s][info][gc] GC(334) Pause Young (Normal) (G1 Evacuation Pause) 531M->214M(608M) 2.569ms
[72.391s][info][gc] GC(335) Pause Young (Normal) (G1 Evacuation Pause) 538M->216M(608M) 2.062ms
[72.543s][info][gc] GC(336) Pause Young (Normal) (G1 Evacuation Pause) 536M->219M(608M) 2.119ms
[72.695s][info][gc] GC(337) Pause Young (Normal) (G1 Evacuation Pause) 535M->221M(608M) 2.115ms
[73.043s][info][gc] GC(338) Pause Young (Normal) (G1 Evacuation Pause) 533M->226M(608M) 2.098ms
[73.193s][info][gc] GC(339) Pause Young (Normal) (G1 Evacuation Pause) 538M->228M(608M) 2.251ms
[73.343s][info][gc] GC(340) Pause Young (Concurrent Start) (G1 Evacuation Pause) 536M->231M(608M) 2.202ms
[73.344s][info][gc] GC(341) Concurrent Mark Cycle
[73.352s][info][gc] GC(341) Pause Remark 254M->122M(360M) 0.453ms
[73.355s][info][gc] GC(341) Pause Cleanup 127M->127M(360M) 0.046ms
[73.356s][info][gc] GC(341) Concurrent Mark Cycle 12.099ms
[73.461s][info][gc] GC(342) Pause Young (Prepare Mixed) (G1 Evacuation Pause) 351M->100M(388M) 2.482ms
[73.569s][info][gc] GC(343) Pause Young (Mixed) (G1 Evacuation Pause) 308M->77M(388M) 2.326ms
[73.670s][info][gc] GC(344) Pause Young (Normal) (G1 Evacuation Pause) 289M->77M(388M) 1.644ms
[73.769s][info][gc] GC(345) Pause Young (Normal) (G1 Evacuation Pause) 289M->79M(468M) 1.645ms
[73.897s][info][gc] GC(346) Pause Young (Normal) (G1 Evacuation Pause) 339M->82M(468M) 1.969ms
[74.022s][info][gc] GC(347) Pause Young (Normal) (G1 Evacuation Pause) 338M->83M(468M) 1.983ms
[74.147s][info][gc] GC(348) Pause Young (Normal) (G1 Evacuation Pause) 343M->86M(468M) 1.792ms
[74.269s][info][gc] GC(349) Pause Young (Normal) (G1 Evacuation Pause) 342M->87M(468M) 1.891ms
[74.389s][info][gc] GC(350) Pause Young (Normal) (G1 Evacuation Pause) 343M->89M(468M) 1.895ms
[74.516s][info][gc] GC(351) Pause Young (Normal) (G1 Evacuation Pause) 345M->93M(468M) 1.872ms
[74.643s][info][gc] GC(352) Pause Young (Normal) (G1 Evacuation Pause) 349M->94M(468M) 1.735ms
[74.764s][info][gc] GC(353) Pause Young (Normal) (G1 Evacuation Pause) 350M->97M(468M) 1.814ms
[75.080s][info][gc] GC(354) Pause Young (Normal) (G1 Evacuation Pause) 353M->99M(468M) 1.946ms
[75.175s][info][gc] GC(355) Pause Young (Normal) (G1 Evacuation Pause) 355M->103M(468M) 2.104ms
[75.269s][info][gc] GC(356) Pause Young (Normal) (G1 Evacuation Pause) 359M->107M(468M) 2.136ms
[75.364s][info][gc] GC(357) Pause Young (Normal) (G1 Evacuation Pause) 363M->109M(468M) 1.990ms
[75.459s][info][gc] GC(358) Pause Young (Normal) (G1 Evacuation Pause) 365M->112M(468M) 1.983ms
[75.549s][info][gc] GC(359) Pause Young (Normal) (G1 Evacuation Pause) 368M->113M(468M) 2.047ms
[75.641s][info][gc] GC(360) Pause Young (Normal) (G1 Evacuation Pause) 373M->116M(564M) 2.183ms
[75.754s][info][gc] GC(361) Pause Young (Normal) (G1 Evacuation Pause) 428M->118M(564M) 2.220ms
[75.864s][info][gc] GC(362) Pause Young (Normal) (G1 Evacuation Pause) 426M->121M(564M) 2.169ms
[75.979s][info][gc] GC(363) Pause Young (Normal) (G1 Evacuation Pause) 433M->124M(564M) 1.914ms
[76.089s][info][gc] GC(364) Pause Young (Normal) (G1 Evacuation Pause) 432M->125M(564M) 2.016ms
[76.200s][info][gc] GC(365) Pause Young (Normal) (G1 Evacuation Pause) 433M->130M(564M) 2.066ms
[76.306s][info][gc] GC(366) Pause Young (Normal) (G1 Evacuation Pause) 438M->132M(564M) 2.084ms
[76.420s][info][gc] GC(367) Pause Young (Normal) (G1 Evacuation Pause) 440M->134M(680M) 2.368ms
[76.556s][info][gc] GC(368) Pause Young (Normal) (G1 Evacuation Pause) 514M->137M(680M) 2.399ms
[76.693s][info][gc] GC(369) Pause Young (Normal) (G1 Evacuation Pause) 513M->140M(680M) 2.350ms
[76.825s][info][gc] GC(370) Pause Young (Normal) (G1 Evacuation Pause) 516M->144M(680M) 2.411ms
[76.962s][info][gc] GC(371) Pause Young (Normal) (G1 Evacuation Pause) 516M->146M(680M) 2.451ms
[77.098s][info][gc] GC(372) Pause Young (Normal) (G1 Evacuation Pause) 522M->148M(680M) 2.518ms
[77.241s][info][gc] GC(373) Pause Young (Normal) (G1 Evacuation Pause) 524M->153M(680M) 2.858ms
[77.383s][info][gc] GC(374) Pause Young (Normal) (G1 Evacuation Pause) 529M->156M(680M) 2.358ms
[77.518s][info][gc] GC(375) Pause Young (Normal) (G1 Evacuation Pause) 532M->160M(680M) 2.337ms
[77.651s][info][gc] GC(376) Pause Young (Normal) (G1 Evacuation Pause) 532M->161M(680M) 2.391ms
[77.792s][info][gc] GC(377) Pause Young (Normal) (G1 Evacuation Pause) 541M->167M(680M) 2.373ms
[77.925s][info][gc] GC(378) Pause Young (Normal) (G1 Evacuation Pause) 543M->169M(680M) 2.599ms
[78.060s][info][gc] GC(379) Pause Young (Normal) (G1 Evacuation Pause) 545M->172M(680M) 2.338ms
[78.194s][info][gc] GC(380) Pause Young (Normal) (G1 Evacuation Pause) 548M->175M(680M) 2.336ms
[78.331s][info][gc] GC(381) Pause Young (Normal) (G1 Evacuation Pause) 551M->178M(680M) 2.334ms
[78.464s][info][gc] GC(382) Pause Young (Normal) (G1 Evacuation Pause) 554M->182M(680M) 2.708ms
[78.601s][info][gc] GC(383) Pause Young (Normal) (G1 Evacuation Pause) 558M->187M(680M) 2.314ms
[78.733s][info][gc] GC(384) Pause Young (Normal) (G1 Evacuation Pause) 563M->188M(680M) 2.364ms
[78.867s][info][gc] GC(385) Pause Young (Normal) (G1 Evacuation Pause) 564M->191M(680M) 2.360ms
[79.003s][info][gc] GC(386) Pause Young (Normal) (G1 Evacuation Pause) 567M->194M(680M) 2.452ms
[79.136s][info][gc] GC(387) Pause Young (Normal) (G1 Evacuation Pause) 570M->197M(680M) 2.380ms
[79.276s][info][gc] GC(388) Pause Young (Normal) (G1 Evacuation Pause) 577M->200M(680M) 2.359ms
[79.408s][info][gc] GC(389) Pause Young (Normal) (G1 Evacuation Pause) 576M->203M(680M) 2.295ms
[79.755s][info][gc] GC(390) Pause Young (Normal) (G1 Evacuation Pause) 583M->210M(680M) 2.443ms
[79.904s][info][gc] GC(391) Pause Young (Normal) (G1 Evacuation Pause) 586M->213M(680M) 2.421ms
[80.055s][info][gc] GC(392) Pause Young (Normal) (G1 Evacuation Pause) 589M->215M(680M) 2.484ms
[80.204s][info][gc] GC(393) Pause Young (Normal) (G1 Evacuation Pause) 591M->219M(680M) 2.504ms
[80.353s][info][gc] GC(394) Pause Young (Normal) (G1 Evacuation Pause) 595M->222M(680M) 2.742ms
[80.504s][info][gc] GC(395) Pause Young (Normal) (G1 Evacuation Pause) 598M->226M(680M) 2.763ms
[80.647s][info][gc] GC(396) Pause Young (Normal) (G1 Evacuation Pause) 602M->228M(680M) 2.327ms
[80.794s][info][gc] GC(397) Pause Young (Normal) (G1 Evacuation Pause) 604M->233M(680M) 2.515ms
[80.946s][info][gc] GC(398) Pause Young (Normal) (G1 Evacuation Pause) 605M->235M(680M) 2.626ms
[81.094s][info][gc] GC(399) Pause Young (Normal) (G1 Evacuation Pause) 603M->238M(680M) 2.490ms
[81.240s][info][gc] GC(400) Pause Young (Normal) (G1 Evacuation Pause) 602M->241M(680M) 2.456ms
[81.579s][info][gc] GC(401) Pause Young (Normal) (G1 Evacuation Pause) 601M->246M(680M) 2.359ms
[81.724s][info][gc] GC(402) Pause Young (Normal) (G1 Evacuation Pause) 606M->248M(680M) 2.586ms
[81.868s][info][gc] GC(403) Pause Young (Normal) (G1 Evacuation Pause) 604M->250M(680M) 2.393ms
[82.016s][info][gc] GC(404) Pause Young (Normal) (G1 Evacuation Pause) 610M->254M(680M) 2.607ms
[82.151s][info][gc] GC(405) Pause Young (Concurrent Start) (G1 Evacuation Pause) 602M->258M(680M) 2.683ms
[82.151s][info][gc] GC(406) Concurrent Mark Cycle
[82.161s][info][gc] GC(406) Pause Remark 269M->117M(388M) 0.435ms
[82.164s][info][gc] GC(406) Pause Cleanup 122M->122M(388M) 0.055ms
[82.164s][info][gc] GC(406) Concurrent Mark Cycle 13.673ms
[82.271s][info][gc] GC(407) Pause Young (Prepare Mixed) (G1 Evacuation Pause) 378M->108M(424M) 3.602ms
[82.363s][info][gc] GC(408) Pause Young (Mixed) (G1 Evacuation Pause) 328M->84M(424M) 2.901ms
[82.463s][info][gc] GC(409) Pause Young (Normal) (G1 Evacuation Pause) 316M->85M(424M) 1.641ms
[82.555s][info][gc] GC(410) Pause Young (Normal) (G1 Evacuation Pause) 317M->87M(424M) 1.844ms
[82.645s][info][gc] GC(411) Pause Young (Normal) (G1 Evacuation Pause) 319M->88M(512M) 1.808ms
[82.765s][info][gc] GC(412) Pause Young (Normal) (G1 Evacuation Pause) 372M->92M(512M) 2.268ms
[82.871s][info][gc] GC(413) Pause Young (Normal) (G1 Evacuation Pause) 372M->93M(512M) 1.865ms
[82.980s][info][gc] GC(414) Pause Young (Normal) (G1 Evacuation Pause) 373M->96M(512M) 1.886ms
[83.093s][info][gc] GC(415) Pause Young (Normal) (G1 Evacuation Pause) 376M->99M(512M) 1.910ms
[83.400s][info][gc] GC(416) Pause Young (Normal) (G1 Evacuation Pause) 379M->102M(512M) 1.999ms
[83.505s][info][gc] GC(417) Pause Young (Normal) (G1 Evacuation Pause) 382M->103M(512M) 1.946ms
[83.622s][info][gc] GC(418) Pause Young (Normal) (G1 Evacuation Pause) 383M->107M(616M) 2.088ms
[83.762s][info][gc] GC(419) Pause Young (Normal) (G1 Evacuation Pause) 447M->110M(616M) 2.227ms
[83.892s][info][gc] GC(420) Pause Young (Normal) (G1 Evacuation Pause) 450M->112M(616M) 2.271ms
[84.028s][info][gc] GC(421) Pause Young (Normal) (G1 Evacuation Pause) 452M->115M(616M) 2.344ms
[84.166s][info][gc] GC(422) Pause Young (Normal) (G1 Evacuation Pause) 455M->118M(616M) 2.241ms
[84.296s][info][gc] GC(423) Pause Young (Normal) (G1 Evacuation Pause) 458M->121M(616M) 2.242ms
[84.434s][info][gc] GC(424) Pause Young (Normal) (G1 Evacuation Pause) 461M->125M(616M) 2.270ms
[84.566s][info][gc] GC(425) Pause Young (Normal) (G1 Evacuation Pause) 461M->128M(616M) 2.327ms
[84.695s][info][gc] GC(426) Pause Young (Normal) (G1 Evacuation Pause) 464M->130M(616M) 2.252ms
[84.833s][info][gc] GC(427) Pause Young (Normal) (G1 Evacuation Pause) 466M->133M(616M) 2.303ms
[85.164s][info][gc] GC(428) Pause Young (Normal) (G1 Evacuation Pause) 469M->137M(616M) 2.630ms
[85.290s][info][gc] GC(429) Pause Young (Normal) (G1 Evacuation Pause) 473M->142M(616M) 2.868ms
[85.407s][info][gc] GC(430) Pause Young (Normal) (G1 Evacuation Pause) 478M->144M(616M) 2.631ms
[85.535s][info][gc] GC(431) Pause Young (Normal) (G1 Evacuation Pause) 484M->149M(616M) 2.400ms
[85.653s][info][gc] GC(432) Pause Young (Normal) (G1 Evacuation Pause) 489M->151M(616M) 2.362ms
[85.786s][info][gc] GC(433) Pause Young (Normal) (G1 Evacuation Pause) 491M->153M(616M) 2.463ms
[85.920s][info][gc] GC(434) Pause Young (Normal) (G1 Evacuation Pause) 493M->157M(616M) 2.823ms
[86.044s][info][gc] GC(435) Pause Young (Normal) (G1 Evacuation Pause) 493M->158M(616M) 2.501ms
[86.174s][info][gc] GC(436) Pause Young (Normal) (G1 Evacuation Pause) 502M->163M(616M) 2.349ms
[86.299s][info][gc] GC(437) Pause Young (Normal) (G1 Evacuation Pause) 503M->165M(616M) 2.348ms
[86.423s][info][gc] GC(438) Pause Young (Normal) (G1 Evacuation Pause) 505M->167M(616M) 2.366ms
[86.547s][info][gc] GC(439) Pause Young (Normal) (G1 Evacuation Pause) 507M->171M(616M) 2.215ms
[86.667s][info][gc] GC(440) Pause Young (Normal) (G1 Evacuation Pause) 507M->174M(616M) 2.377ms
[86.793s][info][gc] GC(441) Pause Young (Normal) (G1 Evacuation Pause) 514M->176M(616M) 2.157ms
[86.914s][info][gc] GC(442) Pause Young (Normal) (G1 Evacuation Pause) 516M->180M(616M) 2.163ms
[87.037s][info][gc] GC(443) Pause Young (Normal) (G1 Evacuation Pause) 520M->182M(616M) 2.209ms
[87.159s][info][gc] GC(444) Pause Young (Normal) (G1 Evacuation Pause) 522M->185M(616M) 2.260ms
[87.279s][info][gc] GC(445) Pause Young (Normal) (G1 Evacuation Pause) 525M->188M(616M) 2.165ms
[87.402s][info][gc] GC(446) Pause Young (Normal) (G1 Evacuation Pause) 528M->190M(616M) 2.111ms
[87.527s][info][gc] GC(447) Pause Young (Normal) (G1 Evacuation Pause) 530M->194M(616M) 2.267ms
[87.647s][info][gc] GC(448) Pause Young (Normal) (G1 Evacuation Pause) 530M->197M(616M) 2.357ms
[87.774s][info][gc] GC(449) Pause Young (Normal) (G1 Evacuation Pause) 537M->198M(616M) 2.352ms
[87.896s][info][gc] GC(450) Pause Young (Normal) (G1 Evacuation Pause) 538M->202M(616M) 2.253ms
[88.028s][info][gc] GC(451) Pause Young (Normal) (G1 Evacuation Pause) 542M->204M(616M) 2.397ms
[88.152s][info][gc] GC(452) Pause Young (Normal) (G1 Evacuation Pause) 544M->207M(616M) 2.213ms
[88.276s][info][gc] GC(453) Pause Young (Normal) (G1 Evacuation Pause) 547M->210M(616M) 2.339ms
[88.401s][info][gc] GC(454) Pause Young (Normal) (G1 Evacuation Pause) 546M->214M(616M) 2.261ms
[88.515s][info][gc] GC(455) Pause Young (Normal) (G1 Evacuation Pause) 542M->215M(616M) 2.195ms
[88.636s][info][gc] GC(456) Pause Young (Normal) (G1 Evacuation Pause) 543M->220M(616M) 2.263ms
[88.752s][info][gc] GC(457) Pause Young (Normal) (G1 Evacuation Pause) 540M->221M(616M) 2.217ms
[88.868s][info][gc] GC(458) Pause Young (Normal) (G1 Evacuation Pause) 545M->224M(616M) 2.107ms
[88.983s][info][gc] GC(459) Pause Young (Normal) (G1 Evacuation Pause) 544M->225M(616M) 2.073ms
[89.097s][info][gc] GC(460) Pause Young (Normal) (G1 Evacuation Pause) 545M->229M(616M) 2.125ms
[89.211s][info][gc] GC(461) Pause Young (Normal) (G1 Evacuation Pause) 545M->233M(616M) 2.084ms
[89.322s][info][gc] GC(462) Pause Young (Concurrent Start) (G1 Evacuation Pause) 545M->235M(616M) 2.113ms
[89.322s][info][gc] GC(463) Concurrent Mark Cycle
[89.349s][info][gc] GC(463) Pause Remark 299M->239M(616M) 0.416ms
[89.366s][info][gc] GC(463) Pause Cleanup 280M->280M(616M) 0.059ms
[89.367s][info][gc] GC(463) Concurrent Mark Cycle 45.068ms
[89.440s][info][gc] GC(464) Pause Young (Prepare Mixed) (G1 Evacuation Pause) 483M->177M(616M) 2.175ms
[89.573s][info][gc] GC(465) Pause Young (Mixed) (G1 Evacuation Pause) 517M->163M(616M) 1.959ms
[89.902s][info][gc] GC(466) Pause Young (Normal) (G1 Evacuation Pause) 503M->171M(616M) 2.297ms
[90.027s][info][gc] GC(467) Pause Young (Normal) (G1 Evacuation Pause) 503M->173M(616M) 2.573ms
[90.147s][info][gc] GC(468) Pause Young (Normal) (G1 Evacuation Pause) 513M->177M(616M) 2.250ms
[90.263s][info][gc] GC(469) Pause Young (Normal) (G1 Evacuation Pause) 513M->178M(616M) 2.153ms
[90.387s][info][gc] GC(470) Pause Young (Normal) (G1 Evacuation Pause) 518M->183M(616M) 2.342ms
[90.505s][info][gc] GC(471) Pause Young (Normal) (G1 Evacuation Pause) 519M->184M(616M) 2.379ms
[90.631s][info][gc] GC(472) Pause Young (Normal) (G1 Evacuation Pause) 524M->187M(616M) 2.280ms
[90.746s][info][gc] GC(473) Pause Young (Normal) (G1 Evacuation Pause) 523M->191M(616M) 2.367ms
[90.867s][info][gc] GC(474) Pause Young (Normal) (G1 Evacuation Pause) 527M->192M(616M) 2.244ms
[90.993s][info][gc] GC(475) Pause Young (Normal) (G1 Evacuation Pause) 532M->197M(616M) 2.126ms
[91.110s][info][gc] GC(476) Pause Young (Normal) (G1 Evacuation Pause) 533M->199M(616M) 2.288ms
[91.235s][info][gc] GC(477) Pause Young (Normal) (G1 Evacuation Pause) 539M->200M(616M) 2.103ms
[91.568s][info][gc] GC(478) Pause Young (Normal) (G1 Evacuation Pause) 540M->205M(616M) 2.222ms
[91.689s][info][gc] GC(479) Pause Young (Normal) (G1 Evacuation Pause) 537M->208M(616M) 2.462ms
[91.808s][info][gc] GC(480) Pause Young (Normal) (G1 Evacuation Pause) 544M->213M(616M) 2.421ms
[91.922s][info][gc] GC(481) Pause Young (Normal) (G1 Evacuation Pause) 537M->214M(616M) 2.309ms
[92.040s][info][gc] GC(482) Pause Young (Normal) (G1 Evacuation Pause) 542M->218M(616M) 2.457ms
[92.153s][info][gc] GC(483) Pause Young (Normal) (G1 Evacuation Pause) 538M->219M(616M) 2.260ms
[92.269s][info][gc] GC(484) Pause Young (Normal) (G1 Evacuation Pause) 539M->224M(616M) 2.287ms
[92.379s][info][gc] GC(485) Pause Young (Normal) (G1 Evacuation Pause) 540M->226M(616M) 2.059ms
[92.494s][info][gc] GC(486) Pause Young (Concurrent Start) (G1 Evacuation Pause) 546M->230M(616M) 2.029ms
[92.494s][info][gc] GC(487) Concurrent Mark Cycle
[92.505s][info][gc] GC(487) Pause Remark 261M->128M(348M) 0.452ms
[92.508s][info][gc] GC(487) Pause Cleanup 133M->133M(348M) 0.047ms
[92.508s][info][gc] GC(487) Concurrent Mark Cycle 14.240ms
[92.584s][info][gc] GC(488) Pause Young (Prepare Mixed) (G1 Evacuation Pause) 341M->98M(380M) 2.027ms
[92.657s][info][gc] GC(489) Pause Young (Mixed) (G1 Evacuation Pause) 298M->80M(380M) 2.453ms
[92.733s][info][gc] GC(490) Pause Young (Normal) (G1 Evacuation Pause) 288M->82M(456M) 1.732ms
[92.825s][info][gc] GC(491) Pause Young (Normal) (G1 Evacuation Pause) 334M->84M(456M) 2.004ms
[92.915s][info][gc] GC(492) Pause Young (Normal) (G1 Evacuation Pause) 336M->86M(456M) 1.760ms
[93.243s][info][gc] GC(493) Pause Young (Normal) (G1 Evacuation Pause) 334M->90M(456M) 2.253ms
[93.334s][info][gc] GC(494) Pause Young (Normal) (G1 Evacuation Pause) 338M->92M(456M) 1.975ms
[93.426s][info][gc] GC(495) Pause Young (Normal) (G1 Evacuation Pause) 340M->94M(548M) 2.319ms
[93.543s][info][gc] GC(496) Pause Young (Normal) (G1 Evacuation Pause) 398M->97M(548M) 2.135ms
[93.660s][info][gc] GC(497) Pause Young (Normal) (G1 Evacuation Pause) 401M->99M(548M) 1.938ms
[93.770s][info][gc] GC(498) Pause Young (Normal) (G1 Evacuation Pause) 399M->101M(548M) 2.429ms
[93.877s][info][gc] GC(499) Pause Young (Normal) (G1 Evacuation Pause) 401M->104M(548M) 2.167ms
[93.982s][info][gc] GC(500) Pause Young (Normal) (G1 Evacuation Pause) 404M->106M(548M) 2.112ms
[94.091s][info][gc] GC(501) Pause Young (Normal) (G1 Evacuation Pause) 406M->110M(660M) 2.439ms
[94.225s][info][gc] GC(502) Pause Young (Normal) (G1 Evacuation Pause) 478M->113M(660M) 2.319ms
[94.352s][info][gc] GC(503) Pause Young (Normal) (G1 Evacuation Pause) 477M->114M(660M) 2.368ms
[94.485s][info][gc] GC(504) Pause Young (Normal) (G1 Evacuation Pause) 478M->117M(660M) 2.316ms
[94.618s][info][gc] GC(505) Pause Young (Normal) (G1 Evacuation Pause) 481M->121M(660M) 2.322ms
[94.962s][info][gc] GC(506) Pause Young (Normal) (G1 Evacuation Pause) 485M->129M(660M) 2.800ms
[95.094s][info][gc] GC(507) Pause Young (Normal) (G1 Evacuation Pause) 485M->129M(660M) 3.033ms
[95.222s][info][gc] GC(508) Pause Young (Normal) (G1 Evacuation Pause) 493M->132M(660M) 2.632ms
[95.357s][info][gc] GC(509) Pause Young (Normal) (G1 Evacuation Pause) 496M->137M(660M) 2.819ms
[95.489s][info][gc] GC(510) Pause Young (Normal) (G1 Evacuation Pause) 501M->139M(660M) 2.657ms
[95.622s][info][gc] GC(511) Pause Young (Normal) (G1 Evacuation Pause) 503M->142M(660M) 2.610ms
[95.750s][info][gc] GC(512) Pause Young (Normal) (G1 Evacuation Pause) 506M->144M(660M) 2.560ms
[95.884s][info][gc] GC(513) Pause Young (Normal) (G1 Evacuation Pause) 512M->148M(660M) 2.470ms
[96.016s][info][gc] GC(514) Pause Young (Normal) (G1 Evacuation Pause) 512M->151M(660M) 2.557ms
[96.146s][info][gc] GC(515) Pause Young (Normal) (G1 Evacuation Pause) 515M->155M(660M) 2.352ms
[96.274s][info][gc] GC(516) Pause Young (Normal) (G1 Evacuation Pause) 515M->158M(660M) 2.649ms
[96.403s][info][gc] GC(517) Pause Young (Normal) (G1 Evacuation Pause) 522M->159M(660M) 2.304ms
[96.532s][info][gc] GC(518) Pause Young (Normal) (G1 Evacuation Pause) 523M->162M(660M) 2.367ms
[96.671s][info][gc] GC(519) Pause Young (Normal) (G1 Evacuation Pause) 526M->165M(660M) 2.678ms
[96.812s][info][gc] GC(520) Pause Young (Normal) (G1 Evacuation Pause) 529M->169M(660M) 2.404ms
[96.947s][info][gc] GC(521) Pause Young (Normal) (G1 Evacuation Pause) 533M->172M(660M) 2.451ms
[97.075s][info][gc] GC(522) Pause Young (Normal) (G1 Evacuation Pause) 536M->175M(660M) 2.611ms
[97.209s][info][gc] GC(523) Pause Young (Normal) (G1 Evacuation Pause) 543M->178M(660M) 2.405ms
[97.338s][info][gc] GC(524) Pause Young (Normal) (G1 Evacuation Pause) 542M->182M(660M) 2.544ms
[97.469s][info][gc] GC(525) Pause Young (Normal) (G1 Evacuation Pause) 546M->185M(660M) 2.551ms
[97.598s][info][gc] GC(526) Pause Young (Normal) (G1 Evacuation Pause) 549M->187M(660M) 2.373ms
[97.730s][info][gc] GC(527) Pause Young (Normal) (G1 Evacuation Pause) 555M->190M(660M) 2.270ms
[97.861s][info][gc] GC(528) Pause Young (Normal) (G1 Evacuation Pause) 554M->194M(660M) 2.490ms
[97.991s][info][gc] GC(529) Pause Young (Normal) (G1 Evacuation Pause) 558M->196M(660M) 2.541ms
[98.125s][info][gc] GC(530) Pause Young (Normal) (G1 Evacuation Pause) 564M->200M(660M) 2.453ms
[98.257s][info][gc] GC(531) Pause Young (Normal) (G1 Evacuation Pause) 564M->202M(660M) 2.511ms
[98.389s][info][gc] GC(532) Pause Young (Normal) (G1 Evacuation Pause) 566M->206M(660M) 2.575ms
[98.526s][info][gc] GC(533) Pause Young (Normal) (G1 Evacuation Pause) 570M->210M(660M) 3.049ms
[98.655s][info][gc] GC(534) Pause Young (Normal) (G1 Evacuation Pause) 570M->211M(660M) 2.456ms
[98.788s][info][gc] GC(535) Pause Young (Normal) (G1 Evacuation Pause) 579M->215M(660M) 2.332ms
[98.919s][info][gc] GC(536) Pause Young (Normal) (G1 Evacuation Pause) 579M->219M(660M) 2.483ms
[99.046s][info][gc] GC(537) Pause Young (Normal) (G1 Evacuation Pause) 579M->221M(660M) 2.427ms
[99.181s][info][gc] GC(538) Pause Young (Normal) (G1 Evacuation Pause) 589M->226M(660M) 2.299ms
[99.494s][info][gc] GC(539) Pause Young (Normal) (G1 Evacuation Pause) 578M->224M(660M) 2.311ms
[99.653s][info][gc] GC(540) Pause Young (Normal) (G1 Evacuation Pause) 584M->235M(660M) 2.646ms
[99.762s][info][gc] GC(541) Pause Young (Normal) (G1 Evacuation Pause) 579M->235M(660M) 2.770ms
[99.875s][info][gc] GC(542) Pause Young (Normal) (G1 Evacuation Pause) 591M->239M(660M) 2.424ms
[99.991s][info][gc] GC(543) Pause Young (Normal) (G1 Evacuation Pause) 591M->242M(660M) 2.666ms
[100.110s][info][gc] GC(544) Pause Young (Normal) (G1 Evacuation Pause) 590M->246M(660M) 2.265ms
[100.222s][info][gc] GC(545) Pause Young (Concurrent Start) (G1 Evacuation Pause) 590M->248M(660M) 2.391ms
[100.222s][info][gc] GC(546) Concurrent Mark Cycle
[100.237s][info][gc] GC(546) Pause Remark 300M->160M(388M) 0.444ms
[100.241s][info][gc] GC(546) Pause Cleanup 171M->171M(388M) 0.047ms
[100.241s][info][gc] GC(546) Concurrent Mark Cycle 18.861ms
[100.289s][info][gc] GC(547) Pause Young (Prepare Mixed) (G1 Evacuation Pause) 312M->111M(388M) 2.164ms
[100.358s][info][gc] GC(548) Pause Young (Mixed) (G1 Evacuation Pause) 323M->86M(388M) 1.942ms
[100.428s][info][gc] GC(549) Pause Young (Normal) (G1 Evacuation Pause) 302M->89M(388M) 1.607ms
[100.509s][info][gc] GC(550) Pause Young (Normal) (G1 Evacuation Pause) 301M->92M(388M) 1.802ms
[100.576s][info][gc] GC(551) Pause Young (Normal) (G1 Evacuation Pause) 304M->93M(472M) 1.590ms
[100.670s][info][gc] GC(552) Pause Young (Normal) (G1 Evacuation Pause) 353M->96M(472M) 2.095ms
[100.764s][info][gc] GC(553) Pause Young (Normal) (G1 Evacuation Pause) 356M->97M(472M) 1.907ms
[100.849s][info][gc] GC(554) Pause Young (Normal) (G1 Evacuation Pause) 353M->98M(472M) 1.847ms
[101.182s][info][gc] GC(555) Pause Young (Normal) (G1 Evacuation Pause) 358M->103M(568M) 1.905ms
[101.292s][info][gc] GC(556) Pause Young (Normal) (G1 Evacuation Pause) 419M->104M(568M) 2.126ms
[101.394s][info][gc] GC(557) Pause Young (Normal) (G1 Evacuation Pause) 416M->108M(568M) 2.367ms
[101.496s][info][gc] GC(558) Pause Young (Normal) (G1 Evacuation Pause) 420M->110M(568M) 2.203ms
[101.597s][info][gc] GC(559) Pause Young (Normal) (G1 Evacuation Pause) 422M->112M(568M) 2.092ms
[101.701s][info][gc] GC(560) Pause Young (Normal) (G1 Evacuation Pause) 424M->114M(684M) 2.136ms
[101.833s][info][gc] GC(561) Pause Young (Normal) (G1 Evacuation Pause) 494M->120M(684M) 2.501ms
[101.950s][info][gc] GC(562) Pause Young (Normal) (G1 Evacuation Pause) 492M->123M(684M) 2.506ms
[102.073s][info][gc] GC(563) Pause Young (Normal) (G1 Evacuation Pause) 499M->125M(684M) 2.613ms
[102.197s][info][gc] GC(564) Pause Young (Normal) (G1 Evacuation Pause) 501M->129M(684M) 2.580ms
[102.316s][info][gc] GC(565) Pause Young (Normal) (G1 Evacuation Pause) 505M->131M(684M) 2.338ms
[102.441s][info][gc] GC(566) Pause Young (Normal) (G1 Evacuation Pause) 507M->133M(684M) 2.404ms
[102.804s][info][gc] GC(567) Pause Young (Normal) (G1 Evacuation Pause) 509M->137M(684M) 2.604ms
[102.934s][info][gc] GC(568) Pause Young (Normal) (G1 Evacuation Pause) 513M->141M(684M) 2.464ms
[103.054s][info][gc] GC(569) Pause Young (Normal) (G1 Evacuation Pause) 517M->145M(684M) 2.750ms
[103.177s][info][gc] GC(570) Pause Young (Normal) (G1 Evacuation Pause) 521M->146M(684M) 2.458ms
[103.310s][info][gc] GC(571) Pause Young (Normal) (G1 Evacuation Pause) 522M->153M(684M) 2.802ms
[103.437s][info][gc] GC(572) Pause Young (Normal) (G1 Evacuation Pause) 529M->156M(684M) 2.584ms
[103.566s][info][gc] GC(573) Pause Young (Normal) (G1 Evacuation Pause) 532M->159M(684M) 2.648ms
[103.696s][info][gc] GC(574) Pause Young (Normal) (G1 Evacuation Pause) 535M->162M(684M) 2.804ms
[103.835s][info][gc] GC(575) Pause Young (Normal) (G1 Evacuation Pause) 538M->164M(684M) 2.903ms
[103.972s][info][gc] GC(576) Pause Young (Normal) (G1 Evacuation Pause) 540M->167M(684M) 2.625ms
[104.129s][info][gc] GC(577) Pause Young (Normal) (G1 Evacuation Pause) 543M->170M(684M) 2.317ms
[104.490s][info][gc] GC(578) Pause Young (Normal) (G1 Evacuation Pause) 546M->176M(684M) 2.850ms
[104.629s][info][gc] GC(579) Pause Young (Normal) (G1 Evacuation Pause) 548M->181M(684M) 2.799ms
[104.772s][info][gc] GC(580) Pause Young (Normal) (G1 Evacuation Pause) 557M->186M(684M) 2.753ms
[104.912s][info][gc] GC(581) Pause Young (Normal) (G1 Evacuation Pause) 562M->187M(684M) 2.531ms
[105.052s][info][gc] GC(582) Pause Young (Normal) (G1 Evacuation Pause) 563M->191M(684M) 2.594ms
[105.191s][info][gc] GC(583) Pause Young (Normal) (G1 Evacuation Pause) 567M->193M(684M) 2.785ms
[105.332s][info][gc] GC(584) Pause Young (Normal) (G1 Evacuation Pause) 569M->195M(684M) 2.521ms
[105.479s][info][gc] GC(585) Pause Young (Normal) (G1 Evacuation Pause) 575M->201M(684M) 2.696ms
[105.618s][info][gc] GC(586) Pause Young (Normal) (G1 Evacuation Pause) 581M->202M(684M) 2.258ms
[105.758s][info][gc] GC(587) Pause Young (Normal) (G1 Evacuation Pause) 578M->206M(684M) 2.743ms
[105.901s][info][gc] GC(588) Pause Young (Normal) (G1 Evacuation Pause) 582M->207M(684M) 2.387ms
[106.041s][info][gc] GC(589) Pause Young (Normal) (G1 Evacuation Pause) 587M->213M(684M) 2.611ms
[106.182s][info][gc] GC(590) Pause Young (Normal) (G1 Evacuation Pause) 589M->218M(684M) 2.374ms
[106.317s][info][gc] GC(591) Pause Young (Normal) (G1 Evacuation Pause) 594M->219M(684M) 2.354ms
[106.458s][info][gc] GC(592) Pause Young (Normal) (G1 Evacuation Pause) 595M->223M(684M) 2.448ms
[106.601s][info][gc] GC(593) Pause Young (Normal) (G1 Evacuation Pause) 599M->225M(684M) 2.391ms
[106.738s][info][gc] GC(594) Pause Young (Normal) (G1 Evacuation Pause) 601M->227M(684M) 2.322ms
[106.882s][info][gc] GC(595) Pause Young (Normal) (G1 Evacuation Pause) 607M->231M(684M) 2.402ms
[107.017s][info][gc] GC(596) Pause Young (Normal) (G1 Evacuation Pause) 603M->236M(684M) 2.404ms
[107.151s][info][gc] GC(597) Pause Young (Normal) (G1 Evacuation Pause) 604M->239M(684M) 2.299ms
[107.292s][info][gc] GC(598) Pause Young (Normal) (G1 Evacuation Pause) 607M->241M(684M) 2.537ms
[107.425s][info][gc] GC(599) Pause Young (Normal) (G1 Evacuation Pause) 605M->244M(684M) 2.339ms
[107.559s][info][gc] GC(600) Pause Young (Normal) (G1 Evacuation Pause) 604M->248M(684M) 2.365ms
[107.689s][info][gc] GC(601) Pause Young (Normal) (G1 Evacuation Pause) 604M->250M(684M) 2.331ms
[107.822s][info][gc] GC(602) Pause Young (Normal) (G1 Evacuation Pause) 602M->255M(684M) 2.433ms
[107.951s][info][gc] GC(603) Pause Young (Normal) (G1 Evacuation Pause) 603M->257M(684M) 2.253ms
[108.076s][info][gc] GC(604) Pause Young (Normal) (G1 Evacuation Pause) 605M->259M(684M) 2.263ms
[108.208s][info][gc] GC(605) Pause Young (Concurrent Start) (G1 Evacuation Pause) 611M->262M(684M) 2.326ms
[108.208s][info][gc] GC(606) Concurrent Mark Cycle
[108.226s][info][gc] GC(606) Pause Remark 299M->191M(536M) 0.407ms
[108.239s][info][gc] GC(606) Pause Cleanup 225M->225M(536M) 0.053ms
[108.240s][info][gc] GC(606) Concurrent Mark Cycle 31.883ms
[108.321s][info][gc] GC(607) Pause Young (Prepare Mixed) (G1 Evacuation Pause) 446M->159M(536M) 2.165ms
[108.427s][info][gc] GC(608) Pause Young (Mixed) (G1 Evacuation Pause) 451M->138M(536M) 1.994ms
[108.543s][info][gc] GC(609) Pause Young (Normal) (G1 Evacuation Pause) 434M->141M(536M) 1.935ms
[108.652s][info][gc] GC(610) Pause Young (Normal) (G1 Evacuation Pause) 437M->146M(536M) 2.271ms
[108.762s][info][gc] GC(611) Pause Young (Normal) (G1 Evacuation Pause) 442M->147M(536M) 1.907ms
[108.872s][info][gc] GC(612) Pause Young (Normal) (G1 Evacuation Pause) 443M->150M(536M) 2.052ms
[108.981s][info][gc] GC(613) Pause Young (Normal) (G1 Evacuation Pause) 442M->152M(644M) 2.045ms
[109.118s][info][gc] GC(614) Pause Young (Normal) (G1 Evacuation Pause) 508M->156M(644M) 2.423ms
[109.247s][info][gc] GC(615) Pause Young (Normal) (G1 Evacuation Pause) 508M->158M(644M) 2.303ms
[109.376s][info][gc] GC(616) Pause Young (Normal) (G1 Evacuation Pause) 514M->160M(644M) 2.266ms
[109.512s][info][gc] GC(617) Pause Young (Normal) (G1 Evacuation Pause) 516M->164M(644M) 2.201ms
[109.650s][info][gc] GC(618) Pause Young (Normal) (G1 Evacuation Pause) 516M->167M(644M) 2.268ms
[109.921s][info][gc] GC(619) Pause Young (Normal) (G1 Evacuation Pause) 519M->170M(644M) 2.502ms
[110.099s][info][gc] GC(620) Pause Young (Normal) (G1 Evacuation Pause) 526M->174M(644M) 2.444ms
[110.275s][info][gc] GC(621) Pause Young (Normal) (G1 Evacuation Pause) 526M->177M(644M) 2.413ms
[110.455s][info][gc] GC(622) Pause Young (Normal) (G1 Evacuation Pause) 533M->180M(644M) 2.334ms
[110.635s][info][gc] GC(623) Pause Young (Normal) (G1 Evacuation Pause) 532M->183M(644M) 2.428ms
[110.801s][info][gc] GC(624) Pause Young (Normal) (G1 Evacuation Pause) 535M->185M(644M) 2.347ms
[110.978s][info][gc] GC(625) Pause Young (Normal) (G1 Evacuation Pause) 541M->189M(644M) 2.410ms
[111.155s][info][gc] GC(626) Pause Young (Normal) (G1 Evacuation Pause) 541M->191M(644M) 2.441ms
[111.332s][info][gc] GC(627) Pause Young (Normal) (G1 Evacuation Pause) 543M->196M(644M) 2.439ms
[111.511s][info][gc] GC(628) Pause Young (Normal) (G1 Evacuation Pause) 552M->198M(644M) 2.221ms
[111.690s][info][gc] GC(629) Pause Young (Normal) (G1 Evacuation Pause) 554M->200M(644M) 2.505ms
[111.868s][info][gc] GC(630) Pause Young (Normal) (G1 Evacuation Pause) 556M->205M(644M) 2.226ms
[112.044s][info][gc] GC(631) Pause Young (Normal) (G1 Evacuation Pause) 557M->206M(644M) 2.205ms
[112.218s][info][gc] GC(632) Pause Young (Normal) (G1 Evacuation Pause) 562M->210M(644M) 2.162ms
[112.392s][info][gc] GC(633) Pause Young (Normal) (G1 Evacuation Pause) 566M->214M(644M) 2.300ms
[112.569s][info][gc] GC(634) Pause Young (Normal) (G1 Evacuation Pause) 566M->215M(644M) 2.450ms
[112.745s][info][gc] GC(635) Pause Young (Normal) (G1 Evacuation Pause) 571M->219M(644M) 2.211ms
[112.921s][info][gc] GC(636) Pause Young (Normal) (G1 Evacuation Pause) 571M->223M(644M) 2.267ms
[113.092s][info][gc] GC(637) Pause Young (Normal) (G1 Evacuation Pause) 563M->224M(644M) 2.224ms
[113.263s][info][gc] GC(638) Pause Young (Normal) (G1 Evacuation Pause) 572M->227M(644M) 2.231ms
[113.434s][info][gc] GC(639) Pause Young (Normal) (G1 Evacuation Pause) 571M->230M(644M) 2.213ms
[113.598s][info][gc] GC(640) Pause Young (Normal) (G1 Evacuation Pause) 566M->232M(644M) 2.207ms
[113.767s][info][gc] GC(641) Pause Young (Normal) (G1 Evacuation Pause) 564M->237M(644M) 2.425ms
[113.930s][info][gc] GC(642) Pause Young (Normal) (G1 Evacuation Pause) 565M->239M(644M) 2.274ms
[114.093s][info][gc] GC(643) Pause Young (Normal) (G1 Evacuation Pause) 567M->242M(644M) 2.223ms
[114.256s][info][gc] GC(644) Pause Young (Normal) (G1 Evacuation Pause) 566M->244M(644M) 2.678ms
[114.428s][info][gc] GC(645) Pause Young (Concurrent Start) (G1 Evacuation Pause) 572M->246M(644M) 2.491ms
[114.428s][info][gc] GC(646) Concurrent Mark Cycle
[114.446s][info][gc] GC(646) Pause Remark 286M->181M(480M) 0.463ms
[114.457s][info][gc] GC(646) Pause Cleanup 205M->205M(480M) 0.058ms
[114.457s][info][gc] GC(646) Concurrent Mark Cycle 28.782ms
[114.558s][info][gc] GC(647) Pause Young (Prepare Mixed) (G1 Evacuation Pause) 401M->143M(480M) 2.193ms
[115.068s][info][gc] GC(648) Pause Young (Mixed) (G1 Evacuation Pause) 407M->130M(480M) 1.789ms
[115.573s][info][gc] GC(649) Pause Young (Normal) (G1 Evacuation Pause) 394M->131M(480M) 1.984ms
[116.074s][info][gc] GC(650) Pause Young (Normal) (G1 Evacuation Pause) 399M->134M(480M) 1.823ms
[116.585s][info][gc] GC(651) Pause Young (Normal) (G1 Evacuation Pause) 402M->135M(480M) 1.739ms
[117.072s][info][gc] GC(652) Pause Young (Normal) (G1 Evacuation Pause) 399M->137M(480M) 2.050ms
[117.581s][info][gc] GC(653) Pause Young (Normal) (G1 Evacuation Pause) 401M->141M(480M) 1.824ms
[118.066s][info][gc] GC(654) Pause Young (Normal) (G1 Evacuation Pause) 405M->142M(480M) 1.788ms
[118.581s][info][gc] GC(655) Pause Young (Normal) (G1 Evacuation Pause) 410M->145M(480M) 1.765ms
[119.088s][info][gc] GC(656) Pause Young (Normal) (G1 Evacuation Pause) 409M->147M(480M) 2.104ms
[119.584s][info][gc] GC(657) Pause Young (Normal) (G1 Evacuation Pause) 415M->149M(480M) 1.622ms
[120.090s][info][gc] GC(658) Pause Young (Normal) (G1 Evacuation Pause) 413M->151M(480M) 1.756ms
[120.590s][info][gc] GC(659) Pause Young (Normal) (G1 Evacuation Pause) 415M->153M(480M) 1.840ms
[121.090s][info][gc] GC(660) Pause Young (Normal) (G1 Evacuation Pause) 417M->157M(480M) 1.694ms
[121.587s][info][gc] GC(661) Pause Young (Normal) (G1 Evacuation Pause) 421M->159M(480M) 1.709ms
[122.087s][info][gc] GC(662) Pause Young (Normal) (G1 Evacuation Pause) 423M->160M(480M) 1.846ms
[122.596s][info][gc] GC(663) Pause Young (Normal) (G1 Evacuation Pause) 424M->162M(480M) 1.698ms
[123.080s][info][gc] GC(664) Pause Young (Normal) (G1 Evacuation Pause) 422M->164M(480M) 1.627ms
[123.579s][info][gc] GC(665) Pause Young (Normal) (G1 Evacuation Pause) 424M->167M(480M) 1.729ms
[124.150s][info][gc] GC(666) Pause Young (Normal) (G1 Evacuation Pause) 423M->171M(480M) 1.874ms
[124.633s][info][gc] GC(667) Pause Young (Normal) (G1 Evacuation Pause) 427M->174M(480M) 1.815ms
[125.128s][info][gc] GC(668) Pause Young (Normal) (G1 Evacuation Pause) 426M->175M(480M) 1.850ms
[125.607s][info][gc] GC(669) Pause Young (Normal) (G1 Evacuation Pause) 423M->177M(480M) 1.822ms
[126.072s][info][gc] GC(670) Pause Young (Normal) (G1 Evacuation Pause) 425M->179M(480M) 2.063ms
[126.537s][info][gc] GC(671) Pause Young (Concurrent Start) (G1 Evacuation Pause) 423M->181M(480M) 2.060ms
[126.537s][info][gc] GC(672) Concurrent Mark Cycle
[126.542s][info][gc] GC(672) Pause Remark 185M->73M(256M) 0.405ms
[126.543s][info][gc] GC(672) Pause Cleanup 75M->75M(256M) 0.047ms
[126.544s][info][gc] GC(672) Concurrent Mark Cycle 6.538ms
[126.776s][info][gc] GC(673) Pause Young (Prepare Mixed) (G1 Evacuation Pause) 197M->70M(256M) 1.776ms
[127.051s][info][gc] GC(674) Pause Young (Mixed) (G1 Evacuation Pause) 210M->55M(256M) 1.344ms
[127.319s][info][gc] GC(675) Pause Young (Normal) (G1 Evacuation Pause) 195M->56M(256M) 1.192ms
[127.585s][info][gc] GC(676) Pause Young (Normal) (G1 Evacuation Pause) 196M->57M(256M) 1.081ms
[127.859s][info][gc] GC(677) Pause Young (Normal) (G1 Evacuation Pause) 197M->58M(256M) 1.134ms
[128.122s][info][gc] GC(678) Pause Young (Normal) (G1 Evacuation Pause) 198M->60M(256M) 1.125ms
[128.390s][info][gc] GC(679) Pause Young (Normal) (G1 Evacuation Pause) 200M->61M(256M) 1.269ms
[128.649s][info][gc] GC(680) Pause Young (Normal) (G1 Evacuation Pause) 201M->61M(256M) 1.137ms
[128.927s][info][gc] GC(681) Pause Young (Normal) (G1 Evacuation Pause) 201M->63M(256M) 1.069ms
[129.186s][info][gc] GC(682) Pause Young (Normal) (G1 Evacuation Pause) 203M->64M(256M) 1.285ms
[129.457s][info][gc] GC(683) Pause Young (Normal) (G1 Evacuation Pause) 204M->66M(256M) 1.197ms
[129.727s][info][gc] GC(684) Pause Young (Normal) (G1 Evacuation Pause) 206M->67M(256M) 1.155ms
[129.999s][info][gc] GC(685) Pause Young (Normal) (G1 Evacuation Pause) 207M->68M(256M) 1.169ms
[130.263s][info][gc] GC(686) Pause Young (Normal) (G1 Evacuation Pause) 208M->69M(256M) 1.134ms
[130.524s][info][gc] GC(687) Pause Young (Normal) (G1 Evacuation Pause) 209M->70M(256M) 1.149ms
[130.804s][info][gc] GC(688) Pause Young (Normal) (G1 Evacuation Pause) 210M->71M(256M) 1.169ms
[131.066s][info][gc] GC(689) Pause Young (Normal) (G1 Evacuation Pause) 211M->72M(256M) 1.157ms
[131.331s][info][gc] GC(690) Pause Young (Normal) (G1 Evacuation Pause) 212M->74M(256M) 1.139ms
[131.597s][info][gc] GC(691) Pause Young (Normal) (G1 Evacuation Pause) 214M->75M(256M) 1.134ms
[131.866s][info][gc] GC(692) Pause Young (Normal) (G1 Evacuation Pause) 215M->76M(256M) 1.153ms
[132.133s][info][gc] GC(693) Pause Young (Normal) (G1 Evacuation Pause) 216M->77M(256M) 1.221ms
[132.402s][info][gc] GC(694) Pause Young (Normal) (G1 Evacuation Pause) 217M->78M(256M) 1.240ms
[132.661s][info][gc] GC(695) Pause Young (Normal) (G1 Evacuation Pause) 218M->79M(256M) 1.128ms
[133.004s][info][gc] GC(696) Pause Young (Normal) (G1 Evacuation Pause) 219M->82M(256M) 1.263ms
[133.253s][info][gc] GC(697) Pause Young (Normal) (G1 Evacuation Pause) 214M->83M(256M) 1.386ms
[133.522s][info][gc] GC(698) Pause Young (Normal) (G1 Evacuation Pause) 223M->84M(256M) 1.485ms
[133.774s][info][gc] GC(699) Pause Young (Normal) (G1 Evacuation Pause) 220M->85M(256M) 1.233ms
[134.030s][info][gc] GC(700) Pause Young (Normal) (G1 Evacuation Pause) 213M->86M(256M) 1.322ms
[134.283s][info][gc] GC(701) Pause Young (Normal) (G1 Evacuation Pause) 222M->87M(256M) 1.215ms
[134.528s][info][gc] GC(702) Pause Young (Normal) (G1 Evacuation Pause) 223M->88M(256M) 1.258ms
[134.787s][info][gc] GC(703) Pause Young (Normal) (G1 Evacuation Pause) 224M->90M(256M) 1.310ms
[135.030s][info][gc] GC(704) Pause Young (Normal) (G1 Evacuation Pause) 214M->90M(256M) 1.260ms
[135.278s][info][gc] GC(705) Pause Young (Normal) (G1 Evacuation Pause) 222M->92M(256M) 1.297ms
[135.532s][info][gc] GC(706) Pause Young (Normal) (G1 Evacuation Pause) 220M->93M(256M) 1.242ms
[135.775s][info][gc] GC(707) Pause Young (Normal) (G1 Evacuation Pause) 221M->94M(256M) 1.371ms
[136.027s][info][gc] GC(708) Pause Young (Normal) (G1 Evacuation Pause) 222M->95M(256M) 1.118ms
[136.254s][info][gc] GC(709) Pause Young (Normal) (G1 Evacuation Pause) 215M->96M(256M) 1.137ms
[136.494s][info][gc] GC(710) Pause Young (Normal) (G1 Evacuation Pause) 224M->97M(256M) 1.166ms
[136.727s][info][gc] GC(711) Pause Young (Concurrent Start) (G1 Evacuation Pause) 221M->98M(256M) 1.202ms
[136.727s][info][gc] GC(712) Concurrent Mark Cycle
[136.731s][info][gc] GC(712) Pause Remark 102M->66M(228M) 0.376ms
[136.734s][info][gc] GC(712) Pause Cleanup 66M->66M(228M) 0.040ms
[136.734s][info][gc] GC(712) Concurrent Mark Cycle 6.673ms
[136.955s][info][gc] GC(713) Pause Young (Prepare Mixed) (G1 Evacuation Pause) 186M->63M(228M) 1.222ms
[137.192s][info][gc] GC(714) Pause Young (Mixed) (G1 Evacuation Pause) 187M->49M(228M) 1.390ms
[137.433s][info][gc] GC(715) Pause Young (Normal) (G1 Evacuation Pause) 173M->50M(228M) 1.131ms
[137.659s][info][gc] GC(716) Pause Young (Normal) (G1 Evacuation Pause) 174M->51M(228M) 1.129ms
[137.900s][info][gc] GC(717) Pause Young (Normal) (G1 Evacuation Pause) 175M->53M(228M) 1.151ms
[138.146s][info][gc] GC(718) Pause Young (Normal) (G1 Evacuation Pause) 177M->54M(228M) 1.177ms
[138.369s][info][gc] GC(719) Pause Young (Normal) (G1 Evacuation Pause) 178M->54M(228M) 1.151ms
[138.609s][info][gc] GC(720) Pause Young (Normal) (G1 Evacuation Pause) 178M->56M(228M) 1.100ms
[138.841s][info][gc] GC(721) Pause Young (Normal) (G1 Evacuation Pause) 180M->56M(228M) 1.178ms
[139.070s][info][gc] GC(722) Pause Young (Normal) (G1 Evacuation Pause) 180M->58M(228M) 1.139ms
[139.300s][info][gc] GC(723) Pause Young (Normal) (G1 Evacuation Pause) 182M->58M(228M) 1.141ms
[139.536s][info][gc] GC(724) Pause Young (Normal) (G1 Evacuation Pause) 182M->59M(228M) 1.241ms
[139.772s][info][gc] GC(725) Pause Young (Normal) (G1 Evacuation Pause) 183M->61M(228M) 1.129ms
[140.015s][info][gc] GC(726) Pause Young (Normal) (G1 Evacuation Pause) 185M->61M(228M) 1.125ms
[140.245s][info][gc] GC(727) Pause Young (Normal) (G1 Evacuation Pause) 185M->63M(228M) 1.146ms
[140.485s][info][gc] GC(728) Pause Young (Normal) (G1 Evacuation Pause) 187M->64M(228M) 1.275ms
[140.724s][info][gc] GC(729) Pause Young (Normal) (G1 Evacuation Pause) 188M->65M(228M) 1.114ms
[140.959s][info][gc] GC(730) Pause Young (Normal) (G1 Evacuation Pause) 189M->66M(228M) 1.171ms
[141.206s][info][gc] GC(731) Pause Young (Normal) (G1 Evacuation Pause) 190M->67M(228M) 1.222ms
[141.443s][info][gc] GC(732) Pause Young (Normal) (G1 Evacuation Pause) 191M->67M(228M) 1.063ms
[141.676s][info][gc] GC(733) Pause Young (Normal) (G1 Evacuation Pause) 191M->69M(228M) 1.121ms
[141.927s][info][gc] GC(734) Pause Young (Normal) (G1 Evacuation Pause) 185M->69M(228M) 1.079ms
[142.207s][info][gc] GC(735) Pause Young (Normal) (G1 Evacuation Pause) 193M->73M(228M) 1.214ms
[142.431s][info][gc] GC(736) Pause Young (Normal) (G1 Evacuation Pause) 189M->73M(228M) 1.281ms
[142.664s][info][gc] GC(737) Pause Young (Normal) (G1 Evacuation Pause) 197M->74M(228M) 1.233ms
[142.888s][info][gc] GC(738) Pause Young (Normal) (G1 Evacuation Pause) 194M->74M(228M) 1.198ms
[143.123s][info][gc] GC(739) Pause Young (Normal) (G1 Evacuation Pause) 194M->75M(228M) 1.341ms
[143.357s][info][gc] GC(740) Pause Young (Normal) (G1 Evacuation Pause) 195M->76M(228M) 1.220ms
[143.573s][info][gc] GC(741) Pause Young (Normal) (G1 Evacuation Pause) 192M->78M(228M) 1.410ms
[143.780s][info][gc] GC(742) Pause Young (Normal) (G1 Evacuation Pause) 190M->79M(228M) 1.020ms
[144.010s][info][gc] GC(743) Pause Young (Normal) (G1 Evacuation Pause) 199M->79M(228M) 0.953ms
[144.221s][info][gc] GC(744) Pause Young (Normal) (G1 Evacuation Pause) 191M->80M(228M) 0.957ms
[144.446s][info][gc] GC(745) Pause Young (Normal) (G1 Evacuation Pause) 192M->81M(228M) 1.030ms
[144.656s][info][gc] GC(746) Pause Young (Normal) (G1 Evacuation Pause) 193M->82M(228M) 1.002ms
[144.858s][info][gc] GC(747) Pause Young (Concurrent Start) (G1 Evacuation Pause) 190M->83M(228M) 0.935ms
[144.858s][info][gc] GC(748) Concurrent Mark Cycle
[144.862s][info][gc] GC(748) Pause Remark 85M->53M(200M) 0.348ms
[144.864s][info][gc] GC(748) Pause Cleanup 53M->53M(200M) 0.023ms
[144.864s][info][gc] GC(748) Concurrent Mark Cycle 6.052ms
[145.074s][info][gc] GC(749) Pause Young (Prepare Mixed) (G1 Evacuation Pause) 159M->52M(200M) 1.234ms
[145.283s][info][gc] GC(750) Pause Young (Mixed) (G1 Evacuation Pause) 160M->46M(200M) 1.258ms
[145.484s][info][gc] GC(751) Pause Young (Normal) (G1 Evacuation Pause) 154M->46M(200M) 1.141ms
[145.699s][info][gc] GC(752) Pause Young (Normal) (G1 Evacuation Pause) 154M->48M(200M) 1.126ms
[145.895s][info][gc] GC(753) Pause Young (Normal) (G1 Evacuation Pause) 156M->48M(200M) 1.128ms
[146.109s][info][gc] GC(754) Pause Young (Normal) (G1 Evacuation Pause) 156M->49M(200M) 1.168ms
[146.324s][info][gc] GC(755) Pause Young (Normal) (G1 Evacuation Pause) 157M->50M(200M) 1.103ms
[146.534s][info][gc] GC(756) Pause Young (Normal) (G1 Evacuation Pause) 158M->51M(200M) 1.118ms
[146.731s][info][gc] GC(757) Pause Young (Normal) (G1 Evacuation Pause) 159M->52M(200M) 1.110ms
[146.930s][info][gc] GC(758) Pause Young (Normal) (G1 Evacuation Pause) 160M->53M(200M) 1.119ms
[147.145s][info][gc] GC(759) Pause Young (Normal) (G1 Evacuation Pause) 161M->54M(200M) 1.125ms
[147.353s][info][gc] GC(760) Pause Young (Normal) (G1 Evacuation Pause) 162M->54M(200M) 1.145ms
[147.554s][info][gc] GC(761) Pause Young (Normal) (G1 Evacuation Pause) 162M->55M(200M) 1.111ms
[147.765s][info][gc] GC(762) Pause Young (Normal) (G1 Evacuation Pause) 163M->57M(200M) 1.132ms
[147.969s][info][gc] GC(763) Pause Young (Normal) (G1 Evacuation Pause) 165M->57M(200M) 1.121ms
[148.171s][info][gc] GC(764) Pause Young (Normal) (G1 Evacuation Pause) 165M->58M(200M) 1.121ms
[148.374s][info][gc] GC(765) Pause Young (Normal) (G1 Evacuation Pause) 166M->59M(200M) 1.228ms
[148.587s][info][gc] GC(766) Pause Young (Normal) (G1 Evacuation Pause) 167M->60M(200M) 1.097ms
[148.798s][info][gc] GC(767) Pause Young (Normal) (G1 Evacuation Pause) 168M->61M(200M) 1.143ms
[149.000s][info][gc] GC(768) Pause Young (Normal) (G1 Evacuation Pause) 169M->62M(200M) 1.129ms
[149.205s][info][gc] GC(769) Pause Young (Normal) (G1 Evacuation Pause) 166M->63M(200M) 1.121ms
[149.400s][info][gc] GC(770) Pause Young (Normal) (G1 Evacuation Pause) 167M->64M(200M) 1.079ms
[149.592s][info][gc] GC(771) Pause Young (Normal) (G1 Evacuation Pause) 168M->65M(200M) 1.101ms
[149.790s][info][gc] GC(772) Pause Young (Normal) (G1 Evacuation Pause) 169M->66M(200M) 1.121ms
[149.989s][info][gc] GC(773) Pause Young (Normal) (G1 Evacuation Pause) 170M->66M(200M) 1.151ms
[150.180s][info][gc] GC(774) Pause Young (Normal) (G1 Evacuation Pause) 166M->67M(200M) 1.025ms
[150.376s][info][gc] GC(775) Pause Young (Normal) (G1 Evacuation Pause) 167M->68M(200M) 1.047ms
[150.557s][info][gc] GC(776) Pause Young (Normal) (G1 Evacuation Pause) 168M->68M(200M) 1.139ms
[150.740s][info][gc] GC(777) Pause Young (Normal) (G1 Evacuation Pause) 168M->69M(200M) 1.171ms
[150.934s][info][gc] GC(778) Pause Young (Normal) (G1 Evacuation Pause) 169M->71M(200M) 1.128ms
[151.189s][info][gc] GC(779) Pause Young (Normal) (G1 Evacuation Pause) 167M->72M(200M) 1.134ms
[151.377s][info][gc] GC(780) Pause Young (Normal) (G1 Evacuation Pause) 168M->72M(200M) 1.205ms
[151.567s][info][gc] GC(781) Pause Young (Normal) (G1 Evacuation Pause) 168M->74M(200M) 1.150ms
[151.746s][info][gc] GC(782) Pause Young (Normal) (G1 Evacuation Pause) 170M->75M(200M) 1.151ms
[151.926s][info][gc] GC(783) Pause Young (Concurrent Start) (G1 Evacuation Pause) 167M->75M(200M) 1.148ms
[151.927s][info][gc] GC(784) Concurrent Mark Cycle
[151.930s][info][gc] GC(784) Pause Remark 77M->49M(188M) 0.374ms
[151.932s][info][gc] GC(784) Pause Cleanup 49M->49M(188M) 0.020ms
[151.932s][info][gc] GC(784) Concurrent Mark Cycle 5.119ms
[152.106s][info][gc] GC(785) Pause Young (Prepare Mixed) (G1 Evacuation Pause) 139M->48M(188M) 1.214ms
[152.290s][info][gc] GC(786) Pause Young (Mixed) (G1 Evacuation Pause) 148M->42M(188M) 1.441ms
[152.480s][info][gc] GC(787) Pause Young (Normal) (G1 Evacuation Pause) 142M->42M(188M) 1.185ms
[152.667s][info][gc] GC(788) Pause Young (Normal) (G1 Evacuation Pause) 142M->43M(188M) 1.198ms
[152.853s][info][gc] GC(789) Pause Young (Normal) (G1 Evacuation Pause) 143M->44M(188M) 1.170ms
[153.035s][info][gc] GC(790) Pause Young (Normal) (G1 Evacuation Pause) 144M->45M(188M) 1.038ms
[153.223s][info][gc] GC(791) Pause Young (Normal) (G1 Evacuation Pause) 145M->46M(188M) 1.118ms
[153.418s][info][gc] GC(792) Pause Young (Normal) (G1 Evacuation Pause) 146M->47M(188M) 1.093ms
[153.606s][info][gc] GC(793) Pause Young (Normal) (G1 Evacuation Pause) 147M->48M(188M) 1.112ms
[153.797s][info][gc] GC(794) Pause Young (Normal) (G1 Evacuation Pause) 148M->48M(188M) 1.126ms
[153.981s][info][gc] GC(795) Pause Young (Normal) (G1 Evacuation Pause) 148M->49M(188M) 1.088ms
[154.167s][info][gc] GC(796) Pause Young (Normal) (G1 Evacuation Pause) 149M->50M(188M) 1.086ms
[154.356s][info][gc] GC(797) Pause Young (Normal) (G1 Evacuation Pause) 150M->51M(188M) 1.140ms
[154.543s][info][gc] GC(798) Pause Young (Normal) (G1 Evacuation Pause) 151M->52M(188M) 1.104ms
[154.733s][info][gc] GC(799) Pause Young (Normal) (G1 Evacuation Pause) 152M->52M(188M) 1.106ms
[154.930s][info][gc] GC(800) Pause Young (Normal) (G1 Evacuation Pause) 152M->53M(188M) 1.086ms
[155.122s][info][gc] GC(801) Pause Young (Normal) (G1 Evacuation Pause) 153M->54M(188M) 1.074ms
[155.307s][info][gc] GC(802) Pause Young (Normal) (G1 Evacuation Pause) 154M->55M(188M) 1.158ms
[155.493s][info][gc] GC(803) Pause Young (Normal) (G1 Evacuation Pause) 155M->56M(188M) 1.119ms
[155.682s][info][gc] GC(804) Pause Young (Normal) (G1 Evacuation Pause) 156M->57M(188M) 1.098ms
[155.870s][info][gc] GC(805) Pause Young (Normal) (G1 Evacuation Pause) 157M->58M(188M) 1.074ms
[156.055s][info][gc] GC(806) Pause Young (Normal) (G1 Evacuation Pause) 158M->58M(188M) 1.071ms
[156.237s][info][gc] GC(807) Pause Young (Normal) (G1 Evacuation Pause) 154M->59M(188M) 1.158ms
[156.416s][info][gc] GC(808) Pause Young (Normal) (G1 Evacuation Pause) 155M->60M(188M) 1.127ms
[156.601s][info][gc] GC(809) Pause Young (Normal) (G1 Evacuation Pause) 156M->61M(188M) 1.086ms
[156.787s][info][gc] GC(810) Pause Young (Normal) (G1 Evacuation Pause) 157M->61M(188M) 1.138ms
[156.972s][info][gc] GC(811) Pause Young (Normal) (G1 Evacuation Pause) 157M->63M(188M) 1.193ms
[157.152s][info][gc] GC(812) Pause Young (Normal) (G1 Evacuation Pause) 155M->64M(188M) 1.075ms
[157.330s][info][gc] GC(813) Pause Young (Normal) (G1 Evacuation Pause) 156M->64M(188M) 1.083ms
[157.501s][info][gc] GC(814) Pause Young (Normal) (G1 Evacuation Pause) 156M->65M(188M) 1.076ms
[157.674s][info][gc] GC(815) Pause Young (Normal) (G1 Evacuation Pause) 157M->65M(188M) 1.124ms
[157.841s][info][gc] GC(816) Pause Young (Normal) (G1 Evacuation Pause) 153M->66M(188M) 1.026ms
[158.004s][info][gc] GC(817) Pause Young (Normal) (G1 Evacuation Pause) 154M->67M(188M) 1.096ms
[158.176s][info][gc] GC(818) Pause Young (Normal) (G1 Evacuation Pause) 155M->68M(188M) 1.090ms
[158.337s][info][gc] GC(819) Pause Young (Normal) (G1 Evacuation Pause) 156M->68M(188M) 1.087ms
[158.507s][info][gc] GC(820) Pause Young (Normal) (G1 Evacuation Pause) 156M->69M(188M) 1.166ms
[158.680s][info][gc] GC(821) Pause Young (Normal) (G1 Evacuation Pause) 157M->70M(188M) 1.064ms
[158.831s][info][gc] GC(822) Pause Young (Concurrent Start) (G1 Evacuation Pause) 154M->71M(188M) 1.115ms
[158.831s][info][gc] GC(823) Concurrent Mark Cycle
[158.839s][info][gc] GC(823) Pause Remark 76M->76M(188M) 0.370ms
[158.845s][info][gc] GC(823) Pause Cleanup 80M->80M(188M) 0.023ms
[158.845s][info][gc] GC(823) Concurrent Mark Cycle 14.695ms
[159.003s][info][gc] GC(824) Pause Young (Prepare Mixed) (G1 Evacuation Pause) 163M->71M(188M) 0.999ms
[159.178s][info][gc] GC(825) Pause Young (Mixed) (G1 Evacuation Pause) 163M->66M(188M) 1.201ms
[159.347s][info][gc] GC(826) Pause Young (Normal) (G1 Evacuation Pause) 154M->66M(188M) 0.949ms
[159.516s][info][gc] GC(827) Pause Young (Normal) (G1 Evacuation Pause) 154M->67M(188M) 1.120ms
[159.689s][info][gc] GC(828) Pause Young (Normal) (G1 Evacuation Pause) 155M->68M(188M) 1.107ms
[159.854s][info][gc] GC(829) Pause Young (Normal) (G1 Evacuation Pause) 156M->68M(188M) 1.075ms
[160.048s][info][gc] GC(830) Pause Young (Normal) (G1 Evacuation Pause) 156M->69M(188M) 0.953ms
[160.174s][info][gc] GC(831) Pause Young (Normal) (G1 Evacuation Pause) 157M->74M(188M) 1.244ms
[160.213s][info][gc] GC(832) Pause Young (Normal) (G1 Evacuation Pause) 154M->75M(188M) 1.309ms
[160.261s][info][gc] GC(833) Pause Young (Concurrent Start) (G1 Evacuation Pause) 163M->76M(188M) 1.283ms
[160.261s][info][gc] GC(834) Concurrent Mark Cycle
[160.266s][info][gc] GC(834) Pause Remark 87M->63M(188M) 0.424ms
[160.267s][info][gc] GC(834) Pause Cleanup 67M->67M(188M) 0.045ms
[160.268s][info][gc] GC(834) Concurrent Mark Cycle 6.262ms
[160.304s][info][gc] GC(835) Pause Young (Prepare Mixed) (G1 Evacuation Pause) 140M->53M(188M) 1.146ms
[160.357s][info][gc] GC(836) Pause Young (Mixed) (G1 Evacuation Pause) 157M->38M(188M) 1.007ms
[160.406s][info][gc] GC(837) Pause Young (Normal) (G1 Evacuation Pause) 142M->39M(232M) 1.017ms
[160.475s][info][gc] GC(838) Pause Young (Normal) (G1 Evacuation Pause) 167M->40M(232M) 0.957ms
[160.542s][info][gc] GC(839) Pause Young (Normal) (G1 Evacuation Pause) 168M->41M(232M) 1.178ms
[160.597s][info][gc] GC(840) Pause Young (Normal) (G1 Evacuation Pause) 165M->42M(232M) 1.132ms
[160.662s][info][gc] GC(841) Pause Young (Normal) (G1 Evacuation Pause) 166M->44M(280M) 1.289ms
[160.743s][info][gc] GC(842) Pause Young (Normal) (G1 Evacuation Pause) 200M->45M(280M) 1.361ms
[160.813s][info][gc] GC(843) Pause Young (Normal) (G1 Evacuation Pause) 197M->45M(280M) 1.240ms
[160.890s][info][gc] GC(844) Pause Young (Normal) (G1 Evacuation Pause) 197M->48M(280M) 1.280ms
[160.967s][info][gc] GC(845) Pause Young (Normal) (G1 Evacuation Pause) 200M->49M(336M) 1.477ms
[161.062s][info][gc] GC(846) Pause Young (Normal) (G1 Evacuation Pause) 233M->50M(336M) 1.440ms
[161.152s][info][gc] GC(847) Pause Young (Normal) (G1 Evacuation Pause) 234M->52M(336M) 1.476ms
[161.239s][info][gc] GC(848) Pause Young (Normal) (G1 Evacuation Pause) 232M->53M(336M) 1.568ms
[161.331s][info][gc] GC(849) Pause Young (Normal) (G1 Evacuation Pause) 233M->55M(404M) 1.528ms
[161.440s][info][gc] GC(850) Pause Young (Normal) (G1 Evacuation Pause) 275M->57M(404M) 1.537ms
[161.547s][info][gc] GC(851) Pause Young (Normal) (G1 Evacuation Pause) 277M->59M(404M) 1.673ms
[161.654s][info][gc] GC(852) Pause Young (Normal) (G1 Evacuation Pause) 279M->61M(404M) 1.684ms
[161.769s][info][gc] GC(853) Pause Young (Normal) (G1 Evacuation Pause) 281M->62M(488M) 1.756ms
[161.907s][info][gc] GC(854) Pause Young (Normal) (G1 Evacuation Pause) 334M->64M(488M) 1.998ms
[162.035s][info][gc] GC(855) Pause Young (Normal) (G1 Evacuation Pause) 332M->66M(488M) 1.875ms
[162.174s][info][gc] GC(856) Pause Young (Normal) (G1 Evacuation Pause) 334M->69M(488M) 2.145ms
[162.302s][info][gc] GC(857) Pause Young (Normal) (G1 Evacuation Pause) 333M->72M(488M) 1.995ms
[162.441s][info][gc] GC(858) Pause Young (Normal) (G1 Evacuation Pause) 340M->74M(488M) 1.873ms
[162.573s][info][gc] GC(859) Pause Young (Normal) (G1 Evacuation Pause) 342M->76M(488M) 2.036ms
[162.700s][info][gc] GC(860) Pause Young (Normal) (G1 Evacuation Pause) 340M->78M(488M) 1.871ms
[162.839s][info][gc] GC(861) Pause Young (Normal) (G1 Evacuation Pause) 346M->80M(488M) 1.976ms
[162.967s][info][gc] GC(862) Pause Young (Normal) (G1 Evacuation Pause) 348M->82M(488M) 1.889ms
[163.105s][info][gc] GC(863) Pause Young (Normal) (G1 Evacuation Pause) 350M->84M(488M) 1.810ms
[163.238s][info][gc] GC(864) Pause Young (Normal) (G1 Evacuation Pause) 352M->87M(488M) 2.025ms
[163.369s][info][gc] GC(865) Pause Young (Normal) (G1 Evacuation Pause) 355M->90M(488M) 1.943ms
[163.506s][info][gc] GC(866) Pause Young (Normal) (G1 Evacuation Pause) 358M->91M(488M) 2.040ms
[163.633s][info][gc] GC(867) Pause Young (Normal) (G1 Evacuation Pause) 359M->93M(488M) 1.868ms
[163.770s][info][gc] GC(868) Pause Young (Normal) (G1 Evacuation Pause) 361M->95M(488M) 2.317ms
[163.905s][info][gc] GC(869) Pause Young (Normal) (G1 Evacuation Pause) 363M->98M(488M) 1.981ms
[164.036s][info][gc] GC(870) Pause Young (Normal) (G1 Evacuation Pause) 366M->101M(488M) 2.017ms
[164.172s][info][gc] GC(871) Pause Young (Normal) (G1 Evacuation Pause) 369M->103M(488M) 2.087ms
[164.304s][info][gc] GC(872) Pause Young (Normal) (G1 Evacuation Pause) 371M->106M(488M) 2.027ms
[164.438s][info][gc] GC(873) Pause Young (Normal) (G1 Evacuation Pause) 370M->106M(488M) 1.945ms
[164.566s][info][gc] GC(874) Pause Young (Normal) (G1 Evacuation Pause) 374M->109M(488M) 1.885ms
[164.699s][info][gc] GC(875) Pause Young (Normal) (G1 Evacuation Pause) 377M->111M(488M) 1.918ms
[164.835s][info][gc] GC(876) Pause Young (Normal) (G1 Evacuation Pause) 379M->115M(488M) 1.898ms
[165.081s][info][gc] GC(877) Pause Young (Normal) (G1 Evacuation Pause) 379M->118M(488M) 2.234ms
[165.211s][info][gc] GC(878) Pause Young (Normal) (G1 Evacuation Pause) 382M->120M(488M) 2.230ms
[165.350s][info][gc] GC(879) Pause Young (Normal) (G1 Evacuation Pause) 388M->123M(488M) 1.988ms
[165.482s][info][gc] GC(880) Pause Young (Normal) (G1 Evacuation Pause) 391M->124M(488M) 2.001ms
[165.624s][info][gc] GC(881) Pause Young (Normal) (G1 Evacuation Pause) 392M->127M(488M) 2.258ms
[165.750s][info][gc] GC(882) Pause Young (Normal) (G1 Evacuation Pause) 395M->130M(488M) 1.973ms
[165.881s][info][gc] GC(883) Pause Young (Normal) (G1 Evacuation Pause) 398M->131M(488M) 1.926ms
[166.020s][info][gc] GC(884) Pause Young (Normal) (G1 Evacuation Pause) 399M->133M(488M) 2.425ms
[166.149s][info][gc] GC(885) Pause Young (Normal) (G1 Evacuation Pause) 397M->135M(488M) 2.093ms
[166.290s][info][gc] GC(886) Pause Young (Normal) (G1 Evacuation Pause) 403M->138M(488M) 2.012ms
[166.418s][info][gc] GC(887) Pause Young (Normal) (G1 Evacuation Pause) 406M->139M(488M) 1.923ms
[166.555s][info][gc] GC(888) Pause Young (Normal) (G1 Evacuation Pause) 407M->142M(488M) 2.095ms
[166.688s][info][gc] GC(889) Pause Young (Normal) (G1 Evacuation Pause) 410M->145M(488M) 2.077ms
[166.821s][info][gc] GC(890) Pause Young (Normal) (G1 Evacuation Pause) 413M->147M(488M) 1.859ms
[166.960s][info][gc] GC(891) Pause Young (Normal) (G1 Evacuation Pause) 415M->149M(488M) 2.047ms
[167.091s][info][gc] GC(892) Pause Young (Normal) (G1 Evacuation Pause) 417M->152M(488M) 2.075ms
[167.231s][info][gc] GC(893) Pause Young (Normal) (G1 Evacuation Pause) 420M->154M(488M) 2.104ms
[167.363s][info][gc] GC(894) Pause Young (Normal) (G1 Evacuation Pause) 422M->156M(488M) 2.015ms
[167.496s][info][gc] GC(895) Pause Young (Normal) (G1 Evacuation Pause) 424M->159M(488M) 1.888ms
[167.633s][info][gc] GC(896) Pause Young (Normal) (G1 Evacuation Pause) 423M->160M(488M) 2.358ms
[167.771s][info][gc] GC(897) Pause Young (Normal) (G1 Evacuation Pause) 428M->162M(488M) 2.178ms
[167.914s][info][gc] GC(898) Pause Young (Normal) (G1 Evacuation Pause) 430M->165M(488M) 1.976ms
[168.045s][info][gc] GC(899) Pause Young (Normal) (G1 Evacuation Pause) 429M->167M(488M) 1.906ms
[168.174s][info][gc] GC(900) Pause Young (Normal) (G1 Evacuation Pause) 427M->170M(488M) 1.943ms
[168.310s][info][gc] GC(901) Pause Young (Normal) (G1 Evacuation Pause) 430M->172M(488M) 1.801ms
[168.435s][info][gc] GC(902) Pause Young (Normal) (G1 Evacuation Pause) 428M->174M(488M) 1.785ms
[168.562s][info][gc] GC(903) Pause Young (Normal) (G1 Evacuation Pause) 430M->175M(488M) 1.700ms
[168.691s][info][gc] GC(904) Pause Young (Normal) (G1 Evacuation Pause) 427M->178M(488M) 1.907ms
[168.815s][info][gc] GC(905) Pause Young (Normal) (G1 Evacuation Pause) 426M->180M(488M) 1.788ms
[168.937s][info][gc] GC(906) Pause Young (Normal) (G1 Evacuation Pause) 428M->181M(488M) 1.810ms
[169.065s][info][gc] GC(907) Pause Young (Concurrent Start) (G1 Evacuation Pause) 433M->183M(488M) 1.735ms
[169.065s][info][gc] GC(908) Concurrent Mark Cycle
[169.084s][info][gc] GC(908) Pause Remark 218M->150M(400M) 0.406ms
[169.097s][info][gc] GC(908) Pause Cleanup 185M->185M(400M) 0.048ms
[169.098s][info][gc] GC(908) Concurrent Mark Cycle 32.806ms
[169.177s][info][gc] GC(909) Pause Young (Prepare Mixed) (G1 Evacuation Pause) 335M->118M(400M) 1.783ms
[169.288s][info][gc] GC(910) Pause Young (Mixed) (G1 Evacuation Pause) 338M->111M(400M) 1.692ms
[169.398s][info][gc] GC(911) Pause Young (Normal) (G1 Evacuation Pause) 331M->114M(400M) 1.592ms
[169.507s][info][gc] GC(912) Pause Young (Normal) (G1 Evacuation Pause) 334M->116M(400M) 1.546ms
[169.619s][info][gc] GC(913) Pause Young (Normal) (G1 Evacuation Pause) 336M->117M(480M) 1.734ms
[169.753s][info][gc] GC(914) Pause Young (Normal) (G1 Evacuation Pause) 385M->119M(480M) 1.668ms
[170.054s][info][gc] GC(915) Pause Young (Normal) (G1 Evacuation Pause) 383M->122M(480M) 1.873ms
[170.312s][info][gc] GC(916) Pause Young (Normal) (G1 Evacuation Pause) 386M->123M(480M) 1.755ms
[170.560s][info][gc] GC(917) Pause Young (Normal) (G1 Evacuation Pause) 387M->125M(480M) 1.794ms
[170.817s][info][gc] GC(918) Pause Young (Normal) (G1 Evacuation Pause) 389M->128M(480M) 1.832ms
[171.069s][info][gc] GC(919) Pause Young (Normal) (G1 Evacuation Pause) 392M->130M(480M) 1.929ms
[171.324s][info][gc] GC(920) Pause Young (Normal) (G1 Evacuation Pause) 394M->133M(480M) 2.062ms
[171.576s][info][gc] GC(921) Pause Young (Normal) (G1 Evacuation Pause) 397M->135M(480M) 1.863ms
[171.826s][info][gc] GC(922) Pause Young (Normal) (G1 Evacuation Pause) 399M->136M(480M) 1.993ms
[172.084s][info][gc] GC(923) Pause Young (Normal) (G1 Evacuation Pause) 400M->140M(480M) 1.864ms
[172.336s][info][gc] GC(924) Pause Young (Normal) (G1 Evacuation Pause) 404M->142M(480M) 1.851ms
[172.590s][info][gc] GC(925) Pause Young (Normal) (G1 Evacuation Pause) 406M->142M(480M) 1.760ms
[172.842s][info][gc] GC(926) Pause Young (Normal) (G1 Evacuation Pause) 406M->146M(480M) 1.723ms
[173.095s][info][gc] GC(927) Pause Young (Normal) (G1 Evacuation Pause) 410M->148M(480M) 1.968ms
[173.353s][info][gc] GC(928) Pause Young (Normal) (G1 Evacuation Pause) 412M->150M(480M) 1.767ms
[173.608s][info][gc] GC(929) Pause Young (Normal) (G1 Evacuation Pause) 414M->153M(480M) 1.913ms
[173.867s][info][gc] GC(930) Pause Young (Normal) (G1 Evacuation Pause) 417M->155M(480M) 1.748ms
[174.115s][info][gc] GC(931) Pause Young (Normal) (G1 Evacuation Pause) 419M->158M(480M) 1.711ms
[174.371s][info][gc] GC(932) Pause Young (Normal) (G1 Evacuation Pause) 422M->159M(480M) 1.804ms
[174.741s][info][gc] GC(933) Pause Young (Normal) (G1 Evacuation Pause) 423M->162M(480M) 2.041ms
[174.996s][info][gc] GC(934) Pause Young (Normal) (G1 Evacuation Pause) 422M->165M(480M) 1.877ms
[175.237s][info][gc] GC(935) Pause Young (Normal) (G1 Evacuation Pause) 421M->168M(480M) 1.861ms
[175.485s][info][gc] GC(936) Pause Young (Normal) (G1 Evacuation Pause) 424M->169M(480M) 1.761ms
[175.730s][info][gc] GC(937) Pause Young (Normal) (G1 Evacuation Pause) 421M->172M(480M) 1.722ms
[175.970s][info][gc] GC(938) Pause Young (Normal) (G1 Evacuation Pause) 424M->175M(480M) 1.793ms
[176.210s][info][gc] GC(939) Pause Young (Normal) (G1 Evacuation Pause) 423M->175M(480M) 1.798ms
[176.462s][info][gc] GC(940) Pause Young (Normal) (G1 Evacuation Pause) 431M->178M(480M) 1.854ms
[176.691s][info][gc] GC(941) Pause Young (Concurrent Start) (G1 Evacuation Pause) 422M->181M(480M) 1.873ms
[176.691s][info][gc] GC(942) Concurrent Mark Cycle
[176.696s][info][gc] GC(942) Pause Remark 191M->76M(240M) 0.441ms
[176.698s][info][gc] GC(942) Pause Cleanup 76M->76M(240M) 0.053ms
[176.698s][info][gc] GC(942) Concurrent Mark Cycle 6.713ms
[176.809s][info][gc] GC(943) Pause Young (Prepare Mixed) (G1 Evacuation Pause) 190M->66M(240M) 1.488ms
[176.941s][info][gc] GC(944) Pause Young (Mixed) (G1 Evacuation Pause) 198M->56M(240M) 1.690ms
[177.065s][info][gc] GC(945) Pause Young (Normal) (G1 Evacuation Pause) 188M->57M(240M) 1.244ms
[177.198s][info][gc] GC(946) Pause Young (Normal) (G1 Evacuation Pause) 189M->59M(240M) 1.154ms
[177.318s][info][gc] GC(947) Pause Young (Normal) (G1 Evacuation Pause) 191M->59M(240M) 1.183ms
[177.443s][info][gc] GC(948) Pause Young (Normal) (G1 Evacuation Pause) 191M->61M(240M) 1.191ms
[177.572s][info][gc] GC(949) Pause Young (Normal) (G1 Evacuation Pause) 193M->62M(240M) 1.077ms
[177.704s][info][gc] GC(950) Pause Young (Normal) (G1 Evacuation Pause) 194M->63M(240M) 1.177ms
[177.841s][info][gc] GC(951) Pause Young (Normal) (G1 Evacuation Pause) 195M->64M(240M) 1.190ms
[177.962s][info][gc] GC(952) Pause Young (Normal) (G1 Evacuation Pause) 196M->65M(240M) 1.282ms
[178.091s][info][gc] GC(953) Pause Young (Normal) (G1 Evacuation Pause) 197M->66M(288M) 1.355ms
[178.254s][info][gc] GC(954) Pause Young (Normal) (G1 Evacuation Pause) 226M->68M(288M) 1.478ms
[178.416s][info][gc] GC(955) Pause Young (Normal) (G1 Evacuation Pause) 224M->70M(288M) 1.317ms
[178.559s][info][gc] GC(956) Pause Young (Normal) (G1 Evacuation Pause) 226M->70M(288M) 1.522ms
[178.715s][info][gc] GC(957) Pause Young (Normal) (G1 Evacuation Pause) 226M->72M(288M) 1.300ms
[178.865s][info][gc] GC(958) Pause Young (Normal) (G1 Evacuation Pause) 228M->73M(288M) 1.306ms
[179.013s][info][gc] GC(959) Pause Young (Normal) (G1 Evacuation Pause) 229M->75M(288M) 1.305ms
[179.166s][info][gc] GC(960) Pause Young (Normal) (G1 Evacuation Pause) 231M->76M(288M) 1.320ms
[179.417s][info][gc] GC(961) Pause Young (Normal) (G1 Evacuation Pause) 232M->78M(288M) 1.456ms
[179.572s][info][gc] GC(962) Pause Young (Normal) (G1 Evacuation Pause) 234M->79M(288M) 1.558ms
[179.727s][info][gc] GC(963) Pause Young (Normal) (G1 Evacuation Pause) 235M->80M(288M) 1.436ms
[179.874s][info][gc] GC(964) Pause Young (Normal) (G1 Evacuation Pause) 236M->81M(288M) 1.587ms
[180.028s][info][gc] GC(965) Pause Young (Normal) (G1 Evacuation Pause) 237M->83M(288M) 1.425ms
[180.182s][info][gc] GC(966) Pause Young (Normal) (G1 Evacuation Pause) 239M->84M(288M) 1.426ms
[180.327s][info][gc] GC(967) Pause Young (Normal) (G1 Evacuation Pause) 240M->85M(288M) 1.479ms
[180.476s][info][gc] GC(968) Pause Young (Normal) (G1 Evacuation Pause) 241M->87M(288M) 1.425ms
[180.634s][info][gc] GC(969) Pause Young (Normal) (G1 Evacuation Pause) 243M->88M(288M) 1.532ms
[180.778s][info][gc] GC(970) Pause Young (Normal) (G1 Evacuation Pause) 244M->89M(288M) 1.474ms
[180.934s][info][gc] GC(971) Pause Young (Normal) (G1 Evacuation Pause) 245M->91M(288M) 1.318ms
[181.078s][info][gc] GC(972) Pause Young (Normal) (G1 Evacuation Pause) 243M->92M(288M) 1.270ms
[181.236s][info][gc] GC(973) Pause Young (Normal) (G1 Evacuation Pause) 244M->94M(288M) 1.344ms
[181.386s][info][gc] GC(974) Pause Young (Normal) (G1 Evacuation Pause) 246M->95M(288M) 1.409ms
[181.525s][info][gc] GC(975) Pause Young (Normal) (G1 Evacuation Pause) 243M->97M(288M) 1.329ms
[181.669s][info][gc] GC(976) Pause Young (Normal) (G1 Evacuation Pause) 245M->97M(288M) 1.310ms
[181.809s][info][gc] GC(977) Pause Young (Normal) (G1 Evacuation Pause) 245M->98M(288M) 1.581ms
[181.967s][info][gc] GC(978) Pause Young (Normal) (G1 Evacuation Pause) 246M->100M(288M) 1.406ms
[182.099s][info][gc] GC(979) Pause Young (Normal) (G1 Evacuation Pause) 244M->100M(288M) 1.274ms
[182.250s][info][gc] GC(980) Pause Young (Normal) (G1 Evacuation Pause) 248M->102M(288M) 1.170ms
[182.392s][info][gc] GC(981) Pause Young (Normal) (G1 Evacuation Pause) 242M->103M(288M) 1.283ms
[182.531s][info][gc] GC(982) Pause Young (Normal) (G1 Evacuation Pause) 251M->105M(288M) 1.225ms
[182.672s][info][gc] GC(983) Pause Young (Concurrent Start) (G1 Evacuation Pause) 249M->106M(288M) 1.356ms
[182.672s][info][gc] GC(984) Concurrent Mark Cycle
[182.680s][info][gc] GC(984) Pause Remark 114M->78M(256M) 0.402ms
[182.684s][info][gc] GC(984) Pause Cleanup 85M->85M(256M) 0.040ms
[182.684s][info][gc] GC(984) Concurrent Mark Cycle 12.037ms
[182.803s][info][gc] GC(985) Pause Young (Prepare Mixed) (G1 Evacuation Pause) 210M->71M(256M) 1.174ms
[182.941s][info][gc] GC(986) Pause Young (Mixed) (G1 Evacuation Pause) 211M->65M(256M) 1.466ms
[183.072s][info][gc] GC(987) Pause Young (Normal) (G1 Evacuation Pause) 205M->66M(256M) 1.190ms
[183.215s][info][gc] GC(988) Pause Young (Normal) (G1 Evacuation Pause) 206M->67M(256M) 1.176ms
[183.347s][info][gc] GC(989) Pause Young (Normal) (G1 Evacuation Pause) 207M->69M(256M) 1.149ms
[183.488s][info][gc] GC(990) Pause Young (Normal) (G1 Evacuation Pause) 209M->70M(256M) 1.199ms
[183.619s][info][gc] GC(991) Pause Young (Normal) (G1 Evacuation Pause) 210M->71M(256M) 1.276ms
[183.760s][info][gc] GC(992) Pause Young (Normal) (G1 Evacuation Pause) 211M->73M(256M) 1.347ms
[183.888s][info][gc] GC(993) Pause Young (Normal) (G1 Evacuation Pause) 213M->73M(256M) 1.243ms
[184.141s][info][gc] GC(994) Pause Young (Normal) (G1 Evacuation Pause) 213M->75M(256M) 1.381ms
[184.275s][info][gc] GC(995) Pause Young (Normal) (G1 Evacuation Pause) 211M->76M(256M) 1.291ms
[184.409s][info][gc] GC(996) Pause Young (Normal) (G1 Evacuation Pause) 216M->78M(256M) 1.270ms
[184.543s][info][gc] GC(997) Pause Young (Normal) (G1 Evacuation Pause) 218M->78M(256M) 1.241ms
[184.677s][info][gc] GC(998) Pause Young (Normal) (G1 Evacuation Pause) 218M->80M(256M) 1.333ms
[184.814s][info][gc] GC(999) Pause Young (Normal) (G1 Evacuation Pause) 220M->81M(256M) 1.291ms
[184.948s][info][gc] GC(1000) Pause Young (Normal) (G1 Evacuation Pause) 221M->82M(256M) 1.328ms
[185.085s][info][gc] GC(1001) Pause Young (Normal) (G1 Evacuation Pause) 222M->83M(256M) 1.271ms
[185.218s][info][gc] GC(1002) Pause Young (Normal) (G1 Evacuation Pause) 223M->85M(256M) 1.339ms
[185.348s][info][gc] GC(1003) Pause Young (Normal) (G1 Evacuation Pause) 221M->86M(256M) 1.131ms
[185.480s][info][gc] GC(1004) Pause Young (Normal) (G1 Evacuation Pause) 222M->87M(256M) 1.210ms
[185.609s][info][gc] GC(1005) Pause Young (Normal) (G1 Evacuation Pause) 223M->88M(256M) 1.191ms
[185.747s][info][gc] GC(1006) Pause Young (Normal) (G1 Evacuation Pause) 224M->89M(256M) 1.234ms
[185.872s][info][gc] GC(1007) Pause Young (Normal) (G1 Evacuation Pause) 221M->91M(256M) 1.184ms
[186.001s][info][gc] GC(1008) Pause Young (Normal) (G1 Evacuation Pause) 223M->91M(256M) 1.181ms
[186.124s][info][gc] GC(1009) Pause Young (Normal) (G1 Evacuation Pause) 223M->93M(256M) 1.248ms
[186.246s][info][gc] GC(1010) Pause Young (Concurrent Start) (G1 Evacuation Pause) 221M->94M(256M) 1.214ms
[186.246s][info][gc] GC(1011) Concurrent Mark Cycle
[186.251s][info][gc] GC(1011) Pause Remark 99M->67M(228M) 0.375ms
[186.254s][info][gc] GC(1011) Pause Cleanup 70M->70M(228M) 0.037ms
[186.254s][info][gc] GC(1011) Concurrent Mark Cycle 8.101ms
[186.369s][info][gc] GC(1012) Pause Young (Prepare Mixed) (G1 Evacuation Pause) 186M->63M(228M) 1.209ms
[186.487s][info][gc] GC(1013) Pause Young (Mixed) (G1 Evacuation Pause) 187M->54M(228M) 1.412ms
[186.609s][info][gc] GC(1014) Pause Young (Normal) (G1 Evacuation Pause) 178M->56M(228M) 1.246ms
[186.723s][info][gc] GC(1015) Pause Young (Normal) (G1 Evacuation Pause) 180M->56M(228M) 1.136ms
[186.849s][info][gc] GC(1016) Pause Young (Normal) (G1 Evacuation Pause) 180M->57M(228M) 1.136ms
[186.965s][info][gc] GC(1017) Pause Young (Normal) (G1 Evacuation Pause) 177M->58M(228M) 1.237ms
[187.083s][info][gc] GC(1018) Pause Young (Normal) (G1 Evacuation Pause) 182M->59M(276M) 1.195ms
[187.233s][info][gc] GC(1019) Pause Young (Normal) (G1 Evacuation Pause) 211M->61M(276M) 1.264ms
[187.369s][info][gc] GC(1020) Pause Young (Normal) (G1 Evacuation Pause) 209M->61M(276M) 1.364ms
[187.518s][info][gc] GC(1021) Pause Young (Normal) (G1 Evacuation Pause) 209M->63M(276M) 1.454ms
[187.662s][info][gc] GC(1022) Pause Young (Normal) (G1 Evacuation Pause) 211M->65M(276M) 1.396ms
[187.801s][info][gc] GC(1023) Pause Young (Normal) (G1 Evacuation Pause) 213M->66M(276M) 1.367ms
[187.946s][info][gc] GC(1024) Pause Young (Normal) (G1 Evacuation Pause) 214M->66M(276M) 1.338ms
[188.086s][info][gc] GC(1025) Pause Young (Normal) (G1 Evacuation Pause) 214M->68M(276M) 1.393ms
[188.235s][info][gc] GC(1026) Pause Young (Normal) (G1 Evacuation Pause) 216M->70M(276M) 1.411ms
[188.385s][info][gc] GC(1027) Pause Young (Normal) (G1 Evacuation Pause) 218M->70M(276M) 1.438ms
[188.537s][info][gc] GC(1028) Pause Young (Normal) (G1 Evacuation Pause) 218M->72M(276M) 1.392ms
[188.764s][info][gc] GC(1029) Pause Young (Normal) (G1 Evacuation Pause) 220M->72M(276M) 1.274ms
[188.935s][info][gc] GC(1030) Pause Young (Normal) (G1 Evacuation Pause) 220M->75M(276M) 1.547ms
[189.083s][info][gc] GC(1031) Pause Young (Normal) (G1 Evacuation Pause) 223M->76M(276M) 1.742ms
[189.227s][info][gc] GC(1032) Pause Young (Normal) (G1 Evacuation Pause) 224M->78M(276M) 1.392ms
[189.375s][info][gc] GC(1033) Pause Young (Normal) (G1 Evacuation Pause) 226M->79M(276M) 1.393ms
[189.516s][info][gc] GC(1034) Pause Young (Normal) (G1 Evacuation Pause) 227M->80M(276M) 1.616ms
[189.662s][info][gc] GC(1035) Pause Young (Normal) (G1 Evacuation Pause) 228M->82M(276M) 1.425ms
[189.801s][info][gc] GC(1036) Pause Young (Normal) (G1 Evacuation Pause) 230M->82M(276M) 1.377ms
[189.948s][info][gc] GC(1037) Pause Young (Normal) (G1 Evacuation Pause) 230M->84M(276M) 1.438ms
[190.096s][info][gc] GC(1038) Pause Young (Normal) (G1 Evacuation Pause) 232M->85M(276M) 1.553ms
[190.247s][info][gc] GC(1039) Pause Young (Normal) (G1 Evacuation Pause) 233M->86M(276M) 1.385ms
[190.391s][info][gc] GC(1040) Pause Young (Normal) (G1 Evacuation Pause) 234M->87M(276M) 1.545ms
[190.534s][info][gc] GC(1041) Pause Young (Normal) (G1 Evacuation Pause) 235M->89M(332M) 1.384ms
[190.713s][info][gc] GC(1042) Pause Young (Normal) (G1 Evacuation Pause) 269M->91M(332M) 1.416ms
[190.890s][info][gc] GC(1043) Pause Young (Normal) (G1 Evacuation Pause) 271M->93M(332M) 1.541ms
[191.058s][info][gc] GC(1044) Pause Young (Normal) (G1 Evacuation Pause) 269M->93M(332M) 1.538ms
[191.228s][info][gc] GC(1045) Pause Young (Normal) (G1 Evacuation Pause) 269M->95M(332M) 1.471ms
[191.400s][info][gc] GC(1046) Pause Young (Normal) (G1 Evacuation Pause) 271M->96M(332M) 1.458ms
[191.563s][info][gc] GC(1047) Pause Young (Normal) (G1 Evacuation Pause) 272M->97M(332M) 1.384ms
[191.735s][info][gc] GC(1048) Pause Young (Normal) (G1 Evacuation Pause) 273M->99M(332M) 1.500ms
[191.912s][info][gc] GC(1049) Pause Young (Normal) (G1 Evacuation Pause) 275M->100M(332M) 1.486ms
[192.087s][info][gc] GC(1050) Pause Young (Normal) (G1 Evacuation Pause) 280M->102M(332M) 1.483ms
[192.264s][info][gc] GC(1051) Pause Young (Normal) (G1 Evacuation Pause) 282M->104M(332M) 1.453ms
[192.430s][info][gc] GC(1052) Pause Young (Normal) (G1 Evacuation Pause) 280M->105M(332M) 1.448ms
[192.604s][info][gc] GC(1053) Pause Young (Normal) (G1 Evacuation Pause) 281M->107M(332M) 1.401ms
[192.770s][info][gc] GC(1054) Pause Young (Normal) (G1 Evacuation Pause) 283M->107M(332M) 1.466ms
[192.943s][info][gc] GC(1055) Pause Young (Normal) (G1 Evacuation Pause) 287M->109M(332M) 1.366ms
[193.116s][info][gc] GC(1056) Pause Young (Normal) (G1 Evacuation Pause) 289M->111M(332M) 1.419ms
[193.283s][info][gc] GC(1057) Pause Young (Normal) (G1 Evacuation Pause) 283M->112M(332M) 1.478ms
[193.569s][info][gc] GC(1058) Pause Young (Normal) (G1 Evacuation Pause) 288M->115M(332M) 1.623ms
[193.742s][info][gc] GC(1059) Pause Young (Normal) (G1 Evacuation Pause) 291M->117M(332M) 1.424ms
[193.906s][info][gc] GC(1060) Pause Young (Normal) (G1 Evacuation Pause) 289M->117M(332M) 1.365ms
[194.073s][info][gc] GC(1061) Pause Young (Normal) (G1 Evacuation Pause) 293M->119M(332M) 1.511ms
[194.237s][info][gc] GC(1062) Pause Young (Normal) (G1 Evacuation Pause) 287M->121M(332M) 1.464ms
[194.396s][info][gc] GC(1063) Pause Young (Normal) (G1 Evacuation Pause) 289M->122M(332M) 1.424ms
[194.557s][info][gc] GC(1064) Pause Young (Normal) (G1 Evacuation Pause) 290M->123M(332M) 1.620ms
[194.718s][info][gc] GC(1065) Pause Young (Concurrent Start) (G1 Evacuation Pause) 287M->125M(332M) 1.440ms
[194.718s][info][gc] GC(1066) Concurrent Mark Cycle
[194.723s][info][gc] GC(1066) Pause Remark 131M->63M(216M) 0.487ms
[194.725s][info][gc] GC(1066) Pause Cleanup 64M->64M(216M) 0.040ms
[194.725s][info][gc] GC(1066) Concurrent Mark Cycle 6.258ms
[194.826s][info][gc] GC(1067) Pause Young (Prepare Mixed) (G1 Evacuation Pause) 169M->58M(216M) 1.413ms
[194.939s][info][gc] GC(1068) Pause Young (Mixed) (G1 Evacuation Pause) 174M->49M(216M) 1.504ms
[195.047s][info][gc] GC(1069) Pause Young (Normal) (G1 Evacuation Pause) 165M->50M(216M) 1.051ms
[195.158s][info][gc] GC(1070) Pause Young (Normal) (G1 Evacuation Pause) 166M->52M(216M) 0.995ms
[195.275s][info][gc] GC(1071) Pause Young (Normal) (G1 Evacuation Pause) 168M->52M(216M) 1.052ms
[195.385s][info][gc] GC(1072) Pause Young (Normal) (G1 Evacuation Pause) 168M->53M(216M) 1.036ms
[195.493s][info][gc] GC(1073) Pause Young (Normal) (G1 Evacuation Pause) 169M->54M(216M) 1.031ms
[195.609s][info][gc] GC(1074) Pause Young (Normal) (G1 Evacuation Pause) 170M->56M(216M) 1.083ms
[195.718s][info][gc] GC(1075) Pause Young (Normal) (G1 Evacuation Pause) 172M->56M(216M) 0.975ms
[195.834s][info][gc] GC(1076) Pause Young (Normal) (G1 Evacuation Pause) 172M->57M(216M) 1.025ms
[195.944s][info][gc] GC(1077) Pause Young (Normal) (G1 Evacuation Pause) 173M->58M(216M) 1.126ms
[196.053s][info][gc] GC(1078) Pause Young (Normal) (G1 Evacuation Pause) 174M->59M(216M) 1.218ms
[196.163s][info][gc] GC(1079) Pause Young (Normal) (G1 Evacuation Pause) 175M->60M(216M) 0.973ms
[196.282s][info][gc] GC(1080) Pause Young (Normal) (G1 Evacuation Pause) 176M->61M(216M) 1.040ms
[196.387s][info][gc] GC(1081) Pause Young (Normal) (G1 Evacuation Pause) 177M->62M(216M) 1.071ms
[196.499s][info][gc] GC(1082) Pause Young (Normal) (G1 Evacuation Pause) 178M->63M(216M) 1.046ms
[196.609s][info][gc] GC(1083) Pause Young (Normal) (G1 Evacuation Pause) 179M->64M(216M) 1.048ms
[196.731s][info][gc] GC(1084) Pause Young (Normal) (G1 Evacuation Pause) 180M->65M(216M) 1.063ms
[196.838s][info][gc] GC(1085) Pause Young (Normal) (G1 Evacuation Pause) 181M->66M(216M) 1.193ms
[196.947s][info][gc] GC(1086) Pause Young (Normal) (G1 Evacuation Pause) 182M->67M(216M) 1.068ms
[197.054s][info][gc] GC(1087) Pause Young (Normal) (G1 Evacuation Pause) 179M->68M(216M) 1.037ms
[197.158s][info][gc] GC(1088) Pause Young (Normal) (G1 Evacuation Pause) 180M->69M(216M) 0.947ms
[197.274s][info][gc] GC(1089) Pause Young (Normal) (G1 Evacuation Pause) 181M->69M(216M) 1.062ms
[197.384s][info][gc] GC(1090) Pause Young (Normal) (G1 Evacuation Pause) 181M->71M(216M) 1.050ms
[197.485s][info][gc] GC(1091) Pause Young (Normal) (G1 Evacuation Pause) 179M->72M(216M) 1.033ms
[197.588s][info][gc] GC(1092) Pause Young (Normal) (G1 Evacuation Pause) 180M->73M(216M) 1.125ms
[197.692s][info][gc] GC(1093) Pause Young (Normal) (G1 Evacuation Pause) 181M->73M(216M) 0.976ms
[197.794s][info][gc] GC(1094) Pause Young (Normal) (G1 Evacuation Pause) 181M->75M(216M) 0.994ms
[197.896s][info][gc] GC(1095) Pause Young (Normal) (G1 Evacuation Pause) 179M->74M(216M) 0.963ms
[198.001s][info][gc] GC(1096) Pause Young (Normal) (G1 Evacuation Pause) 178M->75M(216M) 0.982ms
[198.197s][info][gc] GC(1097) Pause Young (Normal) (G1 Evacuation Pause) 179M->75M(216M) 0.887ms
[198.256s][info][gc] GC(1098) Pause Young (Normal) (G1 Evacuation Pause) 179M->83M(216M) 1.677ms
[198.292s][info][gc] GC(1099) Pause Young (Normal) (G1 Evacuation Pause) 179M->86M(216M) 1.581ms
[198.322s][info][gc] GC(1100) Pause Young (Concurrent Start) (G1 Evacuation Pause) 182M->85M(216M) 1.207ms
[198.322s][info][gc] GC(1101) Concurrent Mark Cycle
[198.329s][info][gc] GC(1101) Pause Remark 96M->76M(216M) 0.427ms
[198.332s][info][gc] GC(1101) Pause Cleanup 80M->80M(216M) 0.045ms
[198.332s][info][gc] GC(1101) Concurrent Mark Cycle 10.009ms
[198.369s][info][gc] GC(1102) Pause Young (Prepare Mixed) (G1 Evacuation Pause) 169M->68M(260M) 1.137ms
[198.419s][info][gc] GC(1103) Pause Young (Mixed) (G1 Evacuation Pause) 216M->44M(260M) 1.266ms
[198.476s][info][gc] GC(1104) Pause Young (Normal) (G1 Evacuation Pause) 188M->45M(260M) 1.176ms
[198.525s][info][gc] GC(1105) Pause Young (Normal) (G1 Evacuation Pause) 189M->46M(260M) 1.208ms
[198.584s][info][gc] GC(1106) Pause Young (Normal) (G1 Evacuation Pause) 190M->48M(312M) 1.310ms
[198.652s][info][gc] GC(1107) Pause Young (Normal) (G1 Evacuation Pause) 216M->49M(312M) 1.552ms
[198.719s][info][gc] GC(1108) Pause Young (Normal) (G1 Evacuation Pause) 217M->50M(312M) 1.604ms
[198.792s][info][gc] GC(1109) Pause Young (Normal) (G1 Evacuation Pause) 218M->53M(312M) 1.744ms
[198.853s][info][gc] GC(1110) Pause Young (Normal) (G1 Evacuation Pause) 221M->54M(376M) 1.624ms
[198.937s][info][gc] GC(1111) Pause Young (Normal) (G1 Evacuation Pause) 262M->55M(376M) 1.692ms
[199.017s][info][gc] GC(1112) Pause Young (Normal) (G1 Evacuation Pause) 263M->57M(376M) 1.746ms
[199.091s][info][gc] GC(1113) Pause Young (Normal) (G1 Evacuation Pause) 261M->59M(376M) 1.912ms
[199.169s][info][gc] GC(1114) Pause Young (Normal) (G1 Evacuation Pause) 263M->60M(452M) 1.988ms
[199.263s][info][gc] GC(1115) Pause Young (Normal) (G1 Evacuation Pause) 308M->63M(452M) 1.740ms
[199.357s][info][gc] GC(1116) Pause Young (Normal) (G1 Evacuation Pause) 311M->64M(452M) 1.650ms
[199.451s][info][gc] GC(1117) Pause Young (Normal) (G1 Evacuation Pause) 308M->66M(452M) 1.875ms
[199.543s][info][gc] GC(1118) Pause Young (Normal) (G1 Evacuation Pause) 310M->68M(544M) 1.956ms
[199.662s][info][gc] GC(1119) Pause Young (Normal) (G1 Evacuation Pause) 368M->71M(544M) 2.594ms
[199.774s][info][gc] GC(1120) Pause Young (Normal) (G1 Evacuation Pause) 371M->73M(544M) 2.151ms
[199.883s][info][gc] GC(1121) Pause Young (Normal) (G1 Evacuation Pause) 369M->75M(544M) 2.074ms
[199.992s][info][gc] GC(1122) Pause Young (Normal) (G1 Evacuation Pause) 371M->79M(656M) 2.130ms
[200.129s][info][gc] GC(1123) Pause Young (Normal) (G1 Evacuation Pause) 443M->80M(656M) 2.335ms
[200.262s][info][gc] GC(1124) Pause Young (Normal) (G1 Evacuation Pause) 440M->86M(656M) 2.395ms
[200.395s][info][gc] GC(1125) Pause Young (Normal) (G1 Evacuation Pause) 442M->88M(656M) 2.477ms
[200.531s][info][gc] GC(1126) Pause Young (Normal) (G1 Evacuation Pause) 448M->92M(656M) 2.381ms
[200.666s][info][gc] GC(1127) Pause Young (Normal) (G1 Evacuation Pause) 452M->92M(656M) 2.394ms
[200.797s][info][gc] GC(1128) Pause Young (Normal) (G1 Evacuation Pause) 452M->96M(656M) 2.413ms
[200.930s][info][gc] GC(1129) Pause Young (Normal) (G1 Evacuation Pause) 456M->98M(656M) 2.348ms
[201.062s][info][gc] GC(1130) Pause Young (Normal) (G1 Evacuation Pause) 458M->103M(656M) 2.297ms
[201.197s][info][gc] GC(1131) Pause Young (Normal) (G1 Evacuation Pause) 463M->105M(656M) 2.348ms
[201.331s][info][gc] GC(1132) Pause Young (Normal) (G1 Evacuation Pause) 465M->108M(656M) 2.392ms
[201.463s][info][gc] GC(1133) Pause Young (Normal) (G1 Evacuation Pause) 468M->113M(656M) 2.379ms
[201.600s][info][gc] GC(1134) Pause Young (Normal) (G1 Evacuation Pause) 469M->114M(656M) 2.457ms
[201.734s][info][gc] GC(1135) Pause Young (Normal) (G1 Evacuation Pause) 474M->118M(656M) 2.443ms
[201.869s][info][gc] GC(1136) Pause Young (Normal) (G1 Evacuation Pause) 478M->122M(656M) 2.563ms
[202.001s][info][gc] GC(1137) Pause Young (Normal) (G1 Evacuation Pause) 482M->123M(656M) 2.246ms
[202.136s][info][gc] GC(1138) Pause Young (Normal) (G1 Evacuation Pause) 487M->128M(656M) 2.366ms
[202.272s][info][gc] GC(1139) Pause Young (Normal) (G1 Evacuation Pause) 484M->130M(656M) 2.572ms
[202.402s][info][gc] GC(1140) Pause Young (Normal) (G1 Evacuation Pause) 490M->135M(656M) 2.322ms
[202.541s][info][gc] GC(1141) Pause Young (Normal) (G1 Evacuation Pause) 495M->135M(656M) 2.496ms
[202.676s][info][gc] GC(1142) Pause Young (Normal) (G1 Evacuation Pause) 495M->138M(656M) 2.438ms
[202.809s][info][gc] GC(1143) Pause Young (Normal) (G1 Evacuation Pause) 502M->142M(656M) 2.501ms
[202.939s][info][gc] GC(1144) Pause Young (Normal) (G1 Evacuation Pause) 502M->143M(656M) 2.388ms
[203.077s][info][gc] GC(1145) Pause Young (Normal) (G1 Evacuation Pause) 507M->148M(656M) 2.379ms
[203.213s][info][gc] GC(1146) Pause Young (Normal) (G1 Evacuation Pause) 508M->152M(656M) 2.505ms
[203.342s][info][gc] GC(1147) Pause Young (Normal) (G1 Evacuation Pause) 512M->153M(656M) 2.384ms
[203.476s][info][gc] GC(1148) Pause Young (Normal) (G1 Evacuation Pause) 517M->158M(656M) 2.408ms
[203.732s][info][gc] GC(1149) Pause Young (Normal) (G1 Evacuation Pause) 514M->159M(656M) 2.350ms
[203.912s][info][gc] GC(1150) Pause Young (Normal) (G1 Evacuation Pause) 523M->164M(656M) 2.292ms
[204.087s][info][gc] GC(1151) Pause Young (Normal) (G1 Evacuation Pause) 520M->168M(656M) 2.594ms
[204.271s][info][gc] GC(1152) Pause Young (Normal) (G1 Evacuation Pause) 528M->172M(656M) 2.597ms
[204.451s][info][gc] GC(1153) Pause Young (Normal) (G1 Evacuation Pause) 532M->174M(656M) 2.469ms
[204.627s][info][gc] GC(1154) Pause Young (Normal) (G1 Evacuation Pause) 534M->177M(656M) 2.431ms
[204.806s][info][gc] GC(1155) Pause Young (Normal) (G1 Evacuation Pause) 537M->179M(656M) 2.567ms
[204.988s][info][gc] GC(1156) Pause Young (Normal) (G1 Evacuation Pause) 539M->183M(656M) 2.713ms
[205.173s][info][gc] GC(1157) Pause Young (Normal) (G1 Evacuation Pause) 543M->187M(656M) 2.599ms
[205.351s][info][gc] GC(1158) Pause Young (Normal) (G1 Evacuation Pause) 547M->189M(656M) 2.328ms
[205.534s][info][gc] GC(1159) Pause Young (Normal) (G1 Evacuation Pause) 549M->192M(656M) 2.475ms
[205.706s][info][gc] GC(1160) Pause Young (Normal) (G1 Evacuation Pause) 552M->193M(656M) 2.262ms
[205.886s][info][gc] GC(1161) Pause Young (Normal) (G1 Evacuation Pause) 553M->198M(656M) 2.507ms
[206.067s][info][gc] GC(1162) Pause Young (Normal) (G1 Evacuation Pause) 558M->199M(656M) 2.368ms
[206.245s][info][gc] GC(1163) Pause Young (Normal) (G1 Evacuation Pause) 559M->204M(656M) 2.340ms
[206.425s][info][gc] GC(1164) Pause Young (Normal) (G1 Evacuation Pause) 564M->209M(656M) 2.380ms
[206.603s][info][gc] GC(1165) Pause Young (Normal) (G1 Evacuation Pause) 569M->210M(656M) 2.367ms
[206.784s][info][gc] GC(1166) Pause Young (Normal) (G1 Evacuation Pause) 570M->214M(656M) 2.504ms
[206.963s][info][gc] GC(1167) Pause Young (Normal) (G1 Evacuation Pause) 574M->216M(656M) 2.384ms
[207.144s][info][gc] GC(1168) Pause Young (Normal) (G1 Evacuation Pause) 576M->219M(656M) 2.467ms
[207.324s][info][gc] GC(1169) Pause Young (Normal) (G1 Evacuation Pause) 579M->223M(656M) 2.532ms
[207.495s][info][gc] GC(1170) Pause Young (Normal) (G1 Evacuation Pause) 583M->226M(656M) 2.443ms
[207.671s][info][gc] GC(1171) Pause Young (Normal) (G1 Evacuation Pause) 582M->228M(656M) 2.337ms
[207.848s][info][gc] GC(1172) Pause Young (Normal) (G1 Evacuation Pause) 580M->231M(656M) 2.372ms
[208.028s][info][gc] GC(1173) Pause Young (Normal) (G1 Evacuation Pause) 587M->234M(656M) 2.336ms
[208.204s][info][gc] GC(1174) Pause Young (Normal) (G1 Evacuation Pause) 586M->237M(656M) 2.259ms
[208.383s][info][gc] GC(1175) Pause Young (Normal) (G1 Evacuation Pause) 585M->241M(656M) 2.357ms
[208.712s][info][gc] GC(1176) Pause Young (Normal) (G1 Evacuation Pause) 589M->243M(656M) 2.264ms
[208.937s][info][gc] GC(1177) Pause Young (Normal) (G1 Evacuation Pause) 587M->247M(656M) 2.346ms
[209.155s][info][gc] GC(1178) Pause Young (Concurrent Start) (G1 Evacuation Pause) 587M->249M(656M) 2.255ms
[209.155s][info][gc] GC(1179) Concurrent Mark Cycle
[209.161s][info][gc] GC(1179) Pause Remark 256M->84M(280M) 0.461ms
[209.163s][info][gc] GC(1179) Pause Cleanup 85M->85M(280M) 0.053ms
[209.163s][info][gc] GC(1179) Concurrent Mark Cycle 8.311ms
[209.248s][info][gc] GC(1180) Pause Young (Prepare Mixed) (G1 Evacuation Pause) 217M->79M(280M) 1.978ms
[209.350s][info][gc] GC(1181) Pause Young (Mixed) (G1 Evacuation Pause) 231M->65M(280M) 1.994ms
[209.457s][info][gc] GC(1182) Pause Young (Normal) (G1 Evacuation Pause) 217M->68M(280M) 1.447ms
[209.560s][info][gc] GC(1183) Pause Young (Normal) (G1 Evacuation Pause) 224M->69M(336M) 1.262ms
[209.681s][info][gc] GC(1184) Pause Young (Normal) (G1 Evacuation Pause) 253M->71M(336M) 1.396ms
[209.804s][info][gc] GC(1185) Pause Young (Normal) (G1 Evacuation Pause) 255M->72M(336M) 1.575ms
[209.921s][info][gc] GC(1186) Pause Young (Normal) (G1 Evacuation Pause) 252M->74M(336M) 1.571ms
[210.048s][info][gc] GC(1187) Pause Young (Normal) (G1 Evacuation Pause) 258M->75M(404M) 1.540ms
[210.195s][info][gc] GC(1188) Pause Young (Normal) (G1 Evacuation Pause) 295M->76M(404M) 2.172ms
[210.343s][info][gc] GC(1189) Pause Young (Normal) (G1 Evacuation Pause) 296M->79M(404M) 1.578ms
[210.487s][info][gc] GC(1190) Pause Young (Normal) (G1 Evacuation Pause) 299M->81M(404M) 1.690ms
[210.636s][info][gc] GC(1191) Pause Young (Normal) (G1 Evacuation Pause) 301M->83M(404M) 1.677ms
[210.781s][info][gc] GC(1192) Pause Young (Normal) (G1 Evacuation Pause) 303M->83M(404M) 1.566ms
[210.925s][info][gc] GC(1193) Pause Young (Normal) (G1 Evacuation Pause) 303M->85M(404M) 1.657ms
[211.077s][info][gc] GC(1194) Pause Young (Normal) (G1 Evacuation Pause) 305M->89M(404M) 1.648ms
[211.217s][info][gc] GC(1195) Pause Young (Normal) (G1 Evacuation Pause) 309M->90M(404M) 1.602ms
[211.364s][info][gc] GC(1196) Pause Young (Normal) (G1 Evacuation Pause) 310M->91M(404M) 1.544ms
[211.505s][info][gc] GC(1197) Pause Young (Normal) (G1 Evacuation Pause) 311M->94M(404M) 1.769ms
[211.652s][info][gc] GC(1198) Pause Young (Normal) (G1 Evacuation Pause) 314M->95M(404M) 1.560ms
[211.960s][info][gc] GC(1199) Pause Young (Normal) (G1 Evacuation Pause) 315M->97M(404M) 1.614ms
[212.101s][info][gc] GC(1200) Pause Young (Normal) (G1 Evacuation Pause) 317M->101M(404M) 1.682ms
[212.249s][info][gc] GC(1201) Pause Young (Normal) (G1 Evacuation Pause) 321M->102M(404M) 1.686ms
[212.390s][info][gc] GC(1202) Pause Young (Normal) (G1 Evacuation Pause) 322M->103M(404M) 1.567ms
[212.543s][info][gc] GC(1203) Pause Young (Normal) (G1 Evacuation Pause) 323M->106M(404M) 1.654ms
[212.684s][info][gc] GC(1204) Pause Young (Normal) (G1 Evacuation Pause) 322M->106M(404M) 1.833ms
[212.831s][info][gc] GC(1205) Pause Young (Normal) (G1 Evacuation Pause) 326M->110M(404M) 1.693ms
[212.976s][info][gc] GC(1206) Pause Young (Normal) (G1 Evacuation Pause) 326M->112M(404M) 1.679ms
[213.122s][info][gc] GC(1207) Pause Young (Normal) (G1 Evacuation Pause) 332M->113M(404M) 1.849ms
[213.272s][info][gc] GC(1208) Pause Young (Normal) (G1 Evacuation Pause) 333M->115M(404M) 1.671ms
[213.415s][info][gc] GC(1209) Pause Young (Normal) (G1 Evacuation Pause) 335M->116M(404M) 1.623ms
[213.568s][info][gc] GC(1210) Pause Young (Normal) (G1 Evacuation Pause) 336M->118M(404M) 2.089ms
[213.713s][info][gc] GC(1211) Pause Young (Normal) (G1 Evacuation Pause) 338M->120M(404M) 1.601ms
[213.864s][info][gc] GC(1212) Pause Young (Normal) (G1 Evacuation Pause) 340M->122M(404M) 1.665ms
[214.014s][info][gc] GC(1213) Pause Young (Normal) (G1 Evacuation Pause) 342M->124M(404M) 1.571ms
[214.155s][info][gc] GC(1214) Pause Young (Normal) (G1 Evacuation Pause) 344M->126M(404M) 1.833ms
[214.303s][info][gc] GC(1215) Pause Young (Normal) (G1 Evacuation Pause) 346M->127M(404M) 1.672ms
[214.447s][info][gc] GC(1216) Pause Young (Normal) (G1 Evacuation Pause) 347M->130M(404M) 1.673ms
[214.595s][info][gc] GC(1217) Pause Young (Normal) (G1 Evacuation Pause) 350M->131M(404M) 1.596ms
[214.737s][info][gc] GC(1218) Pause Young (Normal) (G1 Evacuation Pause) 351M->132M(404M) 1.551ms
[214.887s][info][gc] GC(1219) Pause Young (Normal) (G1 Evacuation Pause) 352M->135M(404M) 1.836ms
[215.022s][info][gc] GC(1220) Pause Young (Normal) (G1 Evacuation Pause) 351M->136M(404M) 1.730ms
[215.334s][info][gc] GC(1221) Pause Young (Normal) (G1 Evacuation Pause) 352M->139M(404M) 1.708ms
[215.477s][info][gc] GC(1222) Pause Young (Normal) (G1 Evacuation Pause) 351M->141M(404M) 1.730ms
[215.611s][info][gc] GC(1223) Pause Young (Normal) (G1 Evacuation Pause) 349M->143M(404M) 1.569ms
[215.759s][info][gc] GC(1224) Pause Young (Normal) (G1 Evacuation Pause) 351M->145M(404M) 2.089ms
[215.902s][info][gc] GC(1225) Pause Young (Normal) (G1 Evacuation Pause) 349M->146M(404M) 2.145ms
[216.051s][info][gc] GC(1226) Pause Young (Concurrent Start) (G1 Evacuation Pause) 354M->148M(404M) 1.700ms
[216.051s][info][gc] GC(1227) Concurrent Mark Cycle
[216.057s][info][gc] GC(1227) Pause Remark 160M->79M(240M) 0.408ms
[216.059s][info][gc] GC(1227) Pause Cleanup 83M->83M(240M) 0.057ms
[216.059s][info][gc] GC(1227) Concurrent Mark Cycle 7.885ms
[216.138s][info][gc] GC(1228) Pause Young (Prepare Mixed) (G1 Evacuation Pause) 195M->67M(240M) 1.605ms
[216.228s][info][gc] GC(1229) Pause Young (Mixed) (G1 Evacuation Pause) 199M->54M(288M) 1.329ms
[216.336s][info][gc] GC(1230) Pause Young (Normal) (G1 Evacuation Pause) 214M->56M(288M) 1.358ms
[216.443s][info][gc] GC(1231) Pause Young (Normal) (G1 Evacuation Pause) 212M->57M(288M) 1.958ms
[216.545s][info][gc] GC(1232) Pause Young (Normal) (G1 Evacuation Pause) 213M->58M(288M) 1.416ms
[216.649s][info][gc] GC(1233) Pause Young (Normal) (G1 Evacuation Pause) 214M->60M(348M) 1.395ms
[216.781s][info][gc] GC(1234) Pause Young (Normal) (G1 Evacuation Pause) 252M->61M(348M) 1.735ms
[216.923s][info][gc] GC(1235) Pause Young (Normal) (G1 Evacuation Pause) 253M->62M(348M) 2.129ms
[217.049s][info][gc] GC(1236) Pause Young (Normal) (G1 Evacuation Pause) 254M->65M(348M) 1.520ms
[217.174s][info][gc] GC(1237) Pause Young (Normal) (G1 Evacuation Pause) 253M->66M(420M) 1.584ms
[217.339s][info][gc] GC(1238) Pause Young (Normal) (G1 Evacuation Pause) 298M->67M(420M) 2.358ms
[217.495s][info][gc] GC(1239) Pause Young (Normal) (G1 Evacuation Pause) 299M->69M(420M) 1.581ms
[217.653s][info][gc] GC(1240) Pause Young (Normal) (G1 Evacuation Pause) 301M->72M(420M) 2.007ms
[217.807s][info][gc] GC(1241) Pause Young (Normal) (G1 Evacuation Pause) 300M->73M(420M) 1.765ms
[217.960s][info][gc] GC(1242) Pause Young (Normal) (G1 Evacuation Pause) 305M->76M(420M) 1.681ms
[218.118s][info][gc] GC(1243) Pause Young (Normal) (G1 Evacuation Pause) 308M->78M(420M) 1.688ms
[218.280s][info][gc] GC(1244) Pause Young (Normal) (G1 Evacuation Pause) 310M->80M(420M) 1.732ms
[218.427s][info][gc] GC(1245) Pause Young (Normal) (G1 Evacuation Pause) 312M->82M(420M) 1.635ms
[218.749s][info][gc] GC(1246) Pause Young (Normal) (G1 Evacuation Pause) 314M->84M(420M) 1.704ms
[218.908s][info][gc] GC(1247) Pause Young (Normal) (G1 Evacuation Pause) 316M->87M(420M) 1.637ms
[219.063s][info][gc] GC(1248) Pause Young (Normal) (G1 Evacuation Pause) 319M->89M(420M) 1.673ms
[219.210s][info][gc] GC(1249) Pause Young (Normal) (G1 Evacuation Pause) 321M->90M(420M) 1.695ms
[219.367s][info][gc] GC(1250) Pause Young (Normal) (G1 Evacuation Pause) 322M->93M(420M) 1.705ms
[219.525s][info][gc] GC(1251) Pause Young (Normal) (G1 Evacuation Pause) 325M->94M(420M) 2.011ms
[219.675s][info][gc] GC(1252) Pause Young (Normal) (G1 Evacuation Pause) 326M->97M(420M) 1.712ms
[219.834s][info][gc] GC(1253) Pause Young (Normal) (G1 Evacuation Pause) 329M->99M(420M) 1.697ms
[219.987s][info][gc] GC(1254) Pause Young (Normal) (G1 Evacuation Pause) 331M->100M(420M) 1.859ms
[220.136s][info][gc] GC(1255) Pause Young (Normal) (G1 Evacuation Pause) 332M->102M(420M) 1.616ms
[220.292s][info][gc] GC(1256) Pause Young (Normal) (G1 Evacuation Pause) 334M->104M(420M) 1.752ms
[220.445s][info][gc] GC(1257) Pause Young (Normal) (G1 Evacuation Pause) 336M->106M(420M) 1.595ms
[220.604s][info][gc] GC(1258) Pause Young (Normal) (G1 Evacuation Pause) 338M->108M(420M) 1.628ms
[220.765s][info][gc] GC(1259) Pause Young (Normal) (G1 Evacuation Pause) 340M->109M(420M) 1.798ms
[220.919s][info][gc] GC(1260) Pause Young (Normal) (G1 Evacuation Pause) 341M->112M(420M) 1.845ms
[221.073s][info][gc] GC(1261) Pause Young (Normal) (G1 Evacuation Pause) 344M->115M(420M) 1.937ms
[221.243s][info][gc] GC(1262) Pause Young (Normal) (G1 Evacuation Pause) 347M->116M(420M) 1.622ms
[221.391s][info][gc] GC(1263) Pause Young (Normal) (G1 Evacuation Pause) 348M->119M(420M) 1.633ms
[221.548s][info][gc] GC(1264) Pause Young (Normal) (G1 Evacuation Pause) 351M->120M(420M) 1.631ms
[221.697s][info][gc] GC(1265) Pause Young (Normal) (G1 Evacuation Pause) 352M->122M(420M) 1.544ms
[222.010s][info][gc] GC(1266) Pause Young (Normal) (G1 Evacuation Pause) 354M->126M(420M) 1.587ms
[222.151s][info][gc] GC(1267) Pause Young (Normal) (G1 Evacuation Pause) 354M->127M(420M) 1.837ms
[222.310s][info][gc] GC(1268) Pause Young (Normal) (G1 Evacuation Pause) 359M->129M(420M) 1.728ms
[222.466s][info][gc] GC(1269) Pause Young (Normal) (G1 Evacuation Pause) 361M->131M(420M) 1.871ms
[222.612s][info][gc] GC(1270) Pause Young (Normal) (G1 Evacuation Pause) 363M->132M(420M) 1.688ms
[222.765s][info][gc] GC(1271) Pause Young (Normal) (G1 Evacuation Pause) 364M->135M(420M) 1.908ms
[222.923s][info][gc] GC(1272) Pause Young (Normal) (G1 Evacuation Pause) 367M->136M(420M) 2.043ms
[223.082s][info][gc] GC(1273) Pause Young (Normal) (G1 Evacuation Pause) 368M->139M(420M) 1.799ms
[223.235s][info][gc] GC(1274) Pause Young (Normal) (G1 Evacuation Pause) 367M->141M(420M) 1.738ms
[223.383s][info][gc] GC(1275) Pause Young (Normal) (G1 Evacuation Pause) 369M->143M(420M) 1.628ms
[223.535s][info][gc] GC(1276) Pause Young (Normal) (G1 Evacuation Pause) 367M->144M(420M) 1.706ms
[223.683s][info][gc] GC(1277) Pause Young (Normal) (G1 Evacuation Pause) 368M->146M(420M) 1.549ms
[223.831s][info][gc] GC(1278) Pause Young (Normal) (G1 Evacuation Pause) 366M->148M(420M) 1.629ms
[223.974s][info][gc] GC(1279) Pause Young (Normal) (G1 Evacuation Pause) 368M->149M(420M) 1.658ms
[224.116s][info][gc] GC(1280) Pause Young (Normal) (G1 Evacuation Pause) 365M->151M(420M) 1.476ms
[224.262s][info][gc] GC(1281) Pause Young (Normal) (G1 Evacuation Pause) 367M->154M(420M) 1.639ms
[224.398s][info][gc] GC(1282) Pause Young (Normal) (G1 Evacuation Pause) 370M->155M(420M) 1.704ms
[224.540s][info][gc] GC(1283) Pause Young (Concurrent Start) (G1 Evacuation Pause) 367M->157M(420M) 1.900ms
[224.540s][info][gc] GC(1284) Concurrent Mark Cycle
[224.549s][info][gc] GC(1284) Pause Remark 172M->98M(296M) 0.405ms
[224.553s][info][gc] GC(1284) Pause Cleanup 104M->104M(296M) 0.051ms
[224.554s][info][gc] GC(1284) Concurrent Mark Cycle 13.213ms
[224.645s][info][gc] GC(1285) Pause Young (Prepare Mixed) (G1 Evacuation Pause) 239M->83M(296M) 1.580ms
[224.748s][info][gc] GC(1286) Pause Young (Mixed) (G1 Evacuation Pause) 243M->75M(296M) 1.443ms
[224.853s][info][gc] GC(1287) Pause Young (Normal) (G1 Evacuation Pause) 235M->76M(296M) 1.478ms
[224.958s][info][gc] GC(1288) Pause Young (Normal) (G1 Evacuation Pause) 236M->77M(296M) 1.347ms
[225.063s][info][gc] GC(1289) Pause Young (Normal) (G1 Evacuation Pause) 237M->79M(356M) 1.303ms
[225.335s][info][gc] GC(1290) Pause Young (Normal) (G1 Evacuation Pause) 275M->87M(356M) 2.182ms
[225.387s][info][gc] GC(1291) Pause Young (Normal) (G1 Evacuation Pause) 275M->89M(356M) 2.093ms
[225.459s][info][gc] GC(1292) Pause Young (Normal) (G1 Evacuation Pause) 285M->91M(356M) 1.873ms
[225.512s][info][gc] GC(1293) Pause Young (Normal) (G1 Evacuation Pause) 283M->92M(356M) 1.800ms
[225.585s][info][gc] GC(1294) Pause Young (Normal) (G1 Evacuation Pause) 288M->94M(432M) 1.964ms
[225.657s][info][gc] GC(1295) Pause Young (Normal) (G1 Evacuation Pause) 334M->96M(432M) 1.544ms
[225.743s][info][gc] GC(1296) Pause Young (Normal) (G1 Evacuation Pause) 336M->98M(432M) 1.937ms
[225.823s][info][gc] GC(1297) Pause Young (Normal) (G1 Evacuation Pause) 334M->99M(432M) 1.658ms
[225.900s][info][gc] GC(1298) Pause Young (Normal) (G1 Evacuation Pause) 335M->102M(520M) 1.850ms
[226.001s][info][gc] GC(1299) Pause Young (Normal) (G1 Evacuation Pause) 390M->105M(520M) 2.235ms
[226.099s][info][gc] GC(1300) Pause Young (Normal) (G1 Evacuation Pause) 393M->107M(520M) 2.065ms
[226.191s][info][gc] GC(1301) Pause Young (Normal) (G1 Evacuation Pause) 395M->110M(520M) 2.150ms
[226.287s][info][gc] GC(1302) Pause Young (Normal) (G1 Evacuation Pause) 398M->111M(624M) 2.107ms
[226.416s][info][gc] GC(1303) Pause Young (Normal) (G1 Evacuation Pause) 455M->115M(624M) 2.621ms
[226.533s][info][gc] GC(1304) Pause Young (Normal) (G1 Evacuation Pause) 455M->118M(624M) 2.472ms
[226.651s][info][gc] GC(1305) Pause Young (Normal) (G1 Evacuation Pause) 462M->122M(624M) 2.404ms
[226.766s][info][gc] GC(1306) Pause Young (Normal) (G1 Evacuation Pause) 462M->125M(624M) 2.311ms
[226.880s][info][gc] GC(1307) Pause Young (Normal) (G1 Evacuation Pause) 465M->126M(624M) 2.465ms
[226.996s][info][gc] GC(1308) Pause Young (Normal) (G1 Evacuation Pause) 470M->129M(624M) 2.585ms
[227.112s][info][gc] GC(1309) Pause Young (Normal) (G1 Evacuation Pause) 473M->131M(752M) 2.765ms
[227.259s][info][gc] GC(1310) Pause Young (Normal) (G1 Evacuation Pause) 551M->136M(752M) 3.176ms
[227.419s][info][gc] GC(1311) Pause Young (Normal) (G1 Evacuation Pause) 548M->139M(752M) 4.924ms
[227.561s][info][gc] GC(1312) Pause Young (Normal) (G1 Evacuation Pause) 551M->144M(752M) 2.975ms
[227.694s][info][gc] GC(1313) Pause Young (Normal) (G1 Evacuation Pause) 556M->147M(752M) 2.966ms
[227.833s][info][gc] GC(1314) Pause Young (Normal) (G1 Evacuation Pause) 559M->150M(752M) 2.959ms
[227.973s][info][gc] GC(1315) Pause Young (Normal) (G1 Evacuation Pause) 562M->152M(752M) 2.583ms
[228.114s][info][gc] GC(1316) Pause Young (Normal) (G1 Evacuation Pause) 568M->158M(752M) 2.929ms
[228.251s][info][gc] GC(1317) Pause Young (Normal) (G1 Evacuation Pause) 566M->158M(752M) 2.715ms
[228.382s][info][gc] GC(1318) Pause Young (Normal) (G1 Evacuation Pause) 570M->161M(752M) 2.678ms
[228.520s][info][gc] GC(1319) Pause Young (Normal) (G1 Evacuation Pause) 573M->166M(752M) 2.773ms
[228.660s][info][gc] GC(1320) Pause Young (Normal) (G1 Evacuation Pause) 578M->170M(752M) 2.879ms
[228.796s][info][gc] GC(1321) Pause Young (Normal) (G1 Evacuation Pause) 582M->174M(752M) 2.758ms
[228.932s][info][gc] GC(1322) Pause Young (Normal) (G1 Evacuation Pause) 586M->177M(752M) 2.965ms
[229.071s][info][gc] GC(1323) Pause Young (Normal) (G1 Evacuation Pause) 589M->179M(752M) 2.669ms
[229.206s][info][gc] GC(1324) Pause Young (Normal) (G1 Evacuation Pause) 591M->183M(752M) 2.666ms
[229.342s][info][gc] GC(1325) Pause Young (Normal) (G1 Evacuation Pause) 595M->187M(752M) 2.710ms
[229.484s][info][gc] GC(1326) Pause Young (Normal) (G1 Evacuation Pause) 599M->190M(752M) 2.871ms
[229.620s][info][gc] GC(1327) Pause Young (Normal) (G1 Evacuation Pause) 602M->194M(752M) 2.689ms
[229.755s][info][gc] GC(1328) Pause Young (Normal) (G1 Evacuation Pause) 606M->197M(752M) 2.924ms
[229.887s][info][gc] GC(1329) Pause Young (Normal) (G1 Evacuation Pause) 609M->203M(752M) 2.716ms
[230.026s][info][gc] GC(1330) Pause Young (Normal) (G1 Evacuation Pause) 615M->205M(752M) 2.916ms
[230.164s][info][gc] GC(1331) Pause Young (Normal) (G1 Evacuation Pause) 617M->209M(752M) 2.966ms
[230.299s][info][gc] GC(1332) Pause Young (Normal) (G1 Evacuation Pause) 621M->214M(752M) 2.689ms
[230.435s][info][gc] GC(1333) Pause Young (Normal) (G1 Evacuation Pause) 626M->218M(752M) 2.648ms
[230.571s][info][gc] GC(1334) Pause Young (Normal) (G1 Evacuation Pause) 630M->220M(752M) 2.693ms
[230.709s][info][gc] GC(1335) Pause Young (Normal) (G1 Evacuation Pause) 632M->222M(752M) 2.703ms
[230.847s][info][gc] GC(1336) Pause Young (Normal) (G1 Evacuation Pause) 634M->227M(752M) 2.929ms
[230.983s][info][gc] GC(1337) Pause Young (Normal) (G1 Evacuation Pause) 639M->229M(752M) 2.627ms
[231.130s][info][gc] GC(1338) Pause Young (Normal) (G1 Evacuation Pause) 645M->235M(752M) 3.058ms
[231.272s][info][gc] GC(1339) Pause Young (Normal) (G1 Evacuation Pause) 647M->238M(752M) 3.114ms
[231.416s][info][gc] GC(1340) Pause Young (Normal) (G1 Evacuation Pause) 650M->241M(752M) 2.752ms
[231.552s][info][gc] GC(1341) Pause Young (Normal) (G1 Evacuation Pause) 653M->245M(752M) 2.547ms
[231.696s][info][gc] GC(1342) Pause Young (Normal) (G1 Evacuation Pause) 657M->247M(752M) 2.654ms
[232.113s][info][gc] GC(1343) Pause Young (Normal) (G1 Evacuation Pause) 659M->248M(752M) 2.809ms
[232.530s][info][gc] GC(1344) Pause Young (Normal) (G1 Evacuation Pause) 664M->253M(752M) 2.465ms
[232.922s][info][gc] GC(1345) Pause Young (Normal) (G1 Evacuation Pause) 665M->256M(752M) 2.703ms
[233.324s][info][gc] GC(1346) Pause Young (Normal) (G1 Evacuation Pause) 672M->259M(752M) 2.474ms
[233.726s][info][gc] GC(1347) Pause Young (Normal) (G1 Evacuation Pause) 671M->264M(752M) 2.708ms
[234.114s][info][gc] GC(1348) Pause Young (Normal) (G1 Evacuation Pause) 668M->267M(752M) 2.582ms
[234.498s][info][gc] GC(1349) Pause Young (Normal) (G1 Evacuation Pause) 667M->271M(752M) 2.579ms
[234.892s][info][gc] GC(1350) Pause Young (Normal) (G1 Evacuation Pause) 671M->275M(752M) 2.693ms
[235.271s][info][gc] GC(1351) Pause Young (Normal) (G1 Evacuation Pause) 671M->277M(752M) 3.306ms
[235.648s][info][gc] GC(1352) Pause Young (Normal) (G1 Evacuation Pause) 669M->282M(752M) 2.557ms
[236.022s][info][gc] GC(1353) Pause Young (Normal) (G1 Evacuation Pause) 670M->284M(752M) 3.000ms
[236.397s][info][gc] GC(1354) Pause Young (Normal) (G1 Evacuation Pause) 668M->286M(752M) 2.353ms
[236.723s][info][gc] GC(1355) Pause Young (Concurrent Start) (G1 Evacuation Pause) 674M->292M(752M) 2.755ms
[236.723s][info][gc] GC(1356) Concurrent Mark Cycle
[236.733s][info][gc] GC(1356) Pause Remark 316M->129M(376M) 0.433ms
[236.737s][info][gc] GC(1356) Pause Cleanup 137M->137M(376M) 0.050ms
[236.737s][info][gc] GC(1356) Concurrent Mark Cycle 13.872ms
[236.820s][info][gc] GC(1357) Pause Young (Prepare Mixed) (G1 Evacuation Pause) 293M->108M(376M) 2.413ms
[236.920s][info][gc] GC(1358) Pause Young (Mixed) (G1 Evacuation Pause) 312M->78M(376M) 1.783ms
[237.024s][info][gc] GC(1359) Pause Young (Normal) (G1 Evacuation Pause) 290M->79M(376M) 1.337ms
[237.132s][info][gc] GC(1360) Pause Young (Normal) (G1 Evacuation Pause) 287M->79M(452M) 1.422ms
[237.268s][info][gc] GC(1361) Pause Young (Normal) (G1 Evacuation Pause) 331M->83M(452M) 1.929ms
[237.392s][info][gc] GC(1362) Pause Young (Normal) (G1 Evacuation Pause) 331M->84M(452M) 1.675ms
[237.512s][info][gc] GC(1363) Pause Young (Normal) (G1 Evacuation Pause) 332M->87M(452M) 1.790ms
[237.643s][info][gc] GC(1364) Pause Young (Normal) (G1 Evacuation Pause) 331M->89M(452M) 1.897ms
[237.764s][info][gc] GC(1365) Pause Young (Normal) (G1 Evacuation Pause) 337M->90M(452M) 1.639ms
[237.885s][info][gc] GC(1366) Pause Young (Normal) (G1 Evacuation Pause) 338M->92M(452M) 1.742ms
[238.012s][info][gc] GC(1367) Pause Young (Normal) (G1 Evacuation Pause) 336M->95M(452M) 2.060ms
[238.144s][info][gc] GC(1368) Pause Young (Normal) (G1 Evacuation Pause) 339M->98M(452M) 1.790ms
[238.265s][info][gc] GC(1369) Pause Young (Normal) (G1 Evacuation Pause) 342M->99M(452M) 2.069ms
[238.387s][info][gc] GC(1370) Pause Young (Normal) (G1 Evacuation Pause) 347M->101M(452M) 1.720ms
[238.519s][info][gc] GC(1371) Pause Young (Normal) (G1 Evacuation Pause) 345M->103M(452M) 2.091ms
[238.643s][info][gc] GC(1372) Pause Young (Normal) (G1 Evacuation Pause) 347M->106M(452M) 1.772ms
[238.764s][info][gc] GC(1373) Pause Young (Normal) (G1 Evacuation Pause) 350M->107M(452M) 1.942ms
[238.893s][info][gc] GC(1374) Pause Young (Normal) (G1 Evacuation Pause) 351M->108M(544M) 1.738ms
[239.177s][info][gc] GC(1375) Pause Young (Normal) (G1 Evacuation Pause) 408M->113M(544M) 2.162ms
[239.329s][info][gc] GC(1376) Pause Young (Normal) (G1 Evacuation Pause) 409M->116M(544M) 2.268ms
[239.473s][info][gc] GC(1377) Pause Young (Normal) (G1 Evacuation Pause) 412M->118M(544M) 2.311ms
[239.624s][info][gc] GC(1378) Pause Young (Normal) (G1 Evacuation Pause) 414M->121M(544M) 2.147ms
[239.767s][info][gc] GC(1379) Pause Young (Normal) (G1 Evacuation Pause) 417M->122M(544M) 2.412ms
[239.919s][info][gc] GC(1380) Pause Young (Normal) (G1 Evacuation Pause) 418M->125M(544M) 2.114ms
[240.066s][info][gc] GC(1381) Pause Young (Normal) (G1 Evacuation Pause) 421M->126M(544M) 2.323ms
[240.218s][info][gc] GC(1382) Pause Young (Normal) (G1 Evacuation Pause) 422M->130M(544M) 2.234ms
[240.372s][info][gc] GC(1383) Pause Young (Normal) (G1 Evacuation Pause) 426M->132M(544M) 2.154ms
[240.516s][info][gc] GC(1384) Pause Young (Normal) (G1 Evacuation Pause) 428M->137M(544M) 2.186ms
[240.669s][info][gc] GC(1385) Pause Young (Normal) (G1 Evacuation Pause) 433M->138M(544M) 2.356ms
[240.812s][info][gc] GC(1386) Pause Young (Normal) (G1 Evacuation Pause) 434M->140M(544M) 2.052ms
[240.959s][info][gc] GC(1387) Pause Young (Normal) (G1 Evacuation Pause) 436M->142M(544M) 2.008ms
[241.107s][info][gc] GC(1388) Pause Young (Normal) (G1 Evacuation Pause) 438M->144M(544M) 2.079ms
[241.263s][info][gc] GC(1389) Pause Young (Normal) (G1 Evacuation Pause) 440M->149M(544M) 2.179ms
[241.413s][info][gc] GC(1390) Pause Young (Normal) (G1 Evacuation Pause) 445M->150M(544M) 2.349ms
[241.692s][info][gc] GC(1391) Pause Young (Normal) (G1 Evacuation Pause) 446M->154M(544M) 2.150ms
[241.832s][info][gc] GC(1392) Pause Young (Normal) (G1 Evacuation Pause) 450M->154M(544M) 2.069ms
[241.987s][info][gc] GC(1393) Pause Young (Normal) (G1 Evacuation Pause) 454M->157M(544M) 2.079ms
[242.139s][info][gc] GC(1394) Pause Young (Normal) (G1 Evacuation Pause) 453M->162M(544M) 2.191ms
[242.281s][info][gc] GC(1395) Pause Young (Normal) (G1 Evacuation Pause) 458M->163M(544M) 2.383ms
[242.435s][info][gc] GC(1396) Pause Young (Normal) (G1 Evacuation Pause) 459M->166M(544M) 2.265ms
[242.585s][info][gc] GC(1397) Pause Young (Normal) (G1 Evacuation Pause) 462M->167M(544M) 2.114ms
[242.733s][info][gc] GC(1398) Pause Young (Normal) (G1 Evacuation Pause) 463M->172M(544M) 2.182ms
[242.883s][info][gc] GC(1399) Pause Young (Normal) (G1 Evacuation Pause) 468M->173M(544M) 2.125ms
[243.034s][info][gc] GC(1400) Pause Young (Normal) (G1 Evacuation Pause) 469M->177M(544M) 2.204ms
[243.185s][info][gc] GC(1401) Pause Young (Normal) (G1 Evacuation Pause) 473M->179M(544M) 2.042ms
[243.329s][info][gc] GC(1402) Pause Young (Normal) (G1 Evacuation Pause) 475M->181M(544M) 2.165ms
[243.475s][info][gc] GC(1403) Pause Young (Normal) (G1 Evacuation Pause) 473M->183M(544M) 1.998ms
[243.623s][info][gc] GC(1404) Pause Young (Normal) (G1 Evacuation Pause) 479M->186M(544M) 1.936ms
[243.769s][info][gc] GC(1405) Pause Young (Normal) (G1 Evacuation Pause) 478M->188M(544M) 2.036ms
[243.916s][info][gc] GC(1406) Pause Young (Normal) (G1 Evacuation Pause) 480M->192M(544M) 1.898ms
[244.200s][info][gc] GC(1407) Pause Young (Normal) (G1 Evacuation Pause) 480M->194M(544M) 1.923ms
[244.341s][info][gc] GC(1408) Pause Young (Normal) (G1 Evacuation Pause) 482M->197M(544M) 2.078ms
[244.487s][info][gc] GC(1409) Pause Young (Normal) (G1 Evacuation Pause) 481M->200M(544M) 1.972ms
[244.619s][info][gc] GC(1410) Pause Young (Normal) (G1 Evacuation Pause) 472M->203M(544M) 2.005ms
[244.758s][info][gc] GC(1411) Pause Young (Normal) (G1 Evacuation Pause) 475M->204M(544M) 1.945ms
[244.895s][info][gc] GC(1412) Pause Young (Concurrent Start) (G1 Evacuation Pause) 480M->206M(544M) 2.010ms
[244.895s][info][gc] GC(1413) Concurrent Mark Cycle
[244.903s][info][gc] GC(1413) Pause Remark 224M->110M(336M) 0.439ms
[244.906s][info][gc] GC(1413) Pause Cleanup 112M->112M(336M) 0.047ms
[244.906s][info][gc] GC(1413) Concurrent Mark Cycle 11.309ms
[244.987s][info][gc] GC(1414) Pause Young (Prepare Mixed) (G1 Evacuation Pause) 268M->94M(336M) 1.845ms
[245.078s][info][gc] GC(1415) Pause Young (Mixed) (G1 Evacuation Pause) 274M->73M(336M) 1.641ms
[245.171s][info][gc] GC(1416) Pause Young (Normal) (G1 Evacuation Pause) 257M->73M(336M) 1.500ms
[245.257s][info][gc] GC(1417) Pause Young (Normal) (G1 Evacuation Pause) 253M->76M(404M) 1.567ms
[245.372s][info][gc] GC(1418) Pause Young (Normal) (G1 Evacuation Pause) 296M->77M(404M) 1.631ms
[245.480s][info][gc] GC(1419) Pause Young (Normal) (G1 Evacuation Pause) 297M->80M(404M) 1.717ms
[245.587s][info][gc] GC(1420) Pause Young (Normal) (G1 Evacuation Pause) 300M->81M(404M) 1.592ms
[245.695s][info][gc] GC(1421) Pause Young (Normal) (G1 Evacuation Pause) 301M->82M(488M) 1.668ms
[245.838s][info][gc] GC(1422) Pause Young (Normal) (G1 Evacuation Pause) 354M->84M(488M) 1.790ms
[245.972s][info][gc] GC(1423) Pause Young (Normal) (G1 Evacuation Pause) 356M->88M(488M) 1.831ms
[246.111s][info][gc] GC(1424) Pause Young (Normal) (G1 Evacuation Pause) 356M->91M(488M) 1.985ms
[246.241s][info][gc] GC(1425) Pause Young (Normal) (G1 Evacuation Pause) 355M->92M(488M) 1.987ms
[246.378s][info][gc] GC(1426) Pause Young (Normal) (G1 Evacuation Pause) 360M->94M(488M) 1.780ms
[246.506s][info][gc] GC(1427) Pause Young (Normal) (G1 Evacuation Pause) 362M->96M(488M) 1.917ms
[246.759s][info][gc] GC(1428) Pause Young (Normal) (G1 Evacuation Pause) 364M->99M(488M) 1.924ms
[246.898s][info][gc] GC(1429) Pause Young (Normal) (G1 Evacuation Pause) 367M->101M(488M) 2.196ms
[247.031s][info][gc] GC(1430) Pause Young (Normal) (G1 Evacuation Pause) 369M->103M(488M) 2.140ms
[247.163s][info][gc] GC(1431) Pause Young (Normal) (G1 Evacuation Pause) 371M->106M(488M) 1.996ms
[247.298s][info][gc] GC(1432) Pause Young (Normal) (G1 Evacuation Pause) 374M->109M(488M) 2.102ms
[247.430s][info][gc] GC(1433) Pause Young (Normal) (G1 Evacuation Pause) 373M->110M(488M) 2.155ms
[247.569s][info][gc] GC(1434) Pause Young (Normal) (G1 Evacuation Pause) 378M->114M(488M) 2.146ms
[247.698s][info][gc] GC(1435) Pause Young (Normal) (G1 Evacuation Pause) 378M->115M(488M) 2.088ms
[247.861s][info][gc] GC(1436) Pause Young (Normal) (G1 Evacuation Pause) 383M->117M(488M) 2.072ms
[247.999s][info][gc] GC(1437) Pause Young (Normal) (G1 Evacuation Pause) 381M->119M(488M) 2.261ms
[248.133s][info][gc] GC(1438) Pause Young (Normal) (G1 Evacuation Pause) 387M->121M(488M) 2.044ms
[248.274s][info][gc] GC(1439) Pause Young (Normal) (G1 Evacuation Pause) 389M->124M(488M) 1.944ms
[248.405s][info][gc] GC(1440) Pause Young (Normal) (G1 Evacuation Pause) 392M->126M(488M) 1.890ms
[248.547s][info][gc] GC(1441) Pause Young (Normal) (G1 Evacuation Pause) 394M->129M(488M) 2.093ms
[248.677s][info][gc] GC(1442) Pause Young (Normal) (G1 Evacuation Pause) 397M->130M(488M) 2.132ms
[248.807s][info][gc] GC(1443) Pause Young (Normal) (G1 Evacuation Pause) 398M->133M(488M) 1.906ms
[248.948s][info][gc] GC(1444) Pause Young (Normal) (G1 Evacuation Pause) 401M->136M(488M) 2.075ms
[249.079s][info][gc] GC(1445) Pause Young (Normal) (G1 Evacuation Pause) 400M->138M(488M) 1.904ms
[249.301s][info][gc] GC(1446) Pause Young (Normal) (G1 Evacuation Pause) 406M->148M(488M) 2.510ms
[249.371s][info][gc] GC(1447) Pause Young (Normal) (G1 Evacuation Pause) 408M->147M(488M) 2.425ms
[249.464s][info][gc] GC(1448) Pause Young (Normal) (G1 Evacuation Pause) 415M->153M(488M) 2.711ms
[249.552s][info][gc] GC(1449) Pause Young (Normal) (G1 Evacuation Pause) 417M->154M(488M) 2.570ms
[249.632s][info][gc] GC(1450) Pause Young (Normal) (G1 Evacuation Pause) 422M->157M(488M) 2.437ms
[249.719s][info][gc] GC(1451) Pause Young (Normal) (G1 Evacuation Pause) 425M->159M(588M) 2.295ms
[249.823s][info][gc] GC(1452) Pause Young (Normal) (G1 Evacuation Pause) 491M->161M(588M) 2.071ms
[249.926s][info][gc] GC(1453) Pause Young (Normal) (G1 Evacuation Pause) 493M->163M(588M) 2.247ms
[250.027s][info][gc] GC(1454) Pause Young (Normal) (G1 Evacuation Pause) 491M->166M(588M) 2.890ms
[250.132s][info][gc] GC(1455) Pause Young (Normal) (G1 Evacuation Pause) 490M->169M(588M) 2.732ms
[250.236s][info][gc] GC(1456) Pause Young (Normal) (G1 Evacuation Pause) 493M->173M(708M) 2.418ms
[250.363s][info][gc] GC(1457) Pause Young (Normal) (G1 Evacuation Pause) 569M->175M(708M) 2.775ms
[250.482s][info][gc] GC(1458) Pause Young (Normal) (G1 Evacuation Pause) 571M->179M(708M) 2.633ms
[250.606s][info][gc] GC(1459) Pause Young (Normal) (G1 Evacuation Pause) 571M->183M(708M) 2.605ms
[250.727s][info][gc] GC(1460) Pause Young (Normal) (G1 Evacuation Pause) 571M->185M(708M) 2.835ms
[250.846s][info][gc] GC(1461) Pause Young (Normal) (G1 Evacuation Pause) 573M->188M(708M) 2.830ms
[250.962s][info][gc] GC(1462) Pause Young (Normal) (G1 Evacuation Pause) 576M->191M(708M) 2.667ms
[251.083s][info][gc] GC(1463) Pause Young (Normal) (G1 Evacuation Pause) 579M->196M(708M) 2.847ms
[251.198s][info][gc] GC(1464) Pause Young (Normal) (G1 Evacuation Pause) 584M->198M(708M) 2.887ms
[251.317s][info][gc] GC(1465) Pause Young (Normal) (G1 Evacuation Pause) 586M->201M(708M) 2.752ms
[251.434s][info][gc] GC(1466) Pause Young (Normal) (G1 Evacuation Pause) 589M->205M(708M) 2.706ms
[251.554s][info][gc] GC(1467) Pause Young (Normal) (G1 Evacuation Pause) 593M->210M(708M) 2.724ms
[251.674s][info][gc] GC(1468) Pause Young (Normal) (G1 Evacuation Pause) 598M->210M(708M) 2.719ms
[251.792s][info][gc] GC(1469) Pause Young (Normal) (G1 Evacuation Pause) 602M->214M(708M) 2.549ms
[251.911s][info][gc] GC(1470) Pause Young (Normal) (G1 Evacuation Pause) 602M->216M(708M) 2.582ms
[252.030s][info][gc] GC(1471) Pause Young (Normal) (G1 Evacuation Pause) 608M->221M(708M) 2.852ms
[252.152s][info][gc] GC(1472) Pause Young (Normal) (G1 Evacuation Pause) 609M->226M(708M) 2.829ms
[252.275s][info][gc] GC(1473) Pause Young (Normal) (G1 Evacuation Pause) 614M->229M(708M) 2.811ms
[252.393s][info][gc] GC(1474) Pause Young (Normal) (G1 Evacuation Pause) 617M->231M(708M) 2.857ms
[252.514s][info][gc] GC(1475) Pause Young (Normal) (G1 Evacuation Pause) 619M->233M(708M) 2.818ms
[252.639s][info][gc] GC(1476) Pause Young (Normal) (G1 Evacuation Pause) 625M->239M(708M) 2.844ms
[252.762s][info][gc] GC(1477) Pause Young (Normal) (G1 Evacuation Pause) 623M->242M(708M) 2.753ms
[252.884s][info][gc] GC(1478) Pause Young (Normal) (G1 Evacuation Pause) 626M->244M(708M) 2.778ms
[252.999s][info][gc] GC(1479) Pause Young (Normal) (G1 Evacuation Pause) 624M->247M(708M) 2.751ms
[253.119s][info][gc] GC(1480) Pause Young (Normal) (G1 Evacuation Pause) 627M->251M(708M) 2.567ms
[253.236s][info][gc] GC(1481) Pause Young (Normal) (G1 Evacuation Pause) 623M->252M(708M) 2.846ms
[253.361s][info][gc] GC(1482) Pause Young (Normal) (G1 Evacuation Pause) 636M->257M(708M) 2.419ms
[253.476s][info][gc] GC(1483) Pause Young (Normal) (G1 Evacuation Pause) 629M->261M(708M) 2.657ms
[253.590s][info][gc] GC(1484) Pause Young (Normal) (G1 Evacuation Pause) 629M->265M(708M) 2.393ms
[253.701s][info][gc] GC(1485) Pause Young (Concurrent Start) (G1 Evacuation Pause) 629M->268M(708M) 2.690ms
[253.701s][info][gc] GC(1486) Concurrent Mark Cycle
[253.747s][info][gc] GC(1486) Pause Remark 421M->341M(656M) 0.420ms
[253.768s][info][gc] GC(1486) Pause Cleanup 395M->395M(656M) 0.059ms
[253.768s][info][gc] GC(1486) Concurrent Mark Cycle 67.143ms
[253.820s][info][gc] GC(1487) Pause Young (Prepare Mixed) (G1 Evacuation Pause) 548M->189M(656M) 2.362ms
[253.928s][info][gc] GC(1488) Pause Young (Mixed) (G1 Evacuation Pause) 549M->185M(656M) 2.468ms
[254.041s][info][gc] GC(1489) Pause Young (Normal) (G1 Evacuation Pause) 545M->188M(788M) 2.658ms
[254.180s][info][gc] GC(1490) Pause Young (Normal) (G1 Evacuation Pause) 628M->192M(788M) 3.000ms
[254.313s][info][gc] GC(1491) Pause Young (Normal) (G1 Evacuation Pause) 628M->197M(788M) 2.952ms
[254.446s][info][gc] GC(1492) Pause Young (Normal) (G1 Evacuation Pause) 629M->199M(788M) 2.770ms
[254.582s][info][gc] GC(1493) Pause Young (Normal) (G1 Evacuation Pause) 635M->204M(788M) 2.995ms
[254.712s][info][gc] GC(1494) Pause Young (Normal) (G1 Evacuation Pause) 636M->206M(788M) 2.938ms
[254.843s][info][gc] GC(1495) Pause Young (Normal) (G1 Evacuation Pause) 638M->209M(788M) 2.703ms
[254.974s][info][gc] GC(1496) Pause Young (Normal) (G1 Evacuation Pause) 645M->212M(788M) 2.656ms
[255.107s][info][gc] GC(1497) Pause Young (Normal) (G1 Evacuation Pause) 648M->217M(788M) 2.679ms
[255.240s][info][gc] GC(1498) Pause Young (Normal) (G1 Evacuation Pause) 653M->223M(788M) 2.818ms
[255.369s][info][gc] GC(1499) Pause Young (Normal) (G1 Evacuation Pause) 655M->225M(788M) 2.759ms
[255.500s][info][gc] GC(1500) Pause Young (Normal) (G1 Evacuation Pause) 661M->230M(788M) 2.817ms
[255.632s][info][gc] GC(1501) Pause Young (Normal) (G1 Evacuation Pause) 662M->232M(788M) 2.987ms
[255.763s][info][gc] GC(1502) Pause Young (Normal) (G1 Evacuation Pause) 668M->236M(788M) 2.723ms
[255.968s][info][gc] GC(1503) Pause Young (Normal) (G1 Evacuation Pause) 672M->234M(788M) 2.351ms
[256.761s][info][gc] GC(1504) Pause Young (Normal) (G1 Evacuation Pause) 674M->239M(788M) 2.645ms
[257.591s][info][gc] GC(1505) Pause Young (Normal) (G1 Evacuation Pause) 675M->245M(788M) 2.507ms
[258.406s][info][gc] GC(1506) Pause Young (Normal) (G1 Evacuation Pause) 677M->247M(788M) 2.802ms
[259.243s][info][gc] GC(1507) Pause Young (Normal) (G1 Evacuation Pause) 683M->250M(788M) 2.564ms
[260.067s][info][gc] GC(1508) Pause Young (Normal) (G1 Evacuation Pause) 686M->252M(788M) 2.662ms
[260.554s][info][gc] GC(1509) Pause Young (Normal) (G1 Evacuation Pause) 688M->259M(788M) 2.884ms
[260.724s][info][gc] GC(1510) Pause Young (Normal) (G1 Evacuation Pause) 691M->265M(788M) 2.754ms
[260.905s][info][gc] GC(1511) Pause Young (Normal) (G1 Evacuation Pause) 701M->267M(788M) 2.756ms
[261.085s][info][gc] GC(1512) Pause Young (Normal) (G1 Evacuation Pause) 699M->273M(788M) 2.763ms
[261.261s][info][gc] GC(1513) Pause Young (Normal) (G1 Evacuation Pause) 701M->276M(788M) 2.804ms
[261.437s][info][gc] GC(1514) Pause Young (Normal) (G1 Evacuation Pause) 700M->280M(788M) 2.697ms
[261.606s][info][gc] GC(1515) Pause Young (Normal) (G1 Evacuation Pause) 700M->282M(788M) 2.763ms
[261.781s][info][gc] GC(1516) Pause Young (Normal) (G1 Evacuation Pause) 698M->285M(788M) 2.848ms
[261.963s][info][gc] GC(1517) Pause Young (Normal) (G1 Evacuation Pause) 697M->291M(788M) 2.942ms
[262.133s][info][gc] GC(1518) Pause Young (Normal) (G1 Evacuation Pause) 699M->294M(788M) 2.862ms
[262.295s][info][gc] GC(1519) Pause Young (Normal) (G1 Evacuation Pause) 698M->295M(788M) 2.917ms
[262.604s][info][gc] GC(1520) Pause Young (Concurrent Start) (G1 Evacuation Pause) 703M->300M(788M) 3.040ms
[262.605s][info][gc] GC(1521) Concurrent Mark Cycle
[262.616s][info][gc] GC(1521) Pause Remark 324M->138M(400M) 0.440ms
[262.619s][info][gc] GC(1521) Pause Cleanup 149M->149M(400M) 0.054ms
[262.620s][info][gc] GC(1521) Concurrent Mark Cycle 14.972ms
[262.693s][info][gc] GC(1522) Pause Young (Prepare Mixed) (G1 Evacuation Pause) 322M->117M(400M) 2.710ms
[262.789s][info][gc] GC(1523) Pause Young (Mixed) (G1 Evacuation Pause) 337M->80M(400M) 1.886ms
[262.885s][info][gc] GC(1524) Pause Young (Normal) (G1 Evacuation Pause) 308M->80M(400M) 1.378ms
[262.982s][info][gc] GC(1525) Pause Young (Normal) (G1 Evacuation Pause) 308M->83M(400M) 1.631ms
[263.077s][info][gc] GC(1526) Pause Young (Normal) (G1 Evacuation Pause) 307M->84M(480M) 1.696ms
[263.194s][info][gc] GC(1527) Pause Young (Normal) (G1 Evacuation Pause) 356M->86M(480M) 2.014ms
[263.310s][info][gc] GC(1528) Pause Young (Normal) (G1 Evacuation Pause) 354M->90M(480M) 1.883ms
[263.421s][info][gc] GC(1529) Pause Young (Normal) (G1 Evacuation Pause) 354M->91M(480M) 2.012ms
[263.533s][info][gc] GC(1530) Pause Young (Normal) (G1 Evacuation Pause) 359M->94M(480M) 1.894ms
[263.642s][info][gc] GC(1531) Pause Young (Normal) (G1 Evacuation Pause) 358M->95M(576M) 2.059ms
[263.790s][info][gc] GC(1532) Pause Young (Normal) (G1 Evacuation Pause) 415M->99M(576M) 2.074ms
[263.925s][info][gc] GC(1533) Pause Young (Normal) (G1 Evacuation Pause) 419M->100M(576M) 2.147ms
[264.054s][info][gc] GC(1534) Pause Young (Normal) (G1 Evacuation Pause) 416M->103M(576M) 2.119ms
[264.189s][info][gc] GC(1535) Pause Young (Normal) (G1 Evacuation Pause) 423M->107M(576M) 2.087ms
[264.318s][info][gc] GC(1536) Pause Young (Normal) (G1 Evacuation Pause) 423M->111M(576M) 2.185ms
[264.445s][info][gc] GC(1537) Pause Young (Normal) (G1 Evacuation Pause) 427M->110M(576M) 2.264ms
[264.717s][info][gc] GC(1538) Pause Young (Normal) (G1 Evacuation Pause) 426M->116M(576M) 2.355ms
[264.843s][info][gc] GC(1539) Pause Young (Normal) (G1 Evacuation Pause) 428M->119M(576M) 2.337ms
[264.972s][info][gc] GC(1540) Pause Young (Normal) (G1 Evacuation Pause) 435M->120M(576M) 2.232ms
[265.108s][info][gc] GC(1541) Pause Young (Normal) (G1 Evacuation Pause) 436M->123M(576M) 2.213ms
[265.235s][info][gc] GC(1542) Pause Young (Normal) (G1 Evacuation Pause) 439M->126M(576M) 2.301ms
[265.362s][info][gc] GC(1543) Pause Young (Normal) (G1 Evacuation Pause) 442M->128M(576M) 2.261ms
[265.495s][info][gc] GC(1544) Pause Young (Normal) (G1 Evacuation Pause) 444M->131M(576M) 2.158ms
[265.624s][info][gc] GC(1545) Pause Young (Normal) (G1 Evacuation Pause) 447M->134M(576M) 2.287ms
[265.750s][info][gc] GC(1546) Pause Young (Normal) (G1 Evacuation Pause) 450M->136M(576M) 2.151ms
[265.884s][info][gc] GC(1547) Pause Young (Normal) (G1 Evacuation Pause) 452M->139M(576M) 2.032ms
[266.011s][info][gc] GC(1548) Pause Young (Normal) (G1 Evacuation Pause) 455M->141M(576M) 2.080ms
[266.138s][info][gc] GC(1549) Pause Young (Normal) (G1 Evacuation Pause) 457M->144M(576M) 2.100ms
[266.269s][info][gc] GC(1550) Pause Young (Normal) (G1 Evacuation Pause) 460M->146M(576M) 2.212ms
[266.402s][info][gc] GC(1551) Pause Young (Normal) (G1 Evacuation Pause) 466M->150M(576M) 2.117ms
[266.532s][info][gc] GC(1552) Pause Young (Normal) (G1 Evacuation Pause) 466M->152M(576M) 2.053ms
[266.792s][info][gc] GC(1553) Pause Young (Normal) (G1 Evacuation Pause) 468M->153M(576M) 1.879ms
[266.928s][info][gc] GC(1554) Pause Young (Normal) (G1 Evacuation Pause) 473M->159M(576M) 2.134ms
[267.056s][info][gc] GC(1555) Pause Young (Normal) (G1 Evacuation Pause) 471M->160M(576M) 2.312ms
[267.186s][info][gc] GC(1556) Pause Young (Normal) (G1 Evacuation Pause) 476M->162M(576M) 2.125ms
[267.320s][info][gc] GC(1557) Pause Young (Normal) (G1 Evacuation Pause) 478M->166M(576M) 2.252ms
[267.449s][info][gc] GC(1558) Pause Young (Normal) (G1 Evacuation Pause) 478M->170M(576M) 2.449ms
[267.582s][info][gc] GC(1559) Pause Young (Normal) (G1 Evacuation Pause) 486M->169M(576M) 2.317ms
[267.719s][info][gc] GC(1560) Pause Young (Normal) (G1 Evacuation Pause) 489M->174M(576M) 2.283ms
[267.848s][info][gc] GC(1561) Pause Young (Normal) (G1 Evacuation Pause) 490M->177M(576M) 2.320ms
[267.980s][info][gc] GC(1562) Pause Young (Normal) (G1 Evacuation Pause) 493M->178M(576M) 1.998ms
[268.113s][info][gc] GC(1563) Pause Young (Normal) (G1 Evacuation Pause) 498M->182M(576M) 2.198ms
[268.244s][info][gc] GC(1564) Pause Young (Normal) (G1 Evacuation Pause) 498M->186M(576M) 2.297ms
[268.377s][info][gc] GC(1565) Pause Young (Normal) (G1 Evacuation Pause) 502M->189M(576M) 2.122ms
[268.507s][info][gc] GC(1566) Pause Young (Normal) (G1 Evacuation Pause) 505M->191M(576M) 2.109ms
[268.633s][info][gc] GC(1567) Pause Young (Normal) (G1 Evacuation Pause) 507M->194M(576M) 2.371ms
[268.825s][info][gc] GC(1568) Pause Young (Normal) (G1 Evacuation Pause) 506M->192M(576M) 1.770ms
[269.027s][info][gc] GC(1569) Pause Young (Normal) (G1 Evacuation Pause) 508M->201M(576M) 2.311ms
[269.151s][info][gc] GC(1570) Pause Young (Normal) (G1 Evacuation Pause) 501M->202M(576M) 2.182ms
[269.273s][info][gc] GC(1571) Pause Young (Normal) (G1 Evacuation Pause) 506M->204M(576M) 2.082ms
[269.401s][info][gc] GC(1572) Pause Young (Normal) (G1 Evacuation Pause) 504M->207M(576M) 2.134ms
[269.521s][info][gc] GC(1573) Pause Young (Normal) (G1 Evacuation Pause) 507M->210M(576M) 2.263ms
[269.641s][info][gc] GC(1574) Pause Young (Normal) (G1 Evacuation Pause) 506M->213M(576M) 2.214ms
[269.760s][info][gc] GC(1575) Pause Young (Concurrent Start) (G1 Evacuation Pause) 505M->216M(576M) 2.135ms
[269.760s][info][gc] GC(1576) Concurrent Mark Cycle
[269.770s][info][gc] GC(1576) Pause Remark 242M->120M(336M) 0.454ms
[269.774s][info][gc] GC(1576) Pause Cleanup 125M->125M(336M) 0.050ms
[269.774s][info][gc] GC(1576) Concurrent Mark Cycle 13.778ms
[269.839s][info][gc] GC(1577) Pause Young (Prepare Mixed) (G1 Evacuation Pause) 270M->95M(336M) 1.842ms
[269.911s][info][gc] GC(1578) Pause Young (Mixed) (G1 Evacuation Pause) 275M->79M(336M) 1.684ms
[269.988s][info][gc] GC(1579) Pause Young (Normal) (G1 Evacuation Pause) 259M->80M(336M) 1.502ms
[270.058s][info][gc] GC(1580) Pause Young (Normal) (G1 Evacuation Pause) 264M->82M(404M) 1.546ms
[270.150s][info][gc] GC(1581) Pause Young (Normal) (G1 Evacuation Pause) 306M->83M(404M) 1.527ms
[270.244s][info][gc] GC(1582) Pause Young (Normal) (G1 Evacuation Pause) 307M->86M(404M) 1.679ms
[270.334s][info][gc] GC(1583) Pause Young (Normal) (G1 Evacuation Pause) 306M->88M(404M) 1.619ms
[270.425s][info][gc] GC(1584) Pause Young (Normal) (G1 Evacuation Pause) 308M->90M(488M) 1.717ms
[270.535s][info][gc] GC(1585) Pause Young (Normal) (G1 Evacuation Pause) 358M->92M(488M) 1.894ms
[270.642s][info][gc] GC(1586) Pause Young (Normal) (G1 Evacuation Pause) 360M->94M(488M) 1.933ms
[270.758s][info][gc] GC(1587) Pause Young (Normal) (G1 Evacuation Pause) 362M->96M(488M) 1.847ms
[270.995s][info][gc] GC(1588) Pause Young (Normal) (G1 Evacuation Pause) 364M->100M(488M) 2.202ms
[271.084s][info][gc] GC(1589) Pause Young (Normal) (G1 Evacuation Pause) 364M->109M(488M) 2.672ms
[271.157s][info][gc] GC(1590) Pause Young (Normal) (G1 Evacuation Pause) 369M->110M(588M) 2.408ms
[271.250s][info][gc] GC(1591) Pause Young (Normal) (G1 Evacuation Pause) 438M->113M(588M) 2.270ms
[271.348s][info][gc] GC(1592) Pause Young (Normal) (G1 Evacuation Pause) 437M->116M(588M) 2.564ms
[271.441s][info][gc] GC(1593) Pause Young (Normal) (G1 Evacuation Pause) 440M->118M(588M) 2.439ms
[271.531s][info][gc] GC(1594) Pause Young (Normal) (G1 Evacuation Pause) 442M->121M(708M) 2.546ms
[271.652s][info][gc] GC(1595) Pause Young (Normal) (G1 Evacuation Pause) 521M->123M(708M) 2.468ms
[271.769s][info][gc] GC(1596) Pause Young (Normal) (G1 Evacuation Pause) 519M->129M(708M) 2.571ms
[271.884s][info][gc] GC(1597) Pause Young (Normal) (G1 Evacuation Pause) 521M->132M(708M) 2.706ms
[271.995s][info][gc] GC(1598) Pause Young (Normal) (G1 Evacuation Pause) 520M->136M(708M) 2.991ms
[272.103s][info][gc] GC(1599) Pause Young (Normal) (G1 Evacuation Pause) 524M->135M(708M) 2.982ms
[272.216s][info][gc] GC(1600) Pause Young (Normal) (G1 Evacuation Pause) 527M->140M(708M) 2.642ms
[272.334s][info][gc] GC(1601) Pause Young (Normal) (G1 Evacuation Pause) 528M->146M(708M) 2.917ms
[272.447s][info][gc] GC(1602) Pause Young (Normal) (G1 Evacuation Pause) 534M->148M(852M) 2.965ms
[272.589s][info][gc] GC(1603) Pause Young (Normal) (G1 Evacuation Pause) 620M->151M(852M) 3.127ms
[272.733s][info][gc] GC(1604) Pause Young (Normal) (G1 Evacuation Pause) 619M->155M(852M) 3.258ms
[272.876s][info][gc] GC(1605) Pause Young (Normal) (G1 Evacuation Pause) 623M->160M(852M) 3.526ms
[273.014s][info][gc] GC(1606) Pause Young (Normal) (G1 Evacuation Pause) 628M->162M(852M) 3.092ms
[273.161s][info][gc] GC(1607) Pause Young (Normal) (G1 Evacuation Pause) 634M->169M(852M) 3.317ms
[273.314s][info][gc] GC(1608) Pause Young (Normal) (G1 Evacuation Pause) 637M->173M(852M) 3.697ms
[273.475s][info][gc] GC(1609) Pause Young (Normal) (G1 Evacuation Pause) 641M->176M(852M) 3.216ms
[273.634s][info][gc] GC(1610) Pause Young (Normal) (G1 Evacuation Pause) 644M->179M(852M) 3.589ms
[273.785s][info][gc] GC(1611) Pause Young (Normal) (G1 Evacuation Pause) 647M->185M(852M) 3.537ms
[273.928s][info][gc] GC(1612) Pause Young (Normal) (G1 Evacuation Pause) 649M->188M(852M) 3.146ms
[274.070s][info][gc] GC(1613) Pause Young (Normal) (G1 Evacuation Pause) 652M->191M(852M) 3.230ms
[274.214s][info][gc] GC(1614) Pause Young (Normal) (G1 Evacuation Pause) 663M->194M(852M) 3.361ms
[274.346s][info][gc] GC(1615) Pause Young (Normal) (G1 Evacuation Pause) 662M->197M(852M) 2.971ms
[274.486s][info][gc] GC(1616) Pause Young (Normal) (G1 Evacuation Pause) 665M->203M(852M) 3.082ms
[274.624s][info][gc] GC(1617) Pause Young (Normal) (G1 Evacuation Pause) 671M->207M(852M) 3.003ms
[274.763s][info][gc] GC(1618) Pause Young (Normal) (G1 Evacuation Pause) 675M->211M(852M) 3.610ms
[274.894s][info][gc] GC(1619) Pause Young (Normal) (G1 Evacuation Pause) 679M->213M(852M) 3.218ms
[275.028s][info][gc] GC(1620) Pause Young (Normal) (G1 Evacuation Pause) 681M->217M(852M) 3.110ms
[275.162s][info][gc] GC(1621) Pause Young (Normal) (G1 Evacuation Pause) 685M->222M(852M) 3.401ms
[275.298s][info][gc] GC(1622) Pause Young (Normal) (G1 Evacuation Pause) 690M->224M(852M) 2.981ms
[275.436s][info][gc] GC(1623) Pause Young (Normal) (G1 Evacuation Pause) 692M->231M(852M) 3.016ms
[275.569s][info][gc] GC(1624) Pause Young (Normal) (G1 Evacuation Pause) 699M->234M(852M) 2.926ms
[275.709s][info][gc] GC(1625) Pause Young (Normal) (G1 Evacuation Pause) 702M->239M(852M) 3.127ms
[275.854s][info][gc] GC(1626) Pause Young (Normal) (G1 Evacuation Pause) 707M->242M(852M) 3.161ms
[275.989s][info][gc] GC(1627) Pause Young (Normal) (G1 Evacuation Pause) 710M->247M(852M) 2.860ms
[276.127s][info][gc] GC(1628) Pause Young (Normal) (G1 Evacuation Pause) 715M->251M(852M) 3.244ms
[276.263s][info][gc] GC(1629) Pause Young (Normal) (G1 Evacuation Pause) 719M->254M(852M) 3.204ms
[276.398s][info][gc] GC(1630) Pause Young (Normal) (G1 Evacuation Pause) 722M->259M(852M) 3.203ms
[276.535s][info][gc] GC(1631) Pause Young (Normal) (G1 Evacuation Pause) 727M->261M(852M) 3.190ms
[276.671s][info][gc] GC(1632) Pause Young (Normal) (G1 Evacuation Pause) 729M->267M(852M) 2.944ms
[276.806s][info][gc] GC(1633) Pause Young (Normal) (G1 Evacuation Pause) 735M->271M(852M) 2.897ms
[276.939s][info][gc] GC(1634) Pause Young (Normal) (G1 Evacuation Pause) 739M->275M(852M) 2.974ms
[277.076s][info][gc] GC(1635) Pause Young (Normal) (G1 Evacuation Pause) 743M->277M(852M) 3.171ms
[277.215s][info][gc] GC(1636) Pause Young (Normal) (G1 Evacuation Pause) 745M->283M(852M) 3.355ms
[277.350s][info][gc] GC(1637) Pause Young (Normal) (G1 Evacuation Pause) 747M->285M(852M) 3.029ms
[277.482s][info][gc] GC(1638) Pause Young (Normal) (G1 Evacuation Pause) 757M->288M(852M) 2.717ms
[277.617s][info][gc] GC(1639) Pause Young (Normal) (G1 Evacuation Pause) 756M->291M(852M) 3.054ms
[277.756s][info][gc] GC(1640) Pause Young (Normal) (G1 Evacuation Pause) 755M->298M(852M) 2.902ms
[277.892s][info][gc] GC(1641) Pause Young (Normal) (G1 Evacuation Pause) 758M->301M(852M) 3.288ms
[278.034s][info][gc] GC(1642) Pause Young (Normal) (G1 Evacuation Pause) 757M->304M(852M) 2.847ms
[278.345s][info][gc] GC(1643) Pause Young (Normal) (G1 Evacuation Pause) 756M->307M(852M) 2.989ms
[278.521s][info][gc] GC(1644) Pause Young (Normal) (G1 Evacuation Pause) 755M->312M(852M) 2.980ms
[278.690s][info][gc] GC(1645) Pause Young (Normal) (G1 Evacuation Pause) 756M->314M(852M) 2.821ms
[278.866s][info][gc] GC(1646) Pause Young (Normal) (G1 Evacuation Pause) 754M->319M(852M) 3.117ms
[279.031s][info][gc] GC(1647) Pause Young (Normal) (G1 Evacuation Pause) 755M->322M(852M) 2.872ms
[279.197s][info][gc] GC(1648) Pause Young (Concurrent Start) (G1 Evacuation Pause) 766M->327M(852M) 2.972ms
[279.197s][info][gc] GC(1649) Concurrent Mark Cycle
[279.206s][info][gc] GC(1649) Pause Remark 360M->148M(416M) 0.497ms
[279.209s][info][gc] GC(1649) Pause Cleanup 155M->155M(416M) 0.048ms
[279.209s][info][gc] GC(1649) Concurrent Mark Cycle 12.423ms
[279.276s][info][gc] GC(1650) Pause Young (Prepare Mixed) (G1 Evacuation Pause) 323M->116M(416M) 2.602ms
[279.362s][info][gc] GC(1651) Pause Young (Mixed) (G1 Evacuation Pause) 344M->91M(416M) 2.213ms
[279.453s][info][gc] GC(1652) Pause Young (Normal) (G1 Evacuation Pause) 319M->92M(416M) 1.817ms
[279.545s][info][gc] GC(1653) Pause Young (Normal) (G1 Evacuation Pause) 320M->93M(500M) 2.274ms
[279.650s][info][gc] GC(1654) Pause Young (Normal) (G1 Evacuation Pause) 373M->96M(500M) 1.932ms
[279.757s][info][gc] GC(1655) Pause Young (Normal) (G1 Evacuation Pause) 372M->99M(500M) 1.883ms
[279.863s][info][gc] GC(1656) Pause Young (Normal) (G1 Evacuation Pause) 375M->101M(500M) 2.070ms
[279.968s][info][gc] GC(1657) Pause Young (Normal) (G1 Evacuation Pause) 377M->103M(600M) 1.982ms
[280.250s][info][gc] GC(1658) Pause Young (Normal) (G1 Evacuation Pause) 435M->106M(600M) 2.275ms
[280.379s][info][gc] GC(1659) Pause Young (Normal) (G1 Evacuation Pause) 438M->110M(600M) 2.340ms
[280.504s][info][gc] GC(1660) Pause Young (Normal) (G1 Evacuation Pause) 442M->113M(600M) 2.507ms
[280.628s][info][gc] GC(1661) Pause Young (Normal) (G1 Evacuation Pause) 441M->117M(600M) 2.637ms
[280.751s][info][gc] GC(1662) Pause Young (Normal) (G1 Evacuation Pause) 445M->119M(600M) 2.526ms
[280.875s][info][gc] GC(1663) Pause Young (Normal) (G1 Evacuation Pause) 447M->121M(600M) 2.295ms
[280.999s][info][gc] GC(1664) Pause Young (Normal) (G1 Evacuation Pause) 453M->122M(600M) 2.257ms
[281.127s][info][gc] GC(1665) Pause Young (Normal) (G1 Evacuation Pause) 450M->128M(600M) 2.446ms
[281.251s][info][gc] GC(1666) Pause Young (Normal) (G1 Evacuation Pause) 456M->128M(600M) 2.376ms
[281.374s][info][gc] GC(1667) Pause Young (Normal) (G1 Evacuation Pause) 460M->133M(600M) 2.218ms
[281.496s][info][gc] GC(1668) Pause Young (Normal) (G1 Evacuation Pause) 465M->136M(600M) 2.167ms
[281.619s][info][gc] GC(1669) Pause Young (Normal) (G1 Evacuation Pause) 468M->138M(600M) 2.166ms
[281.746s][info][gc] GC(1670) Pause Young (Normal) (G1 Evacuation Pause) 470M->140M(600M) 2.162ms
[281.872s][info][gc] GC(1671) Pause Young (Normal) (G1 Evacuation Pause) 468M->144M(600M) 2.302ms
[281.996s][info][gc] GC(1672) Pause Young (Normal) (G1 Evacuation Pause) 472M->144M(600M) 2.377ms
[282.256s][info][gc] GC(1673) Pause Young (Normal) (G1 Evacuation Pause) 476M->150M(600M) 2.132ms
[282.377s][info][gc] GC(1674) Pause Young (Normal) (G1 Evacuation Pause) 478M->152M(600M) 2.422ms
[282.500s][info][gc] GC(1675) Pause Young (Normal) (G1 Evacuation Pause) 484M->154M(600M) 2.302ms
[282.627s][info][gc] GC(1676) Pause Young (Normal) (G1 Evacuation Pause) 486M->157M(600M) 2.358ms
[282.747s][info][gc] GC(1677) Pause Young (Normal) (G1 Evacuation Pause) 485M->160M(600M) 2.602ms
[282.872s][info][gc] GC(1678) Pause Young (Normal) (G1 Evacuation Pause) 492M->164M(600M) 2.298ms
[282.995s][info][gc] GC(1679) Pause Young (Normal) (G1 Evacuation Pause) 496M->166M(600M) 2.297ms
[283.121s][info][gc] GC(1680) Pause Young (Normal) (G1 Evacuation Pause) 498M->169M(600M) 2.367ms
[283.254s][info][gc] GC(1681) Pause Young (Normal) (G1 Evacuation Pause) 501M->172M(600M) 2.465ms
[283.385s][info][gc] GC(1682) Pause Young (Normal) (G1 Evacuation Pause) 504M->176M(600M) 2.346ms
[283.509s][info][gc] GC(1683) Pause Young (Normal) (G1 Evacuation Pause) 504M->179M(600M) 2.658ms
[283.645s][info][gc] GC(1684) Pause Young (Normal) (G1 Evacuation Pause) 511M->181M(600M) 2.559ms
[283.771s][info][gc] GC(1685) Pause Young (Normal) (G1 Evacuation Pause) 509M->183M(600M) 2.466ms
[283.903s][info][gc] GC(1686) Pause Young (Normal) (G1 Evacuation Pause) 515M->187M(600M) 2.236ms
[284.187s][info][gc] GC(1687) Pause Young (Normal) (G1 Evacuation Pause) 519M->190M(600M) 2.257ms
[284.311s][info][gc] GC(1688) Pause Young (Normal) (G1 Evacuation Pause) 522M->192M(600M) 2.547ms
[284.434s][info][gc] GC(1689) Pause Young (Normal) (G1 Evacuation Pause) 524M->195M(600M) 2.276ms
[284.557s][info][gc] GC(1690) Pause Young (Normal) (G1 Evacuation Pause) 527M->198M(600M) 2.277ms
[284.678s][info][gc] GC(1691) Pause Young (Normal) (G1 Evacuation Pause) 530M->201M(600M) 2.377ms
[284.812s][info][gc] GC(1692) Pause Young (Normal) (G1 Evacuation Pause) 533M->203M(600M) 2.304ms
[284.934s][info][gc] GC(1693) Pause Young (Normal) (G1 Evacuation Pause) 535M->206M(600M) 2.349ms
[285.055s][info][gc] GC(1694) Pause Young (Normal) (G1 Evacuation Pause) 534M->209M(600M) 2.599ms
[285.177s][info][gc] GC(1695) Pause Young (Normal) (G1 Evacuation Pause) 525M->212M(600M) 2.293ms
[285.295s][info][gc] GC(1696) Pause Young (Normal) (G1 Evacuation Pause) 532M->215M(600M) 2.269ms
[285.412s][info][gc] GC(1697) Pause Young (Normal) (G1 Evacuation Pause) 535M->217M(600M) 2.167ms
[285.530s][info][gc] GC(1698) Pause Young (Normal) (G1 Evacuation Pause) 533M->219M(600M) 2.153ms
[285.647s][info][gc] GC(1699) Pause Young (Normal) (G1 Evacuation Pause) 531M->223M(600M) 2.294ms
[285.763s][info][gc] GC(1700) Pause Young (Normal) (G1 Evacuation Pause) 535M->225M(600M) 2.293ms
[285.875s][info][gc] GC(1701) Pause Young (Concurrent Start) (G1 Evacuation Pause) 533M->227M(600M) 2.096ms
[285.875s][info][gc] GC(1702) Concurrent Mark Cycle
[285.887s][info][gc] GC(1702) Pause Remark 257M->149M(428M) 0.433ms
[285.897s][info][gc] GC(1702) Pause Cleanup 173M->173M(428M) 0.060ms
[285.897s][info][gc] GC(1702) Concurrent Mark Cycle 22.626ms
[286.128s][info][gc] GC(1703) Pause Young (Prepare Mixed) (G1 Evacuation Pause) 347M->122M(428M) 2.200ms
[286.205s][info][gc] GC(1704) Pause Young (Mixed) (G1 Evacuation Pause) 354M->102M(428M) 1.881ms
[286.297s][info][gc] GC(1705) Pause Young (Normal) (G1 Evacuation Pause) 338M->104M(428M) 1.662ms
[286.386s][info][gc] GC(1706) Pause Young (Normal) (G1 Evacuation Pause) 340M->106M(428M) 1.766ms
[286.472s][info][gc] GC(1707) Pause Young (Normal) (G1 Evacuation Pause) 342M->108M(428M) 1.750ms
[286.560s][info][gc] GC(1708) Pause Young (Normal) (G1 Evacuation Pause) 344M->110M(516M) 1.814ms
[286.670s][info][gc] GC(1709) Pause Young (Normal) (G1 Evacuation Pause) 398M->113M(516M) 1.982ms
[286.774s][info][gc] GC(1710) Pause Young (Normal) (G1 Evacuation Pause) 397M->114M(516M) 2.026ms
[286.879s][info][gc] GC(1711) Pause Young (Normal) (G1 Evacuation Pause) 398M->116M(516M) 2.132ms
[286.988s][info][gc] GC(1712) Pause Young (Normal) (G1 Evacuation Pause) 400M->118M(620M) 2.166ms
[287.116s][info][gc] GC(1713) Pause Young (Normal) (G1 Evacuation Pause) 466M->122M(620M) 2.236ms
[287.242s][info][gc] GC(1714) Pause Young (Normal) (G1 Evacuation Pause) 466M->125M(620M) 2.166ms
[287.371s][info][gc] GC(1715) Pause Young (Normal) (G1 Evacuation Pause) 469M->129M(620M) 2.233ms
[287.494s][info][gc] GC(1716) Pause Young (Normal) (G1 Evacuation Pause) 469M->131M(620M) 2.564ms
[287.625s][info][gc] GC(1717) Pause Young (Normal) (G1 Evacuation Pause) 475M->134M(620M) 2.258ms
[287.750s][info][gc] GC(1718) Pause Young (Normal) (G1 Evacuation Pause) 474M->137M(620M) 2.433ms
[288.013s][info][gc] GC(1719) Pause Young (Normal) (G1 Evacuation Pause) 477M->137M(620M) 2.056ms
[288.126s][info][gc] GC(1720) Pause Young (Normal) (G1 Evacuation Pause) 481M->149M(620M) 2.968ms
[288.231s][info][gc] GC(1721) Pause Young (Normal) (G1 Evacuation Pause) 481M->152M(620M) 3.138ms
[288.330s][info][gc] GC(1722) Pause Young (Normal) (G1 Evacuation Pause) 492M->155M(620M) 2.493ms
[288.424s][info][gc] GC(1723) Pause Young (Normal) (G1 Evacuation Pause) 499M->160M(620M) 2.579ms
[288.526s][info][gc] GC(1724) Pause Young (Normal) (G1 Evacuation Pause) 500M->162M(744M) 2.966ms
[288.652s][info][gc] GC(1725) Pause Young (Normal) (G1 Evacuation Pause) 574M->166M(744M) 3.103ms
[288.770s][info][gc] GC(1726) Pause Young (Normal) (G1 Evacuation Pause) 578M->171M(744M) 3.064ms
[288.890s][info][gc] GC(1727) Pause Young (Normal) (G1 Evacuation Pause) 579M->173M(744M) 2.865ms
[289.003s][info][gc] GC(1728) Pause Young (Normal) (G1 Evacuation Pause) 585M->176M(744M) 2.437ms
[289.124s][info][gc] GC(1729) Pause Young (Normal) (G1 Evacuation Pause) 588M->178M(744M) 2.742ms
[289.241s][info][gc] GC(1730) Pause Young (Normal) (G1 Evacuation Pause) 590M->183M(744M) 2.784ms
[289.361s][info][gc] GC(1731) Pause Young (Normal) (G1 Evacuation Pause) 591M->186M(744M) 2.896ms
[289.480s][info][gc] GC(1732) Pause Young (Normal) (G1 Evacuation Pause) 594M->191M(744M) 2.708ms
[289.597s][info][gc] GC(1733) Pause Young (Normal) (G1 Evacuation Pause) 599M->193M(744M) 2.870ms
[289.717s][info][gc] GC(1734) Pause Young (Normal) (G1 Evacuation Pause) 605M->198M(744M) 2.753ms
[289.836s][info][gc] GC(1735) Pause Young (Normal) (G1 Evacuation Pause) 606M->200M(744M) 2.738ms
[289.957s][info][gc] GC(1736) Pause Young (Normal) (G1 Evacuation Pause) 612M->204M(744M) 2.554ms
[290.075s][info][gc] GC(1737) Pause Young (Normal) (G1 Evacuation Pause) 616M->206M(744M) 2.562ms
[290.195s][info][gc] GC(1738) Pause Young (Normal) (G1 Evacuation Pause) 614M->210M(744M) 2.783ms
[290.314s][info][gc] GC(1739) Pause Young (Normal) (G1 Evacuation Pause) 622M->214M(744M) 2.744ms
[290.431s][info][gc] GC(1740) Pause Young (Normal) (G1 Evacuation Pause) 626M->216M(744M) 2.654ms
[290.553s][info][gc] GC(1741) Pause Young (Normal) (G1 Evacuation Pause) 624M->223M(744M) 3.041ms
[290.669s][info][gc] GC(1742) Pause Young (Normal) (G1 Evacuation Pause) 627M->225M(744M) 3.112ms
[290.790s][info][gc] GC(1743) Pause Young (Normal) (G1 Evacuation Pause) 633M->228M(744M) 2.630ms
[290.909s][info][gc] GC(1744) Pause Young (Normal) (G1 Evacuation Pause) 640M->232M(744M) 2.610ms
[291.025s][info][gc] GC(1745) Pause Young (Normal) (G1 Evacuation Pause) 644M->235M(744M) 2.632ms
[291.147s][info][gc] GC(1746) Pause Young (Normal) (G1 Evacuation Pause) 647M->239M(744M) 2.877ms
[291.261s][info][gc] GC(1747) Pause Young (Normal) (G1 Evacuation Pause) 651M->241M(744M) 2.680ms
[291.381s][info][gc] GC(1748) Pause Young (Normal) (G1 Evacuation Pause) 649M->247M(744M) 3.136ms
[291.501s][info][gc] GC(1749) Pause Young (Normal) (G1 Evacuation Pause) 651M->248M(744M) 2.689ms
[291.626s][info][gc] GC(1750) Pause Young (Normal) (G1 Evacuation Pause) 660M->253M(744M) 3.107ms
[291.745s][info][gc] GC(1751) Pause Young (Normal) (G1 Evacuation Pause) 665M->257M(744M) 2.920ms
[291.869s][info][gc] GC(1752) Pause Young (Normal) (G1 Evacuation Pause) 661M->261M(744M) 2.716ms
[291.979s][info][gc] GC(1753) Pause Young (Normal) (G1 Evacuation Pause) 661M->262M(744M) 2.632ms
[292.101s][info][gc] GC(1754) Pause Young (Normal) (G1 Evacuation Pause) 666M->265M(744M) 3.438ms
[292.222s][info][gc] GC(1755) Pause Young (Normal) (G1 Evacuation Pause) 661M->269M(744M) 2.750ms
[292.336s][info][gc] GC(1756) Pause Young (Normal) (G1 Evacuation Pause) 661M->273M(744M) 2.854ms
[292.451s][info][gc] GC(1757) Pause Young (Normal) (G1 Evacuation Pause) 665M->277M(744M) 3.127ms
[292.566s][info][gc] GC(1758) Pause Young (Normal) (G1 Evacuation Pause) 665M->281M(744M) 2.588ms
[292.681s][info][gc] GC(1759) Pause Young (Concurrent Start) (G1 Evacuation Pause) 665M->283M(744M) 2.805ms
[292.681s][info][gc] GC(1760) Concurrent Mark Cycle
[292.743s][info][gc] GC(1760) Pause Remark 459M->399M(744M) 0.476ms
[292.764s][info][gc] GC(1760) Pause Cleanup 463M->463M(744M) 0.056ms
[292.765s][info][gc] GC(1760) Concurrent Mark Cycle 83.454ms
[292.806s][info][gc] GC(1761) Pause Young (Prepare Mixed) (G1 Evacuation Pause) 607M->227M(744M) 2.546ms
[292.931s][info][gc] GC(1762) Pause Young (Mixed) (G1 Evacuation Pause) 639M->219M(744M) 3.289ms
[293.051s][info][gc] GC(1763) Pause Young (Normal) (G1 Evacuation Pause) 627M->219M(896M) 2.710ms
[293.204s][info][gc] GC(1764) Pause Young (Normal) (G1 Evacuation Pause) 723M->224M(896M) 3.063ms
[293.357s][info][gc] GC(1765) Pause Young (Normal) (G1 Evacuation Pause) 720M->230M(896M) 3.322ms
[293.532s][info][gc] GC(1766) Pause Young (Normal) (G1 Evacuation Pause) 726M->233M(896M) 5.936ms
[293.715s][info][gc] GC(1767) Pause Young (Normal) (G1 Evacuation Pause) 729M->240M(896M) 4.149ms
[293.876s][info][gc] GC(1768) Pause Young (Normal) (G1 Evacuation Pause) 732M->244M(896M) 3.314ms
[294.040s][info][gc] GC(1769) Pause Young (Normal) (G1 Evacuation Pause) 736M->246M(896M) 3.025ms
[294.197s][info][gc] GC(1770) Pause Young (Normal) (G1 Evacuation Pause) 742M->251M(896M) 3.495ms
[294.348s][info][gc] GC(1771) Pause Young (Normal) (G1 Evacuation Pause) 747M->254M(896M) 3.355ms
[294.504s][info][gc] GC(1772) Pause Young (Normal) (G1 Evacuation Pause) 750M->258M(896M) 3.170ms
[294.652s][info][gc] GC(1773) Pause Young (Normal) (G1 Evacuation Pause) 754M->261M(896M) 3.337ms
[294.799s][info][gc] GC(1774) Pause Young (Normal) (G1 Evacuation Pause) 757M->268M(896M) 3.849ms
[294.946s][info][gc] GC(1775) Pause Young (Normal) (G1 Evacuation Pause) 760M->271M(896M) 3.219ms
[295.091s][info][gc] GC(1776) Pause Young (Normal) (G1 Evacuation Pause) 767M->274M(896M) 3.310ms
[295.445s][info][gc] GC(1777) Pause Young (Normal) (G1 Evacuation Pause) 770M->279M(896M) 3.883ms
[295.613s][info][gc] GC(1778) Pause Young (Normal) (G1 Evacuation Pause) 775M->284M(896M) 3.282ms
[295.793s][info][gc] GC(1779) Pause Young (Normal) (G1 Evacuation Pause) 780M->290M(896M) 3.041ms
[295.960s][info][gc] GC(1780) Pause Young (Normal) (G1 Evacuation Pause) 782M->292M(896M) 3.192ms
[296.137s][info][gc] GC(1781) Pause Young (Normal) (G1 Evacuation Pause) 788M->298M(896M) 3.249ms
[296.308s][info][gc] GC(1782) Pause Young (Normal) (G1 Evacuation Pause) 790M->302M(896M) 3.106ms
[296.478s][info][gc] GC(1783) Pause Young (Normal) (G1 Evacuation Pause) 794M->307M(896M) 3.442ms
[296.644s][info][gc] GC(1784) Pause Young (Normal) (G1 Evacuation Pause) 795M->308M(896M) 3.149ms
[296.821s][info][gc] GC(1785) Pause Young (Normal) (G1 Evacuation Pause) 800M->315M(896M) 3.258ms
[296.989s][info][gc] GC(1786) Pause Young (Normal) (G1 Evacuation Pause) 803M->319M(896M) 3.003ms
[297.323s][info][gc] GC(1787) Pause Young (Normal) (G1 Evacuation Pause) 803M->324M(896M) 3.300ms
[297.489s][info][gc] GC(1788) Pause Young (Normal) (G1 Evacuation Pause) 804M->328M(896M) 3.019ms
[297.649s][info][gc] GC(1789) Pause Young (Normal) (G1 Evacuation Pause) 796M->330M(896M) 3.092ms
[297.812s][info][gc] GC(1790) Pause Young (Normal) (G1 Evacuation Pause) 802M->334M(896M) 3.298ms
[297.977s][info][gc] GC(1791) Pause Young (Normal) (G1 Evacuation Pause) 802M->339M(896M) 3.295ms
[298.138s][info][gc] GC(1792) Pause Young (Normal) (G1 Evacuation Pause) 803M->343M(896M) 3.006ms
[298.306s][info][gc] GC(1793) Pause Young (Concurrent Start) (G1 Evacuation Pause) 803M->347M(896M) 3.130ms
[298.307s][info][gc] GC(1794) Concurrent Mark Cycle
[298.321s][info][gc] GC(1794) Pause Remark 385M->165M(440M) 0.460ms
[298.325s][info][gc] GC(1794) Pause Cleanup 175M->175M(440M) 0.049ms
[298.325s][info][gc] GC(1794) Concurrent Mark Cycle 18.840ms
[298.385s][info][gc] GC(1795) Pause Young (Prepare Mixed) (G1 Evacuation Pause) 351M->128M(440M) 2.767ms
[298.472s][info][gc] GC(1796) Pause Young (Mixed) (G1 Evacuation Pause) 372M->103M(440M) 2.076ms
[298.560s][info][gc] GC(1797) Pause Young (Normal) (G1 Evacuation Pause) 343M->106M(440M) 1.983ms
[298.647s][info][gc] GC(1798) Pause Young (Normal) (G1 Evacuation Pause) 350M->107M(440M) 2.003ms
[298.728s][info][gc] GC(1799) Pause Young (Normal) (G1 Evacuation Pause) 347M->109M(528M) 2.059ms
[298.833s][info][gc] GC(1800) Pause Young (Normal) (G1 Evacuation Pause) 405M->112M(528M) 1.953ms
[299.102s][info][gc] GC(1801) Pause Young (Normal) (G1 Evacuation Pause) 404M->115M(528M) 2.134ms
[299.205s][info][gc] GC(1802) Pause Young (Normal) (G1 Evacuation Pause) 403M->119M(528M) 2.131ms
[299.295s][info][gc] GC(1803) Pause Young (Normal) (G1 Evacuation Pause) 407M->119M(528M) 1.970ms
[299.398s][info][gc] GC(1804) Pause Young (Normal) (G1 Evacuation Pause) 411M->123M(636M) 2.161ms
[299.523s][info][gc] GC(1805) Pause Young (Normal) (G1 Evacuation Pause) 475M->125M(636M) 2.139ms
[299.648s][info][gc] GC(1806) Pause Young (Normal) (G1 Evacuation Pause) 477M->127M(636M) 2.345ms
[299.769s][info][gc] GC(1807) Pause Young (Normal) (G1 Evacuation Pause) 475M->131M(636M) 2.607ms
[299.890s][info][gc] GC(1808) Pause Young (Normal) (G1 Evacuation Pause) 479M->135M(636M) 2.403ms
[300.006s][info][gc] GC(1809) Pause Young (Normal) (G1 Evacuation Pause) 483M->137M(636M) 2.392ms
[300.129s][info][gc] GC(1810) Pause Young (Normal) (G1 Evacuation Pause) 489M->139M(636M) 2.623ms
[300.244s][info][gc] GC(1811) Pause Young (Normal) (G1 Evacuation Pause) 487M->144M(636M) 2.451ms
[300.367s][info][gc] GC(1812) Pause Young (Normal) (G1 Evacuation Pause) 492M->146M(636M) 2.327ms
[300.485s][info][gc] GC(1813) Pause Young (Normal) (G1 Evacuation Pause) 494M->151M(636M) 2.341ms
[300.605s][info][gc] GC(1814) Pause Young (Normal) (G1 Evacuation Pause) 499M->153M(636M) 2.434ms
[300.881s][info][gc] GC(1815) Pause Young (Normal) (G1 Evacuation Pause) 501M->155M(636M) 2.288ms
[301.003s][info][gc] GC(1816) Pause Young (Normal) (G1 Evacuation Pause) 503M->159M(636M) 2.355ms
[301.130s][info][gc] GC(1817) Pause Young (Normal) (G1 Evacuation Pause) 507M->162M(636M) 2.614ms
[301.249s][info][gc] GC(1818) Pause Young (Normal) (G1 Evacuation Pause) 510M->164M(636M) 2.413ms
[301.370s][info][gc] GC(1819) Pause Young (Normal) (G1 Evacuation Pause) 516M->167M(636M) 2.326ms
[301.499s][info][gc] GC(1820) Pause Young (Normal) (G1 Evacuation Pause) 519M->171M(636M) 2.378ms
[301.618s][info][gc] GC(1821) Pause Young (Normal) (G1 Evacuation Pause) 519M->174M(636M) 2.542ms
[301.738s][info][gc] GC(1822) Pause Young (Normal) (G1 Evacuation Pause) 526M->177M(636M) 2.314ms
[301.858s][info][gc] GC(1823) Pause Young (Normal) (G1 Evacuation Pause) 529M->181M(636M) 2.436ms
[301.976s][info][gc] GC(1824) Pause Young (Normal) (G1 Evacuation Pause) 529M->183M(636M) 2.466ms
[302.096s][info][gc] GC(1825) Pause Young (Normal) (G1 Evacuation Pause) 531M->185M(636M) 2.477ms
[302.215s][info][gc] GC(1826) Pause Young (Normal) (G1 Evacuation Pause) 533M->188M(636M) 2.306ms
[302.335s][info][gc] GC(1827) Pause Young (Normal) (G1 Evacuation Pause) 536M->191M(636M) 2.383ms
[302.452s][info][gc] GC(1828) Pause Young (Normal) (G1 Evacuation Pause) 539M->194M(636M) 2.399ms
[302.730s][info][gc] GC(1829) Pause Young (Normal) (G1 Evacuation Pause) 542M->199M(636M) 2.480ms
[302.853s][info][gc] GC(1830) Pause Young (Normal) (G1 Evacuation Pause) 547M->202M(636M) 2.414ms
[302.973s][info][gc] GC(1831) Pause Young (Normal) (G1 Evacuation Pause) 550M->204M(636M) 2.427ms
[303.095s][info][gc] GC(1832) Pause Young (Normal) (G1 Evacuation Pause) 556M->207M(636M) 2.529ms
[303.217s][info][gc] GC(1833) Pause Young (Normal) (G1 Evacuation Pause) 559M->210M(636M) 2.252ms
[303.343s][info][gc] GC(1834) Pause Young (Normal) (G1 Evacuation Pause) 562M->214M(636M) 2.470ms
[303.464s][info][gc] GC(1835) Pause Young (Normal) (G1 Evacuation Pause) 562M->215M(636M) 2.715ms
[303.584s][info][gc] GC(1836) Pause Young (Normal) (G1 Evacuation Pause) 563M->219M(636M) 2.308ms
[303.704s][info][gc] GC(1837) Pause Young (Normal) (G1 Evacuation Pause) 567M->221M(636M) 2.245ms
[303.823s][info][gc] GC(1838) Pause Young (Normal) (G1 Evacuation Pause) 561M->223M(636M) 2.452ms
[303.945s][info][gc] GC(1839) Pause Young (Normal) (G1 Evacuation Pause) 567M->226M(636M) 2.366ms
[304.062s][info][gc] GC(1840) Pause Young (Normal) (G1 Evacuation Pause) 566M->229M(636M) 2.464ms
[304.174s][info][gc] GC(1841) Pause Young (Normal) (G1 Evacuation Pause) 565M->233M(636M) 2.253ms
[304.287s][info][gc] GC(1842) Pause Young (Normal) (G1 Evacuation Pause) 561M->234M(636M) 2.199ms
[304.578s][info][gc] GC(1843) Pause Young (Normal) (G1 Evacuation Pause) 566M->244M(636M) 2.995ms
[304.683s][info][gc] GC(1844) Pause Young (Concurrent Start) (G1 Evacuation Pause) 556M->248M(636M) 3.069ms
[304.683s][info][gc] GC(1845) Concurrent Mark Cycle
[304.699s][info][gc] GC(1845) Pause Remark 310M->170M(388M) 0.500ms
[304.707s][info][gc] GC(1845) Pause Cleanup 196M->196M(388M) 0.056ms
[304.708s][info][gc] GC(1845) Concurrent Mark Cycle 24.664ms
[304.746s][info][gc] GC(1846) Pause Young (Prepare Mixed) (G1 Evacuation Pause) 312M->107M(388M) 2.322ms
[304.824s][info][gc] GC(1847) Pause Young (Mixed) (G1 Evacuation Pause) 319M->75M(468M) 2.407ms
[304.905s][info][gc] GC(1848) Pause Young (Normal) (G1 Evacuation Pause) 335M->78M(468M) 2.587ms
[305.001s][info][gc] GC(1849) Pause Young (Normal) (G1 Evacuation Pause) 334M->78M(468M) 2.162ms
[305.087s][info][gc] GC(1850) Pause Young (Normal) (G1 Evacuation Pause) 342M->81M(468M) 1.937ms
[305.176s][info][gc] GC(1851) Pause Young (Normal) (G1 Evacuation Pause) 341M->84M(564M) 2.172ms
[305.285s][info][gc] GC(1852) Pause Young (Normal) (G1 Evacuation Pause) 396M->86M(564M) 2.098ms
[305.387s][info][gc] GC(1853) Pause Young (Normal) (G1 Evacuation Pause) 394M->88M(564M) 2.204ms
[305.488s][info][gc] GC(1854) Pause Young (Normal) (G1 Evacuation Pause) 396M->90M(564M) 2.363ms
[305.592s][info][gc] GC(1855) Pause Young (Normal) (G1 Evacuation Pause) 398M->92M(564M) 2.358ms
[305.700s][info][gc] GC(1856) Pause Young (Normal) (G1 Evacuation Pause) 400M->96M(680M) 2.404ms
[305.828s][info][gc] GC(1857) Pause Young (Normal) (G1 Evacuation Pause) 476M->100M(680M) 2.542ms
[305.961s][info][gc] GC(1858) Pause Young (Normal) (G1 Evacuation Pause) 476M->102M(680M) 2.728ms
[306.087s][info][gc] GC(1859) Pause Young (Normal) (G1 Evacuation Pause) 478M->106M(680M) 2.711ms
[306.212s][info][gc] GC(1860) Pause Young (Normal) (G1 Evacuation Pause) 482M->108M(680M) 2.727ms
[306.334s][info][gc] GC(1861) Pause Young (Normal) (G1 Evacuation Pause) 484M->111M(680M) 2.343ms
[306.469s][info][gc] GC(1862) Pause Young (Normal) (G1 Evacuation Pause) 487M->115M(680M) 2.502ms
[306.592s][info][gc] GC(1863) Pause Young (Normal) (G1 Evacuation Pause) 487M->118M(680M) 2.648ms
[306.720s][info][gc] GC(1864) Pause Young (Normal) (G1 Evacuation Pause) 494M->121M(680M) 2.626ms
[306.847s][info][gc] GC(1865) Pause Young (Normal) (G1 Evacuation Pause) 497M->123M(680M) 2.686ms
[306.975s][info][gc] GC(1866) Pause Young (Normal) (G1 Evacuation Pause) 503M->127M(680M) 2.598ms
[307.100s][info][gc] GC(1867) Pause Young (Normal) (G1 Evacuation Pause) 503M->130M(680M) 2.543ms
[307.227s][info][gc] GC(1868) Pause Young (Normal) (G1 Evacuation Pause) 506M->133M(680M) 2.685ms
[307.355s][info][gc] GC(1869) Pause Young (Normal) (G1 Evacuation Pause) 513M->136M(680M) 2.690ms
[307.487s][info][gc] GC(1870) Pause Young (Normal) (G1 Evacuation Pause) 512M->141M(680M) 2.680ms
[307.610s][info][gc] GC(1871) Pause Young (Normal) (G1 Evacuation Pause) 513M->143M(680M) 2.793ms
[307.737s][info][gc] GC(1872) Pause Young (Normal) (G1 Evacuation Pause) 519M->146M(680M) 2.427ms
[307.861s][info][gc] GC(1873) Pause Young (Normal) (G1 Evacuation Pause) 522M->148M(680M) 2.521ms
[307.987s][info][gc] GC(1874) Pause Young (Normal) (G1 Evacuation Pause) 524M->153M(680M) 2.649ms
[308.112s][info][gc] GC(1875) Pause Young (Normal) (G1 Evacuation Pause) 529M->156M(680M) 2.489ms
[308.237s][info][gc] GC(1876) Pause Young (Normal) (G1 Evacuation Pause) 532M->159M(680M) 2.607ms
[308.363s][info][gc] GC(1877) Pause Young (Normal) (G1 Evacuation Pause) 535M->162M(680M) 2.682ms
[308.490s][info][gc] GC(1878) Pause Young (Normal) (G1 Evacuation Pause) 538M->165M(680M) 2.930ms
[308.616s][info][gc] GC(1879) Pause Young (Normal) (G1 Evacuation Pause) 541M->168M(680M) 2.626ms
[308.743s][info][gc] GC(1880) Pause Young (Normal) (G1 Evacuation Pause) 544M->171M(680M) 2.503ms
[308.865s][info][gc] GC(1881) Pause Young (Normal) (G1 Evacuation Pause) 547M->173M(680M) 2.479ms
[308.988s][info][gc] GC(1882) Pause Young (Normal) (G1 Evacuation Pause) 549M->178M(680M) 2.783ms
[309.115s][info][gc] GC(1883) Pause Young (Normal) (G1 Evacuation Pause) 554M->181M(680M) 2.581ms
[309.237s][info][gc] GC(1884) Pause Young (Normal) (G1 Evacuation Pause) 557M->185M(680M) 2.458ms
[309.362s][info][gc] GC(1885) Pause Young (Normal) (G1 Evacuation Pause) 561M->188M(680M) 2.542ms
[309.492s][info][gc] GC(1886) Pause Young (Normal) (G1 Evacuation Pause) 564M->191M(680M) 3.047ms
[309.623s][info][gc] GC(1887) Pause Young (Normal) (G1 Evacuation Pause) 567M->193M(680M) 2.505ms
[309.743s][info][gc] GC(1888) Pause Young (Normal) (G1 Evacuation Pause) 569M->196M(680M) 2.467ms
[309.872s][info][gc] GC(1889) Pause Young (Normal) (G1 Evacuation Pause) 572M->201M(680M) 2.884ms
[309.993s][info][gc] GC(1890) Pause Young (Normal) (G1 Evacuation Pause) 573M->203M(680M) 2.647ms
[310.123s][info][gc] GC(1891) Pause Young (Normal) (G1 Evacuation Pause) 579M->206M(680M) 2.935ms
[310.246s][info][gc] GC(1892) Pause Young (Normal) (G1 Evacuation Pause) 582M->209M(680M) 2.703ms
[310.371s][info][gc] GC(1893) Pause Young (Normal) (G1 Evacuation Pause) 589M->213M(680M) 2.503ms
[310.498s][info][gc] GC(1894) Pause Young (Normal) (G1 Evacuation Pause) 589M->216M(680M) 2.527ms
[310.628s][info][gc] GC(1895) Pause Young (Normal) (G1 Evacuation Pause) 592M->220M(680M) 2.816ms
[310.752s][info][gc] GC(1896) Pause Young (Normal) (G1 Evacuation Pause) 596M->222M(680M) 2.539ms
[310.876s][info][gc] GC(1897) Pause Young (Normal) (G1 Evacuation Pause) 598M->225M(680M) 2.790ms
[310.995s][info][gc] GC(1898) Pause Young (Normal) (G1 Evacuation Pause) 601M->228M(680M) 2.593ms
[311.120s][info][gc] GC(1899) Pause Young (Normal) (G1 Evacuation Pause) 604M->233M(680M) 2.604ms
[311.238s][info][gc] GC(1900) Pause Young (Normal) (G1 Evacuation Pause) 597M->234M(680M) 2.600ms
[311.360s][info][gc] GC(1901) Pause Young (Normal) (G1 Evacuation Pause) 606M->237M(680M) 2.478ms
[311.566s][info][gc] GC(1902) Pause Young (Normal) (G1 Evacuation Pause) 601M->242M(680M) 2.623ms
[311.744s][info][gc] GC(1903) Pause Young (Normal) (G1 Evacuation Pause) 598M->246M(680M) 3.424ms
[311.886s][info][gc] GC(1904) Pause Young (Normal) (G1 Evacuation Pause) 602M->251M(680M) 2.742ms
[312.015s][info][gc] GC(1905) Pause Young (Normal) (G1 Evacuation Pause) 595M->250M(680M) 2.623ms
[312.153s][info][gc] GC(1906) Pause Young (Concurrent Start) (G1 Evacuation Pause) 606M->255M(680M) 2.509ms
[312.153s][info][gc] GC(1907) Concurrent Mark Cycle
[312.161s][info][gc] GC(1907) Pause Remark 275M->94M(268M) 0.432ms
[312.163s][info][gc] GC(1907) Pause Cleanup 98M->98M(268M) 0.045ms
[312.163s][info][gc] GC(1907) Concurrent Mark Cycle 10.138ms
[312.211s][info][gc] GC(1908) Pause Young (Prepare Mixed) (G1 Evacuation Pause) 210M->76M(268M) 2.405ms
[312.267s][info][gc] GC(1909) Pause Young (Mixed) (G1 Evacuation Pause) 220M->67M(268M) 1.510ms
[312.323s][info][gc] GC(1910) Pause Young (Normal) (G1 Evacuation Pause) 215M->68M(268M) 1.295ms
[312.381s][info][gc] GC(1911) Pause Young (Normal) (G1 Evacuation Pause) 216M->70M(336M) 1.454ms
[312.453s][info][gc] GC(1912) Pause Young (Normal) (G1 Evacuation Pause) 254M->71M(336M) 1.468ms
[312.522s][info][gc] GC(1913) Pause Young (Normal) (G1 Evacuation Pause) 255M->73M(336M) 1.580ms
[312.592s][info][gc] GC(1914) Pause Young (Normal) (G1 Evacuation Pause) 257M->74M(336M) 1.638ms
[312.663s][info][gc] GC(1915) Pause Young (Normal) (G1 Evacuation Pause) 254M->76M(404M) 1.625ms
[312.754s][info][gc] GC(1916) Pause Young (Normal) (G1 Evacuation Pause) 300M->78M(404M) 1.700ms
[312.839s][info][gc] GC(1917) Pause Young (Normal) (G1 Evacuation Pause) 298M->80M(404M) 1.796ms
[312.928s][info][gc] GC(1918) Pause Young (Normal) (G1 Evacuation Pause) 300M->82M(404M) 1.866ms
[313.011s][info][gc] GC(1919) Pause Young (Normal) (G1 Evacuation Pause) 302M->84M(488M) 1.815ms
[313.118s][info][gc] GC(1920) Pause Young (Normal) (G1 Evacuation Pause) 356M->85M(488M) 1.914ms
[313.225s][info][gc] GC(1921) Pause Young (Normal) (G1 Evacuation Pause) 357M->88M(488M) 1.966ms
[313.328s][info][gc] GC(1922) Pause Young (Normal) (G1 Evacuation Pause) 356M->90M(488M) 2.078ms
[313.430s][info][gc] GC(1923) Pause Young (Normal) (G1 Evacuation Pause) 358M->92M(588M) 2.024ms
[313.557s][info][gc] GC(1924) Pause Young (Normal) (G1 Evacuation Pause) 420M->95M(588M) 2.514ms
[313.680s][info][gc] GC(1925) Pause Young (Normal) (G1 Evacuation Pause) 419M->98M(588M) 2.222ms
[313.802s][info][gc] GC(1926) Pause Young (Normal) (G1 Evacuation Pause) 422M->101M(588M) 2.210ms
[313.926s][info][gc] GC(1927) Pause Young (Normal) (G1 Evacuation Pause) 425M->105M(588M) 2.242ms
[314.051s][info][gc] GC(1928) Pause Young (Normal) (G1 Evacuation Pause) 429M->105M(588M) 2.327ms
[314.179s][info][gc] GC(1929) Pause Young (Normal) (G1 Evacuation Pause) 429M->107M(588M) 2.203ms
[314.306s][info][gc] GC(1930) Pause Young (Normal) (G1 Evacuation Pause) 435M->110M(588M) 2.189ms
[314.436s][info][gc] GC(1931) Pause Young (Normal) (G1 Evacuation Pause) 434M->116M(588M) 2.245ms
[314.559s][info][gc] GC(1932) Pause Young (Normal) (G1 Evacuation Pause) 440M->117M(588M) 2.288ms
[314.681s][info][gc] GC(1933) Pause Young (Normal) (G1 Evacuation Pause) 441M->119M(588M) 2.100ms
[314.806s][info][gc] GC(1934) Pause Young (Normal) (G1 Evacuation Pause) 443M->122M(588M) 2.292ms
[314.929s][info][gc] GC(1935) Pause Young (Normal) (G1 Evacuation Pause) 446M->124M(588M) 2.115ms
[315.055s][info][gc] GC(1936) Pause Young (Normal) (G1 Evacuation Pause) 448M->127M(588M) 2.240ms
[315.180s][info][gc] GC(1937) Pause Young (Normal) (G1 Evacuation Pause) 451M->131M(588M) 2.370ms
[315.304s][info][gc] GC(1938) Pause Young (Normal) (G1 Evacuation Pause) 455M->133M(588M) 2.368ms
[315.431s][info][gc] GC(1939) Pause Young (Normal) (G1 Evacuation Pause) 457M->137M(588M) 2.327ms
[315.559s][info][gc] GC(1940) Pause Young (Normal) (G1 Evacuation Pause) 461M->139M(588M) 2.782ms
[315.682s][info][gc] GC(1941) Pause Young (Normal) (G1 Evacuation Pause) 463M->141M(588M) 2.313ms
[315.807s][info][gc] GC(1942) Pause Young (Normal) (G1 Evacuation Pause) 465M->147M(588M) 2.311ms
[315.930s][info][gc] GC(1943) Pause Young (Normal) (G1 Evacuation Pause) 467M->147M(588M) 2.101ms
[316.054s][info][gc] GC(1944) Pause Young (Normal) (G1 Evacuation Pause) 471M->150M(588M) 2.224ms
[316.177s][info][gc] GC(1945) Pause Young (Normal) (G1 Evacuation Pause) 474M->153M(588M) 2.207ms
[316.297s][info][gc] GC(1946) Pause Young (Normal) (G1 Evacuation Pause) 477M->156M(588M) 2.263ms
[316.423s][info][gc] GC(1947) Pause Young (Normal) (G1 Evacuation Pause) 480M->156M(588M) 2.260ms
[316.545s][info][gc] GC(1948) Pause Young (Normal) (G1 Evacuation Pause) 480M->160M(588M) 2.005ms
[316.673s][info][gc] GC(1949) Pause Young (Normal) (G1 Evacuation Pause) 484M->163M(588M) 2.336ms
[316.800s][info][gc] GC(1950) Pause Young (Normal) (G1 Evacuation Pause) 487M->167M(588M) 2.231ms
[316.926s][info][gc] GC(1951) Pause Young (Normal) (G1 Evacuation Pause) 491M->169M(588M) 2.371ms
[317.046s][info][gc] GC(1952) Pause Young (Normal) (G1 Evacuation Pause) 493M->172M(588M) 2.456ms
[317.175s][info][gc] GC(1953) Pause Young (Normal) (G1 Evacuation Pause) 496M->175M(588M) 2.199ms
[317.296s][info][gc] GC(1954) Pause Young (Normal) (G1 Evacuation Pause) 499M->179M(588M) 2.561ms
[317.428s][info][gc] GC(1955) Pause Young (Normal) (G1 Evacuation Pause) 503M->180M(588M) 2.357ms
[317.574s][info][gc] GC(1956) Pause Young (Normal) (G1 Evacuation Pause) 504M->180M(588M) 2.041ms
[317.881s][info][gc] GC(1957) Pause Young (Normal) (G1 Evacuation Pause) 508M->182M(588M) 1.990ms
[318.200s][info][gc] GC(1958) Pause Young (Normal) (G1 Evacuation Pause) 506M->186M(588M) 2.089ms
[318.513s][info][gc] GC(1959) Pause Young (Normal) (G1 Evacuation Pause) 510M->189M(588M) 2.039ms
[318.833s][info][gc] GC(1960) Pause Young (Normal) (G1 Evacuation Pause) 513M->191M(588M) 2.054ms
[319.151s][info][gc] GC(1961) Pause Young (Normal) (G1 Evacuation Pause) 515M->194M(588M) 2.079ms
[319.480s][info][gc] GC(1962) Pause Young (Normal) (G1 Evacuation Pause) 518M->198M(588M) 2.138ms
[319.792s][info][gc] GC(1963) Pause Young (Normal) (G1 Evacuation Pause) 522M->199M(588M) 2.175ms
[320.110s][info][gc] GC(1964) Pause Young (Normal) (G1 Evacuation Pause) 519M->202M(588M) 2.244ms
[320.423s][info][gc] GC(1965) Pause Young (Normal) (G1 Evacuation Pause) 522M->205M(588M) 2.129ms
[320.731s][info][gc] GC(1966) Pause Young (Normal) (G1 Evacuation Pause) 521M->208M(588M) 2.152ms
[321.035s][info][gc] GC(1967) Pause Young (Normal) (G1 Evacuation Pause) 520M->211M(588M) 1.952ms
[321.343s][info][gc] GC(1968) Pause Young (Normal) (G1 Evacuation Pause) 523M->213M(588M) 2.054ms
[321.646s][info][gc] GC(1969) Pause Young (Normal) (G1 Evacuation Pause) 521M->214M(588M) 2.030ms
[321.950s][info][gc] GC(1970) Pause Young (Normal) (G1 Evacuation Pause) 518M->217M(588M) 1.983ms
[322.248s][info][gc] GC(1971) Pause Young (Normal) (G1 Evacuation Pause) 521M->220M(588M) 1.965ms
[322.548s][info][gc] GC(1972) Pause Young (Normal) (G1 Evacuation Pause) 520M->221M(588M) 1.987ms
[323.123s][info][gc] GC(1973) Pause Young (Concurrent Start) (G1 Evacuation Pause) 517M->226M(588M) 2.048ms
[323.123s][info][gc] GC(1974) Concurrent Mark Cycle
[323.128s][info][gc] GC(1974) Pause Remark 230M->98M(336M) 0.428ms
[323.130s][info][gc] GC(1974) Pause Cleanup 98M->98M(336M) 0.068ms
[323.130s][info][gc] GC(1974) Concurrent Mark Cycle 7.552ms
[323.463s][info][gc] GC(1975) Pause Young (Prepare Mixed) (G1 Evacuation Pause) 266M->95M(336M) 2.183ms
[323.814s][info][gc] GC(1976) Pause Young (Mixed) (G1 Evacuation Pause) 275M->55M(336M) 1.478ms
[324.181s][info][gc] GC(1977) Pause Young (Normal) (G1 Evacuation Pause) 247M->56M(336M) 1.074ms
[324.553s][info][gc] GC(1978) Pause Young (Normal) (G1 Evacuation Pause) 244M->58M(336M) 1.178ms
[324.915s][info][gc] GC(1979) Pause Young (Normal) (G1 Evacuation Pause) 246M->59M(336M) 1.389ms
[325.277s][info][gc] GC(1980) Pause Young (Normal) (G1 Evacuation Pause) 243M->61M(336M) 1.391ms
[325.627s][info][gc] GC(1981) Pause Young (Normal) (G1 Evacuation Pause) 245M->62M(336M) 1.690ms
[326.003s][info][gc] GC(1982) Pause Young (Normal) (G1 Evacuation Pause) 246M->64M(336M) 1.599ms
[326.372s][info][gc] GC(1983) Pause Young (Normal) (G1 Evacuation Pause) 244M->66M(336M) 1.672ms
[326.724s][info][gc] GC(1984) Pause Young (Normal) (G1 Evacuation Pause) 250M->67M(336M) 1.382ms
[327.074s][info][gc] GC(1985) Pause Young (Normal) (G1 Evacuation Pause) 247M->69M(336M) 1.412ms
[327.413s][info][gc] GC(1986) Pause Young (Normal) (G1 Evacuation Pause) 249M->70M(336M) 1.428ms
[327.776s][info][gc] GC(1987) Pause Young (Normal) (G1 Evacuation Pause) 250M->72M(336M) 1.708ms
[328.127s][info][gc] GC(1988) Pause Young (Normal) (G1 Evacuation Pause) 252M->72M(336M) 1.576ms
[328.484s][info][gc] GC(1989) Pause Young (Normal) (G1 Evacuation Pause) 256M->74M(336M) 1.423ms
[328.826s][info][gc] GC(1990) Pause Young (Normal) (G1 Evacuation Pause) 254M->76M(336M) 1.432ms
[329.190s][info][gc] GC(1991) Pause Young (Normal) (G1 Evacuation Pause) 260M->77M(336M) 1.399ms
[329.544s][info][gc] GC(1992) Pause Young (Normal) (G1 Evacuation Pause) 261M->79M(336M) 1.393ms
[329.902s][info][gc] GC(1993) Pause Young (Normal) (G1 Evacuation Pause) 263M->80M(336M) 1.368ms
[330.266s][info][gc] GC(1994) Pause Young (Normal) (G1 Evacuation Pause) 264M->82M(336M) 1.441ms
[330.607s][info][gc] GC(1995) Pause Young (Normal) (G1 Evacuation Pause) 262M->83M(336M) 1.571ms
[330.978s][info][gc] GC(1996) Pause Young (Normal) (G1 Evacuation Pause) 267M->85M(336M) 1.447ms
[331.315s][info][gc] GC(1997) Pause Young (Normal) (G1 Evacuation Pause) 265M->88M(336M) 1.401ms
[331.680s][info][gc] GC(1998) Pause Young (Normal) (G1 Evacuation Pause) 268M->88M(336M) 1.409ms
[332.031s][info][gc] GC(1999) Pause Young (Normal) (G1 Evacuation Pause) 268M->90M(336M) 1.381ms
[332.379s][info][gc] GC(2000) Pause Young (Normal) (G1 Evacuation Pause) 270M->91M(336M) 1.373ms
[332.772s][info][gc] GC(2001) Pause Young (Normal) (G1 Evacuation Pause) 271M->94M(336M) 1.764ms
[333.129s][info][gc] GC(2002) Pause Young (Normal) (G1 Evacuation Pause) 274M->95M(336M) 1.692ms
[333.491s][info][gc] GC(2003) Pause Young (Normal) (G1 Evacuation Pause) 279M->97M(336M) 1.451ms
[333.849s][info][gc] GC(2004) Pause Young (Normal) (G1 Evacuation Pause) 281M->98M(336M) 1.577ms
[334.210s][info][gc] GC(2005) Pause Young (Normal) (G1 Evacuation Pause) 282M->100M(336M) 1.587ms
[334.553s][info][gc] GC(2006) Pause Young (Normal) (G1 Evacuation Pause) 284M->101M(336M) 1.488ms
[334.913s][info][gc] GC(2007) Pause Young (Normal) (G1 Evacuation Pause) 285M->103M(336M) 1.471ms
[335.255s][info][gc] GC(2008) Pause Young (Normal) (G1 Evacuation Pause) 287M->103M(336M) 1.403ms
[335.617s][info][gc] GC(2009) Pause Young (Normal) (G1 Evacuation Pause) 287M->105M(336M) 1.514ms
[335.974s][info][gc] GC(2010) Pause Young (Normal) (G1 Evacuation Pause) 285M->107M(336M) 1.762ms
[336.320s][info][gc] GC(2011) Pause Young (Normal) (G1 Evacuation Pause) 291M->108M(336M) 1.349ms
[336.674s][info][gc] GC(2012) Pause Young (Normal) (G1 Evacuation Pause) 284M->109M(336M) 1.544ms
[337.027s][info][gc] GC(2013) Pause Young (Normal) (G1 Evacuation Pause) 293M->111M(336M) 1.466ms
[337.375s][info][gc] GC(2014) Pause Young (Normal) (G1 Evacuation Pause) 287M->113M(336M) 1.653ms
[337.705s][info][gc] GC(2015) Pause Young (Normal) (G1 Evacuation Pause) 285M->114M(336M) 1.496ms
[338.042s][info][gc] GC(2016) Pause Young (Normal) (G1 Evacuation Pause) 290M->116M(336M) 1.382ms
[338.384s][info][gc] GC(2017) Pause Young (Normal) (G1 Evacuation Pause) 292M->118M(336M) 1.516ms
[338.733s][info][gc] GC(2018) Pause Young (Normal) (G1 Evacuation Pause) 294M->119M(336M) 1.316ms
[339.066s][info][gc] GC(2019) Pause Young (Normal) (G1 Evacuation Pause) 291M->121M(336M) 1.255ms
[339.399s][info][gc] GC(2020) Pause Young (Normal) (G1 Evacuation Pause) 293M->122M(336M) 1.281ms
[339.725s][info][gc] GC(2021) Pause Young (Normal) (G1 Evacuation Pause) 294M->122M(336M) 1.261ms
[340.065s][info][gc] GC(2022) Pause Young (Normal) (G1 Evacuation Pause) 290M->124M(336M) 1.247ms
[340.387s][info][gc] GC(2023) Pause Young (Normal) (G1 Evacuation Pause) 292M->126M(336M) 1.270ms
[340.708s][info][gc] GC(2024) Pause Young (Concurrent Start) (G1 Evacuation Pause) 290M->127M(336M) 1.570ms
[340.708s][info][gc] GC(2025) Concurrent Mark Cycle
[340.716s][info][gc] GC(2025) Pause Remark 131M->80M(280M) 0.512ms
[340.721s][info][gc] GC(2025) Pause Cleanup 82M->82M(280M) 0.049ms
[340.721s][info][gc] GC(2025) Concurrent Mark Cycle 12.674ms
[341.012s][info][gc] GC(2026) Pause Young (Prepare Mixed) (G1 Evacuation Pause) 228M->78M(280M) 1.257ms
[341.303s][info][gc] GC(2027) Pause Young (Mixed) (G1 Evacuation Pause) 230M->68M(280M) 1.446ms
[341.596s][info][gc] GC(2028) Pause Young (Normal) (G1 Evacuation Pause) 220M->69M(280M) 1.277ms
[341.895s][info][gc] GC(2029) Pause Young (Normal) (G1 Evacuation Pause) 221M->71M(280M) 1.259ms
[342.190s][info][gc] GC(2030) Pause Young (Normal) (G1 Evacuation Pause) 223M->72M(280M) 1.351ms
[342.488s][info][gc] GC(2031) Pause Young (Normal) (G1 Evacuation Pause) 224M->73M(280M) 1.359ms
[342.839s][info][gc] GC(2032) Pause Young (Normal) (G1 Evacuation Pause) 225M->75M(280M) 1.539ms
[343.123s][info][gc] GC(2033) Pause Young (Normal) (G1 Evacuation Pause) 227M->76M(280M) 1.468ms
[343.401s][info][gc] GC(2034) Pause Young (Normal) (G1 Evacuation Pause) 228M->78M(280M) 1.372ms
[343.692s][info][gc] GC(2035) Pause Young (Normal) (G1 Evacuation Pause) 230M->79M(280M) 1.298ms
[343.991s][info][gc] GC(2036) Pause Young (Normal) (G1 Evacuation Pause) 231M->80M(280M) 1.350ms
[344.284s][info][gc] GC(2037) Pause Young (Normal) (G1 Evacuation Pause) 232M->82M(280M) 1.515ms
[344.577s][info][gc] GC(2038) Pause Young (Normal) (G1 Evacuation Pause) 234M->83M(280M) 1.429ms
[344.869s][info][gc] GC(2039) Pause Young (Normal) (G1 Evacuation Pause) 235M->84M(280M) 1.351ms
[345.153s][info][gc] GC(2040) Pause Young (Normal) (G1 Evacuation Pause) 236M->86M(280M) 1.430ms
[345.452s][info][gc] GC(2041) Pause Young (Normal) (G1 Evacuation Pause) 238M->86M(280M) 1.431ms
[345.755s][info][gc] GC(2042) Pause Young (Normal) (G1 Evacuation Pause) 242M->88M(280M) 1.237ms
[346.047s][info][gc] GC(2043) Pause Young (Normal) (G1 Evacuation Pause) 240M->89M(280M) 1.290ms
[346.331s][info][gc] GC(2044) Pause Young (Normal) (G1 Evacuation Pause) 237M->90M(280M) 1.301ms
[346.626s][info][gc] GC(2045) Pause Young (Normal) (G1 Evacuation Pause) 238M->91M(280M) 1.301ms
[346.922s][info][gc] GC(2046) Pause Young (Normal) (G1 Evacuation Pause) 239M->94M(280M) 1.483ms
[347.212s][info][gc] GC(2047) Pause Young (Normal) (G1 Evacuation Pause) 238M->94M(280M) 1.444ms
[347.499s][info][gc] GC(2048) Pause Young (Normal) (G1 Evacuation Pause) 238M->94M(280M) 1.172ms
[347.788s][info][gc] GC(2049) Pause Young (Normal) (G1 Evacuation Pause) 242M->96M(280M) 1.340ms
[348.080s][info][gc] GC(2050) Pause Young (Normal) (G1 Evacuation Pause) 244M->98M(280M) 1.234ms
[348.365s][info][gc] GC(2051) Pause Young (Normal) (G1 Evacuation Pause) 246M->99M(280M) 1.240ms
[348.637s][info][gc] GC(2052) Pause Young (Concurrent Start) (G1 Evacuation Pause) 235M->101M(280M) 1.465ms
[348.637s][info][gc] GC(2053) Concurrent Mark Cycle
[348.643s][info][gc] GC(2053) Pause Remark 107M->69M(240M) 0.399ms
[348.647s][info][gc] GC(2053) Pause Cleanup 69M->69M(240M) 0.031ms
[348.647s][info][gc] GC(2053) Concurrent Mark Cycle 10.022ms
[348.877s][info][gc] GC(2054) Pause Young (Prepare Mixed) (G1 Evacuation Pause) 191M->63M(240M) 1.219ms
[349.138s][info][gc] GC(2055) Pause Young (Mixed) (G1 Evacuation Pause) 195M->58M(240M) 1.384ms
[349.390s][info][gc] GC(2056) Pause Young (Normal) (G1 Evacuation Pause) 190M->59M(240M) 1.196ms
[349.648s][info][gc] GC(2057) Pause Young (Normal) (G1 Evacuation Pause) 191M->60M(240M) 1.189ms
[349.898s][info][gc] GC(2058) Pause Young (Normal) (G1 Evacuation Pause) 192M->61M(240M) 1.166ms
[350.162s][info][gc] GC(2059) Pause Young (Normal) (G1 Evacuation Pause) 193M->62M(240M) 1.245ms
[350.420s][info][gc] GC(2060) Pause Young (Normal) (G1 Evacuation Pause) 194M->64M(240M) 1.245ms
[350.675s][info][gc] GC(2061) Pause Young (Normal) (G1 Evacuation Pause) 196M->65M(240M) 1.143ms
[350.930s][info][gc] GC(2062) Pause Young (Normal) (G1 Evacuation Pause) 193M->65M(240M) 1.235ms
[351.180s][info][gc] GC(2063) Pause Young (Normal) (G1 Evacuation Pause) 197M->67M(240M) 1.188ms
[351.445s][info][gc] GC(2064) Pause Young (Normal) (G1 Evacuation Pause) 199M->68M(240M) 1.240ms
[351.701s][info][gc] GC(2065) Pause Young (Normal) (G1 Evacuation Pause) 200M->69M(240M) 1.202ms
[351.952s][info][gc] GC(2066) Pause Young (Normal) (G1 Evacuation Pause) 201M->70M(240M) 1.333ms
[352.214s][info][gc] GC(2067) Pause Young (Normal) (G1 Evacuation Pause) 202M->71M(240M) 1.206ms
[352.467s][info][gc] GC(2068) Pause Young (Normal) (G1 Evacuation Pause) 203M->72M(240M) 1.191ms
[352.786s][info][gc] GC(2069) Pause Young (Normal) (G1 Evacuation Pause) 204M->74M(240M) 1.678ms
[353.030s][info][gc] GC(2070) Pause Young (Normal) (G1 Evacuation Pause) 202M->76M(240M) 1.331ms
[353.291s][info][gc] GC(2071) Pause Young (Normal) (G1 Evacuation Pause) 208M->77M(240M) 1.242ms
[353.543s][info][gc] GC(2072) Pause Young (Normal) (G1 Evacuation Pause) 209M->78M(240M) 1.252ms
[353.802s][info][gc] GC(2073) Pause Young (Normal) (G1 Evacuation Pause) 210M->78M(240M) 1.255ms
[354.055s][info][gc] GC(2074) Pause Young (Normal) (G1 Evacuation Pause) 206M->79M(240M) 1.413ms
[354.301s][info][gc] GC(2075) Pause Young (Normal) (G1 Evacuation Pause) 207M->81M(240M) 1.255ms
[354.567s][info][gc] GC(2076) Pause Young (Normal) (G1 Evacuation Pause) 209M->82M(240M) 1.388ms
[354.822s][info][gc] GC(2077) Pause Young (Normal) (G1 Evacuation Pause) 210M->83M(240M) 1.848ms
[355.068s][info][gc] GC(2078) Pause Young (Normal) (G1 Evacuation Pause) 207M->84M(240M) 1.291ms
[355.307s][info][gc] GC(2079) Pause Young (Normal) (G1 Evacuation Pause) 208M->85M(240M) 1.122ms
[355.538s][info][gc] GC(2080) Pause Young (Normal) (G1 Evacuation Pause) 209M->86M(240M) 1.316ms
[355.793s][info][gc] GC(2081) Pause Young (Concurrent Start) (G1 Evacuation Pause) 206M->87M(240M) 1.394ms
[355.793s][info][gc] GC(2082) Concurrent Mark Cycle
[355.798s][info][gc] GC(2082) Pause Remark 91M->57M(200M) 0.434ms
[355.800s][info][gc] GC(2082) Pause Cleanup 57M->57M(200M) 0.035ms
[355.800s][info][gc] GC(2082) Concurrent Mark Cycle 6.783ms
[356.031s][info][gc] GC(2083) Pause Young (Prepare Mixed) (G1 Evacuation Pause) 161M->54M(200M) 1.365ms
[356.253s][info][gc] GC(2084) Pause Young (Mixed) (G1 Evacuation Pause) 162M->44M(200M) 1.716ms
[356.466s][info][gc] GC(2085) Pause Young (Normal) (G1 Evacuation Pause) 152M->45M(200M) 1.348ms
[356.675s][info][gc] GC(2086) Pause Young (Normal) (G1 Evacuation Pause) 153M->46M(200M) 1.134ms
[356.876s][info][gc] GC(2087) Pause Young (Normal) (G1 Evacuation Pause) 154M->47M(200M) 1.181ms
[357.086s][info][gc] GC(2088) Pause Young (Normal) (G1 Evacuation Pause) 155M->48M(200M) 1.105ms
[357.300s][info][gc] GC(2089) Pause Young (Normal) (G1 Evacuation Pause) 156M->49M(200M) 1.156ms
[357.514s][info][gc] GC(2090) Pause Young (Normal) (G1 Evacuation Pause) 157M->50M(200M) 1.178ms
[357.721s][info][gc] GC(2091) Pause Young (Normal) (G1 Evacuation Pause) 158M->50M(200M) 1.172ms
[357.940s][info][gc] GC(2092) Pause Young (Normal) (G1 Evacuation Pause) 158M->51M(200M) 1.116ms
[358.149s][info][gc] GC(2093) Pause Young (Normal) (G1 Evacuation Pause) 159M->53M(200M) 1.111ms
[358.354s][info][gc] GC(2094) Pause Young (Normal) (G1 Evacuation Pause) 161M->53M(200M) 1.139ms
[358.561s][info][gc] GC(2095) Pause Young (Normal) (G1 Evacuation Pause) 161M->55M(200M) 1.158ms
[358.778s][info][gc] GC(2096) Pause Young (Normal) (G1 Evacuation Pause) 163M->54M(200M) 1.072ms
[358.995s][info][gc] GC(2097) Pause Young (Normal) (G1 Evacuation Pause) 166M->56M(200M) 1.109ms
[359.206s][info][gc] GC(2098) Pause Young (Normal) (G1 Evacuation Pause) 164M->57M(200M) 1.208ms
[359.408s][info][gc] GC(2099) Pause Young (Normal) (G1 Evacuation Pause) 165M->58M(200M) 1.149ms
[359.620s][info][gc] GC(2100) Pause Young (Normal) (G1 Evacuation Pause) 166M->59M(200M) 1.186ms
[359.832s][info][gc] GC(2101) Pause Young (Normal) (G1 Evacuation Pause) 167M->60M(200M) 1.164ms
[360.039s][info][gc] GC(2102) Pause Young (Normal) (G1 Evacuation Pause) 168M->61M(200M) 1.487ms
[360.246s][info][gc] GC(2103) Pause Young (Normal) (G1 Evacuation Pause) 169M->61M(200M) 1.107ms
[360.464s][info][gc] GC(2104) Pause Young (Normal) (G1 Evacuation Pause) 165M->62M(200M) 1.110ms
[360.660s][info][gc] GC(2105) Pause Young (Normal) (G1 Evacuation Pause) 166M->63M(200M) 1.102ms
[360.869s][info][gc] GC(2106) Pause Young (Normal) (G1 Evacuation Pause) 167M->65M(200M) 1.147ms
[361.073s][info][gc] GC(2107) Pause Young (Normal) (G1 Evacuation Pause) 169M->65M(200M) 1.144ms
[361.274s][info][gc] GC(2108) Pause Young (Normal) (G1 Evacuation Pause) 169M->66M(200M) 1.111ms
[361.466s][info][gc] GC(2109) Pause Young (Normal) (G1 Evacuation Pause) 166M->67M(200M) 1.048ms
[361.664s][info][gc] GC(2110) Pause Young (Normal) (G1 Evacuation Pause) 167M->68M(200M) 1.090ms
[361.852s][info][gc] GC(2111) Pause Young (Normal) (G1 Evacuation Pause) 168M->69M(200M) 1.168ms
[362.049s][info][gc] GC(2112) Pause Young (Normal) (G1 Evacuation Pause) 169M->70M(200M) 1.112ms
[362.244s][info][gc] GC(2113) Pause Young (Normal) (G1 Evacuation Pause) 170M->70M(200M) 1.124ms
[362.424s][info][gc] GC(2114) Pause Young (Normal) (G1 Evacuation Pause) 166M->71M(200M) 1.111ms
[362.611s][info][gc] GC(2115) Pause Young (Normal) (G1 Evacuation Pause) 167M->72M(200M) 1.124ms
[362.851s][info][gc] GC(2116) Pause Young (Normal) (G1 Evacuation Pause) 168M->73M(200M) 1.236ms
[363.043s][info][gc] GC(2117) Pause Young (Normal) (G1 Evacuation Pause) 169M->75M(200M) 1.219ms
[363.224s][info][gc] GC(2118) Pause Young (Concurrent Start) (G1 Evacuation Pause) 167M->75M(200M) 1.155ms
[363.224s][info][gc] GC(2119) Concurrent Mark Cycle
[363.227s][info][gc] GC(2119) Pause Remark 77M->49M(188M) 0.394ms
[363.229s][info][gc] GC(2119) Pause Cleanup 49M->49M(188M) 0.022ms
[363.229s][info][gc] GC(2119) Concurrent Mark Cycle 4.755ms
[363.396s][info][gc] GC(2120) Pause Young (Prepare Mixed) (G1 Evacuation Pause) 139M->47M(188M) 1.190ms
[363.588s][info][gc] GC(2121) Pause Young (Mixed) (G1 Evacuation Pause) 147M->35M(188M) 1.227ms
[363.790s][info][gc] GC(2122) Pause Young (Normal) (G1 Evacuation Pause) 139M->35M(188M) 0.904ms
[363.995s][info][gc] GC(2123) Pause Young (Normal) (G1 Evacuation Pause) 139M->36M(188M) 0.962ms
[364.193s][info][gc] GC(2124) Pause Young (Normal) (G1 Evacuation Pause) 140M->36M(188M) 1.029ms
[364.389s][info][gc] GC(2125) Pause Young (Normal) (G1 Evacuation Pause) 140M->37M(188M) 1.104ms
[364.587s][info][gc] GC(2126) Pause Young (Normal) (G1 Evacuation Pause) 141M->38M(188M) 1.143ms
[364.782s][info][gc] GC(2127) Pause Young (Normal) (G1 Evacuation Pause) 138M->39M(188M) 1.195ms
[364.973s][info][gc] GC(2128) Pause Young (Normal) (G1 Evacuation Pause) 139M->41M(188M) 1.190ms
[365.170s][info][gc] GC(2129) Pause Young (Normal) (G1 Evacuation Pause) 141M->41M(188M) 1.122ms
[365.368s][info][gc] GC(2130) Pause Young (Normal) (G1 Evacuation Pause) 141M->42M(188M) 1.148ms
[365.561s][info][gc] GC(2131) Pause Young (Normal) (G1 Evacuation Pause) 142M->43M(188M) 1.117ms
[365.753s][info][gc] GC(2132) Pause Young (Normal) (G1 Evacuation Pause) 143M->43M(188M) 1.089ms
[365.949s][info][gc] GC(2133) Pause Young (Normal) (G1 Evacuation Pause) 143M->44M(188M) 1.096ms
[366.145s][info][gc] GC(2134) Pause Young (Normal) (G1 Evacuation Pause) 144M->46M(188M) 1.127ms
[366.339s][info][gc] GC(2135) Pause Young (Normal) (G1 Evacuation Pause) 146M->46M(188M) 1.105ms
[366.531s][info][gc] GC(2136) Pause Young (Normal) (G1 Evacuation Pause) 146M->47M(188M) 1.154ms
[366.723s][info][gc] GC(2137) Pause Young (Normal) (G1 Evacuation Pause) 147M->48M(188M) 1.158ms
[366.921s][info][gc] GC(2138) Pause Young (Normal) (G1 Evacuation Pause) 148M->49M(188M) 1.149ms
[367.114s][info][gc] GC(2139) Pause Young (Normal) (G1 Evacuation Pause) 149M->49M(188M) 1.165ms
[367.305s][info][gc] GC(2140) Pause Young (Normal) (G1 Evacuation Pause) 149M->50M(188M) 1.114ms
[367.494s][info][gc] GC(2141) Pause Young (Normal) (G1 Evacuation Pause) 150M->51M(188M) 1.082ms
[367.695s][info][gc] GC(2142) Pause Young (Normal) (G1 Evacuation Pause) 151M->52M(188M) 1.090ms
[367.885s][info][gc] GC(2143) Pause Young (Normal) (G1 Evacuation Pause) 152M->53M(188M) 1.183ms
[368.088s][info][gc] GC(2144) Pause Young (Normal) (G1 Evacuation Pause) 153M->54M(188M) 1.175ms
[368.289s][info][gc] GC(2145) Pause Young (Normal) (G1 Evacuation Pause) 154M->54M(188M) 1.175ms
[368.480s][info][gc] GC(2146) Pause Young (Normal) (G1 Evacuation Pause) 154M->56M(188M) 1.100ms
[368.677s][info][gc] GC(2147) Pause Young (Normal) (G1 Evacuation Pause) 156M->56M(188M) 1.108ms
[368.858s][info][gc] GC(2148) Pause Young (Normal) (G1 Evacuation Pause) 152M->57M(188M) 1.028ms
[369.049s][info][gc] GC(2149) Pause Young (Normal) (G1 Evacuation Pause) 153M->58M(188M) 1.137ms
[369.239s][info][gc] GC(2150) Pause Young (Normal) (G1 Evacuation Pause) 154M->59M(188M) 1.166ms
[369.425s][info][gc] GC(2151) Pause Young (Normal) (G1 Evacuation Pause) 155M->59M(188M) 1.122ms
[369.612s][info][gc] GC(2152) Pause Young (Normal) (G1 Evacuation Pause) 155M->60M(188M) 1.067ms
[369.785s][info][gc] GC(2153) Pause Young (Normal) (G1 Evacuation Pause) 152M->61M(188M) 1.047ms
[369.969s][info][gc] GC(2154) Pause Young (Normal) (G1 Evacuation Pause) 153M->61M(188M) 1.077ms
[370.137s][info][gc] GC(2155) Pause Young (Normal) (G1 Evacuation Pause) 153M->62M(188M) 1.002ms
[370.315s][info][gc] GC(2156) Pause Young (Normal) (G1 Evacuation Pause) 154M->63M(188M) 1.140ms
[370.500s][info][gc] GC(2157) Pause Young (Normal) (G1 Evacuation Pause) 155M->64M(188M) 1.141ms
[370.679s][info][gc] GC(2158) Pause Young (Normal) (G1 Evacuation Pause) 152M->64M(188M) 1.114ms
[370.862s][info][gc] GC(2159) Pause Young (Normal) (G1 Evacuation Pause) 152M->66M(188M) 1.111ms
[371.021s][info][gc] GC(2160) Pause Young (Normal) (G1 Evacuation Pause) 154M->66M(188M) 1.122ms
[371.190s][info][gc] GC(2161) Pause Young (Normal) (G1 Evacuation Pause) 154M->67M(188M) 1.063ms
[371.360s][info][gc] GC(2162) Pause Young (Normal) (G1 Evacuation Pause) 155M->67M(188M) 1.070ms
[371.519s][info][gc] GC(2163) Pause Young (Concurrent Start) (G1 Evacuation Pause) 151M->68M(188M) 1.243ms
[371.519s][info][gc] GC(2164) Concurrent Mark Cycle
[371.527s][info][gc] GC(2164) Pause Remark 74M->72M(188M) 0.384ms
[371.533s][info][gc] GC(2164) Pause Cleanup 72M->72M(188M) 0.025ms
[371.533s][info][gc] GC(2164) Concurrent Mark Cycle 14.030ms
[371.705s][info][gc] GC(2165) Pause Young (Prepare Mixed) (G1 Evacuation Pause) 158M->67M(188M) 0.942ms
[371.889s][info][gc] GC(2166) Pause Young (Mixed) (G1 Evacuation Pause) 163M->65M(188M) 1.150ms
[372.076s][info][gc] GC(2167) Pause Young (Normal) (G1 Evacuation Pause) 161M->66M(188M) 1.041ms
[372.240s][info][gc] GC(2168) Pause Young (Normal) (G1 Evacuation Pause) 154M->67M(188M) 1.113ms
[372.407s][info][gc] GC(2169) Pause Young (Normal) (G1 Evacuation Pause) 155M->67M(188M) 0.964ms
[372.583s][info][gc] GC(2170) Pause Young (Normal) (G1 Evacuation Pause) 155M->69M(188M) 1.097ms
[372.813s][info][gc] GC(2171) Pause Young (Normal) (G1 Evacuation Pause) 157M->70M(188M) 1.262ms
[372.971s][info][gc] GC(2172) Pause Young (Normal) (G1 Evacuation Pause) 158M->71M(188M) 1.194ms
[373.145s][info][gc] GC(2173) Pause Young (Concurrent Start) (G1 Evacuation Pause) 155M->71M(188M) 1.225ms
[373.145s][info][gc] GC(2174) Concurrent Mark Cycle
[373.149s][info][gc] GC(2174) Pause Remark 75M->47M(160M) 0.409ms
[373.151s][info][gc] GC(2174) Pause Cleanup 47M->47M(160M) 0.021ms
[373.151s][info][gc] GC(2174) Concurrent Mark Cycle 5.886ms
[373.320s][info][gc] GC(2175) Pause Young (Prepare Mixed) (G1 Evacuation Pause) 131M->44M(160M) 1.240ms
[373.483s][info][gc] GC(2176) Pause Young (Mixed) (G1 Evacuation Pause) 132M->38M(160M) 1.241ms
[373.655s][info][gc] GC(2177) Pause Young (Normal) (G1 Evacuation Pause) 126M->39M(160M) 1.179ms
[373.824s][info][gc] GC(2178) Pause Young (Normal) (G1 Evacuation Pause) 127M->39M(160M) 1.489ms
[374.006s][info][gc] GC(2179) Pause Young (Normal) (G1 Evacuation Pause) 127M->41M(160M) 1.273ms
[374.166s][info][gc] GC(2180) Pause Young (Normal) (G1 Evacuation Pause) 129M->42M(160M) 1.086ms
[374.341s][info][gc] GC(2181) Pause Young (Normal) (G1 Evacuation Pause) 130M->42M(160M) 1.142ms
[374.512s][info][gc] GC(2182) Pause Young (Normal) (G1 Evacuation Pause) 130M->42M(160M) 1.074ms
[374.687s][info][gc] GC(2183) Pause Young (Normal) (G1 Evacuation Pause) 130M->43M(160M) 1.116ms
[374.853s][info][gc] GC(2184) Pause Young (Normal) (G1 Evacuation Pause) 131M->44M(160M) 1.141ms
[375.026s][info][gc] GC(2185) Pause Young (Normal) (G1 Evacuation Pause) 132M->45M(160M) 1.117ms
[375.201s][info][gc] GC(2186) Pause Young (Normal) (G1 Evacuation Pause) 133M->46M(160M) 1.122ms
[375.363s][info][gc] GC(2187) Pause Young (Normal) (G1 Evacuation Pause) 134M->46M(160M) 1.748ms
[375.547s][info][gc] GC(2188) Pause Young (Normal) (G1 Evacuation Pause) 134M->47M(160M) 1.098ms
[375.712s][info][gc] GC(2189) Pause Young (Normal) (G1 Evacuation Pause) 135M->48M(160M) 1.108ms
[375.893s][info][gc] GC(2190) Pause Young (Normal) (G1 Evacuation Pause) 136M->49M(160M) 1.134ms
[376.061s][info][gc] GC(2191) Pause Young (Normal) (G1 Evacuation Pause) 137M->49M(160M) 1.113ms
[376.227s][info][gc] GC(2192) Pause Young (Normal) (G1 Evacuation Pause) 137M->50M(160M) 1.117ms
[376.399s][info][gc] GC(2193) Pause Young (Normal) (G1 Evacuation Pause) 138M->50M(160M) 1.130ms
[376.563s][info][gc] GC(2194) Pause Young (Normal) (G1 Evacuation Pause) 138M->52M(160M) 1.117ms
[376.733s][info][gc] GC(2195) Pause Young (Normal) (G1 Evacuation Pause) 136M->52M(160M) 1.197ms
[376.900s][info][gc] GC(2196) Pause Young (Normal) (G1 Evacuation Pause) 136M->53M(160M) 1.097ms
[377.051s][info][gc] GC(2197) Pause Young (Normal) (G1 Evacuation Pause) 137M->53M(160M) 1.090ms
[377.219s][info][gc] GC(2198) Pause Young (Normal) (G1 Evacuation Pause) 137M->54M(160M) 1.094ms
[377.380s][info][gc] GC(2199) Pause Young (Normal) (G1 Evacuation Pause) 138M->55M(160M) 1.199ms
[377.538s][info][gc] GC(2200) Pause Young (Normal) (G1 Evacuation Pause) 139M->56M(160M) 1.117ms
[377.695s][info][gc] GC(2201) Pause Young (Concurrent Start) (G1 Evacuation Pause) 136M->56M(160M) 1.052ms
[377.695s][info][gc] GC(2202) Concurrent Mark Cycle
[377.701s][info][gc] GC(2202) Pause Remark 58M->54M(160M) 0.469ms
[377.705s][info][gc] GC(2202) Pause Cleanup 55M->55M(160M) 0.023ms
[377.705s][info][gc] GC(2202) Concurrent Mark Cycle 9.399ms
[377.850s][info][gc] GC(2203) Pause Young (Prepare Mixed) (G1 Evacuation Pause) 132M->53M(160M) 1.111ms
[378.023s][info][gc] GC(2204) Pause Young (Mixed) (G1 Evacuation Pause) 137M->51M(160M) 1.356ms
[378.195s][info][gc] GC(2205) Pause Young (Normal) (G1 Evacuation Pause) 139M->52M(160M) 1.205ms
[378.368s][info][gc] GC(2206) Pause Young (Normal) (G1 Evacuation Pause) 136M->53M(160M) 1.150ms
[378.529s][info][gc] GC(2207) Pause Young (Normal) (G1 Evacuation Pause) 137M->53M(160M) 1.237ms
[378.700s][info][gc] GC(2208) Pause Young (Normal) (G1 Evacuation Pause) 137M->55M(160M) 1.214ms
[378.875s][info][gc] GC(2209) Pause Young (Normal) (G1 Evacuation Pause) 139M->56M(160M) 1.125ms
[379.035s][info][gc] GC(2210) Pause Young (Normal) (G1 Evacuation Pause) 140M->55M(160M) 1.134ms
[379.198s][info][gc] GC(2211) Pause Young (Normal) (G1 Evacuation Pause) 139M->57M(160M) 1.168ms
[379.353s][info][gc] GC(2212) Pause Young (Concurrent Start) (G1 Evacuation Pause) 137M->57M(160M) 1.177ms
[379.353s][info][gc] GC(2213) Concurrent Mark Cycle
[379.359s][info][gc] GC(2213) Pause Remark 61M->61M(160M) 0.464ms
[379.364s][info][gc] GC(2213) Pause Cleanup 64M->64M(160M) 0.021ms
[379.364s][info][gc] GC(2213) Concurrent Mark Cycle 11.481ms
[379.512s][info][gc] GC(2214) Pause Young (Prepare Mixed) (G1 Evacuation Pause) 137M->58M(160M) 1.254ms
[379.660s][info][gc] GC(2215) Pause Young (Mixed) (G1 Evacuation Pause) 138M->58M(160M) 1.641ms
[379.829s][info][gc] GC(2216) Pause Young (Normal) (G1 Evacuation Pause) 142M->60M(160M) 1.169ms
[379.989s][info][gc] GC(2217) Pause Young (Concurrent Start) (G1 Evacuation Pause) 140M->60M(160M) 1.208ms
[379.989s][info][gc] GC(2218) Concurrent Mark Cycle
[379.996s][info][gc] GC(2218) Pause Remark 64M->64M(160M) 0.448ms
[380.001s][info][gc] GC(2218) Pause Cleanup 67M->67M(160M) 0.021ms
[380.001s][info][gc] GC(2218) Concurrent Mark Cycle 11.971ms
[380.142s][info][gc] GC(2219) Pause Young (Prepare Mixed) (G1 Evacuation Pause) 140M->60M(160M) 1.134ms
[380.293s][info][gc] GC(2220) Pause Young (Mixed) (G1 Evacuation Pause) 140M->58M(160M) 1.460ms
[380.448s][info][gc] GC(2221) Pause Young (Concurrent Start) (G1 Evacuation Pause) 138M->60M(160M) 1.145ms
[380.448s][info][gc] GC(2222) Concurrent Mark Cycle
[380.457s][info][gc] GC(2222) Pause Remark 65M->65M(160M) 0.458ms
[380.462s][info][gc] GC(2222) Pause Cleanup 65M->65M(160M) 0.022ms
[380.462s][info][gc] GC(2222) Concurrent Mark Cycle 14.094ms
[380.612s][info][gc] GC(2223) Pause Young (Prepare Mixed) (G1 Evacuation Pause) 140M->60M(160M) 1.146ms
[380.761s][info][gc] GC(2224) Pause Young (Mixed) (G1 Evacuation Pause) 140M->60M(160M) 2.978ms
[380.926s][info][gc] GC(2225) Pause Young (Concurrent Start) (G1 Evacuation Pause) 140M->61M(160M) 1.128ms
[380.926s][info][gc] GC(2226) Concurrent Mark Cycle
[380.933s][info][gc] GC(2226) Pause Remark 64M->64M(160M) 0.457ms
[380.937s][info][gc] GC(2226) Pause Cleanup 68M->68M(160M) 0.017ms
[380.937s][info][gc] GC(2226) Concurrent Mark Cycle 11.680ms
[381.081s][info][gc] GC(2227) Pause Young (Normal) (G1 Evacuation Pause) 141M->62M(160M) 1.169ms
[381.238s][info][gc] GC(2228) Pause Young (Concurrent Start) (G1 Evacuation Pause) 142M->62M(160M) 1.167ms
[381.238s][info][gc] GC(2229) Concurrent Mark Cycle
[381.245s][info][gc] GC(2229) Pause Remark 67M->67M(160M) 0.453ms
[381.250s][info][gc] GC(2229) Pause Cleanup 69M->69M(160M) 0.022ms
[381.250s][info][gc] GC(2229) Concurrent Mark Cycle 12.047ms
[381.399s][info][gc] GC(2230) Pause Young (Normal) (G1 Evacuation Pause) 142M->63M(192M) 1.166ms
[381.600s][info][gc] GC(2231) Pause Young (Normal) (G1 Evacuation Pause) 167M->64M(192M) 1.251ms
[381.811s][info][gc] GC(2232) Pause Young (Normal) (G1 Evacuation Pause) 168M->65M(192M) 1.036ms
[381.995s][info][gc] GC(2233) Pause Young (Normal) (G1 Evacuation Pause) 161M->65M(192M) 1.240ms
[382.183s][info][gc] GC(2234) Pause Young (Normal) (G1 Evacuation Pause) 161M->66M(192M) 1.147ms
[382.364s][info][gc] GC(2235) Pause Young (Normal) (G1 Evacuation Pause) 162M->66M(192M) 1.105ms
[382.547s][info][gc] GC(2236) Pause Young (Normal) (G1 Evacuation Pause) 162M->68M(192M) 1.062ms
[382.737s][info][gc] GC(2237) Pause Young (Normal) (G1 Evacuation Pause) 164M->69M(192M) 1.106ms
[382.979s][info][gc] GC(2238) Pause Young (Normal) (G1 Evacuation Pause) 165M->70M(192M) 1.244ms
[383.157s][info][gc] GC(2239) Pause Young (Normal) (G1 Evacuation Pause) 162M->71M(192M) 1.278ms
[383.344s][info][gc] GC(2240) Pause Young (Normal) (G1 Evacuation Pause) 163M->72M(192M) 1.131ms
[383.520s][info][gc] GC(2241) Pause Young (Normal) (G1 Evacuation Pause) 164M->73M(192M) 1.186ms
[383.698s][info][gc] GC(2242) Pause Young (Normal) (G1 Evacuation Pause) 165M->73M(192M) 1.137ms
[383.874s][info][gc] GC(2243) Pause Young (Normal) (G1 Evacuation Pause) 161M->74M(192M) 1.123ms
[384.044s][info][gc] GC(2244) Pause Young (Normal) (G1 Evacuation Pause) 162M->74M(192M) 1.248ms
[384.208s][info][gc] GC(2245) Pause Young (Normal) (G1 Evacuation Pause) 162M->75M(192M) 1.259ms
[384.374s][info][gc] GC(2246) Pause Young (Normal) (G1 Evacuation Pause) 163M->76M(192M) 1.196ms
[384.546s][info][gc] GC(2247) Pause Young (Normal) (G1 Evacuation Pause) 164M->77M(192M) 1.180ms
[384.707s][info][gc] GC(2248) Pause Young (Normal) (G1 Evacuation Pause) 165M->78M(192M) 1.181ms
[384.879s][info][gc] GC(2249) Pause Young (Concurrent Start) (G1 Evacuation Pause) 162M->78M(192M) 1.067ms
[384.879s][info][gc] GC(2250) Concurrent Mark Cycle
[384.883s][info][gc] GC(2250) Pause Remark 82M->54M(176M) 0.388ms
[384.885s][info][gc] GC(2250) Pause Cleanup 54M->54M(176M) 0.020ms
[384.885s][info][gc] GC(2250) Concurrent Mark Cycle 5.602ms
[385.055s][info][gc] GC(2251) Pause Young (Prepare Mixed) (G1 Evacuation Pause) 142M->51M(176M) 0.959ms
[385.238s][info][gc] GC(2252) Pause Young (Mixed) (G1 Evacuation Pause) 147M->44M(176M) 1.054ms
[385.423s][info][gc] GC(2253) Pause Young (Normal) (G1 Evacuation Pause) 140M->45M(176M) 1.043ms
[385.593s][info][gc] GC(2254) Pause Young (Normal) (G1 Evacuation Pause) 137M->45M(176M) 1.008ms
[385.780s][info][gc] GC(2255) Pause Young (Normal) (G1 Evacuation Pause) 137M->47M(176M) 1.048ms
[385.959s][info][gc] GC(2256) Pause Young (Normal) (G1 Evacuation Pause) 139M->48M(176M) 1.166ms
[386.131s][info][gc] GC(2257) Pause Young (Normal) (G1 Evacuation Pause) 140M->48M(176M) 1.071ms
[386.314s][info][gc] GC(2258) Pause Young (Normal) (G1 Evacuation Pause) 140M->49M(176M) 1.135ms
[386.486s][info][gc] GC(2259) Pause Young (Normal) (G1 Evacuation Pause) 141M->50M(176M) 1.198ms
[386.668s][info][gc] GC(2260) Pause Young (Normal) (G1 Evacuation Pause) 142M->50M(176M) 1.136ms
[386.848s][info][gc] GC(2261) Pause Young (Normal) (G1 Evacuation Pause) 142M->51M(176M) 1.097ms
[387.027s][info][gc] GC(2262) Pause Young (Normal) (G1 Evacuation Pause) 143M->52M(176M) 1.106ms
[387.208s][info][gc] GC(2263) Pause Young (Normal) (G1 Evacuation Pause) 144M->53M(176M) 1.084ms
[387.379s][info][gc] GC(2264) Pause Young (Normal) (G1 Evacuation Pause) 145M->54M(176M) 1.076ms
[387.557s][info][gc] GC(2265) Pause Young (Normal) (G1 Evacuation Pause) 146M->54M(176M) 1.060ms
[387.734s][info][gc] GC(2266) Pause Young (Normal) (G1 Evacuation Pause) 146M->55M(176M) 1.152ms
[387.910s][info][gc] GC(2267) Pause Young (Normal) (G1 Evacuation Pause) 147M->56M(176M) 1.145ms
[388.076s][info][gc] GC(2268) Pause Young (Normal) (G1 Evacuation Pause) 148M->57M(176M) 1.121ms
[388.258s][info][gc] GC(2269) Pause Young (Normal) (G1 Evacuation Pause) 149M->57M(176M) 1.259ms
[388.436s][info][gc] GC(2270) Pause Young (Normal) (G1 Evacuation Pause) 145M->58M(176M) 1.166ms
[388.601s][info][gc] GC(2271) Pause Young (Normal) (G1 Evacuation Pause) 146M->59M(176M) 1.143ms
[388.764s][info][gc] GC(2272) Pause Young (Normal) (G1 Evacuation Pause) 147M->59M(176M) 1.089ms
[388.940s][info][gc] GC(2273) Pause Young (Normal) (G1 Evacuation Pause) 147M->60M(176M) 1.089ms
[389.108s][info][gc] GC(2274) Pause Young (Normal) (G1 Evacuation Pause) 148M->61M(176M) 1.120ms
[389.274s][info][gc] GC(2275) Pause Young (Normal) (G1 Evacuation Pause) 145M->62M(176M) 1.089ms
[389.461s][info][gc] GC(2276) Pause Young (Normal) (G1 Evacuation Pause) 154M->62M(176M) 0.988ms
[389.655s][info][gc] GC(2277) Pause Young (Normal) (G1 Evacuation Pause) 154M->63M(176M) 1.089ms
[389.839s][info][gc] GC(2278) Pause Young (Normal) (G1 Evacuation Pause) 155M->64M(176M) 1.053ms
[390.003s][info][gc] GC(2279) Pause Young (Normal) (G1 Evacuation Pause) 148M->64M(176M) 1.129ms
[390.165s][info][gc] GC(2280) Pause Young (Normal) (G1 Evacuation Pause) 152M->65M(176M) 0.904ms
[390.343s][info][gc] GC(2281) Pause Young (Normal) (G1 Evacuation Pause) 153M->66M(176M) 0.929ms
[390.515s][info][gc] GC(2282) Pause Young (Normal) (G1 Evacuation Pause) 154M->67M(176M) 0.926ms
[390.666s][info][gc] GC(2283) Pause Young (Concurrent Start) (G1 Evacuation Pause) 151M->68M(176M) 0.935ms
[390.666s][info][gc] GC(2284) Concurrent Mark Cycle
[390.673s][info][gc] GC(2284) Pause Remark 73M->73M(176M) 0.383ms
[390.677s][info][gc] GC(2284) Pause Cleanup 75M->75M(176M) 0.024ms
[390.678s][info][gc] GC(2284) Concurrent Mark Cycle 11.981ms
[390.831s][info][gc] GC(2285) Pause Young (Prepare Mixed) (G1 Evacuation Pause) 152M->68M(176M) 0.927ms
[390.998s][info][gc] GC(2286) Pause Young (Mixed) (G1 Evacuation Pause) 152M->66M(176M) 1.012ms
[391.152s][info][gc] GC(2287) Pause Young (Concurrent Start) (G1 Evacuation Pause) 150M->67M(176M) 0.930ms
[391.152s][info][gc] GC(2288) Concurrent Mark Cycle
[391.159s][info][gc] GC(2288) Pause Remark 73M->73M(176M) 0.428ms
[391.164s][info][gc] GC(2288) Pause Cleanup 75M->75M(176M) 0.028ms
[391.164s][info][gc] GC(2288) Concurrent Mark Cycle 12.500ms
[391.319s][info][gc] GC(2289) Pause Young (Prepare Mixed) (G1 Evacuation Pause) 151M->68M(176M) 1.121ms
[391.474s][info][gc] GC(2290) Pause Young (Mixed) (G1 Evacuation Pause) 152M->67M(176M) 1.171ms
[391.645s][info][gc] GC(2291) Pause Young (Concurrent Start) (G1 Evacuation Pause) 151M->67M(176M) 0.915ms
[391.645s][info][gc] GC(2292) Concurrent Mark Cycle
[391.652s][info][gc] GC(2292) Pause Remark 72M->72M(176M) 0.395ms
[391.657s][info][gc] GC(2292) Pause Cleanup 76M->76M(176M) 0.021ms
[391.657s][info][gc] GC(2292) Concurrent Mark Cycle 12.769ms
[391.809s][info][gc] GC(2293) Pause Young (Prepare Mixed) (G1 Evacuation Pause) 151M->68M(176M) 0.960ms
[391.969s][info][gc] GC(2294) Pause Young (Mixed) (G1 Evacuation Pause) 152M->65M(176M) 1.320ms
[392.146s][info][gc] GC(2295) Pause Young (Normal) (G1 Evacuation Pause) 153M->66M(176M) 0.954ms
[392.319s][info][gc] GC(2296) Pause Young (Normal) (G1 Evacuation Pause) 154M->67M(176M) 0.977ms
[392.489s][info][gc] GC(2297) Pause Young (Normal) (G1 Evacuation Pause) 155M->67M(176M) 0.935ms
[392.646s][info][gc] GC(2298) Pause Young (Concurrent Start) (G1 Evacuation Pause) 151M->68M(176M) 0.917ms
[392.646s][info][gc] GC(2299) Concurrent Mark Cycle
[392.655s][info][gc] GC(2299) Pause Remark 74M->74M(176M) 0.405ms
[392.660s][info][gc] GC(2299) Pause Cleanup 78M->78M(176M) 0.022ms
[392.660s][info][gc] GC(2299) Concurrent Mark Cycle 13.436ms
[392.867s][info][gc] GC(2300) Pause Young (Normal) (G1 Evacuation Pause) 152M->69M(176M) 1.079ms
[393.024s][info][gc] GC(2301) Pause Young (Concurrent Start) (G1 Evacuation Pause) 153M->70M(176M) 1.094ms
[393.024s][info][gc] GC(2302) Concurrent Mark Cycle
[393.027s][info][gc] GC(2302) Pause Remark 72M->52M(176M) 0.379ms
[393.029s][info][gc] GC(2302) Pause Cleanup 52M->52M(176M) 0.020ms
[393.029s][info][gc] GC(2302) Concurrent Mark Cycle 5.015ms
[393.192s][info][gc] GC(2303) Pause Young (Prepare Mixed) (G1 Evacuation Pause) 134M->51M(176M) 0.990ms
[393.376s][info][gc] GC(2304) Pause Young (Mixed) (G1 Evacuation Pause) 147M->39M(176M) 1.056ms
[393.565s][info][gc] GC(2305) Pause Young (Normal) (G1 Evacuation Pause) 135M->39M(176M) 0.805ms
[393.749s][info][gc] GC(2306) Pause Young (Normal) (G1 Evacuation Pause) 135M->40M(176M) 0.921ms
[393.933s][info][gc] GC(2307) Pause Young (Normal) (G1 Evacuation Pause) 136M->41M(176M) 0.928ms
[394.118s][info][gc] GC(2308) Pause Young (Normal) (G1 Evacuation Pause) 137M->41M(176M) 1.034ms
[394.296s][info][gc] GC(2309) Pause Young (Normal) (G1 Evacuation Pause) 137M->42M(176M) 1.034ms
[394.480s][info][gc] GC(2310) Pause Young (Normal) (G1 Evacuation Pause) 138M->43M(176M) 1.079ms
[394.658s][info][gc] GC(2311) Pause Young (Normal) (G1 Evacuation Pause) 135M->44M(176M) 1.139ms
[394.845s][info][gc] GC(2312) Pause Young (Normal) (G1 Evacuation Pause) 136M->45M(176M) 1.214ms
[395.016s][info][gc] GC(2313) Pause Young (Normal) (G1 Evacuation Pause) 137M->45M(176M) 1.100ms
[395.197s][info][gc] GC(2314) Pause Young (Normal) (G1 Evacuation Pause) 137M->46M(176M) 1.083ms
[395.375s][info][gc] GC(2315) Pause Young (Normal) (G1 Evacuation Pause) 138M->47M(176M) 1.116ms
[395.554s][info][gc] GC(2316) Pause Young (Normal) (G1 Evacuation Pause) 139M->48M(176M) 1.181ms
[395.737s][info][gc] GC(2317) Pause Young (Normal) (G1 Evacuation Pause) 140M->49M(176M) 1.181ms
[395.913s][info][gc] GC(2318) Pause Young (Normal) (G1 Evacuation Pause) 141M->49M(176M) 1.104ms
[396.095s][info][gc] GC(2319) Pause Young (Normal) (G1 Evacuation Pause) 141M->51M(176M) 1.107ms
[396.266s][info][gc] GC(2320) Pause Young (Normal) (G1 Evacuation Pause) 143M->51M(176M) 1.226ms
[396.447s][info][gc] GC(2321) Pause Young (Normal) (G1 Evacuation Pause) 143M->52M(176M) 1.105ms
[396.617s][info][gc] GC(2322) Pause Young (Normal) (G1 Evacuation Pause) 144M->52M(176M) 1.162ms
[396.800s][info][gc] GC(2323) Pause Young (Normal) (G1 Evacuation Pause) 144M->54M(176M) 1.108ms
[396.986s][info][gc] GC(2324) Pause Young (Normal) (G1 Evacuation Pause) 146M->54M(176M) 1.152ms
[397.159s][info][gc] GC(2325) Pause Young (Normal) (G1 Evacuation Pause) 146M->55M(176M) 1.095ms
[397.342s][info][gc] GC(2326) Pause Young (Normal) (G1 Evacuation Pause) 147M->55M(176M) 1.091ms
[397.519s][info][gc] GC(2327) Pause Young (Normal) (G1 Evacuation Pause) 147M->57M(176M) 1.170ms
[397.695s][info][gc] GC(2328) Pause Young (Normal) (G1 Evacuation Pause) 149M->57M(176M) 1.097ms
[397.858s][info][gc] GC(2329) Pause Young (Normal) (G1 Evacuation Pause) 145M->58M(176M) 1.104ms
[398.035s][info][gc] GC(2330) Pause Young (Normal) (G1 Evacuation Pause) 146M->59M(176M) 1.401ms
[398.208s][info][gc] GC(2331) Pause Young (Normal) (G1 Evacuation Pause) 147M->60M(176M) 1.092ms
[398.387s][info][gc] GC(2332) Pause Young (Normal) (G1 Evacuation Pause) 148M->60M(176M) 1.106ms
[398.548s][info][gc] GC(2333) Pause Young (Normal) (G1 Evacuation Pause) 148M->61M(176M) 1.075ms
[398.716s][info][gc] GC(2334) Pause Young (Normal) (G1 Evacuation Pause) 145M->62M(176M) 1.039ms
[398.892s][info][gc] GC(2335) Pause Young (Normal) (G1 Evacuation Pause) 154M->62M(176M) 0.917ms
[399.074s][info][gc] GC(2336) Pause Young (Normal) (G1 Evacuation Pause) 154M->63M(176M) 0.976ms
[399.227s][info][gc] GC(2337) Pause Young (Normal) (G1 Evacuation Pause) 147M->64M(176M) 1.049ms
[399.406s][info][gc] GC(2338) Pause Young (Normal) (G1 Evacuation Pause) 152M->64M(176M) 1.025ms
[399.578s][info][gc] GC(2339) Pause Young (Normal) (G1 Evacuation Pause) 152M->65M(176M) 0.934ms
[399.756s][info][gc] GC(2340) Pause Young (Normal) (G1 Evacuation Pause) 153M->65M(176M) 0.826ms
[399.934s][info][gc] GC(2341) Pause Young (Normal) (G1 Evacuation Pause) 153M->67M(176M) 0.986ms
[400.113s][info][gc] GC(2342) Pause Young (Normal) (G1 Evacuation Pause) 155M->67M(176M) 1.021ms
[400.290s][info][gc] GC(2343) Pause Young (Concurrent Start) (G1 Evacuation Pause) 151M->68M(176M) 1.040ms
[400.290s][info][gc] GC(2344) Concurrent Mark Cycle
[400.298s][info][gc] GC(2344) Pause Remark 76M->72M(176M) 0.403ms
[400.303s][info][gc] GC(2344) Pause Cleanup 76M->76M(176M) 0.021ms
[400.303s][info][gc] GC(2344) Concurrent Mark Cycle 13.803ms
[400.441s][info][gc] GC(2345) Pause Young (Prepare Mixed) (G1 Evacuation Pause) 148M->65M(176M) 0.922ms
[400.616s][info][gc] GC(2346) Pause Young (Mixed) (G1 Evacuation Pause) 153M->64M(176M) 1.198ms
[400.795s][info][gc] GC(2347) Pause Young (Normal) (G1 Evacuation Pause) 152M->64M(176M) 0.941ms
[400.952s][info][gc] GC(2348) Pause Young (Normal) (G1 Evacuation Pause) 152M->64M(176M) 0.865ms
[401.130s][info][gc] GC(2349) Pause Young (Normal) (G1 Evacuation Pause) 152M->65M(176M) 0.906ms
[401.299s][info][gc] GC(2350) Pause Young (Normal) (G1 Evacuation Pause) 153M->66M(176M) 0.980ms
[401.472s][info][gc] GC(2351) Pause Young (Normal) (G1 Evacuation Pause) 154M->67M(176M) 0.941ms
[401.630s][info][gc] GC(2352) Pause Young (Concurrent Start) (G1 Evacuation Pause) 151M->68M(176M) 0.963ms
[401.630s][info][gc] GC(2353) Concurrent Mark Cycle
[401.639s][info][gc] GC(2353) Pause Remark 75M->75M(176M) 0.472ms
[401.646s][info][gc] GC(2353) Pause Cleanup 79M->79M(176M) 0.021ms
[401.646s][info][gc] GC(2353) Concurrent Mark Cycle 16.244ms
[401.786s][info][gc] GC(2354) Pause Young (Prepare Mixed) (G1 Evacuation Pause) 152M->68M(176M) 0.915ms
[401.944s][info][gc] GC(2355) Pause Young (Mixed) (G1 Evacuation Pause) 152M->65M(176M) 1.220ms
[402.118s][info][gc] GC(2356) Pause Young (Normal) (G1 Evacuation Pause) 153M->66M(176M) 0.901ms
[402.286s][info][gc] GC(2357) Pause Young (Normal) (G1 Evacuation Pause) 154M->67M(176M) 0.947ms
[402.453s][info][gc] GC(2358) Pause Young (Concurrent Start) (G1 Evacuation Pause) 151M->68M(176M) 1.030ms
[402.454s][info][gc] GC(2359) Concurrent Mark Cycle
[402.463s][info][gc] GC(2359) Pause Remark 74M->74M(176M) 0.390ms
[402.471s][info][gc] GC(2359) Pause Cleanup 78M->78M(176M) 0.025ms
[402.471s][info][gc] GC(2359) Concurrent Mark Cycle 17.297ms
[402.617s][info][gc] GC(2360) Pause Young (Prepare Mixed) (G1 Evacuation Pause) 152M->69M(176M) 1.028ms
[402.823s][info][gc] GC(2361) Pause Young (Mixed) (G1 Evacuation Pause) 153M->63M(176M) 2.229ms
[402.875s][info][gc] GC(2362) Pause Young (Concurrent Start) (G1 Evacuation Pause) 155M->66M(176M) 1.011ms
[402.876s][info][gc] GC(2363) Concurrent Mark Cycle
[402.880s][info][gc] GC(2363) Pause Remark 75M->51M(160M) 0.415ms
[402.881s][info][gc] GC(2363) Pause Cleanup 54M->54M(160M) 0.040ms
[402.882s][info][gc] GC(2363) Concurrent Mark Cycle 6.078ms
[402.916s][info][gc] GC(2364) Pause Young (Prepare Mixed) (G1 Evacuation Pause) 126M->43M(160M) 1.006ms
[402.965s][info][gc] GC(2365) Pause Young (Mixed) (G1 Evacuation Pause) 131M->36M(160M) 1.181ms
[403.008s][info][gc] GC(2366) Pause Young (Normal) (G1 Evacuation Pause) 124M->37M(192M) 0.961ms
[403.067s][info][gc] GC(2367) Pause Young (Normal) (G1 Evacuation Pause) 141M->38M(192M) 1.042ms
[403.114s][info][gc] GC(2368) Pause Young (Normal) (G1 Evacuation Pause) 142M->38M(192M) 0.948ms
[403.170s][info][gc] GC(2369) Pause Young (Normal) (G1 Evacuation Pause) 142M->39M(192M) 1.006ms
[403.220s][info][gc] GC(2370) Pause Young (Normal) (G1 Evacuation Pause) 139M->40M(232M) 1.294ms
[403.284s][info][gc] GC(2371) Pause Young (Normal) (G1 Evacuation Pause) 164M->41M(232M) 1.521ms
[403.346s][info][gc] GC(2372) Pause Young (Normal) (G1 Evacuation Pause) 165M->42M(232M) 1.280ms
[403.414s][info][gc] GC(2373) Pause Young (Normal) (G1 Evacuation Pause) 166M->43M(232M) 1.279ms
[403.476s][info][gc] GC(2374) Pause Young (Normal) (G1 Evacuation Pause) 167M->42M(280M) 1.038ms
[403.558s][info][gc] GC(2375) Pause Young (Normal) (G1 Evacuation Pause) 198M->45M(280M) 1.350ms
[403.639s][info][gc] GC(2376) Pause Young (Normal) (G1 Evacuation Pause) 197M->46M(280M) 1.479ms
[403.719s][info][gc] GC(2377) Pause Young (Normal) (G1 Evacuation Pause) 198M->48M(280M) 1.350ms
[403.792s][info][gc] GC(2378) Pause Young (Normal) (G1 Evacuation Pause) 200M->48M(336M) 1.252ms
[403.890s][info][gc] GC(2379) Pause Young (Normal) (G1 Evacuation Pause) 232M->50M(336M) 1.491ms
[403.986s][info][gc] GC(2380) Pause Young (Normal) (G1 Evacuation Pause) 234M->52M(336M) 1.601ms
[404.078s][info][gc] GC(2381) Pause Young (Normal) (G1 Evacuation Pause) 232M->54M(336M) 1.520ms
[404.172s][info][gc] GC(2382) Pause Young (Normal) (G1 Evacuation Pause) 234M->56M(404M) 1.715ms
[404.285s][info][gc] GC(2383) Pause Young (Normal) (G1 Evacuation Pause) 276M->58M(404M) 1.972ms
[404.396s][info][gc] GC(2384) Pause Young (Normal) (G1 Evacuation Pause) 278M->59M(404M) 1.651ms
[404.505s][info][gc] GC(2385) Pause Young (Normal) (G1 Evacuation Pause) 279M->60M(404M) 1.779ms
[404.616s][info][gc] GC(2386) Pause Young (Normal) (G1 Evacuation Pause) 280M->63M(488M) 1.697ms
[404.761s][info][gc] GC(2387) Pause Young (Normal) (G1 Evacuation Pause) 335M->65M(488M) 1.833ms
[404.894s][info][gc] GC(2388) Pause Young (Normal) (G1 Evacuation Pause) 333M->67M(488M) 1.839ms
[405.030s][info][gc] GC(2389) Pause Young (Normal) (G1 Evacuation Pause) 335M->69M(488M) 1.954ms
[405.174s][info][gc] GC(2390) Pause Young (Normal) (G1 Evacuation Pause) 337M->72M(488M) 1.990ms
[405.303s][info][gc] GC(2391) Pause Young (Normal) (G1 Evacuation Pause) 340M->74M(488M) 2.192ms
[405.439s][info][gc] GC(2392) Pause Young (Normal) (G1 Evacuation Pause) 342M->76M(488M) 2.002ms
[405.572s][info][gc] GC(2393) Pause Young (Normal) (G1 Evacuation Pause) 344M->77M(488M) 1.787ms
[405.713s][info][gc] GC(2394) Pause Young (Normal) (G1 Evacuation Pause) 345M->80M(488M) 1.921ms
[405.847s][info][gc] GC(2395) Pause Young (Normal) (G1 Evacuation Pause) 344M->83M(488M) 2.042ms
[405.977s][info][gc] GC(2396) Pause Young (Normal) (G1 Evacuation Pause) 351M->84M(488M) 1.942ms
[406.120s][info][gc] GC(2397) Pause Young (Normal) (G1 Evacuation Pause) 352M->87M(488M) 1.985ms
[406.252s][info][gc] GC(2398) Pause Young (Normal) (G1 Evacuation Pause) 355M->90M(488M) 1.913ms
[406.382s][info][gc] GC(2399) Pause Young (Normal) (G1 Evacuation Pause) 354M->92M(488M) 1.861ms
[406.522s][info][gc] GC(2400) Pause Young (Normal) (G1 Evacuation Pause) 360M->93M(488M) 2.099ms
[406.659s][info][gc] GC(2401) Pause Young (Normal) (G1 Evacuation Pause) 361M->96M(488M) 1.959ms
[406.795s][info][gc] GC(2402) Pause Young (Normal) (G1 Evacuation Pause) 364M->98M(488M) 1.855ms
[406.938s][info][gc] GC(2403) Pause Young (Normal) (G1 Evacuation Pause) 366M->101M(488M) 2.001ms
[407.072s][info][gc] GC(2404) Pause Young (Normal) (G1 Evacuation Pause) 369M->103M(488M) 2.164ms
[407.203s][info][gc] GC(2405) Pause Young (Normal) (G1 Evacuation Pause) 367M->105M(488M) 1.873ms
[407.336s][info][gc] GC(2406) Pause Young (Normal) (G1 Evacuation Pause) 373M->106M(488M) 1.996ms
[407.474s][info][gc] GC(2407) Pause Young (Normal) (G1 Evacuation Pause) 374M->110M(488M) 1.864ms
[407.612s][info][gc] GC(2408) Pause Young (Normal) (G1 Evacuation Pause) 378M->111M(488M) 1.854ms
[407.748s][info][gc] GC(2409) Pause Young (Normal) (G1 Evacuation Pause) 379M->114M(488M) 2.102ms
[407.894s][info][gc] GC(2410) Pause Young (Normal) (G1 Evacuation Pause) 378M->116M(488M) 2.111ms
[408.033s][info][gc] GC(2411) Pause Young (Normal) (G1 Evacuation Pause) 384M->118M(488M) 1.971ms
[408.248s][info][gc] GC(2412) Pause Young (Normal) (G1 Evacuation Pause) 386M->123M(488M) 2.006ms
[408.382s][info][gc] GC(2413) Pause Young (Normal) (G1 Evacuation Pause) 387M->125M(488M) 2.062ms
[408.519s][info][gc] GC(2414) Pause Young (Normal) (G1 Evacuation Pause) 389M->126M(488M) 2.124ms
[408.661s][info][gc] GC(2415) Pause Young (Normal) (G1 Evacuation Pause) 394M->129M(488M) 1.962ms
[408.794s][info][gc] GC(2416) Pause Young (Normal) (G1 Evacuation Pause) 393M->132M(488M) 2.207ms
[408.928s][info][gc] GC(2417) Pause Young (Normal) (G1 Evacuation Pause) 400M->133M(488M) 1.876ms
[409.073s][info][gc] GC(2418) Pause Young (Normal) (G1 Evacuation Pause) 401M->136M(488M) 2.247ms
[409.206s][info][gc] GC(2419) Pause Young (Normal) (G1 Evacuation Pause) 400M->138M(488M) 2.172ms
[409.338s][info][gc] GC(2420) Pause Young (Normal) (G1 Evacuation Pause) 406M->141M(488M) 2.217ms
[409.479s][info][gc] GC(2421) Pause Young (Normal) (G1 Evacuation Pause) 409M->143M(488M) 1.840ms
[409.610s][info][gc] GC(2422) Pause Young (Normal) (G1 Evacuation Pause) 411M->144M(488M) 1.903ms
[409.747s][info][gc] GC(2423) Pause Young (Normal) (G1 Evacuation Pause) 412M->147M(488M) 1.843ms
[409.882s][info][gc] GC(2424) Pause Young (Normal) (G1 Evacuation Pause) 415M->147M(488M) 1.863ms
[410.024s][info][gc] GC(2425) Pause Young (Normal) (G1 Evacuation Pause) 415M->151M(488M) 2.014ms
[410.155s][info][gc] GC(2426) Pause Young (Normal) (G1 Evacuation Pause) 419M->153M(488M) 2.271ms
[410.289s][info][gc] GC(2427) Pause Young (Normal) (G1 Evacuation Pause) 421M->156M(488M) 2.028ms
[410.433s][info][gc] GC(2428) Pause Young (Normal) (G1 Evacuation Pause) 424M->158M(488M) 2.056ms
[410.566s][info][gc] GC(2429) Pause Young (Normal) (G1 Evacuation Pause) 422M->160M(488M) 1.958ms
[410.704s][info][gc] GC(2430) Pause Young (Normal) (G1 Evacuation Pause) 428M->162M(488M) 2.062ms
[410.847s][info][gc] GC(2431) Pause Young (Normal) (G1 Evacuation Pause) 430M->165M(488M) 1.948ms
[410.985s][info][gc] GC(2432) Pause Young (Normal) (G1 Evacuation Pause) 433M->168M(488M) 2.329ms
[411.114s][info][gc] GC(2433) Pause Young (Normal) (G1 Evacuation Pause) 428M->169M(488M) 1.891ms
[411.242s][info][gc] GC(2434) Pause Young (Normal) (G1 Evacuation Pause) 433M->169M(488M) 1.746ms
[411.389s][info][gc] GC(2435) Pause Young (Normal) (G1 Evacuation Pause) 437M->174M(488M) 2.033ms
[411.519s][info][gc] GC(2436) Pause Young (Normal) (G1 Evacuation Pause) 434M->176M(488M) 2.157ms
[411.645s][info][gc] GC(2437) Pause Young (Normal) (G1 Evacuation Pause) 432M->179M(488M) 1.808ms
[411.774s][info][gc] GC(2438) Pause Young (Normal) (G1 Evacuation Pause) 431M->178M(488M) 1.837ms
[411.907s][info][gc] GC(2439) Pause Young (Normal) (G1 Evacuation Pause) 438M->182M(488M) 1.838ms
[412.037s][info][gc] GC(2440) Pause Young (Normal) (G1 Evacuation Pause) 434M->184M(488M) 1.999ms
[412.162s][info][gc] GC(2441) Pause Young (Normal) (G1 Evacuation Pause) 432M->187M(488M) 1.742ms
[412.283s][info][gc] GC(2442) Pause Young (Concurrent Start) (G1 Evacuation Pause) 431M->189M(488M) 1.702ms
[412.283s][info][gc] GC(2443) Concurrent Mark Cycle
[412.296s][info][gc] GC(2443) Pause Remark 211M->135M(400M) 0.431ms
[412.309s][info][gc] GC(2443) Pause Cleanup 147M->147M(400M) 0.051ms
[412.310s][info][gc] GC(2443) Concurrent Mark Cycle 26.969ms
[412.400s][info][gc] GC(2444) Pause Young (Prepare Mixed) (G1 Evacuation Pause) 329M->113M(480M) 1.800ms
[412.542s][info][gc] GC(2445) Pause Young (Mixed) (G1 Evacuation Pause) 381M->114M(480M) 1.914ms
[412.676s][info][gc] GC(2446) Pause Young (Normal) (G1 Evacuation Pause) 378M->116M(480M) 1.911ms
[412.806s][info][gc] GC(2447) Pause Young (Normal) (G1 Evacuation Pause) 380M->116M(480M) 1.848ms
[412.949s][info][gc] GC(2448) Pause Young (Normal) (G1 Evacuation Pause) 384M->119M(480M) 1.705ms
[413.082s][info][gc] GC(2449) Pause Young (Normal) (G1 Evacuation Pause) 383M->123M(480M) 2.152ms
[413.223s][info][gc] GC(2450) Pause Young (Normal) (G1 Evacuation Pause) 387M->124M(480M) 1.900ms
[413.363s][info][gc] GC(2451) Pause Young (Normal) (G1 Evacuation Pause) 388M->125M(480M) 1.804ms
[413.572s][info][gc] GC(2452) Pause Young (Normal) (G1 Evacuation Pause) 393M->130M(480M) 2.080ms
[413.710s][info][gc] GC(2453) Pause Young (Normal) (G1 Evacuation Pause) 394M->133M(480M) 1.920ms
[413.846s][info][gc] GC(2454) Pause Young (Normal) (G1 Evacuation Pause) 397M->135M(480M) 1.921ms
[413.976s][info][gc] GC(2455) Pause Young (Normal) (G1 Evacuation Pause) 399M->136M(480M) 1.894ms
[414.116s][info][gc] GC(2456) Pause Young (Normal) (G1 Evacuation Pause) 404M->138M(480M) 1.941ms
[414.256s][info][gc] GC(2457) Pause Young (Normal) (G1 Evacuation Pause) 402M->141M(480M) 1.964ms
[414.383s][info][gc] GC(2458) Pause Young (Normal) (G1 Evacuation Pause) 405M->144M(480M) 1.915ms
[414.525s][info][gc] GC(2459) Pause Young (Normal) (G1 Evacuation Pause) 408M->145M(480M) 2.004ms
[414.661s][info][gc] GC(2460) Pause Young (Normal) (G1 Evacuation Pause) 413M->149M(480M) 1.774ms
[414.790s][info][gc] GC(2461) Pause Young (Normal) (G1 Evacuation Pause) 413M->149M(480M) 1.891ms
[414.926s][info][gc] GC(2462) Pause Young (Normal) (G1 Evacuation Pause) 413M->151M(480M) 1.787ms
[415.063s][info][gc] GC(2463) Pause Young (Normal) (G1 Evacuation Pause) 419M->154M(480M) 1.841ms
[415.194s][info][gc] GC(2464) Pause Young (Normal) (G1 Evacuation Pause) 418M->157M(480M) 1.792ms
[415.325s][info][gc] GC(2465) Pause Young (Normal) (G1 Evacuation Pause) 421M->158M(480M) 1.865ms
[415.466s][info][gc] GC(2466) Pause Young (Normal) (G1 Evacuation Pause) 422M->161M(480M) 1.861ms
[415.598s][info][gc] GC(2467) Pause Young (Normal) (G1 Evacuation Pause) 425M->164M(480M) 2.067ms
[415.728s][info][gc] GC(2468) Pause Young (Normal) (G1 Evacuation Pause) 424M->166M(480M) 1.809ms
[415.850s][info][gc] GC(2469) Pause Young (Normal) (G1 Evacuation Pause) 422M->166M(480M) 1.706ms
[415.990s][info][gc] GC(2470) Pause Young (Normal) (G1 Evacuation Pause) 430M->169M(480M) 1.784ms
[416.119s][info][gc] GC(2471) Pause Young (Normal) (G1 Evacuation Pause) 425M->172M(480M) 2.136ms
[416.246s][info][gc] GC(2472) Pause Young (Normal) (G1 Evacuation Pause) 424M->173M(480M) 1.735ms
[416.369s][info][gc] GC(2473) Pause Young (Normal) (G1 Evacuation Pause) 421M->175M(480M) 1.747ms
[416.500s][info][gc] GC(2474) Pause Young (Normal) (G1 Evacuation Pause) 423M->177M(480M) 1.701ms
[416.630s][info][gc] GC(2475) Pause Young (Concurrent Start) (G1 Evacuation Pause) 429M->180M(480M) 1.840ms
[416.630s][info][gc] GC(2476) Concurrent Mark Cycle
[416.643s][info][gc] GC(2476) Pause Remark 209M->133M(360M) 0.447ms
[416.656s][info][gc] GC(2476) Pause Cleanup 160M->160M(360M) 0.049ms
[416.656s][info][gc] GC(2476) Concurrent Mark Cycle 26.226ms
[416.730s][info][gc] GC(2477) Pause Young (Prepare Mixed) (G1 Evacuation Pause) 296M->105M(360M) 1.745ms
[416.837s][info][gc] GC(2478) Pause Young (Mixed) (G1 Evacuation Pause) 305M->99M(360M) 1.681ms
[416.938s][info][gc] GC(2479) Pause Young (Normal) (G1 Evacuation Pause) 295M->101M(360M) 1.688ms
[417.036s][info][gc] GC(2480) Pause Young (Normal) (G1 Evacuation Pause) 297M->102M(432M) 1.717ms
[417.161s][info][gc] GC(2481) Pause Young (Normal) (G1 Evacuation Pause) 342M->105M(432M) 1.704ms
[417.281s][info][gc] GC(2482) Pause Young (Normal) (G1 Evacuation Pause) 341M->107M(432M) 1.663ms
[417.398s][info][gc] GC(2483) Pause Young (Normal) (G1 Evacuation Pause) 343M->108M(432M) 1.626ms
[417.515s][info][gc] GC(2484) Pause Young (Normal) (G1 Evacuation Pause) 344M->111M(432M) 1.739ms
[417.639s][info][gc] GC(2485) Pause Young (Normal) (G1 Evacuation Pause) 347M->111M(432M) 1.704ms
[417.766s][info][gc] GC(2486) Pause Young (Normal) (G1 Evacuation Pause) 347M->115M(432M) 1.728ms
[417.882s][info][gc] GC(2487) Pause Young (Normal) (G1 Evacuation Pause) 347M->115M(432M) 1.715ms
[418.001s][info][gc] GC(2488) Pause Young (Normal) (G1 Evacuation Pause) 351M->118M(432M) 1.738ms
[418.124s][info][gc] GC(2489) Pause Young (Normal) (G1 Evacuation Pause) 354M->121M(432M) 1.739ms
[418.241s][info][gc] GC(2490) Pause Young (Normal) (G1 Evacuation Pause) 357M->122M(432M) 1.670ms
[418.358s][info][gc] GC(2491) Pause Young (Normal) (G1 Evacuation Pause) 358M->124M(432M) 1.850ms
[418.485s][info][gc] GC(2492) Pause Young (Normal) (G1 Evacuation Pause) 360M->125M(432M) 1.661ms
[418.608s][info][gc] GC(2493) Pause Young (Normal) (G1 Evacuation Pause) 361M->128M(432M) 1.987ms
[418.735s][info][gc] GC(2494) Pause Young (Normal) (G1 Evacuation Pause) 364M->129M(432M) 1.628ms
[418.932s][info][gc] GC(2495) Pause Young (Normal) (G1 Evacuation Pause) 365M->133M(432M) 1.970ms
[419.053s][info][gc] GC(2496) Pause Young (Normal) (G1 Evacuation Pause) 365M->136M(432M) 1.954ms
[419.174s][info][gc] GC(2497) Pause Young (Normal) (G1 Evacuation Pause) 372M->138M(432M) 1.721ms
[419.295s][info][gc] GC(2498) Pause Young (Normal) (G1 Evacuation Pause) 374M->139M(432M) 1.746ms
[419.415s][info][gc] GC(2499) Pause Young (Normal) (G1 Evacuation Pause) 375M->141M(432M) 1.819ms
[419.540s][info][gc] GC(2500) Pause Young (Normal) (G1 Evacuation Pause) 377M->143M(520M) 1.778ms
[419.693s][info][gc] GC(2501) Pause Young (Normal) (G1 Evacuation Pause) 435M->146M(520M) 2.091ms
[419.839s][info][gc] GC(2502) Pause Young (Normal) (G1 Evacuation Pause) 434M->148M(520M) 1.972ms
[419.993s][info][gc] GC(2503) Pause Young (Normal) (G1 Evacuation Pause) 436M->151M(520M) 2.170ms
[420.138s][info][gc] GC(2504) Pause Young (Normal) (G1 Evacuation Pause) 435M->154M(520M) 2.309ms
[420.288s][info][gc] GC(2505) Pause Young (Normal) (G1 Evacuation Pause) 442M->155M(520M) 1.903ms
[420.440s][info][gc] GC(2506) Pause Young (Normal) (G1 Evacuation Pause) 443M->158M(520M) 2.147ms
[420.583s][info][gc] GC(2507) Pause Young (Normal) (G1 Evacuation Pause) 446M->160M(520M) 2.234ms
[420.740s][info][gc] GC(2508) Pause Young (Normal) (G1 Evacuation Pause) 448M->164M(520M) 2.303ms
[420.880s][info][gc] GC(2509) Pause Young (Normal) (G1 Evacuation Pause) 448M->166M(520M) 2.102ms
[421.032s][info][gc] GC(2510) Pause Young (Normal) (G1 Evacuation Pause) 454M->168M(520M) 2.055ms
[421.188s][info][gc] GC(2511) Pause Young (Normal) (G1 Evacuation Pause) 456M->171M(520M) 2.285ms
[421.335s][info][gc] GC(2512) Pause Young (Normal) (G1 Evacuation Pause) 455M->171M(520M) 1.992ms
[421.489s][info][gc] GC(2513) Pause Young (Normal) (G1 Evacuation Pause) 459M->175M(520M) 1.906ms
[421.637s][info][gc] GC(2514) Pause Young (Normal) (G1 Evacuation Pause) 459M->178M(520M) 2.310ms
[421.784s][info][gc] GC(2515) Pause Young (Normal) (G1 Evacuation Pause) 466M->180M(520M) 2.191ms
[421.936s][info][gc] GC(2516) Pause Young (Normal) (G1 Evacuation Pause) 464M->183M(520M) 1.945ms
[422.073s][info][gc] GC(2517) Pause Young (Normal) (G1 Evacuation Pause) 459M->184M(520M) 2.018ms
[422.218s][info][gc] GC(2518) Pause Young (Normal) (G1 Evacuation Pause) 464M->186M(520M) 1.929ms
[422.358s][info][gc] GC(2519) Pause Young (Normal) (G1 Evacuation Pause) 462M->189M(520M) 1.945ms
[422.492s][info][gc] GC(2520) Pause Young (Normal) (G1 Evacuation Pause) 457M->192M(520M) 2.026ms
[422.633s][info][gc] GC(2521) Pause Young (Normal) (G1 Evacuation Pause) 464M->194M(520M) 1.813ms
[422.775s][info][gc] GC(2522) Pause Young (Normal) (G1 Evacuation Pause) 466M->196M(520M) 1.914ms
[422.908s][info][gc] GC(2523) Pause Young (Normal) (G1 Evacuation Pause) 460M->199M(520M) 2.003ms
[423.038s][info][gc] GC(2524) Pause Young (Concurrent Start) (G1 Evacuation Pause) 463M->199M(520M) 2.018ms
[423.038s][info][gc] GC(2525) Concurrent Mark Cycle
[423.056s][info][gc] GC(2525) Pause Remark 225M->150M(428M) 0.430ms
[423.066s][info][gc] GC(2525) Pause Cleanup 167M->167M(428M) 0.052ms
[423.067s][info][gc] GC(2525) Concurrent Mark Cycle 28.855ms
[423.168s][info][gc] GC(2526) Pause Young (Prepare Mixed) (G1 Evacuation Pause) 359M->126M(428M) 1.814ms
[423.287s][info][gc] GC(2527) Pause Young (Mixed) (G1 Evacuation Pause) 362M->117M(428M) 1.744ms
[423.404s][info][gc] GC(2528) Pause Young (Normal) (G1 Evacuation Pause) 353M->119M(428M) 1.756ms
[423.523s][info][gc] GC(2529) Pause Young (Normal) (G1 Evacuation Pause) 355M->121M(428M) 1.763ms
[423.642s][info][gc] GC(2530) Pause Young (Normal) (G1 Evacuation Pause) 357M->124M(428M) 1.718ms
[423.761s][info][gc] GC(2531) Pause Young (Normal) (G1 Evacuation Pause) 360M->125M(428M) 1.584ms
[423.881s][info][gc] GC(2532) Pause Young (Normal) (G1 Evacuation Pause) 361M->126M(428M) 1.569ms
[424.002s][info][gc] GC(2533) Pause Young (Normal) (G1 Evacuation Pause) 362M->128M(428M) 1.692ms
[424.124s][info][gc] GC(2534) Pause Young (Normal) (G1 Evacuation Pause) 364M->130M(428M) 1.652ms
[424.354s][info][gc] GC(2535) Pause Young (Normal) (G1 Evacuation Pause) 366M->132M(428M) 1.772ms
[424.579s][info][gc] GC(2536) Pause Young (Normal) (G1 Evacuation Pause) 368M->134M(428M) 1.655ms
[424.813s][info][gc] GC(2537) Pause Young (Normal) (G1 Evacuation Pause) 370M->135M(428M) 1.672ms
[425.049s][info][gc] GC(2538) Pause Young (Normal) (G1 Evacuation Pause) 371M->138M(428M) 1.716ms
[425.283s][info][gc] GC(2539) Pause Young (Normal) (G1 Evacuation Pause) 374M->140M(428M) 1.715ms
[425.514s][info][gc] GC(2540) Pause Young (Normal) (G1 Evacuation Pause) 376M->141M(428M) 1.784ms
[425.754s][info][gc] GC(2541) Pause Young (Normal) (G1 Evacuation Pause) 377M->144M(428M) 1.702ms
[425.990s][info][gc] GC(2542) Pause Young (Normal) (G1 Evacuation Pause) 380M->145M(428M) 1.841ms
[426.216s][info][gc] GC(2543) Pause Young (Normal) (G1 Evacuation Pause) 377M->147M(428M) 1.791ms
[426.446s][info][gc] GC(2544) Pause Young (Normal) (G1 Evacuation Pause) 375M->149M(428M) 1.558ms
[426.668s][info][gc] GC(2545) Pause Young (Normal) (G1 Evacuation Pause) 377M->151M(428M) 1.645ms
[426.894s][info][gc] GC(2546) Pause Young (Normal) (G1 Evacuation Pause) 379M->154M(428M) 1.612ms
[427.113s][info][gc] GC(2547) Pause Young (Normal) (G1 Evacuation Pause) 378M->155M(428M) 1.647ms
[427.326s][info][gc] GC(2548) Pause Young (Normal) (G1 Evacuation Pause) 379M->158M(428M) 1.630ms
[427.549s][info][gc] GC(2549) Pause Young (Normal) (G1 Evacuation Pause) 378M->159M(428M) 1.708ms
[427.764s][info][gc] GC(2550) Pause Young (Normal) (G1 Evacuation Pause) 379M->160M(428M) 1.618ms
[427.976s][info][gc] GC(2551) Pause Young (Concurrent Start) (G1 Evacuation Pause) 376M->162M(428M) 1.676ms
[427.976s][info][gc] GC(2552) Concurrent Mark Cycle
[427.983s][info][gc] GC(2552) Pause Remark 174M->93M(280M) 0.412ms
[427.986s][info][gc] GC(2552) Pause Cleanup 97M->97M(280M) 0.065ms
[427.986s][info][gc] GC(2552) Concurrent Mark Cycle 10.279ms
[428.121s][info][gc] GC(2553) Pause Young (Prepare Mixed) (G1 Evacuation Pause) 229M->83M(280M) 1.649ms
[428.277s][info][gc] GC(2554) Pause Young (Mixed) (G1 Evacuation Pause) 235M->73M(280M) 1.590ms
[428.426s][info][gc] GC(2555) Pause Young (Normal) (G1 Evacuation Pause) 225M->74M(280M) 1.331ms
[428.582s][info][gc] GC(2556) Pause Young (Normal) (G1 Evacuation Pause) 226M->76M(280M) 1.277ms
[428.731s][info][gc] GC(2557) Pause Young (Normal) (G1 Evacuation Pause) 228M->77M(280M) 1.355ms
[428.889s][info][gc] GC(2558) Pause Young (Normal) (G1 Evacuation Pause) 229M->78M(280M) 1.368ms
[429.032s][info][gc] GC(2559) Pause Young (Normal) (G1 Evacuation Pause) 230M->80M(280M) 1.325ms
[429.190s][info][gc] GC(2560) Pause Young (Normal) (G1 Evacuation Pause) 232M->81M(280M) 1.352ms
[429.337s][info][gc] GC(2561) Pause Young (Normal) (G1 Evacuation Pause) 233M->82M(280M) 1.396ms
[429.560s][info][gc] GC(2562) Pause Young (Normal) (G1 Evacuation Pause) 234M->84M(280M) 1.583ms
[429.716s][info][gc] GC(2563) Pause Young (Normal) (G1 Evacuation Pause) 236M->86M(280M) 1.507ms
[429.860s][info][gc] GC(2564) Pause Young (Normal) (G1 Evacuation Pause) 238M->87M(280M) 1.469ms
[430.014s][info][gc] GC(2565) Pause Young (Normal) (G1 Evacuation Pause) 239M->87M(280M) 1.373ms
[430.162s][info][gc] GC(2566) Pause Young (Normal) (G1 Evacuation Pause) 239M->90M(280M) 1.439ms
[430.315s][info][gc] GC(2567) Pause Young (Normal) (G1 Evacuation Pause) 242M->90M(280M) 1.448ms
[430.460s][info][gc] GC(2568) Pause Young (Normal) (G1 Evacuation Pause) 242M->91M(280M) 1.444ms
[430.610s][info][gc] GC(2569) Pause Young (Normal) (G1 Evacuation Pause) 243M->92M(280M) 1.511ms
[430.761s][info][gc] GC(2570) Pause Young (Normal) (G1 Evacuation Pause) 244M->94M(280M) 1.486ms
[430.910s][info][gc] GC(2571) Pause Young (Normal) (G1 Evacuation Pause) 242M->95M(280M) 1.477ms
[431.053s][info][gc] GC(2572) Pause Young (Normal) (G1 Evacuation Pause) 243M->96M(280M) 1.382ms
[431.205s][info][gc] GC(2573) Pause Young (Normal) (G1 Evacuation Pause) 244M->97M(280M) 1.415ms
[431.343s][info][gc] GC(2574) Pause Young (Normal) (G1 Evacuation Pause) 241M->99M(280M) 1.363ms
[431.475s][info][gc] GC(2575) Pause Young (Normal) (G1 Evacuation Pause) 239M->100M(280M) 1.234ms
[431.626s][info][gc] GC(2576) Pause Young (Normal) (G1 Evacuation Pause) 248M->101M(280M) 1.317ms
[431.772s][info][gc] GC(2577) Pause Young (Normal) (G1 Evacuation Pause) 249M->103M(280M) 1.729ms
[431.923s][info][gc] GC(2578) Pause Young (Normal) (G1 Evacuation Pause) 251M->103M(280M) 1.236ms
[432.070s][info][gc] GC(2579) Pause Young (Concurrent Start) (G1 Evacuation Pause) 247M->105M(280M) 1.490ms
[432.070s][info][gc] GC(2580) Concurrent Mark Cycle
[432.077s][info][gc] GC(2580) Pause Remark 116M->85M(256M) 0.387ms
[432.081s][info][gc] GC(2580) Pause Cleanup 89M->89M(256M) 0.029ms
[432.081s][info][gc] GC(2580) Concurrent Mark Cycle 10.736ms
[432.201s][info][gc] GC(2581) Pause Young (Prepare Mixed) (G1 Evacuation Pause) 214M->74M(256M) 1.187ms
[432.343s][info][gc] GC(2582) Pause Young (Mixed) (G1 Evacuation Pause) 214M->62M(256M) 1.404ms
[432.478s][info][gc] GC(2583) Pause Young (Normal) (G1 Evacuation Pause) 198M->63M(256M) 1.276ms
[432.605s][info][gc] GC(2584) Pause Young (Normal) (G1 Evacuation Pause) 203M->64M(256M) 1.184ms
[432.750s][info][gc] GC(2585) Pause Young (Normal) (G1 Evacuation Pause) 204M->65M(256M) 1.186ms
[432.887s][info][gc] GC(2586) Pause Young (Normal) (G1 Evacuation Pause) 205M->66M(256M) 1.432ms
[433.025s][info][gc] GC(2587) Pause Young (Normal) (G1 Evacuation Pause) 206M->66M(256M) 1.180ms
[433.165s][info][gc] GC(2588) Pause Young (Normal) (G1 Evacuation Pause) 206M->68M(256M) 1.184ms
[433.295s][info][gc] GC(2589) Pause Young (Normal) (G1 Evacuation Pause) 204M->69M(256M) 1.206ms
[433.435s][info][gc] GC(2590) Pause Young (Normal) (G1 Evacuation Pause) 209M->70M(256M) 1.153ms
[433.573s][info][gc] GC(2591) Pause Young (Normal) (G1 Evacuation Pause) 210M->72M(256M) 1.201ms
[433.708s][info][gc] GC(2592) Pause Young (Normal) (G1 Evacuation Pause) 212M->73M(256M) 1.247ms
[433.845s][info][gc] GC(2593) Pause Young (Normal) (G1 Evacuation Pause) 213M->74M(256M) 1.201ms
[433.984s][info][gc] GC(2594) Pause Young (Normal) (G1 Evacuation Pause) 214M->75M(256M) 1.259ms
[434.115s][info][gc] GC(2595) Pause Young (Normal) (G1 Evacuation Pause) 211M->76M(256M) 1.316ms
[434.264s][info][gc] GC(2596) Pause Young (Normal) (G1 Evacuation Pause) 216M->78M(256M) 1.241ms
[434.394s][info][gc] GC(2597) Pause Young (Normal) (G1 Evacuation Pause) 214M->79M(256M) 1.263ms
[434.528s][info][gc] GC(2598) Pause Young (Normal) (G1 Evacuation Pause) 219M->80M(256M) 1.163ms
[434.739s][info][gc] GC(2599) Pause Young (Normal) (G1 Evacuation Pause) 220M->82M(256M) 1.465ms
[434.869s][info][gc] GC(2600) Pause Young (Normal) (G1 Evacuation Pause) 218M->84M(256M) 1.578ms
[434.990s][info][gc] GC(2601) Pause Young (Normal) (G1 Evacuation Pause) 216M->84M(256M) 1.237ms
[435.123s][info][gc] GC(2602) Pause Young (Normal) (G1 Evacuation Pause) 224M->85M(256M) 1.123ms
[435.268s][info][gc] GC(2603) Pause Young (Normal) (G1 Evacuation Pause) 225M->87M(256M) 1.291ms
[435.387s][info][gc] GC(2604) Pause Young (Normal) (G1 Evacuation Pause) 215M->88M(256M) 1.467ms
[435.517s][info][gc] GC(2605) Pause Young (Normal) (G1 Evacuation Pause) 224M->88M(256M) 1.506ms
[435.656s][info][gc] GC(2606) Pause Young (Normal) (G1 Evacuation Pause) 224M->90M(256M) 1.385ms
[435.784s][info][gc] GC(2607) Pause Young (Normal) (G1 Evacuation Pause) 226M->91M(256M) 1.287ms
[435.912s][info][gc] GC(2608) Pause Young (Normal) (G1 Evacuation Pause) 223M->92M(256M) 1.159ms
[436.046s][info][gc] GC(2609) Pause Young (Normal) (G1 Evacuation Pause) 224M->92M(256M) 1.212ms
[436.171s][info][gc] GC(2610) Pause Young (Normal) (G1 Evacuation Pause) 224M->93M(256M) 1.297ms
[436.302s][info][gc] GC(2611) Pause Young (Concurrent Start) (G1 Evacuation Pause) 221M->95M(308M) 1.280ms
[436.302s][info][gc] GC(2612) Concurrent Mark Cycle
[436.307s][info][gc] GC(2612) Pause Remark 103M->65M(200M) 0.377ms
[436.309s][info][gc] GC(2612) Pause Cleanup 67M->67M(200M) 0.044ms
[436.309s][info][gc] GC(2612) Concurrent Mark Cycle 7.425ms
[436.404s][info][gc] GC(2613) Pause Young (Prepare Mixed) (G1 Evacuation Pause) 165M->58M(200M) 1.162ms
[436.510s][info][gc] GC(2614) Pause Young (Mixed) (G1 Evacuation Pause) 166M->51M(200M) 1.197ms
[436.618s][info][gc] GC(2615) Pause Young (Normal) (G1 Evacuation Pause) 159M->52M(200M) 1.007ms
[436.724s][info][gc] GC(2616) Pause Young (Normal) (G1 Evacuation Pause) 160M->53M(200M) 0.960ms
[436.830s][info][gc] GC(2617) Pause Young (Normal) (G1 Evacuation Pause) 161M->54M(200M) 1.033ms
[436.936s][info][gc] GC(2618) Pause Young (Normal) (G1 Evacuation Pause) 162M->54M(200M) 1.122ms
[437.051s][info][gc] GC(2619) Pause Young (Normal) (G1 Evacuation Pause) 162M->56M(240M) 1.017ms
[437.178s][info][gc] GC(2620) Pause Young (Normal) (G1 Evacuation Pause) 188M->57M(240M) 1.091ms
[437.311s][info][gc] GC(2621) Pause Young (Normal) (G1 Evacuation Pause) 189M->59M(240M) 1.112ms
[437.430s][info][gc] GC(2622) Pause Young (Normal) (G1 Evacuation Pause) 191M->59M(240M) 1.212ms
[437.568s][info][gc] GC(2623) Pause Young (Normal) (G1 Evacuation Pause) 191M->61M(240M) 1.237ms
[437.690s][info][gc] GC(2624) Pause Young (Normal) (G1 Evacuation Pause) 193M->61M(240M) 1.169ms
[437.819s][info][gc] GC(2625) Pause Young (Normal) (G1 Evacuation Pause) 193M->62M(240M) 1.223ms
[437.943s][info][gc] GC(2626) Pause Young (Normal) (G1 Evacuation Pause) 194M->63M(240M) 1.195ms
[438.082s][info][gc] GC(2627) Pause Young (Normal) (G1 Evacuation Pause) 195M->65M(240M) 1.257ms
[438.208s][info][gc] GC(2628) Pause Young (Normal) (G1 Evacuation Pause) 197M->66M(240M) 1.235ms
[438.338s][info][gc] GC(2629) Pause Young (Normal) (G1 Evacuation Pause) 198M->67M(240M) 1.283ms
[438.472s][info][gc] GC(2630) Pause Young (Normal) (G1 Evacuation Pause) 199M->68M(240M) 1.183ms
[438.598s][info][gc] GC(2631) Pause Young (Normal) (G1 Evacuation Pause) 200M->69M(240M) 1.163ms
[438.730s][info][gc] GC(2632) Pause Young (Normal) (G1 Evacuation Pause) 201M->70M(240M) 1.201ms
[438.855s][info][gc] GC(2633) Pause Young (Normal) (G1 Evacuation Pause) 202M->72M(240M) 1.181ms
[438.995s][info][gc] GC(2634) Pause Young (Normal) (G1 Evacuation Pause) 204M->73M(240M) 1.243ms
[439.122s][info][gc] GC(2635) Pause Young (Normal) (G1 Evacuation Pause) 205M->73M(240M) 1.221ms
[439.251s][info][gc] GC(2636) Pause Young (Normal) (G1 Evacuation Pause) 205M->74M(240M) 1.311ms
[439.401s][info][gc] GC(2637) Pause Young (Normal) (G1 Evacuation Pause) 206M->76M(240M) 1.228ms
[439.531s][info][gc] GC(2638) Pause Young (Normal) (G1 Evacuation Pause) 208M->77M(240M) 1.250ms
[439.655s][info][gc] GC(2639) Pause Young (Normal) (G1 Evacuation Pause) 209M->78M(240M) 1.393ms
[439.856s][info][gc] GC(2640) Pause Young (Normal) (G1 Evacuation Pause) 210M->79M(240M) 1.251ms
[439.993s][info][gc] GC(2641) Pause Young (Normal) (G1 Evacuation Pause) 211M->80M(240M) 1.278ms
[440.123s][info][gc] GC(2642) Pause Young (Normal) (G1 Evacuation Pause) 212M->83M(240M) 1.298ms
[440.251s][info][gc] GC(2643) Pause Young (Normal) (G1 Evacuation Pause) 215M->83M(240M) 1.404ms
[440.374s][info][gc] GC(2644) Pause Young (Normal) (G1 Evacuation Pause) 211M->85M(240M) 1.237ms
[440.510s][info][gc] GC(2645) Pause Young (Normal) (G1 Evacuation Pause) 213M->86M(240M) 1.309ms
[440.632s][info][gc] GC(2646) Pause Young (Normal) (G1 Evacuation Pause) 214M->86M(240M) 1.174ms
[440.757s][info][gc] GC(2647) Pause Young (Normal) (G1 Evacuation Pause) 214M->88M(240M) 1.294ms
[440.877s][info][gc] GC(2648) Pause Young (Normal) (G1 Evacuation Pause) 212M->89M(240M) 1.194ms
[441.009s][info][gc] GC(2649) Pause Young (Normal) (G1 Evacuation Pause) 213M->90M(240M) 1.138ms
[441.128s][info][gc] GC(2650) Pause Young (Normal) (G1 Evacuation Pause) 214M->90M(240M) 1.133ms
[441.252s][info][gc] GC(2651) Pause Young (Normal) (G1 Evacuation Pause) 214M->92M(240M) 1.159ms
[441.367s][info][gc] GC(2652) Pause Young (Concurrent Start) (G1 Evacuation Pause) 212M->93M(240M) 1.205ms
[441.367s][info][gc] GC(2653) Concurrent Mark Cycle
[441.372s][info][gc] GC(2653) Pause Remark 97M->65M(216M) 0.382ms
[441.373s][info][gc] GC(2653) Pause Cleanup 69M->69M(216M) 0.036ms
[441.374s][info][gc] GC(2653) Concurrent Mark Cycle 6.942ms
[441.482s][info][gc] GC(2654) Pause Young (Prepare Mixed) (G1 Evacuation Pause) 177M->62M(216M) 1.147ms
[441.604s][info][gc] GC(2655) Pause Young (Mixed) (G1 Evacuation Pause) 178M->49M(216M) 1.355ms
[441.712s][info][gc] GC(2656) Pause Young (Normal) (G1 Evacuation Pause) 165M->50M(216M) 1.060ms
[441.825s][info][gc] GC(2657) Pause Young (Normal) (G1 Evacuation Pause) 166M->52M(216M) 1.072ms
[441.936s][info][gc] GC(2658) Pause Young (Normal) (G1 Evacuation Pause) 168M->52M(216M) 1.093ms
[442.050s][info][gc] GC(2659) Pause Young (Normal) (G1 Evacuation Pause) 168M->53M(216M) 1.059ms
[442.166s][info][gc] GC(2660) Pause Young (Normal) (G1 Evacuation Pause) 169M->54M(216M) 1.050ms
[442.280s][info][gc] GC(2661) Pause Young (Normal) (G1 Evacuation Pause) 170M->55M(216M) 1.112ms
[442.397s][info][gc] GC(2662) Pause Young (Normal) (G1 Evacuation Pause) 171M->56M(216M) 1.314ms
[442.526s][info][gc] GC(2663) Pause Young (Normal) (G1 Evacuation Pause) 172M->57M(260M) 1.205ms
[442.670s][info][gc] GC(2664) Pause Young (Normal) (G1 Evacuation Pause) 201M->58M(260M) 1.241ms
[442.806s][info][gc] GC(2665) Pause Young (Normal) (G1 Evacuation Pause) 202M->59M(260M) 1.251ms
[442.950s][info][gc] GC(2666) Pause Young (Normal) (G1 Evacuation Pause) 203M->61M(260M) 1.243ms
[443.089s][info][gc] GC(2667) Pause Young (Normal) (G1 Evacuation Pause) 201M->61M(260M) 1.220ms
[443.233s][info][gc] GC(2668) Pause Young (Normal) (G1 Evacuation Pause) 205M->62M(260M) 1.216ms
[443.377s][info][gc] GC(2669) Pause Young (Normal) (G1 Evacuation Pause) 206M->64M(260M) 1.243ms
[443.513s][info][gc] GC(2670) Pause Young (Normal) (G1 Evacuation Pause) 208M->65M(260M) 1.247ms
[443.659s][info][gc] GC(2671) Pause Young (Normal) (G1 Evacuation Pause) 209M->66M(260M) 1.158ms
[443.803s][info][gc] GC(2672) Pause Young (Normal) (G1 Evacuation Pause) 210M->68M(260M) 1.179ms
[443.950s][info][gc] GC(2673) Pause Young (Normal) (G1 Evacuation Pause) 212M->69M(260M) 1.214ms
[444.093s][info][gc] GC(2674) Pause Young (Normal) (G1 Evacuation Pause) 213M->70M(260M) 1.267ms
[444.226s][info][gc] GC(2675) Pause Young (Normal) (G1 Evacuation Pause) 214M->71M(260M) 1.183ms
[444.377s][info][gc] GC(2676) Pause Young (Normal) (G1 Evacuation Pause) 215M->73M(260M) 1.170ms
[444.513s][info][gc] GC(2677) Pause Young (Normal) (G1 Evacuation Pause) 213M->74M(260M) 1.227ms
[444.661s][info][gc] GC(2678) Pause Young (Normal) (G1 Evacuation Pause) 218M->75M(260M) 1.208ms
[444.798s][info][gc] GC(2679) Pause Young (Normal) (G1 Evacuation Pause) 219M->76M(260M) 1.207ms
[445.006s][info][gc] GC(2680) Pause Young (Normal) (G1 Evacuation Pause) 220M->78M(260M) 1.422ms
[445.156s][info][gc] GC(2681) Pause Young (Normal) (G1 Evacuation Pause) 218M->79M(260M) 1.336ms
[445.289s][info][gc] GC(2682) Pause Young (Normal) (G1 Evacuation Pause) 223M->81M(260M) 1.266ms
[445.427s][info][gc] GC(2683) Pause Young (Normal) (G1 Evacuation Pause) 225M->81M(260M) 1.236ms
[445.580s][info][gc] GC(2684) Pause Young (Normal) (G1 Evacuation Pause) 225M->83M(260M) 1.258ms
[445.714s][info][gc] GC(2685) Pause Young (Normal) (G1 Evacuation Pause) 227M->84M(260M) 1.242ms
[445.858s][info][gc] GC(2686) Pause Young (Normal) (G1 Evacuation Pause) 228M->85M(260M) 1.269ms
[445.999s][info][gc] GC(2687) Pause Young (Normal) (G1 Evacuation Pause) 229M->86M(260M) 1.327ms
[446.131s][info][gc] GC(2688) Pause Young (Normal) (G1 Evacuation Pause) 226M->88M(260M) 1.324ms
[446.273s][info][gc] GC(2689) Pause Young (Normal) (G1 Evacuation Pause) 228M->89M(260M) 1.342ms
[446.413s][info][gc] GC(2690) Pause Young (Normal) (G1 Evacuation Pause) 229M->90M(260M) 1.208ms
[446.544s][info][gc] GC(2691) Pause Young (Normal) (G1 Evacuation Pause) 226M->90M(260M) 1.095ms
[446.684s][info][gc] GC(2692) Pause Young (Normal) (G1 Evacuation Pause) 226M->92M(260M) 1.302ms
[446.815s][info][gc] GC(2693) Pause Young (Normal) (G1 Evacuation Pause) 228M->93M(260M) 1.244ms
[446.939s][info][gc] GC(2694) Pause Young (Concurrent Start) (G1 Evacuation Pause) 225M->94M(260M) 1.223ms
[446.939s][info][gc] GC(2695) Concurrent Mark Cycle
[446.944s][info][gc] GC(2695) Pause Remark 102M->68M(216M) 0.409ms
[446.947s][info][gc] GC(2695) Pause Cleanup 72M->72M(216M) 0.028ms
[446.947s][info][gc] GC(2695) Concurrent Mark Cycle 8.062ms
[447.059s][info][gc] GC(2696) Pause Young (Prepare Mixed) (G1 Evacuation Pause) 176M->61M(216M) 1.090ms
[447.172s][info][gc] GC(2697) Pause Young (Mixed) (G1 Evacuation Pause) 177M->55M(216M) 1.227ms
[447.286s][info][gc] GC(2698) Pause Young (Normal) (G1 Evacuation Pause) 171M->57M(216M) 1.209ms
[447.403s][info][gc] GC(2699) Pause Young (Normal) (G1 Evacuation Pause) 173M->57M(216M) 1.151ms
[447.514s][info][gc] GC(2700) Pause Young (Normal) (G1 Evacuation Pause) 173M->59M(216M) 1.055ms
[447.629s][info][gc] GC(2701) Pause Young (Normal) (G1 Evacuation Pause) 175M->59M(216M) 1.001ms
[447.744s][info][gc] GC(2702) Pause Young (Normal) (G1 Evacuation Pause) 175M->60M(216M) 1.023ms
[447.854s][info][gc] GC(2703) Pause Young (Normal) (G1 Evacuation Pause) 176M->61M(216M) 1.201ms
[447.976s][info][gc] GC(2704) Pause Young (Normal) (G1 Evacuation Pause) 177M->62M(216M) 1.030ms
[448.093s][info][gc] GC(2705) Pause Young (Normal) (G1 Evacuation Pause) 178M->63M(216M) 1.076ms
[448.207s][info][gc] GC(2706) Pause Young (Normal) (G1 Evacuation Pause) 179M->64M(216M) 1.037ms
[448.321s][info][gc] GC(2707) Pause Young (Normal) (G1 Evacuation Pause) 180M->65M(216M) 1.108ms
[448.432s][info][gc] GC(2708) Pause Young (Normal) (G1 Evacuation Pause) 181M->66M(216M) 1.027ms
[448.545s][info][gc] GC(2709) Pause Young (Normal) (G1 Evacuation Pause) 182M->67M(216M) 1.018ms
[448.655s][info][gc] GC(2710) Pause Young (Normal) (G1 Evacuation Pause) 183M->68M(216M) 1.000ms
[448.777s][info][gc] GC(2711) Pause Young (Normal) (G1 Evacuation Pause) 184M->69M(216M) 1.028ms
[448.889s][info][gc] GC(2712) Pause Young (Normal) (G1 Evacuation Pause) 181M->70M(216M) 1.185ms
[448.999s][info][gc] GC(2713) Pause Young (Normal) (G1 Evacuation Pause) 182M->71M(216M) 1.035ms
[449.109s][info][gc] GC(2714) Pause Young (Normal) (G1 Evacuation Pause) 183M->72M(216M) 1.036ms
[449.219s][info][gc] GC(2715) Pause Young (Normal) (G1 Evacuation Pause) 184M->73M(216M) 1.130ms
[449.331s][info][gc] GC(2716) Pause Young (Normal) (G1 Evacuation Pause) 185M->74M(216M) 1.100ms
[449.438s][info][gc] GC(2717) Pause Young (Normal) (G1 Evacuation Pause) 182M->75M(216M) 1.186ms
[449.538s][info][gc] GC(2718) Pause Young (Normal) (G1 Evacuation Pause) 183M->75M(216M) 1.117ms
[449.646s][info][gc] GC(2719) Pause Young (Normal) (G1 Evacuation Pause) 183M->77M(216M) 1.043ms
[449.750s][info][gc] GC(2720) Pause Young (Normal) (G1 Evacuation Pause) 185M->77M(216M) 1.055ms
[449.854s][info][gc] GC(2721) Pause Young (Normal) (G1 Evacuation Pause) 181M->78M(216M) 1.129ms
[449.956s][info][gc] GC(2722) Pause Young (Normal) (G1 Evacuation Pause) 182M->79M(260M) 1.012ms
[450.177s][info][gc] GC(2723) Pause Young (Normal) (G1 Evacuation Pause) 223M->81M(260M) 1.376ms
[450.317s][info][gc] GC(2724) Pause Young (Normal) (G1 Evacuation Pause) 225M->82M(260M) 1.308ms
[450.452s][info][gc] GC(2725) Pause Young (Normal) (G1 Evacuation Pause) 226M->83M(260M) 1.346ms
[450.597s][info][gc] GC(2726) Pause Young (Normal) (G1 Evacuation Pause) 227M->85M(260M) 1.299ms
[450.738s][info][gc] GC(2727) Pause Young (Normal) (G1 Evacuation Pause) 221M->86M(260M) 1.623ms
[450.882s][info][gc] GC(2728) Pause Young (Normal) (G1 Evacuation Pause) 230M->86M(260M) 1.286ms
[451.022s][info][gc] GC(2729) Pause Young (Normal) (G1 Evacuation Pause) 230M->88M(260M) 1.489ms
[451.155s][info][gc] GC(2730) Pause Young (Normal) (G1 Evacuation Pause) 228M->90M(260M) 1.439ms
[451.300s][info][gc] GC(2731) Pause Young (Normal) (G1 Evacuation Pause) 230M->91M(260M) 1.164ms
[451.431s][info][gc] GC(2732) Pause Young (Normal) (G1 Evacuation Pause) 231M->92M(260M) 1.180ms
[451.561s][info][gc] GC(2733) Pause Young (Normal) (G1 Evacuation Pause) 228M->93M(260M) 1.164ms
[451.703s][info][gc] GC(2734) Pause Young (Normal) (G1 Evacuation Pause) 229M->94M(260M) 1.276ms
[451.832s][info][gc] GC(2735) Pause Young (Normal) (G1 Evacuation Pause) 230M->96M(260M) 1.186ms
[451.956s][info][gc] GC(2736) Pause Young (Concurrent Start) (G1 Evacuation Pause) 228M->96M(260M) 1.295ms
[451.956s][info][gc] GC(2737) Concurrent Mark Cycle
[451.961s][info][gc] GC(2737) Pause Remark 101M->69M(228M) 0.394ms
[451.963s][info][gc] GC(2737) Pause Cleanup 72M->72M(228M) 0.048ms
[451.963s][info][gc] GC(2737) Concurrent Mark Cycle 7.593ms
[452.080s][info][gc] GC(2738) Pause Young (Prepare Mixed) (G1 Evacuation Pause) 188M->65M(276M) 1.158ms
[452.235s][info][gc] GC(2739) Pause Young (Mixed) (G1 Evacuation Pause) 217M->54M(276M) 1.563ms
[452.373s][info][gc] GC(2740) Pause Young (Normal) (G1 Evacuation Pause) 202M->54M(276M) 1.245ms
[452.523s][info][gc] GC(2741) Pause Young (Normal) (G1 Evacuation Pause) 202M->56M(276M) 1.338ms
[452.668s][info][gc] GC(2742) Pause Young (Normal) (G1 Evacuation Pause) 204M->58M(276M) 1.494ms
[452.825s][info][gc] GC(2743) Pause Young (Normal) (G1 Evacuation Pause) 206M->59M(276M) 1.349ms
[452.969s][info][gc] GC(2744) Pause Young (Normal) (G1 Evacuation Pause) 207M->60M(276M) 1.328ms
[453.124s][info][gc] GC(2745) Pause Young (Normal) (G1 Evacuation Pause) 208M->61M(276M) 1.347ms
[453.268s][info][gc] GC(2746) Pause Young (Normal) (G1 Evacuation Pause) 209M->63M(276M) 1.695ms
[453.411s][info][gc] GC(2747) Pause Young (Normal) (G1 Evacuation Pause) 211M->64M(276M) 1.338ms
[453.560s][info][gc] GC(2748) Pause Young (Normal) (G1 Evacuation Pause) 212M->64M(276M) 1.294ms
[453.707s][info][gc] GC(2749) Pause Young (Normal) (G1 Evacuation Pause) 212M->67M(276M) 1.317ms
[453.852s][info][gc] GC(2750) Pause Young (Normal) (G1 Evacuation Pause) 215M->68M(276M) 1.373ms
[453.997s][info][gc] GC(2751) Pause Young (Normal) (G1 Evacuation Pause) 216M->68M(276M) 1.310ms
[454.149s][info][gc] GC(2752) Pause Young (Normal) (G1 Evacuation Pause) 216M->70M(276M) 1.362ms
[454.288s][info][gc] GC(2753) Pause Young (Normal) (G1 Evacuation Pause) 218M->70M(276M) 1.308ms
[454.439s][info][gc] GC(2754) Pause Young (Normal) (G1 Evacuation Pause) 218M->72M(276M) 1.304ms
[454.584s][info][gc] GC(2755) Pause Young (Normal) (G1 Evacuation Pause) 220M->74M(276M) 1.350ms
[454.727s][info][gc] GC(2756) Pause Young (Normal) (G1 Evacuation Pause) 222M->75M(276M) 1.312ms
[454.875s][info][gc] GC(2757) Pause Young (Normal) (G1 Evacuation Pause) 223M->75M(276M) 1.369ms
[455.022s][info][gc] GC(2758) Pause Young (Normal) (G1 Evacuation Pause) 223M->77M(276M) 1.372ms
[455.251s][info][gc] GC(2759) Pause Young (Normal) (G1 Evacuation Pause) 225M->80M(276M) 1.606ms
[455.395s][info][gc] GC(2760) Pause Young (Normal) (G1 Evacuation Pause) 228M->81M(276M) 1.456ms
[455.547s][info][gc] GC(2761) Pause Young (Normal) (G1 Evacuation Pause) 229M->82M(276M) 1.437ms
[455.692s][info][gc] GC(2762) Pause Young (Normal) (G1 Evacuation Pause) 230M->83M(276M) 1.474ms
[455.835s][info][gc] GC(2763) Pause Young (Normal) (G1 Evacuation Pause) 231M->84M(276M) 1.333ms
[455.979s][info][gc] GC(2764) Pause Young (Normal) (G1 Evacuation Pause) 232M->86M(276M) 1.403ms
[456.120s][info][gc] GC(2765) Pause Young (Normal) (G1 Evacuation Pause) 234M->87M(276M) 1.556ms
[456.268s][info][gc] GC(2766) Pause Young (Normal) (G1 Evacuation Pause) 235M->88M(276M) 1.526ms
[456.414s][info][gc] GC(2767) Pause Young (Normal) (G1 Evacuation Pause) 236M->89M(276M) 1.476ms
[456.564s][info][gc] GC(2768) Pause Young (Normal) (G1 Evacuation Pause) 237M->91M(276M) 1.537ms
[456.710s][info][gc] GC(2769) Pause Young (Normal) (G1 Evacuation Pause) 239M->92M(276M) 1.286ms
[456.857s][info][gc] GC(2770) Pause Young (Normal) (G1 Evacuation Pause) 240M->92M(276M) 1.326ms
[456.995s][info][gc] GC(2771) Pause Young (Normal) (G1 Evacuation Pause) 236M->94M(276M) 1.390ms
[457.143s][info][gc] GC(2772) Pause Young (Normal) (G1 Evacuation Pause) 242M->95M(276M) 1.229ms
[457.286s][info][gc] GC(2773) Pause Young (Normal) (G1 Evacuation Pause) 243M->97M(276M) 1.234ms
[457.429s][info][gc] GC(2774) Pause Young (Normal) (G1 Evacuation Pause) 245M->97M(276M) 1.171ms
[457.576s][info][gc] GC(2775) Pause Young (Normal) (G1 Evacuation Pause) 241M->98M(276M) 1.189ms
[457.713s][info][gc] GC(2776) Pause Young (Normal) (G1 Evacuation Pause) 242M->101M(276M) 1.236ms
[457.843s][info][gc] GC(2777) Pause Young (Normal) (G1 Evacuation Pause) 237M->101M(276M) 1.188ms
[457.982s][info][gc] GC(2778) Pause Young (Concurrent Start) (G1 Evacuation Pause) 241M->102M(276M) 1.222ms
[457.982s][info][gc] GC(2779) Concurrent Mark Cycle
[457.989s][info][gc] GC(2779) Pause Remark 110M->72M(228M) 0.434ms
[457.993s][info][gc] GC(2779) Pause Cleanup 75M->75M(228M) 0.044ms
[457.993s][info][gc] GC(2779) Concurrent Mark Cycle 11.203ms
[458.104s][info][gc] GC(2780) Pause Young (Prepare Mixed) (G1 Evacuation Pause) 188M->65M(228M) 1.338ms
[458.221s][info][gc] GC(2781) Pause Young (Mixed) (G1 Evacuation Pause) 189M->63M(228M) 1.373ms
[458.341s][info][gc] GC(2782) Pause Young (Normal) (G1 Evacuation Pause) 187M->62M(228M) 1.131ms
[458.463s][info][gc] GC(2783) Pause Young (Normal) (G1 Evacuation Pause) 186M->64M(228M) 1.091ms
[458.588s][info][gc] GC(2784) Pause Young (Normal) (G1 Evacuation Pause) 188M->65M(228M) 1.205ms
[458.712s][info][gc] GC(2785) Pause Young (Normal) (G1 Evacuation Pause) 189M->67M(228M) 1.236ms
[458.837s][info][gc] GC(2786) Pause Young (Normal) (G1 Evacuation Pause) 191M->68M(228M) 1.427ms
[458.959s][info][gc] GC(2787) Pause Young (Normal) (G1 Evacuation Pause) 192M->69M(228M) 1.386ms
[459.088s][info][gc] GC(2788) Pause Young (Normal) (G1 Evacuation Pause) 193M->70M(276M) 1.175ms
[459.232s][info][gc] GC(2789) Pause Young (Normal) (G1 Evacuation Pause) 218M->71M(276M) 1.250ms
[459.378s][info][gc] GC(2790) Pause Young (Normal) (G1 Evacuation Pause) 219M->72M(276M) 1.441ms
[459.527s][info][gc] GC(2791) Pause Young (Normal) (G1 Evacuation Pause) 220M->74M(276M) 1.476ms
[459.670s][info][gc] GC(2792) Pause Young (Normal) (G1 Evacuation Pause) 222M->74M(276M) 1.480ms
[459.824s][info][gc] GC(2793) Pause Young (Normal) (G1 Evacuation Pause) 222M->76M(276M) 1.371ms
[459.967s][info][gc] GC(2794) Pause Young (Normal) (G1 Evacuation Pause) 224M->77M(276M) 1.372ms
[460.115s][info][gc] GC(2795) Pause Young (Normal) (G1 Evacuation Pause) 225M->78M(276M) 1.274ms
[460.259s][info][gc] GC(2796) Pause Young (Normal) (G1 Evacuation Pause) 226M->79M(276M) 1.447ms
[460.476s][info][gc] GC(2797) Pause Young (Normal) (G1 Evacuation Pause) 227M->81M(276M) 1.422ms
[460.628s][info][gc] GC(2798) Pause Young (Normal) (G1 Evacuation Pause) 229M->83M(276M) 1.478ms
[460.775s][info][gc] GC(2799) Pause Young (Normal) (G1 Evacuation Pause) 231M->84M(276M) 1.389ms
[460.921s][info][gc] GC(2800) Pause Young (Normal) (G1 Evacuation Pause) 232M->86M(276M) 1.378ms
[461.068s][info][gc] GC(2801) Pause Young (Normal) (G1 Evacuation Pause) 234M->88M(276M) 1.534ms
[461.222s][info][gc] GC(2802) Pause Young (Normal) (G1 Evacuation Pause) 236M->89M(276M) 1.450ms
[461.361s][info][gc] GC(2803) Pause Young (Normal) (G1 Evacuation Pause) 237M->90M(276M) 1.378ms
[461.509s][info][gc] GC(2804) Pause Young (Normal) (G1 Evacuation Pause) 238M->90M(276M) 1.409ms
[461.656s][info][gc] GC(2805) Pause Young (Normal) (G1 Evacuation Pause) 238M->92M(276M) 1.450ms
[461.805s][info][gc] GC(2806) Pause Young (Normal) (G1 Evacuation Pause) 240M->92M(276M) 1.652ms
[461.945s][info][gc] GC(2807) Pause Young (Normal) (G1 Evacuation Pause) 236M->94M(276M) 1.264ms
[462.088s][info][gc] GC(2808) Pause Young (Normal) (G1 Evacuation Pause) 246M->95M(276M) 1.300ms
[462.231s][info][gc] GC(2809) Pause Young (Normal) (G1 Evacuation Pause) 239M->97M(276M) 1.317ms
[462.369s][info][gc] GC(2810) Pause Young (Normal) (G1 Evacuation Pause) 245M->98M(276M) 1.307ms
[462.527s][info][gc] GC(2811) Pause Young (Normal) (G1 Evacuation Pause) 246M->99M(276M) 1.291ms
[462.669s][info][gc] GC(2812) Pause Young (Normal) (G1 Evacuation Pause) 247M->100M(276M) 1.252ms
[462.816s][info][gc] GC(2813) Pause Young (Normal) (G1 Evacuation Pause) 244M->102M(276M) 1.228ms
[462.949s][info][gc] GC(2814) Pause Young (Normal) (G1 Evacuation Pause) 246M->102M(276M) 1.245ms
[463.090s][info][gc] GC(2815) Pause Young (Normal) (G1 Evacuation Pause) 246M->104M(276M) 1.295ms
[463.238s][info][gc] GC(2816) Pause Young (Concurrent Start) (G1 Evacuation Pause) 244M->105M(276M) 1.406ms
[463.239s][info][gc] GC(2817) Concurrent Mark Cycle
[463.246s][info][gc] GC(2817) Pause Remark 113M->77M(240M) 0.373ms
[463.250s][info][gc] GC(2817) Pause Cleanup 80M->80M(240M) 0.045ms
[463.250s][info][gc] GC(2817) Concurrent Mark Cycle 11.288ms
[463.370s][info][gc] GC(2818) Pause Young (Prepare Mixed) (G1 Evacuation Pause) 201M->70M(240M) 1.310ms
[463.499s][info][gc] GC(2819) Pause Young (Mixed) (G1 Evacuation Pause) 202M->63M(240M) 1.229ms
[463.634s][info][gc] GC(2820) Pause Young (Normal) (G1 Evacuation Pause) 195M->64M(240M) 1.310ms
[463.768s][info][gc] GC(2821) Pause Young (Normal) (G1 Evacuation Pause) 196M->65M(240M) 1.279ms
[463.898s][info][gc] GC(2822) Pause Young (Normal) (G1 Evacuation Pause) 197M->66M(240M) 1.223ms
[464.023s][info][gc] GC(2823) Pause Young (Normal) (G1 Evacuation Pause) 198M->68M(240M) 1.268ms
[464.165s][info][gc] GC(2824) Pause Young (Normal) (G1 Evacuation Pause) 200M->69M(240M) 1.214ms
[464.293s][info][gc] GC(2825) Pause Young (Normal) (G1 Evacuation Pause) 201M->69M(240M) 1.184ms
[464.419s][info][gc] GC(2826) Pause Young (Normal) (G1 Evacuation Pause) 201M->71M(240M) 1.265ms
[464.553s][info][gc] GC(2827) Pause Young (Normal) (G1 Evacuation Pause) 203M->72M(240M) 1.274ms
[464.679s][info][gc] GC(2828) Pause Young (Normal) (G1 Evacuation Pause) 204M->73M(240M) 1.190ms
[464.811s][info][gc] GC(2829) Pause Young (Normal) (G1 Evacuation Pause) 205M->74M(240M) 1.192ms
[464.939s][info][gc] GC(2830) Pause Young (Normal) (G1 Evacuation Pause) 206M->76M(240M) 1.298ms
[465.070s][info][gc] GC(2831) Pause Young (Normal) (G1 Evacuation Pause) 208M->77M(240M) 1.312ms
[465.195s][info][gc] GC(2832) Pause Young (Normal) (G1 Evacuation Pause) 209M->77M(240M) 1.194ms
[465.323s][info][gc] GC(2833) Pause Young (Normal) (G1 Evacuation Pause) 209M->78M(240M) 1.223ms
[465.525s][info][gc] GC(2834) Pause Young (Normal) (G1 Evacuation Pause) 210M->78M(240M) 1.023ms
[465.592s][info][gc] GC(2835) Pause Young (Normal) (G1 Evacuation Pause) 210M->87M(240M) 1.644ms
[465.635s][info][gc] GC(2836) Pause Young (Normal) (G1 Evacuation Pause) 203M->88M(240M) 1.965ms
[465.687s][info][gc] GC(2837) Pause Young (Normal) (G1 Evacuation Pause) 212M->88M(240M) 1.531ms
[465.727s][info][gc] GC(2838) Pause Young (Concurrent Start) (G1 Evacuation Pause) 208M->89M(240M) 1.322ms
[465.727s][info][gc] GC(2839) Concurrent Mark Cycle
[465.733s][info][gc] GC(2839) Pause Remark 99M->69M(200M) 0.435ms
[465.735s][info][gc] GC(2839) Pause Cleanup 73M->73M(200M) 0.036ms
[465.735s][info][gc] GC(2839) Concurrent Mark Cycle 7.503ms
[465.771s][info][gc] GC(2840) Pause Young (Prepare Mixed) (G1 Evacuation Pause) 179M->60M(252M) 1.546ms
[465.829s][info][gc] GC(2841) Pause Young (Mixed) (G1 Evacuation Pause) 196M->47M(252M) 1.243ms
[465.877s][info][gc] GC(2842) Pause Young (Normal) (G1 Evacuation Pause) 183M->48M(252M) 1.272ms
[465.937s][info][gc] GC(2843) Pause Young (Normal) (G1 Evacuation Pause) 184M->49M(252M) 1.564ms
[465.983s][info][gc] GC(2844) Pause Young (Normal) (G1 Evacuation Pause) 181M->50M(316M) 1.363ms
[466.056s][info][gc] GC(2845) Pause Young (Normal) (G1 Evacuation Pause) 226M->51M(316M) 1.438ms
[466.115s][info][gc] GC(2846) Pause Young (Normal) (G1 Evacuation Pause) 223M->53M(316M) 1.328ms
[466.185s][info][gc] GC(2847) Pause Young (Normal) (G1 Evacuation Pause) 225M->55M(316M) 1.533ms
[466.246s][info][gc] GC(2848) Pause Young (Normal) (G1 Evacuation Pause) 227M->55M(380M) 1.397ms
[466.333s][info][gc] GC(2849) Pause Young (Normal) (G1 Evacuation Pause) 267M->57M(380M) 1.634ms
[466.416s][info][gc] GC(2850) Pause Young (Normal) (G1 Evacuation Pause) 269M->59M(380M) 1.540ms
[466.492s][info][gc] GC(2851) Pause Young (Normal) (G1 Evacuation Pause) 267M->61M(380M) 1.668ms
[466.575s][info][gc] GC(2852) Pause Young (Normal) (G1 Evacuation Pause) 269M->62M(456M) 1.741ms
[466.674s][info][gc] GC(2853) Pause Young (Normal) (G1 Evacuation Pause) 314M->65M(456M) 1.759ms
[466.767s][info][gc] GC(2854) Pause Young (Normal) (G1 Evacuation Pause) 313M->67M(456M) 1.914ms
[466.861s][info][gc] GC(2855) Pause Young (Normal) (G1 Evacuation Pause) 315M->67M(456M) 1.746ms
[466.956s][info][gc] GC(2856) Pause Young (Normal) (G1 Evacuation Pause) 319M->70M(548M) 1.948ms
[467.073s][info][gc] GC(2857) Pause Young (Normal) (G1 Evacuation Pause) 374M->73M(548M) 2.052ms
[467.184s][info][gc] GC(2858) Pause Young (Normal) (G1 Evacuation Pause) 373M->75M(548M) 2.191ms
[467.299s][info][gc] GC(2859) Pause Young (Normal) (G1 Evacuation Pause) 375M->78M(548M) 2.035ms
[467.416s][info][gc] GC(2860) Pause Young (Normal) (G1 Evacuation Pause) 378M->82M(548M) 2.134ms
[467.527s][info][gc] GC(2861) Pause Young (Normal) (G1 Evacuation Pause) 382M->84M(548M) 2.437ms
[467.641s][info][gc] GC(2862) Pause Young (Normal) (G1 Evacuation Pause) 384M->87M(548M) 2.127ms
[467.757s][info][gc] GC(2863) Pause Young (Normal) (G1 Evacuation Pause) 387M->89M(660M) 2.175ms
[467.905s][info][gc] GC(2864) Pause Young (Normal) (G1 Evacuation Pause) 457M->92M(660M) 2.603ms
[468.058s][info][gc] GC(2865) Pause Young (Normal) (G1 Evacuation Pause) 460M->94M(660M) 2.329ms
[468.200s][info][gc] GC(2866) Pause Young (Normal) (G1 Evacuation Pause) 458M->98M(660M) 2.533ms
[468.337s][info][gc] GC(2867) Pause Young (Normal) (G1 Evacuation Pause) 458M->102M(660M) 2.689ms
[468.476s][info][gc] GC(2868) Pause Young (Normal) (G1 Evacuation Pause) 466M->104M(660M) 2.378ms
[468.618s][info][gc] GC(2869) Pause Young (Normal) (G1 Evacuation Pause) 468M->106M(660M) 2.523ms
[468.756s][info][gc] GC(2870) Pause Young (Normal) (G1 Evacuation Pause) 470M->109M(660M) 2.555ms
[468.895s][info][gc] GC(2871) Pause Young (Normal) (G1 Evacuation Pause) 473M->112M(660M) 2.292ms
[469.038s][info][gc] GC(2872) Pause Young (Normal) (G1 Evacuation Pause) 476M->115M(660M) 2.501ms
[469.174s][info][gc] GC(2873) Pause Young (Normal) (G1 Evacuation Pause) 479M->120M(660M) 2.536ms
[469.310s][info][gc] GC(2874) Pause Young (Normal) (G1 Evacuation Pause) 484M->121M(660M) 2.414ms
[469.449s][info][gc] GC(2875) Pause Young (Normal) (G1 Evacuation Pause) 485M->126M(660M) 2.408ms
[469.586s][info][gc] GC(2876) Pause Young (Normal) (G1 Evacuation Pause) 490M->127M(660M) 2.381ms
[469.730s][info][gc] GC(2877) Pause Young (Normal) (G1 Evacuation Pause) 495M->132M(660M) 2.342ms
[469.866s][info][gc] GC(2878) Pause Young (Normal) (G1 Evacuation Pause) 492M->133M(660M) 2.461ms
[470.005s][info][gc] GC(2879) Pause Young (Normal) (G1 Evacuation Pause) 497M->137M(660M) 2.748ms
[470.140s][info][gc] GC(2880) Pause Young (Normal) (G1 Evacuation Pause) 501M->140M(660M) 2.463ms
[470.276s][info][gc] GC(2881) Pause Young (Normal) (G1 Evacuation Pause) 504M->145M(660M) 2.460ms
[470.417s][info][gc] GC(2882) Pause Young (Normal) (G1 Evacuation Pause) 509M->147M(660M) 2.447ms
[470.561s][info][gc] GC(2883) Pause Young (Normal) (G1 Evacuation Pause) 511M->150M(660M) 2.388ms
[470.694s][info][gc] GC(2884) Pause Young (Normal) (G1 Evacuation Pause) 510M->154M(660M) 2.475ms
[470.830s][info][gc] GC(2885) Pause Young (Normal) (G1 Evacuation Pause) 518M->156M(660M) 2.352ms
[470.965s][info][gc] GC(2886) Pause Young (Normal) (G1 Evacuation Pause) 520M->160M(660M) 2.375ms
[471.106s][info][gc] GC(2887) Pause Young (Normal) (G1 Evacuation Pause) 524M->160M(660M) 2.359ms
[471.244s][info][gc] GC(2888) Pause Young (Normal) (G1 Evacuation Pause) 528M->167M(660M) 2.357ms
[471.380s][info][gc] GC(2889) Pause Young (Normal) (G1 Evacuation Pause) 527M->166M(660M) 2.354ms
[471.612s][info][gc] GC(2890) Pause Young (Normal) (G1 Evacuation Pause) 534M->174M(660M) 2.623ms
[471.763s][info][gc] GC(2891) Pause Young (Normal) (G1 Evacuation Pause) 534M->175M(660M) 2.676ms
[471.923s][info][gc] GC(2892) Pause Young (Normal) (G1 Evacuation Pause) 543M->178M(660M) 2.626ms
[472.072s][info][gc] GC(2893) Pause Young (Normal) (G1 Evacuation Pause) 542M->183M(660M) 2.725ms
[472.223s][info][gc] GC(2894) Pause Young (Normal) (G1 Evacuation Pause) 543M->184M(660M) 2.693ms
[472.380s][info][gc] GC(2895) Pause Young (Normal) (G1 Evacuation Pause) 548M->188M(660M) 2.609ms
[472.529s][info][gc] GC(2896) Pause Young (Normal) (G1 Evacuation Pause) 552M->192M(660M) 2.537ms
[472.689s][info][gc] GC(2897) Pause Young (Normal) (G1 Evacuation Pause) 552M->194M(660M) 2.843ms
[472.838s][info][gc] GC(2898) Pause Young (Normal) (G1 Evacuation Pause) 558M->196M(660M) 2.778ms
[472.992s][info][gc] GC(2899) Pause Young (Normal) (G1 Evacuation Pause) 564M->200M(660M) 2.333ms
[473.144s][info][gc] GC(2900) Pause Young (Normal) (G1 Evacuation Pause) 564M->203M(660M) 2.490ms
[473.297s][info][gc] GC(2901) Pause Young (Normal) (G1 Evacuation Pause) 567M->206M(660M) 2.390ms
[473.450s][info][gc] GC(2902) Pause Young (Normal) (G1 Evacuation Pause) 570M->209M(660M) 2.560ms
[473.600s][info][gc] GC(2903) Pause Young (Normal) (G1 Evacuation Pause) 573M->212M(660M) 2.481ms
[473.756s][info][gc] GC(2904) Pause Young (Normal) (G1 Evacuation Pause) 576M->215M(660M) 2.294ms
[473.909s][info][gc] GC(2905) Pause Young (Normal) (G1 Evacuation Pause) 579M->220M(660M) 2.712ms
[474.060s][info][gc] GC(2906) Pause Young (Normal) (G1 Evacuation Pause) 580M->221M(660M) 2.463ms
[474.219s][info][gc] GC(2907) Pause Young (Normal) (G1 Evacuation Pause) 585M->225M(660M) 3.123ms
[474.367s][info][gc] GC(2908) Pause Young (Normal) (G1 Evacuation Pause) 589M->227M(660M) 2.498ms
[474.523s][info][gc] GC(2909) Pause Young (Normal) (G1 Evacuation Pause) 587M->231M(660M) 2.781ms
[474.675s][info][gc] GC(2910) Pause Young (Normal) (G1 Evacuation Pause) 591M->234M(660M) 2.532ms
[474.822s][info][gc] GC(2911) Pause Young (Normal) (G1 Evacuation Pause) 582M->235M(660M) 2.582ms
[474.976s][info][gc] GC(2912) Pause Young (Normal) (G1 Evacuation Pause) 591M->240M(660M) 2.318ms
[475.119s][info][gc] GC(2913) Pause Young (Normal) (G1 Evacuation Pause) 588M->243M(660M) 2.387ms
[475.266s][info][gc] GC(2914) Pause Young (Normal) (G1 Evacuation Pause) 587M->246M(660M) 2.466ms
[475.404s][info][gc] GC(2915) Pause Young (Normal) (G1 Evacuation Pause) 586M->248M(660M) 2.196ms
[475.549s][info][gc] GC(2916) Pause Young (Concurrent Start) (G1 Evacuation Pause) 592M->251M(660M) 2.342ms
[475.549s][info][gc] GC(2917) Concurrent Mark Cycle
[475.566s][info][gc] GC(2917) Pause Remark 298M->178M(440M) 0.437ms
[475.581s][info][gc] GC(2917) Pause Cleanup 202M->202M(440M) 0.051ms
[475.581s][info][gc] GC(2917) Concurrent Mark Cycle 32.404ms
[475.654s][info][gc] GC(2918) Pause Young (Prepare Mixed) (G1 Evacuation Pause) 367M->134M(440M) 2.234ms
[475.755s][info][gc] GC(2919) Pause Young (Mixed) (G1 Evacuation Pause) 374M->132M(440M) 2.082ms
[475.860s][info][gc] GC(2920) Pause Young (Normal) (G1 Evacuation Pause) 376M->135M(440M) 1.789ms
[475.957s][info][gc] GC(2921) Pause Young (Normal) (G1 Evacuation Pause) 375M->135M(440M) 1.786ms
[476.059s][info][gc] GC(2922) Pause Young (Normal) (G1 Evacuation Pause) 375M->138M(528M) 1.848ms
[476.186s][info][gc] GC(2923) Pause Young (Normal) (G1 Evacuation Pause) 434M->140M(528M) 1.938ms
[476.310s][info][gc] GC(2924) Pause Young (Normal) (G1 Evacuation Pause) 432M->144M(528M) 1.999ms
[476.429s][info][gc] GC(2925) Pause Young (Normal) (G1 Evacuation Pause) 436M->147M(528M) 2.021ms
[476.556s][info][gc] GC(2926) Pause Young (Normal) (G1 Evacuation Pause) 439M->147M(528M) 1.930ms
[476.677s][info][gc] GC(2927) Pause Young (Normal) (G1 Evacuation Pause) 439M->150M(528M) 2.009ms
[476.800s][info][gc] GC(2928) Pause Young (Normal) (G1 Evacuation Pause) 438M->153M(528M) 2.396ms
[476.926s][info][gc] GC(2929) Pause Young (Normal) (G1 Evacuation Pause) 445M->154M(528M) 1.963ms
[477.116s][info][gc] GC(2930) Pause Young (Normal) (G1 Evacuation Pause) 446M->159M(528M) 2.224ms
[477.238s][info][gc] GC(2931) Pause Young (Normal) (G1 Evacuation Pause) 447M->162M(528M) 2.344ms
[477.363s][info][gc] GC(2932) Pause Young (Normal) (G1 Evacuation Pause) 454M->165M(528M) 2.145ms
[477.490s][info][gc] GC(2933) Pause Young (Normal) (G1 Evacuation Pause) 457M->167M(528M) 2.256ms
[477.616s][info][gc] GC(2934) Pause Young (Normal) (G1 Evacuation Pause) 459M->169M(528M) 2.377ms
[477.747s][info][gc] GC(2935) Pause Young (Normal) (G1 Evacuation Pause) 461M->170M(528M) 2.109ms
[477.870s][info][gc] GC(2936) Pause Young (Normal) (G1 Evacuation Pause) 462M->174M(528M) 2.154ms
[477.995s][info][gc] GC(2937) Pause Young (Normal) (G1 Evacuation Pause) 466M->176M(528M) 2.114ms
[478.117s][info][gc] GC(2938) Pause Young (Normal) (G1 Evacuation Pause) 468M->178M(528M) 1.926ms
[478.251s][info][gc] GC(2939) Pause Young (Normal) (G1 Evacuation Pause) 470M->180M(528M) 2.180ms
[478.374s][info][gc] GC(2940) Pause Young (Normal) (G1 Evacuation Pause) 468M->183M(528M) 2.337ms
[478.495s][info][gc] GC(2941) Pause Young (Normal) (G1 Evacuation Pause) 467M->186M(528M) 1.970ms
[478.623s][info][gc] GC(2942) Pause Young (Normal) (G1 Evacuation Pause) 470M->187M(528M) 1.984ms
[478.745s][info][gc] GC(2943) Pause Young (Normal) (G1 Evacuation Pause) 467M->190M(528M) 1.945ms
[478.866s][info][gc] GC(2944) Pause Young (Normal) (G1 Evacuation Pause) 470M->192M(528M) 2.225ms
[478.986s][info][gc] GC(2945) Pause Young (Normal) (G1 Evacuation Pause) 468M->196M(528M) 1.971ms
[479.097s][info][gc] GC(2946) Pause Young (Normal) (G1 Evacuation Pause) 464M->197M(528M) 2.022ms
[479.211s][info][gc] GC(2947) Pause Young (Normal) (G1 Evacuation Pause) 469M->197M(528M) 1.998ms
[479.323s][info][gc] GC(2948) Pause Young (Concurrent Start) (G1 Evacuation Pause) 465M->201M(528M) 1.912ms
[479.323s][info][gc] GC(2949) Concurrent Mark Cycle
[479.340s][info][gc] GC(2949) Pause Remark 233M->233M(528M) 0.410ms
[479.357s][info][gc] GC(2949) Pause Cleanup 264M->264M(528M) 0.055ms
[479.357s][info][gc] GC(2949) Concurrent Mark Cycle 34.174ms
[479.439s][info][gc] GC(2950) Pause Young (Prepare Mixed) (G1 Evacuation Pause) 469M->203M(528M) 1.880ms
[479.549s][info][gc] GC(2951) Pause Young (Mixed) (G1 Evacuation Pause) 467M->155M(528M) 2.196ms
[479.676s][info][gc] GC(2952) Pause Young (Mixed) (G1 Evacuation Pause) 447M->129M(528M) 2.404ms
[479.800s][info][gc] GC(2953) Pause Young (Normal) (G1 Evacuation Pause) 421M->132M(636M) 2.192ms
[479.946s][info][gc] GC(2954) Pause Young (Normal) (G1 Evacuation Pause) 484M->134M(636M) 2.170ms
[480.096s][info][gc] GC(2955) Pause Young (Normal) (G1 Evacuation Pause) 486M->139M(636M) 2.240ms
[480.240s][info][gc] GC(2956) Pause Young (Normal) (G1 Evacuation Pause) 487M->144M(636M) 2.346ms
[480.384s][info][gc] GC(2957) Pause Young (Normal) (G1 Evacuation Pause) 492M->145M(636M) 2.314ms
[480.530s][info][gc] GC(2958) Pause Young (Normal) (G1 Evacuation Pause) 493M->148M(636M) 2.225ms
[480.675s][info][gc] GC(2959) Pause Young (Normal) (G1 Evacuation Pause) 496M->151M(636M) 2.329ms
[480.822s][info][gc] GC(2960) Pause Young (Normal) (G1 Evacuation Pause) 499M->153M(636M) 2.445ms
[480.971s][info][gc] GC(2961) Pause Young (Normal) (G1 Evacuation Pause) 505M->156M(636M) 2.317ms
[481.114s][info][gc] GC(2962) Pause Young (Normal) (G1 Evacuation Pause) 508M->159M(636M) 2.203ms
[481.262s][info][gc] GC(2963) Pause Young (Normal) (G1 Evacuation Pause) 511M->161M(636M) 2.185ms
[481.411s][info][gc] GC(2964) Pause Young (Normal) (G1 Evacuation Pause) 513M->165M(636M) 2.158ms
[481.554s][info][gc] GC(2965) Pause Young (Normal) (G1 Evacuation Pause) 517M->167M(636M) 2.310ms
[481.704s][info][gc] GC(2966) Pause Young (Normal) (G1 Evacuation Pause) 519M->170M(636M) 2.306ms
[481.853s][info][gc] GC(2967) Pause Young (Normal) (G1 Evacuation Pause) 522M->173M(636M) 2.425ms
[481.996s][info][gc] GC(2968) Pause Young (Normal) (G1 Evacuation Pause) 525M->176M(636M) 2.182ms
[482.147s][info][gc] GC(2969) Pause Young (Normal) (G1 Evacuation Pause) 528M->179M(636M) 2.274ms
[482.287s][info][gc] GC(2970) Pause Young (Normal) (G1 Evacuation Pause) 531M->182M(636M) 2.306ms
[482.437s][info][gc] GC(2971) Pause Young (Normal) (G1 Evacuation Pause) 534M->185M(636M) 2.282ms
[482.726s][info][gc] GC(2972) Pause Young (Normal) (G1 Evacuation Pause) 537M->188M(636M) 2.180ms
[482.959s][info][gc] GC(2973) Pause Young (Normal) (G1 Evacuation Pause) 540M->191M(636M) 2.336ms
[483.202s][info][gc] GC(2974) Pause Young (Normal) (G1 Evacuation Pause) 543M->194M(636M) 2.281ms
[483.436s][info][gc] GC(2975) Pause Young (Normal) (G1 Evacuation Pause) 546M->198M(636M) 2.252ms
[483.669s][info][gc] GC(2976) Pause Young (Normal) (G1 Evacuation Pause) 546M->200M(636M) 2.491ms
[483.905s][info][gc] GC(2977) Pause Young (Normal) (G1 Evacuation Pause) 552M->203M(636M) 2.222ms
[484.141s][info][gc] GC(2978) Pause Young (Normal) (G1 Evacuation Pause) 555M->206M(636M) 2.331ms
[484.372s][info][gc] GC(2979) Pause Young (Normal) (G1 Evacuation Pause) 558M->209M(636M) 2.466ms
[484.603s][info][gc] GC(2980) Pause Young (Normal) (G1 Evacuation Pause) 561M->213M(636M) 2.335ms
[484.845s][info][gc] GC(2981) Pause Young (Normal) (G1 Evacuation Pause) 565M->214M(636M) 2.169ms
[485.080s][info][gc] GC(2982) Pause Young (Normal) (G1 Evacuation Pause) 562M->218M(636M) 2.459ms
[485.312s][info][gc] GC(2983) Pause Young (Normal) (G1 Evacuation Pause) 562M->222M(636M) 2.374ms
[485.544s][info][gc] GC(2984) Pause Young (Normal) (G1 Evacuation Pause) 566M->224M(636M) 2.294ms
[485.780s][info][gc] GC(2985) Pause Young (Normal) (G1 Evacuation Pause) 564M->227M(636M) 2.263ms
[486.006s][info][gc] GC(2986) Pause Young (Normal) (G1 Evacuation Pause) 563M->229M(636M) 2.318ms
[486.361s][info][gc] GC(2987) Pause Young (Normal) (G1 Evacuation Pause) 569M->233M(636M) 2.271ms
[486.580s][info][gc] GC(2988) Pause Young (Normal) (G1 Evacuation Pause) 561M->236M(636M) 2.313ms
[486.799s][info][gc] GC(2989) Pause Young (Normal) (G1 Evacuation Pause) 564M->240M(636M) 2.378ms
[487.013s][info][gc] GC(2990) Pause Young (Normal) (G1 Evacuation Pause) 564M->242M(636M) 2.333ms
[487.228s][info][gc] GC(2991) Pause Young (Normal) (G1 Evacuation Pause) 562M->245M(636M) 2.337ms
[487.441s][info][gc] GC(2992) Pause Young (Concurrent Start) (G1 Evacuation Pause) 569M->248M(636M) 2.191ms
[487.441s][info][gc] GC(2993) Concurrent Mark Cycle
[487.447s][info][gc] GC(2993) Pause Remark 260M->108M(336M) 0.417ms
[487.450s][info][gc] GC(2993) Pause Cleanup 110M->110M(336M) 0.048ms
[487.450s][info][gc] GC(2993) Concurrent Mark Cycle 8.674ms
[487.557s][info][gc] GC(2994) Pause Young (Prepare Mixed) (G1 Evacuation Pause) 268M->96M(336M) 1.952ms
[487.677s][info][gc] GC(2995) Pause Young (Mixed) (G1 Evacuation Pause) 280M->73M(336M) 1.555ms
[487.804s][info][gc] GC(2996) Pause Young (Normal) (G1 Evacuation Pause) 253M->74M(336M) 1.512ms
[487.930s][info][gc] GC(2997) Pause Young (Normal) (G1 Evacuation Pause) 258M->76M(404M) 1.519ms
[488.075s][info][gc] GC(2998) Pause Young (Normal) (G1 Evacuation Pause) 296M->79M(404M) 1.567ms
[488.226s][info][gc] GC(2999) Pause Young (Normal) (G1 Evacuation Pause) 299M->78M(404M) 1.567ms
[488.376s][info][gc] GC(3000) Pause Young (Normal) (G1 Evacuation Pause) 298M->81M(404M) 1.610ms
[488.518s][info][gc] GC(3001) Pause Young (Normal) (G1 Evacuation Pause) 301M->83M(404M) 1.963ms
[488.674s][info][gc] GC(3002) Pause Young (Normal) (G1 Evacuation Pause) 303M->85M(404M) 1.781ms
[488.820s][info][gc] GC(3003) Pause Young (Normal) (G1 Evacuation Pause) 305M->87M(404M) 2.143ms
[488.968s][info][gc] GC(3004) Pause Young (Normal) (G1 Evacuation Pause) 307M->89M(404M) 1.658ms
[489.115s][info][gc] GC(3005) Pause Young (Normal) (G1 Evacuation Pause) 309M->90M(404M) 1.586ms
[489.260s][info][gc] GC(3006) Pause Young (Normal) (G1 Evacuation Pause) 310M->93M(404M) 1.585ms
[489.408s][info][gc] GC(3007) Pause Young (Normal) (G1 Evacuation Pause) 313M->94M(404M) 1.737ms
[489.552s][info][gc] GC(3008) Pause Young (Normal) (G1 Evacuation Pause) 314M->96M(404M) 1.977ms
[489.750s][info][gc] GC(3009) Pause Young (Normal) (G1 Evacuation Pause) 316M->95M(404M) 1.546ms
[489.973s][info][gc] GC(3010) Pause Young (Normal) (G1 Evacuation Pause) 315M->101M(404M) 1.659ms
[490.114s][info][gc] GC(3011) Pause Young (Normal) (G1 Evacuation Pause) 317M->103M(404M) 1.833ms
[490.268s][info][gc] GC(3012) Pause Young (Normal) (G1 Evacuation Pause) 323M->106M(404M) 1.817ms
[490.405s][info][gc] GC(3013) Pause Young (Normal) (G1 Evacuation Pause) 326M->107M(404M) 1.832ms
[490.550s][info][gc] GC(3014) Pause Young (Normal) (G1 Evacuation Pause) 327M->109M(404M) 1.729ms
[490.704s][info][gc] GC(3015) Pause Young (Normal) (G1 Evacuation Pause) 329M->111M(404M) 2.017ms
[490.851s][info][gc] GC(3016) Pause Young (Normal) (G1 Evacuation Pause) 331M->113M(404M) 1.937ms
[491.002s][info][gc] GC(3017) Pause Young (Normal) (G1 Evacuation Pause) 333M->114M(404M) 1.692ms
[491.147s][info][gc] GC(3018) Pause Young (Normal) (G1 Evacuation Pause) 334M->117M(404M) 1.733ms
[491.295s][info][gc] GC(3019) Pause Young (Normal) (G1 Evacuation Pause) 337M->118M(404M) 1.603ms
[491.443s][info][gc] GC(3020) Pause Young (Normal) (G1 Evacuation Pause) 338M->119M(404M) 1.523ms
[491.590s][info][gc] GC(3021) Pause Young (Normal) (G1 Evacuation Pause) 339M->120M(404M) 1.663ms
[491.741s][info][gc] GC(3022) Pause Young (Normal) (G1 Evacuation Pause) 340M->124M(404M) 1.639ms
[491.880s][info][gc] GC(3023) Pause Young (Normal) (G1 Evacuation Pause) 344M->125M(404M) 1.684ms
[492.027s][info][gc] GC(3024) Pause Young (Normal) (G1 Evacuation Pause) 345M->127M(404M) 1.533ms
[492.175s][info][gc] GC(3025) Pause Young (Normal) (G1 Evacuation Pause) 347M->129M(404M) 1.670ms
[492.317s][info][gc] GC(3026) Pause Young (Normal) (G1 Evacuation Pause) 349M->130M(404M) 1.654ms
[492.469s][info][gc] GC(3027) Pause Young (Normal) (G1 Evacuation Pause) 350M->132M(404M) 1.513ms
[492.615s][info][gc] GC(3028) Pause Young (Normal) (G1 Evacuation Pause) 352M->134M(404M) 1.573ms
[492.768s][info][gc] GC(3029) Pause Young (Normal) (G1 Evacuation Pause) 354M->136M(404M) 1.990ms
[492.912s][info][gc] GC(3030) Pause Young (Normal) (G1 Evacuation Pause) 356M->137M(404M) 1.546ms
[493.060s][info][gc] GC(3031) Pause Young (Normal) (G1 Evacuation Pause) 353M->140M(404M) 1.781ms
[493.210s][info][gc] GC(3032) Pause Young (Normal) (G1 Evacuation Pause) 356M->141M(404M) 1.621ms
[493.479s][info][gc] GC(3033) Pause Young (Normal) (G1 Evacuation Pause) 353M->145M(404M) 1.602ms
[493.614s][info][gc] GC(3034) Pause Young (Normal) (G1 Evacuation Pause) 349M->146M(404M) 1.714ms
[493.761s][info][gc] GC(3035) Pause Young (Normal) (G1 Evacuation Pause) 354M->149M(404M) 1.617ms
[493.896s][info][gc] GC(3036) Pause Young (Normal) (G1 Evacuation Pause) 353M->151M(404M) 1.687ms
[494.029s][info][gc] GC(3037) Pause Young (Concurrent Start) (G1 Evacuation Pause) 351M->152M(404M) 1.551ms
[494.029s][info][gc] GC(3038) Concurrent Mark Cycle
[494.034s][info][gc] GC(3038) Pause Remark 163M->82M(240M) 0.471ms
[494.037s][info][gc] GC(3038) Pause Cleanup 84M->84M(240M) 0.054ms
[494.037s][info][gc] GC(3038) Concurrent Mark Cycle 8.009ms
[494.119s][info][gc] GC(3039) Pause Young (Prepare Mixed) (G1 Evacuation Pause) 198M->72M(240M) 1.530ms
[494.208s][info][gc] GC(3040) Pause Young (Mixed) (G1 Evacuation Pause) 204M->57M(240M) 1.419ms
[494.297s][info][gc] GC(3041) Pause Young (Normal) (G1 Evacuation Pause) 189M->59M(240M) 1.237ms
[494.386s][info][gc] GC(3042) Pause Young (Normal) (G1 Evacuation Pause) 191M->59M(288M) 1.232ms
[494.494s][info][gc] GC(3043) Pause Young (Normal) (G1 Evacuation Pause) 219M->61M(288M) 1.206ms
[494.600s][info][gc] GC(3044) Pause Young (Normal) (G1 Evacuation Pause) 217M->62M(288M) 1.331ms
[494.702s][info][gc] GC(3045) Pause Young (Normal) (G1 Evacuation Pause) 218M->63M(288M) 1.358ms
[494.806s][info][gc] GC(3046) Pause Young (Normal) (G1 Evacuation Pause) 219M->65M(348M) 1.448ms
[494.932s][info][gc] GC(3047) Pause Young (Normal) (G1 Evacuation Pause) 257M->66M(348M) 1.474ms
[495.060s][info][gc] GC(3048) Pause Young (Normal) (G1 Evacuation Pause) 258M->68M(348M) 1.489ms
[495.191s][info][gc] GC(3049) Pause Young (Normal) (G1 Evacuation Pause) 260M->69M(348M) 1.460ms
[495.322s][info][gc] GC(3050) Pause Young (Normal) (G1 Evacuation Pause) 261M->71M(348M) 1.475ms
[495.446s][info][gc] GC(3051) Pause Young (Normal) (G1 Evacuation Pause) 259M->72M(348M) 1.522ms
[495.577s][info][gc] GC(3052) Pause Young (Normal) (G1 Evacuation Pause) 264M->74M(348M) 1.581ms
[495.703s][info][gc] GC(3053) Pause Young (Normal) (G1 Evacuation Pause) 262M->75M(348M) 1.523ms
[495.837s][info][gc] GC(3054) Pause Young (Normal) (G1 Evacuation Pause) 267M->78M(420M) 1.761ms
[495.995s][info][gc] GC(3055) Pause Young (Normal) (G1 Evacuation Pause) 310M->79M(420M) 1.806ms
[496.157s][info][gc] GC(3056) Pause Young (Normal) (G1 Evacuation Pause) 311M->81M(420M) 1.615ms
[496.310s][info][gc] GC(3057) Pause Young (Normal) (G1 Evacuation Pause) 313M->82M(420M) 1.576ms
[496.470s][info][gc] GC(3058) Pause Young (Normal) (G1 Evacuation Pause) 314M->86M(420M) 1.693ms
[496.619s][info][gc] GC(3059) Pause Young (Normal) (G1 Evacuation Pause) 314M->87M(420M) 1.619ms
[496.778s][info][gc] GC(3060) Pause Young (Normal) (G1 Evacuation Pause) 319M->90M(420M) 2.051ms
[497.071s][info][gc] GC(3061) Pause Young (Normal) (G1 Evacuation Pause) 322M->92M(420M) 1.732ms
[497.226s][info][gc] GC(3062) Pause Young (Normal) (G1 Evacuation Pause) 320M->94M(420M) 1.764ms
[497.383s][info][gc] GC(3063) Pause Young (Normal) (G1 Evacuation Pause) 326M->96M(420M) 1.709ms
[497.538s][info][gc] GC(3064) Pause Young (Normal) (G1 Evacuation Pause) 328M->97M(420M) 1.668ms
[497.693s][info][gc] GC(3065) Pause Young (Normal) (G1 Evacuation Pause) 329M->99M(420M) 1.687ms
[497.845s][info][gc] GC(3066) Pause Young (Normal) (G1 Evacuation Pause) 331M->101M(420M) 1.704ms
[498.007s][info][gc] GC(3067) Pause Young (Normal) (G1 Evacuation Pause) 333M->104M(420M) 1.741ms
[498.161s][info][gc] GC(3068) Pause Young (Normal) (G1 Evacuation Pause) 336M->106M(420M) 1.800ms
[498.318s][info][gc] GC(3069) Pause Young (Normal) (G1 Evacuation Pause) 338M->107M(420M) 1.742ms
[498.473s][info][gc] GC(3070) Pause Young (Normal) (G1 Evacuation Pause) 339M->110M(420M) 1.641ms
[498.627s][info][gc] GC(3071) Pause Young (Normal) (G1 Evacuation Pause) 342M->111M(420M) 1.592ms
[498.780s][info][gc] GC(3072) Pause Young (Normal) (G1 Evacuation Pause) 343M->114M(420M) 1.619ms
[498.937s][info][gc] GC(3073) Pause Young (Normal) (G1 Evacuation Pause) 346M->115M(420M) 1.646ms
[499.092s][info][gc] GC(3074) Pause Young (Normal) (G1 Evacuation Pause) 347M->118M(420M) 1.599ms
[499.252s][info][gc] GC(3075) Pause Young (Normal) (G1 Evacuation Pause) 350M->119M(420M) 1.574ms
[499.404s][info][gc] GC(3076) Pause Young (Normal) (G1 Evacuation Pause) 351M->122M(420M) 1.736ms
[499.558s][info][gc] GC(3077) Pause Young (Normal) (G1 Evacuation Pause) 354M->124M(420M) 1.619ms
[499.714s][info][gc] GC(3078) Pause Young (Normal) (G1 Evacuation Pause) 356M->125M(420M) 1.596ms
[499.870s][info][gc] GC(3079) Pause Young (Normal) (G1 Evacuation Pause) 357M->126M(420M) 1.611ms
[500.023s][info][gc] GC(3080) Pause Young (Normal) (G1 Evacuation Pause) 358M->129M(420M) 1.743ms
[500.181s][info][gc] GC(3081) Pause Young (Normal) (G1 Evacuation Pause) 361M->131M(420M) 1.550ms
[500.334s][info][gc] GC(3082) Pause Young (Normal) (G1 Evacuation Pause) 363M->133M(420M) 1.807ms
[500.602s][info][gc] GC(3083) Pause Young (Normal) (G1 Evacuation Pause) 365M->136M(420M) 1.622ms
[500.753s][info][gc] GC(3084) Pause Young (Normal) (G1 Evacuation Pause) 368M->138M(420M) 1.876ms
[500.911s][info][gc] GC(3085) Pause Young (Normal) (G1 Evacuation Pause) 370M->140M(420M) 1.700ms
[501.064s][info][gc] GC(3086) Pause Young (Normal) (G1 Evacuation Pause) 372M->142M(420M) 1.687ms
[501.221s][info][gc] GC(3087) Pause Young (Normal) (G1 Evacuation Pause) 370M->144M(420M) 1.863ms
[501.366s][info][gc] GC(3088) Pause Young (Normal) (G1 Evacuation Pause) 372M->146M(420M) 1.769ms
[501.518s][info][gc] GC(3089) Pause Young (Normal) (G1 Evacuation Pause) 370M->147M(420M) 1.927ms
[501.672s][info][gc] GC(3090) Pause Young (Normal) (G1 Evacuation Pause) 371M->149M(420M) 1.964ms
[501.809s][info][gc] GC(3091) Pause Young (Normal) (G1 Evacuation Pause) 369M->151M(420M) 1.703ms
[501.964s][info][gc] GC(3092) Pause Young (Normal) (G1 Evacuation Pause) 371M->153M(420M) 1.574ms
[502.105s][info][gc] GC(3093) Pause Young (Normal) (G1 Evacuation Pause) 373M->155M(420M) 1.847ms
[502.254s][info][gc] GC(3094) Pause Young (Normal) (G1 Evacuation Pause) 371M->156M(420M) 1.649ms
[502.397s][info][gc] GC(3095) Pause Young (Normal) (G1 Evacuation Pause) 372M->159M(420M) 1.672ms
[502.540s][info][gc] GC(3096) Pause Young (Concurrent Start) (G1 Evacuation Pause) 371M->160M(420M) 1.641ms
[502.540s][info][gc] GC(3097) Concurrent Mark Cycle
[502.546s][info][gc] GC(3097) Pause Remark 174M->91M(268M) 0.460ms
[502.549s][info][gc] GC(3097) Pause Cleanup 94M->94M(268M) 0.047ms
[502.550s][info][gc] GC(3097) Concurrent Mark Cycle 9.929ms
[502.630s][info][gc] GC(3098) Pause Young (Prepare Mixed) (G1 Evacuation Pause) 218M->78M(268M) 1.596ms
[502.741s][info][gc] GC(3099) Pause Young (Mixed) (G1 Evacuation Pause) 226M->69M(268M) 1.332ms
[502.844s][info][gc] GC(3100) Pause Young (Normal) (G1 Evacuation Pause) 217M->71M(268M) 1.245ms
[502.944s][info][gc] GC(3101) Pause Young (Normal) (G1 Evacuation Pause) 219M->72M(324M) 1.217ms
[503.064s][info][gc] GC(3102) Pause Young (Normal) (G1 Evacuation Pause) 252M->72M(324M) 1.232ms
[503.187s][info][gc] GC(3103) Pause Young (Normal) (G1 Evacuation Pause) 252M->75M(324M) 1.386ms
[503.312s][info][gc] GC(3104) Pause Young (Normal) (G1 Evacuation Pause) 251M->76M(324M) 1.383ms
[503.428s][info][gc] GC(3105) Pause Young (Normal) (G1 Evacuation Pause) 252M->77M(324M) 1.298ms
[503.544s][info][gc] GC(3106) Pause Young (Normal) (G1 Evacuation Pause) 253M->80M(324M) 1.344ms
[503.663s][info][gc] GC(3107) Pause Young (Normal) (G1 Evacuation Pause) 256M->81M(392M) 1.405ms
[503.812s][info][gc] GC(3108) Pause Young (Normal) (G1 Evacuation Pause) 297M->83M(392M) 1.441ms
[503.955s][info][gc] GC(3109) Pause Young (Normal) (G1 Evacuation Pause) 299M->84M(392M) 1.594ms
[504.221s][info][gc] GC(3110) Pause Young (Normal) (G1 Evacuation Pause) 296M->87M(392M) 1.742ms
[504.362s][info][gc] GC(3111) Pause Young (Normal) (G1 Evacuation Pause) 299M->89M(392M) 1.809ms
[504.510s][info][gc] GC(3112) Pause Young (Normal) (G1 Evacuation Pause) 301M->91M(392M) 1.712ms
[504.649s][info][gc] GC(3113) Pause Young (Normal) (G1 Evacuation Pause) 303M->93M(392M) 1.715ms
[504.783s][info][gc] GC(3114) Pause Young (Normal) (G1 Evacuation Pause) 305M->94M(392M) 1.742ms
[504.931s][info][gc] GC(3115) Pause Young (Normal) (G1 Evacuation Pause) 306M->96M(392M) 1.692ms
[505.072s][info][gc] GC(3116) Pause Young (Normal) (G1 Evacuation Pause) 308M->98M(392M) 1.675ms
[505.217s][info][gc] GC(3117) Pause Young (Normal) (G1 Evacuation Pause) 310M->99M(392M) 1.768ms
[505.358s][info][gc] GC(3118) Pause Young (Normal) (G1 Evacuation Pause) 311M->101M(392M) 1.692ms
[505.496s][info][gc] GC(3119) Pause Young (Normal) (G1 Evacuation Pause) 313M->102M(392M) 1.760ms
[505.645s][info][gc] GC(3120) Pause Young (Normal) (G1 Evacuation Pause) 314M->104M(392M) 1.559ms
[505.784s][info][gc] GC(3121) Pause Young (Normal) (G1 Evacuation Pause) 316M->106M(392M) 1.772ms
[505.921s][info][gc] GC(3122) Pause Young (Normal) (G1 Evacuation Pause) 318M->107M(392M) 1.601ms
[506.068s][info][gc] GC(3123) Pause Young (Normal) (G1 Evacuation Pause) 319M->110M(392M) 1.771ms
[506.206s][info][gc] GC(3124) Pause Young (Normal) (G1 Evacuation Pause) 322M->112M(392M) 1.746ms
[506.347s][info][gc] GC(3125) Pause Young (Normal) (G1 Evacuation Pause) 324M->114M(392M) 1.756ms
[506.496s][info][gc] GC(3126) Pause Young (Normal) (G1 Evacuation Pause) 326M->115M(392M) 1.640ms
[506.640s][info][gc] GC(3127) Pause Young (Normal) (G1 Evacuation Pause) 327M->117M(392M) 1.579ms
[506.782s][info][gc] GC(3128) Pause Young (Normal) (G1 Evacuation Pause) 329M->118M(392M) 1.502ms
[506.921s][info][gc] GC(3129) Pause Young (Normal) (G1 Evacuation Pause) 330M->121M(392M) 1.522ms
[507.060s][info][gc] GC(3130) Pause Young (Normal) (G1 Evacuation Pause) 333M->121M(392M) 1.509ms
[507.208s][info][gc] GC(3131) Pause Young (Normal) (G1 Evacuation Pause) 333M->125M(392M) 1.591ms
[507.343s][info][gc] GC(3132) Pause Young (Normal) (G1 Evacuation Pause) 337M->125M(392M) 1.535ms
[507.485s][info][gc] GC(3133) Pause Young (Normal) (G1 Evacuation Pause) 337M->128M(392M) 1.777ms
[507.715s][info][gc] GC(3134) Pause Young (Normal) (G1 Evacuation Pause) 340M->127M(392M) 1.444ms
[507.896s][info][gc] GC(3135) Pause Young (Normal) (G1 Evacuation Pause) 343M->132M(392M) 1.962ms
[508.033s][info][gc] GC(3136) Pause Young (Normal) (G1 Evacuation Pause) 336M->133M(392M) 1.782ms
[508.180s][info][gc] GC(3137) Pause Young (Normal) (G1 Evacuation Pause) 345M->136M(392M) 1.690ms
[508.316s][info][gc] GC(3138) Pause Young (Normal) (G1 Evacuation Pause) 344M->138M(392M) 1.624ms
[508.452s][info][gc] GC(3139) Pause Young (Normal) (G1 Evacuation Pause) 346M->139M(392M) 1.690ms
[508.593s][info][gc] GC(3140) Pause Young (Normal) (G1 Evacuation Pause) 343M->140M(392M) 1.569ms
[508.732s][info][gc] GC(3141) Pause Young (Normal) (G1 Evacuation Pause) 348M->142M(392M) 1.539ms
[508.863s][info][gc] GC(3142) Pause Young (Normal) (G1 Evacuation Pause) 346M->145M(392M) 1.558ms
[509.005s][info][gc] GC(3143) Pause Young (Normal) (G1 Evacuation Pause) 349M->146M(392M) 1.431ms
[509.133s][info][gc] GC(3144) Pause Young (Normal) (G1 Evacuation Pause) 342M->147M(392M) 1.733ms
[509.270s][info][gc] GC(3145) Pause Young (Concurrent Start) (G1 Evacuation Pause) 347M->150M(392M) 1.827ms
[509.270s][info][gc] GC(3146) Concurrent Mark Cycle
[509.276s][info][gc] GC(3146) Pause Remark 162M->87M(268M) 0.427ms
[509.279s][info][gc] GC(3146) Pause Cleanup 91M->91M(268M) 0.059ms
[509.279s][info][gc] GC(3146) Concurrent Mark Cycle 8.391ms
[509.365s][info][gc] GC(3147) Pause Young (Prepare Mixed) (G1 Evacuation Pause) 215M->76M(268M) 1.427ms
[509.464s][info][gc] GC(3148) Pause Young (Mixed) (G1 Evacuation Pause) 224M->63M(268M) 1.261ms
[509.565s][info][gc] GC(3149) Pause Young (Normal) (G1 Evacuation Pause) 211M->64M(324M) 1.252ms
[509.686s][info][gc] GC(3150) Pause Young (Normal) (G1 Evacuation Pause) 244M->66M(324M) 1.308ms
[509.802s][info][gc] GC(3151) Pause Young (Normal) (G1 Evacuation Pause) 242M->67M(324M) 1.454ms
[509.916s][info][gc] GC(3152) Pause Young (Normal) (G1 Evacuation Pause) 243M->67M(324M) 1.330ms
[510.042s][info][gc] GC(3153) Pause Young (Normal) (G1 Evacuation Pause) 243M->70M(324M) 1.361ms
[510.160s][info][gc] GC(3154) Pause Young (Normal) (G1 Evacuation Pause) 246M->71M(324M) 1.407ms
[510.279s][info][gc] GC(3155) Pause Young (Normal) (G1 Evacuation Pause) 247M->73M(392M) 1.409ms
[510.423s][info][gc] GC(3156) Pause Young (Normal) (G1 Evacuation Pause) 289M->74M(392M) 1.622ms
[510.574s][info][gc] GC(3157) Pause Young (Normal) (G1 Evacuation Pause) 290M->77M(392M) 1.442ms
[510.714s][info][gc] GC(3158) Pause Young (Normal) (G1 Evacuation Pause) 289M->79M(392M) 1.495ms
[510.851s][info][gc] GC(3159) Pause Young (Normal) (G1 Evacuation Pause) 291M->78M(392M) 1.450ms
[510.995s][info][gc] GC(3160) Pause Young (Normal) (G1 Evacuation Pause) 290M->81M(392M) 1.497ms
[511.133s][info][gc] GC(3161) Pause Young (Normal) (G1 Evacuation Pause) 289M->84M(392M) 1.678ms
[511.380s][info][gc] GC(3162) Pause Young (Normal) (G1 Evacuation Pause) 296M->94M(392M) 2.285ms
[511.440s][info][gc] GC(3163) Pause Young (Normal) (G1 Evacuation Pause) 298M->95M(392M) 2.322ms
[511.512s][info][gc] GC(3164) Pause Young (Normal) (G1 Evacuation Pause) 307M->96M(392M) 1.991ms
[511.577s][info][gc] GC(3165) Pause Young (Normal) (G1 Evacuation Pause) 308M->98M(392M) 1.983ms
[511.650s][info][gc] GC(3166) Pause Young (Normal) (G1 Evacuation Pause) 310M->100M(392M) 2.149ms
[511.713s][info][gc] GC(3167) Pause Young (Normal) (G1 Evacuation Pause) 312M->102M(488M) 2.067ms
[511.811s][info][gc] GC(3168) Pause Young (Normal) (G1 Evacuation Pause) 374M->104M(488M) 1.852ms
[511.898s][info][gc] GC(3169) Pause Young (Normal) (G1 Evacuation Pause) 376M->105M(488M) 1.683ms
[511.982s][info][gc] GC(3170) Pause Young (Normal) (G1 Evacuation Pause) 377M->107M(488M) 1.955ms
[512.076s][info][gc] GC(3171) Pause Young (Normal) (G1 Evacuation Pause) 375M->111M(588M) 2.153ms
[512.186s][info][gc] GC(3172) Pause Young (Normal) (G1 Evacuation Pause) 435M->112M(588M) 2.549ms
[512.284s][info][gc] GC(3173) Pause Young (Normal) (G1 Evacuation Pause) 436M->114M(588M) 2.305ms
[512.393s][info][gc] GC(3174) Pause Young (Normal) (G1 Evacuation Pause) 438M->118M(588M) 2.288ms
[512.504s][info][gc] GC(3175) Pause Young (Normal) (G1 Evacuation Pause) 442M->121M(708M) 2.532ms
[512.639s][info][gc] GC(3176) Pause Young (Normal) (G1 Evacuation Pause) 517M->124M(708M) 2.686ms
[512.773s][info][gc] GC(3177) Pause Young (Normal) (G1 Evacuation Pause) 516M->128M(708M) 2.779ms
[512.904s][info][gc] GC(3178) Pause Young (Normal) (G1 Evacuation Pause) 516M->131M(708M) 2.709ms
[513.036s][info][gc] GC(3179) Pause Young (Normal) (G1 Evacuation Pause) 523M->135M(708M) 2.687ms
[513.166s][info][gc] GC(3180) Pause Young (Normal) (G1 Evacuation Pause) 523M->138M(708M) 2.632ms
[513.296s][info][gc] GC(3181) Pause Young (Normal) (G1 Evacuation Pause) 526M->143M(708M) 2.800ms
[513.429s][info][gc] GC(3182) Pause Young (Normal) (G1 Evacuation Pause) 531M->144M(708M) 2.594ms
[513.563s][info][gc] GC(3183) Pause Young (Normal) (G1 Evacuation Pause) 536M->149M(708M) 2.559ms
[513.693s][info][gc] GC(3184) Pause Young (Normal) (G1 Evacuation Pause) 537M->151M(708M) 2.613ms
[513.817s][info][gc] GC(3185) Pause Young (Normal) (G1 Evacuation Pause) 539M->151M(708M) 2.478ms
[513.945s][info][gc] GC(3186) Pause Young (Normal) (G1 Evacuation Pause) 543M->155M(708M) 2.412ms
[514.070s][info][gc] GC(3187) Pause Young (Normal) (G1 Evacuation Pause) 543M->161M(708M) 2.769ms
[514.196s][info][gc] GC(3188) Pause Young (Normal) (G1 Evacuation Pause) 545M->163M(708M) 2.652ms
[514.324s][info][gc] GC(3189) Pause Young (Normal) (G1 Evacuation Pause) 555M->167M(708M) 2.616ms
[514.460s][info][gc] GC(3190) Pause Young (Normal) (G1 Evacuation Pause) 555M->170M(708M) 2.656ms
[514.591s][info][gc] GC(3191) Pause Young (Normal) (G1 Evacuation Pause) 558M->174M(708M) 2.766ms
[514.717s][info][gc] GC(3192) Pause Young (Normal) (G1 Evacuation Pause) 562M->175M(708M) 2.819ms
[514.852s][info][gc] GC(3193) Pause Young (Normal) (G1 Evacuation Pause) 567M->181M(708M) 2.840ms
[514.977s][info][gc] GC(3194) Pause Young (Normal) (G1 Evacuation Pause) 569M->185M(708M) 2.629ms
[515.108s][info][gc] GC(3195) Pause Young (Normal) (G1 Evacuation Pause) 573M->186M(708M) 2.474ms
[515.236s][info][gc] GC(3196) Pause Young (Normal) (G1 Evacuation Pause) 578M->189M(708M) 2.735ms
[515.370s][info][gc] GC(3197) Pause Young (Normal) (G1 Evacuation Pause) 581M->193M(708M) 2.873ms
[515.497s][info][gc] GC(3198) Pause Young (Normal) (G1 Evacuation Pause) 581M->200M(708M) 2.688ms
[515.625s][info][gc] GC(3199) Pause Young (Normal) (G1 Evacuation Pause) 588M->199M(708M) 2.753ms
[515.754s][info][gc] GC(3200) Pause Young (Normal) (G1 Evacuation Pause) 591M->203M(708M) 2.620ms
[515.883s][info][gc] GC(3201) Pause Young (Normal) (G1 Evacuation Pause) 595M->206M(708M) 2.873ms
[516.010s][info][gc] GC(3202) Pause Young (Normal) (G1 Evacuation Pause) 594M->209M(708M) 2.837ms
[516.156s][info][gc] GC(3203) Pause Young (Normal) (G1 Evacuation Pause) 601M->214M(708M) 2.955ms
[516.296s][info][gc] GC(3204) Pause Young (Normal) (G1 Evacuation Pause) 602M->218M(708M) 2.735ms
[516.430s][info][gc] GC(3205) Pause Young (Normal) (G1 Evacuation Pause) 606M->219M(708M) 2.584ms
[516.558s][info][gc] GC(3206) Pause Young (Normal) (G1 Evacuation Pause) 611M->222M(708M) 2.674ms
[516.693s][info][gc] GC(3207) Pause Young (Normal) (G1 Evacuation Pause) 614M->227M(708M) 2.555ms
[516.831s][info][gc] GC(3208) Pause Young (Normal) (G1 Evacuation Pause) 615M->229M(708M) 2.685ms
[516.967s][info][gc] GC(3209) Pause Young (Normal) (G1 Evacuation Pause) 621M->232M(708M) 2.990ms
[517.106s][info][gc] GC(3210) Pause Young (Normal) (G1 Evacuation Pause) 624M->236M(708M) 3.034ms
[517.240s][info][gc] GC(3211) Pause Young (Normal) (G1 Evacuation Pause) 624M->242M(708M) 2.800ms
[517.372s][info][gc] GC(3212) Pause Young (Normal) (G1 Evacuation Pause) 626M->243M(708M) 2.929ms
[517.511s][info][gc] GC(3213) Pause Young (Normal) (G1 Evacuation Pause) 627M->246M(708M) 2.713ms
[517.647s][info][gc] GC(3214) Pause Young (Normal) (G1 Evacuation Pause) 626M->249M(708M) 2.816ms
[517.775s][info][gc] GC(3215) Pause Young (Normal) (G1 Evacuation Pause) 629M->252M(708M) 2.679ms
[517.902s][info][gc] GC(3216) Pause Young (Normal) (G1 Evacuation Pause) 636M->256M(708M) 2.641ms
[518.028s][info][gc] GC(3217) Pause Young (Normal) (G1 Evacuation Pause) 628M->260M(708M) 2.491ms
[518.149s][info][gc] GC(3218) Pause Young (Normal) (G1 Evacuation Pause) 628M->262M(708M) 2.592ms
[518.277s][info][gc] GC(3219) Pause Young (Normal) (G1 Evacuation Pause) 630M->261M(708M) 2.209ms
[518.499s][info][gc] GC(3220) Pause Young (Normal) (G1 Evacuation Pause) 637M->270M(708M) 2.944ms
[518.652s][info][gc] GC(3221) Pause Young (Normal) (G1 Evacuation Pause) 630M->274M(708M) 3.069ms
[518.791s][info][gc] GC(3222) Pause Young (Concurrent Start) (G1 Evacuation Pause) 630M->277M(708M) 2.865ms
[518.791s][info][gc] GC(3223) Concurrent Mark Cycle
[518.802s][info][gc] GC(3223) Pause Remark 307M->132M(360M) 0.496ms
[518.806s][info][gc] GC(3223) Pause Cleanup 141M->141M(360M) 0.049ms
[518.806s][info][gc] GC(3223) Concurrent Mark Cycle 15.086ms
[518.864s][info][gc] GC(3224) Pause Young (Prepare Mixed) (G1 Evacuation Pause) 286M->105M(360M) 2.531ms
[518.954s][info][gc] GC(3225) Pause Young (Mixed) (G1 Evacuation Pause) 305M->84M(360M) 1.717ms
[519.046s][info][gc] GC(3226) Pause Young (Normal) (G1 Evacuation Pause) 284M->85M(360M) 1.789ms
[519.124s][info][gc] GC(3227) Pause Young (Normal) (G1 Evacuation Pause) 285M->87M(432M) 1.675ms
[519.219s][info][gc] GC(3228) Pause Young (Normal) (G1 Evacuation Pause) 323M->90M(432M) 1.809ms
[519.315s][info][gc] GC(3229) Pause Young (Normal) (G1 Evacuation Pause) 326M->93M(432M) 1.815ms
[519.404s][info][gc] GC(3230) Pause Young (Normal) (G1 Evacuation Pause) 329M->93M(432M) 2.046ms
[519.500s][info][gc] GC(3231) Pause Young (Normal) (G1 Evacuation Pause) 329M->95M(520M) 2.223ms
[519.619s][info][gc] GC(3232) Pause Young (Normal) (G1 Evacuation Pause) 387M->97M(520M) 2.093ms
[519.736s][info][gc] GC(3233) Pause Young (Normal) (G1 Evacuation Pause) 385M->101M(520M) 2.088ms
[519.845s][info][gc] GC(3234) Pause Young (Normal) (G1 Evacuation Pause) 385M->103M(520M) 2.094ms
[519.961s][info][gc] GC(3235) Pause Young (Normal) (G1 Evacuation Pause) 391M->106M(520M) 2.056ms
[520.069s][info][gc] GC(3236) Pause Young (Normal) (G1 Evacuation Pause) 390M->108M(624M) 2.192ms
[520.201s][info][gc] GC(3237) Pause Young (Normal) (G1 Evacuation Pause) 456M->111M(624M) 2.261ms
[520.328s][info][gc] GC(3238) Pause Young (Normal) (G1 Evacuation Pause) 455M->112M(624M) 2.155ms
[520.466s][info][gc] GC(3239) Pause Young (Normal) (G1 Evacuation Pause) 456M->116M(624M) 2.692ms
[520.597s][info][gc] GC(3240) Pause Young (Normal) (G1 Evacuation Pause) 456M->120M(624M) 2.349ms
[520.727s][info][gc] GC(3241) Pause Young (Normal) (G1 Evacuation Pause) 460M->121M(624M) 2.449ms
[520.864s][info][gc] GC(3242) Pause Young (Normal) (G1 Evacuation Pause) 461M->124M(624M) 2.338ms
[520.991s][info][gc] GC(3243) Pause Young (Normal) (G1 Evacuation Pause) 464M->128M(624M) 2.343ms
[521.120s][info][gc] GC(3244) Pause Young (Normal) (G1 Evacuation Pause) 472M->131M(624M) 2.503ms
[521.256s][info][gc] GC(3245) Pause Young (Normal) (G1 Evacuation Pause) 471M->133M(624M) 2.337ms
[521.389s][info][gc] GC(3246) Pause Young (Normal) (G1 Evacuation Pause) 477M->138M(624M) 2.724ms
[521.522s][info][gc] GC(3247) Pause Young (Normal) (G1 Evacuation Pause) 478M->139M(624M) 2.466ms
[521.652s][info][gc] GC(3248) Pause Young (Normal) (G1 Evacuation Pause) 483M->141M(624M) 2.443ms
[521.791s][info][gc] GC(3249) Pause Young (Normal) (G1 Evacuation Pause) 485M->145M(624M) 2.412ms
[521.919s][info][gc] GC(3250) Pause Young (Normal) (G1 Evacuation Pause) 489M->150M(624M) 2.643ms
[522.045s][info][gc] GC(3251) Pause Young (Normal) (G1 Evacuation Pause) 490M->151M(624M) 2.181ms
[522.178s][info][gc] GC(3252) Pause Young (Normal) (G1 Evacuation Pause) 495M->154M(624M) 2.269ms
[522.306s][info][gc] GC(3253) Pause Young (Normal) (G1 Evacuation Pause) 494M->157M(624M) 2.247ms
[522.434s][info][gc] GC(3254) Pause Young (Normal) (G1 Evacuation Pause) 497M->159M(624M) 2.496ms
[522.564s][info][gc] GC(3255) Pause Young (Normal) (G1 Evacuation Pause) 503M->162M(624M) 2.264ms
[522.695s][info][gc] GC(3256) Pause Young (Normal) (G1 Evacuation Pause) 506M->164M(624M) 2.229ms
[522.829s][info][gc] GC(3257) Pause Young (Normal) (G1 Evacuation Pause) 508M->168M(624M) 2.297ms
[522.960s][info][gc] GC(3258) Pause Young (Normal) (G1 Evacuation Pause) 512M->172M(624M) 2.265ms
[523.093s][info][gc] GC(3259) Pause Young (Normal) (G1 Evacuation Pause) 512M->174M(624M) 2.272ms
[523.227s][info][gc] GC(3260) Pause Young (Normal) (G1 Evacuation Pause) 518M->177M(624M) 2.290ms
[523.362s][info][gc] GC(3261) Pause Young (Normal) (G1 Evacuation Pause) 521M->180M(624M) 2.259ms
[523.496s][info][gc] GC(3262) Pause Young (Normal) (G1 Evacuation Pause) 524M->184M(624M) 2.241ms
[523.629s][info][gc] GC(3263) Pause Young (Normal) (G1 Evacuation Pause) 524M->183M(624M) 2.200ms
[523.771s][info][gc] GC(3264) Pause Young (Normal) (G1 Evacuation Pause) 527M->189M(624M) 2.552ms
[523.907s][info][gc] GC(3265) Pause Young (Normal) (G1 Evacuation Pause) 529M->190M(624M) 2.424ms
[524.037s][info][gc] GC(3266) Pause Young (Normal) (G1 Evacuation Pause) 534M->194M(624M) 2.482ms
[524.165s][info][gc] GC(3267) Pause Young (Normal) (G1 Evacuation Pause) 538M->196M(624M) 2.249ms
[524.294s][info][gc] GC(3268) Pause Young (Normal) (G1 Evacuation Pause) 540M->199M(624M) 2.264ms
[524.444s][info][gc] GC(3269) Pause Young (Normal) (G1 Evacuation Pause) 543M->200M(624M) 1.986ms
[524.765s][info][gc] GC(3270) Pause Young (Normal) (G1 Evacuation Pause) 544M->203M(624M) 2.060ms
[525.117s][info][gc] GC(3271) Pause Young (Normal) (G1 Evacuation Pause) 547M->205M(624M) 2.321ms
[525.451s][info][gc] GC(3272) Pause Young (Normal) (G1 Evacuation Pause) 549M->208M(624M) 2.240ms
[525.780s][info][gc] GC(3273) Pause Young (Normal) (G1 Evacuation Pause) 552M->210M(624M) 2.140ms
[526.124s][info][gc] GC(3274) Pause Young (Normal) (G1 Evacuation Pause) 554M->214M(624M) 2.182ms
[526.469s][info][gc] GC(3275) Pause Young (Normal) (G1 Evacuation Pause) 558M->217M(624M) 2.357ms
[526.806s][info][gc] GC(3276) Pause Young (Normal) (G1 Evacuation Pause) 557M->220M(624M) 2.337ms
[527.139s][info][gc] GC(3277) Pause Young (Normal) (G1 Evacuation Pause) 556M->222M(624M) 2.154ms
[527.466s][info][gc] GC(3278) Pause Young (Normal) (G1 Evacuation Pause) 558M->226M(624M) 2.116ms
[527.794s][info][gc] GC(3279) Pause Young (Normal) (G1 Evacuation Pause) 558M->229M(624M) 2.296ms
[528.116s][info][gc] GC(3280) Pause Young (Normal) (G1 Evacuation Pause) 549M->232M(624M) 2.259ms
[528.443s][info][gc] GC(3281) Pause Young (Normal) (G1 Evacuation Pause) 556M->233M(624M) 1.900ms
[528.767s][info][gc] GC(3282) Pause Young (Normal) (G1 Evacuation Pause) 561M->237M(624M) 2.210ms
[529.079s][info][gc] GC(3283) Pause Young (Normal) (G1 Evacuation Pause) 557M->239M(624M) 2.098ms
[529.391s][info][gc] GC(3284) Pause Young (Concurrent Start) (G1 Evacuation Pause) 555M->243M(624M) 1.988ms
[529.391s][info][gc] GC(3285) Concurrent Mark Cycle
[529.409s][info][gc] GC(3285) Pause Remark 263M->259M(624M) 0.455ms
[529.421s][info][gc] GC(3285) Pause Cleanup 275M->275M(624M) 0.082ms
[529.421s][info][gc] GC(3285) Concurrent Mark Cycle 29.780ms
[529.711s][info][gc] GC(3286) Pause Young (Prepare Mixed) (G1 Evacuation Pause) 555M->244M(624M) 2.304ms
[529.878s][info][gc] GC(3287) Pause Young (Mixed) (G1 Evacuation Pause) 552M->194M(624M) 2.975ms
[530.055s][info][gc] GC(3288) Pause Young (Mixed) (G1 Evacuation Pause) 538M->158M(624M) 3.277ms
[530.226s][info][gc] GC(3289) Pause Young (Normal) (G1 Evacuation Pause) 502M->163M(624M) 2.373ms
[530.399s][info][gc] GC(3290) Pause Young (Normal) (G1 Evacuation Pause) 503M->164M(624M) 2.220ms
[530.581s][info][gc] GC(3291) Pause Young (Normal) (G1 Evacuation Pause) 508M->167M(624M) 2.248ms
[530.750s][info][gc] GC(3292) Pause Young (Normal) (G1 Evacuation Pause) 507M->171M(624M) 2.570ms
[530.924s][info][gc] GC(3293) Pause Young (Normal) (G1 Evacuation Pause) 511M->175M(624M) 2.375ms
[531.102s][info][gc] GC(3294) Pause Young (Normal) (G1 Evacuation Pause) 515M->177M(624M) 2.549ms
[531.269s][info][gc] GC(3295) Pause Young (Normal) (G1 Evacuation Pause) 521M->178M(624M) 2.257ms
[531.447s][info][gc] GC(3296) Pause Young (Normal) (G1 Evacuation Pause) 522M->182M(624M) 2.349ms
[531.621s][info][gc] GC(3297) Pause Young (Normal) (G1 Evacuation Pause) 522M->184M(624M) 2.392ms
[531.794s][info][gc] GC(3298) Pause Young (Normal) (G1 Evacuation Pause) 528M->187M(624M) 2.154ms
[531.970s][info][gc] GC(3299) Pause Young (Normal) (G1 Evacuation Pause) 527M->190M(624M) 2.422ms
[532.147s][info][gc] GC(3300) Pause Young (Normal) (G1 Evacuation Pause) 530M->192M(624M) 2.216ms
[532.397s][info][gc] GC(3301) Pause Young (Normal) (G1 Evacuation Pause) 536M->196M(624M) 2.103ms
[532.575s][info][gc] GC(3302) Pause Young (Normal) (G1 Evacuation Pause) 536M->199M(624M) 2.562ms
[532.741s][info][gc] GC(3303) Pause Young (Normal) (G1 Evacuation Pause) 543M->201M(624M) 2.246ms
[532.919s][info][gc] GC(3304) Pause Young (Normal) (G1 Evacuation Pause) 545M->205M(624M) 2.384ms
[533.093s][info][gc] GC(3305) Pause Young (Normal) (G1 Evacuation Pause) 545M->208M(624M) 2.456ms
[533.261s][info][gc] GC(3306) Pause Young (Normal) (G1 Evacuation Pause) 552M->209M(624M) 2.171ms
[533.439s][info][gc] GC(3307) Pause Young (Normal) (G1 Evacuation Pause) 553M->213M(624M) 2.452ms
[533.612s][info][gc] GC(3308) Pause Young (Normal) (G1 Evacuation Pause) 553M->216M(624M) 2.368ms
[533.778s][info][gc] GC(3309) Pause Young (Normal) (G1 Evacuation Pause) 556M->219M(624M) 2.206ms
[533.954s][info][gc] GC(3310) Pause Young (Normal) (G1 Evacuation Pause) 555M->223M(624M) 2.280ms
[534.123s][info][gc] GC(3311) Pause Young (Normal) (G1 Evacuation Pause) 551M->225M(624M) 2.416ms
[534.285s][info][gc] GC(3312) Pause Young (Normal) (G1 Evacuation Pause) 553M->228M(624M) 2.333ms
[534.450s][info][gc] GC(3313) Pause Young (Normal) (G1 Evacuation Pause) 552M->229M(624M) 2.182ms
[534.612s][info][gc] GC(3314) Pause Young (Normal) (G1 Evacuation Pause) 557M->233M(624M) 2.226ms
[534.780s][info][gc] GC(3315) Pause Young (Normal) (G1 Evacuation Pause) 553M->234M(624M) 2.203ms
[534.962s][info][gc] GC(3316) Pause Young (Normal) (G1 Evacuation Pause) 554M->235M(624M) 1.825ms
[535.185s][info][gc] GC(3317) Pause Young (Concurrent Start) (G1 Evacuation Pause) 559M->241M(624M) 2.424ms
[535.185s][info][gc] GC(3318) Concurrent Mark Cycle
[535.194s][info][gc] GC(3318) Pause Remark 263M->143M(428M) 0.448ms
[535.196s][info][gc] GC(3318) Pause Cleanup 148M->148M(428M) 0.045ms
[535.197s][info][gc] GC(3318) Concurrent Mark Cycle 11.425ms
[535.297s][info][gc] GC(3319) Pause Young (Prepare Mixed) (G1 Evacuation Pause) 345M->123M(428M) 2.157ms
[535.416s][info][gc] GC(3320) Pause Young (Mixed) (G1 Evacuation Pause) 359M->80M(428M) 1.941ms
[535.535s][info][gc] GC(3321) Pause Young (Mixed) (G1 Evacuation Pause) 320M->78M(428M) 1.493ms
[535.650s][info][gc] GC(3322) Pause Young (Normal) (G1 Evacuation Pause) 318M->79M(428M) 1.583ms
[535.789s][info][gc] GC(3323) Pause Young (Normal) (G1 Evacuation Pause) 319M->82M(428M) 1.825ms
[535.911s][info][gc] GC(3324) Pause Young (Normal) (G1 Evacuation Pause) 318M->84M(428M) 1.690ms
[536.035s][info][gc] GC(3325) Pause Young (Normal) (G1 Evacuation Pause) 320M->87M(428M) 2.128ms
[536.153s][info][gc] GC(3326) Pause Young (Normal) (G1 Evacuation Pause) 323M->88M(516M) 1.751ms
[536.298s][info][gc] GC(3327) Pause Young (Normal) (G1 Evacuation Pause) 376M->88M(516M) 1.682ms
[536.447s][info][gc] GC(3328) Pause Young (Normal) (G1 Evacuation Pause) 376M->92M(516M) 1.899ms
[536.589s][info][gc] GC(3329) Pause Young (Normal) (G1 Evacuation Pause) 376M->95M(516M) 1.904ms
[536.742s][info][gc] GC(3330) Pause Young (Normal) (G1 Evacuation Pause) 379M->97M(516M) 2.011ms
[536.884s][info][gc] GC(3331) Pause Young (Normal) (G1 Evacuation Pause) 381M->99M(516M) 2.115ms
[537.028s][info][gc] GC(3332) Pause Young (Normal) (G1 Evacuation Pause) 383M->102M(516M) 1.986ms
[537.184s][info][gc] GC(3333) Pause Young (Normal) (G1 Evacuation Pause) 386M->105M(516M) 2.074ms
[537.327s][info][gc] GC(3334) Pause Young (Normal) (G1 Evacuation Pause) 385M->107M(516M) 1.969ms
[537.469s][info][gc] GC(3335) Pause Young (Normal) (G1 Evacuation Pause) 387M->107M(516M) 2.134ms
[537.619s][info][gc] GC(3336) Pause Young (Normal) (G1 Evacuation Pause) 391M->112M(516M) 2.173ms
[537.843s][info][gc] GC(3337) Pause Young (Normal) (G1 Evacuation Pause) 392M->116M(516M) 2.407ms
[537.992s][info][gc] GC(3338) Pause Young (Normal) (G1 Evacuation Pause) 396M->116M(516M) 1.924ms
[538.139s][info][gc] GC(3339) Pause Young (Normal) (G1 Evacuation Pause) 400M->119M(516M) 2.223ms
[538.283s][info][gc] GC(3340) Pause Young (Normal) (G1 Evacuation Pause) 403M->122M(516M) 2.229ms
[538.436s][info][gc] GC(3341) Pause Young (Normal) (G1 Evacuation Pause) 406M->124M(516M) 2.217ms
[538.581s][info][gc] GC(3342) Pause Young (Normal) (G1 Evacuation Pause) 408M->127M(516M) 2.099ms
[538.725s][info][gc] GC(3343) Pause Young (Normal) (G1 Evacuation Pause) 411M->126M(516M) 2.081ms
[538.873s][info][gc] GC(3344) Pause Young (Normal) (G1 Evacuation Pause) 410M->131M(516M) 2.139ms
[539.016s][info][gc] GC(3345) Pause Young (Normal) (G1 Evacuation Pause) 411M->133M(516M) 2.339ms
[539.167s][info][gc] GC(3346) Pause Young (Normal) (G1 Evacuation Pause) 417M->136M(516M) 2.020ms
[539.306s][info][gc] GC(3347) Pause Young (Normal) (G1 Evacuation Pause) 420M->139M(516M) 2.016ms
[539.447s][info][gc] GC(3348) Pause Young (Normal) (G1 Evacuation Pause) 423M->141M(516M) 2.004ms
[539.593s][info][gc] GC(3349) Pause Young (Normal) (G1 Evacuation Pause) 425M->142M(516M) 1.913ms
[539.738s][info][gc] GC(3350) Pause Young (Normal) (G1 Evacuation Pause) 426M->147M(516M) 2.003ms
[539.888s][info][gc] GC(3351) Pause Young (Normal) (G1 Evacuation Pause) 431M->148M(516M) 1.876ms
[540.031s][info][gc] GC(3352) Pause Young (Normal) (G1 Evacuation Pause) 432M->150M(516M) 1.967ms
[540.171s][info][gc] GC(3353) Pause Young (Normal) (G1 Evacuation Pause) 434M->152M(516M) 1.849ms
[540.324s][info][gc] GC(3354) Pause Young (Normal) (G1 Evacuation Pause) 436M->155M(516M) 1.969ms
[540.544s][info][gc] GC(3355) Pause Young (Normal) (G1 Evacuation Pause) 439M->158M(516M) 1.876ms
[540.683s][info][gc] GC(3356) Pause Young (Normal) (G1 Evacuation Pause) 442M->161M(516M) 2.116ms
[540.835s][info][gc] GC(3357) Pause Young (Normal) (G1 Evacuation Pause) 445M->164M(516M) 2.094ms
[540.974s][info][gc] GC(3358) Pause Young (Normal) (G1 Evacuation Pause) 444M->166M(516M) 1.986ms
[541.120s][info][gc] GC(3359) Pause Young (Normal) (G1 Evacuation Pause) 450M->165M(516M) 1.869ms
[541.271s][info][gc] GC(3360) Pause Young (Normal) (G1 Evacuation Pause) 449M->171M(516M) 2.349ms
[541.412s][info][gc] GC(3361) Pause Young (Normal) (G1 Evacuation Pause) 451M->174M(516M) 2.140ms
[541.558s][info][gc] GC(3362) Pause Young (Normal) (G1 Evacuation Pause) 454M->174M(516M) 2.025ms
[541.700s][info][gc] GC(3363) Pause Young (Normal) (G1 Evacuation Pause) 458M->178M(516M) 2.169ms
[541.839s][info][gc] GC(3364) Pause Young (Normal) (G1 Evacuation Pause) 462M->180M(516M) 2.067ms
[541.985s][info][gc] GC(3365) Pause Young (Normal) (G1 Evacuation Pause) 460M->182M(516M) 1.880ms
[542.126s][info][gc] GC(3366) Pause Young (Normal) (G1 Evacuation Pause) 458M->184M(516M) 1.868ms
[542.257s][info][gc] GC(3367) Pause Young (Normal) (G1 Evacuation Pause) 452M->186M(516M) 2.004ms
[542.403s][info][gc] GC(3368) Pause Young (Normal) (G1 Evacuation Pause) 462M->190M(516M) 2.102ms
[542.537s][info][gc] GC(3369) Pause Young (Normal) (G1 Evacuation Pause) 454M->192M(516M) 2.109ms
[542.669s][info][gc] GC(3370) Pause Young (Normal) (G1 Evacuation Pause) 460M->195M(516M) 2.035ms
[542.809s][info][gc] GC(3371) Pause Young (Normal) (G1 Evacuation Pause) 455M->196M(516M) 1.931ms
[542.940s][info][gc] GC(3372) Pause Young (Concurrent Start) (G1 Evacuation Pause) 460M->196M(516M) 1.765ms
[542.940s][info][gc] GC(3373) Concurrent Mark Cycle
[542.952s][info][gc] GC(3373) Pause Remark 218M->134M(388M) 0.464ms
[542.958s][info][gc] GC(3373) Pause Cleanup 151M->151M(388M) 0.051ms
[542.958s][info][gc] GC(3373) Concurrent Mark Cycle 18.318ms
[543.051s][info][gc] GC(3374) Pause Young (Prepare Mixed) (G1 Evacuation Pause) 324M->116M(388M) 1.957ms
[543.246s][info][gc] GC(3375) Pause Young (Mixed) (G1 Evacuation Pause) 328M->98M(388M) 1.953ms
[543.353s][info][gc] GC(3376) Pause Young (Normal) (G1 Evacuation Pause) 310M->99M(388M) 1.820ms
[543.462s][info][gc] GC(3377) Pause Young (Normal) (G1 Evacuation Pause) 311M->101M(388M) 1.752ms
[543.570s][info][gc] GC(3378) Pause Young (Normal) (G1 Evacuation Pause) 313M->102M(388M) 1.735ms
[543.681s][info][gc] GC(3379) Pause Young (Normal) (G1 Evacuation Pause) 314M->105M(468M) 1.687ms
[543.819s][info][gc] GC(3380) Pause Young (Normal) (G1 Evacuation Pause) 365M->107M(468M) 2.242ms
[543.964s][info][gc] GC(3381) Pause Young (Normal) (G1 Evacuation Pause) 367M->109M(468M) 1.738ms
[544.097s][info][gc] GC(3382) Pause Young (Normal) (G1 Evacuation Pause) 365M->112M(468M) 2.003ms
[544.230s][info][gc] GC(3383) Pause Young (Normal) (G1 Evacuation Pause) 368M->114M(468M) 1.961ms
[544.358s][info][gc] GC(3384) Pause Young (Normal) (G1 Evacuation Pause) 370M->116M(468M) 1.984ms
[544.500s][info][gc] GC(3385) Pause Young (Normal) (G1 Evacuation Pause) 372M->117M(468M) 1.837ms
[544.628s][info][gc] GC(3386) Pause Young (Normal) (G1 Evacuation Pause) 373M->120M(468M) 1.889ms
[544.759s][info][gc] GC(3387) Pause Young (Normal) (G1 Evacuation Pause) 376M->123M(468M) 1.826ms
[544.892s][info][gc] GC(3388) Pause Young (Normal) (G1 Evacuation Pause) 379M->123M(468M) 1.853ms
[545.027s][info][gc] GC(3389) Pause Young (Normal) (G1 Evacuation Pause) 383M->126M(468M) 1.842ms
[545.169s][info][gc] GC(3390) Pause Young (Normal) (G1 Evacuation Pause) 382M->129M(468M) 1.933ms
[545.304s][info][gc] GC(3391) Pause Young (Normal) (G1 Evacuation Pause) 385M->132M(468M) 1.904ms
[545.433s][info][gc] GC(3392) Pause Young (Normal) (G1 Evacuation Pause) 388M->132M(468M) 1.966ms
[545.569s][info][gc] GC(3393) Pause Young (Normal) (G1 Evacuation Pause) 392M->135M(468M) 1.805ms
[545.698s][info][gc] GC(3394) Pause Young (Normal) (G1 Evacuation Pause) 391M->137M(468M) 1.787ms
[545.827s][info][gc] GC(3395) Pause Young (Normal) (G1 Evacuation Pause) 393M->139M(468M) 1.865ms
[546.041s][info][gc] GC(3396) Pause Young (Normal) (G1 Evacuation Pause) 395M->141M(468M) 1.775ms
[546.169s][info][gc] GC(3397) Pause Young (Normal) (G1 Evacuation Pause) 397M->143M(468M) 1.945ms
[546.306s][info][gc] GC(3398) Pause Young (Normal) (G1 Evacuation Pause) 399M->147M(468M) 1.858ms
[546.434s][info][gc] GC(3399) Pause Young (Normal) (G1 Evacuation Pause) 399M->149M(468M) 2.166ms
[546.562s][info][gc] GC(3400) Pause Young (Normal) (G1 Evacuation Pause) 405M->150M(468M) 1.914ms
[546.690s][info][gc] GC(3401) Pause Young (Normal) (G1 Evacuation Pause) 406M->152M(468M) 2.036ms
[546.829s][info][gc] GC(3402) Pause Young (Normal) (G1 Evacuation Pause) 408M->156M(468M) 1.938ms
[546.956s][info][gc] GC(3403) Pause Young (Normal) (G1 Evacuation Pause) 412M->158M(468M) 2.005ms
[547.083s][info][gc] GC(3404) Pause Young (Normal) (G1 Evacuation Pause) 414M->161M(468M) 2.034ms
[547.207s][info][gc] GC(3405) Pause Young (Normal) (G1 Evacuation Pause) 413M->160M(468M) 1.779ms
[547.340s][info][gc] GC(3406) Pause Young (Normal) (G1 Evacuation Pause) 416M->163M(468M) 1.776ms
[547.465s][info][gc] GC(3407) Pause Young (Normal) (G1 Evacuation Pause) 411M->166M(468M) 1.723ms
[547.585s][info][gc] GC(3408) Pause Young (Normal) (G1 Evacuation Pause) 410M->167M(468M) 1.777ms
[547.714s][info][gc] GC(3409) Pause Young (Normal) (G1 Evacuation Pause) 419M->170M(468M) 1.746ms
[547.833s][info][gc] GC(3410) Pause Young (Normal) (G1 Evacuation Pause) 410M->171M(468M) 1.717ms
[547.967s][info][gc] GC(3411) Pause Young (Normal) (G1 Evacuation Pause) 419M->174M(468M) 1.870ms
[548.087s][info][gc] GC(3412) Pause Young (Normal) (G1 Evacuation Pause) 414M->175M(468M) 1.835ms
[548.209s][info][gc] GC(3413) Pause Young (Normal) (G1 Evacuation Pause) 419M->178M(468M) 1.810ms
[548.326s][info][gc] GC(3414) Pause Young (Concurrent Start) (G1 Evacuation Pause) 410M->180M(468M) 1.735ms
[548.326s][info][gc] GC(3415) Concurrent Mark Cycle
[548.339s][info][gc] GC(3415) Pause Remark 210M->138M(376M) 0.412ms
[548.345s][info][gc] GC(3415) Pause Cleanup 146M->146M(376M) 0.047ms
[548.345s][info][gc] GC(3415) Concurrent Mark Cycle 19.369ms
[548.434s][info][gc] GC(3416) Pause Young (Prepare Mixed) (G1 Evacuation Pause) 312M->109M(376M) 1.630ms
[548.539s][info][gc] GC(3417) Pause Young (Mixed) (G1 Evacuation Pause) 317M->93M(376M) 1.664ms
[548.726s][info][gc] GC(3418) Pause Young (Normal) (G1 Evacuation Pause) 297M->96M(376M) 1.559ms
[548.828s][info][gc] GC(3419) Pause Young (Normal) (G1 Evacuation Pause) 300M->97M(376M) 1.652ms
[548.937s][info][gc] GC(3420) Pause Young (Normal) (G1 Evacuation Pause) 305M->98M(376M) 1.646ms
[549.045s][info][gc] GC(3421) Pause Young (Normal) (G1 Evacuation Pause) 302M->101M(452M) 1.762ms
[549.171s][info][gc] GC(3422) Pause Young (Normal) (G1 Evacuation Pause) 349M->103M(452M) 2.018ms
[549.298s][info][gc] GC(3423) Pause Young (Normal) (G1 Evacuation Pause) 351M->104M(452M) 1.871ms
[549.432s][info][gc] GC(3424) Pause Young (Normal) (G1 Evacuation Pause) 348M->107M(452M) 1.976ms
[549.560s][info][gc] GC(3425) Pause Young (Normal) (G1 Evacuation Pause) 351M->109M(452M) 2.082ms
[549.683s][info][gc] GC(3426) Pause Young (Normal) (G1 Evacuation Pause) 353M->112M(452M) 1.975ms
[549.813s][info][gc] GC(3427) Pause Young (Normal) (G1 Evacuation Pause) 356M->113M(544M) 1.933ms
[549.981s][info][gc] GC(3428) Pause Young (Normal) (G1 Evacuation Pause) 413M->116M(544M) 1.910ms
[550.134s][info][gc] GC(3429) Pause Young (Normal) (G1 Evacuation Pause) 412M->118M(544M) 2.184ms
[550.293s][info][gc] GC(3430) Pause Young (Normal) (G1 Evacuation Pause) 414M->120M(544M) 2.128ms
[550.444s][info][gc] GC(3431) Pause Young (Normal) (G1 Evacuation Pause) 416M->123M(544M) 2.125ms
[550.593s][info][gc] GC(3432) Pause Young (Normal) (G1 Evacuation Pause) 419M->125M(544M) 2.044ms
[550.756s][info][gc] GC(3433) Pause Young (Normal) (G1 Evacuation Pause) 421M->127M(544M) 2.379ms
[550.910s][info][gc] GC(3434) Pause Young (Normal) (G1 Evacuation Pause) 423M->132M(544M) 2.135ms
[551.062s][info][gc] GC(3435) Pause Young (Normal) (G1 Evacuation Pause) 424M->134M(544M) 2.182ms
[551.209s][info][gc] GC(3436) Pause Young (Normal) (G1 Evacuation Pause) 430M->136M(544M) 2.095ms
[551.435s][info][gc] GC(3437) Pause Young (Normal) (G1 Evacuation Pause) 432M->137M(544M) 2.145ms
[551.534s][info][gc] GC(3438) Pause Young (Normal) (G1 Evacuation Pause) 433M->150M(544M) 3.292ms
[551.626s][info][gc] GC(3439) Pause Young (Normal) (G1 Evacuation Pause) 438M->153M(544M) 2.918ms
[551.704s][info][gc] GC(3440) Pause Young (Normal) (G1 Evacuation Pause) 449M->155M(544M) 2.661ms
[551.801s][info][gc] GC(3441) Pause Young (Normal) (G1 Evacuation Pause) 451M->157M(544M) 2.791ms
[551.883s][info][gc] GC(3442) Pause Young (Normal) (G1 Evacuation Pause) 457M->160M(656M) 2.778ms
[552.003s][info][gc] GC(3443) Pause Young (Normal) (G1 Evacuation Pause) 528M->165M(656M) 2.623ms
[552.111s][info][gc] GC(3444) Pause Young (Normal) (G1 Evacuation Pause) 529M->165M(656M) 2.497ms
[552.214s][info][gc] GC(3445) Pause Young (Normal) (G1 Evacuation Pause) 529M->167M(656M) 2.414ms
[552.322s][info][gc] GC(3446) Pause Young (Normal) (G1 Evacuation Pause) 527M->173M(656M) 2.830ms
[552.430s][info][gc] GC(3447) Pause Young (Normal) (G1 Evacuation Pause) 533M->176M(788M) 2.573ms
[552.569s][info][gc] GC(3448) Pause Young (Normal) (G1 Evacuation Pause) 616M->180M(788M) 2.960ms
[552.695s][info][gc] GC(3449) Pause Young (Normal) (G1 Evacuation Pause) 616M->182M(788M) 2.913ms
[552.819s][info][gc] GC(3450) Pause Young (Normal) (G1 Evacuation Pause) 618M->183M(788M) 2.854ms
[552.965s][info][gc] GC(3451) Pause Young (Normal) (G1 Evacuation Pause) 619M->189M(788M) 2.874ms
[553.105s][info][gc] GC(3452) Pause Young (Normal) (G1 Evacuation Pause) 621M->195M(788M) 3.516ms
[553.238s][info][gc] GC(3453) Pause Young (Normal) (G1 Evacuation Pause) 627M->199M(788M) 2.976ms
[553.370s][info][gc] GC(3454) Pause Young (Normal) (G1 Evacuation Pause) 635M->201M(788M) 3.160ms
[553.501s][info][gc] GC(3455) Pause Young (Normal) (G1 Evacuation Pause) 633M->204M(788M) 3.248ms
[553.637s][info][gc] GC(3456) Pause Young (Normal) (G1 Evacuation Pause) 640M->206M(788M) 3.091ms
[553.772s][info][gc] GC(3457) Pause Young (Normal) (G1 Evacuation Pause) 642M->212M(788M) 3.484ms
[553.902s][info][gc] GC(3458) Pause Young (Normal) (G1 Evacuation Pause) 644M->214M(788M) 2.905ms
[554.041s][info][gc] GC(3459) Pause Young (Normal) (G1 Evacuation Pause) 650M->221M(788M) 3.526ms
[554.181s][info][gc] GC(3460) Pause Young (Normal) (G1 Evacuation Pause) 657M->223M(788M) 2.835ms
[554.328s][info][gc] GC(3461) Pause Young (Normal) (G1 Evacuation Pause) 659M->225M(788M) 3.210ms
[554.463s][info][gc] GC(3462) Pause Young (Normal) (G1 Evacuation Pause) 661M->232M(788M) 2.760ms
[554.599s][info][gc] GC(3463) Pause Young (Normal) (G1 Evacuation Pause) 664M->233M(788M) 3.349ms
[554.731s][info][gc] GC(3464) Pause Young (Normal) (G1 Evacuation Pause) 665M->236M(788M) 2.946ms
[554.861s][info][gc] GC(3465) Pause Young (Normal) (G1 Evacuation Pause) 672M->239M(788M) 2.917ms
[554.996s][info][gc] GC(3466) Pause Young (Normal) (G1 Evacuation Pause) 679M->244M(788M) 2.834ms
[555.133s][info][gc] GC(3467) Pause Young (Normal) (G1 Evacuation Pause) 676M->247M(788M) 3.436ms
[555.268s][info][gc] GC(3468) Pause Young (Normal) (G1 Evacuation Pause) 683M->253M(788M) 3.068ms
[555.391s][info][gc] GC(3469) Pause Young (Normal) (G1 Evacuation Pause) 689M->253M(788M) 2.845ms
[555.524s][info][gc] GC(3470) Pause Young (Normal) (G1 Evacuation Pause) 693M->258M(788M) 2.883ms
[555.673s][info][gc] GC(3471) Pause Young (Normal) (G1 Evacuation Pause) 694M->263M(788M) 3.485ms
[555.801s][info][gc] GC(3472) Pause Young (Normal) (G1 Evacuation Pause) 695M->266M(788M) 3.156ms
[555.933s][info][gc] GC(3473) Pause Young (Normal) (G1 Evacuation Pause) 702M->268M(788M) 3.023ms
[556.071s][info][gc] GC(3474) Pause Young (Normal) (G1 Evacuation Pause) 704M->273M(788M) 3.066ms
[556.199s][info][gc] GC(3475) Pause Young (Normal) (G1 Evacuation Pause) 701M->275M(788M) 2.954ms
[556.327s][info][gc] GC(3476) Pause Young (Normal) (G1 Evacuation Pause) 707M->278M(788M) 2.756ms
[556.453s][info][gc] GC(3477) Pause Young (Normal) (G1 Evacuation Pause) 702M->283M(788M) 2.967ms
[556.584s][info][gc] GC(3478) Pause Young (Normal) (G1 Evacuation Pause) 699M->288M(788M) 3.433ms
[556.722s][info][gc] GC(3479) Pause Young (Normal) (G1 Evacuation Pause) 700M->290M(788M) 3.009ms
[556.859s][info][gc] GC(3480) Pause Young (Normal) (G1 Evacuation Pause) 698M->293M(788M) 2.907ms
[556.985s][info][gc] GC(3481) Pause Young (Concurrent Start) (G1 Evacuation Pause) 705M->297M(788M) 3.011ms
[556.985s][info][gc] GC(3482) Concurrent Mark Cycle
[557.036s][info][gc] GC(3482) Pause Remark 425M->351M(760M) 0.437ms
[557.061s][info][gc] GC(3482) Pause Cleanup 418M->418M(760M) 0.059ms
[557.063s][info][gc] GC(3482) Concurrent Mark Cycle 77.635ms
[557.131s][info][gc] GC(3483) Pause Young (Prepare Mixed) (G1 Evacuation Pause) 635M->229M(760M) 3.199ms
[557.267s][info][gc] GC(3484) Pause Young (Mixed) (G1 Evacuation Pause) 649M->228M(760M) 2.948ms
[557.401s][info][gc] GC(3485) Pause Young (Normal) (G1 Evacuation Pause) 644M->231M(760M) 3.360ms
[557.536s][info][gc] GC(3486) Pause Young (Normal) (G1 Evacuation Pause) 651M->235M(760M) 3.124ms
[557.671s][info][gc] GC(3487) Pause Young (Normal) (G1 Evacuation Pause) 651M->239M(760M) 2.931ms
[557.800s][info][gc] GC(3488) Pause Young (Normal) (G1 Evacuation Pause) 655M->241M(760M) 3.199ms
[557.931s][info][gc] GC(3489) Pause Young (Normal) (G1 Evacuation Pause) 661M->247M(760M) 2.872ms
[558.059s][info][gc] GC(3490) Pause Young (Normal) (G1 Evacuation Pause) 663M->247M(760M) 3.034ms
[558.190s][info][gc] GC(3491) Pause Young (Normal) (G1 Evacuation Pause) 667M->253M(760M) 3.113ms
[558.327s][info][gc] GC(3492) Pause Young (Normal) (G1 Evacuation Pause) 669M->255M(760M) 2.963ms
[558.453s][info][gc] GC(3493) Pause Young (Normal) (G1 Evacuation Pause) 675M->259M(760M) 3.090ms
[558.583s][info][gc] GC(3494) Pause Young (Normal) (G1 Evacuation Pause) 679M->262M(760M) 3.125ms
[558.716s][info][gc] GC(3495) Pause Young (Normal) (G1 Evacuation Pause) 682M->266M(760M) 3.134ms
[558.853s][info][gc] GC(3496) Pause Young (Normal) (G1 Evacuation Pause) 682M->271M(760M) 3.498ms
[558.979s][info][gc] GC(3497) Pause Young (Normal) (G1 Evacuation Pause) 675M->273M(760M) 2.808ms
[559.107s][info][gc] GC(3498) Pause Young (Normal) (G1 Evacuation Pause) 685M->280M(760M) 2.664ms
[559.226s][info][gc] GC(3499) Pause Young (Normal) (G1 Evacuation Pause) 680M->281M(760M) 2.600ms
[559.347s][info][gc] GC(3500) Pause Young (Normal) (G1 Evacuation Pause) 685M->284M(760M) 2.680ms
[559.573s][info][gc] GC(3501) Pause Young (Concurrent Start) (G1 Evacuation Pause) 684M->286M(760M) 2.825ms
[559.573s][info][gc] GC(3502) Concurrent Mark Cycle
[559.599s][info][gc] GC(3502) Pause Remark 338M->338M(760M) 0.436ms
[559.623s][info][gc] GC(3502) Pause Cleanup 372M->372M(760M) 0.072ms
[559.624s][info][gc] GC(3502) Concurrent Mark Cycle 50.674ms
[559.791s][info][gc] GC(3503) Pause Young (Prepare Mixed) (G1 Evacuation Pause) 682M->291M(760M) 2.531ms
[559.993s][info][gc] GC(3504) Pause Young (Mixed) (G1 Evacuation Pause) 679M->235M(760M) 3.849ms
[560.236s][info][gc] GC(3505) Pause Young (Mixed) (G1 Evacuation Pause) 655M->192M(760M) 5.691ms
[560.465s][info][gc] GC(3506) Pause Young (Mixed) (G1 Evacuation Pause) 612M->190M(760M) 3.323ms
[560.688s][info][gc] GC(3507) Pause Young (Normal) (G1 Evacuation Pause) 610M->196M(760M) 2.978ms
[560.905s][info][gc] GC(3508) Pause Young (Normal) (G1 Evacuation Pause) 616M->200M(760M) 3.062ms
[561.124s][info][gc] GC(3509) Pause Young (Normal) (G1 Evacuation Pause) 620M->204M(760M) 3.026ms
[561.340s][info][gc] GC(3510) Pause Young (Normal) (G1 Evacuation Pause) 624M->206M(760M) 2.870ms
[561.561s][info][gc] GC(3511) Pause Young (Normal) (G1 Evacuation Pause) 630M->211M(760M) 2.549ms
[561.787s][info][gc] GC(3512) Pause Young (Normal) (G1 Evacuation Pause) 631M->215M(760M) 2.993ms
[562.009s][info][gc] GC(3513) Pause Young (Normal) (G1 Evacuation Pause) 635M->217M(760M) 2.938ms
[562.227s][info][gc] GC(3514) Pause Young (Normal) (G1 Evacuation Pause) 637M->220M(760M) 2.697ms
[562.458s][info][gc] GC(3515) Pause Young (Normal) (G1 Evacuation Pause) 640M->225M(760M) 3.104ms
[562.689s][info][gc] GC(3516) Pause Young (Normal) (G1 Evacuation Pause) 645M->227M(760M) 2.926ms
[562.908s][info][gc] GC(3517) Pause Young (Normal) (G1 Evacuation Pause) 647M->231M(760M) 2.619ms
[563.124s][info][gc] GC(3518) Pause Young (Normal) (G1 Evacuation Pause) 651M->234M(760M) 2.931ms
[563.349s][info][gc] GC(3519) Pause Young (Normal) (G1 Evacuation Pause) 654M->238M(760M) 3.033ms
[563.569s][info][gc] GC(3520) Pause Young (Normal) (G1 Evacuation Pause) 658M->241M(760M) 2.651ms
[563.792s][info][gc] GC(3521) Pause Young (Normal) (G1 Evacuation Pause) 661M->246M(760M) 3.034ms
[564.014s][info][gc] GC(3522) Pause Young (Normal) (G1 Evacuation Pause) 666M->250M(760M) 2.684ms
[564.235s][info][gc] GC(3523) Pause Young (Normal) (G1 Evacuation Pause) 670M->252M(760M) 2.701ms
[564.456s][info][gc] GC(3524) Pause Young (Normal) (G1 Evacuation Pause) 672M->255M(760M) 2.722ms
[564.670s][info][gc] GC(3525) Pause Young (Normal) (G1 Evacuation Pause) 675M->260M(760M) 2.804ms
[564.889s][info][gc] GC(3526) Pause Young (Normal) (G1 Evacuation Pause) 680M->264M(760M) 2.647ms
[565.201s][info][gc] GC(3527) Pause Young (Normal) (G1 Evacuation Pause) 680M->265M(760M) 2.630ms
[565.631s][info][gc] GC(3528) Pause Young (Normal) (G1 Evacuation Pause) 677M->268M(760M) 2.905ms
[566.032s][info][gc] GC(3529) Pause Young (Normal) (G1 Evacuation Pause) 680M->272M(760M) 2.675ms
[566.430s][info][gc] GC(3530) Pause Young (Normal) (G1 Evacuation Pause) 680M->277M(760M) 2.430ms
[566.842s][info][gc] GC(3531) Pause Young (Normal) (G1 Evacuation Pause) 681M->281M(760M) 2.588ms
[567.240s][info][gc] GC(3532) Pause Young (Normal) (G1 Evacuation Pause) 681M->284M(760M) 2.547ms
[567.626s][info][gc] GC(3533) Pause Young (Normal) (G1 Evacuation Pause) 680M->285M(760M) 2.441ms
[568.029s][info][gc] GC(3534) Pause Young (Normal) (G1 Evacuation Pause) 685M->291M(760M) 2.439ms
[568.413s][info][gc] GC(3535) Pause Young (Concurrent Start) (G1 Evacuation Pause) 679M->292M(760M) 2.393ms
[568.413s][info][gc] GC(3536) Concurrent Mark Cycle
[568.428s][info][gc] GC(3536) Pause Remark 308M->212M(668M) 0.433ms
[568.439s][info][gc] GC(3536) Pause Cleanup 226M->226M(668M) 0.125ms
[568.439s][info][gc] GC(3536) Concurrent Mark Cycle 26.398ms
[568.781s][info][gc] GC(3537) Pause Young (Prepare Mixed) (G1 Evacuation Pause) 564M->201M(668M) 2.464ms
[569.139s][info][gc] GC(3538) Pause Young (Mixed) (G1 Evacuation Pause) 565M->154M(668M) 3.214ms
[569.500s][info][gc] GC(3539) Pause Young (Mixed) (G1 Evacuation Pause) 518M->150M(668M) 2.760ms
[569.862s][info][gc] GC(3540) Pause Young (Normal) (G1 Evacuation Pause) 518M->154M(668M) 2.212ms
[570.222s][info][gc] GC(3541) Pause Young (Normal) (G1 Evacuation Pause) 522M->161M(668M) 2.739ms
[570.370s][info][gc] GC(3542) Pause Young (Normal) (G1 Evacuation Pause) 525M->163M(668M) 2.738ms
[570.531s][info][gc] GC(3543) Pause Young (Normal) (G1 Evacuation Pause) 531M->167M(668M) 2.658ms
[570.686s][info][gc] GC(3544) Pause Young (Normal) (G1 Evacuation Pause) 535M->170M(668M) 2.716ms
[570.846s][info][gc] GC(3545) Pause Young (Normal) (G1 Evacuation Pause) 538M->172M(668M) 2.676ms
[571.001s][info][gc] GC(3546) Pause Young (Normal) (G1 Evacuation Pause) 540M->176M(668M) 2.775ms
[571.161s][info][gc] GC(3547) Pause Young (Normal) (G1 Evacuation Pause) 544M->176M(668M) 2.473ms
[571.321s][info][gc] GC(3548) Pause Young (Normal) (G1 Evacuation Pause) 544M->181M(668M) 2.708ms
[571.469s][info][gc] GC(3549) Pause Young (Normal) (G1 Evacuation Pause) 549M->182M(668M) 2.494ms
[571.629s][info][gc] GC(3550) Pause Young (Normal) (G1 Evacuation Pause) 554M->187M(668M) 2.342ms
[571.780s][info][gc] GC(3551) Pause Young (Normal) (G1 Evacuation Pause) 551M->188M(668M) 2.468ms
[571.938s][info][gc] GC(3552) Pause Young (Normal) (G1 Evacuation Pause) 560M->193M(668M) 2.326ms
[572.092s][info][gc] GC(3553) Pause Young (Normal) (G1 Evacuation Pause) 557M->195M(668M) 2.511ms
[572.245s][info][gc] GC(3554) Pause Young (Normal) (G1 Evacuation Pause) 563M->197M(668M) 2.395ms
[572.497s][info][gc] GC(3555) Pause Young (Normal) (G1 Evacuation Pause) 569M->202M(668M) 2.347ms
[572.647s][info][gc] GC(3556) Pause Young (Normal) (G1 Evacuation Pause) 566M->204M(668M) 2.564ms
[572.810s][info][gc] GC(3557) Pause Young (Normal) (G1 Evacuation Pause) 572M->209M(668M) 2.583ms
[572.964s][info][gc] GC(3558) Pause Young (Normal) (G1 Evacuation Pause) 577M->211M(668M) 2.497ms
[573.131s][info][gc] GC(3559) Pause Young (Normal) (G1 Evacuation Pause) 579M->215M(668M) 2.492ms
[573.284s][info][gc] GC(3560) Pause Young (Normal) (G1 Evacuation Pause) 583M->216M(668M) 2.444ms
[573.445s][info][gc] GC(3561) Pause Young (Normal) (G1 Evacuation Pause) 584M->221M(668M) 2.438ms
[573.606s][info][gc] GC(3562) Pause Young (Normal) (G1 Evacuation Pause) 589M->224M(668M) 2.765ms
[573.758s][info][gc] GC(3563) Pause Young (Normal) (G1 Evacuation Pause) 592M->227M(668M) 2.725ms
[573.922s][info][gc] GC(3564) Pause Young (Normal) (G1 Evacuation Pause) 595M->230M(668M) 2.581ms
[574.077s][info][gc] GC(3565) Pause Young (Normal) (G1 Evacuation Pause) 594M->232M(668M) 2.278ms
[574.237s][info][gc] GC(3566) Pause Young (Normal) (G1 Evacuation Pause) 600M->237M(668M) 2.581ms
[574.390s][info][gc] GC(3567) Pause Young (Normal) (G1 Evacuation Pause) 597M->239M(668M) 2.350ms
[574.553s][info][gc] GC(3568) Pause Young (Normal) (G1 Evacuation Pause) 599M->242M(668M) 2.895ms
[574.822s][info][gc] GC(3569) Pause Young (Normal) (G1 Evacuation Pause) 594M->246M(668M) 2.517ms
[574.965s][info][gc] GC(3570) Pause Young (Normal) (G1 Evacuation Pause) 594M->249M(668M) 2.539ms
[575.112s][info][gc] GC(3571) Pause Young (Normal) (G1 Evacuation Pause) 597M->251M(668M) 2.432ms
[575.265s][info][gc] GC(3572) Pause Young (Normal) (G1 Evacuation Pause) 595M->254M(668M) 2.580ms
[575.407s][info][gc] GC(3573) Pause Young (Concurrent Start) (G1 Evacuation Pause) 594M->257M(668M) 2.439ms
[575.407s][info][gc] GC(3574) Concurrent Mark Cycle
[575.416s][info][gc] GC(3574) Pause Remark 277M->137M(400M) 0.450ms
[575.419s][info][gc] GC(3574) Pause Cleanup 144M->144M(400M) 0.048ms
[575.419s][info][gc] GC(3574) Concurrent Mark Cycle 12.652ms
[575.504s][info][gc] GC(3575) Pause Young (Prepare Mixed) (G1 Evacuation Pause) 329M->120M(400M) 2.221ms
[575.600s][info][gc] GC(3576) Pause Young (Mixed) (G1 Evacuation Pause) 340M->88M(400M) 2.085ms
[575.693s][info][gc] GC(3577) Pause Young (Normal) (G1 Evacuation Pause) 308M->89M(400M) 1.684ms
[575.788s][info][gc] GC(3578) Pause Young (Normal) (G1 Evacuation Pause) 309M->91M(480M) 1.735ms
[575.909s][info][gc] GC(3579) Pause Young (Normal) (G1 Evacuation Pause) 359M->92M(480M) 2.196ms
[576.023s][info][gc] GC(3580) Pause Young (Normal) (G1 Evacuation Pause) 356M->95M(480M) 2.016ms
[576.135s][info][gc] GC(3581) Pause Young (Normal) (G1 Evacuation Pause) 359M->98M(480M) 1.790ms
[576.247s][info][gc] GC(3582) Pause Young (Normal) (G1 Evacuation Pause) 362M->100M(480M) 1.893ms
[576.364s][info][gc] GC(3583) Pause Young (Normal) (G1 Evacuation Pause) 368M->103M(576M) 1.857ms
[576.512s][info][gc] GC(3584) Pause Young (Normal) (G1 Evacuation Pause) 423M->105M(576M) 2.237ms
[576.652s][info][gc] GC(3585) Pause Young (Normal) (G1 Evacuation Pause) 425M->108M(576M) 2.171ms
[576.787s][info][gc] GC(3586) Pause Young (Normal) (G1 Evacuation Pause) 424M->110M(576M) 2.314ms
[576.925s][info][gc] GC(3587) Pause Young (Normal) (G1 Evacuation Pause) 426M->113M(576M) 2.059ms
[577.162s][info][gc] GC(3588) Pause Young (Normal) (G1 Evacuation Pause) 429M->118M(576M) 2.203ms
[577.292s][info][gc] GC(3589) Pause Young (Normal) (G1 Evacuation Pause) 430M->120M(576M) 2.324ms
[577.424s][info][gc] GC(3590) Pause Young (Normal) (G1 Evacuation Pause) 436M->122M(576M) 2.097ms
[577.555s][info][gc] GC(3591) Pause Young (Normal) (G1 Evacuation Pause) 438M->124M(576M) 2.311ms
[577.696s][info][gc] GC(3592) Pause Young (Normal) (G1 Evacuation Pause) 440M->128M(576M) 2.246ms
[577.828s][info][gc] GC(3593) Pause Young (Normal) (G1 Evacuation Pause) 444M->130M(576M) 2.268ms
[577.959s][info][gc] GC(3594) Pause Young (Normal) (G1 Evacuation Pause) 446M->132M(576M) 2.196ms
[578.093s][info][gc] GC(3595) Pause Young (Normal) (G1 Evacuation Pause) 448M->136M(576M) 2.307ms
[578.226s][info][gc] GC(3596) Pause Young (Normal) (G1 Evacuation Pause) 452M->136M(576M) 2.182ms
[578.374s][info][gc] GC(3597) Pause Young (Normal) (G1 Evacuation Pause) 456M->141M(576M) 2.495ms
[578.510s][info][gc] GC(3598) Pause Young (Normal) (G1 Evacuation Pause) 457M->143M(576M) 2.291ms
[578.644s][info][gc] GC(3599) Pause Young (Normal) (G1 Evacuation Pause) 459M->146M(576M) 2.144ms
[578.777s][info][gc] GC(3600) Pause Young (Normal) (G1 Evacuation Pause) 462M->147M(576M) 2.109ms
[578.925s][info][gc] GC(3601) Pause Young (Normal) (G1 Evacuation Pause) 467M->151M(576M) 2.218ms
[579.059s][info][gc] GC(3602) Pause Young (Normal) (G1 Evacuation Pause) 467M->154M(576M) 2.331ms
[579.194s][info][gc] GC(3603) Pause Young (Normal) (G1 Evacuation Pause) 470M->156M(576M) 2.110ms
[579.324s][info][gc] GC(3604) Pause Young (Normal) (G1 Evacuation Pause) 472M->158M(576M) 1.950ms
[579.571s][info][gc] GC(3605) Pause Young (Normal) (G1 Evacuation Pause) 478M->161M(576M) 2.532ms
[579.706s][info][gc] GC(3606) Pause Young (Normal) (G1 Evacuation Pause) 477M->167M(576M) 2.358ms
[579.838s][info][gc] GC(3607) Pause Young (Normal) (G1 Evacuation Pause) 483M->169M(576M) 2.161ms
[579.966s][info][gc] GC(3608) Pause Young (Normal) (G1 Evacuation Pause) 485M->172M(576M) 2.250ms
[580.095s][info][gc] GC(3609) Pause Young (Normal) (G1 Evacuation Pause) 488M->172M(576M) 2.098ms
[580.235s][info][gc] GC(3610) Pause Young (Normal) (G1 Evacuation Pause) 488M->177M(576M) 2.411ms
[580.363s][info][gc] GC(3611) Pause Young (Normal) (G1 Evacuation Pause) 493M->178M(576M) 2.296ms
[580.496s][info][gc] GC(3612) Pause Young (Normal) (G1 Evacuation Pause) 494M->183M(576M) 2.238ms
[580.626s][info][gc] GC(3613) Pause Young (Normal) (G1 Evacuation Pause) 499M->184M(576M) 2.448ms
[580.769s][info][gc] GC(3614) Pause Young (Normal) (G1 Evacuation Pause) 500M->187M(576M) 2.405ms
[580.903s][info][gc] GC(3615) Pause Young (Normal) (G1 Evacuation Pause) 503M->189M(576M) 2.135ms
[581.032s][info][gc] GC(3616) Pause Young (Normal) (G1 Evacuation Pause) 505M->192M(576M) 2.113ms
[581.163s][info][gc] GC(3617) Pause Young (Normal) (G1 Evacuation Pause) 508M->196M(576M) 2.069ms
[581.299s][info][gc] GC(3618) Pause Young (Normal) (G1 Evacuation Pause) 512M->198M(576M) 2.305ms
[581.433s][info][gc] GC(3619) Pause Young (Normal) (G1 Evacuation Pause) 510M->200M(576M) 2.281ms
[581.564s][info][gc] GC(3620) Pause Young (Normal) (G1 Evacuation Pause) 512M->202M(576M) 2.270ms
[581.787s][info][gc] GC(3621) Pause Young (Normal) (G1 Evacuation Pause) 510M->206M(576M) 2.358ms
[581.913s][info][gc] GC(3622) Pause Young (Normal) (G1 Evacuation Pause) 510M->209M(576M) 2.155ms
[582.053s][info][gc] GC(3623) Pause Young (Normal) (G1 Evacuation Pause) 513M->210M(576M) 2.155ms
[582.183s][info][gc] GC(3624) Pause Young (Normal) (G1 Evacuation Pause) 510M->214M(576M) 2.235ms
[582.303s][info][gc] GC(3625) Pause Young (Normal) (G1 Evacuation Pause) 506M->218M(576M) 2.453ms
[582.429s][info][gc] GC(3626) Pause Young (Normal) (G1 Evacuation Pause) 514M->220M(576M) 2.261ms
[582.548s][info][gc] GC(3627) Pause Young (Concurrent Start) (G1 Evacuation Pause) 512M->222M(576M) 2.184ms
[582.548s][info][gc] GC(3628) Concurrent Mark Cycle
[582.557s][info][gc] GC(3628) Pause Remark 247M->127M(348M) 0.443ms
[582.560s][info][gc] GC(3628) Pause Cleanup 134M->134M(348M) 0.041ms
[582.561s][info][gc] GC(3628) Concurrent Mark Cycle 12.142ms
[582.630s][info][gc] GC(3629) Pause Young (Prepare Mixed) (G1 Evacuation Pause) 286M->104M(348M) 1.958ms
[582.710s][info][gc] GC(3630) Pause Young (Mixed) (G1 Evacuation Pause) 292M->80M(348M) 1.650ms
[582.786s][info][gc] GC(3631) Pause Young (Normal) (G1 Evacuation Pause) 272M->82M(420M) 1.646ms
[582.892s][info][gc] GC(3632) Pause Young (Normal) (G1 Evacuation Pause) 318M->84M(420M) 1.717ms
[582.993s][info][gc] GC(3633) Pause Young (Normal) (G1 Evacuation Pause) 316M->87M(420M) 1.739ms
[583.096s][info][gc] GC(3634) Pause Young (Normal) (G1 Evacuation Pause) 319M->89M(420M) 1.739ms
[583.197s][info][gc] GC(3635) Pause Young (Normal) (G1 Evacuation Pause) 321M->90M(504M) 1.770ms
[583.317s][info][gc] GC(3636) Pause Young (Normal) (G1 Evacuation Pause) 370M->92M(504M) 1.885ms
[583.439s][info][gc] GC(3637) Pause Young (Normal) (G1 Evacuation Pause) 372M->95M(504M) 1.924ms
[583.560s][info][gc] GC(3638) Pause Young (Normal) (G1 Evacuation Pause) 371M->97M(504M) 1.910ms
[583.679s][info][gc] GC(3639) Pause Young (Normal) (G1 Evacuation Pause) 373M->99M(504M) 2.028ms
[583.797s][info][gc] GC(3640) Pause Young (Normal) (G1 Evacuation Pause) 371M->101M(504M) 1.994ms
[583.916s][info][gc] GC(3641) Pause Young (Normal) (G1 Evacuation Pause) 377M->103M(504M) 2.130ms
[584.117s][info][gc] GC(3642) Pause Young (Normal) (G1 Evacuation Pause) 379M->105M(504M) 2.100ms
[584.231s][info][gc] GC(3643) Pause Young (Normal) (G1 Evacuation Pause) 381M->108M(504M) 1.985ms
[584.355s][info][gc] GC(3644) Pause Young (Normal) (G1 Evacuation Pause) 384M->112M(608M) 1.997ms
[584.493s][info][gc] GC(3645) Pause Young (Normal) (G1 Evacuation Pause) 448M->115M(608M) 2.351ms
[584.634s][info][gc] GC(3646) Pause Young (Normal) (G1 Evacuation Pause) 447M->118M(608M) 2.397ms
[584.766s][info][gc] GC(3647) Pause Young (Normal) (G1 Evacuation Pause) 450M->118M(608M) 2.402ms
[584.916s][info][gc] GC(3648) Pause Young (Normal) (G1 Evacuation Pause) 454M->123M(608M) 2.405ms
[585.052s][info][gc] GC(3649) Pause Young (Normal) (G1 Evacuation Pause) 455M->126M(608M) 2.381ms
[585.186s][info][gc] GC(3650) Pause Young (Normal) (G1 Evacuation Pause) 458M->128M(608M) 2.440ms
[585.327s][info][gc] GC(3651) Pause Young (Normal) (G1 Evacuation Pause) 460M->130M(608M) 2.349ms
[585.467s][info][gc] GC(3652) Pause Young (Normal) (G1 Evacuation Pause) 466M->133M(608M) 2.286ms
[585.607s][info][gc] GC(3653) Pause Young (Normal) (G1 Evacuation Pause) 465M->138M(608M) 2.338ms
[585.739s][info][gc] GC(3654) Pause Young (Normal) (G1 Evacuation Pause) 473M->138M(608M) 2.092ms
[585.890s][info][gc] GC(3655) Pause Young (Normal) (G1 Evacuation Pause) 474M->143M(608M) 2.212ms
[586.025s][info][gc] GC(3656) Pause Young (Normal) (G1 Evacuation Pause) 475M->144M(608M) 2.307ms
[586.162s][info][gc] GC(3657) Pause Young (Normal) (G1 Evacuation Pause) 480M->148M(608M) 2.198ms
[586.401s][info][gc] GC(3658) Pause Young (Normal) (G1 Evacuation Pause) 480M->151M(608M) 2.414ms
[586.539s][info][gc] GC(3659) Pause Young (Normal) (G1 Evacuation Pause) 487M->153M(608M) 2.286ms
[586.678s][info][gc] GC(3660) Pause Young (Normal) (G1 Evacuation Pause) 489M->157M(608M) 2.319ms
[586.819s][info][gc] GC(3661) Pause Young (Normal) (G1 Evacuation Pause) 489M->157M(608M) 2.395ms
[586.961s][info][gc] GC(3662) Pause Young (Normal) (G1 Evacuation Pause) 493M->164M(608M) 2.304ms
[587.095s][info][gc] GC(3663) Pause Young (Normal) (G1 Evacuation Pause) 496M->165M(608M) 2.317ms
[587.235s][info][gc] GC(3664) Pause Young (Normal) (G1 Evacuation Pause) 501M->166M(608M) 2.257ms
[587.382s][info][gc] GC(3665) Pause Young (Normal) (G1 Evacuation Pause) 502M->170M(608M) 2.290ms
[587.520s][info][gc] GC(3666) Pause Young (Normal) (G1 Evacuation Pause) 506M->174M(608M) 2.777ms
[587.658s][info][gc] GC(3667) Pause Young (Normal) (G1 Evacuation Pause) 510M->177M(608M) 2.184ms
[587.808s][info][gc] GC(3668) Pause Young (Normal) (G1 Evacuation Pause) 513M->179M(608M) 2.182ms
[587.949s][info][gc] GC(3669) Pause Young (Normal) (G1 Evacuation Pause) 511M->182M(608M) 2.591ms
[588.093s][info][gc] GC(3670) Pause Young (Normal) (G1 Evacuation Pause) 518M->185M(608M) 2.216ms
[588.242s][info][gc] GC(3671) Pause Young (Normal) (G1 Evacuation Pause) 517M->187M(608M) 2.266ms
[588.384s][info][gc] GC(3672) Pause Young (Normal) (G1 Evacuation Pause) 523M->188M(608M) 2.205ms
[588.610s][info][gc] GC(3673) Pause Young (Normal) (G1 Evacuation Pause) 524M->203M(608M) 3.223ms
[588.697s][info][gc] GC(3674) Pause Young (Normal) (G1 Evacuation Pause) 527M->205M(608M) 3.068ms
[588.807s][info][gc] GC(3675) Pause Young (Normal) (G1 Evacuation Pause) 541M->209M(608M) 2.744ms
[588.891s][info][gc] GC(3676) Pause Young (Normal) (G1 Evacuation Pause) 533M->210M(608M) 2.545ms
[588.992s][info][gc] GC(3677) Pause Young (Normal) (G1 Evacuation Pause) 546M->214M(608M) 2.620ms
[589.095s][info][gc] GC(3678) Pause Young (Normal) (G1 Evacuation Pause) 542M->217M(732M) 2.729ms
[589.212s][info][gc] GC(3679) Pause Young (Normal) (G1 Evacuation Pause) 629M->220M(732M) 2.853ms
[589.333s][info][gc] GC(3680) Pause Young (Normal) (G1 Evacuation Pause) 628M->224M(732M) 2.783ms
[589.453s][info][gc] GC(3681) Pause Young (Normal) (G1 Evacuation Pause) 628M->228M(732M) 2.791ms
[589.565s][info][gc] GC(3682) Pause Young (Normal) (G1 Evacuation Pause) 628M->230M(732M) 2.652ms
[589.681s][info][gc] GC(3683) Pause Young (Normal) (G1 Evacuation Pause) 630M->234M(732M) 2.862ms
[589.796s][info][gc] GC(3684) Pause Young (Normal) (G1 Evacuation Pause) 634M->238M(732M) 2.759ms
[589.908s][info][gc] GC(3685) Pause Young (Normal) (G1 Evacuation Pause) 638M->238M(732M) 3.023ms
[590.028s][info][gc] GC(3686) Pause Young (Normal) (G1 Evacuation Pause) 642M->244M(732M) 2.767ms
[590.143s][info][gc] GC(3687) Pause Young (Normal) (G1 Evacuation Pause) 648M->248M(732M) 2.718ms
[590.263s][info][gc] GC(3688) Pause Young (Normal) (G1 Evacuation Pause) 648M->251M(732M) 2.572ms
[590.375s][info][gc] GC(3689) Pause Young (Normal) (G1 Evacuation Pause) 651M->254M(732M) 2.853ms
[590.488s][info][gc] GC(3690) Pause Young (Normal) (G1 Evacuation Pause) 658M->257M(732M) 2.904ms
[590.606s][info][gc] GC(3691) Pause Young (Normal) (G1 Evacuation Pause) 657M->261M(732M) 2.910ms
[590.717s][info][gc] GC(3692) Pause Young (Normal) (G1 Evacuation Pause) 657M->265M(732M) 2.795ms
[590.827s][info][gc] GC(3693) Pause Young (Normal) (G1 Evacuation Pause) 649M->267M(732M) 2.593ms
[590.935s][info][gc] GC(3694) Pause Young (Normal) (G1 Evacuation Pause) 655M->271M(732M) 2.701ms
[591.046s][info][gc] GC(3695) Pause Young (Normal) (G1 Evacuation Pause) 655M->274M(880M) 2.679ms
[591.194s][info][gc] GC(3696) Pause Young (Normal) (G1 Evacuation Pause) 770M->278M(880M) 2.876ms
[591.336s][info][gc] GC(3697) Pause Young (Normal) (G1 Evacuation Pause) 770M->285M(880M) 3.303ms
[591.468s][info][gc] GC(3698) Pause Young (Normal) (G1 Evacuation Pause) 769M->286M(880M) 3.208ms
[591.614s][info][gc] GC(3699) Pause Young (Normal) (G1 Evacuation Pause) 774M->291M(880M) 3.676ms
[591.761s][info][gc] GC(3700) Pause Young (Normal) (G1 Evacuation Pause) 775M->295M(880M) 3.338ms
[591.905s][info][gc] GC(3701) Pause Young (Normal) (G1 Evacuation Pause) 783M->299M(880M) 3.118ms
[592.043s][info][gc] GC(3702) Pause Young (Normal) (G1 Evacuation Pause) 787M->304M(880M) 3.316ms
[592.184s][info][gc] GC(3703) Pause Young (Normal) (G1 Evacuation Pause) 788M->307M(880M) 3.347ms
[592.333s][info][gc] GC(3704) Pause Young (Normal) (G1 Evacuation Pause) 787M->312M(880M) 3.690ms
[592.470s][info][gc] GC(3705) Pause Young (Normal) (G1 Evacuation Pause) 788M->316M(880M) 3.496ms
[592.617s][info][gc] GC(3706) Pause Young (Normal) (G1 Evacuation Pause) 788M->319M(880M) 3.807ms
[592.758s][info][gc] GC(3707) Pause Young (Normal) (G1 Evacuation Pause) 783M->324M(880M) 3.526ms
[592.904s][info][gc] GC(3708) Pause Young (Normal) (G1 Evacuation Pause) 792M->328M(880M) 3.565ms
[593.055s][info][gc] GC(3709) Pause Young (Concurrent Start) (G1 Evacuation Pause) 788M->331M(880M) 3.155ms
[593.055s][info][gc] GC(3710) Concurrent Mark Cycle
[593.115s][info][gc] GC(3710) Pause Remark 538M->423M(736M) 0.485ms
[593.158s][info][gc] GC(3710) Pause Cleanup 536M->536M(736M) 0.056ms
[593.159s][info][gc] GC(3710) Concurrent Mark Cycle 103.380ms
[593.185s][info][gc] GC(3711) Pause Young (Prepare Mixed) (G1 Evacuation Pause) 620M->218M(736M) 2.897ms
[593.309s][info][gc] GC(3712) Pause Young (Mixed) (G1 Evacuation Pause) 626M->211M(736M) 2.981ms
[593.435s][info][gc] GC(3713) Pause Young (Normal) (G1 Evacuation Pause) 615M->216M(736M) 3.089ms
[593.552s][info][gc] GC(3714) Pause Young (Normal) (G1 Evacuation Pause) 620M->218M(736M) 2.897ms
[593.671s][info][gc] GC(3715) Pause Young (Normal) (G1 Evacuation Pause) 622M->221M(736M) 2.979ms
[593.801s][info][gc] GC(3716) Pause Young (Normal) (G1 Evacuation Pause) 629M->229M(736M) 3.510ms
[593.922s][info][gc] GC(3717) Pause Young (Normal) (G1 Evacuation Pause) 633M->229M(736M) 2.914ms
[594.045s][info][gc] GC(3718) Pause Young (Normal) (G1 Evacuation Pause) 637M->234M(736M) 3.013ms
[594.172s][info][gc] GC(3719) Pause Young (Normal) (G1 Evacuation Pause) 634M->235M(736M) 2.927ms
[594.303s][info][gc] GC(3720) Pause Young (Normal) (G1 Evacuation Pause) 643M->241M(736M) 3.250ms
[594.426s][info][gc] GC(3721) Pause Young (Normal) (G1 Evacuation Pause) 645M->242M(736M) 2.624ms
[594.541s][info][gc] GC(3722) Pause Young (Normal) (G1 Evacuation Pause) 650M->245M(736M) 3.086ms
[594.663s][info][gc] GC(3723) Pause Young (Normal) (G1 Evacuation Pause) 649M->250M(736M) 2.950ms
[594.786s][info][gc] GC(3724) Pause Young (Normal) (G1 Evacuation Pause) 650M->256M(736M) 3.246ms
[594.889s][info][gc] GC(3725) Pause Young (Normal) (G1 Evacuation Pause) 652M->256M(736M) 2.856ms
[595.003s][info][gc] GC(3726) Pause Young (Normal) (G1 Evacuation Pause) 656M->261M(736M) 3.058ms
[595.127s][info][gc] GC(3727) Pause Young (Normal) (G1 Evacuation Pause) 653M->263M(884M) 3.255ms
[595.276s][info][gc] GC(3728) Pause Young (Normal) (G1 Evacuation Pause) 759M->268M(884M) 3.247ms
[595.415s][info][gc] GC(3729) Pause Young (Normal) (G1 Evacuation Pause) 756M->271M(884M) 3.108ms
[595.548s][info][gc] GC(3730) Pause Young (Normal) (G1 Evacuation Pause) 759M->273M(884M) 3.151ms
[595.691s][info][gc] GC(3731) Pause Young (Normal) (G1 Evacuation Pause) 761M->280M(884M) 3.509ms
[595.841s][info][gc] GC(3732) Pause Young (Normal) (G1 Evacuation Pause) 764M->284M(884M) 3.551ms
[595.986s][info][gc] GC(3733) Pause Young (Normal) (G1 Evacuation Pause) 772M->288M(884M) 3.292ms
[596.152s][info][gc] GC(3734) Pause Young (Normal) (G1 Evacuation Pause) 776M->292M(884M) 3.877ms
[596.316s][info][gc] GC(3735) Pause Young (Normal) (G1 Evacuation Pause) 780M->297M(884M) 3.451ms
[596.452s][info][gc] GC(3736) Pause Young (Normal) (G1 Evacuation Pause) 781M->300M(884M) 3.325ms
[596.587s][info][gc] GC(3737) Pause Young (Normal) (G1 Evacuation Pause) 788M->304M(884M) 2.822ms
[596.722s][info][gc] GC(3738) Pause Young (Normal) (G1 Evacuation Pause) 784M->310M(884M) 3.248ms
[596.861s][info][gc] GC(3739) Pause Young (Normal) (G1 Evacuation Pause) 786M->313M(884M) 3.195ms
[597.071s][info][gc] GC(3740) Pause Young (Normal) (G1 Evacuation Pause) 785M->314M(884M) 3.367ms
[597.317s][info][gc] GC(3741) Pause Young (Normal) (G1 Evacuation Pause) 794M->317M(884M) 3.174ms
[597.561s][info][gc] GC(3742) Pause Young (Normal) (G1 Evacuation Pause) 789M->322M(884M) 2.921ms
[597.811s][info][gc] GC(3743) Pause Young (Normal) (G1 Evacuation Pause) 790M->327M(884M) 3.012ms
[598.046s][info][gc] GC(3744) Pause Young (Normal) (G1 Evacuation Pause) 791M->329M(884M) 2.985ms
[598.285s][info][gc] GC(3745) Pause Young (Normal) (G1 Evacuation Pause) 789M->334M(884M) 3.006ms
[598.515s][info][gc] GC(3746) Pause Young (Normal) (G1 Evacuation Pause) 790M->337M(884M) 3.106ms
[598.752s][info][gc] GC(3747) Pause Young (Concurrent Start) (G1 Evacuation Pause) 789M->339M(884M) 2.907ms
[598.752s][info][gc] GC(3748) Concurrent Mark Cycle
[598.766s][info][gc] GC(3748) Pause Remark 363M->355M(884M) 0.427ms
[598.773s][info][gc] GC(3748) Pause Cleanup 371M->371M(884M) 0.074ms
[598.774s][info][gc] GC(3748) Concurrent Mark Cycle 21.420ms
[598.993s][info][gc] GC(3749) Pause Young (Prepare Mixed) (G1 Evacuation Pause) 787M->337M(884M) 2.913ms
[599.228s][info][gc] GC(3750) Pause Young (Mixed) (G1 Evacuation Pause) 793M->257M(884M) 2.997ms
[599.478s][info][gc] GC(3751) Pause Young (Mixed) (G1 Evacuation Pause) 745M->177M(884M) 3.312ms
[599.737s][info][gc] GC(3752) Pause Young (Mixed) (G1 Evacuation Pause) 665M->158M(884M) 3.618ms
[599.991s][info][gc] GC(3753) Pause Young (Normal) (G1 Evacuation Pause) 646M->163M(884M) 3.282ms
[600.242s][info][gc] GC(3754) Pause Young (Normal) (G1 Evacuation Pause) 651M->164M(884M) 2.833ms
[600.497s][info][gc] GC(3755) Pause Young (Normal) (G1 Evacuation Pause) 652M->170M(884M) 3.293ms
[600.746s][info][gc] GC(3756) Pause Young (Normal) (G1 Evacuation Pause) 654M->174M(884M) 3.123ms
[601.003s][info][gc] GC(3757) Pause Young (Normal) (G1 Evacuation Pause) 662M->179M(884M) 3.072ms
[601.254s][info][gc] GC(3758) Pause Young (Normal) (G1 Evacuation Pause) 667M->185M(884M) 3.291ms
[601.497s][info][gc] GC(3759) Pause Young (Normal) (G1 Evacuation Pause) 669M->187M(884M) 3.074ms
[601.754s][info][gc] GC(3760) Pause Young (Normal) (G1 Evacuation Pause) 675M->191M(884M) 3.128ms
[602.008s][info][gc] GC(3761) Pause Young (Normal) (G1 Evacuation Pause) 679M->196M(884M) 3.265ms
[602.252s][info][gc] GC(3762) Pause Young (Normal) (G1 Evacuation Pause) 680M->200M(884M) 3.142ms
[602.821s][info][gc] GC(3763) Pause Young (Normal) (G1 Evacuation Pause) 684M->200M(884M) 2.960ms
[603.763s][info][gc] GC(3764) Pause Young (Normal) (G1 Evacuation Pause) 688M->206M(884M) 2.836ms
[604.703s][info][gc] GC(3765) Pause Young (Normal) (G1 Evacuation Pause) 694M->211M(884M) 3.065ms
[605.634s][info][gc] GC(3766) Pause Young (Normal) (G1 Evacuation Pause) 699M->212M(884M) 3.030ms
[606.580s][info][gc] GC(3767) Pause Young (Normal) (G1 Evacuation Pause) 700M->217M(884M) 2.680ms
[607.441s][info][gc] GC(3768) Pause Young (Normal) (G1 Evacuation Pause) 705M->226M(884M) 3.136ms
[607.622s][info][gc] GC(3769) Pause Young (Normal) (G1 Evacuation Pause) 710M->231M(884M) 3.440ms
[607.815s][info][gc] GC(3770) Pause Young (Normal) (G1 Evacuation Pause) 719M->236M(884M) 3.041ms
[608.001s][info][gc] GC(3771) Pause Young (Normal) (G1 Evacuation Pause) 720M->239M(884M) 3.428ms
[608.196s][info][gc] GC(3772) Pause Young (Normal) (G1 Evacuation Pause) 727M->243M(884M) 3.138ms
[608.386s][info][gc] GC(3773) Pause Young (Normal) (G1 Evacuation Pause) 731M->245M(884M) 3.008ms
[608.572s][info][gc] GC(3774) Pause Young (Normal) (G1 Evacuation Pause) 733M->250M(884M) 3.180ms
[608.770s][info][gc] GC(3775) Pause Young (Normal) (G1 Evacuation Pause) 738M->256M(884M) 3.510ms
[608.955s][info][gc] GC(3776) Pause Young (Normal) (G1 Evacuation Pause) 744M->257M(884M) 3.346ms
[609.153s][info][gc] GC(3777) Pause Young (Normal) (G1 Evacuation Pause) 749M->264M(884M) 3.086ms
[609.343s][info][gc] GC(3778) Pause Young (Normal) (G1 Evacuation Pause) 748M->265M(884M) 2.970ms
[609.639s][info][gc] GC(3779) Pause Young (Normal) (G1 Evacuation Pause) 757M->273M(884M) 3.157ms
[609.831s][info][gc] GC(3780) Pause Young (Normal) (G1 Evacuation Pause) 757M->276M(884M) 3.170ms
[610.013s][info][gc] GC(3781) Pause Young (Normal) (G1 Evacuation Pause) 764M->279M(884M) 2.917ms
[610.197s][info][gc] GC(3782) Pause Young (Normal) (G1 Evacuation Pause) 767M->284M(884M) 3.056ms
[610.388s][info][gc] GC(3783) Pause Young (Normal) (G1 Evacuation Pause) 768M->288M(884M) 4.052ms
[610.576s][info][gc] GC(3784) Pause Young (Normal) (G1 Evacuation Pause) 776M->293M(884M) 3.046ms
[610.774s][info][gc] GC(3785) Pause Young (Normal) (G1 Evacuation Pause) 781M->297M(884M) 3.374ms
[610.961s][info][gc] GC(3786) Pause Young (Normal) (G1 Evacuation Pause) 785M->300M(884M) 2.994ms
[611.155s][info][gc] GC(3787) Pause Young (Normal) (G1 Evacuation Pause) 788M->305M(884M) 3.159ms
[611.343s][info][gc] GC(3788) Pause Young (Normal) (G1 Evacuation Pause) 789M->308M(884M) 3.438ms
[611.540s][info][gc] GC(3789) Pause Young (Normal) (G1 Evacuation Pause) 788M->310M(884M) 3.109ms
[611.822s][info][gc] GC(3790) Pause Young (Normal) (G1 Evacuation Pause) 794M->318M(884M) 3.468ms
[611.998s][info][gc] GC(3791) Pause Young (Normal) (G1 Evacuation Pause) 790M->322M(884M) 3.171ms
[612.177s][info][gc] GC(3792) Pause Young (Normal) (G1 Evacuation Pause) 794M->325M(884M) 2.945ms
[612.352s][info][gc] GC(3793) Pause Young (Normal) (G1 Evacuation Pause) 789M->332M(884M) 2.892ms
[612.531s][info][gc] GC(3794) Pause Young (Normal) (G1 Evacuation Pause) 792M->335M(884M) 3.014ms
[612.704s][info][gc] GC(3795) Pause Young (Normal) (G1 Evacuation Pause) 791M->339M(884M) 3.231ms
[612.876s][info][gc] GC(3796) Pause Young (Concurrent Start) (G1 Evacuation Pause) 791M->343M(884M) 2.932ms
[612.876s][info][gc] GC(3797) Concurrent Mark Cycle
[612.887s][info][gc] GC(3797) Pause Remark 366M->174M(520M) 0.496ms
[612.891s][info][gc] GC(3797) Pause Cleanup 182M->182M(520M) 0.050ms
[612.891s][info][gc] GC(3797) Concurrent Mark Cycle 14.905ms
[612.990s][info][gc] GC(3798) Pause Young (Prepare Mixed) (G1 Evacuation Pause) 423M->153M(520M) 3.173ms
[613.108s][info][gc] GC(3799) Pause Young (Mixed) (G1 Evacuation Pause) 437M->105M(520M) 2.661ms
[613.222s][info][gc] GC(3800) Pause Young (Normal) (G1 Evacuation Pause) 393M->106M(520M) 2.073ms
[613.338s][info][gc] GC(3801) Pause Young (Normal) (G1 Evacuation Pause) 394M->109M(520M) 2.193ms
[613.452s][info][gc] GC(3802) Pause Young (Normal) (G1 Evacuation Pause) 397M->111M(624M) 2.067ms
[613.604s][info][gc] GC(3803) Pause Young (Normal) (G1 Evacuation Pause) 459M->114M(624M) 2.852ms
[613.852s][info][gc] GC(3804) Pause Young (Normal) (G1 Evacuation Pause) 458M->119M(624M) 2.548ms
[613.984s][info][gc] GC(3805) Pause Young (Normal) (G1 Evacuation Pause) 459M->122M(624M) 2.476ms
[614.117s][info][gc] GC(3806) Pause Young (Normal) (G1 Evacuation Pause) 466M->123M(624M) 2.459ms
[614.250s][info][gc] GC(3807) Pause Young (Normal) (G1 Evacuation Pause) 463M->127M(624M) 2.417ms
[614.382s][info][gc] GC(3808) Pause Young (Normal) (G1 Evacuation Pause) 471M->130M(624M) 2.248ms
[614.525s][info][gc] GC(3809) Pause Young (Normal) (G1 Evacuation Pause) 470M->130M(624M) 2.745ms
[614.674s][info][gc] GC(3810) Pause Young (Normal) (G1 Evacuation Pause) 474M->135M(624M) 2.419ms
[614.809s][info][gc] GC(3811) Pause Young (Normal) (G1 Evacuation Pause) 475M->138M(624M) 2.515ms
[614.940s][info][gc] GC(3812) Pause Young (Normal) (G1 Evacuation Pause) 478M->141M(624M) 2.485ms
[615.072s][info][gc] GC(3813) Pause Young (Normal) (G1 Evacuation Pause) 481M->144M(624M) 2.466ms
[615.207s][info][gc] GC(3814) Pause Young (Normal) (G1 Evacuation Pause) 488M->148M(624M) 2.599ms
[615.338s][info][gc] GC(3815) Pause Young (Normal) (G1 Evacuation Pause) 488M->150M(624M) 2.364ms
[615.475s][info][gc] GC(3816) Pause Young (Normal) (G1 Evacuation Pause) 494M->153M(624M) 2.403ms
[615.608s][info][gc] GC(3817) Pause Young (Normal) (G1 Evacuation Pause) 497M->155M(624M) 2.416ms
[615.747s][info][gc] GC(3818) Pause Young (Normal) (G1 Evacuation Pause) 499M->156M(624M) 2.194ms
[615.998s][info][gc] GC(3819) Pause Young (Normal) (G1 Evacuation Pause) 500M->161M(624M) 2.525ms
[616.127s][info][gc] GC(3820) Pause Young (Normal) (G1 Evacuation Pause) 501M->164M(624M) 2.526ms
[616.253s][info][gc] GC(3821) Pause Young (Normal) (G1 Evacuation Pause) 504M->169M(624M) 2.484ms
[616.381s][info][gc] GC(3822) Pause Young (Normal) (G1 Evacuation Pause) 509M->171M(624M) 2.409ms
[616.510s][info][gc] GC(3823) Pause Young (Normal) (G1 Evacuation Pause) 511M->172M(624M) 2.255ms
[616.639s][info][gc] GC(3824) Pause Young (Normal) (G1 Evacuation Pause) 516M->176M(624M) 2.324ms
[616.771s][info][gc] GC(3825) Pause Young (Normal) (G1 Evacuation Pause) 520M->179M(624M) 2.439ms
[616.905s][info][gc] GC(3826) Pause Young (Normal) (G1 Evacuation Pause) 523M->184M(624M) 2.343ms
[617.031s][info][gc] GC(3827) Pause Young (Normal) (G1 Evacuation Pause) 524M->185M(624M) 2.385ms
[617.164s][info][gc] GC(3828) Pause Young (Normal) (G1 Evacuation Pause) 529M->187M(624M) 2.297ms
[617.293s][info][gc] GC(3829) Pause Young (Normal) (G1 Evacuation Pause) 531M->190M(624M) 2.240ms
[617.422s][info][gc] GC(3830) Pause Young (Normal) (G1 Evacuation Pause) 534M->195M(624M) 2.444ms
[617.551s][info][gc] GC(3831) Pause Young (Normal) (G1 Evacuation Pause) 535M->197M(624M) 2.249ms
[617.678s][info][gc] GC(3832) Pause Young (Normal) (G1 Evacuation Pause) 541M->199M(624M) 2.235ms
[617.810s][info][gc] GC(3833) Pause Young (Normal) (G1 Evacuation Pause) 543M->200M(624M) 2.105ms
[618.058s][info][gc] GC(3834) Pause Young (Normal) (G1 Evacuation Pause) 544M->206M(624M) 2.407ms
[618.190s][info][gc] GC(3835) Pause Young (Normal) (G1 Evacuation Pause) 546M->209M(624M) 2.465ms
[618.320s][info][gc] GC(3836) Pause Young (Normal) (G1 Evacuation Pause) 549M->213M(624M) 2.566ms
[618.450s][info][gc] GC(3837) Pause Young (Normal) (G1 Evacuation Pause) 549M->217M(624M) 2.611ms
[618.579s][info][gc] GC(3838) Pause Young (Normal) (G1 Evacuation Pause) 549M->216M(624M) 2.397ms
[618.710s][info][gc] GC(3839) Pause Young (Normal) (G1 Evacuation Pause) 556M->219M(624M) 2.318ms
[618.844s][info][gc] GC(3840) Pause Young (Normal) (G1 Evacuation Pause) 555M->222M(624M) 2.398ms
[618.972s][info][gc] GC(3841) Pause Young (Normal) (G1 Evacuation Pause) 554M->226M(624M) 2.517ms
[619.099s][info][gc] GC(3842) Pause Young (Normal) (G1 Evacuation Pause) 546M->228M(624M) 2.385ms
[619.224s][info][gc] GC(3843) Pause Young (Normal) (G1 Evacuation Pause) 552M->231M(624M) 2.170ms
[619.344s][info][gc] GC(3844) Pause Young (Normal) (G1 Evacuation Pause) 555M->233M(624M) 2.149ms
[619.466s][info][gc] GC(3845) Pause Young (Concurrent Start) (G1 Evacuation Pause) 553M->236M(624M) 2.251ms
[619.466s][info][gc] GC(3846) Concurrent Mark Cycle
[619.480s][info][gc] GC(3846) Pause Remark 264M->143M(400M) 0.425ms
[619.486s][info][gc] GC(3846) Pause Cleanup 166M->166M(400M) 0.058ms
[619.487s][info][gc] GC(3846) Concurrent Mark Cycle 20.458ms
[619.548s][info][gc] GC(3847) Pause Young (Prepare Mixed) (G1 Evacuation Pause) 327M->118M(400M) 2.147ms
[619.634s][info][gc] GC(3848) Pause Young (Mixed) (G1 Evacuation Pause) 338M->93M(400M) 1.843ms
[619.718s][info][gc] GC(3849) Pause Young (Normal) (G1 Evacuation Pause) 313M->95M(400M) 1.603ms
[619.800s][info][gc] GC(3850) Pause Young (Normal) (G1 Evacuation Pause) 315M->96M(400M) 1.698ms
[619.884s][info][gc] GC(3851) Pause Young (Normal) (G1 Evacuation Pause) 316M->99M(480M) 1.734ms
[620.003s][info][gc] GC(3852) Pause Young (Normal) (G1 Evacuation Pause) 363M->97M(480M) 1.693ms
[620.207s][info][gc] GC(3853) Pause Young (Normal) (G1 Evacuation Pause) 365M->104M(480M) 1.921ms
[620.306s][info][gc] GC(3854) Pause Young (Normal) (G1 Evacuation Pause) 364M->107M(480M) 2.062ms
[620.408s][info][gc] GC(3855) Pause Young (Normal) (G1 Evacuation Pause) 371M->109M(480M) 2.080ms
[620.507s][info][gc] GC(3856) Pause Young (Normal) (G1 Evacuation Pause) 373M->111M(480M) 1.975ms
[620.605s][info][gc] GC(3857) Pause Young (Normal) (G1 Evacuation Pause) 375M->113M(576M) 1.974ms
[620.729s][info][gc] GC(3858) Pause Young (Normal) (G1 Evacuation Pause) 433M->116M(576M) 2.017ms
[620.849s][info][gc] GC(3859) Pause Young (Normal) (G1 Evacuation Pause) 436M->118M(576M) 2.149ms
[620.969s][info][gc] GC(3860) Pause Young (Normal) (G1 Evacuation Pause) 434M->122M(576M) 2.341ms
[621.089s][info][gc] GC(3861) Pause Young (Normal) (G1 Evacuation Pause) 438M->124M(576M) 2.282ms
[621.208s][info][gc] GC(3862) Pause Young (Normal) (G1 Evacuation Pause) 440M->126M(576M) 2.330ms
[621.327s][info][gc] GC(3863) Pause Young (Normal) (G1 Evacuation Pause) 442M->129M(576M) 2.220ms
[621.446s][info][gc] GC(3864) Pause Young (Normal) (G1 Evacuation Pause) 445M->132M(576M) 2.060ms
[621.567s][info][gc] GC(3865) Pause Young (Normal) (G1 Evacuation Pause) 448M->134M(576M) 2.235ms
[621.690s][info][gc] GC(3866) Pause Young (Normal) (G1 Evacuation Pause) 450M->136M(576M) 2.253ms
[621.810s][info][gc] GC(3867) Pause Young (Normal) (G1 Evacuation Pause) 452M->140M(576M) 2.124ms
[621.934s][info][gc] GC(3868) Pause Young (Normal) (G1 Evacuation Pause) 456M->141M(576M) 2.106ms
[622.058s][info][gc] GC(3869) Pause Young (Normal) (G1 Evacuation Pause) 457M->143M(576M) 1.979ms
[622.296s][info][gc] GC(3870) Pause Young (Normal) (G1 Evacuation Pause) 459M->149M(576M) 2.166ms
[622.415s][info][gc] GC(3871) Pause Young (Normal) (G1 Evacuation Pause) 461M->151M(576M) 2.667ms
[622.536s][info][gc] GC(3872) Pause Young (Normal) (G1 Evacuation Pause) 467M->153M(576M) 2.421ms
[622.662s][info][gc] GC(3873) Pause Young (Normal) (G1 Evacuation Pause) 473M->155M(576M) 2.118ms
[622.785s][info][gc] GC(3874) Pause Young (Normal) (G1 Evacuation Pause) 471M->159M(576M) 2.635ms
[622.905s][info][gc] GC(3875) Pause Young (Normal) (G1 Evacuation Pause) 475M->160M(576M) 2.402ms
[623.029s][info][gc] GC(3876) Pause Young (Normal) (G1 Evacuation Pause) 480M->163M(692M) 2.193ms
[623.187s][info][gc] GC(3877) Pause Young (Normal) (G1 Evacuation Pause) 547M->167M(692M) 2.618ms
[623.341s][info][gc] GC(3878) Pause Young (Normal) (G1 Evacuation Pause) 547M->170M(692M) 2.582ms
[623.480s][info][gc] GC(3879) Pause Young (Normal) (G1 Evacuation Pause) 550M->174M(692M) 2.601ms
[623.628s][info][gc] GC(3880) Pause Young (Normal) (G1 Evacuation Pause) 554M->177M(692M) 2.446ms
[623.776s][info][gc] GC(3881) Pause Young (Normal) (G1 Evacuation Pause) 557M->177M(692M) 2.527ms
[623.929s][info][gc] GC(3882) Pause Young (Normal) (G1 Evacuation Pause) 557M->184M(692M) 2.692ms
[624.071s][info][gc] GC(3883) Pause Young (Normal) (G1 Evacuation Pause) 560M->186M(692M) 2.833ms
[624.330s][info][gc] GC(3884) Pause Young (Normal) (G1 Evacuation Pause) 566M->187M(692M) 2.286ms
[624.476s][info][gc] GC(3885) Pause Young (Normal) (G1 Evacuation Pause) 567M->197M(692M) 3.262ms
[624.620s][info][gc] GC(3886) Pause Young (Normal) (G1 Evacuation Pause) 569M->202M(692M) 3.297ms
[624.760s][info][gc] GC(3887) Pause Young (Normal) (G1 Evacuation Pause) 582M->204M(692M) 2.885ms
[624.900s][info][gc] GC(3888) Pause Young (Normal) (G1 Evacuation Pause) 584M->209M(692M) 3.119ms
[625.035s][info][gc] GC(3889) Pause Young (Normal) (G1 Evacuation Pause) 589M->211M(692M) 3.244ms
[625.171s][info][gc] GC(3890) Pause Young (Normal) (G1 Evacuation Pause) 591M->215M(692M) 3.113ms
[625.308s][info][gc] GC(3891) Pause Young (Normal) (G1 Evacuation Pause) 595M->218M(692M) 2.867ms
[625.447s][info][gc] GC(3892) Pause Young (Normal) (G1 Evacuation Pause) 598M->221M(692M) 2.892ms
[625.597s][info][gc] GC(3893) Pause Young (Normal) (G1 Evacuation Pause) 605M->223M(692M) 2.625ms
[625.739s][info][gc] GC(3894) Pause Young (Normal) (G1 Evacuation Pause) 603M->228M(692M) 2.548ms
[625.884s][info][gc] GC(3895) Pause Young (Normal) (G1 Evacuation Pause) 608M->230M(692M) 2.766ms
[626.023s][info][gc] GC(3896) Pause Young (Normal) (G1 Evacuation Pause) 610M->234M(692M) 2.701ms
[626.156s][info][gc] GC(3897) Pause Young (Normal) (G1 Evacuation Pause) 614M->237M(692M) 2.678ms
[626.290s][info][gc] GC(3898) Pause Young (Normal) (G1 Evacuation Pause) 613M->240M(692M) 2.629ms
[626.428s][info][gc] GC(3899) Pause Young (Normal) (G1 Evacuation Pause) 612M->243M(692M) 2.481ms
[626.560s][info][gc] GC(3900) Pause Young (Normal) (G1 Evacuation Pause) 615M->247M(692M) 2.511ms
[626.690s][info][gc] GC(3901) Pause Young (Normal) (G1 Evacuation Pause) 615M->251M(692M) 2.398ms
[626.820s][info][gc] GC(3902) Pause Young (Normal) (G1 Evacuation Pause) 615M->253M(692M) 2.594ms
[626.949s][info][gc] GC(3903) Pause Young (Normal) (G1 Evacuation Pause) 613M->257M(692M) 2.679ms
[627.076s][info][gc] GC(3904) Pause Young (Normal) (G1 Evacuation Pause) 613M->259M(692M) 2.417ms
[627.203s][info][gc] GC(3905) Pause Young (Concurrent Start) (G1 Evacuation Pause) 611M->261M(692M) 2.595ms
[627.203s][info][gc] GC(3906) Concurrent Mark Cycle
[627.223s][info][gc] GC(3906) Pause Remark 306M->197M(520M) 0.548ms
[627.236s][info][gc] GC(3906) Pause Cleanup 228M->228M(520M) 0.065ms
[627.237s][info][gc] GC(3906) Concurrent Mark Cycle 33.908ms
[627.306s][info][gc] GC(3907) Pause Young (Prepare Mixed) (G1 Evacuation Pause) 432M->155M(520M) 2.212ms
[627.414s][info][gc] GC(3908) Pause Young (Mixed) (G1 Evacuation Pause) 443M->143M(520M) 2.207ms
[627.518s][info][gc] GC(3909) Pause Young (Normal) (G1 Evacuation Pause) 431M->143M(520M) 2.093ms
[627.624s][info][gc] GC(3910) Pause Young (Normal) (G1 Evacuation Pause) 435M->147M(520M) 2.239ms
[627.732s][info][gc] GC(3911) Pause Young (Normal) (G1 Evacuation Pause) 435M->150M(624M) 2.463ms
[627.862s][info][gc] GC(3912) Pause Young (Normal) (G1 Evacuation Pause) 498M->152M(624M) 2.290ms
[627.990s][info][gc] GC(3913) Pause Young (Normal) (G1 Evacuation Pause) 496M->158M(624M) 2.728ms
[628.112s][info][gc] GC(3914) Pause Young (Normal) (G1 Evacuation Pause) 498M->158M(624M) 2.376ms
[628.235s][info][gc] GC(3915) Pause Young (Normal) (G1 Evacuation Pause) 502M->160M(624M) 2.351ms
[628.358s][info][gc] GC(3916) Pause Young (Normal) (G1 Evacuation Pause) 504M->163M(624M) 2.397ms
[628.480s][info][gc] GC(3917) Pause Young (Normal) (G1 Evacuation Pause) 503M->166M(624M) 2.365ms
[628.603s][info][gc] GC(3918) Pause Young (Normal) (G1 Evacuation Pause) 506M->169M(624M) 2.473ms
[628.728s][info][gc] GC(3919) Pause Young (Normal) (G1 Evacuation Pause) 513M->172M(624M) 2.264ms
[628.851s][info][gc] GC(3920) Pause Young (Normal) (G1 Evacuation Pause) 516M->176M(624M) 2.352ms
[628.974s][info][gc] GC(3921) Pause Young (Normal) (G1 Evacuation Pause) 516M->180M(624M) 2.619ms
[629.097s][info][gc] GC(3922) Pause Young (Normal) (G1 Evacuation Pause) 520M->182M(624M) 2.282ms
[629.215s][info][gc] GC(3923) Pause Young (Normal) (G1 Evacuation Pause) 522M->184M(624M) 2.493ms
[629.340s][info][gc] GC(3924) Pause Young (Normal) (G1 Evacuation Pause) 528M->188M(624M) 2.616ms
[629.474s][info][gc] GC(3925) Pause Young (Normal) (G1 Evacuation Pause) 528M->191M(624M) 2.628ms
[629.602s][info][gc] GC(3926) Pause Young (Normal) (G1 Evacuation Pause) 531M->194M(624M) 2.456ms
[629.724s][info][gc] GC(3927) Pause Young (Normal) (G1 Evacuation Pause) 534M->195M(624M) 2.320ms
[629.850s][info][gc] GC(3928) Pause Young (Normal) (G1 Evacuation Pause) 539M->200M(624M) 2.364ms
[629.976s][info][gc] GC(3929) Pause Young (Normal) (G1 Evacuation Pause) 540M->204M(624M) 2.322ms
[630.095s][info][gc] GC(3930) Pause Young (Normal) (G1 Evacuation Pause) 544M->205M(624M) 2.317ms
[630.247s][info][gc] GC(3931) Pause Young (Normal) (G1 Evacuation Pause) 549M->210M(624M) 2.759ms
[630.382s][info][gc] GC(3932) Pause Young (Normal) (G1 Evacuation Pause) 550M->213M(624M) 2.632ms
[630.502s][info][gc] GC(3933) Pause Young (Normal) (G1 Evacuation Pause) 553M->214M(624M) 2.389ms
[630.622s][info][gc] GC(3934) Pause Young (Normal) (G1 Evacuation Pause) 554M->217M(624M) 2.361ms
[630.744s][info][gc] GC(3935) Pause Young (Normal) (G1 Evacuation Pause) 557M->219M(624M) 2.277ms
[630.861s][info][gc] GC(3936) Pause Young (Normal) (G1 Evacuation Pause) 555M->223M(624M) 2.484ms
[630.979s][info][gc] GC(3937) Pause Young (Normal) (G1 Evacuation Pause) 551M->225M(624M) 2.241ms
[631.102s][info][gc] GC(3938) Pause Young (Normal) (G1 Evacuation Pause) 557M->228M(624M) 2.513ms
[631.219s][info][gc] GC(3939) Pause Young (Normal) (G1 Evacuation Pause) 556M->231M(624M) 2.397ms
[631.337s][info][gc] GC(3940) Pause Young (Normal) (G1 Evacuation Pause) 559M->235M(624M) 2.353ms
[631.452s][info][gc] GC(3941) Pause Young (Normal) (G1 Evacuation Pause) 551M->236M(624M) 2.411ms
[631.570s][info][gc] GC(3942) Pause Young (Concurrent Start) (G1 Evacuation Pause) 556M->239M(624M) 2.454ms
[631.570s][info][gc] GC(3943) Concurrent Mark Cycle
[631.608s][info][gc] GC(3943) Pause Remark 338M->338M(624M) 0.455ms
[631.652s][info][gc] GC(3943) Pause Cleanup 442M->442M(624M) 0.057ms
[631.652s][info][gc] GC(3943) Concurrent Mark Cycle 82.328ms
[631.695s][info][gc] GC(3944) Pause Young (Prepare Mixed) (G1 Evacuation Pause) 555M->242M(624M) 2.236ms
[631.813s][info][gc] GC(3945) Pause Young (Mixed) (G1 Evacuation Pause) 554M->237M(624M) 2.360ms
[631.929s][info][gc] GC(3946) Pause Young (Concurrent Start) (G1 Evacuation Pause) 553M->239M(624M) 2.154ms
[631.929s][info][gc] GC(3947) Concurrent Mark Cycle
[631.967s][info][gc] GC(3947) Pause Remark 338M->338M(624M) 0.422ms
[632.018s][info][gc] GC(3947) Pause Cleanup 462M->462M(624M) 0.056ms
[632.018s][info][gc] GC(3947) Concurrent Mark Cycle 89.009ms
[632.055s][info][gc] GC(3948) Pause Young (Prepare Mixed) (G1 Evacuation Pause) 555M->241M(624M) 2.333ms
[632.163s][info][gc] GC(3949) Pause Young (Mixed) (G1 Evacuation Pause) 553M->241M(624M) 2.199ms
[632.277s][info][gc] GC(3950) Pause Young (Concurrent Start) (G1 Evacuation Pause) 557M->244M(624M) 2.281ms
[632.277s][info][gc] GC(3951) Concurrent Mark Cycle
[632.327s][info][gc] GC(3951) Pause Remark 367M->367M(624M) 0.429ms
[632.372s][info][gc] GC(3951) Pause Cleanup 486M->486M(624M) 0.069ms
[632.373s][info][gc] GC(3951) Concurrent Mark Cycle 96.196ms
[632.402s][info][gc] GC(3952) Pause Young (Prepare Mixed) (G1 Evacuation Pause) 556M->245M(624M) 2.264ms
[632.511s][info][gc] GC(3953) Pause Young (Mixed) (G1 Evacuation Pause) 553M->245M(624M) 2.487ms
[632.626s][info][gc] GC(3954) Pause Young (Concurrent Start) (G1 Evacuation Pause) 557M->247M(884M) 2.475ms
[632.626s][info][gc] GC(3955) Concurrent Mark Cycle
[632.676s][info][gc] GC(3955) Pause Remark 369M->369M(840M) 0.440ms
[632.737s][info][gc] GC(3955) Pause Cleanup 503M->503M(840M) 0.059ms
[632.738s][info][gc] GC(3955) Concurrent Mark Cycle 111.922ms
[632.815s][info][gc] GC(3956) Pause Young (Prepare Mixed) (G1 Evacuation Pause) 723M->249M(840M) 2.661ms
[632.985s][info][gc] GC(3957) Pause Young (Mixed) (G1 Evacuation Pause) 721M->253M(840M) 2.859ms
[633.159s][info][gc] GC(3958) Pause Young (Normal) (G1 Evacuation Pause) 721M->258M(840M) 2.852ms
[633.323s][info][gc] GC(3959) Pause Young (Normal) (G1 Evacuation Pause) 722M->260M(840M) 3.114ms
[633.493s][info][gc] GC(3960) Pause Young (Normal) (G1 Evacuation Pause) 724M->266M(840M) 2.862ms
[633.658s][info][gc] GC(3961) Pause Young (Normal) (G1 Evacuation Pause) 730M->269M(840M) 3.186ms
[633.825s][info][gc] GC(3962) Pause Young (Normal) (G1 Evacuation Pause) 733M->272M(840M) 2.891ms
[633.991s][info][gc] GC(3963) Pause Young (Normal) (G1 Evacuation Pause) 736M->277M(840M) 3.077ms
[634.161s][info][gc] GC(3964) Pause Young (Normal) (G1 Evacuation Pause) 741M->283M(840M) 3.059ms
[634.331s][info][gc] GC(3965) Pause Young (Normal) (G1 Evacuation Pause) 747M->285M(840M) 2.901ms
[634.499s][info][gc] GC(3966) Pause Young (Normal) (G1 Evacuation Pause) 753M->289M(840M) 3.007ms
[634.665s][info][gc] GC(3967) Pause Young (Normal) (G1 Evacuation Pause) 749M->292M(840M) 3.051ms
[634.838s][info][gc] GC(3968) Pause Young (Normal) (G1 Evacuation Pause) 756M->297M(840M) 3.147ms
[635.005s][info][gc] GC(3969) Pause Young (Normal) (G1 Evacuation Pause) 757M->301M(840M) 3.003ms
[635.177s][info][gc] GC(3970) Pause Young (Normal) (G1 Evacuation Pause) 757M->306M(840M) 2.867ms
[635.337s][info][gc] GC(3971) Pause Young (Normal) (G1 Evacuation Pause) 750M->310M(840M) 3.168ms
[635.503s][info][gc] GC(3972) Pause Young (Normal) (G1 Evacuation Pause) 750M->314M(840M) 3.206ms
[635.666s][info][gc] GC(3973) Pause Young (Normal) (G1 Evacuation Pause) 750M->317M(840M) 3.880ms
[635.829s][info][gc] GC(3974) Pause Young (Normal) (G1 Evacuation Pause) 757M->321M(840M) 3.143ms
[635.987s][info][gc] GC(3975) Pause Young (Concurrent Start) (G1 Evacuation Pause) 757M->326M(840M) 2.860ms
[635.987s][info][gc] GC(3976) Concurrent Mark Cycle
[636.046s][info][gc] GC(3976) Pause Remark 472M->472M(840M) 0.475ms
[636.112s][info][gc] GC(3976) Pause Cleanup 630M->630M(840M) 0.060ms
[636.112s][info][gc] GC(3976) Concurrent Mark Cycle 125.434ms
[636.156s][info][gc] GC(3977) Pause Young (Prepare Mixed) (G1 Evacuation Pause) 750M->330M(840M) 3.049ms
[636.310s][info][gc] GC(3978) Pause Young (Mixed) (G1 Evacuation Pause) 750M->331M(840M) 3.184ms
[636.468s][info][gc] GC(3979) Pause Young (Concurrent Start) (G1 Evacuation Pause) 759M->334M(840M) 3.064ms
[636.468s][info][gc] GC(3980) Concurrent Mark Cycle
[636.534s][info][gc] GC(3980) Pause Remark 507M->507M(840M) 0.527ms
[636.595s][info][gc] GC(3980) Pause Cleanup 643M->643M(840M) 0.065ms
[636.596s][info][gc] GC(3980) Concurrent Mark Cycle 127.607ms
[636.645s][info][gc] GC(3981) Pause Young (Prepare Mixed) (G1 Evacuation Pause) 758M->338M(840M) 2.778ms
[636.802s][info][gc] GC(3982) Pause Young (Mixed) (G1 Evacuation Pause) 758M->341M(840M) 3.501ms
[636.962s][info][gc] GC(3983) Pause Young (Concurrent Start) (G1 Evacuation Pause) 757M->343M(840M) 2.689ms
[636.962s][info][gc] GC(3984) Concurrent Mark Cycle
[637.034s][info][gc] GC(3984) Pause Remark 515M->515M(840M) 0.655ms
[637.101s][info][gc] GC(3984) Pause Cleanup 665M->665M(840M) 0.053ms
[637.102s][info][gc] GC(3984) Concurrent Mark Cycle 139.928ms
[637.134s][info][gc] GC(3985) Pause Young (Prepare Mixed) (G1 Evacuation Pause) 755M->347M(840M) 2.815ms
[637.284s][info][gc] GC(3986) Pause Young (Mixed) (G1 Evacuation Pause) 755M->348M(840M) 2.971ms
[637.432s][info][gc] GC(3987) Pause Young (Concurrent Start) (G1 Evacuation Pause) 756M->353M(840M) 2.821ms
[637.432s][info][gc] GC(3988) Concurrent Mark Cycle
[637.497s][info][gc] GC(3988) Pause Remark 497M->497M(840M) 0.504ms
[637.562s][info][gc] GC(3988) Pause Cleanup 646M->646M(840M) 0.062ms
[637.563s][info][gc] GC(3988) Concurrent Mark Cycle 130.088ms
[637.653s][info][gc] GC(3989) Pause Young (Prepare Mixed) (G1 Evacuation Pause) 757M->358M(840M) 2.901ms
[638.154s][info][gc] GC(3990) Pause Young (Mixed) (G1 Evacuation Pause) 758M->356M(1156M) 3.323ms
[639.457s][info][gc] GC(3991) Pause Young (Normal) (G1 Evacuation Pause) 1016M->360M(1156M) 4.423ms
[640.736s][info][gc] GC(3992) Pause Young (Normal) (G1 Evacuation Pause) 1016M->366M(1156M) 3.132ms
[641.983s][info][gc] GC(3993) Pause Young (Normal) (G1 Evacuation Pause) 1014M->373M(1156M) 3.339ms
[643.239s][info][gc] GC(3994) Pause Young (Normal) (G1 Evacuation Pause) 1017M->378M(1156M) 3.638ms
[644.462s][info][gc] GC(3995) Pause Young (Normal) (G1 Evacuation Pause) 1018M->385M(1156M) 3.659ms
[645.717s][info][gc] GC(3996) Pause Young (Normal) (G1 Evacuation Pause) 1025M->388M(1156M) 3.730ms
[646.942s][info][gc] GC(3997) Pause Young (Normal) (G1 Evacuation Pause) 1028M->395M(1156M) 3.829ms
[647.735s][info][gc] GC(3998) Pause Young (Normal) (G1 Evacuation Pause) 1035M->363M(1156M) 2.151ms
[647.983s][info][gc] GC(3999) Pause Young (Normal) (G1 Evacuation Pause) 1035M->367M(1156M) 2.670ms
[648.236s][info][gc] GC(4000) Pause Young (Normal) (G1 Evacuation Pause) 1035M->373M(1156M) 2.913ms
[648.486s][info][gc] GC(4001) Pause Young (Normal) (G1 Evacuation Pause) 1037M->378M(1156M) 2.995ms
[648.726s][info][gc] GC(4002) Pause Young (Normal) (G1 Evacuation Pause) 1038M->382M(1156M) 3.089ms
[648.959s][info][gc] GC(4003) Pause Young (Normal) (G1 Evacuation Pause) 1038M->387M(1156M) 3.486ms
[649.189s][info][gc] GC(4004) Pause Young (Normal) (G1 Evacuation Pause) 1035M->395M(1156M) 3.797ms
[649.423s][info][gc] GC(4005) Pause Young (Normal) (G1 Evacuation Pause) 1039M->399M(1156M) 3.834ms
[649.783s][info][gc] GC(4006) Pause Young (Normal) (G1 Evacuation Pause) 1043M->363M(1156M) 1.912ms
[650.011s][info][gc] GC(4007) Pause Young (Normal) (G1 Evacuation Pause) 1043M->366M(1156M) 1.933ms
[650.243s][info][gc] GC(4008) Pause Young (Normal) (G1 Evacuation Pause) 1042M->372M(1156M) 2.346ms
[650.478s][info][gc] GC(4009) Pause Young (Normal) (G1 Evacuation Pause) 1040M->379M(1156M) 2.613ms
[650.708s][info][gc] GC(4010) Pause Young (Normal) (G1 Evacuation Pause) 1043M->384M(1156M) 2.976ms
[650.936s][info][gc] GC(4011) Pause Young (Normal) (G1 Evacuation Pause) 1040M->390M(1156M) 3.265ms
[651.163s][info][gc] GC(4012) Pause Young (Normal) (G1 Evacuation Pause) 1042M->395M(1156M) 3.311ms
[651.392s][info][gc] GC(4013) Pause Young (Normal) (G1 Evacuation Pause) 1043M->398M(1156M) 3.616ms
[651.737s][info][gc] GC(4014) Pause Young (Normal) (G1 Evacuation Pause) 1042M->365M(1156M) 2.054ms
[651.973s][info][gc] GC(4015) Pause Young (Normal) (G1 Evacuation Pause) 1041M->370M(1156M) 2.504ms
[652.210s][info][gc] GC(4016) Pause Young (Normal) (G1 Evacuation Pause) 1042M->373M(1156M) 2.270ms
[652.444s][info][gc] GC(4017) Pause Young (Normal) (G1 Evacuation Pause) 1041M->380M(1156M) 2.542ms
[652.681s][info][gc] GC(4018) Pause Young (Normal) (G1 Evacuation Pause) 1044M->385M(1156M) 3.077ms
[652.921s][info][gc] GC(4019) Pause Young (Normal) (G1 Evacuation Pause) 1041M->391M(1156M) 3.359ms
[653.168s][info][gc] GC(4020) Pause Young (Normal) (G1 Evacuation Pause) 1043M->397M(1156M) 3.587ms
[653.420s][info][gc] GC(4021) Pause Young (Normal) (G1 Evacuation Pause) 1041M->400M(1156M) 3.424ms
[653.759s][info][gc] GC(4022) Pause Young (Normal) (G1 Evacuation Pause) 1044M->365M(1156M) 1.791ms
[654.000s][info][gc] GC(4023) Pause Young (Normal) (G1 Evacuation Pause) 1041M->370M(1156M) 2.332ms
[654.239s][info][gc] GC(4024) Pause Young (Normal) (G1 Evacuation Pause) 1042M->376M(1156M) 2.678ms
[654.479s][info][gc] GC(4025) Pause Young (Normal) (G1 Evacuation Pause) 1044M->382M(1156M) 2.616ms
[654.711s][info][gc] GC(4026) Pause Young (Normal) (G1 Evacuation Pause) 1042M->386M(1156M) 2.832ms
[654.945s][info][gc] GC(4027) Pause Young (Normal) (G1 Evacuation Pause) 1042M->392M(1156M) 3.084ms
[655.176s][info][gc] GC(4028) Pause Young (Normal) (G1 Evacuation Pause) 1044M->397M(1156M) 3.410ms
[655.563s][info][gc] GC(4029) Pause Young (Normal) (G1 Evacuation Pause) 1041M->364M(1156M) 1.311ms
[655.808s][info][gc] GC(4030) Pause Young (Normal) (G1 Evacuation Pause) 1044M->364M(1156M) 2.016ms
[656.062s][info][gc] GC(4031) Pause Young (Normal) (G1 Evacuation Pause) 1044M->371M(1156M) 2.488ms
[656.313s][info][gc] GC(4032) Pause Young (Normal) (G1 Evacuation Pause) 1043M->377M(1156M) 2.490ms
[656.551s][info][gc] GC(4033) Pause Young (Normal) (G1 Evacuation Pause) 1041M->382M(1156M) 3.591ms
[656.788s][info][gc] GC(4034) Pause Young (Normal) (G1 Evacuation Pause) 1042M->387M(1156M) 3.044ms
[657.028s][info][gc] GC(4035) Pause Young (Normal) (G1 Evacuation Pause) 1043M->393M(1156M) 3.276ms
[657.253s][info][gc] GC(4036) Pause Young (Normal) (G1 Evacuation Pause) 1041M->399M(1156M) 3.677ms
[657.612s][info][gc] GC(4037) Pause Young (Normal) (G1 Evacuation Pause) 1043M->364M(1156M) 1.463ms
[657.858s][info][gc] GC(4038) Pause Young (Normal) (G1 Evacuation Pause) 1044M->367M(1156M) 2.094ms
[658.100s][info][gc] GC(4039) Pause Young (Normal) (G1 Evacuation Pause) 1043M->373M(1156M) 2.323ms
[658.344s][info][gc] GC(4040) Pause Young (Normal) (G1 Evacuation Pause) 1041M->378M(1156M) 2.610ms
[658.578s][info][gc] GC(4041) Pause Young (Normal) (G1 Evacuation Pause) 1042M->382M(1156M) 2.740ms
[658.811s][info][gc] GC(4042) Pause Young (Normal) (G1 Evacuation Pause) 1042M->388M(1156M) 3.013ms
[659.046s][info][gc] GC(4043) Pause Young (Normal) (G1 Evacuation Pause) 1044M->396M(1156M) 3.138ms
[659.276s][info][gc] GC(4044) Pause Young (Normal) (G1 Evacuation Pause) 1044M->401M(1156M) 3.665ms
[659.626s][info][gc] GC(4045) Pause Young (Normal) (G1 Evacuation Pause) 1037M->363M(1156M) 1.489ms
[659.878s][info][gc] GC(4046) Pause Young (Normal) (G1 Evacuation Pause) 1043M->367M(1156M) 2.093ms
[660.130s][info][gc] GC(4047) Pause Young (Normal) (G1 Evacuation Pause) 1043M->373M(1156M) 2.468ms
[660.373s][info][gc] GC(4048) Pause Young (Normal) (G1 Evacuation Pause) 1045M->380M(1156M) 2.904ms
[660.610s][info][gc] GC(4049) Pause Young (Normal) (G1 Evacuation Pause) 1044M->385M(1156M) 2.855ms
[660.843s][info][gc] GC(4050) Pause Young (Normal) (G1 Evacuation Pause) 1041M->391M(1156M) 3.117ms
[661.075s][info][gc] GC(4051) Pause Young (Normal) (G1 Evacuation Pause) 1043M->397M(1156M) 3.663ms
[661.306s][info][gc] GC(4052) Pause Young (Normal) (G1 Evacuation Pause) 1045M->401M(1156M) 3.543ms
[661.660s][info][gc] GC(4053) Pause Young (Normal) (G1 Evacuation Pause) 1045M->367M(1156M) 1.774ms
[661.900s][info][gc] GC(4054) Pause Young (Normal) (G1 Evacuation Pause) 1043M->369M(1156M) 2.088ms
[662.139s][info][gc] GC(4055) Pause Young (Normal) (G1 Evacuation Pause) 1045M->374M(1156M) 2.435ms
[662.369s][info][gc] GC(4056) Pause Young (Normal) (G1 Evacuation Pause) 1042M->378M(1156M) 2.697ms
[662.606s][info][gc] GC(4057) Pause Young (Normal) (G1 Evacuation Pause) 1042M->386M(1156M) 2.900ms
[662.846s][info][gc] GC(4058) Pause Young (Normal) (G1 Evacuation Pause) 1042M->389M(1156M) 3.101ms
[663.078s][info][gc] GC(4059) Pause Young (Normal) (G1 Evacuation Pause) 1041M->397M(1156M) 3.198ms
[663.341s][info][gc] GC(4060) Pause Young (Normal) (G1 Evacuation Pause) 1045M->399M(1156M) 3.484ms
[663.648s][info][gc] GC(4061) Pause Young (Normal) (G1 Evacuation Pause) 1043M->374M(1156M) 2.630ms
[663.843s][info][gc] GC(4062) Pause Young (Normal) (G1 Evacuation Pause) 1042M->378M(1156M) 3.126ms
[664.037s][info][gc] GC(4063) Pause Young (Normal) (G1 Evacuation Pause) 1042M->383M(1156M) 3.090ms
[664.228s][info][gc] GC(4064) Pause Young (Normal) (G1 Evacuation Pause) 1043M->387M(1156M) 3.021ms
[664.427s][info][gc] GC(4065) Pause Young (Normal) (G1 Evacuation Pause) 1043M->393M(1156M) 3.342ms
[664.627s][info][gc] GC(4066) Pause Young (Normal) (G1 Evacuation Pause) 1045M->401M(1156M) 3.752ms
[664.809s][info][gc] GC(4067) Pause Young (Normal) (G1 Evacuation Pause) 1045M->405M(1156M) 4.150ms
[664.996s][info][gc] GC(4068) Pause Young (Normal) (G1 Evacuation Pause) 1041M->411M(1156M) 4.086ms
[665.184s][info][gc] GC(4069) Pause Young (Normal) (G1 Evacuation Pause) 1047M->413M(1156M) 3.650ms
[665.377s][info][gc] GC(4070) Pause Young (Normal) (G1 Evacuation Pause) 1041M->422M(1156M) 3.994ms
[665.559s][info][gc] GC(4071) Pause Young (Normal) (G1 Evacuation Pause) 1034M->425M(1156M) 4.169ms
[665.743s][info][gc] GC(4072) Pause Young (Normal) (G1 Evacuation Pause) 1041M->428M(1156M) 3.978ms
[665.920s][info][gc] GC(4073) Pause Young (Normal) (G1 Evacuation Pause) 1040M->433M(1156M) 4.135ms
[666.096s][info][gc] GC(4074) Pause Young (Normal) (G1 Evacuation Pause) 1045M->441M(1156M) 3.785ms
[666.286s][info][gc] GC(4075) Pause Young (Normal) (G1 Evacuation Pause) 1041M->444M(1156M) 3.689ms
[666.477s][info][gc] GC(4076) Pause Young (Concurrent Start) (G1 Evacuation Pause) 1044M->449M(1156M) 3.629ms
[666.477s][info][gc] GC(4077) Concurrent Mark Cycle
[666.504s][info][gc] GC(4077) Pause Remark 520M->228M(536M) 0.505ms
[666.525s][info][gc] GC(4077) Pause Cleanup 297M->297M(536M) 0.055ms
[666.526s][info][gc] GC(4077) Concurrent Mark Cycle 49.418ms
[666.565s][info][gc] GC(4078) Pause Young (Prepare Mixed) (G1 Evacuation Pause) 429M->162M(536M) 3.293ms
[666.664s][info][gc] GC(4079) Pause Young (Mixed) (G1 Evacuation Pause) 458M->147M(536M) 2.156ms
[666.748s][info][gc] GC(4080) Pause Young (Normal) (G1 Evacuation Pause) 443M->150M(536M) 2.502ms
[666.850s][info][gc] GC(4081) Pause Young (Normal) (G1 Evacuation Pause) 450M->153M(536M) 2.252ms
[666.932s][info][gc] GC(4082) Pause Young (Normal) (G1 Evacuation Pause) 449M->156M(680M) 2.477ms
[667.062s][info][gc] GC(4083) Pause Young (Normal) (G1 Evacuation Pause) 540M->159M(680M) 2.829ms
[667.191s][info][gc] GC(4084) Pause Young (Normal) (G1 Evacuation Pause) 543M->162M(680M) 2.732ms
[667.306s][info][gc] GC(4085) Pause Young (Normal) (G1 Evacuation Pause) 542M->165M(680M) 2.942ms
[667.418s][info][gc] GC(4086) Pause Young (Normal) (G1 Evacuation Pause) 541M->168M(680M) 2.768ms
[667.536s][info][gc] GC(4087) Pause Young (Normal) (G1 Evacuation Pause) 544M->172M(680M) 3.008ms
[667.652s][info][gc] GC(4088) Pause Young (Normal) (G1 Evacuation Pause) 544M->175M(816M) 2.766ms
[667.788s][info][gc] GC(4089) Pause Young (Normal) (G1 Evacuation Pause) 631M->175M(816M) 2.630ms
[667.922s][info][gc] GC(4090) Pause Young (Normal) (G1 Evacuation Pause) 631M->180M(816M) 3.139ms
[668.063s][info][gc] GC(4091) Pause Young (Normal) (G1 Evacuation Pause) 632M->186M(816M) 3.035ms
[668.203s][info][gc] GC(4092) Pause Young (Normal) (G1 Evacuation Pause) 634M->190M(816M) 3.203ms
[668.342s][info][gc] GC(4093) Pause Young (Normal) (G1 Evacuation Pause) 638M->194M(816M) 3.112ms
[668.475s][info][gc] GC(4094) Pause Young (Normal) (G1 Evacuation Pause) 642M->198M(816M) 3.099ms
[668.608s][info][gc] GC(4095) Pause Young (Normal) (G1 Evacuation Pause) 646M->202M(816M) 2.895ms
[668.735s][info][gc] GC(4096) Pause Young (Normal) (G1 Evacuation Pause) 650M->203M(816M) 2.859ms
[668.869s][info][gc] GC(4097) Pause Young (Normal) (G1 Evacuation Pause) 651M->207M(816M) 3.153ms
[669.009s][info][gc] GC(4098) Pause Young (Normal) (G1 Evacuation Pause) 659M->214M(816M) 3.167ms
[669.147s][info][gc] GC(4099) Pause Young (Normal) (G1 Evacuation Pause) 662M->217M(816M) 3.393ms
[669.291s][info][gc] GC(4100) Pause Young (Normal) (G1 Evacuation Pause) 665M->222M(816M) 3.565ms
[669.428s][info][gc] GC(4101) Pause Young (Normal) (G1 Evacuation Pause) 670M->223M(816M) 3.197ms
[669.577s][info][gc] GC(4102) Pause Young (Normal) (G1 Evacuation Pause) 671M->229M(816M) 3.009ms
[669.715s][info][gc] GC(4103) Pause Young (Normal) (G1 Evacuation Pause) 677M->232M(816M) 3.360ms
[669.854s][info][gc] GC(4104) Pause Young (Normal) (G1 Evacuation Pause) 680M->236M(816M) 3.065ms
[669.997s][info][gc] GC(4105) Pause Young (Normal) (G1 Evacuation Pause) 684M->241M(816M) 3.185ms
[670.139s][info][gc] GC(4106) Pause Young (Normal) (G1 Evacuation Pause) 689M->241M(816M) 3.351ms
[670.286s][info][gc] GC(4107) Pause Young (Normal) (G1 Evacuation Pause) 693M->247M(816M) 3.214ms
[670.423s][info][gc] GC(4108) Pause Young (Normal) (G1 Evacuation Pause) 695M->251M(816M) 3.271ms
[670.571s][info][gc] GC(4109) Pause Young (Normal) (G1 Evacuation Pause) 699M->252M(816M) 3.234ms
[670.719s][info][gc] GC(4110) Pause Young (Normal) (G1 Evacuation Pause) 704M->260M(816M) 3.125ms
[670.865s][info][gc] GC(4111) Pause Young (Normal) (G1 Evacuation Pause) 708M->263M(816M) 3.355ms
[670.999s][info][gc] GC(4112) Pause Young (Normal) (G1 Evacuation Pause) 711M->266M(816M) 3.119ms
[671.136s][info][gc] GC(4113) Pause Young (Normal) (G1 Evacuation Pause) 714M->270M(816M) 2.871ms
[671.269s][info][gc] GC(4114) Pause Young (Normal) (G1 Evacuation Pause) 718M->272M(816M) 3.252ms
[671.407s][info][gc] GC(4115) Pause Young (Normal) (G1 Evacuation Pause) 720M->275M(816M) 3.140ms
[671.563s][info][gc] GC(4116) Pause Young (Normal) (G1 Evacuation Pause) 727M->277M(816M) 2.824ms
[671.831s][info][gc] GC(4117) Pause Young (Normal) (G1 Evacuation Pause) 729M->286M(816M) 3.308ms
[672.011s][info][gc] GC(4118) Pause Young (Normal) (G1 Evacuation Pause) 722M->290M(816M) 3.314ms
[672.179s][info][gc] GC(4119) Pause Young (Normal) (G1 Evacuation Pause) 722M->293M(816M) 2.873ms
[672.355s][info][gc] GC(4120) Pause Young (Normal) (G1 Evacuation Pause) 729M->296M(816M) 3.023ms
[672.529s][info][gc] GC(4121) Pause Young (Normal) (G1 Evacuation Pause) 728M->301M(816M) 3.020ms
[672.697s][info][gc] GC(4122) Pause Young (Normal) (G1 Evacuation Pause) 729M->303M(816M) 2.922ms
[672.871s][info][gc] GC(4123) Pause Young (Concurrent Start) (G1 Evacuation Pause) 727M->308M(816M) 3.241ms
[672.871s][info][gc] GC(4124) Concurrent Mark Cycle
[672.880s][info][gc] GC(4124) Pause Remark 333M->127M(360M) 0.529ms
[672.883s][info][gc] GC(4124) Pause Cleanup 133M->133M(360M) 0.047ms
[672.883s][info][gc] GC(4124) Concurrent Mark Cycle 11.619ms
[672.942s][info][gc] GC(4125) Pause Young (Prepare Mixed) (G1 Evacuation Pause) 282M->105M(360M) 2.852ms
[673.029s][info][gc] GC(4126) Pause Young (Mixed) (G1 Evacuation Pause) 305M->80M(360M) 1.745ms
[673.109s][info][gc] GC(4127) Pause Young (Normal) (G1 Evacuation Pause) 280M->82M(360M) 1.580ms
[673.185s][info][gc] GC(4128) Pause Young (Normal) (G1 Evacuation Pause) 282M->85M(432M) 1.606ms
[673.280s][info][gc] GC(4129) Pause Young (Normal) (G1 Evacuation Pause) 325M->86M(432M) 1.778ms
[673.377s][info][gc] GC(4130) Pause Young (Normal) (G1 Evacuation Pause) 322M->89M(432M) 1.667ms
[673.465s][info][gc] GC(4131) Pause Young (Normal) (G1 Evacuation Pause) 325M->89M(432M) 1.874ms
[673.561s][info][gc] GC(4132) Pause Young (Normal) (G1 Evacuation Pause) 325M->92M(520M) 1.795ms
[673.683s][info][gc] GC(4133) Pause Young (Normal) (G1 Evacuation Pause) 384M->95M(520M) 1.900ms
[673.797s][info][gc] GC(4134) Pause Young (Normal) (G1 Evacuation Pause) 383M->97M(520M) 2.026ms
[673.910s][info][gc] GC(4135) Pause Young (Normal) (G1 Evacuation Pause) 381M->99M(520M) 2.034ms
[674.027s][info][gc] GC(4136) Pause Young (Normal) (G1 Evacuation Pause) 387M->103M(520M) 2.026ms
[674.144s][info][gc] GC(4137) Pause Young (Normal) (G1 Evacuation Pause) 387M->105M(520M) 2.177ms
[674.260s][info][gc] GC(4138) Pause Young (Normal) (G1 Evacuation Pause) 393M->107M(624M) 2.084ms
[674.408s][info][gc] GC(4139) Pause Young (Normal) (G1 Evacuation Pause) 455M->110M(624M) 2.571ms
[674.544s][info][gc] GC(4140) Pause Young (Normal) (G1 Evacuation Pause) 454M->112M(624M) 2.223ms
[674.680s][info][gc] GC(4141) Pause Young (Normal) (G1 Evacuation Pause) 452M->115M(624M) 2.485ms
[674.817s][info][gc] GC(4142) Pause Young (Normal) (G1 Evacuation Pause) 459M->117M(624M) 2.502ms
[674.950s][info][gc] GC(4143) Pause Young (Normal) (G1 Evacuation Pause) 461M->122M(624M) 2.337ms
[675.097s][info][gc] GC(4144) Pause Young (Normal) (G1 Evacuation Pause) 462M->123M(624M) 2.792ms
[675.231s][info][gc] GC(4145) Pause Young (Normal) (G1 Evacuation Pause) 463M->126M(624M) 2.329ms
[675.361s][info][gc] GC(4146) Pause Young (Normal) (G1 Evacuation Pause) 466M->128M(624M) 2.270ms
[675.497s][info][gc] GC(4147) Pause Young (Normal) (G1 Evacuation Pause) 472M->133M(624M) 2.261ms
[675.636s][info][gc] GC(4148) Pause Young (Normal) (G1 Evacuation Pause) 473M->134M(624M) 3.072ms
[675.781s][info][gc] GC(4149) Pause Young (Normal) (G1 Evacuation Pause) 478M->138M(624M) 2.657ms
[675.920s][info][gc] GC(4150) Pause Young (Normal) (G1 Evacuation Pause) 482M->142M(624M) 2.345ms
[676.049s][info][gc] GC(4151) Pause Young (Normal) (G1 Evacuation Pause) 482M->144M(624M) 2.332ms
[676.179s][info][gc] GC(4152) Pause Young (Normal) (G1 Evacuation Pause) 488M->147M(624M) 2.264ms
[676.310s][info][gc] GC(4153) Pause Young (Normal) (G1 Evacuation Pause) 491M->152M(624M) 2.293ms
[676.441s][info][gc] GC(4154) Pause Young (Normal) (G1 Evacuation Pause) 492M->153M(624M) 2.311ms
[676.574s][info][gc] GC(4155) Pause Young (Normal) (G1 Evacuation Pause) 497M->157M(624M) 2.500ms
[676.709s][info][gc] GC(4156) Pause Young (Normal) (G1 Evacuation Pause) 497M->159M(624M) 2.324ms
[676.848s][info][gc] GC(4157) Pause Young (Normal) (G1 Evacuation Pause) 503M->162M(624M) 2.524ms
[676.979s][info][gc] GC(4158) Pause Young (Normal) (G1 Evacuation Pause) 502M->166M(624M) 2.349ms
[677.114s][info][gc] GC(4159) Pause Young (Normal) (G1 Evacuation Pause) 506M->168M(624M) 2.394ms
[677.248s][info][gc] GC(4160) Pause Young (Normal) (G1 Evacuation Pause) 512M->171M(624M) 2.263ms
[677.379s][info][gc] GC(4161) Pause Young (Normal) (G1 Evacuation Pause) 515M->173M(624M) 2.356ms
[677.513s][info][gc] GC(4162) Pause Young (Normal) (G1 Evacuation Pause) 517M->177M(624M) 2.339ms
[677.653s][info][gc] GC(4163) Pause Young (Normal) (G1 Evacuation Pause) 521M->180M(624M) 2.311ms
[677.789s][info][gc] GC(4164) Pause Young (Normal) (G1 Evacuation Pause) 524M->182M(624M) 2.496ms
[677.924s][info][gc] GC(4165) Pause Young (Normal) (G1 Evacuation Pause) 526M->186M(624M) 2.616ms
[678.083s][info][gc] GC(4166) Pause Young (Normal) (G1 Evacuation Pause) 526M->188M(624M) 2.180ms
[678.274s][info][gc] GC(4167) Pause Young (Normal) (G1 Evacuation Pause) 532M->190M(624M) 2.434ms
[678.450s][info][gc] GC(4168) Pause Young (Normal) (G1 Evacuation Pause) 530M->193M(624M) 2.287ms
[678.628s][info][gc] GC(4169) Pause Young (Normal) (G1 Evacuation Pause) 537M->194M(624M) 2.189ms
[678.802s][info][gc] GC(4170) Pause Young (Normal) (G1 Evacuation Pause) 534M->198M(624M) 2.386ms
[678.982s][info][gc] GC(4171) Pause Young (Normal) (G1 Evacuation Pause) 538M->201M(624M) 2.435ms
[679.154s][info][gc] GC(4172) Pause Young (Normal) (G1 Evacuation Pause) 541M->206M(624M) 2.349ms
[679.337s][info][gc] GC(4173) Pause Young (Normal) (G1 Evacuation Pause) 546M->206M(624M) 2.606ms
[679.519s][info][gc] GC(4174) Pause Young (Normal) (G1 Evacuation Pause) 550M->209M(624M) 2.248ms
[679.693s][info][gc] GC(4175) Pause Young (Normal) (G1 Evacuation Pause) 549M->212M(624M) 2.977ms
[679.869s][info][gc] GC(4176) Pause Young (Normal) (G1 Evacuation Pause) 548M->213M(624M) 2.515ms
[680.045s][info][gc] GC(4177) Pause Young (Normal) (G1 Evacuation Pause) 553M->217M(624M) 2.318ms
[680.218s][info][gc] GC(4178) Pause Young (Normal) (G1 Evacuation Pause) 549M->220M(624M) 2.445ms
[680.388s][info][gc] GC(4179) Pause Young (Normal) (G1 Evacuation Pause) 548M->222M(624M) 2.365ms
[680.566s][info][gc] GC(4180) Pause Young (Normal) (G1 Evacuation Pause) 554M->226M(624M) 2.538ms
[680.735s][info][gc] GC(4181) Pause Young (Normal) (G1 Evacuation Pause) 546M->229M(624M) 2.436ms
[680.903s][info][gc] GC(4182) Pause Young (Normal) (G1 Evacuation Pause) 553M->231M(624M) 2.259ms
[681.080s][info][gc] GC(4183) Pause Young (Concurrent Start) (G1 Evacuation Pause) 551M->235M(624M) 2.257ms
[681.080s][info][gc] GC(4184) Concurrent Mark Cycle
[681.112s][info][gc] GC(4184) Pause Remark 295M->291M(624M) 0.416ms
[681.136s][info][gc] GC(4184) Pause Cleanup 326M->326M(624M) 0.068ms
[681.137s][info][gc] GC(4184) Concurrent Mark Cycle 57.530ms
[681.258s][info][gc] GC(4185) Pause Young (Prepare Mixed) (G1 Evacuation Pause) 551M->232M(624M) 2.581ms
[681.430s][info][gc] GC(4186) Pause Young (Mixed) (G1 Evacuation Pause) 552M->200M(624M) 3.615ms
[681.608s][info][gc] GC(4187) Pause Young (Mixed) (G1 Evacuation Pause) 544M->202M(624M) 2.630ms
[681.798s][info][gc] GC(4188) Pause Young (Normal) (G1 Evacuation Pause) 542M->205M(624M) 2.458ms
[681.994s][info][gc] GC(4189) Pause Young (Normal) (G1 Evacuation Pause) 549M->208M(624M) 2.563ms
[682.176s][info][gc] GC(4190) Pause Young (Normal) (G1 Evacuation Pause) 552M->210M(624M) 2.289ms
[682.363s][info][gc] GC(4191) Pause Young (Normal) (G1 Evacuation Pause) 554M->215M(624M) 2.501ms
[682.536s][info][gc] GC(4192) Pause Young (Normal) (G1 Evacuation Pause) 551M->217M(624M) 2.231ms
[682.714s][info][gc] GC(4193) Pause Young (Normal) (G1 Evacuation Pause) 549M->219M(624M) 2.237ms
[682.888s][info][gc] GC(4194) Pause Young (Normal) (G1 Evacuation Pause) 551M->222M(624M) 2.336ms
[683.095s][info][gc] GC(4195) Pause Young (Normal) (G1 Evacuation Pause) 550M->225M(624M) 2.345ms
[683.274s][info][gc] GC(4196) Pause Young (Normal) (G1 Evacuation Pause) 549M->229M(624M) 2.841ms
[683.441s][info][gc] GC(4197) Pause Young (Normal) (G1 Evacuation Pause) 553M->230M(624M) 2.870ms
[683.643s][info][gc] GC(4198) Pause Young (Normal) (G1 Evacuation Pause) 558M->232M(624M) 2.197ms
[684.251s][info][gc] GC(4199) Pause Young (Normal) (G1 Evacuation Pause) 556M->236M(624M) 2.243ms
[684.869s][info][gc] GC(4200) Pause Young (Concurrent Start) (G1 Evacuation Pause) 556M->237M(624M) 2.102ms
[684.869s][info][gc] GC(4201) Concurrent Mark Cycle
[684.875s][info][gc] GC(4201) Pause Remark 239M->103M(348M) 0.463ms
[684.877s][info][gc] GC(4201) Pause Cleanup 103M->103M(348M) 0.067ms
[684.877s][info][gc] GC(4201) Concurrent Mark Cycle 7.706ms
[685.245s][info][gc] GC(4202) Pause Young (Prepare Mixed) (G1 Evacuation Pause) 285M->103M(348M) 2.130ms
[685.611s][info][gc] GC(4203) Pause Young (Mixed) (G1 Evacuation Pause) 291M->68M(348M) 1.631ms
[685.975s][info][gc] GC(4204) Pause Young (Normal) (G1 Evacuation Pause) 260M->69M(348M) 1.443ms
[686.343s][info][gc] GC(4205) Pause Young (Normal) (G1 Evacuation Pause) 257M->71M(348M) 1.698ms
[686.736s][info][gc] GC(4206) Pause Young (Normal) (G1 Evacuation Pause) 263M->73M(348M) 1.542ms
[687.095s][info][gc] GC(4207) Pause Young (Normal) (G1 Evacuation Pause) 261M->74M(348M) 1.647ms
[687.469s][info][gc] GC(4208) Pause Young (Normal) (G1 Evacuation Pause) 262M->76M(348M) 1.774ms
[687.862s][info][gc] GC(4209) Pause Young (Normal) (G1 Evacuation Pause) 268M->77M(348M) 1.574ms
[688.230s][info][gc] GC(4210) Pause Young (Normal) (G1 Evacuation Pause) 265M->78M(348M) 1.370ms
[688.614s][info][gc] GC(4211) Pause Young (Normal) (G1 Evacuation Pause) 270M->80M(348M) 1.370ms
[688.979s][info][gc] GC(4212) Pause Young (Normal) (G1 Evacuation Pause) 268M->82M(348M) 1.387ms
[689.345s][info][gc] GC(4213) Pause Young (Normal) (G1 Evacuation Pause) 270M->83M(348M) 1.456ms
[689.710s][info][gc] GC(4214) Pause Young (Normal) (G1 Evacuation Pause) 271M->84M(348M) 1.500ms
[690.073s][info][gc] GC(4215) Pause Young (Normal) (G1 Evacuation Pause) 272M->87M(348M) 1.428ms
[690.460s][info][gc] GC(4216) Pause Young (Normal) (G1 Evacuation Pause) 275M->89M(348M) 1.490ms
[690.828s][info][gc] GC(4217) Pause Young (Normal) (G1 Evacuation Pause) 277M->90M(348M) 1.456ms
[691.189s][info][gc] GC(4218) Pause Young (Normal) (G1 Evacuation Pause) 278M->91M(348M) 1.424ms
[691.554s][info][gc] GC(4219) Pause Young (Normal) (G1 Evacuation Pause) 279M->93M(348M) 1.571ms
[691.921s][info][gc] GC(4220) Pause Young (Normal) (G1 Evacuation Pause) 281M->93M(348M) 1.566ms
[692.295s][info][gc] GC(4221) Pause Young (Normal) (G1 Evacuation Pause) 285M->96M(348M) 1.372ms
[692.654s][info][gc] GC(4222) Pause Young (Normal) (G1 Evacuation Pause) 284M->97M(348M) 1.395ms
[693.031s][info][gc] GC(4223) Pause Young (Normal) (G1 Evacuation Pause) 285M->99M(348M) 1.431ms
[693.392s][info][gc] GC(4224) Pause Young (Normal) (G1 Evacuation Pause) 287M->101M(348M) 1.377ms
[693.757s][info][gc] GC(4225) Pause Young (Normal) (G1 Evacuation Pause) 289M->103M(348M) 1.463ms
[694.179s][info][gc] GC(4226) Pause Young (Normal) (G1 Evacuation Pause) 291M->105M(348M) 1.506ms
[694.552s][info][gc] GC(4227) Pause Young (Normal) (G1 Evacuation Pause) 293M->106M(348M) 1.702ms
[694.920s][info][gc] GC(4228) Pause Young (Normal) (G1 Evacuation Pause) 298M->108M(348M) 1.550ms
[695.274s][info][gc] GC(4229) Pause Young (Normal) (G1 Evacuation Pause) 296M->109M(348M) 1.574ms
[695.668s][info][gc] GC(4230) Pause Young (Normal) (G1 Evacuation Pause) 301M->112M(348M) 1.731ms
[696.031s][info][gc] GC(4231) Pause Young (Normal) (G1 Evacuation Pause) 300M->113M(348M) 1.536ms
[696.386s][info][gc] GC(4232) Pause Young (Normal) (G1 Evacuation Pause) 301M->115M(348M) 1.521ms
[696.753s][info][gc] GC(4233) Pause Young (Normal) (G1 Evacuation Pause) 299M->116M(348M) 1.547ms
[697.118s][info][gc] GC(4234) Pause Young (Normal) (G1 Evacuation Pause) 308M->116M(348M) 1.659ms
[697.497s][info][gc] GC(4235) Pause Young (Normal) (G1 Evacuation Pause) 308M->120M(348M) 1.597ms
[697.876s][info][gc] GC(4236) Pause Young (Normal) (G1 Evacuation Pause) 308M->121M(348M) 1.403ms
[698.230s][info][gc] GC(4237) Pause Young (Normal) (G1 Evacuation Pause) 301M->122M(348M) 1.498ms
[698.580s][info][gc] GC(4238) Pause Young (Normal) (G1 Evacuation Pause) 298M->124M(348M) 1.409ms
[698.927s][info][gc] GC(4239) Pause Young (Normal) (G1 Evacuation Pause) 300M->125M(348M) 1.393ms
[699.271s][info][gc] GC(4240) Pause Young (Normal) (G1 Evacuation Pause) 301M->127M(348M) 1.902ms
[699.614s][info][gc] GC(4241) Pause Young (Normal) (G1 Evacuation Pause) 299M->128M(348M) 1.365ms
[699.957s][info][gc] GC(4242) Pause Young (Concurrent Start) (G1 Evacuation Pause) 304M->130M(348M) 1.366ms
[699.957s][info][gc] GC(4243) Concurrent Mark Cycle
[699.963s][info][gc] GC(4243) Pause Remark 136M->74M(240M) 0.433ms
[699.966s][info][gc] GC(4243) Pause Cleanup 76M->76M(240M) 0.040ms
[699.966s][info][gc] GC(4243) Concurrent Mark Cycle 8.776ms
[700.213s][info][gc] GC(4244) Pause Young (Prepare Mixed) (G1 Evacuation Pause) 196M->69M(240M) 1.325ms
[700.469s][info][gc] GC(4245) Pause Young (Mixed) (G1 Evacuation Pause) 201M->59M(240M) 1.222ms
[700.740s][info][gc] GC(4246) Pause Young (Normal) (G1 Evacuation Pause) 191M->60M(240M) 1.214ms
[700.985s][info][gc] GC(4247) Pause Young (Normal) (G1 Evacuation Pause) 192M->62M(240M) 1.464ms
[701.243s][info][gc] GC(4248) Pause Young (Normal) (G1 Evacuation Pause) 194M->62M(240M) 1.145ms
[701.501s][info][gc] GC(4249) Pause Young (Normal) (G1 Evacuation Pause) 194M->63M(240M) 1.110ms
[701.761s][info][gc] GC(4250) Pause Young (Normal) (G1 Evacuation Pause) 195M->64M(240M) 1.179ms
[702.015s][info][gc] GC(4251) Pause Young (Normal) (G1 Evacuation Pause) 196M->66M(240M) 1.161ms
[702.271s][info][gc] GC(4252) Pause Young (Normal) (G1 Evacuation Pause) 198M->67M(240M) 1.195ms
[702.525s][info][gc] GC(4253) Pause Young (Normal) (G1 Evacuation Pause) 199M->69M(240M) 1.126ms
[702.779s][info][gc] GC(4254) Pause Young (Normal) (G1 Evacuation Pause) 197M->69M(240M) 1.211ms
[703.034s][info][gc] GC(4255) Pause Young (Normal) (G1 Evacuation Pause) 201M->70M(240M) 1.166ms
[703.303s][info][gc] GC(4256) Pause Young (Normal) (G1 Evacuation Pause) 202M->71M(240M) 1.207ms
[703.550s][info][gc] GC(4257) Pause Young (Normal) (G1 Evacuation Pause) 199M->72M(240M) 1.308ms
[703.815s][info][gc] GC(4258) Pause Young (Normal) (G1 Evacuation Pause) 204M->73M(240M) 1.168ms
[704.069s][info][gc] GC(4259) Pause Young (Normal) (G1 Evacuation Pause) 205M->74M(240M) 1.319ms
[704.371s][info][gc] GC(4260) Pause Young (Normal) (G1 Evacuation Pause) 206M->76M(240M) 1.288ms
[704.627s][info][gc] GC(4261) Pause Young (Normal) (G1 Evacuation Pause) 204M->78M(240M) 1.326ms
[704.881s][info][gc] GC(4262) Pause Young (Normal) (G1 Evacuation Pause) 210M->78M(240M) 1.361ms
[705.131s][info][gc] GC(4263) Pause Young (Normal) (G1 Evacuation Pause) 210M->79M(240M) 1.221ms
[705.403s][info][gc] GC(4264) Pause Young (Normal) (G1 Evacuation Pause) 211M->81M(240M) 1.269ms
[705.654s][info][gc] GC(4265) Pause Young (Normal) (G1 Evacuation Pause) 213M->82M(240M) 1.289ms
[705.896s][info][gc] GC(4266) Pause Young (Normal) (G1 Evacuation Pause) 210M->83M(240M) 1.254ms
[706.151s][info][gc] GC(4267) Pause Young (Normal) (G1 Evacuation Pause) 211M->84M(240M) 1.383ms
[706.397s][info][gc] GC(4268) Pause Young (Normal) (G1 Evacuation Pause) 212M->85M(240M) 1.215ms
[706.651s][info][gc] GC(4269) Pause Young (Normal) (G1 Evacuation Pause) 213M->86M(240M) 1.886ms
[706.891s][info][gc] GC(4270) Pause Young (Normal) (G1 Evacuation Pause) 210M->87M(240M) 1.120ms
[707.125s][info][gc] GC(4271) Pause Young (Normal) (G1 Evacuation Pause) 211M->88M(240M) 1.177ms
[707.381s][info][gc] GC(4272) Pause Young (Normal) (G1 Evacuation Pause) 212M->89M(240M) 1.205ms
[707.603s][info][gc] GC(4273) Pause Young (Concurrent Start) (G1 Evacuation Pause) 209M->90M(240M) 1.172ms
[707.603s][info][gc] GC(4274) Concurrent Mark Cycle
[707.608s][info][gc] GC(4274) Pause Remark 92M->58M(200M) 0.374ms
[707.610s][info][gc] GC(4274) Pause Cleanup 60M->60M(200M) 0.045ms
[707.610s][info][gc] GC(4274) Concurrent Mark Cycle 6.692ms
[707.828s][info][gc] GC(4275) Pause Young (Prepare Mixed) (G1 Evacuation Pause) 164M->58M(200M) 1.371ms
[708.040s][info][gc] GC(4276) Pause Young (Mixed) (G1 Evacuation Pause) 166M->47M(200M) 1.303ms
[708.256s][info][gc] GC(4277) Pause Young (Normal) (G1 Evacuation Pause) 155M->48M(200M) 1.211ms
[708.461s][info][gc] GC(4278) Pause Young (Normal) (G1 Evacuation Pause) 156M->49M(200M) 1.121ms
[708.677s][info][gc] GC(4279) Pause Young (Normal) (G1 Evacuation Pause) 157M->49M(200M) 1.355ms
[708.896s][info][gc] GC(4280) Pause Young (Normal) (G1 Evacuation Pause) 157M->50M(200M) 1.182ms
[709.103s][info][gc] GC(4281) Pause Young (Normal) (G1 Evacuation Pause) 158M->52M(200M) 1.130ms
[709.313s][info][gc] GC(4282) Pause Young (Normal) (G1 Evacuation Pause) 160M->52M(200M) 1.074ms
[709.529s][info][gc] GC(4283) Pause Young (Normal) (G1 Evacuation Pause) 160M->53M(200M) 1.167ms
[709.741s][info][gc] GC(4284) Pause Young (Normal) (G1 Evacuation Pause) 161M->54M(200M) 1.174ms
[709.952s][info][gc] GC(4285) Pause Young (Normal) (G1 Evacuation Pause) 162M->55M(200M) 1.197ms
[710.163s][info][gc] GC(4286) Pause Young (Normal) (G1 Evacuation Pause) 163M->57M(200M) 1.141ms
[710.378s][info][gc] GC(4287) Pause Young (Normal) (G1 Evacuation Pause) 165M->57M(200M) 1.137ms
[710.589s][info][gc] GC(4288) Pause Young (Normal) (G1 Evacuation Pause) 165M->58M(200M) 1.145ms
[710.797s][info][gc] GC(4289) Pause Young (Normal) (G1 Evacuation Pause) 166M->59M(200M) 1.112ms
[711.005s][info][gc] GC(4290) Pause Young (Normal) (G1 Evacuation Pause) 167M->60M(200M) 1.213ms
[711.216s][info][gc] GC(4291) Pause Young (Normal) (G1 Evacuation Pause) 168M->61M(200M) 1.129ms
[711.422s][info][gc] GC(4292) Pause Young (Normal) (G1 Evacuation Pause) 169M->62M(200M) 1.151ms
[711.632s][info][gc] GC(4293) Pause Young (Normal) (G1 Evacuation Pause) 170M->63M(200M) 1.271ms
[711.846s][info][gc] GC(4294) Pause Young (Normal) (G1 Evacuation Pause) 167M->64M(200M) 1.132ms
[712.045s][info][gc] GC(4295) Pause Young (Normal) (G1 Evacuation Pause) 168M->64M(200M) 1.095ms
[712.251s][info][gc] GC(4296) Pause Young (Normal) (G1 Evacuation Pause) 168M->65M(200M) 1.130ms
[712.455s][info][gc] GC(4297) Pause Young (Normal) (G1 Evacuation Pause) 169M->66M(200M) 1.094ms
[712.646s][info][gc] GC(4298) Pause Young (Normal) (G1 Evacuation Pause) 166M->66M(200M) 1.084ms
[712.843s][info][gc] GC(4299) Pause Young (Normal) (G1 Evacuation Pause) 166M->68M(200M) 1.093ms
[713.042s][info][gc] GC(4300) Pause Young (Normal) (G1 Evacuation Pause) 168M->68M(200M) 1.156ms
[713.243s][info][gc] GC(4301) Pause Young (Normal) (G1 Evacuation Pause) 168M->69M(200M) 1.156ms
[713.440s][info][gc] GC(4302) Pause Young (Normal) (G1 Evacuation Pause) 169M->70M(200M) 1.151ms
[713.630s][info][gc] GC(4303) Pause Young (Normal) (G1 Evacuation Pause) 170M->71M(200M) 1.103ms
[713.810s][info][gc] GC(4304) Pause Young (Concurrent Start) (G1 Evacuation Pause) 167M->72M(200M) 1.119ms
[713.810s][info][gc] GC(4305) Concurrent Mark Cycle
[713.817s][info][gc] GC(4305) Pause Remark 78M->78M(200M) 0.402ms
[713.824s][info][gc] GC(4305) Pause Cleanup 82M->82M(200M) 0.023ms
[713.824s][info][gc] GC(4305) Concurrent Mark Cycle 14.296ms
[713.991s][info][gc] GC(4306) Pause Young (Prepare Mixed) (G1 Evacuation Pause) 168M->73M(200M) 1.131ms
[714.184s][info][gc] GC(4307) Pause Young (Mixed) (G1 Evacuation Pause) 169M->73M(200M) 1.260ms
[714.371s][info][gc] GC(4308) Pause Young (Concurrent Start) (G1 Evacuation Pause) 169M->74M(200M) 1.222ms
[714.371s][info][gc] GC(4309) Concurrent Mark Cycle
[714.379s][info][gc] GC(4309) Pause Remark 80M->80M(200M) 0.417ms
[714.387s][info][gc] GC(4309) Pause Cleanup 84M->84M(200M) 0.026ms
[714.387s][info][gc] GC(4309) Concurrent Mark Cycle 15.920ms
[714.563s][info][gc] GC(4310) Pause Young (Prepare Mixed) (G1 Evacuation Pause) 170M->75M(200M) 1.118ms
[714.784s][info][gc] GC(4311) Pause Young (Mixed) (G1 Evacuation Pause) 171M->74M(200M) 1.538ms
[714.971s][info][gc] GC(4312) Pause Young (Concurrent Start) (G1 Evacuation Pause) 170M->75M(200M) 1.232ms
[714.971s][info][gc] GC(4313) Concurrent Mark Cycle
[714.975s][info][gc] GC(4313) Pause Remark 79M->55M(188M) 0.385ms
[714.976s][info][gc] GC(4313) Pause Cleanup 55M->55M(188M) 0.020ms
[714.976s][info][gc] GC(4313) Concurrent Mark Cycle 5.100ms
[715.162s][info][gc] GC(4314) Pause Young (Prepare Mixed) (G1 Evacuation Pause) 147M->51M(188M) 1.173ms
[715.368s][info][gc] GC(4315) Pause Young (Mixed) (G1 Evacuation Pause) 151M->37M(188M) 1.221ms
[715.573s][info][gc] GC(4316) Pause Young (Normal) (G1 Evacuation Pause) 141M->38M(188M) 0.901ms
[715.774s][info][gc] GC(4317) Pause Young (Normal) (G1 Evacuation Pause) 142M->38M(188M) 0.972ms
[715.985s][info][gc] GC(4318) Pause Young (Normal) (G1 Evacuation Pause) 142M->39M(188M) 1.070ms
[716.182s][info][gc] GC(4319) Pause Young (Normal) (G1 Evacuation Pause) 143M->40M(188M) 1.090ms
[716.390s][info][gc] GC(4320) Pause Young (Normal) (G1 Evacuation Pause) 144M->41M(188M) 1.210ms
[716.584s][info][gc] GC(4321) Pause Young (Normal) (G1 Evacuation Pause) 141M->42M(188M) 1.201ms
[716.773s][info][gc] GC(4322) Pause Young (Normal) (G1 Evacuation Pause) 142M->42M(188M) 0.978ms
[716.974s][info][gc] GC(4323) Pause Young (Normal) (G1 Evacuation Pause) 142M->44M(188M) 1.118ms
[717.174s][info][gc] GC(4324) Pause Young (Normal) (G1 Evacuation Pause) 144M->44M(188M) 1.170ms
[717.373s][info][gc] GC(4325) Pause Young (Normal) (G1 Evacuation Pause) 144M->45M(188M) 1.121ms
[717.577s][info][gc] GC(4326) Pause Young (Normal) (G1 Evacuation Pause) 145M->46M(188M) 1.142ms
[717.777s][info][gc] GC(4327) Pause Young (Normal) (G1 Evacuation Pause) 146M->47M(188M) 1.189ms
[717.970s][info][gc] GC(4328) Pause Young (Normal) (G1 Evacuation Pause) 147M->47M(188M) 1.119ms
[718.170s][info][gc] GC(4329) Pause Young (Normal) (G1 Evacuation Pause) 147M->49M(188M) 1.317ms
[718.358s][info][gc] GC(4330) Pause Young (Normal) (G1 Evacuation Pause) 149M->49M(188M) 1.153ms
[718.559s][info][gc] GC(4331) Pause Young (Normal) (G1 Evacuation Pause) 149M->50M(188M) 1.120ms
[718.756s][info][gc] GC(4332) Pause Young (Normal) (G1 Evacuation Pause) 150M->50M(188M) 1.136ms
[718.952s][info][gc] GC(4333) Pause Young (Normal) (G1 Evacuation Pause) 150M->52M(188M) 1.124ms
[719.140s][info][gc] GC(4334) Pause Young (Normal) (G1 Evacuation Pause) 152M->52M(188M) 1.139ms
[719.344s][info][gc] GC(4335) Pause Young (Normal) (G1 Evacuation Pause) 152M->53M(188M) 1.145ms
[719.541s][info][gc] GC(4336) Pause Young (Normal) (G1 Evacuation Pause) 153M->54M(188M) 1.111ms
[719.738s][info][gc] GC(4337) Pause Young (Normal) (G1 Evacuation Pause) 154M->55M(188M) 1.092ms
[719.930s][info][gc] GC(4338) Pause Young (Normal) (G1 Evacuation Pause) 155M->56M(188M) 1.143ms
[720.124s][info][gc] GC(4339) Pause Young (Normal) (G1 Evacuation Pause) 156M->57M(188M) 1.144ms
[720.319s][info][gc] GC(4340) Pause Young (Normal) (G1 Evacuation Pause) 157M->57M(188M) 1.129ms
[720.517s][info][gc] GC(4341) Pause Young (Normal) (G1 Evacuation Pause) 157M->58M(188M) 1.193ms
[720.723s][info][gc] GC(4342) Pause Young (Normal) (G1 Evacuation Pause) 158M->59M(188M) 1.131ms
[720.921s][info][gc] GC(4343) Pause Young (Normal) (G1 Evacuation Pause) 155M->59M(188M) 1.215ms
[721.103s][info][gc] GC(4344) Pause Young (Normal) (G1 Evacuation Pause) 155M->61M(188M) 1.101ms
[721.299s][info][gc] GC(4345) Pause Young (Normal) (G1 Evacuation Pause) 157M->61M(188M) 1.136ms
[721.487s][info][gc] GC(4346) Pause Young (Normal) (G1 Evacuation Pause) 157M->62M(188M) 1.087ms
[721.678s][info][gc] GC(4347) Pause Young (Normal) (G1 Evacuation Pause) 158M->63M(188M) 1.130ms
[721.857s][info][gc] GC(4348) Pause Young (Normal) (G1 Evacuation Pause) 155M->64M(188M) 1.097ms
[722.042s][info][gc] GC(4349) Pause Young (Normal) (G1 Evacuation Pause) 156M->64M(188M) 1.066ms
[722.216s][info][gc] GC(4350) Pause Young (Normal) (G1 Evacuation Pause) 156M->65M(188M) 1.376ms
[722.410s][info][gc] GC(4351) Pause Young (Normal) (G1 Evacuation Pause) 157M->66M(188M) 1.081ms
[722.598s][info][gc] GC(4352) Pause Young (Normal) (G1 Evacuation Pause) 158M->67M(188M) 1.132ms
[722.775s][info][gc] GC(4353) Pause Young (Normal) (G1 Evacuation Pause) 155M->68M(188M) 1.101ms
[722.946s][info][gc] GC(4354) Pause Young (Normal) (G1 Evacuation Pause) 156M->68M(188M) 1.103ms
[723.126s][info][gc] GC(4355) Pause Young (Normal) (G1 Evacuation Pause) 156M->69M(188M) 1.103ms
[723.305s][info][gc] GC(4356) Pause Young (Normal) (G1 Evacuation Pause) 157M->70M(188M) 1.205ms
[723.476s][info][gc] GC(4357) Pause Young (Normal) (G1 Evacuation Pause) 158M->71M(188M) 1.102ms
[723.652s][info][gc] GC(4358) Pause Young (Normal) (G1 Evacuation Pause) 159M->71M(188M) 1.131ms
[723.817s][info][gc] GC(4359) Pause Young (Concurrent Start) (G1 Evacuation Pause) 155M->72M(188M) 1.103ms
[723.817s][info][gc] GC(4360) Concurrent Mark Cycle
[723.825s][info][gc] GC(4360) Pause Remark 78M->75M(188M) 0.390ms
[723.831s][info][gc] GC(4360) Pause Cleanup 77M->77M(188M) 0.023ms
[723.831s][info][gc] GC(4360) Concurrent Mark Cycle 13.891ms
[723.997s][info][gc] GC(4361) Pause Young (Prepare Mixed) (G1 Evacuation Pause) 162M->70M(188M) 0.963ms
[724.183s][info][gc] GC(4362) Pause Young (Mixed) (G1 Evacuation Pause) 166M->68M(188M) 1.446ms
[724.357s][info][gc] GC(4363) Pause Young (Concurrent Start) (G1 Evacuation Pause) 156M->70M(188M) 1.058ms
[724.357s][info][gc] GC(4364) Concurrent Mark Cycle
[724.365s][info][gc] GC(4364) Pause Remark 75M->75M(188M) 0.393ms
[724.371s][info][gc] GC(4364) Pause Cleanup 81M->81M(188M) 0.022ms
[724.371s][info][gc] GC(4364) Concurrent Mark Cycle 14.578ms
[724.520s][info][gc] GC(4365) Pause Young (Prepare Mixed) (G1 Evacuation Pause) 158M->69M(188M) 1.067ms
[724.711s][info][gc] GC(4366) Pause Young (Mixed) (G1 Evacuation Pause) 157M->68M(188M) 1.438ms
[724.889s][info][gc] GC(4367) Pause Young (Normal) (G1 Evacuation Pause) 160M->69M(188M) 1.111ms
[725.088s][info][gc] GC(4368) Pause Young (Normal) (G1 Evacuation Pause) 157M->69M(188M) 0.970ms
[725.277s][info][gc] GC(4369) Pause Young (Concurrent Start) (G1 Evacuation Pause) 157M->71M(188M) 1.284ms
[725.277s][info][gc] GC(4370) Concurrent Mark Cycle
[725.281s][info][gc] GC(4370) Pause Remark 75M->47M(160M) 0.464ms
[725.283s][info][gc] GC(4370) Pause Cleanup 47M->47M(160M) 0.021ms
[725.283s][info][gc] GC(4370) Concurrent Mark Cycle 5.953ms
[725.467s][info][gc] GC(4371) Pause Young (Prepare Mixed) (G1 Evacuation Pause) 127M->44M(160M) 1.749ms
[725.638s][info][gc] GC(4372) Pause Young (Mixed) (G1 Evacuation Pause) 132M->38M(160M) 1.397ms
[725.814s][info][gc] GC(4373) Pause Young (Normal) (G1 Evacuation Pause) 130M->39M(160M) 0.977ms
[725.988s][info][gc] GC(4374) Pause Young (Normal) (G1 Evacuation Pause) 127M->39M(160M) 1.021ms
[726.152s][info][gc] GC(4375) Pause Young (Normal) (G1 Evacuation Pause) 127M->40M(160M) 1.104ms
[726.329s][info][gc] GC(4376) Pause Young (Normal) (G1 Evacuation Pause) 128M->41M(160M) 1.173ms
[726.507s][info][gc] GC(4377) Pause Young (Normal) (G1 Evacuation Pause) 129M->42M(160M) 1.250ms
[726.667s][info][gc] GC(4378) Pause Young (Normal) (G1 Evacuation Pause) 130M->41M(160M) 0.976ms
[726.841s][info][gc] GC(4379) Pause Young (Normal) (G1 Evacuation Pause) 129M->43M(160M) 1.089ms
[727.017s][info][gc] GC(4380) Pause Young (Normal) (G1 Evacuation Pause) 131M->44M(160M) 1.216ms
[727.188s][info][gc] GC(4381) Pause Young (Normal) (G1 Evacuation Pause) 132M->44M(160M) 1.112ms
[727.353s][info][gc] GC(4382) Pause Young (Normal) (G1 Evacuation Pause) 132M->45M(160M) 1.096ms
[727.531s][info][gc] GC(4383) Pause Young (Normal) (G1 Evacuation Pause) 133M->46M(160M) 1.109ms
[727.704s][info][gc] GC(4384) Pause Young (Normal) (G1 Evacuation Pause) 134M->46M(160M) 1.131ms
[727.870s][info][gc] GC(4385) Pause Young (Normal) (G1 Evacuation Pause) 134M->47M(160M) 1.163ms
[728.049s][info][gc] GC(4386) Pause Young (Normal) (G1 Evacuation Pause) 135M->48M(160M) 1.203ms
[728.221s][info][gc] GC(4387) Pause Young (Normal) (G1 Evacuation Pause) 136M->48M(160M) 1.107ms
[728.390s][info][gc] GC(4388) Pause Young (Normal) (G1 Evacuation Pause) 136M->49M(160M) 1.118ms
[728.570s][info][gc] GC(4389) Pause Young (Normal) (G1 Evacuation Pause) 137M->50M(160M) 1.148ms
[728.740s][info][gc] GC(4390) Pause Young (Normal) (G1 Evacuation Pause) 138M->50M(160M) 1.089ms
[728.907s][info][gc] GC(4391) Pause Young (Normal) (G1 Evacuation Pause) 138M->51M(160M) 1.134ms
[729.081s][info][gc] GC(4392) Pause Young (Normal) (G1 Evacuation Pause) 139M->52M(160M) 1.126ms
[729.254s][info][gc] GC(4393) Pause Young (Normal) (G1 Evacuation Pause) 140M->53M(160M) 1.140ms
[729.422s][info][gc] GC(4394) Pause Young (Normal) (G1 Evacuation Pause) 141M->53M(160M) 1.057ms
[729.606s][info][gc] GC(4395) Pause Young (Normal) (G1 Evacuation Pause) 141M->54M(160M) 1.155ms
[729.790s][info][gc] GC(4396) Pause Young (Normal) (G1 Evacuation Pause) 142M->55M(160M) 1.271ms
[729.958s][info][gc] GC(4397) Pause Young (Normal) (G1 Evacuation Pause) 139M->56M(160M) 1.085ms
[730.119s][info][gc] GC(4398) Pause Young (Normal) (G1 Evacuation Pause) 140M->57M(160M) 1.142ms
[730.283s][info][gc] GC(4399) Pause Young (Normal) (G1 Evacuation Pause) 141M->57M(160M) 1.083ms
[730.441s][info][gc] GC(4400) Pause Young (Normal) (G1 Evacuation Pause) 141M->58M(160M) 1.067ms
[730.610s][info][gc] GC(4401) Pause Young (Normal) (G1 Evacuation Pause) 142M->59M(160M) 1.202ms
[730.770s][info][gc] GC(4402) Pause Young (Normal) (G1 Evacuation Pause) 143M->60M(160M) 1.134ms
[730.924s][info][gc] GC(4403) Pause Young (Concurrent Start) (G1 Evacuation Pause) 140M->60M(160M) 1.109ms
[730.924s][info][gc] GC(4404) Concurrent Mark Cycle
[730.930s][info][gc] GC(4404) Pause Remark 64M->60M(160M) 0.463ms
[730.934s][info][gc] GC(4404) Pause Cleanup 63M->63M(160M) 0.020ms
[730.934s][info][gc] GC(4404) Concurrent Mark Cycle 9.978ms
[731.086s][info][gc] GC(4405) Pause Young (Prepare Mixed) (G1 Evacuation Pause) 136M->57M(160M) 1.131ms
[731.248s][info][gc] GC(4406) Pause Young (Mixed) (G1 Evacuation Pause) 141M->55M(160M) 1.588ms
[731.421s][info][gc] GC(4407) Pause Young (Normal) (G1 Evacuation Pause) 143M->55M(160M) 1.143ms
[731.574s][info][gc] GC(4408) Pause Young (Normal) (G1 Evacuation Pause) 139M->56M(160M) 1.124ms
[731.744s][info][gc] GC(4409) Pause Young (Normal) (G1 Evacuation Pause) 140M->57M(160M) 1.158ms
[731.912s][info][gc] GC(4410) Pause Young (Normal) (G1 Evacuation Pause) 141M->58M(160M) 1.159ms
[732.065s][info][gc] GC(4411) Pause Young (Normal) (G1 Evacuation Pause) 142M->58M(160M) 1.174ms
[732.233s][info][gc] GC(4412) Pause Young (Normal) (G1 Evacuation Pause) 142M->59M(160M) 1.098ms
[732.385s][info][gc] GC(4413) Pause Young (Normal) (G1 Evacuation Pause) 143M->59M(160M) 1.039ms
[732.548s][info][gc] GC(4414) Pause Young (Concurrent Start) (G1 Evacuation Pause) 139M->61M(160M) 1.119ms
[732.548s][info][gc] GC(4415) Concurrent Mark Cycle
[732.556s][info][gc] GC(4415) Pause Remark 66M->66M(160M) 0.464ms
[732.561s][info][gc] GC(4415) Pause Cleanup 69M->69M(160M) 0.022ms
[732.561s][info][gc] GC(4415) Concurrent Mark Cycle 12.943ms
[732.706s][info][gc] GC(4416) Pause Young (Prepare Mixed) (G1 Evacuation Pause) 141M->60M(160M) 1.167ms
[732.867s][info][gc] GC(4417) Pause Young (Mixed) (G1 Evacuation Pause) 140M->59M(160M) 1.677ms
[733.030s][info][gc] GC(4418) Pause Young (Concurrent Start) (G1 Evacuation Pause) 139M->60M(160M) 1.177ms
[733.030s][info][gc] GC(4419) Concurrent Mark Cycle
[733.038s][info][gc] GC(4419) Pause Remark 65M->65M(160M) 0.478ms
[733.043s][info][gc] GC(4419) Pause Cleanup 69M->69M(160M) 0.022ms
[733.044s][info][gc] GC(4419) Concurrent Mark Cycle 13.210ms
[733.175s][info][gc] GC(4420) Pause Young (Prepare Mixed) (G1 Evacuation Pause) 140M->61M(160M) 1.163ms
[733.340s][info][gc] GC(4421) Pause Young (Mixed) (G1 Evacuation Pause) 141M->61M(160M) 3.181ms
[733.496s][info][gc] GC(4422) Pause Young (Concurrent Start) (G1 Evacuation Pause) 141M->61M(160M) 1.193ms
[733.496s][info][gc] GC(4423) Concurrent Mark Cycle
[733.504s][info][gc] GC(4423) Pause Remark 68M->68M(160M) 0.462ms
[733.508s][info][gc] GC(4423) Pause Cleanup 71M->71M(160M) 0.018ms
[733.508s][info][gc] GC(4423) Concurrent Mark Cycle 11.709ms
[733.656s][info][gc] GC(4424) Pause Young (Normal) (G1 Evacuation Pause) 141M->62M(160M) 1.129ms
[733.807s][info][gc] GC(4425) Pause Young (Concurrent Start) (G1 Evacuation Pause) 142M->62M(160M) 1.144ms
[733.807s][info][gc] GC(4426) Concurrent Mark Cycle
[733.815s][info][gc] GC(4426) Pause Remark 66M->66M(160M) 0.455ms
[733.817s][info][gc] GC(4426) Pause Cleanup 68M->68M(160M) 0.004ms
[733.818s][info][gc] GC(4426) Concurrent Mark Cycle 10.517ms
[733.967s][info][gc] GC(4427) Pause Young (Normal) (G1 Evacuation Pause) 142M->63M(160M) 1.079ms
[734.116s][info][gc] GC(4428) Pause Young (Concurrent Start) (G1 Evacuation Pause) 139M->64M(160M) 1.119ms
[734.116s][info][gc] GC(4429) Concurrent Mark Cycle
[734.124s][info][gc] GC(4429) Pause Remark 69M->69M(160M) 0.468ms
[734.128s][info][gc] GC(4429) Pause Cleanup 73M->73M(160M) 0.018ms
[734.129s][info][gc] GC(4429) Concurrent Mark Cycle 12.423ms
[734.271s][info][gc] GC(4430) Pause Young (Normal) (G1 Evacuation Pause) 140M->65M(160M) 1.195ms
[734.420s][info][gc] GC(4431) Pause Young (Concurrent Start) (G1 Evacuation Pause) 141M->65M(160M) 1.139ms
[734.420s][info][gc] GC(4432) Concurrent Mark Cycle
[734.428s][info][gc] GC(4432) Pause Remark 71M->71M(160M) 0.475ms
[734.433s][info][gc] GC(4432) Pause Cleanup 73M->73M(160M) 0.018ms
[734.433s][info][gc] GC(4432) Concurrent Mark Cycle 12.908ms
[734.577s][info][gc] GC(4433) Pause Young (Normal) (G1 Evacuation Pause) 141M->66M(160M) 1.125ms
[734.720s][info][gc] GC(4434) Pause Young (Concurrent Start) (G1 Evacuation Pause) 142M->67M(160M) 1.166ms
[734.721s][info][gc] GC(4435) Concurrent Mark Cycle
[734.728s][info][gc] GC(4435) Pause Remark 71M->71M(160M) 0.461ms
[734.731s][info][gc] GC(4435) Pause Cleanup 74M->74M(160M) 0.004ms
[734.731s][info][gc] GC(4435) Concurrent Mark Cycle 10.914ms
[734.871s][info][gc] GC(4436) Pause Young (Normal) (G1 Evacuation Pause) 143M->67M(160M) 1.064ms
[735.013s][info][gc] GC(4437) Pause Young (Concurrent Start) (G1 Evacuation Pause) 139M->67M(160M) 1.060ms
[735.013s][info][gc] GC(4438) Concurrent Mark Cycle
[735.021s][info][gc] GC(4438) Pause Remark 70M->70M(160M) 0.485ms
[735.026s][info][gc] GC(4438) Pause Cleanup 74M->74M(160M) 0.019ms
[735.026s][info][gc] GC(4438) Concurrent Mark Cycle 13.333ms
[735.151s][info][gc] GC(4439) Pause Young (Normal) (G1 Evacuation Pause) 139M->67M(160M) 1.045ms
[735.299s][info][gc] GC(4440) Pause Young (Concurrent Start) (G1 Evacuation Pause) 139M->69M(160M) 1.169ms
[735.300s][info][gc] GC(4441) Concurrent Mark Cycle
[735.308s][info][gc] GC(4441) Pause Remark 74M->74M(160M) 0.460ms
[735.313s][info][gc] GC(4441) Pause Cleanup 77M->77M(160M) 0.019ms
[735.313s][info][gc] GC(4441) Concurrent Mark Cycle 13.203ms
[735.479s][info][gc] GC(4442) Pause Young (Normal) (G1 Evacuation Pause) 141M->70M(160M) 1.277ms
[735.611s][info][gc] GC(4443) Pause Young (Concurrent Start) (G1 Evacuation Pause) 142M->71M(160M) 1.230ms
[735.611s][info][gc] GC(4444) Concurrent Mark Cycle
[735.615s][info][gc] GC(4444) Pause Remark 73M->49M(160M) 0.445ms
[735.616s][info][gc] GC(4444) Pause Cleanup 49M->49M(160M) 0.018ms
[735.616s][info][gc] GC(4444) Concurrent Mark Cycle 4.868ms
[735.748s][info][gc] GC(4445) Pause Young (Prepare Mixed) (G1 Evacuation Pause) 115M->47M(160M) 1.145ms
[735.920s][info][gc] GC(4446) Pause Young (Mixed) (G1 Evacuation Pause) 135M->35M(160M) 1.181ms
[736.097s][info][gc] GC(4447) Pause Young (Normal) (G1 Evacuation Pause) 123M->35M(160M) 0.955ms
[736.270s][info][gc] GC(4448) Pause Young (Normal) (G1 Evacuation Pause) 123M->36M(160M) 1.086ms
[736.446s][info][gc] GC(4449) Pause Young (Normal) (G1 Evacuation Pause) 124M->37M(160M) 1.095ms
[736.612s][info][gc] GC(4450) Pause Young (Normal) (G1 Evacuation Pause) 125M->37M(160M) 1.162ms
[736.783s][info][gc] GC(4451) Pause Young (Normal) (G1 Evacuation Pause) 125M->38M(160M) 1.245ms
[736.960s][info][gc] GC(4452) Pause Young (Normal) (G1 Evacuation Pause) 126M->39M(160M) 1.079ms
[737.125s][info][gc] GC(4453) Pause Young (Normal) (G1 Evacuation Pause) 127M->39M(160M) 1.150ms
[737.296s][info][gc] GC(4454) Pause Young (Normal) (G1 Evacuation Pause) 127M->41M(160M) 1.119ms
[737.467s][info][gc] GC(4455) Pause Young (Normal) (G1 Evacuation Pause) 129M->41M(160M) 1.118ms
[737.638s][info][gc] GC(4456) Pause Young (Normal) (G1 Evacuation Pause) 129M->42M(160M) 1.125ms
[737.816s][info][gc] GC(4457) Pause Young (Normal) (G1 Evacuation Pause) 130M->43M(160M) 1.129ms
[737.995s][info][gc] GC(4458) Pause Young (Normal) (G1 Evacuation Pause) 131M->43M(160M) 1.147ms
[738.161s][info][gc] GC(4459) Pause Young (Normal) (G1 Evacuation Pause) 131M->44M(160M) 1.108ms
[738.344s][info][gc] GC(4460) Pause Young (Normal) (G1 Evacuation Pause) 132M->45M(160M) 1.122ms
[738.513s][info][gc] GC(4461) Pause Young (Normal) (G1 Evacuation Pause) 133M->46M(160M) 1.126ms
[738.684s][info][gc] GC(4462) Pause Young (Normal) (G1 Evacuation Pause) 134M->46M(160M) 1.051ms
[738.854s][info][gc] GC(4463) Pause Young (Normal) (G1 Evacuation Pause) 134M->47M(160M) 1.161ms
[739.021s][info][gc] GC(4464) Pause Young (Normal) (G1 Evacuation Pause) 135M->48M(160M) 1.183ms
[739.200s][info][gc] GC(4465) Pause Young (Normal) (G1 Evacuation Pause) 136M->48M(160M) 1.097ms
[739.367s][info][gc] GC(4466) Pause Young (Normal) (G1 Evacuation Pause) 136M->49M(160M) 1.091ms
[739.542s][info][gc] GC(4467) Pause Young (Normal) (G1 Evacuation Pause) 137M->50M(160M) 1.125ms
[739.718s][info][gc] GC(4468) Pause Young (Normal) (G1 Evacuation Pause) 138M->51M(160M) 1.221ms
[739.879s][info][gc] GC(4469) Pause Young (Normal) (G1 Evacuation Pause) 139M->51M(160M) 1.080ms
[740.062s][info][gc] GC(4470) Pause Young (Normal) (G1 Evacuation Pause) 139M->52M(160M) 1.181ms
[740.238s][info][gc] GC(4471) Pause Young (Normal) (G1 Evacuation Pause) 140M->53M(160M) 1.165ms
[740.413s][info][gc] GC(4472) Pause Young (Normal) (G1 Evacuation Pause) 141M->53M(160M) 1.121ms
[740.587s][info][gc] GC(4473) Pause Young (Normal) (G1 Evacuation Pause) 141M->54M(160M) 1.142ms
[740.762s][info][gc] GC(4474) Pause Young (Normal) (G1 Evacuation Pause) 142M->55M(160M) 1.152ms
[740.923s][info][gc] GC(4475) Pause Young (Normal) (G1 Evacuation Pause) 139M->56M(160M) 1.125ms
[741.089s][info][gc] GC(4476) Pause Young (Normal) (G1 Evacuation Pause) 140M->57M(160M) 1.116ms
[741.257s][info][gc] GC(4477) Pause Young (Normal) (G1 Evacuation Pause) 141M->57M(160M) 1.141ms
[741.414s][info][gc] GC(4478) Pause Young (Normal) (G1 Evacuation Pause) 141M->58M(160M) 1.117ms
[741.573s][info][gc] GC(4479) Pause Young (Normal) (G1 Evacuation Pause) 142M->59M(160M) 1.093ms
[741.732s][info][gc] GC(4480) Pause Young (Concurrent Start) (G1 Evacuation Pause) 139M->60M(160M) 1.118ms
[741.732s][info][gc] GC(4481) Concurrent Mark Cycle
[741.738s][info][gc] GC(4481) Pause Remark 63M->63M(160M) 0.452ms
[741.743s][info][gc] GC(4481) Pause Cleanup 67M->67M(160M) 0.021ms
[741.743s][info][gc] GC(4481) Concurrent Mark Cycle 11.282ms
[741.896s][info][gc] GC(4482) Pause Young (Prepare Mixed) (G1 Evacuation Pause) 140M->60M(160M) 1.159ms
[742.041s][info][gc] GC(4483) Pause Young (Mixed) (G1 Evacuation Pause) 140M->57M(160M) 1.460ms
[742.209s][info][gc] GC(4484) Pause Young (Normal) (G1 Evacuation Pause) 141M->58M(160M) 1.141ms
[742.367s][info][gc] GC(4485) Pause Young (Normal) (G1 Evacuation Pause) 142M->59M(160M) 1.125ms
[742.528s][info][gc] GC(4486) Pause Young (Concurrent Start) (G1 Evacuation Pause) 139M->60M(160M) 1.182ms
[742.528s][info][gc] GC(4487) Concurrent Mark Cycle
[742.535s][info][gc] GC(4487) Pause Remark 66M->66M(160M) 0.460ms
[742.540s][info][gc] GC(4487) Pause Cleanup 70M->70M(160M) 0.020ms
[742.540s][info][gc] GC(4487) Concurrent Mark Cycle 12.168ms
[742.691s][info][gc] GC(4488) Pause Young (Prepare Mixed) (G1 Evacuation Pause) 140M->60M(160M) 1.167ms
[742.842s][info][gc] GC(4489) Pause Young (Mixed) (G1 Evacuation Pause) 140M->59M(160M) 1.659ms
[743.001s][info][gc] GC(4490) Pause Young (Concurrent Start) (G1 Evacuation Pause) 139M->59M(160M) 1.149ms
[743.001s][info][gc] GC(4491) Concurrent Mark Cycle
[743.008s][info][gc] GC(4491) Pause Remark 63M->63M(160M) 0.459ms
[743.014s][info][gc] GC(4491) Pause Cleanup 67M->67M(160M) 0.024ms
[743.014s][info][gc] GC(4491) Concurrent Mark Cycle 12.846ms
[743.158s][info][gc] GC(4492) Pause Young (Prepare Mixed) (G1 Evacuation Pause) 139M->60M(160M) 1.142ms
[743.322s][info][gc] GC(4493) Pause Young (Mixed) (G1 Evacuation Pause) 140M->59M(160M) 2.930ms
[743.475s][info][gc] GC(4494) Pause Young (Concurrent Start) (G1 Evacuation Pause) 139M->60M(160M) 1.214ms
[743.475s][info][gc] GC(4495) Concurrent Mark Cycle
[743.482s][info][gc] GC(4495) Pause Remark 64M->64M(160M) 0.464ms
[743.487s][info][gc] GC(4495) Pause Cleanup 67M->67M(160M) 0.020ms
[743.487s][info][gc] GC(4495) Concurrent Mark Cycle 11.938ms
[743.634s][info][gc] GC(4496) Pause Young (Normal) (G1 Evacuation Pause) 140M->60M(160M) 1.142ms
[743.781s][info][gc] GC(4497) Pause Young (Concurrent Start) (G1 Evacuation Pause) 140M->61M(160M) 1.159ms
[743.781s][info][gc] GC(4498) Concurrent Mark Cycle
[743.788s][info][gc] GC(4498) Pause Remark 66M->66M(160M) 0.455ms
[743.792s][info][gc] GC(4498) Pause Cleanup 68M->68M(160M) 0.021ms
[743.793s][info][gc] GC(4498) Concurrent Mark Cycle 11.951ms
[743.939s][info][gc] GC(4499) Pause Young (Normal) (G1 Evacuation Pause) 141M->62M(160M) 1.140ms
[744.088s][info][gc] GC(4500) Pause Young (Concurrent Start) (G1 Evacuation Pause) 142M->62M(160M) 1.112ms
[744.088s][info][gc] GC(4501) Concurrent Mark Cycle
[744.095s][info][gc] GC(4501) Pause Remark 66M->66M(160M) 0.445ms
[744.098s][info][gc] GC(4501) Pause Cleanup 68M->68M(160M) 0.004ms
[744.098s][info][gc] GC(4501) Concurrent Mark Cycle 10.096ms
[744.248s][info][gc] GC(4502) Pause Young (Normal) (G1 Evacuation Pause) 142M->63M(160M) 1.114ms
[744.392s][info][gc] GC(4503) Pause Young (Concurrent Start) (G1 Evacuation Pause) 139M->64M(160M) 1.135ms
[744.392s][info][gc] GC(4504) Concurrent Mark Cycle
[744.400s][info][gc] GC(4504) Pause Remark 69M->69M(160M) 0.458ms
[744.404s][info][gc] GC(4504) Pause Cleanup 69M->69M(160M) 0.020ms
[744.404s][info][gc] GC(4504) Concurrent Mark Cycle 12.202ms
[744.545s][info][gc] GC(4505) Pause Young (Normal) (G1 Evacuation Pause) 140M->64M(160M) 1.079ms
[744.695s][info][gc] GC(4506) Pause Young (Concurrent Start) (G1 Evacuation Pause) 140M->65M(160M) 1.140ms
[744.695s][info][gc] GC(4507) Concurrent Mark Cycle
[744.703s][info][gc] GC(4507) Pause Remark 72M->72M(160M) 0.456ms
[744.708s][info][gc] GC(4507) Pause Cleanup 73M->73M(160M) 0.018ms
[744.708s][info][gc] GC(4507) Concurrent Mark Cycle 12.679ms
[744.849s][info][gc] GC(4508) Pause Young (Normal) (G1 Evacuation Pause) 141M->65M(160M) 1.107ms
[744.992s][info][gc] GC(4509) Pause Young (Concurrent Start) (G1 Evacuation Pause) 141M->66M(160M) 1.141ms
[744.992s][info][gc] GC(4510) Concurrent Mark Cycle
[745.000s][info][gc] GC(4510) Pause Remark 70M->70M(160M) 0.464ms
[745.005s][info][gc] GC(4510) Pause Cleanup 73M->73M(160M) 0.018ms
[745.005s][info][gc] GC(4510) Concurrent Mark Cycle 13.050ms
[745.130s][info][gc] GC(4511) Pause Young (Normal) (G1 Evacuation Pause) 138M->67M(160M) 1.099ms
[745.279s][info][gc] GC(4512) Pause Young (Concurrent Start) (G1 Evacuation Pause) 139M->68M(160M) 1.144ms
[745.279s][info][gc] GC(4513) Concurrent Mark Cycle
[745.287s][info][gc] GC(4513) Pause Remark 72M->72M(160M) 0.459ms
[745.292s][info][gc] GC(4513) Pause Cleanup 75M->75M(160M) 0.019ms
[745.292s][info][gc] GC(4513) Concurrent Mark Cycle 13.250ms
[745.413s][info][gc] GC(4514) Pause Young (Normal) (G1 Evacuation Pause) 140M->68M(160M) 1.092ms
[745.553s][info][gc] GC(4515) Pause Young (Concurrent Start) (G1 Evacuation Pause) 140M->68M(160M) 1.026ms
[745.553s][info][gc] GC(4516) Concurrent Mark Cycle
[745.561s][info][gc] GC(4516) Pause Remark 69M->69M(160M) 0.456ms
[745.566s][info][gc] GC(4516) Pause Cleanup 71M->71M(160M) 0.025ms
[745.566s][info][gc] GC(4516) Concurrent Mark Cycle 13.207ms
[745.742s][info][gc] GC(4517) Pause Young (Normal) (G1 Evacuation Pause) 140M->70M(160M) 1.211ms
[745.871s][info][gc] GC(4518) Pause Young (Concurrent Start) (G1 Evacuation Pause) 142M->71M(160M) 1.283ms
[745.871s][info][gc] GC(4519) Concurrent Mark Cycle
[745.875s][info][gc] GC(4519) Pause Remark 72M->44M(160M) 0.447ms
[745.876s][info][gc] GC(4519) Pause Cleanup 46M->46M(160M) 0.017ms
[745.876s][info][gc] GC(4519) Concurrent Mark Cycle 5.137ms
[745.999s][info][gc] GC(4520) Pause Young (Prepare Mixed) (G1 Evacuation Pause) 111M->43M(160M) 1.126ms
[746.173s][info][gc] GC(4521) Pause Young (Mixed) (G1 Evacuation Pause) 131M->38M(160M) 1.800ms
[746.350s][info][gc] GC(4522) Pause Young (Normal) (G1 Evacuation Pause) 126M->39M(160M) 1.234ms
[746.510s][info][gc] GC(4523) Pause Young (Normal) (G1 Evacuation Pause) 127M->40M(160M) 1.175ms
[746.679s][info][gc] GC(4524) Pause Young (Normal) (G1 Evacuation Pause) 128M->40M(160M) 1.189ms
[746.853s][info][gc] GC(4525) Pause Young (Normal) (G1 Evacuation Pause) 128M->42M(160M) 1.253ms
[747.017s][info][gc] GC(4526) Pause Young (Normal) (G1 Evacuation Pause) 130M->42M(160M) 1.271ms
[747.194s][info][gc] GC(4527) Pause Young (Normal) (G1 Evacuation Pause) 130M->43M(160M) 1.071ms
[747.377s][info][gc] GC(4528) Pause Young (Normal) (G1 Evacuation Pause) 131M->44M(160M) 1.213ms
[747.538s][info][gc] GC(4529) Pause Young (Normal) (G1 Evacuation Pause) 132M->44M(160M) 1.117ms
[747.716s][info][gc] GC(4530) Pause Young (Normal) (G1 Evacuation Pause) 132M->45M(160M) 1.137ms
[747.892s][info][gc] GC(4531) Pause Young (Normal) (G1 Evacuation Pause) 133M->46M(160M) 1.104ms
[748.064s][info][gc] GC(4532) Pause Young (Normal) (G1 Evacuation Pause) 134M->47M(160M) 1.253ms
[748.244s][info][gc] GC(4533) Pause Young (Normal) (G1 Evacuation Pause) 135M->48M(160M) 1.134ms
[748.416s][info][gc] GC(4534) Pause Young (Normal) (G1 Evacuation Pause) 136M->48M(160M) 1.084ms
[748.586s][info][gc] GC(4535) Pause Young (Normal) (G1 Evacuation Pause) 136M->48M(160M) 1.085ms
[748.768s][info][gc] GC(4536) Pause Young (Normal) (G1 Evacuation Pause) 136M->50M(160M) 1.239ms
[748.940s][info][gc] GC(4537) Pause Young (Normal) (G1 Evacuation Pause) 138M->50M(160M) 1.178ms
[749.113s][info][gc] GC(4538) Pause Young (Normal) (G1 Evacuation Pause) 138M->51M(160M) 1.125ms
[749.275s][info][gc] GC(4539) Pause Young (Normal) (G1 Evacuation Pause) 139M->52M(160M) 1.109ms
[749.452s][info][gc] GC(4540) Pause Young (Normal) (G1 Evacuation Pause) 140M->53M(160M) 1.205ms
[749.627s][info][gc] GC(4541) Pause Young (Normal) (G1 Evacuation Pause) 141M->53M(160M) 1.143ms
[749.787s][info][gc] GC(4542) Pause Young (Normal) (G1 Evacuation Pause) 141M->54M(160M) 1.132ms
[749.966s][info][gc] GC(4543) Pause Young (Normal) (G1 Evacuation Pause) 142M->54M(160M) 1.078ms
[750.130s][info][gc] GC(4544) Pause Young (Normal) (G1 Evacuation Pause) 138M->55M(160M) 1.076ms
[750.287s][info][gc] GC(4545) Pause Young (Normal) (G1 Evacuation Pause) 139M->56M(160M) 1.041ms
[750.455s][info][gc] GC(4546) Pause Young (Normal) (G1 Evacuation Pause) 140M->57M(160M) 1.077ms
[750.629s][info][gc] GC(4547) Pause Young (Normal) (G1 Evacuation Pause) 141M->57M(160M) 1.116ms
[750.795s][info][gc] GC(4548) Pause Young (Normal) (G1 Evacuation Pause) 141M->58M(160M) 1.142ms
[750.978s][info][gc] GC(4549) Pause Young (Normal) (G1 Evacuation Pause) 142M->59M(160M) 1.171ms
[751.127s][info][gc] GC(4550) Pause Young (Concurrent Start) (G1 Evacuation Pause) 139M->59M(160M) 1.090ms
[751.127s][info][gc] GC(4551) Concurrent Mark Cycle
[751.133s][info][gc] GC(4551) Pause Remark 63M->63M(160M) 0.468ms
[751.137s][info][gc] GC(4551) Pause Cleanup 65M->65M(160M) 0.025ms
[751.137s][info][gc] GC(4551) Concurrent Mark Cycle 9.914ms
[751.293s][info][gc] GC(4552) Pause Young (Prepare Mixed) (G1 Evacuation Pause) 139M->60M(160M) 1.107ms
[751.439s][info][gc] GC(4553) Pause Young (Mixed) (G1 Evacuation Pause) 140M->55M(160M) 1.726ms
[751.604s][info][gc] GC(4554) Pause Young (Normal) (G1 Evacuation Pause) 139M->56M(160M) 1.092ms
[751.774s][info][gc] GC(4555) Pause Young (Normal) (G1 Evacuation Pause) 140M->56M(160M) 1.148ms
[751.939s][info][gc] GC(4556) Pause Young (Normal) (G1 Evacuation Pause) 140M->57M(160M) 1.221ms
[752.104s][info][gc] GC(4557) Pause Young (Normal) (G1 Evacuation Pause) 141M->58M(160M) 1.201ms
[752.263s][info][gc] GC(4558) Pause Young (Normal) (G1 Evacuation Pause) 142M->58M(160M) 0.964ms
[752.427s][info][gc] GC(4559) Pause Young (Normal) (G1 Evacuation Pause) 142M->59M(160M) 1.102ms
[752.595s][info][gc] GC(4560) Pause Young (Normal) (G1 Evacuation Pause) 143M->60M(160M) 1.213ms
[752.752s][info][gc] GC(4561) Pause Young (Concurrent Start) (G1 Evacuation Pause) 140M->60M(160M) 1.178ms
[752.752s][info][gc] GC(4562) Concurrent Mark Cycle
[752.759s][info][gc] GC(4562) Pause Remark 66M->66M(160M) 0.462ms
[752.764s][info][gc] GC(4562) Pause Cleanup 68M->68M(160M) 0.020ms
[752.764s][info][gc] GC(4562) Concurrent Mark Cycle 12.056ms
[752.916s][info][gc] GC(4563) Pause Young (Prepare Mixed) (G1 Evacuation Pause) 140M->61M(160M) 1.264ms
[753.076s][info][gc] GC(4564) Pause Young (Mixed) (G1 Evacuation Pause) 141M->59M(160M) 1.658ms
[753.237s][info][gc] GC(4565) Pause Young (Concurrent Start) (G1 Evacuation Pause) 139M->60M(160M) 1.194ms
[753.237s][info][gc] GC(4566) Concurrent Mark Cycle
[753.244s][info][gc] GC(4566) Pause Remark 63M->63M(160M) 0.458ms
[753.249s][info][gc] GC(4566) Pause Cleanup 64M->64M(160M) 0.020ms
[753.249s][info][gc] GC(4566) Concurrent Mark Cycle 12.600ms
[753.389s][info][gc] GC(4567) Pause Young (Prepare Mixed) (G1 Evacuation Pause) 140M->61M(160M) 1.164ms
[753.549s][info][gc] GC(4568) Pause Young (Mixed) (G1 Evacuation Pause) 141M->59M(160M) 2.727ms
[753.701s][info][gc] GC(4569) Pause Young (Concurrent Start) (G1 Evacuation Pause) 139M->59M(160M) 1.109ms
[753.701s][info][gc] GC(4570) Concurrent Mark Cycle
[753.708s][info][gc] GC(4570) Pause Remark 62M->62M(160M) 0.464ms
[753.712s][info][gc] GC(4570) Pause Cleanup 62M->62M(160M) 0.019ms
[753.712s][info][gc] GC(4570) Concurrent Mark Cycle 11.516ms
[753.863s][info][gc] GC(4571) Pause Young (Normal) (G1 Evacuation Pause) 139M->60M(160M) 1.120ms
[754.011s][info][gc] GC(4572) Pause Young (Concurrent Start) (G1 Evacuation Pause) 140M->61M(160M) 1.174ms
[754.011s][info][gc] GC(4573) Concurrent Mark Cycle
[754.018s][info][gc] GC(4573) Pause Remark 66M->66M(160M) 0.461ms
[754.023s][info][gc] GC(4573) Pause Cleanup 66M->66M(160M) 0.020ms
[754.023s][info][gc] GC(4573) Concurrent Mark Cycle 12.067ms
[754.175s][info][gc] GC(4574) Pause Young (Normal) (G1 Evacuation Pause) 141M->62M(160M) 1.141ms
[754.320s][info][gc] GC(4575) Pause Young (Concurrent Start) (G1 Evacuation Pause) 142M->61M(160M) 1.155ms
[754.320s][info][gc] GC(4576) Concurrent Mark Cycle
[754.328s][info][gc] GC(4576) Pause Remark 65M->65M(160M) 0.459ms
[754.332s][info][gc] GC(4576) Pause Cleanup 67M->67M(160M) 0.019ms
[754.332s][info][gc] GC(4576) Concurrent Mark Cycle 12.279ms
[754.482s][info][gc] GC(4577) Pause Young (Normal) (G1 Evacuation Pause) 141M->62M(160M) 1.104ms
[754.627s][info][gc] GC(4578) Pause Young (Concurrent Start) (G1 Evacuation Pause) 138M->63M(160M) 1.128ms
[754.628s][info][gc] GC(4579) Concurrent Mark Cycle
[754.635s][info][gc] GC(4579) Pause Remark 70M->70M(160M) 0.452ms
[754.640s][info][gc] GC(4579) Pause Cleanup 70M->70M(160M) 0.021ms
[754.640s][info][gc] GC(4579) Concurrent Mark Cycle 12.357ms
[754.776s][info][gc] GC(4580) Pause Young (Normal) (G1 Evacuation Pause) 139M->64M(160M) 1.072ms
[754.925s][info][gc] GC(4581) Pause Young (Concurrent Start) (G1 Evacuation Pause) 140M->64M(160M) 1.174ms
[754.925s][info][gc] GC(4582) Concurrent Mark Cycle
[754.933s][info][gc] GC(4582) Pause Remark 70M->70M(160M) 0.461ms
[754.937s][info][gc] GC(4582) Pause Cleanup 72M->72M(160M) 0.019ms
[754.937s][info][gc] GC(4582) Concurrent Mark Cycle 12.715ms
[755.079s][info][gc] GC(4583) Pause Young (Normal) (G1 Evacuation Pause) 140M->65M(160M) 1.123ms
[755.225s][info][gc] GC(4584) Pause Young (Concurrent Start) (G1 Evacuation Pause) 141M->65M(160M) 1.132ms
[755.225s][info][gc] GC(4585) Concurrent Mark Cycle
[755.233s][info][gc] GC(4585) Pause Remark 71M->71M(160M) 0.453ms
[755.238s][info][gc] GC(4585) Pause Cleanup 73M->73M(160M) 0.021ms
[755.238s][info][gc] GC(4585) Concurrent Mark Cycle 12.933ms
[755.376s][info][gc] GC(4586) Pause Young (Normal) (G1 Evacuation Pause) 141M->67M(160M) 1.084ms
[755.511s][info][gc] GC(4587) Pause Young (Concurrent Start) (G1 Evacuation Pause) 139M->67M(160M) 1.071ms
[755.511s][info][gc] GC(4588) Concurrent Mark Cycle
[755.519s][info][gc] GC(4588) Pause Remark 72M->72M(160M) 0.490ms
[755.524s][info][gc] GC(4588) Pause Cleanup 74M->74M(160M) 0.019ms
[755.524s][info][gc] GC(4588) Concurrent Mark Cycle 13.211ms
[755.645s][info][gc] GC(4589) Pause Young (Normal) (G1 Evacuation Pause) 139M->68M(160M) 1.054ms
[755.788s][info][gc] GC(4590) Pause Young (Concurrent Start) (G1 Evacuation Pause) 140M->68M(160M) 1.134ms
[755.788s][info][gc] GC(4591) Concurrent Mark Cycle
[755.797s][info][gc] GC(4591) Pause Remark 74M->74M(160M) 0.454ms
[755.802s][info][gc] GC(4591) Pause Cleanup 75M->75M(160M) 0.027ms
[755.802s][info][gc] GC(4591) Concurrent Mark Cycle 13.259ms
[755.927s][info][gc] GC(4592) Pause Young (Normal) (G1 Evacuation Pause) 140M->69M(160M) 1.096ms
[756.113s][info][gc] GC(4593) Pause Young (Concurrent Start) (G1 Evacuation Pause) 141M->70M(160M) 1.317ms
[756.113s][info][gc] GC(4594) Concurrent Mark Cycle
[756.117s][info][gc] GC(4594) Pause Remark 73M->49M(160M) 0.436ms
[756.118s][info][gc] GC(4594) Pause Cleanup 50M->50M(160M) 0.018ms
[756.118s][info][gc] GC(4594) Concurrent Mark Cycle 5.099ms
[756.258s][info][gc] GC(4595) Pause Young (Prepare Mixed) (G1 Evacuation Pause) 118M->46M(160M) 1.267ms
[756.425s][info][gc] GC(4596) Pause Young (Mixed) (G1 Evacuation Pause) 134M->34M(160M) 1.138ms
[756.605s][info][gc] GC(4597) Pause Young (Normal) (G1 Evacuation Pause) 126M->35M(160M) 0.882ms
[756.777s][info][gc] GC(4598) Pause Young (Normal) (G1 Evacuation Pause) 123M->36M(160M) 0.951ms
[756.945s][info][gc] GC(4599) Pause Young (Normal) (G1 Evacuation Pause) 124M->36M(160M) 1.022ms
[757.118s][info][gc] GC(4600) Pause Young (Normal) (G1 Evacuation Pause) 124M->37M(160M) 1.113ms
[757.292s][info][gc] GC(4601) Pause Young (Normal) (G1 Evacuation Pause) 125M->38M(160M) 1.214ms
[757.462s][info][gc] GC(4602) Pause Young (Normal) (G1 Evacuation Pause) 126M->38M(160M) 1.213ms
[757.632s][info][gc] GC(4603) Pause Young (Normal) (G1 Evacuation Pause) 126M->39M(160M) 1.151ms
[757.806s][info][gc] GC(4604) Pause Young (Normal) (G1 Evacuation Pause) 127M->40M(160M) 2.249ms
[757.995s][info][gc] GC(4605) Pause Young (Normal) (G1 Evacuation Pause) 128M->41M(160M) 1.169ms
[758.164s][info][gc] GC(4606) Pause Young (Normal) (G1 Evacuation Pause) 129M->42M(160M) 1.264ms
[758.339s][info][gc] GC(4607) Pause Young (Normal) (G1 Evacuation Pause) 130M->42M(160M) 1.125ms
[758.512s][info][gc] GC(4608) Pause Young (Normal) (G1 Evacuation Pause) 130M->43M(160M) 1.135ms
[758.678s][info][gc] GC(4609) Pause Young (Normal) (G1 Evacuation Pause) 131M->44M(160M) 1.118ms
[758.854s][info][gc] GC(4610) Pause Young (Normal) (G1 Evacuation Pause) 132M->45M(160M) 1.160ms
[759.029s][info][gc] GC(4611) Pause Young (Normal) (G1 Evacuation Pause) 133M->45M(160M) 1.143ms
[759.196s][info][gc] GC(4612) Pause Young (Normal) (G1 Evacuation Pause) 133M->46M(160M) 1.136ms
[759.377s][info][gc] GC(4613) Pause Young (Normal) (G1 Evacuation Pause) 134M->46M(160M) 1.113ms
[759.547s][info][gc] GC(4614) Pause Young (Normal) (G1 Evacuation Pause) 134M->47M(160M) 1.106ms
[759.712s][info][gc] GC(4615) Pause Young (Normal) (G1 Evacuation Pause) 135M->48M(160M) 1.112ms
[759.893s][info][gc] GC(4616) Pause Young (Normal) (G1 Evacuation Pause) 136M->49M(160M) 1.147ms
[760.070s][info][gc] GC(4617) Pause Young (Normal) (G1 Evacuation Pause) 137M->50M(160M) 1.157ms
[760.231s][info][gc] GC(4618) Pause Young (Normal) (G1 Evacuation Pause) 138M->51M(160M) 1.136ms
[760.407s][info][gc] GC(4619) Pause Young (Normal) (G1 Evacuation Pause) 139M->52M(160M) 1.146ms
[760.582s][info][gc] GC(4620) Pause Young (Normal) (G1 Evacuation Pause) 140M->52M(160M) 1.233ms
[760.750s][info][gc] GC(4621) Pause Young (Normal) (G1 Evacuation Pause) 140M->52M(160M) 1.050ms
[760.922s][info][gc] GC(4622) Pause Young (Normal) (G1 Evacuation Pause) 140M->53M(160M) 1.098ms
[761.102s][info][gc] GC(4623) Pause Young (Normal) (G1 Evacuation Pause) 141M->54M(160M) 1.225ms
[761.275s][info][gc] GC(4624) Pause Young (Normal) (G1 Evacuation Pause) 142M->55M(160M) 1.039ms
[761.447s][info][gc] GC(4625) Pause Young (Normal) (G1 Evacuation Pause) 139M->55M(160M) 1.192ms
[761.616s][info][gc] GC(4626) Pause Young (Normal) (G1 Evacuation Pause) 139M->56M(160M) 1.186ms
[761.772s][info][gc] GC(4627) Pause Young (Normal) (G1 Evacuation Pause) 140M->57M(160M) 1.102ms
[761.938s][info][gc] GC(4628) Pause Young (Normal) (G1 Evacuation Pause) 141M->57M(160M) 1.088ms
[762.106s][info][gc] GC(4629) Pause Young (Normal) (G1 Evacuation Pause) 141M->58M(160M) 1.136ms
[762.265s][info][gc] GC(4630) Pause Young (Normal) (G1 Evacuation Pause) 142M->59M(160M) 1.219ms
[762.425s][info][gc] GC(4631) Pause Young (Concurrent Start) (G1 Evacuation Pause) 139M->60M(160M) 1.188ms
[762.425s][info][gc] GC(4632) Concurrent Mark Cycle
[762.432s][info][gc] GC(4632) Pause Remark 63M->63M(160M) 0.453ms
[762.436s][info][gc] GC(4632) Pause Cleanup 66M->66M(160M) 0.022ms
[762.436s][info][gc] GC(4632) Concurrent Mark Cycle 10.655ms
[762.571s][info][gc] GC(4633) Pause Young (Prepare Mixed) (G1 Evacuation Pause) 140M->61M(160M) 1.246ms
[762.732s][info][gc] GC(4634) Pause Young (Mixed) (G1 Evacuation Pause) 141M->59M(160M) 1.630ms
[762.894s][info][gc] GC(4635) Pause Young (Normal) (G1 Evacuation Pause) 143M->59M(160M) 1.138ms
[763.069s][info][gc] GC(4636) Pause Young (Concurrent Start) (G1 Evacuation Pause) 139M->61M(160M) 1.247ms
[763.069s][info][gc] GC(4637) Concurrent Mark Cycle
[763.077s][info][gc] GC(4637) Pause Remark 66M->66M(160M) 0.456ms
[763.083s][info][gc] GC(4637) Pause Cleanup 70M->70M(160M) 0.021ms
[763.083s][info][gc] GC(4637) Concurrent Mark Cycle 14.013ms
[763.219s][info][gc] GC(4638) Pause Young (Prepare Mixed) (G1 Evacuation Pause) 141M->60M(160M) 1.130ms
[763.379s][info][gc] GC(4639) Pause Young (Mixed) (G1 Evacuation Pause) 140M->59M(160M) 1.618ms
[763.532s][info][gc] GC(4640) Pause Young (Concurrent Start) (G1 Evacuation Pause) 139M->60M(160M) 1.093ms
[763.532s][info][gc] GC(4641) Concurrent Mark Cycle
[763.540s][info][gc] GC(4641) Pause Remark 62M->62M(160M) 0.468ms
[763.546s][info][gc] GC(4641) Pause Cleanup 63M->63M(160M) 0.019ms
[763.546s][info][gc] GC(4641) Concurrent Mark Cycle 13.358ms
[763.693s][info][gc] GC(4642) Pause Young (Prepare Mixed) (G1 Evacuation Pause) 140M->61M(160M) 1.144ms
[763.840s][info][gc] GC(4643) Pause Young (Mixed) (G1 Evacuation Pause) 141M->59M(160M) 2.724ms
[764.003s][info][gc] GC(4644) Pause Young (Concurrent Start) (G1 Evacuation Pause) 139M->60M(160M) 1.195ms
[764.003s][info][gc] GC(4645) Concurrent Mark Cycle
[764.010s][info][gc] GC(4645) Pause Remark 64M->64M(160M) 0.459ms
[764.014s][info][gc] GC(4645) Pause Cleanup 67M->67M(160M) 0.017ms
[764.014s][info][gc] GC(4645) Concurrent Mark Cycle 11.059ms
[764.158s][info][gc] GC(4646) Pause Young (Normal) (G1 Evacuation Pause) 140M->60M(160M) 1.179ms
[764.308s][info][gc] GC(4647) Pause Young (Concurrent Start) (G1 Evacuation Pause) 140M->61M(160M) 1.152ms
[764.308s][info][gc] GC(4648) Concurrent Mark Cycle
[764.315s][info][gc] GC(4648) Pause Remark 65M->65M(160M) 0.456ms
[764.319s][info][gc] GC(4648) Pause Cleanup 67M->67M(160M) 0.019ms
[764.319s][info][gc] GC(4648) Concurrent Mark Cycle 11.551ms
[764.470s][info][gc] GC(4649) Pause Young (Normal) (G1 Evacuation Pause) 141M->62M(160M) 1.117ms
[764.616s][info][gc] GC(4650) Pause Young (Concurrent Start) (G1 Evacuation Pause) 142M->63M(160M) 1.150ms
[764.616s][info][gc] GC(4651) Concurrent Mark Cycle
[764.624s][info][gc] GC(4651) Pause Remark 68M->68M(160M) 0.474ms
[764.627s][info][gc] GC(4651) Pause Cleanup 70M->70M(160M) 0.004ms
[764.627s][info][gc] GC(4651) Concurrent Mark Cycle 10.554ms
[764.782s][info][gc] GC(4652) Pause Young (Normal) (G1 Evacuation Pause) 143M->63M(160M) 1.118ms
[764.936s][info][gc] GC(4653) Pause Young (Concurrent Start) (G1 Evacuation Pause) 139M->64M(160M) 1.169ms
[764.936s][info][gc] GC(4654) Concurrent Mark Cycle
[764.943s][info][gc] GC(4654) Pause Remark 69M->69M(160M) 0.461ms
[764.948s][info][gc] GC(4654) Pause Cleanup 72M->72M(160M) 0.018ms
[764.948s][info][gc] GC(4654) Concurrent Mark Cycle 12.217ms
[765.085s][info][gc] GC(4655) Pause Young (Normal) (G1 Evacuation Pause) 140M->64M(160M) 1.113ms
[765.234s][info][gc] GC(4656) Pause Young (Concurrent Start) (G1 Evacuation Pause) 140M->65M(160M) 1.116ms
[765.234s][info][gc] GC(4657) Concurrent Mark Cycle
[765.242s][info][gc] GC(4657) Pause Remark 70M->70M(160M) 0.472ms
[765.246s][info][gc] GC(4657) Pause Cleanup 72M->72M(160M) 0.019ms
[765.246s][info][gc] GC(4657) Concurrent Mark Cycle 12.358ms
[765.375s][info][gc] GC(4658) Pause Young (Normal) (G1 Evacuation Pause) 141M->65M(160M) 1.084ms
[765.530s][info][gc] GC(4659) Pause Young (Concurrent Start) (G1 Evacuation Pause) 141M->66M(160M) 1.091ms
[765.530s][info][gc] GC(4660) Concurrent Mark Cycle
[765.538s][info][gc] GC(4660) Pause Remark 70M->70M(160M) 0.462ms
[765.541s][info][gc] GC(4660) Pause Cleanup 73M->73M(160M) 0.003ms
[765.541s][info][gc] GC(4660) Concurrent Mark Cycle 11.070ms
[765.675s][info][gc] GC(4661) Pause Young (Normal) (G1 Evacuation Pause) 142M->66M(160M) 1.049ms
[765.817s][info][gc] GC(4662) Pause Young (Concurrent Start) (G1 Evacuation Pause) 138M->67M(160M) 1.093ms
[765.817s][info][gc] GC(4663) Concurrent Mark Cycle
[765.825s][info][gc] GC(4663) Pause Remark 74M->74M(160M) 0.467ms
[765.830s][info][gc] GC(4663) Pause Cleanup 75M->75M(160M) 0.018ms
[765.830s][info][gc] GC(4663) Concurrent Mark Cycle 13.078ms
[765.955s][info][gc] GC(4664) Pause Young (Normal) (G1 Evacuation Pause) 139M->68M(160M) 1.120ms
[766.087s][info][gc] GC(4665) Pause Young (Concurrent Start) (G1 Evacuation Pause) 140M->68M(160M) 1.183ms
[766.087s][info][gc] GC(4666) Concurrent Mark Cycle
[766.095s][info][gc] GC(4666) Pause Remark 71M->71M(160M) 0.450ms
[766.100s][info][gc] GC(4666) Pause Cleanup 71M->71M(160M) 0.017ms
[766.100s][info][gc] GC(4666) Concurrent Mark Cycle 12.817ms
[766.235s][info][gc] GC(4667) Pause Young (Normal) (G1 Evacuation Pause) 140M->68M(160M) 1.139ms
[766.419s][info][gc] GC(4668) Pause Young (Concurrent Start) (G1 Evacuation Pause) 140M->71M(160M) 1.318ms
[766.419s][info][gc] GC(4669) Concurrent Mark Cycle
[766.423s][info][gc] GC(4669) Pause Remark 74M->46M(160M) 0.455ms
[766.424s][info][gc] GC(4669) Pause Cleanup 47M->47M(160M) 0.018ms
[766.424s][info][gc] GC(4669) Concurrent Mark Cycle 4.886ms
[766.536s][info][gc] GC(4670) Pause Young (Prepare Mixed) (G1 Evacuation Pause) 107M->43M(160M) 1.227ms
[766.713s][info][gc] GC(4671) Pause Young (Mixed) (G1 Evacuation Pause) 131M->41M(160M) 1.230ms
[766.880s][info][gc] GC(4672) Pause Young (Normal) (G1 Evacuation Pause) 129M->42M(160M) 1.126ms
[767.053s][info][gc] GC(4673) Pause Young (Normal) (G1 Evacuation Pause) 130M->43M(160M) 1.230ms
[767.230s][info][gc] GC(4674) Pause Young (Normal) (G1 Evacuation Pause) 131M->44M(160M) 1.272ms
[767.406s][info][gc] GC(4675) Pause Young (Normal) (G1 Evacuation Pause) 132M->45M(160M) 1.392ms
[767.571s][info][gc] GC(4676) Pause Young (Normal) (G1 Evacuation Pause) 133M->45M(160M) 1.273ms
[767.746s][info][gc] GC(4677) Pause Young (Normal) (G1 Evacuation Pause) 133M->46M(160M) 1.264ms
[767.924s][info][gc] GC(4678) Pause Young (Normal) (G1 Evacuation Pause) 134M->47M(160M) 1.090ms
[768.093s][info][gc] GC(4679) Pause Young (Normal) (G1 Evacuation Pause) 135M->47M(160M) 1.143ms
[768.275s][info][gc] GC(4680) Pause Young (Normal) (G1 Evacuation Pause) 135M->48M(160M) 1.132ms
[768.451s][info][gc] GC(4681) Pause Young (Normal) (G1 Evacuation Pause) 136M->50M(160M) 1.172ms
[768.609s][info][gc] GC(4682) Pause Young (Normal) (G1 Evacuation Pause) 138M->50M(160M) 1.088ms
[768.784s][info][gc] GC(4683) Pause Young (Normal) (G1 Evacuation Pause) 138M->51M(160M) 1.148ms
[768.952s][info][gc] GC(4684) Pause Young (Normal) (G1 Evacuation Pause) 139M->51M(160M) 1.122ms
[769.115s][info][gc] GC(4685) Pause Young (Normal) (G1 Evacuation Pause) 139M->52M(160M) 1.014ms
[769.289s][info][gc] GC(4686) Pause Young (Normal) (G1 Evacuation Pause) 140M->53M(160M) 1.112ms
[769.458s][info][gc] GC(4687) Pause Young (Normal) (G1 Evacuation Pause) 141M->53M(160M) 1.197ms
[769.625s][info][gc] GC(4688) Pause Young (Normal) (G1 Evacuation Pause) 141M->54M(160M) 0.974ms
[769.803s][info][gc] GC(4689) Pause Young (Normal) (G1 Evacuation Pause) 142M->56M(160M) 1.134ms
[769.975s][info][gc] GC(4690) Pause Young (Normal) (G1 Evacuation Pause) 144M->56M(160M) 1.186ms
[770.134s][info][gc] GC(4691) Pause Young (Normal) (G1 Evacuation Pause) 140M->56M(160M) 1.118ms
[770.308s][info][gc] GC(4692) Pause Young (Normal) (G1 Evacuation Pause) 140M->57M(160M) 1.123ms
[770.472s][info][gc] GC(4693) Pause Young (Normal) (G1 Evacuation Pause) 141M->58M(160M) 1.118ms
[770.625s][info][gc] GC(4694) Pause Young (Normal) (G1 Evacuation Pause) 142M->59M(160M) 1.067ms
[770.784s][info][gc] GC(4695) Pause Young (Concurrent Start) (G1 Evacuation Pause) 139M->59M(160M) 1.154ms
[770.784s][info][gc] GC(4696) Concurrent Mark Cycle
[770.790s][info][gc] GC(4696) Pause Remark 63M->63M(160M) 0.449ms
[770.793s][info][gc] GC(4696) Pause Cleanup 63M->63M(160M) 0.021ms
[770.793s][info][gc] GC(4696) Concurrent Mark Cycle 9.322ms
[770.936s][info][gc] GC(4697) Pause Young (Prepare Mixed) (G1 Evacuation Pause) 139M->60M(160M) 1.128ms
[771.097s][info][gc] GC(4698) Pause Young (Mixed) (G1 Evacuation Pause) 140M->52M(160M) 1.800ms
[771.267s][info][gc] GC(4699) Pause Young (Normal) (G1 Evacuation Pause) 140M->52M(160M) 1.168ms
[771.432s][info][gc] GC(4700) Pause Young (Normal) (G1 Evacuation Pause) 140M->53M(160M) 1.132ms
[771.603s][info][gc] GC(4701) Pause Young (Normal) (G1 Evacuation Pause) 141M->54M(160M) 1.192ms
[771.786s][info][gc] GC(4702) Pause Young (Normal) (G1 Evacuation Pause) 142M->54M(160M) 1.183ms
[771.956s][info][gc] GC(4703) Pause Young (Normal) (G1 Evacuation Pause) 142M->55M(160M) 1.201ms
[772.127s][info][gc] GC(4704) Pause Young (Normal) (G1 Evacuation Pause) 139M->56M(160M) 1.151ms
[772.293s][info][gc] GC(4705) Pause Young (Normal) (G1 Evacuation Pause) 140M->57M(160M) 1.101ms
[772.459s][info][gc] GC(4706) Pause Young (Normal) (G1 Evacuation Pause) 141M->57M(160M) 1.096ms
[772.631s][info][gc] GC(4707) Pause Young (Normal) (G1 Evacuation Pause) 141M->59M(160M) 1.274ms
[772.787s][info][gc] GC(4708) Pause Young (Normal) (G1 Evacuation Pause) 143M->59M(160M) 1.099ms
[772.951s][info][gc] GC(4709) Pause Young (Concurrent Start) (G1 Evacuation Pause) 139M->59M(160M) 1.201ms
[772.951s][info][gc] GC(4710) Concurrent Mark Cycle
[772.958s][info][gc] GC(4710) Pause Remark 65M->65M(160M) 0.461ms
[772.963s][info][gc] GC(4710) Pause Cleanup 66M->66M(160M) 0.020ms
[772.963s][info][gc] GC(4710) Concurrent Mark Cycle 12.536ms
[773.103s][info][gc] GC(4711) Pause Young (Prepare Mixed) (G1 Evacuation Pause) 139M->60M(160M) 1.143ms
[773.266s][info][gc] GC(4712) Pause Young (Mixed) (G1 Evacuation Pause) 140M->58M(160M) 1.624ms
[773.424s][info][gc] GC(4713) Pause Young (Normal) (G1 Evacuation Pause) 142M->58M(160M) 1.025ms
[773.581s][info][gc] GC(4714) Pause Young (Concurrent Start) (G1 Evacuation Pause) 138M->59M(160M) 1.148ms
[773.582s][info][gc] GC(4715) Concurrent Mark Cycle
[773.588s][info][gc] GC(4715) Pause Remark 65M->65M(160M) 0.465ms
[773.593s][info][gc] GC(4715) Pause Cleanup 65M->65M(160M) 0.020ms
[773.594s][info][gc] GC(4715) Concurrent Mark Cycle 11.980ms
[773.729s][info][gc] GC(4716) Pause Young (Prepare Mixed) (G1 Evacuation Pause) 139M->60M(160M) 1.148ms
[773.897s][info][gc] GC(4717) Pause Young (Mixed) (G1 Evacuation Pause) 140M->58M(160M) 2.742ms
[774.056s][info][gc] GC(4718) Pause Young (Normal) (G1 Evacuation Pause) 142M->58M(160M) 1.126ms
[774.215s][info][gc] GC(4719) Pause Young (Normal) (G1 Evacuation Pause) 142M->59M(160M) 1.139ms
[774.373s][info][gc] GC(4720) Pause Young (Concurrent Start) (G1 Evacuation Pause) 139M->59M(160M) 1.139ms
[774.373s][info][gc] GC(4721) Concurrent Mark Cycle
[774.380s][info][gc] GC(4721) Pause Remark 65M->65M(160M) 0.458ms
[774.384s][info][gc] GC(4721) Pause Cleanup 67M->67M(160M) 0.019ms
[774.384s][info][gc] GC(4721) Concurrent Mark Cycle 11.245ms
[774.527s][info][gc] GC(4722) Pause Young (Normal) (G1 Evacuation Pause) 139M->61M(160M) 1.128ms
[774.688s][info][gc] GC(4723) Pause Young (Concurrent Start) (G1 Evacuation Pause) 141M->61M(160M) 1.156ms
[774.688s][info][gc] GC(4724) Concurrent Mark Cycle
[774.695s][info][gc] GC(4724) Pause Remark 65M->65M(160M) 0.466ms
[774.700s][info][gc] GC(4724) Pause Cleanup 65M->65M(160M) 0.023ms
[774.700s][info][gc] GC(4724) Concurrent Mark Cycle 11.730ms
[774.843s][info][gc] GC(4725) Pause Young (Normal) (G1 Evacuation Pause) 141M->62M(160M) 1.135ms
[775.007s][info][gc] GC(4726) Pause Young (Concurrent Start) (G1 Evacuation Pause) 142M->63M(160M) 1.132ms
[775.007s][info][gc] GC(4727) Concurrent Mark Cycle
[775.015s][info][gc] GC(4727) Pause Remark 68M->68M(160M) 0.461ms
[775.019s][info][gc] GC(4727) Pause Cleanup 70M->70M(160M) 0.019ms
[775.020s][info][gc] GC(4727) Concurrent Mark Cycle 12.198ms
[775.152s][info][gc] GC(4728) Pause Young (Normal) (G1 Evacuation Pause) 139M->64M(160M) 1.107ms
[775.305s][info][gc] GC(4729) Pause Young (Concurrent Start) (G1 Evacuation Pause) 140M->64M(160M) 1.151ms
[775.305s][info][gc] GC(4730) Concurrent Mark Cycle
[775.313s][info][gc] GC(4730) Pause Remark 67M->67M(160M) 0.453ms
[775.317s][info][gc] GC(4730) Pause Cleanup 67M->67M(160M) 0.022ms
[775.317s][info][gc] GC(4730) Concurrent Mark Cycle 12.672ms
[775.459s][info][gc] GC(4731) Pause Young (Normal) (G1 Evacuation Pause) 140M->64M(160M) 1.094ms
[775.622s][info][gc] GC(4732) Pause Young (Concurrent Start) (G1 Evacuation Pause) 140M->65M(160M) 1.219ms
[775.622s][info][gc] GC(4733) Concurrent Mark Cycle
[775.630s][info][gc] GC(4733) Pause Remark 69M->69M(160M) 0.469ms
[775.635s][info][gc] GC(4733) Pause Cleanup 72M->72M(160M) 0.021ms
[775.635s][info][gc] GC(4733) Concurrent Mark Cycle 12.733ms
[775.771s][info][gc] GC(4734) Pause Young (Normal) (G1 Evacuation Pause) 141M->66M(160M) 1.121ms
[775.931s][info][gc] GC(4735) Pause Young (Concurrent Start) (G1 Evacuation Pause) 142M->67M(160M) 1.138ms
[775.931s][info][gc] GC(4736) Concurrent Mark Cycle
[775.939s][info][gc] GC(4736) Pause Remark 71M->71M(160M) 0.476ms
[775.944s][info][gc] GC(4736) Pause Cleanup 75M->75M(160M) 0.018ms
[775.944s][info][gc] GC(4736) Concurrent Mark Cycle 13.010ms
[776.071s][info][gc] GC(4737) Pause Young (Normal) (G1 Evacuation Pause) 139M->67M(160M) 1.096ms
[776.209s][info][gc] GC(4738) Pause Young (Concurrent Start) (G1 Evacuation Pause) 139M->67M(160M) 1.014ms
[776.209s][info][gc] GC(4739) Concurrent Mark Cycle
[776.217s][info][gc] GC(4739) Pause Remark 68M->68M(160M) 0.463ms
[776.222s][info][gc] GC(4739) Pause Cleanup 70M->70M(160M) 0.018ms
[776.222s][info][gc] GC(4739) Concurrent Mark Cycle 12.803ms
[776.351s][info][gc] GC(4740) Pause Young (Normal) (G1 Evacuation Pause) 139M->68M(160M) 1.106ms
[776.491s][info][gc] GC(4741) Pause Young (Concurrent Start) (G1 Evacuation Pause) 140M->69M(160M) 1.106ms
[776.491s][info][gc] GC(4742) Concurrent Mark Cycle
[776.499s][info][gc] GC(4742) Pause Remark 73M->73M(160M) 0.464ms
[776.504s][info][gc] GC(4742) Pause Cleanup 74M->74M(160M) 0.018ms
[776.504s][info][gc] GC(4742) Concurrent Mark Cycle 13.290ms
[776.649s][info][gc] GC(4743) Pause Young (Normal) (G1 Evacuation Pause) 141M->69M(160M) 0.925ms
[776.821s][info][gc] GC(4744) Pause Young (Concurrent Start) (G1 Evacuation Pause) 141M->71M(160M) 1.265ms
[776.821s][info][gc] GC(4745) Concurrent Mark Cycle
[776.825s][info][gc] GC(4745) Pause Remark 73M->49M(160M) 0.448ms
[776.826s][info][gc] GC(4745) Pause Cleanup 51M->51M(160M) 0.018ms
[776.826s][info][gc] GC(4745) Concurrent Mark Cycle 4.948ms
[776.945s][info][gc] GC(4746) Pause Young (Prepare Mixed) (G1 Evacuation Pause) 111M->47M(160M) 1.224ms
[777.121s][info][gc] GC(4747) Pause Young (Mixed) (G1 Evacuation Pause) 135M->41M(160M) 1.064ms
[777.291s][info][gc] GC(4748) Pause Young (Normal) (G1 Evacuation Pause) 133M->41M(160M) 0.892ms
[777.468s][info][gc] GC(4749) Pause Young (Normal) (G1 Evacuation Pause) 129M->42M(160M) 0.995ms
[777.634s][info][gc] GC(4750) Pause Young (Normal) (G1 Evacuation Pause) 130M->43M(160M) 1.111ms
[777.802s][info][gc] GC(4751) Pause Young (Normal) (G1 Evacuation Pause) 131M->44M(160M) 1.134ms
[777.980s][info][gc] GC(4752) Pause Young (Normal) (G1 Evacuation Pause) 132M->44M(160M) 1.309ms
[778.152s][info][gc] GC(4753) Pause Young (Normal) (G1 Evacuation Pause) 132M->45M(160M) 1.274ms
[778.322s][info][gc] GC(4754) Pause Young (Normal) (G1 Evacuation Pause) 133M->45M(160M) 1.100ms
[778.496s][info][gc] GC(4755) Pause Young (Normal) (G1 Evacuation Pause) 133M->46M(160M) 1.147ms
[778.670s][info][gc] GC(4756) Pause Young (Normal) (G1 Evacuation Pause) 134M->47M(160M) 1.132ms
[778.846s][info][gc] GC(4757) Pause Young (Normal) (G1 Evacuation Pause) 135M->48M(160M) 1.079ms
[779.013s][info][gc] GC(4758) Pause Young (Normal) (G1 Evacuation Pause) 136M->48M(160M) 1.084ms
[779.180s][info][gc] GC(4759) Pause Young (Normal) (G1 Evacuation Pause) 136M->49M(160M) 1.157ms
[779.363s][info][gc] GC(4760) Pause Young (Normal) (G1 Evacuation Pause) 137M->50M(160M) 1.128ms
[779.525s][info][gc] GC(4761) Pause Young (Normal) (G1 Evacuation Pause) 138M->51M(160M) 1.135ms
[779.700s][info][gc] GC(4762) Pause Young (Normal) (G1 Evacuation Pause) 139M->51M(160M) 1.110ms
[779.882s][info][gc] GC(4763) Pause Young (Normal) (G1 Evacuation Pause) 139M->52M(160M) 1.098ms
[780.044s][info][gc] GC(4764) Pause Young (Normal) (G1 Evacuation Pause) 140M->53M(160M) 1.078ms
[780.215s][info][gc] GC(4765) Pause Young (Normal) (G1 Evacuation Pause) 141M->54M(160M) 1.113ms
[780.387s][info][gc] GC(4766) Pause Young (Normal) (G1 Evacuation Pause) 142M->54M(160M) 1.121ms
[780.546s][info][gc] GC(4767) Pause Young (Normal) (G1 Evacuation Pause) 138M->55M(160M) 1.073ms
[780.717s][info][gc] GC(4768) Pause Young (Normal) (G1 Evacuation Pause) 139M->56M(160M) 1.149ms
[780.885s][info][gc] GC(4769) Pause Young (Normal) (G1 Evacuation Pause) 140M->56M(160M) 1.071ms
[781.042s][info][gc] GC(4770) Pause Young (Normal) (G1 Evacuation Pause) 140M->57M(160M) 1.090ms
[781.207s][info][gc] GC(4771) Pause Young (Normal) (G1 Evacuation Pause) 141M->58M(160M) 1.162ms
[781.369s][info][gc] GC(4772) Pause Young (Normal) (G1 Evacuation Pause) 142M->59M(160M) 1.103ms
[781.528s][info][gc] GC(4773) Pause Young (Concurrent Start) (G1 Evacuation Pause) 139M->59M(160M) 1.140ms
[781.528s][info][gc] GC(4774) Concurrent Mark Cycle
[781.535s][info][gc] GC(4774) Pause Remark 65M->61M(160M) 0.472ms
[781.539s][info][gc] GC(4774) Pause Cleanup 63M->63M(160M) 0.021ms
[781.539s][info][gc] GC(4774) Concurrent Mark Cycle 11.072ms
[781.675s][info][gc] GC(4775) Pause Young (Prepare Mixed) (G1 Evacuation Pause) 135M->56M(160M) 1.086ms
[781.840s][info][gc] GC(4776) Pause Young (Mixed) (G1 Evacuation Pause) 140M->53M(160M) 1.215ms
[782.009s][info][gc] GC(4777) Pause Young (Normal) (G1 Evacuation Pause) 141M->54M(160M) 1.168ms
[782.167s][info][gc] GC(4778) Pause Young (Normal) (G1 Evacuation Pause) 142M->54M(160M) 1.256ms
[782.348s][info][gc] GC(4779) Pause Young (Normal) (G1 Evacuation Pause) 138M->55M(160M) 1.071ms
[782.511s][info][gc] GC(4780) Pause Young (Normal) (G1 Evacuation Pause) 139M->56M(160M) 1.184ms
[782.675s][info][gc] GC(4781) Pause Young (Normal) (G1 Evacuation Pause) 140M->56M(160M) 1.208ms
[782.844s][info][gc] GC(4782) Pause Young (Normal) (G1 Evacuation Pause) 140M->58M(160M) 1.151ms
[783.001s][info][gc] GC(4783) Pause Young (Normal) (G1 Evacuation Pause) 142M->58M(160M) 1.175ms
[783.169s][info][gc] GC(4784) Pause Young (Normal) (G1 Evacuation Pause) 142M->59M(160M) 1.160ms
[783.334s][info][gc] GC(4785) Pause Young (Normal) (G1 Evacuation Pause) 143M->59M(160M) 1.144ms
[783.484s][info][gc] GC(4786) Pause Young (Concurrent Start) (G1 Evacuation Pause) 139M->60M(160M) 1.225ms
[783.484s][info][gc] GC(4787) Concurrent Mark Cycle
[783.492s][info][gc] GC(4787) Pause Remark 67M->67M(160M) 0.460ms
[783.497s][info][gc] GC(4787) Pause Cleanup 68M->68M(160M) 0.021ms
[783.498s][info][gc] GC(4787) Concurrent Mark Cycle 13.941ms
[783.648s][info][gc] GC(4788) Pause Young (Prepare Mixed) (G1 Evacuation Pause) 140M->61M(160M) 1.177ms
[783.796s][info][gc] GC(4789) Pause Young (Mixed) (G1 Evacuation Pause) 141M->59M(160M) 1.593ms
[783.961s][info][gc] GC(4790) Pause Young (Concurrent Start) (G1 Evacuation Pause) 139M->60M(160M) 1.203ms
[783.961s][info][gc] GC(4791) Concurrent Mark Cycle
[783.968s][info][gc] GC(4791) Pause Remark 66M->66M(160M) 0.487ms
[783.974s][info][gc] GC(4791) Pause Cleanup 70M->70M(160M) 0.024ms
[783.974s][info][gc] GC(4791) Concurrent Mark Cycle 12.872ms
[784.105s][info][gc] GC(4792) Pause Young (Prepare Mixed) (G1 Evacuation Pause) 140M->60M(160M) 1.159ms
[784.266s][info][gc] GC(4793) Pause Young (Mixed) (G1 Evacuation Pause) 140M->60M(160M) 1.745ms
[784.414s][info][gc] GC(4794) Pause Young (Concurrent Start) (G1 Evacuation Pause) 140M->60M(160M) 1.147ms
[784.414s][info][gc] GC(4795) Concurrent Mark Cycle
[784.423s][info][gc] GC(4795) Pause Remark 66M->66M(160M) 0.463ms
[784.429s][info][gc] GC(4795) Pause Cleanup 68M->68M(160M) 0.019ms
[784.429s][info][gc] GC(4795) Concurrent Mark Cycle 14.585ms
[784.579s][info][gc] GC(4796) Pause Young (Prepare Mixed) (G1 Evacuation Pause) 140M->61M(160M) 1.174ms
[784.733s][info][gc] GC(4797) Pause Young (Mixed) (G1 Evacuation Pause) 141M->61M(160M) 3.098ms
[784.888s][info][gc] GC(4798) Pause Young (Concurrent Start) (G1 Evacuation Pause) 141M->61M(160M) 1.159ms
[784.888s][info][gc] GC(4799) Concurrent Mark Cycle
[784.896s][info][gc] GC(4799) Pause Remark 66M->66M(160M) 0.453ms
[784.900s][info][gc] GC(4799) Pause Cleanup 66M->66M(160M) 0.019ms
[784.900s][info][gc] GC(4799) Concurrent Mark Cycle 12.501ms
[785.043s][info][gc] GC(4800) Pause Young (Normal) (G1 Evacuation Pause) 141M->62M(160M) 1.157ms
[785.200s][info][gc] GC(4801) Pause Young (Concurrent Start) (G1 Evacuation Pause) 142M->62M(160M) 1.138ms
[785.201s][info][gc] GC(4802) Concurrent Mark Cycle
[785.209s][info][gc] GC(4802) Pause Remark 68M->68M(160M) 0.466ms
[785.212s][info][gc] GC(4802) Pause Cleanup 68M->68M(160M) 0.004ms
[785.212s][info][gc] GC(4802) Concurrent Mark Cycle 11.248ms
[785.356s][info][gc] GC(4803) Pause Young (Normal) (G1 Evacuation Pause) 142M->63M(160M) 1.116ms
[785.513s][info][gc] GC(4804) Pause Young (Concurrent Start) (G1 Evacuation Pause) 139M->63M(192M) 1.175ms
[785.513s][info][gc] GC(4805) Concurrent Mark Cycle
[785.522s][info][gc] GC(4805) Pause Remark 69M->69M(192M) 0.463ms
[785.527s][info][gc] GC(4805) Pause Cleanup 73M->73M(192M) 0.018ms
[785.527s][info][gc] GC(4805) Concurrent Mark Cycle 13.736ms
[785.709s][info][gc] GC(4806) Pause Young (Normal) (G1 Evacuation Pause) 167M->65M(192M) 0.968ms
[785.918s][info][gc] GC(4807) Pause Young (Normal) (G1 Evacuation Pause) 169M->65M(192M) 1.059ms
[786.098s][info][gc] GC(4808) Pause Young (Normal) (G1 Evacuation Pause) 161M->66M(192M) 1.034ms
[786.276s][info][gc] GC(4809) Pause Young (Normal) (G1 Evacuation Pause) 162M->67M(192M) 1.099ms
[786.468s][info][gc] GC(4810) Pause Young (Normal) (G1 Evacuation Pause) 163M->68M(192M) 1.161ms
[786.656s][info][gc] GC(4811) Pause Young (Normal) (G1 Evacuation Pause) 164M->69M(192M) 1.183ms
[786.845s][info][gc] GC(4812) Pause Young (Normal) (G1 Evacuation Pause) 165M->69M(192M) 1.069ms
[786.995s][info][gc] GC(4813) Pause Young (Normal) (G1 Evacuation Pause) 161M->75M(192M) 1.413ms
[787.037s][info][gc] GC(4814) Pause Young (Normal) (G1 Evacuation Pause) 159M->76M(192M) 1.376ms
[787.078s][info][gc] GC(4815) Pause Young (Normal) (G1 Evacuation Pause) 164M->75M(192M) 1.107ms
[787.132s][info][gc] GC(4816) Pause Young (Concurrent Start) (G1 Evacuation Pause) 171M->77M(192M) 1.146ms
[787.132s][info][gc] GC(4817) Concurrent Mark Cycle
[787.137s][info][gc] GC(4817) Pause Remark 89M->65M(188M) 0.426ms
[787.138s][info][gc] GC(4817) Pause Cleanup 69M->69M(188M) 0.040ms
[787.139s][info][gc] GC(4817) Concurrent Mark Cycle 6.904ms
[787.175s][info][gc] GC(4818) Pause Young (Prepare Mixed) (G1 Evacuation Pause) 141M->53M(188M) 1.278ms
[787.234s][info][gc] GC(4819) Pause Young (Mixed) (G1 Evacuation Pause) 153M->43M(236M) 1.564ms
[787.295s][info][gc] GC(4820) Pause Young (Normal) (G1 Evacuation Pause) 175M->43M(236M) 0.903ms
[787.368s][info][gc] GC(4821) Pause Young (Normal) (G1 Evacuation Pause) 175M->45M(236M) 1.181ms
[787.437s][info][gc] GC(4822) Pause Young (Normal) (G1 Evacuation Pause) 173M->47M(236M) 1.187ms
[787.496s][info][gc] GC(4823) Pause Young (Normal) (G1 Evacuation Pause) 175M->47M(284M) 1.163ms
[787.580s][info][gc] GC(4824) Pause Young (Normal) (G1 Evacuation Pause) 203M->49M(284M) 1.284ms
[787.662s][info][gc] GC(4825) Pause Young (Normal) (G1 Evacuation Pause) 201M->50M(284M) 1.299ms
[787.734s][info][gc] GC(4826) Pause Young (Normal) (G1 Evacuation Pause) 202M->50M(284M) 1.236ms
[787.819s][info][gc] GC(4827) Pause Young (Normal) (G1 Evacuation Pause) 202M->52M(344M) 1.358ms
[787.919s][info][gc] GC(4828) Pause Young (Normal) (G1 Evacuation Pause) 240M->54M(344M) 1.641ms
[788.016s][info][gc] GC(4829) Pause Young (Normal) (G1 Evacuation Pause) 238M->55M(344M) 1.574ms
[788.110s][info][gc] GC(4830) Pause Young (Normal) (G1 Evacuation Pause) 239M->56M(344M) 1.478ms
[788.207s][info][gc] GC(4831) Pause Young (Normal) (G1 Evacuation Pause) 244M->58M(416M) 1.579ms
[788.328s][info][gc] GC(4832) Pause Young (Normal) (G1 Evacuation Pause) 286M->62M(416M) 1.539ms
[788.446s][info][gc] GC(4833) Pause Young (Normal) (G1 Evacuation Pause) 286M->62M(416M) 1.681ms
[788.560s][info][gc] GC(4834) Pause Young (Normal) (G1 Evacuation Pause) 290M->65M(416M) 1.692ms
[788.676s][info][gc] GC(4835) Pause Young (Normal) (G1 Evacuation Pause) 293M->66M(416M) 1.701ms
[788.792s][info][gc] GC(4836) Pause Young (Normal) (G1 Evacuation Pause) 294M->67M(500M) 1.653ms
[788.936s][info][gc] GC(4837) Pause Young (Normal) (G1 Evacuation Pause) 347M->69M(500M) 1.704ms
[789.078s][info][gc] GC(4838) Pause Young (Normal) (G1 Evacuation Pause) 345M->73M(500M) 1.847ms
[789.213s][info][gc] GC(4839) Pause Young (Normal) (G1 Evacuation Pause) 345M->75M(500M) 1.899ms
[789.354s][info][gc] GC(4840) Pause Young (Normal) (G1 Evacuation Pause) 351M->77M(500M) 1.916ms
[789.503s][info][gc] GC(4841) Pause Young (Normal) (G1 Evacuation Pause) 353M->80M(500M) 2.143ms
[789.642s][info][gc] GC(4842) Pause Young (Normal) (G1 Evacuation Pause) 352M->82M(500M) 1.952ms
[789.782s][info][gc] GC(4843) Pause Young (Normal) (G1 Evacuation Pause) 358M->84M(500M) 1.940ms
[789.923s][info][gc] GC(4844) Pause Young (Normal) (G1 Evacuation Pause) 360M->87M(500M) 1.894ms
[790.059s][info][gc] GC(4845) Pause Young (Normal) (G1 Evacuation Pause) 359M->88M(500M) 1.884ms
[790.200s][info][gc] GC(4846) Pause Young (Normal) (G1 Evacuation Pause) 364M->92M(500M) 1.914ms
[790.334s][info][gc] GC(4847) Pause Young (Normal) (G1 Evacuation Pause) 364M->93M(500M) 2.129ms
[790.478s][info][gc] GC(4848) Pause Young (Normal) (G1 Evacuation Pause) 369M->95M(500M) 1.985ms
[790.618s][info][gc] GC(4849) Pause Young (Normal) (G1 Evacuation Pause) 371M->97M(500M) 2.242ms
[790.765s][info][gc] GC(4850) Pause Young (Normal) (G1 Evacuation Pause) 373M->99M(500M) 2.157ms
[790.911s][info][gc] GC(4851) Pause Young (Normal) (G1 Evacuation Pause) 375M->102M(500M) 2.008ms
[791.046s][info][gc] GC(4852) Pause Young (Normal) (G1 Evacuation Pause) 374M->104M(500M) 1.923ms
[791.184s][info][gc] GC(4853) Pause Young (Normal) (G1 Evacuation Pause) 380M->107M(500M) 2.353ms
[791.326s][info][gc] GC(4854) Pause Young (Normal) (G1 Evacuation Pause) 379M->109M(500M) 1.874ms
[791.471s][info][gc] GC(4855) Pause Young (Normal) (G1 Evacuation Pause) 385M->111M(500M) 2.067ms
[791.607s][info][gc] GC(4856) Pause Young (Normal) (G1 Evacuation Pause) 383M->113M(500M) 1.994ms
[791.752s][info][gc] GC(4857) Pause Young (Normal) (G1 Evacuation Pause) 389M->115M(500M) 2.109ms
[791.895s][info][gc] GC(4858) Pause Young (Normal) (G1 Evacuation Pause) 391M->118M(500M) 1.895ms
[792.038s][info][gc] GC(4859) Pause Young (Normal) (G1 Evacuation Pause) 394M->121M(500M) 1.937ms
[792.171s][info][gc] GC(4860) Pause Young (Normal) (G1 Evacuation Pause) 393M->122M(500M) 1.929ms
[792.313s][info][gc] GC(4861) Pause Young (Normal) (G1 Evacuation Pause) 398M->124M(500M) 1.898ms
[792.508s][info][gc] GC(4862) Pause Young (Normal) (G1 Evacuation Pause) 400M->129M(500M) 2.005ms
[792.650s][info][gc] GC(4863) Pause Young (Normal) (G1 Evacuation Pause) 401M->132M(500M) 2.274ms
[792.790s][info][gc] GC(4864) Pause Young (Normal) (G1 Evacuation Pause) 404M->132M(500M) 2.364ms
[792.944s][info][gc] GC(4865) Pause Young (Normal) (G1 Evacuation Pause) 408M->136M(500M) 2.073ms
[793.087s][info][gc] GC(4866) Pause Young (Normal) (G1 Evacuation Pause) 412M->138M(500M) 2.159ms
[793.228s][info][gc] GC(4867) Pause Young (Normal) (G1 Evacuation Pause) 414M->141M(500M) 2.026ms
[793.378s][info][gc] GC(4868) Pause Young (Normal) (G1 Evacuation Pause) 417M->143M(500M) 2.098ms
[793.522s][info][gc] GC(4869) Pause Young (Normal) (G1 Evacuation Pause) 419M->146M(500M) 2.537ms
[793.662s][info][gc] GC(4870) Pause Young (Normal) (G1 Evacuation Pause) 422M->149M(500M) 2.092ms
[793.801s][info][gc] GC(4871) Pause Young (Normal) (G1 Evacuation Pause) 425M->150M(500M) 2.257ms
[793.946s][info][gc] GC(4872) Pause Young (Normal) (G1 Evacuation Pause) 426M->153M(500M) 1.878ms
[794.084s][info][gc] GC(4873) Pause Young (Normal) (G1 Evacuation Pause) 425M->155M(500M) 2.027ms
[794.217s][info][gc] GC(4874) Pause Young (Normal) (G1 Evacuation Pause) 427M->156M(500M) 1.903ms
[794.366s][info][gc] GC(4875) Pause Young (Normal) (G1 Evacuation Pause) 432M->159M(500M) 2.147ms
[794.502s][info][gc] GC(4876) Pause Young (Normal) (G1 Evacuation Pause) 435M->163M(500M) 1.940ms
[794.640s][info][gc] GC(4877) Pause Young (Normal) (G1 Evacuation Pause) 439M->164M(500M) 1.856ms
[794.785s][info][gc] GC(4878) Pause Young (Normal) (G1 Evacuation Pause) 440M->166M(500M) 2.134ms
[794.921s][info][gc] GC(4879) Pause Young (Normal) (G1 Evacuation Pause) 442M->169M(500M) 2.020ms
[795.056s][info][gc] GC(4880) Pause Young (Normal) (G1 Evacuation Pause) 437M->170M(500M) 1.964ms
[795.195s][info][gc] GC(4881) Pause Young (Normal) (G1 Evacuation Pause) 446M->173M(500M) 1.932ms
[795.333s][info][gc] GC(4882) Pause Young (Normal) (G1 Evacuation Pause) 437M->175M(500M) 1.924ms
[795.469s][info][gc] GC(4883) Pause Young (Normal) (G1 Evacuation Pause) 447M->178M(500M) 1.916ms
[795.600s][info][gc] GC(4884) Pause Young (Normal) (G1 Evacuation Pause) 438M->179M(500M) 1.903ms
[795.742s][info][gc] GC(4885) Pause Young (Normal) (G1 Evacuation Pause) 443M->182M(500M) 1.811ms
[795.874s][info][gc] GC(4886) Pause Young (Normal) (G1 Evacuation Pause) 442M->184M(500M) 1.848ms
[796.007s][info][gc] GC(4887) Pause Young (Normal) (G1 Evacuation Pause) 444M->186M(500M) 1.900ms
[796.134s][info][gc] GC(4888) Pause Young (Concurrent Start) (G1 Evacuation Pause) 442M->189M(500M) 1.879ms
[796.134s][info][gc] GC(4889) Concurrent Mark Cycle
[796.148s][info][gc] GC(4889) Pause Remark 224M->140M(360M) 0.454ms
[796.158s][info][gc] GC(4889) Pause Cleanup 156M->156M(360M) 0.050ms
[796.158s][info][gc] GC(4889) Concurrent Mark Cycle 23.992ms
[796.235s][info][gc] GC(4890) Pause Young (Prepare Mixed) (G1 Evacuation Pause) 297M->106M(360M) 1.808ms
[796.336s][info][gc] GC(4891) Pause Young (Mixed) (G1 Evacuation Pause) 302M->104M(360M) 1.478ms
[796.439s][info][gc] GC(4892) Pause Young (Normal) (G1 Evacuation Pause) 304M->106M(360M) 1.531ms
[796.543s][info][gc] GC(4893) Pause Young (Normal) (G1 Evacuation Pause) 302M->106M(360M) 1.522ms
[796.646s][info][gc] GC(4894) Pause Young (Normal) (G1 Evacuation Pause) 302M->108M(432M) 1.592ms
[796.768s][info][gc] GC(4895) Pause Young (Normal) (G1 Evacuation Pause) 348M->111M(432M) 1.708ms
[796.889s][info][gc] GC(4896) Pause Young (Normal) (G1 Evacuation Pause) 347M->112M(432M) 1.621ms
[797.008s][info][gc] GC(4897) Pause Young (Normal) (G1 Evacuation Pause) 348M->113M(432M) 1.717ms
[797.126s][info][gc] GC(4898) Pause Young (Normal) (G1 Evacuation Pause) 349M->116M(432M) 1.595ms
[797.245s][info][gc] GC(4899) Pause Young (Normal) (G1 Evacuation Pause) 352M->118M(432M) 1.557ms
[797.372s][info][gc] GC(4900) Pause Young (Normal) (G1 Evacuation Pause) 354M->120M(432M) 1.590ms
[797.488s][info][gc] GC(4901) Pause Young (Normal) (G1 Evacuation Pause) 352M->122M(432M) 1.750ms
[797.606s][info][gc] GC(4902) Pause Young (Normal) (G1 Evacuation Pause) 358M->124M(432M) 1.859ms
[797.730s][info][gc] GC(4903) Pause Young (Normal) (G1 Evacuation Pause) 360M->126M(432M) 1.870ms
[797.851s][info][gc] GC(4904) Pause Young (Normal) (G1 Evacuation Pause) 362M->128M(520M) 1.906ms
[798.063s][info][gc] GC(4905) Pause Young (Normal) (G1 Evacuation Pause) 420M->132M(520M) 2.024ms
[798.221s][info][gc] GC(4906) Pause Young (Normal) (G1 Evacuation Pause) 420M->135M(520M) 2.149ms
[798.365s][info][gc] GC(4907) Pause Young (Normal) (G1 Evacuation Pause) 419M->136M(520M) 2.176ms
[798.508s][info][gc] GC(4908) Pause Young (Normal) (G1 Evacuation Pause) 424M->139M(520M) 2.152ms
[798.666s][info][gc] GC(4909) Pause Young (Normal) (G1 Evacuation Pause) 427M->142M(520M) 2.570ms
[798.810s][info][gc] GC(4910) Pause Young (Normal) (G1 Evacuation Pause) 430M->144M(520M) 2.064ms
[798.952s][info][gc] GC(4911) Pause Young (Normal) (G1 Evacuation Pause) 432M->146M(520M) 2.238ms
[799.107s][info][gc] GC(4912) Pause Young (Normal) (G1 Evacuation Pause) 434M->150M(520M) 2.095ms
[799.250s][info][gc] GC(4913) Pause Young (Normal) (G1 Evacuation Pause) 434M->150M(520M) 2.154ms
[799.401s][info][gc] GC(4914) Pause Young (Normal) (G1 Evacuation Pause) 438M->154M(520M) 2.088ms
[799.545s][info][gc] GC(4915) Pause Young (Normal) (G1 Evacuation Pause) 442M->157M(520M) 1.984ms
[799.688s][info][gc] GC(4916) Pause Young (Normal) (G1 Evacuation Pause) 445M->160M(520M) 1.912ms
[799.843s][info][gc] GC(4917) Pause Young (Normal) (G1 Evacuation Pause) 448M->161M(520M) 1.947ms
[799.986s][info][gc] GC(4918) Pause Young (Normal) (G1 Evacuation Pause) 449M->163M(520M) 2.078ms
[800.129s][info][gc] GC(4919) Pause Young (Normal) (G1 Evacuation Pause) 451M->166M(520M) 1.914ms
[800.282s][info][gc] GC(4920) Pause Young (Normal) (G1 Evacuation Pause) 454M->168M(520M) 2.126ms
[800.431s][info][gc] GC(4921) Pause Young (Normal) (G1 Evacuation Pause) 456M->172M(520M) 1.938ms
[800.577s][info][gc] GC(4922) Pause Young (Normal) (G1 Evacuation Pause) 460M->173M(520M) 1.910ms
[800.731s][info][gc] GC(4923) Pause Young (Normal) (G1 Evacuation Pause) 461M->176M(520M) 1.903ms
[800.872s][info][gc] GC(4924) Pause Young (Normal) (G1 Evacuation Pause) 460M->180M(520M) 2.045ms
[801.011s][info][gc] GC(4925) Pause Young (Normal) (G1 Evacuation Pause) 456M->178M(520M) 1.867ms
[801.160s][info][gc] GC(4926) Pause Young (Normal) (G1 Evacuation Pause) 462M->183M(520M) 1.973ms
[801.297s][info][gc] GC(4927) Pause Young (Normal) (G1 Evacuation Pause) 459M->185M(520M) 2.048ms
[801.440s][info][gc] GC(4928) Pause Young (Normal) (G1 Evacuation Pause) 465M->187M(520M) 1.831ms
[801.582s][info][gc] GC(4929) Pause Young (Normal) (G1 Evacuation Pause) 463M->190M(520M) 1.999ms
[801.718s][info][gc] GC(4930) Pause Young (Normal) (G1 Evacuation Pause) 458M->192M(520M) 2.111ms
[801.857s][info][gc] GC(4931) Pause Young (Normal) (G1 Evacuation Pause) 464M->193M(520M) 1.908ms
[801.995s][info][gc] GC(4932) Pause Young (Concurrent Start) (G1 Evacuation Pause) 461M->196M(520M) 1.844ms
[801.995s][info][gc] GC(4933) Concurrent Mark Cycle
[802.008s][info][gc] GC(4933) Pause Remark 224M->145M(416M) 0.447ms
[802.023s][info][gc] GC(4933) Pause Cleanup 174M->174M(416M) 0.049ms
[802.024s][info][gc] GC(4933) Concurrent Mark Cycle 28.648ms
[802.114s][info][gc] GC(4934) Pause Young (Prepare Mixed) (G1 Evacuation Pause) 337M->119M(416M) 1.903ms
[802.228s][info][gc] GC(4935) Pause Young (Mixed) (G1 Evacuation Pause) 347M->113M(416M) 1.697ms
[802.343s][info][gc] GC(4936) Pause Young (Normal) (G1 Evacuation Pause) 341M->114M(416M) 1.642ms
[802.458s][info][gc] GC(4937) Pause Young (Normal) (G1 Evacuation Pause) 342M->116M(416M) 1.631ms
[802.574s][info][gc] GC(4938) Pause Young (Normal) (G1 Evacuation Pause) 344M->119M(416M) 1.644ms
[802.693s][info][gc] GC(4939) Pause Young (Normal) (G1 Evacuation Pause) 343M->121M(416M) 1.724ms
[802.811s][info][gc] GC(4940) Pause Young (Normal) (G1 Evacuation Pause) 349M->123M(500M) 1.738ms
[802.957s][info][gc] GC(4941) Pause Young (Normal) (G1 Evacuation Pause) 403M->124M(500M) 1.773ms
[803.107s][info][gc] GC(4942) Pause Young (Normal) (G1 Evacuation Pause) 400M->127M(500M) 1.840ms
[803.248s][info][gc] GC(4943) Pause Young (Normal) (G1 Evacuation Pause) 403M->129M(500M) 1.990ms
[803.395s][info][gc] GC(4944) Pause Young (Normal) (G1 Evacuation Pause) 405M->129M(500M) 1.732ms
[803.603s][info][gc] GC(4945) Pause Young (Normal) (G1 Evacuation Pause) 409M->136M(500M) 2.282ms
[803.736s][info][gc] GC(4946) Pause Young (Normal) (G1 Evacuation Pause) 408M->137M(500M) 2.383ms
[803.879s][info][gc] GC(4947) Pause Young (Normal) (G1 Evacuation Pause) 413M->141M(500M) 1.957ms
[804.024s][info][gc] GC(4948) Pause Young (Normal) (G1 Evacuation Pause) 417M->144M(500M) 2.072ms
[804.167s][info][gc] GC(4949) Pause Young (Normal) (G1 Evacuation Pause) 416M->145M(500M) 2.375ms
[804.305s][info][gc] GC(4950) Pause Young (Normal) (G1 Evacuation Pause) 421M->147M(500M) 2.039ms
[804.442s][info][gc] GC(4951) Pause Young (Normal) (G1 Evacuation Pause) 423M->150M(500M) 2.048ms
[804.593s][info][gc] GC(4952) Pause Young (Normal) (G1 Evacuation Pause) 426M->152M(500M) 2.128ms
[804.736s][info][gc] GC(4953) Pause Young (Normal) (G1 Evacuation Pause) 428M->155M(500M) 2.292ms
[804.872s][info][gc] GC(4954) Pause Young (Normal) (G1 Evacuation Pause) 431M->157M(500M) 1.831ms
[805.022s][info][gc] GC(4955) Pause Young (Normal) (G1 Evacuation Pause) 433M->159M(500M) 1.973ms
[805.160s][info][gc] GC(4956) Pause Young (Normal) (G1 Evacuation Pause) 435M->161M(500M) 2.245ms
[805.294s][info][gc] GC(4957) Pause Young (Normal) (G1 Evacuation Pause) 433M->164M(500M) 1.916ms
[805.437s][info][gc] GC(4958) Pause Young (Normal) (G1 Evacuation Pause) 436M->166M(500M) 2.007ms
[805.576s][info][gc] GC(4959) Pause Young (Normal) (G1 Evacuation Pause) 434M->169M(500M) 1.935ms
[805.711s][info][gc] GC(4960) Pause Young (Normal) (G1 Evacuation Pause) 437M->170M(500M) 1.939ms
[805.847s][info][gc] GC(4961) Pause Young (Normal) (G1 Evacuation Pause) 442M->171M(500M) 1.876ms
[805.992s][info][gc] GC(4962) Pause Young (Normal) (G1 Evacuation Pause) 443M->175M(500M) 1.930ms
[806.119s][info][gc] GC(4963) Pause Young (Normal) (G1 Evacuation Pause) 435M->178M(500M) 1.903ms
[806.257s][info][gc] GC(4964) Pause Young (Normal) (G1 Evacuation Pause) 442M->179M(500M) 1.801ms
[806.394s][info][gc] GC(4965) Pause Young (Normal) (G1 Evacuation Pause) 439M->180M(500M) 1.770ms
[806.529s][info][gc] GC(4966) Pause Young (Normal) (G1 Evacuation Pause) 448M->184M(500M) 1.859ms
[806.661s][info][gc] GC(4967) Pause Young (Concurrent Start) (G1 Evacuation Pause) 440M->185M(500M) 1.835ms
[806.661s][info][gc] GC(4968) Concurrent Mark Cycle
[806.675s][info][gc] GC(4968) Pause Remark 212M->135M(388M) 0.441ms
[806.681s][info][gc] GC(4968) Pause Cleanup 146M->146M(388M) 0.049ms
[806.682s][info][gc] GC(4968) Concurrent Mark Cycle 20.577ms
[806.773s][info][gc] GC(4969) Pause Young (Prepare Mixed) (G1 Evacuation Pause) 317M->111M(388M) 1.749ms
[806.878s][info][gc] GC(4970) Pause Young (Mixed) (G1 Evacuation Pause) 323M->101M(388M) 1.611ms
[806.984s][info][gc] GC(4971) Pause Young (Normal) (G1 Evacuation Pause) 313M->103M(388M) 1.674ms
[807.095s][info][gc] GC(4972) Pause Young (Normal) (G1 Evacuation Pause) 311M->105M(388M) 1.697ms
[807.206s][info][gc] GC(4973) Pause Young (Normal) (G1 Evacuation Pause) 317M->106M(468M) 1.710ms
[807.339s][info][gc] GC(4974) Pause Young (Normal) (G1 Evacuation Pause) 366M->108M(468M) 1.728ms
[807.467s][info][gc] GC(4975) Pause Young (Normal) (G1 Evacuation Pause) 364M->110M(468M) 1.806ms
[807.605s][info][gc] GC(4976) Pause Young (Normal) (G1 Evacuation Pause) 366M->112M(468M) 1.808ms
[807.733s][info][gc] GC(4977) Pause Young (Normal) (G1 Evacuation Pause) 368M->115M(468M) 1.837ms
[807.864s][info][gc] GC(4978) Pause Young (Normal) (G1 Evacuation Pause) 371M->116M(468M) 2.059ms
[807.994s][info][gc] GC(4979) Pause Young (Normal) (G1 Evacuation Pause) 372M->118M(468M) 1.820ms
[808.128s][info][gc] GC(4980) Pause Young (Normal) (G1 Evacuation Pause) 374M->119M(468M) 1.745ms
[808.273s][info][gc] GC(4981) Pause Young (Normal) (G1 Evacuation Pause) 379M->123M(468M) 1.898ms
[808.399s][info][gc] GC(4982) Pause Young (Normal) (G1 Evacuation Pause) 379M->124M(468M) 1.851ms
[808.532s][info][gc] GC(4983) Pause Young (Normal) (G1 Evacuation Pause) 384M->127M(468M) 1.755ms
[808.660s][info][gc] GC(4984) Pause Young (Normal) (G1 Evacuation Pause) 383M->128M(468M) 1.743ms
[808.798s][info][gc] GC(4985) Pause Young (Normal) (G1 Evacuation Pause) 388M->131M(468M) 1.777ms
[808.989s][info][gc] GC(4986) Pause Young (Normal) (G1 Evacuation Pause) 387M->135M(468M) 2.060ms
[809.124s][info][gc] GC(4987) Pause Young (Normal) (G1 Evacuation Pause) 391M->137M(468M) 2.023ms
[809.258s][info][gc] GC(4988) Pause Young (Normal) (G1 Evacuation Pause) 393M->140M(468M) 2.102ms
[809.386s][info][gc] GC(4989) Pause Young (Normal) (G1 Evacuation Pause) 396M->141M(468M) 2.032ms
[809.522s][info][gc] GC(4990) Pause Young (Normal) (G1 Evacuation Pause) 401M->143M(468M) 1.876ms
[809.655s][info][gc] GC(4991) Pause Young (Normal) (G1 Evacuation Pause) 403M->146M(468M) 1.899ms
[809.786s][info][gc] GC(4992) Pause Young (Normal) (G1 Evacuation Pause) 402M->148M(468M) 2.104ms
[809.917s][info][gc] GC(4993) Pause Young (Normal) (G1 Evacuation Pause) 404M->150M(468M) 2.059ms
[810.049s][info][gc] GC(4994) Pause Young (Normal) (G1 Evacuation Pause) 410M->151M(468M) 1.692ms
[810.189s][info][gc] GC(4995) Pause Young (Normal) (G1 Evacuation Pause) 411M->155M(468M) 1.817ms
[810.316s][info][gc] GC(4996) Pause Young (Normal) (G1 Evacuation Pause) 411M->157M(468M) 1.970ms
[810.444s][info][gc] GC(4997) Pause Young (Normal) (G1 Evacuation Pause) 413M->158M(468M) 1.795ms
[810.571s][info][gc] GC(4998) Pause Young (Normal) (G1 Evacuation Pause) 410M->161M(468M) 1.879ms
[810.703s][info][gc] GC(4999) Pause Young (Normal) (G1 Evacuation Pause) 409M->161M(468M) 1.806ms
[810.836s][info][gc] GC(5000) Pause Young (Normal) (G1 Evacuation Pause) 417M->164M(468M) 1.937ms
[810.959s][info][gc] GC(5001) Pause Young (Normal) (G1 Evacuation Pause) 412M->167M(468M) 1.847ms
[811.084s][info][gc] GC(5002) Pause Young (Normal) (G1 Evacuation Pause) 411M->168M(468M) 1.725ms
[811.210s][info][gc] GC(5003) Pause Young (Normal) (G1 Evacuation Pause) 416M->171M(468M) 1.813ms
[811.332s][info][gc] GC(5004) Pause Young (Normal) (G1 Evacuation Pause) 411M->172M(468M) 1.855ms
[811.464s][info][gc] GC(5005) Pause Young (Normal) (G1 Evacuation Pause) 416M->175M(468M) 1.795ms
[811.582s][info][gc] GC(5006) Pause Young (Normal) (G1 Evacuation Pause) 411M->177M(468M) 1.899ms
[811.701s][info][gc] GC(5007) Pause Young (Concurrent Start) (G1 Evacuation Pause) 417M->178M(468M) 1.902ms
[811.701s][info][gc] GC(5008) Concurrent Mark Cycle
[811.713s][info][gc] GC(5008) Pause Remark 202M->126M(348M) 0.443ms
[811.721s][info][gc] GC(5008) Pause Cleanup 141M->141M(348M) 0.046ms
[811.721s][info][gc] GC(5008) Concurrent Mark Cycle 19.637ms
[811.799s][info][gc] GC(5009) Pause Young (Prepare Mixed) (G1 Evacuation Pause) 290M->105M(348M) 1.679ms
[811.895s][info][gc] GC(5010) Pause Young (Mixed) (G1 Evacuation Pause) 293M->91M(348M) 1.605ms
[811.991s][info][gc] GC(5011) Pause Young (Normal) (G1 Evacuation Pause) 279M->92M(348M) 1.501ms
[812.081s][info][gc] GC(5012) Pause Young (Normal) (G1 Evacuation Pause) 284M->94M(420M) 1.475ms
[812.212s][info][gc] GC(5013) Pause Young (Normal) (G1 Evacuation Pause) 330M->95M(420M) 1.623ms
[812.333s][info][gc] GC(5014) Pause Young (Normal) (G1 Evacuation Pause) 327M->98M(420M) 1.744ms
[812.451s][info][gc] GC(5015) Pause Young (Normal) (G1 Evacuation Pause) 330M->100M(420M) 1.741ms
[812.565s][info][gc] GC(5016) Pause Young (Normal) (G1 Evacuation Pause) 332M->101M(420M) 2.030ms
[812.688s][info][gc] GC(5017) Pause Young (Normal) (G1 Evacuation Pause) 333M->104M(504M) 1.710ms
[812.829s][info][gc] GC(5018) Pause Young (Normal) (G1 Evacuation Pause) 384M->106M(504M) 1.975ms
[812.977s][info][gc] GC(5019) Pause Young (Normal) (G1 Evacuation Pause) 382M->108M(504M) 1.891ms
[813.118s][info][gc] GC(5020) Pause Young (Normal) (G1 Evacuation Pause) 384M->111M(504M) 1.974ms
[813.261s][info][gc] GC(5021) Pause Young (Normal) (G1 Evacuation Pause) 387M->113M(504M) 1.929ms
[813.405s][info][gc] GC(5022) Pause Young (Normal) (G1 Evacuation Pause) 385M->116M(504M) 2.000ms
[813.546s][info][gc] GC(5023) Pause Young (Normal) (G1 Evacuation Pause) 392M->118M(504M) 1.943ms
[813.686s][info][gc] GC(5024) Pause Young (Normal) (G1 Evacuation Pause) 394M->121M(504M) 1.921ms
[813.823s][info][gc] GC(5025) Pause Young (Normal) (G1 Evacuation Pause) 393M->122M(504M) 1.925ms
[813.966s][info][gc] GC(5026) Pause Young (Normal) (G1 Evacuation Pause) 398M->124M(504M) 1.918ms
[814.112s][info][gc] GC(5027) Pause Young (Normal) (G1 Evacuation Pause) 400M->128M(504M) 1.991ms
[814.250s][info][gc] GC(5028) Pause Young (Normal) (G1 Evacuation Pause) 400M->129M(504M) 2.099ms
[814.483s][info][gc] GC(5029) Pause Young (Normal) (G1 Evacuation Pause) 405M->130M(504M) 1.853ms
[814.761s][info][gc] GC(5030) Pause Young (Normal) (G1 Evacuation Pause) 406M->132M(504M) 1.954ms
[815.043s][info][gc] GC(5031) Pause Young (Normal) (G1 Evacuation Pause) 408M->136M(504M) 1.991ms
[815.302s][info][gc] GC(5032) Pause Young (Normal) (G1 Evacuation Pause) 408M->137M(504M) 2.054ms
[815.574s][info][gc] GC(5033) Pause Young (Normal) (G1 Evacuation Pause) 413M->140M(504M) 2.068ms
[815.846s][info][gc] GC(5034) Pause Young (Normal) (G1 Evacuation Pause) 412M->142M(504M) 1.956ms
[816.109s][info][gc] GC(5035) Pause Young (Normal) (G1 Evacuation Pause) 418M->145M(504M) 2.009ms
[816.385s][info][gc] GC(5036) Pause Young (Normal) (G1 Evacuation Pause) 421M->147M(504M) 2.146ms
[816.649s][info][gc] GC(5037) Pause Young (Normal) (G1 Evacuation Pause) 419M->149M(504M) 1.967ms
[816.925s][info][gc] GC(5038) Pause Young (Normal) (G1 Evacuation Pause) 425M->153M(504M) 1.992ms
[817.203s][info][gc] GC(5039) Pause Young (Normal) (G1 Evacuation Pause) 429M->154M(504M) 2.044ms
[817.475s][info][gc] GC(5040) Pause Young (Normal) (G1 Evacuation Pause) 430M->156M(504M) 1.880ms
[817.758s][info][gc] GC(5041) Pause Young (Normal) (G1 Evacuation Pause) 432M->158M(504M) 1.881ms
[818.033s][info][gc] GC(5042) Pause Young (Normal) (G1 Evacuation Pause) 434M->161M(504M) 2.065ms
[818.307s][info][gc] GC(5043) Pause Young (Normal) (G1 Evacuation Pause) 437M->164M(504M) 1.913ms
[818.577s][info][gc] GC(5044) Pause Young (Normal) (G1 Evacuation Pause) 436M->166M(504M) 2.006ms
[818.847s][info][gc] GC(5045) Pause Young (Normal) (G1 Evacuation Pause) 442M->168M(504M) 1.856ms
[819.119s][info][gc] GC(5046) Pause Young (Normal) (G1 Evacuation Pause) 444M->171M(504M) 1.855ms
[819.393s][info][gc] GC(5047) Pause Young (Normal) (G1 Evacuation Pause) 447M->172M(504M) 2.358ms
[819.666s][info][gc] GC(5048) Pause Young (Normal) (G1 Evacuation Pause) 448M->176M(504M) 2.024ms
[819.992s][info][gc] GC(5049) Pause Young (Normal) (G1 Evacuation Pause) 448M->178M(504M) 1.923ms
[820.254s][info][gc] GC(5050) Pause Young (Normal) (G1 Evacuation Pause) 450M->181M(504M) 2.065ms
[820.523s][info][gc] GC(5051) Pause Young (Normal) (G1 Evacuation Pause) 441M->182M(504M) 2.156ms
[820.780s][info][gc] GC(5052) Pause Young (Normal) (G1 Evacuation Pause) 446M->184M(504M) 1.823ms
[821.047s][info][gc] GC(5053) Pause Young (Normal) (G1 Evacuation Pause) 452M->187M(504M) 1.852ms
[821.303s][info][gc] GC(5054) Pause Young (Normal) (G1 Evacuation Pause) 447M->188M(504M) 1.790ms
[821.568s][info][gc] GC(5055) Pause Young (Normal) (G1 Evacuation Pause) 452M->191M(504M) 2.146ms
[821.829s][info][gc] GC(5056) Pause Young (Normal) (G1 Evacuation Pause) 447M->193M(504M) 1.809ms
[822.087s][info][gc] GC(5057) Pause Young (Concurrent Start) (G1 Evacuation Pause) 453M->196M(504M) 1.832ms
[822.087s][info][gc] GC(5058) Concurrent Mark Cycle
[822.092s][info][gc] GC(5058) Pause Remark 202M->83M(268M) 0.426ms
[822.093s][info][gc] GC(5058) Pause Cleanup 83M->83M(268M) 0.027ms
[822.093s][info][gc] GC(5058) Concurrent Mark Cycle 6.198ms
[822.222s][info][gc] GC(5059) Pause Young (Prepare Mixed) (G1 Evacuation Pause) 213M->77M(268M) 1.855ms
[822.374s][info][gc] GC(5060) Pause Young (Mixed) (G1 Evacuation Pause) 225M->63M(268M) 1.377ms
[822.518s][info][gc] GC(5061) Pause Young (Normal) (G1 Evacuation Pause) 211M->63M(268M) 1.262ms
[822.658s][info][gc] GC(5062) Pause Young (Normal) (G1 Evacuation Pause) 207M->64M(268M) 1.326ms
[822.812s][info][gc] GC(5063) Pause Young (Normal) (G1 Evacuation Pause) 212M->65M(268M) 1.193ms
[822.970s][info][gc] GC(5064) Pause Young (Normal) (G1 Evacuation Pause) 213M->67M(268M) 1.686ms
[823.126s][info][gc] GC(5065) Pause Young (Normal) (G1 Evacuation Pause) 215M->68M(268M) 1.214ms
[823.271s][info][gc] GC(5066) Pause Young (Normal) (G1 Evacuation Pause) 216M->69M(268M) 1.168ms
[823.422s][info][gc] GC(5067) Pause Young (Normal) (G1 Evacuation Pause) 217M->70M(268M) 1.176ms
[823.567s][info][gc] GC(5068) Pause Young (Normal) (G1 Evacuation Pause) 218M->71M(268M) 1.683ms
[823.720s][info][gc] GC(5069) Pause Young (Normal) (G1 Evacuation Pause) 219M->73M(324M) 1.381ms
[823.906s][info][gc] GC(5070) Pause Young (Normal) (G1 Evacuation Pause) 253M->74M(324M) 1.244ms
[824.085s][info][gc] GC(5071) Pause Young (Normal) (G1 Evacuation Pause) 250M->76M(324M) 1.515ms
[824.251s][info][gc] GC(5072) Pause Young (Normal) (G1 Evacuation Pause) 252M->76M(324M) 1.389ms
[824.431s][info][gc] GC(5073) Pause Young (Normal) (G1 Evacuation Pause) 252M->79M(324M) 1.366ms
[824.610s][info][gc] GC(5074) Pause Young (Normal) (G1 Evacuation Pause) 255M->80M(324M) 1.458ms
[824.786s][info][gc] GC(5075) Pause Young (Normal) (G1 Evacuation Pause) 256M->81M(324M) 1.432ms
[824.965s][info][gc] GC(5076) Pause Young (Normal) (G1 Evacuation Pause) 257M->83M(324M) 1.505ms
[825.207s][info][gc] GC(5077) Pause Young (Normal) (G1 Evacuation Pause) 259M->86M(324M) 1.620ms
[825.373s][info][gc] GC(5078) Pause Young (Normal) (G1 Evacuation Pause) 262M->87M(324M) 1.464ms
[825.551s][info][gc] GC(5079) Pause Young (Normal) (G1 Evacuation Pause) 263M->89M(324M) 1.568ms
[825.727s][info][gc] GC(5080) Pause Young (Normal) (G1 Evacuation Pause) 265M->90M(324M) 1.532ms
[825.900s][info][gc] GC(5081) Pause Young (Normal) (G1 Evacuation Pause) 266M->92M(324M) 1.572ms
[826.074s][info][gc] GC(5082) Pause Young (Normal) (G1 Evacuation Pause) 268M->93M(324M) 1.495ms
[826.253s][info][gc] GC(5083) Pause Young (Normal) (G1 Evacuation Pause) 269M->95M(324M) 1.566ms
[826.419s][info][gc] GC(5084) Pause Young (Normal) (G1 Evacuation Pause) 271M->95M(324M) 1.578ms
[826.601s][info][gc] GC(5085) Pause Young (Normal) (G1 Evacuation Pause) 271M->98M(324M) 1.580ms
[826.773s][info][gc] GC(5086) Pause Young (Normal) (G1 Evacuation Pause) 274M->99M(324M) 1.456ms
[826.942s][info][gc] GC(5087) Pause Young (Normal) (G1 Evacuation Pause) 275M->100M(324M) 1.298ms
[827.117s][info][gc] GC(5088) Pause Young (Normal) (G1 Evacuation Pause) 276M->102M(324M) 1.378ms
[827.293s][info][gc] GC(5089) Pause Young (Normal) (G1 Evacuation Pause) 278M->103M(324M) 1.363ms
[827.459s][info][gc] GC(5090) Pause Young (Normal) (G1 Evacuation Pause) 279M->104M(324M) 1.357ms
[827.637s][info][gc] GC(5091) Pause Young (Normal) (G1 Evacuation Pause) 280M->106M(324M) 1.323ms
[827.816s][info][gc] GC(5092) Pause Young (Normal) (G1 Evacuation Pause) 282M->107M(324M) 1.306ms
[827.985s][info][gc] GC(5093) Pause Young (Normal) (G1 Evacuation Pause) 283M->109M(324M) 1.341ms
[828.171s][info][gc] GC(5094) Pause Young (Normal) (G1 Evacuation Pause) 285M->111M(324M) 1.463ms
[828.348s][info][gc] GC(5095) Pause Young (Normal) (G1 Evacuation Pause) 283M->112M(324M) 1.414ms
[828.512s][info][gc] GC(5096) Pause Young (Normal) (G1 Evacuation Pause) 284M->114M(324M) 1.310ms
[828.681s][info][gc] GC(5097) Pause Young (Normal) (G1 Evacuation Pause) 282M->115M(324M) 1.351ms
[828.851s][info][gc] GC(5098) Pause Young (Normal) (G1 Evacuation Pause) 283M->116M(324M) 1.347ms
[829.015s][info][gc] GC(5099) Pause Young (Normal) (G1 Evacuation Pause) 284M->117M(324M) 1.299ms
[829.186s][info][gc] GC(5100) Pause Young (Normal) (G1 Evacuation Pause) 285M->119M(324M) 1.345ms
[829.344s][info][gc] GC(5101) Pause Young (Normal) (G1 Evacuation Pause) 283M->120M(324M) 1.353ms
[829.507s][info][gc] GC(5102) Pause Young (Normal) (G1 Evacuation Pause) 284M->122M(324M) 1.331ms
[829.666s][info][gc] GC(5103) Pause Young (Normal) (G1 Evacuation Pause) 286M->123M(324M) 1.295ms
[829.828s][info][gc] GC(5104) Pause Young (Concurrent Start) (G1 Evacuation Pause) 283M->124M(324M) 1.309ms
[829.828s][info][gc] GC(5105) Concurrent Mark Cycle
[829.836s][info][gc] GC(5105) Pause Remark 132M->104M(324M) 0.516ms
[829.841s][info][gc] GC(5105) Pause Cleanup 112M->112M(324M) 0.059ms
[829.841s][info][gc] GC(5105) Concurrent Mark Cycle 13.737ms
[829.978s][info][gc] GC(5106) Pause Young (Prepare Mixed) (G1 Evacuation Pause) 256M->98M(324M) 1.345ms
[830.155s][info][gc] GC(5107) Pause Young (Mixed) (G1 Evacuation Pause) 274M->84M(324M) 1.499ms
[830.390s][info][gc] GC(5108) Pause Young (Normal) (G1 Evacuation Pause) 260M->86M(324M) 1.395ms
[830.564s][info][gc] GC(5109) Pause Young (Normal) (G1 Evacuation Pause) 262M->88M(324M) 1.551ms
[830.740s][info][gc] GC(5110) Pause Young (Normal) (G1 Evacuation Pause) 264M->89M(324M) 1.388ms
[830.916s][info][gc] GC(5111) Pause Young (Normal) (G1 Evacuation Pause) 265M->90M(324M) 1.418ms
[831.085s][info][gc] GC(5112) Pause Young (Normal) (G1 Evacuation Pause) 266M->92M(324M) 1.432ms
[831.262s][info][gc] GC(5113) Pause Young (Normal) (G1 Evacuation Pause) 268M->93M(324M) 1.398ms
[831.439s][info][gc] GC(5114) Pause Young (Normal) (G1 Evacuation Pause) 269M->95M(324M) 1.425ms
[831.609s][info][gc] GC(5115) Pause Young (Normal) (G1 Evacuation Pause) 271M->97M(324M) 1.478ms
[831.791s][info][gc] GC(5116) Pause Young (Normal) (G1 Evacuation Pause) 273M->98M(324M) 1.544ms
[831.966s][info][gc] GC(5117) Pause Young (Normal) (G1 Evacuation Pause) 274M->100M(324M) 1.355ms
[832.133s][info][gc] GC(5118) Pause Young (Normal) (G1 Evacuation Pause) 276M->101M(324M) 1.432ms
[832.307s][info][gc] GC(5119) Pause Young (Normal) (G1 Evacuation Pause) 277M->103M(324M) 1.350ms
[832.486s][info][gc] GC(5120) Pause Young (Normal) (G1 Evacuation Pause) 279M->105M(324M) 1.454ms
[832.653s][info][gc] GC(5121) Pause Young (Normal) (G1 Evacuation Pause) 281M->105M(324M) 1.421ms
[832.828s][info][gc] GC(5122) Pause Young (Normal) (G1 Evacuation Pause) 281M->107M(324M) 1.373ms
[833.010s][info][gc] GC(5123) Pause Young (Normal) (G1 Evacuation Pause) 283M->109M(324M) 1.361ms
[833.177s][info][gc] GC(5124) Pause Young (Normal) (G1 Evacuation Pause) 285M->110M(324M) 1.378ms
[833.355s][info][gc] GC(5125) Pause Young (Normal) (G1 Evacuation Pause) 282M->111M(324M) 1.360ms
[833.530s][info][gc] GC(5126) Pause Young (Normal) (G1 Evacuation Pause) 283M->113M(324M) 1.492ms
[833.699s][info][gc] GC(5127) Pause Young (Normal) (G1 Evacuation Pause) 285M->115M(324M) 1.373ms
[833.870s][info][gc] GC(5128) Pause Young (Normal) (G1 Evacuation Pause) 283M->116M(324M) 1.329ms
[834.040s][info][gc] GC(5129) Pause Young (Normal) (G1 Evacuation Pause) 284M->117M(324M) 1.340ms
[834.199s][info][gc] GC(5130) Pause Young (Normal) (G1 Evacuation Pause) 281M->119M(324M) 1.469ms
[834.368s][info][gc] GC(5131) Pause Young (Normal) (G1 Evacuation Pause) 283M->119M(324M) 1.455ms
[834.528s][info][gc] GC(5132) Pause Young (Normal) (G1 Evacuation Pause) 283M->121M(324M) 1.332ms
[834.694s][info][gc] GC(5133) Pause Young (Normal) (G1 Evacuation Pause) 285M->122M(324M) 1.378ms
[834.852s][info][gc] GC(5134) Pause Young (Normal) (G1 Evacuation Pause) 282M->123M(324M) 1.460ms
[835.012s][info][gc] GC(5135) Pause Young (Normal) (G1 Evacuation Pause) 283M->126M(324M) 1.374ms
[835.164s][info][gc] GC(5136) Pause Young (Normal) (G1 Evacuation Pause) 286M->126M(324M) 1.323ms
[835.326s][info][gc] GC(5137) Pause Young (Concurrent Start) (G1 Evacuation Pause) 282M->127M(324M) 1.503ms
[835.326s][info][gc] GC(5138) Concurrent Mark Cycle
[835.336s][info][gc] GC(5138) Pause Remark 138M->106M(324M) 0.407ms
[835.342s][info][gc] GC(5138) Pause Cleanup 109M->109M(324M) 0.058ms
[835.342s][info][gc] GC(5138) Concurrent Mark Cycle 16.302ms
[835.480s][info][gc] GC(5139) Pause Young (Prepare Mixed) (G1 Evacuation Pause) 251M->97M(324M) 1.564ms
[835.724s][info][gc] GC(5140) Pause Young (Mixed) (G1 Evacuation Pause) 273M->89M(324M) 1.545ms
[835.904s][info][gc] GC(5141) Pause Young (Normal) (G1 Evacuation Pause) 265M->91M(324M) 1.471ms
[836.069s][info][gc] GC(5142) Pause Young (Normal) (G1 Evacuation Pause) 267M->91M(324M) 1.486ms
[836.251s][info][gc] GC(5143) Pause Young (Normal) (G1 Evacuation Pause) 267M->92M(324M) 1.871ms
[836.428s][info][gc] GC(5144) Pause Young (Normal) (G1 Evacuation Pause) 268M->94M(324M) 1.452ms
[836.593s][info][gc] GC(5145) Pause Young (Normal) (G1 Evacuation Pause) 270M->95M(324M) 1.424ms
[836.768s][info][gc] GC(5146) Pause Young (Normal) (G1 Evacuation Pause) 271M->97M(324M) 1.767ms
[836.945s][info][gc] GC(5147) Pause Young (Normal) (G1 Evacuation Pause) 273M->98M(324M) 1.541ms
[837.113s][info][gc] GC(5148) Pause Young (Normal) (G1 Evacuation Pause) 274M->100M(324M) 1.474ms
[837.288s][info][gc] GC(5149) Pause Young (Normal) (G1 Evacuation Pause) 276M->102M(324M) 1.273ms
[837.469s][info][gc] GC(5150) Pause Young (Normal) (G1 Evacuation Pause) 278M->103M(324M) 1.344ms
[837.636s][info][gc] GC(5151) Pause Young (Normal) (G1 Evacuation Pause) 279M->104M(324M) 1.454ms
[837.814s][info][gc] GC(5152) Pause Young (Normal) (G1 Evacuation Pause) 280M->105M(324M) 1.599ms
[837.990s][info][gc] GC(5153) Pause Young (Normal) (G1 Evacuation Pause) 281M->108M(324M) 1.457ms
[838.165s][info][gc] GC(5154) Pause Young (Normal) (G1 Evacuation Pause) 284M->109M(324M) 1.550ms
[838.343s][info][gc] GC(5155) Pause Young (Normal) (G1 Evacuation Pause) 285M->110M(324M) 1.332ms
[838.512s][info][gc] GC(5156) Pause Young (Normal) (G1 Evacuation Pause) 282M->112M(324M) 1.319ms
[838.678s][info][gc] GC(5157) Pause Young (Normal) (G1 Evacuation Pause) 284M->113M(324M) 1.356ms
[838.845s][info][gc] GC(5158) Pause Young (Normal) (G1 Evacuation Pause) 281M->115M(324M) 1.296ms
[839.015s][info][gc] GC(5159) Pause Young (Normal) (G1 Evacuation Pause) 283M->116M(324M) 1.396ms
[839.179s][info][gc] GC(5160) Pause Young (Normal) (G1 Evacuation Pause) 284M->117M(324M) 1.335ms
[839.349s][info][gc] GC(5161) Pause Young (Normal) (G1 Evacuation Pause) 285M->119M(324M) 1.407ms
[839.501s][info][gc] GC(5162) Pause Young (Normal) (G1 Evacuation Pause) 283M->119M(324M) 1.399ms
[839.668s][info][gc] GC(5163) Pause Young (Normal) (G1 Evacuation Pause) 283M->122M(324M) 1.352ms
[839.826s][info][gc] GC(5164) Pause Young (Normal) (G1 Evacuation Pause) 286M->123M(324M) 1.338ms
[839.985s][info][gc] GC(5165) Pause Young (Normal) (G1 Evacuation Pause) 283M->124M(324M) 1.343ms
[840.144s][info][gc] GC(5166) Pause Young (Normal) (G1 Evacuation Pause) 284M->125M(324M) 1.296ms
[840.308s][info][gc] GC(5167) Pause Young (Normal) (G1 Evacuation Pause) 285M->127M(324M) 1.333ms
[840.464s][info][gc] GC(5168) Pause Young (Concurrent Start) (G1 Evacuation Pause) 283M->128M(324M) 1.364ms
[840.464s][info][gc] GC(5169) Concurrent Mark Cycle
[840.474s][info][gc] GC(5169) Pause Remark 139M->103M(320M) 0.419ms
[840.480s][info][gc] GC(5169) Pause Cleanup 111M->111M(320M) 0.048ms
[840.480s][info][gc] GC(5169) Concurrent Mark Cycle 15.625ms
[840.621s][info][gc] GC(5170) Pause Young (Prepare Mixed) (G1 Evacuation Pause) 252M->94M(320M) 1.394ms
[840.800s][info][gc] GC(5171) Pause Young (Mixed) (G1 Evacuation Pause) 270M->84M(320M) 1.723ms
[841.027s][info][gc] GC(5172) Pause Young (Normal) (G1 Evacuation Pause) 260M->86M(320M) 1.437ms
[841.211s][info][gc] GC(5173) Pause Young (Normal) (G1 Evacuation Pause) 262M->88M(320M) 1.564ms
[841.386s][info][gc] GC(5174) Pause Young (Normal) (G1 Evacuation Pause) 264M->89M(320M) 1.411ms
[841.556s][info][gc] GC(5175) Pause Young (Normal) (G1 Evacuation Pause) 265M->90M(320M) 1.326ms
[841.732s][info][gc] GC(5176) Pause Young (Normal) (G1 Evacuation Pause) 266M->93M(320M) 1.441ms
[841.912s][info][gc] GC(5177) Pause Young (Normal) (G1 Evacuation Pause) 269M->93M(320M) 1.557ms
[842.090s][info][gc] GC(5178) Pause Young (Normal) (G1 Evacuation Pause) 269M->95M(320M) 1.477ms
[842.260s][info][gc] GC(5179) Pause Young (Normal) (G1 Evacuation Pause) 271M->96M(320M) 1.518ms
[842.440s][info][gc] GC(5180) Pause Young (Normal) (G1 Evacuation Pause) 272M->98M(320M) 1.491ms
[842.618s][info][gc] GC(5181) Pause Young (Normal) (G1 Evacuation Pause) 274M->101M(320M) 1.416ms
[842.790s][info][gc] GC(5182) Pause Young (Normal) (G1 Evacuation Pause) 277M->102M(320M) 1.354ms
[842.971s][info][gc] GC(5183) Pause Young (Normal) (G1 Evacuation Pause) 278M->103M(320M) 1.459ms
[843.148s][info][gc] GC(5184) Pause Young (Normal) (G1 Evacuation Pause) 279M->105M(320M) 1.458ms
[843.317s][info][gc] GC(5185) Pause Young (Normal) (G1 Evacuation Pause) 281M->106M(320M) 1.404ms
[843.496s][info][gc] GC(5186) Pause Young (Normal) (G1 Evacuation Pause) 282M->108M(320M) 1.311ms
[843.672s][info][gc] GC(5187) Pause Young (Normal) (G1 Evacuation Pause) 284M->109M(320M) 1.320ms
[843.837s][info][gc] GC(5188) Pause Young (Normal) (G1 Evacuation Pause) 281M->111M(320M) 1.250ms
[844.008s][info][gc] GC(5189) Pause Young (Normal) (G1 Evacuation Pause) 283M->112M(320M) 1.295ms
[844.180s][info][gc] GC(5190) Pause Young (Normal) (G1 Evacuation Pause) 280M->114M(320M) 1.465ms
[844.341s][info][gc] GC(5191) Pause Young (Normal) (G1 Evacuation Pause) 282M->114M(320M) 1.362ms
[844.507s][info][gc] GC(5192) Pause Young (Normal) (G1 Evacuation Pause) 282M->116M(320M) 1.311ms
[844.669s][info][gc] GC(5193) Pause Young (Normal) (G1 Evacuation Pause) 284M->117M(320M) 1.392ms
[844.835s][info][gc] GC(5194) Pause Young (Normal) (G1 Evacuation Pause) 281M->119M(320M) 1.365ms
[844.987s][info][gc] GC(5195) Pause Young (Normal) (G1 Evacuation Pause) 283M->120M(320M) 1.249ms
[845.158s][info][gc] GC(5196) Pause Young (Normal) (G1 Evacuation Pause) 284M->121M(320M) 1.391ms
[845.311s][info][gc] GC(5197) Pause Young (Concurrent Start) (G1 Evacuation Pause) 281M->122M(320M) 1.288ms
[845.311s][info][gc] GC(5198) Concurrent Mark Cycle
[845.319s][info][gc] GC(5198) Pause Remark 125M->90M(308M) 0.426ms
[845.325s][info][gc] GC(5198) Pause Cleanup 94M->94M(308M) 0.060ms
[845.325s][info][gc] GC(5198) Concurrent Mark Cycle 14.035ms
[845.470s][info][gc] GC(5199) Pause Young (Prepare Mixed) (G1 Evacuation Pause) 243M->90M(308M) 1.482ms
[845.640s][info][gc] GC(5200) Pause Young (Mixed) (G1 Evacuation Pause) 258M->78M(308M) 1.561ms
[845.804s][info][gc] GC(5201) Pause Young (Normal) (G1 Evacuation Pause) 246M->78M(308M) 1.399ms
[845.979s][info][gc] GC(5202) Pause Young (Normal) (G1 Evacuation Pause) 246M->81M(308M) 1.494ms
[846.141s][info][gc] GC(5203) Pause Young (Normal) (G1 Evacuation Pause) 249M->81M(308M) 1.350ms
[846.373s][info][gc] GC(5204) Pause Young (Normal) (G1 Evacuation Pause) 249M->85M(308M) 1.493ms
[846.529s][info][gc] GC(5205) Pause Young (Normal) (G1 Evacuation Pause) 253M->85M(308M) 1.486ms
[846.697s][info][gc] GC(5206) Pause Young (Normal) (G1 Evacuation Pause) 253M->86M(308M) 1.407ms
[846.867s][info][gc] GC(5207) Pause Young (Normal) (G1 Evacuation Pause) 254M->88M(308M) 1.524ms
[847.031s][info][gc] GC(5208) Pause Young (Normal) (G1 Evacuation Pause) 256M->91M(308M) 1.479ms
[847.202s][info][gc] GC(5209) Pause Young (Normal) (G1 Evacuation Pause) 259M->91M(308M) 1.587ms
[847.363s][info][gc] GC(5210) Pause Young (Normal) (G1 Evacuation Pause) 259M->92M(308M) 1.339ms
[847.537s][info][gc] GC(5211) Pause Young (Normal) (G1 Evacuation Pause) 260M->94M(308M) 1.403ms
[847.710s][info][gc] GC(5212) Pause Young (Normal) (G1 Evacuation Pause) 262M->95M(308M) 1.384ms
[847.873s][info][gc] GC(5213) Pause Young (Normal) (G1 Evacuation Pause) 263M->97M(308M) 1.296ms
[848.047s][info][gc] GC(5214) Pause Young (Normal) (G1 Evacuation Pause) 265M->99M(308M) 1.644ms
[848.206s][info][gc] GC(5215) Pause Young (Normal) (G1 Evacuation Pause) 267M->98M(308M) 1.391ms
[848.380s][info][gc] GC(5216) Pause Young (Normal) (G1 Evacuation Pause) 266M->101M(308M) 1.386ms
[848.547s][info][gc] GC(5217) Pause Young (Normal) (G1 Evacuation Pause) 265M->102M(308M) 1.416ms
[848.704s][info][gc] GC(5218) Pause Young (Normal) (G1 Evacuation Pause) 266M->104M(308M) 1.342ms
[848.868s][info][gc] GC(5219) Pause Young (Normal) (G1 Evacuation Pause) 264M->105M(308M) 1.473ms
[849.023s][info][gc] GC(5220) Pause Young (Normal) (G1 Evacuation Pause) 265M->106M(308M) 1.480ms
[849.186s][info][gc] GC(5221) Pause Young (Normal) (G1 Evacuation Pause) 266M->107M(308M) 1.509ms
[849.341s][info][gc] GC(5222) Pause Young (Normal) (G1 Evacuation Pause) 267M->109M(308M) 1.359ms
[849.505s][info][gc] GC(5223) Pause Young (Normal) (G1 Evacuation Pause) 265M->110M(308M) 1.506ms
[849.656s][info][gc] GC(5224) Pause Young (Normal) (G1 Evacuation Pause) 266M->112M(308M) 1.381ms
[849.822s][info][gc] GC(5225) Pause Young (Normal) (G1 Evacuation Pause) 268M->114M(308M) 1.374ms
[849.968s][info][gc] GC(5226) Pause Young (Normal) (G1 Evacuation Pause) 266M->114M(308M) 1.284ms
[850.119s][info][gc] GC(5227) Pause Young (Normal) (G1 Evacuation Pause) 266M->116M(308M) 1.314ms
[850.265s][info][gc] GC(5228) Pause Young (Concurrent Start) (G1 Evacuation Pause) 264M->117M(308M) 1.285ms
[850.265s][info][gc] GC(5229) Concurrent Mark Cycle
[850.273s][info][gc] GC(5229) Pause Remark 125M->86M(280M) 0.435ms
[850.278s][info][gc] GC(5229) Pause Cleanup 92M->92M(280M) 0.059ms
[850.279s][info][gc] GC(5229) Concurrent Mark Cycle 13.676ms
[850.413s][info][gc] GC(5230) Pause Young (Prepare Mixed) (G1 Evacuation Pause) 230M->79M(280M) 1.313ms
[850.568s][info][gc] GC(5231) Pause Young (Mixed) (G1 Evacuation Pause) 231M->73M(280M) 1.701ms
[850.728s][info][gc] GC(5232) Pause Young (Normal) (G1 Evacuation Pause) 225M->74M(280M) 1.336ms
[850.880s][info][gc] GC(5233) Pause Young (Normal) (G1 Evacuation Pause) 226M->77M(280M) 1.281ms
[851.024s][info][gc] GC(5234) Pause Young (Normal) (G1 Evacuation Pause) 229M->77M(280M) 1.402ms
[851.182s][info][gc] GC(5235) Pause Young (Normal) (G1 Evacuation Pause) 229M->79M(280M) 1.358ms
[851.325s][info][gc] GC(5236) Pause Young (Normal) (G1 Evacuation Pause) 231M->80M(280M) 1.344ms
[851.543s][info][gc] GC(5237) Pause Young (Normal) (G1 Evacuation Pause) 232M->81M(280M) 1.399ms
[851.697s][info][gc] GC(5238) Pause Young (Normal) (G1 Evacuation Pause) 233M->84M(280M) 1.474ms
[851.840s][info][gc] GC(5239) Pause Young (Normal) (G1 Evacuation Pause) 236M->84M(280M) 1.418ms
[851.998s][info][gc] GC(5240) Pause Young (Normal) (G1 Evacuation Pause) 236M->86M(280M) 1.445ms
[852.143s][info][gc] GC(5241) Pause Young (Normal) (G1 Evacuation Pause) 238M->87M(280M) 1.436ms
[852.297s][info][gc] GC(5242) Pause Young (Normal) (G1 Evacuation Pause) 239M->88M(280M) 1.474ms
[852.445s][info][gc] GC(5243) Pause Young (Normal) (G1 Evacuation Pause) 240M->89M(280M) 1.487ms
[852.605s][info][gc] GC(5244) Pause Young (Normal) (G1 Evacuation Pause) 241M->91M(280M) 1.439ms
[852.753s][info][gc] GC(5245) Pause Young (Normal) (G1 Evacuation Pause) 243M->92M(280M) 1.468ms
[852.907s][info][gc] GC(5246) Pause Young (Normal) (G1 Evacuation Pause) 240M->93M(280M) 1.597ms
[853.052s][info][gc] GC(5247) Pause Young (Normal) (G1 Evacuation Pause) 241M->95M(280M) 1.506ms
[853.197s][info][gc] GC(5248) Pause Young (Normal) (G1 Evacuation Pause) 243M->95M(280M) 1.576ms
[853.344s][info][gc] GC(5249) Pause Young (Normal) (G1 Evacuation Pause) 239M->97M(280M) 1.328ms
[853.492s][info][gc] GC(5250) Pause Young (Normal) (G1 Evacuation Pause) 249M->98M(280M) 1.252ms
[853.634s][info][gc] GC(5251) Pause Young (Normal) (G1 Evacuation Pause) 242M->99M(280M) 1.407ms
[853.785s][info][gc] GC(5252) Pause Young (Normal) (G1 Evacuation Pause) 247M->101M(280M) 1.382ms
[853.928s][info][gc] GC(5253) Pause Young (Normal) (G1 Evacuation Pause) 249M->101M(280M) 1.216ms
[854.073s][info][gc] GC(5254) Pause Young (Concurrent Start) (G1 Evacuation Pause) 245M->103M(280M) 1.271ms
[854.073s][info][gc] GC(5255) Concurrent Mark Cycle
[854.079s][info][gc] GC(5255) Pause Remark 110M->72M(228M) 0.416ms
[854.082s][info][gc] GC(5255) Pause Cleanup 76M->76M(228M) 0.060ms
[854.082s][info][gc] GC(5255) Concurrent Mark Cycle 9.069ms
[854.195s][info][gc] GC(5256) Pause Young (Prepare Mixed) (G1 Evacuation Pause) 190M->66M(276M) 1.259ms
[854.348s][info][gc] GC(5257) Pause Young (Mixed) (G1 Evacuation Pause) 218M->60M(276M) 1.296ms
[854.502s][info][gc] GC(5258) Pause Young (Normal) (G1 Evacuation Pause) 212M->61M(276M) 1.454ms
[854.643s][info][gc] GC(5259) Pause Young (Normal) (G1 Evacuation Pause) 209M->63M(276M) 1.357ms
[854.794s][info][gc] GC(5260) Pause Young (Normal) (G1 Evacuation Pause) 211M->64M(276M) 1.506ms
[854.939s][info][gc] GC(5261) Pause Young (Normal) (G1 Evacuation Pause) 212M->66M(276M) 1.325ms
[855.088s][info][gc] GC(5262) Pause Young (Normal) (G1 Evacuation Pause) 214M->67M(276M) 1.483ms
[855.235s][info][gc] GC(5263) Pause Young (Normal) (G1 Evacuation Pause) 215M->68M(276M) 1.350ms
[855.380s][info][gc] GC(5264) Pause Young (Normal) (G1 Evacuation Pause) 216M->69M(276M) 1.373ms
[855.523s][info][gc] GC(5265) Pause Young (Normal) (G1 Evacuation Pause) 217M->70M(276M) 1.314ms
[855.669s][info][gc] GC(5266) Pause Young (Normal) (G1 Evacuation Pause) 218M->71M(276M) 1.383ms
[855.821s][info][gc] GC(5267) Pause Young (Normal) (G1 Evacuation Pause) 219M->73M(276M) 1.349ms
[855.965s][info][gc] GC(5268) Pause Young (Normal) (G1 Evacuation Pause) 221M->74M(276M) 1.354ms
[856.110s][info][gc] GC(5269) Pause Young (Normal) (G1 Evacuation Pause) 222M->76M(276M) 1.389ms
[856.257s][info][gc] GC(5270) Pause Young (Normal) (G1 Evacuation Pause) 224M->77M(276M) 1.313ms
[856.414s][info][gc] GC(5271) Pause Young (Normal) (G1 Evacuation Pause) 225M->78M(276M) 1.305ms
[856.560s][info][gc] GC(5272) Pause Young (Normal) (G1 Evacuation Pause) 226M->79M(276M) 1.386ms
[856.713s][info][gc] GC(5273) Pause Young (Normal) (G1 Evacuation Pause) 227M->80M(276M) 1.528ms
[856.937s][info][gc] GC(5274) Pause Young (Normal) (G1 Evacuation Pause) 228M->82M(276M) 1.519ms
[857.090s][info][gc] GC(5275) Pause Young (Normal) (G1 Evacuation Pause) 230M->83M(276M) 1.426ms
[857.231s][info][gc] GC(5276) Pause Young (Normal) (G1 Evacuation Pause) 231M->84M(276M) 1.368ms
[857.377s][info][gc] GC(5277) Pause Young (Normal) (G1 Evacuation Pause) 232M->86M(276M) 1.405ms
[857.525s][info][gc] GC(5278) Pause Young (Normal) (G1 Evacuation Pause) 234M->87M(276M) 1.392ms
[857.674s][info][gc] GC(5279) Pause Young (Normal) (G1 Evacuation Pause) 235M->88M(276M) 1.419ms
[857.829s][info][gc] GC(5280) Pause Young (Normal) (G1 Evacuation Pause) 236M->90M(276M) 1.431ms
[857.972s][info][gc] GC(5281) Pause Young (Normal) (G1 Evacuation Pause) 238M->91M(276M) 1.891ms
[858.115s][info][gc] GC(5282) Pause Young (Normal) (G1 Evacuation Pause) 239M->92M(276M) 1.408ms
[858.265s][info][gc] GC(5283) Pause Young (Normal) (G1 Evacuation Pause) 236M->93M(276M) 1.732ms
[858.411s][info][gc] GC(5284) Pause Young (Normal) (G1 Evacuation Pause) 245M->94M(276M) 1.296ms
[858.557s][info][gc] GC(5285) Pause Young (Normal) (G1 Evacuation Pause) 238M->95M(276M) 1.264ms
[858.701s][info][gc] GC(5286) Pause Young (Normal) (G1 Evacuation Pause) 243M->97M(276M) 1.213ms
[858.846s][info][gc] GC(5287) Pause Young (Normal) (G1 Evacuation Pause) 245M->98M(276M) 1.216ms
[858.991s][info][gc] GC(5288) Pause Young (Normal) (G1 Evacuation Pause) 242M->99M(276M) 1.245ms
[859.133s][info][gc] GC(5289) Pause Young (Normal) (G1 Evacuation Pause) 243M->100M(276M) 1.287ms
[859.279s][info][gc] GC(5290) Pause Young (Normal) (G1 Evacuation Pause) 244M->101M(276M) 1.192ms
[859.416s][info][gc] GC(5291) Pause Young (Concurrent Start) (G1 Evacuation Pause) 241M->103M(276M) 1.262ms
[859.416s][info][gc] GC(5292) Concurrent Mark Cycle
[859.422s][info][gc] GC(5292) Pause Remark 110M->71M(228M) 0.406ms
[859.425s][info][gc] GC(5292) Pause Cleanup 73M->73M(228M) 0.053ms
[859.426s][info][gc] GC(5292) Concurrent Mark Cycle 9.378ms
[859.537s][info][gc] GC(5293) Pause Young (Prepare Mixed) (G1 Evacuation Pause) 189M->65M(228M) 1.254ms
[859.661s][info][gc] GC(5294) Pause Young (Mixed) (G1 Evacuation Pause) 189M->60M(228M) 1.241ms
[859.781s][info][gc] GC(5295) Pause Young (Normal) (G1 Evacuation Pause) 184M->60M(228M) 1.109ms
[859.909s][info][gc] GC(5296) Pause Young (Normal) (G1 Evacuation Pause) 184M->62M(228M) 1.156ms
[860.036s][info][gc] GC(5297) Pause Young (Normal) (G1 Evacuation Pause) 186M->62M(228M) 1.250ms
[860.161s][info][gc] GC(5298) Pause Young (Normal) (G1 Evacuation Pause) 186M->63M(228M) 1.204ms
[860.282s][info][gc] GC(5299) Pause Young (Normal) (G1 Evacuation Pause) 187M->65M(228M) 1.189ms
[860.403s][info][gc] GC(5300) Pause Young (Normal) (G1 Evacuation Pause) 189M->65M(228M) 1.253ms
[860.528s][info][gc] GC(5301) Pause Young (Normal) (G1 Evacuation Pause) 189M->67M(228M) 1.167ms
[860.650s][info][gc] GC(5302) Pause Young (Normal) (G1 Evacuation Pause) 191M->68M(228M) 1.271ms
[860.772s][info][gc] GC(5303) Pause Young (Normal) (G1 Evacuation Pause) 192M->69M(228M) 1.194ms
[860.884s][info][gc] GC(5304) Pause Young (Normal) (G1 Evacuation Pause) 189M->70M(228M) 1.308ms
[860.998s][info][gc] GC(5305) Pause Young (Normal) (G1 Evacuation Pause) 186M->70M(228M) 1.145ms
[861.123s][info][gc] GC(5306) Pause Young (Normal) (G1 Evacuation Pause) 194M->72M(228M) 1.202ms
[861.253s][info][gc] GC(5307) Pause Young (Normal) (G1 Evacuation Pause) 196M->73M(228M) 1.232ms
[861.369s][info][gc] GC(5308) Pause Young (Normal) (G1 Evacuation Pause) 193M->74M(228M) 1.196ms
[861.494s][info][gc] GC(5309) Pause Young (Normal) (G1 Evacuation Pause) 194M->75M(228M) 1.131ms
[861.613s][info][gc] GC(5310) Pause Young (Normal) (G1 Evacuation Pause) 195M->76M(228M) 1.420ms
[861.738s][info][gc] GC(5311) Pause Young (Normal) (G1 Evacuation Pause) 196M->77M(228M) 1.302ms
[861.851s][info][gc] GC(5312) Pause Young (Normal) (G1 Evacuation Pause) 193M->78M(228M) 1.309ms
[861.961s][info][gc] GC(5313) Pause Young (Normal) (G1 Evacuation Pause) 190M->78M(276M) 1.031ms
[862.185s][info][gc] GC(5314) Pause Young (Normal) (G1 Evacuation Pause) 230M->80M(276M) 1.192ms
[862.343s][info][gc] GC(5315) Pause Young (Normal) (G1 Evacuation Pause) 232M->82M(276M) 1.298ms
[862.483s][info][gc] GC(5316) Pause Young (Normal) (G1 Evacuation Pause) 230M->83M(276M) 1.341ms
[862.634s][info][gc] GC(5317) Pause Young (Normal) (G1 Evacuation Pause) 231M->85M(276M) 1.604ms
[862.778s][info][gc] GC(5318) Pause Young (Normal) (G1 Evacuation Pause) 233M->86M(276M) 1.455ms
[862.931s][info][gc] GC(5319) Pause Young (Normal) (G1 Evacuation Pause) 234M->87M(276M) 1.743ms
[863.074s][info][gc] GC(5320) Pause Young (Normal) (G1 Evacuation Pause) 235M->89M(276M) 1.446ms
[863.220s][info][gc] GC(5321) Pause Young (Normal) (G1 Evacuation Pause) 237M->89M(276M) 1.367ms
[863.378s][info][gc] GC(5322) Pause Young (Normal) (G1 Evacuation Pause) 237M->91M(276M) 1.416ms
[863.519s][info][gc] GC(5323) Pause Young (Normal) (G1 Evacuation Pause) 239M->92M(276M) 1.601ms
[863.669s][info][gc] GC(5324) Pause Young (Normal) (G1 Evacuation Pause) 236M->94M(276M) 1.456ms
[863.807s][info][gc] GC(5325) Pause Young (Normal) (G1 Evacuation Pause) 234M->95M(276M) 1.226ms
[863.948s][info][gc] GC(5326) Pause Young (Normal) (G1 Evacuation Pause) 243M->96M(276M) 1.194ms
[864.098s][info][gc] GC(5327) Pause Young (Normal) (G1 Evacuation Pause) 244M->97M(276M) 1.407ms
[864.237s][info][gc] GC(5328) Pause Young (Normal) (G1 Evacuation Pause) 241M->98M(276M) 1.301ms
[864.381s][info][gc] GC(5329) Pause Young (Normal) (G1 Evacuation Pause) 242M->98M(276M) 1.259ms
[864.523s][info][gc] GC(5330) Pause Young (Normal) (G1 Evacuation Pause) 242M->101M(276M) 1.294ms
[864.657s][info][gc] GC(5331) Pause Young (Normal) (G1 Evacuation Pause) 237M->101M(276M) 1.245ms
[864.798s][info][gc] GC(5332) Pause Young (Concurrent Start) (G1 Evacuation Pause) 241M->102M(276M) 1.176ms
[864.798s][info][gc] GC(5333) Concurrent Mark Cycle
[864.804s][info][gc] GC(5333) Pause Remark 109M->76M(240M) 0.404ms
[864.808s][info][gc] GC(5333) Pause Cleanup 78M->78M(240M) 0.049ms
[864.808s][info][gc] GC(5333) Concurrent Mark Cycle 9.493ms
[864.923s][info][gc] GC(5334) Pause Young (Prepare Mixed) (G1 Evacuation Pause) 201M->71M(240M) 1.281ms
[865.054s][info][gc] GC(5335) Pause Young (Mixed) (G1 Evacuation Pause) 203M->62M(240M) 1.580ms
[865.180s][info][gc] GC(5336) Pause Young (Normal) (G1 Evacuation Pause) 194M->62M(240M) 1.188ms
[865.315s][info][gc] GC(5337) Pause Young (Normal) (G1 Evacuation Pause) 194M->63M(240M) 1.302ms
[865.442s][info][gc] GC(5338) Pause Young (Normal) (G1 Evacuation Pause) 195M->65M(240M) 1.166ms
[865.569s][info][gc] GC(5339) Pause Young (Normal) (G1 Evacuation Pause) 193M->66M(240M) 1.248ms
[865.696s][info][gc] GC(5340) Pause Young (Normal) (G1 Evacuation Pause) 198M->67M(240M) 1.224ms
[865.818s][info][gc] GC(5341) Pause Young (Normal) (G1 Evacuation Pause) 199M->67M(240M) 1.332ms
[865.961s][info][gc] GC(5342) Pause Young (Normal) (G1 Evacuation Pause) 199M->69M(288M) 1.289ms
[866.106s][info][gc] GC(5343) Pause Young (Normal) (G1 Evacuation Pause) 225M->71M(288M) 1.290ms
[866.270s][info][gc] GC(5344) Pause Young (Normal) (G1 Evacuation Pause) 227M->72M(288M) 1.613ms
[866.418s][info][gc] GC(5345) Pause Young (Normal) (G1 Evacuation Pause) 228M->73M(288M) 1.516ms
[866.579s][info][gc] GC(5346) Pause Young (Normal) (G1 Evacuation Pause) 229M->74M(288M) 1.359ms
[866.730s][info][gc] GC(5347) Pause Young (Normal) (G1 Evacuation Pause) 230M->76M(288M) 1.378ms
[866.886s][info][gc] GC(5348) Pause Young (Normal) (G1 Evacuation Pause) 232M->77M(288M) 1.424ms
[867.037s][info][gc] GC(5349) Pause Young (Normal) (G1 Evacuation Pause) 233M->78M(288M) 1.372ms
[867.200s][info][gc] GC(5350) Pause Young (Normal) (G1 Evacuation Pause) 234M->80M(288M) 1.533ms
[867.359s][info][gc] GC(5351) Pause Young (Normal) (G1 Evacuation Pause) 236M->81M(288M) 1.539ms
[867.520s][info][gc] GC(5352) Pause Young (Normal) (G1 Evacuation Pause) 237M->89M(288M) 2.122ms
[867.577s][info][gc] GC(5353) Pause Young (Normal) (G1 Evacuation Pause) 237M->90M(288M) 1.961ms
[867.653s][info][gc] GC(5354) Pause Young (Normal) (G1 Evacuation Pause) 246M->91M(288M) 1.919ms
[867.712s][info][gc] GC(5355) Pause Young (Normal) (G1 Evacuation Pause) 247M->93M(348M) 1.924ms
[867.793s][info][gc] GC(5356) Pause Young (Normal) (G1 Evacuation Pause) 285M->93M(348M) 1.775ms
[867.869s][info][gc] GC(5357) Pause Young (Normal) (G1 Evacuation Pause) 285M->94M(348M) 1.702ms
[867.951s][info][gc] GC(5358) Pause Young (Normal) (G1 Evacuation Pause) 286M->97M(348M) 1.952ms
[868.024s][info][gc] GC(5359) Pause Young (Normal) (G1 Evacuation Pause) 285M->98M(420M) 1.839ms
[868.114s][info][gc] GC(5360) Pause Young (Normal) (G1 Evacuation Pause) 334M->100M(420M) 1.667ms
[868.208s][info][gc] GC(5361) Pause Young (Normal) (G1 Evacuation Pause) 332M->102M(420M) 1.690ms
[868.300s][info][gc] GC(5362) Pause Young (Normal) (G1 Evacuation Pause) 334M->103M(420M) 1.698ms
[868.392s][info][gc] GC(5363) Pause Young (Normal) (G1 Evacuation Pause) 335M->106M(504M) 1.835ms
[868.499s][info][gc] GC(5364) Pause Young (Normal) (G1 Evacuation Pause) 386M->108M(504M) 1.998ms
[868.605s][info][gc] GC(5365) Pause Young (Normal) (G1 Evacuation Pause) 384M->110M(504M) 1.867ms
[868.710s][info][gc] GC(5366) Pause Young (Normal) (G1 Evacuation Pause) 386M->112M(504M) 2.003ms
[868.817s][info][gc] GC(5367) Pause Young (Normal) (G1 Evacuation Pause) 388M->117M(608M) 2.247ms
[868.946s][info][gc] GC(5368) Pause Young (Normal) (G1 Evacuation Pause) 453M->116M(608M) 2.267ms
[869.075s][info][gc] GC(5369) Pause Young (Normal) (G1 Evacuation Pause) 452M->121M(608M) 2.534ms
[869.204s][info][gc] GC(5370) Pause Young (Normal) (G1 Evacuation Pause) 453M->123M(608M) 2.452ms
[869.330s][info][gc] GC(5371) Pause Young (Normal) (G1 Evacuation Pause) 455M->127M(608M) 2.280ms
[869.456s][info][gc] GC(5372) Pause Young (Normal) (G1 Evacuation Pause) 459M->129M(608M) 2.325ms
[869.580s][info][gc] GC(5373) Pause Young (Normal) (G1 Evacuation Pause) 461M->131M(608M) 2.162ms
[869.712s][info][gc] GC(5374) Pause Young (Normal) (G1 Evacuation Pause) 467M->135M(608M) 2.293ms
[869.841s][info][gc] GC(5375) Pause Young (Normal) (G1 Evacuation Pause) 467M->137M(608M) 2.271ms
[869.969s][info][gc] GC(5376) Pause Young (Normal) (G1 Evacuation Pause) 473M->141M(608M) 2.418ms
[870.098s][info][gc] GC(5377) Pause Young (Normal) (G1 Evacuation Pause) 477M->144M(608M) 2.337ms
[870.220s][info][gc] GC(5378) Pause Young (Normal) (G1 Evacuation Pause) 476M->146M(608M) 2.279ms
[870.350s][info][gc] GC(5379) Pause Young (Normal) (G1 Evacuation Pause) 482M->149M(608M) 2.420ms
[870.473s][info][gc] GC(5380) Pause Young (Normal) (G1 Evacuation Pause) 485M->152M(608M) 2.234ms
[870.599s][info][gc] GC(5381) Pause Young (Normal) (G1 Evacuation Pause) 484M->154M(608M) 2.276ms
[870.730s][info][gc] GC(5382) Pause Young (Normal) (G1 Evacuation Pause) 490M->157M(608M) 2.194ms
[870.857s][info][gc] GC(5383) Pause Young (Normal) (G1 Evacuation Pause) 493M->160M(608M) 2.246ms
[870.982s][info][gc] GC(5384) Pause Young (Normal) (G1 Evacuation Pause) 496M->163M(608M) 2.301ms
[871.109s][info][gc] GC(5385) Pause Young (Normal) (G1 Evacuation Pause) 499M->166M(608M) 2.180ms
[871.235s][info][gc] GC(5386) Pause Young (Normal) (G1 Evacuation Pause) 502M->169M(608M) 2.314ms
[871.363s][info][gc] GC(5387) Pause Young (Normal) (G1 Evacuation Pause) 505M->172M(608M) 2.176ms
[871.487s][info][gc] GC(5388) Pause Young (Normal) (G1 Evacuation Pause) 504M->173M(608M) 2.170ms
[871.616s][info][gc] GC(5389) Pause Young (Normal) (G1 Evacuation Pause) 509M->177M(608M) 2.443ms
[871.746s][info][gc] GC(5390) Pause Young (Normal) (G1 Evacuation Pause) 513M->180M(608M) 2.275ms
[871.874s][info][gc] GC(5391) Pause Young (Normal) (G1 Evacuation Pause) 516M->183M(608M) 2.280ms
[872.000s][info][gc] GC(5392) Pause Young (Normal) (G1 Evacuation Pause) 519M->187M(608M) 2.350ms
[872.123s][info][gc] GC(5393) Pause Young (Normal) (G1 Evacuation Pause) 519M->188M(608M) 2.269ms
[872.248s][info][gc] GC(5394) Pause Young (Normal) (G1 Evacuation Pause) 524M->192M(608M) 2.289ms
[872.368s][info][gc] GC(5395) Pause Young (Normal) (G1 Evacuation Pause) 524M->193M(608M) 2.294ms
[872.497s][info][gc] GC(5396) Pause Young (Normal) (G1 Evacuation Pause) 529M->197M(608M) 2.161ms
[872.624s][info][gc] GC(5397) Pause Young (Normal) (G1 Evacuation Pause) 529M->198M(608M) 2.291ms
[872.760s][info][gc] GC(5398) Pause Young (Normal) (G1 Evacuation Pause) 534M->201M(608M) 2.230ms
[872.889s][info][gc] GC(5399) Pause Young (Normal) (G1 Evacuation Pause) 537M->205M(608M) 2.392ms
[873.021s][info][gc] GC(5400) Pause Young (Normal) (G1 Evacuation Pause) 541M->208M(608M) 2.187ms
[873.148s][info][gc] GC(5401) Pause Young (Normal) (G1 Evacuation Pause) 532M->211M(608M) 2.234ms
[873.276s][info][gc] GC(5402) Pause Young (Normal) (G1 Evacuation Pause) 543M->213M(608M) 2.238ms
[873.400s][info][gc] GC(5403) Pause Young (Normal) (G1 Evacuation Pause) 541M->216M(608M) 2.339ms
[873.520s][info][gc] GC(5404) Pause Young (Normal) (G1 Evacuation Pause) 540M->218M(608M) 2.374ms
[873.714s][info][gc] GC(5405) Pause Young (Normal) (G1 Evacuation Pause) 546M->223M(608M) 2.249ms
[873.846s][info][gc] GC(5406) Pause Young (Normal) (G1 Evacuation Pause) 535M->227M(608M) 2.345ms
[873.979s][info][gc] GC(5407) Pause Young (Normal) (G1 Evacuation Pause) 543M->227M(608M) 2.201ms
[874.116s][info][gc] GC(5408) Pause Young (Normal) (G1 Evacuation Pause) 539M->231M(608M) 2.330ms
[874.247s][info][gc] GC(5409) Pause Young (Concurrent Start) (G1 Evacuation Pause) 539M->233M(608M) 2.249ms
[874.247s][info][gc] GC(5410) Concurrent Mark Cycle
[874.254s][info][gc] GC(5410) Pause Remark 248M->96M(296M) 0.464ms
[874.257s][info][gc] GC(5410) Pause Cleanup 101M->101M(296M) 0.042ms
[874.257s][info][gc] GC(5410) Concurrent Mark Cycle 10.025ms
[874.307s][info][gc] GC(5411) Pause Young (Prepare Mixed) (G1 Evacuation Pause) 229M->82M(296M) 1.948ms
[874.381s][info][gc] GC(5412) Pause Young (Mixed) (G1 Evacuation Pause) 242M->70M(296M) 1.491ms
[874.446s][info][gc] GC(5413) Pause Young (Normal) (G1 Evacuation Pause) 230M->71M(296M) 1.489ms
[874.511s][info][gc] GC(5414) Pause Young (Normal) (G1 Evacuation Pause) 231M->73M(356M) 1.453ms
[874.601s][info][gc] GC(5415) Pause Young (Normal) (G1 Evacuation Pause) 269M->74M(356M) 1.646ms
[874.686s][info][gc] GC(5416) Pause Young (Normal) (G1 Evacuation Pause) 270M->76M(356M) 1.678ms
[874.763s][info][gc] GC(5417) Pause Young (Normal) (G1 Evacuation Pause) 272M->77M(356M) 1.451ms
[874.846s][info][gc] GC(5418) Pause Young (Normal) (G1 Evacuation Pause) 273M->79M(428M) 1.524ms
[874.952s][info][gc] GC(5419) Pause Young (Normal) (G1 Evacuation Pause) 319M->81M(428M) 1.721ms
[875.054s][info][gc] GC(5420) Pause Young (Normal) (G1 Evacuation Pause) 317M->83M(428M) 1.658ms
[875.153s][info][gc] GC(5421) Pause Young (Normal) (G1 Evacuation Pause) 319M->85M(428M) 1.752ms
[875.252s][info][gc] GC(5422) Pause Young (Normal) (G1 Evacuation Pause) 321M->88M(516M) 1.867ms
[875.371s][info][gc] GC(5423) Pause Young (Normal) (G1 Evacuation Pause) 376M->90M(516M) 1.858ms
[875.494s][info][gc] GC(5424) Pause Young (Normal) (G1 Evacuation Pause) 374M->91M(516M) 1.846ms
[875.615s][info][gc] GC(5425) Pause Young (Normal) (G1 Evacuation Pause) 375M->93M(516M) 2.126ms
[875.734s][info][gc] GC(5426) Pause Young (Normal) (G1 Evacuation Pause) 377M->98M(516M) 2.128ms
[875.851s][info][gc] GC(5427) Pause Young (Normal) (G1 Evacuation Pause) 378M->99M(516M) 2.297ms
[875.968s][info][gc] GC(5428) Pause Young (Normal) (G1 Evacuation Pause) 379M->101M(620M) 2.046ms
[876.123s][info][gc] GC(5429) Pause Young (Normal) (G1 Evacuation Pause) 449M->104M(620M) 2.463ms
[876.261s][info][gc] GC(5430) Pause Young (Normal) (G1 Evacuation Pause) 448M->107M(620M) 2.157ms
[876.406s][info][gc] GC(5431) Pause Young (Normal) (G1 Evacuation Pause) 447M->108M(620M) 2.340ms
[876.554s][info][gc] GC(5432) Pause Young (Normal) (G1 Evacuation Pause) 452M->111M(620M) 2.298ms
[876.703s][info][gc] GC(5433) Pause Young (Normal) (G1 Evacuation Pause) 455M->117M(620M) 2.441ms
[876.845s][info][gc] GC(5434) Pause Young (Normal) (G1 Evacuation Pause) 457M->118M(620M) 2.432ms
[876.990s][info][gc] GC(5435) Pause Young (Normal) (G1 Evacuation Pause) 462M->119M(620M) 2.127ms
[877.140s][info][gc] GC(5436) Pause Young (Normal) (G1 Evacuation Pause) 463M->123M(620M) 2.315ms
[877.285s][info][gc] GC(5437) Pause Young (Normal) (G1 Evacuation Pause) 463M->124M(620M) 2.443ms
[877.425s][info][gc] GC(5438) Pause Young (Normal) (G1 Evacuation Pause) 468M->128M(620M) 2.189ms
[877.578s][info][gc] GC(5439) Pause Young (Normal) (G1 Evacuation Pause) 468M->132M(620M) 2.450ms
[877.740s][info][gc] GC(5440) Pause Young (Normal) (G1 Evacuation Pause) 472M->134M(620M) 3.195ms
[877.897s][info][gc] GC(5441) Pause Young (Normal) (G1 Evacuation Pause) 478M->138M(620M) 2.453ms
[878.056s][info][gc] GC(5442) Pause Young (Normal) (G1 Evacuation Pause) 482M->140M(620M) 2.498ms
[878.207s][info][gc] GC(5443) Pause Young (Normal) (G1 Evacuation Pause) 484M->145M(620M) 2.486ms
[878.359s][info][gc] GC(5444) Pause Young (Normal) (G1 Evacuation Pause) 485M->145M(620M) 2.567ms
[878.505s][info][gc] GC(5445) Pause Young (Normal) (G1 Evacuation Pause) 489M->148M(620M) 2.190ms
[878.651s][info][gc] GC(5446) Pause Young (Normal) (G1 Evacuation Pause) 492M->152M(620M) 2.396ms
[878.798s][info][gc] GC(5447) Pause Young (Normal) (G1 Evacuation Pause) 496M->154M(620M) 2.483ms
[878.939s][info][gc] GC(5448) Pause Young (Normal) (G1 Evacuation Pause) 494M->157M(620M) 2.272ms
[879.087s][info][gc] GC(5449) Pause Young (Normal) (G1 Evacuation Pause) 501M->160M(620M) 2.168ms
[879.231s][info][gc] GC(5450) Pause Young (Normal) (G1 Evacuation Pause) 500M->162M(620M) 2.342ms
[879.430s][info][gc] GC(5451) Pause Young (Normal) (G1 Evacuation Pause) 506M->167M(620M) 2.731ms
[879.598s][info][gc] GC(5452) Pause Young (Normal) (G1 Evacuation Pause) 507M->170M(620M) 2.266ms
[879.747s][info][gc] GC(5453) Pause Young (Normal) (G1 Evacuation Pause) 510M->173M(620M) 2.420ms
[879.886s][info][gc] GC(5454) Pause Young (Normal) (G1 Evacuation Pause) 513M->177M(620M) 2.525ms
[880.027s][info][gc] GC(5455) Pause Young (Normal) (G1 Evacuation Pause) 517M->179M(620M) 2.348ms
[880.171s][info][gc] GC(5456) Pause Young (Normal) (G1 Evacuation Pause) 519M->181M(620M) 2.500ms
[880.320s][info][gc] GC(5457) Pause Young (Normal) (G1 Evacuation Pause) 521M->185M(620M) 2.449ms
[880.459s][info][gc] GC(5458) Pause Young (Normal) (G1 Evacuation Pause) 525M->187M(620M) 2.451ms
[880.608s][info][gc] GC(5459) Pause Young (Normal) (G1 Evacuation Pause) 531M->190M(620M) 2.480ms
[880.759s][info][gc] GC(5460) Pause Young (Normal) (G1 Evacuation Pause) 534M->194M(620M) 2.385ms
[880.907s][info][gc] GC(5461) Pause Young (Normal) (G1 Evacuation Pause) 538M->197M(620M) 2.178ms
[881.053s][info][gc] GC(5462) Pause Young (Normal) (G1 Evacuation Pause) 541M->199M(620M) 2.191ms
[881.198s][info][gc] GC(5463) Pause Young (Normal) (G1 Evacuation Pause) 543M->201M(620M) 2.176ms
[881.343s][info][gc] GC(5464) Pause Young (Normal) (G1 Evacuation Pause) 541M->206M(620M) 2.390ms
[881.486s][info][gc] GC(5465) Pause Young (Normal) (G1 Evacuation Pause) 546M->207M(620M) 2.348ms
[881.631s][info][gc] GC(5466) Pause Young (Normal) (G1 Evacuation Pause) 551M->210M(620M) 2.236ms
[881.778s][info][gc] GC(5467) Pause Young (Normal) (G1 Evacuation Pause) 546M->213M(620M) 2.392ms
[881.918s][info][gc] GC(5468) Pause Young (Normal) (G1 Evacuation Pause) 553M->216M(620M) 2.173ms
[882.059s][info][gc] GC(5469) Pause Young (Normal) (G1 Evacuation Pause) 552M->219M(620M) 2.157ms
[882.203s][info][gc] GC(5470) Pause Young (Normal) (G1 Evacuation Pause) 551M->222M(620M) 2.212ms
[882.348s][info][gc] GC(5471) Pause Young (Normal) (G1 Evacuation Pause) 554M->224M(620M) 2.298ms
[882.481s][info][gc] GC(5472) Pause Young (Normal) (G1 Evacuation Pause) 552M->227M(620M) 2.124ms
[882.622s][info][gc] GC(5473) Pause Young (Normal) (G1 Evacuation Pause) 551M->231M(620M) 2.306ms
[882.762s][info][gc] GC(5474) Pause Young (Concurrent Start) (G1 Evacuation Pause) 551M->234M(620M) 2.433ms
[882.762s][info][gc] GC(5475) Concurrent Mark Cycle
[882.786s][info][gc] GC(5475) Pause Remark 276M->272M(620M) 0.473ms
[882.805s][info][gc] GC(5475) Pause Cleanup 305M->305M(620M) 0.058ms
[882.806s][info][gc] GC(5475) Concurrent Mark Cycle 43.919ms
[882.912s][info][gc] GC(5476) Pause Young (Prepare Mixed) (G1 Evacuation Pause) 550M->232M(620M) 2.144ms
[883.048s][info][gc] GC(5477) Pause Young (Mixed) (G1 Evacuation Pause) 552M->180M(620M) 3.196ms
[883.202s][info][gc] GC(5478) Pause Young (Mixed) (G1 Evacuation Pause) 524M->159M(620M) 2.569ms
[883.349s][info][gc] GC(5479) Pause Young (Normal) (G1 Evacuation Pause) 499M->163M(620M) 2.431ms
[883.497s][info][gc] GC(5480) Pause Young (Normal) (G1 Evacuation Pause) 503M->164M(620M) 2.284ms
[883.646s][info][gc] GC(5481) Pause Young (Normal) (G1 Evacuation Pause) 508M->168M(620M) 2.409ms
[883.790s][info][gc] GC(5482) Pause Young (Normal) (G1 Evacuation Pause) 508M->171M(620M) 2.612ms
[883.935s][info][gc] GC(5483) Pause Young (Normal) (G1 Evacuation Pause) 511M->175M(620M) 2.379ms
[884.080s][info][gc] GC(5484) Pause Young (Normal) (G1 Evacuation Pause) 519M->177M(620M) 2.212ms
[884.228s][info][gc] GC(5485) Pause Young (Normal) (G1 Evacuation Pause) 521M->179M(620M) 2.334ms
[884.377s][info][gc] GC(5486) Pause Young (Normal) (G1 Evacuation Pause) 523M->182M(620M) 2.331ms
[884.519s][info][gc] GC(5487) Pause Young (Normal) (G1 Evacuation Pause) 522M->184M(620M) 2.456ms
[884.664s][info][gc] GC(5488) Pause Young (Normal) (G1 Evacuation Pause) 528M->187M(620M) 2.248ms
[884.811s][info][gc] GC(5489) Pause Young (Normal) (G1 Evacuation Pause) 531M->191M(620M) 2.288ms
[884.955s][info][gc] GC(5490) Pause Young (Normal) (G1 Evacuation Pause) 535M->193M(620M) 2.243ms
[885.175s][info][gc] GC(5491) Pause Young (Normal) (G1 Evacuation Pause) 533M->197M(620M) 2.795ms
[885.385s][info][gc] GC(5492) Pause Young (Normal) (G1 Evacuation Pause) 541M->202M(620M) 2.393ms
[885.556s][info][gc] GC(5493) Pause Young (Normal) (G1 Evacuation Pause) 542M->202M(620M) 2.602ms
[885.737s][info][gc] GC(5494) Pause Young (Normal) (G1 Evacuation Pause) 546M->205M(620M) 2.413ms
[885.919s][info][gc] GC(5495) Pause Young (Normal) (G1 Evacuation Pause) 549M->208M(620M) 2.442ms
[886.094s][info][gc] GC(5496) Pause Young (Normal) (G1 Evacuation Pause) 552M->212M(620M) 2.474ms
[886.271s][info][gc] GC(5497) Pause Young (Normal) (G1 Evacuation Pause) 548M->216M(620M) 2.589ms
[886.439s][info][gc] GC(5498) Pause Young (Normal) (G1 Evacuation Pause) 548M->218M(620M) 2.482ms
[886.606s][info][gc] GC(5499) Pause Young (Normal) (G1 Evacuation Pause) 546M->221M(620M) 2.484ms
[886.786s][info][gc] GC(5500) Pause Young (Normal) (G1 Evacuation Pause) 553M->225M(620M) 2.189ms
[886.947s][info][gc] GC(5501) Pause Young (Normal) (G1 Evacuation Pause) 549M->226M(620M) 2.190ms
[887.114s][info][gc] GC(5502) Pause Young (Normal) (G1 Evacuation Pause) 546M->229M(620M) 2.222ms
[887.276s][info][gc] GC(5503) Pause Young (Normal) (G1 Evacuation Pause) 553M->230M(620M) 2.094ms
[887.441s][info][gc] GC(5504) Pause Young (Normal) (G1 Evacuation Pause) 550M->234M(620M) 2.231ms
[887.599s][info][gc] GC(5505) Pause Young (Concurrent Start) (G1 Evacuation Pause) 550M->237M(620M) 2.128ms
[887.599s][info][gc] GC(5506) Concurrent Mark Cycle
[887.609s][info][gc] GC(5506) Pause Remark 258M->130M(376M) 0.483ms
[887.615s][info][gc] GC(5506) Pause Cleanup 137M->137M(376M) 0.049ms
[887.615s][info][gc] GC(5506) Concurrent Mark Cycle 16.305ms
[887.703s][info][gc] GC(5507) Pause Young (Prepare Mixed) (G1 Evacuation Pause) 305M->110M(376M) 1.824ms
[887.807s][info][gc] GC(5508) Pause Young (Mixed) (G1 Evacuation Pause) 318M->93M(376M) 1.491ms
[887.913s][info][gc] GC(5509) Pause Young (Normal) (G1 Evacuation Pause) 297M->95M(376M) 1.843ms
[888.020s][info][gc] GC(5510) Pause Young (Normal) (G1 Evacuation Pause) 299M->96M(376M) 1.654ms
[888.126s][info][gc] GC(5511) Pause Young (Normal) (G1 Evacuation Pause) 304M->98M(452M) 1.541ms
[888.261s][info][gc] GC(5512) Pause Young (Normal) (G1 Evacuation Pause) 350M->100M(452M) 1.635ms
[888.387s][info][gc] GC(5513) Pause Young (Normal) (G1 Evacuation Pause) 348M->102M(452M) 1.577ms
[888.524s][info][gc] GC(5514) Pause Young (Normal) (G1 Evacuation Pause) 350M->105M(452M) 1.912ms
[888.652s][info][gc] GC(5515) Pause Young (Normal) (G1 Evacuation Pause) 349M->107M(452M) 1.943ms
[888.782s][info][gc] GC(5516) Pause Young (Normal) (G1 Evacuation Pause) 351M->109M(452M) 2.211ms
[888.913s][info][gc] GC(5517) Pause Young (Normal) (G1 Evacuation Pause) 353M->111M(452M) 2.041ms
[889.037s][info][gc] GC(5518) Pause Young (Normal) (G1 Evacuation Pause) 355M->112M(452M) 1.763ms
[889.161s][info][gc] GC(5519) Pause Young (Normal) (G1 Evacuation Pause) 356M->115M(452M) 2.007ms
[889.282s][info][gc] GC(5520) Pause Young (Normal) (G1 Evacuation Pause) 359M->115M(452M) 1.697ms
[889.414s][info][gc] GC(5521) Pause Young (Normal) (G1 Evacuation Pause) 363M->118M(452M) 1.741ms
[889.536s][info][gc] GC(5522) Pause Young (Normal) (G1 Evacuation Pause) 362M->120M(452M) 1.862ms
[889.665s][info][gc] GC(5523) Pause Young (Normal) (G1 Evacuation Pause) 364M->123M(452M) 2.121ms
[889.791s][info][gc] GC(5524) Pause Young (Normal) (G1 Evacuation Pause) 367M->126M(544M) 1.872ms
[889.952s][info][gc] GC(5525) Pause Young (Normal) (G1 Evacuation Pause) 426M->128M(544M) 2.113ms
[890.099s][info][gc] GC(5526) Pause Young (Normal) (G1 Evacuation Pause) 424M->129M(544M) 2.075ms
[890.252s][info][gc] GC(5527) Pause Young (Normal) (G1 Evacuation Pause) 429M->132M(544M) 2.047ms
[890.405s][info][gc] GC(5528) Pause Young (Normal) (G1 Evacuation Pause) 428M->135M(544M) 2.069ms
[890.558s][info][gc] GC(5529) Pause Young (Normal) (G1 Evacuation Pause) 431M->135M(544M) 2.108ms
[890.820s][info][gc] GC(5530) Pause Young (Normal) (G1 Evacuation Pause) 431M->140M(544M) 2.205ms
[891.023s][info][gc] GC(5531) Pause Young (Normal) (G1 Evacuation Pause) 436M->144M(544M) 2.337ms
[891.224s][info][gc] GC(5532) Pause Young (Normal) (G1 Evacuation Pause) 440M->145M(544M) 2.357ms
[891.418s][info][gc] GC(5533) Pause Young (Normal) (G1 Evacuation Pause) 441M->147M(544M) 2.133ms
[891.607s][info][gc] GC(5534) Pause Young (Normal) (G1 Evacuation Pause) 443M->149M(544M) 2.137ms
[891.811s][info][gc] GC(5535) Pause Young (Normal) (G1 Evacuation Pause) 445M->152M(544M) 2.406ms
[892.015s][info][gc] GC(5536) Pause Young (Normal) (G1 Evacuation Pause) 448M->156M(544M) 2.232ms
[892.213s][info][gc] GC(5537) Pause Young (Normal) (G1 Evacuation Pause) 452M->159M(544M) 2.129ms
[892.410s][info][gc] GC(5538) Pause Young (Normal) (G1 Evacuation Pause) 455M->160M(544M) 2.413ms
[892.612s][info][gc] GC(5539) Pause Young (Normal) (G1 Evacuation Pause) 456M->163M(544M) 2.090ms
[892.813s][info][gc] GC(5540) Pause Young (Normal) (G1 Evacuation Pause) 459M->164M(544M) 1.977ms
[893.019s][info][gc] GC(5541) Pause Young (Normal) (G1 Evacuation Pause) 464M->168M(544M) 2.149ms
[893.212s][info][gc] GC(5542) Pause Young (Normal) (G1 Evacuation Pause) 464M->170M(544M) 2.125ms
[893.412s][info][gc] GC(5543) Pause Young (Normal) (G1 Evacuation Pause) 466M->173M(544M) 1.950ms
[893.609s][info][gc] GC(5544) Pause Young (Normal) (G1 Evacuation Pause) 469M->175M(544M) 2.074ms
[893.806s][info][gc] GC(5545) Pause Young (Normal) (G1 Evacuation Pause) 471M->177M(544M) 2.137ms
[894.010s][info][gc] GC(5546) Pause Young (Normal) (G1 Evacuation Pause) 477M->181M(544M) 2.186ms
[894.270s][info][gc] GC(5547) Pause Young (Normal) (G1 Evacuation Pause) 477M->180M(544M) 1.781ms
[894.525s][info][gc] GC(5548) Pause Young (Normal) (G1 Evacuation Pause) 480M->187M(544M) 2.225ms
[894.718s][info][gc] GC(5549) Pause Young (Normal) (G1 Evacuation Pause) 475M->189M(544M) 2.207ms
[894.920s][info][gc] GC(5550) Pause Young (Normal) (G1 Evacuation Pause) 477M->191M(544M) 1.988ms
[895.113s][info][gc] GC(5551) Pause Young (Normal) (G1 Evacuation Pause) 487M->195M(544M) 2.071ms
[895.306s][info][gc] GC(5552) Pause Young (Normal) (G1 Evacuation Pause) 479M->196M(544M) 2.182ms
[895.496s][info][gc] GC(5553) Pause Young (Normal) (G1 Evacuation Pause) 484M->197M(544M) 2.095ms
[895.685s][info][gc] GC(5554) Pause Young (Normal) (G1 Evacuation Pause) 485M->199M(544M) 2.026ms
[895.880s][info][gc] GC(5555) Pause Young (Normal) (G1 Evacuation Pause) 483M->202M(544M) 2.016ms
[896.072s][info][gc] GC(5556) Pause Young (Normal) (G1 Evacuation Pause) 482M->205M(544M) 2.009ms
[896.260s][info][gc] GC(5557) Pause Young (Normal) (G1 Evacuation Pause) 485M->207M(544M) 1.834ms
[896.445s][info][gc] GC(5558) Pause Young (Normal) (G1 Evacuation Pause) 487M->209M(544M) 1.993ms
[896.632s][info][gc] GC(5559) Pause Young (Concurrent Start) (G1 Evacuation Pause) 485M->212M(544M) 1.949ms
[896.632s][info][gc] GC(5560) Concurrent Mark Cycle
[896.639s][info][gc] GC(5560) Pause Remark 228M->108M(320M) 0.487ms
[896.642s][info][gc] GC(5560) Pause Cleanup 112M->112M(320M) 0.045ms
[896.642s][info][gc] GC(5560) Concurrent Mark Cycle 10.245ms
[896.742s][info][gc] GC(5561) Pause Young (Prepare Mixed) (G1 Evacuation Pause) 260M->94M(320M) 1.942ms
[896.862s][info][gc] GC(5562) Pause Young (Mixed) (G1 Evacuation Pause) 270M->76M(320M) 1.417ms
[896.988s][info][gc] GC(5563) Pause Young (Normal) (G1 Evacuation Pause) 256M->77M(320M) 1.246ms
[897.107s][info][gc] GC(5564) Pause Young (Normal) (G1 Evacuation Pause) 253M->80M(320M) 1.317ms
[897.225s][info][gc] GC(5565) Pause Young (Normal) (G1 Evacuation Pause) 256M->80M(384M) 1.424ms
[897.367s][info][gc] GC(5566) Pause Young (Normal) (G1 Evacuation Pause) 292M->82M(384M) 1.523ms
[897.511s][info][gc] GC(5567) Pause Young (Normal) (G1 Evacuation Pause) 294M->84M(384M) 1.475ms
[897.657s][info][gc] GC(5568) Pause Young (Normal) (G1 Evacuation Pause) 292M->87M(384M) 1.544ms
[897.793s][info][gc] GC(5569) Pause Young (Normal) (G1 Evacuation Pause) 291M->88M(384M) 1.766ms
[898.062s][info][gc] GC(5570) Pause Young (Normal) (G1 Evacuation Pause) 296M->90M(384M) 1.635ms
[898.200s][info][gc] GC(5571) Pause Young (Normal) (G1 Evacuation Pause) 298M->92M(384M) 1.649ms
[898.350s][info][gc] GC(5572) Pause Young (Normal) (G1 Evacuation Pause) 300M->95M(384M) 1.630ms
[898.481s][info][gc] GC(5573) Pause Young (Normal) (G1 Evacuation Pause) 303M->96M(384M) 1.692ms
[898.622s][info][gc] GC(5574) Pause Young (Normal) (G1 Evacuation Pause) 304M->98M(384M) 1.704ms
[898.765s][info][gc] GC(5575) Pause Young (Normal) (G1 Evacuation Pause) 306M->98M(384M) 1.775ms
[898.905s][info][gc] GC(5576) Pause Young (Normal) (G1 Evacuation Pause) 306M->101M(384M) 1.901ms
[899.046s][info][gc] GC(5577) Pause Young (Normal) (G1 Evacuation Pause) 309M->103M(384M) 2.104ms
[899.184s][info][gc] GC(5578) Pause Young (Normal) (G1 Evacuation Pause) 311M->103M(384M) 1.730ms
[899.336s][info][gc] GC(5579) Pause Young (Normal) (G1 Evacuation Pause) 315M->107M(384M) 1.684ms
[899.477s][info][gc] GC(5580) Pause Young (Normal) (G1 Evacuation Pause) 315M->108M(384M) 1.861ms
[899.611s][info][gc] GC(5581) Pause Young (Normal) (G1 Evacuation Pause) 316M->110M(384M) 1.583ms
[899.757s][info][gc] GC(5582) Pause Young (Normal) (G1 Evacuation Pause) 318M->112M(384M) 1.538ms
[899.895s][info][gc] GC(5583) Pause Young (Normal) (G1 Evacuation Pause) 320M->113M(384M) 1.561ms
[900.033s][info][gc] GC(5584) Pause Young (Normal) (G1 Evacuation Pause) 321M->114M(384M) 1.552ms
[900.179s][info][gc] GC(5585) Pause Young (Normal) (G1 Evacuation Pause) 322M->116M(384M) 1.587ms
[900.316s][info][gc] GC(5586) Pause Young (Normal) (G1 Evacuation Pause) 324M->118M(384M) 1.593ms
[900.452s][info][gc] GC(5587) Pause Young (Normal) (G1 Evacuation Pause) 326M->120M(384M) 1.554ms
[900.599s][info][gc] GC(5588) Pause Young (Normal) (G1 Evacuation Pause) 328M->121M(384M) 1.574ms
[900.742s][info][gc] GC(5589) Pause Young (Normal) (G1 Evacuation Pause) 329M->124M(384M) 1.634ms
[900.875s][info][gc] GC(5590) Pause Young (Normal) (G1 Evacuation Pause) 332M->124M(384M) 1.665ms
[901.016s][info][gc] GC(5591) Pause Young (Normal) (G1 Evacuation Pause) 332M->127M(384M) 1.570ms
[901.159s][info][gc] GC(5592) Pause Young (Normal) (G1 Evacuation Pause) 335M->128M(384M) 1.723ms
[901.295s][info][gc] GC(5593) Pause Young (Normal) (G1 Evacuation Pause) 336M->130M(384M) 1.589ms
[901.433s][info][gc] GC(5594) Pause Young (Normal) (G1 Evacuation Pause) 334M->131M(384M) 1.597ms
[901.590s][info][gc] GC(5595) Pause Young (Normal) (G1 Evacuation Pause) 335M->132M(384M) 1.351ms
[901.815s][info][gc] GC(5596) Pause Young (Normal) (G1 Evacuation Pause) 340M->137M(384M) 1.574ms
[901.942s][info][gc] GC(5597) Pause Young (Normal) (G1 Evacuation Pause) 337M->138M(384M) 1.761ms
[902.077s][info][gc] GC(5598) Pause Young (Normal) (G1 Evacuation Pause) 342M->139M(384M) 1.696ms
[902.206s][info][gc] GC(5599) Pause Young (Normal) (G1 Evacuation Pause) 335M->140M(384M) 1.546ms
[902.346s][info][gc] GC(5600) Pause Young (Normal) (G1 Evacuation Pause) 336M->142M(384M) 1.602ms
[902.476s][info][gc] GC(5601) Pause Young (Normal) (G1 Evacuation Pause) 334M->143M(384M) 1.734ms
[902.608s][info][gc] GC(5602) Pause Young (Normal) (G1 Evacuation Pause) 335M->146M(384M) 1.786ms
[902.734s][info][gc] GC(5603) Pause Young (Concurrent Start) (G1 Evacuation Pause) 334M->147M(384M) 1.604ms
[902.734s][info][gc] GC(5604) Concurrent Mark Cycle
[902.739s][info][gc] GC(5604) Pause Remark 159M->95M(296M) 0.442ms
[902.741s][info][gc] GC(5604) Pause Cleanup 98M->98M(296M) 0.047ms
[902.742s][info][gc] GC(5604) Concurrent Mark Cycle 7.326ms
[902.842s][info][gc] GC(5605) Pause Young (Prepare Mixed) (G1 Evacuation Pause) 239M->84M(356M) 1.758ms
[902.977s][info][gc] GC(5606) Pause Young (Mixed) (G1 Evacuation Pause) 280M->60M(356M) 1.646ms
[903.119s][info][gc] GC(5607) Pause Young (Normal) (G1 Evacuation Pause) 256M->62M(356M) 1.673ms
[903.250s][info][gc] GC(5608) Pause Young (Normal) (G1 Evacuation Pause) 254M->63M(356M) 1.561ms
[903.379s][info][gc] GC(5609) Pause Young (Normal) (G1 Evacuation Pause) 259M->65M(356M) 1.409ms
[903.506s][info][gc] GC(5610) Pause Young (Normal) (G1 Evacuation Pause) 261M->66M(356M) 1.388ms
[903.647s][info][gc] GC(5611) Pause Young (Normal) (G1 Evacuation Pause) 262M->69M(356M) 1.522ms
[903.773s][info][gc] GC(5612) Pause Young (Normal) (G1 Evacuation Pause) 261M->70M(356M) 1.671ms
[903.903s][info][gc] GC(5613) Pause Young (Normal) (G1 Evacuation Pause) 262M->72M(356M) 1.504ms
[904.029s][info][gc] GC(5614) Pause Young (Normal) (G1 Evacuation Pause) 264M->74M(356M) 1.566ms
[904.170s][info][gc] GC(5615) Pause Young (Normal) (G1 Evacuation Pause) 270M->75M(428M) 1.581ms
[904.325s][info][gc] GC(5616) Pause Young (Normal) (G1 Evacuation Pause) 311M->77M(428M) 1.896ms
[904.487s][info][gc] GC(5617) Pause Young (Normal) (G1 Evacuation Pause) 313M->79M(428M) 1.626ms
[904.644s][info][gc] GC(5618) Pause Young (Normal) (G1 Evacuation Pause) 315M->81M(428M) 1.667ms
[904.807s][info][gc] GC(5619) Pause Young (Normal) (G1 Evacuation Pause) 317M->82M(428M) 1.687ms
[904.962s][info][gc] GC(5620) Pause Young (Normal) (G1 Evacuation Pause) 318M->84M(428M) 1.626ms
[905.126s][info][gc] GC(5621) Pause Young (Normal) (G1 Evacuation Pause) 320M->87M(428M) 1.822ms
[905.402s][info][gc] GC(5622) Pause Young (Normal) (G1 Evacuation Pause) 323M->90M(428M) 1.760ms
[905.558s][info][gc] GC(5623) Pause Young (Normal) (G1 Evacuation Pause) 326M->91M(428M) 1.733ms
[905.719s][info][gc] GC(5624) Pause Young (Normal) (G1 Evacuation Pause) 327M->93M(428M) 1.739ms
[905.876s][info][gc] GC(5625) Pause Young (Normal) (G1 Evacuation Pause) 329M->95M(428M) 1.944ms
[906.039s][info][gc] GC(5626) Pause Young (Normal) (G1 Evacuation Pause) 331M->99M(428M) 1.869ms
[906.193s][info][gc] GC(5627) Pause Young (Normal) (G1 Evacuation Pause) 331M->100M(428M) 2.050ms
[906.357s][info][gc] GC(5628) Pause Young (Normal) (G1 Evacuation Pause) 336M->101M(428M) 1.898ms
[906.510s][info][gc] GC(5629) Pause Young (Normal) (G1 Evacuation Pause) 337M->103M(428M) 1.804ms
[906.674s][info][gc] GC(5630) Pause Young (Normal) (G1 Evacuation Pause) 339M->107M(428M) 1.797ms
[906.824s][info][gc] GC(5631) Pause Young (Normal) (G1 Evacuation Pause) 343M->108M(428M) 1.664ms
[906.987s][info][gc] GC(5632) Pause Young (Normal) (G1 Evacuation Pause) 344M->109M(428M) 1.639ms
[907.147s][info][gc] GC(5633) Pause Young (Normal) (G1 Evacuation Pause) 345M->111M(428M) 2.135ms
[907.307s][info][gc] GC(5634) Pause Young (Normal) (G1 Evacuation Pause) 347M->113M(428M) 1.613ms
[907.463s][info][gc] GC(5635) Pause Young (Normal) (G1 Evacuation Pause) 349M->116M(428M) 1.686ms
[907.627s][info][gc] GC(5636) Pause Young (Normal) (G1 Evacuation Pause) 352M->117M(428M) 1.746ms
[907.789s][info][gc] GC(5637) Pause Young (Normal) (G1 Evacuation Pause) 353M->119M(428M) 1.882ms
[907.954s][info][gc] GC(5638) Pause Young (Normal) (G1 Evacuation Pause) 355M->121M(428M) 1.915ms
[908.114s][info][gc] GC(5639) Pause Young (Normal) (G1 Evacuation Pause) 357M->123M(428M) 1.888ms
[908.277s][info][gc] GC(5640) Pause Young (Normal) (G1 Evacuation Pause) 359M->125M(428M) 1.608ms
[908.439s][info][gc] GC(5641) Pause Young (Normal) (G1 Evacuation Pause) 361M->127M(428M) 1.722ms
[908.604s][info][gc] GC(5642) Pause Young (Normal) (G1 Evacuation Pause) 363M->129M(428M) 1.814ms
[908.760s][info][gc] GC(5643) Pause Young (Normal) (G1 Evacuation Pause) 365M->131M(428M) 1.696ms
[908.955s][info][gc] GC(5644) Pause Young (Normal) (G1 Evacuation Pause) 367M->132M(428M) 1.500ms
[909.194s][info][gc] GC(5645) Pause Young (Normal) (G1 Evacuation Pause) 368M->134M(428M) 1.693ms
[909.358s][info][gc] GC(5646) Pause Young (Normal) (G1 Evacuation Pause) 370M->137M(428M) 1.947ms
[909.527s][info][gc] GC(5647) Pause Young (Normal) (G1 Evacuation Pause) 373M->140M(428M) 1.958ms
[909.687s][info][gc] GC(5648) Pause Young (Normal) (G1 Evacuation Pause) 376M->141M(428M) 1.847ms
[909.853s][info][gc] GC(5649) Pause Young (Normal) (G1 Evacuation Pause) 377M->143M(428M) 1.804ms
[910.017s][info][gc] GC(5650) Pause Young (Normal) (G1 Evacuation Pause) 379M->145M(428M) 2.077ms
[910.184s][info][gc] GC(5651) Pause Young (Normal) (G1 Evacuation Pause) 381M->147M(428M) 1.861ms
[910.342s][info][gc] GC(5652) Pause Young (Normal) (G1 Evacuation Pause) 379M->150M(428M) 1.952ms
[910.504s][info][gc] GC(5653) Pause Young (Normal) (G1 Evacuation Pause) 382M->153M(428M) 1.805ms
[910.660s][info][gc] GC(5654) Pause Young (Normal) (G1 Evacuation Pause) 381M->154M(428M) 1.715ms
[910.822s][info][gc] GC(5655) Pause Young (Normal) (G1 Evacuation Pause) 378M->155M(428M) 1.772ms
[910.975s][info][gc] GC(5656) Pause Young (Normal) (G1 Evacuation Pause) 379M->157M(428M) 1.905ms
[911.119s][info][gc] GC(5657) Pause Young (Normal) (G1 Evacuation Pause) 377M->158M(428M) 1.500ms
[911.271s][info][gc] GC(5658) Pause Young (Normal) (G1 Evacuation Pause) 378M->161M(428M) 1.694ms
[911.418s][info][gc] GC(5659) Pause Young (Normal) (G1 Evacuation Pause) 381M->162M(428M) 1.676ms
[911.563s][info][gc] GC(5660) Pause Young (Concurrent Start) (G1 Evacuation Pause) 378M->164M(428M) 1.504ms
[911.563s][info][gc] GC(5661) Concurrent Mark Cycle
[911.571s][info][gc] GC(5661) Pause Remark 175M->96M(296M) 0.464ms
[911.574s][info][gc] GC(5661) Pause Cleanup 98M->98M(296M) 0.053ms
[911.575s][info][gc] GC(5661) Concurrent Mark Cycle 11.242ms
[911.670s][info][gc] GC(5662) Pause Young (Prepare Mixed) (G1 Evacuation Pause) 241M->87M(296M) 1.731ms
[911.779s][info][gc] GC(5663) Pause Young (Mixed) (G1 Evacuation Pause) 247M->77M(296M) 1.472ms
[911.890s][info][gc] GC(5664) Pause Young (Normal) (G1 Evacuation Pause) 237M->78M(296M) 1.472ms
[911.994s][info][gc] GC(5665) Pause Young (Normal) (G1 Evacuation Pause) 238M->79M(356M) 1.369ms
[912.126s][info][gc] GC(5666) Pause Young (Normal) (G1 Evacuation Pause) 275M->81M(356M) 1.383ms
[912.254s][info][gc] GC(5667) Pause Young (Normal) (G1 Evacuation Pause) 277M->83M(356M) 1.545ms
[912.384s][info][gc] GC(5668) Pause Young (Normal) (G1 Evacuation Pause) 275M->85M(356M) 1.545ms
[912.516s][info][gc] GC(5669) Pause Young (Normal) (G1 Evacuation Pause) 277M->85M(356M) 1.515ms
[912.690s][info][gc] GC(5670) Pause Young (Normal) (G1 Evacuation Pause) 281M->86M(356M) 1.570ms
[912.899s][info][gc] GC(5671) Pause Young (Normal) (G1 Evacuation Pause) 282M->91M(356M) 1.603ms
[913.026s][info][gc] GC(5672) Pause Young (Normal) (G1 Evacuation Pause) 283M->92M(356M) 1.713ms
[913.156s][info][gc] GC(5673) Pause Young (Normal) (G1 Evacuation Pause) 284M->94M(356M) 1.670ms
[913.284s][info][gc] GC(5674) Pause Young (Normal) (G1 Evacuation Pause) 286M->94M(356M) 1.578ms
[913.415s][info][gc] GC(5675) Pause Young (Normal) (G1 Evacuation Pause) 290M->96M(428M) 1.564ms
[913.585s][info][gc] GC(5676) Pause Young (Normal) (G1 Evacuation Pause) 336M->99M(428M) 1.861ms
[913.741s][info][gc] GC(5677) Pause Young (Normal) (G1 Evacuation Pause) 335M->101M(428M) 1.715ms
[913.907s][info][gc] GC(5678) Pause Young (Normal) (G1 Evacuation Pause) 337M->103M(428M) 1.715ms
[914.056s][info][gc] GC(5679) Pause Young (Normal) (G1 Evacuation Pause) 339M->104M(428M) 1.822ms
[914.222s][info][gc] GC(5680) Pause Young (Normal) (G1 Evacuation Pause) 340M->106M(428M) 1.842ms
[914.377s][info][gc] GC(5681) Pause Young (Normal) (G1 Evacuation Pause) 342M->107M(428M) 1.561ms
[914.542s][info][gc] GC(5682) Pause Young (Normal) (G1 Evacuation Pause) 343M->110M(428M) 1.714ms
[914.703s][info][gc] GC(5683) Pause Young (Normal) (G1 Evacuation Pause) 346M->112M(428M) 1.599ms
[914.863s][info][gc] GC(5684) Pause Young (Normal) (G1 Evacuation Pause) 348M->114M(428M) 1.633ms
[915.019s][info][gc] GC(5685) Pause Young (Normal) (G1 Evacuation Pause) 350M->115M(428M) 1.683ms
[915.183s][info][gc] GC(5686) Pause Young (Normal) (G1 Evacuation Pause) 351M->118M(428M) 1.637ms
[915.337s][info][gc] GC(5687) Pause Young (Normal) (G1 Evacuation Pause) 350M->120M(428M) 1.756ms
[915.502s][info][gc] GC(5688) Pause Young (Normal) (G1 Evacuation Pause) 356M->123M(428M) 1.754ms
[915.652s][info][gc] GC(5689) Pause Young (Normal) (G1 Evacuation Pause) 355M->124M(428M) 1.737ms
[915.815s][info][gc] GC(5690) Pause Young (Normal) (G1 Evacuation Pause) 360M->126M(428M) 1.605ms
[915.970s][info][gc] GC(5691) Pause Young (Normal) (G1 Evacuation Pause) 362M->129M(428M) 1.612ms
[916.134s][info][gc] GC(5692) Pause Young (Normal) (G1 Evacuation Pause) 365M->131M(428M) 1.661ms
[916.285s][info][gc] GC(5693) Pause Young (Normal) (G1 Evacuation Pause) 367M->132M(428M) 1.594ms
[916.559s][info][gc] GC(5694) Pause Young (Normal) (G1 Evacuation Pause) 368M->135M(428M) 1.818ms
[916.735s][info][gc] GC(5695) Pause Young (Normal) (G1 Evacuation Pause) 371M->137M(428M) 2.412ms
[916.903s][info][gc] GC(5696) Pause Young (Normal) (G1 Evacuation Pause) 373M->138M(428M) 1.855ms
[917.071s][info][gc] GC(5697) Pause Young (Normal) (G1 Evacuation Pause) 374M->141M(428M) 1.951ms
[917.227s][info][gc] GC(5698) Pause Young (Normal) (G1 Evacuation Pause) 377M->143M(428M) 1.744ms
[917.391s][info][gc] GC(5699) Pause Young (Normal) (G1 Evacuation Pause) 379M->145M(428M) 1.785ms
[917.545s][info][gc] GC(5700) Pause Young (Normal) (G1 Evacuation Pause) 381M->147M(428M) 1.781ms
[917.706s][info][gc] GC(5701) Pause Young (Normal) (G1 Evacuation Pause) 379M->150M(428M) 1.824ms
[917.858s][info][gc] GC(5702) Pause Young (Normal) (G1 Evacuation Pause) 374M->150M(428M) 1.788ms
[918.017s][info][gc] GC(5703) Pause Young (Normal) (G1 Evacuation Pause) 378M->152M(428M) 1.704ms
[918.167s][info][gc] GC(5704) Pause Young (Normal) (G1 Evacuation Pause) 376M->154M(428M) 1.731ms
[918.324s][info][gc] GC(5705) Pause Young (Normal) (G1 Evacuation Pause) 378M->156M(428M) 1.695ms
[918.473s][info][gc] GC(5706) Pause Young (Normal) (G1 Evacuation Pause) 376M->159M(428M) 1.684ms
[918.617s][info][gc] GC(5707) Pause Young (Normal) (G1 Evacuation Pause) 379M->160M(428M) 1.692ms
[918.766s][info][gc] GC(5708) Pause Young (Concurrent Start) (G1 Evacuation Pause) 376M->162M(428M) 1.673ms
[918.766s][info][gc] GC(5709) Concurrent Mark Cycle
[918.775s][info][gc] GC(5709) Pause Remark 173M->99M(308M) 0.453ms
[918.778s][info][gc] GC(5709) Pause Cleanup 103M->103M(308M) 0.061ms
[918.778s][info][gc] GC(5709) Concurrent Mark Cycle 11.988ms
[918.877s][info][gc] GC(5710) Pause Young (Prepare Mixed) (G1 Evacuation Pause) 252M->90M(308M) 1.585ms
[918.990s][info][gc] GC(5711) Pause Young (Mixed) (G1 Evacuation Pause) 258M->77M(308M) 1.422ms
[919.107s][info][gc] GC(5712) Pause Young (Normal) (G1 Evacuation Pause) 245M->78M(308M) 1.557ms
[919.221s][info][gc] GC(5713) Pause Young (Normal) (G1 Evacuation Pause) 246M->80M(372M) 1.494ms
[919.352s][info][gc] GC(5714) Pause Young (Normal) (G1 Evacuation Pause) 284M->81M(372M) 1.472ms
[919.494s][info][gc] GC(5715) Pause Young (Normal) (G1 Evacuation Pause) 285M->82M(372M) 1.460ms
[919.634s][info][gc] GC(5716) Pause Young (Normal) (G1 Evacuation Pause) 282M->85M(372M) 1.582ms
[919.762s][info][gc] GC(5717) Pause Young (Normal) (G1 Evacuation Pause) 285M->87M(372M) 1.558ms
[919.893s][info][gc] GC(5718) Pause Young (Normal) (G1 Evacuation Pause) 291M->88M(372M) 1.490ms
[920.064s][info][gc] GC(5719) Pause Young (Normal) (G1 Evacuation Pause) 288M->88M(372M) 1.377ms
[920.292s][info][gc] GC(5720) Pause Young (Normal) (G1 Evacuation Pause) 292M->91M(372M) 1.652ms
[920.441s][info][gc] GC(5721) Pause Young (Normal) (G1 Evacuation Pause) 291M->94M(372M) 1.762ms
[920.574s][info][gc] GC(5722) Pause Young (Normal) (G1 Evacuation Pause) 294M->95M(372M) 1.685ms
[920.710s][info][gc] GC(5723) Pause Young (Normal) (G1 Evacuation Pause) 295M->97M(372M) 1.602ms
[920.856s][info][gc] GC(5724) Pause Young (Normal) (G1 Evacuation Pause) 297M->97M(372M) 2.636ms
[920.999s][info][gc] GC(5725) Pause Young (Normal) (G1 Evacuation Pause) 301M->101M(372M) 1.864ms
[921.135s][info][gc] GC(5726) Pause Young (Normal) (G1 Evacuation Pause) 301M->102M(372M) 1.666ms
[921.272s][info][gc] GC(5727) Pause Young (Normal) (G1 Evacuation Pause) 306M->104M(372M) 1.748ms
[921.415s][info][gc] GC(5728) Pause Young (Normal) (G1 Evacuation Pause) 308M->106M(372M) 1.512ms
[921.547s][info][gc] GC(5729) Pause Young (Normal) (G1 Evacuation Pause) 306M->107M(372M) 1.529ms
[921.682s][info][gc] GC(5730) Pause Young (Normal) (G1 Evacuation Pause) 307M->108M(372M) 1.540ms
[921.815s][info][gc] GC(5731) Pause Young (Normal) (G1 Evacuation Pause) 312M->108M(372M) 1.419ms
[921.965s][info][gc] GC(5732) Pause Young (Normal) (G1 Evacuation Pause) 312M->113M(372M) 1.753ms
[922.104s][info][gc] GC(5733) Pause Young (Normal) (G1 Evacuation Pause) 313M->114M(372M) 1.610ms
[922.238s][info][gc] GC(5734) Pause Young (Normal) (G1 Evacuation Pause) 314M->115M(372M) 1.697ms
[922.381s][info][gc] GC(5735) Pause Young (Normal) (G1 Evacuation Pause) 319M->117M(372M) 1.493ms
[922.515s][info][gc] GC(5736) Pause Young (Normal) (G1 Evacuation Pause) 321M->119M(372M) 1.531ms
[922.649s][info][gc] GC(5737) Pause Young (Normal) (G1 Evacuation Pause) 319M->120M(372M) 1.533ms
[922.786s][info][gc] GC(5738) Pause Young (Normal) (G1 Evacuation Pause) 324M->122M(372M) 1.507ms
[922.923s][info][gc] GC(5739) Pause Young (Normal) (G1 Evacuation Pause) 322M->123M(372M) 1.702ms
[923.058s][info][gc] GC(5740) Pause Young (Normal) (G1 Evacuation Pause) 327M->126M(372M) 1.718ms
[923.195s][info][gc] GC(5741) Pause Young (Normal) (G1 Evacuation Pause) 322M->127M(372M) 1.492ms
[923.333s][info][gc] GC(5742) Pause Young (Normal) (G1 Evacuation Pause) 331M->128M(372M) 1.451ms
[923.478s][info][gc] GC(5743) Pause Young (Normal) (G1 Evacuation Pause) 328M->130M(372M) 1.512ms
[923.607s][info][gc] GC(5744) Pause Young (Normal) (G1 Evacuation Pause) 322M->131M(372M) 1.600ms
[923.742s][info][gc] GC(5745) Pause Young (Normal) (G1 Evacuation Pause) 327M->133M(372M) 1.516ms
[923.973s][info][gc] GC(5746) Pause Young (Normal) (G1 Evacuation Pause) 329M->136M(372M) 1.503ms
[924.098s][info][gc] GC(5747) Pause Young (Normal) (G1 Evacuation Pause) 324M->137M(372M) 1.498ms
[924.230s][info][gc] GC(5748) Pause Young (Normal) (G1 Evacuation Pause) 329M->139M(372M) 1.461ms
[924.360s][info][gc] GC(5749) Pause Young (Normal) (G1 Evacuation Pause) 331M->141M(372M) 1.618ms
[924.479s][info][gc] GC(5750) Pause Young (Normal) (G1 Evacuation Pause) 321M->143M(372M) 1.596ms
[924.605s][info][gc] GC(5751) Pause Young (Normal) (G1 Evacuation Pause) 323M->144M(372M) 1.612ms
[924.725s][info][gc] GC(5752) Pause Young (Concurrent Start) (G1 Evacuation Pause) 320M->145M(372M) 1.630ms
[924.725s][info][gc] GC(5753) Concurrent Mark Cycle
[924.730s][info][gc] GC(5753) Pause Remark 156M->92M(280M) 0.493ms
[924.732s][info][gc] GC(5753) Pause Cleanup 94M->94M(280M) 0.043ms
[924.733s][info][gc] GC(5753) Concurrent Mark Cycle 7.972ms
[924.828s][info][gc] GC(5754) Pause Young (Prepare Mixed) (G1 Evacuation Pause) 233M->83M(280M) 1.558ms
[924.931s][info][gc] GC(5755) Pause Young (Mixed) (G1 Evacuation Pause) 235M->58M(336M) 1.659ms
[925.062s][info][gc] GC(5756) Pause Young (Normal) (G1 Evacuation Pause) 242M->61M(336M) 1.661ms
[925.181s][info][gc] GC(5757) Pause Young (Normal) (G1 Evacuation Pause) 241M->62M(336M) 1.444ms
[925.313s][info][gc] GC(5758) Pause Young (Normal) (G1 Evacuation Pause) 246M->64M(336M) 1.465ms
[925.430s][info][gc] GC(5759) Pause Young (Normal) (G1 Evacuation Pause) 244M->65M(336M) 1.531ms
[925.555s][info][gc] GC(5760) Pause Young (Normal) (G1 Evacuation Pause) 249M->66M(404M) 1.533ms
[925.698s][info][gc] GC(5761) Pause Young (Normal) (G1 Evacuation Pause) 286M->68M(404M) 1.697ms
[925.848s][info][gc] GC(5762) Pause Young (Normal) (G1 Evacuation Pause) 288M->70M(404M) 1.597ms
[925.994s][info][gc] GC(5763) Pause Young (Normal) (G1 Evacuation Pause) 290M->72M(404M) 1.717ms
[926.133s][info][gc] GC(5764) Pause Young (Normal) (G1 Evacuation Pause) 292M->73M(404M) 1.765ms
[926.284s][info][gc] GC(5765) Pause Young (Normal) (G1 Evacuation Pause) 293M->76M(404M) 1.753ms
[926.436s][info][gc] GC(5766) Pause Young (Normal) (G1 Evacuation Pause) 296M->77M(404M) 1.779ms
[926.591s][info][gc] GC(5767) Pause Young (Normal) (G1 Evacuation Pause) 297M->79M(404M) 1.787ms
[926.735s][info][gc] GC(5768) Pause Young (Normal) (G1 Evacuation Pause) 299M->80M(404M) 1.661ms
[926.877s][info][gc] GC(5769) Pause Young (Normal) (G1 Evacuation Pause) 300M->82M(404M) 1.744ms
[927.036s][info][gc] GC(5770) Pause Young (Normal) (G1 Evacuation Pause) 302M->83M(404M) 2.184ms
[927.184s][info][gc] GC(5771) Pause Young (Normal) (G1 Evacuation Pause) 303M->87M(404M) 1.832ms
[927.341s][info][gc] GC(5772) Pause Young (Normal) (G1 Evacuation Pause) 307M->89M(404M) 1.726ms
[927.602s][info][gc] GC(5773) Pause Young (Normal) (G1 Evacuation Pause) 309M->92M(404M) 1.875ms
[927.691s][info][gc] GC(5774) Pause Young (Normal) (G1 Evacuation Pause) 308M->101M(404M) 2.504ms
[927.753s][info][gc] GC(5775) Pause Young (Normal) (G1 Evacuation Pause) 313M->100M(404M) 2.548ms
[927.840s][info][gc] GC(5776) Pause Young (Normal) (G1 Evacuation Pause) 320M->104M(404M) 2.030ms
[927.912s][info][gc] GC(5777) Pause Young (Normal) (G1 Evacuation Pause) 320M->103M(404M) 2.000ms
[927.996s][info][gc] GC(5778) Pause Young (Normal) (G1 Evacuation Pause) 331M->106M(492M) 1.690ms
[928.091s][info][gc] GC(5779) Pause Young (Normal) (G1 Evacuation Pause) 382M->109M(492M) 2.116ms
[928.177s][info][gc] GC(5780) Pause Young (Normal) (G1 Evacuation Pause) 381M->110M(492M) 1.824ms
[928.278s][info][gc] GC(5781) Pause Young (Normal) (G1 Evacuation Pause) 382M->114M(492M) 1.975ms
[928.365s][info][gc] GC(5782) Pause Young (Normal) (G1 Evacuation Pause) 382M->115M(592M) 1.957ms
[928.473s][info][gc] GC(5783) Pause Young (Normal) (G1 Evacuation Pause) 443M->118M(592M) 2.120ms
[928.583s][info][gc] GC(5784) Pause Young (Normal) (G1 Evacuation Pause) 442M->121M(592M) 2.260ms
[928.702s][info][gc] GC(5785) Pause Young (Normal) (G1 Evacuation Pause) 445M->125M(592M) 2.443ms
[928.815s][info][gc] GC(5786) Pause Young (Normal) (G1 Evacuation Pause) 449M->125M(592M) 2.386ms
[928.926s][info][gc] GC(5787) Pause Young (Normal) (G1 Evacuation Pause) 449M->129M(712M) 2.616ms
[929.070s][info][gc] GC(5788) Pause Young (Normal) (G1 Evacuation Pause) 525M->131M(712M) 2.720ms
[929.224s][info][gc] GC(5789) Pause Young (Normal) (G1 Evacuation Pause) 523M->136M(712M) 2.761ms
[929.364s][info][gc] GC(5790) Pause Young (Normal) (G1 Evacuation Pause) 524M->140M(712M) 2.743ms
[929.503s][info][gc] GC(5791) Pause Young (Normal) (G1 Evacuation Pause) 528M->141M(712M) 2.992ms
[929.640s][info][gc] GC(5792) Pause Young (Normal) (G1 Evacuation Pause) 529M->146M(712M) 2.811ms
[929.777s][info][gc] GC(5793) Pause Young (Normal) (G1 Evacuation Pause) 534M->149M(712M) 2.788ms
[929.908s][info][gc] GC(5794) Pause Young (Normal) (G1 Evacuation Pause) 537M->152M(712M) 2.805ms
[930.028s][info][gc] GC(5795) Pause Young (Normal) (G1 Evacuation Pause) 540M->156M(712M) 2.539ms
[930.151s][info][gc] GC(5796) Pause Young (Normal) (G1 Evacuation Pause) 544M->159M(712M) 2.560ms
[930.276s][info][gc] GC(5797) Pause Young (Normal) (G1 Evacuation Pause) 547M->164M(712M) 2.711ms
[930.400s][info][gc] GC(5798) Pause Young (Normal) (G1 Evacuation Pause) 552M->166M(712M) 2.666ms
[930.525s][info][gc] GC(5799) Pause Young (Normal) (G1 Evacuation Pause) 554M->170M(712M) 2.580ms
[930.655s][info][gc] GC(5800) Pause Young (Normal) (G1 Evacuation Pause) 558M->174M(712M) 2.711ms
[930.782s][info][gc] GC(5801) Pause Young (Normal) (G1 Evacuation Pause) 562M->178M(712M) 2.724ms
[930.908s][info][gc] GC(5802) Pause Young (Normal) (G1 Evacuation Pause) 566M->178M(712M) 2.873ms
[931.035s][info][gc] GC(5803) Pause Young (Normal) (G1 Evacuation Pause) 570M->181M(712M) 2.673ms
[931.161s][info][gc] GC(5804) Pause Young (Normal) (G1 Evacuation Pause) 573M->186M(712M) 2.774ms
[931.292s][info][gc] GC(5805) Pause Young (Normal) (G1 Evacuation Pause) 574M->188M(712M) 2.696ms
[931.414s][info][gc] GC(5806) Pause Young (Normal) (G1 Evacuation Pause) 576M->192M(712M) 2.734ms
[931.544s][info][gc] GC(5807) Pause Young (Normal) (G1 Evacuation Pause) 580M->195M(712M) 2.560ms
[931.678s][info][gc] GC(5808) Pause Young (Normal) (G1 Evacuation Pause) 583M->198M(712M) 2.685ms
[931.812s][info][gc] GC(5809) Pause Young (Normal) (G1 Evacuation Pause) 586M->202M(712M) 2.738ms
[931.933s][info][gc] GC(5810) Pause Young (Normal) (G1 Evacuation Pause) 590M->206M(712M) 2.549ms
[932.061s][info][gc] GC(5811) Pause Young (Normal) (G1 Evacuation Pause) 594M->210M(712M) 2.739ms
[932.184s][info][gc] GC(5812) Pause Young (Normal) (G1 Evacuation Pause) 598M->211M(712M) 2.743ms
[932.309s][info][gc] GC(5813) Pause Young (Normal) (G1 Evacuation Pause) 599M->215M(712M) 2.788ms
[932.433s][info][gc] GC(5814) Pause Young (Normal) (G1 Evacuation Pause) 603M->217M(712M) 2.564ms
[932.568s][info][gc] GC(5815) Pause Young (Normal) (G1 Evacuation Pause) 609M->221M(712M) 2.984ms
[932.703s][info][gc] GC(5816) Pause Young (Normal) (G1 Evacuation Pause) 609M->223M(712M) 2.745ms
[932.834s][info][gc] GC(5817) Pause Young (Normal) (G1 Evacuation Pause) 615M->227M(712M) 2.895ms
[932.964s][info][gc] GC(5818) Pause Young (Normal) (G1 Evacuation Pause) 615M->231M(712M) 2.598ms
[933.096s][info][gc] GC(5819) Pause Young (Normal) (G1 Evacuation Pause) 619M->233M(712M) 2.866ms
[933.231s][info][gc] GC(5820) Pause Young (Normal) (G1 Evacuation Pause) 625M->237M(712M) 2.568ms
[933.363s][info][gc] GC(5821) Pause Young (Normal) (G1 Evacuation Pause) 629M->241M(712M) 2.754ms
[933.494s][info][gc] GC(5822) Pause Young (Normal) (G1 Evacuation Pause) 629M->244M(712M) 2.725ms
[933.629s][info][gc] GC(5823) Pause Young (Normal) (G1 Evacuation Pause) 628M->248M(712M) 2.539ms
[933.756s][info][gc] GC(5824) Pause Young (Normal) (G1 Evacuation Pause) 628M->250M(712M) 2.759ms
[933.885s][info][gc] GC(5825) Pause Young (Normal) (G1 Evacuation Pause) 626M->253M(712M) 2.781ms
[934.014s][info][gc] GC(5826) Pause Young (Normal) (G1 Evacuation Pause) 633M->259M(712M) 2.513ms
[934.143s][info][gc] GC(5827) Pause Young (Normal) (G1 Evacuation Pause) 635M->259M(712M) 2.610ms
[934.272s][info][gc] GC(5828) Pause Young (Normal) (G1 Evacuation Pause) 639M->263M(712M) 2.524ms
[934.391s][info][gc] GC(5829) Pause Young (Normal) (G1 Evacuation Pause) 635M->265M(712M) 2.638ms
[934.519s][info][gc] GC(5830) Pause Young (Normal) (G1 Evacuation Pause) 633M->269M(712M) 2.585ms
[934.644s][info][gc] GC(5831) Pause Young (Concurrent Start) (G1 Evacuation Pause) 633M->273M(712M) 2.635ms
[934.644s][info][gc] GC(5832) Concurrent Mark Cycle
[934.698s][info][gc] GC(5832) Pause Remark 429M->391M(712M) 0.501ms
[934.730s][info][gc] GC(5832) Pause Cleanup 453M->453M(712M) 0.058ms
[934.731s][info][gc] GC(5832) Concurrent Mark Cycle 86.452ms
[934.820s][info][gc] GC(5833) Pause Young (Prepare Mixed) (G1 Evacuation Pause) 599M->232M(712M) 2.020ms
[935.001s][info][gc] GC(5834) Pause Young (Mixed) (G1 Evacuation Pause) 628M->236M(712M) 2.744ms
[935.152s][info][gc] GC(5835) Pause Young (Normal) (G1 Evacuation Pause) 624M->240M(712M) 2.926ms
[935.300s][info][gc] GC(5836) Pause Young (Normal) (G1 Evacuation Pause) 628M->243M(712M) 3.130ms
[935.446s][info][gc] GC(5837) Pause Young (Normal) (G1 Evacuation Pause) 635M->247M(712M) 2.847ms
[935.595s][info][gc] GC(5838) Pause Young (Normal) (G1 Evacuation Pause) 635M->249M(712M) 2.589ms
[935.746s][info][gc] GC(5839) Pause Young (Normal) (G1 Evacuation Pause) 629M->254M(712M) 2.842ms
[935.891s][info][gc] GC(5840) Pause Young (Normal) (G1 Evacuation Pause) 638M->258M(712M) 2.983ms
[936.026s][info][gc] GC(5841) Pause Young (Normal) (G1 Evacuation Pause) 630M->260M(712M) 2.646ms
[936.170s][info][gc] GC(5842) Pause Young (Normal) (G1 Evacuation Pause) 640M->262M(712M) 2.235ms
[936.313s][info][gc] GC(5843) Pause Young (Normal) (G1 Evacuation Pause) 634M->266M(712M) 2.358ms
[936.457s][info][gc] GC(5844) Pause Young (Normal) (G1 Evacuation Pause) 638M->269M(712M) 2.564ms
[936.601s][info][gc] GC(5845) Pause Young (Normal) (G1 Evacuation Pause) 637M->273M(712M) 2.469ms
[936.743s][info][gc] GC(5846) Pause Young (Concurrent Start) (G1 Evacuation Pause) 637M->275M(712M) 2.794ms
[936.743s][info][gc] GC(5847) Concurrent Mark Cycle
[936.759s][info][gc] GC(5847) Pause Remark 311M->143M(376M) 0.510ms
[936.764s][info][gc] GC(5847) Pause Cleanup 153M->153M(376M) 0.049ms
[936.764s][info][gc] GC(5847) Concurrent Mark Cycle 21.464ms
[936.825s][info][gc] GC(5848) Pause Young (Prepare Mixed) (G1 Evacuation Pause) 299M->109M(376M) 2.388ms
[936.919s][info][gc] GC(5849) Pause Young (Mixed) (G1 Evacuation Pause) 313M->98M(376M) 1.810ms
[937.007s][info][gc] GC(5850) Pause Young (Normal) (G1 Evacuation Pause) 302M->99M(376M) 1.986ms
[937.099s][info][gc] GC(5851) Pause Young (Normal) (G1 Evacuation Pause) 303M->99M(376M) 1.622ms
[937.184s][info][gc] GC(5852) Pause Young (Normal) (G1 Evacuation Pause) 303M->102M(452M) 1.788ms
[937.290s][info][gc] GC(5853) Pause Young (Normal) (G1 Evacuation Pause) 350M->103M(452M) 1.834ms
[937.389s][info][gc] GC(5854) Pause Young (Normal) (G1 Evacuation Pause) 351M->105M(452M) 1.701ms
[937.490s][info][gc] GC(5855) Pause Young (Normal) (G1 Evacuation Pause) 353M->107M(452M) 1.893ms
[937.588s][info][gc] GC(5856) Pause Young (Normal) (G1 Evacuation Pause) 351M->110M(544M) 2.322ms
[937.711s][info][gc] GC(5857) Pause Young (Normal) (G1 Evacuation Pause) 410M->112M(544M) 2.009ms
[937.835s][info][gc] GC(5858) Pause Young (Normal) (G1 Evacuation Pause) 412M->115M(544M) 2.011ms
[937.959s][info][gc] GC(5859) Pause Young (Normal) (G1 Evacuation Pause) 411M->118M(544M) 2.181ms
[938.077s][info][gc] GC(5860) Pause Young (Normal) (G1 Evacuation Pause) 414M->119M(544M) 2.268ms
[938.200s][info][gc] GC(5861) Pause Young (Normal) (G1 Evacuation Pause) 415M->123M(544M) 2.192ms
[938.316s][info][gc] GC(5862) Pause Young (Normal) (G1 Evacuation Pause) 419M->127M(544M) 2.129ms
[938.427s][info][gc] GC(5863) Pause Young (Normal) (G1 Evacuation Pause) 423M->128M(544M) 2.086ms
[938.538s][info][gc] GC(5864) Pause Young (Normal) (G1 Evacuation Pause) 424M->130M(544M) 2.405ms
[938.652s][info][gc] GC(5865) Pause Young (Normal) (G1 Evacuation Pause) 426M->131M(656M) 2.151ms
[938.797s][info][gc] GC(5866) Pause Young (Normal) (G1 Evacuation Pause) 499M->135M(656M) 2.452ms
[938.933s][info][gc] GC(5867) Pause Young (Normal) (G1 Evacuation Pause) 499M->138M(656M) 2.287ms
[939.069s][info][gc] GC(5868) Pause Young (Normal) (G1 Evacuation Pause) 498M->140M(656M) 2.463ms
[939.206s][info][gc] GC(5869) Pause Young (Normal) (G1 Evacuation Pause) 500M->144M(656M) 2.504ms
[939.345s][info][gc] GC(5870) Pause Young (Normal) (G1 Evacuation Pause) 504M->147M(656M) 2.706ms
[939.486s][info][gc] GC(5871) Pause Young (Normal) (G1 Evacuation Pause) 507M->149M(656M) 2.366ms
[939.636s][info][gc] GC(5872) Pause Young (Normal) (G1 Evacuation Pause) 509M->155M(656M) 2.492ms
[939.770s][info][gc] GC(5873) Pause Young (Normal) (G1 Evacuation Pause) 511M->158M(656M) 2.638ms
[939.913s][info][gc] GC(5874) Pause Young (Normal) (G1 Evacuation Pause) 518M->159M(656M) 2.337ms
[940.049s][info][gc] GC(5875) Pause Young (Normal) (G1 Evacuation Pause) 519M->161M(656M) 2.309ms
[940.190s][info][gc] GC(5876) Pause Young (Normal) (G1 Evacuation Pause) 525M->166M(656M) 2.536ms
[940.324s][info][gc] GC(5877) Pause Young (Normal) (G1 Evacuation Pause) 522M->169M(656M) 2.598ms
[940.459s][info][gc] GC(5878) Pause Young (Normal) (G1 Evacuation Pause) 529M->172M(656M) 2.289ms
[940.600s][info][gc] GC(5879) Pause Young (Normal) (G1 Evacuation Pause) 532M->175M(656M) 2.406ms
[940.740s][info][gc] GC(5880) Pause Young (Normal) (G1 Evacuation Pause) 535M->176M(656M) 2.432ms
[940.887s][info][gc] GC(5881) Pause Young (Normal) (G1 Evacuation Pause) 536M->181M(656M) 2.563ms
[941.024s][info][gc] GC(5882) Pause Young (Normal) (G1 Evacuation Pause) 537M->183M(656M) 2.597ms
[941.204s][info][gc] GC(5883) Pause Young (Normal) (G1 Evacuation Pause) 543M->189M(656M) 2.782ms
[941.348s][info][gc] GC(5884) Pause Young (Normal) (G1 Evacuation Pause) 545M->191M(656M) 2.602ms
[941.487s][info][gc] GC(5885) Pause Young (Normal) (G1 Evacuation Pause) 551M->196M(656M) 2.852ms
[941.627s][info][gc] GC(5886) Pause Young (Normal) (G1 Evacuation Pause) 556M->196M(656M) 2.559ms
[941.765s][info][gc] GC(5887) Pause Young (Normal) (G1 Evacuation Pause) 556M->202M(656M) 2.568ms
[941.900s][info][gc] GC(5888) Pause Young (Normal) (G1 Evacuation Pause) 562M->204M(656M) 2.423ms
[942.038s][info][gc] GC(5889) Pause Young (Normal) (G1 Evacuation Pause) 564M->208M(656M) 2.529ms
[942.178s][info][gc] GC(5890) Pause Young (Normal) (G1 Evacuation Pause) 568M->210M(656M) 2.545ms
[942.314s][info][gc] GC(5891) Pause Young (Normal) (G1 Evacuation Pause) 570M->213M(656M) 2.538ms
[942.449s][info][gc] GC(5892) Pause Young (Normal) (G1 Evacuation Pause) 573M->215M(656M) 2.272ms
[942.591s][info][gc] GC(5893) Pause Young (Normal) (G1 Evacuation Pause) 579M->219M(656M) 2.488ms
[942.731s][info][gc] GC(5894) Pause Young (Normal) (G1 Evacuation Pause) 579M->224M(656M) 2.491ms
[942.869s][info][gc] GC(5895) Pause Young (Normal) (G1 Evacuation Pause) 576M->226M(656M) 2.496ms
[943.005s][info][gc] GC(5896) Pause Young (Normal) (G1 Evacuation Pause) 582M->228M(656M) 2.362ms
[943.144s][info][gc] GC(5897) Pause Young (Normal) (G1 Evacuation Pause) 580M->231M(656M) 2.488ms
[943.284s][info][gc] GC(5898) Pause Young (Normal) (G1 Evacuation Pause) 579M->235M(656M) 2.311ms
[943.415s][info][gc] GC(5899) Pause Young (Normal) (G1 Evacuation Pause) 583M->236M(656M) 2.387ms
[943.546s][info][gc] GC(5900) Pause Young (Normal) (G1 Evacuation Pause) 580M->238M(656M) 2.301ms
[943.681s][info][gc] GC(5901) Pause Young (Normal) (G1 Evacuation Pause) 586M->242M(656M) 2.285ms
[943.809s][info][gc] GC(5902) Pause Young (Normal) (G1 Evacuation Pause) 578M->243M(656M) 2.388ms
[943.942s][info][gc] GC(5903) Pause Young (Normal) (G1 Evacuation Pause) 587M->250M(656M) 2.303ms
[944.067s][info][gc] GC(5904) Pause Young (Concurrent Start) (G1 Evacuation Pause) 582M->251M(656M) 2.279ms
[944.067s][info][gc] GC(5905) Concurrent Mark Cycle
[944.098s][info][gc] GC(5905) Pause Remark 324M->324M(656M) 0.430ms
[944.119s][info][gc] GC(5905) Pause Cleanup 382M->382M(656M) 0.060ms
[944.120s][info][gc] GC(5905) Concurrent Mark Cycle 53.265ms
[944.197s][info][gc] GC(5906) Pause Young (Prepare Mixed) (G1 Evacuation Pause) 587M->255M(656M) 2.246ms
[944.319s][info][gc] GC(5907) Pause Young (Mixed) (G1 Evacuation Pause) 579M->208M(656M) 2.918ms
[944.457s][info][gc] GC(5908) Pause Young (Mixed) (G1 Evacuation Pause) 572M->185M(656M) 2.988ms
[944.593s][info][gc] GC(5909) Pause Young (Normal) (G1 Evacuation Pause) 545M->189M(656M) 2.504ms
[944.727s][info][gc] GC(5910) Pause Young (Normal) (G1 Evacuation Pause) 549M->192M(656M) 2.508ms
[944.865s][info][gc] GC(5911) Pause Young (Normal) (G1 Evacuation Pause) 552M->194M(656M) 2.455ms
[944.999s][info][gc] GC(5912) Pause Young (Normal) (G1 Evacuation Pause) 554M->198M(656M) 2.717ms
[945.140s][info][gc] GC(5913) Pause Young (Normal) (G1 Evacuation Pause) 558M->201M(656M) 2.515ms
[945.280s][info][gc] GC(5914) Pause Young (Normal) (G1 Evacuation Pause) 561M->204M(656M) 2.373ms
[945.414s][info][gc] GC(5915) Pause Young (Normal) (G1 Evacuation Pause) 564M->207M(656M) 2.395ms
[945.554s][info][gc] GC(5916) Pause Young (Normal) (G1 Evacuation Pause) 567M->211M(656M) 2.608ms
[945.688s][info][gc] GC(5917) Pause Young (Normal) (G1 Evacuation Pause) 567M->212M(656M) 2.619ms
[945.825s][info][gc] GC(5918) Pause Young (Normal) (G1 Evacuation Pause) 572M->215M(656M) 2.498ms
[945.963s][info][gc] GC(5919) Pause Young (Normal) (G1 Evacuation Pause) 575M->218M(656M) 2.560ms
[946.097s][info][gc] GC(5920) Pause Young (Normal) (G1 Evacuation Pause) 578M->221M(656M) 2.380ms
[946.236s][info][gc] GC(5921) Pause Young (Normal) (G1 Evacuation Pause) 581M->224M(656M) 2.282ms
[946.376s][info][gc] GC(5922) Pause Young (Normal) (G1 Evacuation Pause) 584M->227M(656M) 2.570ms
[946.512s][info][gc] GC(5923) Pause Young (Normal) (G1 Evacuation Pause) 587M->231M(656M) 2.546ms
[946.642s][info][gc] GC(5924) Pause Young (Normal) (G1 Evacuation Pause) 583M->233M(656M) 2.296ms
[946.777s][info][gc] GC(5925) Pause Young (Normal) (G1 Evacuation Pause) 589M->238M(656M) 2.217ms
[946.907s][info][gc] GC(5926) Pause Young (Normal) (G1 Evacuation Pause) 586M->236M(656M) 2.296ms
[947.044s][info][gc] GC(5927) Pause Young (Normal) (G1 Evacuation Pause) 588M->241M(656M) 2.305ms
[947.256s][info][gc] GC(5928) Pause Young (Normal) (G1 Evacuation Pause) 581M->240M(656M) 1.942ms
[947.476s][info][gc] GC(5929) Pause Young (Normal) (G1 Evacuation Pause) 588M->248M(656M) 2.308ms
[947.656s][info][gc] GC(5930) Pause Young (Normal) (G1 Evacuation Pause) 580M->250M(656M) 2.841ms
[947.829s][info][gc] GC(5931) Pause Young (Concurrent Start) (G1 Evacuation Pause) 582M->252M(656M) 2.401ms
[947.829s][info][gc] GC(5932) Concurrent Mark Cycle
[947.838s][info][gc] GC(5932) Pause Remark 275M->135M(388M) 0.578ms
[947.842s][info][gc] GC(5932) Pause Cleanup 142M->142M(388M) 0.050ms
[947.842s][info][gc] GC(5932) Concurrent Mark Cycle 12.697ms
[947.938s][info][gc] GC(5933) Pause Young (Prepare Mixed) (G1 Evacuation Pause) 316M->114M(388M) 2.153ms
[948.049s][info][gc] GC(5934) Pause Young (Mixed) (G1 Evacuation Pause) 326M->83M(388M) 1.971ms
[948.157s][info][gc] GC(5935) Pause Young (Normal) (G1 Evacuation Pause) 295M->84M(388M) 1.709ms
[948.269s][info][gc] GC(5936) Pause Young (Normal) (G1 Evacuation Pause) 296M->86M(388M) 1.801ms
[948.379s][info][gc] GC(5937) Pause Young (Normal) (G1 Evacuation Pause) 298M->88M(468M) 1.607ms
[948.509s][info][gc] GC(5938) Pause Young (Normal) (G1 Evacuation Pause) 348M->89M(468M) 1.804ms
[948.650s][info][gc] GC(5939) Pause Young (Normal) (G1 Evacuation Pause) 349M->92M(468M) 1.778ms
[948.779s][info][gc] GC(5940) Pause Young (Normal) (G1 Evacuation Pause) 348M->94M(468M) 1.875ms
[948.918s][info][gc] GC(5941) Pause Young (Normal) (G1 Evacuation Pause) 350M->97M(468M) 1.933ms
[949.056s][info][gc] GC(5942) Pause Young (Normal) (G1 Evacuation Pause) 353M->98M(468M) 2.199ms
[949.187s][info][gc] GC(5943) Pause Young (Normal) (G1 Evacuation Pause) 354M->100M(468M) 1.774ms
[949.320s][info][gc] GC(5944) Pause Young (Normal) (G1 Evacuation Pause) 356M->102M(468M) 1.840ms
[949.448s][info][gc] GC(5945) Pause Young (Normal) (G1 Evacuation Pause) 358M->105M(468M) 1.807ms
[949.576s][info][gc] GC(5946) Pause Young (Normal) (G1 Evacuation Pause) 361M->106M(468M) 1.743ms
[949.707s][info][gc] GC(5947) Pause Young (Normal) (G1 Evacuation Pause) 366M->109M(468M) 1.932ms
[949.843s][info][gc] GC(5948) Pause Young (Normal) (G1 Evacuation Pause) 365M->110M(468M) 1.850ms
[949.973s][info][gc] GC(5949) Pause Young (Normal) (G1 Evacuation Pause) 370M->115M(468M) 1.878ms
[950.172s][info][gc] GC(5950) Pause Young (Normal) (G1 Evacuation Pause) 371M->116M(468M) 1.753ms
[950.303s][info][gc] GC(5951) Pause Young (Normal) (G1 Evacuation Pause) 372M->119M(468M) 1.919ms
[950.431s][info][gc] GC(5952) Pause Young (Normal) (G1 Evacuation Pause) 375M->120M(468M) 2.136ms
[950.571s][info][gc] GC(5953) Pause Young (Normal) (G1 Evacuation Pause) 376M->123M(468M) 1.954ms
[950.701s][info][gc] GC(5954) Pause Young (Normal) (G1 Evacuation Pause) 379M->126M(468M) 1.852ms
[950.831s][info][gc] GC(5955) Pause Young (Normal) (G1 Evacuation Pause) 382M->128M(468M) 2.003ms
[950.958s][info][gc] GC(5956) Pause Young (Normal) (G1 Evacuation Pause) 384M->129M(468M) 2.063ms
[951.100s][info][gc] GC(5957) Pause Young (Normal) (G1 Evacuation Pause) 385M->132M(468M) 1.946ms
[951.229s][info][gc] GC(5958) Pause Young (Normal) (G1 Evacuation Pause) 388M->135M(468M) 1.966ms
[951.358s][info][gc] GC(5959) Pause Young (Normal) (G1 Evacuation Pause) 391M->136M(468M) 1.900ms
[951.487s][info][gc] GC(5960) Pause Young (Normal) (G1 Evacuation Pause) 392M->138M(468M) 1.868ms
[951.615s][info][gc] GC(5961) Pause Young (Normal) (G1 Evacuation Pause) 398M->139M(468M) 1.861ms
[951.762s][info][gc] GC(5962) Pause Young (Normal) (G1 Evacuation Pause) 399M->142M(468M) 1.833ms
[951.894s][info][gc] GC(5963) Pause Young (Normal) (G1 Evacuation Pause) 398M->145M(468M) 2.084ms
[952.026s][info][gc] GC(5964) Pause Young (Normal) (G1 Evacuation Pause) 401M->147M(468M) 2.179ms
[952.158s][info][gc] GC(5965) Pause Young (Normal) (G1 Evacuation Pause) 403M->149M(468M) 1.812ms
[952.294s][info][gc] GC(5966) Pause Young (Normal) (G1 Evacuation Pause) 405M->151M(468M) 1.767ms
[952.425s][info][gc] GC(5967) Pause Young (Normal) (G1 Evacuation Pause) 407M->155M(468M) 2.015ms
[952.555s][info][gc] GC(5968) Pause Young (Normal) (G1 Evacuation Pause) 411M->155M(468M) 1.760ms
[952.689s][info][gc] GC(5969) Pause Young (Normal) (G1 Evacuation Pause) 411M->158M(468M) 1.805ms
[952.816s][info][gc] GC(5970) Pause Young (Normal) (G1 Evacuation Pause) 410M->159M(468M) 1.668ms
[953.031s][info][gc] GC(5971) Pause Young (Normal) (G1 Evacuation Pause) 419M->163M(468M) 1.939ms
[953.160s][info][gc] GC(5972) Pause Young (Normal) (G1 Evacuation Pause) 415M->165M(468M) 2.025ms
[953.285s][info][gc] GC(5973) Pause Young (Normal) (G1 Evacuation Pause) 413M->167M(468M) 1.966ms
[953.408s][info][gc] GC(5974) Pause Young (Normal) (G1 Evacuation Pause) 411M->167M(468M) 1.934ms
[953.535s][info][gc] GC(5975) Pause Young (Normal) (G1 Evacuation Pause) 419M->171M(468M) 1.887ms
[953.655s][info][gc] GC(5976) Pause Young (Normal) (G1 Evacuation Pause) 411M->171M(468M) 2.024ms
[953.792s][info][gc] GC(5977) Pause Young (Normal) (G1 Evacuation Pause) 419M->175M(468M) 2.081ms
[953.915s][info][gc] GC(5978) Pause Young (Normal) (G1 Evacuation Pause) 411M->178M(468M) 1.918ms
[954.030s][info][gc] GC(5979) Pause Young (Concurrent Start) (G1 Evacuation Pause) 410M->179M(468M) 1.994ms
[954.030s][info][gc] GC(5980) Concurrent Mark Cycle
[954.038s][info][gc] GC(5980) Pause Remark 198M->114M(336M) 0.423ms
[954.041s][info][gc] GC(5980) Pause Cleanup 117M->117M(336M) 0.056ms
[954.041s][info][gc] GC(5980) Concurrent Mark Cycle 11.116ms
[954.124s][info][gc] GC(5981) Pause Young (Prepare Mixed) (G1 Evacuation Pause) 275M->96M(336M) 1.574ms
[954.209s][info][gc] GC(5982) Pause Young (Mixed) (G1 Evacuation Pause) 280M->68M(336M) 1.509ms
[954.307s][info][gc] GC(5983) Pause Young (Normal) (G1 Evacuation Pause) 252M->72M(404M) 1.558ms
[954.420s][info][gc] GC(5984) Pause Young (Normal) (G1 Evacuation Pause) 292M->72M(404M) 1.567ms
[954.534s][info][gc] GC(5985) Pause Young (Normal) (G1 Evacuation Pause) 292M->74M(404M) 1.538ms
[954.647s][info][gc] GC(5986) Pause Young (Normal) (G1 Evacuation Pause) 294M->75M(404M) 1.584ms
[954.768s][info][gc] GC(5987) Pause Young (Normal) (G1 Evacuation Pause) 295M->78M(404M) 1.676ms
[954.881s][info][gc] GC(5988) Pause Young (Normal) (G1 Evacuation Pause) 298M->80M(488M) 1.858ms
[955.022s][info][gc] GC(5989) Pause Young (Normal) (G1 Evacuation Pause) 352M->83M(488M) 1.944ms
[955.158s][info][gc] GC(5990) Pause Young (Normal) (G1 Evacuation Pause) 351M->84M(488M) 1.840ms
[955.289s][info][gc] GC(5991) Pause Young (Normal) (G1 Evacuation Pause) 352M->86M(488M) 2.018ms
[955.431s][info][gc] GC(5992) Pause Young (Normal) (G1 Evacuation Pause) 354M->89M(488M) 1.992ms
[955.565s][info][gc] GC(5993) Pause Young (Normal) (G1 Evacuation Pause) 357M->91M(488M) 2.071ms
[955.779s][info][gc] GC(5994) Pause Young (Normal) (G1 Evacuation Pause) 359M->94M(488M) 2.019ms
[955.911s][info][gc] GC(5995) Pause Young (Normal) (G1 Evacuation Pause) 358M->96M(488M) 2.165ms
[956.056s][info][gc] GC(5996) Pause Young (Normal) (G1 Evacuation Pause) 364M->99M(488M) 2.182ms
[956.192s][info][gc] GC(5997) Pause Young (Normal) (G1 Evacuation Pause) 363M->101M(488M) 2.277ms
[956.323s][info][gc] GC(5998) Pause Young (Normal) (G1 Evacuation Pause) 369M->103M(488M) 2.045ms
[956.459s][info][gc] GC(5999) Pause Young (Normal) (G1 Evacuation Pause) 371M->104M(488M) 1.924ms
[956.602s][info][gc] GC(6000) Pause Young (Normal) (G1 Evacuation Pause) 372M->109M(488M) 2.069ms
[956.740s][info][gc] GC(6001) Pause Young (Normal) (G1 Evacuation Pause) 373M->112M(488M) 2.224ms
[956.875s][info][gc] GC(6002) Pause Young (Normal) (G1 Evacuation Pause) 380M->113M(488M) 2.008ms
[957.008s][info][gc] GC(6003) Pause Young (Normal) (G1 Evacuation Pause) 381M->114M(488M) 1.855ms
[957.155s][info][gc] GC(6004) Pause Young (Normal) (G1 Evacuation Pause) 382M->117M(488M) 2.058ms
[957.289s][info][gc] GC(6005) Pause Young (Normal) (G1 Evacuation Pause) 385M->119M(488M) 2.044ms
[957.426s][info][gc] GC(6006) Pause Young (Normal) (G1 Evacuation Pause) 387M->122M(488M) 2.055ms
[957.570s][info][gc] GC(6007) Pause Young (Normal) (G1 Evacuation Pause) 386M->123M(488M) 2.043ms
[957.706s][info][gc] GC(6008) Pause Young (Normal) (G1 Evacuation Pause) 391M->126M(488M) 2.155ms
[957.851s][info][gc] GC(6009) Pause Young (Normal) (G1 Evacuation Pause) 394M->129M(488M) 2.208ms
[957.988s][info][gc] GC(6010) Pause Young (Normal) (G1 Evacuation Pause) 393M->132M(488M) 2.264ms
[958.131s][info][gc] GC(6011) Pause Young (Normal) (G1 Evacuation Pause) 396M->132M(488M) 2.002ms
[958.269s][info][gc] GC(6012) Pause Young (Normal) (G1 Evacuation Pause) 400M->135M(488M) 2.058ms
[958.406s][info][gc] GC(6013) Pause Young (Normal) (G1 Evacuation Pause) 403M->137M(488M) 1.899ms
[958.602s][info][gc] GC(6014) Pause Young (Normal) (G1 Evacuation Pause) 405M->140M(488M) 2.038ms
[958.753s][info][gc] GC(6015) Pause Young (Normal) (G1 Evacuation Pause) 408M->143M(488M) 2.090ms
[958.888s][info][gc] GC(6016) Pause Young (Normal) (G1 Evacuation Pause) 407M->144M(488M) 2.185ms
[959.020s][info][gc] GC(6017) Pause Young (Normal) (G1 Evacuation Pause) 412M->147M(488M) 2.052ms
[959.154s][info][gc] GC(6018) Pause Young (Normal) (G1 Evacuation Pause) 415M->148M(488M) 1.865ms
[959.299s][info][gc] GC(6019) Pause Young (Normal) (G1 Evacuation Pause) 416M->151M(488M) 2.064ms
[959.433s][info][gc] GC(6020) Pause Young (Normal) (G1 Evacuation Pause) 415M->153M(488M) 2.093ms
[959.566s][info][gc] GC(6021) Pause Young (Normal) (G1 Evacuation Pause) 421M->155M(488M) 2.005ms
[959.708s][info][gc] GC(6022) Pause Young (Normal) (G1 Evacuation Pause) 423M->158M(488M) 2.203ms
[959.845s][info][gc] GC(6023) Pause Young (Normal) (G1 Evacuation Pause) 426M->160M(488M) 1.846ms
[959.978s][info][gc] GC(6024) Pause Young (Normal) (G1 Evacuation Pause) 428M->164M(488M) 1.985ms
[960.107s][info][gc] GC(6025) Pause Young (Normal) (G1 Evacuation Pause) 424M->165M(488M) 2.002ms
[960.248s][info][gc] GC(6026) Pause Young (Normal) (G1 Evacuation Pause) 429M->166M(488M) 1.801ms
[960.378s][info][gc] GC(6027) Pause Young (Normal) (G1 Evacuation Pause) 426M->169M(488M) 1.938ms
[960.506s][info][gc] GC(6028) Pause Young (Normal) (G1 Evacuation Pause) 429M->171M(488M) 1.807ms
[960.635s][info][gc] GC(6029) Pause Young (Normal) (G1 Evacuation Pause) 427M->172M(488M) 1.825ms
[960.773s][info][gc] GC(6030) Pause Young (Normal) (G1 Evacuation Pause) 436M->175M(488M) 1.908ms
[960.907s][info][gc] GC(6031) Pause Young (Normal) (G1 Evacuation Pause) 427M->178M(488M) 1.914ms
[961.035s][info][gc] GC(6032) Pause Young (Normal) (G1 Evacuation Pause) 430M->179M(488M) 2.177ms
[961.161s][info][gc] GC(6033) Pause Young (Normal) (G1 Evacuation Pause) 427M->182M(488M) 1.923ms
[961.354s][info][gc] GC(6034) Pause Young (Normal) (G1 Evacuation Pause) 430M->185M(488M) 1.847ms
[961.476s][info][gc] GC(6035) Pause Young (Concurrent Start) (G1 Evacuation Pause) 429M->186M(488M) 1.931ms
[961.476s][info][gc] GC(6036) Concurrent Mark Cycle
[961.482s][info][gc] GC(6036) Pause Remark 200M->94M(296M) 0.428ms
[961.485s][info][gc] GC(6036) Pause Cleanup 95M->95M(296M) 0.051ms
[961.485s][info][gc] GC(6036) Concurrent Mark Cycle 9.284ms
[961.559s][info][gc] GC(6037) Pause Young (Prepare Mixed) (G1 Evacuation Pause) 233M->84M(296M) 1.876ms
[961.646s][info][gc] GC(6038) Pause Young (Mixed) (G1 Evacuation Pause) 244M->68M(296M) 1.851ms
[961.730s][info][gc] GC(6039) Pause Young (Normal) (G1 Evacuation Pause) 232M->68M(356M) 1.400ms
[961.835s][info][gc] GC(6040) Pause Young (Normal) (G1 Evacuation Pause) 268M->70M(356M) 1.410ms
[961.936s][info][gc] GC(6041) Pause Young (Normal) (G1 Evacuation Pause) 266M->71M(356M) 1.497ms
[962.037s][info][gc] GC(6042) Pause Young (Normal) (G1 Evacuation Pause) 267M->72M(356M) 1.558ms
[962.127s][info][gc] GC(6043) Pause Young (Normal) (G1 Evacuation Pause) 264M->74M(428M) 1.638ms
[962.261s][info][gc] GC(6044) Pause Young (Normal) (G1 Evacuation Pause) 314M->76M(428M) 1.825ms
[962.385s][info][gc] GC(6045) Pause Young (Normal) (G1 Evacuation Pause) 312M->78M(428M) 1.720ms
[962.505s][info][gc] GC(6046) Pause Young (Normal) (G1 Evacuation Pause) 314M->81M(428M) 1.743ms
[962.631s][info][gc] GC(6047) Pause Young (Normal) (G1 Evacuation Pause) 317M->82M(428M) 1.923ms
[962.757s][info][gc] GC(6048) Pause Young (Normal) (G1 Evacuation Pause) 318M->85M(428M) 1.877ms
[962.878s][info][gc] GC(6049) Pause Young (Normal) (G1 Evacuation Pause) 321M->87M(428M) 1.809ms
[963.000s][info][gc] GC(6050) Pause Young (Normal) (G1 Evacuation Pause) 323M->89M(516M) 1.798ms
[963.156s][info][gc] GC(6051) Pause Young (Normal) (G1 Evacuation Pause) 377M->91M(516M) 2.178ms
[963.303s][info][gc] GC(6052) Pause Young (Normal) (G1 Evacuation Pause) 375M->93M(516M) 1.880ms
[963.441s][info][gc] GC(6053) Pause Young (Normal) (G1 Evacuation Pause) 377M->96M(516M) 1.984ms
[963.593s][info][gc] GC(6054) Pause Young (Normal) (G1 Evacuation Pause) 376M->97M(516M) 2.217ms
[963.735s][info][gc] GC(6055) Pause Young (Normal) (G1 Evacuation Pause) 381M->101M(516M) 2.005ms
[963.873s][info][gc] GC(6056) Pause Young (Normal) (G1 Evacuation Pause) 381M->101M(516M) 1.888ms
[964.087s][info][gc] GC(6057) Pause Young (Normal) (G1 Evacuation Pause) 385M->106M(516M) 2.037ms
[964.227s][info][gc] GC(6058) Pause Young (Normal) (G1 Evacuation Pause) 386M->108M(516M) 2.099ms
[964.368s][info][gc] GC(6059) Pause Young (Normal) (G1 Evacuation Pause) 392M->111M(516M) 2.111ms
[964.521s][info][gc] GC(6060) Pause Young (Normal) (G1 Evacuation Pause) 395M->114M(516M) 2.134ms
[964.661s][info][gc] GC(6061) Pause Young (Normal) (G1 Evacuation Pause) 398M->116M(516M) 2.042ms
[964.806s][info][gc] GC(6062) Pause Young (Normal) (G1 Evacuation Pause) 400M->117M(516M) 1.981ms
[964.957s][info][gc] GC(6063) Pause Young (Normal) (G1 Evacuation Pause) 401M->121M(516M) 2.059ms
[965.097s][info][gc] GC(6064) Pause Young (Normal) (G1 Evacuation Pause) 405M->123M(516M) 2.104ms
[965.238s][info][gc] GC(6065) Pause Young (Normal) (G1 Evacuation Pause) 407M->125M(516M) 2.034ms
[965.397s][info][gc] GC(6066) Pause Young (Normal) (G1 Evacuation Pause) 409M->128M(516M) 2.051ms
[965.543s][info][gc] GC(6067) Pause Young (Normal) (G1 Evacuation Pause) 408M->129M(516M) 2.093ms
[965.686s][info][gc] GC(6068) Pause Young (Normal) (G1 Evacuation Pause) 413M->131M(516M) 1.934ms
[965.837s][info][gc] GC(6069) Pause Young (Normal) (G1 Evacuation Pause) 415M->135M(516M) 1.910ms
[965.981s][info][gc] GC(6070) Pause Young (Normal) (G1 Evacuation Pause) 415M->137M(516M) 2.015ms
[966.124s][info][gc] GC(6071) Pause Young (Normal) (G1 Evacuation Pause) 421M->139M(516M) 2.006ms
[966.268s][info][gc] GC(6072) Pause Young (Normal) (G1 Evacuation Pause) 423M->142M(516M) 2.053ms
[966.416s][info][gc] GC(6073) Pause Young (Normal) (G1 Evacuation Pause) 422M->144M(516M) 1.992ms
[966.555s][info][gc] GC(6074) Pause Young (Normal) (G1 Evacuation Pause) 428M->145M(516M) 1.799ms
[966.709s][info][gc] GC(6075) Pause Young (Normal) (G1 Evacuation Pause) 429M->150M(516M) 2.112ms
[966.915s][info][gc] GC(6076) Pause Young (Normal) (G1 Evacuation Pause) 430M->151M(516M) 2.011ms
[967.054s][info][gc] GC(6077) Pause Young (Normal) (G1 Evacuation Pause) 435M->155M(516M) 1.965ms
[967.205s][info][gc] GC(6078) Pause Young (Normal) (G1 Evacuation Pause) 439M->158M(516M) 1.980ms
[967.349s][info][gc] GC(6079) Pause Young (Normal) (G1 Evacuation Pause) 438M->159M(516M) 2.008ms
[967.490s][info][gc] GC(6080) Pause Young (Normal) (G1 Evacuation Pause) 443M->160M(516M) 1.883ms
[967.643s][info][gc] GC(6081) Pause Young (Normal) (G1 Evacuation Pause) 444M->164M(516M) 2.262ms
[967.784s][info][gc] GC(6082) Pause Young (Normal) (G1 Evacuation Pause) 444M->166M(516M) 2.143ms
[967.930s][info][gc] GC(6083) Pause Young (Normal) (G1 Evacuation Pause) 450M->167M(516M) 1.948ms
[968.084s][info][gc] GC(6084) Pause Young (Normal) (G1 Evacuation Pause) 451M->170M(516M) 2.073ms
[968.228s][info][gc] GC(6085) Pause Young (Normal) (G1 Evacuation Pause) 450M->174M(516M) 2.196ms
[968.382s][info][gc] GC(6086) Pause Young (Normal) (G1 Evacuation Pause) 458M->176M(516M) 1.972ms
[968.524s][info][gc] GC(6087) Pause Young (Normal) (G1 Evacuation Pause) 460M->178M(516M) 1.982ms
[968.665s][info][gc] GC(6088) Pause Young (Normal) (G1 Evacuation Pause) 462M->180M(516M) 1.960ms
[968.814s][info][gc] GC(6089) Pause Young (Normal) (G1 Evacuation Pause) 460M->182M(516M) 1.834ms
[968.949s][info][gc] GC(6090) Pause Young (Normal) (G1 Evacuation Pause) 458M->185M(516M) 1.911ms
[969.089s][info][gc] GC(6091) Pause Young (Normal) (G1 Evacuation Pause) 461M->187M(516M) 1.929ms
[969.223s][info][gc] GC(6092) Pause Young (Normal) (G1 Evacuation Pause) 459M->188M(516M) 1.834ms
[969.371s][info][gc] GC(6093) Pause Young (Normal) (G1 Evacuation Pause) 460M->192M(516M) 2.030ms
[969.508s][info][gc] GC(6094) Pause Young (Normal) (G1 Evacuation Pause) 456M->194M(516M) 2.155ms
[969.705s][info][gc] GC(6095) Pause Young (Concurrent Start) (G1 Evacuation Pause) 458M->198M(516M) 2.121ms
[969.706s][info][gc] GC(6096) Concurrent Mark Cycle
[969.714s][info][gc] GC(6096) Pause Remark 216M->104M(296M) 0.421ms
[969.717s][info][gc] GC(6096) Pause Cleanup 110M->110M(296M) 0.041ms
[969.717s][info][gc] GC(6096) Concurrent Mark Cycle 11.296ms
[969.786s][info][gc] GC(6097) Pause Young (Prepare Mixed) (G1 Evacuation Pause) 238M->87M(296M) 1.838ms
[969.870s][info][gc] GC(6098) Pause Young (Mixed) (G1 Evacuation Pause) 247M->66M(296M) 1.683ms
[969.948s][info][gc] GC(6099) Pause Young (Normal) (G1 Evacuation Pause) 230M->68M(296M) 1.247ms
[970.036s][info][gc] GC(6100) Pause Young (Normal) (G1 Evacuation Pause) 232M->68M(356M) 1.338ms
[970.142s][info][gc] GC(6101) Pause Young (Normal) (G1 Evacuation Pause) 268M->71M(356M) 1.502ms
[970.240s][info][gc] GC(6102) Pause Young (Normal) (G1 Evacuation Pause) 267M->72M(356M) 1.600ms
[970.339s][info][gc] GC(6103) Pause Young (Normal) (G1 Evacuation Pause) 268M->74M(356M) 1.603ms
[970.441s][info][gc] GC(6104) Pause Young (Normal) (G1 Evacuation Pause) 266M->76M(428M) 1.770ms
[970.564s][info][gc] GC(6105) Pause Young (Normal) (G1 Evacuation Pause) 316M->78M(428M) 1.667ms
[970.686s][info][gc] GC(6106) Pause Young (Normal) (G1 Evacuation Pause) 314M->79M(428M) 1.656ms
[970.805s][info][gc] GC(6107) Pause Young (Normal) (G1 Evacuation Pause) 315M->80M(428M) 1.749ms
[970.925s][info][gc] GC(6108) Pause Young (Normal) (G1 Evacuation Pause) 316M->81M(428M) 1.703ms
[971.050s][info][gc] GC(6109) Pause Young (Normal) (G1 Evacuation Pause) 317M->84M(428M) 1.723ms
[971.172s][info][gc] GC(6110) Pause Young (Normal) (G1 Evacuation Pause) 320M->88M(428M) 1.707ms
[971.293s][info][gc] GC(6111) Pause Young (Normal) (G1 Evacuation Pause) 324M->89M(428M) 1.653ms
[971.412s][info][gc] GC(6112) Pause Young (Normal) (G1 Evacuation Pause) 325M->92M(428M) 1.813ms
[971.531s][info][gc] GC(6113) Pause Young (Normal) (G1 Evacuation Pause) 328M->93M(428M) 1.754ms
[971.654s][info][gc] GC(6114) Pause Young (Normal) (G1 Evacuation Pause) 329M->95M(516M) 2.151ms
[971.804s][info][gc] GC(6115) Pause Young (Normal) (G1 Evacuation Pause) 383M->96M(516M) 1.733ms
[971.954s][info][gc] GC(6116) Pause Young (Normal) (G1 Evacuation Pause) 384M->99M(516M) 1.921ms
[972.101s][info][gc] GC(6117) Pause Young (Normal) (G1 Evacuation Pause) 383M->102M(516M) 2.021ms
[972.249s][info][gc] GC(6118) Pause Young (Normal) (G1 Evacuation Pause) 382M->104M(516M) 1.884ms
[972.458s][info][gc] GC(6119) Pause Young (Normal) (G1 Evacuation Pause) 388M->107M(516M) 2.199ms
[972.605s][info][gc] GC(6120) Pause Young (Normal) (G1 Evacuation Pause) 391M->110M(516M) 2.494ms
[972.750s][info][gc] GC(6121) Pause Young (Normal) (G1 Evacuation Pause) 394M->111M(516M) 1.948ms
[972.902s][info][gc] GC(6122) Pause Young (Normal) (G1 Evacuation Pause) 395M->115M(516M) 2.161ms
[973.050s][info][gc] GC(6123) Pause Young (Normal) (G1 Evacuation Pause) 395M->116M(516M) 2.166ms
[973.207s][info][gc] GC(6124) Pause Young (Normal) (G1 Evacuation Pause) 400M->119M(516M) 2.219ms
[973.356s][info][gc] GC(6125) Pause Young (Normal) (G1 Evacuation Pause) 403M->122M(516M) 2.103ms
[973.498s][info][gc] GC(6126) Pause Young (Normal) (G1 Evacuation Pause) 406M->124M(516M) 2.058ms
[973.652s][info][gc] GC(6127) Pause Young (Normal) (G1 Evacuation Pause) 408M->128M(516M) 2.138ms
[973.786s][info][gc] GC(6128) Pause Young (Normal) (G1 Evacuation Pause) 408M->128M(516M) 1.877ms
[973.927s][info][gc] GC(6129) Pause Young (Normal) (G1 Evacuation Pause) 412M->132M(516M) 1.984ms
[974.076s][info][gc] GC(6130) Pause Young (Normal) (G1 Evacuation Pause) 416M->133M(516M) 2.078ms
[974.218s][info][gc] GC(6131) Pause Young (Normal) (G1 Evacuation Pause) 417M->136M(516M) 1.959ms
[974.358s][info][gc] GC(6132) Pause Young (Normal) (G1 Evacuation Pause) 420M->138M(516M) 2.152ms
[974.512s][info][gc] GC(6133) Pause Young (Normal) (G1 Evacuation Pause) 422M->141M(516M) 2.064ms
[974.653s][info][gc] GC(6134) Pause Young (Normal) (G1 Evacuation Pause) 421M->143M(516M) 2.058ms
[974.798s][info][gc] GC(6135) Pause Young (Normal) (G1 Evacuation Pause) 427M->146M(516M) 2.185ms
[974.946s][info][gc] GC(6136) Pause Young (Normal) (G1 Evacuation Pause) 430M->147M(516M) 1.946ms
[975.087s][info][gc] GC(6137) Pause Young (Normal) (G1 Evacuation Pause) 431M->149M(516M) 1.862ms
[975.272s][info][gc] GC(6138) Pause Young (Normal) (G1 Evacuation Pause) 433M->162M(516M) 2.664ms
[975.346s][info][gc] GC(6139) Pause Young (Normal) (G1 Evacuation Pause) 438M->164M(516M) 2.569ms
[975.440s][info][gc] GC(6140) Pause Young (Normal) (G1 Evacuation Pause) 444M->166M(516M) 2.502ms
[975.529s][info][gc] GC(6141) Pause Young (Normal) (G1 Evacuation Pause) 450M->169M(516M) 2.282ms
[975.609s][info][gc] GC(6142) Pause Young (Normal) (G1 Evacuation Pause) 453M->171M(516M) 2.382ms
[975.701s][info][gc] GC(6143) Pause Young (Normal) (G1 Evacuation Pause) 455M->175M(620M) 2.451ms
[975.804s][info][gc] GC(6144) Pause Young (Normal) (G1 Evacuation Pause) 523M->176M(620M) 1.891ms
[975.907s][info][gc] GC(6145) Pause Young (Normal) (G1 Evacuation Pause) 524M->178M(620M) 2.114ms
[976.017s][info][gc] GC(6146) Pause Young (Normal) (G1 Evacuation Pause) 526M->182M(620M) 2.401ms
[976.123s][info][gc] GC(6147) Pause Young (Normal) (G1 Evacuation Pause) 526M->187M(620M) 2.393ms
[976.227s][info][gc] GC(6148) Pause Young (Normal) (G1 Evacuation Pause) 527M->190M(620M) 2.485ms
[976.328s][info][gc] GC(6149) Pause Young (Normal) (G1 Evacuation Pause) 530M->191M(744M) 2.674ms
[976.459s][info][gc] GC(6150) Pause Young (Normal) (G1 Evacuation Pause) 607M->195M(744M) 2.827ms
[976.586s][info][gc] GC(6151) Pause Young (Normal) (G1 Evacuation Pause) 607M->198M(744M) 2.541ms
[976.709s][info][gc] GC(6152) Pause Young (Normal) (G1 Evacuation Pause) 606M->201M(744M) 2.849ms
[976.830s][info][gc] GC(6153) Pause Young (Normal) (G1 Evacuation Pause) 613M->204M(744M) 2.631ms
[976.963s][info][gc] GC(6154) Pause Young (Normal) (G1 Evacuation Pause) 616M->207M(744M) 2.584ms
[977.085s][info][gc] GC(6155) Pause Young (Normal) (G1 Evacuation Pause) 619M->212M(744M) 2.654ms
[977.213s][info][gc] GC(6156) Pause Young (Normal) (G1 Evacuation Pause) 620M->217M(744M) 2.844ms
[977.336s][info][gc] GC(6157) Pause Young (Normal) (G1 Evacuation Pause) 621M->217M(744M) 2.746ms
[977.462s][info][gc] GC(6158) Pause Young (Normal) (G1 Evacuation Pause) 629M->222M(744M) 2.693ms
[977.591s][info][gc] GC(6159) Pause Young (Normal) (G1 Evacuation Pause) 634M->226M(744M) 2.920ms
[977.717s][info][gc] GC(6160) Pause Young (Normal) (G1 Evacuation Pause) 638M->228M(744M) 2.640ms
[977.847s][info][gc] GC(6161) Pause Young (Normal) (G1 Evacuation Pause) 640M->232M(744M) 2.982ms
[977.978s][info][gc] GC(6162) Pause Young (Normal) (G1 Evacuation Pause) 640M->236M(744M) 3.046ms
[978.100s][info][gc] GC(6163) Pause Young (Normal) (G1 Evacuation Pause) 648M->239M(744M) 2.549ms
[978.232s][info][gc] GC(6164) Pause Young (Normal) (G1 Evacuation Pause) 651M->242M(744M) 2.651ms
[978.360s][info][gc] GC(6165) Pause Young (Normal) (G1 Evacuation Pause) 650M->247M(744M) 2.844ms
[978.486s][info][gc] GC(6166) Pause Young (Normal) (G1 Evacuation Pause) 655M->249M(744M) 2.691ms
[978.609s][info][gc] GC(6167) Pause Young (Normal) (G1 Evacuation Pause) 661M->252M(744M) 2.752ms
[978.730s][info][gc] GC(6168) Pause Young (Normal) (G1 Evacuation Pause) 664M->257M(744M) 2.605ms
[978.852s][info][gc] GC(6169) Pause Young (Normal) (G1 Evacuation Pause) 657M->258M(744M) 2.763ms
[978.974s][info][gc] GC(6170) Pause Young (Normal) (G1 Evacuation Pause) 666M->263M(744M) 2.655ms
[979.102s][info][gc] GC(6171) Pause Young (Normal) (G1 Evacuation Pause) 667M->266M(744M) 2.641ms
[979.220s][info][gc] GC(6172) Pause Young (Normal) (G1 Evacuation Pause) 666M->269M(744M) 2.625ms
[979.337s][info][gc] GC(6173) Pause Young (Normal) (G1 Evacuation Pause) 669M->274M(744M) 2.571ms
[979.460s][info][gc] GC(6174) Pause Young (Normal) (G1 Evacuation Pause) 666M->276M(744M) 2.797ms
[979.577s][info][gc] GC(6175) Pause Young (Normal) (G1 Evacuation Pause) 664M->281M(744M) 2.738ms
[979.695s][info][gc] GC(6176) Pause Young (Normal) (G1 Evacuation Pause) 665M->282M(744M) 2.803ms
[979.810s][info][gc] GC(6177) Pause Young (Normal) (G1 Evacuation Pause) 662M->285M(744M) 2.670ms
[979.926s][info][gc] GC(6178) Pause Young (Concurrent Start) (G1 Evacuation Pause) 665M->288M(744M) 2.621ms
[979.926s][info][gc] GC(6179) Concurrent Mark Cycle
[979.966s][info][gc] GC(6179) Pause Remark 418M->323M(668M) 0.442ms
[979.995s][info][gc] GC(6179) Pause Cleanup 414M->414M(668M) 0.056ms
[979.995s][info][gc] GC(6179) Concurrent Mark Cycle 69.116ms
[980.045s][info][gc] GC(6180) Pause Young (Prepare Mixed) (G1 Evacuation Pause) 562M->196M(668M) 2.430ms
[980.155s][info][gc] GC(6181) Pause Young (Mixed) (G1 Evacuation Pause) 564M->197M(668M) 2.355ms
[980.266s][info][gc] GC(6182) Pause Young (Normal) (G1 Evacuation Pause) 565M->199M(668M) 2.445ms
[980.375s][info][gc] GC(6183) Pause Young (Normal) (G1 Evacuation Pause) 563M->203M(668M) 2.602ms
[980.488s][info][gc] GC(6184) Pause Young (Normal) (G1 Evacuation Pause) 571M->206M(668M) 2.530ms
[980.601s][info][gc] GC(6185) Pause Young (Normal) (G1 Evacuation Pause) 574M->208M(668M) 2.441ms
[980.710s][info][gc] GC(6186) Pause Young (Normal) (G1 Evacuation Pause) 576M->210M(668M) 2.661ms
[980.825s][info][gc] GC(6187) Pause Young (Normal) (G1 Evacuation Pause) 578M->214M(668M) 2.841ms
[980.934s][info][gc] GC(6188) Pause Young (Normal) (G1 Evacuation Pause) 582M->216M(804M) 2.635ms
[981.074s][info][gc] GC(6189) Pause Young (Normal) (G1 Evacuation Pause) 668M->222M(804M) 2.691ms
[981.210s][info][gc] GC(6190) Pause Young (Normal) (G1 Evacuation Pause) 666M->224M(804M) 2.948ms
[981.348s][info][gc] GC(6191) Pause Young (Normal) (G1 Evacuation Pause) 668M->228M(804M) 2.968ms
[981.482s][info][gc] GC(6192) Pause Young (Normal) (G1 Evacuation Pause) 672M->232M(804M) 2.757ms
[981.629s][info][gc] GC(6193) Pause Young (Normal) (G1 Evacuation Pause) 676M->236M(804M) 3.334ms
[981.764s][info][gc] GC(6194) Pause Young (Normal) (G1 Evacuation Pause) 680M->240M(804M) 2.731ms
[981.901s][info][gc] GC(6195) Pause Young (Normal) (G1 Evacuation Pause) 684M->244M(804M) 2.757ms
[982.039s][info][gc] GC(6196) Pause Young (Normal) (G1 Evacuation Pause) 684M->246M(804M) 2.950ms
[982.175s][info][gc] GC(6197) Pause Young (Normal) (G1 Evacuation Pause) 690M->252M(804M) 3.108ms
[982.315s][info][gc] GC(6198) Pause Young (Normal) (G1 Evacuation Pause) 692M->255M(804M) 2.933ms
[982.452s][info][gc] GC(6199) Pause Young (Normal) (G1 Evacuation Pause) 699M->257M(804M) 2.648ms
[982.675s][info][gc] GC(6200) Pause Young (Normal) (G1 Evacuation Pause) 705M->265M(804M) 2.908ms
[982.849s][info][gc] GC(6201) Pause Young (Normal) (G1 Evacuation Pause) 705M->266M(804M) 3.110ms
[983.037s][info][gc] GC(6202) Pause Young (Normal) (G1 Evacuation Pause) 710M->271M(804M) 4.616ms
[983.223s][info][gc] GC(6203) Pause Young (Normal) (G1 Evacuation Pause) 715M->276M(804M) 2.985ms
[983.397s][info][gc] GC(6204) Pause Young (Normal) (G1 Evacuation Pause) 720M->279M(804M) 3.047ms
[983.564s][info][gc] GC(6205) Pause Young (Normal) (G1 Evacuation Pause) 719M->283M(804M) 2.991ms
[983.731s][info][gc] GC(6206) Pause Young (Normal) (G1 Evacuation Pause) 719M->285M(804M) 2.853ms
[983.904s][info][gc] GC(6207) Pause Young (Normal) (G1 Evacuation Pause) 721M->291M(804M) 3.311ms
[984.067s][info][gc] GC(6208) Pause Young (Normal) (G1 Evacuation Pause) 727M->292M(804M) 2.645ms
[984.232s][info][gc] GC(6209) Pause Young (Normal) (G1 Evacuation Pause) 720M->297M(804M) 2.644ms
[984.404s][info][gc] GC(6210) Pause Young (Normal) (G1 Evacuation Pause) 721M->299M(804M) 3.505ms
[984.562s][info][gc] GC(6211) Pause Young (Normal) (G1 Evacuation Pause) 719M->305M(804M) 2.659ms
[984.724s][info][gc] GC(6212) Pause Young (Normal) (G1 Evacuation Pause) 721M->307M(804M) 2.896ms
[984.880s][info][gc] GC(6213) Pause Young (Concurrent Start) (G1 Evacuation Pause) 719M->310M(804M) 2.674ms
[984.880s][info][gc] GC(6214) Concurrent Mark Cycle
[984.901s][info][gc] GC(6214) Pause Remark 365M->361M(804M) 0.431ms
[984.915s][info][gc] GC(6214) Pause Cleanup 389M->389M(804M) 0.077ms
[984.916s][info][gc] GC(6214) Concurrent Mark Cycle 35.765ms
[985.038s][info][gc] GC(6215) Pause Young (Prepare Mixed) (G1 Evacuation Pause) 714M->309M(804M) 2.688ms
[985.201s][info][gc] GC(6216) Pause Young (Mixed) (G1 Evacuation Pause) 717M->236M(804M) 2.930ms
[985.368s][info][gc] GC(6217) Pause Young (Mixed) (G1 Evacuation Pause) 680M->166M(804M) 3.360ms
[985.534s][info][gc] GC(6218) Pause Young (Mixed) (G1 Evacuation Pause) 606M->164M(804M) 2.960ms
[985.706s][info][gc] GC(6219) Pause Young (Normal) (G1 Evacuation Pause) 604M->167M(804M) 3.580ms
[985.877s][info][gc] GC(6220) Pause Young (Normal) (G1 Evacuation Pause) 607M->171M(804M) 2.950ms
[986.045s][info][gc] GC(6221) Pause Young (Normal) (G1 Evacuation Pause) 615M->175M(804M) 2.642ms
[986.211s][info][gc] GC(6222) Pause Young (Normal) (G1 Evacuation Pause) 619M->177M(804M) 2.572ms
[986.382s][info][gc] GC(6223) Pause Young (Normal) (G1 Evacuation Pause) 621M->184M(804M) 2.610ms
[986.547s][info][gc] GC(6224) Pause Young (Normal) (G1 Evacuation Pause) 624M->186M(804M) 2.737ms
[986.732s][info][gc] GC(6225) Pause Young (Normal) (G1 Evacuation Pause) 630M->189M(804M) 2.732ms
[986.899s][info][gc] GC(6226) Pause Young (Normal) (G1 Evacuation Pause) 633M->192M(804M) 2.673ms
[987.066s][info][gc] GC(6227) Pause Young (Normal) (G1 Evacuation Pause) 636M->197M(804M) 2.656ms
[987.240s][info][gc] GC(6228) Pause Young (Normal) (G1 Evacuation Pause) 641M->200M(804M) 2.733ms
[987.408s][info][gc] GC(6229) Pause Young (Normal) (G1 Evacuation Pause) 644M->203M(804M) 2.970ms
[987.584s][info][gc] GC(6230) Pause Young (Normal) (G1 Evacuation Pause) 647M->209M(804M) 2.597ms
[987.764s][info][gc] GC(6231) Pause Young (Normal) (G1 Evacuation Pause) 653M->213M(804M) 2.832ms
[987.954s][info][gc] GC(6232) Pause Young (Normal) (G1 Evacuation Pause) 657M->218M(804M) 2.830ms
[988.139s][info][gc] GC(6233) Pause Young (Normal) (G1 Evacuation Pause) 662M->220M(804M) 3.230ms
[988.308s][info][gc] GC(6234) Pause Young (Normal) (G1 Evacuation Pause) 664M->223M(804M) 2.794ms
[988.482s][info][gc] GC(6235) Pause Young (Normal) (G1 Evacuation Pause) 667M->228M(804M) 2.809ms
[988.650s][info][gc] GC(6236) Pause Young (Normal) (G1 Evacuation Pause) 672M->231M(804M) 2.704ms
[988.851s][info][gc] GC(6237) Pause Young (Normal) (G1 Evacuation Pause) 675M->234M(804M) 2.683ms
[989.076s][info][gc] GC(6238) Pause Young (Normal) (G1 Evacuation Pause) 678M->237M(804M) 2.728ms
[989.304s][info][gc] GC(6239) Pause Young (Normal) (G1 Evacuation Pause) 681M->242M(804M) 2.944ms
[989.536s][info][gc] GC(6240) Pause Young (Normal) (G1 Evacuation Pause) 686M->247M(804M) 2.696ms
[989.769s][info][gc] GC(6241) Pause Young (Normal) (G1 Evacuation Pause) 691M->250M(804M) 2.871ms
[990.001s][info][gc] GC(6242) Pause Young (Normal) (G1 Evacuation Pause) 694M->252M(804M) 2.613ms
[990.236s][info][gc] GC(6243) Pause Young (Normal) (G1 Evacuation Pause) 696M->259M(804M) 2.849ms
[990.469s][info][gc] GC(6244) Pause Young (Normal) (G1 Evacuation Pause) 703M->262M(804M) 2.716ms
[990.692s][info][gc] GC(6245) Pause Young (Normal) (G1 Evacuation Pause) 706M->265M(804M) 2.982ms
[990.921s][info][gc] GC(6246) Pause Young (Normal) (G1 Evacuation Pause) 709M->269M(804M) 2.651ms
[991.142s][info][gc] GC(6247) Pause Young (Normal) (G1 Evacuation Pause) 709M->273M(804M) 2.700ms
[991.370s][info][gc] GC(6248) Pause Young (Normal) (G1 Evacuation Pause) 717M->277M(804M) 2.535ms
[991.594s][info][gc] GC(6249) Pause Young (Normal) (G1 Evacuation Pause) 717M->280M(804M) 2.722ms
[991.816s][info][gc] GC(6250) Pause Young (Normal) (G1 Evacuation Pause) 716M->283M(804M) 2.495ms
[992.035s][info][gc] GC(6251) Pause Young (Normal) (G1 Evacuation Pause) 715M->286M(804M) 2.684ms
[992.262s][info][gc] GC(6252) Pause Young (Normal) (G1 Evacuation Pause) 722M->291M(804M) 2.680ms
[992.476s][info][gc] GC(6253) Pause Young (Normal) (G1 Evacuation Pause) 715M->294M(804M) 2.872ms
[992.698s][info][gc] GC(6254) Pause Young (Normal) (G1 Evacuation Pause) 722M->298M(804M) 2.754ms
[992.918s][info][gc] GC(6255) Pause Young (Normal) (G1 Evacuation Pause) 714M->300M(804M) 2.661ms
[993.141s][info][gc] GC(6256) Pause Young (Normal) (G1 Evacuation Pause) 720M->306M(804M) 3.086ms
[993.359s][info][gc] GC(6257) Pause Young (Normal) (G1 Evacuation Pause) 714M->309M(804M) 2.914ms
[993.571s][info][gc] GC(6258) Pause Young (Concurrent Start) (G1 Evacuation Pause) 717M->314M(804M) 2.532ms
[993.571s][info][gc] GC(6259) Concurrent Mark Cycle
[993.601s][info][gc] GC(6259) Pause Remark 368M->340M(804M) 0.453ms
[993.630s][info][gc] GC(6259) Pause Cleanup 400M->400M(804M) 0.067ms
[993.631s][info][gc] GC(6259) Concurrent Mark Cycle 59.835ms
[993.782s][info][gc] GC(6260) Pause Young (Prepare Mixed) (G1 Evacuation Pause) 690M->288M(804M) 2.490ms
[994.005s][info][gc] GC(6261) Pause Young (Mixed) (G1 Evacuation Pause) 724M->236M(804M) 3.769ms
[994.274s][info][gc] GC(6262) Pause Young (Mixed) (G1 Evacuation Pause) 680M->230M(804M) 3.342ms
[995.107s][info][gc] GC(6263) Pause Young (Normal) (G1 Evacuation Pause) 674M->233M(804M) 2.511ms
[995.971s][info][gc] GC(6264) Pause Young (Normal) (G1 Evacuation Pause) 677M->238M(804M) 2.487ms
[996.821s][info][gc] GC(6265) Pause Young (Normal) (G1 Evacuation Pause) 682M->241M(804M) 2.440ms
[997.687s][info][gc] GC(6266) Pause Young (Normal) (G1 Evacuation Pause) 685M->246M(804M) 2.739ms
[998.570s][info][gc] GC(6267) Pause Young (Normal) (G1 Evacuation Pause) 690M->250M(804M) 2.508ms
[999.446s][info][gc] GC(6268) Pause Young (Normal) (G1 Evacuation Pause) 694M->254M(804M) 3.414ms
[999.646s][info][gc] GC(6269) Pause Young (Normal) (G1 Evacuation Pause) 694M->260M(804M) 2.934ms
[999.834s][info][gc] GC(6270) Pause Young (Normal) (G1 Evacuation Pause) 704M->263M(804M) 2.805ms
[1000.024s][info][gc] GC(6271) Pause Young (Normal) (G1 Evacuation Pause) 707M->271M(804M) 2.918ms
[1000.203s][info][gc] GC(6272) Pause Young (Normal) (G1 Evacuation Pause) 711M->272M(804M) 2.774ms
[1000.392s][info][gc] GC(6273) Pause Young (Normal) (G1 Evacuation Pause) 716M->276M(804M) 3.108ms
[1000.585s][info][gc] GC(6274) Pause Young (Normal) (G1 Evacuation Pause) 720M->279M(804M) 3.101ms
[1000.769s][info][gc] GC(6275) Pause Young (Normal) (G1 Evacuation Pause) 723M->283M(804M) 3.014ms
[1000.961s][info][gc] GC(6276) Pause Young (Normal) (G1 Evacuation Pause) 723M->288M(804M) 3.055ms
[1001.145s][info][gc] GC(6277) Pause Young (Normal) (G1 Evacuation Pause) 720M->292M(804M) 2.698ms
[1001.326s][info][gc] GC(6278) Pause Young (Normal) (G1 Evacuation Pause) 720M->296M(804M) 2.832ms
[1001.505s][info][gc] GC(6279) Pause Young (Normal) (G1 Evacuation Pause) 720M->298M(804M) 2.641ms
[1001.684s][info][gc] GC(6280) Pause Young (Normal) (G1 Evacuation Pause) 718M->301M(804M) 2.564ms
[1001.936s][info][gc] GC(6281) Pause Young (Normal) (G1 Evacuation Pause) 717M->306M(804M) 2.660ms
[1002.107s][info][gc] GC(6282) Pause Young (Normal) (G1 Evacuation Pause) 714M->307M(804M) 2.720ms
[1002.288s][info][gc] GC(6283) Pause Young (Normal) (G1 Evacuation Pause) 727M->312M(804M) 2.805ms
[1002.474s][info][gc] GC(6284) Pause Young (Normal) (G1 Evacuation Pause) 716M->315M(804M) 3.260ms
[1002.649s][info][gc] GC(6285) Pause Young (Concurrent Start) (G1 Evacuation Pause) 719M->318M(804M) 2.599ms
[1002.649s][info][gc] GC(6286) Concurrent Mark Cycle
[1002.659s][info][gc] GC(6286) Pause Remark 342M->166M(496M) 0.496ms
[1002.662s][info][gc] GC(6286) Pause Cleanup 170M->170M(496M) 0.052ms
[1002.662s][info][gc] GC(6286) Concurrent Mark Cycle 12.834ms
[1002.770s][info][gc] GC(6287) Pause Young (Prepare Mixed) (G1 Evacuation Pause) 402M->144M(496M) 2.627ms
[1002.892s][info][gc] GC(6288) Pause Young (Mixed) (G1 Evacuation Pause) 420M->97M(496M) 2.121ms
[1003.009s][info][gc] GC(6289) Pause Young (Mixed) (G1 Evacuation Pause) 369M->96M(496M) 2.091ms
[1003.126s][info][gc] GC(6290) Pause Young (Normal) (G1 Evacuation Pause) 368M->99M(496M) 1.995ms
[1003.245s][info][gc] GC(6291) Pause Young (Normal) (G1 Evacuation Pause) 371M->102M(596M) 1.951ms
[1003.391s][info][gc] GC(6292) Pause Young (Normal) (G1 Evacuation Pause) 434M->105M(596M) 2.365ms
[1003.530s][info][gc] GC(6293) Pause Young (Normal) (G1 Evacuation Pause) 433M->107M(596M) 2.104ms
[1003.666s][info][gc] GC(6294) Pause Young (Normal) (G1 Evacuation Pause) 431M->109M(596M) 2.218ms
[1003.802s][info][gc] GC(6295) Pause Young (Normal) (G1 Evacuation Pause) 437M->112M(596M) 2.178ms
[1003.949s][info][gc] GC(6296) Pause Young (Normal) (G1 Evacuation Pause) 440M->114M(596M) 2.109ms
[1004.169s][info][gc] GC(6297) Pause Young (Normal) (G1 Evacuation Pause) 438M->118M(596M) 2.618ms
[1004.302s][info][gc] GC(6298) Pause Young (Normal) (G1 Evacuation Pause) 442M->120M(596M) 2.380ms
[1004.437s][info][gc] GC(6299) Pause Young (Normal) (G1 Evacuation Pause) 448M->124M(596M) 2.238ms
[1004.571s][info][gc] GC(6300) Pause Young (Normal) (G1 Evacuation Pause) 448M->127M(596M) 2.274ms
[1004.719s][info][gc] GC(6301) Pause Young (Normal) (G1 Evacuation Pause) 455M->129M(596M) 2.330ms
[1004.852s][info][gc] GC(6302) Pause Young (Normal) (G1 Evacuation Pause) 457M->132M(596M) 2.360ms
[1004.989s][info][gc] GC(6303) Pause Young (Normal) (G1 Evacuation Pause) 460M->135M(596M) 2.381ms
[1005.125s][info][gc] GC(6304) Pause Young (Normal) (G1 Evacuation Pause) 463M->137M(596M) 2.381ms
[1005.267s][info][gc] GC(6305) Pause Young (Normal) (G1 Evacuation Pause) 465M->139M(596M) 2.406ms
[1005.408s][info][gc] GC(6306) Pause Young (Normal) (G1 Evacuation Pause) 463M->144M(596M) 2.596ms
[1005.545s][info][gc] GC(6307) Pause Young (Normal) (G1 Evacuation Pause) 468M->146M(596M) 2.504ms
[1005.683s][info][gc] GC(6308) Pause Young (Normal) (G1 Evacuation Pause) 470M->148M(596M) 2.177ms
[1005.825s][info][gc] GC(6309) Pause Young (Normal) (G1 Evacuation Pause) 476M->150M(596M) 2.152ms
[1005.966s][info][gc] GC(6310) Pause Young (Normal) (G1 Evacuation Pause) 478M->155M(596M) 2.318ms
[1006.100s][info][gc] GC(6311) Pause Young (Normal) (G1 Evacuation Pause) 479M->157M(596M) 2.297ms
[1006.234s][info][gc] GC(6312) Pause Young (Normal) (G1 Evacuation Pause) 481M->158M(596M) 2.217ms
[1006.371s][info][gc] GC(6313) Pause Young (Normal) (G1 Evacuation Pause) 482M->159M(596M) 2.063ms
[1006.591s][info][gc] GC(6314) Pause Young (Normal) (G1 Evacuation Pause) 487M->166M(596M) 2.294ms
[1006.723s][info][gc] GC(6315) Pause Young (Normal) (G1 Evacuation Pause) 486M->168M(596M) 2.470ms
[1006.862s][info][gc] GC(6316) Pause Young (Normal) (G1 Evacuation Pause) 496M->171M(596M) 2.297ms
[1006.995s][info][gc] GC(6317) Pause Young (Normal) (G1 Evacuation Pause) 499M->173M(596M) 2.309ms
[1007.142s][info][gc] GC(6318) Pause Young (Normal) (G1 Evacuation Pause) 501M->175M(596M) 2.221ms
[1007.278s][info][gc] GC(6319) Pause Young (Normal) (G1 Evacuation Pause) 503M->179M(596M) 2.294ms
[1007.412s][info][gc] GC(6320) Pause Young (Normal) (G1 Evacuation Pause) 503M->182M(596M) 2.411ms
[1007.546s][info][gc] GC(6321) Pause Young (Normal) (G1 Evacuation Pause) 510M->184M(596M) 2.291ms
[1007.687s][info][gc] GC(6322) Pause Young (Normal) (G1 Evacuation Pause) 512M->185M(596M) 2.259ms
[1007.834s][info][gc] GC(6323) Pause Young (Normal) (G1 Evacuation Pause) 513M->189M(596M) 2.229ms
[1007.975s][info][gc] GC(6324) Pause Young (Normal) (G1 Evacuation Pause) 517M->193M(596M) 2.288ms
[1008.113s][info][gc] GC(6325) Pause Young (Normal) (G1 Evacuation Pause) 517M->195M(596M) 2.183ms
[1008.257s][info][gc] GC(6326) Pause Young (Normal) (G1 Evacuation Pause) 519M->195M(596M) 2.243ms
[1008.399s][info][gc] GC(6327) Pause Young (Normal) (G1 Evacuation Pause) 523M->200M(596M) 2.328ms
[1008.533s][info][gc] GC(6328) Pause Young (Normal) (G1 Evacuation Pause) 524M->204M(596M) 2.332ms
[1008.668s][info][gc] GC(6329) Pause Young (Normal) (G1 Evacuation Pause) 524M->206M(596M) 2.291ms
[1008.872s][info][gc] GC(6330) Pause Young (Normal) (G1 Evacuation Pause) 530M->210M(596M) 2.203ms
[1009.013s][info][gc] GC(6331) Pause Young (Normal) (G1 Evacuation Pause) 530M->212M(596M) 2.261ms
[1009.146s][info][gc] GC(6332) Pause Young (Normal) (G1 Evacuation Pause) 532M->215M(596M) 2.256ms
[1009.281s][info][gc] GC(6333) Pause Young (Normal) (G1 Evacuation Pause) 531M->218M(596M) 2.282ms
[1009.411s][info][gc] GC(6334) Pause Young (Normal) (G1 Evacuation Pause) 530M->219M(596M) 2.238ms
[1009.538s][info][gc] GC(6335) Pause Young (Normal) (G1 Evacuation Pause) 535M->223M(596M) 2.138ms
[1009.676s][info][gc] GC(6336) Pause Young (Normal) (G1 Evacuation Pause) 531M->224M(596M) 2.419ms
[1009.804s][info][gc] GC(6337) Pause Young (Concurrent Start) (G1 Evacuation Pause) 528M->228M(596M) 2.321ms
[1009.804s][info][gc] GC(6338) Concurrent Mark Cycle
[1009.812s][info][gc] GC(6338) Pause Remark 248M->130M(376M) 0.431ms
[1009.815s][info][gc] GC(6338) Pause Cleanup 138M->138M(376M) 0.050ms
[1009.815s][info][gc] GC(6338) Concurrent Mark Cycle 11.158ms
[1009.884s][info][gc] GC(6339) Pause Young (Prepare Mixed) (G1 Evacuation Pause) 306M->110M(376M) 2.049ms
[1009.974s][info][gc] GC(6340) Pause Young (Mixed) (G1 Evacuation Pause) 318M->82M(376M) 1.861ms
[1010.063s][info][gc] GC(6341) Pause Young (Normal) (G1 Evacuation Pause) 286M->86M(376M) 1.621ms
[1010.151s][info][gc] GC(6342) Pause Young (Normal) (G1 Evacuation Pause) 294M->86M(452M) 1.514ms
[1010.258s][info][gc] GC(6343) Pause Young (Normal) (G1 Evacuation Pause) 334M->88M(452M) 1.801ms
[1010.361s][info][gc] GC(6344) Pause Young (Normal) (G1 Evacuation Pause) 336M->90M(452M) 1.689ms
[1010.467s][info][gc] GC(6345) Pause Young (Normal) (G1 Evacuation Pause) 334M->93M(452M) 1.784ms
[1010.561s][info][gc] GC(6346) Pause Young (Normal) (G1 Evacuation Pause) 337M->93M(544M) 1.695ms
[1010.697s][info][gc] GC(6347) Pause Young (Normal) (G1 Evacuation Pause) 397M->96M(544M) 1.902ms
[1010.822s][info][gc] GC(6348) Pause Young (Normal) (G1 Evacuation Pause) 396M->99M(544M) 1.984ms
[1010.950s][info][gc] GC(6349) Pause Young (Normal) (G1 Evacuation Pause) 399M->104M(544M) 2.093ms
[1011.143s][info][gc] GC(6350) Pause Young (Normal) (G1 Evacuation Pause) 400M->105M(544M) 2.327ms
[1011.272s][info][gc] GC(6351) Pause Young (Normal) (G1 Evacuation Pause) 401M->107M(544M) 2.570ms
[1011.403s][info][gc] GC(6352) Pause Young (Normal) (G1 Evacuation Pause) 403M->111M(544M) 2.280ms
[1011.535s][info][gc] GC(6353) Pause Young (Normal) (G1 Evacuation Pause) 407M->112M(544M) 2.127ms
[1011.669s][info][gc] GC(6354) Pause Young (Normal) (G1 Evacuation Pause) 408M->117M(544M) 2.172ms
[1011.793s][info][gc] GC(6355) Pause Young (Normal) (G1 Evacuation Pause) 409M->118M(544M) 2.335ms
[1011.921s][info][gc] GC(6356) Pause Young (Normal) (G1 Evacuation Pause) 414M->120M(544M) 2.203ms
[1012.046s][info][gc] GC(6357) Pause Young (Normal) (G1 Evacuation Pause) 416M->124M(544M) 2.195ms
[1012.171s][info][gc] GC(6358) Pause Young (Normal) (G1 Evacuation Pause) 420M->125M(544M) 2.143ms
[1012.297s][info][gc] GC(6359) Pause Young (Normal) (G1 Evacuation Pause) 425M->129M(544M) 2.291ms
[1012.420s][info][gc] GC(6360) Pause Young (Normal) (G1 Evacuation Pause) 425M->130M(544M) 2.102ms
[1012.551s][info][gc] GC(6361) Pause Young (Normal) (G1 Evacuation Pause) 430M->133M(544M) 2.053ms
[1012.679s][info][gc] GC(6362) Pause Young (Normal) (G1 Evacuation Pause) 429M->135M(544M) 2.362ms
[1012.834s][info][gc] GC(6363) Pause Young (Normal) (G1 Evacuation Pause) 431M->137M(544M) 2.371ms
[1012.968s][info][gc] GC(6364) Pause Young (Normal) (G1 Evacuation Pause) 433M->140M(544M) 2.158ms
[1013.091s][info][gc] GC(6365) Pause Young (Normal) (G1 Evacuation Pause) 436M->142M(544M) 2.265ms
[1013.223s][info][gc] GC(6366) Pause Young (Normal) (G1 Evacuation Pause) 442M->145M(544M) 2.001ms
[1013.348s][info][gc] GC(6367) Pause Young (Normal) (G1 Evacuation Pause) 441M->148M(544M) 2.223ms
[1013.540s][info][gc] GC(6368) Pause Young (Normal) (G1 Evacuation Pause) 444M->150M(544M) 2.017ms
[1013.662s][info][gc] GC(6369) Pause Young (Normal) (G1 Evacuation Pause) 446M->153M(544M) 2.334ms
[1013.795s][info][gc] GC(6370) Pause Young (Normal) (G1 Evacuation Pause) 449M->155M(544M) 2.118ms
[1013.922s][info][gc] GC(6371) Pause Young (Normal) (G1 Evacuation Pause) 451M->158M(544M) 2.299ms
[1014.047s][info][gc] GC(6372) Pause Young (Normal) (G1 Evacuation Pause) 454M->160M(544M) 2.181ms
[1014.173s][info][gc] GC(6373) Pause Young (Normal) (G1 Evacuation Pause) 456M->163M(544M) 2.300ms
[1014.301s][info][gc] GC(6374) Pause Young (Normal) (G1 Evacuation Pause) 459M->166M(544M) 2.296ms
[1014.426s][info][gc] GC(6375) Pause Young (Normal) (G1 Evacuation Pause) 462M->169M(544M) 2.183ms
[1014.550s][info][gc] GC(6376) Pause Young (Normal) (G1 Evacuation Pause) 465M->170M(544M) 2.274ms
[1014.677s][info][gc] GC(6377) Pause Young (Normal) (G1 Evacuation Pause) 470M->171M(544M) 1.826ms
[1014.811s][info][gc] GC(6378) Pause Young (Normal) (G1 Evacuation Pause) 467M->176M(544M) 2.199ms
[1014.932s][info][gc] GC(6379) Pause Young (Normal) (G1 Evacuation Pause) 468M->179M(544M) 2.279ms
[1015.060s][info][gc] GC(6380) Pause Young (Normal) (G1 Evacuation Pause) 475M->181M(544M) 2.278ms
[1015.187s][info][gc] GC(6381) Pause Young (Normal) (G1 Evacuation Pause) 477M->182M(544M) 2.130ms
[1015.314s][info][gc] GC(6382) Pause Young (Normal) (G1 Evacuation Pause) 478M->186M(544M) 2.365ms
[1015.436s][info][gc] GC(6383) Pause Young (Normal) (G1 Evacuation Pause) 482M->189M(544M) 2.115ms
[1015.555s][info][gc] GC(6384) Pause Young (Normal) (G1 Evacuation Pause) 477M->190M(544M) 1.922ms
[1015.684s][info][gc] GC(6385) Pause Young (Normal) (G1 Evacuation Pause) 486M->191M(544M) 1.865ms
[1015.874s][info][gc] GC(6386) Pause Young (Normal) (G1 Evacuation Pause) 483M->195M(544M) 2.032ms
[1016.005s][info][gc] GC(6387) Pause Young (Normal) (G1 Evacuation Pause) 479M->199M(544M) 2.464ms
[1016.125s][info][gc] GC(6388) Pause Young (Normal) (G1 Evacuation Pause) 479M->201M(544M) 2.377ms
[1016.248s][info][gc] GC(6389) Pause Young (Normal) (G1 Evacuation Pause) 485M->203M(656M) 2.077ms
[1016.408s][info][gc] GC(6390) Pause Young (Normal) (G1 Evacuation Pause) 571M->207M(656M) 3.017ms
[1016.560s][info][gc] GC(6391) Pause Young (Normal) (G1 Evacuation Pause) 571M->209M(656M) 2.131ms
[1016.717s][info][gc] GC(6392) Pause Young (Normal) (G1 Evacuation Pause) 573M->213M(656M) 2.316ms
[1016.865s][info][gc] GC(6393) Pause Young (Normal) (G1 Evacuation Pause) 573M->215M(656M) 2.527ms
[1017.022s][info][gc] GC(6394) Pause Young (Normal) (G1 Evacuation Pause) 575M->218M(656M) 2.734ms
[1017.174s][info][gc] GC(6395) Pause Young (Normal) (G1 Evacuation Pause) 578M->221M(656M) 2.557ms
[1017.325s][info][gc] GC(6396) Pause Young (Normal) (G1 Evacuation Pause) 581M->224M(656M) 2.468ms
[1017.476s][info][gc] GC(6397) Pause Young (Normal) (G1 Evacuation Pause) 584M->228M(656M) 2.524ms
[1017.630s][info][gc] GC(6398) Pause Young (Normal) (G1 Evacuation Pause) 584M->230M(656M) 2.741ms
[1017.783s][info][gc] GC(6399) Pause Young (Normal) (G1 Evacuation Pause) 586M->232M(656M) 2.447ms
[1017.936s][info][gc] GC(6400) Pause Young (Normal) (G1 Evacuation Pause) 584M->236M(656M) 2.535ms
[1018.185s][info][gc] GC(6401) Pause Young (Normal) (G1 Evacuation Pause) 580M->240M(656M) 2.365ms
[1018.332s][info][gc] GC(6402) Pause Young (Normal) (G1 Evacuation Pause) 584M->242M(656M) 2.419ms
[1018.483s][info][gc] GC(6403) Pause Young (Normal) (G1 Evacuation Pause) 582M->245M(656M) 2.321ms
[1018.625s][info][gc] GC(6404) Pause Young (Normal) (G1 Evacuation Pause) 581M->248M(656M) 2.639ms
[1018.759s][info][gc] GC(6405) Pause Young (Concurrent Start) (G1 Evacuation Pause) 580M->250M(656M) 2.381ms
[1018.759s][info][gc] GC(6406) Concurrent Mark Cycle
[1018.771s][info][gc] GC(6406) Pause Remark 281M->137M(360M) 0.461ms
[1018.774s][info][gc] GC(6406) Pause Cleanup 146M->146M(360M) 0.046ms
[1018.775s][info][gc] GC(6406) Concurrent Mark Cycle 15.969ms
[1018.845s][info][gc] GC(6407) Pause Young (Prepare Mixed) (G1 Evacuation Pause) 295M->109M(360M) 2.203ms
[1018.931s][info][gc] GC(6408) Pause Young (Mixed) (G1 Evacuation Pause) 309M->84M(360M) 1.581ms
[1019.009s][info][gc] GC(6409) Pause Young (Normal) (G1 Evacuation Pause) 284M->87M(360M) 1.644ms
[1019.096s][info][gc] GC(6410) Pause Young (Normal) (G1 Evacuation Pause) 287M->89M(360M) 1.496ms
[1019.182s][info][gc] GC(6411) Pause Young (Normal) (G1 Evacuation Pause) 285M->90M(432M) 1.676ms
[1019.279s][info][gc] GC(6412) Pause Young (Normal) (G1 Evacuation Pause) 330M->92M(432M) 1.643ms
[1019.388s][info][gc] GC(6413) Pause Young (Normal) (G1 Evacuation Pause) 328M->93M(432M) 1.656ms
[1019.484s][info][gc] GC(6414) Pause Young (Normal) (G1 Evacuation Pause) 329M->95M(432M) 1.670ms
[1019.579s][info][gc] GC(6415) Pause Young (Normal) (G1 Evacuation Pause) 331M->97M(520M) 1.715ms
[1019.708s][info][gc] GC(6416) Pause Young (Normal) (G1 Evacuation Pause) 389M->98M(520M) 1.879ms
[1019.831s][info][gc] GC(6417) Pause Young (Normal) (G1 Evacuation Pause) 386M->102M(520M) 1.958ms
[1019.950s][info][gc] GC(6418) Pause Young (Normal) (G1 Evacuation Pause) 386M->105M(520M) 2.135ms
[1020.072s][info][gc] GC(6419) Pause Young (Normal) (G1 Evacuation Pause) 389M->106M(520M) 2.071ms
[1020.196s][info][gc] GC(6420) Pause Young (Normal) (G1 Evacuation Pause) 394M->110M(520M) 1.967ms
[1020.323s][info][gc] GC(6421) Pause Young (Normal) (G1 Evacuation Pause) 394M->112M(520M) 2.205ms
[1020.524s][info][gc] GC(6422) Pause Young (Normal) (G1 Evacuation Pause) 400M->115M(520M) 2.380ms
[1020.648s][info][gc] GC(6423) Pause Young (Normal) (G1 Evacuation Pause) 403M->117M(520M) 2.061ms
[1020.772s][info][gc] GC(6424) Pause Young (Normal) (G1 Evacuation Pause) 405M->120M(520M) 2.132ms
[1020.890s][info][gc] GC(6425) Pause Young (Normal) (G1 Evacuation Pause) 404M->122M(520M) 2.148ms
[1021.012s][info][gc] GC(6426) Pause Young (Normal) (G1 Evacuation Pause) 410M->124M(520M) 2.024ms
[1021.132s][info][gc] GC(6427) Pause Young (Normal) (G1 Evacuation Pause) 412M->126M(520M) 1.971ms
[1021.263s][info][gc] GC(6428) Pause Young (Normal) (G1 Evacuation Pause) 414M->130M(520M) 2.165ms
[1021.384s][info][gc] GC(6429) Pause Young (Normal) (G1 Evacuation Pause) 414M->132M(520M) 2.363ms
[1021.503s][info][gc] GC(6430) Pause Young (Normal) (G1 Evacuation Pause) 416M->134M(520M) 2.149ms
[1021.622s][info][gc] GC(6431) Pause Young (Normal) (G1 Evacuation Pause) 422M->136M(520M) 2.107ms
[1021.739s][info][gc] GC(6432) Pause Young (Normal) (G1 Evacuation Pause) 424M->138M(520M) 1.947ms
[1021.863s][info][gc] GC(6433) Pause Young (Normal) (G1 Evacuation Pause) 426M->142M(520M) 1.905ms
[1021.980s][info][gc] GC(6434) Pause Young (Normal) (G1 Evacuation Pause) 430M->145M(520M) 2.033ms
[1022.098s][info][gc] GC(6435) Pause Young (Normal) (G1 Evacuation Pause) 429M->146M(520M) 1.957ms
[1022.217s][info][gc] GC(6436) Pause Young (Normal) (G1 Evacuation Pause) 434M->148M(520M) 2.000ms
[1022.340s][info][gc] GC(6437) Pause Young (Normal) (G1 Evacuation Pause) 436M->151M(520M) 2.015ms
[1022.460s][info][gc] GC(6438) Pause Young (Normal) (G1 Evacuation Pause) 439M->153M(520M) 2.076ms
[1022.582s][info][gc] GC(6439) Pause Young (Normal) (G1 Evacuation Pause) 441M->154M(520M) 1.832ms
[1022.778s][info][gc] GC(6440) Pause Young (Normal) (G1 Evacuation Pause) 442M->159M(520M) 2.196ms
[1022.876s][info][gc] GC(6441) Pause Young (Normal) (G1 Evacuation Pause) 443M->171M(520M) 2.953ms
[1022.947s][info][gc] GC(6442) Pause Young (Normal) (G1 Evacuation Pause) 451M->174M(520M) 2.726ms
[1023.042s][info][gc] GC(6443) Pause Young (Normal) (G1 Evacuation Pause) 462M->175M(520M) 2.573ms
[1023.120s][info][gc] GC(6444) Pause Young (Normal) (G1 Evacuation Pause) 463M->179M(520M) 2.521ms
[1023.211s][info][gc] GC(6445) Pause Young (Normal) (G1 Evacuation Pause) 467M->181M(624M) 2.335ms
[1023.302s][info][gc] GC(6446) Pause Young (Normal) (G1 Evacuation Pause) 529M->185M(624M) 2.374ms
[1023.402s][info][gc] GC(6447) Pause Young (Normal) (G1 Evacuation Pause) 529M->188M(624M) 2.376ms
[1023.489s][info][gc] GC(6448) Pause Young (Normal) (G1 Evacuation Pause) 532M->189M(624M) 2.346ms
[1023.591s][info][gc] GC(6449) Pause Young (Normal) (G1 Evacuation Pause) 533M->194M(752M) 2.900ms
[1023.708s][info][gc] GC(6450) Pause Young (Normal) (G1 Evacuation Pause) 610M->193M(752M) 2.714ms
[1023.819s][info][gc] GC(6451) Pause Young (Normal) (G1 Evacuation Pause) 609M->200M(752M) 2.838ms
[1023.933s][info][gc] GC(6452) Pause Young (Normal) (G1 Evacuation Pause) 612M->203M(752M) 2.899ms
[1024.042s][info][gc] GC(6453) Pause Young (Normal) (G1 Evacuation Pause) 615M->204M(752M) 2.771ms
[1024.157s][info][gc] GC(6454) Pause Young (Normal) (G1 Evacuation Pause) 620M->209M(904M) 2.943ms
[1024.299s][info][gc] GC(6455) Pause Young (Normal) (G1 Evacuation Pause) 713M->212M(904M) 3.099ms
[1024.438s][info][gc] GC(6456) Pause Young (Normal) (G1 Evacuation Pause) 712M->216M(904M) 3.132ms
[1024.575s][info][gc] GC(6457) Pause Young (Normal) (G1 Evacuation Pause) 716M->221M(904M) 3.460ms
[1024.716s][info][gc] GC(6458) Pause Young (Normal) (G1 Evacuation Pause) 721M->225M(904M) 3.299ms
[1024.852s][info][gc] GC(6459) Pause Young (Normal) (G1 Evacuation Pause) 725M->231M(904M) 3.167ms
[1024.987s][info][gc] GC(6460) Pause Young (Normal) (G1 Evacuation Pause) 727M->234M(904M) 3.233ms
[1025.123s][info][gc] GC(6461) Pause Young (Normal) (G1 Evacuation Pause) 730M->236M(904M) 3.377ms
[1025.252s][info][gc] GC(6462) Pause Young (Normal) (G1 Evacuation Pause) 736M->242M(904M) 3.059ms
[1025.397s][info][gc] GC(6463) Pause Young (Normal) (G1 Evacuation Pause) 738M->247M(904M) 3.354ms
[1025.532s][info][gc] GC(6464) Pause Young (Normal) (G1 Evacuation Pause) 747M->251M(904M) 3.490ms
[1025.671s][info][gc] GC(6465) Pause Young (Normal) (G1 Evacuation Pause) 751M->257M(904M) 3.370ms
[1025.803s][info][gc] GC(6466) Pause Young (Normal) (G1 Evacuation Pause) 753M->256M(904M) 2.944ms
[1025.939s][info][gc] GC(6467) Pause Young (Normal) (G1 Evacuation Pause) 760M->264M(904M) 3.052ms
[1026.079s][info][gc] GC(6468) Pause Young (Normal) (G1 Evacuation Pause) 760M->270M(904M) 3.428ms
[1026.211s][info][gc] GC(6469) Pause Young (Normal) (G1 Evacuation Pause) 766M->271M(904M) 3.116ms
[1026.354s][info][gc] GC(6470) Pause Young (Normal) (G1 Evacuation Pause) 771M->277M(904M) 3.148ms
[1026.486s][info][gc] GC(6471) Pause Young (Normal) (G1 Evacuation Pause) 777M->281M(904M) 3.091ms
[1026.632s][info][gc] GC(6472) Pause Young (Normal) (G1 Evacuation Pause) 781M->284M(904M) 3.389ms
[1026.773s][info][gc] GC(6473) Pause Young (Normal) (G1 Evacuation Pause) 784M->290M(904M) 3.472ms
[1026.912s][info][gc] GC(6474) Pause Young (Normal) (G1 Evacuation Pause) 790M->295M(904M) 3.144ms
[1027.047s][info][gc] GC(6475) Pause Young (Normal) (G1 Evacuation Pause) 791M->299M(904M) 3.081ms
[1027.178s][info][gc] GC(6476) Pause Young (Normal) (G1 Evacuation Pause) 799M->300M(904M) 3.227ms
[1027.318s][info][gc] GC(6477) Pause Young (Normal) (G1 Evacuation Pause) 800M->307M(904M) 3.085ms
[1027.459s][info][gc] GC(6478) Pause Young (Normal) (G1 Evacuation Pause) 803M->311M(904M) 3.634ms
[1027.602s][info][gc] GC(6479) Pause Young (Normal) (G1 Evacuation Pause) 811M->312M(904M) 3.037ms
[1027.739s][info][gc] GC(6480) Pause Young (Normal) (G1 Evacuation Pause) 808M->320M(904M) 3.428ms
[1027.886s][info][gc] GC(6481) Pause Young (Normal) (G1 Evacuation Pause) 812M->322M(904M) 3.161ms
[1028.023s][info][gc] GC(6482) Pause Young (Normal) (G1 Evacuation Pause) 810M->328M(904M) 3.302ms
[1028.166s][info][gc] GC(6483) Pause Young (Normal) (G1 Evacuation Pause) 812M->331M(904M) 3.198ms
[1028.298s][info][gc] GC(6484) Pause Young (Normal) (G1 Evacuation Pause) 811M->337M(904M) 3.064ms
[1028.433s][info][gc] GC(6485) Pause Young (Normal) (G1 Evacuation Pause) 813M->341M(904M) 3.267ms
[1028.564s][info][gc] GC(6486) Pause Young (Normal) (G1 Evacuation Pause) 813M->345M(904M) 3.064ms
[1028.689s][info][gc] GC(6487) Pause Young (Concurrent Start) (G1 Evacuation Pause) 813M->349M(904M) 3.227ms
[1028.689s][info][gc] GC(6488) Concurrent Mark Cycle
[1028.745s][info][gc] GC(6488) Pause Remark 511M->424M(880M) 0.458ms
[1028.772s][info][gc] GC(6488) Pause Cleanup 503M->503M(880M) 0.062ms
[1028.772s][info][gc] GC(6488) Concurrent Mark Cycle 83.077ms
[1028.831s][info][gc] GC(6489) Pause Young (Prepare Mixed) (G1 Evacuation Pause) 730M->264M(880M) 3.082ms
[1028.967s][info][gc] GC(6490) Pause Young (Mixed) (G1 Evacuation Pause) 752M->258M(880M) 3.153ms
[1029.112s][info][gc] GC(6491) Pause Young (Normal) (G1 Evacuation Pause) 742M->260M(880M) 3.140ms
[1029.253s][info][gc] GC(6492) Pause Young (Normal) (G1 Evacuation Pause) 748M->264M(880M) 3.208ms
[1029.394s][info][gc] GC(6493) Pause Young (Normal) (G1 Evacuation Pause) 748M->268M(880M) 3.761ms
[1029.549s][info][gc] GC(6494) Pause Young (Normal) (G1 Evacuation Pause) 752M->272M(880M) 3.743ms
[1029.688s][info][gc] GC(6495) Pause Young (Normal) (G1 Evacuation Pause) 756M->278M(880M) 3.266ms
[1029.833s][info][gc] GC(6496) Pause Young (Normal) (G1 Evacuation Pause) 766M->282M(880M) 3.352ms
[1029.983s][info][gc] GC(6497) Pause Young (Normal) (G1 Evacuation Pause) 770M->283M(880M) 3.578ms
[1030.129s][info][gc] GC(6498) Pause Young (Normal) (G1 Evacuation Pause) 771M->291M(880M) 3.828ms
[1030.265s][info][gc] GC(6499) Pause Young (Normal) (G1 Evacuation Pause) 775M->295M(880M) 3.471ms
[1030.399s][info][gc] GC(6500) Pause Young (Normal) (G1 Evacuation Pause) 783M->297M(880M) 3.072ms
[1030.535s][info][gc] GC(6501) Pause Young (Normal) (G1 Evacuation Pause) 785M->301M(880M) 3.088ms
[1030.676s][info][gc] GC(6502) Pause Young (Normal) (G1 Evacuation Pause) 785M->305M(880M) 3.434ms
[1030.821s][info][gc] GC(6503) Pause Young (Normal) (G1 Evacuation Pause) 785M->312M(880M) 3.385ms
[1030.957s][info][gc] GC(6504) Pause Young (Normal) (G1 Evacuation Pause) 788M->314M(880M) 3.523ms
[1031.085s][info][gc] GC(6505) Pause Young (Normal) (G1 Evacuation Pause) 790M->317M(880M) 2.941ms
[1031.215s][info][gc] GC(6506) Pause Young (Normal) (G1 Evacuation Pause) 789M->320M(880M) 2.989ms
[1031.349s][info][gc] GC(6507) Pause Young (Normal) (G1 Evacuation Pause) 796M->327M(880M) 3.044ms
[1031.483s][info][gc] GC(6508) Pause Young (Normal) (G1 Evacuation Pause) 791M->329M(880M) 3.067ms
[1031.605s][info][gc] GC(6509) Pause Young (Normal) (G1 Evacuation Pause) 789M->332M(880M) 3.537ms
[1031.781s][info][gc] GC(6510) Pause Young (Concurrent Start) (G1 Evacuation Pause) 796M->332M(880M) 2.651ms
[1031.781s][info][gc] GC(6511) Concurrent Mark Cycle
[1031.824s][info][gc] GC(6511) Pause Remark 393M->393M(880M) 0.501ms
[1031.874s][info][gc] GC(6511) Pause Cleanup 488M->488M(880M) 0.084ms
[1031.875s][info][gc] GC(6511) Concurrent Mark Cycle 93.486ms
[1032.002s][info][gc] GC(6512) Pause Young (Prepare Mixed) (G1 Evacuation Pause) 796M->341M(880M) 3.184ms
[1032.194s][info][gc] GC(6513) Pause Young (Mixed) (G1 Evacuation Pause) 789M->299M(880M) 5.154ms
[1032.403s][info][gc] GC(6514) Pause Young (Mixed) (G1 Evacuation Pause) 791M->279M(880M) 4.865ms
[1032.609s][info][gc] GC(6515) Pause Young (Normal) (G1 Evacuation Pause) 767M->287M(880M) 3.130ms
[1032.820s][info][gc] GC(6516) Pause Young (Normal) (G1 Evacuation Pause) 775M->291M(880M) 3.210ms
[1033.030s][info][gc] GC(6517) Pause Young (Normal) (G1 Evacuation Pause) 779M->297M(880M) 3.198ms
[1033.242s][info][gc] GC(6518) Pause Young (Normal) (G1 Evacuation Pause) 781M->300M(880M) 3.359ms
[1033.446s][info][gc] GC(6519) Pause Young (Normal) (G1 Evacuation Pause) 784M->303M(880M) 3.142ms
[1033.656s][info][gc] GC(6520) Pause Young (Normal) (G1 Evacuation Pause) 791M->307M(880M) 3.032ms
[1033.865s][info][gc] GC(6521) Pause Young (Normal) (G1 Evacuation Pause) 795M->312M(880M) 2.848ms
[1034.061s][info][gc] GC(6522) Pause Young (Normal) (G1 Evacuation Pause) 792M->316M(880M) 2.937ms
[1034.265s][info][gc] GC(6523) Pause Young (Normal) (G1 Evacuation Pause) 788M->319M(880M) 3.019ms
[1034.465s][info][gc] GC(6524) Pause Young (Normal) (G1 Evacuation Pause) 795M->324M(880M) 3.011ms
[1034.659s][info][gc] GC(6525) Pause Young (Normal) (G1 Evacuation Pause) 792M->329M(880M) 3.534ms
[1034.856s][info][gc] GC(6526) Pause Young (Normal) (G1 Evacuation Pause) 789M->332M(880M) 2.726ms
[1035.051s][info][gc] GC(6527) Pause Young (Concurrent Start) (G1 Evacuation Pause) 796M->336M(880M) 2.874ms
[1035.051s][info][gc] GC(6528) Concurrent Mark Cycle
[1035.068s][info][gc] GC(6528) Pause Remark 376M->224M(628M) 0.464ms
[1035.078s][info][gc] GC(6528) Pause Cleanup 238M->238M(628M) 0.065ms
[1035.078s][info][gc] GC(6528) Concurrent Mark Cycle 27.421ms
[1035.200s][info][gc] GC(6529) Pause Young (Prepare Mixed) (G1 Evacuation Pause) 524M->187M(628M) 2.857ms
[1035.347s][info][gc] GC(6530) Pause Young (Mixed) (G1 Evacuation Pause) 535M->142M(628M) 2.402ms
[1035.487s][info][gc] GC(6531) Pause Young (Normal) (G1 Evacuation Pause) 486M->144M(628M) 2.345ms
[1035.636s][info][gc] GC(6532) Pause Young (Normal) (G1 Evacuation Pause) 492M->148M(628M) 2.232ms
[1035.782s][info][gc] GC(6533) Pause Young (Normal) (G1 Evacuation Pause) 496M->152M(628M) 2.254ms
[1035.928s][info][gc] GC(6534) Pause Young (Normal) (G1 Evacuation Pause) 500M->153M(628M) 2.176ms
[1036.068s][info][gc] GC(6535) Pause Young (Normal) (G1 Evacuation Pause) 497M->157M(628M) 2.316ms
[1036.218s][info][gc] GC(6536) Pause Young (Normal) (G1 Evacuation Pause) 501M->159M(628M) 2.284ms
[1036.364s][info][gc] GC(6537) Pause Young (Normal) (G1 Evacuation Pause) 507M->161M(628M) 2.198ms
[1036.505s][info][gc] GC(6538) Pause Young (Normal) (G1 Evacuation Pause) 509M->166M(628M) 2.259ms
[1036.658s][info][gc] GC(6539) Pause Young (Normal) (G1 Evacuation Pause) 514M->168M(628M) 2.484ms
[1036.807s][info][gc] GC(6540) Pause Young (Normal) (G1 Evacuation Pause) 516M->171M(628M) 2.220ms
[1036.952s][info][gc] GC(6541) Pause Young (Normal) (G1 Evacuation Pause) 519M->174M(628M) 2.202ms
[1037.100s][info][gc] GC(6542) Pause Young (Normal) (G1 Evacuation Pause) 522M->177M(628M) 2.246ms
[1037.246s][info][gc] GC(6543) Pause Young (Normal) (G1 Evacuation Pause) 525M->181M(628M) 2.371ms
[1037.397s][info][gc] GC(6544) Pause Young (Normal) (G1 Evacuation Pause) 529M->182M(628M) 2.122ms
[1037.629s][info][gc] GC(6545) Pause Young (Normal) (G1 Evacuation Pause) 530M->184M(628M) 2.214ms
[1037.866s][info][gc] GC(6546) Pause Young (Normal) (G1 Evacuation Pause) 532M->188M(628M) 2.270ms
[1038.099s][info][gc] GC(6547) Pause Young (Normal) (G1 Evacuation Pause) 532M->193M(628M) 2.225ms
[1038.334s][info][gc] GC(6548) Pause Young (Normal) (G1 Evacuation Pause) 537M->193M(628M) 2.238ms
[1038.566s][info][gc] GC(6549) Pause Young (Normal) (G1 Evacuation Pause) 541M->197M(628M) 2.327ms
[1038.800s][info][gc] GC(6550) Pause Young (Normal) (G1 Evacuation Pause) 541M->200M(628M) 2.246ms
[1039.026s][info][gc] GC(6551) Pause Young (Normal) (G1 Evacuation Pause) 544M->202M(628M) 2.287ms
[1039.259s][info][gc] GC(6552) Pause Young (Normal) (G1 Evacuation Pause) 546M->204M(628M) 2.334ms
[1039.492s][info][gc] GC(6553) Pause Young (Normal) (G1 Evacuation Pause) 552M->208M(628M) 2.356ms
[1039.721s][info][gc] GC(6554) Pause Young (Normal) (G1 Evacuation Pause) 552M->211M(628M) 2.289ms
[1039.950s][info][gc] GC(6555) Pause Young (Normal) (G1 Evacuation Pause) 551M->215M(628M) 2.173ms
[1040.176s][info][gc] GC(6556) Pause Young (Normal) (G1 Evacuation Pause) 551M->218M(628M) 2.313ms
[1040.398s][info][gc] GC(6557) Pause Young (Normal) (G1 Evacuation Pause) 554M->220M(628M) 2.131ms
[1040.622s][info][gc] GC(6558) Pause Young (Normal) (G1 Evacuation Pause) 552M->223M(628M) 2.266ms
[1040.845s][info][gc] GC(6559) Pause Young (Normal) (G1 Evacuation Pause) 551M->226M(628M) 2.152ms
[1041.063s][info][gc] GC(6560) Pause Young (Normal) (G1 Evacuation Pause) 550M->227M(628M) 2.272ms
[1041.288s][info][gc] GC(6561) Pause Young (Normal) (G1 Evacuation Pause) 559M->230M(628M) 2.118ms
[1041.508s][info][gc] GC(6562) Pause Young (Normal) (G1 Evacuation Pause) 558M->233M(628M) 2.299ms
[1041.729s][info][gc] GC(6563) Pause Young (Normal) (G1 Evacuation Pause) 557M->236M(628M) 2.131ms
[1041.945s][info][gc] GC(6564) Pause Young (Concurrent Start) (G1 Evacuation Pause) 556M->240M(628M) 2.188ms
[1041.945s][info][gc] GC(6565) Concurrent Mark Cycle
[1041.966s][info][gc] GC(6565) Pause Remark 274M->274M(628M) 0.445ms
[1041.984s][info][gc] GC(6565) Pause Cleanup 298M->298M(628M) 0.095ms
[1041.985s][info][gc] GC(6565) Concurrent Mark Cycle 39.127ms
[1042.161s][info][gc] GC(6566) Pause Young (Prepare Mixed) (G1 Evacuation Pause) 556M->242M(628M) 2.016ms
[1042.368s][info][gc] GC(6567) Pause Young (Mixed) (G1 Evacuation Pause) 554M->206M(628M) 2.977ms
[1042.605s][info][gc] GC(6568) Pause Young (Mixed) (G1 Evacuation Pause) 558M->196M(628M) 2.787ms
[1042.897s][info][gc] GC(6569) Pause Young (Normal) (G1 Evacuation Pause) 544M->206M(628M) 2.603ms
[1043.031s][info][gc] GC(6570) Pause Young (Normal) (G1 Evacuation Pause) 550M->209M(628M) 2.502ms
[1043.164s][info][gc] GC(6571) Pause Young (Normal) (G1 Evacuation Pause) 553M->212M(628M) 2.533ms
[1043.296s][info][gc] GC(6572) Pause Young (Normal) (G1 Evacuation Pause) 556M->215M(628M) 2.422ms
[1043.423s][info][gc] GC(6573) Pause Young (Normal) (G1 Evacuation Pause) 555M->217M(628M) 2.459ms
[1043.548s][info][gc] GC(6574) Pause Young (Normal) (G1 Evacuation Pause) 553M->220M(628M) 2.400ms
[1043.675s][info][gc] GC(6575) Pause Young (Normal) (G1 Evacuation Pause) 556M->222M(628M) 2.346ms
[1043.802s][info][gc] GC(6576) Pause Young (Normal) (G1 Evacuation Pause) 558M->225M(628M) 2.177ms
[1043.928s][info][gc] GC(6577) Pause Young (Normal) (G1 Evacuation Pause) 553M->228M(628M) 2.349ms
[1044.053s][info][gc] GC(6578) Pause Young (Normal) (G1 Evacuation Pause) 560M->229M(628M) 2.138ms
[1044.183s][info][gc] GC(6579) Pause Young (Normal) (G1 Evacuation Pause) 561M->233M(628M) 2.336ms
[1044.303s][info][gc] GC(6580) Pause Young (Normal) (G1 Evacuation Pause) 557M->235M(628M) 2.340ms
[1044.426s][info][gc] GC(6581) Pause Young (Normal) (G1 Evacuation Pause) 559M->240M(628M) 2.275ms
[1044.546s][info][gc] GC(6582) Pause Young (Concurrent Start) (G1 Evacuation Pause) 560M->241M(628M) 2.210ms
[1044.546s][info][gc] GC(6583) Concurrent Mark Cycle
[1044.560s][info][gc] GC(6583) Pause Remark 279M->171M(456M) 0.465ms
[1044.567s][info][gc] GC(6583) Pause Cleanup 185M->185M(456M) 0.060ms
[1044.568s][info][gc] GC(6583) Concurrent Mark Cycle 21.311ms
[1044.636s][info][gc] GC(6584) Pause Young (Prepare Mixed) (G1 Evacuation Pause) 377M->136M(456M) 2.028ms
[1044.731s][info][gc] GC(6585) Pause Young (Mixed) (G1 Evacuation Pause) 384M->106M(456M) 1.885ms
[1044.840s][info][gc] GC(6586) Pause Young (Normal) (G1 Evacuation Pause) 354M->106M(456M) 1.833ms
[1045.018s][info][gc] GC(6587) Pause Young (Normal) (G1 Evacuation Pause) 358M->110M(456M) 1.977ms
[1045.111s][info][gc] GC(6588) Pause Young (Normal) (G1 Evacuation Pause) 358M->112M(456M) 2.069ms
[1045.211s][info][gc] GC(6589) Pause Young (Normal) (G1 Evacuation Pause) 364M->114M(548M) 1.986ms
[1045.327s][info][gc] GC(6590) Pause Young (Normal) (G1 Evacuation Pause) 418M->116M(548M) 2.084ms
[1045.438s][info][gc] GC(6591) Pause Young (Normal) (G1 Evacuation Pause) 420M->118M(548M) 2.011ms
[1045.559s][info][gc] GC(6592) Pause Young (Normal) (G1 Evacuation Pause) 418M->120M(548M) 2.180ms
[1045.671s][info][gc] GC(6593) Pause Young (Normal) (G1 Evacuation Pause) 420M->121M(548M) 2.254ms
[1045.787s][info][gc] GC(6594) Pause Young (Normal) (G1 Evacuation Pause) 425M->125M(548M) 2.131ms
[1045.901s][info][gc] GC(6595) Pause Young (Normal) (G1 Evacuation Pause) 425M->127M(548M) 2.283ms
[1046.020s][info][gc] GC(6596) Pause Young (Normal) (G1 Evacuation Pause) 427M->132M(548M) 2.335ms
[1046.135s][info][gc] GC(6597) Pause Young (Normal) (G1 Evacuation Pause) 432M->134M(660M) 2.249ms
[1046.275s][info][gc] GC(6598) Pause Young (Normal) (G1 Evacuation Pause) 502M->136M(660M) 2.376ms
[1046.418s][info][gc] GC(6599) Pause Young (Normal) (G1 Evacuation Pause) 504M->138M(660M) 2.361ms
[1046.555s][info][gc] GC(6600) Pause Young (Normal) (G1 Evacuation Pause) 502M->143M(660M) 2.565ms
[1046.691s][info][gc] GC(6601) Pause Young (Normal) (G1 Evacuation Pause) 507M->148M(660M) 2.553ms
[1046.828s][info][gc] GC(6602) Pause Young (Normal) (G1 Evacuation Pause) 512M->149M(660M) 2.288ms
[1047.072s][info][gc] GC(6603) Pause Young (Normal) (G1 Evacuation Pause) 513M->150M(660M) 2.548ms
[1047.217s][info][gc] GC(6604) Pause Young (Normal) (G1 Evacuation Pause) 514M->156M(660M) 2.478ms
[1047.352s][info][gc] GC(6605) Pause Young (Normal) (G1 Evacuation Pause) 520M->160M(660M) 2.632ms
[1047.486s][info][gc] GC(6606) Pause Young (Normal) (G1 Evacuation Pause) 524M->162M(660M) 2.474ms
[1047.628s][info][gc] GC(6607) Pause Young (Normal) (G1 Evacuation Pause) 526M->167M(660M) 2.657ms
[1047.768s][info][gc] GC(6608) Pause Young (Normal) (G1 Evacuation Pause) 531M->168M(660M) 2.670ms
[1047.914s][info][gc] GC(6609) Pause Young (Normal) (G1 Evacuation Pause) 532M->171M(660M) 2.709ms
[1048.060s][info][gc] GC(6610) Pause Young (Normal) (G1 Evacuation Pause) 535M->174M(660M) 2.895ms
[1048.213s][info][gc] GC(6611) Pause Young (Normal) (G1 Evacuation Pause) 538M->179M(660M) 2.775ms
[1048.354s][info][gc] GC(6612) Pause Young (Normal) (G1 Evacuation Pause) 543M->181M(660M) 2.677ms
[1048.494s][info][gc] GC(6613) Pause Young (Normal) (G1 Evacuation Pause) 545M->184M(660M) 2.662ms
[1048.634s][info][gc] GC(6614) Pause Young (Normal) (G1 Evacuation Pause) 548M->187M(660M) 2.468ms
[1048.768s][info][gc] GC(6615) Pause Young (Normal) (G1 Evacuation Pause) 551M->189M(660M) 2.364ms
[1048.909s][info][gc] GC(6616) Pause Young (Normal) (G1 Evacuation Pause) 553M->191M(660M) 2.446ms
[1049.061s][info][gc] GC(6617) Pause Young (Normal) (G1 Evacuation Pause) 559M->196M(660M) 2.519ms
[1049.292s][info][gc] GC(6618) Pause Young (Normal) (G1 Evacuation Pause) 556M->199M(660M) 2.719ms
[1049.427s][info][gc] GC(6619) Pause Young (Normal) (G1 Evacuation Pause) 563M->202M(660M) 2.593ms
[1049.562s][info][gc] GC(6620) Pause Young (Normal) (G1 Evacuation Pause) 566M->206M(660M) 2.497ms
[1049.700s][info][gc] GC(6621) Pause Young (Normal) (G1 Evacuation Pause) 570M->208M(660M) 2.324ms
[1049.844s][info][gc] GC(6622) Pause Young (Normal) (G1 Evacuation Pause) 572M->210M(660M) 2.392ms
[1049.984s][info][gc] GC(6623) Pause Young (Normal) (G1 Evacuation Pause) 574M->215M(660M) 2.494ms
[1050.118s][info][gc] GC(6624) Pause Young (Normal) (G1 Evacuation Pause) 579M->219M(660M) 2.575ms
[1050.251s][info][gc] GC(6625) Pause Young (Normal) (G1 Evacuation Pause) 583M->220M(660M) 2.471ms
[1050.390s][info][gc] GC(6626) Pause Young (Normal) (G1 Evacuation Pause) 584M->222M(660M) 2.645ms
[1050.528s][info][gc] GC(6627) Pause Young (Normal) (G1 Evacuation Pause) 590M->226M(660M) 2.431ms
[1050.669s][info][gc] GC(6628) Pause Young (Normal) (G1 Evacuation Pause) 586M->229M(660M) 2.380ms
[1050.806s][info][gc] GC(6629) Pause Young (Normal) (G1 Evacuation Pause) 589M->232M(660M) 2.532ms
[1050.939s][info][gc] GC(6630) Pause Young (Normal) (G1 Evacuation Pause) 584M->236M(660M) 2.360ms
[1051.072s][info][gc] GC(6631) Pause Young (Normal) (G1 Evacuation Pause) 588M->240M(660M) 2.358ms
[1051.207s][info][gc] GC(6632) Pause Young (Normal) (G1 Evacuation Pause) 588M->240M(660M) 2.225ms
[1051.434s][info][gc] GC(6633) Pause Young (Normal) (G1 Evacuation Pause) 592M->246M(660M) 2.345ms
[1051.565s][info][gc] GC(6634) Pause Young (Normal) (G1 Evacuation Pause) 586M->249M(660M) 2.352ms
[1051.697s][info][gc] GC(6635) Pause Young (Concurrent Start) (G1 Evacuation Pause) 593M->251M(660M) 2.276ms
[1051.697s][info][gc] GC(6636) Concurrent Mark Cycle
[1051.706s][info][gc] GC(6636) Pause Remark 273M->134M(388M) 0.487ms
[1051.709s][info][gc] GC(6636) Pause Cleanup 139M->139M(388M) 0.051ms
[1051.710s][info][gc] GC(6636) Concurrent Mark Cycle 12.789ms
[1051.776s][info][gc] GC(6637) Pause Young (Prepare Mixed) (G1 Evacuation Pause) 311M->113M(388M) 2.188ms
[1051.861s][info][gc] GC(6638) Pause Young (Mixed) (G1 Evacuation Pause) 325M->89M(388M) 1.951ms
[1051.935s][info][gc] GC(6639) Pause Young (Normal) (G1 Evacuation Pause) 301M->89M(388M) 1.659ms
[1052.017s][info][gc] GC(6640) Pause Young (Normal) (G1 Evacuation Pause) 305M->92M(468M) 1.704ms
[1052.121s][info][gc] GC(6641) Pause Young (Normal) (G1 Evacuation Pause) 352M->94M(468M) 2.047ms
[1052.217s][info][gc] GC(6642) Pause Young (Normal) (G1 Evacuation Pause) 354M->96M(468M) 1.743ms
[1052.320s][info][gc] GC(6643) Pause Young (Normal) (G1 Evacuation Pause) 356M->99M(468M) 1.860ms
[1052.412s][info][gc] GC(6644) Pause Young (Normal) (G1 Evacuation Pause) 355M->99M(564M) 1.855ms
[1052.534s][info][gc] GC(6645) Pause Young (Normal) (G1 Evacuation Pause) 415M->103M(564M) 1.928ms
[1052.654s][info][gc] GC(6646) Pause Young (Normal) (G1 Evacuation Pause) 415M->104M(564M) 2.048ms
[1052.772s][info][gc] GC(6647) Pause Young (Normal) (G1 Evacuation Pause) 412M->107M(564M) 2.166ms
[1052.894s][info][gc] GC(6648) Pause Young (Normal) (G1 Evacuation Pause) 415M->111M(564M) 2.121ms
[1053.014s][info][gc] GC(6649) Pause Young (Normal) (G1 Evacuation Pause) 419M->113M(564M) 3.013ms
[1053.138s][info][gc] GC(6650) Pause Young (Normal) (G1 Evacuation Pause) 421M->115M(564M) 2.062ms
[1053.260s][info][gc] GC(6651) Pause Young (Normal) (G1 Evacuation Pause) 423M->119M(564M) 2.164ms
[1053.472s][info][gc] GC(6652) Pause Young (Normal) (G1 Evacuation Pause) 427M->121M(564M) 2.280ms
[1053.593s][info][gc] GC(6653) Pause Young (Normal) (G1 Evacuation Pause) 429M->124M(564M) 2.418ms
[1053.714s][info][gc] GC(6654) Pause Young (Normal) (G1 Evacuation Pause) 432M->128M(564M) 2.244ms
[1053.823s][info][gc] GC(6655) Pause Young (Normal) (G1 Evacuation Pause) 436M->127M(564M) 2.357ms
[1053.942s][info][gc] GC(6656) Pause Young (Normal) (G1 Evacuation Pause) 439M->130M(564M) 2.119ms
[1054.056s][info][gc] GC(6657) Pause Young (Normal) (G1 Evacuation Pause) 438M->133M(564M) 2.066ms
[1054.168s][info][gc] GC(6658) Pause Young (Normal) (G1 Evacuation Pause) 441M->135M(564M) 2.118ms
[1054.285s][info][gc] GC(6659) Pause Young (Normal) (G1 Evacuation Pause) 443M->138M(564M) 2.282ms
[1054.404s][info][gc] GC(6660) Pause Young (Normal) (G1 Evacuation Pause) 446M->142M(564M) 2.298ms
[1054.520s][info][gc] GC(6661) Pause Young (Normal) (G1 Evacuation Pause) 450M->144M(564M) 2.109ms
[1054.635s][info][gc] GC(6662) Pause Young (Normal) (G1 Evacuation Pause) 452M->147M(564M) 2.058ms
[1054.754s][info][gc] GC(6663) Pause Young (Normal) (G1 Evacuation Pause) 455M->148M(564M) 1.989ms
[1054.872s][info][gc] GC(6664) Pause Young (Normal) (G1 Evacuation Pause) 456M->152M(564M) 2.222ms
[1054.985s][info][gc] GC(6665) Pause Young (Normal) (G1 Evacuation Pause) 460M->156M(564M) 2.093ms
[1055.102s][info][gc] GC(6666) Pause Young (Normal) (G1 Evacuation Pause) 464M->157M(564M) 2.191ms
[1055.218s][info][gc] GC(6667) Pause Young (Normal) (G1 Evacuation Pause) 465M->159M(564M) 2.070ms
[1055.337s][info][gc] GC(6668) Pause Young (Normal) (G1 Evacuation Pause) 467M->164M(564M) 2.181ms
[1055.546s][info][gc] GC(6669) Pause Young (Normal) (G1 Evacuation Pause) 472M->161M(564M) 1.703ms
[1055.667s][info][gc] GC(6670) Pause Young (Normal) (G1 Evacuation Pause) 473M->167M(564M) 2.115ms
[1055.782s][info][gc] GC(6671) Pause Young (Normal) (G1 Evacuation Pause) 475M->170M(564M) 2.291ms
[1055.900s][info][gc] GC(6672) Pause Young (Normal) (G1 Evacuation Pause) 478M->173M(564M) 2.168ms
[1056.017s][info][gc] GC(6673) Pause Young (Normal) (G1 Evacuation Pause) 481M->176M(564M) 2.284ms
[1056.139s][info][gc] GC(6674) Pause Young (Normal) (G1 Evacuation Pause) 484M->179M(564M) 2.312ms
[1056.254s][info][gc] GC(6675) Pause Young (Normal) (G1 Evacuation Pause) 487M->181M(564M) 2.421ms
[1056.374s][info][gc] GC(6676) Pause Young (Normal) (G1 Evacuation Pause) 489M->184M(564M) 2.415ms
[1056.490s][info][gc] GC(6677) Pause Young (Normal) (G1 Evacuation Pause) 492M->187M(680M) 2.281ms
[1056.651s][info][gc] GC(6678) Pause Young (Normal) (G1 Evacuation Pause) 567M->190M(680M) 2.466ms
[1056.806s][info][gc] GC(6679) Pause Young (Normal) (G1 Evacuation Pause) 566M->195M(680M) 2.531ms
[1056.953s][info][gc] GC(6680) Pause Young (Normal) (G1 Evacuation Pause) 571M->197M(680M) 2.670ms
[1057.096s][info][gc] GC(6681) Pause Young (Normal) (G1 Evacuation Pause) 573M->200M(680M) 2.428ms
[1057.239s][info][gc] GC(6682) Pause Young (Normal) (G1 Evacuation Pause) 576M->203M(680M) 2.457ms
[1057.393s][info][gc] GC(6683) Pause Young (Normal) (G1 Evacuation Pause) 579M->206M(680M) 2.642ms
[1057.547s][info][gc] GC(6684) Pause Young (Normal) (G1 Evacuation Pause) 582M->208M(680M) 2.787ms
[1057.783s][info][gc] GC(6685) Pause Young (Normal) (G1 Evacuation Pause) 584M->213M(680M) 2.475ms
[1057.928s][info][gc] GC(6686) Pause Young (Normal) (G1 Evacuation Pause) 589M->217M(680M) 2.787ms
[1058.072s][info][gc] GC(6687) Pause Young (Normal) (G1 Evacuation Pause) 593M->217M(680M) 2.835ms
[1058.238s][info][gc] GC(6688) Pause Young (Normal) (G1 Evacuation Pause) 593M->223M(680M) 3.011ms
[1058.384s][info][gc] GC(6689) Pause Young (Normal) (G1 Evacuation Pause) 599M->227M(680M) 2.746ms
[1058.538s][info][gc] GC(6690) Pause Young (Normal) (G1 Evacuation Pause) 599M->230M(680M) 2.832ms
[1058.687s][info][gc] GC(6691) Pause Young (Normal) (G1 Evacuation Pause) 606M->231M(680M) 2.806ms
[1058.840s][info][gc] GC(6692) Pause Young (Normal) (G1 Evacuation Pause) 611M->234M(680M) 2.649ms
[1059.012s][info][gc] GC(6693) Pause Young (Normal) (G1 Evacuation Pause) 610M->237M(680M) 2.976ms
[1059.174s][info][gc] GC(6694) Pause Young (Normal) (G1 Evacuation Pause) 609M->242M(680M) 2.808ms
[1059.319s][info][gc] GC(6695) Pause Young (Normal) (G1 Evacuation Pause) 610M->245M(680M) 2.471ms
[1059.460s][info][gc] GC(6696) Pause Young (Normal) (G1 Evacuation Pause) 609M->246M(680M) 2.619ms
[1059.608s][info][gc] GC(6697) Pause Young (Normal) (G1 Evacuation Pause) 606M->251M(680M) 2.581ms
[1059.745s][info][gc] GC(6698) Pause Young (Normal) (G1 Evacuation Pause) 607M->253M(680M) 2.338ms
[1059.980s][info][gc] GC(6699) Pause Young (Normal) (G1 Evacuation Pause) 609M->257M(680M) 2.540ms
[1060.109s][info][gc] GC(6700) Pause Young (Normal) (G1 Evacuation Pause) 609M->261M(680M) 2.507ms
[1060.248s][info][gc] GC(6701) Pause Young (Concurrent Start) (G1 Evacuation Pause) 613M->263M(680M) 2.395ms
[1060.248s][info][gc] GC(6702) Concurrent Mark Cycle
[1060.258s][info][gc] GC(6702) Pause Remark 286M->142M(416M) 0.496ms
[1060.262s][info][gc] GC(6702) Pause Cleanup 150M->150M(416M) 0.059ms
[1060.262s][info][gc] GC(6702) Concurrent Mark Cycle 14.225ms
[1060.338s][info][gc] GC(6703) Pause Young (Prepare Mixed) (G1 Evacuation Pause) 339M->122M(416M) 2.113ms
[1060.414s][info][gc] GC(6704) Pause Young (Mixed) (G1 Evacuation Pause) 346M->90M(416M) 1.876ms
[1060.503s][info][gc] GC(6705) Pause Young (Normal) (G1 Evacuation Pause) 318M->92M(416M) 1.718ms
[1060.595s][info][gc] GC(6706) Pause Young (Normal) (G1 Evacuation Pause) 320M->95M(416M) 1.644ms
[1060.680s][info][gc] GC(6707) Pause Young (Normal) (G1 Evacuation Pause) 323M->96M(500M) 1.892ms
[1060.792s][info][gc] GC(6708) Pause Young (Normal) (G1 Evacuation Pause) 376M->98M(500M) 2.199ms
[1060.898s][info][gc] GC(6709) Pause Young (Normal) (G1 Evacuation Pause) 378M->101M(500M) 1.842ms
[1061.000s][info][gc] GC(6710) Pause Young (Normal) (G1 Evacuation Pause) 377M->102M(500M) 1.860ms
[1061.110s][info][gc] GC(6711) Pause Young (Normal) (G1 Evacuation Pause) 378M->105M(600M) 2.112ms
[1061.238s][info][gc] GC(6712) Pause Young (Normal) (G1 Evacuation Pause) 441M->108M(600M) 2.360ms
[1061.363s][info][gc] GC(6713) Pause Young (Normal) (G1 Evacuation Pause) 440M->111M(600M) 2.255ms
[1061.485s][info][gc] GC(6714) Pause Young (Normal) (G1 Evacuation Pause) 439M->113M(600M) 2.247ms
[1061.616s][info][gc] GC(6715) Pause Young (Normal) (G1 Evacuation Pause) 445M->117M(600M) 2.347ms
[1061.743s][info][gc] GC(6716) Pause Young (Normal) (G1 Evacuation Pause) 445M->118M(600M) 2.526ms
[1061.871s][info][gc] GC(6717) Pause Young (Normal) (G1 Evacuation Pause) 450M->121M(600M) 2.371ms
[1062.089s][info][gc] GC(6718) Pause Young (Normal) (G1 Evacuation Pause) 449M->125M(600M) 2.356ms
[1062.215s][info][gc] GC(6719) Pause Young (Normal) (G1 Evacuation Pause) 453M->128M(600M) 2.445ms
[1062.337s][info][gc] GC(6720) Pause Young (Normal) (G1 Evacuation Pause) 456M->132M(600M) 2.542ms
[1062.463s][info][gc] GC(6721) Pause Young (Normal) (G1 Evacuation Pause) 460M->134M(600M) 2.378ms
[1062.585s][info][gc] GC(6722) Pause Young (Normal) (G1 Evacuation Pause) 462M->136M(600M) 2.708ms
[1062.716s][info][gc] GC(6723) Pause Young (Normal) (G1 Evacuation Pause) 468M->139M(600M) 2.322ms
[1062.844s][info][gc] GC(6724) Pause Young (Normal) (G1 Evacuation Pause) 471M->142M(600M) 2.376ms
[1062.973s][info][gc] GC(6725) Pause Young (Normal) (G1 Evacuation Pause) 474M->144M(600M) 2.503ms
[1063.100s][info][gc] GC(6726) Pause Young (Normal) (G1 Evacuation Pause) 476M->148M(600M) 2.446ms
[1063.230s][info][gc] GC(6727) Pause Young (Normal) (G1 Evacuation Pause) 480M->151M(600M) 2.201ms
[1063.356s][info][gc] GC(6728) Pause Young (Normal) (G1 Evacuation Pause) 483M->154M(600M) 2.285ms
[1063.478s][info][gc] GC(6729) Pause Young (Normal) (G1 Evacuation Pause) 486M->157M(600M) 2.227ms
[1063.603s][info][gc] GC(6730) Pause Young (Normal) (G1 Evacuation Pause) 489M->159M(600M) 2.454ms
[1063.730s][info][gc] GC(6731) Pause Young (Normal) (G1 Evacuation Pause) 491M->161M(600M) 2.169ms
[1063.855s][info][gc] GC(6732) Pause Young (Normal) (G1 Evacuation Pause) 493M->163M(600M) 2.169ms
[1063.983s][info][gc] GC(6733) Pause Young (Normal) (G1 Evacuation Pause) 495M->169M(600M) 2.187ms
[1064.215s][info][gc] GC(6734) Pause Young (Normal) (G1 Evacuation Pause) 497M->178M(600M) 2.916ms
[1064.320s][info][gc] GC(6735) Pause Young (Normal) (G1 Evacuation Pause) 502M->178M(600M) 2.791ms
[1064.434s][info][gc] GC(6736) Pause Young (Normal) (G1 Evacuation Pause) 510M->182M(600M) 2.707ms
[1064.550s][info][gc] GC(6737) Pause Young (Normal) (G1 Evacuation Pause) 510M->185M(600M) 2.758ms
[1064.669s][info][gc] GC(6738) Pause Young (Normal) (G1 Evacuation Pause) 513M->188M(600M) 2.766ms
[1064.785s][info][gc] GC(6739) Pause Young (Normal) (G1 Evacuation Pause) 516M->192M(720M) 3.031ms
[1064.926s][info][gc] GC(6740) Pause Young (Normal) (G1 Evacuation Pause) 592M->193M(720M) 2.859ms
[1065.063s][info][gc] GC(6741) Pause Young (Normal) (G1 Evacuation Pause) 593M->197M(720M) 2.915ms
[1065.203s][info][gc] GC(6742) Pause Young (Normal) (G1 Evacuation Pause) 601M->200M(720M) 2.228ms
[1065.343s][info][gc] GC(6743) Pause Young (Normal) (G1 Evacuation Pause) 600M->201M(720M) 2.365ms
[1065.490s][info][gc] GC(6744) Pause Young (Normal) (G1 Evacuation Pause) 601M->205M(720M) 2.753ms
[1065.627s][info][gc] GC(6745) Pause Young (Normal) (G1 Evacuation Pause) 605M->210M(720M) 2.654ms
[1065.767s][info][gc] GC(6746) Pause Young (Normal) (G1 Evacuation Pause) 606M->214M(720M) 2.771ms
[1065.903s][info][gc] GC(6747) Pause Young (Normal) (G1 Evacuation Pause) 610M->217M(720M) 2.711ms
[1066.040s][info][gc] GC(6748) Pause Young (Normal) (G1 Evacuation Pause) 613M->221M(720M) 2.555ms
[1066.177s][info][gc] GC(6749) Pause Young (Normal) (G1 Evacuation Pause) 617M->224M(720M) 2.536ms
[1066.314s][info][gc] GC(6750) Pause Young (Normal) (G1 Evacuation Pause) 620M->226M(720M) 2.511ms
[1066.453s][info][gc] GC(6751) Pause Young (Normal) (G1 Evacuation Pause) 626M->233M(720M) 2.602ms
[1066.586s][info][gc] GC(6752) Pause Young (Normal) (G1 Evacuation Pause) 629M->236M(720M) 2.878ms
[1066.721s][info][gc] GC(6753) Pause Young (Normal) (G1 Evacuation Pause) 632M->237M(720M) 2.788ms
[1066.860s][info][gc] GC(6754) Pause Young (Normal) (G1 Evacuation Pause) 637M->240M(720M) 2.476ms
[1066.997s][info][gc] GC(6755) Pause Young (Normal) (G1 Evacuation Pause) 640M->244M(720M) 2.484ms
[1067.144s][info][gc] GC(6756) Pause Young (Normal) (G1 Evacuation Pause) 644M->249M(720M) 2.624ms
[1067.271s][info][gc] GC(6757) Pause Young (Normal) (G1 Evacuation Pause) 637M->250M(720M) 2.753ms
[1067.419s][info][gc] GC(6758) Pause Young (Normal) (G1 Evacuation Pause) 650M->255M(720M) 2.735ms
[1067.553s][info][gc] GC(6759) Pause Young (Normal) (G1 Evacuation Pause) 643M->257M(720M) 2.772ms
[1067.696s][info][gc] GC(6760) Pause Young (Normal) (G1 Evacuation Pause) 649M->261M(720M) 2.638ms
[1067.831s][info][gc] GC(6761) Pause Young (Normal) (G1 Evacuation Pause) 649M->263M(720M) 2.610ms
[1067.966s][info][gc] GC(6762) Pause Young (Normal) (G1 Evacuation Pause) 647M->268M(720M) 2.533ms
[1068.101s][info][gc] GC(6763) Pause Young (Normal) (G1 Evacuation Pause) 644M->272M(720M) 3.073ms
[1068.237s][info][gc] GC(6764) Pause Young (Concurrent Start) (G1 Evacuation Pause) 648M->275M(720M) 2.489ms
[1068.237s][info][gc] GC(6765) Concurrent Mark Cycle
[1068.269s][info][gc] GC(6765) Pause Remark 371M->279M(628M) 0.466ms
[1068.290s][info][gc] GC(6765) Pause Cleanup 334M->334M(628M) 0.063ms
[1068.291s][info][gc] GC(6765) Concurrent Mark Cycle 53.360ms
[1068.366s][info][gc] GC(6766) Pause Young (Prepare Mixed) (G1 Evacuation Pause) 523M->186M(628M) 2.572ms
[1068.481s][info][gc] GC(6767) Pause Young (Mixed) (G1 Evacuation Pause) 530M->177M(628M) 2.309ms
[1068.604s][info][gc] GC(6768) Pause Young (Normal) (G1 Evacuation Pause) 521M->179M(628M) 2.507ms
[1068.732s][info][gc] GC(6769) Pause Young (Normal) (G1 Evacuation Pause) 527M->181M(628M) 2.440ms
[1068.863s][info][gc] GC(6770) Pause Young (Normal) (G1 Evacuation Pause) 529M->185M(628M) 2.470ms
[1068.985s][info][gc] GC(6771) Pause Young (Normal) (G1 Evacuation Pause) 533M->187M(628M) 2.376ms
[1069.107s][info][gc] GC(6772) Pause Young (Normal) (G1 Evacuation Pause) 531M->191M(628M) 2.268ms
[1069.227s][info][gc] GC(6773) Pause Young (Normal) (G1 Evacuation Pause) 535M->193M(628M) 2.344ms
[1069.349s][info][gc] GC(6774) Pause Young (Normal) (G1 Evacuation Pause) 537M->195M(628M) 2.398ms
[1069.469s][info][gc] GC(6775) Pause Young (Normal) (G1 Evacuation Pause) 543M->198M(628M) 2.567ms
[1069.594s][info][gc] GC(6776) Pause Young (Normal) (G1 Evacuation Pause) 546M->203M(628M) 2.358ms
[1069.713s][info][gc] GC(6777) Pause Young (Normal) (G1 Evacuation Pause) 547M->205M(628M) 2.392ms
[1069.832s][info][gc] GC(6778) Pause Young (Normal) (G1 Evacuation Pause) 549M->209M(628M) 2.368ms
[1069.956s][info][gc] GC(6779) Pause Young (Normal) (G1 Evacuation Pause) 553M->212M(628M) 2.588ms
[1070.075s][info][gc] GC(6780) Pause Young (Normal) (G1 Evacuation Pause) 552M->213M(628M) 2.332ms
[1070.197s][info][gc] GC(6781) Pause Young (Normal) (G1 Evacuation Pause) 553M->218M(628M) 2.696ms
[1070.316s][info][gc] GC(6782) Pause Young (Normal) (G1 Evacuation Pause) 554M->222M(628M) 2.310ms
[1070.433s][info][gc] GC(6783) Pause Young (Normal) (G1 Evacuation Pause) 554M->223M(628M) 2.354ms
[1070.550s][info][gc] GC(6784) Pause Young (Normal) (G1 Evacuation Pause) 555M->225M(628M) 2.360ms
[1070.668s][info][gc] GC(6785) Pause Young (Normal) (G1 Evacuation Pause) 561M->227M(628M) 2.312ms
[1070.782s][info][gc] GC(6786) Pause Young (Normal) (G1 Evacuation Pause) 559M->231M(628M) 2.295ms
[1070.895s][info][gc] GC(6787) Pause Young (Normal) (G1 Evacuation Pause) 559M->235M(628M) 2.392ms
[1071.001s][info][gc] GC(6788) Pause Young (Normal) (G1 Evacuation Pause) 555M->237M(628M) 2.398ms
[1071.117s][info][gc] GC(6789) Pause Young (Concurrent Start) (G1 Evacuation Pause) 557M->239M(628M) 2.191ms
[1071.117s][info][gc] GC(6790) Concurrent Mark Cycle
[1071.157s][info][gc] GC(6790) Pause Remark 341M->341M(628M) 0.416ms
[1071.202s][info][gc] GC(6790) Pause Cleanup 455M->455M(628M) 0.065ms
[1071.203s][info][gc] GC(6790) Concurrent Mark Cycle 85.981ms
[1071.234s][info][gc] GC(6791) Pause Young (Prepare Mixed) (G1 Evacuation Pause) 555M->243M(628M) 2.277ms
[1071.343s][info][gc] GC(6792) Pause Young (Mixed) (G1 Evacuation Pause) 559M->240M(628M) 2.147ms
[1071.460s][info][gc] GC(6793) Pause Young (Concurrent Start) (G1 Evacuation Pause) 556M->243M(628M) 2.215ms
[1071.460s][info][gc] GC(6794) Concurrent Mark Cycle
[1071.504s][info][gc] GC(6794) Pause Remark 364M->364M(628M) 0.460ms
[1071.548s][info][gc] GC(6794) Pause Cleanup 474M->474M(628M) 0.066ms
[1071.549s][info][gc] GC(6794) Concurrent Mark Cycle 88.684ms
[1071.580s][info][gc] GC(6795) Pause Young (Prepare Mixed) (G1 Evacuation Pause) 559M->244M(628M) 2.118ms
[1071.696s][info][gc] GC(6796) Pause Young (Mixed) (G1 Evacuation Pause) 564M->246M(628M) 2.337ms
[1071.805s][info][gc] GC(6797) Pause Young (Concurrent Start) (G1 Evacuation Pause) 562M->248M(628M) 2.278ms
[1071.805s][info][gc] GC(6798) Concurrent Mark Cycle
[1071.839s][info][gc] GC(6798) Pause Remark 331M->331M(628M) 0.422ms
[1071.877s][info][gc] GC(6798) Pause Cleanup 418M->418M(628M) 0.057ms
[1071.878s][info][gc] GC(6798) Concurrent Mark Cycle 72.278ms
[1071.924s][info][gc] GC(6799) Pause Young (Prepare Mixed) (G1 Evacuation Pause) 564M->252M(628M) 2.055ms
[1072.035s][info][gc] GC(6800) Pause Young (Mixed) (G1 Evacuation Pause) 560M->249M(628M) 2.466ms
[1072.140s][info][gc] GC(6801) Pause Young (Concurrent Start) (G1 Evacuation Pause) 561M->252M(628M) 2.139ms
[1072.140s][info][gc] GC(6802) Concurrent Mark Cycle
[1072.180s][info][gc] GC(6802) Pause Remark 345M->345M(628M) 0.428ms
[1072.239s][info][gc] GC(6802) Pause Cleanup 504M->504M(628M) 0.066ms
[1072.239s][info][gc] GC(6802) Concurrent Mark Cycle 98.825ms
[1072.261s][info][gc] GC(6803) Pause Young (Prepare Mixed) (G1 Evacuation Pause) 560M->254M(628M) 2.175ms
[1072.368s][info][gc] GC(6804) Pause Young (Mixed) (G1 Evacuation Pause) 558M->254M(924M) 2.633ms
[1072.553s][info][gc] GC(6805) Pause Young (Normal) (G1 Evacuation Pause) 778M->256M(924M) 2.647ms
[1072.747s][info][gc] GC(6806) Pause Young (Normal) (G1 Evacuation Pause) 776M->262M(924M) 2.886ms
[1072.940s][info][gc] GC(6807) Pause Young (Normal) (G1 Evacuation Pause) 778M->268M(924M) 3.004ms
[1073.123s][info][gc] GC(6808) Pause Young (Normal) (G1 Evacuation Pause) 776M->271M(924M) 3.303ms
[1073.317s][info][gc] GC(6809) Pause Young (Normal) (G1 Evacuation Pause) 779M->274M(924M) 3.409ms
[1073.504s][info][gc] GC(6810) Pause Young (Normal) (G1 Evacuation Pause) 782M->277M(924M) 3.630ms
[1073.687s][info][gc] GC(6811) Pause Young (Normal) (G1 Evacuation Pause) 789M->284M(924M) 3.076ms
[1073.869s][info][gc] GC(6812) Pause Young (Normal) (G1 Evacuation Pause) 792M->286M(924M) 3.162ms
[1074.052s][info][gc] GC(6813) Pause Young (Normal) (G1 Evacuation Pause) 794M->291M(924M) 3.257ms
[1074.245s][info][gc] GC(6814) Pause Young (Normal) (G1 Evacuation Pause) 803M->296M(924M) 3.338ms
[1074.427s][info][gc] GC(6815) Pause Young (Normal) (G1 Evacuation Pause) 804M->300M(924M) 3.616ms
[1074.609s][info][gc] GC(6816) Pause Young (Normal) (G1 Evacuation Pause) 808M->305M(924M) 3.439ms
[1074.803s][info][gc] GC(6817) Pause Young (Normal) (G1 Evacuation Pause) 813M->308M(924M) 3.572ms
[1074.986s][info][gc] GC(6818) Pause Young (Normal) (G1 Evacuation Pause) 816M->314M(924M) 3.451ms
[1075.172s][info][gc] GC(6819) Pause Young (Normal) (G1 Evacuation Pause) 826M->318M(924M) 3.428ms
[1075.356s][info][gc] GC(6820) Pause Young (Normal) (G1 Evacuation Pause) 830M->326M(924M) 3.091ms
[1075.537s][info][gc] GC(6821) Pause Young (Normal) (G1 Evacuation Pause) 822M->325M(924M) 3.615ms
[1075.725s][info][gc] GC(6822) Pause Young (Normal) (G1 Evacuation Pause) 829M->331M(924M) 3.774ms
[1075.909s][info][gc] GC(6823) Pause Young (Normal) (G1 Evacuation Pause) 831M->336M(924M) 3.047ms
[1076.091s][info][gc] GC(6824) Pause Young (Normal) (G1 Evacuation Pause) 828M->340M(924M) 3.369ms
[1076.268s][info][gc] GC(6825) Pause Young (Normal) (G1 Evacuation Pause) 828M->345M(924M) 3.452ms
[1076.440s][info][gc] GC(6826) Pause Young (Normal) (G1 Evacuation Pause) 821M->349M(924M) 2.946ms
[1076.607s][info][gc] GC(6827) Pause Young (Normal) (G1 Evacuation Pause) 829M->354M(924M) 3.126ms
[1076.795s][info][gc] GC(6828) Pause Young (Normal) (G1 Evacuation Pause) 822M->356M(924M) 3.387ms
[1076.966s][info][gc] GC(6829) Pause Young (Concurrent Start) (G1 Evacuation Pause) 828M->362M(924M) 2.909ms
[1076.966s][info][gc] GC(6830) Concurrent Mark Cycle
[1077.036s][info][gc] GC(6830) Pause Remark 546M->546M(924M) 0.438ms
[1077.111s][info][gc] GC(6830) Pause Cleanup 755M->755M(924M) 0.053ms
[1077.112s][info][gc] GC(6830) Concurrent Mark Cycle 145.932ms
[1077.140s][info][gc] GC(6831) Pause Young (Prepare Mixed) (G1 Evacuation Pause) 822M->366M(924M) 2.971ms
[1077.303s][info][gc] GC(6832) Pause Young (Mixed) (G1 Evacuation Pause) 830M->364M(924M) 3.201ms
[1077.539s][info][gc] GC(6833) Pause Young (Concurrent Start) (G1 Evacuation Pause) 824M->371M(924M) 3.164ms
[1077.540s][info][gc] GC(6834) Concurrent Mark Cycle
[1077.556s][info][gc] GC(6834) Pause Remark 403M->399M(924M) 0.421ms
[1077.570s][info][gc] GC(6834) Pause Cleanup 420M->420M(924M) 0.132ms
[1077.571s][info][gc] GC(6834) Concurrent Mark Cycle 31.952ms
[1077.845s][info][gc] GC(6835) Pause Young (Prepare Mixed) (G1 Evacuation Pause) 823M->369M(924M) 3.104ms
[1078.156s][info][gc] GC(6836) Pause Young (Mixed) (G1 Evacuation Pause) 825M->286M(924M) 3.387ms
[1078.511s][info][gc] GC(6837) Pause Young (Mixed) (G1 Evacuation Pause) 798M->210M(924M) 3.895ms
[1078.864s][info][gc] GC(6838) Pause Young (Mixed) (G1 Evacuation Pause) 718M->177M(924M) 3.767ms
[1079.211s][info][gc] GC(6839) Pause Young (Normal) (G1 Evacuation Pause) 685M->183M(924M) 3.320ms
[1079.556s][info][gc] GC(6840) Pause Young (Normal) (G1 Evacuation Pause) 691M->188M(924M) 3.526ms
[1079.908s][info][gc] GC(6841) Pause Young (Normal) (G1 Evacuation Pause) 696M->191M(924M) 3.530ms
[1080.248s][info][gc] GC(6842) Pause Young (Normal) (G1 Evacuation Pause) 699M->197M(924M) 3.202ms
[1080.605s][info][gc] GC(6843) Pause Young (Normal) (G1 Evacuation Pause) 705M->200M(924M) 3.658ms
[1080.963s][info][gc] GC(6844) Pause Young (Normal) (G1 Evacuation Pause) 712M->206M(924M) 3.227ms
[1081.307s][info][gc] GC(6845) Pause Young (Normal) (G1 Evacuation Pause) 714M->206M(924M) 3.028ms
[1081.659s][info][gc] GC(6846) Pause Young (Normal) (G1 Evacuation Pause) 718M->215M(924M) 3.030ms
[1082.000s][info][gc] GC(6847) Pause Young (Normal) (G1 Evacuation Pause) 723M->217M(924M) 3.112ms
[1082.338s][info][gc] GC(6848) Pause Young (Normal) (G1 Evacuation Pause) 725M->222M(924M) 3.069ms
[1082.689s][info][gc] GC(6849) Pause Young (Normal) (G1 Evacuation Pause) 730M->223M(924M) 3.681ms
[1083.039s][info][gc] GC(6850) Pause Young (Normal) (G1 Evacuation Pause) 735M->230M(924M) 3.058ms
[1083.382s][info][gc] GC(6851) Pause Young (Normal) (G1 Evacuation Pause) 738M->234M(924M) 3.162ms
[1083.735s][info][gc] GC(6852) Pause Young (Normal) (G1 Evacuation Pause) 742M->238M(924M) 3.329ms
[1084.083s][info][gc] GC(6853) Pause Young (Normal) (G1 Evacuation Pause) 746M->244M(924M) 3.126ms
[1084.428s][info][gc] GC(6854) Pause Young (Normal) (G1 Evacuation Pause) 752M->246M(924M) 3.036ms
[1084.772s][info][gc] GC(6855) Pause Young (Normal) (G1 Evacuation Pause) 758M->250M(924M) 3.144ms
[1085.109s][info][gc] GC(6856) Pause Young (Normal) (G1 Evacuation Pause) 762M->257M(924M) 2.912ms
[1085.451s][info][gc] GC(6857) Pause Young (Normal) (G1 Evacuation Pause) 765M->259M(924M) 2.935ms
[1085.786s][info][gc] GC(6858) Pause Young (Normal) (G1 Evacuation Pause) 767M->263M(924M) 3.127ms
[1086.134s][info][gc] GC(6859) Pause Young (Normal) (G1 Evacuation Pause) 775M->269M(924M) 3.152ms
[1086.474s][info][gc] GC(6860) Pause Young (Normal) (G1 Evacuation Pause) 777M->275M(924M) 2.929ms
[1086.820s][info][gc] GC(6861) Pause Young (Normal) (G1 Evacuation Pause) 783M->279M(924M) 3.027ms
[1087.164s][info][gc] GC(6862) Pause Young (Normal) (G1 Evacuation Pause) 787M->280M(924M) 3.440ms
[1087.510s][info][gc] GC(6863) Pause Young (Normal) (G1 Evacuation Pause) 792M->286M(924M) 3.087ms
[1087.858s][info][gc] GC(6864) Pause Young (Normal) (G1 Evacuation Pause) 794M->289M(924M) 3.071ms
[1088.229s][info][gc] GC(6865) Pause Young (Normal) (G1 Evacuation Pause) 797M->292M(924M) 2.656ms
[1088.469s][info][gc] GC(6866) Pause Young (Normal) (G1 Evacuation Pause) 804M->302M(924M) 3.540ms
[1088.643s][info][gc] GC(6867) Pause Young (Normal) (G1 Evacuation Pause) 802M->309M(924M) 3.466ms
[1088.822s][info][gc] GC(6868) Pause Young (Normal) (G1 Evacuation Pause) 817M->310M(924M) 3.059ms
[1088.999s][info][gc] GC(6869) Pause Young (Normal) (G1 Evacuation Pause) 818M->317M(924M) 3.343ms
[1089.178s][info][gc] GC(6870) Pause Young (Normal) (G1 Evacuation Pause) 821M->320M(924M) 3.457ms
[1089.360s][info][gc] GC(6871) Pause Young (Normal) (G1 Evacuation Pause) 824M->323M(924M) 3.216ms
[1089.542s][info][gc] GC(6872) Pause Young (Normal) (G1 Evacuation Pause) 823M->328M(924M) 3.643ms
[1089.720s][info][gc] GC(6873) Pause Young (Normal) (G1 Evacuation Pause) 824M->332M(924M) 3.598ms
[1089.889s][info][gc] GC(6874) Pause Young (Normal) (G1 Evacuation Pause) 824M->334M(924M) 3.260ms
[1090.055s][info][gc] GC(6875) Pause Young (Normal) (G1 Evacuation Pause) 826M->340M(924M) 3.082ms
[1090.326s][info][gc] GC(6876) Pause Young (Normal) (G1 Evacuation Pause) 828M->345M(924M) 2.982ms
[1090.490s][info][gc] GC(6877) Pause Young (Normal) (G1 Evacuation Pause) 829M->351M(924M) 3.127ms
[1090.661s][info][gc] GC(6878) Pause Young (Normal) (G1 Evacuation Pause) 823M->351M(924M) 3.116ms
[1090.832s][info][gc] GC(6879) Pause Young (Normal) (G1 Evacuation Pause) 827M->356M(924M) 3.528ms
[1090.995s][info][gc] GC(6880) Pause Young (Concurrent Start) (G1 Evacuation Pause) 828M->362M(924M) 3.181ms
[1090.995s][info][gc] GC(6881) Concurrent Mark Cycle
[1091.010s][info][gc] GC(6881) Pause Remark 413M->237M(640M) 0.453ms
[1091.017s][info][gc] GC(6881) Pause Cleanup 260M->260M(640M) 0.058ms
[1091.017s][info][gc] GC(6881) Concurrent Mark Cycle 21.889ms
[1091.123s][info][gc] GC(6882) Pause Young (Prepare Mixed) (G1 Evacuation Pause) 530M->189M(640M) 2.928ms
[1091.248s][info][gc] GC(6883) Pause Young (Mixed) (G1 Evacuation Pause) 545M->129M(640M) 2.789ms
[1091.374s][info][gc] GC(6884) Pause Young (Mixed) (G1 Evacuation Pause) 485M->121M(640M) 2.456ms
[1091.499s][info][gc] GC(6885) Pause Young (Normal) (G1 Evacuation Pause) 477M->126M(640M) 2.713ms
[1091.623s][info][gc] GC(6886) Pause Young (Normal) (G1 Evacuation Pause) 482M->127M(640M) 2.318ms
[1091.753s][info][gc] GC(6887) Pause Young (Normal) (G1 Evacuation Pause) 479M->130M(640M) 2.427ms
[1091.878s][info][gc] GC(6888) Pause Young (Normal) (G1 Evacuation Pause) 486M->133M(640M) 2.336ms
[1092.008s][info][gc] GC(6889) Pause Young (Normal) (G1 Evacuation Pause) 489M->136M(640M) 2.265ms
[1092.229s][info][gc] GC(6890) Pause Young (Normal) (G1 Evacuation Pause) 492M->135M(640M) 1.980ms
[1092.356s][info][gc] GC(6891) Pause Young (Normal) (G1 Evacuation Pause) 495M->141M(640M) 2.084ms
[1092.479s][info][gc] GC(6892) Pause Young (Normal) (G1 Evacuation Pause) 493M->146M(640M) 2.418ms
[1092.604s][info][gc] GC(6893) Pause Young (Normal) (G1 Evacuation Pause) 498M->148M(640M) 2.467ms
[1092.731s][info][gc] GC(6894) Pause Young (Normal) (G1 Evacuation Pause) 504M->152M(640M) 2.352ms
[1092.864s][info][gc] GC(6895) Pause Young (Normal) (G1 Evacuation Pause) 508M->155M(640M) 2.674ms
[1092.990s][info][gc] GC(6896) Pause Young (Normal) (G1 Evacuation Pause) 507M->157M(640M) 2.339ms
[1093.117s][info][gc] GC(6897) Pause Young (Normal) (G1 Evacuation Pause) 513M->161M(640M) 2.518ms
[1093.244s][info][gc] GC(6898) Pause Young (Normal) (G1 Evacuation Pause) 517M->165M(640M) 2.418ms
[1093.373s][info][gc] GC(6899) Pause Young (Normal) (G1 Evacuation Pause) 521M->168M(640M) 2.289ms
[1093.494s][info][gc] GC(6900) Pause Young (Normal) (G1 Evacuation Pause) 524M->171M(640M) 2.336ms
[1093.620s][info][gc] GC(6901) Pause Young (Normal) (G1 Evacuation Pause) 527M->174M(640M) 2.339ms
[1093.742s][info][gc] GC(6902) Pause Young (Normal) (G1 Evacuation Pause) 530M->175M(640M) 2.219ms
[1093.868s][info][gc] GC(6903) Pause Young (Normal) (G1 Evacuation Pause) 531M->179M(640M) 2.286ms
[1094.003s][info][gc] GC(6904) Pause Young (Normal) (G1 Evacuation Pause) 531M->182M(640M) 2.372ms
[1094.236s][info][gc] GC(6905) Pause Young (Normal) (G1 Evacuation Pause) 534M->182M(640M) 2.153ms
[1094.365s][info][gc] GC(6906) Pause Young (Normal) (G1 Evacuation Pause) 538M->185M(640M) 2.323ms
[1094.487s][info][gc] GC(6907) Pause Young (Normal) (G1 Evacuation Pause) 541M->191M(640M) 2.616ms
[1094.612s][info][gc] GC(6908) Pause Young (Normal) (G1 Evacuation Pause) 543M->194M(640M) 2.821ms
[1094.744s][info][gc] GC(6909) Pause Young (Normal) (G1 Evacuation Pause) 546M->198M(640M) 2.517ms
[1094.873s][info][gc] GC(6910) Pause Young (Normal) (G1 Evacuation Pause) 554M->200M(640M) 2.435ms
[1095.004s][info][gc] GC(6911) Pause Young (Normal) (G1 Evacuation Pause) 556M->203M(640M) 2.627ms
[1095.135s][info][gc] GC(6912) Pause Young (Normal) (G1 Evacuation Pause) 555M->207M(640M) 2.754ms
[1095.268s][info][gc] GC(6913) Pause Young (Normal) (G1 Evacuation Pause) 559M->211M(640M) 2.726ms
[1095.400s][info][gc] GC(6914) Pause Young (Normal) (G1 Evacuation Pause) 563M->213M(640M) 2.682ms
[1095.531s][info][gc] GC(6915) Pause Young (Normal) (G1 Evacuation Pause) 569M->217M(640M) 2.469ms
[1095.663s][info][gc] GC(6916) Pause Young (Normal) (G1 Evacuation Pause) 573M->220M(640M) 2.692ms
[1095.794s][info][gc] GC(6917) Pause Young (Normal) (G1 Evacuation Pause) 576M->221M(640M) 2.396ms
[1095.926s][info][gc] GC(6918) Pause Young (Normal) (G1 Evacuation Pause) 573M->225M(640M) 2.199ms
[1096.049s][info][gc] GC(6919) Pause Young (Normal) (G1 Evacuation Pause) 569M->228M(640M) 2.543ms
[1096.275s][info][gc] GC(6920) Pause Young (Normal) (G1 Evacuation Pause) 568M->230M(640M) 2.186ms
[1096.391s][info][gc] GC(6921) Pause Young (Normal) (G1 Evacuation Pause) 570M->234M(640M) 2.350ms
[1096.506s][info][gc] GC(6922) Pause Young (Normal) (G1 Evacuation Pause) 570M->237M(640M) 2.321ms
[1096.626s][info][gc] GC(6923) Pause Young (Normal) (G1 Evacuation Pause) 569M->239M(640M) 2.449ms
[1096.747s][info][gc] GC(6924) Pause Young (Concurrent Start) (G1 Evacuation Pause) 567M->242M(640M) 2.900ms
[1096.747s][info][gc] GC(6925) Concurrent Mark Cycle
[1096.758s][info][gc] GC(6925) Pause Remark 274M->156M(428M) 0.489ms
[1096.764s][info][gc] GC(6925) Pause Cleanup 164M->164M(428M) 0.056ms
[1096.764s][info][gc] GC(6925) Concurrent Mark Cycle 17.162ms
[1096.843s][info][gc] GC(6926) Pause Young (Prepare Mixed) (G1 Evacuation Pause) 352M->127M(428M) 2.889ms
[1096.922s][info][gc] GC(6927) Pause Young (Mixed) (G1 Evacuation Pause) 363M->93M(428M) 2.008ms
[1097.012s][info][gc] GC(6928) Pause Young (Normal) (G1 Evacuation Pause) 329M->95M(428M) 1.691ms
[1097.097s][info][gc] GC(6929) Pause Young (Normal) (G1 Evacuation Pause) 331M->98M(428M) 2.035ms
[1097.176s][info][gc] GC(6930) Pause Young (Normal) (G1 Evacuation Pause) 334M->99M(516M) 1.850ms
[1097.280s][info][gc] GC(6931) Pause Young (Normal) (G1 Evacuation Pause) 387M->103M(516M) 1.944ms
[1097.379s][info][gc] GC(6932) Pause Young (Normal) (G1 Evacuation Pause) 387M->105M(516M) 1.914ms
[1097.478s][info][gc] GC(6933) Pause Young (Normal) (G1 Evacuation Pause) 389M->106M(516M) 1.994ms
[1097.569s][info][gc] GC(6934) Pause Young (Normal) (G1 Evacuation Pause) 390M->109M(620M) 1.951ms
[1097.695s][info][gc] GC(6935) Pause Young (Normal) (G1 Evacuation Pause) 457M->111M(620M) 2.157ms
[1097.821s][info][gc] GC(6936) Pause Young (Normal) (G1 Evacuation Pause) 455M->114M(620M) 2.454ms
[1097.944s][info][gc] GC(6937) Pause Young (Normal) (G1 Evacuation Pause) 454M->117M(620M) 2.343ms
[1098.066s][info][gc] GC(6938) Pause Young (Normal) (G1 Evacuation Pause) 461M->120M(620M) 2.385ms
[1098.310s][info][gc] GC(6939) Pause Young (Normal) (G1 Evacuation Pause) 464M->125M(620M) 2.382ms
[1098.431s][info][gc] GC(6940) Pause Young (Normal) (G1 Evacuation Pause) 465M->127M(620M) 2.511ms
[1098.552s][info][gc] GC(6941) Pause Young (Normal) (G1 Evacuation Pause) 467M->129M(620M) 2.541ms
[1098.670s][info][gc] GC(6942) Pause Young (Normal) (G1 Evacuation Pause) 473M->132M(620M) 2.349ms
[1098.784s][info][gc] GC(6943) Pause Young (Normal) (G1 Evacuation Pause) 476M->134M(620M) 2.494ms
[1098.903s][info][gc] GC(6944) Pause Young (Normal) (G1 Evacuation Pause) 478M->138M(620M) 2.570ms
[1099.024s][info][gc] GC(6945) Pause Young (Normal) (G1 Evacuation Pause) 478M->142M(620M) 2.510ms
[1099.143s][info][gc] GC(6946) Pause Young (Normal) (G1 Evacuation Pause) 486M->146M(620M) 2.362ms
[1099.269s][info][gc] GC(6947) Pause Young (Normal) (G1 Evacuation Pause) 490M->147M(620M) 2.564ms
[1099.388s][info][gc] GC(6948) Pause Young (Normal) (G1 Evacuation Pause) 487M->151M(620M) 2.329ms
[1099.502s][info][gc] GC(6949) Pause Young (Normal) (G1 Evacuation Pause) 491M->152M(620M) 2.224ms
[1099.628s][info][gc] GC(6950) Pause Young (Normal) (G1 Evacuation Pause) 496M->155M(620M) 2.616ms
[1099.754s][info][gc] GC(6951) Pause Young (Normal) (G1 Evacuation Pause) 495M->159M(620M) 2.835ms
[1099.875s][info][gc] GC(6952) Pause Young (Normal) (G1 Evacuation Pause) 499M->162M(620M) 2.347ms
[1099.997s][info][gc] GC(6953) Pause Young (Normal) (G1 Evacuation Pause) 502M->164M(620M) 2.567ms
[1100.131s][info][gc] GC(6954) Pause Young (Normal) (G1 Evacuation Pause) 504M->163M(620M) 2.227ms
[1100.351s][info][gc] GC(6955) Pause Young (Normal) (G1 Evacuation Pause) 507M->171M(620M) 2.336ms
[1100.467s][info][gc] GC(6956) Pause Young (Normal) (G1 Evacuation Pause) 507M->174M(620M) 2.588ms
[1100.590s][info][gc] GC(6957) Pause Young (Normal) (G1 Evacuation Pause) 518M->176M(620M) 2.292ms
[1100.712s][info][gc] GC(6958) Pause Young (Normal) (G1 Evacuation Pause) 520M->178M(620M) 2.296ms
[1100.830s][info][gc] GC(6959) Pause Young (Normal) (G1 Evacuation Pause) 522M->182M(620M) 2.344ms
[1100.950s][info][gc] GC(6960) Pause Young (Normal) (G1 Evacuation Pause) 522M->185M(620M) 2.800ms
[1101.072s][info][gc] GC(6961) Pause Young (Normal) (G1 Evacuation Pause) 529M->189M(744M) 2.455ms
[1101.217s][info][gc] GC(6962) Pause Young (Normal) (G1 Evacuation Pause) 605M->191M(744M) 2.910ms
[1101.360s][info][gc] GC(6963) Pause Young (Normal) (G1 Evacuation Pause) 603M->195M(744M) 2.650ms
[1101.502s][info][gc] GC(6964) Pause Young (Normal) (G1 Evacuation Pause) 603M->198M(744M) 2.739ms
[1101.650s][info][gc] GC(6965) Pause Young (Normal) (G1 Evacuation Pause) 606M->203M(744M) 3.019ms
[1101.790s][info][gc] GC(6966) Pause Young (Normal) (G1 Evacuation Pause) 611M->205M(744M) 2.807ms
[1101.935s][info][gc] GC(6967) Pause Young (Normal) (G1 Evacuation Pause) 617M->208M(744M) 2.627ms
[1102.090s][info][gc] GC(6968) Pause Young (Normal) (G1 Evacuation Pause) 620M->208M(744M) 2.441ms
[1102.346s][info][gc] GC(6969) Pause Young (Normal) (G1 Evacuation Pause) 616M->213M(744M) 2.667ms
[1102.494s][info][gc] GC(6970) Pause Young (Normal) (G1 Evacuation Pause) 621M->218M(744M) 2.762ms
[1102.648s][info][gc] GC(6971) Pause Young (Normal) (G1 Evacuation Pause) 626M->221M(744M) 3.107ms
[1102.797s][info][gc] GC(6972) Pause Young (Normal) (G1 Evacuation Pause) 629M->227M(744M) 3.551ms
[1102.943s][info][gc] GC(6973) Pause Young (Normal) (G1 Evacuation Pause) 635M->230M(744M) 2.758ms
[1103.090s][info][gc] GC(6974) Pause Young (Normal) (G1 Evacuation Pause) 642M->231M(744M) 2.633ms
[1103.236s][info][gc] GC(6975) Pause Young (Normal) (G1 Evacuation Pause) 639M->235M(744M) 2.979ms
[1103.379s][info][gc] GC(6976) Pause Young (Normal) (G1 Evacuation Pause) 643M->239M(744M) 2.797ms
[1103.519s][info][gc] GC(6977) Pause Young (Normal) (G1 Evacuation Pause) 647M->241M(744M) 3.005ms
[1103.661s][info][gc] GC(6978) Pause Young (Normal) (G1 Evacuation Pause) 653M->245M(744M) 2.482ms
[1103.806s][info][gc] GC(6979) Pause Young (Normal) (G1 Evacuation Pause) 653M->251M(744M) 2.545ms
[1103.951s][info][gc] GC(6980) Pause Young (Normal) (G1 Evacuation Pause) 659M->254M(744M) 2.653ms
[1104.111s][info][gc] GC(6981) Pause Young (Normal) (G1 Evacuation Pause) 662M->253M(744M) 2.419ms
[1104.338s][info][gc] GC(6982) Pause Young (Normal) (G1 Evacuation Pause) 665M->259M(744M) 2.610ms
[1104.485s][info][gc] GC(6983) Pause Young (Normal) (G1 Evacuation Pause) 663M->263M(744M) 3.058ms
[1104.626s][info][gc] GC(6984) Pause Young (Normal) (G1 Evacuation Pause) 663M->267M(744M) 2.703ms
[1104.765s][info][gc] GC(6985) Pause Young (Normal) (G1 Evacuation Pause) 663M->271M(744M) 2.940ms
[1104.898s][info][gc] GC(6986) Pause Young (Normal) (G1 Evacuation Pause) 663M->271M(744M) 2.880ms
[1105.040s][info][gc] GC(6987) Pause Young (Normal) (G1 Evacuation Pause) 667M->277M(744M) 2.756ms
[1105.171s][info][gc] GC(6988) Pause Young (Normal) (G1 Evacuation Pause) 661M->279M(744M) 2.666ms
[1105.305s][info][gc] GC(6989) Pause Young (Normal) (G1 Evacuation Pause) 659M->284M(744M) 2.650ms
[1105.435s][info][gc] GC(6990) Pause Young (Concurrent Start) (G1 Evacuation Pause) 664M->287M(744M) 2.547ms
[1105.435s][info][gc] GC(6991) Concurrent Mark Cycle
[1105.451s][info][gc] GC(6991) Pause Remark 337M->166M(416M) 0.452ms
[1105.456s][info][gc] GC(6991) Pause Cleanup 180M->180M(416M) 0.062ms
[1105.456s][info][gc] GC(6991) Concurrent Mark Cycle 20.452ms
[1105.512s][info][gc] GC(6992) Pause Young (Prepare Mixed) (G1 Evacuation Pause) 328M->118M(416M) 2.291ms
[1105.588s][info][gc] GC(6993) Pause Young (Mixed) (G1 Evacuation Pause) 346M->98M(416M) 1.803ms
[1105.668s][info][gc] GC(6994) Pause Young (Normal) (G1 Evacuation Pause) 326M->100M(416M) 1.888ms
[1105.751s][info][gc] GC(6995) Pause Young (Normal) (G1 Evacuation Pause) 328M->101M(416M) 1.642ms
[1105.830s][info][gc] GC(6996) Pause Young (Normal) (G1 Evacuation Pause) 329M->104M(500M) 1.805ms
[1105.931s][info][gc] GC(6997) Pause Young (Normal) (G1 Evacuation Pause) 384M->106M(500M) 1.997ms
[1106.033s][info][gc] GC(6998) Pause Young (Normal) (G1 Evacuation Pause) 382M->107M(500M) 1.913ms
[1106.231s][info][gc] GC(6999) Pause Young (Normal) (G1 Evacuation Pause) 383M->112M(500M) 2.229ms
[1106.328s][info][gc] GC(7000) Pause Young (Normal) (G1 Evacuation Pause) 384M->113M(500M) 2.174ms
[1106.415s][info][gc] GC(7001) Pause Young (Normal) (G1 Evacuation Pause) 389M->117M(600M) 2.259ms
[1106.534s][info][gc] GC(7002) Pause Young (Normal) (G1 Evacuation Pause) 449M->119M(600M) 2.518ms
[1106.652s][info][gc] GC(7003) Pause Young (Normal) (G1 Evacuation Pause) 451M->121M(600M) 2.451ms
[1106.770s][info][gc] GC(7004) Pause Young (Normal) (G1 Evacuation Pause) 453M->126M(600M) 2.492ms
[1106.883s][info][gc] GC(7005) Pause Young (Normal) (G1 Evacuation Pause) 454M->126M(720M) 2.454ms
[1107.025s][info][gc] GC(7006) Pause Young (Normal) (G1 Evacuation Pause) 530M->131M(720M) 2.600ms
[1107.164s][info][gc] GC(7007) Pause Young (Normal) (G1 Evacuation Pause) 531M->132M(720M) 3.019ms
[1107.309s][info][gc] GC(7008) Pause Young (Normal) (G1 Evacuation Pause) 528M->137M(720M) 2.886ms
[1107.456s][info][gc] GC(7009) Pause Young (Normal) (G1 Evacuation Pause) 537M->139M(720M) 2.638ms
[1107.598s][info][gc] GC(7010) Pause Young (Normal) (G1 Evacuation Pause) 535M->143M(720M) 2.823ms
[1107.744s][info][gc] GC(7011) Pause Young (Normal) (G1 Evacuation Pause) 539M->148M(720M) 2.607ms
[1107.888s][info][gc] GC(7012) Pause Young (Normal) (G1 Evacuation Pause) 544M->148M(720M) 2.919ms
[1108.039s][info][gc] GC(7013) Pause Young (Normal) (G1 Evacuation Pause) 548M->150M(720M) 2.249ms
[1108.292s][info][gc] GC(7014) Pause Young (Normal) (G1 Evacuation Pause) 550M->176M(720M) 3.844ms
[1108.929s][info][gc] GC(7015) Pause Young (Concurrent Start) (G1 Humongous Allocation) 300M->195M(720M) 2.885ms
[1108.929s][info][gc] GC(7016) Concurrent Undo Cycle
[1108.929s][info][gc] GC(7016) Concurrent Undo Cycle 0.089ms
[1109.367s][info][gc] GC(7017) Pause Young (Concurrent Start) (G1 Humongous Allocation) 271M->202M(720M) 1.612ms
[1109.367s][info][gc] GC(7018) Concurrent Undo Cycle
[1109.367s][info][gc] GC(7018) Concurrent Undo Cycle 0.085ms
[1109.791s][info][gc] GC(7019) Pause Young (Concurrent Start) (G1 Humongous Allocation) 270M->203M(720M) 1.494ms
[1109.791s][info][gc] GC(7020) Concurrent Undo Cycle
[1109.791s][info][gc] GC(7020) Concurrent Undo Cycle 0.079ms
[1110.109s][info][gc] GC(7021) Pause Young (Concurrent Start) (G1 Humongous Allocation) 255M->202M(720M) 0.753ms
[1110.109s][info][gc] GC(7022) Concurrent Undo Cycle
[1110.109s][info][gc] GC(7022) Concurrent Undo Cycle 0.074ms
[1110.410s][info][gc] GC(7023) Pause Young (Concurrent Start) (G1 Humongous Allocation) 254M->201M(720M) 0.749ms
[1110.410s][info][gc] GC(7024) Concurrent Undo Cycle
[1110.410s][info][gc] GC(7024) Concurrent Undo Cycle 0.077ms
[1110.703s][info][gc] GC(7025) Pause Young (Concurrent Start) (G1 Humongous Allocation) 261M->193M(720M) 0.756ms
[1110.703s][info][gc] GC(7026) Concurrent Undo Cycle
[1110.703s][info][gc] GC(7026) Concurrent Undo Cycle 0.069ms
[1110.982s][info][gc] GC(7027) Pause Young (Concurrent Start) (G1 Humongous Allocation) 261M->194M(720M) 0.847ms
[1110.982s][info][gc] GC(7028) Concurrent Undo Cycle
[1110.982s][info][gc] GC(7028) Concurrent Undo Cycle 0.103ms
[1111.344s][info][gc] GC(7029) Pause Young (Concurrent Start) (G1 Humongous Allocation) 262M->194M(720M) 0.725ms
[1111.344s][info][gc] GC(7030) Concurrent Undo Cycle
[1111.344s][info][gc] GC(7030) Concurrent Undo Cycle 0.086ms
[1111.787s][info][gc] GC(7031) Pause Young (Concurrent Start) (G1 Humongous Allocation) 262M->195M(720M) 0.768ms
[1111.787s][info][gc] GC(7032) Concurrent Undo Cycle
[1111.787s][info][gc] GC(7032) Concurrent Undo Cycle 0.086ms
[1112.305s][info][gc] GC(7033) Pause Young (Concurrent Start) (G1 Humongous Allocation) 263M->195M(720M) 0.779ms
[1112.305s][info][gc] GC(7034) Concurrent Undo Cycle
[1112.306s][info][gc] GC(7034) Concurrent Undo Cycle 0.088ms
[1112.892s][info][gc] GC(7035) Pause Young (Concurrent Start) (G1 Humongous Allocation) 263M->195M(720M) 0.870ms
[1112.892s][info][gc] GC(7036) Concurrent Undo Cycle
[1112.892s][info][gc] GC(7036) Concurrent Undo Cycle 0.093ms
[1113.502s][info][gc] GC(7037) Pause Young (Concurrent Start) (G1 Humongous Allocation) 263M->196M(720M) 0.792ms
[1113.502s][info][gc] GC(7038) Concurrent Undo Cycle
[1113.503s][info][gc] GC(7038) Concurrent Undo Cycle 0.155ms
[1114.102s][info][gc] GC(7039) Pause Young (Concurrent Start) (G1 Humongous Allocation) 264M->196M(720M) 0.843ms
[1114.102s][info][gc] GC(7040) Concurrent Undo Cycle
[1114.102s][info][gc] GC(7040) Concurrent Undo Cycle 0.085ms
[1114.533s][info][gc] GC(7041) Pause Young (Concurrent Start) (G1 Humongous Allocation) 264M->197M(720M) 0.918ms
[1114.533s][info][gc] GC(7042) Concurrent Undo Cycle
[1114.534s][info][gc] GC(7042) Concurrent Undo Cycle 0.075ms
[1115.141s][info][gc] GC(7043) Pause Young (Concurrent Start) (G1 Humongous Allocation) 265M->197M(720M) 0.896ms
[1115.141s][info][gc] GC(7044) Concurrent Undo Cycle
[1115.141s][info][gc] GC(7044) Concurrent Undo Cycle 0.072ms
[1115.606s][info][gc] GC(7045) Pause Young (Concurrent Start) (G1 Humongous Allocation) 265M->198M(720M) 0.963ms
[1115.606s][info][gc] GC(7046) Concurrent Undo Cycle
[1115.606s][info][gc] GC(7046) Concurrent Undo Cycle 0.078ms
[1116.130s][info][gc] GC(7047) Pause Young (Concurrent Start) (G1 Humongous Allocation) 266M->198M(720M) 0.791ms
[1116.130s][info][gc] GC(7048) Concurrent Undo Cycle
[1116.131s][info][gc] GC(7048) Concurrent Undo Cycle 0.084ms
[1116.778s][info][gc] GC(7049) Pause Young (Concurrent Start) (G1 Humongous Allocation) 266M->198M(720M) 0.794ms
[1116.778s][info][gc] GC(7050) Concurrent Undo Cycle
[1116.778s][info][gc] GC(7050) Concurrent Undo Cycle 0.084ms
[1117.359s][info][gc] GC(7051) Pause Young (Concurrent Start) (G1 Humongous Allocation) 266M->198M(720M) 0.764ms
[1117.359s][info][gc] GC(7052) Concurrent Undo Cycle
[1117.359s][info][gc] GC(7052) Concurrent Undo Cycle 0.112ms
[1117.801s][info][gc] GC(7053) Pause Young (Concurrent Start) (G1 Humongous Allocation) 266M->199M(720M) 0.809ms
[1117.801s][info][gc] GC(7054) Concurrent Undo Cycle
[1117.801s][info][gc] GC(7054) Concurrent Undo Cycle 0.081ms
[1118.240s][info][gc] GC(7055) Pause Young (Concurrent Start) (G1 Humongous Allocation) 267M->199M(720M) 0.782ms
[1118.240s][info][gc] GC(7056) Concurrent Undo Cycle
[1118.240s][info][gc] GC(7056) Concurrent Undo Cycle 0.079ms
[1118.827s][info][gc] GC(7057) Pause Young (Concurrent Start) (G1 Humongous Allocation) 267M->199M(720M) 0.783ms
[1118.827s][info][gc] GC(7058) Concurrent Undo Cycle
[1118.827s][info][gc] GC(7058) Concurrent Undo Cycle 0.075ms
[1140.126s][info][gc] GC(7059) Pause Young (Concurrent Start) (G1 Humongous Allocation) 574M->198M(720M) 1.597ms
[1140.127s][info][gc] GC(7060) Concurrent Undo Cycle
[1140.127s][info][gc] GC(7060) Concurrent Undo Cycle 0.121ms
[1141.003s][info][gc] GC(7061) Pause Young (Concurrent Start) (G1 Humongous Allocation) 264M->199M(720M) 1.246ms
[1141.003s][info][gc] GC(7062) Concurrent Undo Cycle
[1141.003s][info][gc] GC(7062) Concurrent Undo Cycle 0.083ms
[1141.822s][info][gc] GC(7063) Pause Young (Concurrent Start) (G1 Humongous Allocation) 265M->200M(720M) 1.280ms
[1141.822s][info][gc] GC(7064) Concurrent Undo Cycle
[1141.822s][info][gc] GC(7064) Concurrent Undo Cycle 0.078ms
[1142.383s][info][gc] GC(7065) Pause Young (Concurrent Start) (G1 Humongous Allocation) 266M->201M(720M) 1.362ms
[1142.383s][info][gc] GC(7066) Concurrent Undo Cycle
[1142.383s][info][gc] GC(7066) Concurrent Undo Cycle 0.084ms
[1143.313s][info][gc] GC(7067) Pause Young (Concurrent Start) (G1 Humongous Allocation) 267M->201M(720M) 1.432ms
[1143.313s][info][gc] GC(7068) Concurrent Undo Cycle
[1143.313s][info][gc] GC(7068) Concurrent Undo Cycle 0.092ms
[1144.484s][info][gc] GC(7069) Pause Young (Concurrent Start) (G1 Humongous Allocation) 267M->201M(720M) 1.548ms
[1144.484s][info][gc] GC(7070) Concurrent Undo Cycle
[1144.484s][info][gc] GC(7070) Concurrent Undo Cycle 0.087ms
[1145.306s][info][gc] GC(7071) Pause Young (Concurrent Start) (G1 Humongous Allocation) 259M->209M(720M) 1.287ms
[1145.306s][info][gc] GC(7072) Concurrent Undo Cycle
[1145.306s][info][gc] GC(7072) Concurrent Undo Cycle 0.084ms
[1146.176s][info][gc] GC(7073) Pause Young (Concurrent Start) (G1 Humongous Allocation) 259M->209M(720M) 1.303ms
[1146.176s][info][gc] GC(7074) Concurrent Undo Cycle
[1146.176s][info][gc] GC(7074) Concurrent Undo Cycle 0.082ms
[1146.867s][info][gc] GC(7075) Pause Young (Concurrent Start) (G1 Humongous Allocation) 259M->209M(720M) 1.398ms
[1146.867s][info][gc] GC(7076) Concurrent Undo Cycle
[1146.867s][info][gc] GC(7076) Concurrent Undo Cycle 0.080ms
[1147.751s][info][gc] GC(7077) Pause Young (Concurrent Start) (G1 Humongous Allocation) 259M->210M(720M) 1.321ms
[1147.752s][info][gc] GC(7078) Concurrent Undo Cycle
[1147.752s][info][gc] GC(7078) Concurrent Undo Cycle 0.079ms
[1148.612s][info][gc] GC(7079) Pause Young (Concurrent Start) (G1 Humongous Allocation) 260M->211M(720M) 1.438ms
[1148.612s][info][gc] GC(7080) Concurrent Undo Cycle
[1148.612s][info][gc] GC(7080) Concurrent Undo Cycle 0.087ms
[1149.264s][info][gc] GC(7081) Pause Young (Concurrent Start) (G1 Humongous Allocation) 261M->210M(720M) 1.364ms
[1149.264s][info][gc] GC(7082) Concurrent Undo Cycle
[1149.264s][info][gc] GC(7082) Concurrent Undo Cycle 0.084ms
[1150.065s][info][gc] GC(7083) Pause Young (Concurrent Start) (G1 Humongous Allocation) 260M->211M(720M) 1.435ms
[1150.065s][info][gc] GC(7084) Concurrent Undo Cycle
[1150.065s][info][gc] GC(7084) Concurrent Undo Cycle 0.084ms
[1170.514s][info][gc] GC(7085) Pause Young (Concurrent Start) (G1 Humongous Allocation) 502M->208M(720M) 1.291ms
[1170.515s][info][gc] GC(7086) Concurrent Undo Cycle
[1170.515s][info][gc] GC(7086) Concurrent Undo Cycle 0.106ms
[1171.415s][info][gc] GC(7087) Pause Young (Concurrent Start) (G1 Humongous Allocation) 266M->200M(720M) 0.963ms
[1171.415s][info][gc] GC(7088) Concurrent Undo Cycle
[1171.415s][info][gc] GC(7088) Concurrent Undo Cycle 0.082ms
[1172.228s][info][gc] GC(7089) Pause Young (Concurrent Start) (G1 Humongous Allocation) 266M->200M(720M) 1.048ms
[1172.228s][info][gc] GC(7090) Concurrent Undo Cycle
[1172.228s][info][gc] GC(7090) Concurrent Undo Cycle 0.077ms
[1172.686s][info][gc] GC(7091) Pause Young (Concurrent Start) (G1 Humongous Allocation) 258M->209M(720M) 1.157ms
[1172.686s][info][gc] GC(7092) Concurrent Undo Cycle
[1172.687s][info][gc] GC(7092) Concurrent Undo Cycle 0.083ms
[1173.160s][info][gc] GC(7093) Pause Young (Concurrent Start) (G1 Humongous Allocation) 259M->209M(720M) 1.076ms
[1173.160s][info][gc] GC(7094) Concurrent Undo Cycle
[1173.160s][info][gc] GC(7094) Concurrent Undo Cycle 0.082ms
[1173.858s][info][gc] GC(7095) Pause Young (Concurrent Start) (G1 Humongous Allocation) 259M->209M(720M) 1.124ms
[1173.858s][info][gc] GC(7096) Concurrent Undo Cycle
[1173.858s][info][gc] GC(7096) Concurrent Undo Cycle 0.089ms
[1174.734s][info][gc] GC(7097) Pause Young (Concurrent Start) (G1 Humongous Allocation) 259M->209M(720M) 1.275ms
[1174.734s][info][gc] GC(7098) Concurrent Undo Cycle
[1174.734s][info][gc] GC(7098) Concurrent Undo Cycle 0.087ms
[1175.526s][info][gc] GC(7099) Pause Young (Concurrent Start) (G1 Humongous Allocation) 259M->210M(720M) 1.111ms
[1175.526s][info][gc] GC(7100) Concurrent Undo Cycle
[1175.526s][info][gc] GC(7100) Concurrent Undo Cycle 0.082ms
[1176.331s][info][gc] GC(7101) Pause Young (Concurrent Start) (G1 Humongous Allocation) 260M->210M(720M) 1.191ms
[1176.331s][info][gc] GC(7102) Concurrent Undo Cycle
[1176.331s][info][gc] GC(7102) Concurrent Undo Cycle 0.080ms
[1177.162s][info][gc] GC(7103) Pause Young (Concurrent Start) (G1 Humongous Allocation) 260M->211M(720M) 1.157ms
[1177.162s][info][gc] GC(7104) Concurrent Undo Cycle
[1177.162s][info][gc] GC(7104) Concurrent Undo Cycle 0.111ms
[1177.902s][info][gc] GC(7105) Pause Young (Concurrent Start) (G1 Humongous Allocation) 261M->211M(720M) 1.254ms
[1177.902s][info][gc] GC(7106) Concurrent Undo Cycle
[1177.902s][info][gc] GC(7106) Concurrent Undo Cycle 0.079ms
[1178.748s][info][gc] GC(7107) Pause Young (Concurrent Start) (G1 Humongous Allocation) 261M->212M(720M) 1.235ms
[1178.748s][info][gc] GC(7108) Concurrent Undo Cycle
[1178.748s][info][gc] GC(7108) Concurrent Undo Cycle 0.081ms
[1179.560s][info][gc] GC(7109) Pause Young (Concurrent Start) (G1 Humongous Allocation) 262M->211M(720M) 1.227ms
[1179.560s][info][gc] GC(7110) Concurrent Undo Cycle
[1179.560s][info][gc] GC(7110) Concurrent Undo Cycle 0.078ms
[1180.260s][info][gc] GC(7111) Pause Young (Concurrent Start) (G1 Humongous Allocation) 261M->212M(720M) 1.288ms
[1180.260s][info][gc] GC(7112) Concurrent Undo Cycle
[1180.260s][info][gc] GC(7112) Concurrent Undo Cycle 0.084ms
[1201.320s][info][gc] GC(7113) Pause Young (Concurrent Start) (G1 Humongous Allocation) 500M->208M(720M) 1.207ms
[1201.321s][info][gc] GC(7114) Concurrent Undo Cycle
[1201.321s][info][gc] GC(7114) Concurrent Undo Cycle 0.083ms
[1201.952s][info][gc] GC(7115) Pause Young (Concurrent Start) (G1 Humongous Allocation) 258M->208M(720M) 0.881ms
[1201.952s][info][gc] GC(7116) Concurrent Undo Cycle
[1201.952s][info][gc] GC(7116) Concurrent Undo Cycle 0.077ms
[1202.623s][info][gc] GC(7117) Pause Young (Concurrent Start) (G1 Humongous Allocation) 258M->209M(720M) 0.858ms
[1202.623s][info][gc] GC(7118) Concurrent Undo Cycle
[1202.623s][info][gc] GC(7118) Concurrent Undo Cycle 0.079ms
[1203.220s][info][gc] GC(7119) Pause Young (Concurrent Start) (G1 Humongous Allocation) 259M->209M(720M) 1.030ms
[1203.220s][info][gc] GC(7120) Concurrent Undo Cycle
[1203.220s][info][gc] GC(7120) Concurrent Undo Cycle 0.082ms
[1203.670s][info][gc] GC(7121) Pause Young (Concurrent Start) (G1 Humongous Allocation) 259M->209M(720M) 1.078ms
[1203.670s][info][gc] GC(7122) Concurrent Undo Cycle
[1203.670s][info][gc] GC(7122) Concurrent Undo Cycle 0.079ms
[1204.158s][info][gc] GC(7123) Pause Young (Concurrent Start) (G1 Humongous Allocation) 259M->209M(720M) 1.075ms
[1204.158s][info][gc] GC(7124) Concurrent Undo Cycle
[1204.158s][info][gc] GC(7124) Concurrent Undo Cycle 0.078ms
[1204.864s][info][gc] GC(7125) Pause Young (Concurrent Start) (G1 Humongous Allocation) 259M->210M(720M) 1.120ms
[1204.864s][info][gc] GC(7126) Concurrent Undo Cycle
[1204.864s][info][gc] GC(7126) Concurrent Undo Cycle 0.079ms
[1205.694s][info][gc] GC(7127) Pause Young (Concurrent Start) (G1 Humongous Allocation) 260M->211M(720M) 1.015ms
[1205.694s][info][gc] GC(7128) Concurrent Undo Cycle
[1205.694s][info][gc] GC(7128) Concurrent Undo Cycle 0.081ms
[1206.458s][info][gc] GC(7129) Pause Young (Concurrent Start) (G1 Humongous Allocation) 261M->210M(720M) 1.109ms
[1206.458s][info][gc] GC(7130) Concurrent Undo Cycle
[1206.458s][info][gc] GC(7130) Concurrent Undo Cycle 0.079ms
[1207.316s][info][gc] GC(7131) Pause Young (Concurrent Start) (G1 Humongous Allocation) 260M->211M(720M) 1.188ms
[1207.316s][info][gc] GC(7132) Concurrent Undo Cycle
[1207.316s][info][gc] GC(7132) Concurrent Undo Cycle 0.107ms
[1208.206s][info][gc] GC(7133) Pause Young (Concurrent Start) (G1 Humongous Allocation) 261M->211M(720M) 1.169ms
[1208.206s][info][gc] GC(7134) Concurrent Undo Cycle
[1208.207s][info][gc] GC(7134) Concurrent Undo Cycle 0.087ms
[1208.929s][info][gc] GC(7135) Pause Young (Concurrent Start) (G1 Humongous Allocation) 261M->211M(720M) 1.152ms
[1208.930s][info][gc] GC(7136) Concurrent Undo Cycle
[1208.930s][info][gc] GC(7136) Concurrent Undo Cycle 0.106ms
[1209.784s][info][gc] GC(7137) Pause Young (Concurrent Start) (G1 Humongous Allocation) 261M->212M(720M) 1.219ms
[1209.784s][info][gc] GC(7138) Concurrent Undo Cycle
[1209.785s][info][gc] GC(7138) Concurrent Undo Cycle 0.081ms
[1210.600s][info][gc] GC(7139) Pause Young (Concurrent Start) (G1 Humongous Allocation) 262M->212M(720M) 1.247ms
[1210.600s][info][gc] GC(7140) Concurrent Undo Cycle
[1210.600s][info][gc] GC(7140) Concurrent Undo Cycle 0.083ms
[1211.280s][info][gc] GC(7141) Pause Young (Concurrent Start) (G1 Humongous Allocation) 262M->212M(720M) 1.258ms
[1211.280s][info][gc] GC(7142) Concurrent Undo Cycle
[1211.280s][info][gc] GC(7142) Concurrent Undo Cycle 0.078ms
[1231.739s][info][gc] GC(7143) Pause Young (Concurrent Start) (G1 Humongous Allocation) 500M->209M(720M) 1.158ms
[1231.740s][info][gc] GC(7144) Concurrent Undo Cycle
[1231.740s][info][gc] GC(7144) Concurrent Undo Cycle 0.082ms
[1232.386s][info][gc] GC(7145) Pause Young (Concurrent Start) (G1 Humongous Allocation) 259M->208M(720M) 0.871ms
[1232.386s][info][gc] GC(7146) Concurrent Undo Cycle
[1232.386s][info][gc] GC(7146) Concurrent Undo Cycle 0.078ms
[1233.084s][info][gc] GC(7147) Pause Young (Concurrent Start) (G1 Humongous Allocation) 258M->209M(720M) 0.881ms
[1233.084s][info][gc] GC(7148) Concurrent Undo Cycle
[1233.084s][info][gc] GC(7148) Concurrent Undo Cycle 0.088ms
[1233.731s][info][gc] GC(7149) Pause Young (Concurrent Start) (G1 Humongous Allocation) 259M->210M(720M) 1.024ms
[1233.732s][info][gc] GC(7150) Concurrent Undo Cycle
[1233.732s][info][gc] GC(7150) Concurrent Undo Cycle 0.079ms
[1234.178s][info][gc] GC(7151) Pause Young (Concurrent Start) (G1 Humongous Allocation) 260M->209M(720M) 0.954ms
[1234.178s][info][gc] GC(7152) Concurrent Undo Cycle
[1234.178s][info][gc] GC(7152) Concurrent Undo Cycle 0.077ms
[1234.699s][info][gc] GC(7153) Pause Young (Concurrent Start) (G1 Humongous Allocation) 259M->210M(720M) 0.989ms
[1234.699s][info][gc] GC(7154) Concurrent Undo Cycle
[1234.699s][info][gc] GC(7154) Concurrent Undo Cycle 0.083ms
[1235.381s][info][gc] GC(7155) Pause Young (Concurrent Start) (G1 Humongous Allocation) 260M->210M(720M) 1.012ms
[1235.382s][info][gc] GC(7156) Concurrent Undo Cycle
[1235.382s][info][gc] GC(7156) Concurrent Undo Cycle 0.080ms
[1236.196s][info][gc] GC(7157) Pause Young (Concurrent Start) (G1 Humongous Allocation) 260M->210M(720M) 1.125ms
[1236.196s][info][gc] GC(7158) Concurrent Undo Cycle
[1236.196s][info][gc] GC(7158) Concurrent Undo Cycle 0.084ms
[1237.002s][info][gc] GC(7159) Pause Young (Concurrent Start) (G1 Humongous Allocation) 260M->210M(720M) 1.040ms
[1237.002s][info][gc] GC(7160) Concurrent Undo Cycle
[1237.002s][info][gc] GC(7160) Concurrent Undo Cycle 0.079ms
[1237.823s][info][gc] GC(7161) Pause Young (Concurrent Start) (G1 Humongous Allocation) 260M->211M(720M) 1.065ms
[1237.823s][info][gc] GC(7162) Concurrent Undo Cycle
[1237.824s][info][gc] GC(7162) Concurrent Undo Cycle 0.082ms
[1238.716s][info][gc] GC(7163) Pause Young (Concurrent Start) (G1 Humongous Allocation) 261M->212M(720M) 1.112ms
[1238.717s][info][gc] GC(7164) Concurrent Undo Cycle
[1238.717s][info][gc] GC(7164) Concurrent Undo Cycle 0.081ms
[1239.410s][info][gc] GC(7165) Pause Young (Concurrent Start) (G1 Humongous Allocation) 262M->212M(720M) 1.183ms
[1239.410s][info][gc] GC(7166) Concurrent Undo Cycle
[1239.410s][info][gc] GC(7166) Concurrent Undo Cycle 0.088ms
[1240.262s][info][gc] GC(7167) Pause Young (Concurrent Start) (G1 Humongous Allocation) 262M->212M(720M) 1.173ms
[1240.262s][info][gc] GC(7168) Concurrent Undo Cycle
[1240.262s][info][gc] GC(7168) Concurrent Undo Cycle 0.079ms
[1241.082s][info][gc] GC(7169) Pause Young (Concurrent Start) (G1 Humongous Allocation) 262M->212M(720M) 1.311ms
[1241.082s][info][gc] GC(7170) Concurrent Undo Cycle
[1241.082s][info][gc] GC(7170) Concurrent Undo Cycle 0.078ms
[1241.779s][info][gc] GC(7171) Pause Young (Concurrent Start) (G1 Humongous Allocation) 262M->213M(720M) 1.263ms
[1241.779s][info][gc] GC(7172) Concurrent Undo Cycle
[1241.780s][info][gc] GC(7172) Concurrent Undo Cycle 0.085ms
[1262.182s][info][gc] GC(7173) Pause Young (Concurrent Start) (G1 Humongous Allocation) 671M->240M(720M) 1.939ms
[1262.183s][info][gc] GC(7174) Concurrent Undo Cycle
[1262.183s][info][gc] GC(7174) Concurrent Undo Cycle 0.102ms
[1262.289s][info][gc] GC(7175) Pause Young (Concurrent Start) (G1 Humongous Allocation) 276M->239M(720M) 1.207ms
[1262.289s][info][gc] GC(7176) Concurrent Undo Cycle
[1262.289s][info][gc] GC(7176) Concurrent Undo Cycle 0.074ms
[1262.536s][info][gc] GC(7177) Pause Young (Concurrent Start) (G1 Humongous Allocation) 275M->240M(720M) 1.271ms
[1262.536s][info][gc] GC(7178) Concurrent Undo Cycle
[1262.536s][info][gc] GC(7178) Concurrent Undo Cycle 0.082ms
[1262.766s][info][gc] GC(7179) Pause Young (Concurrent Start) (G1 Humongous Allocation) 276M->240M(720M) 1.297ms
[1262.766s][info][gc] GC(7180) Concurrent Undo Cycle
[1262.766s][info][gc] GC(7180) Concurrent Undo Cycle 0.092ms
[1262.965s][info][gc] GC(7181) Pause Young (Concurrent Start) (G1 Humongous Allocation) 276M->240M(720M) 1.666ms
[1262.965s][info][gc] GC(7182) Concurrent Undo Cycle
[1262.965s][info][gc] GC(7182) Concurrent Undo Cycle 0.086ms
[1263.239s][info][gc] GC(7183) Pause Young (Concurrent Start) (G1 Humongous Allocation) 276M->242M(720M) 1.337ms
[1263.239s][info][gc] GC(7184) Concurrent Undo Cycle
[1263.240s][info][gc] GC(7184) Concurrent Undo Cycle 0.094ms
[1263.473s][info][gc] GC(7185) Pause Young (Concurrent Start) (G1 Humongous Allocation) 278M->242M(720M) 1.405ms
[1263.473s][info][gc] GC(7186) Concurrent Undo Cycle
[1263.473s][info][gc] GC(7186) Concurrent Undo Cycle 0.075ms
[1263.645s][info][gc] GC(7187) Pause Young (Concurrent Start) (G1 Humongous Allocation) 278M->242M(720M) 1.517ms
[1263.645s][info][gc] GC(7188) Concurrent Undo Cycle
[1263.645s][info][gc] GC(7188) Concurrent Undo Cycle 0.084ms
[1263.887s][info][gc] GC(7189) Pause Young (Concurrent Start) (G1 Humongous Allocation) 270M->232M(720M) 0.521ms
[1263.887s][info][gc] GC(7190) Concurrent Undo Cycle
[1263.887s][info][gc] GC(7190) Concurrent Undo Cycle 0.067ms
[1264.088s][info][gc] GC(7191) Pause Young (Concurrent Start) (G1 Humongous Allocation) 268M->232M(720M) 0.539ms
[1264.088s][info][gc] GC(7192) Concurrent Undo Cycle
[1264.088s][info][gc] GC(7192) Concurrent Undo Cycle 0.057ms
[1264.276s][info][gc] GC(7193) Pause Young (Concurrent Start) (G1 Humongous Allocation) 268M->232M(720M) 0.573ms
[1264.276s][info][gc] GC(7194) Concurrent Undo Cycle
[1264.276s][info][gc] GC(7194) Concurrent Undo Cycle 0.063ms
[1264.445s][info][gc] GC(7195) Pause Young (Concurrent Start) (G1 Humongous Allocation) 268M->232M(720M) 0.541ms
[1264.445s][info][gc] GC(7196) Concurrent Undo Cycle
[1264.445s][info][gc] GC(7196) Concurrent Undo Cycle 0.058ms
[1264.594s][info][gc] GC(7197) Pause Young (Concurrent Start) (G1 Humongous Allocation) 268M->232M(720M) 0.510ms
[1264.594s][info][gc] GC(7198) Concurrent Undo Cycle
[1264.594s][info][gc] GC(7198) Concurrent Undo Cycle 0.077ms
[1264.743s][info][gc] GC(7199) Pause Young (Concurrent Start) (G1 Humongous Allocation) 268M->232M(720M) 0.574ms
[1264.743s][info][gc] GC(7200) Concurrent Undo Cycle
[1264.743s][info][gc] GC(7200) Concurrent Undo Cycle 0.070ms
[1264.906s][info][gc] GC(7201) Pause Young (Concurrent Start) (G1 Humongous Allocation) 268M->233M(720M) 0.614ms
[1264.906s][info][gc] GC(7202) Concurrent Undo Cycle
[1264.906s][info][gc] GC(7202) Concurrent Undo Cycle 0.089ms
[1265.049s][info][gc] GC(7203) Pause Young (Concurrent Start) (G1 Humongous Allocation) 269M->233M(720M) 0.604ms
[1265.049s][info][gc] GC(7204) Concurrent Undo Cycle
[1265.049s][info][gc] GC(7204) Concurrent Undo Cycle 0.060ms
[1265.254s][info][gc] GC(7205) Pause Young (Concurrent Start) (G1 Humongous Allocation) 269M->233M(720M) 0.589ms
[1265.254s][info][gc] GC(7206) Concurrent Undo Cycle
[1265.254s][info][gc] GC(7206) Concurrent Undo Cycle 0.071ms
[1265.381s][info][gc] GC(7207) Pause Young (Concurrent Start) (G1 Humongous Allocation) 269M->233M(720M) 0.641ms
[1265.381s][info][gc] GC(7208) Concurrent Undo Cycle
[1265.381s][info][gc] GC(7208) Concurrent Undo Cycle 0.077ms
[1265.707s][info][gc] GC(7209) Pause Young (Concurrent Start) (G1 Humongous Allocation) 269M->233M(720M) 0.578ms
[1265.707s][info][gc] GC(7210) Concurrent Undo Cycle
[1265.707s][info][gc] GC(7210) Concurrent Undo Cycle 0.069ms
[1265.959s][info][gc] GC(7211) Pause Young (Concurrent Start) (G1 Humongous Allocation) 269M->234M(720M) 0.630ms
[1265.959s][info][gc] GC(7212) Concurrent Undo Cycle
[1265.959s][info][gc] GC(7212) Concurrent Undo Cycle 0.063ms
[1266.217s][info][gc] GC(7213) Pause Young (Concurrent Start) (G1 Humongous Allocation) 270M->234M(720M) 0.616ms
[1266.217s][info][gc] GC(7214) Concurrent Undo Cycle
[1266.217s][info][gc] GC(7214) Concurrent Undo Cycle 0.081ms
[1266.526s][info][gc] GC(7215) Pause Young (Concurrent Start) (G1 Humongous Allocation) 270M->234M(720M) 0.639ms
[1266.526s][info][gc] GC(7216) Concurrent Undo Cycle
[1266.526s][info][gc] GC(7216) Concurrent Undo Cycle 0.067ms
[1266.809s][info][gc] GC(7217) Pause Young (Concurrent Start) (G1 Humongous Allocation) 270M->234M(720M) 0.577ms
[1266.809s][info][gc] GC(7218) Concurrent Undo Cycle
[1266.809s][info][gc] GC(7218) Concurrent Undo Cycle 0.072ms
[1267.193s][info][gc] GC(7219) Pause Young (Concurrent Start) (G1 Humongous Allocation) 270M->234M(720M) 0.681ms
[1267.193s][info][gc] GC(7220) Concurrent Undo Cycle
[1267.193s][info][gc] GC(7220) Concurrent Undo Cycle 0.112ms
[1267.425s][info][gc] GC(7221) Pause Young (Concurrent Start) (G1 Humongous Allocation) 270M->235M(720M) 0.588ms
[1267.425s][info][gc] GC(7222) Concurrent Undo Cycle
[1267.426s][info][gc] GC(7222) Concurrent Undo Cycle 0.068ms
[1267.625s][info][gc] GC(7223) Pause Young (Concurrent Start) (G1 Humongous Allocation) 271M->235M(720M) 0.632ms
[1267.625s][info][gc] GC(7224) Concurrent Undo Cycle
[1267.625s][info][gc] GC(7224) Concurrent Undo Cycle 0.074ms
[1268.016s][info][gc] GC(7225) Pause Young (Concurrent Start) (G1 Humongous Allocation) 271M->235M(720M) 0.655ms
[1268.016s][info][gc] GC(7226) Concurrent Undo Cycle
[1268.017s][info][gc] GC(7226) Concurrent Undo Cycle 0.095ms
[1268.216s][info][gc] GC(7227) Pause Young (Concurrent Start) (G1 Humongous Allocation) 271M->235M(720M) 0.698ms
[1268.216s][info][gc] GC(7228) Concurrent Undo Cycle
[1268.217s][info][gc] GC(7228) Concurrent Undo Cycle 0.096ms
[1268.476s][info][gc] GC(7229) Pause Young (Concurrent Start) (G1 Humongous Allocation) 271M->235M(720M) 0.579ms
[1268.477s][info][gc] GC(7230) Concurrent Undo Cycle
[1268.477s][info][gc] GC(7230) Concurrent Undo Cycle 0.087ms
[1268.882s][info][gc] GC(7231) Pause Young (Concurrent Start) (G1 Humongous Allocation) 271M->236M(720M) 0.692ms
[1268.882s][info][gc] GC(7232) Concurrent Undo Cycle
[1268.882s][info][gc] GC(7232) Concurrent Undo Cycle 0.082ms
[1269.129s][info][gc] GC(7233) Pause Young (Concurrent Start) (G1 Humongous Allocation) 272M->236M(720M) 0.579ms
[1269.129s][info][gc] GC(7234) Concurrent Undo Cycle
[1269.129s][info][gc] GC(7234) Concurrent Undo Cycle 0.073ms
[1269.381s][info][gc] GC(7235) Pause Young (Concurrent Start) (G1 Humongous Allocation) 272M->236M(720M) 0.688ms
[1269.381s][info][gc] GC(7236) Concurrent Undo Cycle
[1269.381s][info][gc] GC(7236) Concurrent Undo Cycle 0.076ms
[1269.623s][info][gc] GC(7237) Pause Young (Concurrent Start) (G1 Humongous Allocation) 272M->236M(720M) 0.654ms
[1269.623s][info][gc] GC(7238) Concurrent Undo Cycle
[1269.623s][info][gc] GC(7238) Concurrent Undo Cycle 0.064ms
[1269.864s][info][gc] GC(7239) Pause Young (Concurrent Start) (G1 Humongous Allocation) 272M->236M(720M) 0.654ms
[1269.864s][info][gc] GC(7240) Concurrent Undo Cycle
[1269.864s][info][gc] GC(7240) Concurrent Undo Cycle 0.074ms
[1270.118s][info][gc] GC(7241) Pause Young (Concurrent Start) (G1 Humongous Allocation) 272M->236M(720M) 0.599ms
[1270.118s][info][gc] GC(7242) Concurrent Undo Cycle
[1270.118s][info][gc] GC(7242) Concurrent Undo Cycle 0.065ms
[1270.529s][info][gc] GC(7243) Pause Young (Concurrent Start) (G1 Humongous Allocation) 272M->237M(720M) 0.592ms
[1270.529s][info][gc] GC(7244) Concurrent Undo Cycle
[1270.529s][info][gc] GC(7244) Concurrent Undo Cycle 0.066ms
[1270.788s][info][gc] GC(7245) Pause Young (Concurrent Start) (G1 Humongous Allocation) 273M->237M(720M) 0.575ms
[1270.788s][info][gc] GC(7246) Concurrent Undo Cycle
[1270.788s][info][gc] GC(7246) Concurrent Undo Cycle 0.066ms
[1270.991s][info][gc] GC(7247) Pause Young (Concurrent Start) (G1 Humongous Allocation) 273M->237M(720M) 0.612ms
[1270.991s][info][gc] GC(7248) Concurrent Undo Cycle
[1270.991s][info][gc] GC(7248) Concurrent Undo Cycle 0.063ms
[1271.368s][info][gc] GC(7249) Pause Young (Concurrent Start) (G1 Humongous Allocation) 273M->237M(720M) 0.642ms
[1271.368s][info][gc] GC(7250) Concurrent Undo Cycle
[1271.368s][info][gc] GC(7250) Concurrent Undo Cycle 0.081ms
[1271.646s][info][gc] GC(7251) Pause Young (Concurrent Start) (G1 Humongous Allocation) 273M->237M(720M) 0.630ms
[1271.646s][info][gc] GC(7252) Concurrent Undo Cycle
[1271.646s][info][gc] GC(7252) Concurrent Undo Cycle 0.069ms
[1271.822s][info][gc] GC(7253) Pause Young (Concurrent Start) (G1 Humongous Allocation) 273M->238M(720M) 0.566ms
[1271.822s][info][gc] GC(7254) Concurrent Undo Cycle
[1271.822s][info][gc] GC(7254) Concurrent Undo Cycle 0.067ms
[1272.070s][info][gc] GC(7255) Pause Young (Concurrent Start) (G1 Humongous Allocation) 274M->238M(720M) 0.569ms
[1272.070s][info][gc] GC(7256) Concurrent Undo Cycle
[1272.070s][info][gc] GC(7256) Concurrent Undo Cycle 0.071ms
[1272.268s][info][gc] GC(7257) Pause Young (Concurrent Start) (G1 Humongous Allocation) 274M->238M(720M) 0.630ms
[1272.268s][info][gc] GC(7258) Concurrent Undo Cycle
[1272.268s][info][gc] GC(7258) Concurrent Undo Cycle 0.069ms
[1272.506s][info][gc] GC(7259) Pause Young (Concurrent Start) (G1 Humongous Allocation) 274M->238M(720M) 0.586ms
[1272.506s][info][gc] GC(7260) Concurrent Undo Cycle
[1272.506s][info][gc] GC(7260) Concurrent Undo Cycle 0.072ms
[1272.971s][info][gc] GC(7261) Pause Young (Concurrent Start) (G1 Humongous Allocation) 274M->238M(720M) 0.576ms
[1272.971s][info][gc] GC(7262) Concurrent Undo Cycle
[1272.971s][info][gc] GC(7262) Concurrent Undo Cycle 0.084ms
[1293.665s][info][gc] GC(7263) Pause Young (Concurrent Start) (G1 Humongous Allocation) 578M->237M(720M) 1.382ms
[1293.665s][info][gc] GC(7264) Concurrent Undo Cycle
[1293.666s][info][gc] GC(7264) Concurrent Undo Cycle 0.095ms
[1294.137s][info][gc] GC(7265) Pause Young (Concurrent Start) (G1 Humongous Allocation) 275M->238M(720M) 1.239ms
[1294.137s][info][gc] GC(7266) Concurrent Undo Cycle
[1294.137s][info][gc] GC(7266) Concurrent Undo Cycle 0.082ms
[1294.315s][info][gc] GC(7267) Pause Young (Concurrent Start) (G1 Humongous Allocation) 264M->245M(720M) 1.051ms
[1294.315s][info][gc] GC(7268) Concurrent Undo Cycle
[1294.315s][info][gc] GC(7268) Concurrent Undo Cycle 0.069ms
[1294.597s][info][gc] GC(7269) Pause Young (Concurrent Start) (G1 Humongous Allocation) 263M->247M(720M) 1.023ms
[1294.597s][info][gc] GC(7270) Concurrent Undo Cycle
[1294.597s][info][gc] GC(7270) Concurrent Undo Cycle 0.068ms
[1294.843s][info][gc] GC(7271) Pause Young (Concurrent Start) (G1 Humongous Allocation) 265M->247M(720M) 0.962ms
[1294.843s][info][gc] GC(7272) Concurrent Undo Cycle
[1294.843s][info][gc] GC(7272) Concurrent Undo Cycle 0.066ms
[1295.006s][info][gc] GC(7273) Pause Young (Concurrent Start) (G1 Humongous Allocation) 265M->247M(720M) 1.094ms
[1295.006s][info][gc] GC(7274) Concurrent Undo Cycle
[1295.006s][info][gc] GC(7274) Concurrent Undo Cycle 0.071ms
[1295.231s][info][gc] GC(7275) Pause Young (Concurrent Start) (G1 Humongous Allocation) 265M->247M(720M) 1.055ms
[1295.231s][info][gc] GC(7276) Concurrent Undo Cycle
[1295.231s][info][gc] GC(7276) Concurrent Undo Cycle 0.069ms
[1295.445s][info][gc] GC(7277) Pause Young (Concurrent Start) (G1 Humongous Allocation) 265M->247M(720M) 0.978ms
[1295.445s][info][gc] GC(7278) Concurrent Undo Cycle
[1295.445s][info][gc] GC(7278) Concurrent Undo Cycle 0.067ms
[1295.649s][info][gc] GC(7279) Pause Young (Concurrent Start) (G1 Humongous Allocation) 265M->247M(720M) 1.001ms
[1295.649s][info][gc] GC(7280) Concurrent Undo Cycle
[1295.649s][info][gc] GC(7280) Concurrent Undo Cycle 0.069ms
[1295.827s][info][gc] GC(7281) Pause Young (Concurrent Start) (G1 Humongous Allocation) 265M->247M(720M) 1.082ms
[1295.827s][info][gc] GC(7282) Concurrent Undo Cycle
[1295.827s][info][gc] GC(7282) Concurrent Undo Cycle 0.073ms
[1295.952s][info][gc] GC(7283) Pause Young (Concurrent Start) (G1 Humongous Allocation) 265M->247M(720M) 1.168ms
[1295.952s][info][gc] GC(7284) Concurrent Undo Cycle
[1295.952s][info][gc] GC(7284) Concurrent Undo Cycle 0.069ms
[1296.100s][info][gc] GC(7285) Pause Young (Concurrent Start) (G1 Humongous Allocation) 265M->247M(720M) 1.000ms
[1296.100s][info][gc] GC(7286) Concurrent Undo Cycle
[1296.100s][info][gc] GC(7286) Concurrent Undo Cycle 0.077ms
[1296.231s][info][gc] GC(7287) Pause Young (Concurrent Start) (G1 Humongous Allocation) 265M->247M(720M) 0.964ms
[1296.231s][info][gc] GC(7288) Concurrent Undo Cycle
[1296.231s][info][gc] GC(7288) Concurrent Undo Cycle 0.071ms
[1296.392s][info][gc] GC(7289) Pause Young (Concurrent Start) (G1 Humongous Allocation) 265M->247M(720M) 1.002ms
[1296.392s][info][gc] GC(7290) Concurrent Undo Cycle
[1296.392s][info][gc] GC(7290) Concurrent Undo Cycle 0.066ms
[1296.626s][info][gc] GC(7291) Pause Young (Concurrent Start) (G1 Humongous Allocation) 265M->248M(720M) 1.150ms
[1296.626s][info][gc] GC(7292) Concurrent Undo Cycle
[1296.626s][info][gc] GC(7292) Concurrent Undo Cycle 0.065ms
[1296.762s][info][gc] GC(7293) Pause Young (Concurrent Start) (G1 Humongous Allocation) 266M->248M(720M) 1.161ms
[1296.762s][info][gc] GC(7294) Concurrent Undo Cycle
[1296.762s][info][gc] GC(7294) Concurrent Undo Cycle 0.065ms
[1297.074s][info][gc] GC(7295) Pause Young (Concurrent Start) (G1 Humongous Allocation) 258M->240M(720M) 0.527ms
[1297.074s][info][gc] GC(7296) Concurrent Undo Cycle
[1297.074s][info][gc] GC(7296) Concurrent Undo Cycle 0.069ms
[1297.317s][info][gc] GC(7297) Pause Young (Concurrent Start) (G1 Humongous Allocation) 258M->240M(720M) 0.542ms
[1297.317s][info][gc] GC(7298) Concurrent Undo Cycle
[1297.317s][info][gc] GC(7298) Concurrent Undo Cycle 0.077ms
[1297.593s][info][gc] GC(7299) Pause Young (Concurrent Start) (G1 Humongous Allocation) 258M->240M(720M) 0.556ms
[1297.593s][info][gc] GC(7300) Concurrent Undo Cycle
[1297.593s][info][gc] GC(7300) Concurrent Undo Cycle 0.080ms
[1297.903s][info][gc] GC(7301) Pause Young (Concurrent Start) (G1 Humongous Allocation) 258M->240M(720M) 0.579ms
[1297.903s][info][gc] GC(7302) Concurrent Undo Cycle
[1297.903s][info][gc] GC(7302) Concurrent Undo Cycle 0.078ms
[1298.149s][info][gc] GC(7303) Pause Young (Concurrent Start) (G1 Humongous Allocation) 258M->240M(720M) 0.547ms
[1298.149s][info][gc] GC(7304) Concurrent Undo Cycle
[1298.149s][info][gc] GC(7304) Concurrent Undo Cycle 0.074ms
[1298.501s][info][gc] GC(7305) Pause Young (Concurrent Start) (G1 Humongous Allocation) 258M->240M(720M) 0.549ms
[1298.501s][info][gc] GC(7306) Concurrent Undo Cycle
[1298.501s][info][gc] GC(7306) Concurrent Undo Cycle 0.066ms
[1298.501s][info][gc] GC(7307) Pause Young (Concurrent Start) (G1 Humongous Allocation) 248M->248M(720M) 0.434ms
[1298.501s][info][gc] GC(7308) Concurrent Mark Cycle
[1298.505s][info][gc] GC(7308) Pause Remark 258M->122M(416M) 0.502ms
[1298.507s][info][gc] GC(7308) Pause Cleanup 122M->122M(416M) 0.073ms
[1298.507s][info][gc] GC(7308) Concurrent Mark Cycle 5.920ms
[1309.993s][info][gc] GC(7309) Pause Young (Prepare Mixed) (G1 Evacuation Pause) 480M->106M(492M) 0.795ms
[1324.180s][info][gc] GC(7310) Pause Young (Mixed) (G1 Evacuation Pause) 362M->70M(492M) 1.504ms
[1324.196s][info][gc] GC(7311) Pause Young (Concurrent Start) (G1 Evacuation Pause) 346M->97M(492M) 3.296ms
[1324.197s][info][gc] GC(7312) Concurrent Mark Cycle
[1324.203s][info][gc] GC(7312) Pause Remark 177M->177M(492M) 0.510ms
[1324.205s][info][gc] GC(7312) Pause Cleanup 177M->177M(492M) 0.046ms
[1324.206s][info][gc] GC(7312) Concurrent Mark Cycle 9.397ms
[1330.298s][info][gc] GC(7313) Pause Young (Prepare Mixed) (G1 Evacuation Pause) 1441M->143M(1500M) 5.034ms
[1356.787s][info][gc] GC(7314) Pause Young (Mixed) (G1 Evacuation Pause) 1495M->128M(1536M) 3.496ms
[1356.804s][info][gc] GC(7315) Pause Young (Concurrent Start) (G1 Humongous Allocation) 372M->154M(1536M) 3.179ms
[1356.804s][info][gc] GC(7316) Concurrent Mark Cycle
[1356.815s][info][gc] GC(7316) Pause Remark 208M->196M(640M) 0.538ms
[1356.817s][info][gc] GC(7316) Pause Cleanup 196M->196M(640M) 0.069ms
[1356.817s][info][gc] GC(7316) Concurrent Mark Cycle 12.656ms
[1365.260s][info][gc] GC(7317) Pause Young (Prepare Mixed) (G1 Evacuation Pause) 1846M->183M(1920M) 5.351ms
[1397.367s][info][gc] GC(7318) Pause Young (Mixed) (G1 Evacuation Pause) 3011M->180M(3092M) 17.469ms
[1397.373s][info][gc] GC(7319) Pause Young (Concurrent Start) (G1 Humongous Allocation) 182M->180M(3092M) 4.485ms
[1397.373s][info][gc] GC(7320) Concurrent Mark Cycle
[1397.386s][info][gc] GC(7320) Pause Remark 198M->198M(668M) 0.597ms
[1397.389s][info][gc] GC(7320) Pause Cleanup 198M->198M(668M) 0.050ms
[1397.390s][info][gc] GC(7320) Concurrent Mark Cycle 16.498ms
[1401.964s][info][gc] GC(7321) Pause Young (Prepare Mixed) (G1 Evacuation Pause) 760M->154M(844M) 6.987ms
[1422.169s][info][gc] GC(7322) Pause Young (Mixed) (G1 Evacuation Pause) 570M->164M(844M) 1.855ms
[1422.188s][info][gc] GC(7323) Pause Young (Concurrent Start) (G1 Humongous Allocation) 456M->194M(844M) 2.521ms
[1422.188s][info][gc] GC(7324) Concurrent Mark Cycle
[1422.199s][info][gc] GC(7324) Pause Remark 248M->216M(708M) 0.498ms
[1422.204s][info][gc] GC(7324) Pause Cleanup 216M->216M(708M) 0.054ms
[1422.204s][info][gc] GC(7324) Concurrent Mark Cycle 16.336ms
[1425.828s][info][gc] GC(7325) Pause Young (Prepare Mixed) (G1 Evacuation Pause) 1074M->200M(1132M) 4.123ms
[1431.202s][info][gc] GC(7326) Pause Young (Mixed) (G1 Evacuation Pause) 1128M->197M(1180M) 3.479ms
[1431.204s][info][gc] GC(7327) Pause Young (Concurrent Start) (G1 Humongous Allocation) 199M->194M(1180M) 2.419ms
[1431.204s][info][gc] GC(7328) Concurrent Mark Cycle
[1431.212s][info][gc] GC(7328) Pause Remark 212M->160M(548M) 0.484ms
[1431.214s][info][gc] GC(7328) Pause Cleanup 160M->160M(548M) 0.064ms
[1431.214s][info][gc] GC(7328) Concurrent Mark Cycle 9.550ms
[1437.855s][info][gc] GC(7329) Pause Young (Prepare Mixed) (G1 Evacuation Pause) 542M->113M(596M) 4.387ms
[1454.810s][info][gc] GC(7330) Pause Young (Mixed) (G1 Evacuation Pause) 405M->114M(596M) 1.642ms
[1454.829s][info][gc] GC(7331) Pause Young (Concurrent Start) (G1 Evacuation Pause) 426M->143M(596M) 3.493ms
[1454.829s][info][gc] GC(7332) Concurrent Mark Cycle
[1454.839s][info][gc] GC(7332) Pause Remark 263M->263M(596M) 0.506ms
[1454.842s][info][gc] GC(7332) Pause Cleanup 263M->263M(596M) 0.039ms
[1454.842s][info][gc] GC(7332) Concurrent Mark Cycle 13.463ms
[1462.965s][info][gc] GC(7333) Pause Young (Prepare Mixed) (G1 Evacuation Pause) 1899M->196M(1968M) 5.832ms
[1496.276s][info][gc] GC(7334) Pause Young (Mixed) (G1 Evacuation Pause) 2852M->254M(2948M) 10.237ms
[1496.282s][info][gc] GC(7335) Pause Young (Concurrent Start) (G1 Humongous Allocation) 256M->255M(2948M) 4.713ms
[1496.282s][info][gc] GC(7336) Concurrent Mark Cycle
[1496.295s][info][gc] GC(7336) Pause Remark 273M->221M(748M) 0.511ms
[1496.298s][info][gc] GC(7336) Pause Cleanup 221M->221M(748M) 0.090ms
[1496.298s][info][gc] GC(7336) Concurrent Mark Cycle 16.210ms
[1504.249s][info][gc] GC(7337) Pause Young (Prepare Mixed) (G1 Evacuation Pause) 1071M->177M(1168M) 7.476ms
[1529.621s][info][gc] GC(7338) Pause Young (Mixed) (G1 Evacuation Pause) 1857M->231M(1920M) 4.633ms
[1529.624s][info][gc] GC(7339) Pause Young (Concurrent Start) (G1 Humongous Allocation) 233M->234M(1920M) 2.739ms
[1529.625s][info][gc] GC(7340) Concurrent Mark Cycle
[1529.635s][info][gc] GC(7340) Pause Remark 252M->212M(708M) 0.463ms
[1529.640s][info][gc] GC(7340) Pause Cleanup 212M->212M(708M) 0.089ms
[1529.641s][info][gc] GC(7340) Concurrent Mark Cycle 16.071ms
[1547.494s][info][gc] GC(7341) Pause Young (Prepare Mixed) (G1 Evacuation Pause) 706M->147M(732M) 2.148ms
[1563.504s][info][gc] GC(7342) Pause Young (Mixed) (G1 Evacuation Pause) 967M->138M(996M) 2.508ms
[1576.385s][info][gc] GC(7343) Pause Young (Concurrent Start) (G1 Humongous Allocation) 382M->135M(996M) 1.346ms
[1576.385s][info][gc] GC(7344) Concurrent Mark Cycle
[1576.389s][info][gc] GC(7344) Pause Remark 153M->85M(280M) 0.450ms
[1576.390s][info][gc] GC(7344) Pause Cleanup 85M->85M(280M) 0.046ms
[1576.390s][info][gc] GC(7344) Concurrent Mark Cycle 4.811ms
[1580.372s][info][gc] GC(7345) Pause Young (Prepare Mixed) (G1 Evacuation Pause) 327M->68M(352M) 2.006ms
[1591.555s][info][gc] GC(7346) Pause Young (Mixed) (G1 Evacuation Pause) 540M->60M(552M) 1.019ms
[1604.583s][info][gc] GC(7347) Pause Young (Concurrent Start) (G1 Humongous Allocation) 304M->77M(552M) 1.428ms
[1604.583s][info][gc] GC(7348) Concurrent Mark Cycle
[1604.588s][info][gc] GC(7348) Pause Remark 95M->91M(308M) 0.476ms
[1604.590s][info][gc] GC(7348) Pause Cleanup 91M->91M(308M) 0.066ms
[1604.590s][info][gc] GC(7348) Concurrent Mark Cycle 6.807ms
[1614.398s][info][gc] GC(7349) Pause Young (Prepare Mixed) (G1 Evacuation Pause) 577M->77M(608M) 2.641ms
[1635.048s][info][gc] GC(7350) Pause Young (Mixed) (G1 Evacuation Pause) 629M->71M(660M) 2.394ms
[1635.050s][info][gc] GC(7351) Pause Young (Concurrent Start) (G1 Humongous Allocation) 73M->72M(660M) 1.144ms
[1635.050s][info][gc] GC(7352) Concurrent Mark Cycle
[1635.053s][info][gc] GC(7352) Pause Remark 90M->88M(296M) 0.462ms
[1635.054s][info][gc] GC(7352) Pause Cleanup 88M->88M(296M) 0.072ms
[1635.055s][info][gc] GC(7352) Concurrent Mark Cycle 4.959ms
[1639.671s][info][gc] GC(7353) Pause Young (Prepare Mixed) (G1 Evacuation Pause) 330M->72M(356M) 2.009ms
[1649.579s][info][gc] GC(7354) Pause Young (Mixed) (G1 Evacuation Pause) 464M->60M(476M) 0.969ms
[1662.436s][info][gc] GC(7355) Pause Young (Concurrent Start) (G1 Humongous Allocation) 302M->76M(476M) 1.520ms
[1662.436s][info][gc] GC(7356) Concurrent Mark Cycle
[1662.442s][info][gc] GC(7356) Pause Remark 94M->94M(320M) 0.498ms
[1662.444s][info][gc] GC(7356) Pause Cleanup 94M->94M(320M) 0.098ms
[1662.444s][info][gc] GC(7356) Concurrent Mark Cycle 7.981ms
[1666.481s][info][gc] GC(7357) Pause Young (Prepare Mixed) (G1 Evacuation Pause) 336M->79M(536M) 2.489ms
[1679.208s][info][gc] GC(7358) Pause Young (Mixed) (G1 Evacuation Pause) 555M->81M(568M) 0.948ms
[1691.025s][info][gc] GC(7359) Pause Young (Concurrent Start) (G1 Evacuation Pause) 357M->97M(568M) 2.489ms
[1691.025s][info][gc] GC(7360) Concurrent Mark Cycle
[1691.031s][info][gc] GC(7360) Pause Remark 173M->161M(296M) 0.462ms
[1691.032s][info][gc] GC(7360) Pause Cleanup 181M->181M(296M) 0.047ms
[1691.033s][info][gc] GC(7360) Concurrent Mark Cycle 7.882ms
[1694.705s][info][gc] GC(7361) Pause Young (Prepare Mixed) (G1 Evacuation Pause) 709M->121M(756M) 4.532ms
[1707.801s][info][gc] GC(7362) Pause Young (Mixed) (G1 Evacuation Pause) 1137M->99M(1184M) 4.738ms
[1720.084s][info][gc] GC(7363) Pause Young (Concurrent Start) (G1 Humongous Allocation) 377M->117M(1184M) 2.684ms
[1720.084s][info][gc] GC(7364) Concurrent Mark Cycle
[1720.091s][info][gc] GC(7364) Pause Remark 137M->121M(400M) 0.495ms
[1720.093s][info][gc] GC(7364) Pause Cleanup 121M->121M(400M) 0.064ms
[1720.093s][info][gc] GC(7364) Concurrent Mark Cycle 9.465ms
[1720.738s][info][gc] GC(7365) Pause Young (Prepare Mixed) (G1 Evacuation Pause) 341M->134M(408M) 4.471ms
[1730.806s][info][gc] GC(7366) Pause Young (Mixed) (G1 Evacuation Pause) 1142M->137M(1176M) 2.732ms
[1730.807s][info][gc] GC(7367) Pause Young (Concurrent Start) (G1 Humongous Allocation) 139M->135M(1176M) 1.202ms
[1730.807s][info][gc] GC(7368) Concurrent Mark Cycle
[1730.814s][info][gc] GC(7368) Pause Remark 153M->145M(496M) 0.497ms
[1730.817s][info][gc] GC(7368) Pause Cleanup 145M->145M(496M) 0.072ms
[1730.817s][info][gc] GC(7368) Concurrent Mark Cycle 9.710ms
[1737.196s][info][gc] GC(7369) Pause Young (Prepare Mixed) (G1 Evacuation Pause) 555M->112M(572M) 1.429ms
[1751.782s][info][gc] GC(7370) Pause Young (Mixed) (G1 Evacuation Pause) 508M->106M(572M) 2.259ms
[1751.784s][info][gc] GC(7371) Pause Young (Concurrent Start) (G1 Humongous Allocation) 108M->108M(572M) 1.650ms
[1751.784s][info][gc] GC(7372) Concurrent Mark Cycle
[1751.791s][info][gc] GC(7372) Pause Remark 126M->126M(428M) 0.456ms
[1751.794s][info][gc] GC(7372) Pause Cleanup 126M->126M(428M) 0.050ms
[1751.794s][info][gc] GC(7372) Concurrent Mark Cycle 10.130ms
[1768.530s][info][gc] GC(7373) Pause Young (Prepare Mixed) (G1 Evacuation Pause) 736M->110M(764M) 3.212ms
[1778.591s][info][gc] GC(7374) Pause Young (Mixed) (G1 Evacuation Pause) 502M->109M(764M) 2.690ms
[1778.608s][info][gc] GC(7375) Pause Young (Concurrent Start) (G1 Humongous Allocation) 365M->134M(764M) 2.571ms
[1778.608s][info][gc] GC(7376) Concurrent Mark Cycle
[1778.619s][info][gc] GC(7376) Pause Remark 188M->188M(628M) 0.444ms
[1778.623s][info][gc] GC(7376) Pause Cleanup 188M->188M(628M) 0.065ms
[1778.623s][info][gc] GC(7376) Concurrent Mark Cycle 15.031ms
[1792.681s][info][gc] GC(7377) Pause Young (Prepare Mixed) (G1 Evacuation Pause) 2070M->181M(2148M) 5.796ms
[1826.449s][info][gc] GC(7378) Pause Young (Mixed) (G1 Evacuation Pause) 2445M->190M(2540M) 7.722ms
[1838.758s][info][gc] GC(7379) Pause Young (Concurrent Start) (G1 Humongous Allocation) 1086M->216M(2540M) 6.367ms
[1838.759s][info][gc] GC(7380) Concurrent Mark Cycle
[1838.772s][info][gc] GC(7380) Pause Remark 288M->248M(816M) 0.469ms
[1838.774s][info][gc] GC(7380) Pause Cleanup 248M->248M(816M) 0.044ms
[1838.775s][info][gc] GC(7380) Concurrent Mark Cycle 16.199ms
[1846.239s][info][gc] GC(7381) Pause Young (Prepare Mixed) (G1 Evacuation Pause) 1724M->254M(1856M) 7.951ms
[1869.666s][info][gc] GC(7382) Pause Young (Mixed) (G1 Evacuation Pause) 1850M->177M(1928M) 5.652ms
[1869.694s][info][gc] GC(7383) Pause Young (Concurrent Start) (G1 Humongous Allocation) 335M->189M(1928M) 2.063ms
[1869.694s][info][gc] GC(7384) Concurrent Mark Cycle
[1869.706s][info][gc] GC(7384) Pause Remark 213M->165M(536M) 0.482ms
[1869.709s][info][gc] GC(7384) Pause Cleanup 165M->165M(536M) 0.050ms
[1869.710s][info][gc] GC(7384) Concurrent Mark Cycle 15.936ms
[1886.392s][info][gc] GC(7385) Pause Young (Prepare Mixed) (G1 Evacuation Pause) 885M->145M(928M) 3.119ms
[1898.079s][info][gc] GC(7386) Pause Young (Mixed) (G1 Evacuation Pause) 645M->139M(928M) 3.213ms
[1898.100s][info][gc] GC(7387) Pause Young (Concurrent Start) (G1 Evacuation Pause) 659M->187M(928M) 5.137ms
[1898.100s][info][gc] GC(7388) Concurrent Mark Cycle
[1898.117s][info][gc] GC(7388) Pause Remark 310M->310M(896M) 0.462ms
[1898.124s][info][gc] GC(7388) Pause Cleanup 310M->310M(896M) 0.049ms
[1898.124s][info][gc] GC(7388) Concurrent Mark Cycle 24.365ms
[1901.817s][info][gc] GC(7389) Pause Young (Prepare Mixed) (G1 Evacuation Pause) 1335M->271M(1428M) 7.330ms
[1907.710s][info][gc] GC(7390) Pause Young (Mixed) (G1 Evacuation Pause) 1475M->269M(1508M) 2.619ms
[1907.713s][info][gc] GC(7391) Pause Young (Concurrent Start) (G1 Humongous Allocation) 271M->268M(1508M) 1.820ms
[1907.713s][info][gc] GC(7392) Concurrent Mark Cycle
[1907.729s][info][gc] GC(7392) Pause Remark 286M->247M(840M) 0.471ms
[1907.736s][info][gc] GC(7392) Pause Cleanup 247M->247M(840M) 0.056ms
[1907.737s][info][gc] GC(7392) Concurrent Mark Cycle 23.964ms
[1910.971s][info][gc] GC(7393) Pause Young (Prepare Mixed) (G1 Evacuation Pause) 833M->249M(872M) 2.635ms
[1915.548s][info][gc] GC(7394) Pause Young (Mixed) (G1 Evacuation Pause) 1009M->158M(1052M) 3.104ms
[1930.821s][info][gc] GC(7395) Pause Young (Concurrent Start) (G1 Evacuation Pause) 718M->177M(1052M) 3.238ms
[1930.821s][info][gc] GC(7396) Concurrent Mark Cycle
[1930.841s][info][gc] GC(7396) Pause Remark 741M->741M(748M) 0.489ms
[1930.848s][info][gc] GC(7397) Pause Young (Normal) (G1 Evacuation Pause) 741M->228M(848M) 6.466ms
[1930.855s][info][gc] GC(7396) Pause Cleanup 359M->359M(848M) 0.065ms
[1930.856s][info][gc] GC(7396) Concurrent Mark Cycle 35.270ms
[1934.007s][info][gc] GC(7398) Pause Young (Prepare Mixed) (G1 Evacuation Pause) 1200M->317M(1316M) 7.532ms
[1947.651s][info][gc] GC(7399) Pause Young (Mixed) (G1 Evacuation Pause) 3101M->309M(3152M) 4.441ms
[1963.565s][info][gc] GC(7400) Pause Young (Concurrent Start) (G1 Humongous Allocation) 1527M->343M(3152M) 9.713ms
[1963.566s][info][gc] GC(7401) Concurrent Mark Cycle
[1963.589s][info][gc] GC(7401) Pause Remark 439M->367M(1188M) 0.496ms
[1963.595s][info][gc] GC(7401) Pause Cleanup 367M->367M(1188M) 0.061ms
[1963.596s][info][gc] GC(7401) Concurrent Mark Cycle 29.896ms
[1968.884s][info][gc] GC(7402) Pause Young (Prepare Mixed) (G1 Evacuation Pause) 1783M->333M(1924M) 10.405ms
[1980.599s][info][gc] GC(7403) Pause Young (Mixed) (G1 Evacuation Pause) 2501M->310M(2552M) 3.346ms
[1996.169s][info][gc] GC(7404) Pause Young (Concurrent Start) (G1 Humongous Allocation) 1406M->367M(2552M) 6.061ms
[1996.170s][info][gc] GC(7405) Concurrent Mark Cycle
[1996.191s][info][gc] GC(7405) Pause Remark 439M->324M(1068M) 0.470ms
[1996.197s][info][gc] GC(7405) Pause Cleanup 324M->324M(1068M) 0.073ms
[1996.197s][info][gc] GC(7405) Concurrent Mark Cycle 27.576ms
[2000.433s][info][gc] GC(7406) Pause Young (Prepare Mixed) (G1 Evacuation Pause) 1152M->312M(1272M) 8.562ms
[2011.033s][info][gc] GC(7407) Pause Young (Mixed) (G1 Evacuation Pause) 1748M->328M(1784M) 2.424ms
[2011.146s][info][gc] GC(7408) Pause Young (Concurrent Start) (G1 Humongous Allocation) 332M->312M(1784M) 1.795ms
[2011.146s][info][gc] GC(7409) Concurrent Mark Cycle
[2011.159s][info][gc] GC(7409) Pause Remark 330M->222M(748M) 0.534ms
[2011.168s][info][gc] GC(7409) Pause Cleanup 222M->222M(748M) 0.062ms
[2011.168s][info][gc] GC(7409) Concurrent Mark Cycle 22.419ms
[2017.096s][info][gc] GC(7410) Pause Young (Prepare Mixed) (G1 Evacuation Pause) 816M->161M(844M) 2.478ms
[2025.886s][info][gc] GC(7411) Pause Young (Mixed) (G1 Evacuation Pause) 561M->183M(844M) 2.890ms
[2025.914s][info][gc] GC(7412) Pause Young (Concurrent Start) (G1 Humongous Allocation) 339M->202M(844M) 3.039ms
[2025.914s][info][gc] GC(7413) Concurrent Mark Cycle
[2025.930s][info][gc] GC(7413) Pause Remark 221M->221M(736M) 0.512ms
[2025.941s][info][gc] GC(7413) Pause Cleanup 221M->221M(736M) 0.057ms
[2025.941s][info][gc] GC(7413) Concurrent Mark Cycle 27.405ms
[2026.733s][info][gc] GC(7414) Pause Young (Prepare Mixed) (G1 Evacuation Pause) 710M->263M(788M) 4.400ms
[2031.206s][info][gc] GC(7415) Pause Young (Mixed) (G1 Evacuation Pause) 1263M->271M(1336M) 4.993ms
[2031.207s][info][gc] GC(7416) Pause Young (Concurrent Start) (G1 Humongous Allocation) 272M->268M(1336M) 1.157ms
[2031.207s][info][gc] GC(7417) Concurrent Mark Cycle
[2031.219s][info][gc] GC(7417) Pause Remark 286M->191M(640M) 0.476ms
[2031.227s][info][gc] GC(7417) Pause Cleanup 191M->191M(640M) 0.060ms
[2031.227s][info][gc] GC(7417) Concurrent Mark Cycle 19.897ms
[2036.319s][info][gc] GC(7418) Pause Young (Prepare Mixed) (G1 Evacuation Pause) 845M->195M(868M) 2.296ms
[2046.155s][info][gc] GC(7419) Pause Young (Mixed) (G1 Evacuation Pause) 1355M->179M(1388M) 2.947ms
[2046.208s][info][gc] GC(7420) Pause Young (Concurrent Start) (G1 Humongous Allocation) 183M->147M(1388M) 2.016ms
[2046.208s][info][gc] GC(7421) Concurrent Mark Cycle
[2046.221s][info][gc] GC(7421) Pause Remark 169M->169M(560M) 0.477ms
[2046.227s][info][gc] GC(7421) Pause Cleanup 169M->169M(560M) 0.055ms
[2046.228s][info][gc] GC(7421) Concurrent Mark Cycle 19.159ms
[2056.751s][info][gc] GC(7422) Pause Young (Prepare Mixed) (G1 Evacuation Pause) 487M->148M(560M) 3.761ms
[2078.856s][info][gc] GC(7423) Pause Young (Mixed) (G1 Evacuation Pause) 912M->151M(960M) 3.219ms
[2084.240s][info][gc] GC(7424) Pause Young (Concurrent Start) (G1 Humongous Allocation) 390M->146M(960M) 1.331ms
[2084.240s][info][gc] GC(7425) Concurrent Mark Cycle
[2084.247s][info][gc] GC(7425) Pause Remark 164M->144M(480M) 0.469ms
[2084.253s][info][gc] GC(7425) Pause Cleanup 144M->144M(480M) 0.095ms
[2084.253s][info][gc] GC(7425) Concurrent Mark Cycle 12.613ms
[2104.428s][info][gc] GC(7426) Pause Young (Prepare Mixed) (G1 Evacuation Pause) 862M->130M(888M) 2.300ms
[2132.605s][info][gc] GC(7427) Pause Young (Mixed) (G1 Evacuation Pause) 1110M->112M(1148M) 3.134ms
[2140.026s][info][gc] GC(7428) Pause Young (Concurrent Start) (G1 Humongous Allocation) 356M->107M(1148M) 1.585ms
[2140.026s][info][gc] GC(7429) Concurrent Mark Cycle
[2140.033s][info][gc] GC(7429) Pause Remark 125M->125M(416M) 0.450ms
[2140.038s][info][gc] GC(7429) Pause Cleanup 125M->125M(416M) 0.058ms
[2140.038s][info][gc] GC(7429) Concurrent Mark Cycle 12.470ms
[2156.337s][info][gc] GC(7430) Pause Young (Prepare Mixed) (G1 Evacuation Pause) 775M->127M(804M) 2.484ms
[2187.474s][info][gc] GC(7431) Pause Young (Mixed) (G1 Evacuation Pause) 1175M->108M(1216M) 3.260ms
[2195.043s][info][gc] GC(7432) Pause Young (Concurrent Start) (G1 Humongous Allocation) 352M->104M(1216M) 1.574ms
[2195.043s][info][gc] GC(7433) Concurrent Mark Cycle
[2195.049s][info][gc] GC(7433) Pause Remark 122M->122M(428M) 0.504ms
[2195.055s][info][gc] GC(7433) Pause Cleanup 122M->122M(428M) 0.064ms
[2195.055s][info][gc] GC(7433) Concurrent Mark Cycle 12.329ms
[2212.726s][info][gc] GC(7434) Pause Young (Prepare Mixed) (G1 Evacuation Pause) 804M->109M(840M) 2.705ms
[2242.108s][info][gc] GC(7435) Pause Young (Mixed) (G1 Evacuation Pause) 1121M->107M(1160M) 3.271ms
[2250.816s][info][gc] GC(7436) Pause Young (Concurrent Start) (G1 Humongous Allocation) 355M->102M(1160M) 1.580ms
[2250.817s][info][gc] GC(7437) Concurrent Mark Cycle
[2250.824s][info][gc] GC(7437) Pause Remark 120M->120M(416M) 0.488ms
[2250.829s][info][gc] GC(7437) Pause Cleanup 120M->120M(416M) 0.046ms
[2250.829s][info][gc] GC(7437) Concurrent Mark Cycle 12.070ms
[2268.297s][info][gc] GC(7438) Pause Young (Prepare Mixed) (G1 Evacuation Pause) 802M->107M(836M) 2.781ms
[2278.454s][info][gc] GC(7439) Pause Young (Mixed) (G1 Evacuation Pause) 563M->112M(836M) 4.265ms
[2278.461s][info][gc] GC(7440) Pause Young (Concurrent Start) (G1 Humongous Allocation) 162M->117M(836M) 1.943ms
[2278.461s][info][gc] GC(7441) Concurrent Mark Cycle
[2278.470s][info][gc] GC(7441) Pause Remark 153M->153M(520M) 0.479ms
[2278.475s][info][gc] GC(7441) Pause Cleanup 153M->153M(520M) 0.061ms
[2278.475s][info][gc] GC(7441) Concurrent Mark Cycle 13.773ms
[2285.021s][info][gc] GC(7442) Pause Young (Prepare Mixed) (G1 Evacuation Pause) 769M->139M(824M) 4.211ms
[2296.006s][info][gc] GC(7443) Pause Young (Mixed) (G1 Evacuation Pause) 839M->142M(872M) 2.192ms
[2296.009s][info][gc] GC(7444) Pause Young (Concurrent Start) (G1 Humongous Allocation) 144M->143M(872M) 1.344ms
[2296.009s][info][gc] GC(7445) Concurrent Mark Cycle
[2296.015s][info][gc] GC(7445) Pause Remark 161M->119M(400M) 0.473ms
[2296.017s][info][gc] GC(7445) Pause Cleanup 119M->119M(400M) 0.043ms
[2296.017s][info][gc] GC(7445) Concurrent Mark Cycle 8.311ms
[2306.695s][info][gc] GC(7446) Pause Young (Prepare Mixed) (G1 Evacuation Pause) 397M->94M(428M) 2.688ms
[2307.431s][info][gc] GC(7447) Pause Young (Mixed) (G1 Evacuation Pause) 362M->121M(428M) 2.725ms
[2307.449s][info][gc] GC(7448) Pause Young (Concurrent Start) (G1 Humongous Allocation) 221M->134M(428M) 1.898ms
[2307.449s][info][gc] GC(7449) Concurrent Mark Cycle
[2307.457s][info][gc] GC(7449) Pause Remark 152M->152M(428M) 0.481ms
[2307.461s][info][gc] GC(7449) Pause Cleanup 152M->152M(428M) 0.048ms
[2307.462s][info][gc] GC(7449) Concurrent Mark Cycle 12.852ms
[2314.233s][info][gc] GC(7450) Pause Young (Prepare Mixed) (G1 Evacuation Pause) 802M->155M(824M) 2.014ms
[2326.860s][info][gc] GC(7451) Pause Young (Mixed) (G1 Evacuation Pause) 907M->124M(936M) 2.395ms
[2335.282s][info][gc] GC(7452) Pause Young (Concurrent Start) (G1 Humongous Allocation) 396M->142M(936M) 2.311ms
[2335.282s][info][gc] GC(7453) Concurrent Mark Cycle
[2335.289s][info][gc] GC(7453) Pause Remark 162M->134M(440M) 0.461ms
[2335.291s][info][gc] GC(7453) Pause Cleanup 134M->134M(440M) 0.048ms
[2335.291s][info][gc] GC(7453) Concurrent Mark Cycle 9.401ms
[2335.404s][info][gc] GC(7454) Pause Young (Prepare Mixed) (G1 Evacuation Pause) 354M->147M(440M) 3.739ms
[2340.299s][info][gc] GC(7455) Pause Young (Mixed) (G1 Evacuation Pause) 687M->162M(732M) 3.566ms
[2340.344s][info][gc] GC(7456) Pause Young (Concurrent Start) (G1 Humongous Allocation) 166M->145M(732M) 0.792ms
[2340.344s][info][gc] GC(7457) Concurrent Mark Cycle
[2340.350s][info][gc] GC(7457) Pause Remark 163M->123M(416M) 0.495ms
[2340.352s][info][gc] GC(7457) Pause Cleanup 123M->123M(416M) 0.069ms
[2340.353s][info][gc] GC(7457) Concurrent Mark Cycle 8.088ms
[2351.671s][info][gc] GC(7458) Pause Young (Prepare Mixed) (G1 Evacuation Pause) 789M->109M(960M) 1.616ms
[2370.484s][info][gc] GC(7459) Pause Young (Mixed) (G1 Evacuation Pause) 1501M->144M(1564M) 5.530ms
[2370.488s][info][gc] GC(7460) Pause Young (Concurrent Start) (G1 Humongous Allocation) 146M->145M(1564M) 3.190ms
[2370.488s][info][gc] GC(7461) Concurrent Mark Cycle
[2370.497s][info][gc] GC(7461) Pause Remark 163M->163M(560M) 0.467ms
[2370.499s][info][gc] GC(7461) Pause Cleanup 163M->163M(560M) 0.077ms
[2370.499s][info][gc] GC(7461) Concurrent Mark Cycle 11.285ms
[2383.817s][info][gc] GC(7462) Pause Young (Prepare Mixed) (G1 Evacuation Pause) 945M->136M(1016M) 5.973ms
[2392.658s][info][gc] GC(7463) Pause Young (Mixed) (G1 Evacuation Pause) 664M->169M(1016M) 3.560ms
[2392.672s][info][gc] GC(7464) Pause Young (Concurrent Start) (G1 Humongous Allocation) 363M->192M(1016M) 2.761ms
[2392.672s][info][gc] GC(7465) Concurrent Mark Cycle
[2392.683s][info][gc] GC(7465) Pause Remark 246M->215M(708M) 0.478ms
[2392.687s][info][gc] GC(7465) Pause Cleanup 215M->215M(708M) 0.069ms
[2392.688s][info][gc] GC(7465) Concurrent Mark Cycle 15.559ms
[2396.975s][info][gc] GC(7466) Pause Young (Prepare Mixed) (G1 Evacuation Pause) 881M->213M(952M) 4.650ms
[2408.048s][info][gc] GC(7467) Pause Young (Mixed) (G1 Evacuation Pause) 1289M->197M(1336M) 3.439ms
[2408.052s][info][gc] GC(7468) Pause Young (Concurrent Start) (G1 Humongous Allocation) 199M->196M(1336M) 2.217ms
[2408.052s][info][gc] GC(7469) Concurrent Mark Cycle
[2408.061s][info][gc] GC(7469) Pause Remark 214M->166M(560M) 0.530ms
[2408.064s][info][gc] GC(7469) Pause Cleanup 166M->166M(560M) 0.037ms
[2408.064s][info][gc] GC(7469) Concurrent Mark Cycle 12.179ms
[2414.346s][info][gc] GC(7470) Pause Young (Prepare Mixed) (G1 Evacuation Pause) 572M->118M(616M) 3.451ms
[2421.565s][info][gc] GC(7471) Pause Young (Mixed) (G1 Evacuation Pause) 418M->148M(616M) 2.139ms
[2421.661s][info][gc] GC(7472) Pause Young (Concurrent Start) (G1 Humongous Allocation) 152M->134M(616M) 1.837ms
[2421.662s][info][gc] GC(7473) Concurrent Mark Cycle
[2421.672s][info][gc] GC(7473) Pause Remark 154M->154M(536M) 0.457ms
[2421.676s][info][gc] GC(7473) Pause Cleanup 154M->154M(536M) 0.055ms
[2421.677s][info][gc] GC(7473) Concurrent Mark Cycle 15.037ms
[2422.173s][info][gc] GC(7474) Pause Young (Prepare Mixed) (G1 Evacuation Pause) 490M->184M(544M) 2.284ms
[2425.817s][info][gc] GC(7475) Pause Young (Mixed) (G1 Evacuation Pause) 880M->200M(956M) 4.611ms
[2425.818s][info][gc] GC(7476) Pause Young (Concurrent Start) (G1 Humongous Allocation) 202M->198M(956M) 1.118ms
[2425.818s][info][gc] GC(7477) Concurrent Mark Cycle
[2425.826s][info][gc] GC(7477) Pause Remark 216M->163M(560M) 0.456ms
[2425.829s][info][gc] GC(7477) Pause Cleanup 163M->163M(560M) 0.055ms
[2425.829s][info][gc] GC(7477) Concurrent Mark Cycle 10.976ms
[2439.245s][info][gc] GC(7478) Pause Young (Prepare Mixed) (G1 Evacuation Pause) 1513M->155M(1556M) 2.907ms
[2464.301s][info][gc] GC(7479) Pause Young (Mixed) (G1 Evacuation Pause) 2011M->177M(2104M) 6.645ms
[2464.306s][info][gc] GC(7480) Pause Young (Concurrent Start) (G1 Humongous Allocation) 179M->178M(2104M) 3.716ms
[2464.306s][info][gc] GC(7481) Concurrent Mark Cycle
[2464.318s][info][gc] GC(7481) Pause Remark 196M->196M(680M) 0.481ms
[2464.320s][info][gc] GC(7481) Pause Cleanup 196M->196M(680M) 0.068ms
[2464.320s][info][gc] GC(7481) Concurrent Mark Cycle 13.466ms
[2478.701s][info][gc] GC(7482) Pause Young (Prepare Mixed) (G1 Evacuation Pause) 670M->125M(724M) 3.653ms
[2478.721s][info][gc] GC(7483) Pause Young (Mixed) (G1 Evacuation Pause) 545M->150M(724M) 2.580ms
[2478.740s][info][gc] GC(7484) Pause Young (Concurrent Start) (G1 Humongous Allocation) 530M->183M(724M) 3.290ms
[2478.740s][info][gc] GC(7485) Concurrent Mark Cycle
[2478.749s][info][gc] GC(7485) Pause Remark 255M->193M(628M) 0.432ms
[2478.752s][info][gc] GC(7485) Pause Cleanup 193M->193M(628M) 0.044ms
[2478.752s][info][gc] GC(7485) Concurrent Mark Cycle 11.970ms
[2483.123s][info][gc] GC(7486) Pause Young (Prepare Mixed) (G1 Evacuation Pause) 1033M->184M(1112M) 4.666ms
[2493.541s][info][gc] GC(7487) Pause Young (Mixed) (G1 Evacuation Pause) 1568M->185M(1628M) 4.380ms
[2493.544s][info][gc] GC(7488) Pause Young (Concurrent Start) (G1 Humongous Allocation) 187M->188M(1628M) 2.778ms
[2493.544s][info][gc] GC(7489) Concurrent Mark Cycle
[2493.557s][info][gc] GC(7489) Pause Remark 206M->206M(696M) 0.478ms
[2493.562s][info][gc] GC(7489) Pause Cleanup 206M->206M(696M) 0.054ms
[2493.562s][info][gc] GC(7489) Concurrent Mark Cycle 18.237ms
[2498.984s][info][gc] GC(7490) Pause Young (Prepare Mixed) (G1 Evacuation Pause) 828M->176M(892M) 4.839ms
[2508.112s][info][gc] GC(7491) Pause Young (Mixed) (G1 Evacuation Pause) 628M->175M(892M) 2.907ms
[2508.134s][info][gc] GC(7492) Pause Young (Concurrent Start) (G1 Humongous Allocation) 305M->189M(892M) 2.802ms
[2508.134s][info][gc] GC(7493) Concurrent Mark Cycle
[2508.150s][info][gc] GC(7493) Pause Remark 209M->209M(708M) 0.433ms
[2508.158s][info][gc] GC(7493) Pause Cleanup 209M->209M(708M) 0.052ms
[2508.158s][info][gc] GC(7493) Concurrent Mark Cycle 23.873ms
[2508.518s][info][gc] GC(7494) Pause Young (Prepare Mixed) (G1 Evacuation Pause) 649M->249M(728M) 3.755ms
[2511.200s][info][gc] GC(7495) Pause Young (Mixed) (G1 Evacuation Pause) 793M->258M(860M) 3.955ms
[2511.202s][info][gc] GC(7496) Pause Young (Concurrent Start) (G1 Humongous Allocation) 260M->256M(860M) 0.930ms
[2511.202s][info][gc] GC(7497) Concurrent Mark Cycle
[2511.214s][info][gc] GC(7497) Pause Remark 274M->194M(656M) 0.476ms
[2511.221s][info][gc] GC(7497) Pause Cleanup 212M->212M(656M) 0.058ms
[2511.222s][info][gc] GC(7497) Concurrent Mark Cycle 19.714ms
[2516.388s][info][gc] GC(7498) Pause Young (Prepare Mixed) (G1 Evacuation Pause) 1108M->199M(1132M) 2.125ms
[2528.524s][info][gc] GC(7499) Pause Young (Mixed) (G1 Evacuation Pause) 1619M->155M(1656M) 3.114ms
[2537.754s][info][gc] GC(7500) Pause Young (Concurrent Start) (G1 Evacuation Pause) 1055M->195M(1656M) 5.368ms
[2537.755s][info][gc] GC(7501) Concurrent Mark Cycle
[2537.773s][info][gc] GC(7501) Pause Remark 577M->577M(880M) 0.464ms
[2537.779s][info][gc] GC(7501) Pause Cleanup 595M->595M(880M) 0.062ms
[2537.780s][info][gc] GC(7501) Concurrent Mark Cycle 25.069ms
[2540.638s][info][gc] GC(7502) Pause Young (Prepare Mixed) (G1 Evacuation Pause) 1227M->301M(1364M) 9.597ms
[2545.733s][info][gc] GC(7503) Pause Young (Mixed) (G1 Evacuation Pause) 1429M->326M(1500M) 4.012ms
[2545.823s][info][gc] GC(7504) Pause Young (Concurrent Start) (G1 Humongous Allocation) 330M->310M(1500M) 2.801ms
[2545.823s][info][gc] GC(7505) Concurrent Mark Cycle
[2545.837s][info][gc] GC(7505) Pause Remark 328M->273M(920M) 0.487ms
[2545.844s][info][gc] GC(7505) Pause Cleanup 273M->273M(920M) 0.082ms
[2545.845s][info][gc] GC(7505) Concurrent Mark Cycle 22.056ms
[2553.272s][info][gc] GC(7506) Pause Young (Prepare Mixed) (G1 Evacuation Pause) 1347M->264M(1412M) 4.676ms
[2567.874s][info][gc] GC(7507) Pause Young (Mixed) (G1 Evacuation Pause) 1408M->218M(1500M) 6.083ms
[2567.913s][info][gc] GC(7508) Pause Young (Concurrent Start) (G1 Humongous Allocation) 452M->237M(1500M) 3.086ms
[2567.913s][info][gc] GC(7509) Concurrent Mark Cycle
[2567.934s][info][gc] GC(7509) Pause Remark 385M->385M(856M) 0.461ms
[2567.945s][info][gc] GC(7509) Pause Cleanup 449M->449M(856M) 0.062ms
[2567.945s][info][gc] GC(7509) Concurrent Mark Cycle 32.093ms
[2572.478s][info][gc] GC(7510) Pause Young (Prepare Mixed) (G1 Evacuation Pause) 1149M->276M(1244M) 5.637ms
[2586.039s][info][gc] GC(7511) Pause Young (Mixed) (G1 Evacuation Pause) 1644M->274M(1736M) 5.755ms
[2586.043s][info][gc] GC(7512) Pause Young (Concurrent Start) (G1 Humongous Allocation) 276M->274M(1736M) 2.673ms
[2586.043s][info][gc] GC(7513) Concurrent Mark Cycle
[2586.051s][info][gc] GC(7513) Pause Remark 292M->204M(696M) 0.492ms
[2586.054s][info][gc] GC(7513) Pause Cleanup 204M->204M(696M) 0.078ms
[2586.054s][info][gc] GC(7513) Concurrent Mark Cycle 11.334ms
[2596.772s][info][gc] GC(7514) Pause Young (Prepare Mixed) (G1 Evacuation Pause) 626M->139M(696M) 3.107ms
[2596.788s][info][gc] GC(7515) Pause Young (Mixed) (G1 Evacuation Pause) 535M->145M(696M) 3.515ms
[2596.803s][info][gc] GC(7516) Pause Young (Concurrent Start) (G1 Evacuation Pause) 513M->184M(696M) 4.756ms
[2596.803s][info][gc] GC(7517) Concurrent Mark Cycle
[2596.824s][info][gc] GC(7517) Pause Remark 571M->565M(696M) 0.449ms
[2596.835s][info][gc] GC(7517) Pause Cleanup 581M->581M(696M) 0.058ms
[2596.835s][info][gc] GC(7517) Concurrent Mark Cycle 32.010ms
[2600.791s][info][gc] GC(7518) Pause Young (Prepare Mixed) (G1 Evacuation Pause) 1543M->304M(1632M) 6.473ms
[2616.265s][info][gc] GC(7519) Pause Young (Mixed) (G1 Evacuation Pause) 3240M->321M(3316M) 9.697ms
[2616.276s][info][gc] GC(7520) Pause Young (Concurrent Start) (G1 Humongous Allocation) 323M->321M(3316M) 9.240ms
[2616.276s][info][gc] GC(7521) Concurrent Mark Cycle
[2616.297s][info][gc] GC(7521) Pause Remark 339M->307M(1028M) 0.513ms
[2616.304s][info][gc] GC(7521) Pause Cleanup 325M->325M(1028M) 0.062ms
[2616.305s][info][gc] GC(7521) Concurrent Mark Cycle 28.490ms
[2629.465s][info][gc] GC(7522) Pause Young (Prepare Mixed) (G1 Evacuation Pause) 1025M->220M(1112M) 6.241ms
[2641.403s][info][gc] GC(7523) Pause Young (Mixed) (G1 Evacuation Pause) 1480M->261M(1564M) 5.582ms
[2641.407s][info][gc] GC(7524) Pause Young (Concurrent Start) (G1 Humongous Allocation) 263M->262M(1564M) 3.531ms
[2641.407s][info][gc] GC(7525) Concurrent Mark Cycle
[2641.424s][info][gc] GC(7525) Pause Remark 280M->280M(936M) 0.614ms
[2641.436s][info][gc] GC(7525) Pause Cleanup 280M->280M(936M) 0.089ms
[2641.436s][info][gc] GC(7525) Concurrent Mark Cycle 28.944ms
[2657.855s][info][gc] GC(7526) Pause Young (Prepare Mixed) (G1 Evacuation Pause) 934M->215M(960M) 1.685ms
[2657.874s][info][gc] GC(7527) Pause Young (Mixed) (G1 Evacuation Pause) 775M->229M(960M) 3.203ms
[2657.893s][info][gc] GC(7528) Pause Young (Concurrent Start) (G1 Evacuation Pause) 765M->279M(960M) 4.876ms
[2657.893s][info][gc] GC(7529) Concurrent Mark Cycle
[2657.907s][info][gc] GC(7529) Pause Remark 670M->543M(736M) 0.463ms
[2657.911s][info][gc] GC(7529) Pause Cleanup 591M->591M(736M) 0.053ms
[2657.912s][info][gc] GC(7529) Concurrent Mark Cycle 18.989ms
[2661.446s][info][gc] GC(7530) Pause Young (Prepare Mixed) (G1 Evacuation Pause) 1556M->297M(1684M) 8.778ms
[2675.974s][info][gc] GC(7531) Pause Young (Mixed) (G1 Evacuation Pause) 3445M->316M(3528M) 6.678ms
[2675.980s][info][gc] GC(7532) Pause Young (Concurrent Start) (G1 Humongous Allocation) 318M->315M(3528M) 5.226ms
[2675.980s][info][gc] GC(7533) Concurrent Mark Cycle
[2676.004s][info][gc] GC(7533) Pause Remark 353M->353M(1176M) 0.496ms
[2676.015s][info][gc] GC(7533) Pause Cleanup 369M->369M(1176M) 0.051ms
[2676.015s][info][gc] GC(7533) Concurrent Mark Cycle 34.901ms
[2681.008s][info][gc] GC(7534) Pause Young (Prepare Mixed) (G1 Evacuation Pause) 1219M->289M(1308M) 6.264ms
[2712.152s][info][gc] GC(7535) Pause Young (Mixed) (G1 Evacuation Pause) 1461M->244M(1528M) 4.974ms
[2719.727s][info][gc] GC(7536) Pause Young (Concurrent Start) (G1 Evacuation Pause) 1080M->282M(1528M) 6.018ms
[2719.727s][info][gc] GC(7537) Concurrent Mark Cycle
[2719.754s][info][gc] GC(7537) Pause Remark 708M->692M(1160M) 0.473ms
[2719.765s][info][gc] GC(7537) Pause Cleanup 692M->692M(1160M) 0.050ms
[2719.766s][info][gc] GC(7537) Concurrent Mark Cycle 38.288ms
[2723.737s][info][gc] GC(7538) Pause Young (Prepare Mixed) (G1 Evacuation Pause) 1558M->366M(1692M) 8.547ms
[2743.887s][info][gc] GC(7539) Pause Young (Mixed) (G1 Evacuation Pause) 3114M->317M(3240M) 9.087ms
[2749.880s][info][gc] GC(7540) Pause Young (Concurrent Start) (G1 Humongous Allocation) 1063M->369M(3240M) 6.974ms
[2749.881s][info][gc] GC(7541) Concurrent Mark Cycle
[2749.900s][info][gc] GC(7541) Pause Remark 443M->287M(880M) 0.496ms
[2749.904s][info][gc] GC(7541) Pause Cleanup 287M->287M(880M) 0.045ms
[2749.905s][info][gc] GC(7541) Concurrent Mark Cycle 24.624ms
[2750.351s][info][gc] GC(7542) Pause Young (Prepare Mixed) (G1 Evacuation Pause) 749M->315M(912M) 6.656ms
[2754.745s][info][gc] GC(7543) Pause Young (Mixed) (G1 Evacuation Pause) 1451M->325M(1520M) 3.735ms
[2754.747s][info][gc] GC(7544) Pause Young (Concurrent Start) (G1 Humongous Allocation) 326M->325M(1520M) 2.208ms
[2754.748s][info][gc] GC(7545) Concurrent Mark Cycle
[2754.761s][info][gc] GC(7545) Pause Remark 343M->271M(908M) 0.470ms
[2754.768s][info][gc] GC(7545) Pause Cleanup 271M->271M(908M) 0.069ms
[2754.768s][info][gc] GC(7545) Concurrent Mark Cycle 20.578ms
[2763.528s][info][gc] GC(7546) Pause Young (Prepare Mixed) (G1 Evacuation Pause) 1481M->262M(1548M) 4.322ms
[2774.245s][info][gc] GC(7547) Pause Young (Mixed) (G1 Evacuation Pause) 1542M->184M(1620M) 5.244ms
[2780.746s][info][gc] GC(7548) Pause Young (Concurrent Start) (G1 Humongous Allocation) 505M->203M(1620M) 3.131ms
[2780.746s][info][gc] GC(7549) Concurrent Mark Cycle
[2780.758s][info][gc] GC(7549) Pause Remark 219M->219M(736M) 0.487ms
[2780.762s][info][gc] GC(7549) Pause Cleanup 219M->219M(736M) 0.080ms
[2780.762s][info][gc] GC(7549) Concurrent Mark Cycle 16.206ms
[2803.291s][info][gc] GC(7550) Pause Young (Prepare Mixed) (G1 Evacuation Pause) 943M->209M(1012M) 4.504ms
[2829.624s][info][gc] GC(7551) Pause Young (Mixed) (G1 Evacuation Pause) 1197M->195M(1244M) 3.334ms
[2835.121s][info][gc] GC(7552) Pause Young (Concurrent Start) (G1 Humongous Allocation) 441M->190M(1244M) 2.075ms
[2835.121s][info][gc] GC(7553) Concurrent Mark Cycle
[2835.134s][info][gc] GC(7553) Pause Remark 208M->208M(708M) 0.515ms
[2835.143s][info][gc] GC(7553) Pause Cleanup 208M->208M(708M) 0.073ms
[2835.143s][info][gc] GC(7553) Concurrent Mark Cycle 21.591ms
[2856.460s][info][gc] GC(7554) Pause Young (Prepare Mixed) (G1 Evacuation Pause) 926M->196M(968M) 2.983ms
[2885.016s][info][gc] GC(7555) Pause Young (Mixed) (G1 Evacuation Pause) 1180M->190M(1224M) 3.650ms
[2889.843s][info][gc] GC(7556) Pause Young (Concurrent Start) (G1 Humongous Allocation) 434M->186M(1224M) 1.888ms
[2889.843s][info][gc] GC(7557) Concurrent Mark Cycle
[2889.855s][info][gc] GC(7557) Pause Remark 204M->204M(680M) 0.511ms
[2889.864s][info][gc] GC(7557) Pause Cleanup 204M->204M(680M) 0.041ms
[2889.864s][info][gc] GC(7557) Concurrent Mark Cycle 20.441ms
[2912.743s][info][gc] GC(7558) Pause Young (Prepare Mixed) (G1 Evacuation Pause) 926M->190M(964M) 2.966ms
[2940.053s][info][gc] GC(7559) Pause Young (Mixed) (G1 Evacuation Pause) 1170M->183M(1216M) 3.878ms
[2944.933s][info][gc] GC(7560) Pause Young (Concurrent Start) (G1 Humongous Allocation) 427M->179M(1216M) 1.901ms
[2944.933s][info][gc] GC(7561) Concurrent Mark Cycle
[2944.947s][info][gc] GC(7561) Pause Remark 197M->197M(668M) 0.519ms
[2944.957s][info][gc] GC(7561) Pause Cleanup 197M->197M(668M) 0.119ms
[2944.958s][info][gc] GC(7561) Concurrent Mark Cycle 24.294ms
[2967.878s][info][gc] GC(7562) Pause Young (Prepare Mixed) (G1 Evacuation Pause) 919M->184M(960M) 2.913ms
[2994.739s][info][gc] GC(7563) Pause Young (Mixed) (G1 Evacuation Pause) 1164M->180M(1212M) 3.765ms
[2999.533s][info][gc] GC(7564) Pause Young (Concurrent Start) (G1 Humongous Allocation) 424M->174M(1212M) 1.894ms
[2999.534s][info][gc] GC(7565) Concurrent Mark Cycle
[2999.546s][info][gc] GC(7565) Pause Remark 192M->192M(656M) 0.515ms
[2999.554s][info][gc] GC(7565) Pause Cleanup 192M->192M(656M) 0.069ms
[2999.554s][info][gc] GC(7565) Concurrent Mark Cycle 20.387ms
[3022.848s][info][gc] GC(7566) Pause Young (Prepare Mixed) (G1 Evacuation Pause) 914M->180M(956M) 2.959ms
[3049.719s][info][gc] GC(7567) Pause Young (Mixed) (G1 Evacuation Pause) 1160M->176M(1208M) 3.879ms
[3054.581s][info][gc] GC(7568) Pause Young (Concurrent Start) (G1 Humongous Allocation) 648M->190M(1208M) 2.165ms
[3054.581s][info][gc] GC(7569) Concurrent Mark Cycle
[3054.586s][info][gc] GC(7569) Pause Remark 226M->118M(388M) 0.466ms
[3054.587s][info][gc] GC(7569) Pause Cleanup 118M->118M(388M) 0.040ms
[3054.588s][info][gc] GC(7569) Concurrent Mark Cycle 6.417ms
[3058.768s][info][gc] GC(7570) Pause Young (Prepare Mixed) (G1 Evacuation Pause) 522M->102M(572M) 3.766ms
[3073.611s][info][gc] GC(7571) Pause Young (Mixed) (G1 Evacuation Pause) 1030M->123M(1052M) 1.443ms
[3073.698s][info][gc] GC(7572) Pause Young (Concurrent Start) (G1 Humongous Allocation) 127M->107M(1052M) 1.023ms
[3073.698s][info][gc] GC(7573) Concurrent Mark Cycle
[3073.704s][info][gc] GC(7573) Pause Remark 125M->122M(416M) 0.456ms
[3073.706s][info][gc] GC(7573) Pause Cleanup 122M->122M(416M) 0.061ms
[3073.707s][info][gc] GC(7573) Concurrent Mark Cycle 8.230ms
[3082.758s][info][gc] GC(7574) Pause Young (Prepare Mixed) (G1 Evacuation Pause) 412M->101M(440M) 3.078ms
[3083.097s][info][gc] GC(7575) Pause Young (Mixed) (G1 Evacuation Pause) 357M->133M(440M) 2.862ms
[3083.110s][info][gc] GC(7576) Pause Young (Concurrent Start) (G1 Humongous Allocation) 201M->140M(440M) 1.597ms
[3083.110s][info][gc] GC(7577) Concurrent Mark Cycle
[3083.118s][info][gc] GC(7577) Pause Remark 158M->158M(440M) 0.454ms
[3083.123s][info][gc] GC(7577) Pause Cleanup 158M->158M(440M) 0.072ms
[3083.123s][info][gc] GC(7577) Concurrent Mark Cycle 13.230ms
[3094.530s][info][gc] GC(7578) Pause Young (Prepare Mixed) (G1 Evacuation Pause) 1036M->146M(1056M) 1.764ms
[3111.262s][info][gc] GC(7579) Pause Young (Mixed) (G1 Evacuation Pause) 1054M->167M(1100M) 3.759ms
[3111.289s][info][gc] GC(7580) Pause Young (Concurrent Start) (G1 Humongous Allocation) 329M->185M(1100M) 2.566ms
[3111.289s][info][gc] GC(7581) Concurrent Mark Cycle
[3111.298s][info][gc] GC(7581) Pause Remark 203M->171M(588M) 0.509ms
[3111.300s][info][gc] GC(7581) Pause Cleanup 171M->171M(588M) 0.077ms
[3111.300s][info][gc] GC(7581) Concurrent Mark Cycle 11.250ms
[3116.488s][info][gc] GC(7582) Pause Young (Prepare Mixed) (G1 Evacuation Pause) 693M->175M(768M) 4.850ms
[3131.863s][info][gc] GC(7583) Pause Young (Mixed) (G1 Evacuation Pause) 1055M->158M(1100M) 2.582ms
[3131.940s][info][gc] GC(7584) Pause Young (Concurrent Start) (G1 Humongous Allocation) 162M->143M(1100M) 1.704ms
[3131.940s][info][gc] GC(7585) Concurrent Mark Cycle
[3131.946s][info][gc] GC(7585) Pause Remark 161M->133M(468M) 0.462ms
[3131.948s][info][gc] GC(7585) Pause Cleanup 133M->133M(468M) 0.067ms
[3131.948s][info][gc] GC(7585) Concurrent Mark Cycle 7.884ms
[3138.852s][info][gc] GC(7586) Pause Young (Prepare Mixed) (G1 Evacuation Pause) 379M->130M(468M) 3.307ms
[3139.615s][info][gc] GC(7587) Pause Young (Mixed) (G1 Evacuation Pause) 398M->139M(468M) 3.524ms
[3139.623s][info][gc] GC(7588) Pause Young (Concurrent Start) (G1 Humongous Allocation) 175M->146M(468M) 1.551ms
[3139.623s][info][gc] GC(7589) Concurrent Mark Cycle
[3139.630s][info][gc] GC(7589) Pause Remark 164M->156M(468M) 0.465ms
[3139.633s][info][gc] GC(7589) Pause Cleanup 156M->156M(468M) 0.070ms
[3139.633s][info][gc] GC(7589) Concurrent Mark Cycle 9.824ms
[3158.336s][info][gc] GC(7590) Pause Young (Prepare Mixed) (G1 Evacuation Pause) 1474M->149M(1512M) 2.794ms
[3184.093s][info][gc] GC(7591) Pause Young (Mixed) (G1 Evacuation Pause) 1949M->178M(2012M) 5.830ms
[3184.096s][info][gc] GC(7592) Pause Young (Concurrent Start) (G1 Humongous Allocation) 180M->182M(2012M) 3.075ms
[3184.096s][info][gc] GC(7593) Concurrent Mark Cycle
[3184.105s][info][gc] GC(7593) Pause Remark 200M->180M(600M) 0.517ms
[3184.107s][info][gc] GC(7593) Pause Cleanup 180M->180M(600M) 0.041ms
[3184.107s][info][gc] GC(7593) Concurrent Mark Cycle 11.230ms
[3195.632s][info][gc] GC(7594) Pause Young (Prepare Mixed) (G1 Evacuation Pause) 598M->106M(628M) 2.214ms
[3195.652s][info][gc] GC(7595) Pause Young (Mixed) (G1 Evacuation Pause) 470M->131M(628M) 3.170ms
[3195.666s][info][gc] GC(7596) Pause Young (Concurrent Start) (G1 Humongous Allocation) 307M->148M(628M) 2.532ms
[3195.666s][info][gc] GC(7597) Concurrent Mark Cycle
[3195.672s][info][gc] GC(7597) Pause Remark 202M->162M(536M) 0.484ms
[3195.674s][info][gc] GC(7597) Pause Cleanup 162M->162M(536M) 0.064ms
[3195.675s][info][gc] GC(7597) Concurrent Mark Cycle 8.970ms
[3203.186s][info][gc] GC(7598) Pause Young (Prepare Mixed) (G1 Evacuation Pause) 1136M->149M(1172M) 2.786ms
[3217.768s][info][gc] GC(7599) Pause Young (Mixed) (G1 Evacuation Pause) 1329M->121M(1376M) 3.271ms
[3224.370s][info][gc] GC(7600) Pause Young (Concurrent Start) (G1 Humongous Allocation) 615M->153M(1376M) 3.902ms
[3224.370s][info][gc] GC(7601) Concurrent Mark Cycle
[3224.381s][info][gc] GC(7601) Pause Remark 211M->211M(640M) 0.479ms
[3224.383s][info][gc] GC(7601) Pause Cleanup 211M->211M(640M) 0.068ms
[3224.383s][info][gc] GC(7601) Concurrent Mark Cycle 13.337ms
[3228.967s][info][gc] GC(7602) Pause Young (Prepare Mixed) (G1 Evacuation Pause) 1089M->212M(1196M) 6.692ms
[3246.613s][info][gc] GC(7603) Pause Young (Mixed) (G1 Evacuation Pause) 1732M->187M(1820M) 6.204ms
[3253.475s][info][gc] GC(7604) Pause Young (Concurrent Start) (G1 Humongous Allocation) 476M->207M(1820M) 3.365ms
[3253.476s][info][gc] GC(7605) Concurrent Mark Cycle
[3253.486s][info][gc] GC(7605) Pause Remark 231M->179M(576M) 0.477ms
[3253.489s][info][gc] GC(7605) Pause Cleanup 187M->187M(576M) 0.078ms
[3253.489s][info][gc] GC(7605) Concurrent Mark Cycle 12.518ms
[3253.962s][info][gc] GC(7606) Pause Young (Prepare Mixed) (G1 Evacuation Pause) 503M->184M(576M) 2.576ms
[3258.264s][info][gc] GC(7607) Pause Young (Mixed) (G1 Evacuation Pause) 1012M->209M(1080M) 4.420ms
[3258.297s][info][gc] GC(7608) Pause Young (Concurrent Start) (G1 Humongous Allocation) 212M->193M(1080M) 2.025ms
[3258.297s][info][gc] GC(7609) Concurrent Mark Cycle
[3258.304s][info][gc] GC(7609) Pause Remark 211M->167M(560M) 0.481ms
[3258.307s][info][gc] GC(7609) Pause Cleanup 167M->167M(560M) 0.068ms
[3258.307s][info][gc] GC(7609) Concurrent Mark Cycle 9.890ms
[3266.174s][info][gc] GC(7610) Pause Young (Prepare Mixed) (G1 Evacuation Pause) 885M->171M(940M) 3.652ms
[3277.033s][info][gc] GC(7611) Pause Young (Mixed) (G1 Evacuation Pause) 935M->118M(976M) 2.857ms
[3282.261s][info][gc] GC(7612) Pause Young (Concurrent Start) (G1 Humongous Allocation) 394M->137M(976M) 2.693ms
[3282.261s][info][gc] GC(7613) Concurrent Mark Cycle
[3282.271s][info][gc] GC(7613) Pause Remark 159M->159M(536M) 0.465ms
[3282.274s][info][gc] GC(7613) Pause Cleanup 159M->159M(536M) 0.049ms
[3282.274s][info][gc] GC(7613) Concurrent Mark Cycle 13.144ms
[3304.366s][info][gc] GC(7614) Pause Young (Prepare Mixed) (G1 Evacuation Pause) 881M->146M(952M) 4.449ms
[3309.517s][info][gc] GC(7615) Pause Young (Mixed) (G1 Evacuation Pause) 674M->149M(952M) 3.605ms
[3309.538s][info][gc] GC(7616) Pause Young (Concurrent Start) (G1 Humongous Allocation) 555M->186M(952M) 4.250ms
[3309.538s][info][gc] GC(7617) Concurrent Mark Cycle
[3309.554s][info][gc] GC(7617) Pause Remark 258M->258M(856M) 0.507ms
[3309.564s][info][gc] GC(7617) Pause Cleanup 258M->258M(856M) 0.077ms
[3309.565s][info][gc] GC(7617) Concurrent Mark Cycle 26.217ms
[3313.796s][info][gc] GC(7618) Pause Young (Prepare Mixed) (G1 Evacuation Pause) 1034M->249M(1132M) 6.206ms
[3324.316s][info][gc] GC(7619) Pause Young (Mixed) (G1 Evacuation Pause) 1553M->259M(1592M) 2.160ms
[3324.317s][info][gc] GC(7620) Pause Young (Concurrent Start) (G1 Humongous Allocation) 261M->259M(1592M) 1.433ms
[3324.317s][info][gc] GC(7621) Concurrent Mark Cycle
[3324.332s][info][gc] GC(7621) Pause Remark 277M->229M(776M) 0.479ms
[3324.339s][info][gc] GC(7621) Pause Cleanup 229M->229M(776M) 0.068ms
[3324.340s][info][gc] GC(7621) Concurrent Mark Cycle 22.527ms
[3332.155s][info][gc] GC(7622) Pause Young (Prepare Mixed) (G1 Evacuation Pause) 1003M->167M(1032M) 2.458ms
[3340.070s][info][gc] GC(7623) Pause Young (Mixed) (G1 Evacuation Pause) 735M->203M(1032M) 4.726ms
[3340.081s][info][gc] GC(7624) Pause Young (Concurrent Start) (G1 Humongous Allocation) 235M->207M(1032M) 2.991ms
[3340.081s][info][gc] GC(7625) Concurrent Mark Cycle
[3340.096s][info][gc] GC(7625) Pause Remark 227M->227M(760M) 0.462ms
[3340.106s][info][gc] GC(7625) Pause Cleanup 227M->227M(760M) 0.075ms
[3340.107s][info][gc] GC(7625) Concurrent Mark Cycle 25.702ms
[3340.300s][info][gc] GC(7626) Pause Young (Prepare Mixed) (G1 Evacuation Pause) 671M->272M(760M) 3.854ms
[3343.145s][info][gc] GC(7627) Pause Young (Mixed) (G1 Evacuation Pause) 840M->276M(900M) 3.448ms
[3343.146s][info][gc] GC(7628) Pause Young (Concurrent Start) (G1 Humongous Allocation) 278M->274M(900M) 0.941ms
[3343.146s][info][gc] GC(7629) Concurrent Mark Cycle
[3343.159s][info][gc] GC(7629) Pause Remark 292M->215M(720M) 0.457ms
[3343.166s][info][gc] GC(7629) Pause Cleanup 215M->215M(720M) 0.054ms
[3343.166s][info][gc] GC(7629) Concurrent Mark Cycle 20.200ms
[3348.067s][info][gc] GC(7630) Pause Young (Prepare Mixed) (G1 Evacuation Pause) 1013M->219M(1036M) 2.069ms
[3357.174s][info][gc] GC(7631) Pause Young (Mixed) (G1 Evacuation Pause) 1151M->199M(1184M) 2.774ms
[3357.176s][info][gc] GC(7632) Pause Young (Concurrent Start) (G1 Humongous Allocation) 201M->199M(1184M) 1.575ms
[3357.176s][info][gc] GC(7633) Concurrent Mark Cycle
[3357.189s][info][gc] GC(7633) Pause Remark 217M->217M(736M) 0.546ms
[3357.195s][info][gc] GC(7633) Pause Cleanup 217M->217M(736M) 0.059ms
[3357.195s][info][gc] GC(7633) Concurrent Mark Cycle 19.613ms
[3362.796s][info][gc] GC(7634) Pause Young (Prepare Mixed) (G1 Evacuation Pause) 763M->155M(796M) 2.612ms
[3369.940s][info][gc] GC(7635) Pause Young (Mixed) (G1 Evacuation Pause) 575M->183M(796M) 3.087ms
[3369.969s][info][gc] GC(7636) Pause Young (Concurrent Start) (G1 Humongous Allocation) 345M->201M(796M) 3.231ms
[3369.969s][info][gc] GC(7637) Concurrent Mark Cycle
[3369.984s][info][gc] GC(7637) Pause Remark 221M->221M(748M) 0.456ms
[3369.993s][info][gc] GC(7637) Pause Cleanup 239M->239M(748M) 0.054ms
[3369.993s][info][gc] GC(7637) Concurrent Mark Cycle 24.477ms
[3378.557s][info][gc] GC(7638) Pause Young (Prepare Mixed) (G1 Evacuation Pause) 921M->209M(984M) 3.899ms
[3398.380s][info][gc] GC(7639) Pause Young (Mixed) (G1 Evacuation Pause) 973M->200M(1024M) 3.196ms
[3398.408s][info][gc] GC(7640) Pause Young (Concurrent Start) (G1 Evacuation Pause) 732M->228M(1024M) 3.711ms
[3398.408s][info][gc] GC(7641) Concurrent Mark Cycle
[3398.420s][info][gc] GC(7641) Pause Remark 552M->474M(520M) 0.497ms
[3398.426s][info][gc] GC(7642) Pause Young (Normal) (G1 Evacuation Pause) 514M->185M(620M) 4.889ms
[3398.429s][info][gc] GC(7641) Pause Cleanup 245M->245M(620M) 0.063ms
[3398.429s][info][gc] GC(7641) Concurrent Mark Cycle 21.322ms
[3399.134s][info][gc] GC(7643) Pause Young (Prepare Mixed) (G1 Evacuation Pause) 621M->277M(732M) 6.417ms
[3403.906s][info][gc] GC(7644) Pause Young (Mixed) (G1 Evacuation Pause) 1421M->273M(1480M) 3.406ms
[3403.908s][info][gc] GC(7645) Pause Young (Concurrent Start) (G1 Humongous Allocation) 274M->271M(1480M) 1.042ms
[3403.908s][info][gc] GC(7646) Concurrent Mark Cycle
[3403.926s][info][gc] GC(7646) Pause Remark 289M->253M(856M) 0.480ms
[3403.936s][info][gc] GC(7646) Pause Cleanup 253M->253M(856M) 0.060ms
[3403.937s][info][gc] GC(7646) Concurrent Mark Cycle 29.651ms
[3412.039s][info][gc] GC(7647) Pause Young (Prepare Mixed) (G1 Evacuation Pause) 1363M->259M(1388M) 2.226ms
[3420.726s][info][gc] GC(7648) Pause Young (Mixed) (G1 Evacuation Pause) 1471M->227M(1508M) 3.516ms
[3429.156s][info][gc] GC(7649) Pause Young (Concurrent Start) (G1 Humongous Allocation) 561M->199M(1508M) 3.308ms
[3429.156s][info][gc] GC(7650) Concurrent Mark Cycle
[3429.174s][info][gc] GC(7650) Pause Remark 225M->225M(736M) 0.526ms
[3429.182s][info][gc] GC(7650) Pause Cleanup 225M->225M(736M) 0.073ms
[3429.183s][info][gc] GC(7650) Concurrent Mark Cycle 26.354ms
[3429.361s][info][gc] GC(7651) Pause Young (Prepare Mixed) (G1 Evacuation Pause) 639M->259M(736M) 4.074ms
[3429.915s][info][gc] GC(7652) Pause Young (Mixed) (G1 Evacuation Pause) 683M->315M(780M) 4.247ms
[3429.951s][info][gc] GC(7653) Pause Young (Concurrent Start) (G1 Humongous Allocation) 524M->334M(780M) 2.130ms
[3429.951s][info][gc] GC(7654) Concurrent Mark Cycle
[3429.962s][info][gc] GC(7654) Pause Remark 352M->268M(780M) 0.444ms
[3429.972s][info][gc] GC(7654) Pause Cleanup 268M->268M(780M) 0.067ms
[3429.972s][info][gc] GC(7654) Concurrent Mark Cycle 21.784ms
[3439.309s][info][gc] GC(7655) Pause Young (Prepare Mixed) (G1 Evacuation Pause) 2062M->264M(2100M) 3.627ms
[3461.239s][info][gc] GC(7656) Pause Young (Mixed) (G1 Evacuation Pause) 2096M->197M(2160M) 4.979ms
[3461.292s][info][gc] GC(7657) Pause Young (Concurrent Start) (G1 Evacuation Pause) 1405M->286M(2160M) 8.111ms
[3461.292s][info][gc] GC(7658) Concurrent Mark Cycle
[3461.316s][info][gc] GC(7658) Pause Remark 542M->542M(1296M) 0.468ms
[3461.323s][info][gc] GC(7658) Pause Cleanup 542M->542M(1296M) 0.059ms
[3461.324s][info][gc] GC(7658) Concurrent Mark Cycle 31.951ms
[3468.804s][info][gc] GC(7659) Pause Young (Prepare Mixed) (G1 Evacuation Pause) 2314M->402M(2500M) 13.007ms
[3487.636s][info][gc] GC(7660) Pause Young (Mixed) (G1 Evacuation Pause) 2942M->338M(3016M) 5.204ms
[3496.275s][info][gc] GC(7661) Pause Young (Concurrent Start) (G1 Humongous Allocation) 674M->359M(3016M) 4.686ms
[3496.276s][info][gc] GC(7662) Concurrent Mark Cycle
[3496.299s][info][gc] GC(7662) Pause Remark 387M->303M(976M) 0.511ms
[3496.308s][info][gc] GC(7662) Pause Cleanup 303M->303M(976M) 0.086ms
[3496.309s][info][gc] GC(7662) Concurrent Mark Cycle 32.767ms
[3496.797s][info][gc] GC(7663) Pause Young (Prepare Mixed) (G1 Evacuation Pause) 867M->357M(976M) 7.601ms
[3501.324s][info][gc] GC(7664) Pause Young (Mixed) (G1 Evacuation Pause) 1373M->346M(1488M) 7.946ms
[3501.327s][info][gc] GC(7665) Pause Young (Concurrent Start) (G1 Humongous Allocation) 347M->342M(1488M) 1.899ms
[3501.327s][info][gc] GC(7666) Concurrent Mark Cycle
[3501.339s][info][gc] GC(7666) Pause Remark 360M->244M(828M) 0.470ms
[3501.347s][info][gc] GC(7666) Pause Cleanup 244M->244M(828M) 0.060ms
[3501.347s][info][gc] GC(7666) Concurrent Mark Cycle 20.796ms
[3514.051s][info][gc] GC(7667) Pause Young (Prepare Mixed) (G1 Evacuation Pause) 1678M->237M(1724M) 3.668ms
[3527.955s][info][gc] GC(7668) Pause Young (Mixed) (G1 Evacuation Pause) 1713M->213M(1816M) 7.631ms
[3527.977s][info][gc] GC(7669) Pause Young (Concurrent Start) (G1 Humongous Allocation) 757M->266M(1816M) 6.955ms
[3527.977s][info][gc] GC(7670) Concurrent Mark Cycle
[3528.001s][info][gc] GC(7670) Pause Remark 614M->614M(1216M) 0.463ms
[3528.011s][info][gc] GC(7670) Pause Cleanup 632M->632M(1216M) 0.066ms
[3528.011s][info][gc] GC(7670) Concurrent Mark Cycle 34.471ms
[3532.405s][info][gc] GC(7671) Pause Young (Prepare Mixed) (G1 Evacuation Pause) 1670M->396M(1828M) 10.606ms
[3544.717s][info][gc] GC(7672) Pause Young (Mixed) (G1 Evacuation Pause) 2680M->412M(2808M) 8.697ms
[3544.721s][info][gc] GC(7673) Pause Young (Concurrent Start) (G1 Humongous Allocation) 414M->408M(2808M) 3.670ms
[3544.721s][info][gc] GC(7674) Concurrent Mark Cycle
[3544.746s][info][gc] GC(7674) Pause Remark 426M->366M(1228M) 0.526ms
[3544.756s][info][gc] GC(7674) Pause Cleanup 366M->366M(1228M) 0.061ms
[3544.756s][info][gc] GC(7674) Concurrent Mark Cycle 35.630ms
[3553.738s][info][gc] GC(7675) Pause Young (Prepare Mixed) (G1 Evacuation Pause) 1912M->363M(1988M) 5.813ms
[3575.540s][info][gc] GC(7676) Pause Young (Mixed) (G1 Evacuation Pause) 2515M->343M(2652M) 10.972ms
[3575.550s][info][gc] GC(7677) Pause Young (Concurrent Start) (G1 Humongous Allocation) 345M->342M(2652M) 8.956ms
[3575.550s][info][gc] GC(7678) Concurrent Mark Cycle
[3575.574s][info][gc] GC(7678) Pause Remark 360M->360M(1216M) 0.477ms
[3575.585s][info][gc] GC(7678) Pause Cleanup 360M->360M(1216M) 0.050ms
[3575.585s][info][gc] GC(7678) Concurrent Mark Cycle 35.365ms
[3589.082s][info][gc] GC(7679) Pause Young (Prepare Mixed) (G1 Evacuation Pause) 1362M->322M(1480M) 8.750ms
