[0.005s][info][gc] Heuristics ergonomically sets -XX:+ExplicitGCInvokesConcurrent
[0.005s][info][gc] Heuristics ergonomically sets -XX:+ShenandoahImplicitGCInvokesConcurrent
[0.005s][info][gc] Using Shenandoah
[1.767s][info][gc] Trigger: Learning 1 of 5. Free (3222M) is below initial threshold (3225M)
[1.767s][info][gc] GC(0) Concurrent reset 0.397ms
[1.769s][info][gc] GC(0) Pause Init Mark (unload classes) 0.142ms
[1.775s][info][gc] GC(0) Concurrent marking roots 4.410ms
[1.814s][info][gc] GC(0) Concurrent marking (unload classes) 39.688ms
[1.815s][info][gc] GC(0) Pause Final Mark (unload classes) 0.196ms
[1.819s][info][gc] GC(0) Concurrent thread roots 3.954ms
[1.819s][info][gc] GC(0) Concurrent weak references 0.060ms
[1.831s][info][gc] GC(0) Concurrent weak roots 12.080ms
[1.831s][info][gc] GC(0) Concurrent cleanup 1237M->1229M(1238M) 0.009ms
[1.837s][info][gc] GC(0) Concurrent class unloading 5.765ms
[1.837s][info][gc] GC(0) Concurrent strong roots 0.244ms
[1.850s][info][gc] GC(0) Concurrent evacuation 12.808ms
[1.851s][info][gc] GC(0) Pause Init Update Refs 0.010ms
[1.868s][info][gc] GC(0) Concurrent update references 16.880ms
[1.868s][info][gc] GC(0) Concurrent update thread roots 0.470ms
[1.868s][info][gc] GC(0) Pause Final Update Refs 0.035ms
[1.868s][info][gc] GC(0) Concurrent cleanup 1297M->151M(1298M) 0.026ms
[2.509s][info][gc] Trigger: Learning 2 of 5. Free (3225M) is below initial threshold (3225M)
[2.510s][info][gc] GC(1) Concurrent reset 1.288ms
[2.511s][info][gc] GC(1) Pause Init Mark (unload classes) 0.025ms
[2.512s][info][gc] GC(1) Concurrent marking roots 0.771ms
[2.526s][info][gc] GC(1) Concurrent marking (unload classes) 14.345ms
[2.526s][info][gc] GC(1) Pause Final Mark (unload classes) 0.125ms
[2.527s][info][gc] GC(1) Concurrent thread roots 0.956ms
[2.527s][info][gc] GC(1) Concurrent weak references 0.014ms
[2.533s][info][gc] GC(1) Concurrent weak roots 5.558ms
[2.533s][info][gc] GC(1) Concurrent cleanup 1183M->1183M(1300M) 0.006ms
[2.534s][info][gc] GC(1) Concurrent class unloading 1.525ms
[2.535s][info][gc] GC(1) Concurrent strong roots 0.032ms
[2.543s][info][gc] GC(1) Concurrent evacuation 8.885ms
[2.544s][info][gc] GC(1) Pause Init Update Refs 0.006ms
[2.554s][info][gc] GC(1) Concurrent update references 10.201ms
[2.554s][info][gc] GC(1) Concurrent update thread roots 0.463ms
[2.555s][info][gc] GC(1) Pause Final Update Refs 0.034ms
[2.555s][info][gc] GC(1) Concurrent cleanup 1228M->103M(1314M) 0.028ms
[3.220s][info][gc] Trigger: Learning 3 of 5. Free (3224M) is below initial threshold (3225M)
[3.221s][info][gc] GC(2) Concurrent reset 0.961ms
[3.221s][info][gc] GC(2) Pause Init Mark (unload classes) 0.030ms
[3.222s][info][gc] GC(2) Concurrent marking roots 0.834ms
[3.237s][info][gc] GC(2) Concurrent marking (unload classes) 14.985ms
[3.237s][info][gc] GC(2) Pause Final Mark (unload classes) 0.127ms
[3.238s][info][gc] GC(2) Concurrent thread roots 1.033ms
[3.238s][info][gc] GC(2) Concurrent weak references 0.011ms
[3.243s][info][gc] GC(2) Concurrent weak roots 4.363ms
[3.243s][info][gc] GC(2) Concurrent cleanup 1183M->1183M(1314M) 0.012ms
[3.247s][info][gc] GC(2) Concurrent class unloading 4.462ms
[3.247s][info][gc] GC(2) Concurrent strong roots 0.032ms
[3.255s][info][gc] GC(2) Concurrent evacuation 7.436ms
[3.255s][info][gc] GC(2) Pause Init Update Refs 0.006ms
[3.267s][info][gc] GC(2) Concurrent update references 11.657ms
[3.267s][info][gc] GC(2) Concurrent update thread roots 0.453ms
[3.267s][info][gc] GC(2) Pause Final Update Refs 0.037ms
[3.267s][info][gc] GC(2) Concurrent cleanup 1232M->116M(1322M) 0.028ms
[3.912s][info][gc] Trigger: Learning 4 of 5. Free (3224M) is below initial threshold (3225M)
[3.913s][info][gc] GC(3) Concurrent reset 1.073ms
[3.914s][info][gc] GC(3) Pause Init Mark (unload classes) 0.031ms
[3.915s][info][gc] GC(3) Concurrent marking roots 1.647ms
[3.932s][info][gc] GC(3) Concurrent marking (unload classes) 16.989ms
[3.933s][info][gc] GC(3) Pause Final Mark (unload classes) 0.139ms
[3.934s][info][gc] GC(3) Concurrent thread roots 1.070ms
[3.934s][info][gc] GC(3) Concurrent weak references 0.014ms
[3.937s][info][gc] GC(3) Concurrent weak roots 3.119ms
[3.937s][info][gc] GC(3) Concurrent cleanup 1168M->1168M(1322M) 0.013ms
[3.939s][info][gc] GC(3) Concurrent class unloading 1.691ms
[3.939s][info][gc] GC(3) Concurrent strong roots 0.043ms
[3.947s][info][gc] GC(3) Concurrent evacuation 7.838ms
[3.947s][info][gc] GC(3) Pause Init Update Refs 0.005ms
[3.956s][info][gc] GC(3) Concurrent update references 8.837ms
[3.956s][info][gc] GC(3) Concurrent update thread roots 0.450ms
[3.956s][info][gc] GC(3) Pause Final Update Refs 0.033ms
[3.956s][info][gc] GC(3) Concurrent cleanup 1204M->96M(1332M) 0.031ms
[4.614s][info][gc] Trigger: Learning 5 of 5. Free (3222M) is below initial threshold (3225M)
[4.615s][info][gc] GC(4) Concurrent reset 1.029ms
[4.615s][info][gc] GC(4) Pause Init Mark (unload classes) 0.026ms
[4.618s][info][gc] GC(4) Concurrent marking roots 2.676ms
[4.637s][info][gc] GC(4) Concurrent marking (unload classes) 19.556ms
[4.638s][info][gc] GC(4) Pause Final Mark (unload classes) 0.124ms
[4.638s][info][gc] GC(4) Concurrent thread roots 0.342ms
[4.638s][info][gc] GC(4) Concurrent weak references 0.011ms
[4.647s][info][gc] GC(4) Concurrent weak roots 8.974ms
[4.647s][info][gc] GC(4) Concurrent cleanup 1191M->1191M(1332M) 0.013ms
[4.649s][info][gc] GC(4) Concurrent class unloading 1.578ms
[4.649s][info][gc] GC(4) Concurrent strong roots 0.032ms
[4.657s][info][gc] GC(4) Concurrent evacuation 8.317ms
[4.658s][info][gc] GC(4) Pause Init Update Refs 0.005ms
[4.672s][info][gc] GC(4) Concurrent update references 14.925ms
[4.673s][info][gc] GC(4) Concurrent update thread roots 0.556ms
[4.673s][info][gc] GC(4) Pause Final Update Refs 0.036ms
[4.673s][info][gc] GC(4) Concurrent cleanup 1227M->127M(1342M) 0.028ms
[8.325s][info][gc] Trigger: Free (460M) is below minimum threshold (460M)
[8.326s][info][gc] GC(5) Concurrent reset 1.045ms
[8.327s][info][gc] GC(5) Pause Init Mark (unload classes) 0.034ms
[8.327s][info][gc] GC(5) Concurrent marking roots 0.471ms
[8.364s][info][gc] GC(5) Concurrent marking (unload classes) 37.121ms
[8.365s][info][gc] GC(5) Pause Final Mark (unload classes) 0.130ms
[8.366s][info][gc] GC(5) Concurrent thread roots 0.910ms
[8.366s][info][gc] GC(5) Concurrent weak references 0.017ms
[8.373s][info][gc] GC(5) Concurrent weak roots 7.059ms
[8.373s][info][gc] GC(5) Concurrent cleanup 3952M->1172M(3960M) 0.054ms
[8.376s][info][gc] GC(5) Concurrent class unloading 3.223ms
[8.376s][info][gc] GC(5) Concurrent strong roots 0.034ms
[8.384s][info][gc] GC(5) Concurrent evacuation 7.835ms
[8.384s][info][gc] GC(5) Pause Init Update Refs 0.006ms
[8.391s][info][gc] GC(5) Concurrent update references 6.805ms
[8.391s][info][gc] GC(5) Concurrent update thread roots 0.431ms
[8.391s][info][gc] GC(5) Pause Final Update Refs 0.034ms
[8.392s][info][gc] GC(5) Concurrent cleanup 1194M->78M(3960M) 0.027ms
[14.714s][info][gc] Trigger: Free (460M) is below minimum threshold (460M)
[14.716s][info][gc] GC(6) Concurrent reset 1.919ms
[14.717s][info][gc] GC(6) Pause Init Mark (unload classes) 0.023ms
[14.717s][info][gc] GC(6) Concurrent marking roots 0.685ms
[14.726s][info][gc] GC(6) Concurrent marking (unload classes) 8.462ms
[14.726s][info][gc] GC(6) Pause Final Mark (unload classes) 0.103ms
[14.726s][info][gc] GC(6) Concurrent thread roots 0.417ms
[14.726s][info][gc] GC(6) Concurrent weak references 0.025ms
[14.733s][info][gc] GC(6) Concurrent weak roots 6.177ms
[14.733s][info][gc] GC(6) Concurrent cleanup 3924M->898M(3968M) 0.053ms
[14.734s][info][gc] GC(6) Concurrent class unloading 1.460ms
[14.734s][info][gc] GC(6) Concurrent strong roots 0.038ms
[14.738s][info][gc] GC(6) Concurrent evacuation 3.691ms
[14.738s][info][gc] GC(6) Pause Init Update Refs 0.006ms
[14.742s][info][gc] GC(6) Concurrent update references 3.570ms
[14.742s][info][gc] GC(6) Concurrent update thread roots 0.237ms
[14.742s][info][gc] GC(6) Pause Final Update Refs 0.032ms
[14.742s][info][gc] GC(6) Concurrent cleanup 909M->38M(3968M) 0.024ms
[24.287s][info][gc] Trigger: Free (459M) is below minimum threshold (460M)
[24.287s][info][gc] GC(7) Concurrent reset 0.703ms
[24.288s][info][gc] GC(7) Pause Init Mark (unload classes) 0.034ms
[24.288s][info][gc] GC(7) Concurrent marking roots 0.545ms
[24.296s][info][gc] GC(7) Concurrent marking (unload classes) 8.054ms
[24.297s][info][gc] GC(7) Pause Final Mark (unload classes) 0.105ms
[24.297s][info][gc] GC(7) Concurrent thread roots 0.268ms
[24.297s][info][gc] GC(7) Concurrent weak references 0.015ms
[24.301s][info][gc] GC(7) Concurrent weak roots 3.955ms
[24.301s][info][gc] GC(7) Concurrent cleanup 3924M->800M(3972M) 0.057ms
[24.302s][info][gc] GC(7) Concurrent class unloading 1.294ms
[24.302s][info][gc] GC(7) Concurrent strong roots 0.036ms
[24.306s][info][gc] GC(7) Concurrent evacuation 3.225ms
[24.306s][info][gc] GC(7) Pause Init Update Refs 0.006ms
[24.309s][info][gc] GC(7) Concurrent update references 3.228ms
[24.309s][info][gc] GC(7) Concurrent update thread roots 0.245ms
[24.309s][info][gc] GC(7) Pause Final Update Refs 0.031ms
[24.309s][info][gc] GC(7) Concurrent cleanup 814M->42M(3972M) 0.022ms
[33.873s][info][gc] Trigger: Free (459M) is below minimum threshold (460M)
[33.874s][info][gc] GC(8) Concurrent reset 0.648ms
[33.874s][info][gc] GC(8) Pause Init Mark (unload classes) 0.023ms
[33.875s][info][gc] GC(8) Concurrent marking roots 0.789ms
[33.881s][info][gc] GC(8) Concurrent marking (unload classes) 6.560ms
[33.883s][info][gc] GC(8) Pause Final Mark (unload classes) 0.105ms
[33.883s][info][gc] GC(8) Concurrent thread roots 0.440ms
[33.883s][info][gc] GC(8) Concurrent weak references 0.015ms
[33.891s][info][gc] GC(8) Concurrent weak roots 7.769ms
[33.891s][info][gc] GC(8) Concurrent cleanup 3920M->636M(3972M) 0.062ms
[33.892s][info][gc] GC(8) Concurrent class unloading 1.216ms
[33.892s][info][gc] GC(8) Concurrent strong roots 0.035ms
[33.895s][info][gc] GC(8) Concurrent evacuation 2.685ms
[33.895s][info][gc] GC(8) Pause Init Update Refs 0.006ms
[33.898s][info][gc] GC(8) Concurrent update references 2.773ms
[33.898s][info][gc] GC(8) Concurrent update thread roots 0.219ms
[33.898s][info][gc] GC(8) Pause Final Update Refs 0.032ms
[33.898s][info][gc] GC(8) Concurrent cleanup 646M->34M(3972M) 0.018ms
[42.970s][info][gc] Trigger: Free (459M) is below minimum threshold (460M)
[42.971s][info][gc] GC(9) Concurrent reset 0.524ms
[42.971s][info][gc] GC(9) Pause Init Mark (unload classes) 0.025ms
[42.972s][info][gc] GC(9) Concurrent marking roots 1.296ms
[42.979s][info][gc] GC(9) Concurrent marking (unload classes) 7.135ms
[42.980s][info][gc] GC(9) Pause Final Mark (unload classes) 0.104ms
[42.981s][info][gc] GC(9) Concurrent thread roots 1.391ms
[42.981s][info][gc] GC(9) Concurrent weak references 0.018ms
[42.992s][info][gc] GC(9) Concurrent weak roots 11.301ms
[42.993s][info][gc] GC(9) Concurrent cleanup 3944M->486M(3994M) 0.067ms
[42.996s][info][gc] GC(9) Concurrent class unloading 3.158ms
[42.996s][info][gc] GC(9) Concurrent strong roots 0.040ms
[42.999s][info][gc] GC(9) Concurrent evacuation 3.320ms
[42.999s][info][gc] GC(9) Pause Init Update Refs 0.006ms
[43.003s][info][gc] GC(9) Concurrent update references 3.406ms
[43.003s][info][gc] GC(9) Concurrent update thread roots 0.447ms
[43.003s][info][gc] GC(9) Pause Final Update Refs 0.031ms
[43.003s][info][gc] GC(9) Concurrent cleanup 514M->76M(3994M) 0.015ms
[45.393s][info][gc] Trigger: Free (457M) is below minimum threshold (460M)
[45.393s][info][gc] GC(10) Concurrent reset 0.482ms
[45.394s][info][gc] GC(10) Pause Init Mark (unload classes) 0.034ms
[45.396s][info][gc] GC(10) Concurrent marking roots 2.045ms
[45.436s][info][gc] GC(10) Concurrent marking (unload classes) 40.225ms
[45.437s][info][gc] GC(10) Pause Final Mark (unload classes) 0.279ms
[45.439s][info][gc] GC(10) Concurrent thread roots 2.865ms
[45.440s][info][gc] GC(10) Concurrent weak references 0.034ms
[45.442s][info][gc] GC(10) Concurrent weak roots 2.258ms
[45.442s][info][gc] GC(10) Concurrent cleanup 3966M->3966M(4014M) 0.006ms
[45.443s][info][gc] GC(10) Concurrent class unloading 1.534ms
[45.444s][info][gc] GC(10) Concurrent strong roots 0.032ms
[45.464s][info][gc] GC(10) Concurrent evacuation 20.305ms
[45.464s][info][gc] GC(10) Pause Init Update Refs 0.005ms
[45.483s][info][gc] GC(10) Concurrent update references 19.127ms
[45.484s][info][gc] GC(10) Concurrent update thread roots 0.473ms
[45.484s][info][gc] GC(10) Pause Final Update Refs 0.043ms
[45.484s][info][gc] GC(10) Concurrent cleanup 4054M->160M(4064M) 0.075ms
[48.232s][info][gc] Trigger: Free (459M) is below minimum threshold (460M)
[48.236s][info][gc] GC(11) Concurrent reset 4.208ms
[48.237s][info][gc] GC(11) Pause Init Mark (unload classes) 0.025ms
[48.238s][info][gc] GC(11) Concurrent marking roots 1.021ms
[48.242s][info][gc] GC(11) Concurrent marking (unload classes) 4.379ms
[48.242s][info][gc] GC(11) Pause Final Mark (unload classes) 0.091ms
[48.242s][info][gc] GC(11) Concurrent weak references 0.011ms
[48.247s][info][gc] GC(11) Concurrent weak roots 4.916ms
[48.247s][info][gc] GC(11) Concurrent cleanup 3925M->197M(4064M) 0.072ms
[48.249s][info][gc] GC(11) Concurrent class unloading 1.410ms
[48.249s][info][gc] GC(11) Pause Final Roots 0.002ms
[52.801s][info][gc] Trigger: Free (459M) is below minimum threshold (460M)
[52.801s][info][gc] GC(12) Concurrent reset 0.202ms
[52.801s][info][gc] GC(12) Pause Init Mark (unload classes) 0.038ms
[52.802s][info][gc] GC(12) Concurrent marking roots 1.011ms
[52.831s][info][gc] GC(12) Concurrent marking (unload classes) 28.916ms
[52.832s][info][gc] GC(12) Pause Final Mark (unload classes) 0.267ms
[52.833s][info][gc] GC(12) Concurrent thread roots 0.799ms
[52.833s][info][gc] GC(12) Concurrent weak references 0.023ms
[52.836s][info][gc] GC(12) Concurrent weak roots 2.992ms
[52.836s][info][gc] GC(12) Concurrent cleanup 3944M->3944M(4064M) 0.006ms
[52.838s][info][gc] GC(12) Concurrent class unloading 2.138ms
[52.838s][info][gc] GC(12) Concurrent strong roots 0.040ms
[52.853s][info][gc] GC(12) Concurrent evacuation 14.792ms
[52.853s][info][gc] GC(12) Pause Init Update Refs 0.006ms
[52.868s][info][gc] GC(12) Concurrent update references 14.677ms
[52.868s][info][gc] GC(12) Concurrent update thread roots 0.404ms
[52.868s][info][gc] GC(12) Pause Final Update Refs 0.042ms
[52.869s][info][gc] GC(12) Concurrent cleanup 4000M->104M(4064M) 0.081ms
[57.794s][info][gc] Trigger: Free (459M) is below minimum threshold (460M)
[57.797s][info][gc] GC(13) Concurrent reset 3.111ms
[57.797s][info][gc] GC(13) Pause Init Mark (unload classes) 0.024ms
[57.798s][info][gc] GC(13) Concurrent marking roots 0.994ms
[57.825s][info][gc] GC(13) Concurrent marking (unload classes) 26.820ms
[57.825s][info][gc] GC(13) Pause Final Mark (unload classes) 0.245ms
[57.826s][info][gc] GC(13) Concurrent thread roots 0.655ms
[57.826s][info][gc] GC(13) Concurrent weak references 0.021ms
[57.833s][info][gc] GC(13) Concurrent weak roots 7.051ms
[57.833s][info][gc] GC(13) Concurrent cleanup 3948M->3716M(4064M) 0.011ms
[57.835s][info][gc] GC(13) Concurrent class unloading 2.080ms
[57.835s][info][gc] GC(13) Concurrent strong roots 0.040ms
[57.849s][info][gc] GC(13) Concurrent evacuation 13.459ms
[57.849s][info][gc] GC(13) Pause Init Update Refs 0.007ms
[57.862s][info][gc] GC(13) Concurrent update references 13.582ms
[57.863s][info][gc] GC(13) Concurrent update thread roots 0.317ms
[57.863s][info][gc] GC(13) Pause Final Update Refs 0.039ms
[57.863s][info][gc] GC(13) Concurrent cleanup 3774M->110M(4064M) 0.074ms
[62.729s][info][gc] Trigger: Free (459M) is below minimum threshold (460M)
[62.732s][info][gc] GC(14) Concurrent reset 2.784ms
[62.732s][info][gc] GC(14) Pause Init Mark (unload classes) 0.026ms
[62.733s][info][gc] GC(14) Concurrent marking roots 0.458ms
[62.758s][info][gc] GC(14) Concurrent marking (unload classes) 25.413ms
[62.758s][info][gc] GC(14) Pause Final Mark (unload classes) 0.190ms
[62.759s][info][gc] GC(14) Concurrent thread roots 0.668ms
[62.759s][info][gc] GC(14) Concurrent weak references 0.018ms
[62.764s][info][gc] GC(14) Concurrent weak roots 5.313ms
[62.764s][info][gc] GC(14) Concurrent cleanup 3942M->3548M(4064M) 0.014ms
[62.767s][info][gc] GC(14) Concurrent class unloading 2.557ms
[62.767s][info][gc] GC(14) Concurrent strong roots 0.039ms
[62.780s][info][gc] GC(14) Concurrent evacuation 12.902ms
[62.780s][info][gc] GC(14) Pause Init Update Refs 0.007ms
[62.793s][info][gc] GC(14) Concurrent update references 12.738ms
[62.793s][info][gc] GC(14) Concurrent update thread roots 0.314ms
[62.793s][info][gc] GC(14) Pause Final Update Refs 0.039ms
[62.794s][info][gc] GC(14) Concurrent cleanup 3608M->104M(4064M) 0.071ms
[67.705s][info][gc] Trigger: Free (459M) is below minimum threshold (460M)
[67.708s][info][gc] GC(15) Concurrent reset 2.540ms
[67.708s][info][gc] GC(15) Pause Init Mark (unload classes) 0.025ms
[67.709s][info][gc] GC(15) Concurrent marking roots 0.858ms
[67.735s][info][gc] GC(15) Concurrent marking (unload classes) 25.863ms
[67.735s][info][gc] GC(15) Pause Final Mark (unload classes) 0.214ms
[67.737s][info][gc] GC(15) Concurrent thread roots 1.357ms
[67.737s][info][gc] GC(15) Concurrent weak references 0.017ms
[67.742s][info][gc] GC(15) Concurrent weak roots 4.938ms
[67.742s][info][gc] GC(15) Concurrent cleanup 3932M->3354M(4064M) 0.016ms
[67.743s][info][gc] GC(15) Concurrent class unloading 1.762ms
[67.744s][info][gc] GC(15) Concurrent strong roots 0.038ms
[67.756s][info][gc] GC(15) Concurrent evacuation 12.224ms
[67.756s][info][gc] GC(15) Pause Init Update Refs 0.006ms
[67.767s][info][gc] GC(15) Concurrent update references 10.852ms
[67.767s][info][gc] GC(15) Concurrent update thread roots 0.303ms
[67.767s][info][gc] GC(15) Pause Final Update Refs 0.037ms
[67.767s][info][gc] GC(15) Concurrent cleanup 3410M->90M(4064M) 0.068ms
[70.336s][info][gc] Trigger: Free (457M) is below minimum threshold (460M)
[70.340s][info][gc] GC(16) Concurrent reset 3.639ms
[70.340s][info][gc] GC(16) Pause Init Mark (unload classes) 0.032ms
[70.341s][info][gc] GC(16) Concurrent marking roots 1.257ms
[70.367s][info][gc] GC(16) Concurrent marking (unload classes) 25.190ms
[70.367s][info][gc] GC(16) Pause Final Mark (unload classes) 0.186ms
[70.368s][info][gc] GC(16) Concurrent thread roots 1.282ms
[70.368s][info][gc] GC(16) Concurrent weak references 0.012ms
[70.377s][info][gc] GC(16) Concurrent weak roots 8.635ms
[70.377s][info][gc] GC(16) Concurrent cleanup 3982M->3240M(4064M) 0.021ms
[70.380s][info][gc] GC(16) Concurrent class unloading 3.070ms
[70.380s][info][gc] GC(16) Concurrent strong roots 0.069ms
[70.396s][info][gc] GC(16) Concurrent evacuation 15.907ms
[70.397s][info][gc] GC(16) Pause Init Update Refs 0.008ms
[70.413s][info][gc] GC(16) Concurrent update references 16.138ms
[70.413s][info][gc] GC(16) Concurrent update thread roots 0.661ms
[70.414s][info][gc] GC(16) Pause Final Update Refs 0.050ms
[70.414s][info][gc] GC(16) Concurrent cleanup 3340M->182M(4064M) 0.062ms
[72.115s][info][gc] Trigger: Free (459M) is below minimum threshold (460M)
[72.118s][info][gc] GC(17) Concurrent reset 3.339ms
[72.119s][info][gc] GC(17) Pause Init Mark (unload classes) 0.037ms
[72.121s][info][gc] GC(17) Concurrent marking roots 2.027ms
[72.159s][info][gc] GC(17) Concurrent marking (unload classes) 37.809ms
[72.159s][info][gc] GC(17) Pause Final Mark (unload classes) 0.222ms
[72.161s][info][gc] GC(17) Concurrent thread roots 1.747ms
[72.161s][info][gc] GC(17) Concurrent weak references 0.013ms
[72.174s][info][gc] GC(17) Concurrent weak roots 13.192ms
[72.174s][info][gc] GC(17) Concurrent cleanup 4008M->4008M(4064M) 0.015ms
[72.178s][info][gc] GC(17) Concurrent class unloading 3.650ms
[72.178s][info][gc] GC(17) Concurrent strong roots 0.065ms
[72.200s][info][gc] GC(17) Concurrent evacuation 22.296ms
[72.201s][info][gc] GC(17) Pause Init Update Refs 0.013ms
[72.230s][info][gc] GC(17) Concurrent update references 28.878ms
[72.230s][info][gc] GC(17) Concurrent update thread roots 0.516ms
[72.230s][info][gc] GC(17) Pause Final Update Refs 0.038ms
[72.230s][info][gc] GC(17) Concurrent cleanup 4119M->245M(4122M) 0.079ms
[73.865s][info][gc] Trigger: Average GC time (135.78 ms) is above the time for average allocation rate (2248 MB/s) to deplete free headroom (303M) (margin of error = 1.80)
[73.869s][info][gc] GC(18) Concurrent reset 4.146ms
[73.870s][info][gc] GC(18) Pause Init Mark (unload classes) 0.036ms
[73.872s][info][gc] GC(18) Concurrent marking roots 2.612ms
[73.918s][info][gc] GC(18) Concurrent marking (unload classes) 45.248ms
[73.918s][info][gc] GC(18) Pause Final Mark (unload classes) 0.215ms
[73.922s][info][gc] GC(18) Concurrent thread roots 3.714ms
[73.922s][info][gc] GC(18) Concurrent weak references 0.014ms
[73.929s][info][gc] GC(18) Concurrent weak roots 7.367ms
[73.930s][info][gc] GC(18) Concurrent cleanup 3953M->3949M(4122M) 0.015ms
[73.936s][info][gc] GC(18) Concurrent class unloading 6.119ms
[73.936s][info][gc] GC(18) Concurrent strong roots 0.034ms
[73.957s][info][gc] GC(18) Concurrent evacuation 20.780ms
[73.957s][info][gc] GC(18) Pause Init Update Refs 0.007ms
[73.994s][info][gc] GC(18) Concurrent update references 36.872ms
[73.994s][info][gc] GC(18) Concurrent update thread roots 0.525ms
[73.994s][info][gc] GC(18) Pause Final Update Refs 0.042ms
[73.995s][info][gc] GC(18) Concurrent cleanup 4092M->323M(4160M) 0.074ms
[76.864s][info][gc] Trigger: Free (460M) is below minimum threshold (460M)
[76.868s][info][gc] GC(19) Concurrent reset 3.018ms
[76.868s][info][gc] GC(19) Pause Init Mark (unload classes) 0.032ms
[76.870s][info][gc] GC(19) Concurrent marking roots 1.667ms
[76.890s][info][gc] GC(19) Concurrent marking (unload classes) 20.259ms
[76.891s][info][gc] GC(19) Pause Final Mark (unload classes) 0.199ms
[76.892s][info][gc] GC(19) Concurrent thread roots 1.198ms
[76.892s][info][gc] GC(19) Concurrent weak references 0.016ms
[76.899s][info][gc] GC(19) Concurrent weak roots 6.903ms
[76.899s][info][gc] GC(19) Concurrent cleanup 3952M->2634M(4160M) 0.029ms
[76.901s][info][gc] GC(19) Concurrent class unloading 1.686ms
[76.901s][info][gc] GC(19) Concurrent strong roots 0.045ms
[76.910s][info][gc] GC(19) Concurrent evacuation 9.639ms
[76.911s][info][gc] GC(19) Pause Init Update Refs 0.007ms
[76.922s][info][gc] GC(19) Concurrent update references 11.185ms
[76.922s][info][gc] GC(19) Concurrent update thread roots 0.311ms
[76.922s][info][gc] GC(19) Pause Final Update Refs 0.038ms
[76.922s][info][gc] GC(19) Concurrent cleanup 2688M->110M(4160M) 0.054ms
[80.417s][info][gc] Trigger: Free (459M) is below minimum threshold (460M)
[80.419s][info][gc] GC(20) Concurrent reset 1.906ms
[80.419s][info][gc] GC(20) Pause Init Mark (unload classes) 0.023ms
[80.420s][info][gc] GC(20) Concurrent marking roots 1.062ms
[80.441s][info][gc] GC(20) Concurrent marking (unload classes) 20.280ms
[80.441s][info][gc] GC(20) Pause Final Mark (unload classes) 0.157ms
[80.443s][info][gc] GC(20) Concurrent thread roots 2.316ms
[80.443s][info][gc] GC(20) Concurrent weak references 0.018ms
[80.448s][info][gc] GC(20) Concurrent weak roots 4.138ms
[80.448s][info][gc] GC(20) Concurrent cleanup 3944M->2370M(4160M) 0.034ms
[80.450s][info][gc] GC(20) Concurrent class unloading 2.677ms
[80.450s][info][gc] GC(20) Concurrent strong roots 0.040ms
[80.459s][info][gc] GC(20) Concurrent evacuation 8.780ms
[80.459s][info][gc] GC(20) Pause Init Update Refs 0.006ms
[80.469s][info][gc] GC(20) Concurrent update references 9.332ms
[80.469s][info][gc] GC(20) Concurrent update thread roots 0.317ms
[80.469s][info][gc] GC(20) Pause Final Update Refs 0.035ms
[80.469s][info][gc] GC(20) Concurrent cleanup 2406M->86M(4160M) 0.051ms
[83.966s][info][gc] Trigger: Free (459M) is below minimum threshold (460M)
[83.968s][info][gc] GC(21) Concurrent reset 1.673ms
[83.968s][info][gc] GC(21) Pause Init Mark (unload classes) 0.023ms
[83.970s][info][gc] GC(21) Concurrent marking roots 1.600ms
[83.987s][info][gc] GC(21) Concurrent marking (unload classes) 16.990ms
[83.987s][info][gc] GC(21) Pause Final Mark (unload classes) 0.154ms
[83.988s][info][gc] GC(21) Concurrent thread roots 1.123ms
[83.989s][info][gc] GC(21) Concurrent weak references 1.173ms
[83.995s][info][gc] GC(21) Concurrent weak roots 5.489ms
[83.995s][info][gc] GC(21) Concurrent cleanup 3952M->2186M(4160M) 0.037ms
[83.997s][info][gc] GC(21) Concurrent class unloading 1.883ms
[83.997s][info][gc] GC(21) Concurrent strong roots 0.036ms
[84.005s][info][gc] GC(21) Concurrent evacuation 8.032ms
[84.005s][info][gc] GC(21) Pause Init Update Refs 0.006ms
[84.015s][info][gc] GC(21) Concurrent update references 9.755ms
[84.015s][info][gc] GC(21) Concurrent update thread roots 0.308ms
[84.015s][info][gc] GC(21) Pause Final Update Refs 0.039ms
[84.015s][info][gc] GC(21) Concurrent cleanup 2234M->106M(4160M) 0.047ms
[86.946s][info][gc] Trigger: Free (459M) is below minimum threshold (460M)
[86.949s][info][gc] GC(22) Concurrent reset 2.598ms
[86.949s][info][gc] GC(22) Pause Init Mark (unload classes) 0.031ms
[86.952s][info][gc] GC(22) Concurrent marking roots 2.187ms
[86.980s][info][gc] GC(22) Concurrent marking (unload classes) 28.247ms
[86.980s][info][gc] GC(22) Pause Final Mark (unload classes) 0.174ms
[86.983s][info][gc] GC(22) Concurrent thread roots 2.345ms
[86.983s][info][gc] GC(22) Concurrent weak references 0.013ms
[86.993s][info][gc] GC(22) Concurrent weak roots 10.044ms
[86.993s][info][gc] GC(22) Concurrent cleanup 3992M->2072M(4160M) 0.065ms
[86.996s][info][gc] GC(22) Concurrent class unloading 3.108ms
[86.996s][info][gc] GC(22) Concurrent strong roots 0.068ms
[87.007s][info][gc] GC(22) Concurrent evacuation 10.473ms
[87.007s][info][gc] GC(22) Pause Init Update Refs 0.008ms
[87.025s][info][gc] GC(22) Concurrent update references 17.955ms
[87.026s][info][gc] GC(22) Concurrent update thread roots 0.955ms
[87.026s][info][gc] GC(22) Pause Final Update Refs 0.049ms
[87.026s][info][gc] GC(22) Concurrent cleanup 2148M->172M(4160M) 0.040ms
[88.739s][info][gc] Trigger: Average GC time (103.48 ms) is above the time for average allocation rate (2243 MB/s) to deplete free headroom (231M) (margin of error = 1.82)
[88.741s][info][gc] GC(23) Concurrent reset 2.172ms
[88.742s][info][gc] GC(23) Pause Init Mark (unload classes) 0.034ms
[88.745s][info][gc] GC(23) Concurrent marking roots 2.668ms
[88.780s][info][gc] GC(23) Concurrent marking (unload classes) 35.651ms
[88.781s][info][gc] GC(23) Pause Final Mark (unload classes) 0.223ms
[88.782s][info][gc] GC(23) Concurrent thread roots 1.683ms
[88.783s][info][gc] GC(23) Concurrent weak references 0.013ms
[88.791s][info][gc] GC(23) Concurrent weak roots 8.633ms
[88.791s][info][gc] GC(23) Concurrent cleanup 3995M->3995M(4160M) 0.016ms
[88.795s][info][gc] GC(23) Concurrent class unloading 3.511ms
[88.795s][info][gc] GC(23) Concurrent strong roots 0.067ms
[88.814s][info][gc] GC(23) Concurrent evacuation 19.309ms
[88.815s][info][gc] GC(23) Pause Init Update Refs 0.007ms
[88.842s][info][gc] GC(23) Concurrent update references 27.167ms
[88.842s][info][gc] GC(23) Concurrent update thread roots 0.518ms
[88.843s][info][gc] GC(23) Pause Final Update Refs 0.045ms
[88.843s][info][gc] GC(23) Concurrent cleanup 4130M->252M(4170M) 0.076ms
[90.485s][info][gc] Trigger: Average GC time (125.85 ms) is above the time for average allocation rate (2236 MB/s) to deplete free headroom (281M) (margin of error = 1.83)
[90.489s][info][gc] GC(24) Concurrent reset 4.236ms
[90.489s][info][gc] GC(24) Pause Init Mark (unload classes) 0.026ms
[90.492s][info][gc] GC(24) Concurrent marking roots 2.436ms
[90.540s][info][gc] GC(24) Concurrent marking (unload classes) 47.925ms
[90.540s][info][gc] GC(24) Pause Final Mark (unload classes) 0.210ms
[90.542s][info][gc] GC(24) Concurrent thread roots 1.837ms
[90.542s][info][gc] GC(24) Concurrent weak references 0.013ms
[90.551s][info][gc] GC(24) Concurrent weak roots 9.046ms
[90.551s][info][gc] GC(24) Concurrent cleanup 3983M->3981M(4170M) 0.014ms
[90.556s][info][gc] GC(24) Concurrent class unloading 4.617ms
[90.556s][info][gc] GC(24) Concurrent strong roots 0.069ms
[90.577s][info][gc] GC(24) Concurrent evacuation 21.028ms
[90.577s][info][gc] GC(24) Pause Init Update Refs 0.011ms
[90.613s][info][gc] GC(24) Concurrent update references 36.027ms
[90.614s][info][gc] GC(24) Concurrent update thread roots 0.566ms
[90.614s][info][gc] GC(24) Pause Final Update Refs 0.039ms
[90.614s][info][gc] GC(24) Concurrent cleanup 4125M->327M(4170M) 0.119ms
[92.782s][info][gc] Trigger: Average GC time (156.94 ms) is above the time for average allocation rate (1660 MB/s) to deplete free headroom (259M) (margin of error = 1.85)
[92.785s][info][gc] GC(25) Concurrent reset 3.125ms
[92.785s][info][gc] GC(25) Pause Init Mark (unload classes) 0.034ms
[92.787s][info][gc] GC(25) Concurrent marking roots 1.370ms
[92.800s][info][gc] GC(25) Concurrent marking (unload classes) 13.556ms
[92.801s][info][gc] GC(25) Pause Final Mark (unload classes) 0.123ms
[92.803s][info][gc] GC(25) Concurrent thread roots 1.728ms
[92.803s][info][gc] GC(25) Concurrent weak references 0.016ms
[92.819s][info][gc] GC(25) Concurrent weak roots 16.456ms
[92.819s][info][gc] GC(25) Concurrent cleanup 3936M->1491M(4170M) 0.050ms
[92.827s][info][gc] GC(25) Concurrent class unloading 7.518ms
[92.827s][info][gc] GC(25) Concurrent strong roots 0.051ms
[92.834s][info][gc] GC(25) Concurrent evacuation 7.498ms
[92.835s][info][gc] GC(25) Pause Init Update Refs 0.007ms
[92.842s][info][gc] GC(25) Concurrent update references 7.632ms
[92.843s][info][gc] GC(25) Concurrent update thread roots 0.300ms
[92.843s][info][gc] GC(25) Pause Final Update Refs 0.037ms
[92.843s][info][gc] GC(25) Concurrent cleanup 1521M->101M(4170M) 0.033ms
[95.561s][info][gc] Trigger: Free (458M) is below minimum threshold (460M)
[95.562s][info][gc] GC(26) Concurrent reset 1.196ms
[95.562s][info][gc] GC(26) Pause Init Mark (unload classes) 0.027ms
[95.564s][info][gc] GC(26) Concurrent marking roots 2.099ms
[95.577s][info][gc] GC(26) Concurrent marking (unload classes) 12.078ms
[95.577s][info][gc] GC(26) Pause Final Mark (unload classes) 0.131ms
[95.580s][info][gc] GC(26) Concurrent thread roots 2.537ms
[95.580s][info][gc] GC(26) Concurrent weak references 0.016ms
[95.597s][info][gc] GC(26) Concurrent weak roots 16.911ms
[95.597s][info][gc] GC(26) Concurrent cleanup 3961M->1209M(4170M) 0.059ms
[95.600s][info][gc] GC(26) Concurrent class unloading 3.209ms
[95.600s][info][gc] GC(26) Concurrent strong roots 0.039ms
[95.606s][info][gc] GC(26) Concurrent evacuation 6.010ms
[95.606s][info][gc] GC(26) Pause Init Update Refs 0.008ms
[95.616s][info][gc] GC(26) Concurrent update references 9.366ms
[95.616s][info][gc] GC(26) Concurrent update thread roots 0.309ms
[95.616s][info][gc] GC(26) Pause Final Update Refs 0.042ms
[95.616s][info][gc] GC(26) Concurrent cleanup 1231M->93M(4170M) 0.025ms
[98.385s][info][gc] Trigger: Free (458M) is below minimum threshold (460M)
[98.387s][info][gc] GC(27) Concurrent reset 0.924ms
[98.387s][info][gc] GC(27) Pause Init Mark (unload classes) 0.028ms
[98.388s][info][gc] GC(27) Concurrent marking roots 1.536ms
[98.399s][info][gc] GC(27) Concurrent marking (unload classes) 10.788ms
[98.399s][info][gc] GC(27) Pause Final Mark (unload classes) 0.135ms
[98.401s][info][gc] GC(27) Concurrent thread roots 1.745ms
[98.401s][info][gc] GC(27) Concurrent weak references 0.017ms
[98.409s][info][gc] GC(27) Concurrent weak roots 7.606ms
[98.409s][info][gc] GC(27) Concurrent cleanup 3953M->1023M(4170M) 0.060ms
[98.412s][info][gc] GC(27) Concurrent class unloading 3.062ms
[98.412s][info][gc] GC(27) Concurrent strong roots 0.036ms
[98.416s][info][gc] GC(27) Concurrent evacuation 4.232ms
[98.417s][info][gc] GC(27) Pause Init Update Refs 0.009ms
[98.423s][info][gc] GC(27) Concurrent update references 6.056ms
[98.423s][info][gc] GC(27) Concurrent update thread roots 0.311ms
[98.423s][info][gc] GC(27) Pause Final Update Refs 0.034ms
[98.423s][info][gc] GC(27) Concurrent cleanup 1051M->91M(4170M) 0.025ms
[101.052s][info][gc] Trigger: Free (454M) is below minimum threshold (460M)
[101.053s][info][gc] GC(28) Concurrent reset 1.112ms
[101.053s][info][gc] GC(28) Pause Init Mark (unload classes) 0.037ms
[101.056s][info][gc] GC(28) Concurrent marking roots 2.740ms
[101.068s][info][gc] GC(28) Concurrent marking (unload classes) 12.376ms
[101.069s][info][gc] GC(28) Pause Final Mark (unload classes) 0.110ms
[101.073s][info][gc] GC(28) Concurrent thread roots 1.996ms
[101.073s][info][gc] GC(28) Concurrent weak references 0.023ms
[101.087s][info][gc] GC(28) Concurrent weak roots 13.878ms
[101.087s][info][gc] GC(28) Concurrent cleanup 3977M->895M(4170M) 0.061ms
[101.091s][info][gc] GC(28) Concurrent class unloading 3.189ms
[101.091s][info][gc] GC(28) Concurrent strong roots 0.040ms
[101.096s][info][gc] GC(28) Concurrent evacuation 5.602ms
[101.097s][info][gc] GC(28) Pause Init Update Refs 0.008ms
[101.106s][info][gc] GC(28) Concurrent update references 9.119ms
[101.106s][info][gc] GC(28) Concurrent update thread roots 0.522ms
[101.107s][info][gc] GC(28) Pause Final Update Refs 0.041ms
[101.107s][info][gc] GC(28) Concurrent cleanup 943M->131M(4170M) 0.036ms
[102.826s][info][gc] Trigger: Free (458M) is below minimum threshold (460M)
[102.827s][info][gc] GC(29) Concurrent reset 0.968ms
[102.827s][info][gc] GC(29) Pause Init Mark (unload classes) 0.028ms
[102.829s][info][gc] GC(29) Concurrent marking roots 2.103ms
[102.866s][info][gc] GC(29) Concurrent marking (unload classes) 37.262ms
[102.867s][info][gc] GC(29) Pause Final Mark (unload classes) 0.217ms
[102.868s][info][gc] GC(29) Concurrent thread roots 1.413ms
[102.868s][info][gc] GC(29) Concurrent weak references 0.017ms
[102.873s][info][gc] GC(29) Concurrent weak roots 4.642ms
[102.873s][info][gc] GC(29) Concurrent cleanup 4002M->4002M(4170M) 0.014ms
[102.876s][info][gc] GC(29) Concurrent class unloading 3.319ms
[102.876s][info][gc] GC(29) Concurrent strong roots 0.073ms
[102.895s][info][gc] GC(29) Concurrent evacuation 18.843ms
[102.896s][info][gc] GC(29) Pause Init Update Refs 0.007ms
[102.922s][info][gc] GC(29) Concurrent update references 26.578ms
[102.923s][info][gc] GC(29) Concurrent update thread roots 0.545ms
[102.923s][info][gc] GC(29) Pause Final Update Refs 0.037ms
[102.923s][info][gc] GC(29) Concurrent cleanup 4127M->245M(4172M) 0.076ms
[104.573s][info][gc] Trigger: Average GC time (121.70 ms) is above the time for average allocation rate (2209 MB/s) to deplete free headroom (265M) (margin of error = 1.84)
[104.578s][info][gc] GC(30) Concurrent reset 4.184ms
[104.578s][info][gc] GC(30) Pause Init Mark (unload classes) 0.034ms
[104.580s][info][gc] GC(30) Concurrent marking roots 1.817ms
[104.622s][info][gc] GC(30) Concurrent marking (unload classes) 42.130ms
[104.623s][info][gc] GC(30) Pause Final Mark (unload classes) 0.227ms
[104.624s][info][gc] GC(30) Concurrent thread roots 1.409ms
[104.624s][info][gc] GC(30) Concurrent weak references 0.013ms
[104.629s][info][gc] GC(30) Concurrent weak roots 4.519ms
[104.629s][info][gc] GC(30) Concurrent cleanup 3974M->3974M(4172M) 0.014ms
[104.632s][info][gc] GC(30) Concurrent class unloading 3.283ms
[104.632s][info][gc] GC(30) Concurrent strong roots 0.035ms
[104.649s][info][gc] GC(30) Concurrent evacuation 16.704ms
[104.649s][info][gc] GC(30) Pause Init Update Refs 0.007ms
[104.679s][info][gc] GC(30) Concurrent update references 29.579ms
[104.679s][info][gc] GC(30) Concurrent update thread roots 0.524ms
[104.679s][info][gc] GC(30) Pause Final Update Refs 0.037ms
[104.680s][info][gc] GC(30) Concurrent cleanup 4098M->278M(4172M) 0.112ms
[106.667s][info][gc] Trigger: Free (457M) is below minimum threshold (460M)
[106.671s][info][gc] GC(31) Concurrent reset 4.202ms
[106.672s][info][gc] GC(31) Pause Init Mark (unload classes) 0.032ms
[106.674s][info][gc] GC(31) Concurrent marking roots 2.234ms
[106.681s][info][gc] GC(31) Concurrent marking (unload classes) 7.376ms
[106.682s][info][gc] GC(31) Pause Final Mark (unload classes) 0.092ms
[106.682s][info][gc] GC(31) Concurrent weak references 0.033ms
[106.692s][info][gc] GC(31) Concurrent weak roots 10.477ms
[106.692s][info][gc] GC(31) Concurrent cleanup 3953M->341M(4172M) 0.072ms
[106.696s][info][gc] GC(31) Concurrent class unloading 3.590ms
[106.696s][info][gc] GC(31) Pause Final Roots 0.003ms
[108.495s][info][gc] Trigger: Average GC time (125.00 ms) is above the time for average allocation rate (1984 MB/s) to deplete free headroom (246M) (margin of error = 1.85)
[108.496s][info][gc] GC(32) Concurrent reset 0.477ms
[108.496s][info][gc] GC(32) Pause Init Mark (unload classes) 0.027ms
[108.498s][info][gc] GC(32) Concurrent marking roots 1.616ms
[108.530s][info][gc] GC(32) Concurrent marking (unload classes) 32.397ms
[108.531s][info][gc] GC(32) Pause Final Mark (unload classes) 0.222ms
[108.534s][info][gc] GC(32) Concurrent thread roots 2.750ms
[108.534s][info][gc] GC(32) Concurrent weak references 0.013ms
[108.542s][info][gc] GC(32) Concurrent weak roots 7.824ms
[108.542s][info][gc] GC(32) Concurrent cleanup 3970M->3970M(4172M) 0.015ms
[108.544s][info][gc] GC(32) Concurrent class unloading 2.224ms
[108.544s][info][gc] GC(32) Concurrent strong roots 0.039ms
[108.561s][info][gc] GC(32) Concurrent evacuation 16.560ms
[108.561s][info][gc] GC(32) Pause Init Update Refs 0.007ms
[108.582s][info][gc] GC(32) Concurrent update references 21.356ms
[108.583s][info][gc] GC(32) Concurrent update thread roots 0.301ms
[108.583s][info][gc] GC(32) Pause Final Update Refs 0.038ms
[108.583s][info][gc] GC(32) Concurrent cleanup 4053M->181M(4172M) 0.076ms
[110.732s][info][gc] Trigger: Average GC time (126.02 ms) is above the time for average allocation rate (2001 MB/s) to deplete free headroom (250M) (margin of error = 1.85)
[110.736s][info][gc] GC(33) Concurrent reset 4.057ms
[110.736s][info][gc] GC(33) Pause Init Mark (unload classes) 0.037ms
[110.738s][info][gc] GC(33) Concurrent marking roots 1.714ms
[110.767s][info][gc] GC(33) Concurrent marking (unload classes) 29.316ms
[110.768s][info][gc] GC(33) Pause Final Mark (unload classes) 0.214ms
[110.770s][info][gc] GC(33) Concurrent thread roots 2.148ms
[110.770s][info][gc] GC(33) Concurrent weak references 0.014ms
[110.779s][info][gc] GC(33) Concurrent weak roots 8.452ms
[110.779s][info][gc] GC(33) Concurrent cleanup 3985M->3693M(4172M) 0.013ms
[110.785s][info][gc] GC(33) Concurrent class unloading 6.117ms
[110.785s][info][gc] GC(33) Concurrent strong roots 0.038ms
[110.799s][info][gc] GC(33) Concurrent evacuation 14.418ms
[110.800s][info][gc] GC(33) Pause Init Update Refs 0.007ms
[110.818s][info][gc] GC(33) Concurrent update references 18.557ms
[110.818s][info][gc] GC(33) Concurrent update thread roots 0.304ms
[110.819s][info][gc] GC(33) Pause Final Update Refs 0.039ms
[110.819s][info][gc] GC(33) Concurrent cleanup 3763M->177M(4172M) 0.071ms
[112.986s][info][gc] Trigger: Free (458M) is below minimum threshold (460M)
[112.990s][info][gc] GC(34) Concurrent reset 3.929ms
[112.991s][info][gc] GC(34) Pause Init Mark (unload classes) 0.035ms
[112.993s][info][gc] GC(34) Concurrent marking roots 2.262ms
[113.022s][info][gc] GC(34) Concurrent marking (unload classes) 29.349ms
[113.023s][info][gc] GC(34) Pause Final Mark (unload classes) 0.224ms
[113.025s][info][gc] GC(34) Concurrent thread roots 2.351ms
[113.026s][info][gc] GC(34) Concurrent weak references 0.013ms
[113.043s][info][gc] GC(34) Concurrent weak roots 17.373ms
[113.043s][info][gc] GC(34) Concurrent cleanup 4001M->3479M(4172M) 0.017ms
[113.048s][info][gc] GC(34) Concurrent class unloading 5.172ms
[113.048s][info][gc] GC(34) Concurrent strong roots 0.041ms
[113.063s][info][gc] GC(34) Concurrent evacuation 14.347ms
[113.063s][info][gc] GC(34) Pause Init Update Refs 0.008ms
[113.082s][info][gc] GC(34) Concurrent update references 19.387ms
[113.083s][info][gc] GC(34) Concurrent update thread roots 0.304ms
[113.083s][info][gc] GC(34) Pause Final Update Refs 0.036ms
[113.083s][info][gc] GC(34) Concurrent cleanup 3555M->191M(4172M) 0.067ms
[115.074s][info][gc] Trigger: Average GC time (119.78 ms) is above the time for average allocation rate (2237 MB/s) to deplete free headroom (266M) (margin of error = 1.85)
[115.078s][info][gc] GC(35) Concurrent reset 3.780ms
[115.079s][info][gc] GC(35) Pause Init Mark (unload classes) 0.032ms
[115.082s][info][gc] GC(35) Concurrent marking roots 3.403ms
[115.115s][info][gc] GC(35) Concurrent marking (unload classes) 33.416ms
[115.116s][info][gc] GC(35) Pause Final Mark (unload classes) 0.189ms
[115.120s][info][gc] GC(35) Concurrent thread roots 3.911ms
[115.120s][info][gc] GC(35) Concurrent weak references 0.026ms
[115.127s][info][gc] GC(35) Concurrent weak roots 7.155ms
[115.127s][info][gc] GC(35) Concurrent cleanup 3979M->3283M(4172M) 0.020ms
[115.131s][info][gc] GC(35) Concurrent class unloading 3.647ms
[115.131s][info][gc] GC(35) Concurrent strong roots 0.087ms
[115.147s][info][gc] GC(35) Concurrent evacuation 16.263ms
[115.148s][info][gc] GC(35) Pause Init Update Refs 0.006ms
[115.174s][info][gc] GC(35) Concurrent update references 26.694ms
[115.175s][info][gc] GC(35) Concurrent update thread roots 0.536ms
[115.175s][info][gc] GC(35) Pause Final Update Refs 0.045ms
[115.175s][info][gc] GC(35) Concurrent cleanup 3407M->245M(4172M) 0.064ms
[116.842s][info][gc] Trigger: Average GC time (119.69 ms) is above the time for average allocation rate (2236 MB/s) to deplete free headroom (264M) (margin of error = 1.86)
[116.846s][info][gc] GC(36) Concurrent reset 3.671ms
[116.846s][info][gc] GC(36) Pause Init Mark (unload classes) 0.031ms
[116.848s][info][gc] GC(36) Concurrent marking roots 1.979ms
[116.889s][info][gc] GC(36) Concurrent marking (unload classes) 40.209ms
[116.889s][info][gc] GC(36) Pause Final Mark (unload classes) 0.225ms
[116.893s][info][gc] GC(36) Concurrent thread roots 3.917ms
[116.893s][info][gc] GC(36) Concurrent weak references 0.026ms
[116.898s][info][gc] GC(36) Concurrent weak roots 5.435ms
[116.899s][info][gc] GC(36) Concurrent cleanup 3972M->3970M(4172M) 0.015ms
[116.906s][info][gc] GC(36) Concurrent class unloading 7.592ms
[116.906s][info][gc] GC(36) Concurrent strong roots 0.039ms
[116.923s][info][gc] GC(36) Concurrent evacuation 16.944ms
[116.923s][info][gc] GC(36) Pause Init Update Refs 0.007ms
[116.953s][info][gc] GC(36) Concurrent update references 29.044ms
[116.953s][info][gc] GC(36) Concurrent update thread roots 0.507ms
[116.953s][info][gc] GC(36) Pause Final Update Refs 0.049ms
[116.953s][info][gc] GC(36) Concurrent cleanup 4103M->271M(4172M) 0.076ms
[118.612s][info][gc] Trigger: Average GC time (126.57 ms) is above the time for average allocation rate (2186 MB/s) to deplete free headroom (276M) (margin of error = 1.86)
[118.616s][info][gc] GC(37) Concurrent reset 3.185ms
[118.616s][info][gc] GC(37) Pause Init Mark (unload classes) 0.034ms
[118.618s][info][gc] GC(37) Concurrent marking roots 1.912ms
[118.667s][info][gc] GC(37) Concurrent marking (unload classes) 48.929ms
[118.668s][info][gc] GC(37) Pause Final Mark (unload classes) 0.231ms
[118.670s][info][gc] GC(37) Concurrent thread roots 2.618ms
[118.670s][info][gc] GC(37) Concurrent weak references 0.022ms
[118.676s][info][gc] GC(37) Concurrent weak roots 5.406ms
[118.676s][info][gc] GC(37) Concurrent cleanup 3970M->3970M(4172M) 0.014ms
[118.678s][info][gc] GC(37) Concurrent class unloading 2.422ms
[118.678s][info][gc] GC(37) Concurrent strong roots 0.033ms
[118.696s][info][gc] GC(37) Concurrent evacuation 17.821ms
[118.696s][info][gc] GC(37) Pause Init Update Refs 0.007ms
[118.733s][info][gc] GC(37) Concurrent update references 36.889ms
[118.734s][info][gc] GC(37) Concurrent update thread roots 0.510ms
[118.734s][info][gc] GC(37) Pause Final Update Refs 0.041ms
[118.734s][info][gc] GC(37) Concurrent cleanup 4110M->326M(4180M) 0.075ms
[120.650s][info][gc] Trigger: Average GC time (136.58 ms) is above the time for average allocation rate (2225 MB/s) to deplete free headroom (302M) (margin of error = 1.88)
[120.654s][info][gc] GC(38) Concurrent reset 4.186ms
[120.655s][info][gc] GC(38) Pause Init Mark (unload classes) 0.031ms
[120.656s][info][gc] GC(38) Concurrent marking roots 1.462ms
[120.680s][info][gc] GC(38) Concurrent marking (unload classes) 23.516ms
[120.680s][info][gc] GC(38) Pause Final Mark (unload classes) 0.169ms
[120.683s][info][gc] GC(38) Concurrent thread roots 2.399ms
[120.683s][info][gc] GC(38) Concurrent weak references 0.017ms
[120.700s][info][gc] GC(38) Concurrent weak roots 17.170ms
[120.700s][info][gc] GC(38) Concurrent cleanup 3936M->2623M(4180M) 0.030ms
[120.705s][info][gc] GC(38) Concurrent class unloading 4.547ms
[120.705s][info][gc] GC(38) Concurrent strong roots 0.080ms
[120.720s][info][gc] GC(38) Concurrent evacuation 14.705ms
[120.720s][info][gc] GC(38) Pause Init Update Refs 0.013ms
[120.738s][info][gc] GC(38) Concurrent update references 18.457ms
[120.739s][info][gc] GC(38) Concurrent update thread roots 0.308ms
[120.739s][info][gc] GC(38) Pause Final Update Refs 0.046ms
[120.739s][info][gc] GC(38) Concurrent cleanup 2719M->213M(4180M) 0.051ms
[122.738s][info][gc] Trigger: Average GC time (128.40 ms) is above the time for average allocation rate (2219 MB/s) to deplete free headroom (284M) (margin of error = 1.87)
[122.741s][info][gc] GC(39) Concurrent reset 2.779ms
[122.741s][info][gc] GC(39) Pause Init Mark (unload classes) 0.035ms
[122.744s][info][gc] GC(39) Concurrent marking roots 2.961ms
[122.771s][info][gc] GC(39) Concurrent marking (unload classes) 26.727ms
[122.772s][info][gc] GC(39) Pause Final Mark (unload classes) 0.165ms
[122.774s][info][gc] GC(39) Concurrent thread roots 2.157ms
[122.774s][info][gc] GC(39) Concurrent weak references 0.014ms
[122.783s][info][gc] GC(39) Concurrent weak roots 8.430ms
[122.783s][info][gc] GC(39) Concurrent cleanup 3937M->2233M(4180M) 0.058ms
[122.786s][info][gc] GC(39) Concurrent class unloading 2.943ms
[122.786s][info][gc] GC(39) Concurrent strong roots 0.065ms
[122.799s][info][gc] GC(39) Concurrent evacuation 12.786ms
[122.799s][info][gc] GC(39) Pause Init Update Refs 0.007ms
[122.818s][info][gc] GC(39) Concurrent update references 19.264ms
[122.818s][info][gc] GC(39) Concurrent update thread roots 0.295ms
[122.819s][info][gc] GC(39) Pause Final Update Refs 0.040ms
[122.819s][info][gc] GC(39) Concurrent cleanup 2315M->189M(4180M) 0.045ms
[124.842s][info][gc] Trigger: Average GC time (117.59 ms) is above the time for average allocation rate (2184 MB/s) to deplete free headroom (256M) (margin of error = 1.86)
[124.844s][info][gc] GC(40) Concurrent reset 2.383ms
[124.844s][info][gc] GC(40) Pause Init Mark (unload classes) 0.036ms
[124.847s][info][gc] GC(40) Concurrent marking roots 2.021ms
[124.866s][info][gc] GC(40) Concurrent marking (unload classes) 19.186ms
[124.866s][info][gc] GC(40) Pause Final Mark (unload classes) 0.158ms
[124.869s][info][gc] GC(40) Concurrent thread roots 2.339ms
[124.869s][info][gc] GC(40) Concurrent weak references 0.017ms
[124.892s][info][gc] GC(40) Concurrent weak roots 23.602ms
[124.892s][info][gc] GC(40) Concurrent cleanup 3976M->2014M(4180M) 0.066ms
[124.900s][info][gc] GC(40) Concurrent class unloading 7.786ms
[124.900s][info][gc] GC(40) Concurrent strong roots 0.066ms
[124.911s][info][gc] GC(40) Concurrent evacuation 10.874ms
[124.912s][info][gc] GC(40) Pause Init Update Refs 0.011ms
[124.926s][info][gc] GC(40) Concurrent update references 14.560ms
[124.927s][info][gc] GC(40) Concurrent update thread roots 0.302ms
[124.927s][info][gc] GC(40) Pause Final Update Refs 0.038ms
[124.927s][info][gc] GC(40) Concurrent cleanup 2089M->193M(4180M) 0.041ms
[127.013s][info][gc] Trigger: Free (458M) is below minimum threshold (460M)
[127.015s][info][gc] GC(41) Concurrent reset 2.191ms
[127.016s][info][gc] GC(41) Pause Init Mark (unload classes) 0.035ms
[127.018s][info][gc] GC(41) Concurrent marking roots 2.329ms
[127.039s][info][gc] GC(41) Concurrent marking (unload classes) 20.752ms
[127.039s][info][gc] GC(41) Pause Final Mark (unload classes) 0.134ms
[127.043s][info][gc] GC(41) Concurrent thread roots 3.137ms
[127.043s][info][gc] GC(41) Concurrent weak references 0.012ms
[127.059s][info][gc] GC(41) Concurrent weak roots 16.451ms
[127.059s][info][gc] GC(41) Concurrent cleanup 3997M->1841M(4180M) 0.045ms
[127.065s][info][gc] GC(41) Concurrent class unloading 6.195ms
[127.065s][info][gc] GC(41) Concurrent strong roots 0.068ms
[127.077s][info][gc] GC(41) Concurrent evacuation 11.423ms
[127.077s][info][gc] GC(41) Pause Init Update Refs 0.010ms
[127.091s][info][gc] GC(41) Concurrent update references 14.019ms
[127.092s][info][gc] GC(41) Concurrent update thread roots 0.482ms
[127.092s][info][gc] GC(41) Pause Final Update Refs 0.042ms
[127.092s][info][gc] GC(41) Concurrent cleanup 1915M->181M(4180M) 0.040ms
[128.805s][info][gc] Trigger: Free (458M) is below minimum threshold (460M)
[128.808s][info][gc] GC(42) Concurrent reset 2.026ms
[128.808s][info][gc] GC(42) Pause Init Mark (unload classes) 0.037ms
[128.810s][info][gc] GC(42) Concurrent marking roots 1.940ms
[128.849s][info][gc] GC(42) Concurrent marking (unload classes) 38.762ms
[128.849s][info][gc] GC(42) Pause Final Mark (unload classes) 0.226ms
[128.852s][info][gc] GC(42) Concurrent thread roots 3.043ms
[128.853s][info][gc] GC(42) Concurrent weak references 0.014ms
[128.860s][info][gc] GC(42) Concurrent weak roots 7.474ms
[128.860s][info][gc] GC(42) Concurrent cleanup 4019M->4015M(4180M) 0.016ms
[128.869s][info][gc] GC(42) Concurrent class unloading 8.395ms
[128.869s][info][gc] GC(42) Concurrent strong roots 0.066ms
[128.888s][info][gc] GC(42) Concurrent evacuation 18.653ms
[128.888s][info][gc] GC(42) Pause Init Update Refs 0.006ms
[128.921s][info][gc] GC(42) Concurrent update references 32.813ms
[128.921s][info][gc] GC(42) Concurrent update thread roots 0.500ms
[128.921s][info][gc] GC(42) Pause Final Update Refs 0.040ms
[128.921s][info][gc] GC(42) Concurrent cleanup 4149M->281M(4192M) 0.074ms
[130.547s][info][gc] Trigger: Average GC time (131.88 ms) is above the time for average allocation rate (2168 MB/s) to deplete free headroom (284M) (margin of error = 1.85)
[130.551s][info][gc] GC(43) Concurrent reset 4.434ms
[130.552s][info][gc] GC(43) Pause Init Mark (unload classes) 0.046ms
[130.554s][info][gc] GC(43) Concurrent marking roots 1.993ms
[130.602s][info][gc] GC(43) Concurrent marking (unload classes) 47.934ms
[130.602s][info][gc] GC(43) Pause Final Mark (unload classes) 0.234ms
[130.604s][info][gc] GC(43) Concurrent thread roots 2.138ms
[130.604s][info][gc] GC(43) Concurrent weak references 0.013ms
[130.609s][info][gc] GC(43) Concurrent weak roots 4.172ms
[130.609s][info][gc] GC(43) Concurrent cleanup 3971M->3969M(4192M) 0.015ms
[130.611s][info][gc] GC(43) Concurrent class unloading 2.413ms
[130.611s][info][gc] GC(43) Concurrent strong roots 0.037ms
[130.626s][info][gc] GC(43) Concurrent evacuation 14.586ms
[130.626s][info][gc] GC(43) Pause Init Update Refs 0.006ms
[130.661s][info][gc] GC(43) Concurrent update references 34.811ms
[130.661s][info][gc] GC(43) Concurrent update thread roots 0.556ms
[130.662s][info][gc] GC(43) Pause Final Update Refs 0.048ms
[130.662s][info][gc] GC(43) Concurrent cleanup 4092M->310M(4192M) 0.073ms
[132.523s][info][gc] Trigger: Average GC time (134.25 ms) is above the time for average allocation rate (2300 MB/s) to deplete free headroom (300M) (margin of error = 1.87)
[132.527s][info][gc] GC(44) Concurrent reset 4.182ms
[132.527s][info][gc] GC(44) Pause Init Mark (unload classes) 0.035ms
[132.530s][info][gc] GC(44) Concurrent marking roots 2.467ms
[132.550s][info][gc] GC(44) Concurrent marking (unload classes) 20.239ms
[132.550s][info][gc] GC(44) Pause Final Mark (unload classes) 0.126ms
[132.552s][info][gc] GC(44) Concurrent thread roots 1.841ms
[132.552s][info][gc] GC(44) Concurrent weak references 0.013ms
[132.568s][info][gc] GC(44) Concurrent weak roots 15.972ms
[132.569s][info][gc] GC(44) Concurrent cleanup 3947M->1203M(4192M) 0.099ms
[132.573s][info][gc] GC(44) Concurrent class unloading 4.724ms
[132.573s][info][gc] GC(44) Concurrent strong roots 0.082ms
[132.580s][info][gc] GC(44) Concurrent evacuation 6.800ms
[132.581s][info][gc] GC(44) Pause Init Update Refs 0.009ms
[132.594s][info][gc] GC(44) Concurrent update references 13.687ms
[132.595s][info][gc] GC(44) Concurrent update thread roots 0.335ms
[132.595s][info][gc] GC(44) Pause Final Update Refs 0.043ms
[132.595s][info][gc] GC(44) Concurrent cleanup 1273M->197M(4192M) 0.024ms
[134.517s][info][gc] Trigger: Average GC time (127.38 ms) is above the time for average allocation rate (2022 MB/s) to deplete free headroom (255M) (margin of error = 1.86)
[134.519s][info][gc] GC(45) Concurrent reset 1.267ms
[134.519s][info][gc] GC(45) Pause Init Mark (unload classes) 0.035ms
[134.521s][info][gc] GC(45) Concurrent marking roots 2.165ms
[134.535s][info][gc] GC(45) Concurrent marking (unload classes) 13.957ms
[134.536s][info][gc] GC(45) Pause Final Mark (unload classes) 0.121ms
[134.538s][info][gc] GC(45) Concurrent thread roots 1.951ms
[134.538s][info][gc] GC(45) Concurrent weak references 0.013ms
[134.550s][info][gc] GC(45) Concurrent weak roots 11.950ms
[134.550s][info][gc] GC(45) Concurrent cleanup 3962M->900M(4192M) 0.098ms
[134.561s][info][gc] GC(45) Concurrent class unloading 10.358ms
[134.561s][info][gc] GC(45) Concurrent strong roots 0.066ms
[134.565s][info][gc] GC(45) Concurrent evacuation 4.537ms
[134.566s][info][gc] GC(45) Pause Init Update Refs 0.006ms
[134.577s][info][gc] GC(45) Concurrent update references 11.604ms
[134.578s][info][gc] GC(45) Concurrent update thread roots 0.364ms
[134.578s][info][gc] GC(45) Pause Final Update Refs 0.038ms
[134.578s][info][gc] GC(45) Concurrent cleanup 959M->169M(4192M) 0.033ms
[136.532s][info][gc] Trigger: Free (460M) is below minimum threshold (460M)
[136.533s][info][gc] GC(46) Concurrent reset 0.984ms
[136.533s][info][gc] GC(46) Pause Init Mark (unload classes) 0.037ms
[136.536s][info][gc] GC(46) Concurrent marking roots 3.028ms
[136.554s][info][gc] GC(46) Concurrent marking (unload classes) 17.897ms
[136.555s][info][gc] GC(46) Pause Final Mark (unload classes) 0.102ms
[136.558s][info][gc] GC(46) Concurrent thread roots 3.413ms
[136.558s][info][gc] GC(46) Concurrent weak references 0.012ms
[136.579s][info][gc] GC(46) Concurrent weak roots 20.509ms
[136.579s][info][gc] GC(46) Concurrent cleanup 3983M->691M(4192M) 0.065ms
[136.584s][info][gc] GC(46) Concurrent class unloading 5.212ms
[136.584s][info][gc] GC(46) Concurrent strong roots 0.072ms
[136.590s][info][gc] GC(46) Concurrent evacuation 5.543ms
[136.590s][info][gc] GC(46) Pause Init Update Refs 0.008ms
[136.602s][info][gc] GC(46) Concurrent update references 11.870ms
[136.603s][info][gc] GC(46) Concurrent update thread roots 0.370ms
[136.603s][info][gc] GC(46) Pause Final Update Refs 0.038ms
[136.603s][info][gc] GC(46) Concurrent cleanup 737M->151M(4192M) 0.016ms
[138.627s][info][gc] Trigger: Free (458M) is below minimum threshold (460M)
[138.628s][info][gc] GC(47) Concurrent reset 0.779ms
[138.629s][info][gc] GC(47) Pause Init Mark (unload classes) 0.030ms
[138.631s][info][gc] GC(47) Concurrent marking roots 2.583ms
[138.639s][info][gc] GC(47) Concurrent marking (unload classes) 7.707ms
[138.639s][info][gc] GC(47) Pause Final Mark (unload classes) 0.118ms
[138.641s][info][gc] GC(47) Concurrent thread roots 1.945ms
[138.641s][info][gc] GC(47) Concurrent weak references 0.032ms
[138.654s][info][gc] GC(47) Concurrent weak roots 12.348ms
[138.654s][info][gc] GC(47) Concurrent cleanup 3962M->454M(4192M) 0.109ms
[138.658s][info][gc] GC(47) Concurrent class unloading 4.469ms
[138.659s][info][gc] GC(47) Concurrent strong roots 0.086ms
[138.664s][info][gc] GC(47) Concurrent evacuation 4.968ms
[138.664s][info][gc] GC(47) Pause Init Update Refs 0.008ms
[138.670s][info][gc] GC(47) Concurrent update references 6.225ms
[138.671s][info][gc] GC(47) Concurrent update thread roots 0.558ms
[138.671s][info][gc] GC(47) Pause Final Update Refs 0.038ms
[138.671s][info][gc] GC(47) Concurrent cleanup 501M->111M(4192M) 0.013ms
[140.467s][info][gc] Trigger: Free (458M) is below minimum threshold (460M)
[140.468s][info][gc] GC(48) Concurrent reset 0.385ms
[140.468s][info][gc] GC(48) Pause Init Mark (unload classes) 0.035ms
[140.471s][info][gc] GC(48) Concurrent marking roots 2.365ms
[140.504s][info][gc] GC(48) Concurrent marking (unload classes) 33.568ms
[140.505s][info][gc] GC(48) Pause Final Mark (unload classes) 0.219ms
[140.506s][info][gc] GC(48) Concurrent thread roots 1.539ms
[140.506s][info][gc] GC(48) Concurrent weak references 0.012ms
[140.511s][info][gc] GC(48) Concurrent weak roots 4.830ms
[140.511s][info][gc] GC(48) Concurrent cleanup 4004M->4004M(4192M) 0.013ms
[140.517s][info][gc] GC(48) Concurrent class unloading 5.635ms
[140.517s][info][gc] GC(48) Concurrent strong roots 0.042ms
[140.534s][info][gc] GC(48) Concurrent evacuation 16.716ms
[140.534s][info][gc] GC(48) Pause Init Update Refs 0.007ms
[140.560s][info][gc] GC(48) Concurrent update references 25.747ms
[140.560s][info][gc] GC(48) Concurrent update thread roots 0.546ms
[140.561s][info][gc] GC(48) Pause Final Update Refs 0.044ms
[140.561s][info][gc] GC(48) Concurrent cleanup 4118M->224M(4192M) 0.206ms
[142.285s][info][gc] Trigger: Average GC time (116.19 ms) is above the time for average allocation rate (2161 MB/s) to deplete free headroom (250M) (margin of error = 1.85)
[142.291s][info][gc] GC(49) Concurrent reset 5.305ms
[142.291s][info][gc] GC(49) Pause Init Mark (unload classes) 0.034ms
[142.293s][info][gc] GC(49) Concurrent marking roots 1.560ms
[142.342s][info][gc] GC(49) Concurrent marking (unload classes) 48.890ms
[142.342s][info][gc] GC(49) Pause Final Mark (unload classes) 0.220ms
[142.345s][info][gc] GC(49) Concurrent thread roots 2.747ms
[142.345s][info][gc] GC(49) Concurrent weak references 0.013ms
[142.348s][info][gc] GC(49) Concurrent weak roots 3.522ms
[142.349s][info][gc] GC(49) Concurrent cleanup 3996M->3996M(4192M) 0.014ms
[142.352s][info][gc] GC(49) Concurrent class unloading 3.602ms
[142.352s][info][gc] GC(49) Concurrent strong roots 0.069ms
[142.371s][info][gc] GC(49) Concurrent evacuation 18.870ms
[142.371s][info][gc] GC(49) Pause Init Update Refs 0.006ms
[142.403s][info][gc] GC(49) Concurrent update references 31.386ms
[142.403s][info][gc] GC(49) Concurrent update thread roots 0.498ms
[142.404s][info][gc] GC(49) Pause Final Update Refs 0.049ms
[142.404s][info][gc] GC(49) Concurrent cleanup 4140M->287M(4192M) 0.075ms
[144.069s][info][gc] Trigger: Average GC time (145.90 ms) is above the time for average allocation rate (2153 MB/s) to deplete free headroom (311M) (margin of error = 1.86)
[144.073s][info][gc] GC(50) Concurrent reset 3.186ms
[144.073s][info][gc] GC(50) Pause Init Mark (unload classes) 0.032ms
[144.075s][info][gc] GC(50) Concurrent marking roots 2.033ms
[144.117s][info][gc] GC(50) Concurrent marking (unload classes) 41.587ms
[144.117s][info][gc] GC(50) Pause Final Mark (unload classes) 0.212ms
[144.120s][info][gc] GC(50) Concurrent thread roots 2.832ms
[144.120s][info][gc] GC(50) Concurrent weak references 0.031ms
[144.128s][info][gc] GC(50) Concurrent weak roots 7.408ms
[144.128s][info][gc] GC(50) Concurrent cleanup 3932M->3932M(4192M) 0.015ms
[144.132s][info][gc] GC(50) Concurrent class unloading 4.597ms
[144.132s][info][gc] GC(50) Concurrent strong roots 0.067ms
[144.150s][info][gc] GC(50) Concurrent evacuation 17.655ms
[144.150s][info][gc] GC(50) Pause Init Update Refs 0.010ms
[144.190s][info][gc] GC(50) Concurrent update references 39.972ms
[144.191s][info][gc] GC(50) Concurrent update thread roots 0.486ms
[144.191s][info][gc] GC(50) Pause Final Update Refs 0.042ms
[144.191s][info][gc] GC(50) Concurrent cleanup 4085M->335M(4196M) 0.075ms
[146.307s][info][gc] Trigger: Average GC time (151.12 ms) is above the time for average allocation rate (1548 MB/s) to deplete free headroom (233M) (margin of error = 1.88)
[146.310s][info][gc] GC(51) Concurrent reset 3.041ms
[146.311s][info][gc] GC(51) Pause Init Mark (unload classes) 0.031ms
[146.313s][info][gc] GC(51) Concurrent marking roots 2.439ms
[146.327s][info][gc] GC(51) Concurrent marking (unload classes) 13.583ms
[146.327s][info][gc] GC(51) Pause Final Mark (unload classes) 0.127ms
[146.328s][info][gc] GC(51) Concurrent thread roots 1.155ms
[146.328s][info][gc] GC(51) Concurrent weak references 0.013ms
[146.338s][info][gc] GC(51) Concurrent weak roots 10.145ms
[146.338s][info][gc] GC(51) Concurrent cleanup 3952M->1608M(4196M) 0.048ms
[146.341s][info][gc] GC(51) Concurrent class unloading 2.742ms
[146.341s][info][gc] GC(51) Concurrent strong roots 0.045ms
[146.347s][info][gc] GC(51) Concurrent evacuation 6.338ms
[146.348s][info][gc] GC(51) Pause Init Update Refs 0.008ms
[146.357s][info][gc] GC(51) Concurrent update references 9.799ms
[146.358s][info][gc] GC(51) Concurrent update thread roots 0.442ms
[146.358s][info][gc] GC(51) Pause Final Update Refs 0.035ms
[146.358s][info][gc] GC(51) Concurrent cleanup 1658M->110M(4196M) 0.036ms
[148.802s][info][gc] Trigger: Free (459M) is below minimum threshold (460M)
[148.804s][info][gc] GC(52) Concurrent reset 1.313ms
[148.804s][info][gc] GC(52) Pause Init Mark (unload classes) 0.022ms
[148.806s][info][gc] GC(52) Concurrent marking roots 1.660ms
[148.836s][info][gc] GC(52) Concurrent marking (unload classes) 29.861ms
[148.836s][info][gc] GC(52) Pause Final Mark (unload classes) 0.209ms
[148.837s][info][gc] GC(52) Concurrent thread roots 1.005ms
[148.837s][info][gc] GC(52) Concurrent weak references 0.048ms
[148.844s][info][gc] GC(52) Concurrent weak roots 6.270ms
[148.844s][info][gc] GC(52) Concurrent cleanup 3962M->3962M(4196M) 0.014ms
[148.849s][info][gc] GC(52) Concurrent class unloading 5.137ms
[148.849s][info][gc] GC(52) Concurrent strong roots 0.042ms
[148.865s][info][gc] GC(52) Concurrent evacuation 16.337ms
[148.865s][info][gc] GC(52) Pause Init Update Refs 0.007ms
[148.888s][info][gc] GC(52) Concurrent update references 22.746ms
[148.889s][info][gc] GC(52) Concurrent update thread roots 0.462ms
[148.889s][info][gc] GC(52) Pause Final Update Refs 0.040ms
[148.889s][info][gc] GC(52) Concurrent cleanup 4052M->170M(4196M) 0.078ms
[151.310s][info][gc] Trigger: Free (459M) is below minimum threshold (460M)
[151.314s][info][gc] GC(53) Concurrent reset 3.121ms
[151.314s][info][gc] GC(53) Pause Init Mark (unload classes) 0.028ms
[151.317s][info][gc] GC(53) Concurrent marking roots 2.914ms
[151.357s][info][gc] GC(53) Concurrent marking (unload classes) 39.671ms
[151.357s][info][gc] GC(53) Pause Final Mark (unload classes) 0.216ms
[151.359s][info][gc] GC(53) Concurrent thread roots 1.439ms
[151.359s][info][gc] GC(53) Concurrent weak references 0.013ms
[151.362s][info][gc] GC(53) Concurrent weak roots 3.708ms
[151.363s][info][gc] GC(53) Concurrent cleanup 3991M->3989M(4196M) 0.013ms
[151.365s][info][gc] GC(53) Concurrent class unloading 2.648ms
[151.365s][info][gc] GC(53) Concurrent strong roots 0.041ms
[151.381s][info][gc] GC(53) Concurrent evacuation 15.301ms
[151.381s][info][gc] GC(53) Pause Init Update Refs 0.007ms
[151.412s][info][gc] GC(53) Concurrent update references 31.075ms
[151.412s][info][gc] GC(53) Concurrent update thread roots 0.466ms
[151.413s][info][gc] GC(53) Pause Final Update Refs 0.045ms
[151.413s][info][gc] GC(53) Concurrent cleanup 4094M->240M(4196M) 0.075ms
[160.039s][info][gc] Trigger: Free (460M) is below minimum threshold (460M)
[160.042s][info][gc] GC(54) Concurrent reset 2.988ms
[160.043s][info][gc] GC(54) Pause Init Mark (unload classes) 0.053ms
[160.043s][info][gc] GC(54) Concurrent marking roots 0.514ms
[160.068s][info][gc] GC(54) Concurrent marking (unload classes) 25.271ms
[160.069s][info][gc] GC(54) Pause Final Mark (unload classes) 0.218ms
[160.069s][info][gc] GC(54) Concurrent thread roots 0.291ms
[160.069s][info][gc] GC(54) Concurrent weak references 0.018ms
[160.075s][info][gc] GC(54) Concurrent weak roots 6.019ms
[160.075s][info][gc] GC(54) Concurrent cleanup 3922M->3482M(4196M) 0.018ms
[160.077s][info][gc] GC(54) Concurrent class unloading 1.283ms
[160.077s][info][gc] GC(54) Concurrent strong roots 0.051ms
[160.089s][info][gc] GC(54) Concurrent evacuation 12.397ms
[160.089s][info][gc] GC(54) Pause Init Update Refs 0.006ms
[160.100s][info][gc] GC(54) Concurrent update references 10.883ms
[160.100s][info][gc] GC(54) Concurrent update thread roots 0.274ms
[160.101s][info][gc] GC(54) Pause Final Update Refs 0.050ms
[160.101s][info][gc] GC(54) Concurrent cleanup 3520M->68M(4196M) 0.071ms
[169.997s][info][gc] Trigger: Free (459M) is below minimum threshold (460M)
[170.000s][info][gc] GC(55) Concurrent reset 2.458ms
[170.000s][info][gc] GC(55) Pause Init Mark (unload classes) 0.025ms
[170.001s][info][gc] GC(55) Concurrent marking roots 0.631ms
[170.018s][info][gc] GC(55) Concurrent marking (unload classes) 17.136ms
[170.019s][info][gc] GC(55) Pause Final Mark (unload classes) 0.156ms
[170.019s][info][gc] GC(55) Concurrent thread roots 0.605ms
[170.019s][info][gc] GC(55) Concurrent weak references 0.014ms
[170.023s][info][gc] GC(55) Concurrent weak roots 4.084ms
[170.023s][info][gc] GC(55) Concurrent cleanup 3926M->2442M(4196M) 0.033ms
[170.025s][info][gc] GC(55) Concurrent class unloading 2.029ms
[170.025s][info][gc] GC(55) Concurrent strong roots 0.036ms
[170.034s][info][gc] GC(55) Concurrent evacuation 8.829ms
[170.034s][info][gc] GC(55) Pause Init Update Refs 0.006ms
[170.043s][info][gc] GC(55) Concurrent update references 8.857ms
[170.044s][info][gc] GC(55) Concurrent update thread roots 0.282ms
[170.044s][info][gc] GC(55) Pause Final Update Refs 0.037ms
[170.044s][info][gc] GC(55) Concurrent cleanup 2474M->62M(4196M) 0.049ms
[179.935s][info][gc] Trigger: Free (459M) is below minimum threshold (460M)
[179.937s][info][gc] GC(56) Concurrent reset 1.702ms
[179.937s][info][gc] GC(56) Pause Init Mark (unload classes) 0.024ms
[179.938s][info][gc] GC(56) Concurrent marking roots 0.648ms
[179.951s][info][gc] GC(56) Concurrent marking (unload classes) 12.948ms
[179.951s][info][gc] GC(56) Pause Final Mark (unload classes) 0.116ms
[179.952s][info][gc] GC(56) Concurrent thread roots 0.497ms
[179.952s][info][gc] GC(56) Concurrent weak references 0.019ms
[179.956s][info][gc] GC(56) Concurrent weak roots 4.117ms
[179.956s][info][gc] GC(56) Concurrent cleanup 3924M->1590M(4196M) 0.045ms
[179.957s][info][gc] GC(56) Concurrent class unloading 1.050ms
[179.957s][info][gc] GC(56) Concurrent strong roots 0.036ms
[179.963s][info][gc] GC(56) Concurrent evacuation 5.876ms
[179.963s][info][gc] GC(56) Pause Init Update Refs 0.006ms
[179.969s][info][gc] GC(56) Concurrent update references 5.663ms
[179.969s][info][gc] GC(56) Concurrent update thread roots 0.268ms
[179.969s][info][gc] GC(56) Pause Final Update Refs 0.035ms
[179.969s][info][gc] GC(56) Concurrent cleanup 1610M->50M(4196M) 0.033ms
[189.908s][info][gc] Trigger: Free (459M) is below minimum threshold (460M)
[189.910s][info][gc] GC(57) Concurrent reset 1.242ms
[189.910s][info][gc] GC(57) Pause Init Mark (unload classes) 0.025ms
[189.911s][info][gc] GC(57) Concurrent marking roots 0.700ms
[189.919s][info][gc] GC(57) Concurrent marking (unload classes) 7.758ms
[189.919s][info][gc] GC(57) Pause Final Mark (unload classes) 0.100ms
[189.919s][info][gc] GC(57) Concurrent thread roots 0.264ms
[189.919s][info][gc] GC(57) Concurrent weak references 0.015ms
[189.923s][info][gc] GC(57) Concurrent weak roots 4.201ms
[189.923s][info][gc] GC(57) Concurrent cleanup 3922M->736M(4196M) 0.061ms
[189.925s][info][gc] GC(57) Concurrent class unloading 1.368ms
[189.925s][info][gc] GC(57) Concurrent strong roots 0.036ms
[189.928s][info][gc] GC(57) Concurrent evacuation 2.917ms
[189.928s][info][gc] GC(57) Pause Init Update Refs 0.005ms
[189.931s][info][gc] GC(57) Concurrent update references 2.978ms
[189.931s][info][gc] GC(57) Concurrent update thread roots 0.198ms
[189.931s][info][gc] GC(57) Pause Final Update Refs 0.033ms
[189.931s][info][gc] GC(57) Concurrent cleanup 752M->44M(4196M) 0.018ms
[199.693s][info][gc] Trigger: Free (459M) is below minimum threshold (460M)
[199.693s][info][gc] GC(58) Concurrent reset 0.553ms
[199.693s][info][gc] GC(58) Pause Init Mark (unload classes) 0.026ms
[199.694s][info][gc] GC(58) Concurrent marking roots 0.657ms
[199.724s][info][gc] GC(58) Concurrent marking (unload classes) 29.766ms
[199.724s][info][gc] GC(58) Pause Final Mark (unload classes) 0.204ms
[199.725s][info][gc] GC(58) Concurrent thread roots 0.641ms
[199.725s][info][gc] GC(58) Concurrent weak references 0.016ms
[199.727s][info][gc] GC(58) Concurrent weak roots 1.651ms
[199.727s][info][gc] GC(58) Concurrent cleanup 3926M->3926M(4196M) 0.013ms
[199.728s][info][gc] GC(58) Concurrent class unloading 1.057ms
[199.728s][info][gc] GC(58) Concurrent strong roots 0.031ms
[199.741s][info][gc] GC(58) Concurrent evacuation 13.520ms
[199.741s][info][gc] GC(58) Pause Init Update Refs 0.006ms
[199.754s][info][gc] GC(58) Concurrent update references 12.539ms
[199.754s][info][gc] GC(58) Concurrent update thread roots 0.268ms
[199.754s][info][gc] GC(58) Pause Final Update Refs 0.039ms
[199.755s][info][gc] GC(58) Concurrent cleanup 3968M->82M(4196M) 0.074ms
[209.487s][info][gc] Trigger: Free (459M) is below minimum threshold (460M)
[209.491s][info][gc] GC(59) Concurrent reset 2.755ms
[209.491s][info][gc] GC(59) Pause Init Mark (unload classes) 0.028ms
[209.491s][info][gc] GC(59) Concurrent marking roots 0.327ms
[209.518s][info][gc] GC(59) Concurrent marking (unload classes) 27.024ms
[209.519s][info][gc] GC(59) Pause Final Mark (unload classes) 0.213ms
[209.519s][info][gc] GC(59) Concurrent thread roots 0.468ms
[209.519s][info][gc] GC(59) Concurrent weak references 0.016ms
[209.523s][info][gc] GC(59) Concurrent weak roots 4.071ms
[209.523s][info][gc] GC(59) Concurrent cleanup 3930M->3754M(4196M) 0.009ms
[209.524s][info][gc] GC(59) Concurrent class unloading 1.096ms
[209.524s][info][gc] GC(59) Concurrent strong roots 0.036ms
[209.538s][info][gc] GC(59) Concurrent evacuation 13.350ms
[209.538s][info][gc] GC(59) Pause Init Update Refs 0.008ms
[209.550s][info][gc] GC(59) Concurrent update references 12.453ms
[209.551s][info][gc] GC(59) Concurrent update thread roots 0.254ms
[209.551s][info][gc] GC(59) Pause Final Update Refs 0.040ms
[209.551s][info][gc] GC(59) Concurrent cleanup 3800M->82M(4196M) 0.071ms
[214.078s][info][gc] Trigger: Free (459M) is below minimum threshold (460M)
[214.081s][info][gc] GC(60) Concurrent reset 2.873ms
[214.081s][info][gc] GC(60) Pause Init Mark (unload classes) 0.034ms
[214.083s][info][gc] GC(60) Concurrent marking roots 2.183ms
[214.106s][info][gc] GC(60) Concurrent marking (unload classes) 22.296ms
[214.106s][info][gc] GC(60) Pause Final Mark (unload classes) 0.180ms
[214.108s][info][gc] GC(60) Concurrent thread roots 1.599ms
[214.108s][info][gc] GC(60) Concurrent weak references 0.020ms
[214.114s][info][gc] GC(60) Concurrent weak roots 6.083ms
[214.114s][info][gc] GC(60) Concurrent cleanup 3960M->2888M(4196M) 0.026ms
[214.116s][info][gc] GC(60) Concurrent class unloading 2.291ms
[214.116s][info][gc] GC(60) Concurrent strong roots 0.042ms
[214.129s][info][gc] GC(60) Concurrent evacuation 12.625ms
[214.129s][info][gc] GC(60) Pause Init Update Refs 0.007ms
[214.145s][info][gc] GC(60) Concurrent update references 16.041ms
[214.146s][info][gc] GC(60) Concurrent update thread roots 0.423ms
[214.146s][info][gc] GC(60) Pause Final Update Refs 0.044ms
[214.146s][info][gc] GC(60) Concurrent cleanup 2954M->128M(4196M) 0.057ms
[216.581s][info][gc] Trigger: Free (459M) is below minimum threshold (460M)
[216.583s][info][gc] GC(61) Concurrent reset 2.172ms
[216.583s][info][gc] GC(61) Pause Init Mark (unload classes) 0.031ms
[216.585s][info][gc] GC(61) Concurrent marking roots 1.946ms
[216.618s][info][gc] GC(61) Concurrent marking (unload classes) 32.938ms
[216.619s][info][gc] GC(61) Pause Final Mark (unload classes) 0.207ms
[216.620s][info][gc] GC(61) Concurrent thread roots 1.420ms
[216.620s][info][gc] GC(61) Concurrent weak references 0.011ms
[216.624s][info][gc] GC(61) Concurrent weak roots 3.495ms
[216.624s][info][gc] GC(61) Concurrent cleanup 3978M->3978M(4196M) 0.007ms
[216.626s][info][gc] GC(61) Concurrent class unloading 2.893ms
[216.627s][info][gc] GC(61) Concurrent strong roots 0.040ms
[216.643s][info][gc] GC(61) Concurrent evacuation 16.234ms
[216.643s][info][gc] GC(61) Pause Init Update Refs 0.010ms
[216.666s][info][gc] GC(61) Concurrent update references 22.742ms
[216.666s][info][gc] GC(61) Concurrent update thread roots 0.426ms
[216.666s][info][gc] GC(61) Pause Final Update Refs 0.047ms
[216.667s][info][gc] GC(61) Concurrent cleanup 4078M->202M(4196M) 0.075ms
[219.242s][info][gc] Trigger: Free (459M) is below minimum threshold (460M)
[219.245s][info][gc] GC(62) Concurrent reset 3.001ms
[219.245s][info][gc] GC(62) Pause Init Mark (unload classes) 0.029ms
[219.247s][info][gc] GC(62) Concurrent marking roots 1.871ms
[219.258s][info][gc] GC(62) Concurrent marking (unload classes) 11.076ms
[219.259s][info][gc] GC(62) Pause Final Mark (unload classes) 0.129ms
[219.260s][info][gc] GC(62) Concurrent thread roots 1.112ms
[219.260s][info][gc] GC(62) Concurrent weak references 0.015ms
[219.266s][info][gc] GC(62) Concurrent weak roots 5.907ms
[219.266s][info][gc] GC(62) Concurrent cleanup 3952M->1146M(4196M) 0.056ms
[219.269s][info][gc] GC(62) Concurrent class unloading 3.025ms
[219.269s][info][gc] GC(62) Concurrent strong roots 0.043ms
[219.275s][info][gc] GC(62) Concurrent evacuation 5.971ms
[219.275s][info][gc] GC(62) Pause Init Update Refs 0.007ms
[219.281s][info][gc] GC(62) Concurrent update references 6.077ms
[219.282s][info][gc] GC(62) Concurrent update thread roots 0.430ms
[219.282s][info][gc] GC(62) Pause Final Update Refs 0.037ms
[219.282s][info][gc] GC(62) Concurrent cleanup 1178M->88M(4196M) 0.027ms
[221.737s][info][gc] Trigger: Free (457M) is below minimum threshold (460M)
[221.738s][info][gc] GC(63) Concurrent reset 0.933ms
[221.738s][info][gc] GC(63) Pause Init Mark (unload classes) 0.025ms
[221.739s][info][gc] GC(63) Concurrent marking roots 1.305ms
[221.770s][info][gc] GC(63) Concurrent marking (unload classes) 30.769ms
[221.771s][info][gc] GC(63) Pause Final Mark (unload classes) 0.201ms
[221.772s][info][gc] GC(63) Concurrent thread roots 1.231ms
[221.772s][info][gc] GC(63) Concurrent weak references 0.012ms
[221.775s][info][gc] GC(63) Concurrent weak roots 2.939ms
[221.775s][info][gc] GC(63) Concurrent cleanup 3966M->3966M(4196M) 0.010ms
[221.777s][info][gc] GC(63) Concurrent class unloading 1.737ms
[221.777s][info][gc] GC(63) Concurrent strong roots 0.040ms
[221.794s][info][gc] GC(63) Concurrent evacuation 16.894ms
[221.794s][info][gc] GC(63) Pause Init Update Refs 0.006ms
[221.811s][info][gc] GC(63) Concurrent update references 17.431ms
[221.812s][info][gc] GC(63) Concurrent update thread roots 0.429ms
[221.812s][info][gc] GC(63) Pause Final Update Refs 0.048ms
[221.812s][info][gc] GC(63) Concurrent cleanup 4048M->160M(4196M) 0.075ms
[224.254s][info][gc] Trigger: Free (459M) is below minimum threshold (460M)
[224.257s][info][gc] GC(64) Concurrent reset 3.047ms
[224.258s][info][gc] GC(64) Pause Init Mark (unload classes) 0.028ms
[224.260s][info][gc] GC(64) Concurrent marking roots 2.351ms
[224.296s][info][gc] GC(64) Concurrent marking (unload classes) 36.306ms
[224.297s][info][gc] GC(64) Pause Final Mark (unload classes) 0.207ms
[224.299s][info][gc] GC(64) Concurrent thread roots 2.113ms
[224.299s][info][gc] GC(64) Concurrent weak references 0.012ms
[224.302s][info][gc] GC(64) Concurrent weak roots 2.825ms
[224.302s][info][gc] GC(64) Concurrent cleanup 3986M->3986M(4196M) 0.012ms
[224.304s][info][gc] GC(64) Concurrent class unloading 2.289ms
[224.304s][info][gc] GC(64) Concurrent strong roots 0.041ms
[224.322s][info][gc] GC(64) Concurrent evacuation 18.172ms
[224.323s][info][gc] GC(64) Pause Init Update Refs 0.006ms
[224.349s][info][gc] GC(64) Concurrent update references 26.227ms
[224.349s][info][gc] GC(64) Concurrent update thread roots 0.419ms
[224.350s][info][gc] GC(64) Pause Final Update Refs 0.047ms
[224.350s][info][gc] GC(64) Concurrent cleanup 4082M->218M(4196M) 0.082ms
[228.780s][info][gc] Trigger: Free (459M) is below minimum threshold (460M)
[228.783s][info][gc] GC(65) Concurrent reset 2.850ms
[228.783s][info][gc] GC(65) Pause Init Mark (unload classes) 0.026ms
[228.784s][info][gc] GC(65) Concurrent marking roots 1.218ms
[228.808s][info][gc] GC(65) Concurrent marking (unload classes) 23.881ms
[228.808s][info][gc] GC(65) Pause Final Mark (unload classes) 0.170ms
[228.810s][info][gc] GC(65) Concurrent thread roots 1.723ms
[228.810s][info][gc] GC(65) Concurrent weak references 0.013ms
[228.817s][info][gc] GC(65) Concurrent weak roots 7.148ms
[228.817s][info][gc] GC(65) Concurrent cleanup 3936M->3210M(4196M) 0.021ms
[228.819s][info][gc] GC(65) Concurrent class unloading 1.284ms
[228.819s][info][gc] GC(65) Concurrent strong roots 0.044ms
[228.830s][info][gc] GC(65) Concurrent evacuation 11.729ms
[228.831s][info][gc] GC(65) Pause Init Update Refs 0.005ms
[228.841s][info][gc] GC(65) Concurrent update references 10.577ms
[228.842s][info][gc] GC(65) Concurrent update thread roots 0.344ms
[228.842s][info][gc] GC(65) Pause Final Update Refs 0.038ms
[228.842s][info][gc] GC(65) Concurrent cleanup 3252M->82M(4196M) 0.062ms
[233.852s][info][gc] Trigger: Free (459M) is below minimum threshold (460M)
[233.854s][info][gc] GC(66) Concurrent reset 2.278ms
[233.854s][info][gc] GC(66) Pause Init Mark (unload classes) 0.025ms
[233.856s][info][gc] GC(66) Concurrent marking roots 1.385ms
[233.873s][info][gc] GC(66) Concurrent marking (unload classes) 17.590ms
[233.874s][info][gc] GC(66) Pause Final Mark (unload classes) 0.164ms
[233.874s][info][gc] GC(66) Concurrent thread roots 0.518ms
[233.874s][info][gc] GC(66) Concurrent weak references 0.015ms
[233.881s][info][gc] GC(66) Concurrent weak roots 6.948ms
[233.881s][info][gc] GC(66) Concurrent cleanup 3935M->2303M(4196M) 0.034ms
[233.883s][info][gc] GC(66) Concurrent class unloading 1.922ms
[233.883s][info][gc] GC(66) Concurrent strong roots 0.036ms
[233.892s][info][gc] GC(66) Concurrent evacuation 8.499ms
[233.892s][info][gc] GC(66) Pause Init Update Refs 0.007ms
[233.900s][info][gc] GC(66) Concurrent update references 8.183ms
[233.901s][info][gc] GC(66) Concurrent update thread roots 0.269ms
[233.901s][info][gc] GC(66) Pause Final Update Refs 0.034ms
[233.901s][info][gc] GC(66) Concurrent cleanup 2342M->78M(4196M) 0.049ms
[238.968s][info][gc] Trigger: Free (459M) is below minimum threshold (460M)
[238.971s][info][gc] GC(67) Concurrent reset 1.700ms
[238.971s][info][gc] GC(67) Pause Init Mark (unload classes) 0.024ms
[238.972s][info][gc] GC(67) Concurrent marking roots 1.494ms
[238.985s][info][gc] GC(67) Concurrent marking (unload classes) 12.404ms
[238.985s][info][gc] GC(67) Pause Final Mark (unload classes) 0.134ms
[238.986s][info][gc] GC(67) Concurrent thread roots 0.966ms
[238.986s][info][gc] GC(67) Concurrent weak references 0.013ms
[238.991s][info][gc] GC(67) Concurrent weak roots 4.905ms
[238.991s][info][gc] GC(67) Concurrent cleanup 3933M->1435M(4196M) 0.049ms
[238.993s][info][gc] GC(67) Concurrent class unloading 1.398ms
[238.993s][info][gc] GC(67) Concurrent strong roots 0.040ms
[238.998s][info][gc] GC(67) Concurrent evacuation 5.762ms
[238.999s][info][gc] GC(67) Pause Init Update Refs 0.007ms
[239.004s][info][gc] GC(67) Concurrent update references 5.808ms
[239.005s][info][gc] GC(67) Concurrent update thread roots 0.259ms
[239.005s][info][gc] GC(67) Pause Final Update Refs 0.032ms
[239.005s][info][gc] GC(67) Concurrent cleanup 1462M->64M(4196M) 0.033ms
[244.075s][info][gc] Trigger: Free (457M) is below minimum threshold (460M)
[244.076s][info][gc] GC(68) Concurrent reset 1.103ms
[244.076s][info][gc] GC(68) Pause Init Mark (unload classes) 0.022ms
[244.077s][info][gc] GC(68) Concurrent marking roots 1.114ms
[244.084s][info][gc] GC(68) Concurrent marking (unload classes) 6.915ms
[244.085s][info][gc] GC(68) Pause Final Mark (unload classes) 0.101ms
[244.085s][info][gc] GC(68) Concurrent thread roots 0.542ms
[244.085s][info][gc] GC(68) Concurrent weak references 0.012ms
[244.090s][info][gc] GC(68) Concurrent weak roots 5.032ms
[244.090s][info][gc] GC(68) Concurrent cleanup 3931M->581M(4196M) 0.064ms
[244.092s][info][gc] GC(68) Concurrent class unloading 1.798ms
[244.092s][info][gc] GC(68) Concurrent strong roots 0.042ms
[244.095s][info][gc] GC(68) Concurrent evacuation 2.599ms
[244.095s][info][gc] GC(68) Pause Init Update Refs 0.005ms
[244.098s][info][gc] GC(68) Concurrent update references 3.380ms
[244.099s][info][gc] GC(68) Concurrent update thread roots 0.259ms
[244.099s][info][gc] GC(68) Pause Final Update Refs 0.033ms
[244.099s][info][gc] GC(68) Concurrent cleanup 596M->52M(4196M) 0.017ms
[248.967s][info][gc] Trigger: Free (459M) is below minimum threshold (460M)
[248.968s][info][gc] GC(69) Concurrent reset 0.448ms
[248.968s][info][gc] GC(69) Pause Init Mark (unload classes) 0.023ms
[248.969s][info][gc] GC(69) Concurrent marking roots 0.985ms
[248.999s][info][gc] GC(69) Concurrent marking (unload classes) 30.074ms
[249.000s][info][gc] GC(69) Pause Final Mark (unload classes) 0.206ms
[249.000s][info][gc] GC(69) Concurrent thread roots 0.359ms
[249.000s][info][gc] GC(69) Concurrent weak references 0.014ms
[249.003s][info][gc] GC(69) Concurrent weak roots 2.900ms
[249.003s][info][gc] GC(69) Concurrent cleanup 3945M->3945M(4196M) 0.010ms
[249.004s][info][gc] GC(69) Concurrent class unloading 1.273ms
[249.004s][info][gc] GC(69) Concurrent strong roots 0.033ms
[249.019s][info][gc] GC(69) Concurrent evacuation 14.626ms
[249.019s][info][gc] GC(69) Pause Init Update Refs 0.006ms
[249.034s][info][gc] GC(69) Concurrent update references 14.491ms
[249.034s][info][gc] GC(69) Concurrent update thread roots 0.276ms
[249.034s][info][gc] GC(69) Pause Final Update Refs 0.042ms
[249.034s][info][gc] GC(69) Concurrent cleanup 3992M->104M(4196M) 0.078ms
[253.970s][info][gc] Trigger: Free (459M) is below minimum threshold (460M)
[253.973s][info][gc] GC(70) Concurrent reset 2.807ms
[253.973s][info][gc] GC(70) Pause Init Mark (unload classes) 0.025ms
[253.974s][info][gc] GC(70) Concurrent marking roots 1.300ms
[254.000s][info][gc] GC(70) Concurrent marking (unload classes) 26.053ms
[254.001s][info][gc] GC(70) Pause Final Mark (unload classes) 0.207ms
[254.001s][info][gc] GC(70) Concurrent thread roots 0.456ms
[254.001s][info][gc] GC(70) Concurrent weak references 0.013ms
[254.006s][info][gc] GC(70) Concurrent weak roots 5.121ms
[254.006s][info][gc] GC(70) Concurrent cleanup 3941M->3599M(4196M) 0.012ms
[254.008s][info][gc] GC(70) Concurrent class unloading 1.867ms
[254.008s][info][gc] GC(70) Concurrent strong roots 0.039ms
[254.021s][info][gc] GC(70) Concurrent evacuation 12.752ms
[254.021s][info][gc] GC(70) Pause Init Update Refs 0.006ms
[254.033s][info][gc] GC(70) Concurrent update references 12.244ms
[254.034s][info][gc] GC(70) Concurrent update thread roots 0.263ms
[254.034s][info][gc] GC(70) Pause Final Update Refs 0.038ms
[254.034s][info][gc] GC(70) Concurrent cleanup 3652M->102M(4196M) 0.072ms
[258.982s][info][gc] Trigger: Free (459M) is below minimum threshold (460M)
[258.985s][info][gc] GC(71) Concurrent reset 2.571ms
[258.985s][info][gc] GC(71) Pause Init Mark (unload classes) 0.022ms
[258.986s][info][gc] GC(71) Concurrent marking roots 0.887ms
[259.006s][info][gc] GC(71) Concurrent marking (unload classes) 19.613ms
[259.006s][info][gc] GC(71) Pause Final Mark (unload classes) 0.158ms
[259.007s][info][gc] GC(71) Concurrent thread roots 0.594ms
[259.007s][info][gc] GC(71) Concurrent weak references 0.014ms
[259.013s][info][gc] GC(71) Concurrent weak roots 5.568ms
[259.013s][info][gc] GC(71) Concurrent cleanup 3943M->2725M(4196M) 0.029ms
[259.014s][info][gc] GC(71) Concurrent class unloading 1.354ms
[259.014s][info][gc] GC(71) Concurrent strong roots 0.044ms
[259.024s][info][gc] GC(71) Concurrent evacuation 9.856ms
[259.024s][info][gc] GC(71) Pause Init Update Refs 0.006ms
[259.034s][info][gc] GC(71) Concurrent update references 10.158ms
[259.035s][info][gc] GC(71) Concurrent update thread roots 0.260ms
[259.035s][info][gc] GC(71) Pause Final Update Refs 0.056ms
[259.035s][info][gc] GC(71) Concurrent cleanup 2764M->88M(4196M) 0.052ms
[262.650s][info][gc] Trigger: Free (459M) is below minimum threshold (460M)
[262.653s][info][gc] GC(72) Concurrent reset 2.904ms
[262.653s][info][gc] GC(72) Pause Init Mark (unload classes) 0.035ms
[262.657s][info][gc] GC(72) Concurrent marking roots 3.179ms
[262.681s][info][gc] GC(72) Concurrent marking (unload classes) 24.663ms
[262.682s][info][gc] GC(72) Pause Final Mark (unload classes) 0.146ms
[262.683s][info][gc] GC(72) Concurrent thread roots 1.023ms
[262.683s][info][gc] GC(72) Concurrent weak references 0.014ms
[262.693s][info][gc] GC(72) Concurrent weak roots 10.647ms
[262.694s][info][gc] GC(72) Concurrent cleanup 4001M->1917M(4196M) 0.044ms
[262.697s][info][gc] GC(72) Concurrent class unloading 3.440ms
[262.697s][info][gc] GC(72) Concurrent strong roots 0.071ms
[262.709s][info][gc] GC(72) Concurrent evacuation 11.749ms
[262.709s][info][gc] GC(72) Pause Init Update Refs 0.008ms
[262.725s][info][gc] GC(72) Concurrent update references 15.887ms
[262.726s][info][gc] GC(72) Concurrent update thread roots 0.471ms
[262.726s][info][gc] GC(72) Pause Final Update Refs 0.053ms
[262.726s][info][gc] GC(72) Concurrent cleanup 2006M->190M(4196M) 0.057ms
[264.489s][info][gc] Trigger: Free (459M) is below minimum threshold (460M)
[264.491s][info][gc] GC(73) Concurrent reset 2.035ms
[264.491s][info][gc] GC(73) Pause Init Mark (unload classes) 0.032ms
[264.493s][info][gc] GC(73) Concurrent marking roots 1.306ms
[264.528s][info][gc] GC(73) Concurrent marking (unload classes) 35.261ms
[264.529s][info][gc] GC(73) Pause Final Mark (unload classes) 0.218ms
[264.530s][info][gc] GC(73) Concurrent thread roots 1.778ms
[264.530s][info][gc] GC(73) Concurrent weak references 0.020ms
[264.534s][info][gc] GC(73) Concurrent weak roots 3.283ms
[264.534s][info][gc] GC(73) Concurrent cleanup 3981M->3981M(4196M) 0.020ms
[264.537s][info][gc] GC(73) Concurrent class unloading 2.988ms
[264.537s][info][gc] GC(73) Concurrent strong roots 0.089ms
[264.556s][info][gc] GC(73) Concurrent evacuation 18.769ms
[264.556s][info][gc] GC(73) Pause Init Update Refs 0.007ms
[264.583s][info][gc] GC(73) Concurrent update references 26.447ms
[264.583s][info][gc] GC(73) Concurrent update thread roots 0.410ms
[264.583s][info][gc] GC(73) Pause Final Update Refs 0.037ms
[264.583s][info][gc] GC(73) Concurrent cleanup 4084M->202M(4196M) 0.078ms
[266.350s][info][gc] Trigger: Average GC time (111.88 ms) is above the time for average allocation rate (2146 MB/s) to deplete free headroom (239M) (margin of error = 1.86)
[266.354s][info][gc] GC(74) Concurrent reset 4.341ms
[266.355s][info][gc] GC(74) Pause Init Mark (unload classes) 0.037ms
[266.356s][info][gc] GC(74) Concurrent marking roots 1.296ms
[266.407s][info][gc] GC(74) Concurrent marking (unload classes) 51.023ms
[266.408s][info][gc] GC(74) Pause Final Mark (unload classes) 0.219ms
[266.409s][info][gc] GC(74) Concurrent thread roots 1.295ms
[266.409s][info][gc] GC(74) Concurrent weak references 0.012ms
[266.413s][info][gc] GC(74) Concurrent weak roots 3.944ms
[266.413s][info][gc] GC(74) Concurrent cleanup 4025M->4025M(4196M) 0.015ms
[266.418s][info][gc] GC(74) Concurrent class unloading 4.548ms
[266.418s][info][gc] GC(74) Concurrent strong roots 0.041ms
[266.434s][info][gc] GC(74) Concurrent evacuation 16.163ms
[266.434s][info][gc] GC(74) Pause Init Update Refs 0.007ms
[266.468s][info][gc] GC(74) Concurrent update references 33.734ms
[266.468s][info][gc] GC(74) Concurrent update thread roots 0.434ms
[266.469s][info][gc] GC(74) Pause Final Update Refs 0.047ms
[266.469s][info][gc] GC(74) Concurrent cleanup 4139M->292M(4196M) 0.074ms
[268.238s][info][gc] Trigger: Average GC time (142.82 ms) is above the time for average allocation rate (2164 MB/s) to deplete free headroom (306M) (margin of error = 1.89)
[268.243s][info][gc] GC(75) Concurrent reset 3.275ms
[268.243s][info][gc] GC(75) Pause Init Mark (unload classes) 0.040ms
[268.244s][info][gc] GC(75) Concurrent marking roots 1.332ms
[268.300s][info][gc] GC(75) Concurrent marking (unload classes) 55.154ms
[268.300s][info][gc] GC(75) Pause Final Mark (unload classes) 0.220ms
[268.301s][info][gc] GC(75) Concurrent thread roots 1.384ms
[268.301s][info][gc] GC(75) Concurrent weak references 0.015ms
[268.311s][info][gc] GC(75) Concurrent weak roots 9.879ms
[268.311s][info][gc] GC(75) Concurrent cleanup 3963M->3961M(4196M) 0.019ms
[268.318s][info][gc] GC(75) Concurrent class unloading 6.842ms
[268.318s][info][gc] GC(75) Concurrent strong roots 0.048ms
[268.340s][info][gc] GC(75) Concurrent evacuation 21.258ms
[268.340s][info][gc] GC(75) Pause Init Update Refs 0.006ms
[268.389s][info][gc] GC(75) Concurrent update references 48.834ms
[268.389s][info][gc] GC(75) Concurrent update thread roots 0.488ms
[268.390s][info][gc] GC(75) Pause Final Update Refs 0.049ms
[268.390s][info][gc] GC(75) Concurrent cleanup 4123M->382M(4216M) 0.124ms
[270.726s][info][gc] Trigger: Average GC time (183.04 ms) is above the time for average allocation rate (1550 MB/s) to deplete free headroom (283M) (margin of error = 1.91)
[270.729s][info][gc] GC(76) Concurrent reset 2.951ms
[270.730s][info][gc] GC(76) Pause Init Mark (unload classes) 0.035ms
[270.732s][info][gc] GC(76) Concurrent marking roots 2.497ms
[270.756s][info][gc] GC(76) Concurrent marking (unload classes) 24.190ms
[270.757s][info][gc] GC(76) Pause Final Mark (unload classes) 0.187ms
[270.759s][info][gc] GC(76) Concurrent thread roots 2.445ms
[270.759s][info][gc] GC(76) Concurrent weak references 0.014ms
[270.765s][info][gc] GC(76) Concurrent weak roots 5.716ms
[270.765s][info][gc] GC(76) Concurrent cleanup 3910M->2917M(4216M) 0.024ms
[270.767s][info][gc] GC(76) Concurrent class unloading 2.024ms
[270.767s][info][gc] GC(76) Concurrent strong roots 0.049ms
[270.779s][info][gc] GC(76) Concurrent evacuation 11.569ms
[270.779s][info][gc] GC(76) Pause Init Update Refs 0.009ms
[270.796s][info][gc] GC(76) Concurrent update references 17.256ms
[270.797s][info][gc] GC(76) Concurrent update thread roots 0.396ms
[270.797s][info][gc] GC(76) Pause Final Update Refs 0.037ms
[270.797s][info][gc] GC(76) Concurrent cleanup 2991M->147M(4216M) 0.059ms
[273.232s][info][gc] Trigger: Average GC time (164.01 ms) is above the time for average allocation rate (1567 MB/s) to deplete free headroom (256M) (margin of error = 1.91)
[273.235s][info][gc] GC(77) Concurrent reset 2.170ms
[273.235s][info][gc] GC(77) Pause Init Mark (unload classes) 0.024ms
[273.237s][info][gc] GC(77) Concurrent marking roots 1.790ms
[273.272s][info][gc] GC(77) Concurrent marking (unload classes) 34.911ms
[273.272s][info][gc] GC(77) Pause Final Mark (unload classes) 0.224ms
[273.273s][info][gc] GC(77) Concurrent thread roots 1.050ms
[273.273s][info][gc] GC(77) Concurrent weak references 0.011ms
[273.276s][info][gc] GC(77) Concurrent weak roots 2.724ms
[273.276s][info][gc] GC(77) Concurrent cleanup 3957M->3957M(4216M) 0.010ms
[273.279s][info][gc] GC(77) Concurrent class unloading 2.519ms
[273.279s][info][gc] GC(77) Concurrent strong roots 0.041ms
[273.295s][info][gc] GC(77) Concurrent evacuation 15.876ms
[273.295s][info][gc] GC(77) Pause Init Update Refs 0.005ms
[273.322s][info][gc] GC(77) Concurrent update references 27.450ms
[273.323s][info][gc] GC(77) Concurrent update thread roots 0.452ms
[273.323s][info][gc] GC(77) Pause Final Update Refs 0.046ms
[273.323s][info][gc] GC(77) Concurrent cleanup 4035M->191M(4216M) 0.081ms
[276.161s][info][gc] Trigger: Free (460M) is below minimum threshold (460M)
[276.164s][info][gc] GC(78) Concurrent reset 2.851ms
[276.164s][info][gc] GC(78) Pause Init Mark (unload classes) 0.031ms
[276.165s][info][gc] GC(78) Concurrent marking roots 0.601ms
[276.175s][info][gc] GC(78) Concurrent marking (unload classes) 10.571ms
[276.176s][info][gc] GC(78) Pause Final Mark (unload classes) 0.141ms
[276.176s][info][gc] GC(78) Concurrent thread roots 0.837ms
[276.177s][info][gc] GC(78) Concurrent weak references 0.014ms
[276.184s][info][gc] GC(78) Concurrent weak roots 7.794ms
[276.184s][info][gc] GC(78) Concurrent cleanup 3941M->999M(4216M) 0.060ms
[276.187s][info][gc] GC(78) Concurrent class unloading 2.344ms
[276.187s][info][gc] GC(78) Concurrent strong roots 0.040ms
[276.191s][info][gc] GC(78) Concurrent evacuation 4.288ms
[276.191s][info][gc] GC(78) Pause Init Update Refs 0.005ms
[276.197s][info][gc] GC(78) Concurrent update references 5.411ms
[276.197s][info][gc] GC(78) Concurrent update thread roots 0.279ms
[276.197s][info][gc] GC(78) Pause Final Update Refs 0.034ms
[276.197s][info][gc] GC(78) Concurrent cleanup 1025M->75M(4216M) 0.025ms
[279.871s][info][gc] Trigger: Free (460M) is below minimum threshold (460M)
[279.873s][info][gc] GC(79) Concurrent reset 0.787ms
[279.873s][info][gc] GC(79) Pause Init Mark (unload classes) 0.025ms
[279.874s][info][gc] GC(79) Concurrent marking roots 1.041ms
[279.878s][info][gc] GC(79) Concurrent marking (unload classes) 4.008ms
[279.878s][info][gc] GC(79) Pause Final Mark (unload classes) 0.076ms
[279.878s][info][gc] GC(79) Concurrent weak references 0.013ms
[279.884s][info][gc] GC(79) Concurrent weak roots 5.736ms
[279.884s][info][gc] GC(79) Concurrent cleanup 3918M->74M(4216M) 0.075ms
[279.886s][info][gc] GC(79) Concurrent class unloading 2.132ms
[279.887s][info][gc] GC(79) Pause Final Roots 0.002ms
[283.200s][info][gc] Trigger: Free (458M) is below minimum threshold (460M)
[283.200s][info][gc] GC(80) Concurrent reset 0.105ms
[283.200s][info][gc] GC(80) Pause Init Mark (unload classes) 0.024ms
[283.201s][info][gc] GC(80) Concurrent marking roots 0.979ms
[283.236s][info][gc] GC(80) Concurrent marking (unload classes) 35.403ms
[283.237s][info][gc] GC(80) Pause Final Mark (unload classes) 0.207ms
[283.237s][info][gc] GC(80) Concurrent thread roots 0.205ms
[283.237s][info][gc] GC(80) Concurrent weak references 0.015ms
[283.241s][info][gc] GC(80) Concurrent weak roots 3.888ms
[283.241s][info][gc] GC(80) Concurrent cleanup 3964M->3958M(4216M) 0.006ms
[283.243s][info][gc] GC(80) Concurrent class unloading 2.240ms
[283.243s][info][gc] GC(80) Concurrent strong roots 0.038ms
[283.258s][info][gc] GC(80) Concurrent evacuation 14.759ms
[283.258s][info][gc] GC(80) Pause Init Update Refs 0.005ms
[283.275s][info][gc] GC(80) Concurrent update references 16.449ms
[283.275s][info][gc] GC(80) Concurrent update thread roots 0.283ms
[283.275s][info][gc] GC(80) Pause Final Update Refs 0.040ms
[283.275s][info][gc] GC(80) Concurrent cleanup 4032M->147M(4216M) 0.084ms
[286.757s][info][gc] Trigger: Free (460M) is below minimum threshold (460M)
[286.760s][info][gc] GC(81) Concurrent reset 2.879ms
[286.760s][info][gc] GC(81) Pause Init Mark (unload classes) 0.025ms
[286.761s][info][gc] GC(81) Concurrent marking roots 0.782ms
[286.785s][info][gc] GC(81) Concurrent marking (unload classes) 24.077ms
[286.786s][info][gc] GC(81) Pause Final Mark (unload classes) 0.174ms
[286.787s][info][gc] GC(81) Concurrent thread roots 1.347ms
[286.787s][info][gc] GC(81) Concurrent weak references 0.015ms
[286.792s][info][gc] GC(81) Concurrent weak roots 5.141ms
[286.792s][info][gc] GC(81) Concurrent cleanup 3941M->3055M(4216M) 0.022ms
[286.794s][info][gc] GC(81) Concurrent class unloading 1.518ms
[286.794s][info][gc] GC(81) Concurrent strong roots 0.036ms
[286.805s][info][gc] GC(81) Concurrent evacuation 11.293ms
[286.805s][info][gc] GC(81) Pause Init Update Refs 0.007ms
[286.817s][info][gc] GC(81) Concurrent update references 11.477ms
[286.817s][info][gc] GC(81) Concurrent update thread roots 0.284ms
[286.817s][info][gc] GC(81) Pause Final Update Refs 0.042ms
[286.817s][info][gc] GC(81) Concurrent cleanup 3107M->103M(4216M) 0.063ms
[290.431s][info][gc] Trigger: Free (460M) is below minimum threshold (460M)
[290.435s][info][gc] GC(82) Concurrent reset 3.212ms
[290.436s][info][gc] GC(82) Pause Init Mark (unload classes) 0.026ms
[290.437s][info][gc] GC(82) Concurrent marking roots 1.203ms
[290.455s][info][gc] GC(82) Concurrent marking (unload classes) 18.185ms
[290.456s][info][gc] GC(82) Pause Final Mark (unload classes) 0.157ms
[290.457s][info][gc] GC(82) Concurrent thread roots 1.157ms
[290.457s][info][gc] GC(82) Concurrent weak references 0.015ms
[290.465s][info][gc] GC(82) Concurrent weak roots 8.011ms
[290.465s][info][gc] GC(82) Concurrent cleanup 3947M->2179M(4216M) 0.037ms
[290.468s][info][gc] GC(82) Concurrent class unloading 2.680ms
[290.468s][info][gc] GC(82) Concurrent strong roots 0.036ms
[290.476s][info][gc] GC(82) Concurrent evacuation 8.245ms
[290.476s][info][gc] GC(82) Pause Init Update Refs 0.006ms
[290.486s][info][gc] GC(82) Concurrent update references 9.299ms
[290.486s][info][gc] GC(82) Concurrent update thread roots 0.283ms
[290.486s][info][gc] GC(82) Pause Final Update Refs 0.036ms
[290.486s][info][gc] GC(82) Concurrent cleanup 2213M->89M(4216M) 0.044ms
[294.015s][info][gc] Trigger: Free (460M) is below minimum threshold (460M)
[294.017s][info][gc] GC(83) Concurrent reset 1.618ms
[294.017s][info][gc] GC(83) Pause Init Mark (unload classes) 0.027ms
[294.019s][info][gc] GC(83) Concurrent marking roots 1.593ms
[294.031s][info][gc] GC(83) Concurrent marking (unload classes) 12.203ms
[294.032s][info][gc] GC(83) Pause Final Mark (unload classes) 0.128ms
[294.032s][info][gc] GC(83) Concurrent thread roots 0.656ms
[294.032s][info][gc] GC(83) Concurrent weak references 0.023ms
[294.039s][info][gc] GC(83) Concurrent weak roots 6.418ms
[294.039s][info][gc] GC(83) Concurrent cleanup 3933M->1299M(4216M) 0.053ms
[294.041s][info][gc] GC(83) Concurrent class unloading 1.998ms
[294.041s][info][gc] GC(83) Concurrent strong roots 0.035ms
[294.046s][info][gc] GC(83) Concurrent evacuation 5.147ms
[294.046s][info][gc] GC(83) Pause Init Update Refs 0.005ms
[294.052s][info][gc] GC(83) Concurrent update references 5.774ms
[294.052s][info][gc] GC(83) Concurrent update thread roots 0.294ms
[294.052s][info][gc] GC(83) Pause Final Update Refs 0.042ms
[294.053s][info][gc] GC(83) Concurrent cleanup 1333M->79M(4216M) 0.032ms
[297.490s][info][gc] Trigger: Free (460M) is below minimum threshold (460M)
[297.492s][info][gc] GC(84) Concurrent reset 1.905ms
[297.492s][info][gc] GC(84) Pause Init Mark (unload classes) 0.035ms
[297.496s][info][gc] GC(84) Concurrent marking roots 3.187ms
[297.511s][info][gc] GC(84) Concurrent marking (unload classes) 15.331ms
[297.512s][info][gc] GC(84) Pause Final Mark (unload classes) 0.108ms
[297.516s][info][gc] GC(84) Concurrent thread roots 3.710ms
[297.516s][info][gc] GC(84) Concurrent weak references 0.015ms
[297.539s][info][gc] GC(84) Concurrent weak roots 23.093ms
[297.539s][info][gc] GC(84) Concurrent cleanup 3972M->470M(4216M) 0.109ms
[297.544s][info][gc] GC(84) Concurrent class unloading 4.691ms
[297.544s][info][gc] GC(84) Concurrent strong roots 0.072ms
[297.550s][info][gc] GC(84) Concurrent evacuation 6.573ms
[297.551s][info][gc] GC(84) Pause Init Update Refs 0.010ms
[297.561s][info][gc] GC(84) Concurrent update references 9.890ms
[297.562s][info][gc] GC(84) Concurrent update thread roots 0.835ms
[297.562s][info][gc] GC(84) Pause Final Update Refs 0.058ms
[297.563s][info][gc] GC(84) Concurrent cleanup 509M->119M(4216M) 0.035ms
[299.214s][info][gc] Trigger: Free (458M) is below minimum threshold (460M)
[299.216s][info][gc] GC(85) Concurrent reset 0.529ms
[299.216s][info][gc] GC(85) Pause Init Mark (unload classes) 0.035ms
[299.219s][info][gc] GC(85) Concurrent marking roots 2.345ms
[299.267s][info][gc] GC(85) Concurrent marking (unload classes) 48.061ms
[299.267s][info][gc] GC(85) Pause Final Mark (unload classes) 0.232ms
[299.270s][info][gc] GC(85) Concurrent thread roots 2.774ms
[299.270s][info][gc] GC(85) Concurrent weak references 0.013ms
[299.277s][info][gc] GC(85) Concurrent weak roots 6.929ms
[299.277s][info][gc] GC(85) Concurrent cleanup 4030M->4030M(4216M) 0.014ms
[299.286s][info][gc] GC(85) Concurrent class unloading 8.475ms
[299.286s][info][gc] GC(85) Concurrent strong roots 0.087ms
[299.308s][info][gc] GC(85) Concurrent evacuation 21.755ms
[299.308s][info][gc] GC(85) Pause Init Update Refs 0.008ms
[299.346s][info][gc] GC(85) Concurrent update references 37.758ms
[299.347s][info][gc] GC(85) Concurrent update thread roots 0.781ms
[299.347s][info][gc] GC(85) Pause Final Update Refs 0.046ms
[299.347s][info][gc] GC(85) Concurrent cleanup 4188M->300M(4266M) 0.075ms
[300.959s][info][gc] Trigger: Average GC time (168.47 ms) is above the time for average allocation rate (2436 MB/s) to deplete free headroom (409M) (margin of error = 1.91)
[300.963s][info][gc] GC(86) Concurrent reset 4.224ms
[300.964s][info][gc] GC(86) Pause Init Mark (unload classes) 0.055ms
[300.968s][info][gc] GC(86) Concurrent marking roots 3.906ms
[301.016s][info][gc] GC(86) Concurrent marking (unload classes) 48.052ms
[301.016s][info][gc] GC(86) Pause Final Mark (unload classes) 0.205ms
[301.018s][info][gc] GC(86) Concurrent thread roots 1.275ms
[301.018s][info][gc] GC(86) Concurrent weak references 0.014ms
[301.027s][info][gc] GC(86) Concurrent weak roots 9.112ms
[301.027s][info][gc] GC(86) Concurrent cleanup 3849M->3849M(4266M) 0.019ms
[301.034s][info][gc] GC(86) Concurrent class unloading 7.223ms
[301.034s][info][gc] GC(86) Concurrent strong roots 0.069ms
[301.056s][info][gc] GC(86) Concurrent evacuation 21.617ms
[301.056s][info][gc] GC(86) Pause Init Update Refs 0.015ms
[301.099s][info][gc] GC(86) Concurrent update references 42.660ms
[301.100s][info][gc] GC(86) Concurrent update thread roots 0.599ms
[301.100s][info][gc] GC(86) Pause Final Update Refs 0.049ms
[301.100s][info][gc] GC(86) Concurrent cleanup 4024M->339M(4266M) 0.119ms
[302.534s][info][gc] Trigger: Average GC time (186.42 ms) is above the time for average allocation rate (2308 MB/s) to deplete free headroom (428M) (margin of error = 1.93)
[302.540s][info][gc] GC(87) Concurrent reset 5.091ms
[302.540s][info][gc] GC(87) Pause Init Mark (unload classes) 0.036ms
[302.543s][info][gc] GC(87) Concurrent marking roots 3.144ms
[302.619s][info][gc] GC(87) Concurrent marking (unload classes) 75.430ms
[302.619s][info][gc] GC(87) Pause Final Mark (unload classes) 0.262ms
[302.621s][info][gc] GC(87) Concurrent thread roots 1.951ms
[302.621s][info][gc] GC(87) Concurrent weak references 0.016ms
[302.629s][info][gc] GC(87) Concurrent weak roots 7.406ms
[302.629s][info][gc] GC(87) Concurrent cleanup 3877M->3871M(4266M) 0.017ms
[302.635s][info][gc] GC(87) Concurrent class unloading 6.197ms
[302.636s][info][gc] GC(87) Concurrent strong roots 0.080ms
[302.661s][info][gc] GC(87) Concurrent evacuation 25.251ms
[302.661s][info][gc] GC(87) Pause Init Update Refs 0.008ms
[302.719s][info][gc] GC(87) Concurrent update references 58.234ms
[302.720s][info][gc] GC(87) Concurrent update thread roots 0.578ms
[302.720s][info][gc] GC(87) Pause Final Update Refs 0.054ms
[302.720s][info][gc] GC(87) Concurrent cleanup 4077M->438M(4266M) 0.082ms
[304.293s][info][gc] Trigger: Average GC time (233.82 ms) is above the time for average allocation rate (2072 MB/s) to deplete free headroom (482M) (margin of error = 1.95)
[304.299s][info][gc] GC(88) Concurrent reset 5.745ms
[304.299s][info][gc] GC(88) Pause Init Mark (unload classes) 0.033ms
[304.302s][info][gc] GC(88) Concurrent marking roots 2.937ms
[304.387s][info][gc] GC(88) Concurrent marking (unload classes) 84.537ms
[304.389s][info][gc] GC(88) Pause Final Mark (unload classes) 0.253ms
[304.392s][info][gc] GC(88) Concurrent thread roots 2.721ms
[304.392s][info][gc] GC(88) Concurrent weak references 0.062ms
[304.397s][info][gc] GC(88) Concurrent weak roots 4.822ms
[304.397s][info][gc] GC(88) Concurrent cleanup 3868M->3868M(4266M) 0.007ms
[304.401s][info][gc] GC(88) Concurrent class unloading 3.451ms
[304.401s][info][gc] GC(88) Concurrent strong roots 0.079ms
[304.439s][info][gc] GC(88) Concurrent evacuation 37.565ms
[304.439s][info][gc] GC(88) Pause Init Update Refs 0.006ms
[304.503s][info][gc] GC(88) Concurrent update references 63.874ms
[304.503s][info][gc] GC(88) Concurrent update thread roots 0.469ms
[304.504s][info][gc] GC(88) Pause Final Update Refs 0.043ms
[304.504s][info][gc] GC(88) Concurrent cleanup 4066M->508M(4290M) 0.108ms
[305.764s][info][gc] Trigger: Average GC time (263.71 ms) is above the time for average allocation rate (2490 MB/s) to deplete free headroom (654M) (margin of error = 1.97)
[305.769s][info][gc] GC(89) Concurrent reset 4.180ms
[305.769s][info][gc] GC(89) Pause Init Mark (unload classes) 0.044ms
[305.772s][info][gc] GC(89) Concurrent marking roots 2.613ms
[305.851s][info][gc] GC(89) Concurrent marking (unload classes) 78.919ms
[305.851s][info][gc] GC(89) Pause Final Mark (unload classes) 0.233ms
[305.853s][info][gc] GC(89) Concurrent thread roots 1.861ms
[305.853s][info][gc] GC(89) Concurrent weak references 0.014ms
[305.861s][info][gc] GC(89) Concurrent weak roots 7.212ms
[305.861s][info][gc] GC(89) Concurrent cleanup 3690M->3688M(4290M) 0.007ms
[305.871s][info][gc] GC(89) Concurrent class unloading 10.744ms
[305.872s][info][gc] GC(89) Concurrent strong roots 0.072ms
[305.893s][info][gc] GC(89) Concurrent evacuation 21.391ms
[305.894s][info][gc] GC(89) Pause Init Update Refs 0.008ms
[305.959s][info][gc] GC(89) Concurrent update references 65.215ms
[305.960s][info][gc] GC(89) Concurrent update thread roots 0.511ms
[305.960s][info][gc] GC(89) Pause Final Update Refs 0.046ms
[305.960s][info][gc] GC(89) Concurrent cleanup 3906M->553M(4318M) 0.070ms
[310.226s][info][gc] Trigger: Free (460M) is below minimum threshold (460M)
[310.228s][info][gc] GC(90) Concurrent reset 2.588ms
[310.229s][info][gc] GC(90) Pause Init Mark (unload classes) 0.027ms
[310.230s][info][gc] GC(90) Concurrent marking roots 1.474ms
[310.258s][info][gc] GC(90) Concurrent marking (unload classes) 28.022ms
[310.258s][info][gc] GC(90) Pause Final Mark (unload classes) 0.194ms
[310.260s][info][gc] GC(90) Concurrent thread roots 0.964ms
[310.260s][info][gc] GC(90) Concurrent weak references 0.015ms
[310.265s][info][gc] GC(90) Concurrent weak roots 5.332ms
[310.265s][info][gc] GC(90) Concurrent cleanup 3943M->3345M(4318M) 0.017ms
[310.267s][info][gc] GC(90) Concurrent class unloading 1.687ms
[310.267s][info][gc] GC(90) Concurrent strong roots 0.036ms
[310.279s][info][gc] GC(90) Concurrent evacuation 12.061ms
[310.279s][info][gc] GC(90) Pause Init Update Refs 0.008ms
[310.292s][info][gc] GC(90) Concurrent update references 12.723ms
[310.292s][info][gc] GC(90) Concurrent update thread roots 0.374ms
[310.292s][info][gc] GC(90) Pause Final Update Refs 0.038ms
[310.292s][info][gc] GC(90) Concurrent cleanup 3397M->105M(4318M) 0.067ms
[313.796s][info][gc] Trigger: Average GC time (255.92 ms) is above the time for average allocation rate (1547 MB/s) to deplete free headroom (394M) (margin of error = 1.98)
[313.799s][info][gc] GC(91) Concurrent reset 2.683ms
[313.799s][info][gc] GC(91) Pause Init Mark (unload classes) 0.031ms
[313.801s][info][gc] GC(91) Concurrent marking roots 1.438ms
[313.820s][info][gc] GC(91) Concurrent marking (unload classes) 19.686ms
[313.821s][info][gc] GC(91) Pause Final Mark (unload classes) 0.146ms
[313.823s][info][gc] GC(91) Concurrent thread roots 1.922ms
[313.823s][info][gc] GC(91) Concurrent weak references 0.016ms
[313.830s][info][gc] GC(91) Concurrent weak roots 6.748ms
[313.830s][info][gc] GC(91) Concurrent cleanup 3783M->2187M(4318M) 0.039ms
[313.833s][info][gc] GC(91) Concurrent class unloading 3.040ms
[313.833s][info][gc] GC(91) Concurrent strong roots 0.042ms
[313.843s][info][gc] GC(91) Concurrent evacuation 10.125ms
[313.843s][info][gc] GC(91) Pause Init Update Refs 0.007ms
[313.852s][info][gc] GC(91) Concurrent update references 9.126ms
[313.853s][info][gc] GC(91) Concurrent update thread roots 0.274ms
[313.853s][info][gc] GC(91) Pause Final Update Refs 0.036ms
[313.853s][info][gc] GC(91) Concurrent cleanup 2243M->117M(4318M) 0.046ms
[316.510s][info][gc] Trigger: Average GC time (206.51 ms) is above the time for average allocation rate (1606 MB/s) to deplete free headroom (314M) (margin of error = 1.98)
[316.512s][info][gc] GC(92) Concurrent reset 1.695ms
[316.512s][info][gc] GC(92) Pause Init Mark (unload classes) 0.028ms
[316.514s][info][gc] GC(92) Concurrent marking roots 1.394ms
[316.526s][info][gc] GC(92) Concurrent marking (unload classes) 11.968ms
[316.526s][info][gc] GC(92) Pause Final Mark (unload classes) 0.133ms
[316.527s][info][gc] GC(92) Concurrent thread roots 1.021ms
[316.528s][info][gc] GC(92) Concurrent weak references 0.016ms
[316.542s][info][gc] GC(92) Concurrent weak roots 14.872ms
[316.543s][info][gc] GC(92) Concurrent cleanup 3860M->1216M(4318M) 0.057ms
[316.545s][info][gc] GC(92) Concurrent class unloading 2.129ms
[316.545s][info][gc] GC(92) Concurrent strong roots 0.044ms
[316.550s][info][gc] GC(92) Concurrent evacuation 5.323ms
[316.550s][info][gc] GC(92) Pause Init Update Refs 0.006ms
[316.559s][info][gc] GC(92) Concurrent update references 9.149ms
[316.560s][info][gc] GC(92) Concurrent update thread roots 0.267ms
[316.560s][info][gc] GC(92) Pause Final Update Refs 0.034ms
[316.560s][info][gc] GC(92) Concurrent cleanup 1241M->79M(4318M) 0.029ms
[319.325s][info][gc] Trigger: Free (460M) is below minimum threshold (460M)
[319.327s][info][gc] GC(93) Concurrent reset 1.049ms
[319.327s][info][gc] GC(93) Pause Init Mark (unload classes) 0.030ms
[319.329s][info][gc] GC(93) Concurrent marking roots 1.488ms
[319.336s][info][gc] GC(93) Concurrent marking (unload classes) 7.333ms
[319.336s][info][gc] GC(93) Pause Final Mark (unload classes) 0.084ms
[319.336s][info][gc] GC(93) Concurrent weak references 0.025ms
[319.347s][info][gc] GC(93) Concurrent weak roots 10.941ms
[319.348s][info][gc] GC(93) Concurrent cleanup 3935M->343M(4318M) 0.073ms
[319.350s][info][gc] GC(93) Concurrent class unloading 2.638ms
[319.350s][info][gc] GC(93) Pause Final Roots 0.003ms
[321.695s][info][gc] Trigger: Free (460M) is below minimum threshold (460M)
[321.696s][info][gc] GC(94) Concurrent reset 0.500ms
[321.696s][info][gc] GC(94) Pause Init Mark (unload classes) 0.040ms
[321.697s][info][gc] GC(94) Concurrent marking roots 1.174ms
[321.731s][info][gc] GC(94) Concurrent marking (unload classes) 33.515ms
[321.731s][info][gc] GC(94) Pause Final Mark (unload classes) 0.250ms
[321.732s][info][gc] GC(94) Concurrent thread roots 0.768ms
[321.732s][info][gc] GC(94) Concurrent weak references 0.014ms
[321.736s][info][gc] GC(94) Concurrent weak roots 3.896ms
[321.736s][info][gc] GC(94) Concurrent cleanup 3973M->3973M(4318M) 0.008ms
[321.738s][info][gc] GC(94) Concurrent class unloading 1.969ms
[321.738s][info][gc] GC(94) Concurrent strong roots 0.040ms
[321.754s][info][gc] GC(94) Concurrent evacuation 16.131ms
[321.755s][info][gc] GC(94) Pause Init Update Refs 0.006ms
[321.775s][info][gc] GC(94) Concurrent update references 19.906ms
[321.775s][info][gc] GC(94) Concurrent update thread roots 0.273ms
[321.775s][info][gc] GC(94) Pause Final Update Refs 0.045ms
[321.775s][info][gc] GC(94) Concurrent cleanup 4053M->167M(4318M) 0.075ms
[324.456s][info][gc] Trigger: Free (458M) is below minimum threshold (460M)
[324.459s][info][gc] GC(95) Concurrent reset 2.978ms
[324.459s][info][gc] GC(95) Pause Init Mark (unload classes) 0.029ms
[324.460s][info][gc] GC(95) Concurrent marking roots 1.094ms
[324.486s][info][gc] GC(95) Concurrent marking (unload classes) 25.663ms
[324.486s][info][gc] GC(95) Pause Final Mark (unload classes) 0.189ms
[324.488s][info][gc] GC(95) Concurrent thread roots 1.872ms
[324.488s][info][gc] GC(95) Concurrent weak references 0.015ms
[324.497s][info][gc] GC(95) Concurrent weak roots 8.426ms
[324.497s][info][gc] GC(95) Concurrent cleanup 3969M->3089M(4318M) 0.023ms
[324.501s][info][gc] GC(95) Concurrent class unloading 4.352ms
[324.501s][info][gc] GC(95) Concurrent strong roots 0.041ms
[324.515s][info][gc] GC(95) Concurrent evacuation 14.308ms
[324.516s][info][gc] GC(95) Pause Init Update Refs 0.007ms
[324.531s][info][gc] GC(95) Concurrent update references 15.571ms
[324.532s][info][gc] GC(95) Concurrent update thread roots 0.279ms
[324.532s][info][gc] GC(95) Pause Final Update Refs 0.046ms
[324.532s][info][gc] GC(95) Concurrent cleanup 3141M->135M(4318M) 0.060ms
[327.303s][info][gc] Trigger: Free (460M) is below minimum threshold (460M)
[327.306s][info][gc] GC(96) Concurrent reset 2.919ms
[327.307s][info][gc] GC(96) Pause Init Mark (unload classes) 0.050ms
[327.309s][info][gc] GC(96) Concurrent marking roots 1.769ms
[327.332s][info][gc] GC(96) Concurrent marking (unload classes) 23.625ms
[327.333s][info][gc] GC(96) Pause Final Mark (unload classes) 0.142ms
[327.333s][info][gc] GC(96) Concurrent thread roots 0.814ms
[327.333s][info][gc] GC(96) Concurrent weak references 0.014ms
[327.343s][info][gc] GC(96) Concurrent weak roots 9.137ms
[327.343s][info][gc] GC(96) Concurrent cleanup 3957M->2187M(4318M) 0.038ms
[327.345s][info][gc] GC(96) Concurrent class unloading 2.357ms
[327.345s][info][gc] GC(96) Concurrent strong roots 0.043ms
[327.355s][info][gc] GC(96) Concurrent evacuation 9.864ms
[327.355s][info][gc] GC(96) Pause Init Update Refs 0.007ms
[327.369s][info][gc] GC(96) Concurrent update references 13.284ms
[327.369s][info][gc] GC(96) Concurrent update thread roots 0.289ms
[327.369s][info][gc] GC(96) Pause Final Update Refs 0.038ms
[327.369s][info][gc] GC(96) Concurrent cleanup 2239M->125M(4318M) 0.046ms
[329.807s][info][gc] Trigger: Average GC time (101.29 ms) is above the time for average allocation rate (2464 MB/s) to deplete free headroom (248M) (margin of error = 1.97)
[329.818s][info][gc] GC(97) Concurrent reset 11.080ms
[329.819s][info][gc] GC(97) Pause Init Mark (unload classes) 0.034ms
[329.822s][info][gc] GC(97) Concurrent marking roots 3.134ms
[329.850s][info][gc] GC(97) Concurrent marking (unload classes) 27.107ms
[329.850s][info][gc] GC(97) Pause Final Mark (unload classes) 0.143ms
[329.852s][info][gc] GC(97) Concurrent thread roots 2.230ms
[329.852s][info][gc] GC(97) Concurrent weak references 0.016ms
[329.870s][info][gc] GC(97) Concurrent weak roots 17.317ms
[329.870s][info][gc] GC(97) Concurrent cleanup 4036M->1387M(4318M) 0.147ms
[329.881s][info][gc] GC(97) Concurrent class unloading 10.876ms
[329.881s][info][gc] GC(97) Concurrent strong roots 0.134ms
[329.895s][info][gc] GC(97) Concurrent evacuation 14.050ms
[329.896s][info][gc] GC(97) Pause Init Update Refs 0.009ms
[329.913s][info][gc] GC(97) Concurrent update references 17.466ms
[329.914s][info][gc] GC(97) Concurrent update thread roots 0.865ms
[329.914s][info][gc] GC(97) Pause Final Update Refs 0.036ms
[329.914s][info][gc] GC(97) Concurrent cleanup 1519M->271M(4318M) 0.030ms
[331.193s][info][gc] Trigger: Average GC time (133.57 ms) is above the time for average allocation rate (2860 MB/s) to deplete free headroom (380M) (margin of error = 1.97)
[331.199s][info][gc] GC(98) Concurrent reset 5.691ms
[331.199s][info][gc] GC(98) Pause Init Mark (unload classes) 0.036ms
[331.202s][info][gc] GC(98) Concurrent marking roots 3.080ms
[331.282s][info][gc] GC(98) Concurrent marking (unload classes) 79.963ms
[331.283s][info][gc] GC(98) Pause Final Mark (unload classes) 0.245ms
[331.286s][info][gc] GC(98) Concurrent thread roots 2.567ms
[331.286s][info][gc] GC(98) Concurrent weak references 0.016ms
[331.293s][info][gc] GC(98) Concurrent weak roots 6.898ms
[331.293s][info][gc] GC(98) Concurrent cleanup 3983M->3983M(4318M) 0.016ms
[331.304s][info][gc] GC(98) Concurrent class unloading 11.293ms
[331.304s][info][gc] GC(98) Concurrent strong roots 0.074ms
[331.332s][info][gc] GC(98) Concurrent evacuation 27.320ms
[331.332s][info][gc] GC(98) Pause Init Update Refs 0.008ms
[331.370s][info][gc] GC(98) Concurrent update references 37.481ms
[331.370s][info][gc] GC(98) Concurrent update thread roots 0.598ms
[331.371s][info][gc] GC(98) Pause Final Update Refs 0.044ms
[331.371s][info][gc] GC(98) Concurrent cleanup 4152M->410M(4318M) 0.113ms
[332.477s][info][gc] Trigger: Average GC time (227.70 ms) is above the time for average allocation rate (2754 MB/s) to deplete free headroom (625M) (margin of error = 1.98)
[332.482s][info][gc] GC(99) Concurrent reset 4.212ms
[332.482s][info][gc] GC(99) Pause Init Mark (unload classes) 0.037ms
[332.486s][info][gc] GC(99) Concurrent marking roots 3.287ms
[332.536s][info][gc] GC(99) Concurrent marking (unload classes) 50.388ms
[332.537s][info][gc] GC(99) Pause Final Mark (unload classes) 0.212ms
[332.538s][info][gc] GC(99) Concurrent thread roots 1.512ms
[332.538s][info][gc] GC(99) Concurrent weak references 0.016ms
[332.546s][info][gc] GC(99) Concurrent weak roots 7.808ms
[332.546s][info][gc] GC(99) Concurrent cleanup 3669M->3669M(4318M) 0.015ms
[332.556s][info][gc] GC(99) Concurrent class unloading 10.284ms
[332.557s][info][gc] GC(99) Concurrent strong roots 0.070ms
[332.579s][info][gc] GC(99) Concurrent evacuation 22.709ms
[332.580s][info][gc] GC(99) Pause Init Update Refs 0.013ms
[332.621s][info][gc] GC(99) Concurrent update references 41.082ms
[332.622s][info][gc] GC(99) Concurrent update thread roots 0.569ms
[332.622s][info][gc] GC(99) Pause Final Update Refs 0.046ms
[332.622s][info][gc] GC(99) Concurrent cleanup 3854M->393M(4318M) 0.068ms
[333.728s][info][gc] Trigger: Average GC time (207.27 ms) is above the time for average allocation rate (2871 MB/s) to deplete free headroom (592M) (margin of error = 1.99)
[333.733s][info][gc] GC(100) Concurrent reset 4.099ms
[333.733s][info][gc] GC(100) Pause Init Mark (unload classes) 0.034ms
[333.737s][info][gc] GC(100) Concurrent marking roots 3.709ms
[333.794s][info][gc] GC(100) Concurrent marking (unload classes) 57.212ms
[333.795s][info][gc] GC(100) Pause Final Mark (unload classes) 0.210ms
[333.796s][info][gc] GC(100) Concurrent thread roots 1.484ms
[333.796s][info][gc] GC(100) Concurrent weak references 0.022ms
[333.804s][info][gc] GC(100) Concurrent weak roots 8.167ms
[333.804s][info][gc] GC(100) Concurrent cleanup 3727M->3725M(4318M) 0.016ms
[333.810s][info][gc] GC(100) Concurrent class unloading 5.010ms
[333.810s][info][gc] GC(100) Concurrent strong roots 0.072ms
[333.830s][info][gc] GC(100) Concurrent evacuation 20.031ms
[333.830s][info][gc] GC(100) Pause Init Update Refs 0.009ms
[333.872s][info][gc] GC(100) Concurrent update references 41.865ms
[333.873s][info][gc] GC(100) Concurrent update thread roots 0.939ms
[333.874s][info][gc] GC(100) Pause Final Update Refs 0.041ms
[333.874s][info][gc] GC(100) Concurrent cleanup 3913M->447M(4318M) 0.070ms
[335.011s][info][gc] Trigger: Average GC time (191.28 ms) is above the time for average allocation rate (2741 MB/s) to deplete free headroom (522M) (margin of error = 2.01)
[335.015s][info][gc] GC(101) Concurrent reset 4.015ms
[335.016s][info][gc] GC(101) Pause Init Mark (unload classes) 0.034ms
[335.019s][info][gc] GC(101) Concurrent marking roots 3.333ms
[335.096s][info][gc] GC(101) Concurrent marking (unload classes) 77.220ms
[335.097s][info][gc] GC(101) Pause Final Mark (unload classes) 0.230ms
[335.099s][info][gc] GC(101) Concurrent thread roots 1.420ms
[335.099s][info][gc] GC(101) Concurrent weak references 0.018ms
[335.111s][info][gc] GC(101) Concurrent weak roots 11.952ms
[335.111s][info][gc] GC(101) Concurrent cleanup 3866M->3864M(4318M) 0.017ms
[335.124s][info][gc] GC(101) Concurrent class unloading 13.220ms
[335.124s][info][gc] GC(101) Concurrent strong roots 0.063ms
[335.148s][info][gc] GC(101) Concurrent evacuation 23.555ms
[335.148s][info][gc] GC(101) Pause Init Update Refs 0.008ms
[335.226s][info][gc] GC(101) Concurrent update references 77.448ms
[335.226s][info][gc] GC(101) Concurrent update thread roots 0.567ms
[335.227s][info][gc] GC(101) Pause Final Update Refs 0.045ms
[335.227s][info][gc] GC(101) Concurrent cleanup 4147M->641M(4318M) 0.068ms
[336.204s][info][gc] Trigger: Average GC time (261.40 ms) is above the time for average allocation rate (2872 MB/s) to deplete free headroom (750M) (margin of error = 2.03)
[336.209s][info][gc] GC(102) Concurrent reset 4.045ms
[336.209s][info][gc] GC(102) Pause Init Mark (unload classes) 0.041ms
[336.212s][info][gc] GC(102) Concurrent marking roots 2.580ms
[336.290s][info][gc] GC(102) Concurrent marking (unload classes) 78.361ms
[336.291s][info][gc] GC(102) Pause Final Mark (unload classes) 0.207ms
[336.294s][info][gc] GC(102) Concurrent thread roots 3.579ms
[336.294s][info][gc] GC(102) Concurrent weak references 0.012ms
[336.301s][info][gc] GC(102) Concurrent weak roots 6.512ms
[336.301s][info][gc] GC(102) Concurrent cleanup 3631M->3631M(4318M) 0.015ms
[336.315s][info][gc] GC(102) Concurrent class unloading 14.204ms
[336.315s][info][gc] GC(102) Concurrent strong roots 0.072ms
[336.336s][info][gc] GC(102) Concurrent evacuation 20.523ms
[336.336s][info][gc] GC(102) Pause Init Update Refs 0.007ms
[336.399s][info][gc] GC(102) Concurrent update references 62.800ms
[336.400s][info][gc] GC(102) Concurrent update thread roots 0.581ms
[336.400s][info][gc] GC(102) Pause Final Update Refs 0.045ms
[336.400s][info][gc] GC(102) Concurrent cleanup 3855M->603M(4332M) 0.065ms
[337.467s][info][gc] Trigger: Average GC time (248.64 ms) is above the time for average allocation rate (2945 MB/s) to deplete free headroom (732M) (margin of error = 2.04)
[337.473s][info][gc] GC(103) Concurrent reset 5.888ms
[337.474s][info][gc] GC(103) Pause Init Mark (unload classes) 0.029ms
[337.476s][info][gc] GC(103) Concurrent marking roots 2.352ms
[337.563s][info][gc] GC(103) Concurrent marking (unload classes) 87.076ms
[337.564s][info][gc] GC(103) Pause Final Mark (unload classes) 0.223ms
[337.568s][info][gc] GC(103) Concurrent thread roots 4.487ms
[337.568s][info][gc] GC(103) Concurrent weak references 0.024ms
[337.574s][info][gc] GC(103) Concurrent weak roots 5.762ms
[337.574s][info][gc] GC(103) Concurrent cleanup 3661M->3661M(4332M) 0.015ms
[337.582s][info][gc] GC(103) Concurrent class unloading 7.627ms
[337.582s][info][gc] GC(103) Concurrent strong roots 0.068ms
[337.602s][info][gc] GC(103) Concurrent evacuation 19.757ms
[337.602s][info][gc] GC(103) Pause Init Update Refs 0.008ms
[337.672s][info][gc] GC(103) Concurrent update references 69.146ms
[337.672s][info][gc] GC(103) Concurrent update thread roots 0.651ms
[337.673s][info][gc] GC(103) Pause Final Update Refs 0.040ms
[337.675s][info][gc] GC(103) Concurrent cleanup 3901M->659M(4352M) 0.102ms
[339.263s][info][gc] Trigger: Average GC time (245.92 ms) is above the time for average allocation rate (1875 MB/s) to deplete free headroom (460M) (margin of error = 2.05)
[339.267s][info][gc] GC(104) Concurrent reset 3.667ms
[339.267s][info][gc] GC(104) Pause Init Mark (unload classes) 0.036ms
[339.269s][info][gc] GC(104) Concurrent marking roots 1.862ms
[339.286s][info][gc] GC(104) Concurrent marking (unload classes) 17.436ms
[339.287s][info][gc] GC(104) Pause Final Mark (unload classes) 0.149ms
[339.289s][info][gc] GC(104) Concurrent thread roots 1.821ms
[339.289s][info][gc] GC(104) Concurrent weak references 0.016ms
[339.301s][info][gc] GC(104) Concurrent weak roots 12.368ms
[339.301s][info][gc] GC(104) Concurrent cleanup 3743M->1801M(4352M) 0.042ms
[339.304s][info][gc] GC(104) Concurrent class unloading 3.212ms
[339.305s][info][gc] GC(104) Concurrent strong roots 0.071ms
[339.315s][info][gc] GC(104) Concurrent evacuation 10.802ms
[339.316s][info][gc] GC(104) Pause Init Update Refs 0.010ms
[339.327s][info][gc] GC(104) Concurrent update references 11.453ms
[339.327s][info][gc] GC(104) Concurrent update thread roots 0.294ms
[339.328s][info][gc] GC(104) Pause Final Update Refs 0.039ms
[339.328s][info][gc] GC(104) Concurrent cleanup 1871M->149M(4352M) 0.036ms
[341.895s][info][gc] Trigger: Average GC time (270.97 ms) is above the time for average allocation rate (1200 MB/s) to deplete free headroom (324M) (margin of error = 2.04)
[341.897s][info][gc] GC(105) Concurrent reset 1.436ms
[341.898s][info][gc] GC(105) Pause Init Mark (unload classes) 0.037ms
[341.901s][info][gc] GC(105) Concurrent marking roots 3.389ms
[341.915s][info][gc] GC(105) Concurrent marking (unload classes) 13.891ms
[341.916s][info][gc] GC(105) Pause Final Mark (unload classes) 0.132ms
[341.918s][info][gc] GC(105) Concurrent thread roots 2.392ms
[341.918s][info][gc] GC(105) Concurrent weak references 0.019ms
[341.930s][info][gc] GC(105) Concurrent weak roots 11.558ms
[341.930s][info][gc] GC(105) Concurrent cleanup 3865M->629M(4352M) 0.067ms
[341.937s][info][gc] GC(105) Concurrent class unloading 6.947ms
[341.937s][info][gc] GC(105) Concurrent strong roots 0.119ms
[341.943s][info][gc] GC(105) Concurrent evacuation 5.470ms
[341.943s][info][gc] GC(105) Pause Init Update Refs 0.024ms
[341.952s][info][gc] GC(105) Concurrent update references 9.313ms
[341.955s][info][gc] GC(105) Concurrent update thread roots 2.231ms
[341.955s][info][gc] GC(105) Pause Final Update Refs 0.047ms
[341.955s][info][gc] GC(105) Concurrent cleanup 657M->101M(4352M) 0.030ms
[344.158s][info][gc] Trigger: Average GC time (217.53 ms) is above the time for average allocation rate (1684 MB/s) to deplete free headroom (366M) (margin of error = 2.03)
[344.159s][info][gc] GC(106) Concurrent reset 0.699ms
[344.160s][info][gc] GC(106) Pause Init Mark (unload classes) 0.033ms
[344.161s][info][gc] GC(106) Concurrent marking roots 1.313ms
[344.211s][info][gc] GC(106) Concurrent marking (unload classes) 50.097ms
[344.212s][info][gc] GC(106) Pause Final Mark (unload classes) 0.213ms
[344.213s][info][gc] GC(106) Concurrent thread roots 1.113ms
[344.213s][info][gc] GC(106) Concurrent weak references 0.016ms
[344.218s][info][gc] GC(106) Concurrent weak roots 4.951ms
[344.218s][info][gc] GC(106) Concurrent cleanup 3853M->3853M(4352M) 0.008ms
[344.221s][info][gc] GC(106) Concurrent class unloading 3.232ms
[344.221s][info][gc] GC(106) Concurrent strong roots 0.036ms
[344.240s][info][gc] GC(106) Concurrent evacuation 19.203ms
[344.241s][info][gc] GC(106) Pause Init Update Refs 0.007ms
[344.263s][info][gc] GC(106) Concurrent update references 22.816ms
[344.264s][info][gc] GC(106) Concurrent update thread roots 0.350ms
[344.264s][info][gc] GC(106) Pause Final Update Refs 0.052ms
[344.264s][info][gc] GC(106) Concurrent cleanup 3957M->217M(4352M) 0.073ms
[346.364s][info][gc] Trigger: Average GC time (187.30 ms) is above the time for average allocation rate (1967 MB/s) to deplete free headroom (368M) (margin of error = 2.02)
[346.367s][info][gc] GC(107) Concurrent reset 3.114ms
[346.367s][info][gc] GC(107) Pause Init Mark (unload classes) 0.039ms
[346.370s][info][gc] GC(107) Concurrent marking roots 2.493ms
[346.398s][info][gc] GC(107) Concurrent marking (unload classes) 28.413ms
[346.399s][info][gc] GC(107) Pause Final Mark (unload classes) 0.197ms
[346.401s][info][gc] GC(107) Concurrent thread roots 2.240ms
[346.401s][info][gc] GC(107) Concurrent weak references 0.019ms
[346.408s][info][gc] GC(107) Concurrent weak roots 7.183ms
[346.408s][info][gc] GC(107) Concurrent cleanup 3849M->3355M(4352M) 0.015ms
[346.413s][info][gc] GC(107) Concurrent class unloading 4.535ms
[346.413s][info][gc] GC(107) Concurrent strong roots 0.065ms
[346.429s][info][gc] GC(107) Concurrent evacuation 15.784ms
[346.429s][info][gc] GC(107) Pause Init Update Refs 0.009ms
[346.446s][info][gc] GC(107) Concurrent update references 16.666ms
[346.446s][info][gc] GC(107) Concurrent update thread roots 0.304ms
[346.446s][info][gc] GC(107) Pause Final Update Refs 0.043ms
[346.446s][info][gc] GC(107) Concurrent cleanup 3435M->183M(4352M) 0.064ms
[348.784s][info][gc] Trigger: Average GC time (155.25 ms) is above the time for average allocation rate (1741 MB/s) to deplete free headroom (270M) (margin of error = 2.01)
[348.789s][info][gc] GC(108) Concurrent reset 4.582ms
[348.789s][info][gc] GC(108) Pause Init Mark (unload classes) 0.036ms
[348.792s][info][gc] GC(108) Concurrent marking roots 2.359ms
[348.814s][info][gc] GC(108) Concurrent marking (unload classes) 22.020ms
[348.814s][info][gc] GC(108) Pause Final Mark (unload classes) 0.147ms
[348.816s][info][gc] GC(108) Concurrent thread roots 1.979ms
[348.816s][info][gc] GC(108) Concurrent weak references 0.020ms
[348.838s][info][gc] GC(108) Concurrent weak roots 21.461ms
[348.838s][info][gc] GC(108) Concurrent cleanup 3958M->2438M(4352M) 0.072ms
[348.840s][info][gc] GC(108) Concurrent class unloading 2.380ms
[348.840s][info][gc] GC(108) Concurrent strong roots 0.043ms
[348.852s][info][gc] GC(108) Concurrent evacuation 12.001ms
[348.853s][info][gc] GC(108) Pause Init Update Refs 0.007ms
[348.869s][info][gc] GC(108) Concurrent update references 15.919ms
[348.869s][info][gc] GC(108) Concurrent update thread roots 0.301ms
[348.869s][info][gc] GC(108) Pause Final Update Refs 0.044ms
[348.869s][info][gc] GC(108) Concurrent cleanup 2483M->155M(4352M) 0.049ms
[351.100s][info][gc] Trigger: Average GC time (133.63 ms) is above the time for average allocation rate (1851 MB/s) to deplete free headroom (244M) (margin of error = 2.00)
[351.106s][info][gc] GC(109) Concurrent reset 6.542ms
[351.107s][info][gc] GC(109) Pause Init Mark (unload classes) 0.033ms
[351.109s][info][gc] GC(109) Concurrent marking roots 2.331ms
[351.129s][info][gc] GC(109) Concurrent marking (unload classes) 19.719ms
[351.129s][info][gc] GC(109) Pause Final Mark (unload classes) 0.163ms
[351.132s][info][gc] GC(109) Concurrent thread roots 2.972ms
[351.133s][info][gc] GC(109) Concurrent weak references 0.020ms
[351.142s][info][gc] GC(109) Concurrent weak roots 9.802ms
[351.143s][info][gc] GC(109) Concurrent cleanup 3941M->1495M(4352M) 0.091ms
[351.146s][info][gc] GC(109) Concurrent class unloading 3.661ms
[351.146s][info][gc] GC(109) Concurrent strong roots 0.045ms
[351.153s][info][gc] GC(109) Concurrent evacuation 6.891ms
[351.153s][info][gc] GC(109) Pause Init Update Refs 0.006ms
[351.163s][info][gc] GC(109) Concurrent update references 9.206ms
[351.163s][info][gc] GC(109) Concurrent update thread roots 0.276ms
[351.163s][info][gc] GC(109) Pause Final Update Refs 0.044ms
[351.163s][info][gc] GC(109) Concurrent cleanup 1533M->99M(4352M) 0.037ms
[353.317s][info][gc] Trigger: Average GC time (116.26 ms) is above the time for instantaneous allocation rate (3032 MB/s) to deplete free headroom (332M) (spike threshold = 1.80)
[353.321s][info][gc] GC(110) Concurrent reset 3.822ms
[353.321s][info][gc] GC(110) Pause Init Mark (unload classes) 0.036ms
[353.328s][info][gc] GC(110) Concurrent marking roots 7.478ms
[353.348s][info][gc] GC(110) Concurrent marking (unload classes) 19.394ms
[353.349s][info][gc] GC(110) Pause Final Mark (unload classes) 0.113ms
[353.353s][info][gc] GC(110) Concurrent thread roots 3.656ms
[353.353s][info][gc] GC(110) Concurrent weak references 0.045ms
[353.386s][info][gc] GC(110) Concurrent weak roots 32.960ms
[353.386s][info][gc] GC(110) Concurrent cleanup 3924M->602M(4352M) 0.106ms
[353.392s][info][gc] GC(110) Concurrent class unloading 5.685ms
[353.392s][info][gc] GC(110) Concurrent strong roots 0.081ms
[353.399s][info][gc] GC(110) Concurrent evacuation 7.395ms
[353.400s][info][gc] GC(110) Pause Init Update Refs 0.008ms
[353.420s][info][gc] GC(110) Concurrent update references 19.863ms
[353.420s][info][gc] GC(110) Concurrent update thread roots 0.543ms
[353.421s][info][gc] GC(110) Pause Final Update Refs 0.038ms
[353.421s][info][gc] GC(110) Concurrent cleanup 680M->210M(4352M) 0.014ms
[354.695s][info][gc] Trigger: Average GC time (130.05 ms) is above the time for average allocation rate (2653 MB/s) to deplete free headroom (343M) (margin of error = 1.99)
[354.696s][info][gc] GC(111) Concurrent reset 0.772ms
[354.696s][info][gc] GC(111) Pause Init Mark (unload classes) 0.033ms
[354.700s][info][gc] GC(111) Concurrent marking roots 3.102ms
[354.748s][info][gc] GC(111) Concurrent marking (unload classes) 48.727ms
[354.749s][info][gc] GC(111) Pause Final Mark (unload classes) 0.227ms
[354.750s][info][gc] GC(111) Concurrent thread roots 1.206ms
[354.750s][info][gc] GC(111) Concurrent weak references 0.017ms
[354.762s][info][gc] GC(111) Concurrent weak roots 12.002ms
[354.762s][info][gc] GC(111) Concurrent cleanup 3924M->3922M(4352M) 0.016ms
[354.781s][info][gc] GC(111) Concurrent class unloading 18.037ms
[354.781s][info][gc] GC(111) Concurrent strong roots 0.077ms
[354.813s][info][gc] GC(111) Concurrent evacuation 32.087ms
[354.813s][info][gc] GC(111) Pause Init Update Refs 0.010ms
[354.862s][info][gc] GC(111) Concurrent update references 40.081ms
[354.863s][info][gc] GC(111) Concurrent update thread roots 0.983ms
[354.863s][info][gc] GC(111) Pause Final Update Refs 0.046ms
[354.864s][info][gc] GC(111) Concurrent cleanup 4143M->372M(4352M) 0.117ms
[355.980s][info][gc] Trigger: Average GC time (212.28 ms) is above the time for average allocation rate (2853 MB/s) to deplete free headroom (603M) (margin of error = 2.00)
[355.985s][info][gc] GC(112) Concurrent reset 4.058ms
[355.985s][info][gc] GC(112) Pause Init Mark (unload classes) 0.034ms
[355.987s][info][gc] GC(112) Concurrent marking roots 2.243ms
[356.037s][info][gc] GC(112) Concurrent marking (unload classes) 49.303ms
[356.037s][info][gc] GC(112) Pause Final Mark (unload classes) 0.190ms
[356.038s][info][gc] GC(112) Concurrent thread roots 1.096ms
[356.038s][info][gc] GC(112) Concurrent weak references 0.013ms
[356.052s][info][gc] GC(112) Concurrent weak roots 13.383ms
[356.052s][info][gc] GC(112) Concurrent cleanup 3692M->3692M(4352M) 0.016ms
[356.070s][info][gc] GC(112) Concurrent class unloading 17.567ms
[356.072s][info][gc] GC(112) Concurrent strong roots 2.561ms
[356.091s][info][gc] GC(112) Concurrent evacuation 19.051ms
[356.092s][info][gc] GC(112) Pause Init Update Refs 0.007ms
[356.127s][info][gc] GC(112) Concurrent update references 35.004ms
[356.127s][info][gc] GC(112) Concurrent update thread roots 0.563ms
[356.128s][info][gc] GC(112) Pause Final Update Refs 0.042ms
[356.128s][info][gc] GC(112) Concurrent cleanup 3879M->399M(4352M) 0.106ms
[357.259s][info][gc] Trigger: Average GC time (200.09 ms) is above the time for average allocation rate (2840 MB/s) to deplete free headroom (566M) (margin of error = 2.00)
[357.264s][info][gc] GC(113) Concurrent reset 4.470ms
[357.264s][info][gc] GC(113) Pause Init Mark (unload classes) 0.031ms
[357.267s][info][gc] GC(113) Concurrent marking roots 2.507ms
[357.332s][info][gc] GC(113) Concurrent marking (unload classes) 65.042ms
[357.333s][info][gc] GC(113) Pause Final Mark (unload classes) 0.239ms
[357.336s][info][gc] GC(113) Concurrent thread roots 2.884ms
[357.336s][info][gc] GC(113) Concurrent weak references 0.013ms
[357.346s][info][gc] GC(113) Concurrent weak roots 10.224ms
[357.346s][info][gc] GC(113) Concurrent cleanup 3775M->3767M(4352M) 0.016ms
[357.357s][info][gc] GC(113) Concurrent class unloading 10.665ms
[357.358s][info][gc] GC(113) Concurrent strong roots 1.119ms
[357.389s][info][gc] GC(113) Concurrent evacuation 31.268ms
[357.390s][info][gc] GC(113) Pause Init Update Refs 0.007ms
[357.445s][info][gc] GC(113) Concurrent update references 55.786ms
[357.446s][info][gc] GC(113) Concurrent update thread roots 0.586ms
[357.446s][info][gc] GC(113) Pause Final Update Refs 0.041ms
[357.447s][info][gc] GC(113) Concurrent cleanup 3996M->510M(4352M) 0.106ms
[358.518s][info][gc] Trigger: Average GC time (229.60 ms) is above the time for average allocation rate (2815 MB/s) to deplete free headroom (644M) (margin of error = 2.02)
[358.526s][info][gc] GC(114) Concurrent reset 7.637ms
[358.528s][info][gc] GC(114) Pause Init Mark (unload classes) 0.036ms
[358.533s][info][gc] GC(114) Concurrent marking roots 5.239ms
[358.588s][info][gc] GC(114) Concurrent marking (unload classes) 55.285ms
[358.589s][info][gc] GC(114) Pause Final Mark (unload classes) 0.198ms
[358.591s][info][gc] GC(114) Concurrent thread roots 1.520ms
[358.591s][info][gc] GC(114) Concurrent weak references 0.033ms
[358.597s][info][gc] GC(114) Concurrent weak roots 5.402ms
[358.597s][info][gc] GC(114) Concurrent cleanup 3663M->3661M(4352M) 0.016ms
[358.602s][info][gc] GC(114) Concurrent class unloading 5.471ms
[358.602s][info][gc] GC(114) Concurrent strong roots 0.192ms
[358.622s][info][gc] GC(114) Concurrent evacuation 18.971ms
[358.622s][info][gc] GC(114) Pause Init Update Refs 0.014ms
[358.685s][info][gc] GC(114) Concurrent update references 62.718ms
[358.685s][info][gc] GC(114) Concurrent update thread roots 0.553ms
[358.686s][info][gc] GC(114) Pause Final Update Refs 0.057ms
[358.686s][info][gc] GC(114) Concurrent cleanup 3875M->475M(4352M) 0.104ms
[359.826s][info][gc] Trigger: Average GC time (212.87 ms) is above the time for average allocation rate (2640 MB/s) to deplete free headroom (558M) (margin of error = 2.04)
[359.831s][info][gc] GC(115) Concurrent reset 5.082ms
[359.831s][info][gc] GC(115) Pause Init Mark (unload classes) 0.040ms
[359.835s][info][gc] GC(115) Concurrent marking roots 3.653ms
[359.917s][info][gc] GC(115) Concurrent marking (unload classes) 82.004ms
[359.918s][info][gc] GC(115) Pause Final Mark (unload classes) 0.224ms
[359.920s][info][gc] GC(115) Concurrent thread roots 2.195ms
[359.920s][info][gc] GC(115) Concurrent weak references 0.015ms
[359.931s][info][gc] GC(115) Concurrent weak roots 11.531ms
[359.932s][info][gc] GC(115) Concurrent cleanup 3789M->3789M(4352M) 0.017ms
[359.937s][info][gc] GC(115) Concurrent class unloading 5.534ms
[359.937s][info][gc] GC(115) Concurrent strong roots 0.064ms
[359.956s][info][gc] GC(115) Concurrent evacuation 18.862ms
[359.957s][info][gc] GC(115) Pause Init Update Refs 0.012ms
[360.018s][info][gc] GC(115) Concurrent update references 61.378ms
[360.019s][info][gc] GC(115) Concurrent update thread roots 0.543ms
[360.019s][info][gc] GC(115) Pause Final Update Refs 0.048ms
[360.019s][info][gc] GC(115) Concurrent cleanup 3997M->547M(4352M) 0.107ms
[361.125s][info][gc] Trigger: Average GC time (224.23 ms) is above the time for average allocation rate (2776 MB/s) to deplete free headroom (616M) (margin of error = 2.05)
[361.130s][info][gc] GC(116) Concurrent reset 4.453ms
[361.131s][info][gc] GC(116) Pause Init Mark (unload classes) 0.036ms
[361.133s][info][gc] GC(116) Concurrent marking roots 2.663ms
[361.205s][info][gc] GC(116) Concurrent marking (unload classes) 71.420ms
[361.205s][info][gc] GC(116) Pause Final Mark (unload classes) 0.214ms
[361.208s][info][gc] GC(116) Concurrent thread roots 2.695ms
[361.208s][info][gc] GC(116) Concurrent weak references 0.025ms
[361.235s][info][gc] GC(116) Concurrent weak roots 26.784ms
[361.235s][info][gc] GC(116) Concurrent cleanup 3729M->3729M(4352M) 0.015ms
[361.239s][info][gc] GC(116) Concurrent class unloading 4.028ms
[361.239s][info][gc] GC(116) Concurrent strong roots 0.074ms
[361.259s][info][gc] GC(116) Concurrent evacuation 19.946ms
[361.260s][info][gc] GC(116) Pause Init Update Refs 0.010ms
[361.324s][info][gc] GC(116) Concurrent update references 64.488ms
[361.325s][info][gc] GC(116) Concurrent update thread roots 0.937ms
[361.326s][info][gc] GC(116) Pause Final Update Refs 0.045ms
[361.326s][info][gc] GC(116) Concurrent cleanup 3957M->591M(4352M) 0.104ms
[362.796s][info][gc] Trigger: Average GC time (229.00 ms) is above the time for average allocation rate (1987 MB/s) to deplete free headroom (454M) (margin of error = 2.07)
[362.800s][info][gc] GC(117) Concurrent reset 4.009ms
[362.801s][info][gc] GC(117) Pause Init Mark (unload classes) 0.036ms
[362.804s][info][gc] GC(117) Concurrent marking roots 2.765ms
[362.822s][info][gc] GC(117) Concurrent marking (unload classes) 17.975ms
[362.822s][info][gc] GC(117) Pause Final Mark (unload classes) 0.142ms
[362.823s][info][gc] GC(117) Concurrent thread roots 0.706ms
[362.823s][info][gc] GC(117) Concurrent weak references 0.013ms
[362.835s][info][gc] GC(117) Concurrent weak roots 12.346ms
[362.835s][info][gc] GC(117) Concurrent cleanup 3767M->1291M(4352M) 0.051ms
[362.839s][info][gc] GC(117) Concurrent class unloading 3.393ms
[362.839s][info][gc] GC(117) Concurrent strong roots 0.061ms
[362.846s][info][gc] GC(117) Concurrent evacuation 6.761ms
[362.846s][info][gc] GC(117) Pause Init Update Refs 0.011ms
[362.857s][info][gc] GC(117) Concurrent update references 10.981ms
[362.857s][info][gc] GC(117) Concurrent update thread roots 0.289ms
[362.858s][info][gc] GC(117) Pause Final Update Refs 0.034ms
[362.858s][info][gc] GC(117) Concurrent cleanup 1355M->167M(4352M) 0.028ms
[364.580s][info][gc] Trigger: Average GC time (261.07 ms) is above the time for average allocation rate (2071 MB/s) to deplete free headroom (539M) (margin of error = 2.06)
[364.581s][info][gc] GC(118) Concurrent reset 0.967ms
[364.581s][info][gc] GC(118) Pause Init Mark (unload classes) 0.026ms
[364.583s][info][gc] GC(118) Concurrent marking roots 2.147ms
[364.615s][info][gc] GC(118) Concurrent marking (unload classes) 31.867ms
[364.616s][info][gc] GC(118) Pause Final Mark (unload classes) 0.214ms
[364.616s][info][gc] GC(118) Concurrent thread roots 0.557ms
[364.616s][info][gc] GC(118) Concurrent weak references 0.013ms
[364.620s][info][gc] GC(118) Concurrent weak roots 3.773ms
[364.620s][info][gc] GC(118) Concurrent cleanup 3659M->3657M(4352M) 0.010ms
[364.623s][info][gc] GC(118) Concurrent class unloading 3.058ms
[364.623s][info][gc] GC(118) Concurrent strong roots 0.047ms
[364.637s][info][gc] GC(118) Concurrent evacuation 13.982ms
[364.637s][info][gc] GC(118) Pause Init Update Refs 0.007ms
[364.660s][info][gc] GC(118) Concurrent update references 22.531ms
[364.660s][info][gc] GC(118) Concurrent update thread roots 0.289ms
[364.660s][info][gc] GC(118) Pause Final Update Refs 0.039ms
[364.661s][info][gc] GC(118) Concurrent cleanup 3747M->187M(4352M) 0.072ms
[366.530s][info][gc] Trigger: Average GC time (209.02 ms) is above the time for average allocation rate (2166 MB/s) to deplete free headroom (451M) (margin of error = 2.05)
[366.534s][info][gc] GC(119) Concurrent reset 3.855ms
[366.534s][info][gc] GC(119) Pause Init Mark (unload classes) 0.033ms
[366.538s][info][gc] GC(119) Concurrent marking roots 3.334ms
[366.575s][info][gc] GC(119) Concurrent marking (unload classes) 36.685ms
[366.575s][info][gc] GC(119) Pause Final Mark (unload classes) 0.224ms
[366.578s][info][gc] GC(119) Concurrent thread roots 2.489ms
[366.578s][info][gc] GC(119) Concurrent weak references 0.015ms
[366.587s][info][gc] GC(119) Concurrent weak roots 9.120ms
[366.587s][info][gc] GC(119) Concurrent cleanup 3798M->3604M(4352M) 0.020ms
[366.590s][info][gc] GC(119) Concurrent class unloading 2.772ms
[366.590s][info][gc] GC(119) Concurrent strong roots 0.067ms
[366.608s][info][gc] GC(119) Concurrent evacuation 18.467ms
[366.609s][info][gc] GC(119) Pause Init Update Refs 0.009ms
[366.632s][info][gc] GC(119) Concurrent update references 22.958ms
[366.632s][info][gc] GC(119) Concurrent update thread roots 0.277ms
[366.632s][info][gc] GC(119) Pause Final Update Refs 0.041ms
[366.632s][info][gc] GC(119) Concurrent cleanup 3721M->255M(4352M) 0.069ms
[368.543s][info][gc] Trigger: Average GC time (177.19 ms) is above the time for average allocation rate (2122 MB/s) to deplete free headroom (371M) (margin of error = 2.04)
[368.547s][info][gc] GC(120) Concurrent reset 3.854ms
[368.547s][info][gc] GC(120) Pause Init Mark (unload classes) 0.033ms
[368.551s][info][gc] GC(120) Concurrent marking roots 3.968ms
[368.580s][info][gc] GC(120) Concurrent marking (unload classes) 29.489ms
[368.581s][info][gc] GC(120) Pause Final Mark (unload classes) 0.170ms
[368.582s][info][gc] GC(120) Concurrent thread roots 1.315ms
[368.582s][info][gc] GC(120) Concurrent weak references 0.016ms
[368.591s][info][gc] GC(120) Concurrent weak roots 8.644ms
[368.591s][info][gc] GC(120) Concurrent cleanup 3863M->2551M(4352M) 0.048ms
[368.595s][info][gc] GC(120) Concurrent class unloading 3.771ms
[368.595s][info][gc] GC(120) Concurrent strong roots 0.066ms
[368.607s][info][gc] GC(120) Concurrent evacuation 11.887ms
[368.607s][info][gc] GC(120) Pause Init Update Refs 0.010ms
[368.625s][info][gc] GC(120) Concurrent update references 17.707ms
[368.625s][info][gc] GC(120) Concurrent update thread roots 0.275ms
[368.625s][info][gc] GC(120) Pause Final Update Refs 0.039ms
[368.626s][info][gc] GC(120) Concurrent cleanup 2647M->217M(4352M) 0.079ms
[370.620s][info][gc] Trigger: Average GC time (148.94 ms) is above the time for average allocation rate (2082 MB/s) to deplete free headroom (305M) (margin of error = 2.03)
[370.623s][info][gc] GC(121) Concurrent reset 2.785ms
[370.623s][info][gc] GC(121) Pause Init Mark (unload classes) 0.037ms
[370.627s][info][gc] GC(121) Concurrent marking roots 2.997ms
[370.643s][info][gc] GC(121) Concurrent marking (unload classes) 15.969ms
[370.643s][info][gc] GC(121) Pause Final Mark (unload classes) 0.164ms
[370.644s][info][gc] GC(121) Concurrent thread roots 1.097ms
[370.644s][info][gc] GC(121) Concurrent weak references 0.013ms
[370.663s][info][gc] GC(121) Concurrent weak roots 18.931ms
[370.663s][info][gc] GC(121) Concurrent cleanup 3916M->1576M(4352M) 0.083ms
[370.669s][info][gc] GC(121) Concurrent class unloading 6.033ms
[370.669s][info][gc] GC(121) Concurrent strong roots 0.040ms
[370.677s][info][gc] GC(121) Concurrent evacuation 7.917ms
[370.678s][info][gc] GC(121) Pause Init Update Refs 0.009ms
[370.691s][info][gc] GC(121) Concurrent update references 13.320ms
[370.691s][info][gc] GC(121) Concurrent update thread roots 0.271ms
[370.692s][info][gc] GC(121) Pause Final Update Refs 0.038ms
[370.692s][info][gc] GC(121) Concurrent cleanup 1639M->175M(4352M) 0.034ms
[372.764s][info][gc] Trigger: Free (460M) is below minimum threshold (460M)
[372.766s][info][gc] GC(122) Concurrent reset 1.227ms
[372.766s][info][gc] GC(122) Pause Init Mark (unload classes) 0.036ms
[372.771s][info][gc] GC(122) Concurrent marking roots 4.131ms
[372.783s][info][gc] GC(122) Concurrent marking (unload classes) 12.208ms
[372.783s][info][gc] GC(122) Pause Final Mark (unload classes) 0.110ms
[372.784s][info][gc] GC(122) Concurrent thread roots 0.976ms
[372.784s][info][gc] GC(122) Concurrent weak references 0.016ms
[372.803s][info][gc] GC(122) Concurrent weak roots 18.637ms
[372.803s][info][gc] GC(122) Concurrent cleanup 3968M->668M(4352M) 0.066ms
[372.807s][info][gc] GC(122) Concurrent class unloading 3.918ms
[372.807s][info][gc] GC(122) Concurrent strong roots 0.069ms
[372.811s][info][gc] GC(122) Concurrent evacuation 3.570ms
[372.811s][info][gc] GC(122) Pause Init Update Refs 0.006ms
[372.823s][info][gc] GC(122) Concurrent update references 11.898ms
[372.823s][info][gc] GC(122) Concurrent update thread roots 0.270ms
[372.824s][info][gc] GC(122) Pause Final Update Refs 0.032ms
[372.824s][info][gc] GC(122) Concurrent cleanup 705M->123M(4352M) 0.030ms
[374.597s][info][gc] Trigger: Free (458M) is below minimum threshold (460M)
[374.598s][info][gc] GC(123) Concurrent reset 0.766ms
[374.598s][info][gc] GC(123) Pause Init Mark (unload classes) 0.035ms
[374.600s][info][gc] GC(123) Concurrent marking roots 1.521ms
[374.640s][info][gc] GC(123) Concurrent marking (unload classes) 39.696ms
[374.640s][info][gc] GC(123) Pause Final Mark (unload classes) 0.241ms
[374.643s][info][gc] GC(123) Concurrent thread roots 2.011ms
[374.643s][info][gc] GC(123) Concurrent weak references 0.014ms
[374.652s][info][gc] GC(123) Concurrent weak roots 9.519ms
[374.652s][info][gc] GC(123) Concurrent cleanup 4013M->4011M(4352M) 0.014ms
[374.656s][info][gc] GC(123) Concurrent class unloading 3.514ms
[374.656s][info][gc] GC(123) Concurrent strong roots 0.062ms
[374.673s][info][gc] GC(123) Concurrent evacuation 17.176ms
[374.673s][info][gc] GC(123) Pause Init Update Refs 0.007ms
[374.701s][info][gc] GC(123) Concurrent update references 28.007ms
[374.702s][info][gc] GC(123) Concurrent update thread roots 0.285ms
[374.702s][info][gc] GC(123) Pause Final Update Refs 0.042ms
[374.702s][info][gc] GC(123) Concurrent cleanup 4111M->239M(4352M) 0.076ms
[376.190s][info][gc] Trigger: Average GC time (132.09 ms) is above the time for average allocation rate (2881 MB/s) to deplete free headroom (375M) (margin of error = 2.02)
[376.195s][info][gc] GC(124) Concurrent reset 5.150ms
[376.196s][info][gc] GC(124) Pause Init Mark (unload classes) 0.036ms
[376.200s][info][gc] GC(124) Concurrent marking roots 4.170ms
[376.244s][info][gc] GC(124) Concurrent marking (unload classes) 43.711ms
[376.245s][info][gc] GC(124) Pause Final Mark (unload classes) 0.210ms
[376.250s][info][gc] GC(124) Concurrent thread roots 5.117ms
[376.250s][info][gc] GC(124) Concurrent weak references 0.025ms
[376.273s][info][gc] GC(124) Concurrent weak roots 23.064ms
[376.273s][info][gc] GC(124) Concurrent cleanup 3972M->3616M(4352M) 0.024ms
[376.280s][info][gc] GC(124) Concurrent class unloading 6.316ms
[376.280s][info][gc] GC(124) Concurrent strong roots 0.074ms
[376.299s][info][gc] GC(124) Concurrent evacuation 19.708ms
[376.300s][info][gc] GC(124) Pause Init Update Refs 0.010ms
[376.335s][info][gc] GC(124) Concurrent update references 33.977ms
[376.335s][info][gc] GC(124) Concurrent update thread roots 0.546ms
[376.335s][info][gc] GC(124) Pause Final Update Refs 0.040ms
[376.336s][info][gc] GC(124) Concurrent cleanup 3788M->398M(4352M) 0.103ms
[377.461s][info][gc] Trigger: Average GC time (183.11 ms) is above the time for average allocation rate (2884 MB/s) to deplete free headroom (523M) (margin of error = 2.02)
[377.465s][info][gc] GC(125) Concurrent reset 3.783ms
[377.466s][info][gc] GC(125) Pause Init Mark (unload classes) 0.033ms
[377.469s][info][gc] GC(125) Concurrent marking roots 3.288ms
[377.516s][info][gc] GC(125) Concurrent marking (unload classes) 46.980ms
[377.517s][info][gc] GC(125) Pause Final Mark (unload classes) 0.212ms
[377.518s][info][gc] GC(125) Concurrent thread roots 1.278ms
[377.518s][info][gc] GC(125) Concurrent weak references 0.013ms
[377.523s][info][gc] GC(125) Concurrent weak roots 5.316ms
[377.524s][info][gc] GC(125) Concurrent cleanup 3763M->3759M(4352M) 0.017ms
[377.529s][info][gc] GC(125) Concurrent class unloading 5.428ms
[377.529s][info][gc] GC(125) Concurrent strong roots 0.076ms
[377.548s][info][gc] GC(125) Concurrent evacuation 19.083ms
[377.549s][info][gc] GC(125) Pause Init Update Refs 0.008ms
[377.601s][info][gc] GC(125) Concurrent update references 44.447ms
[377.602s][info][gc] GC(125) Concurrent update thread roots 1.038ms
[377.602s][info][gc] GC(125) Pause Final Update Refs 0.043ms
[377.602s][info][gc] GC(125) Concurrent cleanup 3968M->403M(4352M) 0.070ms
[378.719s][info][gc] Trigger: Average GC time (182.06 ms) is above the time for average allocation rate (2903 MB/s) to deplete free headroom (526M) (margin of error = 2.03)
[378.723s][info][gc] GC(126) Concurrent reset 4.024ms
[378.723s][info][gc] GC(126) Pause Init Mark (unload classes) 0.033ms
[378.727s][info][gc] GC(126) Concurrent marking roots 3.647ms
[378.794s][info][gc] GC(126) Concurrent marking (unload classes) 66.519ms
[378.794s][info][gc] GC(126) Pause Final Mark (unload classes) 0.212ms
[378.797s][info][gc] GC(126) Concurrent thread roots 2.894ms
[378.797s][info][gc] GC(126) Concurrent weak references 0.020ms
[378.820s][info][gc] GC(126) Concurrent weak roots 22.222ms
[378.820s][info][gc] GC(126) Concurrent cleanup 3852M->3852M(4352M) 0.016ms
[378.822s][info][gc] GC(126) Concurrent class unloading 2.025ms
[378.822s][info][gc] GC(126) Concurrent strong roots 0.031ms
[378.841s][info][gc] GC(126) Concurrent evacuation 18.991ms
[378.841s][info][gc] GC(126) Pause Init Update Refs 0.010ms
[378.901s][info][gc] GC(126) Concurrent update references 60.209ms
[378.902s][info][gc] GC(126) Concurrent update thread roots 0.519ms
[378.902s][info][gc] GC(126) Pause Final Update Refs 0.038ms
[378.902s][info][gc] GC(126) Concurrent cleanup 4070M->530M(4352M) 0.069ms
[379.974s][info][gc] Trigger: Average GC time (224.18 ms) is above the time for average allocation rate (2754 MB/s) to deplete free headroom (614M) (margin of error = 2.05)
[379.978s][info][gc] GC(127) Concurrent reset 4.074ms
[379.979s][info][gc] GC(127) Pause Init Mark (unload classes) 0.034ms
[379.981s][info][gc] GC(127) Concurrent marking roots 2.463ms
[380.028s][info][gc] GC(127) Concurrent marking (unload classes) 47.231ms
[380.029s][info][gc] GC(127) Pause Final Mark (unload classes) 0.211ms
[380.033s][info][gc] GC(127) Concurrent thread roots 3.816ms
[380.033s][info][gc] GC(127) Concurrent weak references 0.035ms
[380.042s][info][gc] GC(127) Concurrent weak roots 8.992ms
[380.042s][info][gc] GC(127) Concurrent cleanup 3675M->3671M(4352M) 0.015ms
[380.047s][info][gc] GC(127) Concurrent class unloading 4.545ms
[380.047s][info][gc] GC(127) Concurrent strong roots 0.074ms
[380.065s][info][gc] GC(127) Concurrent evacuation 18.307ms
[380.066s][info][gc] GC(127) Pause Init Update Refs 0.013ms
[380.114s][info][gc] GC(127) Concurrent update references 46.556ms
[380.115s][info][gc] GC(127) Concurrent update thread roots 0.536ms
[380.115s][info][gc] GC(127) Pause Final Update Refs 0.047ms
[380.115s][info][gc] GC(127) Concurrent cleanup 3868M->451M(4352M) 0.067ms
[381.229s][info][gc] Trigger: Average GC time (199.44 ms) is above the time for average allocation rate (2831 MB/s) to deplete free headroom (561M) (margin of error = 2.07)
[381.234s][info][gc] GC(128) Concurrent reset 4.275ms
[381.234s][info][gc] GC(128) Pause Init Mark (unload classes) 0.034ms
[381.237s][info][gc] GC(128) Concurrent marking roots 2.660ms
[381.316s][info][gc] GC(128) Concurrent marking (unload classes) 79.289ms
[381.317s][info][gc] GC(128) Pause Final Mark (unload classes) 0.203ms
[381.321s][info][gc] GC(128) Concurrent thread roots 3.508ms
[381.321s][info][gc] GC(128) Concurrent weak references 0.025ms
[381.328s][info][gc] GC(128) Concurrent weak roots 7.790ms
[381.329s][info][gc] GC(128) Concurrent cleanup 3809M->3809M(4352M) 0.016ms
[381.348s][info][gc] GC(128) Concurrent class unloading 18.996ms
[381.348s][info][gc] GC(128) Concurrent strong roots 0.074ms
[381.367s][info][gc] GC(128) Concurrent evacuation 19.377ms
[381.368s][info][gc] GC(128) Pause Init Update Refs 0.011ms
[381.422s][info][gc] GC(128) Concurrent update references 54.448ms
[381.423s][info][gc] GC(128) Concurrent update thread roots 0.565ms
[381.423s][info][gc] GC(128) Pause Final Update Refs 0.039ms
[381.423s][info][gc] GC(128) Concurrent cleanup 4016M->568M(4352M) 0.104ms
[382.515s][info][gc] Trigger: Average GC time (230.52 ms) is above the time for average allocation rate (2785 MB/s) to deplete free headroom (640M) (margin of error = 2.08)
[382.519s][info][gc] GC(129) Concurrent reset 3.997ms
[382.519s][info][gc] GC(129) Pause Init Mark (unload classes) 0.040ms
[382.521s][info][gc] GC(129) Concurrent marking roots 1.592ms
[382.610s][info][gc] GC(129) Concurrent marking (unload classes) 89.325ms
[382.611s][info][gc] GC(129) Pause Final Mark (unload classes) 0.233ms
[382.614s][info][gc] GC(129) Concurrent thread roots 2.810ms
[382.614s][info][gc] GC(129) Concurrent weak references 0.020ms
[382.624s][info][gc] GC(129) Concurrent weak roots 10.219ms
[382.624s][info][gc] GC(129) Concurrent cleanup 3748M->3748M(4352M) 0.016ms
[382.641s][info][gc] GC(129) Concurrent class unloading 16.470ms
[382.641s][info][gc] GC(129) Concurrent strong roots 0.071ms
[382.660s][info][gc] GC(129) Concurrent evacuation 18.988ms
[382.660s][info][gc] GC(129) Pause Init Update Refs 0.007ms
[382.730s][info][gc] GC(129) Concurrent update references 69.389ms
[382.732s][info][gc] GC(129) Concurrent update thread roots 2.367ms
[382.733s][info][gc] GC(129) Pause Final Update Refs 0.044ms
[382.743s][info][gc] GC(129) Concurrent cleanup 4002M->679M(4358M) 0.110ms
[384.148s][info][gc] Trigger: Average GC time (272.84 ms) is above the time for average allocation rate (1370 MB/s) to deplete free headroom (369M) (margin of error = 2.10)
[384.152s][info][gc] GC(130) Concurrent reset 3.419ms
[384.152s][info][gc] GC(130) Pause Init Mark (unload classes) 0.034ms
[384.156s][info][gc] GC(130) Concurrent marking roots 3.335ms
[384.166s][info][gc] GC(130) Concurrent marking (unload classes) 10.143ms
[384.166s][info][gc] GC(130) Pause Final Mark (unload classes) 0.098ms
[384.169s][info][gc] GC(130) Concurrent thread roots 2.959ms
[384.169s][info][gc] GC(130) Concurrent weak references 0.013ms
[384.179s][info][gc] GC(130) Concurrent weak roots 9.381ms
[384.179s][info][gc] GC(130) Concurrent cleanup 3827M->725M(4358M) 0.097ms
[384.184s][info][gc] GC(130) Concurrent class unloading 5.264ms
[384.184s][info][gc] GC(130) Concurrent strong roots 0.071ms
[384.190s][info][gc] GC(130) Concurrent evacuation 5.815ms
[384.190s][info][gc] GC(130) Pause Init Update Refs 0.013ms
[384.199s][info][gc] GC(130) Concurrent update references 8.328ms
[384.199s][info][gc] GC(130) Concurrent update thread roots 0.293ms
[384.199s][info][gc] GC(130) Pause Final Update Refs 0.034ms
[384.200s][info][gc] GC(130) Concurrent cleanup 785M->141M(4358M) 0.018ms
[385.700s][info][gc] Trigger: Average GC time (288.69 ms) is above the time for average allocation rate (2229 MB/s) to deplete free headroom (640M) (margin of error = 2.09)
[385.701s][info][gc] GC(131) Concurrent reset 0.838ms
[385.701s][info][gc] GC(131) Pause Init Mark (unload classes) 0.035ms
[385.704s][info][gc] GC(131) Concurrent marking roots 2.257ms
[385.741s][info][gc] GC(131) Concurrent marking (unload classes) 37.020ms
[385.741s][info][gc] GC(131) Pause Final Mark (unload classes) 0.226ms
[385.744s][info][gc] GC(131) Concurrent thread roots 2.588ms
[385.744s][info][gc] GC(131) Concurrent weak references 0.016ms
[385.756s][info][gc] GC(131) Concurrent weak roots 12.145ms
[385.756s][info][gc] GC(131) Concurrent cleanup 3615M->3615M(4358M) 0.014ms
[385.764s][info][gc] GC(131) Concurrent class unloading 7.235ms
[385.764s][info][gc] GC(131) Concurrent strong roots 0.042ms
[385.778s][info][gc] GC(131) Concurrent evacuation 14.291ms
[385.778s][info][gc] GC(131) Pause Init Update Refs 0.007ms
[385.810s][info][gc] GC(131) Concurrent update references 31.347ms
[385.810s][info][gc] GC(131) Concurrent update thread roots 0.376ms
[385.810s][info][gc] GC(131) Pause Final Update Refs 0.042ms
[385.811s][info][gc] GC(131) Concurrent cleanup 3739M->271M(4358M) 0.071ms
[387.514s][info][gc] Trigger: Average GC time (234.07 ms) is above the time for average allocation rate (2199 MB/s) to deplete free headroom (513M) (margin of error = 2.08)
[387.518s][info][gc] GC(132) Concurrent reset 3.899ms
[387.518s][info][gc] GC(132) Pause Init Mark (unload classes) 0.035ms
[387.521s][info][gc] GC(132) Concurrent marking roots 2.629ms
[387.552s][info][gc] GC(132) Concurrent marking (unload classes) 30.655ms
[387.552s][info][gc] GC(132) Pause Final Mark (unload classes) 0.187ms
[387.554s][info][gc] GC(132) Concurrent thread roots 1.896ms
[387.554s][info][gc] GC(132) Concurrent weak references 0.014ms
[387.565s][info][gc] GC(132) Concurrent weak roots 10.185ms
[387.565s][info][gc] GC(132) Concurrent cleanup 3719M->2809M(4358M) 0.038ms
[387.576s][info][gc] GC(132) Concurrent class unloading 11.831ms
[387.577s][info][gc] GC(132) Concurrent strong roots 0.070ms
[387.591s][info][gc] GC(132) Concurrent evacuation 14.131ms
[387.591s][info][gc] GC(132) Pause Init Update Refs 0.006ms
[387.612s][info][gc] GC(132) Concurrent update references 20.327ms
[387.612s][info][gc] GC(132) Concurrent update thread roots 0.286ms
[387.612s][info][gc] GC(132) Pause Final Update Refs 0.046ms
[387.612s][info][gc] GC(132) Concurrent cleanup 2931M->237M(4358M) 0.055ms
[389.554s][info][gc] Trigger: Average GC time (192.37 ms) is above the time for average allocation rate (2263 MB/s) to deplete free headroom (433M) (margin of error = 2.07)
[389.558s][info][gc] GC(133) Concurrent reset 2.682ms
[389.558s][info][gc] GC(133) Pause Init Mark (unload classes) 0.045ms
[389.562s][info][gc] GC(133) Concurrent marking roots 3.949ms
[389.586s][info][gc] GC(133) Concurrent marking (unload classes) 23.838ms
[389.587s][info][gc] GC(133) Pause Final Mark (unload classes) 0.151ms
[389.590s][info][gc] GC(133) Concurrent thread roots 3.836ms
[389.591s][info][gc] GC(133) Concurrent weak references 0.024ms
[389.617s][info][gc] GC(133) Concurrent weak roots 26.845ms
[389.618s][info][gc] GC(133) Concurrent cleanup 3828M->1742M(4358M) 0.086ms
[389.621s][info][gc] GC(133) Concurrent class unloading 3.047ms
[389.621s][info][gc] GC(133) Concurrent strong roots 0.063ms
[389.630s][info][gc] GC(133) Concurrent evacuation 9.400ms
[389.631s][info][gc] GC(133) Pause Init Update Refs 0.008ms
[389.646s][info][gc] GC(133) Concurrent update references 15.259ms
[389.646s][info][gc] GC(133) Concurrent update thread roots 0.308ms
[389.647s][info][gc] GC(133) Pause Final Update Refs 0.038ms
[389.647s][info][gc] GC(133) Concurrent cleanup 1783M->193M(4358M) 0.035ms
[391.632s][info][gc] Trigger: Average GC time (161.51 ms) is above the time for average allocation rate (1802 MB/s) to deplete free headroom (287M) (margin of error = 2.06)
[391.634s][info][gc] GC(134) Concurrent reset 1.789ms
[391.634s][info][gc] GC(134) Pause Init Mark (unload classes) 0.035ms
[391.637s][info][gc] GC(134) Concurrent marking roots 3.123ms
[391.651s][info][gc] GC(134) Concurrent marking (unload classes) 13.198ms
[391.652s][info][gc] GC(134) Pause Final Mark (unload classes) 0.122ms
[391.653s][info][gc] GC(134) Concurrent thread roots 1.705ms
[391.653s][info][gc] GC(134) Concurrent weak references 0.018ms
[391.677s][info][gc] GC(134) Concurrent weak roots 23.299ms
[391.677s][info][gc] GC(134) Concurrent cleanup 3924M->752M(4358M) 0.096ms
[391.681s][info][gc] GC(134) Concurrent class unloading 4.214ms
[391.681s][info][gc] GC(134) Concurrent strong roots 0.083ms
[391.686s][info][gc] GC(134) Concurrent evacuation 4.482ms
[391.686s][info][gc] GC(134) Pause Init Update Refs 0.008ms
[391.694s][info][gc] GC(134) Concurrent update references 7.548ms
[391.694s][info][gc] GC(134) Concurrent update thread roots 0.318ms
[391.695s][info][gc] GC(134) Pause Final Update Refs 0.035ms
[391.695s][info][gc] GC(134) Concurrent cleanup 783M->133M(4358M) 0.016ms
[393.334s][info][gc] Trigger: Average GC time (138.99 ms) is above the time for average allocation rate (2252 MB/s) to deplete free headroom (311M) (margin of error = 2.05)
[393.335s][info][gc] GC(135) Concurrent reset 0.873ms
[393.335s][info][gc] GC(135) Pause Init Mark (unload classes) 0.044ms
[393.338s][info][gc] GC(135) Concurrent marking roots 2.297ms
[393.390s][info][gc] GC(135) Concurrent marking (unload classes) 51.918ms
[393.390s][info][gc] GC(135) Pause Final Mark (unload classes) 0.249ms
[393.392s][info][gc] GC(135) Concurrent thread roots 1.716ms
[393.392s][info][gc] GC(135) Concurrent weak references 0.014ms
[393.395s][info][gc] GC(135) Concurrent weak roots 3.199ms
[393.395s][info][gc] GC(135) Concurrent cleanup 3944M->3944M(4358M) 0.016ms
[393.400s][info][gc] GC(135) Concurrent class unloading 4.681ms
[393.400s][info][gc] GC(135) Concurrent strong roots 0.065ms
[393.419s][info][gc] GC(135) Concurrent evacuation 18.739ms
[393.419s][info][gc] GC(135) Pause Init Update Refs 0.005ms
[393.456s][info][gc] GC(135) Concurrent update references 36.931ms
[393.457s][info][gc] GC(135) Concurrent update thread roots 0.251ms
[393.457s][info][gc] GC(135) Pause Final Update Refs 0.044ms
[393.457s][info][gc] GC(135) Concurrent cleanup 4098M->306M(4358M) 0.074ms
[395.266s][info][gc] Trigger: Average GC time (161.22 ms) is above the time for average allocation rate (2190 MB/s) to deplete free headroom (340M) (margin of error = 2.05)
[395.277s][info][gc] GC(136) Concurrent reset 10.581ms
[395.277s][info][gc] GC(136) Pause Init Mark (unload classes) 0.033ms
[395.280s][info][gc] GC(136) Concurrent marking roots 2.521ms
[395.316s][info][gc] GC(136) Concurrent marking (unload classes) 36.062ms
[395.316s][info][gc] GC(136) Pause Final Mark (unload classes) 0.228ms
[395.317s][info][gc] GC(136) Concurrent thread roots 1.128ms
[395.317s][info][gc] GC(136) Concurrent weak references 0.013ms
[395.329s][info][gc] GC(136) Concurrent weak roots 11.367ms
[395.329s][info][gc] GC(136) Concurrent cleanup 3919M->3554M(4358M) 0.025ms
[395.333s][info][gc] GC(136) Concurrent class unloading 4.379ms
[395.334s][info][gc] GC(136) Concurrent strong roots 0.076ms
[395.350s][info][gc] GC(136) Concurrent evacuation 16.906ms
[395.351s][info][gc] GC(136) Pause Init Update Refs 0.009ms
[395.379s][info][gc] GC(136) Concurrent update references 28.416ms
[395.380s][info][gc] GC(136) Concurrent update thread roots 0.313ms
[395.380s][info][gc] GC(136) Pause Final Update Refs 0.042ms
[395.380s][info][gc] GC(136) Concurrent cleanup 3691M->271M(4358M) 0.067ms
[397.214s][info][gc] Trigger: Average GC time (151.69 ms) is above the time for average allocation rate (2336 MB/s) to deplete free headroom (351M) (margin of error = 2.05)
[397.218s][info][gc] GC(137) Concurrent reset 3.921ms
[397.218s][info][gc] GC(137) Pause Init Mark (unload classes) 0.037ms
[397.224s][info][gc] GC(137) Concurrent marking roots 5.370ms
[397.254s][info][gc] GC(137) Concurrent marking (unload classes) 30.236ms
[397.255s][info][gc] GC(137) Pause Final Mark (unload classes) 0.170ms
[397.258s][info][gc] GC(137) Concurrent thread roots 2.943ms
[397.258s][info][gc] GC(137) Concurrent weak references 0.023ms
[397.271s][info][gc] GC(137) Concurrent weak roots 12.833ms
[397.271s][info][gc] GC(137) Concurrent cleanup 3916M->2518M(4358M) 0.033ms
[397.280s][info][gc] GC(137) Concurrent class unloading 9.592ms
[397.281s][info][gc] GC(137) Concurrent strong roots 0.071ms
[397.292s][info][gc] GC(137) Concurrent evacuation 11.358ms
[397.292s][info][gc] GC(137) Pause Init Update Refs 0.007ms
[397.324s][info][gc] GC(137) Concurrent update references 31.397ms
[397.330s][info][gc] GC(137) Concurrent update thread roots 6.238ms
[397.330s][info][gc] GC(137) Pause Final Update Refs 0.049ms
[397.341s][info][gc] GC(137) Concurrent cleanup 2649M->267M(4358M) 0.082ms
[398.801s][info][gc] Trigger: Average GC time (153.76 ms) is above the time for average allocation rate (2458 MB/s) to deplete free headroom (374M) (margin of error = 2.05)
[398.804s][info][gc] GC(138) Concurrent reset 2.830ms
[398.805s][info][gc] GC(138) Pause Init Mark (unload classes) 0.034ms
[398.806s][info][gc] GC(138) Concurrent marking roots 1.593ms
[398.847s][info][gc] GC(138) Concurrent marking (unload classes) 40.734ms
[398.848s][info][gc] GC(138) Pause Final Mark (unload classes) 0.225ms
[398.849s][info][gc] GC(138) Concurrent thread roots 1.525ms
[398.849s][info][gc] GC(138) Concurrent weak references 0.028ms
[398.860s][info][gc] GC(138) Concurrent weak roots 10.542ms
[398.860s][info][gc] GC(138) Concurrent cleanup 3869M->3869M(4358M) 0.017ms
[398.868s][info][gc] GC(138) Concurrent class unloading 8.278ms
[398.868s][info][gc] GC(138) Concurrent strong roots 0.069ms
[398.886s][info][gc] GC(138) Concurrent evacuation 18.113ms
[398.887s][info][gc] GC(138) Pause Init Update Refs 0.007ms
[398.915s][info][gc] GC(138) Concurrent update references 28.026ms
[398.915s][info][gc] GC(138) Concurrent update thread roots 0.428ms
[398.916s][info][gc] GC(138) Pause Final Update Refs 0.047ms
[398.916s][info][gc] GC(138) Concurrent cleanup 4006M->270M(4358M) 0.150ms
[400.654s][info][gc] Trigger: Average GC time (141.97 ms) is above the time for average allocation rate (2202 MB/s) to deplete free headroom (310M) (margin of error = 2.05)
[400.659s][info][gc] GC(139) Concurrent reset 3.683ms
[400.659s][info][gc] GC(139) Pause Init Mark (unload classes) 0.033ms
[400.660s][info][gc] GC(139) Concurrent marking roots 1.326ms
[400.751s][info][gc] GC(139) Concurrent marking (unload classes) 90.823ms
[400.752s][info][gc] GC(139) Pause Final Mark (unload classes) 0.237ms
[400.755s][info][gc] GC(139) Concurrent thread roots 2.812ms
[400.755s][info][gc] GC(139) Concurrent weak references 0.018ms
[400.762s][info][gc] GC(139) Concurrent weak roots 6.795ms
[400.762s][info][gc] GC(139) Concurrent cleanup 4017M->4017M(4358M) 0.007ms
[400.766s][info][gc] GC(139) Concurrent class unloading 3.949ms
[400.766s][info][gc] GC(139) Concurrent strong roots 0.039ms
[400.788s][info][gc] GC(139) Concurrent evacuation 21.851ms
[400.788s][info][gc] GC(139) Pause Init Update Refs 0.013ms
[400.841s][info][gc] GC(139) Concurrent update references 52.955ms
[400.842s][info][gc] GC(139) Concurrent update thread roots 0.706ms
[400.842s][info][gc] GC(139) Pause Final Update Refs 0.049ms
[400.843s][info][gc] GC(139) Concurrent cleanup 4195M->421M(4358M) 0.115ms
[402.263s][info][gc] Trigger: Average GC time (228.44 ms) is above the time for average allocation rate (2301 MB/s) to deplete free headroom (521M) (margin of error = 2.07)
[402.267s][info][gc] GC(140) Concurrent reset 4.077ms
[402.267s][info][gc] GC(140) Pause Init Mark (unload classes) 0.035ms
[402.272s][info][gc] GC(140) Concurrent marking roots 4.746ms
[402.348s][info][gc] GC(140) Concurrent marking (unload classes) 75.590ms
[402.349s][info][gc] GC(140) Pause Final Mark (unload classes) 0.238ms
[402.350s][info][gc] GC(140) Concurrent thread roots 1.328ms
[402.350s][info][gc] GC(140) Concurrent weak references 0.013ms
[402.355s][info][gc] GC(140) Concurrent weak roots 5.399ms
[402.356s][info][gc] GC(140) Concurrent cleanup 3791M->3791M(4358M) 0.014ms
[402.364s][info][gc] GC(140) Concurrent class unloading 7.963ms
[402.364s][info][gc] GC(140) Concurrent strong roots 0.039ms
[402.383s][info][gc] GC(140) Concurrent evacuation 19.622ms
[402.384s][info][gc] GC(140) Pause Init Update Refs 0.008ms
[402.452s][info][gc] GC(140) Concurrent update references 68.022ms
[402.452s][info][gc] GC(140) Concurrent update thread roots 0.408ms
[402.453s][info][gc] GC(140) Pause Final Update Refs 0.054ms
[402.453s][info][gc] GC(140) Concurrent cleanup 3967M->435M(4358M) 0.138ms
[403.900s][info][gc] Trigger: Average GC time (238.18 ms) is above the time for average allocation rate (2156 MB/s) to deplete free headroom (512M) (margin of error = 2.09)
[403.904s][info][gc] GC(141) Concurrent reset 3.456ms
[403.904s][info][gc] GC(141) Pause Init Mark (unload classes) 0.048ms
[403.905s][info][gc] GC(141) Concurrent marking roots 1.116ms
[403.980s][info][gc] GC(141) Concurrent marking (unload classes) 75.135ms
[403.981s][info][gc] GC(141) Pause Final Mark (unload classes) 0.242ms
[403.983s][info][gc] GC(141) Concurrent thread roots 1.995ms
[403.983s][info][gc] GC(141) Concurrent weak references 0.015ms
[403.989s][info][gc] GC(141) Concurrent weak roots 6.074ms
[403.989s][info][gc] GC(141) Concurrent cleanup 3793M->3793M(4358M) 0.016ms
[403.994s][info][gc] GC(141) Concurrent class unloading 4.867ms
[403.994s][info][gc] GC(141) Concurrent strong roots 0.078ms
[404.013s][info][gc] GC(141) Concurrent evacuation 18.104ms
[404.013s][info][gc] GC(141) Pause Init Update Refs 0.006ms
[404.080s][info][gc] GC(141) Concurrent update references 67.513ms
[404.081s][info][gc] GC(141) Concurrent update thread roots 0.375ms
[404.081s][info][gc] GC(141) Pause Final Update Refs 0.052ms
[404.081s][info][gc] GC(141) Concurrent cleanup 3983M->473M(4358M) 0.119ms
[405.519s][info][gc] Trigger: Average GC time (225.29 ms) is above the time for average allocation rate (2368 MB/s) to deplete free headroom (530M) (margin of error = 2.10)
[405.527s][info][gc] GC(142) Concurrent reset 8.530ms
[405.528s][info][gc] GC(142) Pause Init Mark (unload classes) 0.043ms
[405.531s][info][gc] GC(142) Concurrent marking roots 3.095ms
[405.615s][info][gc] GC(142) Concurrent marking (unload classes) 83.802ms
[405.615s][info][gc] GC(142) Pause Final Mark (unload classes) 0.235ms
[405.620s][info][gc] GC(142) Concurrent thread roots 4.854ms
[405.620s][info][gc] GC(142) Concurrent weak references 0.023ms
[405.625s][info][gc] GC(142) Concurrent weak roots 4.914ms
[405.625s][info][gc] GC(142) Concurrent cleanup 3772M->3770M(4358M) 0.008ms
[405.628s][info][gc] GC(142) Concurrent class unloading 2.719ms
[405.628s][info][gc] GC(142) Concurrent strong roots 0.040ms
[405.646s][info][gc] GC(142) Concurrent evacuation 17.697ms
[405.646s][info][gc] GC(142) Pause Init Update Refs 0.007ms
[405.698s][info][gc] GC(142) Concurrent update references 51.653ms
[405.698s][info][gc] GC(142) Concurrent update thread roots 0.263ms
[405.698s][info][gc] GC(142) Pause Final Update Refs 0.044ms
[405.698s][info][gc] GC(142) Concurrent cleanup 3876M->401M(4358M) 0.074ms
[407.396s][info][gc] Trigger: Average GC time (212.95 ms) is above the time for average allocation rate (2272 MB/s) to deplete free headroom (481M) (margin of error = 2.11)
[407.399s][info][gc] GC(143) Concurrent reset 2.905ms
[407.399s][info][gc] GC(143) Pause Init Mark (unload classes) 0.028ms
[407.405s][info][gc] GC(143) Concurrent marking roots 5.299ms
[407.446s][info][gc] GC(143) Concurrent marking (unload classes) 40.746ms
[407.446s][info][gc] GC(143) Pause Final Mark (unload classes) 0.206ms
[407.449s][info][gc] GC(143) Concurrent thread roots 2.822ms
[407.449s][info][gc] GC(143) Concurrent weak references 0.027ms
[407.457s][info][gc] GC(143) Concurrent weak roots 7.708ms
[407.457s][info][gc] GC(143) Concurrent cleanup 3769M->3507M(4358M) 0.013ms
[407.464s][info][gc] GC(143) Concurrent class unloading 6.702ms
[407.464s][info][gc] GC(143) Concurrent strong roots 0.064ms
[407.481s][info][gc] GC(143) Concurrent evacuation 17.559ms
[407.482s][info][gc] GC(143) Pause Init Update Refs 0.009ms
[407.508s][info][gc] GC(143) Concurrent update references 26.048ms
[407.508s][info][gc] GC(143) Concurrent update thread roots 0.396ms
[407.509s][info][gc] GC(143) Pause Final Update Refs 0.037ms
[407.509s][info][gc] GC(143) Concurrent cleanup 3643M->259M(4358M) 0.107ms
[408.998s][info][gc] Trigger: Average GC time (218.15 ms) is above the time for average allocation rate (2282 MB/s) to deplete free headroom (493M) (margin of error = 2.10)
[409.002s][info][gc] GC(144) Concurrent reset 3.882ms
[409.002s][info][gc] GC(144) Pause Init Mark (unload classes) 0.036ms
[409.004s][info][gc] GC(144) Concurrent marking roots 2.238ms
[409.050s][info][gc] GC(144) Concurrent marking (unload classes) 46.101ms
[409.051s][info][gc] GC(144) Pause Final Mark (unload classes) 0.211ms
[409.055s][info][gc] GC(144) Concurrent thread roots 3.579ms
[409.055s][info][gc] GC(144) Concurrent weak references 0.041ms
[409.059s][info][gc] GC(144) Concurrent weak roots 4.496ms
[409.059s][info][gc] GC(144) Concurrent cleanup 3755M->3753M(4358M) 0.020ms
[409.065s][info][gc] GC(144) Concurrent class unloading 5.803ms
[409.065s][info][gc] GC(144) Concurrent strong roots 0.071ms
[409.084s][info][gc] GC(144) Concurrent evacuation 18.771ms
[409.084s][info][gc] GC(144) Pause Init Update Refs 0.006ms
[409.113s][info][gc] GC(144) Concurrent update references 28.723ms
[409.114s][info][gc] GC(144) Concurrent update thread roots 0.327ms
[409.114s][info][gc] GC(144) Pause Final Update Refs 0.045ms
[409.114s][info][gc] GC(144) Concurrent cleanup 3889M->277M(4358M) 0.072ms
[410.817s][info][gc] Trigger: Average GC time (190.46 ms) is above the time for average allocation rate (2183 MB/s) to deplete free headroom (414M) (margin of error = 2.10)
[410.821s][info][gc] GC(145) Concurrent reset 4.073ms
[410.822s][info][gc] GC(145) Pause Init Mark (unload classes) 0.037ms
[410.824s][info][gc] GC(145) Concurrent marking roots 2.187ms
[410.876s][info][gc] GC(145) Concurrent marking (unload classes) 51.459ms
[410.876s][info][gc] GC(145) Pause Final Mark (unload classes) 0.210ms
[410.879s][info][gc] GC(145) Concurrent thread roots 2.451ms
[410.879s][info][gc] GC(145) Concurrent weak references 0.016ms
[410.882s][info][gc] GC(145) Concurrent weak roots 3.404ms
[410.882s][info][gc] GC(145) Concurrent cleanup 3855M->3853M(4358M) 0.013ms
[410.886s][info][gc] GC(145) Concurrent class unloading 3.445ms
[410.886s][info][gc] GC(145) Concurrent strong roots 0.060ms
[410.905s][info][gc] GC(145) Concurrent evacuation 18.591ms
[410.905s][info][gc] GC(145) Pause Init Update Refs 0.012ms
[410.943s][info][gc] GC(145) Concurrent update references 38.075ms
[410.943s][info][gc] GC(145) Concurrent update thread roots 0.332ms
[410.944s][info][gc] GC(145) Pause Final Update Refs 0.042ms
[410.944s][info][gc] GC(145) Concurrent cleanup 4015M->351M(4358M) 0.071ms
[412.480s][info][gc] Trigger: Average GC time (171.08 ms) is above the time for average allocation rate (2071 MB/s) to deplete free headroom (354M) (margin of error = 2.10)
[412.484s][info][gc] GC(146) Concurrent reset 4.316ms
[412.485s][info][gc] GC(146) Pause Init Mark (unload classes) 0.033ms
[412.487s][info][gc] GC(146) Concurrent marking roots 2.199ms
[412.555s][info][gc] GC(146) Concurrent marking (unload classes) 68.142ms
[412.556s][info][gc] GC(146) Pause Final Mark (unload classes) 0.238ms
[412.558s][info][gc] GC(146) Concurrent thread roots 1.761ms
[412.558s][info][gc] GC(146) Concurrent weak references 0.021ms
[412.566s][info][gc] GC(146) Concurrent weak roots 8.783ms
[412.566s][info][gc] GC(146) Concurrent cleanup 3926M->3924M(4358M) 0.015ms
[412.572s][info][gc] GC(146) Concurrent class unloading 5.337ms
[412.572s][info][gc] GC(146) Concurrent strong roots 0.040ms
[412.590s][info][gc] GC(146) Concurrent evacuation 17.719ms
[412.590s][info][gc] GC(146) Pause Init Update Refs 0.007ms
[412.643s][info][gc] GC(146) Concurrent update references 53.286ms
[412.644s][info][gc] GC(146) Concurrent update thread roots 0.415ms
[412.644s][info][gc] GC(146) Pause Final Update Refs 0.048ms
[412.644s][info][gc] GC(146) Concurrent cleanup 4089M->393M(4358M) 0.113ms
[414.259s][info][gc] Trigger: Average GC time (194.57 ms) is above the time for average allocation rate (2175 MB/s) to deplete free headroom (422M) (margin of error = 2.10)
[414.262s][info][gc] GC(147) Concurrent reset 3.016ms
[414.262s][info][gc] GC(147) Pause Init Mark (unload classes) 0.034ms
[414.266s][info][gc] GC(147) Concurrent marking roots 3.678ms
[414.326s][info][gc] GC(147) Concurrent marking (unload classes) 58.471ms
[414.327s][info][gc] GC(147) Pause Final Mark (unload classes) 0.218ms
[414.331s][info][gc] GC(147) Concurrent thread roots 3.940ms
[414.331s][info][gc] GC(147) Concurrent weak references 0.024ms
[414.337s][info][gc] GC(147) Concurrent weak roots 6.675ms
[414.338s][info][gc] GC(147) Concurrent cleanup 3830M->3830M(4358M) 0.019ms
[414.341s][info][gc] GC(147) Concurrent class unloading 3.086ms
[414.341s][info][gc] GC(147) Concurrent strong roots 0.061ms
[414.356s][info][gc] GC(147) Concurrent evacuation 14.711ms
[414.356s][info][gc] GC(147) Pause Init Update Refs 0.007ms
[414.400s][info][gc] GC(147) Concurrent update references 43.901ms
[414.400s][info][gc] GC(147) Concurrent update thread roots 0.535ms
[414.401s][info][gc] GC(147) Pause Final Update Refs 0.048ms
[414.401s][info][gc] GC(147) Concurrent cleanup 3931M->333M(4358M) 0.071ms
[423.482s][info][gc] Trigger: Free (460M) is below minimum threshold (460M)
[423.487s][info][gc] GC(148) Concurrent reset 4.595ms
[423.487s][info][gc] GC(148) Pause Init Mark (unload classes) 0.046ms
[423.488s][info][gc] GC(148) Concurrent marking roots 0.762ms
[423.498s][info][gc] GC(148) Concurrent marking (unload classes) 9.810ms
[423.498s][info][gc] GC(148) Pause Final Mark (unload classes) 0.109ms
[423.499s][info][gc] GC(148) Concurrent thread roots 0.645ms
[423.499s][info][gc] GC(148) Concurrent weak references 0.015ms
[423.503s][info][gc] GC(148) Concurrent weak roots 4.536ms
[423.503s][info][gc] GC(148) Concurrent cleanup 3921M->1015M(4358M) 0.057ms
[423.504s][info][gc] GC(148) Concurrent class unloading 1.157ms
[423.505s][info][gc] GC(148) Concurrent strong roots 0.035ms
[423.509s][info][gc] GC(148) Concurrent evacuation 4.192ms
[423.509s][info][gc] GC(148) Pause Init Update Refs 0.005ms
[423.513s][info][gc] GC(148) Concurrent update references 3.824ms
[423.513s][info][gc] GC(148) Concurrent update thread roots 0.260ms
[423.513s][info][gc] GC(148) Pause Final Update Refs 0.034ms
[423.513s][info][gc] GC(148) Concurrent cleanup 1027M->39M(4358M) 0.023ms
[433.433s][info][gc] Trigger: Free (460M) is below minimum threshold (460M)
[433.434s][info][gc] GC(149) Concurrent reset 0.766ms
[433.434s][info][gc] GC(149) Pause Init Mark (unload classes) 0.026ms
[433.435s][info][gc] GC(149) Concurrent marking roots 0.277ms
[433.463s][info][gc] GC(149) Concurrent marking (unload classes) 28.321ms
[433.463s][info][gc] GC(149) Pause Final Mark (unload classes) 0.221ms
[433.464s][info][gc] GC(149) Concurrent thread roots 0.260ms
[433.464s][info][gc] GC(149) Concurrent weak references 0.016ms
[433.466s][info][gc] GC(149) Concurrent weak roots 2.687ms
[433.466s][info][gc] GC(149) Concurrent cleanup 3923M->3921M(4358M) 0.006ms
[433.468s][info][gc] GC(149) Concurrent class unloading 1.111ms
[433.468s][info][gc] GC(149) Concurrent strong roots 0.036ms
[433.482s][info][gc] GC(149) Concurrent evacuation 13.901ms
[433.482s][info][gc] GC(149) Pause Init Update Refs 0.005ms
[433.494s][info][gc] GC(149) Concurrent update references 12.477ms
[433.494s][info][gc] GC(149) Concurrent update thread roots 0.160ms
[433.494s][info][gc] GC(149) Pause Final Update Refs 0.039ms
[433.495s][info][gc] GC(149) Concurrent cleanup 3963M->81M(4358M) 0.074ms
[443.419s][info][gc] Trigger: Free (460M) is below minimum threshold (460M)
[443.422s][info][gc] GC(150) Concurrent reset 3.030ms
[443.423s][info][gc] GC(150) Pause Init Mark (unload classes) 0.027ms
[443.423s][info][gc] GC(150) Concurrent marking roots 0.343ms
[443.451s][info][gc] GC(150) Concurrent marking (unload classes) 27.792ms
[443.451s][info][gc] GC(150) Pause Final Mark (unload classes) 0.235ms
[443.452s][info][gc] GC(150) Concurrent thread roots 0.485ms
[443.452s][info][gc] GC(150) Concurrent weak references 0.015ms
[443.456s][info][gc] GC(150) Concurrent weak roots 3.947ms
[443.456s][info][gc] GC(150) Concurrent cleanup 3921M->3589M(4358M) 0.011ms
[443.457s][info][gc] GC(150) Concurrent class unloading 1.328ms
[443.457s][info][gc] GC(150) Concurrent strong roots 0.031ms
[443.472s][info][gc] GC(150) Concurrent evacuation 15.264ms
[443.472s][info][gc] GC(150) Pause Init Update Refs 0.005ms
[443.483s][info][gc] GC(150) Concurrent update references 10.530ms
[443.483s][info][gc] GC(150) Concurrent update thread roots 0.227ms
[443.484s][info][gc] GC(150) Pause Final Update Refs 0.076ms
[443.484s][info][gc] GC(150) Concurrent cleanup 3631M->71M(4358M) 0.073ms
[453.457s][info][gc] Trigger: Free (460M) is below minimum threshold (460M)
[453.460s][info][gc] GC(151) Concurrent reset 2.518ms
[453.460s][info][gc] GC(151) Pause Init Mark (unload classes) 0.026ms
[453.461s][info][gc] GC(151) Concurrent marking roots 0.546ms
[453.478s][info][gc] GC(151) Concurrent marking (unload classes) 17.355ms
[453.479s][info][gc] GC(151) Pause Final Mark (unload classes) 0.195ms
[453.479s][info][gc] GC(151) Concurrent thread roots 0.286ms
[453.479s][info][gc] GC(151) Concurrent weak references 0.014ms
[453.482s][info][gc] GC(151) Concurrent weak roots 3.436ms
[453.482s][info][gc] GC(151) Concurrent cleanup 3922M->2316M(4358M) 0.031ms
[453.484s][info][gc] GC(151) Concurrent class unloading 1.189ms
[453.484s][info][gc] GC(151) Concurrent strong roots 0.035ms
[453.492s][info][gc] GC(151) Concurrent evacuation 8.442ms
[453.492s][info][gc] GC(151) Pause Init Update Refs 0.005ms
[453.499s][info][gc] GC(151) Concurrent update references 6.663ms
[453.499s][info][gc] GC(151) Concurrent update thread roots 0.234ms
[453.499s][info][gc] GC(151) Pause Final Update Refs 0.038ms
[453.499s][info][gc] GC(151) Concurrent cleanup 2343M->55M(4358M) 0.045ms
[463.457s][info][gc] Trigger: Free (460M) is below minimum threshold (460M)
[463.459s][info][gc] GC(152) Concurrent reset 2.310ms
[463.459s][info][gc] GC(152) Pause Init Mark (unload classes) 0.027ms
[463.460s][info][gc] GC(152) Concurrent marking roots 0.381ms
[463.469s][info][gc] GC(152) Concurrent marking (unload classes) 8.917ms
[463.469s][info][gc] GC(152) Pause Final Mark (unload classes) 0.125ms
[463.469s][info][gc] GC(152) Concurrent thread roots 0.274ms
[463.469s][info][gc] GC(152) Concurrent weak references 0.014ms
[463.473s][info][gc] GC(152) Concurrent weak roots 3.284ms
[463.473s][info][gc] GC(152) Concurrent cleanup 3920M->1038M(4358M) 0.052ms
[463.474s][info][gc] GC(152) Concurrent class unloading 1.030ms
[463.474s][info][gc] GC(152) Concurrent strong roots 0.034ms
[463.478s][info][gc] GC(152) Concurrent evacuation 3.930ms
[463.478s][info][gc] GC(152) Pause Init Update Refs 0.006ms
[463.481s][info][gc] GC(152) Concurrent update references 3.443ms
[463.482s][info][gc] GC(152) Concurrent update thread roots 0.219ms
[463.482s][info][gc] GC(152) Pause Final Update Refs 0.032ms
[463.482s][info][gc] GC(152) Concurrent cleanup 1049M->39M(4358M) 0.023ms
[473.313s][info][gc] Trigger: Free (460M) is below minimum threshold (460M)
[473.315s][info][gc] GC(153) Concurrent reset 1.451ms
[473.315s][info][gc] GC(153) Pause Init Mark (unload classes) 0.022ms
[473.316s][info][gc] GC(153) Concurrent marking roots 0.532ms
[473.348s][info][gc] GC(153) Concurrent marking (unload classes) 32.189ms
[473.348s][info][gc] GC(153) Pause Final Mark (unload classes) 0.233ms
[473.349s][info][gc] GC(153) Concurrent thread roots 0.621ms
[473.349s][info][gc] GC(153) Concurrent weak references 0.015ms
[473.351s][info][gc] GC(153) Concurrent weak roots 2.242ms
[473.351s][info][gc] GC(153) Concurrent cleanup 3931M->3931M(4358M) 0.008ms
[473.353s][info][gc] GC(153) Concurrent class unloading 1.393ms
[473.353s][info][gc] GC(153) Concurrent strong roots 0.030ms
[473.367s][info][gc] GC(153) Concurrent evacuation 14.435ms
[473.367s][info][gc] GC(153) Pause Init Update Refs 0.006ms
[473.381s][info][gc] GC(153) Concurrent update references 13.719ms
[473.381s][info][gc] GC(153) Concurrent update thread roots 0.250ms
[473.382s][info][gc] GC(153) Pause Final Update Refs 0.039ms
[473.382s][info][gc] GC(153) Concurrent cleanup 3975M->93M(4358M) 0.077ms
[483.127s][info][gc] Trigger: Free (460M) is below minimum threshold (460M)
[483.130s][info][gc] GC(154) Concurrent reset 2.723ms
[483.130s][info][gc] GC(154) Pause Init Mark (unload classes) 0.026ms
[483.131s][info][gc] GC(154) Concurrent marking roots 0.748ms
[483.156s][info][gc] GC(154) Concurrent marking (unload classes) 24.925ms
[483.156s][info][gc] GC(154) Pause Final Mark (unload classes) 0.195ms
[483.156s][info][gc] GC(154) Concurrent thread roots 0.386ms
[483.156s][info][gc] GC(154) Concurrent weak references 0.017ms
[483.160s][info][gc] GC(154) Concurrent weak roots 3.788ms
[483.160s][info][gc] GC(154) Concurrent cleanup 3929M->3669M(4358M) 0.009ms
[483.162s][info][gc] GC(154) Concurrent class unloading 1.201ms
[483.162s][info][gc] GC(154) Concurrent strong roots 0.029ms
[483.174s][info][gc] GC(154) Concurrent evacuation 12.856ms
[483.175s][info][gc] GC(154) Pause Init Update Refs 0.015ms
[483.187s][info][gc] GC(154) Concurrent update references 12.115ms
[483.187s][info][gc] GC(154) Concurrent update thread roots 0.218ms
[483.187s][info][gc] GC(154) Pause Final Update Refs 0.039ms
[483.187s][info][gc] GC(154) Concurrent cleanup 3707M->75M(4358M) 0.069ms
[492.975s][info][gc] Trigger: Free (460M) is below minimum threshold (460M)
[492.978s][info][gc] GC(155) Concurrent reset 2.508ms
[492.978s][info][gc] GC(155) Pause Init Mark (unload classes) 0.024ms
[492.979s][info][gc] GC(155) Concurrent marking roots 0.750ms
[492.995s][info][gc] GC(155) Concurrent marking (unload classes) 16.316ms
[492.996s][info][gc] GC(155) Pause Final Mark (unload classes) 0.155ms
[492.996s][info][gc] GC(155) Concurrent thread roots 0.667ms
[492.996s][info][gc] GC(155) Concurrent weak references 0.016ms
[493.000s][info][gc] GC(155) Concurrent weak roots 3.721ms
[493.000s][info][gc] GC(155) Concurrent cleanup 3923M->2413M(4358M) 0.031ms
[493.001s][info][gc] GC(155) Concurrent class unloading 0.990ms
[493.001s][info][gc] GC(155) Concurrent strong roots 0.033ms
[493.010s][info][gc] GC(155) Concurrent evacuation 8.630ms
[493.010s][info][gc] GC(155) Pause Init Update Refs 0.006ms
[493.017s][info][gc] GC(155) Concurrent update references 7.386ms
[493.018s][info][gc] GC(155) Concurrent update thread roots 0.175ms
[493.018s][info][gc] GC(155) Pause Final Update Refs 0.037ms
[493.018s][info][gc] GC(155) Concurrent cleanup 2443M->61M(4358M) 0.048ms
[502.856s][info][gc] Trigger: Free (460M) is below minimum threshold (460M)
[502.858s][info][gc] GC(156) Concurrent reset 1.687ms
[502.859s][info][gc] GC(156) Pause Init Mark (unload classes) 0.031ms
[502.859s][info][gc] GC(156) Concurrent marking roots 0.797ms
[502.869s][info][gc] GC(156) Concurrent marking (unload classes) 9.162ms
[502.869s][info][gc] GC(156) Pause Final Mark (unload classes) 0.121ms
[502.870s][info][gc] GC(156) Concurrent thread roots 0.670ms
[502.870s][info][gc] GC(156) Concurrent weak references 0.016ms
[502.876s][info][gc] GC(156) Concurrent weak roots 5.904ms
[502.876s][info][gc] GC(156) Concurrent cleanup 3924M->1174M(4358M) 0.055ms
[502.878s][info][gc] GC(156) Concurrent class unloading 2.028ms
[502.878s][info][gc] GC(156) Concurrent strong roots 0.034ms
[502.882s][info][gc] GC(156) Concurrent evacuation 4.447ms
[502.882s][info][gc] GC(156) Pause Init Update Refs 0.005ms
[502.887s][info][gc] GC(156) Concurrent update references 4.507ms
[502.887s][info][gc] GC(156) Concurrent update thread roots 0.203ms
[502.887s][info][gc] GC(156) Pause Final Update Refs 0.037ms
[502.887s][info][gc] GC(156) Concurrent cleanup 1189M->47M(4358M) 0.026ms
[512.636s][info][gc] Trigger: Free (460M) is below minimum threshold (460M)
[512.638s][info][gc] GC(157) Concurrent reset 0.833ms
[512.638s][info][gc] GC(157) Pause Init Mark (unload classes) 0.043ms
[512.638s][info][gc] GC(157) Concurrent marking roots 0.284ms
[512.668s][info][gc] GC(157) Concurrent marking (unload classes) 29.654ms
[512.668s][info][gc] GC(157) Pause Final Mark (unload classes) 0.216ms
[512.669s][info][gc] GC(157) Concurrent thread roots 0.643ms
[512.669s][info][gc] GC(157) Concurrent weak references 0.016ms
[512.671s][info][gc] GC(157) Concurrent weak roots 2.224ms
[512.671s][info][gc] GC(157) Concurrent cleanup 3931M->3931M(4358M) 0.012ms
[512.672s][info][gc] GC(157) Concurrent class unloading 1.164ms
[512.672s][info][gc] GC(157) Concurrent strong roots 0.034ms
[512.686s][info][gc] GC(157) Concurrent evacuation 13.979ms
[512.687s][info][gc] GC(157) Pause Init Update Refs 0.005ms
[512.700s][info][gc] GC(157) Concurrent update references 13.593ms
[512.700s][info][gc] GC(157) Concurrent update thread roots 0.234ms
[512.701s][info][gc] GC(157) Pause Final Update Refs 0.040ms
[512.701s][info][gc] GC(157) Concurrent cleanup 3973M->93M(4358M) 0.075ms
[522.421s][info][gc] Trigger: Free (460M) is below minimum threshold (460M)
[522.424s][info][gc] GC(158) Concurrent reset 2.804ms
[522.424s][info][gc] GC(158) Pause Init Mark (unload classes) 0.025ms
[522.425s][info][gc] GC(158) Concurrent marking roots 0.688ms
[522.449s][info][gc] GC(158) Concurrent marking (unload classes) 24.095ms
[522.449s][info][gc] GC(158) Pause Final Mark (unload classes) 0.195ms
[522.450s][info][gc] GC(158) Concurrent thread roots 0.498ms
[522.450s][info][gc] GC(158) Concurrent weak references 0.016ms
[522.454s][info][gc] GC(158) Concurrent weak roots 3.993ms
[522.454s][info][gc] GC(158) Concurrent cleanup 3923M->3769M(4358M) 0.009ms
[522.455s][info][gc] GC(158) Concurrent class unloading 1.021ms
[522.455s][info][gc] GC(158) Concurrent strong roots 0.031ms
[522.468s][info][gc] GC(158) Concurrent evacuation 13.104ms
[522.468s][info][gc] GC(158) Pause Init Update Refs 0.006ms
[522.479s][info][gc] GC(158) Concurrent update references 10.707ms
[522.479s][info][gc] GC(158) Concurrent update thread roots 0.226ms
[522.480s][info][gc] GC(158) Pause Final Update Refs 0.041ms
[522.480s][info][gc] GC(158) Concurrent cleanup 3813M->75M(4358M) 0.071ms
[527.641s][info][gc] Trigger: Free (460M) is below minimum threshold (460M)
[527.644s][info][gc] GC(159) Concurrent reset 3.028ms
[527.645s][info][gc] GC(159) Pause Init Mark (unload classes) 0.032ms
[527.646s][info][gc] GC(159) Concurrent marking roots 1.674ms
[527.665s][info][gc] GC(159) Concurrent marking (unload classes) 18.416ms
[527.665s][info][gc] GC(159) Pause Final Mark (unload classes) 0.170ms
[527.668s][info][gc] GC(159) Concurrent thread roots 2.843ms
[527.668s][info][gc] GC(159) Concurrent weak references 0.022ms
[527.674s][info][gc] GC(159) Concurrent weak roots 6.118ms
[527.674s][info][gc] GC(159) Concurrent cleanup 3941M->2521M(4358M) 0.032ms
[527.676s][info][gc] GC(159) Concurrent class unloading 1.736ms
[527.676s][info][gc] GC(159) Concurrent strong roots 0.037ms
[527.686s][info][gc] GC(159) Concurrent evacuation 9.491ms
[527.686s][info][gc] GC(159) Pause Init Update Refs 0.010ms
[527.697s][info][gc] GC(159) Concurrent update references 11.450ms
[527.698s][info][gc] GC(159) Concurrent update thread roots 0.286ms
[527.698s][info][gc] GC(159) Pause Final Update Refs 0.039ms
[527.698s][info][gc] GC(159) Concurrent cleanup 2575M->99M(4358M) 0.052ms
[530.203s][info][gc] Trigger: Free (460M) is below minimum threshold (460M)
[530.205s][info][gc] GC(160) Concurrent reset 1.905ms
[530.206s][info][gc] GC(160) Pause Init Mark (unload classes) 0.029ms
[530.208s][info][gc] GC(160) Concurrent marking roots 1.919ms
[530.243s][info][gc] GC(160) Concurrent marking (unload classes) 35.236ms
[530.243s][info][gc] GC(160) Pause Final Mark (unload classes) 0.206ms
[530.245s][info][gc] GC(160) Concurrent thread roots 1.392ms
[530.245s][info][gc] GC(160) Concurrent weak references 0.014ms
[530.247s][info][gc] GC(160) Concurrent weak roots 2.239ms
[530.247s][info][gc] GC(160) Concurrent cleanup 3959M->3959M(4358M) 0.012ms
[530.249s][info][gc] GC(160) Concurrent class unloading 2.000ms
[530.249s][info][gc] GC(160) Concurrent strong roots 0.035ms
[530.265s][info][gc] GC(160) Concurrent evacuation 16.158ms
[530.266s][info][gc] GC(160) Pause Init Update Refs 0.010ms
[530.286s][info][gc] GC(160) Concurrent update references 20.084ms
[530.286s][info][gc] GC(160) Concurrent update thread roots 0.277ms
[530.286s][info][gc] GC(160) Pause Final Update Refs 0.039ms
[530.286s][info][gc] GC(160) Concurrent cleanup 4037M->161M(4358M) 0.078ms
[532.748s][info][gc] Trigger: Free (460M) is below minimum threshold (460M)
[532.752s][info][gc] GC(161) Concurrent reset 3.016ms
[532.753s][info][gc] GC(161) Pause Init Mark (unload classes) 0.034ms
[532.754s][info][gc] GC(161) Concurrent marking roots 1.528ms
[532.796s][info][gc] GC(161) Concurrent marking (unload classes) 41.849ms
[532.796s][info][gc] GC(161) Pause Final Mark (unload classes) 0.222ms
[532.798s][info][gc] GC(161) Concurrent thread roots 1.996ms
[532.799s][info][gc] GC(161) Concurrent weak references 0.013ms
[532.803s][info][gc] GC(161) Concurrent weak roots 4.331ms
[532.803s][info][gc] GC(161) Concurrent cleanup 3984M->3984M(4358M) 0.007ms
[532.805s][info][gc] GC(161) Concurrent class unloading 2.005ms
[532.805s][info][gc] GC(161) Concurrent strong roots 0.032ms
[532.820s][info][gc] GC(161) Concurrent evacuation 14.882ms
[532.820s][info][gc] GC(161) Pause Init Update Refs 0.006ms
[532.846s][info][gc] GC(161) Concurrent update references 25.971ms
[532.846s][info][gc] GC(161) Concurrent update thread roots 0.256ms
[532.847s][info][gc] GC(161) Pause Final Update Refs 0.048ms
[532.847s][info][gc] GC(161) Concurrent cleanup 4030M->180M(4358M) 0.082ms
[535.398s][info][gc] Trigger: Free (457M) is below minimum threshold (460M)
[535.401s][info][gc] GC(162) Concurrent reset 3.019ms
[535.402s][info][gc] GC(162) Pause Init Mark (unload classes) 0.025ms
[535.405s][info][gc] GC(162) Concurrent marking roots 3.010ms
[535.436s][info][gc] GC(162) Concurrent marking (unload classes) 31.376ms
[535.437s][info][gc] GC(162) Pause Final Mark (unload classes) 0.217ms
[535.439s][info][gc] GC(162) Concurrent thread roots 2.266ms
[535.439s][info][gc] GC(162) Concurrent weak references 0.014ms
[535.446s][info][gc] GC(162) Concurrent weak roots 6.829ms
[535.446s][info][gc] GC(162) Concurrent cleanup 3986M->3852M(4358M) 0.022ms
[535.448s][info][gc] GC(162) Concurrent class unloading 2.111ms
[535.448s][info][gc] GC(162) Concurrent strong roots 0.037ms
[535.464s][info][gc] GC(162) Concurrent evacuation 15.776ms
[535.464s][info][gc] GC(162) Pause Init Update Refs 0.009ms
[535.483s][info][gc] GC(162) Concurrent update references 19.026ms
[535.484s][info][gc] GC(162) Concurrent update thread roots 0.290ms
[535.484s][info][gc] GC(162) Pause Final Update Refs 0.041ms
[535.484s][info][gc] GC(162) Concurrent cleanup 3944M->182M(4358M) 0.076ms
[537.949s][info][gc] Trigger: Free (459M) is below minimum threshold (460M)
[537.952s][info][gc] GC(163) Concurrent reset 3.235ms
[537.953s][info][gc] GC(163) Pause Init Mark (unload classes) 0.030ms
[537.954s][info][gc] GC(163) Concurrent marking roots 1.024ms
[537.994s][info][gc] GC(163) Concurrent marking (unload classes) 40.555ms
[537.995s][info][gc] GC(163) Pause Final Mark (unload classes) 0.218ms
[537.996s][info][gc] GC(163) Concurrent thread roots 1.667ms
[537.997s][info][gc] GC(163) Concurrent weak references 0.017ms
[538.000s][info][gc] GC(163) Concurrent weak roots 3.691ms
[538.000s][info][gc] GC(163) Concurrent cleanup 3962M->3962M(4358M) 0.013ms
[538.002s][info][gc] GC(163) Concurrent class unloading 1.680ms
[538.002s][info][gc] GC(163) Concurrent strong roots 0.038ms
[538.020s][info][gc] GC(163) Concurrent evacuation 17.966ms
[538.020s][info][gc] GC(163) Pause Init Update Refs 0.006ms
[538.045s][info][gc] GC(163) Concurrent update references 24.795ms
[538.045s][info][gc] GC(163) Concurrent update thread roots 0.273ms
[538.046s][info][gc] GC(163) Pause Final Update Refs 0.036ms
[538.046s][info][gc] GC(163) Concurrent cleanup 4056M->186M(4358M) 0.077ms
[540.756s][info][gc] Trigger: Free (457M) is below minimum threshold (460M)
[540.760s][info][gc] GC(164) Concurrent reset 3.542ms
[540.760s][info][gc] GC(164) Pause Init Mark (unload classes) 0.042ms
[540.764s][info][gc] GC(164) Concurrent marking roots 3.506ms
[540.779s][info][gc] GC(164) Concurrent marking (unload classes) 15.473ms
[540.780s][info][gc] GC(164) Pause Final Mark (unload classes) 0.133ms
[540.781s][info][gc] GC(164) Concurrent thread roots 1.548ms
[540.781s][info][gc] GC(164) Concurrent weak references 0.029ms
[540.792s][info][gc] GC(164) Concurrent weak roots 10.059ms
[540.792s][info][gc] GC(164) Concurrent cleanup 3966M->1264M(4358M) 0.055ms
[540.794s][info][gc] GC(164) Concurrent class unloading 2.671ms
[540.794s][info][gc] GC(164) Concurrent strong roots 0.036ms
[540.801s][info][gc] GC(164) Concurrent evacuation 6.606ms
[540.801s][info][gc] GC(164) Pause Init Update Refs 0.005ms
[540.810s][info][gc] GC(164) Concurrent update references 8.700ms
[540.810s][info][gc] GC(164) Concurrent update thread roots 0.300ms
[540.810s][info][gc] GC(164) Pause Final Update Refs 0.041ms
[540.811s][info][gc] GC(164) Concurrent cleanup 1306M->112M(4358M) 0.027ms
[543.400s][info][gc] Trigger: Free (459M) is below minimum threshold (460M)
[543.402s][info][gc] GC(165) Concurrent reset 0.983ms
[543.402s][info][gc] GC(165) Pause Init Mark (unload classes) 0.025ms
[543.403s][info][gc] GC(165) Concurrent marking roots 1.263ms
[543.448s][info][gc] GC(165) Concurrent marking (unload classes) 44.544ms
[543.448s][info][gc] GC(165) Pause Final Mark (unload classes) 0.227ms
[543.449s][info][gc] GC(165) Concurrent thread roots 0.730ms
[543.449s][info][gc] GC(165) Concurrent weak references 0.013ms
[543.454s][info][gc] GC(165) Concurrent weak roots 4.547ms
[543.454s][info][gc] GC(165) Concurrent cleanup 3988M->3988M(4358M) 0.007ms
[543.458s][info][gc] GC(165) Concurrent class unloading 4.297ms
[543.458s][info][gc] GC(165) Concurrent strong roots 0.039ms
[543.474s][info][gc] GC(165) Concurrent evacuation 16.313ms
[543.474s][info][gc] GC(165) Pause Init Update Refs 0.009ms
[543.495s][info][gc] GC(165) Concurrent update references 20.940ms
[543.496s][info][gc] GC(165) Concurrent update thread roots 0.299ms
[543.496s][info][gc] GC(165) Pause Final Update Refs 0.038ms
[543.496s][info][gc] GC(165) Concurrent cleanup 4069M->185M(4358M) 0.077ms
[546.140s][info][gc] Trigger: Free (460M) is below minimum threshold (460M)
[546.143s][info][gc] GC(166) Concurrent reset 2.915ms
[546.144s][info][gc] GC(166) Pause Init Mark (unload classes) 0.029ms
[546.145s][info][gc] GC(166) Concurrent marking roots 1.652ms
[546.190s][info][gc] GC(166) Concurrent marking (unload classes) 44.246ms
[546.190s][info][gc] GC(166) Pause Final Mark (unload classes) 0.214ms
[546.191s][info][gc] GC(166) Concurrent thread roots 0.843ms
[546.191s][info][gc] GC(166) Concurrent weak references 0.013ms
[546.194s][info][gc] GC(166) Concurrent weak roots 3.121ms
[546.194s][info][gc] GC(166) Concurrent cleanup 3993M->3993M(4358M) 0.009ms
[546.196s][info][gc] GC(166) Concurrent class unloading 2.075ms
[546.196s][info][gc] GC(166) Concurrent strong roots 0.055ms
[546.214s][info][gc] GC(166) Concurrent evacuation 17.247ms
[546.214s][info][gc] GC(166) Pause Init Update Refs 0.010ms
[546.241s][info][gc] GC(166) Concurrent update references 27.233ms
[546.242s][info][gc] GC(166) Concurrent update thread roots 0.292ms
[546.242s][info][gc] GC(166) Pause Final Update Refs 0.042ms
[546.242s][info][gc] GC(166) Concurrent cleanup 4085M->230M(4358M) 0.077ms
[548.895s][info][gc] Trigger: Free (459M) is below minimum threshold (460M)
[548.898s][info][gc] GC(167) Concurrent reset 3.188ms
[548.899s][info][gc] GC(167) Pause Init Mark (unload classes) 0.031ms
[548.901s][info][gc] GC(167) Concurrent marking roots 2.079ms
[548.920s][info][gc] GC(167) Concurrent marking (unload classes) 19.464ms
[548.921s][info][gc] GC(167) Pause Final Mark (unload classes) 0.163ms
[548.922s][info][gc] GC(167) Concurrent thread roots 1.112ms
[548.922s][info][gc] GC(167) Concurrent weak references 0.018ms
[548.929s][info][gc] GC(167) Concurrent weak roots 6.749ms
[548.929s][info][gc] GC(167) Concurrent cleanup 3947M->2544M(4358M) 0.032ms
[548.931s][info][gc] GC(167) Concurrent class unloading 1.967ms
[548.931s][info][gc] GC(167) Concurrent strong roots 0.035ms
[548.942s][info][gc] GC(167) Concurrent evacuation 11.516ms
[548.942s][info][gc] GC(167) Pause Init Update Refs 0.006ms
[548.955s][info][gc] GC(167) Concurrent update references 12.055ms
[548.955s][info][gc] GC(167) Concurrent update thread roots 0.286ms
[548.955s][info][gc] GC(167) Pause Final Update Refs 0.039ms
[548.955s][info][gc] GC(167) Concurrent cleanup 2602M->110M(4358M) 0.052ms
[551.456s][info][gc] Trigger: Free (459M) is below minimum threshold (460M)
[551.458s][info][gc] GC(168) Concurrent reset 1.920ms
[551.458s][info][gc] GC(168) Pause Init Mark (unload classes) 0.033ms
[551.460s][info][gc] GC(168) Concurrent marking roots 1.502ms
[551.494s][info][gc] GC(168) Concurrent marking (unload classes) 34.295ms
[551.494s][info][gc] GC(168) Pause Final Mark (unload classes) 0.226ms
[551.496s][info][gc] GC(168) Concurrent thread roots 1.295ms
[551.496s][info][gc] GC(168) Concurrent weak references 0.016ms
[551.498s][info][gc] GC(168) Concurrent weak roots 1.900ms
[551.498s][info][gc] GC(168) Concurrent cleanup 3968M->3968M(4358M) 0.006ms
[551.499s][info][gc] GC(168) Concurrent class unloading 1.847ms
[551.500s][info][gc] GC(168) Concurrent strong roots 0.040ms
[551.516s][info][gc] GC(168) Concurrent evacuation 16.502ms
[551.516s][info][gc] GC(168) Pause Init Update Refs 0.011ms
[551.538s][info][gc] GC(168) Concurrent update references 22.146ms
[551.539s][info][gc] GC(168) Concurrent update thread roots 0.320ms
[551.539s][info][gc] GC(168) Pause Final Update Refs 0.048ms
[551.539s][info][gc] GC(168) Concurrent cleanup 4052M->176M(4358M) 0.075ms
[554.179s][info][gc] Trigger: Free (459M) is below minimum threshold (460M)
[554.185s][info][gc] GC(169) Concurrent reset 5.276ms
[554.185s][info][gc] GC(169) Pause Init Mark (unload classes) 0.019ms
[554.187s][info][gc] GC(169) Concurrent marking roots 2.254ms
[554.235s][info][gc] GC(169) Concurrent marking (unload classes) 47.482ms
[554.235s][info][gc] GC(169) Pause Final Mark (unload classes) 0.227ms
[554.236s][info][gc] GC(169) Concurrent thread roots 1.100ms
[554.236s][info][gc] GC(169) Concurrent weak references 0.015ms
[554.249s][info][gc] GC(169) Concurrent weak roots 12.893ms
[554.249s][info][gc] GC(169) Concurrent cleanup 4000M->4000M(4358M) 0.011ms
[554.253s][info][gc] GC(169) Concurrent class unloading 3.362ms
[554.253s][info][gc] GC(169) Concurrent strong roots 0.038ms
[554.269s][info][gc] GC(169) Concurrent evacuation 16.047ms
[554.269s][info][gc] GC(169) Pause Init Update Refs 0.006ms
[554.296s][info][gc] GC(169) Concurrent update references 27.248ms
[554.297s][info][gc] GC(169) Concurrent update thread roots 0.291ms
[554.297s][info][gc] GC(169) Pause Final Update Refs 0.042ms
[554.297s][info][gc] GC(169) Concurrent cleanup 4045M->193M(4358M) 0.085ms
[559.212s][info][gc] Trigger: Free (460M) is below minimum threshold (460M)
[559.215s][info][gc] GC(170) Concurrent reset 2.857ms
[559.215s][info][gc] GC(170) Pause Init Mark (unload classes) 0.038ms
[559.216s][info][gc] GC(170) Concurrent marking roots 1.283ms
[559.250s][info][gc] GC(170) Concurrent marking (unload classes) 33.888ms
[559.251s][info][gc] GC(170) Pause Final Mark (unload classes) 0.234ms
[559.252s][info][gc] GC(170) Concurrent thread roots 0.933ms
[559.252s][info][gc] GC(170) Concurrent weak references 0.046ms
[559.259s][info][gc] GC(170) Concurrent weak roots 7.184ms
[559.259s][info][gc] GC(170) Concurrent cleanup 3947M->3795M(4358M) 0.012ms
[559.261s][info][gc] GC(170) Concurrent class unloading 1.593ms
[559.261s][info][gc] GC(170) Concurrent strong roots 0.040ms
[559.276s][info][gc] GC(170) Concurrent evacuation 15.406ms
[559.276s][info][gc] GC(170) Pause Init Update Refs 0.006ms
[559.293s][info][gc] GC(170) Concurrent update references 16.404ms
[559.293s][info][gc] GC(170) Concurrent update thread roots 0.227ms
[559.293s][info][gc] GC(170) Pause Final Update Refs 0.054ms
[559.293s][info][gc] GC(170) Concurrent cleanup 3851M->112M(4358M) 0.080ms
[564.342s][info][gc] Trigger: Free (459M) is below minimum threshold (460M)
[564.345s][info][gc] GC(171) Concurrent reset 2.692ms
[564.345s][info][gc] GC(171) Pause Init Mark (unload classes) 0.017ms
[564.346s][info][gc] GC(171) Concurrent marking roots 1.109ms
[564.373s][info][gc] GC(171) Concurrent marking (unload classes) 26.286ms
[564.373s][info][gc] GC(171) Pause Final Mark (unload classes) 0.208ms
[564.375s][info][gc] GC(171) Concurrent thread roots 0.990ms
[564.375s][info][gc] GC(171) Concurrent weak references 0.015ms
[564.388s][info][gc] GC(171) Concurrent weak roots 13.550ms
[564.388s][info][gc] GC(171) Concurrent cleanup 3946M->2514M(4358M) 0.032ms
[564.390s][info][gc] GC(171) Concurrent class unloading 1.536ms
[564.390s][info][gc] GC(171) Concurrent strong roots 0.050ms
[564.399s][info][gc] GC(171) Concurrent evacuation 9.423ms
[564.400s][info][gc] GC(171) Pause Init Update Refs 0.010ms
[564.410s][info][gc] GC(171) Concurrent update references 10.059ms
[564.410s][info][gc] GC(171) Concurrent update thread roots 0.223ms
[564.410s][info][gc] GC(171) Pause Final Update Refs 0.040ms
[564.410s][info][gc] GC(171) Concurrent cleanup 2546M->84M(4358M) 0.052ms
[569.536s][info][gc] Trigger: Free (459M) is below minimum threshold (460M)
[569.538s][info][gc] GC(172) Concurrent reset 1.939ms
[569.538s][info][gc] GC(172) Pause Init Mark (unload classes) 0.037ms
[569.540s][info][gc] GC(172) Concurrent marking roots 1.511ms
[569.550s][info][gc] GC(172) Concurrent marking (unload classes) 10.640ms
[569.551s][info][gc] GC(172) Pause Final Mark (unload classes) 0.124ms
[569.551s][info][gc] GC(172) Concurrent thread roots 0.611ms
[569.551s][info][gc] GC(172) Concurrent weak references 0.014ms
[569.556s][info][gc] GC(172) Concurrent weak roots 5.109ms
[569.557s][info][gc] GC(172) Concurrent cleanup 3930M->1226M(4358M) 0.053ms
[569.558s][info][gc] GC(172) Concurrent class unloading 1.359ms
[569.558s][info][gc] GC(172) Concurrent strong roots 0.034ms
[569.563s][info][gc] GC(172) Concurrent evacuation 4.991ms
[569.563s][info][gc] GC(172) Pause Init Update Refs 0.007ms
[569.568s][info][gc] GC(172) Concurrent update references 5.151ms
[569.569s][info][gc] GC(172) Concurrent update thread roots 0.236ms
[569.569s][info][gc] GC(172) Pause Final Update Refs 0.040ms
[569.569s][info][gc] GC(172) Concurrent cleanup 1250M->62M(4358M) 0.031ms
[574.560s][info][gc] Trigger: Free (459M) is below minimum threshold (460M)
[574.561s][info][gc] GC(173) Concurrent reset 1.000ms
[574.562s][info][gc] GC(173) Pause Init Mark (unload classes) 0.042ms
[574.563s][info][gc] GC(173) Concurrent marking roots 1.395ms
[574.611s][info][gc] GC(173) Concurrent marking (unload classes) 48.158ms
[574.612s][info][gc] GC(173) Pause Final Mark (unload classes) 0.223ms
[574.613s][info][gc] GC(173) Concurrent thread roots 1.254ms
[574.613s][info][gc] GC(173) Concurrent weak references 0.018ms
[574.616s][info][gc] GC(173) Concurrent weak roots 2.490ms
[574.616s][info][gc] GC(173) Concurrent cleanup 3958M->3958M(4358M) 0.014ms
[574.618s][info][gc] GC(173) Concurrent class unloading 2.041ms
[574.618s][info][gc] GC(173) Concurrent strong roots 0.035ms
[574.634s][info][gc] GC(173) Concurrent evacuation 16.580ms
[574.636s][info][gc] GC(173) Pause Init Update Refs 0.005ms
[574.653s][info][gc] GC(173) Concurrent update references 17.473ms
[574.653s][info][gc] GC(173) Concurrent update thread roots 0.223ms
[574.654s][info][gc] GC(173) Pause Final Update Refs 0.038ms
[574.654s][info][gc] GC(173) Concurrent cleanup 4022M->140M(4358M) 0.077ms
[579.748s][info][gc] Trigger: Free (457M) is below minimum threshold (460M)
[579.752s][info][gc] GC(174) Concurrent reset 3.242ms
[579.752s][info][gc] GC(174) Pause Init Mark (unload classes) 0.033ms
[579.753s][info][gc] GC(174) Concurrent marking roots 1.299ms
[579.784s][info][gc] GC(174) Concurrent marking (unload classes) 31.211ms
[579.785s][info][gc] GC(174) Pause Final Mark (unload classes) 0.234ms
[579.786s][info][gc] GC(174) Concurrent thread roots 0.844ms
[579.786s][info][gc] GC(174) Concurrent weak references 0.016ms
[579.792s][info][gc] GC(174) Concurrent weak roots 6.298ms
[579.792s][info][gc] GC(174) Concurrent cleanup 3946M->3814M(4358M) 0.013ms
[579.794s][info][gc] GC(174) Concurrent class unloading 1.581ms
[579.794s][info][gc] GC(174) Concurrent strong roots 0.036ms
[579.808s][info][gc] GC(174) Concurrent evacuation 14.633ms
[579.809s][info][gc] GC(174) Pause Init Update Refs 0.005ms
[579.824s][info][gc] GC(174) Concurrent update references 15.479ms
[579.824s][info][gc] GC(174) Concurrent update thread roots 0.254ms
[579.825s][info][gc] GC(174) Pause Final Update Refs 0.048ms
[579.825s][info][gc] GC(174) Concurrent cleanup 3864M->102M(4358M) 0.073ms
[584.862s][info][gc] Trigger: Free (459M) is below minimum threshold (460M)
[584.865s][info][gc] GC(175) Concurrent reset 2.877ms
[584.865s][info][gc] GC(175) Pause Init Mark (unload classes) 0.036ms
[584.867s][info][gc] GC(175) Concurrent marking roots 1.871ms
[584.887s][info][gc] GC(175) Concurrent marking (unload classes) 20.107ms
[584.888s][info][gc] GC(175) Pause Final Mark (unload classes) 0.194ms
[584.888s][info][gc] GC(175) Concurrent thread roots 0.410ms
[584.888s][info][gc] GC(175) Concurrent weak references 0.016ms
[584.894s][info][gc] GC(175) Concurrent weak roots 5.970ms
[584.894s][info][gc] GC(175) Concurrent cleanup 3936M->2552M(4358M) 0.034ms
[584.896s][info][gc] GC(175) Concurrent class unloading 1.520ms
[584.896s][info][gc] GC(175) Concurrent strong roots 0.038ms
[584.905s][info][gc] GC(175) Concurrent evacuation 9.517ms
[584.906s][info][gc] GC(175) Pause Init Update Refs 0.006ms
[584.915s][info][gc] GC(175) Concurrent update references 9.699ms
[584.916s][info][gc] GC(175) Concurrent update thread roots 0.224ms
[584.916s][info][gc] GC(175) Pause Final Update Refs 0.038ms
[584.916s][info][gc] GC(175) Concurrent cleanup 2594M->86M(4358M) 0.053ms
[589.982s][info][gc] Trigger: Free (459M) is below minimum threshold (460M)
[589.984s][info][gc] GC(176) Concurrent reset 1.827ms
[589.984s][info][gc] GC(176) Pause Init Mark (unload classes) 0.024ms
[589.986s][info][gc] GC(176) Concurrent marking roots 1.198ms
[589.997s][info][gc] GC(176) Concurrent marking (unload classes) 11.341ms
[589.997s][info][gc] GC(176) Pause Final Mark (unload classes) 0.153ms
[589.998s][info][gc] GC(176) Concurrent thread roots 0.640ms
[589.998s][info][gc] GC(176) Concurrent weak references 0.014ms
[590.003s][info][gc] GC(176) Concurrent weak roots 5.316ms
[590.003s][info][gc] GC(176) Concurrent cleanup 3930M->1300M(4358M) 0.052ms
[590.005s][info][gc] GC(176) Concurrent class unloading 1.534ms
[590.005s][info][gc] GC(176) Concurrent strong roots 0.039ms
[590.010s][info][gc] GC(176) Concurrent evacuation 5.206ms
[590.010s][info][gc] GC(176) Pause Init Update Refs 0.005ms
[590.016s][info][gc] GC(176) Concurrent update references 5.356ms
[590.016s][info][gc] GC(176) Concurrent update thread roots 0.213ms
[590.016s][info][gc] GC(176) Pause Final Update Refs 0.035ms
[590.016s][info][gc] GC(176) Concurrent cleanup 1326M->64M(4358M) 0.031ms
[595.121s][info][gc] Trigger: Free (457M) is below minimum threshold (460M)
[595.122s][info][gc] GC(177) Concurrent reset 0.946ms
[595.122s][info][gc] GC(177) Pause Init Mark (unload classes) 0.022ms
[595.124s][info][gc] GC(177) Concurrent marking roots 1.576ms
[595.128s][info][gc] GC(177) Concurrent marking (unload classes) 3.572ms
[595.128s][info][gc] GC(177) Pause Final Mark (unload classes) 0.071ms
[595.128s][info][gc] GC(177) Concurrent weak references 0.010ms
[595.141s][info][gc] GC(177) Concurrent weak roots 12.815ms
[595.141s][info][gc] GC(177) Concurrent cleanup 3918M->52M(4358M) 0.074ms
[595.143s][info][gc] GC(177) Concurrent class unloading 1.758ms
[595.143s][info][gc] GC(177) Pause Final Roots 0.002ms
[600.084s][info][gc] Trigger: Free (460M) is below minimum threshold (460M)
[600.085s][info][gc] GC(178) Concurrent reset 0.104ms
[600.085s][info][gc] GC(178) Pause Init Mark (unload classes) 0.028ms
[600.086s][info][gc] GC(178) Concurrent marking roots 0.816ms
[600.114s][info][gc] GC(178) Concurrent marking (unload classes) 28.054ms
[600.114s][info][gc] GC(178) Pause Final Mark (unload classes) 0.207ms
[600.115s][info][gc] GC(178) Concurrent thread roots 0.469ms
[600.115s][info][gc] GC(178) Concurrent weak references 0.018ms
[600.117s][info][gc] GC(178) Concurrent weak roots 2.561ms
[600.117s][info][gc] GC(178) Concurrent cleanup 3947M->3947M(4358M) 0.013ms
[600.120s][info][gc] GC(178) Concurrent class unloading 2.688ms
[600.120s][info][gc] GC(178) Concurrent strong roots 0.034ms
[600.134s][info][gc] GC(178) Concurrent evacuation 13.913ms
[600.134s][info][gc] GC(178) Pause Init Update Refs 0.005ms
[600.149s][info][gc] GC(178) Concurrent update references 15.116ms
[600.150s][info][gc] GC(178) Concurrent update thread roots 0.239ms
[600.150s][info][gc] GC(178) Pause Final Update Refs 0.050ms
[600.150s][info][gc] GC(178) Concurrent cleanup 3993M->106M(4358M) 0.078ms
[605.188s][info][gc] Trigger: Free (459M) is below minimum threshold (460M)
[605.191s][info][gc] GC(179) Concurrent reset 2.907ms
[605.191s][info][gc] GC(179) Pause Init Mark (unload classes) 0.023ms
[605.193s][info][gc] GC(179) Concurrent marking roots 1.956ms
[605.214s][info][gc] GC(179) Concurrent marking (unload classes) 21.126ms
[605.214s][info][gc] GC(179) Pause Final Mark (unload classes) 0.166ms
[605.215s][info][gc] GC(179) Concurrent thread roots 0.861ms
[605.215s][info][gc] GC(179) Concurrent weak references 0.015ms
[605.222s][info][gc] GC(179) Concurrent weak roots 6.102ms
[605.222s][info][gc] GC(179) Concurrent cleanup 3944M->2650M(4358M) 0.029ms
[605.223s][info][gc] GC(179) Concurrent class unloading 1.352ms
[605.223s][info][gc] GC(179) Concurrent strong roots 0.035ms
[605.232s][info][gc] GC(179) Concurrent evacuation 9.372ms
[605.233s][info][gc] GC(179) Pause Init Update Refs 0.007ms
[605.243s][info][gc] GC(179) Concurrent update references 10.781ms
[605.244s][info][gc] GC(179) Concurrent update thread roots 0.224ms
[605.244s][info][gc] GC(179) Pause Final Update Refs 0.036ms
[605.244s][info][gc] GC(179) Concurrent cleanup 2686M->92M(4358M) 0.055ms
[609.268s][info][gc] Trigger: Free (455M) is below minimum threshold (460M)
[609.271s][info][gc] GC(180) Concurrent reset 2.200ms
[609.271s][info][gc] GC(180) Pause Init Mark (unload classes) 0.031ms
[609.275s][info][gc] GC(180) Concurrent marking roots 4.213ms
[609.296s][info][gc] GC(180) Concurrent marking (unload classes) 21.192ms
[609.297s][info][gc] GC(180) Pause Final Mark (unload classes) 0.133ms
[609.298s][info][gc] GC(180) Concurrent thread roots 1.446ms
[609.298s][info][gc] GC(180) Concurrent weak references 0.014ms
[609.308s][info][gc] GC(180) Concurrent weak roots 9.736ms
[609.308s][info][gc] GC(180) Concurrent cleanup 3992M->1460M(4358M) 0.079ms
[609.315s][info][gc] GC(180) Concurrent class unloading 6.914ms
[609.315s][info][gc] GC(180) Concurrent strong roots 0.082ms
[609.326s][info][gc] GC(180) Concurrent evacuation 10.891ms
[609.326s][info][gc] GC(180) Pause Init Update Refs 0.006ms
[609.342s][info][gc] GC(180) Concurrent update references 15.055ms
[609.342s][info][gc] GC(180) Concurrent update thread roots 0.304ms
[609.342s][info][gc] GC(180) Pause Final Update Refs 0.036ms
[609.342s][info][gc] GC(180) Concurrent cleanup 1548M->182M(4358M) 0.043ms
[611.147s][info][gc] Trigger: Free (459M) is below minimum threshold (460M)
[611.149s][info][gc] GC(181) Concurrent reset 1.783ms
[611.150s][info][gc] GC(181) Pause Init Mark (unload classes) 0.028ms
[611.151s][info][gc] GC(181) Concurrent marking roots 1.685ms
[611.191s][info][gc] GC(181) Concurrent marking (unload classes) 39.390ms
[611.191s][info][gc] GC(181) Pause Final Mark (unload classes) 0.220ms
[611.192s][info][gc] GC(181) Concurrent thread roots 0.857ms
[611.192s][info][gc] GC(181) Concurrent weak references 0.012ms
[611.196s][info][gc] GC(181) Concurrent weak roots 3.390ms
[611.196s][info][gc] GC(181) Concurrent cleanup 3984M->3984M(4358M) 0.007ms
[611.199s][info][gc] GC(181) Concurrent class unloading 2.907ms
[611.199s][info][gc] GC(181) Concurrent strong roots 0.062ms
[611.217s][info][gc] GC(181) Concurrent evacuation 18.244ms
[611.217s][info][gc] GC(181) Pause Init Update Refs 0.006ms
[611.243s][info][gc] GC(181) Concurrent update references 25.545ms
[611.243s][info][gc] GC(181) Concurrent update thread roots 0.303ms
[611.244s][info][gc] GC(181) Pause Final Update Refs 0.042ms
[611.244s][info][gc] GC(181) Concurrent cleanup 4098M->218M(4358M) 0.075ms
[613.014s][info][gc] Trigger: Average GC time (120.51 ms) is above the time for average allocation rate (2168 MB/s) to deplete free headroom (260M) (margin of error = 2.10)
[613.018s][info][gc] GC(182) Concurrent reset 4.145ms
[613.018s][info][gc] GC(182) Pause Init Mark (unload classes) 0.039ms
[613.019s][info][gc] GC(182) Concurrent marking roots 1.002ms
[613.065s][info][gc] GC(182) Concurrent marking (unload classes) 45.601ms
[613.066s][info][gc] GC(182) Pause Final Mark (unload classes) 0.231ms
[613.068s][info][gc] GC(182) Concurrent thread roots 2.308ms
[613.068s][info][gc] GC(182) Concurrent weak references 0.013ms
[613.072s][info][gc] GC(182) Concurrent weak roots 3.877ms
[613.072s][info][gc] GC(182) Concurrent cleanup 3993M->3991M(4358M) 0.015ms
[613.076s][info][gc] GC(182) Concurrent class unloading 4.314ms
[613.076s][info][gc] GC(182) Concurrent strong roots 0.068ms
[613.097s][info][gc] GC(182) Concurrent evacuation 20.175ms
[613.097s][info][gc] GC(182) Pause Init Update Refs 0.007ms
[613.129s][info][gc] GC(182) Concurrent update references 31.950ms
[613.130s][info][gc] GC(182) Concurrent update thread roots 0.300ms
[613.130s][info][gc] GC(182) Pause Final Update Refs 0.050ms
[613.130s][info][gc] GC(182) Concurrent cleanup 4126M->302M(4358M) 0.074ms
[614.830s][info][gc] Trigger: Average GC time (146.54 ms) is above the time for average allocation rate (2091 MB/s) to deplete free headroom (303M) (margin of error = 2.12)
[614.834s][info][gc] GC(183) Concurrent reset 4.044ms
[614.834s][info][gc] GC(183) Pause Init Mark (unload classes) 0.035ms
[614.837s][info][gc] GC(183) Concurrent marking roots 2.346ms
[614.895s][info][gc] GC(183) Concurrent marking (unload classes) 58.526ms
[614.896s][info][gc] GC(183) Pause Final Mark (unload classes) 0.239ms
[614.897s][info][gc] GC(183) Concurrent thread roots 1.267ms
[614.897s][info][gc] GC(183) Concurrent weak references 0.016ms
[614.901s][info][gc] GC(183) Concurrent weak roots 3.863ms
[614.901s][info][gc] GC(183) Concurrent cleanup 3972M->3972M(4358M) 0.015ms
[614.904s][info][gc] GC(183) Concurrent class unloading 2.888ms
[614.904s][info][gc] GC(183) Concurrent strong roots 0.064ms
[614.926s][info][gc] GC(183) Concurrent evacuation 22.023ms
[614.926s][info][gc] GC(183) Pause Init Update Refs 0.005ms
[614.972s][info][gc] GC(183) Concurrent update references 45.593ms
[614.972s][info][gc] GC(183) Concurrent update thread roots 0.352ms
[614.973s][info][gc] GC(183) Pause Final Update Refs 0.045ms
[614.973s][info][gc] GC(183) Concurrent cleanup 4122M->364M(4358M) 0.072ms
[616.813s][info][gc] Trigger: Average GC time (179.86 ms) is above the time for average allocation rate (1879 MB/s) to deplete free headroom (337M) (margin of error = 2.15)
[616.819s][info][gc] GC(184) Concurrent reset 5.459ms
[616.820s][info][gc] GC(184) Pause Init Mark (unload classes) 0.025ms
[616.823s][info][gc] GC(184) Concurrent marking roots 2.982ms
[616.838s][info][gc] GC(184) Concurrent marking (unload classes) 14.784ms
[616.838s][info][gc] GC(184) Pause Final Mark (unload classes) 0.115ms
[616.840s][info][gc] GC(184) Concurrent thread roots 1.992ms
[616.840s][info][gc] GC(184) Concurrent weak references 0.012ms
[616.856s][info][gc] GC(184) Concurrent weak roots 15.544ms
[616.856s][info][gc] GC(184) Concurrent cleanup 3852M->1158M(4358M) 0.058ms
[616.858s][info][gc] GC(184) Concurrent class unloading 2.435ms
[616.858s][info][gc] GC(184) Concurrent strong roots 0.040ms
[616.866s][info][gc] GC(184) Concurrent evacuation 7.968ms
[616.867s][info][gc] GC(184) Pause Init Update Refs 0.007ms
[616.876s][info][gc] GC(184) Concurrent update references 9.158ms
[616.876s][info][gc] GC(184) Concurrent update thread roots 0.335ms
[616.876s][info][gc] GC(184) Pause Final Update Refs 0.037ms
[616.876s][info][gc] GC(184) Concurrent cleanup 1196M->102M(4358M) 0.028ms
[618.885s][info][gc] Trigger: Average GC time (166.37 ms) is above the time for average allocation rate (1816 MB/s) to deplete free headroom (300M) (margin of error = 2.14)
[618.887s][info][gc] GC(185) Concurrent reset 1.327ms
[618.887s][info][gc] GC(185) Pause Init Mark (unload classes) 0.046ms
[618.888s][info][gc] GC(185) Concurrent marking roots 1.241ms
[618.926s][info][gc] GC(185) Concurrent marking (unload classes) 37.583ms
[618.927s][info][gc] GC(185) Pause Final Mark (unload classes) 0.230ms
[618.929s][info][gc] GC(185) Concurrent thread roots 1.966ms
[618.929s][info][gc] GC(185) Concurrent weak references 0.013ms
[618.935s][info][gc] GC(185) Concurrent weak roots 6.085ms
[618.935s][info][gc] GC(185) Concurrent cleanup 3904M->3902M(4358M) 0.015ms
[618.937s][info][gc] GC(185) Concurrent class unloading 2.559ms
[618.937s][info][gc] GC(185) Concurrent strong roots 0.043ms
[618.957s][info][gc] GC(185) Concurrent evacuation 19.451ms
[618.957s][info][gc] GC(185) Pause Init Update Refs 0.006ms
[618.978s][info][gc] GC(185) Concurrent update references 20.993ms
[618.978s][info][gc] GC(185) Concurrent update thread roots 0.288ms
[618.979s][info][gc] GC(185) Pause Final Update Refs 0.049ms
[618.979s][info][gc] GC(185) Concurrent cleanup 4000M->188M(4358M) 0.073ms
[620.966s][info][gc] Trigger: Average GC time (145.51 ms) is above the time for average allocation rate (1871 MB/s) to deplete free headroom (271M) (margin of error = 2.14)
[620.970s][info][gc] GC(186) Concurrent reset 4.166ms
[620.971s][info][gc] GC(186) Pause Init Mark (unload classes) 0.038ms
[620.973s][info][gc] GC(186) Concurrent marking roots 2.076ms
[621.013s][info][gc] GC(186) Concurrent marking (unload classes) 39.617ms
[621.013s][info][gc] GC(186) Pause Final Mark (unload classes) 0.221ms
[621.014s][info][gc] GC(186) Concurrent thread roots 1.191ms
[621.015s][info][gc] GC(186) Concurrent weak references 0.024ms
[621.018s][info][gc] GC(186) Concurrent weak roots 3.053ms
[621.018s][info][gc] GC(186) Concurrent cleanup 3950M->3946M(4358M) 0.013ms
[621.020s][info][gc] GC(186) Concurrent class unloading 2.183ms
[621.020s][info][gc] GC(186) Concurrent strong roots 0.038ms
[621.038s][info][gc] GC(186) Concurrent evacuation 18.140ms
[621.038s][info][gc] GC(186) Pause Init Update Refs 0.007ms
[621.070s][info][gc] GC(186) Concurrent update references 32.154ms
[621.071s][info][gc] GC(186) Concurrent update thread roots 0.301ms
[621.071s][info][gc] GC(186) Pause Final Update Refs 0.048ms
[621.071s][info][gc] GC(186) Concurrent cleanup 4060M->246M(4358M) 0.074ms
[623.006s][info][gc] Trigger: Average GC time (138.73 ms) is above the time for average allocation rate (1871 MB/s) to deplete free headroom (258M) (margin of error = 2.15)
[623.010s][info][gc] GC(187) Concurrent reset 4.017ms
[623.011s][info][gc] GC(187) Pause Init Mark (unload classes) 0.044ms
[623.012s][info][gc] GC(187) Concurrent marking roots 1.529ms
[623.058s][info][gc] GC(187) Concurrent marking (unload classes) 45.644ms
[623.058s][info][gc] GC(187) Pause Final Mark (unload classes) 0.212ms
[623.059s][info][gc] GC(187) Concurrent thread roots 0.388ms
[623.059s][info][gc] GC(187) Concurrent weak references 0.015ms
[623.065s][info][gc] GC(187) Concurrent weak roots 5.944ms
[623.065s][info][gc] GC(187) Concurrent cleanup 3986M->3986M(4358M) 0.016ms
[623.068s][info][gc] GC(187) Concurrent class unloading 3.101ms
[623.068s][info][gc] GC(187) Concurrent strong roots 0.073ms
[623.085s][info][gc] GC(187) Concurrent evacuation 16.869ms
[623.085s][info][gc] GC(187) Pause Init Update Refs 0.006ms
[623.124s][info][gc] GC(187) Concurrent update references 38.515ms
[623.124s][info][gc] GC(187) Concurrent update thread roots 0.289ms
[623.125s][info][gc] GC(187) Pause Final Update Refs 0.039ms
[623.125s][info][gc] GC(187) Concurrent cleanup 4096M->292M(4358M) 0.075ms
[625.138s][info][gc] Trigger: Average GC time (143.76 ms) is above the time for average allocation rate (1834 MB/s) to deplete free headroom (259M) (margin of error = 2.16)
[625.142s][info][gc] GC(188) Concurrent reset 3.811ms
[625.142s][info][gc] GC(188) Pause Init Mark (unload classes) 0.028ms
[625.146s][info][gc] GC(188) Concurrent marking roots 4.082ms
[625.185s][info][gc] GC(188) Concurrent marking (unload classes) 38.567ms
[625.185s][info][gc] GC(188) Pause Final Mark (unload classes) 0.220ms
[625.187s][info][gc] GC(188) Concurrent thread roots 1.642ms
[625.187s][info][gc] GC(188) Concurrent weak references 0.013ms
[625.195s][info][gc] GC(188) Concurrent weak roots 7.821ms
[625.195s][info][gc] GC(188) Concurrent cleanup 3976M->3752M(4358M) 0.021ms
[625.199s][info][gc] GC(188) Concurrent class unloading 4.464ms
[625.199s][info][gc] GC(188) Concurrent strong roots 0.044ms
[625.226s][info][gc] GC(188) Concurrent evacuation 26.807ms
[625.226s][info][gc] GC(188) Pause Init Update Refs 0.010ms
[625.252s][info][gc] GC(188) Concurrent update references 25.262ms
[625.252s][info][gc] GC(188) Concurrent update thread roots 0.333ms
[625.252s][info][gc] GC(188) Pause Final Update Refs 0.043ms
[625.252s][info][gc] GC(188) Concurrent cleanup 3894M->252M(4358M) 0.072ms
[627.195s][info][gc] Trigger: Average GC time (137.41 ms) is above the time for average allocation rate (1833 MB/s) to deplete free headroom (250M) (margin of error = 2.16)
[627.199s][info][gc] GC(189) Concurrent reset 3.904ms
[627.199s][info][gc] GC(189) Pause Init Mark (unload classes) 0.042ms
[627.201s][info][gc] GC(189) Concurrent marking roots 1.627ms
[627.251s][info][gc] GC(189) Concurrent marking (unload classes) 49.821ms
[627.251s][info][gc] GC(189) Pause Final Mark (unload classes) 0.229ms
[627.253s][info][gc] GC(189) Concurrent thread roots 1.362ms
[627.253s][info][gc] GC(189) Concurrent weak references 0.014ms
[627.258s][info][gc] GC(189) Concurrent weak roots 5.587ms
[627.258s][info][gc] GC(189) Concurrent cleanup 3994M->3992M(4358M) 0.017ms
[627.261s][info][gc] GC(189) Concurrent class unloading 2.490ms
[627.261s][info][gc] GC(189) Concurrent strong roots 0.069ms
[627.279s][info][gc] GC(189) Concurrent evacuation 18.281ms
[627.280s][info][gc] GC(189) Pause Init Update Refs 0.007ms
[627.312s][info][gc] GC(189) Concurrent update references 32.612ms
[627.313s][info][gc] GC(189) Concurrent update thread roots 0.389ms
[627.313s][info][gc] GC(189) Pause Final Update Refs 0.046ms
[627.313s][info][gc] GC(189) Concurrent cleanup 4122M->298M(4358M) 0.074ms
[629.226s][info][gc] Trigger: Average GC time (134.50 ms) is above the time for average allocation rate (1915 MB/s) to deplete free headroom (249M) (margin of error = 2.16)
[629.230s][info][gc] GC(190) Concurrent reset 3.121ms
[629.230s][info][gc] GC(190) Pause Init Mark (unload classes) 0.033ms
[629.231s][info][gc] GC(190) Concurrent marking roots 1.018ms
[629.283s][info][gc] GC(190) Concurrent marking (unload classes) 51.466ms
[629.283s][info][gc] GC(190) Pause Final Mark (unload classes) 0.203ms
[629.284s][info][gc] GC(190) Concurrent thread roots 1.154ms
[629.284s][info][gc] GC(190) Concurrent weak references 0.014ms
[629.288s][info][gc] GC(190) Concurrent weak roots 3.402ms
[629.288s][info][gc] GC(190) Concurrent cleanup 3980M->3980M(4358M) 0.018ms
[629.292s][info][gc] GC(190) Concurrent class unloading 3.878ms
[629.292s][info][gc] GC(190) Concurrent strong roots 0.038ms
[629.308s][info][gc] GC(190) Concurrent evacuation 16.367ms
[629.308s][info][gc] GC(190) Pause Init Update Refs 0.008ms
[629.349s][info][gc] GC(190) Concurrent update references 40.220ms
[629.349s][info][gc] GC(190) Concurrent update thread roots 0.280ms
[629.349s][info][gc] GC(190) Pause Final Update Refs 0.039ms
[629.349s][info][gc] GC(190) Concurrent cleanup 4118M->320M(4358M) 0.074ms
[630.040s][info][gc] Concurrent uncommit 1574M->1574M(4326M) 1.092ms
[632.079s][info][gc] Trigger: Free (459M) is below minimum threshold (460M)
[632.082s][info][gc] GC(191) Concurrent reset 2.730ms
[632.082s][info][gc] GC(191) Pause Init Mark (unload classes) 0.030ms
[632.084s][info][gc] GC(191) Concurrent marking roots 1.877ms
[632.100s][info][gc] GC(191) Concurrent marking (unload classes) 16.730ms
[632.101s][info][gc] GC(191) Pause Final Mark (unload classes) 0.159ms
[632.102s][info][gc] GC(191) Concurrent thread roots 0.935ms
[632.102s][info][gc] GC(191) Concurrent weak references 0.014ms
[632.111s][info][gc] GC(191) Concurrent weak roots 9.296ms
[632.111s][info][gc] GC(191) Concurrent cleanup 3946M->2076M(4326M) 0.042ms
[632.113s][info][gc] GC(191) Concurrent class unloading 2.037ms
[632.113s][info][gc] GC(191) Concurrent strong roots 0.032ms
[632.121s][info][gc] GC(191) Concurrent evacuation 7.843ms
[632.121s][info][gc] GC(191) Pause Init Update Refs 0.007ms
[632.131s][info][gc] GC(191) Concurrent update references 9.118ms
[632.131s][info][gc] GC(191) Concurrent update thread roots 0.232ms
[632.131s][info][gc] GC(191) Pause Final Update Refs 0.036ms
[632.131s][info][gc] GC(191) Concurrent cleanup 2120M->100M(4326M) 0.045ms
[635.677s][info][gc] Trigger: Free (459M) is below minimum threshold (460M)
[635.679s][info][gc] GC(192) Concurrent reset 1.504ms
[635.679s][info][gc] GC(192) Pause Init Mark (unload classes) 0.025ms
[635.681s][info][gc] GC(192) Concurrent marking roots 1.832ms
[635.690s][info][gc] GC(192) Concurrent marking (unload classes) 8.268ms
[635.690s][info][gc] GC(192) Pause Final Mark (unload classes) 0.104ms
[635.691s][info][gc] GC(192) Concurrent thread roots 0.831ms
[635.691s][info][gc] GC(192) Concurrent weak references 0.014ms
[635.697s][info][gc] GC(192) Concurrent weak roots 6.319ms
[635.697s][info][gc] GC(192) Concurrent cleanup 3934M->748M(4326M) 0.063ms
[635.701s][info][gc] GC(192) Concurrent class unloading 3.366ms
[635.701s][info][gc] GC(192) Concurrent strong roots 0.037ms
[635.704s][info][gc] GC(192) Concurrent evacuation 3.416ms
[635.704s][info][gc] GC(192) Pause Init Update Refs 0.006ms
[635.708s][info][gc] GC(192) Concurrent update references 3.986ms
[635.709s][info][gc] GC(192) Concurrent update thread roots 0.213ms
[635.709s][info][gc] GC(192) Pause Final Update Refs 0.035ms
[635.709s][info][gc] GC(192) Concurrent cleanup 772M->66M(4326M) 0.020ms
[639.053s][info][gc] Trigger: Free (459M) is below minimum threshold (460M)
[639.055s][info][gc] GC(193) Concurrent reset 0.553ms
[639.055s][info][gc] GC(193) Pause Init Mark (unload classes) 0.025ms
[639.056s][info][gc] GC(193) Concurrent marking roots 1.031ms
[639.088s][info][gc] GC(193) Concurrent marking (unload classes) 31.815ms
[639.088s][info][gc] GC(193) Pause Final Mark (unload classes) 0.222ms
[639.090s][info][gc] GC(193) Concurrent thread roots 2.058ms
[639.090s][info][gc] GC(193) Concurrent weak references 0.013ms
[639.095s][info][gc] GC(193) Concurrent weak roots 4.714ms
[639.095s][info][gc] GC(193) Concurrent cleanup 3962M->3962M(4326M) 0.012ms
[639.098s][info][gc] GC(193) Concurrent class unloading 3.050ms
[639.098s][info][gc] GC(193) Concurrent strong roots 0.037ms
[639.113s][info][gc] GC(193) Concurrent evacuation 14.733ms
[639.113s][info][gc] GC(193) Pause Init Update Refs 0.005ms
[639.130s][info][gc] GC(193) Concurrent update references 16.860ms
[639.130s][info][gc] GC(193) Concurrent update thread roots 0.241ms
[639.130s][info][gc] GC(193) Pause Final Update Refs 0.041ms
[639.131s][info][gc] GC(193) Concurrent cleanup 4024M->140M(4326M) 0.079ms
[642.575s][info][gc] Trigger: Free (459M) is below minimum threshold (460M)
[642.578s][info][gc] GC(194) Concurrent reset 2.936ms
[642.578s][info][gc] GC(194) Pause Init Mark (unload classes) 0.023ms
[642.579s][info][gc] GC(194) Concurrent marking roots 1.502ms
[642.605s][info][gc] GC(194) Concurrent marking (unload classes) 25.657ms
[642.606s][info][gc] GC(194) Pause Final Mark (unload classes) 0.218ms
[642.606s][info][gc] GC(194) Concurrent thread roots 0.595ms
[642.606s][info][gc] GC(194) Concurrent weak references 0.014ms
[642.613s][info][gc] GC(194) Concurrent weak roots 7.017ms
[642.613s][info][gc] GC(194) Concurrent cleanup 3954M->3348M(4326M) 0.019ms
[642.615s][info][gc] GC(194) Concurrent class unloading 1.513ms
[642.615s][info][gc] GC(194) Concurrent strong roots 0.045ms
[642.627s][info][gc] GC(194) Concurrent evacuation 12.054ms
[642.627s][info][gc] GC(194) Pause Init Update Refs 0.007ms
[642.640s][info][gc] GC(194) Concurrent update references 12.943ms
[642.640s][info][gc] GC(194) Concurrent update thread roots 0.230ms
[642.641s][info][gc] GC(194) Pause Final Update Refs 0.037ms
[642.641s][info][gc] GC(194) Concurrent cleanup 3408M->124M(4326M) 0.067ms
[646.146s][info][gc] Trigger: Free (457M) is below minimum threshold (460M)
[646.148s][info][gc] GC(195) Concurrent reset 2.407ms
[646.148s][info][gc] GC(195) Pause Init Mark (unload classes) 0.023ms
[646.150s][info][gc] GC(195) Concurrent marking roots 1.723ms
[646.175s][info][gc] GC(195) Concurrent marking (unload classes) 24.743ms
[646.175s][info][gc] GC(195) Pause Final Mark (unload classes) 0.145ms
[646.176s][info][gc] GC(195) Concurrent thread roots 0.800ms
[646.176s][info][gc] GC(195) Concurrent weak references 0.014ms
[646.186s][info][gc] GC(195) Concurrent weak roots 9.332ms
[646.186s][info][gc] GC(195) Concurrent cleanup 3950M->2048M(4326M) 0.041ms
[646.187s][info][gc] GC(195) Concurrent class unloading 1.259ms
[646.187s][info][gc] GC(195) Concurrent strong roots 0.044ms
[646.195s][info][gc] GC(195) Concurrent evacuation 7.673ms
[646.195s][info][gc] GC(195) Pause Init Update Refs 0.007ms
[646.204s][info][gc] GC(195) Concurrent update references 9.106ms
[646.204s][info][gc] GC(195) Concurrent update thread roots 0.230ms
[646.205s][info][gc] GC(195) Pause Final Update Refs 0.034ms
[646.205s][info][gc] GC(195) Concurrent cleanup 2076M->86M(4326M) 0.045ms
[649.776s][info][gc] Trigger: Free (459M) is below minimum threshold (460M)
[649.779s][info][gc] GC(196) Concurrent reset 1.484ms
[649.779s][info][gc] GC(196) Pause Init Mark (unload classes) 0.025ms
[649.781s][info][gc] GC(196) Concurrent marking roots 1.853ms
[649.790s][info][gc] GC(196) Concurrent marking (unload classes) 9.465ms
[649.791s][info][gc] GC(196) Pause Final Mark (unload classes) 0.107ms
[649.792s][info][gc] GC(196) Concurrent thread roots 1.110ms
[649.792s][info][gc] GC(196) Concurrent weak references 0.013ms
[649.798s][info][gc] GC(196) Concurrent weak roots 6.227ms
[649.798s][info][gc] GC(196) Concurrent cleanup 3936M->796M(4326M) 0.063ms
[649.800s][info][gc] GC(196) Concurrent class unloading 1.428ms
[649.800s][info][gc] GC(196) Concurrent strong roots 0.035ms
[649.803s][info][gc] GC(196) Concurrent evacuation 3.394ms
[649.803s][info][gc] GC(196) Pause Init Update Refs 0.005ms
[649.808s][info][gc] GC(196) Concurrent update references 4.830ms
[649.808s][info][gc] GC(196) Concurrent update thread roots 0.217ms
[649.808s][info][gc] GC(196) Pause Final Update Refs 0.031ms
[649.809s][info][gc] GC(196) Concurrent cleanup 820M->70M(4326M) 0.024ms
[653.168s][info][gc] Trigger: Free (459M) is below minimum threshold (460M)
[653.169s][info][gc] GC(197) Concurrent reset 0.620ms
[653.169s][info][gc] GC(197) Pause Init Mark (unload classes) 0.025ms
[653.170s][info][gc] GC(197) Concurrent marking roots 1.170ms
[653.201s][info][gc] GC(197) Concurrent marking (unload classes) 30.676ms
[653.201s][info][gc] GC(197) Pause Final Mark (unload classes) 0.212ms
[653.203s][info][gc] GC(197) Concurrent thread roots 1.451ms
[653.203s][info][gc] GC(197) Concurrent weak references 0.016ms
[653.205s][info][gc] GC(197) Concurrent weak roots 2.176ms
[653.205s][info][gc] GC(197) Concurrent cleanup 3950M->3950M(4326M) 0.012ms
[653.207s][info][gc] GC(197) Concurrent class unloading 1.703ms
[653.207s][info][gc] GC(197) Concurrent strong roots 0.041ms
[653.221s][info][gc] GC(197) Concurrent evacuation 14.506ms
[653.221s][info][gc] GC(197) Pause Init Update Refs 0.005ms
[653.237s][info][gc] GC(197) Concurrent update references 15.113ms
[653.237s][info][gc] GC(197) Concurrent update thread roots 0.239ms
[653.237s][info][gc] GC(197) Pause Final Update Refs 0.038ms
[653.237s][info][gc] GC(197) Concurrent cleanup 4020M->138M(4326M) 0.078ms
[656.681s][info][gc] Trigger: Free (459M) is below minimum threshold (460M)
[656.684s][info][gc] GC(198) Concurrent reset 3.138ms
[656.684s][info][gc] GC(198) Pause Init Mark (unload classes) 0.036ms
[656.686s][info][gc] GC(198) Concurrent marking roots 2.115ms
[656.711s][info][gc] GC(198) Concurrent marking (unload classes) 25.077ms
[656.712s][info][gc] GC(198) Pause Final Mark (unload classes) 0.192ms
[656.713s][info][gc] GC(198) Concurrent thread roots 1.055ms
[656.713s][info][gc] GC(198) Concurrent weak references 0.014ms
[656.719s][info][gc] GC(198) Concurrent weak roots 6.188ms
[656.719s][info][gc] GC(198) Concurrent cleanup 3956M->3418M(4326M) 0.016ms
[656.721s][info][gc] GC(198) Concurrent class unloading 1.501ms
[656.721s][info][gc] GC(198) Concurrent strong roots 0.038ms
[656.733s][info][gc] GC(198) Concurrent evacuation 12.316ms
[656.733s][info][gc] GC(198) Pause Init Update Refs 0.005ms
[656.746s][info][gc] GC(198) Concurrent update references 13.176ms
[656.747s][info][gc] GC(198) Concurrent update thread roots 0.244ms
[656.747s][info][gc] GC(198) Pause Final Update Refs 0.041ms
[656.747s][info][gc] GC(198) Concurrent cleanup 3474M->122M(4326M) 0.068ms
[660.277s][info][gc] Trigger: Free (457M) is below minimum threshold (460M)
[660.280s][info][gc] GC(199) Concurrent reset 2.481ms
[660.280s][info][gc] GC(199) Pause Init Mark (unload classes) 0.051ms
[660.282s][info][gc] GC(199) Concurrent marking roots 2.006ms
[660.300s][info][gc] GC(199) Concurrent marking (unload classes) 18.312ms
[660.301s][info][gc] GC(199) Pause Final Mark (unload classes) 0.152ms
[660.301s][info][gc] GC(199) Concurrent thread roots 0.540ms
[660.301s][info][gc] GC(199) Concurrent weak references 0.014ms
[660.309s][info][gc] GC(199) Concurrent weak roots 7.783ms
[660.309s][info][gc] GC(199) Concurrent cleanup 3950M->2158M(4326M) 0.037ms
[660.311s][info][gc] GC(199) Concurrent class unloading 2.046ms
[660.311s][info][gc] GC(199) Concurrent strong roots 0.039ms
[660.320s][info][gc] GC(199) Concurrent evacuation 8.508ms
[660.320s][info][gc] GC(199) Pause Init Update Refs 0.007ms
[660.330s][info][gc] GC(199) Concurrent update references 10.011ms
[660.330s][info][gc] GC(199) Concurrent update thread roots 0.229ms
[660.331s][info][gc] GC(199) Pause Final Update Refs 0.046ms
[660.331s][info][gc] GC(199) Concurrent cleanup 2200M->102M(4326M) 0.058ms
[663.846s][info][gc] Trigger: Free (459M) is below minimum threshold (460M)
[663.848s][info][gc] GC(200) Concurrent reset 1.563ms
[663.848s][info][gc] GC(200) Pause Init Mark (unload classes) 0.026ms
[663.851s][info][gc] GC(200) Concurrent marking roots 2.273ms
[663.860s][info][gc] GC(200) Concurrent marking (unload classes) 9.054ms
[663.860s][info][gc] GC(200) Pause Final Mark (unload classes) 0.130ms
[663.861s][info][gc] GC(200) Concurrent thread roots 0.694ms
[663.861s][info][gc] GC(200) Concurrent weak references 0.011ms
[663.868s][info][gc] GC(200) Concurrent weak roots 7.550ms
[663.868s][info][gc] GC(200) Concurrent cleanup 3940M->878M(4326M) 0.060ms
[663.870s][info][gc] GC(200) Concurrent class unloading 1.632ms
[663.870s][info][gc] GC(200) Concurrent strong roots 0.039ms
[663.874s][info][gc] GC(200) Concurrent evacuation 3.573ms
[663.874s][info][gc] GC(200) Pause Init Update Refs 0.007ms
[663.879s][info][gc] GC(200) Concurrent update references 4.775ms
[663.879s][info][gc] GC(200) Concurrent update thread roots 0.223ms
[663.879s][info][gc] GC(200) Pause Final Update Refs 0.032ms
[663.879s][info][gc] GC(200) Concurrent cleanup 898M->72M(4326M) 0.021ms
[667.223s][info][gc] Trigger: Free (459M) is below minimum threshold (460M)
[667.224s][info][gc] GC(201) Concurrent reset 0.644ms
[667.224s][info][gc] GC(201) Pause Init Mark (unload classes) 0.025ms
[667.225s][info][gc] GC(201) Concurrent marking roots 1.065ms
[667.256s][info][gc] GC(201) Concurrent marking (unload classes) 30.409ms
[667.256s][info][gc] GC(201) Pause Final Mark (unload classes) 0.239ms
[667.257s][info][gc] GC(201) Concurrent thread roots 0.980ms
[667.257s][info][gc] GC(201) Concurrent weak references 0.018ms
[667.261s][info][gc] GC(201) Concurrent weak roots 3.595ms
[667.261s][info][gc] GC(201) Concurrent cleanup 3966M->3966M(4326M) 0.012ms
[667.262s][info][gc] GC(201) Concurrent class unloading 1.461ms
[667.262s][info][gc] GC(201) Concurrent strong roots 0.043ms
[667.277s][info][gc] GC(201) Concurrent evacuation 14.568ms
[667.277s][info][gc] GC(201) Pause Init Update Refs 0.005ms
[667.296s][info][gc] GC(201) Concurrent update references 18.243ms
[667.296s][info][gc] GC(201) Concurrent update thread roots 0.229ms
[667.296s][info][gc] GC(201) Pause Final Update Refs 0.038ms
[667.296s][info][gc] GC(201) Concurrent cleanup 4024M->146M(4326M) 0.079ms
[669.177s][info][gc] Trigger: Average GC time (96.22 ms) is above the time for average allocation rate (2598 MB/s) to deplete free headroom (247M) (margin of error = 2.17)
[669.182s][info][gc] GC(202) Concurrent reset 4.736ms
[669.183s][info][gc] GC(202) Pause Init Mark (unload classes) 0.058ms
[669.189s][info][gc] GC(202) Concurrent marking roots 6.119ms
[669.231s][info][gc] GC(202) Concurrent marking (unload classes) 42.034ms
[669.232s][info][gc] GC(202) Pause Final Mark (unload classes) 0.204ms
[669.234s][info][gc] GC(202) Concurrent thread roots 2.272ms
[669.234s][info][gc] GC(202) Concurrent weak references 0.016ms
[669.254s][info][gc] GC(202) Concurrent weak roots 19.963ms
[669.254s][info][gc] GC(202) Concurrent cleanup 4068M->3610M(4326M) 0.027ms
[669.261s][info][gc] GC(202) Concurrent class unloading 6.521ms
[669.261s][info][gc] GC(202) Concurrent strong roots 0.063ms
[669.279s][info][gc] GC(202) Concurrent evacuation 17.910ms
[669.279s][info][gc] GC(202) Pause Init Update Refs 0.008ms
[669.312s][info][gc] GC(202) Concurrent update references 33.093ms
[669.313s][info][gc] GC(202) Concurrent update thread roots 0.382ms
[669.313s][info][gc] GC(202) Pause Final Update Refs 0.048ms
[669.313s][info][gc] GC(202) Concurrent cleanup 3778M->350M(4326M) 0.068ms
[670.740s][info][gc] Trigger: Average GC time (185.79 ms) is above the time for average allocation rate (2445 MB/s) to deplete free headroom (453M) (margin of error = 2.20)
[670.744s][info][gc] GC(203) Concurrent reset 4.089ms
[670.745s][info][gc] GC(203) Pause Init Mark (unload classes) 0.039ms
[670.747s][info][gc] GC(203) Concurrent marking roots 1.889ms
[670.798s][info][gc] GC(203) Concurrent marking (unload classes) 51.376ms
[670.799s][info][gc] GC(203) Pause Final Mark (unload classes) 0.214ms
[670.802s][info][gc] GC(203) Concurrent thread roots 3.575ms
[670.802s][info][gc] GC(203) Concurrent weak references 0.014ms
[670.808s][info][gc] GC(203) Concurrent weak roots 5.400ms
[670.808s][info][gc] GC(203) Concurrent cleanup 3829M->3829M(4326M) 0.016ms
[670.812s][info][gc] GC(203) Concurrent class unloading 3.619ms
[670.812s][info][gc] GC(203) Concurrent strong roots 0.069ms
[670.835s][info][gc] GC(203) Concurrent evacuation 23.130ms
[670.835s][info][gc] GC(203) Pause Init Update Refs 0.010ms
[670.874s][info][gc] GC(203) Concurrent update references 38.630ms
[670.876s][info][gc] GC(203) Concurrent update thread roots 2.309ms
[670.877s][info][gc] GC(203) Pause Final Update Refs 0.040ms
[670.877s][info][gc] GC(203) Concurrent cleanup 4025M->375M(4326M) 0.072ms
[672.232s][info][gc] Trigger: Average GC time (193.47 ms) is above the time for average allocation rate (2512 MB/s) to deplete free headroom (485M) (margin of error = 2.22)
[672.237s][info][gc] GC(204) Concurrent reset 4.240ms
[672.237s][info][gc] GC(204) Pause Init Mark (unload classes) 0.039ms
[672.238s][info][gc] GC(204) Concurrent marking roots 1.200ms
[672.292s][info][gc] GC(204) Concurrent marking (unload classes) 53.677ms
[672.292s][info][gc] GC(204) Pause Final Mark (unload classes) 0.230ms
[672.296s][info][gc] GC(204) Concurrent thread roots 3.393ms
[672.296s][info][gc] GC(204) Concurrent weak references 0.013ms
[672.302s][info][gc] GC(204) Concurrent weak roots 6.424ms
[672.303s][info][gc] GC(204) Concurrent cleanup 3769M->3769M(4326M) 0.015ms
[672.308s][info][gc] GC(204) Concurrent class unloading 4.993ms
[672.308s][info][gc] GC(204) Concurrent strong roots 0.071ms
[672.328s][info][gc] GC(204) Concurrent evacuation 20.626ms
[672.329s][info][gc] GC(204) Pause Init Update Refs 0.008ms
[672.371s][info][gc] GC(204) Concurrent update references 42.318ms
[672.371s][info][gc] GC(204) Concurrent update thread roots 0.324ms
[672.372s][info][gc] GC(204) Pause Final Update Refs 0.039ms
[672.372s][info][gc] GC(204) Concurrent cleanup 3955M->370M(4326M) 0.073ms
[673.718s][info][gc] Trigger: Average GC time (188.51 ms) is above the time for average allocation rate (2502 MB/s) to deplete free headroom (469M) (margin of error = 2.24)
[673.722s][info][gc] GC(205) Concurrent reset 3.969ms
[673.722s][info][gc] GC(205) Pause Init Mark (unload classes) 0.035ms
[673.724s][info][gc] GC(205) Concurrent marking roots 1.571ms
[673.786s][info][gc] GC(205) Concurrent marking (unload classes) 62.418ms
[673.787s][info][gc] GC(205) Pause Final Mark (unload classes) 0.204ms
[673.789s][info][gc] GC(205) Concurrent thread roots 1.767ms
[673.789s][info][gc] GC(205) Concurrent weak references 0.014ms
[673.798s][info][gc] GC(205) Concurrent weak roots 9.479ms
[673.798s][info][gc] GC(205) Concurrent cleanup 3857M->3855M(4326M) 0.015ms
[673.810s][info][gc] GC(205) Concurrent class unloading 11.899ms
[673.811s][info][gc] GC(205) Concurrent strong roots 0.081ms
[673.832s][info][gc] GC(205) Concurrent evacuation 21.535ms
[673.833s][info][gc] GC(205) Pause Init Update Refs 0.008ms
[673.886s][info][gc] GC(205) Concurrent update references 53.089ms
[673.886s][info][gc] GC(205) Concurrent update thread roots 0.358ms
[673.886s][info][gc] GC(205) Pause Final Update Refs 0.043ms
[673.887s][info][gc] GC(205) Concurrent cleanup 4049M->475M(4326M) 0.072ms
[675.194s][info][gc] Trigger: Average GC time (210.89 ms) is above the time for average allocation rate (2407 MB/s) to deplete free headroom (504M) (margin of error = 2.25)
[675.198s][info][gc] GC(206) Concurrent reset 4.272ms
[675.198s][info][gc] GC(206) Pause Init Mark (unload classes) 0.041ms
[675.199s][info][gc] GC(206) Concurrent marking roots 0.969ms
[675.270s][info][gc] GC(206) Concurrent marking (unload classes) 70.095ms
[675.270s][info][gc] GC(206) Pause Final Mark (unload classes) 0.218ms
[675.272s][info][gc] GC(206) Concurrent thread roots 1.985ms
[675.272s][info][gc] GC(206) Concurrent weak references 0.014ms
[675.282s][info][gc] GC(206) Concurrent weak roots 10.197ms
[675.282s][info][gc] GC(206) Concurrent cleanup 3801M->3801M(4326M) 0.016ms
[675.288s][info][gc] GC(206) Concurrent class unloading 5.776ms
[675.288s][info][gc] GC(206) Concurrent strong roots 0.074ms
[675.308s][info][gc] GC(206) Concurrent evacuation 19.716ms
[675.308s][info][gc] GC(206) Pause Init Update Refs 0.010ms
[675.365s][info][gc] GC(206) Concurrent update references 56.397ms
[675.365s][info][gc] GC(206) Concurrent update thread roots 0.345ms
[675.366s][info][gc] GC(206) Pause Final Update Refs 0.046ms
[675.366s][info][gc] GC(206) Concurrent cleanup 4013M->499M(4326M) 0.070ms
[676.853s][info][gc] Trigger: Average GC time (212.18 ms) is above the time for average allocation rate (1917 MB/s) to deplete free headroom (405M) (margin of error = 2.27)
[676.856s][info][gc] GC(207) Concurrent reset 3.054ms
[676.856s][info][gc] GC(207) Pause Init Mark (unload classes) 0.031ms
[676.862s][info][gc] GC(207) Concurrent marking roots 4.976ms
[676.875s][info][gc] GC(207) Concurrent marking (unload classes) 13.368ms
[676.876s][info][gc] GC(207) Pause Final Mark (unload classes) 0.111ms
[676.878s][info][gc] GC(207) Concurrent thread roots 1.906ms
[676.878s][info][gc] GC(207) Concurrent weak references 0.013ms
[676.887s][info][gc] GC(207) Concurrent weak roots 9.106ms
[676.887s][info][gc] GC(207) Concurrent cleanup 3794M->876M(4326M) 0.087ms
[676.893s][info][gc] GC(207) Concurrent class unloading 5.781ms
[676.893s][info][gc] GC(207) Concurrent strong roots 0.072ms
[676.900s][info][gc] GC(207) Concurrent evacuation 7.005ms
[676.900s][info][gc] GC(207) Pause Init Update Refs 0.009ms
[676.910s][info][gc] GC(207) Concurrent update references 9.424ms
[676.910s][info][gc] GC(207) Concurrent update thread roots 0.288ms
[676.910s][info][gc] GC(207) Pause Final Update Refs 0.035ms
[676.910s][info][gc] GC(207) Concurrent cleanup 928M->134M(4326M) 0.021ms
[678.596s][info][gc] Trigger: Average GC time (230.80 ms) is above the time for average allocation rate (2129 MB/s) to deplete free headroom (489M) (margin of error = 2.26)
[678.597s][info][gc] GC(208) Concurrent reset 1.111ms
[678.598s][info][gc] GC(208) Pause Init Mark (unload classes) 0.027ms
[678.600s][info][gc] GC(208) Concurrent marking roots 1.885ms
[678.637s][info][gc] GC(208) Concurrent marking (unload classes) 37.264ms
[678.637s][info][gc] GC(208) Pause Final Mark (unload classes) 0.216ms
[678.638s][info][gc] GC(208) Concurrent thread roots 1.098ms
[678.639s][info][gc] GC(208) Concurrent weak references 0.014ms
[678.643s][info][gc] GC(208) Concurrent weak roots 4.263ms
[678.643s][info][gc] GC(208) Concurrent cleanup 3746M->3746M(4326M) 0.014ms
[678.645s][info][gc] GC(208) Concurrent class unloading 2.375ms
[678.645s][info][gc] GC(208) Concurrent strong roots 0.067ms
[678.661s][info][gc] GC(208) Concurrent evacuation 15.532ms
[678.661s][info][gc] GC(208) Pause Init Update Refs 0.011ms
[678.690s][info][gc] GC(208) Concurrent update references 29.177ms
[678.693s][info][gc] GC(208) Concurrent update thread roots 2.331ms
[678.693s][info][gc] GC(208) Pause Final Update Refs 0.036ms
[678.694s][info][gc] GC(208) Concurrent cleanup 3858M->240M(4326M) 0.105ms
[680.390s][info][gc] Trigger: Average GC time (190.35 ms) is above the time for average allocation rate (2112 MB/s) to deplete free headroom (399M) (margin of error = 2.26)
[680.394s][info][gc] GC(209) Concurrent reset 3.983ms
[680.395s][info][gc] GC(209) Pause Init Mark (unload classes) 0.035ms
[680.397s][info][gc] GC(209) Concurrent marking roots 2.155ms
[680.438s][info][gc] GC(209) Concurrent marking (unload classes) 41.056ms
[680.439s][info][gc] GC(209) Pause Final Mark (unload classes) 0.220ms
[680.440s][info][gc] GC(209) Concurrent thread roots 1.241ms
[680.440s][info][gc] GC(209) Concurrent weak references 0.026ms
[680.444s][info][gc] GC(209) Concurrent weak roots 4.436ms
[680.444s][info][gc] GC(209) Concurrent cleanup 3839M->3837M(4326M) 0.015ms
[680.447s][info][gc] GC(209) Concurrent class unloading 2.424ms
[680.447s][info][gc] GC(209) Concurrent strong roots 0.039ms
[680.465s][info][gc] GC(209) Concurrent evacuation 18.139ms
[680.465s][info][gc] GC(209) Pause Init Update Refs 0.007ms
[680.497s][info][gc] GC(209) Concurrent update references 31.536ms
[680.497s][info][gc] GC(209) Concurrent update thread roots 0.297ms
[680.498s][info][gc] GC(209) Pause Final Update Refs 0.046ms
[680.498s][info][gc] GC(209) Concurrent cleanup 3957M->274M(4326M) 0.073ms
[682.186s][info][gc] Trigger: Average GC time (167.18 ms) is above the time for average allocation rate (2108 MB/s) to deplete free headroom (351M) (margin of error = 2.26)
[682.190s][info][gc] GC(210) Concurrent reset 2.910ms
[682.190s][info][gc] GC(210) Pause Init Mark (unload classes) 0.035ms
[682.192s][info][gc] GC(210) Concurrent marking roots 1.845ms
[682.241s][info][gc] GC(210) Concurrent marking (unload classes) 49.322ms
[682.242s][info][gc] GC(210) Pause Final Mark (unload classes) 0.217ms
[682.243s][info][gc] GC(210) Concurrent thread roots 1.400ms
[682.243s][info][gc] GC(210) Concurrent weak references 0.019ms
[682.248s][info][gc] GC(210) Concurrent weak roots 4.358ms
[682.248s][info][gc] GC(210) Concurrent cleanup 3898M->3896M(4326M) 0.009ms
[682.252s][info][gc] GC(210) Concurrent class unloading 3.961ms
[682.252s][info][gc] GC(210) Concurrent strong roots 0.060ms
[682.271s][info][gc] GC(210) Concurrent evacuation 18.849ms
[682.271s][info][gc] GC(210) Pause Init Update Refs 0.016ms
[682.311s][info][gc] GC(210) Concurrent update references 39.815ms
[682.311s][info][gc] GC(210) Concurrent update thread roots 0.267ms
[682.311s][info][gc] GC(210) Pause Final Update Refs 0.047ms
[682.312s][info][gc] GC(210) Concurrent cleanup 4032M->330M(4326M) 0.154ms
[683.985s][info][gc] Trigger: Average GC time (164.21 ms) is above the time for average allocation rate (2091 MB/s) to deplete free headroom (341M) (margin of error = 2.26)
[683.988s][info][gc] GC(211) Concurrent reset 2.964ms
[683.988s][info][gc] GC(211) Pause Init Mark (unload classes) 0.024ms
[683.992s][info][gc] GC(211) Concurrent marking roots 3.685ms
[684.041s][info][gc] GC(211) Concurrent marking (unload classes) 48.973ms
[684.041s][info][gc] GC(211) Pause Final Mark (unload classes) 0.193ms
[684.044s][info][gc] GC(211) Concurrent thread roots 2.341ms
[684.044s][info][gc] GC(211) Concurrent weak references 0.014ms
[684.051s][info][gc] GC(211) Concurrent weak roots 7.008ms
[684.051s][info][gc] GC(211) Concurrent cleanup 3851M->3851M(4326M) 0.013ms
[684.054s][info][gc] GC(211) Concurrent class unloading 3.345ms
[684.054s][info][gc] GC(211) Concurrent strong roots 0.038ms
[684.069s][info][gc] GC(211) Concurrent evacuation 14.695ms
[684.069s][info][gc] GC(211) Pause Init Update Refs 0.006ms
[684.101s][info][gc] GC(211) Concurrent update references 32.150ms
[684.102s][info][gc] GC(211) Concurrent update thread roots 0.268ms
[684.102s][info][gc] GC(211) Pause Final Update Refs 0.056ms
[684.102s][info][gc] GC(211) Concurrent cleanup 3930M->246M(4326M) 0.074ms
[688.801s][info][gc] Trigger: Free (459M) is below minimum threshold (460M)
[688.803s][info][gc] GC(212) Concurrent reset 2.690ms
[688.803s][info][gc] GC(212) Pause Init Mark (unload classes) 0.024ms
[688.805s][info][gc] GC(212) Concurrent marking roots 1.091ms
[688.843s][info][gc] GC(212) Concurrent marking (unload classes) 37.961ms
[688.843s][info][gc] GC(212) Pause Final Mark (unload classes) 0.218ms
[688.843s][info][gc] GC(212) Concurrent thread roots 0.394ms
[688.843s][info][gc] GC(212) Concurrent weak references 0.014ms
[688.846s][info][gc] GC(212) Concurrent weak roots 3.054ms
[688.847s][info][gc] GC(212) Concurrent cleanup 3956M->3954M(4326M) 0.008ms
[688.848s][info][gc] GC(212) Concurrent class unloading 1.489ms
[688.848s][info][gc] GC(212) Concurrent strong roots 0.035ms
[688.875s][info][gc] GC(212) Concurrent evacuation 26.974ms
[688.875s][info][gc] GC(212) Pause Init Update Refs 0.005ms
[688.895s][info][gc] GC(212) Concurrent update references 19.572ms
[688.895s][info][gc] GC(212) Concurrent update thread roots 0.252ms
[688.895s][info][gc] GC(212) Pause Final Update Refs 0.039ms
[688.895s][info][gc] GC(212) Concurrent cleanup 4064M->176M(4340M) 0.084ms
[692.320s][info][gc] Trigger: Free (459M) is below minimum threshold (460M)
[692.324s][info][gc] GC(213) Concurrent reset 3.305ms
[692.325s][info][gc] GC(213) Pause Init Mark (unload classes) 0.031ms
[692.327s][info][gc] GC(213) Concurrent marking roots 2.262ms
[692.364s][info][gc] GC(213) Concurrent marking (unload classes) 37.536ms
[692.365s][info][gc] GC(213) Pause Final Mark (unload classes) 0.159ms
[692.367s][info][gc] GC(213) Concurrent thread roots 2.024ms
[692.367s][info][gc] GC(213) Concurrent weak references 0.018ms
[692.381s][info][gc] GC(213) Concurrent weak roots 13.909ms
[692.381s][info][gc] GC(213) Concurrent cleanup 3989M->2551M(4340M) 0.035ms
[692.383s][info][gc] GC(213) Concurrent class unloading 1.691ms
[692.383s][info][gc] GC(213) Concurrent strong roots 0.040ms
[692.395s][info][gc] GC(213) Concurrent evacuation 11.816ms
[692.395s][info][gc] GC(213) Pause Init Update Refs 0.006ms
[692.409s][info][gc] GC(213) Concurrent update references 14.264ms
[692.409s][info][gc] GC(213) Concurrent update thread roots 0.229ms
[692.410s][info][gc] GC(213) Pause Final Update Refs 0.041ms
[692.410s][info][gc] GC(213) Concurrent cleanup 2604M->148M(4340M) 0.052ms
[695.046s][info][gc] Trigger: Free (459M) is below minimum threshold (460M)
[695.049s][info][gc] GC(214) Concurrent reset 2.028ms
[695.049s][info][gc] GC(214) Pause Init Mark (unload classes) 0.031ms
[695.051s][info][gc] GC(214) Concurrent marking roots 2.124ms
[695.064s][info][gc] GC(214) Concurrent marking (unload classes) 12.684ms
[695.064s][info][gc] GC(214) Pause Final Mark (unload classes) 0.178ms
[695.065s][info][gc] GC(214) Concurrent thread roots 0.859ms
[695.065s][info][gc] GC(214) Concurrent weak references 0.016ms
[695.073s][info][gc] GC(214) Concurrent weak roots 7.755ms
[695.073s][info][gc] GC(214) Concurrent cleanup 3948M->1218M(4340M) 0.061ms
[695.076s][info][gc] GC(214) Concurrent class unloading 2.453ms
[695.076s][info][gc] GC(214) Concurrent strong roots 0.048ms
[695.082s][info][gc] GC(214) Concurrent evacuation 6.169ms
[695.082s][info][gc] GC(214) Pause Init Update Refs 0.022ms
[695.090s][info][gc] GC(214) Concurrent update references 7.397ms
[695.090s][info][gc] GC(214) Concurrent update thread roots 0.234ms
[695.090s][info][gc] GC(214) Pause Final Update Refs 0.037ms
[695.090s][info][gc] GC(214) Concurrent cleanup 1258M->102M(4340M) 0.028ms
[697.592s][info][gc] Trigger: Free (459M) is below minimum threshold (460M)
[697.593s][info][gc] GC(215) Concurrent reset 0.983ms
[697.593s][info][gc] GC(215) Pause Init Mark (unload classes) 0.030ms
[697.596s][info][gc] GC(215) Concurrent marking roots 2.420ms
[697.628s][info][gc] GC(215) Concurrent marking (unload classes) 32.415ms
[697.628s][info][gc] GC(215) Pause Final Mark (unload classes) 0.211ms
[697.629s][info][gc] GC(215) Concurrent thread roots 0.487ms
[697.629s][info][gc] GC(215) Concurrent weak references 0.013ms
[697.633s][info][gc] GC(215) Concurrent weak roots 3.732ms
[697.633s][info][gc] GC(215) Concurrent cleanup 3968M->3966M(4340M) 0.013ms
[697.636s][info][gc] GC(215) Concurrent class unloading 3.519ms
[697.636s][info][gc] GC(215) Concurrent strong roots 0.042ms
[697.651s][info][gc] GC(215) Concurrent evacuation 14.454ms
[697.651s][info][gc] GC(215) Pause Init Update Refs 0.006ms
[697.669s][info][gc] GC(215) Concurrent update references 17.934ms
[697.669s][info][gc] GC(215) Concurrent update thread roots 0.241ms
[697.669s][info][gc] GC(215) Pause Final Update Refs 0.034ms
[697.670s][info][gc] GC(215) Concurrent cleanup 4050M->176M(4340M) 0.077ms
[700.240s][info][gc] Trigger: Free (457M) is below minimum threshold (460M)
[700.244s][info][gc] GC(216) Concurrent reset 3.060ms
[700.244s][info][gc] GC(216) Pause Init Mark (unload classes) 0.024ms
[700.246s][info][gc] GC(216) Concurrent marking roots 1.865ms
[700.273s][info][gc] GC(216) Concurrent marking (unload classes) 27.439ms
[700.274s][info][gc] GC(216) Pause Final Mark (unload classes) 0.207ms
[700.275s][info][gc] GC(216) Concurrent thread roots 1.097ms
[700.275s][info][gc] GC(216) Concurrent weak references 0.021ms
[700.282s][info][gc] GC(216) Concurrent weak roots 7.528ms
[700.282s][info][gc] GC(216) Concurrent cleanup 3960M->3782M(4340M) 0.010ms
[700.285s][info][gc] GC(216) Concurrent class unloading 2.700ms
[700.285s][info][gc] GC(216) Concurrent strong roots 0.037ms
[700.301s][info][gc] GC(216) Concurrent evacuation 15.681ms
[700.301s][info][gc] GC(216) Pause Init Update Refs 0.007ms
[700.320s][info][gc] GC(216) Concurrent update references 18.644ms
[700.320s][info][gc] GC(216) Concurrent update thread roots 0.239ms
[700.320s][info][gc] GC(216) Pause Final Update Refs 0.039ms
[700.320s][info][gc] GC(216) Concurrent cleanup 3864M->148M(4340M) 0.083ms
[702.923s][info][gc] Trigger: Free (457M) is below minimum threshold (460M)
[702.927s][info][gc] GC(217) Concurrent reset 2.829ms
[702.927s][info][gc] GC(217) Pause Init Mark (unload classes) 0.024ms
[702.929s][info][gc] GC(217) Concurrent marking roots 1.669ms
[702.950s][info][gc] GC(217) Concurrent marking (unload classes) 20.734ms
[702.950s][info][gc] GC(217) Pause Final Mark (unload classes) 0.167ms
[702.951s][info][gc] GC(217) Concurrent thread roots 1.553ms
[702.952s][info][gc] GC(217) Concurrent weak references 0.014ms
[702.959s][info][gc] GC(217) Concurrent weak roots 7.296ms
[702.959s][info][gc] GC(217) Concurrent cleanup 3970M->2492M(4340M) 0.036ms
[702.962s][info][gc] GC(217) Concurrent class unloading 2.771ms
[702.962s][info][gc] GC(217) Concurrent strong roots 0.038ms
[702.971s][info][gc] GC(217) Concurrent evacuation 9.142ms
[702.972s][info][gc] GC(217) Pause Init Update Refs 0.005ms
[702.983s][info][gc] GC(217) Concurrent update references 11.653ms
[702.984s][info][gc] GC(217) Concurrent update thread roots 0.241ms
[702.984s][info][gc] GC(217) Pause Final Update Refs 0.038ms
[702.984s][info][gc] GC(217) Concurrent cleanup 2546M->132M(4340M) 0.051ms
[705.640s][info][gc] Trigger: Free (459M) is below minimum threshold (460M)
[705.642s][info][gc] GC(218) Concurrent reset 1.918ms
[705.642s][info][gc] GC(218) Pause Init Mark (unload classes) 0.031ms
[705.645s][info][gc] GC(218) Concurrent marking roots 2.874ms
[705.660s][info][gc] GC(218) Concurrent marking (unload classes) 14.648ms
[705.660s][info][gc] GC(218) Pause Final Mark (unload classes) 0.125ms
[705.661s][info][gc] GC(218) Concurrent thread roots 0.570ms
[705.661s][info][gc] GC(218) Concurrent weak references 0.013ms
[705.670s][info][gc] GC(218) Concurrent weak roots 8.834ms
[705.670s][info][gc] GC(218) Concurrent cleanup 3958M->1234M(4340M) 0.057ms
[705.672s][info][gc] GC(218) Concurrent class unloading 2.400ms
[705.672s][info][gc] GC(218) Concurrent strong roots 0.040ms
[705.678s][info][gc] GC(218) Concurrent evacuation 6.047ms
[705.678s][info][gc] GC(218) Pause Init Update Refs 0.008ms
[705.686s][info][gc] GC(218) Concurrent update references 8.024ms
[705.687s][info][gc] GC(218) Concurrent update thread roots 0.220ms
[705.687s][info][gc] GC(218) Pause Final Update Refs 0.036ms
[705.687s][info][gc] GC(218) Concurrent cleanup 1274M->112M(4340M) 0.028ms
[708.178s][info][gc] Trigger: Free (459M) is below minimum threshold (460M)
[708.179s][info][gc] GC(219) Concurrent reset 0.928ms
[708.180s][info][gc] GC(219) Pause Init Mark (unload classes) 0.030ms
[708.182s][info][gc] GC(219) Concurrent marking roots 2.157ms
[708.213s][info][gc] GC(219) Concurrent marking (unload classes) 31.577ms
[708.214s][info][gc] GC(219) Pause Final Mark (unload classes) 0.229ms
[708.215s][info][gc] GC(219) Concurrent thread roots 0.755ms
[708.215s][info][gc] GC(219) Concurrent weak references 0.015ms
[708.218s][info][gc] GC(219) Concurrent weak roots 3.152ms
[708.218s][info][gc] GC(219) Concurrent cleanup 3966M->3966M(4340M) 0.011ms
[708.221s][info][gc] GC(219) Concurrent class unloading 3.006ms
[708.221s][info][gc] GC(219) Concurrent strong roots 0.039ms
[708.238s][info][gc] GC(219) Concurrent evacuation 16.655ms
[708.238s][info][gc] GC(219) Pause Init Update Refs 0.005ms
[708.255s][info][gc] GC(219) Concurrent update references 17.346ms
[708.256s][info][gc] GC(219) Concurrent update thread roots 0.229ms
[708.256s][info][gc] GC(219) Pause Final Update Refs 0.036ms
[708.256s][info][gc] GC(219) Concurrent cleanup 4042M->166M(4340M) 0.074ms
[710.866s][info][gc] Trigger: Free (457M) is below minimum threshold (460M)
[710.869s][info][gc] GC(220) Concurrent reset 2.951ms
[710.869s][info][gc] GC(220) Pause Init Mark (unload classes) 0.031ms
[710.872s][info][gc] GC(220) Concurrent marking roots 2.352ms
[710.901s][info][gc] GC(220) Concurrent marking (unload classes) 29.143ms
[710.901s][info][gc] GC(220) Pause Final Mark (unload classes) 0.213ms
[710.903s][info][gc] GC(220) Concurrent thread roots 1.479ms
[710.903s][info][gc] GC(220) Concurrent weak references 0.014ms
[710.911s][info][gc] GC(220) Concurrent weak roots 7.737ms
[710.911s][info][gc] GC(220) Concurrent cleanup 3980M->3842M(4340M) 0.010ms
[710.914s][info][gc] GC(220) Concurrent class unloading 3.283ms
[710.914s][info][gc] GC(220) Concurrent strong roots 0.036ms
[710.930s][info][gc] GC(220) Concurrent evacuation 15.569ms
[710.930s][info][gc] GC(220) Pause Init Update Refs 0.006ms
[710.951s][info][gc] GC(220) Concurrent update references 20.950ms
[710.951s][info][gc] GC(220) Concurrent update thread roots 0.241ms
[710.951s][info][gc] GC(220) Pause Final Update Refs 0.039ms
[710.951s][info][gc] GC(220) Concurrent cleanup 3938M->186M(4340M) 0.076ms
[713.540s][info][gc] Trigger: Free (459M) is below minimum threshold (460M)
[713.544s][info][gc] GC(221) Concurrent reset 3.457ms
[713.545s][info][gc] GC(221) Pause Init Mark (unload classes) 0.034ms
[713.547s][info][gc] GC(221) Concurrent marking roots 2.668ms
[713.568s][info][gc] GC(221) Concurrent marking (unload classes) 20.494ms
[713.568s][info][gc] GC(221) Pause Final Mark (unload classes) 0.174ms
[713.571s][info][gc] GC(221) Concurrent thread roots 2.329ms
[713.571s][info][gc] GC(221) Concurrent weak references 0.014ms
[713.577s][info][gc] GC(221) Concurrent weak roots 5.983ms
[713.577s][info][gc] GC(221) Concurrent cleanup 3960M->2556M(4340M) 0.032ms
[713.579s][info][gc] GC(221) Concurrent class unloading 2.527ms
[713.580s][info][gc] GC(221) Concurrent strong roots 0.036ms
[713.591s][info][gc] GC(221) Concurrent evacuation 11.762ms
[713.592s][info][gc] GC(221) Pause Init Update Refs 0.005ms
[713.604s][info][gc] GC(221) Concurrent update references 12.218ms
[713.604s][info][gc] GC(221) Concurrent update thread roots 0.244ms
[713.604s][info][gc] GC(221) Pause Final Update Refs 0.034ms
[713.604s][info][gc] GC(221) Concurrent cleanup 2614M->128M(4340M) 0.053ms
[716.249s][info][gc] Trigger: Free (459M) is below minimum threshold (460M)
[716.251s][info][gc] GC(222) Concurrent reset 1.894ms
[716.251s][info][gc] GC(222) Pause Init Mark (unload classes) 0.026ms
[716.253s][info][gc] GC(222) Concurrent marking roots 1.522ms
[716.265s][info][gc] GC(222) Concurrent marking (unload classes) 12.103ms
[716.266s][info][gc] GC(222) Pause Final Mark (unload classes) 0.131ms
[716.267s][info][gc] GC(222) Concurrent thread roots 1.298ms
[716.267s][info][gc] GC(222) Concurrent weak references 0.014ms
[716.292s][info][gc] GC(222) Concurrent weak roots 25.030ms
[716.292s][info][gc] GC(222) Concurrent cleanup 3969M->1287M(4340M) 0.053ms
[716.294s][info][gc] GC(222) Concurrent class unloading 2.384ms
[716.295s][info][gc] GC(222) Concurrent strong roots 0.037ms
[716.301s][info][gc] GC(222) Concurrent evacuation 6.252ms
[716.301s][info][gc] GC(222) Pause Init Update Refs 0.007ms
[716.311s][info][gc] GC(222) Concurrent update references 10.039ms
[716.311s][info][gc] GC(222) Concurrent update thread roots 0.239ms
[716.312s][info][gc] GC(222) Pause Final Update Refs 0.038ms
[716.312s][info][gc] GC(222) Concurrent cleanup 1308M->100M(4340M) 0.030ms
[718.812s][info][gc] Trigger: Free (459M) is below minimum threshold (460M)
[718.813s][info][gc] GC(223) Concurrent reset 1.003ms
[718.813s][info][gc] GC(223) Pause Init Mark (unload classes) 0.033ms
[718.814s][info][gc] GC(223) Concurrent marking roots 1.156ms
[718.845s][info][gc] GC(223) Concurrent marking (unload classes) 31.026ms
[718.846s][info][gc] GC(223) Pause Final Mark (unload classes) 0.207ms
[718.847s][info][gc] GC(223) Concurrent thread roots 1.292ms
[718.847s][info][gc] GC(223) Concurrent weak references 0.016ms
[718.850s][info][gc] GC(223) Concurrent weak roots 3.469ms
[718.850s][info][gc] GC(223) Concurrent cleanup 3970M->3970M(4340M) 0.006ms
[718.853s][info][gc] GC(223) Concurrent class unloading 2.521ms
[718.853s][info][gc] GC(223) Concurrent strong roots 0.034ms
[718.867s][info][gc] GC(223) Concurrent evacuation 14.127ms
[718.867s][info][gc] GC(223) Pause Init Update Refs 0.006ms
[718.885s][info][gc] GC(223) Concurrent update references 17.460ms
[718.885s][info][gc] GC(223) Concurrent update thread roots 0.217ms
[718.885s][info][gc] GC(223) Pause Final Update Refs 0.041ms
[718.885s][info][gc] GC(223) Concurrent cleanup 4010M->132M(4340M) 0.073ms
[720.047s][info][gc] Concurrent uncommit 2964M->2966M(4282M) 3.915ms
[720.382s][info][gc] Trigger: Average GC time (86.62 ms) is above the time for average allocation rate (2871 MB/s) to deplete free headroom (242M) (margin of error = 2.25)
[720.387s][info][gc] GC(224) Concurrent reset 4.274ms
[720.387s][info][gc] GC(224) Pause Init Mark (unload classes) 0.031ms
[720.392s][info][gc] GC(224) Concurrent marking roots 5.144ms
[720.439s][info][gc] GC(224) Concurrent marking (unload classes) 46.794ms
[720.440s][info][gc] GC(224) Pause Final Mark (unload classes) 0.228ms
[720.442s][info][gc] GC(224) Concurrent thread roots 1.796ms
[720.442s][info][gc] GC(224) Concurrent weak references 0.041ms
[720.459s][info][gc] GC(224) Concurrent weak roots 16.729ms
[720.459s][info][gc] GC(224) Concurrent cleanup 4089M->3999M(4282M) 0.020ms
[720.464s][info][gc] GC(224) Concurrent class unloading 5.628ms
[720.464s][info][gc] GC(224) Concurrent strong roots 0.041ms
[720.484s][info][gc] GC(224) Concurrent evacuation 19.788ms
[720.485s][info][gc] GC(224) Pause Init Update Refs 0.009ms
[720.550s][info][gc] GC(224) Concurrent update references 65.035ms
[720.550s][info][gc] GC(224) Concurrent update thread roots 0.551ms
[720.551s][info][gc] GC(224) Pause Final Update Refs 0.046ms
[720.551s][info][gc] GC(224) Concurrent cleanup 4235M->441M(4420M) 0.186ms
[721.664s][info][gc] Trigger: Average GC time (232.43 ms) is above the time for average allocation rate (2847 MB/s) to deplete free headroom (659M) (margin of error = 2.28)
[721.668s][info][gc] GC(225) Concurrent reset 4.310ms
[721.669s][info][gc] GC(225) Pause Init Mark (unload classes) 0.036ms
[721.670s][info][gc] GC(225) Concurrent marking roots 1.494ms
[721.728s][info][gc] GC(225) Concurrent marking (unload classes) 57.095ms
[721.728s][info][gc] GC(225) Pause Final Mark (unload classes) 0.201ms
[721.730s][info][gc] GC(225) Concurrent thread roots 1.718ms
[721.730s][info][gc] GC(225) Concurrent weak references 0.012ms
[721.738s][info][gc] GC(225) Concurrent weak roots 7.803ms
[721.738s][info][gc] GC(225) Concurrent cleanup 3665M->3661M(4420M) 0.015ms
[721.755s][info][gc] GC(225) Concurrent class unloading 16.648ms
[721.755s][info][gc] GC(225) Concurrent strong roots 0.067ms
[721.774s][info][gc] GC(225) Concurrent evacuation 18.715ms
[721.774s][info][gc] GC(225) Pause Init Update Refs 0.011ms
[721.836s][info][gc] GC(225) Concurrent update references 61.897ms
[721.837s][info][gc] GC(225) Concurrent update thread roots 0.459ms
[721.837s][info][gc] GC(225) Pause Final Update Refs 0.039ms
[721.837s][info][gc] GC(225) Concurrent cleanup 3919M->488M(4420M) 0.068ms
[722.893s][info][gc] Trigger: Average GC time (247.87 ms) is above the time for average allocation rate (2835 MB/s) to deplete free headroom (700M) (margin of error = 2.30)
[722.898s][info][gc] GC(226) Concurrent reset 5.666ms
[722.899s][info][gc] GC(226) Pause Init Mark (unload classes) 0.034ms
[722.902s][info][gc] GC(226) Concurrent marking roots 2.911ms
[722.963s][info][gc] GC(226) Concurrent marking (unload classes) 61.001ms
[722.964s][info][gc] GC(226) Pause Final Mark (unload classes) 0.211ms
[722.965s][info][gc] GC(226) Concurrent thread roots 1.384ms
[722.965s][info][gc] GC(226) Concurrent weak references 0.023ms
[722.983s][info][gc] GC(226) Concurrent weak roots 17.503ms
[722.983s][info][gc] GC(226) Concurrent cleanup 3664M->3664M(4420M) 0.016ms
[722.998s][info][gc] GC(226) Concurrent class unloading 15.196ms
[722.998s][info][gc] GC(226) Concurrent strong roots 0.082ms
[723.024s][info][gc] GC(226) Concurrent evacuation 25.296ms
[723.024s][info][gc] GC(226) Pause Init Update Refs 0.009ms
[723.074s][info][gc] GC(226) Concurrent update references 49.623ms
[723.074s][info][gc] GC(226) Concurrent update thread roots 0.495ms
[723.075s][info][gc] GC(226) Pause Final Update Refs 0.041ms
[723.075s][info][gc] GC(226) Concurrent cleanup 3878M->510M(4420M) 0.104ms
[724.125s][info][gc] Trigger: Average GC time (247.72 ms) is above the time for average allocation rate (2889 MB/s) to deplete free headroom (713M) (margin of error = 2.32)
[724.129s][info][gc] GC(227) Concurrent reset 3.910ms
[724.130s][info][gc] GC(227) Pause Init Mark (unload classes) 0.032ms
[724.131s][info][gc] GC(227) Concurrent marking roots 1.062ms
[724.197s][info][gc] GC(227) Concurrent marking (unload classes) 65.741ms
[724.197s][info][gc] GC(227) Pause Final Mark (unload classes) 0.217ms
[724.199s][info][gc] GC(227) Concurrent thread roots 1.034ms
[724.199s][info][gc] GC(227) Concurrent weak references 0.014ms
[724.208s][info][gc] GC(227) Concurrent weak roots 9.452ms
[724.208s][info][gc] GC(227) Concurrent cleanup 3604M->3604M(4420M) 0.015ms
[724.215s][info][gc] GC(227) Concurrent class unloading 6.388ms
[724.215s][info][gc] GC(227) Concurrent strong roots 0.080ms
[724.239s][info][gc] GC(227) Concurrent evacuation 24.324ms
[724.239s][info][gc] GC(227) Pause Init Update Refs 0.008ms
[724.283s][info][gc] GC(227) Concurrent update references 43.496ms
[724.284s][info][gc] GC(227) Concurrent update thread roots 0.646ms
[724.284s][info][gc] GC(227) Pause Final Update Refs 0.045ms
[724.284s][info][gc] GC(227) Concurrent cleanup 3826M->496M(4420M) 0.104ms
[725.377s][info][gc] Trigger: Average GC time (221.29 ms) is above the time for average allocation rate (2909 MB/s) to deplete free headroom (641M) (margin of error = 2.33)
[725.381s][info][gc] GC(228) Concurrent reset 4.160ms
[725.382s][info][gc] GC(228) Pause Init Mark (unload classes) 0.040ms
[725.384s][info][gc] GC(228) Concurrent marking roots 2.083ms
[725.458s][info][gc] GC(228) Concurrent marking (unload classes) 73.995ms
[725.458s][info][gc] GC(228) Pause Final Mark (unload classes) 0.212ms
[725.461s][info][gc] GC(228) Concurrent thread roots 2.139ms
[725.461s][info][gc] GC(228) Concurrent weak references 0.016ms
[725.468s][info][gc] GC(228) Concurrent weak roots 7.710ms
[725.468s][info][gc] GC(228) Concurrent cleanup 3696M->3692M(4420M) 0.015ms
[725.476s][info][gc] GC(228) Concurrent class unloading 7.454ms
[725.476s][info][gc] GC(228) Concurrent strong roots 0.064ms
[725.494s][info][gc] GC(228) Concurrent evacuation 18.128ms
[725.495s][info][gc] GC(228) Pause Init Update Refs 0.006ms
[725.548s][info][gc] GC(228) Concurrent update references 53.115ms
[725.549s][info][gc] GC(228) Concurrent update thread roots 0.688ms
[725.549s][info][gc] GC(228) Pause Final Update Refs 0.042ms
[725.549s][info][gc] GC(228) Concurrent cleanup 3924M->554M(4420M) 0.067ms
[726.608s][info][gc] Trigger: Average GC time (210.95 ms) is above the time for average allocation rate (2907 MB/s) to deplete free headroom (607M) (margin of error = 2.34)
[726.611s][info][gc] GC(229) Concurrent reset 3.495ms
[726.612s][info][gc] GC(229) Pause Init Mark (unload classes) 0.036ms
[726.614s][info][gc] GC(229) Concurrent marking roots 2.188ms
[726.687s][info][gc] GC(229) Concurrent marking (unload classes) 73.093ms
[726.688s][info][gc] GC(229) Pause Final Mark (unload classes) 0.209ms
[726.690s][info][gc] GC(229) Concurrent thread roots 1.874ms
[726.690s][info][gc] GC(229) Concurrent weak references 0.014ms
[726.700s][info][gc] GC(229) Concurrent weak roots 10.339ms
[726.700s][info][gc] GC(229) Concurrent cleanup 3741M->3739M(4420M) 0.015ms
[726.707s][info][gc] GC(229) Concurrent class unloading 6.564ms
[726.707s][info][gc] GC(229) Concurrent strong roots 0.067ms
[726.725s][info][gc] GC(229) Concurrent evacuation 17.652ms
[726.725s][info][gc] GC(229) Pause Init Update Refs 0.006ms
[726.787s][info][gc] GC(229) Concurrent update references 60.410ms
[726.787s][info][gc] GC(229) Concurrent update thread roots 0.766ms
[726.788s][info][gc] GC(229) Pause Final Update Refs 0.039ms
[726.788s][info][gc] GC(229) Concurrent cleanup 3966M->595M(4420M) 0.112ms
[727.849s][info][gc] Trigger: Average GC time (208.49 ms) is above the time for average allocation rate (2903 MB/s) to deplete free headroom (604M) (margin of error = 2.36)
[727.852s][info][gc] GC(230) Concurrent reset 3.167ms
[727.852s][info][gc] GC(230) Pause Init Mark (unload classes) 0.036ms
[727.855s][info][gc] GC(230) Concurrent marking roots 2.209ms
[727.946s][info][gc] GC(230) Concurrent marking (unload classes) 91.158ms
[727.946s][info][gc] GC(230) Pause Final Mark (unload classes) 0.220ms
[727.948s][info][gc] GC(230) Concurrent thread roots 1.945ms
[727.948s][info][gc] GC(230) Concurrent weak references 0.015ms
[727.952s][info][gc] GC(230) Concurrent weak roots 3.887ms
[727.952s][info][gc] GC(230) Concurrent cleanup 3786M->3784M(4420M) 0.014ms
[727.962s][info][gc] GC(230) Concurrent class unloading 9.819ms
[727.962s][info][gc] GC(230) Concurrent strong roots 0.070ms
[727.984s][info][gc] GC(230) Concurrent evacuation 21.359ms
[727.984s][info][gc] GC(230) Pause Init Update Refs 0.015ms
[728.050s][info][gc] GC(230) Concurrent update references 65.872ms
[728.062s][info][gc] GC(230) Concurrent update thread roots 11.579ms
[728.062s][info][gc] GC(230) Pause Final Update Refs 0.041ms
[728.071s][info][gc] GC(230) Concurrent cleanup 4052M->714M(4438M) 0.177ms
[729.519s][info][gc] Trigger: Average GC time (260.81 ms) is above the time for average allocation rate (1912 MB/s) to deplete free headroom (498M) (margin of error = 2.37)
[729.523s][info][gc] GC(231) Concurrent reset 3.932ms
[729.523s][info][gc] GC(231) Pause Init Mark (unload classes) 0.034ms
[729.526s][info][gc] GC(231) Concurrent marking roots 2.884ms
[729.549s][info][gc] GC(231) Concurrent marking (unload classes) 23.392ms
[729.550s][info][gc] GC(231) Pause Final Mark (unload classes) 0.137ms
[729.552s][info][gc] GC(231) Concurrent thread roots 2.056ms
[729.552s][info][gc] GC(231) Concurrent weak references 0.014ms
[729.559s][info][gc] GC(231) Concurrent weak roots 6.935ms
[729.559s][info][gc] GC(231) Concurrent cleanup 3700M->1794M(4438M) 0.040ms
[729.562s][info][gc] GC(231) Concurrent class unloading 3.224ms
[729.562s][info][gc] GC(231) Concurrent strong roots 0.039ms
[729.571s][info][gc] GC(231) Concurrent evacuation 9.013ms
[729.572s][info][gc] GC(231) Pause Init Update Refs 0.013ms
[729.583s][info][gc] GC(231) Concurrent update references 10.854ms
[729.583s][info][gc] GC(231) Concurrent update thread roots 0.337ms
[729.583s][info][gc] GC(231) Pause Final Update Refs 0.038ms
[729.583s][info][gc] GC(231) Concurrent cleanup 1846M->128M(4438M) 0.055ms
[731.432s][info][gc] Trigger: Average GC time (294.37 ms) is above the time for average allocation rate (1934 MB/s) to deplete free headroom (550M) (margin of error = 2.36)
[731.434s][info][gc] GC(232) Concurrent reset 1.866ms
[731.434s][info][gc] GC(232) Pause Init Mark (unload classes) 0.029ms
[731.436s][info][gc] GC(232) Concurrent marking roots 1.991ms
[731.466s][info][gc] GC(232) Concurrent marking (unload classes) 30.292ms
[731.467s][info][gc] GC(232) Pause Final Mark (unload classes) 0.209ms
[731.468s][info][gc] GC(232) Concurrent thread roots 0.909ms
[731.468s][info][gc] GC(232) Concurrent weak references 0.016ms
[731.471s][info][gc] GC(232) Concurrent weak roots 3.096ms
[731.471s][info][gc] GC(232) Concurrent cleanup 3648M->3648M(4438M) 0.013ms
[731.473s][info][gc] GC(232) Concurrent class unloading 2.217ms
[731.473s][info][gc] GC(232) Concurrent strong roots 0.068ms
[731.490s][info][gc] GC(232) Concurrent evacuation 16.993ms
[731.491s][info][gc] GC(232) Pause Init Update Refs 0.008ms
[731.511s][info][gc] GC(232) Concurrent update references 20.304ms
[731.511s][info][gc] GC(232) Concurrent update thread roots 0.326ms
[731.512s][info][gc] GC(232) Pause Final Update Refs 0.047ms
[731.512s][info][gc] GC(232) Concurrent cleanup 3732M->182M(4438M) 0.071ms
[733.349s][info][gc] Trigger: Average GC time (235.12 ms) is above the time for average allocation rate (1955 MB/s) to deplete free headroom (458M) (margin of error = 2.35)
[733.353s][info][gc] GC(233) Concurrent reset 3.706ms
[733.353s][info][gc] GC(233) Pause Init Mark (unload classes) 0.037ms
[733.356s][info][gc] GC(233) Concurrent marking roots 1.914ms
[733.393s][info][gc] GC(233) Concurrent marking (unload classes) 37.796ms
[733.394s][info][gc] GC(233) Pause Final Mark (unload classes) 0.218ms
[733.395s][info][gc] GC(233) Concurrent thread roots 1.287ms
[733.395s][info][gc] GC(233) Concurrent weak references 0.012ms
[733.399s][info][gc] GC(233) Concurrent weak roots 3.904ms
[733.399s][info][gc] GC(233) Concurrent cleanup 3754M->3754M(4438M) 0.015ms
[733.402s][info][gc] GC(233) Concurrent class unloading 2.597ms
[733.402s][info][gc] GC(233) Concurrent strong roots 0.055ms
[733.420s][info][gc] GC(233) Concurrent evacuation 18.198ms
[733.420s][info][gc] GC(233) Pause Init Update Refs 0.006ms
[733.449s][info][gc] GC(233) Concurrent update references 28.749ms
[733.450s][info][gc] GC(233) Concurrent update thread roots 0.444ms
[733.450s][info][gc] GC(233) Pause Final Update Refs 0.048ms
[733.450s][info][gc] GC(233) Concurrent cleanup 3870M->256M(4438M) 0.071ms
[735.384s][info][gc] Trigger: Average GC time (194.49 ms) is above the time for average allocation rate (1860 MB/s) to deplete free headroom (360M) (margin of error = 2.34)
[735.388s][info][gc] GC(234) Concurrent reset 3.798ms
[735.388s][info][gc] GC(234) Pause Init Mark (unload classes) 0.040ms
[735.390s][info][gc] GC(234) Concurrent marking roots 1.509ms
[735.442s][info][gc] GC(234) Concurrent marking (unload classes) 51.980ms
[735.442s][info][gc] GC(234) Pause Final Mark (unload classes) 0.208ms
[735.443s][info][gc] GC(234) Concurrent thread roots 0.686ms
[735.443s][info][gc] GC(234) Concurrent weak references 0.013ms
[735.446s][info][gc] GC(234) Concurrent weak roots 3.376ms
[735.446s][info][gc] GC(234) Concurrent cleanup 3902M->3902M(4438M) 0.010ms
[735.450s][info][gc] GC(234) Concurrent class unloading 3.887ms
[735.450s][info][gc] GC(234) Concurrent strong roots 0.034ms
[735.465s][info][gc] GC(234) Concurrent evacuation 14.943ms
[735.465s][info][gc] GC(234) Pause Init Update Refs 0.008ms
[735.506s][info][gc] GC(234) Concurrent update references 40.213ms
[735.506s][info][gc] GC(234) Concurrent update thread roots 0.332ms
[735.506s][info][gc] GC(234) Pause Final Update Refs 0.048ms
[735.506s][info][gc] GC(234) Concurrent cleanup 4018M->330M(4438M) 0.071ms
[742.572s][info][gc] Trigger: Average GC time (181.30 ms) is above the time for average allocation rate (1706 MB/s) to deplete free headroom (308M) (margin of error = 2.33)
[742.576s][info][gc] GC(235) Concurrent reset 3.922ms
[742.576s][info][gc] GC(235) Pause Init Mark (unload classes) 0.039ms
[742.579s][info][gc] GC(235) Concurrent marking roots 2.952ms
[742.594s][info][gc] GC(235) Concurrent marking (unload classes) 15.053ms
[742.594s][info][gc] GC(235) Pause Final Mark (unload classes) 0.114ms
[742.596s][info][gc] GC(235) Concurrent thread roots 1.664ms
[742.596s][info][gc] GC(235) Concurrent weak references 0.014ms
[742.604s][info][gc] GC(235) Concurrent weak roots 7.883ms
[742.604s][info][gc] GC(235) Concurrent cleanup 3894M->890M(4438M) 0.059ms
[742.607s][info][gc] GC(235) Concurrent class unloading 3.130ms
[742.607s][info][gc] GC(235) Concurrent strong roots 0.036ms
[742.612s][info][gc] GC(235) Concurrent evacuation 4.555ms
[742.612s][info][gc] GC(235) Pause Init Update Refs 0.011ms
[742.622s][info][gc] GC(235) Concurrent update references 9.436ms
[742.623s][info][gc] GC(235) Concurrent update thread roots 1.079ms
[742.623s][info][gc] GC(235) Pause Final Update Refs 0.037ms
[742.623s][info][gc] GC(235) Concurrent cleanup 940M->136M(4438M) 0.021ms
[744.610s][info][gc] Trigger: Average GC time (168.01 ms) is above the time for average allocation rate (1804 MB/s) to deplete free headroom (300M) (margin of error = 2.32)
[744.611s][info][gc] GC(236) Concurrent reset 1.209ms
[744.611s][info][gc] GC(236) Pause Init Mark (unload classes) 0.038ms
[744.613s][info][gc] GC(236) Concurrent marking roots 1.444ms
[744.653s][info][gc] GC(236) Concurrent marking (unload classes) 40.001ms
[744.654s][info][gc] GC(236) Pause Final Mark (unload classes) 0.234ms
[744.654s][info][gc] GC(236) Concurrent thread roots 0.671ms
[744.654s][info][gc] GC(236) Concurrent weak references 0.013ms
[744.660s][info][gc] GC(236) Concurrent weak roots 5.740ms
[744.660s][info][gc] GC(236) Concurrent cleanup 3920M->3920M(4438M) 0.014ms
[744.663s][info][gc] GC(236) Concurrent class unloading 3.165ms
[744.663s][info][gc] GC(236) Concurrent strong roots 0.040ms
[744.681s][info][gc] GC(236) Concurrent evacuation 17.782ms
[744.681s][info][gc] GC(236) Pause Init Update Refs 0.010ms
[744.702s][info][gc] GC(236) Concurrent update references 20.552ms
[744.702s][info][gc] GC(236) Concurrent update thread roots 0.269ms
[744.703s][info][gc] GC(236) Pause Final Update Refs 0.045ms
[744.703s][info][gc] GC(236) Concurrent cleanup 4008M->204M(4438M) 0.073ms
[746.824s][info][gc] Trigger: Average GC time (149.24 ms) is above the time for average allocation rate (1943 MB/s) to deplete free headroom (288M) (margin of error = 2.31)
[746.828s][info][gc] GC(237) Concurrent reset 2.924ms
[746.828s][info][gc] GC(237) Pause Init Mark (unload classes) 0.031ms
[746.831s][info][gc] GC(237) Concurrent marking roots 2.489ms
[746.860s][info][gc] GC(237) Concurrent marking (unload classes) 28.695ms
[746.860s][info][gc] GC(237) Pause Final Mark (unload classes) 0.191ms
[746.861s][info][gc] GC(237) Concurrent thread roots 1.392ms
[746.861s][info][gc] GC(237) Concurrent weak references 0.016ms
[746.872s][info][gc] GC(237) Concurrent weak roots 10.206ms
[746.872s][info][gc] GC(237) Concurrent cleanup 3936M->3267M(4438M) 0.024ms
[746.878s][info][gc] GC(237) Concurrent class unloading 5.842ms
[746.878s][info][gc] GC(237) Concurrent strong roots 0.063ms
[746.894s][info][gc] GC(237) Concurrent evacuation 16.398ms
[746.895s][info][gc] GC(237) Pause Init Update Refs 0.016ms
[746.916s][info][gc] GC(237) Concurrent update references 21.180ms
[746.916s][info][gc] GC(237) Concurrent update thread roots 0.256ms
[746.916s][info][gc] GC(237) Pause Final Update Refs 0.040ms
[746.916s][info][gc] GC(237) Concurrent cleanup 3372M->214M(4438M) 0.064ms
[749.006s][info][gc] Trigger: Average GC time (133.13 ms) is above the time for average allocation rate (1926 MB/s) to deplete free headroom (252M) (margin of error = 2.30)
[749.010s][info][gc] GC(238) Concurrent reset 3.410ms
[749.010s][info][gc] GC(238) Pause Init Mark (unload classes) 0.037ms
[749.012s][info][gc] GC(238) Concurrent marking roots 2.021ms
[749.029s][info][gc] GC(238) Concurrent marking (unload classes) 16.545ms
[749.029s][info][gc] GC(238) Pause Final Mark (unload classes) 0.143ms
[749.031s][info][gc] GC(238) Concurrent thread roots 1.829ms
[749.031s][info][gc] GC(238) Concurrent weak references 0.016ms
[749.040s][info][gc] GC(238) Concurrent weak roots 8.950ms
[749.040s][info][gc] GC(238) Concurrent cleanup 3927M->1903M(4438M) 0.070ms
[749.044s][info][gc] GC(238) Concurrent class unloading 3.950ms
[749.045s][info][gc] GC(238) Concurrent strong roots 0.037ms
[749.053s][info][gc] GC(238) Concurrent evacuation 8.436ms
[749.053s][info][gc] GC(238) Pause Init Update Refs 0.008ms
[749.064s][info][gc] GC(238) Concurrent update references 11.032ms
[749.065s][info][gc] GC(238) Concurrent update thread roots 0.239ms
[749.065s][info][gc] GC(238) Pause Final Update Refs 0.042ms
[749.065s][info][gc] GC(238) Concurrent cleanup 1956M->120M(4438M) 0.038ms
[751.261s][info][gc] Trigger: Free (459M) is below minimum threshold (460M)
[751.263s][info][gc] GC(239) Concurrent reset 2.034ms
[751.264s][info][gc] GC(239) Pause Init Mark (unload classes) 0.034ms
[751.266s][info][gc] GC(239) Concurrent marking roots 2.051ms
[751.274s][info][gc] GC(239) Concurrent marking (unload classes) 8.156ms
[751.274s][info][gc] GC(239) Pause Final Mark (unload classes) 0.097ms
[751.275s][info][gc] GC(239) Concurrent thread roots 1.012ms
[751.276s][info][gc] GC(239) Concurrent weak references 0.014ms
[751.289s][info][gc] GC(239) Concurrent weak roots 13.899ms
[751.290s][info][gc] GC(239) Concurrent cleanup 3942M->598M(4438M) 0.067ms
[751.292s][info][gc] GC(239) Concurrent class unloading 2.401ms
[751.292s][info][gc] GC(239) Concurrent strong roots 0.067ms
[751.296s][info][gc] GC(239) Concurrent evacuation 4.085ms
[751.297s][info][gc] GC(239) Pause Init Update Refs 0.007ms
[751.302s][info][gc] GC(239) Concurrent update references 5.514ms
[751.302s][info][gc] GC(239) Concurrent update thread roots 0.231ms
[751.303s][info][gc] GC(239) Pause Final Update Refs 0.039ms
[751.303s][info][gc] GC(239) Concurrent cleanup 622M->84M(4438M) 0.014ms
[753.333s][info][gc] Trigger: Free (459M) is below minimum threshold (460M)
[753.334s][info][gc] GC(240) Concurrent reset 0.667ms
[753.334s][info][gc] GC(240) Pause Init Mark (unload classes) 0.043ms
[753.336s][info][gc] GC(240) Concurrent marking roots 2.100ms
[753.372s][info][gc] GC(240) Concurrent marking (unload classes) 35.621ms
[753.373s][info][gc] GC(240) Pause Final Mark (unload classes) 0.223ms
[753.374s][info][gc] GC(240) Concurrent thread roots 1.053ms
[753.374s][info][gc] GC(240) Concurrent weak references 0.014ms
[753.377s][info][gc] GC(240) Concurrent weak roots 3.173ms
[753.377s][info][gc] GC(240) Concurrent cleanup 3991M->3985M(4438M) 0.009ms
[753.379s][info][gc] GC(240) Concurrent class unloading 2.289ms
[753.379s][info][gc] GC(240) Concurrent strong roots 0.037ms
[753.395s][info][gc] GC(240) Concurrent evacuation 16.144ms
[753.396s][info][gc] GC(240) Pause Init Update Refs 0.006ms
[753.420s][info][gc] GC(240) Concurrent update references 24.593ms
[753.421s][info][gc] GC(240) Concurrent update thread roots 0.244ms
[753.421s][info][gc] GC(240) Pause Final Update Refs 0.048ms
[753.421s][info][gc] GC(240) Concurrent cleanup 4094M->220M(4438M) 0.076ms
[755.561s][info][gc] Trigger: Average GC time (122.17 ms) is above the time for average allocation rate (1939 MB/s) to deplete free headroom (234M) (margin of error = 2.30)
[755.566s][info][gc] GC(241) Concurrent reset 4.684ms
[755.566s][info][gc] GC(241) Pause Init Mark (unload classes) 0.032ms
[755.570s][info][gc] GC(241) Concurrent marking roots 3.140ms
[755.603s][info][gc] GC(241) Concurrent marking (unload classes) 33.174ms
[755.603s][info][gc] GC(241) Pause Final Mark (unload classes) 0.203ms
[755.604s][info][gc] GC(241) Concurrent thread roots 0.579ms
[755.604s][info][gc] GC(241) Concurrent weak references 0.013ms
[755.613s][info][gc] GC(241) Concurrent weak roots 8.866ms
[755.613s][info][gc] GC(241) Concurrent cleanup 3989M->3233M(4438M) 0.021ms
[755.616s][info][gc] GC(241) Concurrent class unloading 3.056ms
[755.616s][info][gc] GC(241) Concurrent strong roots 0.035ms
[755.630s][info][gc] GC(241) Concurrent evacuation 14.341ms
[755.631s][info][gc] GC(241) Pause Init Update Refs 0.013ms
[755.649s][info][gc] GC(241) Concurrent update references 18.689ms
[755.650s][info][gc] GC(241) Concurrent update thread roots 0.278ms
[755.650s][info][gc] GC(241) Pause Final Update Refs 0.042ms
[755.650s][info][gc] GC(241) Concurrent cleanup 3320M->198M(4438M) 0.062ms
[757.794s][info][gc] Trigger: Free (459M) is below minimum threshold (460M)
[757.798s][info][gc] GC(242) Concurrent reset 2.504ms
[757.798s][info][gc] GC(242) Pause Init Mark (unload classes) 0.034ms
[757.800s][info][gc] GC(242) Concurrent marking roots 2.296ms
[757.823s][info][gc] GC(242) Concurrent marking (unload classes) 22.796ms
[757.824s][info][gc] GC(242) Pause Final Mark (unload classes) 0.162ms
[757.825s][info][gc] GC(242) Concurrent thread roots 0.920ms
[757.825s][info][gc] GC(242) Concurrent weak references 0.055ms
[757.843s][info][gc] GC(242) Concurrent weak roots 17.750ms
[757.843s][info][gc] GC(242) Concurrent cleanup 3993M->1963M(4438M) 0.043ms
[757.846s][info][gc] GC(242) Concurrent class unloading 3.014ms
[757.846s][info][gc] GC(242) Concurrent strong roots 0.064ms
[757.857s][info][gc] GC(242) Concurrent evacuation 10.957ms
[757.857s][info][gc] GC(242) Pause Init Update Refs 0.006ms
[757.869s][info][gc] GC(242) Concurrent update references 11.567ms
[757.869s][info][gc] GC(242) Concurrent update thread roots 0.249ms
[757.869s][info][gc] GC(242) Pause Final Update Refs 0.043ms
[757.869s][info][gc] GC(242) Concurrent cleanup 2022M->164M(4438M) 0.040ms
[760.074s][info][gc] Trigger: Free (459M) is below minimum threshold (460M)
[760.077s][info][gc] GC(243) Concurrent reset 2.005ms
[760.077s][info][gc] GC(243) Pause Init Mark (unload classes) 0.036ms
[760.080s][info][gc] GC(243) Concurrent marking roots 3.287ms
[760.093s][info][gc] GC(243) Concurrent marking (unload classes) 13.075ms
[760.094s][info][gc] GC(243) Pause Final Mark (unload classes) 0.105ms
[760.095s][info][gc] GC(243) Concurrent thread roots 0.742ms
[760.095s][info][gc] GC(243) Concurrent weak references 0.020ms
[760.112s][info][gc] GC(243) Concurrent weak roots 16.893ms
[760.112s][info][gc] GC(243) Concurrent cleanup 3975M->687M(4438M) 0.065ms
[760.115s][info][gc] GC(243) Concurrent class unloading 2.718ms
[760.115s][info][gc] GC(243) Concurrent strong roots 0.037ms
[760.118s][info][gc] GC(243) Concurrent evacuation 3.706ms
[760.119s][info][gc] GC(243) Pause Init Update Refs 0.008ms
[760.128s][info][gc] GC(243) Concurrent update references 9.638ms
[760.128s][info][gc] GC(243) Concurrent update thread roots 0.224ms
[760.129s][info][gc] GC(243) Pause Final Update Refs 0.039ms
[760.129s][info][gc] GC(243) Concurrent cleanup 714M->116M(4438M) 0.016ms
[762.136s][info][gc] Trigger: Free (459M) is below minimum threshold (460M)
[762.137s][info][gc] GC(244) Concurrent reset 0.790ms
[762.137s][info][gc] GC(244) Pause Init Mark (unload classes) 0.038ms
[762.138s][info][gc] GC(244) Concurrent marking roots 1.205ms
[762.173s][info][gc] GC(244) Concurrent marking (unload classes) 34.051ms
[762.173s][info][gc] GC(244) Pause Final Mark (unload classes) 0.215ms
[762.174s][info][gc] GC(244) Concurrent thread roots 0.789ms
[762.174s][info][gc] GC(244) Concurrent weak references 0.015ms
[762.177s][info][gc] GC(244) Concurrent weak roots 3.506ms
[762.177s][info][gc] GC(244) Concurrent cleanup 3986M->3986M(4438M) 0.011ms
[762.181s][info][gc] GC(244) Concurrent class unloading 3.480ms
[762.181s][info][gc] GC(244) Concurrent strong roots 0.070ms
[762.200s][info][gc] GC(244) Concurrent evacuation 18.581ms
[762.200s][info][gc] GC(244) Pause Init Update Refs 0.006ms
[762.224s][info][gc] GC(244) Concurrent update references 24.532ms
[762.225s][info][gc] GC(244) Concurrent update thread roots 0.249ms
[762.225s][info][gc] GC(244) Pause Final Update Refs 0.041ms
[762.225s][info][gc] GC(244) Concurrent cleanup 4106M->229M(4438M) 0.083ms
[764.308s][info][gc] Trigger: Free (459M) is below minimum threshold (460M)
[764.313s][info][gc] GC(245) Concurrent reset 4.743ms
[764.313s][info][gc] GC(245) Pause Init Mark (unload classes) 0.025ms
[764.317s][info][gc] GC(245) Concurrent marking roots 3.477ms
[764.352s][info][gc] GC(245) Concurrent marking (unload classes) 35.129ms
[764.353s][info][gc] GC(245) Pause Final Mark (unload classes) 0.192ms
[764.354s][info][gc] GC(245) Concurrent thread roots 1.288ms
[764.354s][info][gc] GC(245) Concurrent weak references 0.014ms
[764.363s][info][gc] GC(245) Concurrent weak roots 9.046ms
[764.363s][info][gc] GC(245) Concurrent cleanup 4000M->3271M(4438M) 0.020ms
[764.368s][info][gc] GC(245) Concurrent class unloading 5.417ms
[764.368s][info][gc] GC(245) Concurrent strong roots 0.036ms
[764.382s][info][gc] GC(245) Concurrent evacuation 13.651ms
[764.382s][info][gc] GC(245) Pause Init Update Refs 0.007ms
[764.402s][info][gc] GC(245) Concurrent update references 19.637ms
[764.402s][info][gc] GC(245) Concurrent update thread roots 0.225ms
[764.403s][info][gc] GC(245) Pause Final Update Refs 0.040ms
[764.403s][info][gc] GC(245) Concurrent cleanup 3362M->200M(4438M) 0.094ms
[766.147s][info][gc] Trigger: Average GC time (117.85 ms) is above the time for average allocation rate (2869 MB/s) to deplete free headroom (336M) (margin of error = 2.30)
[766.151s][info][gc] GC(246) Concurrent reset 3.547ms
[766.151s][info][gc] GC(246) Pause Init Mark (unload classes) 0.029ms
[766.159s][info][gc] GC(246) Concurrent marking roots 7.261ms
[766.190s][info][gc] GC(246) Concurrent marking (unload classes) 31.383ms
[766.191s][info][gc] GC(246) Pause Final Mark (unload classes) 0.150ms
[766.195s][info][gc] GC(246) Concurrent thread roots 4.157ms
[766.195s][info][gc] GC(246) Concurrent weak references 0.027ms
[766.263s][info][gc] GC(246) Concurrent weak roots 67.338ms
[766.263s][info][gc] GC(246) Concurrent cleanup 4045M->2055M(4438M) 0.069ms
[766.311s][info][gc] GC(246) Concurrent class unloading 47.977ms
[766.311s][info][gc] GC(246) Concurrent strong roots 0.058ms
[766.330s][info][gc] GC(246) Concurrent evacuation 18.660ms
[766.330s][info][gc] GC(246) Pause Init Update Refs 0.016ms
[766.365s][info][gc] GC(246) Concurrent update references 24.150ms
[766.365s][info][gc] GC(246) Concurrent update thread roots 0.721ms
[766.366s][info][gc] GC(246) Pause Final Update Refs 0.037ms
[766.376s][info][gc] GC(246) Concurrent cleanup 2358M->564M(4438M) 0.068ms
[767.334s][info][gc] Trigger: Average GC time (324.48 ms) is above the time for average allocation rate (2835 MB/s) to deplete free headroom (918M) (margin of error = 2.32)
[767.336s][info][gc] GC(247) Concurrent reset 2.080ms
[767.336s][info][gc] GC(247) Pause Init Mark (unload classes) 0.036ms
[767.339s][info][gc] GC(247) Concurrent marking roots 2.856ms
[767.375s][info][gc] GC(247) Concurrent marking (unload classes) 35.912ms
[767.376s][info][gc] GC(247) Pause Final Mark (unload classes) 0.196ms
[767.378s][info][gc] GC(247) Concurrent thread roots 1.543ms
[767.378s][info][gc] GC(247) Concurrent weak references 0.014ms
[767.417s][info][gc] GC(247) Concurrent weak roots 38.803ms
[767.417s][info][gc] GC(247) Concurrent cleanup 3376M->3374M(4438M) 0.016ms
[767.431s][info][gc] GC(247) Concurrent class unloading 13.960ms
[767.431s][info][gc] GC(247) Concurrent strong roots 0.081ms
[767.448s][info][gc] GC(247) Concurrent evacuation 17.414ms
[767.449s][info][gc] GC(247) Pause Init Update Refs 0.008ms
[767.491s][info][gc] GC(247) Concurrent update references 32.174ms
[767.495s][info][gc] GC(247) Concurrent update thread roots 3.694ms
[767.495s][info][gc] GC(247) Pause Final Update Refs 0.050ms
[767.505s][info][gc] GC(247) Concurrent cleanup 3564M->412M(4438M) 0.101ms
[768.498s][info][gc] Trigger: Average GC time (284.57 ms) is above the time for average allocation rate (2989 MB/s) to deplete free headroom (848M) (margin of error = 2.34)
[768.502s][info][gc] GC(248) Concurrent reset 3.698ms
[768.502s][info][gc] GC(248) Pause Init Mark (unload classes) 0.030ms
[768.504s][info][gc] GC(248) Concurrent marking roots 2.227ms
[768.567s][info][gc] GC(248) Concurrent marking (unload classes) 62.386ms
[768.568s][info][gc] GC(248) Pause Final Mark (unload classes) 0.222ms
[768.570s][info][gc] GC(248) Concurrent thread roots 2.177ms
[768.570s][info][gc] GC(248) Concurrent weak references 0.024ms
[768.606s][info][gc] GC(248) Concurrent weak roots 36.318ms
[768.606s][info][gc] GC(248) Concurrent cleanup 3541M->3541M(4438M) 0.015ms
[768.610s][info][gc] GC(248) Concurrent class unloading 3.578ms
[768.610s][info][gc] GC(248) Concurrent strong roots 0.047ms
[768.630s][info][gc] GC(248) Concurrent evacuation 19.477ms
[768.630s][info][gc] GC(248) Pause Init Update Refs 0.014ms
[768.686s][info][gc] GC(248) Concurrent update references 45.203ms
[768.687s][info][gc] GC(248) Concurrent update thread roots 0.889ms
[768.687s][info][gc] GC(248) Pause Final Update Refs 0.044ms
[768.687s][info][gc] GC(248) Concurrent cleanup 3766M->534M(4438M) 0.099ms
[769.661s][info][gc] Trigger: Average GC time (267.21 ms) is above the time for average allocation rate (2963 MB/s) to deplete free headroom (791M) (margin of error = 2.35)
[769.665s][info][gc] GC(249) Concurrent reset 3.759ms
[769.665s][info][gc] GC(249) Pause Init Mark (unload classes) 0.030ms
[769.667s][info][gc] GC(249) Concurrent marking roots 2.279ms
[769.732s][info][gc] GC(249) Concurrent marking (unload classes) 64.169ms
[769.732s][info][gc] GC(249) Pause Final Mark (unload classes) 0.208ms
[769.735s][info][gc] GC(249) Concurrent thread roots 2.719ms
[769.735s][info][gc] GC(249) Concurrent weak references 0.014ms
[769.747s][info][gc] GC(249) Concurrent weak roots 11.427ms
[769.747s][info][gc] GC(249) Concurrent cleanup 3550M->3548M(4438M) 0.017ms
[769.760s][info][gc] GC(249) Concurrent class unloading 13.449ms
[769.761s][info][gc] GC(249) Concurrent strong roots 0.072ms
[769.780s][info][gc] GC(249) Concurrent evacuation 19.559ms
[769.781s][info][gc] GC(249) Pause Init Update Refs 0.016ms
[769.837s][info][gc] GC(249) Concurrent update references 46.218ms
[769.839s][info][gc] GC(249) Concurrent update thread roots 2.370ms
[769.840s][info][gc] GC(249) Pause Final Update Refs 0.046ms
[769.845s][info][gc] GC(249) Concurrent cleanup 3798M->552M(4438M) 0.106ms
[770.824s][info][gc] Trigger: Average GC time (245.43 ms) is above the time for average allocation rate (3000 MB/s) to deplete free headroom (735M) (margin of error = 2.37)
[770.828s][info][gc] GC(250) Concurrent reset 3.757ms
[770.829s][info][gc] GC(250) Pause Init Mark (unload classes) 0.034ms
[770.832s][info][gc] GC(250) Concurrent marking roots 3.310ms
[770.910s][info][gc] GC(250) Concurrent marking (unload classes) 77.569ms
[770.910s][info][gc] GC(250) Pause Final Mark (unload classes) 0.215ms
[770.913s][info][gc] GC(250) Concurrent thread roots 2.706ms
[770.913s][info][gc] GC(250) Concurrent weak references 0.014ms
[770.930s][info][gc] GC(250) Concurrent weak roots 16.327ms
[770.930s][info][gc] GC(250) Concurrent cleanup 3667M->3667M(4438M) 0.015ms
[770.944s][info][gc] GC(250) Concurrent class unloading 14.262ms
[770.944s][info][gc] GC(250) Concurrent strong roots 0.095ms
[770.958s][info][gc] GC(250) Concurrent evacuation 14.164ms
[770.959s][info][gc] GC(250) Pause Init Update Refs 0.012ms
[771.028s][info][gc] GC(250) Concurrent update references 59.621ms
[771.029s][info][gc] GC(250) Concurrent update thread roots 0.422ms
[771.029s][info][gc] GC(250) Pause Final Update Refs 0.043ms
[771.030s][info][gc] GC(250) Concurrent cleanup 3914M->626M(4438M) 0.101ms
[771.962s][info][gc] Trigger: Average GC time (247.68 ms) is above the time for average allocation rate (3040 MB/s) to deplete free headroom (749M) (margin of error = 2.38)
[771.966s][info][gc] GC(251) Concurrent reset 3.894ms
[771.966s][info][gc] GC(251) Pause Init Mark (unload classes) 0.032ms
[771.969s][info][gc] GC(251) Concurrent marking roots 2.835ms
[772.059s][info][gc] GC(251) Concurrent marking (unload classes) 89.737ms
[772.060s][info][gc] GC(251) Pause Final Mark (unload classes) 0.221ms
[772.062s][info][gc] GC(251) Concurrent thread roots 2.192ms
[772.062s][info][gc] GC(251) Concurrent weak references 0.014ms
[772.078s][info][gc] GC(251) Concurrent weak roots 15.976ms
[772.078s][info][gc] GC(251) Concurrent cleanup 3650M->3648M(4438M) 0.016ms
[772.092s][info][gc] GC(251) Concurrent class unloading 13.648ms
[772.092s][info][gc] GC(251) Concurrent strong roots 0.075ms
[772.110s][info][gc] GC(251) Concurrent evacuation 17.918ms
[772.110s][info][gc] GC(251) Pause Init Update Refs 0.007ms
[772.187s][info][gc] GC(251) Concurrent update references 68.657ms
[772.198s][info][gc] GC(251) Concurrent update thread roots 11.300ms
[772.199s][info][gc] GC(251) Pause Final Update Refs 0.045ms
[772.204s][info][gc] GC(251) Concurrent cleanup 3967M->736M(4438M) 0.065ms
[773.051s][info][gc] Trigger: Average GC time (288.46 ms) is above the time for average allocation rate (3103 MB/s) to deplete free headroom (891M) (margin of error = 2.40)
[773.055s][info][gc] GC(252) Concurrent reset 3.854ms
[773.055s][info][gc] GC(252) Pause Init Mark (unload classes) 0.032ms
[773.057s][info][gc] GC(252) Concurrent marking roots 1.315ms
[773.128s][info][gc] GC(252) Concurrent marking (unload classes) 71.463ms
[773.129s][info][gc] GC(252) Pause Final Mark (unload classes) 0.211ms
[773.132s][info][gc] GC(252) Concurrent thread roots 3.020ms
[773.132s][info][gc] GC(252) Concurrent weak references 0.012ms
[773.148s][info][gc] GC(252) Concurrent weak roots 15.408ms
[773.148s][info][gc] GC(252) Concurrent cleanup 3488M->3486M(4438M) 0.016ms
[773.166s][info][gc] GC(252) Concurrent class unloading 18.092ms
[773.166s][info][gc] GC(252) Concurrent strong roots 0.074ms
[773.184s][info][gc] GC(252) Concurrent evacuation 17.901ms
[773.185s][info][gc] GC(252) Pause Init Update Refs 0.009ms
[773.267s][info][gc] GC(252) Concurrent update references 71.469ms
[773.278s][info][gc] GC(252) Concurrent update thread roots 11.386ms
[773.279s][info][gc] GC(252) Pause Final Update Refs 0.049ms
[773.289s][info][gc] GC(252) Concurrent cleanup 3838M->778M(4438M) 0.105ms
[774.140s][info][gc] Trigger: Average GC time (283.95 ms) is above the time for average allocation rate (3043 MB/s) to deplete free headroom (858M) (margin of error = 2.41)
[774.144s][info][gc] GC(253) Concurrent reset 3.676ms
[774.144s][info][gc] GC(253) Pause Init Mark (unload classes) 0.032ms
[774.150s][info][gc] GC(253) Concurrent marking roots 5.213ms
[774.246s][info][gc] GC(253) Concurrent marking (unload classes) 95.997ms
[774.246s][info][gc] GC(253) Pause Final Mark (unload classes) 0.211ms
[774.249s][info][gc] GC(253) Concurrent thread roots 2.667ms
[774.249s][info][gc] GC(253) Concurrent weak references 0.014ms
[774.259s][info][gc] GC(253) Concurrent weak roots 10.019ms
[774.259s][info][gc] GC(253) Concurrent cleanup 3545M->3543M(4438M) 0.015ms
[774.289s][info][gc] GC(253) Concurrent class unloading 29.331ms
[774.289s][info][gc] GC(253) Concurrent strong roots 0.098ms
[774.308s][info][gc] GC(253) Concurrent evacuation 18.661ms
[774.308s][info][gc] GC(253) Pause Init Update Refs 0.007ms
[774.381s][info][gc] GC(253) Concurrent update references 73.092ms
[774.384s][info][gc] GC(253) Concurrent update thread roots 2.337ms
[774.384s][info][gc] GC(253) Pause Final Update Refs 0.042ms
[774.385s][info][gc] GC(253) Concurrent cleanup 3840M->754M(4450M) 0.061ms
[775.325s][info][gc] Trigger: Average GC time (280.62 ms) is above the time for average allocation rate (2913 MB/s) to deplete free headroom (816M) (margin of error = 2.42)
[775.328s][info][gc] GC(254) Concurrent reset 3.698ms
[775.329s][info][gc] GC(254) Pause Init Mark (unload classes) 0.033ms
[775.334s][info][gc] GC(254) Concurrent marking roots 5.539ms
[775.442s][info][gc] GC(254) Concurrent marking (unload classes) 107.865ms
[775.443s][info][gc] GC(254) Pause Final Mark (unload classes) 0.211ms
[775.445s][info][gc] GC(254) Concurrent thread roots 1.897ms
[775.445s][info][gc] GC(254) Concurrent weak references 0.018ms
[775.451s][info][gc] GC(254) Concurrent weak roots 6.189ms
[775.451s][info][gc] GC(254) Concurrent cleanup 3645M->3645M(4450M) 0.015ms
[775.464s][info][gc] GC(254) Concurrent class unloading 12.727ms
[775.464s][info][gc] GC(254) Concurrent strong roots 0.075ms
[775.484s][info][gc] GC(254) Concurrent evacuation 19.979ms
[775.485s][info][gc] GC(254) Pause Init Update Refs 0.008ms
[775.572s][info][gc] GC(254) Concurrent update references 86.935ms
[775.583s][info][gc] GC(254) Concurrent update thread roots 11.571ms
[775.584s][info][gc] GC(254) Pause Final Update Refs 0.043ms
[775.594s][info][gc] GC(254) Concurrent cleanup 3932M->850M(4476M) 0.101ms
[776.418s][info][gc] Trigger: Average GC time (304.41 ms) is above the time for average allocation rate (2895 MB/s) to deplete free headroom (879M) (margin of error = 2.43)
[776.422s][info][gc] GC(255) Concurrent reset 3.707ms
[776.423s][info][gc] GC(255) Pause Init Mark (unload classes) 0.031ms
[776.426s][info][gc] GC(255) Concurrent marking roots 3.022ms
[776.533s][info][gc] GC(255) Concurrent marking (unload classes) 106.846ms
[776.533s][info][gc] GC(255) Pause Final Mark (unload classes) 0.199ms
[776.535s][info][gc] GC(255) Concurrent thread roots 1.801ms
[776.535s][info][gc] GC(255) Concurrent weak references 0.019ms
[776.554s][info][gc] GC(255) Concurrent weak roots 18.219ms
[776.554s][info][gc] GC(255) Concurrent cleanup 3589M->3589M(4476M) 0.018ms
[776.563s][info][gc] GC(255) Concurrent class unloading 8.886ms
[776.563s][info][gc] GC(255) Concurrent strong roots 0.072ms
[776.583s][info][gc] GC(255) Concurrent evacuation 20.090ms
[776.583s][info][gc] GC(255) Pause Init Update Refs 0.007ms
[776.668s][info][gc] GC(255) Concurrent update references 81.753ms
[776.668s][info][gc] GC(255) Concurrent update thread roots 0.293ms
[776.669s][info][gc] GC(255) Pause Final Update Refs 0.046ms
[776.669s][info][gc] GC(255) Concurrent cleanup 3866M->850M(4500M) 0.101ms
[778.553s][info][gc] Trigger: Average GC time (288.45 ms) is above the time for average allocation rate (1535 MB/s) to deplete free headroom (442M) (margin of error = 2.45)
[778.557s][info][gc] GC(256) Concurrent reset 2.461ms
[778.557s][info][gc] GC(256) Pause Init Mark (unload classes) 0.034ms
[778.560s][info][gc] GC(256) Concurrent marking roots 2.999ms
[778.585s][info][gc] GC(256) Concurrent marking (unload classes) 25.180ms
[778.585s][info][gc] GC(256) Pause Final Mark (unload classes) 0.176ms
[778.587s][info][gc] GC(256) Concurrent thread roots 1.456ms
[778.587s][info][gc] GC(256) Concurrent weak references 0.019ms
[778.594s][info][gc] GC(256) Concurrent weak roots 6.651ms
[778.594s][info][gc] GC(256) Concurrent cleanup 3752M->2960M(4500M) 0.024ms
[778.596s][info][gc] GC(256) Concurrent class unloading 1.995ms
[778.596s][info][gc] GC(256) Concurrent strong roots 0.040ms
[778.608s][info][gc] GC(256) Concurrent evacuation 11.862ms
[778.608s][info][gc] GC(256) Pause Init Update Refs 0.006ms
[778.622s][info][gc] GC(256) Concurrent update references 13.873ms
[778.622s][info][gc] GC(256) Concurrent update thread roots 0.296ms
[778.622s][info][gc] GC(256) Pause Final Update Refs 0.046ms
[778.622s][info][gc] GC(256) Concurrent cleanup 3018M->140M(4500M) 0.061ms
[780.861s][info][gc] Trigger: Average GC time (383.68 ms) is above the time for average allocation rate (1579 MB/s) to deplete free headroom (602M) (margin of error = 2.42)
[780.864s][info][gc] GC(257) Concurrent reset 2.329ms
[780.864s][info][gc] GC(257) Pause Init Mark (unload classes) 0.046ms
[780.865s][info][gc] GC(257) Concurrent marking roots 1.317ms
[780.903s][info][gc] GC(257) Concurrent marking (unload classes) 37.221ms
[780.903s][info][gc] GC(257) Pause Final Mark (unload classes) 0.233ms
[780.904s][info][gc] GC(257) Concurrent thread roots 0.766ms
[780.904s][info][gc] GC(257) Concurrent weak references 0.018ms
[780.907s][info][gc] GC(257) Concurrent weak roots 3.399ms
[780.907s][info][gc] GC(257) Concurrent cleanup 3599M->3595M(4500M) 0.012ms
[780.909s][info][gc] GC(257) Concurrent class unloading 1.853ms
[780.909s][info][gc] GC(257) Concurrent strong roots 0.049ms
[780.925s][info][gc] GC(257) Concurrent evacuation 15.508ms
[780.925s][info][gc] GC(257) Pause Init Update Refs 0.011ms
[780.948s][info][gc] GC(257) Concurrent update references 22.978ms
[780.949s][info][gc] GC(257) Concurrent update thread roots 0.324ms
[780.949s][info][gc] GC(257) Pause Final Update Refs 0.036ms
[780.949s][info][gc] GC(257) Concurrent cleanup 3672M->190M(4500M) 0.074ms
[783.228s][info][gc] Trigger: Average GC time (303.44 ms) is above the time for average allocation rate (1586 MB/s) to deplete free headroom (480M) (margin of error = 2.41)
[783.230s][info][gc] GC(258) Concurrent reset 2.682ms
[783.231s][info][gc] GC(258) Pause Init Mark (unload classes) 0.034ms
[783.232s][info][gc] GC(258) Concurrent marking roots 0.887ms
[783.270s][info][gc] GC(258) Concurrent marking (unload classes) 38.719ms
[783.271s][info][gc] GC(258) Pause Final Mark (unload classes) 0.191ms
[783.272s][info][gc] GC(258) Concurrent thread roots 1.053ms
[783.272s][info][gc] GC(258) Concurrent weak references 0.017ms
[783.275s][info][gc] GC(258) Concurrent weak roots 3.479ms
[783.275s][info][gc] GC(258) Concurrent cleanup 3735M->3731M(4500M) 0.011ms
[783.279s][info][gc] GC(258) Concurrent class unloading 3.776ms
[783.279s][info][gc] GC(258) Concurrent strong roots 0.040ms
[783.295s][info][gc] GC(258) Concurrent evacuation 15.609ms
[783.295s][info][gc] GC(258) Pause Init Update Refs 0.007ms
[783.324s][info][gc] GC(258) Concurrent update references 28.508ms
[783.324s][info][gc] GC(258) Concurrent update thread roots 0.343ms
[783.324s][info][gc] GC(258) Pause Final Update Refs 0.043ms
[783.324s][info][gc] GC(258) Concurrent cleanup 3828M->246M(4500M) 0.072ms
[785.199s][info][gc] Trigger: Average GC time (240.71 ms) is above the time for average allocation rate (1996 MB/s) to deplete free headroom (478M) (margin of error = 2.40)
[785.203s][info][gc] GC(259) Concurrent reset 3.894ms
[785.204s][info][gc] GC(259) Pause Init Mark (unload classes) 0.037ms
[785.207s][info][gc] GC(259) Concurrent marking roots 3.290ms
[785.234s][info][gc] GC(259) Concurrent marking (unload classes) 26.544ms
[785.234s][info][gc] GC(259) Pause Final Mark (unload classes) 0.188ms
[785.236s][info][gc] GC(259) Concurrent thread roots 1.887ms
[785.236s][info][gc] GC(259) Concurrent weak references 0.014ms
[785.258s][info][gc] GC(259) Concurrent weak roots 21.660ms
[785.258s][info][gc] GC(259) Concurrent cleanup 3773M->3143M(4500M) 0.019ms
[785.261s][info][gc] GC(259) Concurrent class unloading 3.203ms
[785.261s][info][gc] GC(259) Concurrent strong roots 0.072ms
[785.277s][info][gc] GC(259) Concurrent evacuation 15.124ms
[785.277s][info][gc] GC(259) Pause Init Update Refs 0.007ms
[785.297s][info][gc] GC(259) Concurrent update references 20.283ms
[785.298s][info][gc] GC(259) Concurrent update thread roots 0.322ms
[785.298s][info][gc] GC(259) Pause Final Update Refs 0.042ms
[785.298s][info][gc] GC(259) Concurrent cleanup 3223M->213M(4500M) 0.091ms
[787.194s][info][gc] Trigger: Average GC time (197.29 ms) is above the time for average allocation rate (1980 MB/s) to deplete free headroom (387M) (margin of error = 2.38)
[787.198s][info][gc] GC(260) Concurrent reset 2.380ms
[787.198s][info][gc] GC(260) Pause Init Mark (unload classes) 0.026ms
[787.200s][info][gc] GC(260) Concurrent marking roots 1.999ms
[787.218s][info][gc] GC(260) Concurrent marking (unload classes) 18.135ms
[787.218s][info][gc] GC(260) Pause Final Mark (unload classes) 0.136ms
[787.221s][info][gc] GC(260) Concurrent thread roots 2.484ms
[787.221s][info][gc] GC(260) Concurrent weak references 0.027ms
[787.238s][info][gc] GC(260) Concurrent weak roots 17.348ms
[787.239s][info][gc] GC(260) Concurrent cleanup 3828M->1650M(4500M) 0.068ms
[787.242s][info][gc] GC(260) Concurrent class unloading 3.546ms
[787.242s][info][gc] GC(260) Concurrent strong roots 0.064ms
[787.249s][info][gc] GC(260) Concurrent evacuation 6.507ms
[787.249s][info][gc] GC(260) Pause Init Update Refs 0.012ms
[787.262s][info][gc] GC(260) Concurrent update references 12.889ms
[787.263s][info][gc] GC(260) Concurrent update thread roots 0.311ms
[787.263s][info][gc] GC(260) Pause Final Update Refs 0.033ms
[787.263s][info][gc] GC(260) Concurrent cleanup 1699M->150M(4500M) 0.036ms
[789.271s][info][gc] Trigger: Free (457M) is below minimum threshold (460M)
[789.273s][info][gc] GC(261) Concurrent reset 1.762ms
[789.273s][info][gc] GC(261) Pause Init Mark (unload classes) 0.028ms
[789.277s][info][gc] GC(261) Concurrent marking roots 3.169ms
[789.291s][info][gc] GC(261) Concurrent marking (unload classes) 14.319ms
[789.291s][info][gc] GC(261) Pause Final Mark (unload classes) 0.095ms
[789.291s][info][gc] GC(261) Concurrent weak references 0.027ms
[789.310s][info][gc] GC(261) Concurrent weak roots 18.040ms
[789.310s][info][gc] GC(261) Concurrent cleanup 3984M->362M(4500M) 0.104ms
[789.318s][info][gc] GC(261) Concurrent class unloading 8.059ms
[789.318s][info][gc] GC(261) Pause Final Roots 0.003ms
[791.000s][info][gc] Trigger: Average GC time (138.89 ms) is above the time for average allocation rate (2136 MB/s) to deplete free headroom (296M) (margin of error = 2.37)
[791.000s][info][gc] GC(262) Concurrent reset 0.415ms
[791.001s][info][gc] GC(262) Pause Init Mark (unload classes) 0.040ms
[791.002s][info][gc] GC(262) Concurrent marking roots 1.518ms
[791.038s][info][gc] GC(262) Concurrent marking (unload classes) 35.543ms
[791.038s][info][gc] GC(262) Pause Final Mark (unload classes) 0.237ms
[791.039s][info][gc] GC(262) Concurrent thread roots 0.432ms
[791.039s][info][gc] GC(262) Concurrent weak references 0.017ms
[791.043s][info][gc] GC(262) Concurrent weak roots 3.850ms
[791.043s][info][gc] GC(262) Concurrent cleanup 3932M->3932M(4500M) 0.009ms
[791.046s][info][gc] GC(262) Concurrent class unloading 3.211ms
[791.046s][info][gc] GC(262) Concurrent strong roots 0.068ms
[791.066s][info][gc] GC(262) Concurrent evacuation 19.908ms
[791.066s][info][gc] GC(262) Pause Init Update Refs 0.005ms
[791.091s][info][gc] GC(262) Concurrent update references 24.507ms
[791.091s][info][gc] GC(262) Concurrent update thread roots 0.296ms
[791.092s][info][gc] GC(262) Pause Final Update Refs 0.048ms
[791.092s][info][gc] GC(262) Concurrent cleanup 4057M->246M(4500M) 0.075ms
[792.995s][info][gc] Trigger: Average GC time (138.46 ms) is above the time for average allocation rate (2119 MB/s) to deplete free headroom (293M) (margin of error = 2.37)
[792.999s][info][gc] GC(263) Concurrent reset 4.104ms
[793.000s][info][gc] GC(263) Pause Init Mark (unload classes) 0.036ms
[793.004s][info][gc] GC(263) Concurrent marking roots 3.729ms
[793.029s][info][gc] GC(263) Concurrent marking (unload classes) 25.517ms
[793.030s][info][gc] GC(263) Pause Final Mark (unload classes) 0.196ms
[793.031s][info][gc] GC(263) Concurrent thread roots 1.264ms
[793.031s][info][gc] GC(263) Concurrent weak references 0.047ms
[793.041s][info][gc] GC(263) Concurrent weak roots 10.051ms
[793.041s][info][gc] GC(263) Concurrent cleanup 3930M->2527M(4500M) 0.032ms
[793.044s][info][gc] GC(263) Concurrent class unloading 2.761ms
[793.044s][info][gc] GC(263) Concurrent strong roots 0.040ms
[793.055s][info][gc] GC(263) Concurrent evacuation 11.400ms
[793.056s][info][gc] GC(263) Pause Init Update Refs 0.010ms
[793.075s][info][gc] GC(263) Concurrent update references 18.772ms
[793.075s][info][gc] GC(263) Concurrent update thread roots 0.286ms
[793.075s][info][gc] GC(263) Pause Final Update Refs 0.047ms
[793.075s][info][gc] GC(263) Concurrent cleanup 2596M->178M(4500M) 0.051ms
[795.076s][info][gc] Trigger: Average GC time (121.41 ms) is above the time for average allocation rate (1961 MB/s) to deplete free headroom (236M) (margin of error = 2.36)
[795.079s][info][gc] GC(264) Concurrent reset 2.752ms
[795.079s][info][gc] GC(264) Pause Init Mark (unload classes) 0.038ms
[795.082s][info][gc] GC(264) Concurrent marking roots 2.659ms
[795.097s][info][gc] GC(264) Concurrent marking (unload classes) 15.617ms
[795.098s][info][gc] GC(264) Pause Final Mark (unload classes) 0.122ms
[795.099s][info][gc] GC(264) Concurrent thread roots 0.907ms
[795.099s][info][gc] GC(264) Concurrent weak references 0.017ms
[795.111s][info][gc] GC(264) Concurrent weak roots 12.073ms
[795.111s][info][gc] GC(264) Concurrent cleanup 3973M->1245M(4500M) 0.089ms
[795.115s][info][gc] GC(264) Concurrent class unloading 3.914ms
[795.115s][info][gc] GC(264) Concurrent strong roots 0.036ms
[795.122s][info][gc] GC(264) Concurrent evacuation 6.813ms
[795.122s][info][gc] GC(264) Pause Init Update Refs 0.007ms
[795.134s][info][gc] GC(264) Concurrent update references 12.230ms
[795.135s][info][gc] GC(264) Concurrent update thread roots 0.281ms
[795.135s][info][gc] GC(264) Pause Final Update Refs 0.039ms
[795.135s][info][gc] GC(264) Concurrent cleanup 1306M->160M(4500M) 0.045ms
[796.945s][info][gc] Trigger: Average GC time (107.43 ms) is above the time for average allocation rate (2164 MB/s) to deplete free headroom (230M) (margin of error = 2.36)
[796.946s][info][gc] GC(265) Concurrent reset 0.950ms
[796.946s][info][gc] GC(265) Pause Init Mark (unload classes) 0.026ms
[796.949s][info][gc] GC(265) Concurrent marking roots 2.334ms
[796.982s][info][gc] GC(265) Concurrent marking (unload classes) 33.119ms
[796.982s][info][gc] GC(265) Pause Final Mark (unload classes) 0.208ms
[796.983s][info][gc] GC(265) Concurrent thread roots 0.382ms
[796.983s][info][gc] GC(265) Concurrent weak references 0.015ms
[796.986s][info][gc] GC(265) Concurrent weak roots 3.432ms
[796.986s][info][gc] GC(265) Concurrent cleanup 3977M->3977M(4500M) 0.013ms
[796.988s][info][gc] GC(265) Concurrent class unloading 1.810ms
[796.988s][info][gc] GC(265) Concurrent strong roots 0.035ms
[797.005s][info][gc] GC(265) Concurrent evacuation 16.670ms
[797.005s][info][gc] GC(265) Pause Init Update Refs 0.006ms
[797.026s][info][gc] GC(265) Concurrent update references 20.481ms
[797.026s][info][gc] GC(265) Concurrent update thread roots 0.225ms
[797.026s][info][gc] GC(265) Pause Final Update Refs 0.042ms
[797.026s][info][gc] GC(265) Concurrent cleanup 4066M->194M(4500M) 0.080ms
[798.990s][info][gc] Trigger: Free (459M) is below minimum threshold (460M)
[798.994s][info][gc] GC(266) Concurrent reset 3.122ms
[798.994s][info][gc] GC(266) Pause Init Mark (unload classes) 0.033ms
[798.997s][info][gc] GC(266) Concurrent marking roots 2.415ms
[799.030s][info][gc] GC(266) Concurrent marking (unload classes) 33.511ms
[799.031s][info][gc] GC(266) Pause Final Mark (unload classes) 0.213ms
[799.034s][info][gc] GC(266) Concurrent thread roots 3.387ms
[799.034s][info][gc] GC(266) Concurrent weak references 0.023ms
[799.042s][info][gc] GC(266) Concurrent weak roots 8.132ms
[799.042s][info][gc] GC(266) Concurrent cleanup 3995M->3829M(4500M) 0.011ms
[799.047s][info][gc] GC(266) Concurrent class unloading 4.943ms
[799.047s][info][gc] GC(266) Concurrent strong roots 0.063ms
[799.065s][info][gc] GC(266) Concurrent evacuation 17.756ms
[799.066s][info][gc] GC(266) Pause Init Update Refs 0.010ms
[799.088s][info][gc] GC(266) Concurrent update references 22.482ms
[799.088s][info][gc] GC(266) Concurrent update thread roots 0.287ms
[799.089s][info][gc] GC(266) Pause Final Update Refs 0.044ms
[799.089s][info][gc] GC(266) Concurrent cleanup 3942M->222M(4500M) 0.084ms
[801.030s][info][gc] Trigger: Average GC time (121.26 ms) is above the time for average allocation rate (2069 MB/s) to deplete free headroom (250M) (margin of error = 2.36)
[801.034s][info][gc] GC(267) Concurrent reset 4.004ms
[801.035s][info][gc] GC(267) Pause Init Mark (unload classes) 0.032ms
[801.038s][info][gc] GC(267) Concurrent marking roots 3.276ms
[801.070s][info][gc] GC(267) Concurrent marking (unload classes) 31.820ms
[801.070s][info][gc] GC(267) Pause Final Mark (unload classes) 0.184ms
[801.072s][info][gc] GC(267) Concurrent thread roots 1.373ms
[801.072s][info][gc] GC(267) Concurrent weak references 0.025ms
[801.087s][info][gc] GC(267) Concurrent weak roots 14.666ms
[801.087s][info][gc] GC(267) Concurrent cleanup 3987M->2545M(4500M) 0.052ms
[801.093s][info][gc] GC(267) Concurrent class unloading 5.793ms
[801.093s][info][gc] GC(267) Concurrent strong roots 0.063ms
[801.104s][info][gc] GC(267) Concurrent evacuation 11.356ms
[801.104s][info][gc] GC(267) Pause Init Update Refs 0.010ms
[801.125s][info][gc] GC(267) Concurrent update references 20.462ms
[801.125s][info][gc] GC(267) Concurrent update thread roots 0.247ms
[801.125s][info][gc] GC(267) Pause Final Update Refs 0.042ms
[801.126s][info][gc] GC(267) Concurrent cleanup 2632M->210M(4500M) 0.051ms
[803.073s][info][gc] Trigger: Average GC time (117.40 ms) is above the time for average allocation rate (2041 MB/s) to deplete free headroom (236M) (margin of error = 2.36)
[803.075s][info][gc] GC(268) Concurrent reset 2.027ms
[803.075s][info][gc] GC(268) Pause Init Mark (unload classes) 0.034ms
[803.078s][info][gc] GC(268) Concurrent marking roots 2.518ms
[803.093s][info][gc] GC(268) Concurrent marking (unload classes) 15.152ms
[803.093s][info][gc] GC(268) Pause Final Mark (unload classes) 0.142ms
[803.094s][info][gc] GC(268) Concurrent thread roots 0.983ms
[803.094s][info][gc] GC(268) Concurrent weak references 0.020ms
[803.104s][info][gc] GC(268) Concurrent weak roots 10.011ms
[803.105s][info][gc] GC(268) Concurrent cleanup 3965M->1213M(4500M) 0.057ms
[803.112s][info][gc] GC(268) Concurrent class unloading 6.998ms
[803.112s][info][gc] GC(268) Concurrent strong roots 0.037ms
[803.118s][info][gc] GC(268) Concurrent evacuation 6.041ms
[803.118s][info][gc] GC(268) Pause Init Update Refs 0.006ms
[803.127s][info][gc] GC(268) Concurrent update references 9.115ms
[803.127s][info][gc] GC(268) Concurrent update thread roots 0.218ms
[803.128s][info][gc] GC(268) Pause Final Update Refs 0.036ms
[803.128s][info][gc] GC(268) Concurrent cleanup 1266M->148M(4500M) 0.057ms
[804.939s][info][gc] Trigger: Average GC time (119.18 ms) is above the time for average allocation rate (2073 MB/s) to deplete free headroom (246M) (margin of error = 2.35)
[804.940s][info][gc] GC(269) Concurrent reset 0.951ms
[804.941s][info][gc] GC(269) Pause Init Mark (unload classes) 0.035ms
[804.943s][info][gc] GC(269) Concurrent marking roots 2.149ms
[804.978s][info][gc] GC(269) Concurrent marking (unload classes) 34.974ms
[804.978s][info][gc] GC(269) Pause Final Mark (unload classes) 0.203ms
[804.980s][info][gc] GC(269) Concurrent thread roots 1.450ms
[804.980s][info][gc] GC(269) Concurrent weak references 0.015ms
[804.983s][info][gc] GC(269) Concurrent weak roots 2.884ms
[804.983s][info][gc] GC(269) Concurrent cleanup 3954M->3954M(4500M) 0.010ms
[804.985s][info][gc] GC(269) Concurrent class unloading 2.021ms
[804.985s][info][gc] GC(269) Concurrent strong roots 0.040ms
[805.000s][info][gc] GC(269) Concurrent evacuation 15.581ms
[805.000s][info][gc] GC(269) Pause Init Update Refs 0.006ms
[805.025s][info][gc] GC(269) Concurrent update references 24.313ms
[805.025s][info][gc] GC(269) Concurrent update thread roots 0.242ms
[805.025s][info][gc] GC(269) Pause Final Update Refs 0.042ms
[805.026s][info][gc] GC(269) Concurrent cleanup 4048M->196M(4500M) 0.079ms
[806.795s][info][gc] Trigger: Average GC time (115.72 ms) is above the time for average allocation rate (2310 MB/s) to deplete free headroom (263M) (margin of error = 2.35)
[806.800s][info][gc] GC(270) Concurrent reset 4.578ms
[806.801s][info][gc] GC(270) Pause Init Mark (unload classes) 0.028ms
[806.805s][info][gc] GC(270) Concurrent marking roots 3.940ms
[806.847s][info][gc] GC(270) Concurrent marking (unload classes) 42.446ms
[806.848s][info][gc] GC(270) Pause Final Mark (unload classes) 0.217ms
[806.850s][info][gc] GC(270) Concurrent thread roots 2.453ms
[806.850s][info][gc] GC(270) Concurrent weak references 0.016ms
[806.859s][info][gc] GC(270) Concurrent weak roots 8.748ms
[806.859s][info][gc] GC(270) Concurrent cleanup 3983M->3776M(4500M) 0.011ms
[806.864s][info][gc] GC(270) Concurrent class unloading 5.348ms
[806.865s][info][gc] GC(270) Concurrent strong roots 0.072ms
[806.882s][info][gc] GC(270) Concurrent evacuation 16.956ms
[806.882s][info][gc] GC(270) Pause Init Update Refs 0.006ms
[806.911s][info][gc] GC(270) Concurrent update references 28.868ms
[806.911s][info][gc] GC(270) Concurrent update thread roots 0.316ms
[806.911s][info][gc] GC(270) Pause Final Update Refs 0.047ms
[806.912s][info][gc] GC(270) Concurrent cleanup 3926M->284M(4500M) 0.071ms
[808.475s][info][gc] Trigger: Average GC time (147.74 ms) is above the time for average allocation rate (2234 MB/s) to deplete free headroom (328M) (margin of error = 2.35)
[808.478s][info][gc] GC(271) Concurrent reset 2.906ms
[808.478s][info][gc] GC(271) Pause Init Mark (unload classes) 0.028ms
[808.480s][info][gc] GC(271) Concurrent marking roots 1.386ms
[808.531s][info][gc] GC(271) Concurrent marking (unload classes) 51.197ms
[808.532s][info][gc] GC(271) Pause Final Mark (unload classes) 0.218ms
[808.533s][info][gc] GC(271) Concurrent thread roots 0.957ms
[808.533s][info][gc] GC(271) Concurrent weak references 0.015ms
[808.537s][info][gc] GC(271) Concurrent weak roots 3.947ms
[808.537s][info][gc] GC(271) Concurrent cleanup 3934M->3932M(4500M) 0.020ms
[808.541s][info][gc] GC(271) Concurrent class unloading 4.372ms
[808.541s][info][gc] GC(271) Concurrent strong roots 0.038ms
[808.558s][info][gc] GC(271) Concurrent evacuation 17.221ms
[808.559s][info][gc] GC(271) Pause Init Update Refs 0.006ms
[808.599s][info][gc] GC(271) Concurrent update references 40.594ms
[808.600s][info][gc] GC(271) Concurrent update thread roots 0.327ms
[808.600s][info][gc] GC(271) Pause Final Update Refs 0.040ms
[808.600s][info][gc] GC(271) Concurrent cleanup 4082M->336M(4500M) 0.190ms
[810.140s][info][gc] Trigger: Average GC time (159.79 ms) is above the time for average allocation rate (2227 MB/s) to deplete free headroom (353M) (margin of error = 2.38)
[810.144s][info][gc] GC(272) Concurrent reset 4.183ms
[810.144s][info][gc] GC(272) Pause Init Mark (unload classes) 0.034ms
[810.145s][info][gc] GC(272) Concurrent marking roots 0.255ms
[810.196s][info][gc] GC(272) Concurrent marking (unload classes) 51.002ms
[810.196s][info][gc] GC(272) Pause Final Mark (unload classes) 0.230ms
[810.198s][info][gc] GC(272) Concurrent thread roots 1.453ms
[810.198s][info][gc] GC(272) Concurrent weak references 0.012ms
[810.207s][info][gc] GC(272) Concurrent weak roots 8.560ms
[810.207s][info][gc] GC(272) Concurrent cleanup 3898M->3898M(4500M) 0.015ms
[810.213s][info][gc] GC(272) Concurrent class unloading 6.749ms
[810.213s][info][gc] GC(272) Concurrent strong roots 0.038ms
[810.232s][info][gc] GC(272) Concurrent evacuation 18.107ms
[810.232s][info][gc] GC(272) Pause Init Update Refs 0.006ms
[810.271s][info][gc] GC(272) Concurrent update references 39.504ms
[810.272s][info][gc] GC(272) Concurrent update thread roots 0.454ms
[810.272s][info][gc] GC(272) Pause Final Update Refs 0.052ms
[810.272s][info][gc] GC(272) Concurrent cleanup 4062M->358M(4500M) 0.108ms
[811.777s][info][gc] Trigger: Average GC time (164.71 ms) is above the time for average allocation rate (2282 MB/s) to deplete free headroom (375M) (margin of error = 2.40)
[811.781s][info][gc] GC(273) Concurrent reset 4.089ms
[811.781s][info][gc] GC(273) Pause Init Mark (unload classes) 0.036ms
[811.782s][info][gc] GC(273) Concurrent marking roots 0.401ms
[811.848s][info][gc] GC(273) Concurrent marking (unload classes) 66.196ms
[811.849s][info][gc] GC(273) Pause Final Mark (unload classes) 0.216ms
[811.850s][info][gc] GC(273) Concurrent thread roots 1.537ms
[811.850s][info][gc] GC(273) Concurrent weak references 0.013ms
[811.854s][info][gc] GC(273) Concurrent weak roots 3.131ms
[811.854s][info][gc] GC(273) Concurrent cleanup 3920M->3920M(4500M) 0.013ms
[811.862s][info][gc] GC(273) Concurrent class unloading 8.192ms
[811.862s][info][gc] GC(273) Concurrent strong roots 0.071ms
[811.880s][info][gc] GC(273) Concurrent evacuation 18.275ms
[811.881s][info][gc] GC(273) Pause Init Update Refs 0.010ms
[811.934s][info][gc] GC(273) Concurrent update references 53.091ms
[811.934s][info][gc] GC(273) Concurrent update thread roots 0.295ms
[811.934s][info][gc] GC(273) Pause Final Update Refs 0.055ms
[811.934s][info][gc] GC(273) Concurrent cleanup 4099M->452M(4500M) 0.108ms
[813.362s][info][gc] Trigger: Average GC time (192.35 ms) is above the time for average allocation rate (2292 MB/s) to deplete free headroom (437M) (margin of error = 2.42)
[813.366s][info][gc] GC(274) Concurrent reset 3.940ms
[813.366s][info][gc] GC(274) Pause Init Mark (unload classes) 0.036ms
[813.367s][info][gc] GC(274) Concurrent marking roots 0.990ms
[813.443s][info][gc] GC(274) Concurrent marking (unload classes) 75.537ms
[813.443s][info][gc] GC(274) Pause Final Mark (unload classes) 0.208ms
[813.445s][info][gc] GC(274) Concurrent thread roots 1.719ms
[813.445s][info][gc] GC(274) Concurrent weak references 0.014ms
[813.450s][info][gc] GC(274) Concurrent weak roots 4.388ms
[813.450s][info][gc] GC(274) Concurrent cleanup 3878M->3876M(4500M) 0.014ms
[813.454s][info][gc] GC(274) Concurrent class unloading 4.379ms
[813.454s][info][gc] GC(274) Concurrent strong roots 0.064ms
[813.472s][info][gc] GC(274) Concurrent evacuation 17.840ms
[813.472s][info][gc] GC(274) Pause Init Update Refs 0.006ms
[813.530s][info][gc] GC(274) Concurrent update references 57.188ms
[813.530s][info][gc] GC(274) Concurrent update thread roots 0.300ms
[813.530s][info][gc] GC(274) Pause Final Update Refs 0.044ms
[813.530s][info][gc] GC(274) Concurrent cleanup 4066M->506M(4500M) 0.068ms
[814.948s][info][gc] Trigger: Average GC time (205.01 ms) is above the time for average allocation rate (2213 MB/s) to deplete free headroom (453M) (margin of error = 2.44)
[814.953s][info][gc] GC(275) Concurrent reset 3.970ms
[814.953s][info][gc] GC(275) Pause Init Mark (unload classes) 0.033ms
[814.955s][info][gc] GC(275) Concurrent marking roots 1.609ms
[815.037s][info][gc] GC(275) Concurrent marking (unload classes) 82.222ms
[815.038s][info][gc] GC(275) Pause Final Mark (unload classes) 0.222ms
[815.038s][info][gc] GC(275) Concurrent thread roots 0.543ms
[815.038s][info][gc] GC(275) Concurrent weak references 0.012ms
[815.044s][info][gc] GC(275) Concurrent weak roots 5.626ms
[815.044s][info][gc] GC(275) Concurrent cleanup 3868M->3868M(4500M) 0.015ms
[815.049s][info][gc] GC(275) Concurrent class unloading 5.211ms
[815.049s][info][gc] GC(275) Concurrent strong roots 0.063ms
[815.068s][info][gc] GC(275) Concurrent evacuation 19.009ms
[815.069s][info][gc] GC(275) Pause Init Update Refs 0.011ms
[815.134s][info][gc] GC(275) Concurrent update references 65.108ms
[815.134s][info][gc] GC(275) Concurrent update thread roots 0.305ms
[815.134s][info][gc] GC(275) Pause Final Update Refs 0.047ms
[815.135s][info][gc] GC(275) Concurrent cleanup 4068M->548M(4500M) 0.103ms
[816.492s][info][gc] Trigger: Average GC time (223.61 ms) is above the time for average allocation rate (2332 MB/s) to deplete free headroom (520M) (margin of error = 2.45)
[816.496s][info][gc] GC(276) Concurrent reset 4.031ms
[816.497s][info][gc] GC(276) Pause Init Mark (unload classes) 0.032ms
[816.499s][info][gc] GC(276) Concurrent marking roots 2.035ms
[816.583s][info][gc] GC(276) Concurrent marking (unload classes) 83.619ms
[816.583s][info][gc] GC(276) Pause Final Mark (unload classes) 0.215ms
[816.584s][info][gc] GC(276) Concurrent thread roots 0.965ms
[816.584s][info][gc] GC(276) Concurrent weak references 0.017ms
[816.589s][info][gc] GC(276) Concurrent weak roots 4.546ms
[816.589s][info][gc] GC(276) Concurrent cleanup 3816M->3816M(4500M) 0.013ms
[816.593s][info][gc] GC(276) Concurrent class unloading 4.161ms
[816.593s][info][gc] GC(276) Concurrent strong roots 0.066ms
[816.611s][info][gc] GC(276) Concurrent evacuation 17.501ms
[816.611s][info][gc] GC(276) Pause Init Update Refs 0.007ms
[816.687s][info][gc] GC(276) Concurrent update references 76.076ms
[816.687s][info][gc] GC(276) Concurrent update thread roots 0.302ms
[816.688s][info][gc] GC(276) Pause Final Update Refs 0.043ms
[816.688s][info][gc] GC(276) Concurrent cleanup 4034M->616M(4500M) 0.069ms
[818.013s][info][gc] Trigger: Average GC time (232.05 ms) is above the time for average allocation rate (2239 MB/s) to deplete free headroom (516M) (margin of error = 2.47)
[818.016s][info][gc] GC(277) Concurrent reset 3.034ms
[818.016s][info][gc] GC(277) Pause Init Mark (unload classes) 0.037ms
[818.018s][info][gc] GC(277) Concurrent marking roots 1.448ms
[818.112s][info][gc] GC(277) Concurrent marking (unload classes) 94.368ms
[818.113s][info][gc] GC(277) Pause Final Mark (unload classes) 0.220ms
[818.115s][info][gc] GC(277) Concurrent thread roots 2.307ms
[818.115s][info][gc] GC(277) Concurrent weak references 0.012ms
[818.125s][info][gc] GC(277) Concurrent weak roots 9.354ms
[818.125s][info][gc] GC(277) Concurrent cleanup 3836M->3834M(4500M) 0.014ms
[818.135s][info][gc] GC(277) Concurrent class unloading 9.989ms
[818.135s][info][gc] GC(277) Concurrent strong roots 0.075ms
[818.154s][info][gc] GC(277) Concurrent evacuation 19.185ms
[818.154s][info][gc] GC(277) Pause Init Update Refs 0.009ms
[818.234s][info][gc] GC(277) Concurrent update references 79.809ms
[818.235s][info][gc] GC(277) Concurrent update thread roots 0.258ms
[818.235s][info][gc] GC(277) Pause Final Update Refs 0.038ms
[818.235s][info][gc] GC(277) Concurrent cleanup 4052M->662M(4500M) 0.102ms
[819.537s][info][gc] Trigger: Average GC time (262.86 ms) is above the time for average allocation rate (2178 MB/s) to deplete free headroom (570M) (margin of error = 2.48)
[819.541s][info][gc] GC(278) Concurrent reset 3.330ms
[819.541s][info][gc] GC(278) Pause Init Mark (unload classes) 0.030ms
[819.542s][info][gc] GC(278) Concurrent marking roots 0.774ms
[819.651s][info][gc] GC(278) Concurrent marking (unload classes) 108.992ms
[819.652s][info][gc] GC(278) Pause Final Mark (unload classes) 0.212ms
[819.653s][info][gc] GC(278) Concurrent thread roots 1.263ms
[819.653s][info][gc] GC(278) Concurrent weak references 0.018ms
[819.659s][info][gc] GC(278) Concurrent weak roots 6.034ms
[819.659s][info][gc] GC(278) Concurrent cleanup 3796M->3796M(4500M) 0.016ms
[819.669s][info][gc] GC(278) Concurrent class unloading 9.174ms
[819.669s][info][gc] GC(278) Concurrent strong roots 0.066ms
[819.687s][info][gc] GC(278) Concurrent evacuation 17.855ms
[819.687s][info][gc] GC(278) Pause Init Update Refs 0.009ms
[819.776s][info][gc] GC(278) Concurrent update references 88.939ms
[819.777s][info][gc] GC(278) Concurrent update thread roots 0.365ms
[819.777s][info][gc] GC(278) Pause Final Update Refs 0.043ms
[819.777s][info][gc] GC(278) Concurrent cleanup 4040M->720M(4510M) 0.068ms
[821.027s][info][gc] Trigger: Average GC time (283.97 ms) is above the time for average allocation rate (2238 MB/s) to deplete free headroom (632M) (margin of error = 2.50)
[821.032s][info][gc] GC(279) Concurrent reset 3.128ms
[821.032s][info][gc] GC(279) Pause Init Mark (unload classes) 0.036ms
[821.033s][info][gc] GC(279) Concurrent marking roots 0.761ms
[821.140s][info][gc] GC(279) Concurrent marking (unload classes) 106.839ms
[821.140s][info][gc] GC(279) Pause Final Mark (unload classes) 0.206ms
[821.142s][info][gc] GC(279) Concurrent thread roots 1.286ms
[821.142s][info][gc] GC(279) Concurrent weak references 0.015ms
[821.148s][info][gc] GC(279) Concurrent weak roots 6.238ms
[821.148s][info][gc] GC(279) Concurrent cleanup 3723M->3723M(4510M) 0.013ms
[821.158s][info][gc] GC(279) Concurrent class unloading 9.952ms
[821.158s][info][gc] GC(279) Concurrent strong roots 0.066ms
[821.178s][info][gc] GC(279) Concurrent evacuation 19.194ms
[821.178s][info][gc] GC(279) Pause Init Update Refs 0.006ms
[821.273s][info][gc] GC(279) Concurrent update references 95.334ms
[821.274s][info][gc] GC(279) Concurrent update thread roots 0.341ms
[821.274s][info][gc] GC(279) Pause Final Update Refs 0.038ms
[821.274s][info][gc] GC(279) Concurrent cleanup 4000M->774M(4532M) 0.098ms
[828.254s][info][gc] Trigger: Free (459M) is below minimum threshold (460M)
[828.257s][info][gc] GC(280) Concurrent reset 2.449ms
[828.257s][info][gc] GC(280) Pause Init Mark (unload classes) 0.025ms
[828.259s][info][gc] GC(280) Concurrent marking roots 1.423ms
[828.280s][info][gc] GC(280) Concurrent marking (unload classes) 21.823ms
[828.281s][info][gc] GC(280) Pause Final Mark (unload classes) 0.170ms
[828.281s][info][gc] GC(280) Concurrent thread roots 0.168ms
[828.281s][info][gc] GC(280) Concurrent weak references 0.014ms
[828.290s][info][gc] GC(280) Concurrent weak roots 9.498ms
[828.291s][info][gc] GC(280) Concurrent cleanup 3923M->2853M(4532M) 0.025ms
[828.292s][info][gc] GC(280) Concurrent class unloading 1.087ms
[828.292s][info][gc] GC(280) Concurrent strong roots 0.033ms
[828.302s][info][gc] GC(280) Concurrent evacuation 10.306ms
[828.302s][info][gc] GC(280) Pause Init Update Refs 0.005ms
[828.312s][info][gc] GC(280) Concurrent update references 9.820ms
[828.312s][info][gc] GC(280) Concurrent update thread roots 0.238ms
[828.312s][info][gc] GC(280) Pause Final Update Refs 0.039ms
[828.312s][info][gc] GC(280) Concurrent cleanup 2887M->81M(4532M) 0.055ms
[834.943s][info][gc] Trigger: Average GC time (369.24 ms) is above the time for average allocation rate (2011 MB/s) to deplete free headroom (738M) (margin of error = 2.51)
[834.947s][info][gc] GC(281) Concurrent reset 2.666ms
[834.947s][info][gc] GC(281) Pause Init Mark (unload classes) 0.037ms
[834.950s][info][gc] GC(281) Concurrent marking roots 2.288ms
[834.963s][info][gc] GC(281) Concurrent marking (unload classes) 13.604ms
[834.964s][info][gc] GC(281) Pause Final Mark (unload classes) 0.108ms
[834.966s][info][gc] GC(281) Concurrent thread roots 2.088ms
[834.966s][info][gc] GC(281) Concurrent weak references 0.013ms
[834.981s][info][gc] GC(281) Concurrent weak roots 15.046ms
[834.981s][info][gc] GC(281) Concurrent cleanup 3469M->1051M(4532M) 0.050ms
[834.985s][info][gc] GC(281) Concurrent class unloading 4.087ms
[834.985s][info][gc] GC(281) Concurrent strong roots 0.062ms
[834.992s][info][gc] GC(281) Concurrent evacuation 6.992ms
[834.993s][info][gc] GC(281) Pause Init Update Refs 0.007ms
[835.002s][info][gc] GC(281) Concurrent update references 9.845ms
[835.003s][info][gc] GC(281) Concurrent update thread roots 0.280ms
[835.003s][info][gc] GC(281) Pause Final Update Refs 0.033ms
[835.003s][info][gc] GC(281) Concurrent cleanup 1111M->157M(4532M) 0.023ms
[836.456s][info][gc] Trigger: Average GC time (293.22 ms) is above the time for average allocation rate (2362 MB/s) to deplete free headroom (690M) (margin of error = 2.50)
[836.458s][info][gc] GC(282) Concurrent reset 1.081ms
[836.458s][info][gc] GC(282) Pause Init Mark (unload classes) 0.029ms
[836.460s][info][gc] GC(282) Concurrent marking roots 1.768ms
[836.502s][info][gc] GC(282) Concurrent marking (unload classes) 41.746ms
[836.502s][info][gc] GC(282) Pause Final Mark (unload classes) 0.233ms
[836.505s][info][gc] GC(282) Concurrent thread roots 2.719ms
[836.505s][info][gc] GC(282) Concurrent weak references 0.022ms
[836.509s][info][gc] GC(282) Concurrent weak roots 4.149ms
[836.509s][info][gc] GC(282) Concurrent cleanup 3539M->3539M(4532M) 0.014ms
[836.513s][info][gc] GC(282) Concurrent class unloading 3.575ms
[836.513s][info][gc] GC(282) Concurrent strong roots 0.074ms
[836.532s][info][gc] GC(282) Concurrent evacuation 18.766ms
[836.532s][info][gc] GC(282) Pause Init Update Refs 0.006ms
[836.556s][info][gc] GC(282) Concurrent update references 23.895ms
[836.557s][info][gc] GC(282) Concurrent update thread roots 0.444ms
[836.557s][info][gc] GC(282) Pause Final Update Refs 0.048ms
[836.557s][info][gc] GC(282) Concurrent cleanup 3661M->251M(4532M) 0.068ms
[838.227s][info][gc] Trigger: Average GC time (235.87 ms) is above the time for average allocation rate (2315 MB/s) to deplete free headroom (542M) (margin of error = 2.49)
[838.231s][info][gc] GC(283) Concurrent reset 3.791ms
[838.232s][info][gc] GC(283) Pause Init Mark (unload classes) 0.036ms
[838.234s][info][gc] GC(283) Concurrent marking roots 2.764ms
[838.263s][info][gc] GC(283) Concurrent marking (unload classes) 28.310ms
[838.263s][info][gc] GC(283) Pause Final Mark (unload classes) 0.190ms
[838.265s][info][gc] GC(283) Concurrent thread roots 1.750ms
[838.265s][info][gc] GC(283) Concurrent weak references 0.013ms
[838.279s][info][gc] GC(283) Concurrent weak roots 13.675ms
[838.279s][info][gc] GC(283) Concurrent cleanup 3715M->2863M(4532M) 0.039ms
[838.289s][info][gc] GC(283) Concurrent class unloading 10.203ms
[838.289s][info][gc] GC(283) Concurrent strong roots 0.100ms
[838.308s][info][gc] GC(283) Concurrent evacuation 18.276ms
[838.308s][info][gc] GC(283) Pause Init Update Refs 0.008ms
[838.331s][info][gc] GC(283) Concurrent update references 22.552ms
[838.331s][info][gc] GC(283) Concurrent update thread roots 0.381ms
[838.332s][info][gc] GC(283) Pause Final Update Refs 0.041ms
[838.332s][info][gc] GC(283) Concurrent cleanup 2983M->263M(4532M) 0.093ms
[840.155s][info][gc] Trigger: Average GC time (197.66 ms) is above the time for average allocation rate (2173 MB/s) to deplete free headroom (428M) (margin of error = 2.48)
[840.158s][info][gc] GC(284) Concurrent reset 3.002ms
[840.158s][info][gc] GC(284) Pause Init Mark (unload classes) 0.041ms
[840.162s][info][gc] GC(284) Concurrent marking roots 3.423ms
[840.185s][info][gc] GC(284) Concurrent marking (unload classes) 23.291ms
[840.186s][info][gc] GC(284) Pause Final Mark (unload classes) 0.134ms
[840.187s][info][gc] GC(284) Concurrent thread roots 1.013ms
[840.187s][info][gc] GC(284) Concurrent weak references 0.013ms
[840.198s][info][gc] GC(284) Concurrent weak roots 11.486ms
[840.198s][info][gc] GC(284) Concurrent cleanup 3815M->1353M(4532M) 0.051ms
[840.203s][info][gc] GC(284) Concurrent class unloading 5.191ms
[840.204s][info][gc] GC(284) Concurrent strong roots 0.064ms
[840.213s][info][gc] GC(284) Concurrent evacuation 9.525ms
[840.213s][info][gc] GC(284) Pause Init Update Refs 0.015ms
[840.229s][info][gc] GC(284) Concurrent update references 15.042ms
[840.229s][info][gc] GC(284) Concurrent update thread roots 0.261ms
[840.229s][info][gc] GC(284) Pause Final Update Refs 0.042ms
[840.229s][info][gc] GC(284) Concurrent cleanup 1433M->209M(4532M) 0.046ms
[841.812s][info][gc] Trigger: Average GC time (164.10 ms) is above the time for average allocation rate (2264 MB/s) to deplete free headroom (370M) (margin of error = 2.47)
[841.814s][info][gc] GC(285) Concurrent reset 1.216ms
[841.814s][info][gc] GC(285) Pause Init Mark (unload classes) 0.031ms
[841.816s][info][gc] GC(285) Concurrent marking roots 2.088ms
[841.858s][info][gc] GC(285) Concurrent marking (unload classes) 41.582ms
[841.858s][info][gc] GC(285) Pause Final Mark (unload classes) 0.246ms
[841.861s][info][gc] GC(285) Concurrent thread roots 2.867ms
[841.862s][info][gc] GC(285) Concurrent weak references 0.039ms
[841.865s][info][gc] GC(285) Concurrent weak roots 2.995ms
[841.865s][info][gc] GC(285) Concurrent cleanup 3879M->3879M(4532M) 0.014ms
[841.869s][info][gc] GC(285) Concurrent class unloading 4.274ms
[841.869s][info][gc] GC(285) Concurrent strong roots 0.060ms
[841.888s][info][gc] GC(285) Concurrent evacuation 18.866ms
[841.888s][info][gc] GC(285) Pause Init Update Refs 0.007ms
[841.914s][info][gc] GC(285) Concurrent update references 25.284ms
[841.914s][info][gc] GC(285) Concurrent update thread roots 0.234ms
[841.914s][info][gc] GC(285) Pause Final Update Refs 0.041ms
[841.914s][info][gc] GC(285) Concurrent cleanup 3997M->271M(4532M) 0.077ms
[843.635s][info][gc] Trigger: Average GC time (150.64 ms) is above the time for average allocation rate (2357 MB/s) to deplete free headroom (352M) (margin of error = 2.47)
[843.639s][info][gc] GC(286) Concurrent reset 4.149ms
[843.640s][info][gc] GC(286) Pause Init Mark (unload classes) 0.035ms
[843.641s][info][gc] GC(286) Concurrent marking roots 1.774ms
[843.679s][info][gc] GC(286) Concurrent marking (unload classes) 37.284ms
[843.679s][info][gc] GC(286) Pause Final Mark (unload classes) 0.231ms
[843.682s][info][gc] GC(286) Concurrent thread roots 2.341ms
[843.682s][info][gc] GC(286) Concurrent weak references 0.023ms
[843.692s][info][gc] GC(286) Concurrent weak roots 10.144ms
[843.692s][info][gc] GC(286) Concurrent cleanup 3907M->3611M(4532M) 0.020ms
[843.697s][info][gc] GC(286) Concurrent class unloading 5.259ms
[843.697s][info][gc] GC(286) Concurrent strong roots 0.072ms
[843.713s][info][gc] GC(286) Concurrent evacuation 15.673ms
[843.713s][info][gc] GC(286) Pause Init Update Refs 0.006ms
[843.741s][info][gc] GC(286) Concurrent update references 27.243ms
[843.741s][info][gc] GC(286) Concurrent update thread roots 0.321ms
[843.741s][info][gc] GC(286) Pause Final Update Refs 0.043ms
[843.741s][info][gc] GC(286) Concurrent cleanup 3732M->266M(4532M) 0.069ms
[845.518s][info][gc] Trigger: Average GC time (142.31 ms) is above the time for average allocation rate (2250 MB/s) to deplete free headroom (318M) (margin of error = 2.47)
[845.522s][info][gc] GC(287) Concurrent reset 3.846ms
[845.522s][info][gc] GC(287) Pause Init Mark (unload classes) 0.034ms
[845.524s][info][gc] GC(287) Concurrent marking roots 2.010ms
[845.547s][info][gc] GC(287) Concurrent marking (unload classes) 22.983ms
[845.548s][info][gc] GC(287) Pause Final Mark (unload classes) 0.168ms
[845.550s][info][gc] GC(287) Concurrent thread roots 2.638ms
[845.551s][info][gc] GC(287) Concurrent weak references 0.040ms
[845.567s][info][gc] GC(287) Concurrent weak roots 16.079ms
[845.567s][info][gc] GC(287) Concurrent cleanup 3917M->2223M(4532M) 0.037ms
[845.574s][info][gc] GC(287) Concurrent class unloading 6.959ms
[845.574s][info][gc] GC(287) Concurrent strong roots 0.078ms
[845.584s][info][gc] GC(287) Concurrent evacuation 9.774ms
[845.584s][info][gc] GC(287) Pause Init Update Refs 0.006ms
[845.602s][info][gc] GC(287) Concurrent update references 18.176ms
[845.603s][info][gc] GC(287) Concurrent update thread roots 0.504ms
[845.603s][info][gc] GC(287) Pause Final Update Refs 0.036ms
[845.603s][info][gc] GC(287) Concurrent cleanup 2297M->201M(4532M) 0.044ms
[847.442s][info][gc] Trigger: Average GC time (127.97 ms) is above the time for average allocation rate (2149 MB/s) to deplete free headroom (274M) (margin of error = 2.46)
[847.445s][info][gc] GC(288) Concurrent reset 2.391ms
[847.445s][info][gc] GC(288) Pause Init Mark (unload classes) 0.032ms
[847.448s][info][gc] GC(288) Concurrent marking roots 3.277ms
[847.464s][info][gc] GC(288) Concurrent marking (unload classes) 15.518ms
[847.465s][info][gc] GC(288) Pause Final Mark (unload classes) 0.124ms
[847.467s][info][gc] GC(288) Concurrent thread roots 2.003ms
[847.467s][info][gc] GC(288) Concurrent weak references 0.015ms
[847.476s][info][gc] GC(288) Concurrent weak roots 9.699ms
[847.477s][info][gc] GC(288) Concurrent cleanup 3937M->879M(4532M) 0.091ms
[847.484s][info][gc] GC(288) Concurrent class unloading 6.898ms
[847.484s][info][gc] GC(288) Concurrent strong roots 0.068ms
[847.490s][info][gc] GC(288) Concurrent evacuation 6.103ms
[847.490s][info][gc] GC(288) Pause Init Update Refs 0.010ms
[847.504s][info][gc] GC(288) Concurrent update references 13.381ms
[847.504s][info][gc] GC(288) Concurrent update thread roots 0.251ms
[847.504s][info][gc] GC(288) Pause Final Update Refs 0.037ms
[847.504s][info][gc] GC(288) Concurrent cleanup 940M->166M(4532M) 0.035ms
[849.166s][info][gc] Trigger: Average GC time (122.78 ms) is above the time for average allocation rate (2237 MB/s) to deplete free headroom (274M) (margin of error = 2.46)
[849.167s][info][gc] GC(289) Concurrent reset 0.978ms
[849.167s][info][gc] GC(289) Pause Init Mark (unload classes) 0.035ms
[849.169s][info][gc] GC(289) Concurrent marking roots 1.616ms
[849.207s][info][gc] GC(289) Concurrent marking (unload classes) 37.438ms
[849.207s][info][gc] GC(289) Pause Final Mark (unload classes) 0.209ms
[849.209s][info][gc] GC(289) Concurrent thread roots 2.062ms
[849.210s][info][gc] GC(289) Concurrent weak references 0.022ms
[849.222s][info][gc] GC(289) Concurrent weak roots 12.132ms
[849.222s][info][gc] GC(289) Concurrent cleanup 3974M->3972M(4532M) 0.016ms
[849.229s][info][gc] GC(289) Concurrent class unloading 6.898ms
[849.229s][info][gc] GC(289) Concurrent strong roots 0.062ms
[849.247s][info][gc] GC(289) Concurrent evacuation 18.420ms
[849.248s][info][gc] GC(289) Pause Init Update Refs 0.013ms
[849.279s][info][gc] GC(289) Concurrent update references 31.467ms
[849.279s][info][gc] GC(289) Concurrent update thread roots 0.227ms
[849.280s][info][gc] GC(289) Pause Final Update Refs 0.052ms
[849.280s][info][gc] GC(289) Concurrent cleanup 4104M->281M(4532M) 0.198ms
[851.066s][info][gc] Trigger: Average GC time (150.96 ms) is above the time for average allocation rate (2134 MB/s) to deplete free headroom (320M) (margin of error = 2.47)
[851.071s][info][gc] GC(290) Concurrent reset 4.411ms
[851.071s][info][gc] GC(290) Pause Init Mark (unload classes) 0.037ms
[851.073s][info][gc] GC(290) Concurrent marking roots 1.949ms
[851.108s][info][gc] GC(290) Concurrent marking (unload classes) 34.776ms
[851.109s][info][gc] GC(290) Pause Final Mark (unload classes) 0.209ms
[851.111s][info][gc] GC(290) Concurrent thread roots 2.481ms
[851.111s][info][gc] GC(290) Concurrent weak references 0.015ms
[851.141s][info][gc] GC(290) Concurrent weak roots 29.280ms
[851.141s][info][gc] GC(290) Concurrent cleanup 3957M->3367M(4532M) 0.034ms
[851.147s][info][gc] GC(290) Concurrent class unloading 6.032ms
[851.147s][info][gc] GC(290) Concurrent strong roots 0.045ms
[851.162s][info][gc] GC(290) Concurrent evacuation 15.378ms
[851.163s][info][gc] GC(290) Pause Init Update Refs 0.007ms
[851.183s][info][gc] GC(290) Concurrent update references 20.234ms
[851.183s][info][gc] GC(290) Concurrent update thread roots 0.316ms
[851.184s][info][gc] GC(290) Pause Final Update Refs 0.045ms
[851.184s][info][gc] GC(290) Concurrent cleanup 3445M->245M(4532M) 0.098ms
[853.001s][info][gc] Trigger: Average GC time (154.09 ms) is above the time for average allocation rate (2290 MB/s) to deplete free headroom (352M) (margin of error = 2.47)
[853.005s][info][gc] GC(291) Concurrent reset 4.083ms
[853.005s][info][gc] GC(291) Pause Init Mark (unload classes) 0.022ms
[853.009s][info][gc] GC(291) Concurrent marking roots 3.284ms
[853.032s][info][gc] GC(291) Concurrent marking (unload classes) 23.327ms
[853.032s][info][gc] GC(291) Pause Final Mark (unload classes) 0.151ms
[853.035s][info][gc] GC(291) Concurrent thread roots 2.116ms
[853.035s][info][gc] GC(291) Concurrent weak references 0.015ms
[853.055s][info][gc] GC(291) Concurrent weak roots 20.013ms
[853.055s][info][gc] GC(291) Concurrent cleanup 3883M->1905M(4532M) 0.067ms
[853.064s][info][gc] GC(291) Concurrent class unloading 9.263ms
[853.064s][info][gc] GC(291) Concurrent strong roots 0.063ms
[853.075s][info][gc] GC(291) Concurrent evacuation 10.893ms
[853.075s][info][gc] GC(291) Pause Init Update Refs 0.007ms
[853.093s][info][gc] GC(291) Concurrent update references 17.646ms
[853.093s][info][gc] GC(291) Concurrent update thread roots 0.285ms
[853.094s][info][gc] GC(291) Pause Final Update Refs 0.042ms
[853.094s][info][gc] GC(291) Concurrent cleanup 1989M->215M(4532M) 0.131ms
[854.909s][info][gc] Trigger: Free (454M) is below minimum threshold (460M)
[854.912s][info][gc] GC(292) Concurrent reset 2.219ms
[854.912s][info][gc] GC(292) Pause Init Mark (unload classes) 0.027ms
[854.919s][info][gc] GC(292) Concurrent marking roots 6.687ms
[854.933s][info][gc] GC(292) Concurrent marking (unload classes) 14.023ms
[854.934s][info][gc] GC(292) Pause Final Mark (unload classes) 0.127ms
[854.936s][info][gc] GC(292) Concurrent thread roots 2.541ms
[854.936s][info][gc] GC(292) Concurrent weak references 0.013ms
[854.969s][info][gc] GC(292) Concurrent weak roots 32.612ms
[854.969s][info][gc] GC(292) Concurrent cleanup 4011M->614M(4532M) 0.107ms
[854.975s][info][gc] GC(292) Concurrent class unloading 5.567ms
[854.975s][info][gc] GC(292) Concurrent strong roots 0.076ms
[854.982s][info][gc] GC(292) Concurrent evacuation 6.792ms
[854.982s][info][gc] GC(292) Pause Init Update Refs 0.006ms
[855.001s][info][gc] GC(292) Concurrent update references 18.313ms
[855.001s][info][gc] GC(292) Concurrent update thread roots 0.548ms
[855.002s][info][gc] GC(292) Pause Final Update Refs 0.032ms
[855.002s][info][gc] GC(292) Concurrent cleanup 672M->168M(4532M) 0.028ms
[856.317s][info][gc] Trigger: Average GC time (124.13 ms) is above the time for average allocation rate (2792 MB/s) to deplete free headroom (344M) (margin of error = 2.46)
[856.318s][info][gc] GC(293) Concurrent reset 1.013ms
[856.319s][info][gc] GC(293) Pause Init Mark (unload classes) 0.036ms
[856.322s][info][gc] GC(293) Concurrent marking roots 2.593ms
[856.362s][info][gc] GC(293) Concurrent marking (unload classes) 40.245ms
[856.363s][info][gc] GC(293) Pause Final Mark (unload classes) 0.236ms
[856.365s][info][gc] GC(293) Concurrent thread roots 2.449ms
[856.365s][info][gc] GC(293) Concurrent weak references 0.022ms
[856.374s][info][gc] GC(293) Concurrent weak roots 9.202ms
[856.375s][info][gc] GC(293) Concurrent cleanup 3926M->3926M(4532M) 0.015ms
[856.383s][info][gc] GC(293) Concurrent class unloading 8.494ms
[856.383s][info][gc] GC(293) Concurrent strong roots 0.064ms
[856.412s][info][gc] GC(293) Concurrent evacuation 28.650ms
[856.412s][info][gc] GC(293) Pause Init Update Refs 0.014ms
[856.440s][info][gc] GC(293) Concurrent update references 27.478ms
[856.440s][info][gc] GC(293) Concurrent update thread roots 0.383ms
[856.441s][info][gc] GC(293) Pause Final Update Refs 0.042ms
[856.441s][info][gc] GC(293) Concurrent cleanup 4105M->328M(4532M) 0.076ms
[857.645s][info][gc] Trigger: Average GC time (149.08 ms) is above the time for average allocation rate (2888 MB/s) to deplete free headroom (426M) (margin of error = 2.48)
[857.649s][info][gc] GC(294) Concurrent reset 4.234ms
[857.650s][info][gc] GC(294) Pause Init Mark (unload classes) 0.034ms
[857.650s][info][gc] GC(294) Concurrent marking roots 0.659ms
[857.703s][info][gc] GC(294) Concurrent marking (unload classes) 52.220ms
[857.703s][info][gc] GC(294) Pause Final Mark (unload classes) 0.237ms
[857.705s][info][gc] GC(294) Concurrent thread roots 1.760ms
[857.705s][info][gc] GC(294) Concurrent weak references 0.039ms
[857.715s][info][gc] GC(294) Concurrent weak roots 9.659ms
[857.715s][info][gc] GC(294) Concurrent cleanup 3883M->3881M(4532M) 0.016ms
[857.722s][info][gc] GC(294) Concurrent class unloading 6.682ms
[857.722s][info][gc] GC(294) Concurrent strong roots 0.073ms
[857.747s][info][gc] GC(294) Concurrent evacuation 25.470ms
[857.748s][info][gc] GC(294) Pause Init Update Refs 0.014ms
[857.797s][info][gc] GC(294) Concurrent update references 49.572ms
[857.798s][info][gc] GC(294) Concurrent update thread roots 0.473ms
[857.798s][info][gc] GC(294) Pause Final Update Refs 0.042ms
[857.799s][info][gc] GC(294) Concurrent cleanup 4104M->431M(4532M) 0.111ms
[858.921s][info][gc] Trigger: Average GC time (194.38 ms) is above the time for average allocation rate (2839 MB/s) to deplete free headroom (546M) (margin of error = 2.50)
[858.925s][info][gc] GC(295) Concurrent reset 4.196ms
[858.926s][info][gc] GC(295) Pause Init Mark (unload classes) 0.029ms
[858.929s][info][gc] GC(295) Concurrent marking roots 2.999ms
[858.989s][info][gc] GC(295) Concurrent marking (unload classes) 59.803ms
[858.989s][info][gc] GC(295) Pause Final Mark (unload classes) 0.231ms
[858.990s][info][gc] GC(295) Concurrent thread roots 1.138ms
[858.991s][info][gc] GC(295) Concurrent weak references 0.014ms
[859.000s][info][gc] GC(295) Concurrent weak roots 9.621ms
[859.000s][info][gc] GC(295) Concurrent cleanup 3782M->3779M(4532M) 0.014ms
[859.010s][info][gc] GC(295) Concurrent class unloading 9.720ms
[859.010s][info][gc] GC(295) Concurrent strong roots 0.069ms
[859.031s][info][gc] GC(295) Concurrent evacuation 20.606ms
[859.031s][info][gc] GC(295) Pause Init Update Refs 0.009ms
[859.072s][info][gc] GC(295) Concurrent update references 41.234ms
[859.073s][info][gc] GC(295) Concurrent update thread roots 0.413ms
[859.073s][info][gc] GC(295) Pause Final Update Refs 0.040ms
[859.073s][info][gc] GC(295) Concurrent cleanup 3954M->435M(4532M) 0.071ms
[860.229s][info][gc] Trigger: Average GC time (193.59 ms) is above the time for average allocation rate (2814 MB/s) to deplete free headroom (544M) (margin of error = 2.52)
[860.234s][info][gc] GC(296) Concurrent reset 4.156ms
[860.234s][info][gc] GC(296) Pause Init Mark (unload classes) 0.034ms
[860.237s][info][gc] GC(296) Concurrent marking roots 2.882ms
[860.320s][info][gc] GC(296) Concurrent marking (unload classes) 82.501ms
[860.324s][info][gc] GC(296) Pause Final Mark (unload classes) 0.234ms
[860.328s][info][gc] GC(296) Concurrent thread roots 3.435ms
[860.328s][info][gc] GC(296) Concurrent weak references 0.014ms
[860.340s][info][gc] GC(296) Concurrent weak roots 12.358ms
[860.340s][info][gc] GC(296) Concurrent cleanup 3837M->3837M(4532M) 0.014ms
[860.375s][info][gc] GC(296) Concurrent class unloading 34.864ms
[860.375s][info][gc] GC(296) Concurrent strong roots 0.040ms
[860.390s][info][gc] GC(296) Concurrent evacuation 15.223ms
[860.391s][info][gc] GC(296) Pause Init Update Refs 0.007ms
[860.465s][info][gc] GC(296) Concurrent update references 73.717ms
[860.465s][info][gc] GC(296) Concurrent update thread roots 0.501ms
[860.466s][info][gc] GC(296) Pause Final Update Refs 0.041ms
[860.466s][info][gc] GC(296) Concurrent cleanup 4099M->598M(4532M) 0.108ms
[861.435s][info][gc] Trigger: Average GC time (314.46 ms) is above the time for average allocation rate (2799 MB/s) to deplete free headroom (877M) (margin of error = 2.54)
[861.438s][info][gc] GC(297) Concurrent reset 2.845ms
[861.438s][info][gc] GC(297) Pause Init Mark (unload classes) 0.035ms
[861.441s][info][gc] GC(297) Concurrent marking roots 2.632ms
[861.510s][info][gc] GC(297) Concurrent marking (unload classes) 69.271ms
[861.511s][info][gc] GC(297) Pause Final Mark (unload classes) 0.212ms
[861.515s][info][gc] GC(297) Concurrent thread roots 3.840ms
[861.515s][info][gc] GC(297) Concurrent weak references 0.024ms
[861.523s][info][gc] GC(297) Concurrent weak roots 8.210ms
[861.523s][info][gc] GC(297) Concurrent cleanup 3478M->3478M(4532M) 0.017ms
[861.553s][info][gc] GC(297) Concurrent class unloading 29.903ms
[861.553s][info][gc] GC(297) Concurrent strong roots 0.050ms
[861.573s][info][gc] GC(297) Concurrent evacuation 20.211ms
[861.574s][info][gc] GC(297) Pause Init Update Refs 0.012ms
[861.657s][info][gc] GC(297) Concurrent update references 83.308ms
[861.659s][info][gc] GC(297) Concurrent update thread roots 2.302ms
[861.660s][info][gc] GC(297) Pause Final Update Refs 0.040ms
[861.660s][info][gc] GC(297) Concurrent cleanup 3796M->660M(4532M) 0.098ms
[862.639s][info][gc] Trigger: Average GC time (307.50 ms) is above the time for average allocation rate (2889 MB/s) to deplete free headroom (887M) (margin of error = 2.56)
[862.643s][info][gc] GC(298) Concurrent reset 2.905ms
[862.644s][info][gc] GC(298) Pause Init Mark (unload classes) 0.031ms
[862.646s][info][gc] GC(298) Concurrent marking roots 1.956ms
[862.740s][info][gc] GC(298) Concurrent marking (unload classes) 94.041ms
[862.740s][info][gc] GC(298) Pause Final Mark (unload classes) 0.215ms
[862.742s][info][gc] GC(298) Concurrent thread roots 1.229ms
[862.742s][info][gc] GC(298) Concurrent weak references 0.039ms
[862.747s][info][gc] GC(298) Concurrent weak roots 5.407ms
[862.747s][info][gc] GC(298) Concurrent cleanup 3526M->3526M(4532M) 0.015ms
[862.779s][info][gc] GC(298) Concurrent class unloading 31.221ms
[862.779s][info][gc] GC(298) Concurrent strong roots 0.072ms
[862.808s][info][gc] GC(298) Concurrent evacuation 28.883ms
[862.808s][info][gc] GC(298) Pause Init Update Refs 0.009ms
[862.895s][info][gc] GC(298) Concurrent update references 87.041ms
[862.896s][info][gc] GC(298) Concurrent update thread roots 0.429ms
[862.896s][info][gc] GC(298) Pause Final Update Refs 0.047ms
[862.896s][info][gc] GC(298) Concurrent cleanup 3860M->756M(4532M) 0.073ms
[863.776s][info][gc] Trigger: Average GC time (326.70 ms) is above the time for average allocation rate (2805 MB/s) to deplete free headroom (915M) (margin of error = 2.58)
[863.780s][info][gc] GC(299) Concurrent reset 3.995ms
[863.780s][info][gc] GC(299) Pause Init Mark (unload classes) 0.028ms
[863.782s][info][gc] GC(299) Concurrent marking roots 1.958ms
[863.886s][info][gc] GC(299) Concurrent marking (unload classes) 103.305ms
[863.886s][info][gc] GC(299) Pause Final Mark (unload classes) 0.209ms
[863.888s][info][gc] GC(299) Concurrent thread roots 2.057ms
[863.888s][info][gc] GC(299) Concurrent weak references 0.015ms
[863.917s][info][gc] GC(299) Concurrent weak roots 28.553ms
[863.917s][info][gc] GC(299) Concurrent cleanup 3514M->3512M(4532M) 0.016ms
[863.926s][info][gc] GC(299) Concurrent class unloading 8.540ms
[863.926s][info][gc] GC(299) Concurrent strong roots 0.074ms
[863.942s][info][gc] GC(299) Concurrent evacuation 16.112ms
[863.942s][info][gc] GC(299) Pause Init Update Refs 0.007ms
[864.006s][info][gc] GC(299) Concurrent update references 63.760ms
[864.007s][info][gc] GC(299) Concurrent update thread roots 0.386ms
[864.007s][info][gc] GC(299) Pause Final Update Refs 0.045ms
[864.007s][info][gc] GC(299) Concurrent cleanup 3747M->702M(4532M) 0.062ms
[865.234s][info][gc] Trigger: Average GC time (298.99 ms) is above the time for average allocation rate (2203 MB/s) to deplete free headroom (656M) (margin of error = 2.59)
[865.238s][info][gc] GC(300) Concurrent reset 3.500ms
[865.238s][info][gc] GC(300) Pause Init Mark (unload classes) 0.032ms
[865.241s][info][gc] GC(300) Concurrent marking roots 3.025ms
[865.263s][info][gc] GC(300) Concurrent marking (unload classes) 22.020ms
[865.264s][info][gc] GC(300) Pause Final Mark (unload classes) 0.143ms
[865.265s][info][gc] GC(300) Concurrent thread roots 1.593ms
[865.266s][info][gc] GC(300) Concurrent weak references 0.012ms
[865.288s][info][gc] GC(300) Concurrent weak roots 22.805ms
[865.289s][info][gc] GC(300) Concurrent cleanup 3601M->1375M(4532M) 0.077ms
[865.292s][info][gc] GC(300) Concurrent class unloading 3.497ms
[865.292s][info][gc] GC(300) Concurrent strong roots 0.070ms
[865.303s][info][gc] GC(300) Concurrent evacuation 10.507ms
[865.303s][info][gc] GC(300) Pause Init Update Refs 0.006ms
[865.323s][info][gc] GC(300) Concurrent update references 19.427ms
[865.323s][info][gc] GC(300) Concurrent update thread roots 0.309ms
[865.323s][info][gc] GC(300) Pause Final Update Refs 0.045ms
[865.323s][info][gc] GC(300) Concurrent cleanup 1445M->197M(4532M) 0.028ms
[866.712s][info][gc] Trigger: Average GC time (349.85 ms) is above the time for average allocation rate (2297 MB/s) to deplete free headroom (801M) (margin of error = 2.58)
[866.714s][info][gc] GC(301) Concurrent reset 1.421ms
[866.714s][info][gc] GC(301) Pause Init Mark (unload classes) 0.037ms
[866.716s][info][gc] GC(301) Concurrent marking roots 1.595ms
[866.748s][info][gc] GC(301) Concurrent marking (unload classes) 32.236ms
[866.748s][info][gc] GC(301) Pause Final Mark (unload classes) 0.211ms
[866.750s][info][gc] GC(301) Concurrent thread roots 1.483ms
[866.750s][info][gc] GC(301) Concurrent weak references 0.017ms
[866.755s][info][gc] GC(301) Concurrent weak roots 4.919ms
[866.755s][info][gc] GC(301) Concurrent cleanup 3414M->3414M(4532M) 0.014ms
[866.758s][info][gc] GC(301) Concurrent class unloading 3.171ms
[866.758s][info][gc] GC(301) Concurrent strong roots 0.068ms
[866.775s][info][gc] GC(301) Concurrent evacuation 16.837ms
[866.776s][info][gc] GC(301) Pause Init Update Refs 0.009ms
[866.800s][info][gc] GC(301) Concurrent update references 23.894ms
[866.800s][info][gc] GC(301) Concurrent update thread roots 0.322ms
[866.800s][info][gc] GC(301) Pause Final Update Refs 0.043ms
[866.800s][info][gc] GC(301) Concurrent cleanup 3531M->218M(4532M) 0.105ms
[868.252s][info][gc] Trigger: Average GC time (286.61 ms) is above the time for average allocation rate (2251 MB/s) to deplete free headroom (641M) (margin of error = 2.57)
[868.255s][info][gc] GC(302) Concurrent reset 3.702ms
[868.256s][info][gc] GC(302) Pause Init Mark (unload classes) 0.038ms
[868.258s][info][gc] GC(302) Concurrent marking roots 1.921ms
[868.300s][info][gc] GC(302) Concurrent marking (unload classes) 41.638ms
[868.300s][info][gc] GC(302) Pause Final Mark (unload classes) 0.196ms
[868.302s][info][gc] GC(302) Concurrent thread roots 1.462ms
[868.302s][info][gc] GC(302) Concurrent weak references 0.014ms
[868.306s][info][gc] GC(302) Concurrent weak roots 4.216ms
[868.306s][info][gc] GC(302) Concurrent cleanup 3614M->3614M(4532M) 0.015ms
[868.309s][info][gc] GC(302) Concurrent class unloading 2.840ms
[868.309s][info][gc] GC(302) Concurrent strong roots 0.044ms
[868.326s][info][gc] GC(302) Concurrent evacuation 17.248ms
[868.326s][info][gc] GC(302) Pause Init Update Refs 0.006ms
[868.360s][info][gc] GC(302) Concurrent update references 33.698ms
[868.361s][info][gc] GC(302) Concurrent update thread roots 0.453ms
[868.361s][info][gc] GC(302) Pause Final Update Refs 0.054ms
[868.361s][info][gc] GC(302) Concurrent cleanup 3740M->288M(4532M) 0.067ms
[869.864s][info][gc] Trigger: Average GC time (232.79 ms) is above the time for average allocation rate (2172 MB/s) to deplete free headroom (505M) (margin of error = 2.56)
[869.868s][info][gc] GC(303) Concurrent reset 3.865ms
[869.869s][info][gc] GC(303) Pause Init Mark (unload classes) 0.037ms
[869.870s][info][gc] GC(303) Concurrent marking roots 0.880ms
[869.921s][info][gc] GC(303) Concurrent marking (unload classes) 50.784ms
[869.921s][info][gc] GC(303) Pause Final Mark (unload classes) 0.211ms
[869.923s][info][gc] GC(303) Concurrent thread roots 1.898ms
[869.923s][info][gc] GC(303) Concurrent weak references 0.014ms
[869.934s][info][gc] GC(303) Concurrent weak roots 10.984ms
[869.934s][info][gc] GC(303) Concurrent cleanup 3788M->3788M(4532M) 0.026ms
[869.944s][info][gc] GC(303) Concurrent class unloading 9.082ms
[869.944s][info][gc] GC(303) Concurrent strong roots 0.064ms
[869.962s][info][gc] GC(303) Concurrent evacuation 17.876ms
[869.962s][info][gc] GC(303) Pause Init Update Refs 0.007ms
[870.006s][info][gc] GC(303) Concurrent update references 44.235ms
[870.006s][info][gc] GC(303) Concurrent update thread roots 0.282ms
[870.007s][info][gc] GC(303) Pause Final Update Refs 0.040ms
[870.007s][info][gc] GC(303) Concurrent cleanup 3942M->380M(4532M) 0.213ms
[871.463s][info][gc] Trigger: Average GC time (217.97 ms) is above the time for average allocation rate (2189 MB/s) to deplete free headroom (473M) (margin of error = 2.56)
[871.467s][info][gc] GC(304) Concurrent reset 3.923ms
[871.468s][info][gc] GC(304) Pause Init Mark (unload classes) 0.034ms
[871.469s][info][gc] GC(304) Concurrent marking roots 1.099ms
[871.520s][info][gc] GC(304) Concurrent marking (unload classes) 51.237ms
[871.521s][info][gc] GC(304) Pause Final Mark (unload classes) 0.240ms
[871.522s][info][gc] GC(304) Concurrent thread roots 1.566ms
[871.522s][info][gc] GC(304) Concurrent weak references 0.020ms
[871.527s][info][gc] GC(304) Concurrent weak roots 4.271ms
[871.527s][info][gc] GC(304) Concurrent cleanup 3780M->3780M(4532M) 0.015ms
[871.535s][info][gc] GC(304) Concurrent class unloading 8.613ms
[871.536s][info][gc] GC(304) Concurrent strong roots 0.096ms
[871.556s][info][gc] GC(304) Concurrent evacuation 20.125ms
[871.556s][info][gc] GC(304) Pause Init Update Refs 0.010ms
[871.602s][info][gc] GC(304) Concurrent update references 45.793ms
[871.603s][info][gc] GC(304) Concurrent update thread roots 0.496ms
[871.603s][info][gc] GC(304) Pause Final Update Refs 0.052ms
[871.603s][info][gc] GC(304) Concurrent cleanup 3956M->390M(4532M) 0.072ms
[873.186s][info][gc] Trigger: Average GC time (198.54 ms) is above the time for average allocation rate (1885 MB/s) to deplete free headroom (373M) (margin of error = 2.56)
[873.192s][info][gc] GC(305) Concurrent reset 4.703ms
[873.192s][info][gc] GC(305) Pause Init Mark (unload classes) 0.027ms
[873.194s][info][gc] GC(305) Concurrent marking roots 1.724ms
[873.220s][info][gc] GC(305) Concurrent marking (unload classes) 26.421ms
[873.220s][info][gc] GC(305) Pause Final Mark (unload classes) 0.177ms
[873.221s][info][gc] GC(305) Concurrent thread roots 0.772ms
[873.221s][info][gc] GC(305) Concurrent weak references 0.013ms
[873.225s][info][gc] GC(305) Concurrent weak roots 3.382ms
[873.225s][info][gc] GC(305) Concurrent cleanup 3808M->2794M(4532M) 0.022ms
[873.226s][info][gc] GC(305) Concurrent class unloading 1.428ms
[873.226s][info][gc] GC(305) Concurrent strong roots 0.037ms
[873.243s][info][gc] GC(305) Concurrent evacuation 16.640ms
[873.243s][info][gc] GC(305) Pause Init Update Refs 0.005ms
[873.257s][info][gc] GC(305) Concurrent update references 14.067ms
[873.257s][info][gc] GC(305) Concurrent update thread roots 0.261ms
[873.258s][info][gc] GC(305) Pause Final Update Refs 0.046ms
[873.258s][info][gc] GC(305) Concurrent cleanup 2898M->160M(4532M) 0.057ms
[876.582s][info][gc] Trigger: Free (457M) is below minimum threshold (460M)
[876.584s][info][gc] GC(306) Concurrent reset 1.991ms
[876.585s][info][gc] GC(306) Pause Init Mark (unload classes) 0.024ms
[876.585s][info][gc] GC(306) Concurrent marking roots 0.491ms
[876.626s][info][gc] GC(306) Concurrent marking (unload classes) 41.131ms
[876.627s][info][gc] GC(306) Pause Final Mark (unload classes) 0.217ms
[876.628s][info][gc] GC(306) Concurrent thread roots 0.954ms
[876.628s][info][gc] GC(306) Concurrent weak references 0.009ms
[876.631s][info][gc] GC(306) Concurrent weak roots 3.384ms
[876.631s][info][gc] GC(306) Concurrent cleanup 3960M->3960M(4532M) 0.012ms
[876.634s][info][gc] GC(306) Concurrent class unloading 3.097ms
[876.634s][info][gc] GC(306) Concurrent strong roots 0.044ms
[876.648s][info][gc] GC(306) Concurrent evacuation 13.937ms
[876.649s][info][gc] GC(306) Pause Init Update Refs 0.006ms
[876.675s][info][gc] GC(306) Concurrent update references 25.936ms
[876.675s][info][gc] GC(306) Concurrent update thread roots 0.254ms
[876.675s][info][gc] GC(306) Pause Final Update Refs 0.042ms
[876.675s][info][gc] GC(306) Concurrent cleanup 4036M->206M(4532M) 0.077ms
[879.967s][info][gc] Trigger: Free (459M) is below minimum threshold (460M)
[879.969s][info][gc] GC(307) Concurrent reset 2.802ms
[879.970s][info][gc] GC(307) Pause Init Mark (unload classes) 0.027ms
[879.970s][info][gc] GC(307) Concurrent marking roots 0.452ms
[880.019s][info][gc] GC(307) Concurrent marking (unload classes) 48.598ms
[880.019s][info][gc] GC(307) Pause Final Mark (unload classes) 0.241ms
[880.020s][info][gc] GC(307) Concurrent thread roots 0.362ms
[880.020s][info][gc] GC(307) Concurrent weak references 0.013ms
[880.027s][info][gc] GC(307) Concurrent weak roots 6.959ms
[880.027s][info][gc] GC(307) Concurrent cleanup 3984M->3984M(4532M) 0.010ms
[880.029s][info][gc] GC(307) Concurrent class unloading 2.644ms
[880.029s][info][gc] GC(307) Concurrent strong roots 0.059ms
[880.044s][info][gc] GC(307) Concurrent evacuation 14.470ms
[880.044s][info][gc] GC(307) Pause Init Update Refs 0.006ms
[880.079s][info][gc] GC(307) Concurrent update references 35.041ms
[880.080s][info][gc] GC(307) Concurrent update thread roots 0.325ms
[880.080s][info][gc] GC(307) Pause Final Update Refs 0.048ms
[880.080s][info][gc] GC(307) Concurrent cleanup 4062M->260M(4532M) 0.090ms
[888.421s][info][gc] Trigger: Free (460M) is below minimum threshold (460M)
[888.424s][info][gc] GC(308) Concurrent reset 2.720ms
[888.424s][info][gc] GC(308) Pause Init Mark (unload classes) 0.024ms
[888.425s][info][gc] GC(308) Concurrent marking roots 0.556ms
[888.448s][info][gc] GC(308) Concurrent marking (unload classes) 23.768ms
[888.449s][info][gc] GC(308) Pause Final Mark (unload classes) 0.199ms
[888.449s][info][gc] GC(308) Concurrent thread roots 0.387ms
[888.449s][info][gc] GC(308) Concurrent weak references 0.015ms
[888.455s][info][gc] GC(308) Concurrent weak roots 5.309ms
[888.455s][info][gc] GC(308) Concurrent cleanup 3925M->3661M(4532M) 0.009ms
[888.456s][info][gc] GC(308) Concurrent class unloading 1.661ms
[888.456s][info][gc] GC(308) Concurrent strong roots 0.035ms
[888.468s][info][gc] GC(308) Concurrent evacuation 12.078ms
[888.469s][info][gc] GC(308) Pause Init Update Refs 0.005ms
[888.479s][info][gc] GC(308) Concurrent update references 10.652ms
[888.480s][info][gc] GC(308) Concurrent update thread roots 0.242ms
[888.480s][info][gc] GC(308) Pause Final Update Refs 0.040ms
[888.480s][info][gc] GC(308) Concurrent cleanup 3697M->72M(4532M) 0.070ms
[898.312s][info][gc] Trigger: Free (459M) is below minimum threshold (460M)
[898.315s][info][gc] GC(309) Concurrent reset 2.562ms
[898.315s][info][gc] GC(309) Pause Init Mark (unload classes) 0.024ms
[898.316s][info][gc] GC(309) Concurrent marking roots 0.579ms
[898.331s][info][gc] GC(309) Concurrent marking (unload classes) 14.844ms
[898.331s][info][gc] GC(309) Pause Final Mark (unload classes) 0.165ms
[898.331s][info][gc] GC(309) Concurrent thread roots 0.528ms
[898.331s][info][gc] GC(309) Concurrent weak references 0.022ms
[898.335s][info][gc] GC(309) Concurrent weak roots 3.597ms
[898.335s][info][gc] GC(309) Concurrent cleanup 3926M->1854M(4532M) 0.041ms
[898.336s][info][gc] GC(309) Concurrent class unloading 1.276ms
[898.336s][info][gc] GC(309) Concurrent strong roots 0.033ms
[898.343s][info][gc] GC(309) Concurrent evacuation 6.913ms
[898.344s][info][gc] GC(309) Pause Init Update Refs 0.006ms
[898.350s][info][gc] GC(309) Concurrent update references 6.253ms
[898.350s][info][gc] GC(309) Concurrent update thread roots 0.237ms
[898.350s][info][gc] GC(309) Pause Final Update Refs 0.034ms
[898.350s][info][gc] GC(309) Concurrent cleanup 1880M->60M(4532M) 0.038ms
[908.252s][info][gc] Trigger: Free (459M) is below minimum threshold (460M)
[908.254s][info][gc] GC(310) Concurrent reset 1.436ms
[908.254s][info][gc] GC(310) Pause Init Mark (unload classes) 0.025ms
[908.255s][info][gc] GC(310) Concurrent marking roots 0.551ms
[908.261s][info][gc] GC(310) Concurrent marking (unload classes) 5.928ms
[908.261s][info][gc] GC(310) Pause Final Mark (unload classes) 0.098ms
[908.261s][info][gc] GC(310) Concurrent thread roots 0.558ms
[908.262s][info][gc] GC(310) Concurrent weak references 0.013ms
[908.265s][info][gc] GC(310) Concurrent weak roots 3.799ms
[908.265s][info][gc] GC(310) Concurrent cleanup 3920M->504M(4532M) 0.064ms
[908.267s][info][gc] GC(310) Concurrent class unloading 1.358ms
[908.267s][info][gc] GC(310) Concurrent strong roots 0.033ms
[908.269s][info][gc] GC(310) Concurrent evacuation 1.965ms
[908.269s][info][gc] GC(310) Pause Init Update Refs 0.006ms
[908.271s][info][gc] GC(310) Concurrent update references 2.089ms
[908.271s][info][gc] GC(310) Concurrent update thread roots 0.164ms
[908.271s][info][gc] GC(310) Pause Final Update Refs 0.031ms
[908.271s][info][gc] GC(310) Concurrent cleanup 514M->38M(4532M) 0.014ms
[918.118s][info][gc] Trigger: Free (459M) is below minimum threshold (460M)
[918.119s][info][gc] GC(311) Concurrent reset 0.383ms
[918.119s][info][gc] GC(311) Pause Init Mark (unload classes) 0.025ms
[918.120s][info][gc] GC(311) Concurrent marking roots 0.263ms
[918.146s][info][gc] GC(311) Concurrent marking (unload classes) 26.729ms
[918.147s][info][gc] GC(311) Pause Final Mark (unload classes) 0.198ms
[918.147s][info][gc] GC(311) Concurrent thread roots 0.720ms
[918.147s][info][gc] GC(311) Concurrent weak references 0.015ms
[918.150s][info][gc] GC(311) Concurrent weak roots 2.223ms
[918.150s][info][gc] GC(311) Concurrent cleanup 3928M->3928M(4532M) 0.008ms
[918.151s][info][gc] GC(311) Concurrent class unloading 1.120ms
[918.151s][info][gc] GC(311) Concurrent strong roots 0.030ms
[918.165s][info][gc] GC(311) Concurrent evacuation 13.857ms
[918.165s][info][gc] GC(311) Pause Init Update Refs 0.005ms
[918.177s][info][gc] GC(311) Concurrent update references 12.319ms
[918.177s][info][gc] GC(311) Concurrent update thread roots 0.241ms
[918.178s][info][gc] GC(311) Pause Final Update Refs 0.060ms
[918.178s][info][gc] GC(311) Concurrent cleanup 3974M->86M(4532M) 0.078ms
[928.383s][info][gc] Trigger: Free (459M) is below minimum threshold (460M)
[928.388s][info][gc] GC(312) Concurrent reset 4.789ms
[928.389s][info][gc] GC(312) Pause Init Mark (unload classes) 0.041ms
[928.389s][info][gc] GC(312) Concurrent marking roots 0.611ms
[928.426s][info][gc] GC(312) Concurrent marking (unload classes) 36.273ms
[928.426s][info][gc] GC(312) Pause Final Mark (unload classes) 0.204ms
[928.428s][info][gc] GC(312) Concurrent thread roots 1.686ms
[928.428s][info][gc] GC(312) Concurrent weak references 0.035ms
[928.433s][info][gc] GC(312) Concurrent weak roots 4.706ms
[928.433s][info][gc] GC(312) Concurrent cleanup 3932M->2982M(4532M) 0.025ms
[928.434s][info][gc] GC(312) Concurrent class unloading 1.786ms
[928.435s][info][gc] GC(312) Concurrent strong roots 0.070ms
[928.455s][info][gc] GC(312) Concurrent evacuation 19.990ms
[928.455s][info][gc] GC(312) Pause Init Update Refs 0.005ms
[928.466s][info][gc] GC(312) Concurrent update references 11.552ms
[928.467s][info][gc] GC(312) Concurrent update thread roots 0.224ms
[928.467s][info][gc] GC(312) Pause Final Update Refs 0.075ms
[928.467s][info][gc] GC(312) Concurrent cleanup 3014M->72M(4532M) 0.058ms
[938.563s][info][gc] Trigger: Free (459M) is below minimum threshold (460M)
[938.566s][info][gc] GC(313) Concurrent reset 2.092ms
[938.566s][info][gc] GC(313) Pause Init Mark (unload classes) 0.025ms
[938.566s][info][gc] GC(313) Concurrent marking roots 0.492ms
[938.579s][info][gc] GC(313) Concurrent marking (unload classes) 13.044ms
[938.580s][info][gc] GC(313) Pause Final Mark (unload classes) 0.143ms
[938.580s][info][gc] GC(313) Concurrent thread roots 0.547ms
[938.580s][info][gc] GC(313) Concurrent weak references 0.014ms
[938.584s][info][gc] GC(313) Concurrent weak roots 3.988ms
[938.584s][info][gc] GC(313) Concurrent cleanup 3922M->1596M(4532M) 0.046ms
[938.586s][info][gc] GC(313) Concurrent class unloading 1.613ms
[938.586s][info][gc] GC(313) Concurrent strong roots 0.036ms
[938.593s][info][gc] GC(313) Concurrent evacuation 6.387ms
[938.593s][info][gc] GC(313) Pause Init Update Refs 0.006ms
[938.598s][info][gc] GC(313) Concurrent update references 5.176ms
[938.598s][info][gc] GC(313) Concurrent update thread roots 0.251ms
[938.598s][info][gc] GC(313) Pause Final Update Refs 0.035ms
[938.599s][info][gc] GC(313) Concurrent cleanup 1618M->52M(4532M) 0.033ms
[948.524s][info][gc] Trigger: Free (459M) is below minimum threshold (460M)
[948.525s][info][gc] GC(314) Concurrent reset 1.153ms
[948.526s][info][gc] GC(314) Pause Init Mark (unload classes) 0.023ms
[948.526s][info][gc] GC(314) Concurrent marking roots 0.659ms
[948.530s][info][gc] GC(314) Concurrent marking (unload classes) 4.189ms
[948.531s][info][gc] GC(314) Pause Final Mark (unload classes) 0.077ms
[948.531s][info][gc] GC(314) Concurrent weak references 0.013ms
[948.534s][info][gc] GC(314) Concurrent weak roots 3.558ms
[948.534s][info][gc] GC(314) Concurrent cleanup 3918M->238M(4532M) 0.066ms
[948.536s][info][gc] GC(314) Concurrent class unloading 1.739ms
[948.536s][info][gc] GC(314) Pause Final Roots 0.001ms
[957.882s][info][gc] Trigger: Free (459M) is below minimum threshold (460M)
[957.883s][info][gc] GC(315) Concurrent reset 0.235ms
[957.883s][info][gc] GC(315) Pause Init Mark (unload classes) 0.024ms
[957.884s][info][gc] GC(315) Concurrent marking roots 0.583ms
[957.919s][info][gc] GC(315) Concurrent marking (unload classes) 35.050ms
[957.919s][info][gc] GC(315) Pause Final Mark (unload classes) 0.214ms
[957.920s][info][gc] GC(315) Concurrent thread roots 0.235ms
[957.920s][info][gc] GC(315) Concurrent weak references 0.015ms
[957.922s][info][gc] GC(315) Concurrent weak roots 2.141ms
[957.922s][info][gc] GC(315) Concurrent cleanup 3934M->3934M(4532M) 0.012ms
[957.923s][info][gc] GC(315) Concurrent class unloading 1.026ms
[957.923s][info][gc] GC(315) Concurrent strong roots 0.032ms
[957.937s][info][gc] GC(315) Concurrent evacuation 14.174ms
[957.937s][info][gc] GC(315) Pause Init Update Refs 0.006ms
[957.950s][info][gc] GC(315) Concurrent update references 12.405ms
[957.950s][info][gc] GC(315) Concurrent update thread roots 0.225ms
[957.950s][info][gc] GC(315) Pause Final Update Refs 0.039ms
[957.950s][info][gc] GC(315) Concurrent cleanup 3976M->84M(4532M) 0.074ms
[967.757s][info][gc] Trigger: Free (459M) is below minimum threshold (460M)
[967.761s][info][gc] GC(316) Concurrent reset 2.710ms
[967.761s][info][gc] GC(316) Pause Init Mark (unload classes) 0.024ms
[967.762s][info][gc] GC(316) Concurrent marking roots 0.687ms
[967.780s][info][gc] GC(316) Concurrent marking (unload classes) 18.547ms
[967.781s][info][gc] GC(316) Pause Final Mark (unload classes) 0.164ms
[967.781s][info][gc] GC(316) Concurrent thread roots 0.575ms
[967.781s][info][gc] GC(316) Concurrent weak references 0.016ms
[967.785s][info][gc] GC(316) Concurrent weak roots 3.641ms
[967.785s][info][gc] GC(316) Concurrent cleanup 3928M->2546M(4532M) 0.028ms
[967.786s][info][gc] GC(316) Concurrent class unloading 1.128ms
[967.786s][info][gc] GC(316) Concurrent strong roots 0.029ms
[967.796s][info][gc] GC(316) Concurrent evacuation 9.460ms
[967.796s][info][gc] GC(316) Pause Init Update Refs 0.007ms
[967.805s][info][gc] GC(316) Concurrent update references 8.843ms
[967.805s][info][gc] GC(316) Concurrent update thread roots 0.224ms
[967.805s][info][gc] GC(316) Pause Final Update Refs 0.034ms
[967.805s][info][gc] GC(316) Concurrent cleanup 2576M->66M(4532M) 0.049ms
[977.683s][info][gc] Trigger: Free (459M) is below minimum threshold (460M)
[977.685s][info][gc] GC(317) Concurrent reset 1.793ms
[977.685s][info][gc] GC(317) Pause Init Mark (unload classes) 0.020ms
[977.686s][info][gc] GC(317) Concurrent marking roots 0.628ms
[977.696s][info][gc] GC(317) Concurrent marking (unload classes) 10.169ms
[977.697s][info][gc] GC(317) Pause Final Mark (unload classes) 0.117ms
[977.697s][info][gc] GC(317) Concurrent thread roots 0.562ms
[977.697s][info][gc] GC(317) Concurrent weak references 0.015ms
[977.701s][info][gc] GC(317) Concurrent weak roots 3.718ms
[977.701s][info][gc] GC(317) Concurrent cleanup 3920M->1158M(4532M) 0.054ms
[977.702s][info][gc] GC(317) Concurrent class unloading 1.057ms
[977.702s][info][gc] GC(317) Concurrent strong roots 0.034ms
[977.707s][info][gc] GC(317) Concurrent evacuation 4.360ms
[977.707s][info][gc] GC(317) Pause Init Update Refs 0.007ms
[977.711s][info][gc] GC(317) Concurrent update references 3.808ms
[977.711s][info][gc] GC(317) Concurrent update thread roots 0.206ms
[977.711s][info][gc] GC(317) Pause Final Update Refs 0.033ms
[977.711s][info][gc] GC(317) Concurrent cleanup 1176M->46M(4532M) 0.026ms
[987.515s][info][gc] Trigger: Free (459M) is below minimum threshold (460M)
[987.516s][info][gc] GC(318) Concurrent reset 0.839ms
[987.516s][info][gc] GC(318) Pause Init Mark (unload classes) 0.024ms
[987.517s][info][gc] GC(318) Concurrent marking roots 0.638ms
[987.546s][info][gc] GC(318) Concurrent marking (unload classes) 29.190ms
[987.546s][info][gc] GC(318) Pause Final Mark (unload classes) 0.212ms
[987.547s][info][gc] GC(318) Concurrent thread roots 0.572ms
[987.547s][info][gc] GC(318) Concurrent weak references 0.016ms
[987.549s][info][gc] GC(318) Concurrent weak roots 1.718ms
[987.549s][info][gc] GC(318) Concurrent cleanup 3928M->3928M(4532M) 0.010ms
[987.550s][info][gc] GC(318) Concurrent class unloading 1.219ms
[987.550s][info][gc] GC(318) Concurrent strong roots 0.032ms
[987.564s][info][gc] GC(318) Concurrent evacuation 13.728ms
[987.564s][info][gc] GC(318) Pause Init Update Refs 0.006ms
[987.578s][info][gc] GC(318) Concurrent update references 13.841ms
[987.578s][info][gc] GC(318) Concurrent update thread roots 0.214ms
[987.578s][info][gc] GC(318) Pause Final Update Refs 0.041ms
[987.578s][info][gc] GC(318) Concurrent cleanup 3972M->90M(4532M) 0.078ms
[997.353s][info][gc] Trigger: Free (459M) is below minimum threshold (460M)
[997.356s][info][gc] GC(319) Concurrent reset 2.704ms
[997.356s][info][gc] GC(319) Pause Init Mark (unload classes) 0.026ms
[997.357s][info][gc] GC(319) Concurrent marking roots 0.880ms
[997.383s][info][gc] GC(319) Concurrent marking (unload classes) 25.950ms
[997.384s][info][gc] GC(319) Pause Final Mark (unload classes) 0.204ms
[997.384s][info][gc] GC(319) Concurrent thread roots 0.247ms
[997.384s][info][gc] GC(319) Concurrent weak references 0.015ms
[997.388s][info][gc] GC(319) Concurrent weak roots 3.839ms
[997.388s][info][gc] GC(319) Concurrent cleanup 3932M->3656M(4532M) 0.012ms
[997.389s][info][gc] GC(319) Concurrent class unloading 1.294ms
[997.389s][info][gc] GC(319) Concurrent strong roots 0.030ms
[997.402s][info][gc] GC(319) Concurrent evacuation 12.823ms
[997.402s][info][gc] GC(319) Pause Init Update Refs 0.007ms
[997.413s][info][gc] GC(319) Concurrent update references 11.233ms
[997.414s][info][gc] GC(319) Concurrent update thread roots 0.160ms
[997.414s][info][gc] GC(319) Pause Final Update Refs 0.038ms
[997.414s][info][gc] GC(319) Concurrent cleanup 3700M->82M(4532M) 0.069ms
[1007.325s][info][gc] Trigger: Free (459M) is below minimum threshold (460M)
[1007.327s][info][gc] GC(320) Concurrent reset 2.536ms
[1007.327s][info][gc] GC(320) Pause Init Mark (unload classes) 0.027ms
[1007.328s][info][gc] GC(320) Concurrent marking roots 0.747ms
[1007.346s][info][gc] GC(320) Concurrent marking (unload classes) 17.405ms
[1007.346s][info][gc] GC(320) Pause Final Mark (unload classes) 0.150ms
[1007.346s][info][gc] GC(320) Concurrent thread roots 0.431ms
[1007.346s][info][gc] GC(320) Concurrent weak references 0.015ms
[1007.350s][info][gc] GC(320) Concurrent weak roots 3.965ms
[1007.350s][info][gc] GC(320) Concurrent cleanup 3922M->2260M(4532M) 0.037ms
[1007.352s][info][gc] GC(320) Concurrent class unloading 1.156ms
[1007.352s][info][gc] GC(320) Concurrent strong roots 0.035ms
[1007.360s][info][gc] GC(320) Concurrent evacuation 8.229ms
[1007.360s][info][gc] GC(320) Pause Init Update Refs 0.006ms
[1007.367s][info][gc] GC(320) Concurrent update references 6.838ms
[1007.367s][info][gc] GC(320) Concurrent update thread roots 0.230ms
[1007.367s][info][gc] GC(320) Pause Final Update Refs 0.037ms
[1007.367s][info][gc] GC(320) Concurrent cleanup 2290M->58M(4532M) 0.045ms
[1015.661s][info][gc] Trigger: Free (459M) is below minimum threshold (460M)
[1015.664s][info][gc] GC(321) Concurrent reset 1.776ms
[1015.664s][info][gc] GC(321) Pause Init Mark (unload classes) 0.019ms
[1015.666s][info][gc] GC(321) Concurrent marking roots 2.382ms
[1015.676s][info][gc] GC(321) Concurrent marking (unload classes) 9.562ms
[1015.676s][info][gc] GC(321) Pause Final Mark (unload classes) 0.123ms
[1015.677s][info][gc] GC(321) Concurrent thread roots 1.124ms
[1015.677s][info][gc] GC(321) Concurrent weak references 0.017ms
[1015.689s][info][gc] GC(321) Concurrent weak roots 11.188ms
[1015.689s][info][gc] GC(321) Concurrent cleanup 3942M->898M(4532M) 0.061ms
[1015.693s][info][gc] GC(321) Concurrent class unloading 4.546ms
[1015.693s][info][gc] GC(321) Concurrent strong roots 0.047ms
[1015.698s][info][gc] GC(321) Concurrent evacuation 4.915ms
[1015.699s][info][gc] GC(321) Pause Init Update Refs 0.007ms
[1015.705s][info][gc] GC(321) Concurrent update references 6.349ms
[1015.705s][info][gc] GC(321) Concurrent update thread roots 0.294ms
[1015.705s][info][gc] GC(321) Pause Final Update Refs 0.033ms
[1015.705s][info][gc] GC(321) Concurrent cleanup 924M->72M(4532M) 0.024ms
[1018.223s][info][gc] Trigger: Free (457M) is below minimum threshold (460M)
[1018.224s][info][gc] GC(322) Concurrent reset 0.720ms
[1018.224s][info][gc] GC(322) Pause Init Mark (unload classes) 0.029ms
[1018.226s][info][gc] GC(322) Concurrent marking roots 1.724ms
[1018.257s][info][gc] GC(322) Concurrent marking (unload classes) 31.289ms
[1018.258s][info][gc] GC(322) Pause Final Mark (unload classes) 0.204ms
[1018.258s][info][gc] GC(322) Concurrent thread roots 0.567ms
[1018.258s][info][gc] GC(322) Concurrent weak references 0.012ms
[1018.263s][info][gc] GC(322) Concurrent weak roots 4.371ms
[1018.263s][info][gc] GC(322) Concurrent cleanup 3976M->3976M(4532M) 0.006ms
[1018.265s][info][gc] GC(322) Concurrent class unloading 2.313ms
[1018.265s][info][gc] GC(322) Concurrent strong roots 0.035ms
[1018.283s][info][gc] GC(322) Concurrent evacuation 18.448ms
[1018.284s][info][gc] GC(322) Pause Init Update Refs 0.007ms
[1018.304s][info][gc] GC(322) Concurrent update references 20.439ms
[1018.305s][info][gc] GC(322) Concurrent update thread roots 0.294ms
[1018.305s][info][gc] GC(322) Pause Final Update Refs 0.040ms
[1018.305s][info][gc] GC(322) Concurrent cleanup 4066M->176M(4532M) 0.075ms
[1020.795s][info][gc] Trigger: Free (457M) is below minimum threshold (460M)
[1020.798s][info][gc] GC(323) Concurrent reset 3.399ms
[1020.798s][info][gc] GC(323) Pause Init Mark (unload classes) 0.031ms
[1020.799s][info][gc] GC(323) Concurrent marking roots 0.667ms
[1020.837s][info][gc] GC(323) Concurrent marking (unload classes) 38.058ms
[1020.838s][info][gc] GC(323) Pause Final Mark (unload classes) 0.221ms
[1020.840s][info][gc] GC(323) Concurrent thread roots 2.207ms
[1020.840s][info][gc] GC(323) Concurrent weak references 0.019ms
[1020.842s][info][gc] GC(323) Concurrent weak roots 1.942ms
[1020.842s][info][gc] GC(323) Concurrent cleanup 3970M->3970M(4532M) 0.012ms
[1020.844s][info][gc] GC(323) Concurrent class unloading 2.199ms
[1020.844s][info][gc] GC(323) Concurrent strong roots 0.049ms
[1020.866s][info][gc] GC(323) Concurrent evacuation 21.369ms
[1020.866s][info][gc] GC(323) Pause Init Update Refs 0.008ms
[1020.891s][info][gc] GC(323) Concurrent update references 25.570ms
[1020.892s][info][gc] GC(323) Concurrent update thread roots 0.298ms
[1020.892s][info][gc] GC(323) Pause Final Update Refs 0.039ms
[1020.892s][info][gc] GC(323) Concurrent cleanup 4066M->202M(4532M) 0.077ms
[1023.453s][info][gc] Trigger: Free (459M) is below minimum threshold (460M)
[1023.456s][info][gc] GC(324) Concurrent reset 3.091ms
[1023.456s][info][gc] GC(324) Pause Init Mark (unload classes) 0.029ms
[1023.459s][info][gc] GC(324) Concurrent marking roots 2.745ms
[1023.476s][info][gc] GC(324) Concurrent marking (unload classes) 16.880ms
[1023.476s][info][gc] GC(324) Pause Final Mark (unload classes) 0.144ms
[1023.477s][info][gc] GC(324) Concurrent thread roots 0.224ms
[1023.477s][info][gc] GC(324) Concurrent weak references 0.013ms
[1023.486s][info][gc] GC(324) Concurrent weak roots 9.239ms
[1023.486s][info][gc] GC(324) Concurrent cleanup 3944M->1976M(4532M) 0.044ms
[1023.489s][info][gc] GC(324) Concurrent class unloading 3.025ms
[1023.489s][info][gc] GC(324) Concurrent strong roots 0.044ms
[1023.498s][info][gc] GC(324) Concurrent evacuation 9.273ms
[1023.499s][info][gc] GC(324) Pause Init Update Refs 0.007ms
[1023.508s][info][gc] GC(324) Concurrent update references 9.700ms
[1023.509s][info][gc] GC(324) Concurrent update thread roots 0.277ms
[1023.509s][info][gc] GC(324) Pause Final Update Refs 0.036ms
[1023.509s][info][gc] GC(324) Concurrent cleanup 2018M->90M(4532M) 0.042ms
[1026.040s][info][gc] Trigger: Free (457M) is below minimum threshold (460M)
[1026.042s][info][gc] GC(325) Concurrent reset 1.840ms
[1026.042s][info][gc] GC(325) Pause Init Mark (unload classes) 0.035ms
[1026.043s][info][gc] GC(325) Concurrent marking roots 0.916ms
[1026.074s][info][gc] GC(325) Concurrent marking (unload classes) 30.700ms
[1026.075s][info][gc] GC(325) Pause Final Mark (unload classes) 0.222ms
[1026.075s][info][gc] GC(325) Concurrent thread roots 0.730ms
[1026.075s][info][gc] GC(325) Concurrent weak references 0.013ms
[1026.079s][info][gc] GC(325) Concurrent weak roots 3.409ms
[1026.079s][info][gc] GC(325) Concurrent cleanup 3974M->3972M(4532M) 0.008ms
[1026.081s][info][gc] GC(325) Concurrent class unloading 1.905ms
[1026.081s][info][gc] GC(325) Concurrent strong roots 0.040ms
[1026.097s][info][gc] GC(325) Concurrent evacuation 16.611ms
[1026.098s][info][gc] GC(325) Pause Init Update Refs 0.005ms
[1026.121s][info][gc] GC(325) Concurrent update references 23.240ms
[1026.121s][info][gc] GC(325) Concurrent update thread roots 0.304ms
[1026.121s][info][gc] GC(325) Pause Final Update Refs 0.043ms
[1026.122s][info][gc] GC(325) Concurrent cleanup 4068M->190M(4532M) 0.075ms
[1028.584s][info][gc] Trigger: Free (457M) is below minimum threshold (460M)
[1028.587s][info][gc] GC(326) Concurrent reset 3.267ms
[1028.587s][info][gc] GC(326) Pause Init Mark (unload classes) 0.031ms
[1028.588s][info][gc] GC(326) Concurrent marking roots 0.499ms
[1028.627s][info][gc] GC(326) Concurrent marking (unload classes) 39.109ms
[1028.627s][info][gc] GC(326) Pause Final Mark (unload classes) 0.206ms
[1028.630s][info][gc] GC(326) Concurrent thread roots 2.269ms
[1028.630s][info][gc] GC(326) Concurrent weak references 0.013ms
[1028.635s][info][gc] GC(326) Concurrent weak roots 5.175ms
[1028.635s][info][gc] GC(326) Concurrent cleanup 3983M->3983M(4532M) 0.011ms
[1028.638s][info][gc] GC(326) Concurrent class unloading 2.741ms
[1028.638s][info][gc] GC(326) Concurrent strong roots 0.040ms
[1028.654s][info][gc] GC(326) Concurrent evacuation 16.431ms
[1028.655s][info][gc] GC(326) Pause Init Update Refs 0.006ms
[1028.679s][info][gc] GC(326) Concurrent update references 23.956ms
[1028.679s][info][gc] GC(326) Concurrent update thread roots 0.292ms
[1028.679s][info][gc] GC(326) Pause Final Update Refs 0.050ms
[1028.679s][info][gc] GC(326) Concurrent cleanup 4061M->206M(4532M) 0.076ms
[1031.230s][info][gc] Trigger: Free (457M) is below minimum threshold (460M)
[1031.235s][info][gc] GC(327) Concurrent reset 4.623ms
[1031.236s][info][gc] GC(327) Pause Init Mark (unload classes) 0.028ms
[1031.239s][info][gc] GC(327) Concurrent marking roots 3.164ms
[1031.267s][info][gc] GC(327) Concurrent marking (unload classes) 28.140ms
[1031.267s][info][gc] GC(327) Pause Final Mark (unload classes) 0.172ms
[1031.268s][info][gc] GC(327) Concurrent thread roots 1.089ms
[1031.269s][info][gc] GC(327) Concurrent weak references 0.027ms
[1031.275s][info][gc] GC(327) Concurrent weak roots 6.353ms
[1031.275s][info][gc] GC(327) Concurrent cleanup 3968M->3004M(4532M) 0.023ms
[1031.277s][info][gc] GC(327) Concurrent class unloading 1.598ms
[1031.277s][info][gc] GC(327) Concurrent strong roots 0.049ms
[1031.288s][info][gc] GC(327) Concurrent evacuation 11.621ms
[1031.289s][info][gc] GC(327) Pause Init Update Refs 0.007ms
[1031.304s][info][gc] GC(327) Concurrent update references 15.105ms
[1031.304s][info][gc] GC(327) Concurrent update thread roots 0.291ms
[1031.304s][info][gc] GC(327) Pause Final Update Refs 0.042ms
[1031.304s][info][gc] GC(327) Concurrent cleanup 3052M->114M(4532M) 0.062ms
[1033.800s][info][gc] Trigger: Free (459M) is below minimum threshold (460M)
[1033.802s][info][gc] GC(328) Concurrent reset 2.328ms
[1033.803s][info][gc] GC(328) Pause Init Mark (unload classes) 0.029ms
[1033.805s][info][gc] GC(328) Concurrent marking roots 2.225ms
[1033.839s][info][gc] GC(328) Concurrent marking (unload classes) 34.021ms
[1033.839s][info][gc] GC(328) Pause Final Mark (unload classes) 0.212ms
[1033.840s][info][gc] GC(328) Concurrent thread roots 0.938ms
[1033.840s][info][gc] GC(328) Concurrent weak references 0.011ms
[1033.843s][info][gc] GC(328) Concurrent weak roots 2.992ms
[1033.843s][info][gc] GC(328) Concurrent cleanup 3976M->3976M(4532M) 0.007ms
[1033.846s][info][gc] GC(328) Concurrent class unloading 2.263ms
[1033.846s][info][gc] GC(328) Concurrent strong roots 0.040ms
[1033.862s][info][gc] GC(328) Concurrent evacuation 16.394ms
[1033.862s][info][gc] GC(328) Pause Init Update Refs 0.011ms
[1033.886s][info][gc] GC(328) Concurrent update references 23.796ms
[1033.886s][info][gc] GC(328) Concurrent update thread roots 0.289ms
[1033.887s][info][gc] GC(328) Pause Final Update Refs 0.041ms
[1033.887s][info][gc] GC(328) Concurrent cleanup 4072M->198M(4532M) 0.076ms
[1036.470s][info][gc] Trigger: Free (459M) is below minimum threshold (460M)
[1036.473s][info][gc] GC(329) Concurrent reset 3.139ms
[1036.474s][info][gc] GC(329) Pause Init Mark (unload classes) 0.023ms
[1036.476s][info][gc] GC(329) Concurrent marking roots 2.903ms
[1036.481s][info][gc] GC(329) Concurrent marking (unload classes) 4.819ms
[1036.482s][info][gc] GC(329) Pause Final Mark (unload classes) 0.094ms
[1036.482s][info][gc] GC(329) Concurrent weak references 0.024ms
[1036.490s][info][gc] GC(329) Concurrent weak roots 8.266ms
[1036.490s][info][gc] GC(329) Concurrent cleanup 3933M->204M(4532M) 0.086ms
[1036.492s][info][gc] GC(329) Concurrent class unloading 2.285ms
[1036.493s][info][gc] GC(329) Pause Final Roots 0.006ms
[1038.919s][info][gc] Trigger: Free (459M) is below minimum threshold (460M)
[1038.920s][info][gc] GC(330) Concurrent reset 0.239ms
[1038.920s][info][gc] GC(330) Pause Init Mark (unload classes) 0.025ms
[1038.922s][info][gc] GC(330) Concurrent marking roots 1.650ms
[1038.951s][info][gc] GC(330) Concurrent marking (unload classes) 29.543ms
[1038.952s][info][gc] GC(330) Pause Final Mark (unload classes) 0.218ms
[1038.953s][info][gc] GC(330) Concurrent thread roots 1.020ms
[1038.953s][info][gc] GC(330) Concurrent weak references 0.016ms
[1038.956s][info][gc] GC(330) Concurrent weak roots 2.771ms
[1038.956s][info][gc] GC(330) Concurrent cleanup 3962M->3962M(4532M) 0.009ms
[1038.958s][info][gc] GC(330) Concurrent class unloading 2.093ms
[1038.958s][info][gc] GC(330) Concurrent strong roots 0.042ms
[1038.974s][info][gc] GC(330) Concurrent evacuation 16.284ms
[1038.974s][info][gc] GC(330) Pause Init Update Refs 0.006ms
[1038.992s][info][gc] GC(330) Concurrent update references 18.056ms
[1038.993s][info][gc] GC(330) Concurrent update thread roots 0.287ms
[1038.993s][info][gc] GC(330) Pause Final Update Refs 0.040ms
[1038.993s][info][gc] GC(330) Concurrent cleanup 4052M->158M(4532M) 0.078ms
[1041.497s][info][gc] Trigger: Free (457M) is below minimum threshold (460M)
[1041.501s][info][gc] GC(331) Concurrent reset 3.005ms
[1041.501s][info][gc] GC(331) Pause Init Mark (unload classes) 0.025ms
[1041.503s][info][gc] GC(331) Concurrent marking roots 1.240ms
[1041.537s][info][gc] GC(331) Concurrent marking (unload classes) 34.072ms
[1041.537s][info][gc] GC(331) Pause Final Mark (unload classes) 0.207ms
[1041.539s][info][gc] GC(331) Concurrent thread roots 1.906ms
[1041.539s][info][gc] GC(331) Concurrent weak references 0.013ms
[1041.542s][info][gc] GC(331) Concurrent weak roots 2.485ms
[1041.542s][info][gc] GC(331) Concurrent cleanup 3980M->3980M(4532M) 0.006ms
[1041.544s][info][gc] GC(331) Concurrent class unloading 1.832ms
[1041.544s][info][gc] GC(331) Concurrent strong roots 0.037ms
[1041.560s][info][gc] GC(331) Concurrent evacuation 16.584ms
[1041.560s][info][gc] GC(331) Pause Init Update Refs 0.005ms
[1041.583s][info][gc] GC(331) Concurrent update references 22.704ms
[1041.584s][info][gc] GC(331) Concurrent update thread roots 0.296ms
[1041.584s][info][gc] GC(331) Pause Final Update Refs 0.039ms
[1041.584s][info][gc] GC(331) Concurrent cleanup 4052M->186M(4532M) 0.077ms
[1044.133s][info][gc] Trigger: Free (459M) is below minimum threshold (460M)
[1044.137s][info][gc] GC(332) Concurrent reset 3.009ms
[1044.137s][info][gc] GC(332) Pause Init Mark (unload classes) 0.023ms
[1044.140s][info][gc] GC(332) Concurrent marking roots 3.166ms
[1044.154s][info][gc] GC(332) Concurrent marking (unload classes) 13.649ms
[1044.154s][info][gc] GC(332) Pause Final Mark (unload classes) 0.128ms
[1044.155s][info][gc] GC(332) Concurrent thread roots 0.993ms
[1044.155s][info][gc] GC(332) Concurrent weak references 0.014ms
[1044.167s][info][gc] GC(332) Concurrent weak roots 11.726ms
[1044.167s][info][gc] GC(332) Concurrent cleanup 3964M->1114M(4532M) 0.060ms
[1044.170s][info][gc] GC(332) Concurrent class unloading 2.998ms
[1044.170s][info][gc] GC(332) Concurrent strong roots 0.039ms
[1044.176s][info][gc] GC(332) Concurrent evacuation 5.766ms
[1044.176s][info][gc] GC(332) Pause Init Update Refs 0.006ms
[1044.183s][info][gc] GC(332) Concurrent update references 6.816ms
[1044.183s][info][gc] GC(332) Concurrent update thread roots 0.318ms
[1044.184s][info][gc] GC(332) Pause Final Update Refs 0.039ms
[1044.184s][info][gc] GC(332) Concurrent cleanup 1148M->106M(4532M) 0.036ms
[1046.712s][info][gc] Trigger: Free (457M) is below minimum threshold (460M)
[1046.713s][info][gc] GC(333) Concurrent reset 0.871ms
[1046.713s][info][gc] GC(333) Pause Init Mark (unload classes) 0.030ms
[1046.714s][info][gc] GC(333) Concurrent marking roots 1.058ms
[1046.747s][info][gc] GC(333) Concurrent marking (unload classes) 33.176ms
[1046.748s][info][gc] GC(333) Pause Final Mark (unload classes) 0.216ms
[1046.749s][info][gc] GC(333) Concurrent thread roots 1.072ms
[1046.749s][info][gc] GC(333) Concurrent weak references 0.015ms
[1046.752s][info][gc] GC(333) Concurrent weak roots 3.050ms
[1046.752s][info][gc] GC(333) Concurrent cleanup 3976M->3976M(4532M) 0.009ms
[1046.754s][info][gc] GC(333) Concurrent class unloading 2.320ms
[1046.754s][info][gc] GC(333) Concurrent strong roots 0.033ms
[1046.771s][info][gc] GC(333) Concurrent evacuation 16.411ms
[1046.771s][info][gc] GC(333) Pause Init Update Refs 0.010ms
[1046.793s][info][gc] GC(333) Concurrent update references 21.455ms
[1046.793s][info][gc] GC(333) Concurrent update thread roots 0.291ms
[1046.793s][info][gc] GC(333) Pause Final Update Refs 0.038ms
[1046.793s][info][gc] GC(333) Concurrent cleanup 4076M->188M(4532M) 0.079ms
[1049.236s][info][gc] Trigger: Free (457M) is below minimum threshold (460M)
[1049.239s][info][gc] GC(334) Concurrent reset 3.059ms
[1049.239s][info][gc] GC(334) Pause Init Mark (unload classes) 0.024ms
[1049.241s][info][gc] GC(334) Concurrent marking roots 1.957ms
[1049.286s][info][gc] GC(334) Concurrent marking (unload classes) 44.498ms
[1049.287s][info][gc] GC(334) Pause Final Mark (unload classes) 0.216ms
[1049.288s][info][gc] GC(334) Concurrent thread roots 1.010ms
[1049.288s][info][gc] GC(334) Concurrent weak references 0.013ms
[1049.293s][info][gc] GC(334) Concurrent weak roots 5.098ms
[1049.293s][info][gc] GC(334) Concurrent cleanup 3998M->3998M(4532M) 0.015ms
[1049.296s][info][gc] GC(334) Concurrent class unloading 3.542ms
[1049.296s][info][gc] GC(334) Concurrent strong roots 0.036ms
[1049.311s][info][gc] GC(334) Concurrent evacuation 14.474ms
[1049.311s][info][gc] GC(334) Pause Init Update Refs 0.008ms
[1049.341s][info][gc] GC(334) Concurrent update references 30.167ms
[1049.342s][info][gc] GC(334) Concurrent update thread roots 0.353ms
[1049.342s][info][gc] GC(334) Pause Final Update Refs 0.046ms
[1049.342s][info][gc] GC(334) Concurrent cleanup 4062M->204M(4532M) 0.075ms
[1050.052s][info][gc] Concurrent uncommit 1260M->1262M(4402M) 2.925ms
[1053.194s][info][gc] Trigger: Free (459M) is below minimum threshold (460M)
[1053.197s][info][gc] GC(335) Concurrent reset 2.761ms
[1053.197s][info][gc] GC(335) Pause Init Mark (unload classes) 0.024ms
[1053.198s][info][gc] GC(335) Concurrent marking roots 1.036ms
[1053.214s][info][gc] GC(335) Concurrent marking (unload classes) 15.824ms
[1053.214s][info][gc] GC(335) Pause Final Mark (unload classes) 0.154ms
[1053.215s][info][gc] GC(335) Concurrent thread roots 0.419ms
[1053.215s][info][gc] GC(335) Concurrent weak references 0.015ms
[1053.222s][info][gc] GC(335) Concurrent weak roots 6.790ms
[1053.222s][info][gc] GC(335) Concurrent cleanup 3938M->2134M(4402M) 0.037ms
[1053.223s][info][gc] GC(335) Concurrent class unloading 1.496ms
[1053.223s][info][gc] GC(335) Concurrent strong roots 0.035ms
[1053.231s][info][gc] GC(335) Concurrent evacuation 7.889ms
[1053.231s][info][gc] GC(335) Pause Init Update Refs 0.006ms
[1053.239s][info][gc] GC(335) Concurrent update references 7.590ms
[1053.239s][info][gc] GC(335) Concurrent update thread roots 0.232ms
[1053.239s][info][gc] GC(335) Pause Final Update Refs 0.036ms
[1053.239s][info][gc] GC(335) Concurrent cleanup 2170M->78M(4402M) 0.046ms
[1058.286s][info][gc] Trigger: Free (459M) is below minimum threshold (460M)
[1058.288s][info][gc] GC(336) Concurrent reset 1.645ms
[1058.288s][info][gc] GC(336) Pause Init Mark (unload classes) 0.023ms
[1058.289s][info][gc] GC(336) Concurrent marking roots 1.234ms
[1058.297s][info][gc] GC(336) Concurrent marking (unload classes) 7.606ms
[1058.297s][info][gc] GC(336) Pause Final Mark (unload classes) 0.129ms
[1058.298s][info][gc] GC(336) Concurrent thread roots 0.376ms
[1058.298s][info][gc] GC(336) Concurrent weak references 0.013ms
[1058.303s][info][gc] GC(336) Concurrent weak roots 4.977ms
[1058.303s][info][gc] GC(336) Concurrent cleanup 3926M->712M(4402M) 0.072ms
[1058.304s][info][gc] GC(336) Concurrent class unloading 1.185ms
[1058.304s][info][gc] GC(336) Concurrent strong roots 0.034ms
[1058.307s][info][gc] GC(336) Concurrent evacuation 3.091ms
[1058.307s][info][gc] GC(336) Pause Init Update Refs 0.005ms
[1058.310s][info][gc] GC(336) Concurrent update references 3.116ms
[1058.311s][info][gc] GC(336) Concurrent update thread roots 0.215ms
[1058.311s][info][gc] GC(336) Pause Final Update Refs 0.031ms
[1058.311s][info][gc] GC(336) Concurrent cleanup 728M->50M(4402M) 0.019ms
[1063.301s][info][gc] Trigger: Free (459M) is below minimum threshold (460M)
[1063.302s][info][gc] GC(337) Concurrent reset 0.532ms
[1063.302s][info][gc] GC(337) Pause Init Mark (unload classes) 0.023ms
[1063.303s][info][gc] GC(337) Concurrent marking roots 1.016ms
[1063.332s][info][gc] GC(337) Concurrent marking (unload classes) 28.341ms
[1063.332s][info][gc] GC(337) Pause Final Mark (unload classes) 0.232ms
[1063.332s][info][gc] GC(337) Concurrent thread roots 0.344ms
[1063.332s][info][gc] GC(337) Concurrent weak references 0.014ms
[1063.336s][info][gc] GC(337) Concurrent weak roots 3.154ms
[1063.336s][info][gc] GC(337) Concurrent cleanup 3944M->3944M(4402M) 0.011ms
[1063.337s][info][gc] GC(337) Concurrent class unloading 1.349ms
[1063.337s][info][gc] GC(337) Concurrent strong roots 0.034ms
[1063.351s][info][gc] GC(337) Concurrent evacuation 14.132ms
[1063.351s][info][gc] GC(337) Pause Init Update Refs 0.006ms
[1063.367s][info][gc] GC(337) Concurrent update references 15.127ms
[1063.367s][info][gc] GC(337) Concurrent update thread roots 0.225ms
[1063.367s][info][gc] GC(337) Pause Final Update Refs 0.041ms
[1063.367s][info][gc] GC(337) Concurrent cleanup 4002M->116M(4402M) 0.078ms
[1068.337s][info][gc] Trigger: Free (459M) is below minimum threshold (460M)
[1068.340s][info][gc] GC(338) Concurrent reset 2.846ms
[1068.340s][info][gc] GC(338) Pause Init Mark (unload classes) 0.027ms
[1068.341s][info][gc] GC(338) Concurrent marking roots 0.800ms
[1068.364s][info][gc] GC(338) Concurrent marking (unload classes) 23.103ms
[1068.365s][info][gc] GC(338) Pause Final Mark (unload classes) 0.193ms
[1068.366s][info][gc] GC(338) Concurrent thread roots 0.845ms
[1068.366s][info][gc] GC(338) Concurrent weak references 0.013ms
[1068.371s][info][gc] GC(338) Concurrent weak roots 5.520ms
[1068.371s][info][gc] GC(338) Concurrent cleanup 3932M->3222M(4402M) 0.019ms
[1068.373s][info][gc] GC(338) Concurrent class unloading 1.332ms
[1068.373s][info][gc] GC(338) Concurrent strong roots 0.034ms
[1068.384s][info][gc] GC(338) Concurrent evacuation 11.230ms
[1068.384s][info][gc] GC(338) Pause Init Update Refs 0.005ms
[1068.395s][info][gc] GC(338) Concurrent update references 10.448ms
[1068.395s][info][gc] GC(338) Concurrent update thread roots 0.224ms
[1068.395s][info][gc] GC(338) Pause Final Update Refs 0.036ms
[1068.395s][info][gc] GC(338) Concurrent cleanup 3270M->90M(4402M) 0.066ms
[1073.438s][info][gc] Trigger: Free (459M) is below minimum threshold (460M)
[1073.440s][info][gc] GC(339) Concurrent reset 2.249ms
[1073.440s][info][gc] GC(339) Pause Init Mark (unload classes) 0.025ms
[1073.442s][info][gc] GC(339) Concurrent marking roots 1.758ms
[1073.455s][info][gc] GC(339) Concurrent marking (unload classes) 13.498ms
[1073.456s][info][gc] GC(339) Pause Final Mark (unload classes) 0.141ms
[1073.457s][info][gc] GC(339) Concurrent thread roots 0.796ms
[1073.457s][info][gc] GC(339) Concurrent weak references 0.014ms
[1073.463s][info][gc] GC(339) Concurrent weak roots 6.706ms
[1073.463s][info][gc] GC(339) Concurrent cleanup 3932M->1808M(4402M) 0.043ms
[1073.466s][info][gc] GC(339) Concurrent class unloading 2.142ms
[1073.466s][info][gc] GC(339) Concurrent strong roots 0.041ms
[1073.472s][info][gc] GC(339) Concurrent evacuation 6.575ms
[1073.472s][info][gc] GC(339) Pause Init Update Refs 0.006ms
[1073.479s][info][gc] GC(339) Concurrent update references 6.819ms
[1073.480s][info][gc] GC(339) Concurrent update thread roots 0.240ms
[1073.480s][info][gc] GC(339) Pause Final Update Refs 0.038ms
[1073.480s][info][gc] GC(339) Concurrent cleanup 1840M->74M(4402M) 0.040ms
[1078.570s][info][gc] Trigger: Free (459M) is below minimum threshold (460M)
[1078.572s][info][gc] GC(340) Concurrent reset 1.510ms
[1078.572s][info][gc] GC(340) Pause Init Mark (unload classes) 0.024ms
[1078.573s][info][gc] GC(340) Concurrent marking roots 1.414ms
[1078.579s][info][gc] GC(340) Concurrent marking (unload classes) 5.881ms
[1078.580s][info][gc] GC(340) Pause Final Mark (unload classes) 0.099ms
[1078.580s][info][gc] GC(340) Concurrent thread roots 0.387ms
[1078.580s][info][gc] GC(340) Concurrent weak references 0.012ms
[1078.586s][info][gc] GC(340) Concurrent weak roots 6.167ms
[1078.586s][info][gc] GC(340) Concurrent cleanup 3926M->432M(4402M) 0.068ms
[1078.588s][info][gc] GC(340) Concurrent class unloading 1.675ms
[1078.588s][info][gc] GC(340) Concurrent strong roots 0.038ms
[1078.590s][info][gc] GC(340) Concurrent evacuation 1.998ms
[1078.590s][info][gc] GC(340) Pause Init Update Refs 0.005ms
[1078.593s][info][gc] GC(340) Concurrent update references 2.754ms
[1078.593s][info][gc] GC(340) Concurrent update thread roots 0.214ms
[1078.593s][info][gc] GC(340) Pause Final Update Refs 0.031ms
[1078.593s][info][gc] GC(340) Concurrent cleanup 446M->50M(4402M) 0.013ms
[1083.578s][info][gc] Trigger: Free (459M) is below minimum threshold (460M)
[1083.579s][info][gc] GC(341) Concurrent reset 0.431ms
[1083.579s][info][gc] GC(341) Pause Init Mark (unload classes) 0.039ms
[1083.581s][info][gc] GC(341) Concurrent marking roots 1.311ms
[1083.614s][info][gc] GC(341) Concurrent marking (unload classes) 32.979ms
[1083.614s][info][gc] GC(341) Pause Final Mark (unload classes) 0.231ms
[1083.615s][info][gc] GC(341) Concurrent thread roots 0.770ms
[1083.615s][info][gc] GC(341) Concurrent weak references 0.014ms
[1083.620s][info][gc] GC(341) Concurrent weak roots 4.954ms
[1083.620s][info][gc] GC(341) Concurrent cleanup 3948M->3948M(4402M) 0.012ms
[1083.622s][info][gc] GC(341) Concurrent class unloading 2.053ms
[1083.622s][info][gc] GC(341) Concurrent strong roots 0.037ms
[1083.637s][info][gc] GC(341) Concurrent evacuation 14.510ms
[1083.637s][info][gc] GC(341) Pause Init Update Refs 0.005ms
[1083.652s][info][gc] GC(341) Concurrent update references 14.575ms
[1083.652s][info][gc] GC(341) Concurrent update thread roots 0.226ms
[1083.652s][info][gc] GC(341) Pause Final Update Refs 0.043ms
[1083.652s][info][gc] GC(341) Concurrent cleanup 3996M->108M(4402M) 0.077ms
[1088.723s][info][gc] Trigger: Free (459M) is below minimum threshold (460M)
[1088.726s][info][gc] GC(342) Concurrent reset 2.792ms
[1088.726s][info][gc] GC(342) Pause Init Mark (unload classes) 0.027ms
[1088.728s][info][gc] GC(342) Concurrent marking roots 1.660ms
[1088.750s][info][gc] GC(342) Concurrent marking (unload classes) 21.913ms
[1088.750s][info][gc] GC(342) Pause Final Mark (unload classes) 0.180ms
[1088.751s][info][gc] GC(342) Concurrent thread roots 0.541ms
[1088.751s][info][gc] GC(342) Concurrent weak references 0.015ms
[1088.756s][info][gc] GC(342) Concurrent weak roots 5.408ms
[1088.756s][info][gc] GC(342) Concurrent cleanup 3942M->2946M(4402M) 0.023ms
[1088.758s][info][gc] GC(342) Concurrent class unloading 1.787ms
[1088.758s][info][gc] GC(342) Concurrent strong roots 0.037ms
[1088.768s][info][gc] GC(342) Concurrent evacuation 10.469ms
[1088.769s][info][gc] GC(342) Pause Init Update Refs 0.007ms
[1088.779s][info][gc] GC(342) Concurrent update references 10.685ms
[1088.780s][info][gc] GC(342) Concurrent update thread roots 0.229ms
[1088.780s][info][gc] GC(342) Pause Final Update Refs 0.065ms
[1088.780s][info][gc] GC(342) Concurrent cleanup 2990M->96M(4402M) 0.060ms
[1093.805s][info][gc] Trigger: Free (459M) is below minimum threshold (460M)
[1093.807s][info][gc] GC(343) Concurrent reset 2.188ms
[1093.807s][info][gc] GC(343) Pause Init Mark (unload classes) 0.016ms
[1093.808s][info][gc] GC(343) Concurrent marking roots 1.130ms
[1093.822s][info][gc] GC(343) Concurrent marking (unload classes) 13.710ms
[1093.822s][info][gc] GC(343) Pause Final Mark (unload classes) 0.137ms
[1093.823s][info][gc] GC(343) Concurrent thread roots 0.398ms
[1093.823s][info][gc] GC(343) Concurrent weak references 0.014ms
[1093.829s][info][gc] GC(343) Concurrent weak roots 5.683ms
[1093.829s][info][gc] GC(343) Concurrent cleanup 3932M->1550M(4402M) 0.048ms
[1093.830s][info][gc] GC(343) Concurrent class unloading 1.416ms
[1093.830s][info][gc] GC(343) Concurrent strong roots 0.037ms
[1093.837s][info][gc] GC(343) Concurrent evacuation 6.549ms
[1093.837s][info][gc] GC(343) Pause Init Update Refs 0.006ms
[1093.844s][info][gc] GC(343) Concurrent update references 6.667ms
[1093.844s][info][gc] GC(343) Concurrent update thread roots 0.230ms
[1093.844s][info][gc] GC(343) Pause Final Update Refs 0.037ms
[1093.844s][info][gc] GC(343) Concurrent cleanup 1578M->70M(4402M) 0.038ms
[1098.956s][info][gc] Trigger: Free (459M) is below minimum threshold (460M)
[1098.957s][info][gc] GC(344) Concurrent reset 1.106ms
[1098.957s][info][gc] GC(344) Pause Init Mark (unload classes) 0.025ms
[1098.958s][info][gc] GC(344) Concurrent marking roots 1.091ms
[1098.962s][info][gc] GC(344) Concurrent marking (unload classes) 3.967ms
[1098.962s][info][gc] GC(344) Pause Final Mark (unload classes) 0.086ms
[1098.962s][info][gc] GC(344) Concurrent weak references 0.013ms
[1098.968s][info][gc] GC(344) Concurrent weak roots 5.819ms
[1098.968s][info][gc] GC(344) Concurrent cleanup 3924M->170M(4402M) 0.071ms
[1098.970s][info][gc] GC(344) Concurrent class unloading 1.424ms
[1098.970s][info][gc] GC(344) Pause Final Roots 0.001ms
[1103.758s][info][gc] Trigger: Free (459M) is below minimum threshold (460M)
[1103.759s][info][gc] GC(345) Concurrent reset 0.177ms
[1103.759s][info][gc] GC(345) Pause Init Mark (unload classes) 0.024ms
[1103.760s][info][gc] GC(345) Concurrent marking roots 0.836ms
[1103.788s][info][gc] GC(345) Concurrent marking (unload classes) 27.995ms
[1103.788s][info][gc] GC(345) Pause Final Mark (unload classes) 0.198ms
[1103.789s][info][gc] GC(345) Concurrent thread roots 1.089ms
[1103.789s][info][gc] GC(345) Concurrent weak references 0.014ms
[1103.792s][info][gc] GC(345) Concurrent weak roots 2.648ms
[1103.792s][info][gc] GC(345) Concurrent cleanup 3932M->3932M(4402M) 0.017ms
[1103.793s][info][gc] GC(345) Concurrent class unloading 1.368ms
[1103.793s][info][gc] GC(345) Concurrent strong roots 0.037ms
[1103.807s][info][gc] GC(345) Concurrent evacuation 13.829ms
[1103.807s][info][gc] GC(345) Pause Init Update Refs 0.007ms
[1103.820s][info][gc] GC(345) Concurrent update references 12.195ms
[1103.820s][info][gc] GC(345) Concurrent update thread roots 0.237ms
[1103.820s][info][gc] GC(345) Pause Final Update Refs 0.040ms
[1103.820s][info][gc] GC(345) Concurrent cleanup 3988M->98M(4402M) 0.078ms
[1108.860s][info][gc] Trigger: Free (459M) is below minimum threshold (460M)
[1108.863s][info][gc] GC(346) Concurrent reset 2.731ms
[1108.863s][info][gc] GC(346) Pause Init Mark (unload classes) 0.025ms
[1108.864s][info][gc] GC(346) Concurrent marking roots 1.168ms
[1108.883s][info][gc] GC(346) Concurrent marking (unload classes) 18.674ms
[1108.883s][info][gc] GC(346) Pause Final Mark (unload classes) 0.162ms
[1108.884s][info][gc] GC(346) Concurrent thread roots 0.843ms
[1108.884s][info][gc] GC(346) Concurrent weak references 0.017ms
[1108.890s][info][gc] GC(346) Concurrent weak roots 5.523ms
[1108.890s][info][gc] GC(346) Concurrent cleanup 3944M->2550M(4402M) 0.030ms
[1108.891s][info][gc] GC(346) Concurrent class unloading 1.415ms
[1108.891s][info][gc] GC(346) Concurrent strong roots 0.035ms
[1108.901s][info][gc] GC(346) Concurrent evacuation 9.135ms
[1108.901s][info][gc] GC(346) Pause Init Update Refs 0.007ms
[1108.911s][info][gc] GC(346) Concurrent update references 9.770ms
[1108.911s][info][gc] GC(346) Concurrent update thread roots 0.229ms
[1108.911s][info][gc] GC(346) Pause Final Update Refs 0.038ms
[1108.911s][info][gc] GC(346) Concurrent cleanup 2588M->88M(4402M) 0.053ms
[1113.972s][info][gc] Trigger: Free (459M) is below minimum threshold (460M)
[1113.973s][info][gc] GC(347) Concurrent reset 1.791ms
[1113.974s][info][gc] GC(347) Pause Init Mark (unload classes) 0.023ms
[1113.975s][info][gc] GC(347) Concurrent marking roots 1.131ms
[1113.985s][info][gc] GC(347) Concurrent marking (unload classes) 10.619ms
[1113.986s][info][gc] GC(347) Pause Final Mark (unload classes) 0.126ms
[1113.986s][info][gc] GC(347) Concurrent thread roots 0.620ms
[1113.986s][info][gc] GC(347) Concurrent weak references 0.014ms
[1113.992s][info][gc] GC(347) Concurrent weak roots 5.122ms
[1113.992s][info][gc] GC(347) Concurrent cleanup 3930M->1154M(4402M) 0.057ms
[1113.993s][info][gc] GC(347) Concurrent class unloading 1.544ms
[1113.993s][info][gc] GC(347) Concurrent strong roots 0.035ms
[1113.998s][info][gc] GC(347) Concurrent evacuation 4.468ms
[1113.998s][info][gc] GC(347) Pause Init Update Refs 0.005ms
[1114.003s][info][gc] GC(347) Concurrent update references 5.001ms
[1114.003s][info][gc] GC(347) Concurrent update thread roots 0.224ms
[1114.003s][info][gc] GC(347) Pause Final Update Refs 0.033ms
[1114.003s][info][gc] GC(347) Concurrent cleanup 1178M->64M(4402M) 0.028ms
[1118.965s][info][gc] Trigger: Free (459M) is below minimum threshold (460M)
[1118.967s][info][gc] GC(348) Concurrent reset 0.840ms
[1118.967s][info][gc] GC(348) Pause Init Mark (unload classes) 0.024ms
[1118.968s][info][gc] GC(348) Concurrent marking roots 0.979ms
[1119.005s][info][gc] GC(348) Concurrent marking (unload classes) 36.851ms
[1119.005s][info][gc] GC(348) Pause Final Mark (unload classes) 0.229ms
[1119.006s][info][gc] GC(348) Concurrent thread roots 0.202ms
[1119.006s][info][gc] GC(348) Concurrent weak references 0.015ms
[1119.009s][info][gc] GC(348) Concurrent weak roots 3.040ms
[1119.009s][info][gc] GC(348) Concurrent cleanup 3954M->3954M(4402M) 0.011ms
[1119.010s][info][gc] GC(348) Concurrent class unloading 1.301ms
[1119.010s][info][gc] GC(348) Concurrent strong roots 0.034ms
[1119.025s][info][gc] GC(348) Concurrent evacuation 14.376ms
[1119.025s][info][gc] GC(348) Pause Init Update Refs 0.006ms
[1119.041s][info][gc] GC(348) Concurrent update references 16.543ms
[1119.042s][info][gc] GC(348) Concurrent update thread roots 0.234ms
[1119.042s][info][gc] GC(348) Pause Final Update Refs 0.041ms
[1119.042s][info][gc] GC(348) Concurrent cleanup 4014M->132M(4402M) 0.078ms
[1121.160s][info][gc] Trigger: Average GC time (109.42 ms) is above the time for average allocation rate (2209 MB/s) to deplete free headroom (239M) (margin of error = 2.55)
[1121.164s][info][gc] GC(349) Concurrent reset 4.105ms
[1121.164s][info][gc] GC(349) Pause Init Mark (unload classes) 0.039ms
[1121.168s][info][gc] GC(349) Concurrent marking roots 3.962ms
[1121.204s][info][gc] GC(349) Concurrent marking (unload classes) 35.963ms
[1121.205s][info][gc] GC(349) Pause Final Mark (unload classes) 0.219ms
[1121.206s][info][gc] GC(349) Concurrent thread roots 0.970ms
[1121.206s][info][gc] GC(349) Concurrent weak references 0.013ms
[1121.215s][info][gc] GC(349) Concurrent weak roots 8.755ms
[1121.215s][info][gc] GC(349) Concurrent cleanup 4012M->3710M(4402M) 0.022ms
[1121.219s][info][gc] GC(349) Concurrent class unloading 4.615ms
[1121.220s][info][gc] GC(349) Concurrent strong roots 0.059ms
[1121.238s][info][gc] GC(349) Concurrent evacuation 17.958ms
[1121.238s][info][gc] GC(349) Pause Init Update Refs 0.015ms
[1121.262s][info][gc] GC(349) Concurrent update references 24.450ms
[1121.265s][info][gc] GC(349) Concurrent update thread roots 2.554ms
[1121.265s][info][gc] GC(349) Pause Final Update Refs 0.044ms
[1121.265s][info][gc] GC(349) Concurrent cleanup 3846M->254M(4402M) 0.070ms
[1122.971s][info][gc] Trigger: Average GC time (153.25 ms) is above the time for average allocation rate (2137 MB/s) to deplete free headroom (325M) (margin of error = 2.57)
[1122.975s][info][gc] GC(350) Concurrent reset 3.807ms
[1122.976s][info][gc] GC(350) Pause Init Mark (unload classes) 0.035ms
[1122.977s][info][gc] GC(350) Concurrent marking roots 1.528ms
[1123.016s][info][gc] GC(350) Concurrent marking (unload classes) 38.487ms
[1123.016s][info][gc] GC(350) Pause Final Mark (unload classes) 0.215ms
[1123.018s][info][gc] GC(350) Concurrent thread roots 1.611ms
[1123.018s][info][gc] GC(350) Concurrent weak references 0.012ms
[1123.021s][info][gc] GC(350) Concurrent weak roots 3.549ms
[1123.021s][info][gc] GC(350) Concurrent cleanup 3907M->3907M(4402M) 0.011ms
[1123.026s][info][gc] GC(350) Concurrent class unloading 4.630ms
[1123.026s][info][gc] GC(350) Concurrent strong roots 0.041ms
[1123.043s][info][gc] GC(350) Concurrent evacuation 17.050ms
[1123.044s][info][gc] GC(350) Pause Init Update Refs 0.006ms
[1123.072s][info][gc] GC(350) Concurrent update references 28.747ms
[1123.073s][info][gc] GC(350) Concurrent update thread roots 0.304ms
[1123.073s][info][gc] GC(350) Pause Final Update Refs 0.047ms
[1123.073s][info][gc] GC(350) Concurrent cleanup 4043M->273M(4402M) 0.073ms
[1124.805s][info][gc] Trigger: Average GC time (148.90 ms) is above the time for average allocation rate (2039 MB/s) to deplete free headroom (302M) (margin of error = 2.59)
[1124.809s][info][gc] GC(351) Concurrent reset 4.058ms
[1124.809s][info][gc] GC(351) Pause Init Mark (unload classes) 0.034ms
[1124.812s][info][gc] GC(351) Concurrent marking roots 2.822ms
[1124.864s][info][gc] GC(351) Concurrent marking (unload classes) 51.835ms
[1124.865s][info][gc] GC(351) Pause Final Mark (unload classes) 0.244ms
[1124.866s][info][gc] GC(351) Concurrent thread roots 1.245ms
[1124.866s][info][gc] GC(351) Concurrent weak references 0.015ms
[1124.874s][info][gc] GC(351) Concurrent weak roots 7.600ms
[1124.874s][info][gc] GC(351) Concurrent cleanup 3972M->3972M(4402M) 0.013ms
[1124.877s][info][gc] GC(351) Concurrent class unloading 3.390ms
[1124.877s][info][gc] GC(351) Concurrent strong roots 0.062ms
[1124.898s][info][gc] GC(351) Concurrent evacuation 20.582ms
[1124.898s][info][gc] GC(351) Pause Init Update Refs 0.008ms
[1124.942s][info][gc] GC(351) Concurrent update references 43.703ms
[1124.942s][info][gc] GC(351) Concurrent update thread roots 0.358ms
[1124.943s][info][gc] GC(351) Pause Final Update Refs 0.048ms
[1124.943s][info][gc] GC(351) Concurrent cleanup 4133M->362M(4402M) 0.076ms
[1126.586s][info][gc] Trigger: Average GC time (187.52 ms) is above the time for average allocation rate (2114 MB/s) to deplete free headroom (391M) (margin of error = 2.61)
[1126.591s][info][gc] GC(352) Concurrent reset 4.043ms
[1126.591s][info][gc] GC(352) Pause Init Mark (unload classes) 0.035ms
[1126.593s][info][gc] GC(352) Concurrent marking roots 2.060ms
[1126.651s][info][gc] GC(352) Concurrent marking (unload classes) 57.551ms
[1126.651s][info][gc] GC(352) Pause Final Mark (unload classes) 0.223ms
[1126.653s][info][gc] GC(352) Concurrent thread roots 1.374ms
[1126.653s][info][gc] GC(352) Concurrent weak references 0.017ms
[1126.657s][info][gc] GC(352) Concurrent weak roots 4.018ms
[1126.657s][info][gc] GC(352) Concurrent cleanup 3868M->3868M(4402M) 0.017ms
[1126.660s][info][gc] GC(352) Concurrent class unloading 3.423ms
[1126.660s][info][gc] GC(352) Concurrent strong roots 0.071ms
[1126.686s][info][gc] GC(352) Concurrent evacuation 25.270ms
[1126.686s][info][gc] GC(352) Pause Init Update Refs 0.014ms
[1126.726s][info][gc] GC(352) Concurrent update references 39.461ms
[1126.726s][info][gc] GC(352) Concurrent update thread roots 0.359ms
[1126.726s][info][gc] GC(352) Pause Final Update Refs 0.048ms
[1126.727s][info][gc] GC(352) Concurrent cleanup 4012M->366M(4402M) 0.111ms
[1128.609s][info][gc] Trigger: Average GC time (188.85 ms) is above the time for average allocation rate (1838 MB/s) to deplete free headroom (344M) (margin of error = 2.63)
[1128.612s][info][gc] GC(353) Concurrent reset 3.028ms
[1128.612s][info][gc] GC(353) Pause Init Mark (unload classes) 0.034ms
[1128.615s][info][gc] GC(353) Concurrent marking roots 2.769ms
[1128.639s][info][gc] GC(353) Concurrent marking (unload classes) 23.441ms
[1128.639s][info][gc] GC(353) Pause Final Mark (unload classes) 0.196ms
[1128.641s][info][gc] GC(353) Concurrent thread roots 1.904ms
[1128.641s][info][gc] GC(353) Concurrent weak references 0.012ms
[1128.648s][info][gc] GC(353) Concurrent weak roots 6.511ms
[1128.648s][info][gc] GC(353) Concurrent cleanup 3854M->2760M(4402M) 0.027ms
[1128.651s][info][gc] GC(353) Concurrent class unloading 3.161ms
[1128.651s][info][gc] GC(353) Concurrent strong roots 0.058ms
[1128.665s][info][gc] GC(353) Concurrent evacuation 13.741ms
[1128.665s][info][gc] GC(353) Pause Init Update Refs 0.006ms
[1128.683s][info][gc] GC(353) Concurrent update references 17.532ms
[1128.683s][info][gc] GC(353) Concurrent update thread roots 0.289ms
[1128.683s][info][gc] GC(353) Pause Final Update Refs 0.041ms
[1128.684s][info][gc] GC(353) Concurrent cleanup 2830M->140M(4402M) 0.053ms
[1130.669s][info][gc] Trigger: Average GC time (182.82 ms) is above the time for average allocation rate (1918 MB/s) to deplete free headroom (348M) (margin of error = 2.62)
[1130.672s][info][gc] GC(354) Concurrent reset 2.875ms
[1130.672s][info][gc] GC(354) Pause Init Mark (unload classes) 0.041ms
[1130.674s][info][gc] GC(354) Concurrent marking roots 1.772ms
[1130.709s][info][gc] GC(354) Concurrent marking (unload classes) 34.544ms
[1130.709s][info][gc] GC(354) Pause Final Mark (unload classes) 0.210ms
[1130.710s][info][gc] GC(354) Concurrent thread roots 0.982ms
[1130.710s][info][gc] GC(354) Concurrent weak references 0.019ms
[1130.715s][info][gc] GC(354) Concurrent weak roots 4.851ms
[1130.715s][info][gc] GC(354) Concurrent cleanup 3872M->3868M(4402M) 0.015ms
[1130.719s][info][gc] GC(354) Concurrent class unloading 3.775ms
[1130.719s][info][gc] GC(354) Concurrent strong roots 0.043ms
[1130.734s][info][gc] GC(354) Concurrent evacuation 15.004ms
[1130.734s][info][gc] GC(354) Pause Init Update Refs 0.011ms
[1130.760s][info][gc] GC(354) Concurrent update references 26.121ms
[1130.761s][info][gc] GC(354) Concurrent update thread roots 0.282ms
[1130.761s][info][gc] GC(354) Pause Final Update Refs 0.045ms
[1130.761s][info][gc] GC(354) Concurrent cleanup 3978M->226M(4402M) 0.124ms
[1132.715s][info][gc] Trigger: Average GC time (155.62 ms) is above the time for average allocation rate (1867 MB/s) to deplete free headroom (284M) (margin of error = 2.62)
[1132.719s][info][gc] GC(355) Concurrent reset 3.973ms
[1132.719s][info][gc] GC(355) Pause Init Mark (unload classes) 0.035ms
[1132.721s][info][gc] GC(355) Concurrent marking roots 1.651ms
[1132.762s][info][gc] GC(355) Concurrent marking (unload classes) 40.748ms
[1132.762s][info][gc] GC(355) Pause Final Mark (unload classes) 0.216ms
[1132.763s][info][gc] GC(355) Concurrent thread roots 0.864ms
[1132.763s][info][gc] GC(355) Concurrent weak references 0.020ms
[1132.767s][info][gc] GC(355) Concurrent weak roots 3.271ms
[1132.767s][info][gc] GC(355) Concurrent cleanup 3942M->3942M(4402M) 0.013ms
[1132.769s][info][gc] GC(355) Concurrent class unloading 2.276ms
[1132.769s][info][gc] GC(355) Concurrent strong roots 0.038ms
[1132.786s][info][gc] GC(355) Concurrent evacuation 16.480ms
[1132.786s][info][gc] GC(355) Pause Init Update Refs 0.007ms
[1132.817s][info][gc] GC(355) Concurrent update references 31.077ms
[1132.817s][info][gc] GC(355) Concurrent update thread roots 0.301ms
[1132.817s][info][gc] GC(355) Pause Final Update Refs 0.043ms
[1132.818s][info][gc] GC(355) Concurrent cleanup 4048M->256M(4402M) 0.085ms
[1134.853s][info][gc] Trigger: Average GC time (142.05 ms) is above the time for average allocation rate (1855 MB/s) to deplete free headroom (261M) (margin of error = 2.62)
[1134.857s][info][gc] GC(356) Concurrent reset 4.227ms
[1134.858s][info][gc] GC(356) Pause Init Mark (unload classes) 0.038ms
[1134.860s][info][gc] GC(356) Concurrent marking roots 2.160ms
[1134.878s][info][gc] GC(356) Concurrent marking (unload classes) 17.734ms
[1134.878s][info][gc] GC(356) Pause Final Mark (unload classes) 0.154ms
[1134.879s][info][gc] GC(356) Concurrent thread roots 1.019ms
[1134.879s][info][gc] GC(356) Concurrent weak references 0.014ms
[1134.887s][info][gc] GC(356) Concurrent weak roots 7.976ms
[1134.887s][info][gc] GC(356) Concurrent cleanup 3914M->2100M(4402M) 0.039ms
[1134.891s][info][gc] GC(356) Concurrent class unloading 3.475ms
[1134.891s][info][gc] GC(356) Concurrent strong roots 0.038ms
[1134.903s][info][gc] GC(356) Concurrent evacuation 12.594ms
[1134.904s][info][gc] GC(356) Pause Init Update Refs 0.006ms
[1134.912s][info][gc] GC(356) Concurrent update references 8.035ms
[1134.912s][info][gc] GC(356) Concurrent update thread roots 0.286ms
[1134.912s][info][gc] GC(356) Pause Final Update Refs 0.053ms
[1134.913s][info][gc] GC(356) Concurrent cleanup 2172M->118M(4402M) 0.042ms
[1136.956s][info][gc] Trigger: Average GC time (139.88 ms) is above the time for average allocation rate (1920 MB/s) to deplete free headroom (265M) (margin of error = 2.61)
[1136.959s][info][gc] GC(357) Concurrent reset 2.261ms
[1136.959s][info][gc] GC(357) Pause Init Mark (unload classes) 0.035ms
[1136.960s][info][gc] GC(357) Concurrent marking roots 1.078ms
[1137.000s][info][gc] GC(357) Concurrent marking (unload classes) 39.407ms
[1137.000s][info][gc] GC(357) Pause Final Mark (unload classes) 0.217ms
[1137.001s][info][gc] GC(357) Concurrent thread roots 1.183ms
[1137.001s][info][gc] GC(357) Concurrent weak references 0.012ms
[1137.005s][info][gc] GC(357) Concurrent weak roots 3.492ms
[1137.005s][info][gc] GC(357) Concurrent cleanup 3968M->3968M(4402M) 0.006ms
[1137.010s][info][gc] GC(357) Concurrent class unloading 5.322ms
[1137.010s][info][gc] GC(357) Concurrent strong roots 0.039ms
[1137.025s][info][gc] GC(357) Concurrent evacuation 14.283ms
[1137.025s][info][gc] GC(357) Pause Init Update Refs 0.009ms
[1137.054s][info][gc] GC(357) Concurrent update references 29.075ms
[1137.054s][info][gc] GC(357) Concurrent update thread roots 0.279ms
[1137.055s][info][gc] GC(357) Pause Final Update Refs 0.038ms
[1137.055s][info][gc] GC(357) Concurrent cleanup 4051M->223M(4402M) 0.078ms
[1139.040s][info][gc] Trigger: Average GC time (138.16 ms) is above the time for average allocation rate (1865 MB/s) to deplete free headroom (257M) (margin of error = 2.61)
[1139.045s][info][gc] GC(358) Concurrent reset 4.880ms
[1139.045s][info][gc] GC(358) Pause Init Mark (unload classes) 0.037ms
[1139.046s][info][gc] GC(358) Concurrent marking roots 1.324ms
[1139.092s][info][gc] GC(358) Concurrent marking (unload classes) 45.861ms
[1139.093s][info][gc] GC(358) Pause Final Mark (unload classes) 0.235ms
[1139.094s][info][gc] GC(358) Concurrent thread roots 1.518ms
[1139.094s][info][gc] GC(358) Concurrent weak references 0.021ms
[1139.098s][info][gc] GC(358) Concurrent weak roots 4.081ms
[1139.098s][info][gc] GC(358) Concurrent cleanup 3967M->3967M(4402M) 0.011ms
[1139.103s][info][gc] GC(358) Concurrent class unloading 4.822ms
[1139.103s][info][gc] GC(358) Concurrent strong roots 0.050ms
[1139.120s][info][gc] GC(358) Concurrent evacuation 16.699ms
[1139.120s][info][gc] GC(358) Pause Init Update Refs 0.006ms
[1139.152s][info][gc] GC(358) Concurrent update references 31.363ms
[1139.152s][info][gc] GC(358) Concurrent update thread roots 0.284ms
[1139.152s][info][gc] GC(358) Pause Final Update Refs 0.043ms
[1139.153s][info][gc] GC(358) Concurrent cleanup 4086M->272M(4402M) 0.180ms
[1140.053s][info][gc] Concurrent uncommit 1892M->1894M(4296M) 2.675ms
[1141.119s][info][gc] Trigger: Average GC time (147.77 ms) is above the time for average allocation rate (1828 MB/s) to deplete free headroom (266M) (margin of error = 2.61)
[1141.123s][info][gc] GC(359) Concurrent reset 4.094ms
[1141.123s][info][gc] GC(359) Pause Init Mark (unload classes) 0.037ms
[1141.124s][info][gc] GC(359) Concurrent marking roots 1.211ms
[1141.174s][info][gc] GC(359) Concurrent marking (unload classes) 49.758ms
[1141.175s][info][gc] GC(359) Pause Final Mark (unload classes) 0.240ms
[1141.176s][info][gc] GC(359) Concurrent thread roots 1.290ms
[1141.176s][info][gc] GC(359) Concurrent weak references 0.014ms
[1141.181s][info][gc] GC(359) Concurrent weak roots 5.113ms
[1141.181s][info][gc] GC(359) Concurrent cleanup 3976M->3976M(4296M) 0.015ms
[1141.186s][info][gc] GC(359) Concurrent class unloading 4.149ms
[1141.186s][info][gc] GC(359) Concurrent strong roots 0.045ms
[1141.205s][info][gc] GC(359) Concurrent evacuation 19.189ms
[1141.205s][info][gc] GC(359) Pause Init Update Refs 0.006ms
[1141.244s][info][gc] GC(359) Concurrent update references 38.611ms
[1141.244s][info][gc] GC(359) Concurrent update thread roots 0.349ms
[1141.245s][info][gc] GC(359) Pause Final Update Refs 0.043ms
[1141.245s][info][gc] GC(359) Concurrent cleanup 4090M->314M(4296M) 0.074ms
[1143.608s][info][gc] Trigger: Average GC time (160.36 ms) is above the time for average allocation rate (1584 MB/s) to deplete free headroom (249M) (margin of error = 2.62)
[1143.611s][info][gc] GC(360) Concurrent reset 2.943ms
[1143.612s][info][gc] GC(360) Pause Init Mark (unload classes) 0.030ms
[1143.614s][info][gc] GC(360) Concurrent marking roots 2.469ms
[1143.635s][info][gc] GC(360) Concurrent marking (unload classes) 21.093ms
[1143.636s][info][gc] GC(360) Pause Final Mark (unload classes) 0.183ms
[1143.636s][info][gc] GC(360) Concurrent thread roots 0.694ms
[1143.636s][info][gc] GC(360) Concurrent weak references 0.012ms
[1143.645s][info][gc] GC(360) Concurrent weak roots 8.925ms
[1143.646s][info][gc] GC(360) Concurrent cleanup 3950M->2966M(4296M) 0.033ms
[1143.649s][info][gc] GC(360) Concurrent class unloading 3.144ms
[1143.649s][info][gc] GC(360) Concurrent strong roots 0.036ms
[1143.661s][info][gc] GC(360) Concurrent evacuation 12.736ms
[1143.662s][info][gc] GC(360) Pause Init Update Refs 0.008ms
[1143.678s][info][gc] GC(360) Concurrent update references 15.751ms
[1143.678s][info][gc] GC(360) Concurrent update thread roots 0.290ms
[1143.678s][info][gc] GC(360) Pause Final Update Refs 0.040ms
[1143.678s][info][gc] GC(360) Concurrent cleanup 3034M->146M(4296M) 0.060ms
[1146.164s][info][gc] Trigger: Average GC time (157.62 ms) is above the time for average allocation rate (1529 MB/s) to deplete free headroom (240M) (margin of error = 2.61)
[1146.166s][info][gc] GC(361) Concurrent reset 2.210ms
[1146.167s][info][gc] GC(361) Pause Init Mark (unload classes) 0.025ms
[1146.169s][info][gc] GC(361) Concurrent marking roots 1.863ms
[1146.205s][info][gc] GC(361) Concurrent marking (unload classes) 36.087ms
[1146.205s][info][gc] GC(361) Pause Final Mark (unload classes) 0.209ms
[1146.206s][info][gc] GC(361) Concurrent thread roots 0.715ms
[1146.206s][info][gc] GC(361) Concurrent weak references 0.013ms
[1146.210s][info][gc] GC(361) Concurrent weak roots 3.692ms
[1146.210s][info][gc] GC(361) Concurrent cleanup 3982M->3982M(4296M) 0.006ms
[1146.214s][info][gc] GC(361) Concurrent class unloading 3.875ms
[1146.214s][info][gc] GC(361) Concurrent strong roots 0.040ms
[1146.229s][info][gc] GC(361) Concurrent evacuation 15.411ms
[1146.229s][info][gc] GC(361) Pause Init Update Refs 0.006ms
[1146.252s][info][gc] GC(361) Concurrent update references 23.164ms
[1146.253s][info][gc] GC(361) Concurrent update thread roots 0.291ms
[1146.253s][info][gc] GC(361) Pause Final Update Refs 0.051ms
[1146.253s][info][gc] GC(361) Concurrent cleanup 4054M->192M(4296M) 0.076ms
[1148.716s][info][gc] Trigger: Free (459M) is below minimum threshold (460M)
[1148.719s][info][gc] GC(362) Concurrent reset 2.825ms
[1148.719s][info][gc] GC(362) Pause Init Mark (unload classes) 0.028ms
[1148.720s][info][gc] GC(362) Concurrent marking roots 1.383ms
[1148.758s][info][gc] GC(362) Concurrent marking (unload classes) 37.365ms
[1148.758s][info][gc] GC(362) Pause Final Mark (unload classes) 0.231ms
[1148.759s][info][gc] GC(362) Concurrent thread roots 1.306ms
[1148.759s][info][gc] GC(362) Concurrent weak references 0.020ms
[1148.763s][info][gc] GC(362) Concurrent weak roots 3.892ms
[1148.763s][info][gc] GC(362) Concurrent cleanup 3948M->3948M(4296M) 0.013ms
[1148.765s][info][gc] GC(362) Concurrent class unloading 1.900ms
[1148.765s][info][gc] GC(362) Concurrent strong roots 0.041ms
[1148.779s][info][gc] GC(362) Concurrent evacuation 13.647ms
[1148.779s][info][gc] GC(362) Pause Init Update Refs 0.005ms
[1148.802s][info][gc] GC(362) Concurrent update references 22.911ms
[1148.802s][info][gc] GC(362) Concurrent update thread roots 0.250ms
[1148.803s][info][gc] GC(362) Pause Final Update Refs 0.039ms
[1148.803s][info][gc] GC(362) Concurrent cleanup 3995M->154M(4296M) 0.077ms
[1152.163s][info][gc] Trigger: Free (457M) is below minimum threshold (460M)
[1152.166s][info][gc] GC(363) Concurrent reset 2.927ms
[1152.166s][info][gc] GC(363) Pause Init Mark (unload classes) 0.032ms
[1152.168s][info][gc] GC(363) Concurrent marking roots 1.612ms
[1152.199s][info][gc] GC(363) Concurrent marking (unload classes) 30.516ms
[1152.199s][info][gc] GC(363) Pause Final Mark (unload classes) 0.218ms
[1152.201s][info][gc] GC(363) Concurrent thread roots 1.370ms
[1152.201s][info][gc] GC(363) Concurrent weak references 0.013ms
[1152.211s][info][gc] GC(363) Concurrent weak roots 10.157ms
[1152.211s][info][gc] GC(363) Concurrent cleanup 3959M->3863M(4296M) 0.018ms
[1152.214s][info][gc] GC(363) Concurrent class unloading 3.517ms
[1152.214s][info][gc] GC(363) Concurrent strong roots 0.043ms
[1152.228s][info][gc] GC(363) Concurrent evacuation 13.954ms
[1152.229s][info][gc] GC(363) Pause Init Update Refs 0.006ms
[1152.243s][info][gc] GC(363) Concurrent update references 14.457ms
[1152.243s][info][gc] GC(363) Concurrent update thread roots 0.240ms
[1152.244s][info][gc] GC(363) Pause Final Update Refs 0.040ms
[1152.244s][info][gc] GC(363) Concurrent cleanup 3929M->133M(4296M) 0.080ms
[1155.727s][info][gc] Trigger: Free (460M) is below minimum threshold (460M)
[1155.730s][info][gc] GC(364) Concurrent reset 2.967ms
[1155.731s][info][gc] GC(364) Pause Init Mark (unload classes) 0.025ms
[1155.733s][info][gc] GC(364) Concurrent marking roots 1.960ms
[1155.750s][info][gc] GC(364) Concurrent marking (unload classes) 17.668ms
[1155.751s][info][gc] GC(364) Pause Final Mark (unload classes) 0.175ms
[1155.752s][info][gc] GC(364) Concurrent thread roots 0.935ms
[1155.752s][info][gc] GC(364) Concurrent weak references 0.013ms
[1155.762s][info][gc] GC(364) Concurrent weak roots 9.791ms
[1155.762s][info][gc] GC(364) Concurrent cleanup 3945M->2427M(4296M) 0.033ms
[1155.764s][info][gc] GC(364) Concurrent class unloading 2.503ms
[1155.764s][info][gc] GC(364) Concurrent strong roots 0.039ms
[1155.773s][info][gc] GC(364) Concurrent evacuation 8.767ms
[1155.773s][info][gc] GC(364) Pause Init Update Refs 0.005ms
[1155.783s][info][gc] GC(364) Concurrent update references 9.340ms
[1155.783s][info][gc] GC(364) Concurrent update thread roots 0.236ms
[1155.783s][info][gc] GC(364) Pause Final Update Refs 0.037ms
[1155.783s][info][gc] GC(364) Concurrent cleanup 2467M->96M(4296M) 0.053ms
[1159.341s][info][gc] Trigger: Free (459M) is below minimum threshold (460M)
[1159.343s][info][gc] GC(365) Concurrent reset 1.838ms
[1159.343s][info][gc] GC(365) Pause Init Mark (unload classes) 0.029ms
[1159.346s][info][gc] GC(365) Concurrent marking roots 2.315ms
[1159.357s][info][gc] GC(365) Concurrent marking (unload classes) 10.770ms
[1159.357s][info][gc] GC(365) Pause Final Mark (unload classes) 0.125ms
[1159.357s][info][gc] GC(365) Concurrent thread roots 0.337ms
[1159.358s][info][gc] GC(365) Concurrent weak references 0.013ms
[1159.365s][info][gc] GC(365) Concurrent weak roots 7.450ms
[1159.365s][info][gc] GC(365) Concurrent cleanup 3943M->1059M(4296M) 0.056ms
[1159.367s][info][gc] GC(365) Concurrent class unloading 1.561ms
[1159.367s][info][gc] GC(365) Concurrent strong roots 0.039ms
[1159.371s][info][gc] GC(365) Concurrent evacuation 4.388ms
[1159.371s][info][gc] GC(365) Pause Init Update Refs 0.006ms
[1159.377s][info][gc] GC(365) Concurrent update references 6.021ms
[1159.378s][info][gc] GC(365) Concurrent update thread roots 0.279ms
[1159.378s][info][gc] GC(365) Pause Final Update Refs 0.044ms
[1159.378s][info][gc] GC(365) Concurrent cleanup 1086M->80M(4296M) 0.032ms
[1162.740s][info][gc] Trigger: Free (459M) is below minimum threshold (460M)
[1162.741s][info][gc] GC(366) Concurrent reset 0.809ms
[1162.741s][info][gc] GC(366) Pause Init Mark (unload classes) 0.034ms
[1162.742s][info][gc] GC(366) Concurrent marking roots 1.011ms
[1162.773s][info][gc] GC(366) Concurrent marking (unload classes) 30.593ms
[1162.773s][info][gc] GC(366) Pause Final Mark (unload classes) 0.226ms
[1162.775s][info][gc] GC(366) Concurrent thread roots 1.289ms
[1162.775s][info][gc] GC(366) Concurrent weak references 0.014ms
[1162.778s][info][gc] GC(366) Concurrent weak roots 3.396ms
[1162.778s][info][gc] GC(366) Concurrent cleanup 3960M->3960M(4296M) 0.006ms
[1162.780s][info][gc] GC(366) Concurrent class unloading 2.099ms
[1162.780s][info][gc] GC(366) Concurrent strong roots 0.042ms
[1162.795s][info][gc] GC(366) Concurrent evacuation 14.728ms
[1162.795s][info][gc] GC(366) Pause Init Update Refs 0.006ms
[1162.813s][info][gc] GC(366) Concurrent update references 17.252ms
[1162.813s][info][gc] GC(366) Concurrent update thread roots 0.248ms
[1162.813s][info][gc] GC(366) Pause Final Update Refs 0.039ms
[1162.813s][info][gc] GC(366) Concurrent cleanup 4028M->148M(4296M) 0.078ms
[1166.266s][info][gc] Trigger: Free (459M) is below minimum threshold (460M)
[1166.269s][info][gc] GC(367) Concurrent reset 2.783ms
[1166.270s][info][gc] GC(367) Pause Init Mark (unload classes) 0.025ms
[1166.272s][info][gc] GC(367) Concurrent marking roots 1.901ms
[1166.298s][info][gc] GC(367) Concurrent marking (unload classes) 26.679ms
[1166.299s][info][gc] GC(367) Pause Final Mark (unload classes) 0.203ms
[1166.300s][info][gc] GC(367) Concurrent thread roots 1.481ms
[1166.300s][info][gc] GC(367) Concurrent weak references 0.014ms
[1166.313s][info][gc] GC(367) Concurrent weak roots 12.469ms
[1166.313s][info][gc] GC(367) Concurrent cleanup 3957M->3517M(4296M) 0.015ms
[1166.314s][info][gc] GC(367) Concurrent class unloading 1.648ms
[1166.315s][info][gc] GC(367) Concurrent strong roots 0.044ms
[1166.327s][info][gc] GC(367) Concurrent evacuation 12.705ms
[1166.327s][info][gc] GC(367) Pause Init Update Refs 0.006ms
[1166.343s][info][gc] GC(367) Concurrent update references 15.057ms
[1166.343s][info][gc] GC(367) Concurrent update thread roots 0.247ms
[1166.343s][info][gc] GC(367) Pause Final Update Refs 0.043ms
[1166.343s][info][gc] GC(367) Concurrent cleanup 3574M->124M(4296M) 0.070ms
[1169.857s][info][gc] Trigger: Free (457M) is below minimum threshold (460M)
[1169.860s][info][gc] GC(368) Concurrent reset 2.668ms
[1169.860s][info][gc] GC(368) Pause Init Mark (unload classes) 0.033ms
[1169.862s][info][gc] GC(368) Concurrent marking roots 1.368ms
[1169.878s][info][gc] GC(368) Concurrent marking (unload classes) 16.351ms
[1169.879s][info][gc] GC(368) Pause Final Mark (unload classes) 0.153ms
[1169.880s][info][gc] GC(368) Concurrent thread roots 1.054ms
[1169.880s][info][gc] GC(368) Concurrent weak references 0.015ms
[1169.889s][info][gc] GC(368) Concurrent weak roots 9.092ms
[1169.889s][info][gc] GC(368) Concurrent cleanup 3938M->2108M(4296M) 0.038ms
[1169.891s][info][gc] GC(368) Concurrent class unloading 2.365ms
[1169.891s][info][gc] GC(368) Concurrent strong roots 0.041ms
[1169.900s][info][gc] GC(368) Concurrent evacuation 8.308ms
[1169.900s][info][gc] GC(368) Pause Init Update Refs 0.006ms
[1169.908s][info][gc] GC(368) Concurrent update references 8.177ms
[1169.909s][info][gc] GC(368) Concurrent update thread roots 0.240ms
[1169.909s][info][gc] GC(368) Pause Final Update Refs 0.044ms
[1169.909s][info][gc] GC(368) Concurrent cleanup 2146M->86M(4296M) 0.060ms
[1170.052s][info][gc] Concurrent uncommit 248M->248M(4254M) 1.115ms
[1173.440s][info][gc] Trigger: Free (459M) is below minimum threshold (460M)
[1173.442s][info][gc] GC(369) Concurrent reset 1.521ms
[1173.442s][info][gc] GC(369) Pause Init Mark (unload classes) 0.025ms
[1173.444s][info][gc] GC(369) Concurrent marking roots 1.706ms
[1173.453s][info][gc] GC(369) Concurrent marking (unload classes) 8.592ms
[1173.453s][info][gc] GC(369) Pause Final Mark (unload classes) 0.103ms
[1173.454s][info][gc] GC(369) Concurrent thread roots 0.743ms
[1173.454s][info][gc] GC(369) Concurrent weak references 0.012ms
[1173.462s][info][gc] GC(369) Concurrent weak roots 8.516ms
[1173.462s][info][gc] GC(369) Concurrent cleanup 3938M->742M(4254M) 0.064ms
[1173.465s][info][gc] GC(369) Concurrent class unloading 2.287ms
[1173.465s][info][gc] GC(369) Concurrent strong roots 0.032ms
[1173.468s][info][gc] GC(369) Concurrent evacuation 3.160ms
[1173.468s][info][gc] GC(369) Pause Init Update Refs 0.006ms
[1173.473s][info][gc] GC(369) Concurrent update references 4.461ms
[1173.473s][info][gc] GC(369) Concurrent update thread roots 0.237ms
[1173.473s][info][gc] GC(369) Pause Final Update Refs 0.033ms
[1173.473s][info][gc] GC(369) Concurrent cleanup 766M->72M(4254M) 0.020ms
[1176.827s][info][gc] Trigger: Free (457M) is below minimum threshold (460M)
[1176.827s][info][gc] GC(370) Concurrent reset 0.551ms
[1176.827s][info][gc] GC(370) Pause Init Mark (unload classes) 0.023ms
[1176.828s][info][gc] GC(370) Concurrent marking roots 0.836ms
[1176.860s][info][gc] GC(370) Concurrent marking (unload classes) 31.444ms
[1176.860s][info][gc] GC(370) Pause Final Mark (unload classes) 0.233ms
[1176.861s][info][gc] GC(370) Concurrent thread roots 1.133ms
[1176.861s][info][gc] GC(370) Concurrent weak references 0.017ms
[1176.864s][info][gc] GC(370) Concurrent weak roots 2.500ms
[1176.864s][info][gc] GC(370) Concurrent cleanup 3950M->3950M(4254M) 0.014ms
[1176.866s][info][gc] GC(370) Concurrent class unloading 2.352ms
[1176.866s][info][gc] GC(370) Concurrent strong roots 0.048ms
[1176.883s][info][gc] GC(370) Concurrent evacuation 16.316ms
[1176.883s][info][gc] GC(370) Pause Init Update Refs 0.005ms
[1176.898s][info][gc] GC(370) Concurrent update references 15.086ms
[1176.898s][info][gc] GC(370) Concurrent update thread roots 0.228ms
[1176.899s][info][gc] GC(370) Pause Final Update Refs 0.051ms
[1176.899s][info][gc] GC(370) Concurrent cleanup 4022M->136M(4254M) 0.079ms
[1180.383s][info][gc] Trigger: Free (459M) is below minimum threshold (460M)
[1180.387s][info][gc] GC(371) Concurrent reset 2.923ms
[1180.387s][info][gc] GC(371) Pause Init Mark (unload classes) 0.031ms
[1180.389s][info][gc] GC(371) Concurrent marking roots 2.035ms
[1180.414s][info][gc] GC(371) Concurrent marking (unload classes) 24.908ms
[1180.415s][info][gc] GC(371) Pause Final Mark (unload classes) 0.207ms
[1180.416s][info][gc] GC(371) Concurrent thread roots 0.955ms
[1180.416s][info][gc] GC(371) Concurrent weak references 0.014ms
[1180.422s][info][gc] GC(371) Concurrent weak roots 6.330ms
[1180.422s][info][gc] GC(371) Concurrent cleanup 3946M->3218M(4254M) 0.020ms
[1180.424s][info][gc] GC(371) Concurrent class unloading 1.574ms
[1180.424s][info][gc] GC(371) Concurrent strong roots 0.038ms
[1180.435s][info][gc] GC(371) Concurrent evacuation 11.771ms
[1180.436s][info][gc] GC(371) Pause Init Update Refs 0.005ms
[1180.448s][info][gc] GC(371) Concurrent update references 12.135ms
[1180.448s][info][gc] GC(371) Concurrent update thread roots 0.226ms
[1180.448s][info][gc] GC(371) Pause Final Update Refs 0.042ms
[1180.448s][info][gc] GC(371) Concurrent cleanup 3280M->118M(4254M) 0.066ms
[1183.971s][info][gc] Trigger: Free (459M) is below minimum threshold (460M)
[1183.974s][info][gc] GC(372) Concurrent reset 2.292ms
[1183.974s][info][gc] GC(372) Pause Init Mark (unload classes) 0.023ms
[1183.976s][info][gc] GC(372) Concurrent marking roots 2.154ms
[1183.991s][info][gc] GC(372) Concurrent marking (unload classes) 15.175ms
[1183.992s][info][gc] GC(372) Pause Final Mark (unload classes) 0.137ms
[1183.992s][info][gc] GC(372) Concurrent thread roots 0.571ms
[1183.992s][info][gc] GC(372) Concurrent weak references 0.013ms
[1183.999s][info][gc] GC(372) Concurrent weak roots 6.752ms
[1183.999s][info][gc] GC(372) Concurrent cleanup 3944M->1828M(4254M) 0.043ms
[1184.001s][info][gc] GC(372) Concurrent class unloading 1.440ms
[1184.001s][info][gc] GC(372) Concurrent strong roots 0.036ms
[1184.008s][info][gc] GC(372) Concurrent evacuation 6.924ms
[1184.008s][info][gc] GC(372) Pause Init Update Refs 0.008ms
[1184.016s][info][gc] GC(372) Concurrent update references 8.086ms
[1184.016s][info][gc] GC(372) Concurrent update thread roots 0.248ms
[1184.016s][info][gc] GC(372) Pause Final Update Refs 0.036ms
[1184.016s][info][gc] GC(372) Concurrent cleanup 1870M->96M(4254M) 0.040ms
[1187.569s][info][gc] Trigger: Free (459M) is below minimum threshold (460M)
[1187.571s][info][gc] GC(373) Concurrent reset 1.313ms
[1187.571s][info][gc] GC(373) Pause Init Mark (unload classes) 0.033ms
[1187.573s][info][gc] GC(373) Concurrent marking roots 2.376ms
[1187.580s][info][gc] GC(373) Concurrent marking (unload classes) 6.510ms
[1187.580s][info][gc] GC(373) Pause Final Mark (unload classes) 0.110ms
[1187.581s][info][gc] GC(373) Concurrent thread roots 0.639ms
[1187.581s][info][gc] GC(373) Concurrent weak references 0.013ms
[1187.588s][info][gc] GC(373) Concurrent weak roots 6.751ms
[1187.588s][info][gc] GC(373) Concurrent cleanup 3940M->440M(4254M) 0.069ms
[1187.590s][info][gc] GC(373) Concurrent class unloading 2.439ms
[1187.591s][info][gc] GC(373) Concurrent strong roots 0.041ms
[1187.593s][info][gc] GC(373) Concurrent evacuation 2.110ms
[1187.593s][info][gc] GC(373) Pause Init Update Refs 0.006ms
[1187.597s][info][gc] GC(373) Concurrent update references 3.747ms
[1187.597s][info][gc] GC(373) Concurrent update thread roots 0.210ms
[1187.597s][info][gc] GC(373) Pause Final Update Refs 0.032ms
[1187.597s][info][gc] GC(373) Concurrent cleanup 458M->68M(4254M) 0.015ms
[1190.996s][info][gc] Trigger: Free (457M) is below minimum threshold (460M)
[1190.997s][info][gc] GC(374) Concurrent reset 0.356ms
[1190.997s][info][gc] GC(374) Pause Init Mark (unload classes) 0.025ms
[1190.998s][info][gc] GC(374) Concurrent marking roots 1.300ms
[1191.028s][info][gc] GC(374) Concurrent marking (unload classes) 29.482ms
[1191.028s][info][gc] GC(374) Pause Final Mark (unload classes) 0.246ms
[1191.029s][info][gc] GC(374) Concurrent thread roots 1.084ms
[1191.029s][info][gc] GC(374) Concurrent weak references 0.014ms
[1191.031s][info][gc] GC(374) Concurrent weak roots 1.801ms
[1191.031s][info][gc] GC(374) Concurrent cleanup 3959M->3959M(4254M) 0.006ms
[1191.032s][info][gc] GC(374) Concurrent class unloading 1.325ms
[1191.032s][info][gc] GC(374) Concurrent strong roots 0.040ms
[1191.047s][info][gc] GC(374) Concurrent evacuation 14.103ms
[1191.047s][info][gc] GC(374) Pause Init Update Refs 0.005ms
[1191.062s][info][gc] GC(374) Concurrent update references 15.235ms
[1191.062s][info][gc] GC(374) Concurrent update thread roots 0.237ms
[1191.063s][info][gc] GC(374) Pause Final Update Refs 0.035ms
[1191.063s][info][gc] GC(374) Concurrent cleanup 4018M->132M(4254M) 0.078ms
[1194.511s][info][gc] Trigger: Free (457M) is below minimum threshold (460M)
[1194.514s][info][gc] GC(375) Concurrent reset 2.795ms
[1194.514s][info][gc] GC(375) Pause Init Mark (unload classes) 0.025ms
[1194.515s][info][gc] GC(375) Concurrent marking roots 1.339ms
[1194.538s][info][gc] GC(375) Concurrent marking (unload classes) 22.739ms
[1194.538s][info][gc] GC(375) Pause Final Mark (unload classes) 0.173ms
[1194.539s][info][gc] GC(375) Concurrent thread roots 0.616ms
[1194.539s][info][gc] GC(375) Concurrent weak references 0.013ms
[1194.545s][info][gc] GC(375) Concurrent weak roots 5.342ms
[1194.545s][info][gc] GC(375) Concurrent cleanup 3956M->2930M(4254M) 0.024ms
[1194.546s][info][gc] GC(375) Concurrent class unloading 1.752ms
[1194.546s][info][gc] GC(375) Concurrent strong roots 0.042ms
[1194.557s][info][gc] GC(375) Concurrent evacuation 10.686ms
[1194.557s][info][gc] GC(375) Pause Init Update Refs 0.009ms
[1194.570s][info][gc] GC(375) Concurrent update references 12.451ms
[1194.570s][info][gc] GC(375) Concurrent update thread roots 0.241ms
[1194.570s][info][gc] GC(375) Pause Final Update Refs 0.037ms
[1194.570s][info][gc] GC(375) Concurrent cleanup 2988M->124M(4254M) 0.060ms
[1197.375s][info][gc] Trigger: Free (459M) is below minimum threshold (460M)
[1197.378s][info][gc] GC(376) Concurrent reset 3.259ms
[1197.379s][info][gc] GC(376) Pause Init Mark (unload classes) 0.033ms
[1197.383s][info][gc] GC(376) Concurrent marking roots 3.859ms
[1197.407s][info][gc] GC(376) Concurrent marking (unload classes) 24.595ms
[1197.408s][info][gc] GC(376) Pause Final Mark (unload classes) 0.162ms
[1197.410s][info][gc] GC(376) Concurrent thread roots 1.691ms
[1197.410s][info][gc] GC(376) Concurrent weak references 0.014ms
[1197.422s][info][gc] GC(376) Concurrent weak roots 12.867ms
[1197.423s][info][gc] GC(376) Concurrent cleanup 4016M->1602M(4254M) 0.057ms
[1197.429s][info][gc] GC(376) Concurrent class unloading 6.642ms
[1197.429s][info][gc] GC(376) Concurrent strong roots 0.062ms
[1197.440s][info][gc] GC(376) Concurrent evacuation 10.969ms
[1197.441s][info][gc] GC(376) Pause Init Update Refs 0.006ms
[1197.455s][info][gc] GC(376) Concurrent update references 14.440ms
[1197.456s][info][gc] GC(376) Concurrent update thread roots 0.376ms
[1197.456s][info][gc] GC(376) Pause Final Update Refs 0.037ms
[1197.456s][info][gc] GC(376) Concurrent cleanup 1704M->220M(4254M) 0.054ms
[1198.935s][info][gc] Trigger: Average GC time (108.26 ms) is above the time for average allocation rate (2476 MB/s) to deplete free headroom (262M) (margin of error = 2.61)
[1198.937s][info][gc] GC(377) Concurrent reset 1.696ms
[1198.937s][info][gc] GC(377) Pause Init Mark (unload classes) 0.037ms
[1198.939s][info][gc] GC(377) Concurrent marking roots 1.659ms
[1198.981s][info][gc] GC(377) Concurrent marking (unload classes) 41.440ms
[1198.981s][info][gc] GC(377) Pause Final Mark (unload classes) 0.219ms
[1198.984s][info][gc] GC(377) Concurrent thread roots 2.947ms
[1198.984s][info][gc] GC(377) Concurrent weak references 0.023ms
[1198.993s][info][gc] GC(377) Concurrent weak roots 8.894ms
[1198.993s][info][gc] GC(377) Concurrent cleanup 4006M->4006M(4254M) 0.014ms
[1199.004s][info][gc] GC(377) Concurrent class unloading 11.214ms
[1199.005s][info][gc] GC(377) Concurrent strong roots 0.073ms
[1199.026s][info][gc] GC(377) Concurrent evacuation 21.357ms
[1199.026s][info][gc] GC(377) Pause Init Update Refs 0.007ms
[1199.061s][info][gc] GC(377) Concurrent update references 34.666ms
[1199.062s][info][gc] GC(377) Concurrent update thread roots 0.397ms
[1199.062s][info][gc] GC(377) Pause Final Update Refs 0.043ms
[1199.062s][info][gc] GC(377) Concurrent cleanup 4159M->315M(4316M) 0.076ms
[1200.055s][info][gc] Concurrent uncommit 2758M->2758M(4266M) 2.436ms
[1200.444s][info][gc] Trigger: Average GC time (179.41 ms) is above the time for average allocation rate (2523 MB/s) to deplete free headroom (451M) (margin of error = 2.63)
[1200.448s][info][gc] GC(378) Concurrent reset 3.277ms
[1200.449s][info][gc] GC(378) Pause Init Mark (unload classes) 0.030ms
[1200.451s][info][gc] GC(378) Concurrent marking roots 2.382ms
[1200.516s][info][gc] GC(378) Concurrent marking (unload classes) 65.224ms
[1200.517s][info][gc] GC(378) Pause Final Mark (unload classes) 0.240ms
[1200.519s][info][gc] GC(378) Concurrent thread roots 1.699ms
[1200.519s][info][gc] GC(378) Concurrent weak references 0.016ms
[1200.534s][info][gc] GC(378) Concurrent weak roots 15.004ms
[1200.534s][info][gc] GC(378) Concurrent cleanup 3889M->3889M(4266M) 0.016ms
[1200.538s][info][gc] GC(378) Concurrent class unloading 4.107ms
[1200.538s][info][gc] GC(378) Concurrent strong roots 0.094ms
[1200.561s][info][gc] GC(378) Concurrent evacuation 23.325ms
[1200.562s][info][gc] GC(378) Pause Init Update Refs 0.006ms
[1200.609s][info][gc] GC(378) Concurrent update references 47.596ms
[1200.610s][info][gc] GC(378) Concurrent update thread roots 0.299ms
[1200.610s][info][gc] GC(378) Pause Final Update Refs 0.048ms
[1200.610s][info][gc] GC(378) Concurrent cleanup 4075M->446M(4266M) 0.073ms
[1201.881s][info][gc] Trigger: Average GC time (237.98 ms) is above the time for average allocation rate (2493 MB/s) to deplete free headroom (590M) (margin of error = 2.66)
[1201.885s][info][gc] GC(379) Concurrent reset 4.132ms
[1201.885s][info][gc] GC(379) Pause Init Mark (unload classes) 0.036ms
[1201.887s][info][gc] GC(379) Concurrent marking roots 1.379ms
[1201.939s][info][gc] GC(379) Concurrent marking (unload classes) 52.301ms
[1201.940s][info][gc] GC(379) Pause Final Mark (unload classes) 0.217ms
[1201.942s][info][gc] GC(379) Concurrent thread roots 1.965ms
[1201.942s][info][gc] GC(379) Concurrent weak references 0.013ms
[1201.956s][info][gc] GC(379) Concurrent weak roots 14.787ms
[1201.957s][info][gc] GC(379) Concurrent cleanup 3716M->3716M(4266M) 0.015ms
[1201.965s][info][gc] GC(379) Concurrent class unloading 8.625ms
[1201.965s][info][gc] GC(379) Concurrent strong roots 0.070ms
[1201.983s][info][gc] GC(379) Concurrent evacuation 17.549ms
[1201.983s][info][gc] GC(379) Pause Init Update Refs 0.011ms
[1202.030s][info][gc] GC(379) Concurrent update references 46.834ms
[1202.031s][info][gc] GC(379) Concurrent update thread roots 0.361ms
[1202.031s][info][gc] GC(379) Pause Final Update Refs 0.048ms
[1202.031s][info][gc] GC(379) Concurrent cleanup 3894M->428M(4266M) 0.068ms
[1203.299s][info][gc] Trigger: Average GC time (220.85 ms) is above the time for average allocation rate (2568 MB/s) to deplete free headroom (565M) (margin of error = 2.67)
[1203.303s][info][gc] GC(380) Concurrent reset 3.855ms
[1203.303s][info][gc] GC(380) Pause Init Mark (unload classes) 0.034ms
[1203.306s][info][gc] GC(380) Concurrent marking roots 2.305ms
[1203.365s][info][gc] GC(380) Concurrent marking (unload classes) 59.491ms
[1203.366s][info][gc] GC(380) Pause Final Mark (unload classes) 0.216ms
[1203.369s][info][gc] GC(380) Concurrent thread roots 3.318ms
[1203.369s][info][gc] GC(380) Concurrent weak references 0.023ms
[1203.377s][info][gc] GC(380) Concurrent weak roots 7.910ms
[1203.377s][info][gc] GC(380) Concurrent cleanup 3762M->3762M(4266M) 0.015ms
[1203.386s][info][gc] GC(380) Concurrent class unloading 9.210ms
[1203.386s][info][gc] GC(380) Concurrent strong roots 0.046ms
[1203.406s][info][gc] GC(380) Concurrent evacuation 19.214ms
[1203.406s][info][gc] GC(380) Pause Init Update Refs 0.006ms
[1203.461s][info][gc] GC(380) Concurrent update references 55.391ms
[1203.462s][info][gc] GC(380) Concurrent update thread roots 0.302ms
[1203.462s][info][gc] GC(380) Pause Final Update Refs 0.039ms
[1203.462s][info][gc] GC(380) Concurrent cleanup 3946M->476M(4286M) 0.078ms
[1204.714s][info][gc] Trigger: Average GC time (216.14 ms) is above the time for average allocation rate (2476 MB/s) to deplete free headroom (531M) (margin of error = 2.69)
[1204.718s][info][gc] GC(381) Concurrent reset 3.859ms
[1204.718s][info][gc] GC(381) Pause Init Mark (unload classes) 0.036ms
[1204.720s][info][gc] GC(381) Concurrent marking roots 2.158ms
[1204.794s][info][gc] GC(381) Concurrent marking (unload classes) 73.646ms
[1204.794s][info][gc] GC(381) Pause Final Mark (unload classes) 0.208ms
[1204.798s][info][gc] GC(381) Concurrent thread roots 3.318ms
[1204.798s][info][gc] GC(381) Concurrent weak references 0.013ms
[1204.807s][info][gc] GC(381) Concurrent weak roots 8.738ms
[1204.807s][info][gc] GC(381) Concurrent cleanup 3800M->3800M(4286M) 0.013ms
[1204.812s][info][gc] GC(381) Concurrent class unloading 4.823ms
[1204.812s][info][gc] GC(381) Concurrent strong roots 0.070ms
[1204.833s][info][gc] GC(381) Concurrent evacuation 21.252ms
[1204.833s][info][gc] GC(381) Pause Init Update Refs 0.005ms
[1204.894s][info][gc] GC(381) Concurrent update references 60.767ms
[1204.895s][info][gc] GC(381) Concurrent update thread roots 0.280ms
[1204.895s][info][gc] GC(381) Pause Final Update Refs 0.048ms
[1204.895s][info][gc] GC(381) Concurrent cleanup 4030M->550M(4314M) 0.067ms
[1206.358s][info][gc] Trigger: Average GC time (226.61 ms) is above the time for average allocation rate (2118 MB/s) to deplete free headroom (478M) (margin of error = 2.70)
[1206.362s][info][gc] GC(382) Concurrent reset 3.881ms
[1206.362s][info][gc] GC(382) Pause Init Mark (unload classes) 0.035ms
[1206.365s][info][gc] GC(382) Concurrent marking roots 3.052ms
[1206.383s][info][gc] GC(382) Concurrent marking (unload classes) 17.633ms
[1206.383s][info][gc] GC(382) Pause Final Mark (unload classes) 0.162ms
[1206.385s][info][gc] GC(382) Concurrent thread roots 1.709ms
[1206.385s][info][gc] GC(382) Concurrent weak references 0.019ms
[1206.394s][info][gc] GC(382) Concurrent weak roots 9.019ms
[1206.394s][info][gc] GC(382) Concurrent cleanup 3720M->1876M(4314M) 0.043ms
[1206.397s][info][gc] GC(382) Concurrent class unloading 2.976ms
[1206.397s][info][gc] GC(382) Concurrent strong roots 0.036ms
[1206.407s][info][gc] GC(382) Concurrent evacuation 9.511ms
[1206.407s][info][gc] GC(382) Pause Init Update Refs 0.012ms
[1206.421s][info][gc] GC(382) Concurrent update references 14.131ms
[1206.422s][info][gc] GC(382) Concurrent update thread roots 0.309ms
[1206.422s][info][gc] GC(382) Pause Final Update Refs 0.038ms
[1206.422s][info][gc] GC(382) Concurrent cleanup 1950M->156M(4314M) 0.078ms
[1208.076s][info][gc] Trigger: Average GC time (259.51 ms) is above the time for average allocation rate (2109 MB/s) to deplete free headroom (546M) (margin of error = 2.70)
[1208.078s][info][gc] GC(383) Concurrent reset 2.018ms
[1208.078s][info][gc] GC(383) Pause Init Mark (unload classes) 0.039ms
[1208.079s][info][gc] GC(383) Concurrent marking roots 1.076ms
[1208.113s][info][gc] GC(383) Concurrent marking (unload classes) 33.898ms
[1208.113s][info][gc] GC(383) Pause Final Mark (unload classes) 0.249ms
[1208.114s][info][gc] GC(383) Concurrent thread roots 0.213ms
[1208.114s][info][gc] GC(383) Concurrent weak references 0.013ms
[1208.119s][info][gc] GC(383) Concurrent weak roots 4.976ms
[1208.119s][info][gc] GC(383) Concurrent cleanup 3670M->3670M(4314M) 0.014ms
[1208.123s][info][gc] GC(383) Concurrent class unloading 4.323ms
[1208.123s][info][gc] GC(383) Concurrent strong roots 0.068ms
[1208.139s][info][gc] GC(383) Concurrent evacuation 15.848ms
[1208.139s][info][gc] GC(383) Pause Init Update Refs 0.008ms
[1208.164s][info][gc] GC(383) Concurrent update references 24.901ms
[1208.165s][info][gc] GC(383) Concurrent update thread roots 0.340ms
[1208.165s][info][gc] GC(383) Pause Final Update Refs 0.051ms
[1208.165s][info][gc] GC(383) Concurrent cleanup 3786M->230M(4314M) 0.069ms
[1209.827s][info][gc] Trigger: Average GC time (209.96 ms) is above the time for average allocation rate (2128 MB/s) to deplete free headroom (446M) (margin of error = 2.69)
[1209.831s][info][gc] GC(384) Concurrent reset 4.103ms
[1209.831s][info][gc] GC(384) Pause Init Mark (unload classes) 0.040ms
[1209.833s][info][gc] GC(384) Concurrent marking roots 1.480ms
[1209.870s][info][gc] GC(384) Concurrent marking (unload classes) 37.001ms
[1209.870s][info][gc] GC(384) Pause Final Mark (unload classes) 0.223ms
[1209.872s][info][gc] GC(384) Concurrent thread roots 1.537ms
[1209.872s][info][gc] GC(384) Concurrent weak references 0.020ms
[1209.876s][info][gc] GC(384) Concurrent weak roots 3.937ms
[1209.876s][info][gc] GC(384) Concurrent cleanup 3766M->3764M(4314M) 0.007ms
[1209.880s][info][gc] GC(384) Concurrent class unloading 4.285ms
[1209.880s][info][gc] GC(384) Concurrent strong roots 0.077ms
[1209.899s][info][gc] GC(384) Concurrent evacuation 18.226ms
[1209.899s][info][gc] GC(384) Pause Init Update Refs 0.006ms
[1209.930s][info][gc] GC(384) Concurrent update references 31.067ms
[1209.930s][info][gc] GC(384) Concurrent update thread roots 0.330ms
[1209.931s][info][gc] GC(384) Pause Final Update Refs 0.049ms
[1209.931s][info][gc] GC(384) Concurrent cleanup 3886M->256M(4314M) 0.070ms
[1211.623s][info][gc] Trigger: Average GC time (179.26 ms) is above the time for average allocation rate (2130 MB/s) to deplete free headroom (380M) (margin of error = 2.69)
[1211.626s][info][gc] GC(385) Concurrent reset 2.877ms
[1211.627s][info][gc] GC(385) Pause Init Mark (unload classes) 0.035ms
[1211.629s][info][gc] GC(385) Concurrent marking roots 1.647ms
[1211.680s][info][gc] GC(385) Concurrent marking (unload classes) 51.001ms
[1211.680s][info][gc] GC(385) Pause Final Mark (unload classes) 0.208ms
[1211.682s][info][gc] GC(385) Concurrent thread roots 1.832ms
[1211.682s][info][gc] GC(385) Concurrent weak references 0.029ms
[1211.686s][info][gc] GC(385) Concurrent weak roots 4.050ms
[1211.686s][info][gc] GC(385) Concurrent cleanup 3876M->3874M(4314M) 0.014ms
[1211.689s][info][gc] GC(385) Concurrent class unloading 2.766ms
[1211.689s][info][gc] GC(385) Concurrent strong roots 0.062ms
[1211.707s][info][gc] GC(385) Concurrent evacuation 18.109ms
[1211.707s][info][gc] GC(385) Pause Init Update Refs 0.010ms
[1211.748s][info][gc] GC(385) Concurrent update references 40.925ms
[1211.749s][info][gc] GC(385) Concurrent update thread roots 0.270ms
[1211.749s][info][gc] GC(385) Pause Final Update Refs 0.043ms
[1211.749s][info][gc] GC(385) Concurrent cleanup 4016M->344M(4314M) 0.071ms
[1213.502s][info][gc] Trigger: Average GC time (176.01 ms) is above the time for average allocation rate (1853 MB/s) to deplete free headroom (320M) (margin of error = 2.69)
[1213.507s][info][gc] GC(386) Concurrent reset 3.984ms
[1213.507s][info][gc] GC(386) Pause Init Mark (unload classes) 0.036ms
[1213.510s][info][gc] GC(386) Concurrent marking roots 2.920ms
[1213.536s][info][gc] GC(386) Concurrent marking (unload classes) 25.840ms
[1213.536s][info][gc] GC(386) Pause Final Mark (unload classes) 0.180ms
[1213.537s][info][gc] GC(386) Concurrent thread roots 0.929ms
[1213.537s][info][gc] GC(386) Concurrent weak references 0.014ms
[1213.545s][info][gc] GC(386) Concurrent weak roots 8.136ms
[1213.545s][info][gc] GC(386) Concurrent cleanup 3895M->2659M(4314M) 0.029ms
[1213.551s][info][gc] GC(386) Concurrent class unloading 5.505ms
[1213.551s][info][gc] GC(386) Concurrent strong roots 0.064ms
[1213.570s][info][gc] GC(386) Concurrent evacuation 18.682ms
[1213.570s][info][gc] GC(386) Pause Init Update Refs 0.006ms
[1213.588s][info][gc] GC(386) Concurrent update references 17.352ms
[1213.588s][info][gc] GC(386) Concurrent update thread roots 0.312ms
[1213.588s][info][gc] GC(386) Pause Final Update Refs 0.053ms
[1213.588s][info][gc] GC(386) Concurrent cleanup 2790M->220M(4314M) 0.053ms
[1215.308s][info][gc] Trigger: Average GC time (158.07 ms) is above the time for average allocation rate (2186 MB/s) to deplete free headroom (343M) (margin of error = 2.68)
[1215.310s][info][gc] GC(387) Concurrent reset 2.771ms
[1215.311s][info][gc] GC(387) Pause Init Mark (unload classes) 0.029ms
[1215.312s][info][gc] GC(387) Concurrent marking roots 1.288ms
[1215.357s][info][gc] GC(387) Concurrent marking (unload classes) 45.014ms
[1215.358s][info][gc] GC(387) Pause Final Mark (unload classes) 0.209ms
[1215.359s][info][gc] GC(387) Concurrent thread roots 1.254ms
[1215.359s][info][gc] GC(387) Concurrent weak references 0.013ms
[1215.369s][info][gc] GC(387) Concurrent weak roots 9.654ms
[1215.369s][info][gc] GC(387) Concurrent cleanup 3908M->3908M(4314M) 0.013ms
[1215.374s][info][gc] GC(387) Concurrent class unloading 4.865ms
[1215.374s][info][gc] GC(387) Concurrent strong roots 0.037ms
[1215.392s][info][gc] GC(387) Concurrent evacuation 18.308ms
[1215.392s][info][gc] GC(387) Pause Init Update Refs 0.006ms
[1215.429s][info][gc] GC(387) Concurrent update references 37.052ms
[1215.430s][info][gc] GC(387) Concurrent update thread roots 0.315ms
[1215.430s][info][gc] GC(387) Pause Final Update Refs 0.041ms
[1215.430s][info][gc] GC(387) Concurrent cleanup 4052M->320M(4314M) 0.168ms
[1217.096s][info][gc] Trigger: Average GC time (162.36 ms) is above the time for average allocation rate (2134 MB/s) to deplete free headroom (343M) (margin of error = 2.68)
[1217.099s][info][gc] GC(388) Concurrent reset 3.709ms
[1217.100s][info][gc] GC(388) Pause Init Mark (unload classes) 0.033ms
[1217.102s][info][gc] GC(388) Concurrent marking roots 2.027ms
[1217.151s][info][gc] GC(388) Concurrent marking (unload classes) 49.329ms
[1217.152s][info][gc] GC(388) Pause Final Mark (unload classes) 0.204ms
[1217.153s][info][gc] GC(388) Concurrent thread roots 0.997ms
[1217.153s][info][gc] GC(388) Concurrent weak references 0.012ms
[1217.157s][info][gc] GC(388) Concurrent weak roots 4.324ms
[1217.157s][info][gc] GC(388) Concurrent cleanup 3910M->3910M(4314M) 0.009ms
[1217.160s][info][gc] GC(388) Concurrent class unloading 3.339ms
[1217.161s][info][gc] GC(388) Concurrent strong roots 0.063ms
[1217.179s][info][gc] GC(388) Concurrent evacuation 18.118ms
[1217.179s][info][gc] GC(388) Pause Init Update Refs 0.011ms
[1217.215s][info][gc] GC(388) Concurrent update references 35.817ms
[1217.215s][info][gc] GC(388) Concurrent update thread roots 0.262ms
[1217.215s][info][gc] GC(388) Pause Final Update Refs 0.044ms
[1217.216s][info][gc] GC(388) Concurrent cleanup 4044M->340M(4314M) 0.109ms
[1218.873s][info][gc] Trigger: Average GC time (153.53 ms) is above the time for average allocation rate (2108 MB/s) to deplete free headroom (323M) (margin of error = 2.68)
[1218.877s][info][gc] GC(389) Concurrent reset 3.993ms
[1218.878s][info][gc] GC(389) Pause Init Mark (unload classes) 0.035ms
[1218.879s][info][gc] GC(389) Concurrent marking roots 1.562ms
[1218.937s][info][gc] GC(389) Concurrent marking (unload classes) 57.605ms
[1218.937s][info][gc] GC(389) Pause Final Mark (unload classes) 0.225ms
[1218.939s][info][gc] GC(389) Concurrent thread roots 1.660ms
[1218.939s][info][gc] GC(389) Concurrent weak references 0.009ms
[1218.944s][info][gc] GC(389) Concurrent weak roots 4.581ms
[1218.944s][info][gc] GC(389) Concurrent cleanup 3938M->3938M(4314M) 0.011ms
[1218.947s][info][gc] GC(389) Concurrent class unloading 3.802ms
[1218.948s][info][gc] GC(389) Concurrent strong roots 0.074ms
[1218.964s][info][gc] GC(389) Concurrent evacuation 16.503ms
[1218.964s][info][gc] GC(389) Pause Init Update Refs 0.006ms
[1219.008s][info][gc] GC(389) Concurrent update references 44.013ms
[1219.009s][info][gc] GC(389) Concurrent update thread roots 0.292ms
[1219.009s][info][gc] GC(389) Pause Final Update Refs 0.047ms
[1219.009s][info][gc] GC(389) Concurrent cleanup 4088M->392M(4314M) 0.071ms
[1220.653s][info][gc] Trigger: Average GC time (164.06 ms) is above the time for average allocation rate (2090 MB/s) to deplete free headroom (342M) (margin of error = 2.69)
[1220.657s][info][gc] GC(390) Concurrent reset 4.263ms
[1220.657s][info][gc] GC(390) Pause Init Mark (unload classes) 0.039ms
[1220.659s][info][gc] GC(390) Concurrent marking roots 1.434ms
[1220.731s][info][gc] GC(390) Concurrent marking (unload classes) 72.407ms
[1220.732s][info][gc] GC(390) Pause Final Mark (unload classes) 0.222ms
[1220.733s][info][gc] GC(390) Concurrent thread roots 1.371ms
[1220.733s][info][gc] GC(390) Concurrent weak references 0.017ms
[1220.741s][info][gc] GC(390) Concurrent weak roots 7.693ms
[1220.741s][info][gc] GC(390) Concurrent cleanup 3936M->3936M(4314M) 0.013ms
[1220.747s][info][gc] GC(390) Concurrent class unloading 5.586ms
[1220.747s][info][gc] GC(390) Concurrent strong roots 0.038ms
[1220.764s][info][gc] GC(390) Concurrent evacuation 17.241ms
[1220.764s][info][gc] GC(390) Pause Init Update Refs 0.007ms
[1220.818s][info][gc] GC(390) Concurrent update references 53.237ms
[1220.818s][info][gc] GC(390) Concurrent update thread roots 0.287ms
[1220.818s][info][gc] GC(390) Pause Final Update Refs 0.038ms
[1220.818s][info][gc] GC(390) Concurrent cleanup 4100M->454M(4318M) 0.071ms
[1223.170s][info][gc] Trigger: Average GC time (206.23 ms) is above the time for average allocation rate (1539 MB/s) to deplete free headroom (316M) (margin of error = 2.70)
[1223.173s][info][gc] GC(391) Concurrent reset 2.905ms
[1223.173s][info][gc] GC(391) Pause Init Mark (unload classes) 0.029ms
[1223.176s][info][gc] GC(391) Concurrent marking roots 2.718ms
[1223.201s][info][gc] GC(391) Concurrent marking (unload classes) 25.278ms
[1223.201s][info][gc] GC(391) Pause Final Mark (unload classes) 0.193ms
[1223.202s][info][gc] GC(391) Concurrent thread roots 0.796ms
[1223.202s][info][gc] GC(391) Concurrent weak references 0.014ms
[1223.213s][info][gc] GC(391) Concurrent weak roots 10.916ms
[1223.213s][info][gc] GC(391) Concurrent cleanup 3887M->3323M(4318M) 0.022ms
[1223.218s][info][gc] GC(391) Concurrent class unloading 4.461ms
[1223.218s][info][gc] GC(391) Concurrent strong roots 0.041ms
[1223.230s][info][gc] GC(391) Concurrent evacuation 12.357ms
[1223.231s][info][gc] GC(391) Pause Init Update Refs 0.012ms
[1223.247s][info][gc] GC(391) Concurrent update references 16.710ms
[1223.248s][info][gc] GC(391) Concurrent update thread roots 0.224ms
[1223.248s][info][gc] GC(391) Pause Final Update Refs 0.039ms
[1223.248s][info][gc] GC(391) Concurrent cleanup 3403M->163M(4318M) 0.067ms
[1225.756s][info][gc] Trigger: Average GC time (212.40 ms) is above the time for average allocation rate (1587 MB/s) to deplete free headroom (334M) (margin of error = 2.68)
[1225.758s][info][gc] GC(392) Concurrent reset 2.472ms
[1225.758s][info][gc] GC(392) Pause Init Mark (unload classes) 0.027ms
[1225.761s][info][gc] GC(392) Concurrent marking roots 2.218ms
[1225.775s][info][gc] GC(392) Concurrent marking (unload classes) 14.337ms
[1225.776s][info][gc] GC(392) Pause Final Mark (unload classes) 0.133ms
[1225.776s][info][gc] GC(392) Concurrent thread roots 0.854ms
[1225.777s][info][gc] GC(392) Concurrent weak references 0.013ms
[1225.787s][info][gc] GC(392) Concurrent weak roots 10.600ms
[1225.787s][info][gc] GC(392) Concurrent cleanup 3847M->1587M(4318M) 0.051ms
[1225.789s][info][gc] GC(392) Concurrent class unloading 2.117ms
[1225.789s][info][gc] GC(392) Concurrent strong roots 0.039ms
[1225.797s][info][gc] GC(392) Concurrent evacuation 7.641ms
[1225.797s][info][gc] GC(392) Pause Init Update Refs 0.007ms
[1225.808s][info][gc] GC(392) Concurrent update references 10.565ms
[1225.808s][info][gc] GC(392) Concurrent update thread roots 0.214ms
[1225.808s][info][gc] GC(392) Pause Final Update Refs 0.037ms
[1225.808s][info][gc] GC(392) Concurrent cleanup 1643M->119M(4318M) 0.036ms
[1228.431s][info][gc] Trigger: Free (458M) is below minimum threshold (460M)
[1228.433s][info][gc] GC(393) Concurrent reset 1.207ms
[1228.433s][info][gc] GC(393) Pause Init Mark (unload classes) 0.025ms
[1228.435s][info][gc] GC(393) Concurrent marking roots 1.784ms
[1228.440s][info][gc] GC(393) Concurrent marking (unload classes) 5.712ms
[1228.441s][info][gc] GC(393) Pause Final Mark (unload classes) 0.077ms
[1228.441s][info][gc] GC(393) Concurrent weak references 0.020ms
[1228.449s][info][gc] GC(393) Concurrent weak roots 7.912ms
[1228.449s][info][gc] GC(393) Concurrent cleanup 3935M->209M(4318M) 0.072ms
[1228.451s][info][gc] GC(393) Concurrent class unloading 2.561ms
[1228.451s][info][gc] GC(393) Pause Final Roots 0.002ms
[1230.858s][info][gc] Trigger: Average GC time (162.91 ms) is above the time for average allocation rate (1523 MB/s) to deplete free headroom (244M) (margin of error = 2.67)
[1230.859s][info][gc] GC(394) Concurrent reset 0.223ms
[1230.859s][info][gc] GC(394) Pause Init Mark (unload classes) 0.023ms
[1230.861s][info][gc] GC(394) Concurrent marking roots 2.258ms
[1230.889s][info][gc] GC(394) Concurrent marking (unload classes) 27.939ms
[1230.889s][info][gc] GC(394) Pause Final Mark (unload classes) 0.220ms
[1230.890s][info][gc] GC(394) Concurrent thread roots 0.482ms
[1230.890s][info][gc] GC(394) Concurrent weak references 0.015ms
[1230.894s][info][gc] GC(394) Concurrent weak roots 4.290ms
[1230.894s][info][gc] GC(394) Concurrent cleanup 3951M->3951M(4318M) 0.010ms
[1230.896s][info][gc] GC(394) Concurrent class unloading 1.851ms
[1230.896s][info][gc] GC(394) Concurrent strong roots 0.040ms
[1230.912s][info][gc] GC(394) Concurrent evacuation 16.034ms
[1230.913s][info][gc] GC(394) Pause Init Update Refs 0.010ms
[1230.931s][info][gc] GC(394) Concurrent update references 18.619ms
[1230.931s][info][gc] GC(394) Concurrent update thread roots 0.248ms
[1230.932s][info][gc] GC(394) Pause Final Update Refs 0.040ms
[1230.932s][info][gc] GC(394) Concurrent cleanup 4039M->169M(4318M) 0.080ms
[1233.512s][info][gc] Trigger: Free (458M) is below minimum threshold (460M)
[1233.515s][info][gc] GC(395) Concurrent reset 2.924ms
[1233.515s][info][gc] GC(395) Pause Init Mark (unload classes) 0.032ms
[1233.518s][info][gc] GC(395) Concurrent marking roots 2.055ms
[1233.537s][info][gc] GC(395) Concurrent marking (unload classes) 19.283ms
[1233.537s][info][gc] GC(395) Pause Final Mark (unload classes) 0.153ms
[1233.538s][info][gc] GC(395) Concurrent thread roots 1.171ms
[1233.538s][info][gc] GC(395) Concurrent weak references 0.017ms
[1233.546s][info][gc] GC(395) Concurrent weak roots 7.314ms
[1233.546s][info][gc] GC(395) Concurrent cleanup 3965M->2513M(4318M) 0.034ms
[1233.548s][info][gc] GC(395) Concurrent class unloading 2.218ms
[1233.548s][info][gc] GC(395) Concurrent strong roots 0.039ms
[1233.560s][info][gc] GC(395) Concurrent evacuation 11.623ms
[1233.560s][info][gc] GC(395) Pause Init Update Refs 0.007ms
[1233.572s][info][gc] GC(395) Concurrent update references 11.636ms
[1233.572s][info][gc] GC(395) Concurrent update thread roots 0.222ms
[1233.572s][info][gc] GC(395) Pause Final Update Refs 0.034ms
[1233.572s][info][gc] GC(395) Concurrent cleanup 2569M->131M(4318M) 0.052ms
[1236.156s][info][gc] Trigger: Free (460M) is below minimum threshold (460M)
[1236.158s][info][gc] GC(396) Concurrent reset 1.868ms
[1236.158s][info][gc] GC(396) Pause Init Mark (unload classes) 0.024ms
[1236.160s][info][gc] GC(396) Concurrent marking roots 1.996ms
[1236.171s][info][gc] GC(396) Concurrent marking (unload classes) 11.041ms
[1236.171s][info][gc] GC(396) Pause Final Mark (unload classes) 0.121ms
[1236.173s][info][gc] GC(396) Concurrent thread roots 1.234ms
[1236.173s][info][gc] GC(396) Concurrent weak references 0.017ms
[1236.194s][info][gc] GC(396) Concurrent weak roots 21.827ms
[1236.195s][info][gc] GC(396) Concurrent cleanup 3957M->1119M(4318M) 0.056ms
[1236.197s][info][gc] GC(396) Concurrent class unloading 2.205ms
[1236.197s][info][gc] GC(396) Concurrent strong roots 0.043ms
[1236.203s][info][gc] GC(396) Concurrent evacuation 5.807ms
[1236.203s][info][gc] GC(396) Pause Init Update Refs 0.010ms
[1236.212s][info][gc] GC(396) Concurrent update references 9.330ms
[1236.213s][info][gc] GC(396) Concurrent update thread roots 0.227ms
[1236.213s][info][gc] GC(396) Pause Final Update Refs 0.032ms
[1236.213s][info][gc] GC(396) Concurrent cleanup 1141M->93M(4318M) 0.029ms
[1238.708s][info][gc] Trigger: Free (460M) is below minimum threshold (460M)
[1238.709s][info][gc] GC(397) Concurrent reset 0.866ms
[1238.709s][info][gc] GC(397) Pause Init Mark (unload classes) 0.029ms
[1238.710s][info][gc] GC(397) Concurrent marking roots 0.872ms
[1238.742s][info][gc] GC(397) Concurrent marking (unload classes) 31.786ms
[1238.742s][info][gc] GC(397) Pause Final Mark (unload classes) 0.224ms
[1238.743s][info][gc] GC(397) Concurrent thread roots 0.662ms
[1238.743s][info][gc] GC(397) Concurrent weak references 0.014ms
[1238.747s][info][gc] GC(397) Concurrent weak roots 3.858ms
[1238.747s][info][gc] GC(397) Concurrent cleanup 3973M->3973M(4318M) 0.007ms
[1238.749s][info][gc] GC(397) Concurrent class unloading 2.050ms
[1238.749s][info][gc] GC(397) Concurrent strong roots 0.041ms
[1238.765s][info][gc] GC(397) Concurrent evacuation 16.372ms
[1238.765s][info][gc] GC(397) Pause Init Update Refs 0.011ms
[1238.786s][info][gc] GC(397) Concurrent update references 20.874ms
[1238.786s][info][gc] GC(397) Concurrent update thread roots 0.227ms
[1238.787s][info][gc] GC(397) Pause Final Update Refs 0.045ms
[1238.787s][info][gc] GC(397) Concurrent cleanup 4067M->191M(4318M) 0.075ms
[1241.323s][info][gc] Trigger: Free (460M) is below minimum threshold (460M)
[1241.326s][info][gc] GC(398) Concurrent reset 2.935ms
[1241.326s][info][gc] GC(398) Pause Init Mark (unload classes) 0.035ms
[1241.327s][info][gc] GC(398) Concurrent marking roots 1.495ms
[1241.356s][info][gc] GC(398) Concurrent marking (unload classes) 28.228ms
[1241.356s][info][gc] GC(398) Pause Final Mark (unload classes) 0.182ms
[1241.357s][info][gc] GC(398) Concurrent thread roots 1.415ms
[1241.357s][info][gc] GC(398) Concurrent weak references 0.014ms
[1241.367s][info][gc] GC(398) Concurrent weak roots 9.224ms
[1241.367s][info][gc] GC(398) Concurrent cleanup 3977M->3603M(4318M) 0.013ms
[1241.370s][info][gc] GC(398) Concurrent class unloading 2.987ms
[1241.370s][info][gc] GC(398) Concurrent strong roots 0.047ms
[1241.384s][info][gc] GC(398) Concurrent evacuation 14.073ms
[1241.384s][info][gc] GC(398) Pause Init Update Refs 0.007ms
[1241.400s][info][gc] GC(398) Concurrent update references 15.696ms
[1241.400s][info][gc] GC(398) Concurrent update thread roots 0.227ms
[1241.400s][info][gc] GC(398) Pause Final Update Refs 0.034ms
[1241.401s][info][gc] GC(398) Concurrent cleanup 3659M->145M(4318M) 0.071ms
[1243.967s][info][gc] Trigger: Free (460M) is below minimum threshold (460M)
[1243.969s][info][gc] GC(399) Concurrent reset 2.646ms
[1243.970s][info][gc] GC(399) Pause Init Mark (unload classes) 0.027ms
[1243.972s][info][gc] GC(399) Concurrent marking roots 2.352ms
[1243.990s][info][gc] GC(399) Concurrent marking (unload classes) 18.402ms
[1243.991s][info][gc] GC(399) Pause Final Mark (unload classes) 0.160ms
[1243.992s][info][gc] GC(399) Concurrent thread roots 0.935ms
[1243.992s][info][gc] GC(399) Concurrent weak references 0.028ms
[1243.999s][info][gc] GC(399) Concurrent weak roots 7.214ms
[1243.999s][info][gc] GC(399) Concurrent cleanup 3949M->2175M(4318M) 0.038ms
[1244.002s][info][gc] GC(399) Concurrent class unloading 2.668ms
[1244.002s][info][gc] GC(399) Concurrent strong roots 0.043ms
[1244.012s][info][gc] GC(399) Concurrent evacuation 10.355ms
[1244.012s][info][gc] GC(399) Pause Init Update Refs 0.006ms
[1244.022s][info][gc] GC(399) Concurrent update references 9.623ms
[1244.022s][info][gc] GC(399) Concurrent update thread roots 0.230ms
[1244.023s][info][gc] GC(399) Pause Final Update Refs 0.041ms
[1244.023s][info][gc] GC(399) Concurrent cleanup 2215M->101M(4318M) 0.050ms
[1246.653s][info][gc] Trigger: Free (460M) is below minimum threshold (460M)
[1246.655s][info][gc] GC(400) Concurrent reset 1.691ms
[1246.655s][info][gc] GC(400) Pause Init Mark (unload classes) 0.024ms
[1246.658s][info][gc] GC(400) Concurrent marking roots 2.217ms
[1246.667s][info][gc] GC(400) Concurrent marking (unload classes) 9.712ms
[1246.668s][info][gc] GC(400) Pause Final Mark (unload classes) 0.117ms
[1246.668s][info][gc] GC(400) Concurrent thread roots 0.764ms
[1246.669s][info][gc] GC(400) Concurrent weak references 0.015ms
[1246.676s][info][gc] GC(400) Concurrent weak roots 7.625ms
[1246.676s][info][gc] GC(400) Concurrent cleanup 3947M->781M(4318M) 0.070ms
[1246.679s][info][gc] GC(400) Concurrent class unloading 2.413ms
[1246.679s][info][gc] GC(400) Concurrent strong roots 0.041ms
[1246.683s][info][gc] GC(400) Concurrent evacuation 4.488ms
[1246.683s][info][gc] GC(400) Pause Init Update Refs 0.006ms
[1246.691s][info][gc] GC(400) Concurrent update references 7.651ms
[1246.691s][info][gc] GC(400) Concurrent update thread roots 0.231ms
[1246.692s][info][gc] GC(400) Pause Final Update Refs 0.035ms
[1246.692s][info][gc] GC(400) Concurrent cleanup 813M->93M(4318M) 0.020ms
[1249.187s][info][gc] Trigger: Free (460M) is below minimum threshold (460M)
[1249.187s][info][gc] GC(401) Concurrent reset 0.614ms
[1249.188s][info][gc] GC(401) Pause Init Mark (unload classes) 0.032ms
[1249.189s][info][gc] GC(401) Concurrent marking roots 1.307ms
[1249.218s][info][gc] GC(401) Concurrent marking (unload classes) 29.018ms
[1249.218s][info][gc] GC(401) Pause Final Mark (unload classes) 0.212ms
[1249.220s][info][gc] GC(401) Concurrent thread roots 1.279ms
[1249.220s][info][gc] GC(401) Concurrent weak references 0.014ms
[1249.222s][info][gc] GC(401) Concurrent weak roots 2.328ms
[1249.222s][info][gc] GC(401) Concurrent cleanup 3969M->3969M(4318M) 0.011ms
[1249.223s][info][gc] GC(401) Concurrent class unloading 1.367ms
[1249.224s][info][gc] GC(401) Concurrent strong roots 0.037ms
[1249.239s][info][gc] GC(401) Concurrent evacuation 15.263ms
[1249.239s][info][gc] GC(401) Pause Init Update Refs 0.007ms
[1249.260s][info][gc] GC(401) Concurrent update references 20.487ms
[1249.260s][info][gc] GC(401) Concurrent update thread roots 0.221ms
[1249.260s][info][gc] GC(401) Pause Final Update Refs 0.043ms
[1249.260s][info][gc] GC(401) Concurrent cleanup 4033M->153M(4318M) 0.077ms
[1251.808s][info][gc] Trigger: Free (456M) is below minimum threshold (460M)
[1251.812s][info][gc] GC(402) Concurrent reset 3.087ms
[1251.812s][info][gc] GC(402) Pause Init Mark (unload classes) 0.032ms
[1251.814s][info][gc] GC(402) Concurrent marking roots 1.828ms
[1251.838s][info][gc] GC(402) Concurrent marking (unload classes) 24.086ms
[1251.838s][info][gc] GC(402) Pause Final Mark (unload classes) 0.203ms
[1251.839s][info][gc] GC(402) Concurrent thread roots 0.604ms
[1251.839s][info][gc] GC(402) Concurrent weak references 0.013ms
[1251.846s][info][gc] GC(402) Concurrent weak roots 7.169ms
[1251.846s][info][gc] GC(402) Concurrent cleanup 3963M->3253M(4318M) 0.019ms
[1251.849s][info][gc] GC(402) Concurrent class unloading 3.206ms
[1251.849s][info][gc] GC(402) Concurrent strong roots 0.039ms
[1251.863s][info][gc] GC(402) Concurrent evacuation 13.226ms
[1251.863s][info][gc] GC(402) Pause Init Update Refs 0.009ms
[1251.879s][info][gc] GC(402) Concurrent update references 16.567ms
[1251.880s][info][gc] GC(402) Concurrent update thread roots 0.222ms
[1251.880s][info][gc] GC(402) Pause Final Update Refs 0.040ms
[1251.880s][info][gc] GC(402) Concurrent cleanup 3331M->153M(4318M) 0.068ms
[1254.475s][info][gc] Trigger: Free (460M) is below minimum threshold (460M)
[1254.478s][info][gc] GC(403) Concurrent reset 2.539ms
[1254.478s][info][gc] GC(403) Pause Init Mark (unload classes) 0.022ms
[1254.480s][info][gc] GC(403) Concurrent marking roots 1.558ms
[1254.496s][info][gc] GC(403) Concurrent marking (unload classes) 16.576ms
[1254.497s][info][gc] GC(403) Pause Final Mark (unload classes) 0.151ms
[1254.498s][info][gc] GC(403) Concurrent thread roots 1.307ms
[1254.498s][info][gc] GC(403) Concurrent weak references 0.013ms
[1254.507s][info][gc] GC(403) Concurrent weak roots 8.625ms
[1254.507s][info][gc] GC(403) Concurrent cleanup 3955M->1843M(4318M) 0.046ms
[1254.511s][info][gc] GC(403) Concurrent class unloading 4.280ms
[1254.511s][info][gc] GC(403) Concurrent strong roots 0.049ms
[1254.520s][info][gc] GC(403) Concurrent evacuation 8.162ms
[1254.520s][info][gc] GC(403) Pause Init Update Refs 0.006ms
[1254.529s][info][gc] GC(403) Concurrent update references 8.809ms
[1254.529s][info][gc] GC(403) Concurrent update thread roots 0.218ms
[1254.529s][info][gc] GC(403) Pause Final Update Refs 0.038ms
[1254.529s][info][gc] GC(403) Concurrent cleanup 1885M->115M(4318M) 0.040ms
[1257.027s][info][gc] Trigger: Free (458M) is below minimum threshold (460M)
[1257.029s][info][gc] GC(404) Concurrent reset 2.067ms
[1257.029s][info][gc] GC(404) Pause Init Mark (unload classes) 0.035ms
[1257.035s][info][gc] GC(404) Concurrent marking roots 5.592ms
[1257.062s][info][gc] GC(404) Concurrent marking (unload classes) 27.024ms
[1257.063s][info][gc] GC(404) Pause Final Mark (unload classes) 0.112ms
[1257.064s][info][gc] GC(404) Concurrent thread roots 1.753ms
[1257.064s][info][gc] GC(404) Concurrent weak references 0.012ms
[1257.105s][info][gc] GC(404) Concurrent weak roots 40.552ms
[1257.105s][info][gc] GC(404) Concurrent cleanup 4115M->615M(4318M) 0.073ms
[1257.114s][info][gc] GC(404) Concurrent class unloading 8.352ms
[1257.114s][info][gc] GC(404) Concurrent strong roots 0.077ms
[1257.124s][info][gc] GC(404) Concurrent evacuation 10.290ms
[1257.125s][info][gc] GC(404) Pause Init Update Refs 0.008ms
[1257.150s][info][gc] GC(404) Concurrent update references 25.050ms
[1257.150s][info][gc] GC(404) Concurrent update thread roots 0.428ms
[1257.151s][info][gc] GC(404) Pause Final Update Refs 0.040ms
[1257.151s][info][gc] GC(404) Concurrent cleanup 675M->281M(4318M) 0.012ms
[1258.318s][info][gc] Trigger: Average GC time (178.75 ms) is above the time for average allocation rate (2885 MB/s) to deplete free headroom (513M) (margin of error = 2.66)
[1258.319s][info][gc] GC(405) Concurrent reset 0.541ms
[1258.319s][info][gc] GC(405) Pause Init Mark (unload classes) 0.035ms
[1258.322s][info][gc] GC(405) Concurrent marking roots 2.843ms
[1258.369s][info][gc] GC(405) Concurrent marking (unload classes) 46.573ms
[1258.369s][info][gc] GC(405) Pause Final Mark (unload classes) 0.210ms
[1258.371s][info][gc] GC(405) Concurrent thread roots 1.447ms
[1258.371s][info][gc] GC(405) Concurrent weak references 0.012ms
[1258.380s][info][gc] GC(405) Concurrent weak roots 9.465ms
[1258.380s][info][gc] GC(405) Concurrent cleanup 3780M->3780M(4318M) 0.015ms
[1258.392s][info][gc] GC(405) Concurrent class unloading 11.375ms
[1258.392s][info][gc] GC(405) Concurrent strong roots 0.068ms
[1258.414s][info][gc] GC(405) Concurrent evacuation 22.254ms
[1258.415s][info][gc] GC(405) Pause Init Update Refs 0.007ms
[1258.457s][info][gc] GC(405) Concurrent update references 41.652ms
[1258.458s][info][gc] GC(405) Concurrent update thread roots 1.003ms
[1258.458s][info][gc] GC(405) Pause Final Update Refs 0.042ms
[1258.458s][info][gc] GC(405) Concurrent cleanup 3977M->378M(4318M) 0.113ms
[1259.588s][info][gc] Trigger: Average GC time (205.09 ms) is above the time for average allocation rate (2901 MB/s) to deplete free headroom (592M) (margin of error = 2.68)
[1259.592s][info][gc] GC(406) Concurrent reset 4.007ms
[1259.593s][info][gc] GC(406) Pause Init Mark (unload classes) 0.025ms
[1259.595s][info][gc] GC(406) Concurrent marking roots 2.198ms
[1259.643s][info][gc] GC(406) Concurrent marking (unload classes) 47.368ms
[1259.643s][info][gc] GC(406) Pause Final Mark (unload classes) 0.205ms
[1259.646s][info][gc] GC(406) Concurrent thread roots 2.709ms
[1259.646s][info][gc] GC(406) Concurrent weak references 0.020ms
[1259.652s][info][gc] GC(406) Concurrent weak roots 5.652ms
[1259.652s][info][gc] GC(406) Concurrent cleanup 3713M->3713M(4318M) 0.015ms
[1259.656s][info][gc] GC(406) Concurrent class unloading 4.350ms
[1259.656s][info][gc] GC(406) Concurrent strong roots 0.068ms
[1259.674s][info][gc] GC(406) Concurrent evacuation 18.129ms
[1259.675s][info][gc] GC(406) Pause Init Update Refs 0.007ms
[1259.712s][info][gc] GC(406) Concurrent update references 36.833ms
[1259.712s][info][gc] GC(406) Concurrent update thread roots 0.414ms
[1259.712s][info][gc] GC(406) Pause Final Update Refs 0.045ms
[1259.713s][info][gc] GC(406) Concurrent cleanup 3899M->396M(4318M) 0.068ms
[1260.830s][info][gc] Trigger: Average GC time (184.52 ms) is above the time for average allocation rate (2998 MB/s) to deplete free headroom (552M) (margin of error = 2.70)
[1260.834s][info][gc] GC(407) Concurrent reset 3.952ms
[1260.835s][info][gc] GC(407) Pause Init Mark (unload classes) 0.035ms
[1260.836s][info][gc] GC(407) Concurrent marking roots 1.264ms
[1260.884s][info][gc] GC(407) Concurrent marking (unload classes) 48.142ms
[1260.885s][info][gc] GC(407) Pause Final Mark (unload classes) 0.214ms
[1260.886s][info][gc] GC(407) Concurrent thread roots 1.323ms
[1260.886s][info][gc] GC(407) Concurrent weak references 0.013ms
[1260.892s][info][gc] GC(407) Concurrent weak roots 5.574ms
[1260.892s][info][gc] GC(407) Concurrent cleanup 3722M->3718M(4318M) 0.017ms
[1260.902s][info][gc] GC(407) Concurrent class unloading 9.778ms
[1260.902s][info][gc] GC(407) Concurrent strong roots 0.068ms
[1260.922s][info][gc] GC(407) Concurrent evacuation 19.495ms
[1260.922s][info][gc] GC(407) Pause Init Update Refs 0.006ms
[1260.962s][info][gc] GC(407) Concurrent update references 39.539ms
[1260.962s][info][gc] GC(407) Concurrent update thread roots 0.458ms
[1260.962s][info][gc] GC(407) Pause Final Update Refs 0.047ms
[1260.962s][info][gc] GC(407) Concurrent cleanup 3892M->381M(4318M) 0.068ms
[1262.116s][info][gc] Trigger: Average GC time (174.69 ms) is above the time for average allocation rate (2806 MB/s) to deplete free headroom (486M) (margin of error = 2.71)
[1262.121s][info][gc] GC(408) Concurrent reset 4.771ms
[1262.122s][info][gc] GC(408) Pause Init Mark (unload classes) 0.025ms
[1262.124s][info][gc] GC(408) Concurrent marking roots 2.668ms
[1262.198s][info][gc] GC(408) Concurrent marking (unload classes) 73.326ms
[1262.199s][info][gc] GC(408) Pause Final Mark (unload classes) 0.216ms
[1262.200s][info][gc] GC(408) Concurrent thread roots 1.546ms
[1262.200s][info][gc] GC(408) Concurrent weak references 0.024ms
[1262.209s][info][gc] GC(408) Concurrent weak roots 8.832ms
[1262.209s][info][gc] GC(408) Concurrent cleanup 3884M->3882M(4318M) 0.016ms
[1262.222s][info][gc] GC(408) Concurrent class unloading 12.967ms
[1262.222s][info][gc] GC(408) Concurrent strong roots 0.072ms
[1262.241s][info][gc] GC(408) Concurrent evacuation 19.040ms
[1262.242s][info][gc] GC(408) Pause Init Update Refs 0.006ms
[1262.295s][info][gc] GC(408) Concurrent update references 53.087ms
[1262.296s][info][gc] GC(408) Concurrent update thread roots 0.500ms
[1262.296s][info][gc] GC(408) Pause Final Update Refs 0.044ms
[1262.296s][info][gc] GC(408) Concurrent cleanup 4096M->540M(4318M) 0.069ms
[1263.321s][info][gc] Trigger: Average GC time (233.57 ms) is above the time for average allocation rate (2963 MB/s) to deplete free headroom (686M) (margin of error = 2.73)
[1263.325s][info][gc] GC(409) Concurrent reset 4.034ms
[1263.325s][info][gc] GC(409) Pause Init Mark (unload classes) 0.026ms
[1263.330s][info][gc] GC(409) Concurrent marking roots 4.272ms
[1263.410s][info][gc] GC(409) Concurrent marking (unload classes) 80.541ms
[1263.411s][info][gc] GC(409) Pause Final Mark (unload classes) 0.214ms
[1263.414s][info][gc] GC(409) Concurrent thread roots 3.131ms
[1263.414s][info][gc] GC(409) Concurrent weak references 0.031ms
[1263.429s][info][gc] GC(409) Concurrent weak roots 15.427ms
[1263.430s][info][gc] GC(409) Concurrent cleanup 3686M->3686M(4318M) 0.015ms
[1263.457s][info][gc] GC(409) Concurrent class unloading 27.543ms
[1263.457s][info][gc] GC(409) Concurrent strong roots 0.066ms
[1263.475s][info][gc] GC(409) Concurrent evacuation 18.017ms
[1263.476s][info][gc] GC(409) Pause Init Update Refs 0.009ms
[1263.536s][info][gc] GC(409) Concurrent update references 59.674ms
[1263.536s][info][gc] GC(409) Concurrent update thread roots 0.444ms
[1263.536s][info][gc] GC(409) Pause Final Update Refs 0.044ms
[1263.537s][info][gc] GC(409) Concurrent cleanup 3947M->622M(4318M) 0.101ms
[1264.492s][info][gc] Trigger: Average GC time (289.73 ms) is above the time for average allocation rate (2893 MB/s) to deplete free headroom (834M) (margin of error = 2.75)
[1264.496s][info][gc] GC(410) Concurrent reset 2.772ms
[1264.496s][info][gc] GC(410) Pause Init Mark (unload classes) 0.034ms
[1264.498s][info][gc] GC(410) Concurrent marking roots 2.051ms
[1264.573s][info][gc] GC(410) Concurrent marking (unload classes) 74.187ms
[1264.573s][info][gc] GC(410) Pause Final Mark (unload classes) 0.212ms
[1264.575s][info][gc] GC(410) Concurrent thread roots 1.868ms
[1264.575s][info][gc] GC(410) Concurrent weak references 0.014ms
[1264.583s][info][gc] GC(410) Concurrent weak roots 7.680ms
[1264.583s][info][gc] GC(410) Concurrent cleanup 3495M->3493M(4318M) 0.017ms
[1264.590s][info][gc] GC(410) Concurrent class unloading 7.398ms
[1264.591s][info][gc] GC(410) Concurrent strong roots 0.065ms
[1264.608s][info][gc] GC(410) Concurrent evacuation 17.632ms
[1264.609s][info][gc] GC(410) Pause Init Update Refs 0.005ms
[1264.666s][info][gc] GC(410) Concurrent update references 57.281ms
[1264.667s][info][gc] GC(410) Concurrent update thread roots 0.536ms
[1264.667s][info][gc] GC(410) Pause Final Update Refs 0.048ms
[1264.667s][info][gc] GC(410) Concurrent cleanup 3719M->575M(4330M) 0.062ms
[1265.646s][info][gc] Trigger: Average GC time (255.45 ms) is above the time for average allocation rate (2937 MB/s) to deplete free headroom (748M) (margin of error = 2.76)
[1265.650s][info][gc] GC(411) Concurrent reset 3.727ms
[1265.651s][info][gc] GC(411) Pause Init Mark (unload classes) 0.032ms
[1265.653s][info][gc] GC(411) Concurrent marking roots 2.201ms
[1265.744s][info][gc] GC(411) Concurrent marking (unload classes) 90.786ms
[1265.744s][info][gc] GC(411) Pause Final Mark (unload classes) 0.196ms
[1265.747s][info][gc] GC(411) Concurrent thread roots 2.820ms
[1265.747s][info][gc] GC(411) Concurrent weak references 0.013ms
[1265.757s][info][gc] GC(411) Concurrent weak roots 9.291ms
[1265.757s][info][gc] GC(411) Concurrent cleanup 3618M->3618M(4330M) 0.014ms
[1265.768s][info][gc] GC(411) Concurrent class unloading 11.458ms
[1265.768s][info][gc] GC(411) Concurrent strong roots 0.069ms
[1265.794s][info][gc] GC(411) Concurrent evacuation 25.397ms
[1265.794s][info][gc] GC(411) Pause Init Update Refs 0.007ms
[1265.880s][info][gc] GC(411) Concurrent update references 85.812ms
[1265.881s][info][gc] GC(411) Concurrent update thread roots 0.412ms
[1265.881s][info][gc] GC(411) Pause Final Update Refs 0.046ms
[1265.881s][info][gc] GC(411) Concurrent cleanup 3960M->752M(4358M) 0.121ms
[1267.102s][info][gc] Trigger: Average GC time (301.22 ms) is above the time for average allocation rate (2034 MB/s) to deplete free headroom (609M) (margin of error = 2.78)
[1267.105s][info][gc] GC(412) Concurrent reset 3.598ms
[1267.106s][info][gc] GC(412) Pause Init Mark (unload classes) 0.029ms
[1267.109s][info][gc] GC(412) Concurrent marking roots 3.641ms
[1267.128s][info][gc] GC(412) Concurrent marking (unload classes) 18.766ms
[1267.129s][info][gc] GC(412) Pause Final Mark (unload classes) 0.138ms
[1267.130s][info][gc] GC(412) Concurrent thread roots 1.357ms
[1267.130s][info][gc] GC(412) Concurrent weak references 0.013ms
[1267.142s][info][gc] GC(412) Concurrent weak roots 11.422ms
[1267.142s][info][gc] GC(412) Concurrent cleanup 3615M->1371M(4358M) 0.046ms
[1267.145s][info][gc] GC(412) Concurrent class unloading 3.450ms
[1267.145s][info][gc] GC(412) Concurrent strong roots 0.066ms
[1267.155s][info][gc] GC(412) Concurrent evacuation 10.120ms
[1267.156s][info][gc] GC(412) Pause Init Update Refs 0.005ms
[1267.168s][info][gc] GC(412) Concurrent update references 12.759ms
[1267.169s][info][gc] GC(412) Concurrent update thread roots 0.263ms
[1267.169s][info][gc] GC(412) Pause Final Update Refs 0.038ms
[1267.169s][info][gc] GC(412) Concurrent cleanup 1449M->181M(4358M) 0.031ms
[1268.728s][info][gc] Trigger: Average GC time (341.65 ms) is above the time for average allocation rate (2102 MB/s) to deplete free headroom (718M) (margin of error = 2.77)
[1268.730s][info][gc] GC(413) Concurrent reset 1.426ms
[1268.730s][info][gc] GC(413) Pause Init Mark (unload classes) 0.036ms
[1268.732s][info][gc] GC(413) Concurrent marking roots 1.588ms
[1268.766s][info][gc] GC(413) Concurrent marking (unload classes) 34.377ms
[1268.767s][info][gc] GC(413) Pause Final Mark (unload classes) 0.205ms
[1268.768s][info][gc] GC(413) Concurrent thread roots 1.074ms
[1268.768s][info][gc] GC(413) Concurrent weak references 0.029ms
[1268.774s][info][gc] GC(413) Concurrent weak roots 6.318ms
[1268.774s][info][gc] GC(413) Concurrent cleanup 3505M->3505M(4358M) 0.012ms
[1268.781s][info][gc] GC(413) Concurrent class unloading 6.282ms
[1268.781s][info][gc] GC(413) Concurrent strong roots 0.068ms
[1268.797s][info][gc] GC(413) Concurrent evacuation 16.765ms
[1268.798s][info][gc] GC(413) Pause Init Update Refs 0.006ms
[1268.819s][info][gc] GC(413) Concurrent update references 20.903ms
[1268.819s][info][gc] GC(413) Concurrent update thread roots 0.269ms
[1268.819s][info][gc] GC(413) Pause Final Update Refs 0.046ms
[1268.819s][info][gc] GC(413) Concurrent cleanup 3607M->221M(4358M) 0.100ms
[1270.431s][info][gc] Trigger: Average GC time (271.49 ms) is above the time for average allocation rate (2110 MB/s) to deplete free headroom (570M) (margin of error = 2.75)
[1270.435s][info][gc] GC(414) Concurrent reset 3.665ms
[1270.435s][info][gc] GC(414) Pause Init Mark (unload classes) 0.034ms
[1270.437s][info][gc] GC(414) Concurrent marking roots 1.611ms
[1270.480s][info][gc] GC(414) Concurrent marking (unload classes) 43.048ms
[1270.481s][info][gc] GC(414) Pause Final Mark (unload classes) 0.258ms
[1270.481s][info][gc] GC(414) Concurrent thread roots 0.424ms
[1270.481s][info][gc] GC(414) Concurrent weak references 0.015ms
[1270.487s][info][gc] GC(414) Concurrent weak roots 5.537ms
[1270.487s][info][gc] GC(414) Concurrent cleanup 3669M->3667M(4358M) 0.015ms
[1270.490s][info][gc] GC(414) Concurrent class unloading 3.063ms
[1270.490s][info][gc] GC(414) Concurrent strong roots 0.067ms
[1270.506s][info][gc] GC(414) Concurrent evacuation 16.491ms
[1270.507s][info][gc] GC(414) Pause Init Update Refs 0.006ms
[1270.540s][info][gc] GC(414) Concurrent update references 33.535ms
[1270.541s][info][gc] GC(414) Concurrent update thread roots 0.304ms
[1270.541s][info][gc] GC(414) Pause Final Update Refs 0.042ms
[1270.541s][info][gc] GC(414) Concurrent cleanup 3783M->269M(4358M) 0.069ms
[1272.165s][info][gc] Trigger: Average GC time (223.01 ms) is above the time for average allocation rate (2152 MB/s) to deplete free headroom (478M) (margin of error = 2.75)
[1272.169s][info][gc] GC(415) Concurrent reset 3.837ms
[1272.170s][info][gc] GC(415) Pause Init Mark (unload classes) 0.032ms
[1272.172s][info][gc] GC(415) Concurrent marking roots 2.037ms
[1272.222s][info][gc] GC(415) Concurrent marking (unload classes) 50.011ms
[1272.222s][info][gc] GC(415) Pause Final Mark (unload classes) 0.224ms
[1272.224s][info][gc] GC(415) Concurrent thread roots 1.421ms
[1272.224s][info][gc] GC(415) Concurrent weak references 0.014ms
[1272.230s][info][gc] GC(415) Concurrent weak roots 5.992ms
[1272.230s][info][gc] GC(415) Concurrent cleanup 3783M->3779M(4358M) 0.010ms
[1272.233s][info][gc] GC(415) Concurrent class unloading 2.722ms
[1272.233s][info][gc] GC(415) Concurrent strong roots 0.036ms
[1272.248s][info][gc] GC(415) Concurrent evacuation 15.581ms
[1272.249s][info][gc] GC(415) Pause Init Update Refs 0.006ms
[1272.288s][info][gc] GC(415) Concurrent update references 38.971ms
[1272.288s][info][gc] GC(415) Concurrent update thread roots 0.269ms
[1272.288s][info][gc] GC(415) Pause Final Update Refs 0.041ms
[1272.288s][info][gc] GC(415) Concurrent cleanup 3907M->335M(4358M) 0.071ms
[1273.928s][info][gc] Trigger: Average GC time (197.13 ms) is above the time for average allocation rate (2074 MB/s) to deplete free headroom (404M) (margin of error = 2.74)
[1273.932s][info][gc] GC(416) Concurrent reset 3.833ms
[1273.932s][info][gc] GC(416) Pause Init Mark (unload classes) 0.034ms
[1273.934s][info][gc] GC(416) Concurrent marking roots 1.686ms
[1273.988s][info][gc] GC(416) Concurrent marking (unload classes) 54.059ms
[1273.988s][info][gc] GC(416) Pause Final Mark (unload classes) 0.201ms
[1273.990s][info][gc] GC(416) Concurrent thread roots 1.514ms
[1273.990s][info][gc] GC(416) Concurrent weak references 0.051ms
[1273.994s][info][gc] GC(416) Concurrent weak roots 3.911ms
[1273.994s][info][gc] GC(416) Concurrent cleanup 3865M->3865M(4358M) 0.014ms
[1273.996s][info][gc] GC(416) Concurrent class unloading 2.558ms
[1273.997s][info][gc] GC(416) Concurrent strong roots 0.036ms
[1274.011s][info][gc] GC(416) Concurrent evacuation 14.745ms
[1274.012s][info][gc] GC(416) Pause Init Update Refs 0.011ms
[1274.058s][info][gc] GC(416) Concurrent update references 46.177ms
[1274.058s][info][gc] GC(416) Concurrent update thread roots 0.255ms
[1274.058s][info][gc] GC(416) Pause Final Update Refs 0.040ms
[1274.058s][info][gc] GC(416) Concurrent cleanup 3983M->359M(4358M) 0.072ms
[1276.313s][info][gc] Trigger: Average GC time (183.33 ms) is above the time for average allocation rate (1530 MB/s) to deplete free headroom (280M) (margin of error = 2.74)
[1276.316s][info][gc] GC(417) Concurrent reset 2.820ms
[1276.316s][info][gc] GC(417) Pause Init Mark (unload classes) 0.025ms
[1276.319s][info][gc] GC(417) Concurrent marking roots 2.198ms
[1276.364s][info][gc] GC(417) Concurrent marking (unload classes) 45.832ms
[1276.365s][info][gc] GC(417) Pause Final Mark (unload classes) 0.222ms
[1276.366s][info][gc] GC(417) Concurrent thread roots 0.665ms
[1276.366s][info][gc] GC(417) Concurrent weak references 0.012ms
[1276.371s][info][gc] GC(417) Concurrent weak roots 5.162ms
[1276.371s][info][gc] GC(417) Concurrent cleanup 3947M->3893M(4358M) 0.009ms
[1276.373s][info][gc] GC(417) Concurrent class unloading 1.787ms
[1276.373s][info][gc] GC(417) Concurrent strong roots 0.040ms
[1276.404s][info][gc] GC(417) Concurrent evacuation 31.718ms
[1276.405s][info][gc] GC(417) Pause Init Update Refs 0.005ms
[1276.435s][info][gc] GC(417) Concurrent update references 29.916ms
[1276.435s][info][gc] GC(417) Concurrent update thread roots 0.245ms
[1276.435s][info][gc] GC(417) Pause Final Update Refs 0.042ms
[1276.435s][info][gc] GC(417) Concurrent cleanup 4075M->303M(4380M) 0.075ms
[1278.816s][info][gc] Trigger: Average GC time (164.94 ms) is above the time for average allocation rate (1525 MB/s) to deplete free headroom (250M) (margin of error = 2.73)
[1278.819s][info][gc] GC(418) Concurrent reset 2.936ms
[1278.819s][info][gc] GC(418) Pause Init Mark (unload classes) 0.046ms
[1278.820s][info][gc] GC(418) Concurrent marking roots 1.068ms
[1278.877s][info][gc] GC(418) Concurrent marking (unload classes) 56.841ms
[1278.878s][info][gc] GC(418) Pause Final Mark (unload classes) 0.207ms
[1278.879s][info][gc] GC(418) Concurrent thread roots 1.081ms
[1278.879s][info][gc] GC(418) Concurrent weak references 0.010ms
[1278.884s][info][gc] GC(418) Concurrent weak roots 5.599ms
[1278.884s][info][gc] GC(418) Concurrent cleanup 3995M->3993M(4380M) 0.008ms
[1278.887s][info][gc] GC(418) Concurrent class unloading 2.632ms
[1278.887s][info][gc] GC(418) Concurrent strong roots 0.043ms
[1278.903s][info][gc] GC(418) Concurrent evacuation 15.981ms
[1278.903s][info][gc] GC(418) Pause Init Update Refs 0.005ms
[1278.947s][info][gc] GC(418) Concurrent update references 43.487ms
[1278.947s][info][gc] GC(418) Concurrent update thread roots 0.248ms
[1278.947s][info][gc] GC(418) Pause Final Update Refs 0.041ms
[1278.948s][info][gc] GC(418) Concurrent cleanup 4101M->345M(4380M) 0.078ms
[1281.479s][info][gc] Trigger: Free (458M) is below minimum threshold (460M)
[1281.483s][info][gc] GC(419) Concurrent reset 3.063ms
[1281.483s][info][gc] GC(419) Pause Init Mark (unload classes) 0.028ms
[1281.486s][info][gc] GC(419) Concurrent marking roots 2.878ms
[1281.495s][info][gc] GC(419) Concurrent marking (unload classes) 8.428ms
[1281.495s][info][gc] GC(419) Pause Final Mark (unload classes) 0.091ms
[1281.495s][info][gc] GC(419) Concurrent weak references 0.039ms
[1281.508s][info][gc] GC(419) Concurrent weak roots 13.020ms
[1281.508s][info][gc] GC(419) Concurrent cleanup 3935M->152M(4380M) 0.078ms
[1281.512s][info][gc] GC(419) Concurrent class unloading 3.254ms
[1281.512s][info][gc] GC(419) Pause Final Roots 0.007ms
[1283.530s][info][gc] Trigger: Average GC time (211.91 ms) is above the time for average allocation rate (1785 MB/s) to deplete free headroom (374M) (margin of error = 2.73)
[1283.531s][info][gc] GC(420) Concurrent reset 0.277ms
[1283.531s][info][gc] GC(420) Pause Init Mark (unload classes) 0.036ms
[1283.533s][info][gc] GC(420) Concurrent marking roots 1.964ms
[1283.566s][info][gc] GC(420) Concurrent marking (unload classes) 32.496ms
[1283.566s][info][gc] GC(420) Pause Final Mark (unload classes) 0.199ms
[1283.568s][info][gc] GC(420) Concurrent thread roots 1.583ms
[1283.568s][info][gc] GC(420) Concurrent weak references 0.015ms
[1283.573s][info][gc] GC(420) Concurrent weak roots 5.442ms
[1283.573s][info][gc] GC(420) Concurrent cleanup 3828M->3826M(4380M) 0.006ms
[1283.576s][info][gc] GC(420) Concurrent class unloading 3.125ms
[1283.576s][info][gc] GC(420) Concurrent strong roots 0.038ms
[1283.594s][info][gc] GC(420) Concurrent evacuation 17.448ms
[1283.594s][info][gc] GC(420) Pause Init Update Refs 0.006ms
[1283.616s][info][gc] GC(420) Concurrent update references 21.671ms
[1283.616s][info][gc] GC(420) Concurrent update thread roots 0.232ms
[1283.616s][info][gc] GC(420) Pause Final Update Refs 0.040ms
[1283.616s][info][gc] GC(420) Concurrent cleanup 3920M->183M(4380M) 0.118ms
[1285.718s][info][gc] Trigger: Average GC time (176.52 ms) is above the time for average allocation rate (1873 MB/s) to deplete free headroom (328M) (margin of error = 2.73)
[1285.726s][info][gc] GC(421) Concurrent reset 7.837ms
[1285.726s][info][gc] GC(421) Pause Init Mark (unload classes) 0.040ms
[1285.730s][info][gc] GC(421) Concurrent marking roots 3.911ms
[1285.756s][info][gc] GC(421) Concurrent marking (unload classes) 25.584ms
[1285.756s][info][gc] GC(421) Pause Final Mark (unload classes) 0.171ms
[1285.757s][info][gc] GC(421) Concurrent thread roots 1.227ms
[1285.757s][info][gc] GC(421) Concurrent weak references 0.017ms
[1285.770s][info][gc] GC(421) Concurrent weak roots 12.490ms
[1285.770s][info][gc] GC(421) Concurrent cleanup 3903M->2265M(4380M) 0.039ms
[1285.773s][info][gc] GC(421) Concurrent class unloading 3.351ms
[1285.773s][info][gc] GC(421) Concurrent strong roots 0.039ms
[1285.784s][info][gc] GC(421) Concurrent evacuation 10.666ms
[1285.784s][info][gc] GC(421) Pause Init Update Refs 0.010ms
[1285.802s][info][gc] GC(421) Concurrent update references 17.882ms
[1285.803s][info][gc] GC(421) Concurrent update thread roots 0.240ms
[1285.803s][info][gc] GC(421) Pause Final Update Refs 0.045ms
[1285.803s][info][gc] GC(421) Concurrent cleanup 2345M->185M(4380M) 0.049ms
[1287.904s][info][gc] Trigger: Average GC time (150.04 ms) is above the time for average allocation rate (1760 MB/s) to deplete free headroom (264M) (margin of error = 2.72)
[1287.907s][info][gc] GC(422) Concurrent reset 2.513ms
[1287.907s][info][gc] GC(422) Pause Init Mark (unload classes) 0.036ms
[1287.911s][info][gc] GC(422) Concurrent marking roots 3.670ms
[1287.926s][info][gc] GC(422) Concurrent marking (unload classes) 15.299ms
[1287.927s][info][gc] GC(422) Pause Final Mark (unload classes) 0.104ms
[1287.928s][info][gc] GC(422) Concurrent thread roots 1.090ms
[1287.928s][info][gc] GC(422) Concurrent weak references 0.012ms
[1287.937s][info][gc] GC(422) Concurrent weak roots 9.122ms
[1287.937s][info][gc] GC(422) Concurrent cleanup 3937M->839M(4380M) 0.065ms
[1287.942s][info][gc] GC(422) Concurrent class unloading 4.759ms
[1287.942s][info][gc] GC(422) Concurrent strong roots 0.062ms
[1287.946s][info][gc] GC(422) Concurrent evacuation 4.019ms
[1287.947s][info][gc] GC(422) Pause Init Update Refs 0.009ms
[1287.956s][info][gc] GC(422) Concurrent update references 8.952ms
[1287.956s][info][gc] GC(422) Concurrent update thread roots 0.238ms
[1287.956s][info][gc] GC(422) Pause Final Update Refs 0.035ms
[1287.956s][info][gc] GC(422) Concurrent cleanup 875M->123M(4380M) 0.020ms
[1289.977s][info][gc] Trigger: Average GC time (131.42 ms) is above the time for average allocation rate (1945 MB/s) to deplete free headroom (248M) (margin of error = 2.70)
[1289.978s][info][gc] GC(423) Concurrent reset 0.913ms
[1289.978s][info][gc] GC(423) Pause Init Mark (unload classes) 0.035ms
[1289.980s][info][gc] GC(423) Concurrent marking roots 1.605ms
[1290.012s][info][gc] GC(423) Concurrent marking (unload classes) 31.718ms
[1290.012s][info][gc] GC(423) Pause Final Mark (unload classes) 0.221ms
[1290.013s][info][gc] GC(423) Concurrent thread roots 0.463ms
[1290.013s][info][gc] GC(423) Concurrent weak references 0.013ms
[1290.017s][info][gc] GC(423) Concurrent weak roots 4.635ms
[1290.017s][info][gc] GC(423) Concurrent cleanup 3963M->3963M(4380M) 0.010ms
[1290.021s][info][gc] GC(423) Concurrent class unloading 3.361ms
[1290.021s][info][gc] GC(423) Concurrent strong roots 0.037ms
[1290.040s][info][gc] GC(423) Concurrent evacuation 19.160ms
[1290.040s][info][gc] GC(423) Pause Init Update Refs 0.010ms
[1290.064s][info][gc] GC(423) Concurrent update references 23.947ms
[1290.065s][info][gc] GC(423) Concurrent update thread roots 0.217ms
[1290.065s][info][gc] GC(423) Pause Final Update Refs 0.040ms
[1290.065s][info][gc] GC(423) Concurrent cleanup 4063M->207M(4380M) 0.076ms
[1292.124s][info][gc] Trigger: Average GC time (130.02 ms) is above the time for average allocation rate (1877 MB/s) to deplete free headroom (242M) (margin of error = 2.70)
[1292.128s][info][gc] GC(424) Concurrent reset 4.076ms
[1292.128s][info][gc] GC(424) Pause Init Mark (unload classes) 0.037ms
[1292.130s][info][gc] GC(424) Concurrent marking roots 2.209ms
[1292.155s][info][gc] GC(424) Concurrent marking (unload classes) 24.493ms
[1292.155s][info][gc] GC(424) Pause Final Mark (unload classes) 0.191ms
[1292.156s][info][gc] GC(424) Concurrent thread roots 1.010ms
[1292.156s][info][gc] GC(424) Concurrent weak references 0.015ms
[1292.167s][info][gc] GC(424) Concurrent weak roots 10.294ms
[1292.167s][info][gc] GC(424) Concurrent cleanup 3951M->3219M(4380M) 0.020ms
[1292.169s][info][gc] GC(424) Concurrent class unloading 2.474ms
[1292.169s][info][gc] GC(424) Concurrent strong roots 0.037ms
[1292.183s][info][gc] GC(424) Concurrent evacuation 13.301ms
[1292.183s][info][gc] GC(424) Pause Init Update Refs 0.010ms
[1292.200s][info][gc] GC(424) Concurrent update references 17.190ms
[1292.200s][info][gc] GC(424) Concurrent update thread roots 0.220ms
[1292.200s][info][gc] GC(424) Pause Final Update Refs 0.037ms
[1292.201s][info][gc] GC(424) Concurrent cleanup 3297M->153M(4380M) 0.066ms
[1294.313s][info][gc] Trigger: Free (458M) is below minimum threshold (460M)
[1294.316s][info][gc] GC(425) Concurrent reset 3.361ms
[1294.317s][info][gc] GC(425) Pause Init Mark (unload classes) 0.036ms
[1294.319s][info][gc] GC(425) Concurrent marking roots 2.235ms
[1294.336s][info][gc] GC(425) Concurrent marking (unload classes) 16.870ms
[1294.336s][info][gc] GC(425) Pause Final Mark (unload classes) 0.156ms
[1294.337s][info][gc] GC(425) Concurrent thread roots 0.654ms
[1294.337s][info][gc] GC(425) Concurrent weak references 0.013ms
[1294.346s][info][gc] GC(425) Concurrent weak roots 8.872ms
[1294.346s][info][gc] GC(425) Concurrent cleanup 3971M->1839M(4380M) 0.044ms
[1294.351s][info][gc] GC(425) Concurrent class unloading 4.692ms
[1294.351s][info][gc] GC(425) Concurrent strong roots 0.088ms
[1294.362s][info][gc] GC(425) Concurrent evacuation 10.705ms
[1294.362s][info][gc] GC(425) Pause Init Update Refs 0.006ms
[1294.372s][info][gc] GC(425) Concurrent update references 9.758ms
[1294.372s][info][gc] GC(425) Concurrent update thread roots 0.550ms
[1294.373s][info][gc] GC(425) Pause Final Update Refs 0.048ms
[1294.373s][info][gc] GC(425) Concurrent cleanup 1911M->157M(4380M) 0.044ms
[1296.517s][info][gc] Trigger: Free (460M) is below minimum threshold (460M)
[1296.519s][info][gc] GC(426) Concurrent reset 1.442ms
[1296.519s][info][gc] GC(426) Pause Init Mark (unload classes) 0.034ms
[1296.522s][info][gc] GC(426) Concurrent marking roots 2.539ms
[1296.529s][info][gc] GC(426) Concurrent marking (unload classes) 7.057ms
[1296.529s][info][gc] GC(426) Pause Final Mark (unload classes) 0.101ms
[1296.531s][info][gc] GC(426) Concurrent thread roots 1.318ms
[1296.531s][info][gc] GC(426) Concurrent weak references 0.014ms
[1296.539s][info][gc] GC(426) Concurrent weak roots 7.658ms
[1296.539s][info][gc] GC(426) Concurrent cleanup 3937M->427M(4380M) 0.082ms
[1296.543s][info][gc] GC(426) Concurrent class unloading 3.948ms
[1296.543s][info][gc] GC(426) Concurrent strong roots 0.038ms
[1296.545s][info][gc] GC(426) Concurrent evacuation 2.524ms
[1296.545s][info][gc] GC(426) Pause Init Update Refs 0.004ms
[1296.551s][info][gc] GC(426) Concurrent update references 5.209ms
[1296.551s][info][gc] GC(426) Concurrent update thread roots 0.263ms
[1296.551s][info][gc] GC(426) Pause Final Update Refs 0.037ms
[1296.551s][info][gc] GC(426) Concurrent cleanup 455M->85M(4380M) 0.012ms
[1298.592s][info][gc] Trigger: Free (458M) is below minimum threshold (460M)
[1298.592s][info][gc] GC(427) Concurrent reset 0.521ms
[1298.593s][info][gc] GC(427) Pause Init Mark (unload classes) 0.035ms
[1298.595s][info][gc] GC(427) Concurrent marking roots 2.460ms
[1298.628s][info][gc] GC(427) Concurrent marking (unload classes) 32.751ms
[1298.628s][info][gc] GC(427) Pause Final Mark (unload classes) 0.208ms
[1298.630s][info][gc] GC(427) Concurrent thread roots 1.133ms
[1298.630s][info][gc] GC(427) Concurrent weak references 0.018ms
[1298.634s][info][gc] GC(427) Concurrent weak roots 4.084ms
[1298.634s][info][gc] GC(427) Concurrent cleanup 3983M->3983M(4380M) 0.005ms
[1298.636s][info][gc] GC(427) Concurrent class unloading 2.457ms
[1298.636s][info][gc] GC(427) Concurrent strong roots 0.036ms
[1298.652s][info][gc] GC(427) Concurrent evacuation 16.111ms
[1298.653s][info][gc] GC(427) Pause Init Update Refs 0.005ms
[1298.674s][info][gc] GC(427) Concurrent update references 21.205ms
[1298.674s][info][gc] GC(427) Concurrent update thread roots 0.226ms
[1298.674s][info][gc] GC(427) Pause Final Update Refs 0.045ms
[1298.675s][info][gc] GC(427) Concurrent cleanup 4085M->205M(4380M) 0.075ms
[1300.754s][info][gc] Trigger: Free (454M) is below minimum threshold (460M)
[1300.758s][info][gc] GC(428) Concurrent reset 4.112ms
[1300.758s][info][gc] GC(428) Pause Init Mark (unload classes) 0.034ms
[1300.761s][info][gc] GC(428) Concurrent marking roots 2.509ms
[1300.787s][info][gc] GC(428) Concurrent marking (unload classes) 25.682ms
[1300.787s][info][gc] GC(428) Pause Final Mark (unload classes) 0.177ms
[1300.789s][info][gc] GC(428) Concurrent thread roots 1.453ms
[1300.789s][info][gc] GC(428) Concurrent weak references 0.015ms
[1300.810s][info][gc] GC(428) Concurrent weak roots 21.578ms
[1300.810s][info][gc] GC(428) Concurrent cleanup 4009M->2948M(4380M) 0.026ms
[1300.813s][info][gc] GC(428) Concurrent class unloading 2.546ms
[1300.813s][info][gc] GC(428) Concurrent strong roots 0.040ms
[1300.826s][info][gc] GC(428) Concurrent evacuation 12.948ms
[1300.826s][info][gc] GC(428) Pause Init Update Refs 0.007ms
[1300.845s][info][gc] GC(428) Concurrent update references 18.987ms
[1300.846s][info][gc] GC(428) Concurrent update thread roots 0.257ms
[1300.846s][info][gc] GC(428) Pause Final Update Refs 0.040ms
[1300.846s][info][gc] GC(428) Concurrent cleanup 3001M->169M(4380M) 0.056ms
[1302.939s][info][gc] Trigger: Average GC time (131.73 ms) is above the time for average allocation rate (1937 MB/s) to deplete free headroom (254M) (margin of error = 2.69)
[1302.942s][info][gc] GC(429) Concurrent reset 2.980ms
[1302.942s][info][gc] GC(429) Pause Init Mark (unload classes) 0.038ms
[1302.945s][info][gc] GC(429) Concurrent marking roots 2.797ms
[1302.964s][info][gc] GC(429) Concurrent marking (unload classes) 18.999ms
[1302.965s][info][gc] GC(429) Pause Final Mark (unload classes) 0.131ms
[1302.965s][info][gc] GC(429) Concurrent thread roots 0.783ms
[1302.966s][info][gc] GC(429) Concurrent weak references 0.018ms
[1302.975s][info][gc] GC(429) Concurrent weak roots 9.509ms
[1302.975s][info][gc] GC(429) Concurrent cleanup 3957M->1503M(4380M) 0.050ms
[1302.978s][info][gc] GC(429) Concurrent class unloading 2.869ms
[1302.978s][info][gc] GC(429) Concurrent strong roots 0.059ms
[1302.988s][info][gc] GC(429) Concurrent evacuation 9.358ms
[1302.988s][info][gc] GC(429) Pause Init Update Refs 0.014ms
[1303.002s][info][gc] GC(429) Concurrent update references 13.983ms
[1303.002s][info][gc] GC(429) Concurrent update thread roots 0.264ms
[1303.002s][info][gc] GC(429) Pause Final Update Refs 0.038ms
[1303.002s][info][gc] GC(429) Concurrent cleanup 1567M->161M(4380M) 0.046ms
[1305.025s][info][gc] Trigger: Free (460M) is below minimum threshold (460M)
[1305.026s][info][gc] GC(430) Concurrent reset 1.003ms
[1305.026s][info][gc] GC(430) Pause Init Mark (unload classes) 0.025ms
[1305.027s][info][gc] GC(430) Concurrent marking roots 0.904ms
[1305.056s][info][gc] GC(430) Concurrent marking (unload classes) 29.301ms
[1305.057s][info][gc] GC(430) Pause Final Mark (unload classes) 0.250ms
[1305.057s][info][gc] GC(430) Concurrent thread roots 0.333ms
[1305.057s][info][gc] GC(430) Concurrent weak references 0.015ms
[1305.062s][info][gc] GC(430) Concurrent weak roots 4.731ms
[1305.062s][info][gc] GC(430) Concurrent cleanup 3918M->3918M(4380M) 0.005ms
[1305.064s][info][gc] GC(430) Concurrent class unloading 1.790ms
[1305.064s][info][gc] GC(430) Concurrent strong roots 0.034ms
[1305.078s][info][gc] GC(430) Concurrent evacuation 14.622ms
[1305.079s][info][gc] GC(430) Pause Init Update Refs 0.006ms
[1305.093s][info][gc] GC(430) Concurrent update references 14.086ms
[1305.093s][info][gc] GC(430) Concurrent update thread roots 0.234ms
[1305.093s][info][gc] GC(430) Pause Final Update Refs 0.057ms
[1305.093s][info][gc] GC(430) Concurrent cleanup 3956M->86M(4380M) 0.077ms
[1307.182s][info][gc] Trigger: Free (460M) is below minimum threshold (460M)
[1307.186s][info][gc] GC(431) Concurrent reset 2.948ms
[1307.186s][info][gc] GC(431) Pause Init Mark (unload classes) 0.030ms
[1307.190s][info][gc] GC(431) Concurrent marking roots 3.517ms
[1307.225s][info][gc] GC(431) Concurrent marking (unload classes) 35.048ms
[1307.225s][info][gc] GC(431) Pause Final Mark (unload classes) 0.230ms
[1307.227s][info][gc] GC(431) Concurrent thread roots 1.306ms
[1307.227s][info][gc] GC(431) Concurrent weak references 0.014ms
[1307.235s][info][gc] GC(431) Concurrent weak roots 8.156ms
[1307.235s][info][gc] GC(431) Concurrent cleanup 4013M->3979M(4380M) 0.015ms
[1307.238s][info][gc] GC(431) Concurrent class unloading 3.611ms
[1307.239s][info][gc] GC(431) Concurrent strong roots 0.057ms
[1307.253s][info][gc] GC(431) Concurrent evacuation 14.807ms
[1307.254s][info][gc] GC(431) Pause Init Update Refs 0.005ms
[1307.277s][info][gc] GC(431) Concurrent update references 23.261ms
[1307.277s][info][gc] GC(431) Concurrent update thread roots 0.219ms
[1307.278s][info][gc] GC(431) Pause Final Update Refs 0.042ms
[1307.278s][info][gc] GC(431) Concurrent cleanup 4053M->203M(4380M) 0.075ms
[1309.397s][info][gc] Trigger: Average GC time (122.46 ms) is above the time for average allocation rate (1899 MB/s) to deplete free headroom (230M) (margin of error = 2.69)
[1309.401s][info][gc] GC(432) Concurrent reset 4.114ms
[1309.402s][info][gc] GC(432) Pause Init Mark (unload classes) 0.035ms
[1309.404s][info][gc] GC(432) Concurrent marking roots 2.132ms
[1309.428s][info][gc] GC(432) Concurrent marking (unload classes) 24.224ms
[1309.428s][info][gc] GC(432) Pause Final Mark (unload classes) 0.170ms
[1309.430s][info][gc] GC(432) Concurrent thread roots 1.399ms
[1309.430s][info][gc] GC(432) Concurrent weak references 0.014ms
[1309.437s][info][gc] GC(432) Concurrent weak roots 7.498ms
[1309.438s][info][gc] GC(432) Concurrent cleanup 3983M->2541M(4380M) 0.033ms
[1309.441s][info][gc] GC(432) Concurrent class unloading 3.218ms
[1309.441s][info][gc] GC(432) Concurrent strong roots 0.057ms
[1309.454s][info][gc] GC(432) Concurrent evacuation 12.933ms
[1309.454s][info][gc] GC(432) Pause Init Update Refs 0.005ms
[1309.472s][info][gc] GC(432) Concurrent update references 17.661ms
[1309.472s][info][gc] GC(432) Concurrent update thread roots 0.278ms
[1309.472s][info][gc] GC(432) Pause Final Update Refs 0.042ms
[1309.472s][info][gc] GC(432) Concurrent cleanup 2631M->187M(4380M) 0.049ms
[1311.378s][info][gc] Trigger: Average GC time (108.82 ms) is above the time for average allocation rate (2494 MB/s) to deplete free headroom (268M) (margin of error = 2.70)
[1311.381s][info][gc] GC(433) Concurrent reset 2.801ms
[1311.382s][info][gc] GC(433) Pause Init Mark (unload classes) 0.033ms
[1311.390s][info][gc] GC(433) Concurrent marking roots 8.265ms
[1311.414s][info][gc] GC(433) Concurrent marking (unload classes) 24.084ms
[1311.414s][info][gc] GC(433) Pause Final Mark (unload classes) 0.131ms
[1311.417s][info][gc] GC(433) Concurrent thread roots 2.018ms
[1311.417s][info][gc] GC(433) Concurrent weak references 0.012ms
[1311.457s][info][gc] GC(433) Concurrent weak roots 40.638ms
[1311.457s][info][gc] GC(433) Concurrent cleanup 4084M->1249M(4380M) 0.091ms
[1311.492s][info][gc] GC(433) Concurrent class unloading 34.175ms
[1311.492s][info][gc] GC(433) Concurrent strong roots 0.067ms
[1311.502s][info][gc] GC(433) Concurrent evacuation 10.596ms
[1311.503s][info][gc] GC(433) Pause Init Update Refs 0.007ms
[1311.524s][info][gc] GC(433) Concurrent update references 19.356ms
[1311.535s][info][gc] GC(433) Concurrent update thread roots 10.358ms
[1311.535s][info][gc] GC(433) Pause Final Update Refs 0.036ms
[1311.539s][info][gc] GC(433) Concurrent cleanup 1428M->414M(4380M) 0.044ms
[1312.550s][info][gc] Trigger: Average GC time (232.89 ms) is above the time for average allocation rate (3064 MB/s) to deplete free headroom (712M) (margin of error = 2.72)
[1312.551s][info][gc] GC(434) Concurrent reset 1.264ms
[1312.552s][info][gc] GC(434) Pause Init Mark (unload classes) 0.033ms
[1312.554s][info][gc] GC(434) Concurrent marking roots 1.946ms
[1312.592s][info][gc] GC(434) Concurrent marking (unload classes) 37.878ms
[1312.592s][info][gc] GC(434) Pause Final Mark (unload classes) 0.208ms
[1312.596s][info][gc] GC(434) Concurrent thread roots 3.877ms
[1312.596s][info][gc] GC(434) Concurrent weak references 0.011ms
[1312.620s][info][gc] GC(434) Concurrent weak roots 23.492ms
[1312.620s][info][gc] GC(434) Concurrent cleanup 3589M->3589M(4380M) 0.015ms
[1312.635s][info][gc] GC(434) Concurrent class unloading 14.783ms
[1312.635s][info][gc] GC(434) Concurrent strong roots 0.082ms
[1312.655s][info][gc] GC(434) Concurrent evacuation 19.654ms
[1312.655s][info][gc] GC(434) Pause Init Update Refs 0.008ms
[1312.698s][info][gc] GC(434) Concurrent update references 32.584ms
[1312.698s][info][gc] GC(434) Concurrent update thread roots 0.513ms
[1312.699s][info][gc] GC(434) Pause Final Update Refs 0.041ms
[1312.719s][info][gc] GC(434) Concurrent cleanup 3750M->427M(4380M) 0.106ms
[1313.697s][info][gc] Trigger: Average GC time (249.57 ms) is above the time for average allocation rate (3169 MB/s) to deplete free headroom (788M) (margin of error = 2.74)
[1313.701s][info][gc] GC(435) Concurrent reset 3.823ms
[1313.701s][info][gc] GC(435) Pause Init Mark (unload classes) 0.026ms
[1313.703s][info][gc] GC(435) Concurrent marking roots 1.491ms
[1313.762s][info][gc] GC(435) Concurrent marking (unload classes) 59.518ms
[1313.763s][info][gc] GC(435) Pause Final Mark (unload classes) 0.212ms
[1313.765s][info][gc] GC(435) Concurrent thread roots 2.196ms
[1313.765s][info][gc] GC(435) Concurrent weak references 0.014ms
[1313.780s][info][gc] GC(435) Concurrent weak roots 14.602ms
[1313.780s][info][gc] GC(435) Concurrent cleanup 3539M->3539M(4380M) 0.015ms
[1313.809s][info][gc] GC(435) Concurrent class unloading 29.460ms
[1313.810s][info][gc] GC(435) Concurrent strong roots 0.040ms
[1313.833s][info][gc] GC(435) Concurrent evacuation 23.696ms
[1313.834s][info][gc] GC(435) Pause Init Update Refs 0.010ms
[1313.895s][info][gc] GC(435) Concurrent update references 41.108ms
[1313.907s][info][gc] GC(435) Concurrent update thread roots 12.133ms
[1313.908s][info][gc] GC(435) Pause Final Update Refs 0.040ms
[1313.924s][info][gc] GC(435) Concurrent cleanup 3882M->633M(4380M) 0.104ms
[1314.794s][info][gc] Trigger: Average GC time (321.86 ms) is above the time for average allocation rate (2991 MB/s) to deplete free headroom (962M) (margin of error = 2.77)
[1314.798s][info][gc] GC(436) Concurrent reset 3.704ms
[1314.798s][info][gc] GC(436) Pause Init Mark (unload classes) 0.028ms
[1314.800s][info][gc] GC(436) Concurrent marking roots 1.691ms
[1314.888s][info][gc] GC(436) Concurrent marking (unload classes) 88.285ms
[1314.889s][info][gc] GC(436) Pause Final Mark (unload classes) 0.205ms
[1314.891s][info][gc] GC(436) Concurrent thread roots 1.890ms
[1314.891s][info][gc] GC(436) Concurrent weak references 0.015ms
[1314.927s][info][gc] GC(436) Concurrent weak roots 36.253ms
[1314.927s][info][gc] GC(436) Concurrent cleanup 3519M->3519M(4380M) 0.016ms
[1314.932s][info][gc] GC(436) Concurrent class unloading 4.323ms
[1314.932s][info][gc] GC(436) Concurrent strong roots 0.037ms
[1314.946s][info][gc] GC(436) Concurrent evacuation 14.307ms
[1314.946s][info][gc] GC(436) Pause Init Update Refs 0.008ms
[1315.016s][info][gc] GC(436) Concurrent update references 59.894ms
[1315.027s][info][gc] GC(436) Concurrent update thread roots 10.443ms
[1315.027s][info][gc] GC(436) Pause Final Update Refs 0.042ms
[1315.037s][info][gc] GC(436) Concurrent cleanup 3772M->711M(4380M) 0.102ms
[1315.860s][info][gc] Trigger: Average GC time (339.56 ms) is above the time for average allocation rate (2963 MB/s) to deplete free headroom (1000M) (margin of error = 2.79)
[1315.863s][info][gc] GC(437) Concurrent reset 3.539ms
[1315.864s][info][gc] GC(437) Pause Init Mark (unload classes) 0.027ms
[1315.865s][info][gc] GC(437) Concurrent marking roots 1.573ms
[1315.926s][info][gc] GC(437) Concurrent marking (unload classes) 60.407ms
[1315.926s][info][gc] GC(437) Pause Final Mark (unload classes) 0.196ms
[1315.928s][info][gc] GC(437) Concurrent thread roots 1.926ms
[1315.928s][info][gc] GC(437) Concurrent weak references 0.013ms
[1315.953s][info][gc] GC(437) Concurrent weak roots 24.779ms
[1315.953s][info][gc] GC(437) Concurrent cleanup 3377M->3373M(4380M) 0.018ms
[1315.963s][info][gc] GC(437) Concurrent class unloading 10.158ms
[1315.963s][info][gc] GC(437) Concurrent strong roots 0.051ms
[1315.993s][info][gc] GC(437) Concurrent evacuation 30.015ms
[1315.994s][info][gc] GC(437) Pause Init Update Refs 0.008ms
[1316.064s][info][gc] GC(437) Concurrent update references 69.593ms
[1316.069s][info][gc] GC(437) Concurrent update thread roots 5.774ms
[1316.070s][info][gc] GC(437) Pause Final Update Refs 0.040ms
[1316.090s][info][gc] GC(437) Concurrent cleanup 3687M->707M(4380M) 0.099ms
[1316.939s][info][gc] Trigger: Average GC time (314.48 ms) is above the time for average allocation rate (2996 MB/s) to deplete free headroom (942M) (margin of error = 2.80)
[1316.942s][info][gc] GC(438) Concurrent reset 3.607ms
[1316.943s][info][gc] GC(438) Pause Init Mark (unload classes) 0.038ms
[1316.945s][info][gc] GC(438) Concurrent marking roots 1.750ms
[1317.028s][info][gc] GC(438) Concurrent marking (unload classes) 83.427ms
[1317.029s][info][gc] GC(438) Pause Final Mark (unload classes) 0.223ms
[1317.033s][info][gc] GC(438) Concurrent thread roots 3.927ms
[1317.033s][info][gc] GC(438) Concurrent weak references 0.014ms
[1317.054s][info][gc] GC(438) Concurrent weak roots 21.562ms
[1317.055s][info][gc] GC(438) Concurrent cleanup 3463M->3463M(4380M) 0.016ms
[1317.075s][info][gc] GC(438) Concurrent class unloading 20.449ms
[1317.075s][info][gc] GC(438) Concurrent strong roots 0.038ms
[1317.093s][info][gc] GC(438) Concurrent evacuation 17.397ms
[1317.093s][info][gc] GC(438) Pause Init Update Refs 0.008ms
[1317.153s][info][gc] GC(438) Concurrent update references 60.291ms
[1317.164s][info][gc] GC(438) Concurrent update thread roots 10.446ms
[1317.164s][info][gc] GC(438) Pause Final Update Refs 0.048ms
[1317.174s][info][gc] GC(438) Concurrent cleanup 3751M->713M(4380M) 0.100ms
[1318.222s][info][gc] Trigger: Average GC time (297.09 ms) is above the time for average allocation rate (2534 MB/s) to deplete free headroom (752M) (margin of error = 2.81)
[1318.225s][info][gc] GC(439) Concurrent reset 2.787ms
[1318.226s][info][gc] GC(439) Pause Init Mark (unload classes) 0.032ms
[1318.227s][info][gc] GC(439) Concurrent marking roots 1.464ms
[1318.310s][info][gc] GC(439) Concurrent marking (unload classes) 83.075ms
[1318.311s][info][gc] GC(439) Pause Final Mark (unload classes) 0.207ms
[1318.316s][info][gc] GC(439) Concurrent thread roots 5.026ms
[1318.316s][info][gc] GC(439) Concurrent weak references 0.029ms
[1318.333s][info][gc] GC(439) Concurrent weak roots 17.070ms
[1318.334s][info][gc] GC(439) Concurrent cleanup 3597M->3595M(4380M) 0.019ms
[1318.348s][info][gc] GC(439) Concurrent class unloading 14.007ms
[1318.348s][info][gc] GC(439) Concurrent strong roots 0.068ms
[1318.366s][info][gc] GC(439) Concurrent evacuation 18.567ms
[1318.367s][info][gc] GC(439) Pause Init Update Refs 0.010ms
[1318.430s][info][gc] GC(439) Concurrent update references 53.101ms
[1318.439s][info][gc] GC(439) Concurrent update thread roots 8.721ms
[1318.439s][info][gc] GC(439) Pause Final Update Refs 0.042ms
[1318.441s][info][gc] GC(439) Concurrent cleanup 3843M->617M(4380M) 0.169ms
[1319.485s][info][gc] Trigger: Average GC time (274.24 ms) is above the time for average allocation rate (2837 MB/s) to deplete free headroom (774M) (margin of error = 2.82)
[1319.491s][info][gc] GC(440) Concurrent reset 5.850ms
[1319.492s][info][gc] GC(440) Pause Init Mark (unload classes) 0.037ms
[1319.493s][info][gc] GC(440) Concurrent marking roots 1.488ms
[1319.585s][info][gc] GC(440) Concurrent marking (unload classes) 91.630ms
[1319.585s][info][gc] GC(440) Pause Final Mark (unload classes) 0.199ms
[1319.587s][info][gc] GC(440) Concurrent thread roots 1.474ms
[1319.587s][info][gc] GC(440) Concurrent weak references 0.013ms
[1319.605s][info][gc] GC(440) Concurrent weak roots 18.167ms
[1319.605s][info][gc] GC(440) Concurrent cleanup 3637M->3637M(4380M) 0.016ms
[1319.623s][info][gc] GC(440) Concurrent class unloading 17.854ms
[1319.623s][info][gc] GC(440) Concurrent strong roots 0.070ms
[1319.642s][info][gc] GC(440) Concurrent evacuation 18.388ms
[1319.642s][info][gc] GC(440) Pause Init Update Refs 0.008ms
[1319.722s][info][gc] GC(440) Concurrent update references 70.022ms
[1319.734s][info][gc] GC(440) Concurrent update thread roots 11.420ms
[1319.734s][info][gc] GC(440) Pause Final Update Refs 0.039ms
[1319.745s][info][gc] GC(440) Concurrent cleanup 3945M->779M(4380M) 0.105ms
[1320.602s][info][gc] Trigger: Average GC time (303.41 ms) is above the time for average allocation rate (2953 MB/s) to deplete free headroom (890M) (margin of error = 2.83)
[1320.606s][info][gc] GC(441) Concurrent reset 3.796ms
[1320.606s][info][gc] GC(441) Pause Init Mark (unload classes) 0.034ms
[1320.608s][info][gc] GC(441) Concurrent marking roots 1.971ms
[1320.716s][info][gc] GC(441) Concurrent marking (unload classes) 107.538ms
[1320.717s][info][gc] GC(441) Pause Final Mark (unload classes) 0.211ms
[1320.719s][info][gc] GC(441) Concurrent thread roots 2.743ms
[1320.719s][info][gc] GC(441) Concurrent weak references 0.016ms
[1320.733s][info][gc] GC(441) Concurrent weak roots 13.283ms
[1320.733s][info][gc] GC(441) Concurrent cleanup 3563M->3563M(4380M) 0.015ms
[1320.757s][info][gc] GC(441) Concurrent class unloading 24.258ms
[1320.757s][info][gc] GC(441) Concurrent strong roots 0.040ms
[1320.779s][info][gc] GC(441) Concurrent evacuation 21.811ms
[1320.779s][info][gc] GC(441) Pause Init Update Refs 0.008ms
[1320.873s][info][gc] GC(441) Concurrent update references 83.349ms
[1320.885s][info][gc] GC(441) Concurrent update thread roots 11.922ms
[1320.886s][info][gc] GC(441) Pause Final Update Refs 0.049ms
[1320.886s][info][gc] GC(441) Concurrent cleanup 3941M->899M(4386M) 0.094ms
[1321.674s][info][gc] Trigger: Average GC time (337.48 ms) is above the time for average allocation rate (2827 MB/s) to deplete free headroom (952M) (margin of error = 2.84)
[1321.677s][info][gc] GC(442) Concurrent reset 3.631ms
[1321.678s][info][gc] GC(442) Pause Init Mark (unload classes) 0.030ms
[1321.681s][info][gc] GC(442) Concurrent marking roots 2.755ms
[1321.796s][info][gc] GC(442) Concurrent marking (unload classes) 115.021ms
[1321.796s][info][gc] GC(442) Pause Final Mark (unload classes) 0.219ms
[1321.798s][info][gc] GC(442) Concurrent thread roots 1.556ms
[1321.798s][info][gc] GC(442) Concurrent weak references 0.033ms
[1321.850s][info][gc] GC(442) Concurrent weak roots 51.450ms
[1321.850s][info][gc] GC(442) Concurrent cleanup 3549M->3549M(4386M) 0.016ms
[1321.855s][info][gc] GC(442) Concurrent class unloading 5.084ms
[1321.855s][info][gc] GC(442) Concurrent strong roots 0.040ms
[1321.870s][info][gc] GC(442) Concurrent evacuation 15.199ms
[1321.870s][info][gc] GC(442) Pause Init Update Refs 0.007ms
[1321.986s][info][gc] GC(442) Concurrent update references 95.368ms
[1321.998s][info][gc] GC(442) Concurrent update thread roots 11.550ms
[1321.998s][info][gc] GC(442) Pause Final Update Refs 0.048ms
[1322.008s][info][gc] GC(442) Concurrent cleanup 3864M->939M(4406M) 0.096ms
[1323.068s][info][gc] Trigger: Average GC time (414.14 ms) is above the time for average allocation rate (1822 MB/s) to deplete free headroom (753M) (margin of error = 2.86)
[1323.071s][info][gc] GC(443) Concurrent reset 3.356ms
[1323.071s][info][gc] GC(443) Pause Init Mark (unload classes) 0.035ms
[1323.074s][info][gc] GC(443) Concurrent marking roots 2.620ms
[1323.084s][info][gc] GC(443) Concurrent marking (unload classes) 9.731ms
[1323.084s][info][gc] GC(443) Pause Final Mark (unload classes) 0.110ms
[1323.086s][info][gc] GC(443) Concurrent thread roots 1.338ms
[1323.086s][info][gc] GC(443) Concurrent weak references 0.013ms
[1323.093s][info][gc] GC(443) Concurrent weak roots 7.499ms
[1323.093s][info][gc] GC(443) Concurrent cleanup 3417M->765M(4406M) 0.053ms
[1323.096s][info][gc] GC(443) Concurrent class unloading 2.732ms
[1323.096s][info][gc] GC(443) Concurrent strong roots 0.067ms
[1323.103s][info][gc] GC(443) Concurrent evacuation 6.312ms
[1323.103s][info][gc] GC(443) Pause Init Update Refs 0.015ms
[1323.113s][info][gc] GC(443) Concurrent update references 9.916ms
[1323.113s][info][gc] GC(443) Concurrent update thread roots 0.309ms
[1323.113s][info][gc] GC(443) Pause Final Update Refs 0.033ms
[1323.114s][info][gc] GC(443) Concurrent cleanup 819M->113M(4406M) 0.020ms
[1324.742s][info][gc] Trigger: Average GC time (539.86 ms) is above the time for average allocation rate (1856 MB/s) to deplete free headroom (1001M) (margin of error = 2.84)
[1324.743s][info][gc] GC(444) Concurrent reset 0.891ms
[1324.743s][info][gc] GC(444) Pause Init Mark (unload classes) 0.038ms
[1324.745s][info][gc] GC(444) Concurrent marking roots 1.590ms
[1324.773s][info][gc] GC(444) Concurrent marking (unload classes) 27.988ms
[1324.773s][info][gc] GC(444) Pause Final Mark (unload classes) 0.192ms
[1324.774s][info][gc] GC(444) Concurrent thread roots 0.958ms
[1324.774s][info][gc] GC(444) Concurrent weak references 0.014ms
[1324.778s][info][gc] GC(444) Concurrent weak roots 3.317ms
[1324.778s][info][gc] GC(444) Concurrent cleanup 3201M->3201M(4406M) 0.016ms
[1324.780s][info][gc] GC(444) Concurrent class unloading 2.541ms
[1324.780s][info][gc] GC(444) Concurrent strong roots 0.066ms
[1324.796s][info][gc] GC(444) Concurrent evacuation 15.554ms
[1324.796s][info][gc] GC(444) Pause Init Update Refs 0.008ms
[1324.815s][info][gc] GC(444) Concurrent update references 18.481ms
[1324.815s][info][gc] GC(444) Concurrent update thread roots 0.266ms
[1324.815s][info][gc] GC(444) Pause Final Update Refs 0.041ms
[1324.816s][info][gc] GC(444) Concurrent cleanup 3267M->161M(4406M) 0.091ms
[1326.517s][info][gc] Trigger: Average GC time (416.30 ms) is above the time for average allocation rate (1920 MB/s) to deplete free headroom (795M) (margin of error = 2.82)
[1326.520s][info][gc] GC(445) Concurrent reset 3.404ms
[1326.521s][info][gc] GC(445) Pause Init Mark (unload classes) 0.039ms
[1326.522s][info][gc] GC(445) Concurrent marking roots 0.978ms
[1326.554s][info][gc] GC(445) Concurrent marking (unload classes) 32.278ms
[1326.554s][info][gc] GC(445) Pause Final Mark (unload classes) 0.188ms
[1326.555s][info][gc] GC(445) Concurrent thread roots 0.463ms
[1326.555s][info][gc] GC(445) Concurrent weak references 0.017ms
[1326.561s][info][gc] GC(445) Concurrent weak roots 6.279ms
[1326.561s][info][gc] GC(445) Concurrent cleanup 3419M->3419M(4406M) 0.016ms
[1326.567s][info][gc] GC(445) Concurrent class unloading 5.671ms
[1326.567s][info][gc] GC(445) Concurrent strong roots 0.072ms
[1326.584s][info][gc] GC(445) Concurrent evacuation 16.688ms
[1326.584s][info][gc] GC(445) Pause Init Update Refs 0.006ms
[1326.609s][info][gc] GC(445) Concurrent update references 24.590ms
[1326.610s][info][gc] GC(445) Concurrent update thread roots 0.287ms
[1326.610s][info][gc] GC(445) Pause Final Update Refs 0.045ms
[1326.610s][info][gc] GC(445) Concurrent cleanup 3529M->237M(4406M) 0.099ms
[1328.402s][info][gc] Trigger: Average GC time (318.75 ms) is above the time for average allocation rate (1961 MB/s) to deplete free headroom (619M) (margin of error = 2.81)
[1328.405s][info][gc] GC(446) Concurrent reset 3.010ms
[1328.405s][info][gc] GC(446) Pause Init Mark (unload classes) 0.043ms
[1328.407s][info][gc] GC(446) Concurrent marking roots 2.027ms
[1328.459s][info][gc] GC(446) Concurrent marking (unload classes) 51.757ms
[1328.459s][info][gc] GC(446) Pause Final Mark (unload classes) 0.211ms
[1328.461s][info][gc] GC(446) Concurrent thread roots 1.859ms
[1328.461s][info][gc] GC(446) Concurrent weak references 0.023ms
[1328.464s][info][gc] GC(446) Concurrent weak roots 2.710ms
[1328.464s][info][gc] GC(446) Concurrent cleanup 3623M->3623M(4406M) 0.011ms
[1328.467s][info][gc] GC(446) Concurrent class unloading 2.723ms
[1328.467s][info][gc] GC(446) Concurrent strong roots 0.064ms
[1328.486s][info][gc] GC(446) Concurrent evacuation 18.952ms
[1328.486s][info][gc] GC(446) Pause Init Update Refs 0.005ms
[1328.516s][info][gc] GC(446) Concurrent update references 29.886ms
[1328.516s][info][gc] GC(446) Concurrent update thread roots 0.270ms
[1328.517s][info][gc] GC(446) Pause Final Update Refs 0.040ms
[1328.517s][info][gc] GC(446) Concurrent cleanup 3731M->293M(4406M) 0.070ms
[1330.730s][info][gc] Trigger: Average GC time (260.46 ms) is above the time for average allocation rate (1182 MB/s) to deplete free headroom (305M) (margin of error = 2.80)
[1330.733s][info][gc] GC(447) Concurrent reset 2.612ms
[1330.733s][info][gc] GC(447) Pause Init Mark (unload classes) 0.024ms
[1330.734s][info][gc] GC(447) Concurrent marking roots 1.548ms
[1330.765s][info][gc] GC(447) Concurrent marking (unload classes) 30.373ms
[1330.765s][info][gc] GC(447) Pause Final Mark (unload classes) 0.173ms
[1330.765s][info][gc] GC(447) Concurrent thread roots 0.305ms
[1330.765s][info][gc] GC(447) Concurrent weak references 0.012ms
[1330.771s][info][gc] GC(447) Concurrent weak roots 5.041ms
[1330.771s][info][gc] GC(447) Concurrent cleanup 3877M->2783M(4406M) 0.024ms
[1330.773s][info][gc] GC(447) Concurrent class unloading 2.123ms
[1330.773s][info][gc] GC(447) Concurrent strong roots 0.042ms
[1330.792s][info][gc] GC(447) Concurrent evacuation 19.386ms
[1330.792s][info][gc] GC(447) Pause Init Update Refs 0.006ms
[1330.810s][info][gc] GC(447) Concurrent update references 17.304ms
[1330.810s][info][gc] GC(447) Concurrent update thread roots 0.272ms
[1330.810s][info][gc] GC(447) Pause Final Update Refs 0.044ms
[1330.810s][info][gc] GC(447) Concurrent cleanup 2899M->193M(4406M) 0.062ms
[1334.048s][info][gc] Trigger: Average GC time (209.54 ms) is above the time for average allocation rate (1173 MB/s) to deplete free headroom (241M) (margin of error = 2.79)
[1334.051s][info][gc] GC(448) Concurrent reset 2.334ms
[1334.051s][info][gc] GC(448) Pause Init Mark (unload classes) 0.023ms
[1334.052s][info][gc] GC(448) Concurrent marking roots 0.941ms
[1334.094s][info][gc] GC(448) Concurrent marking (unload classes) 42.026ms
[1334.094s][info][gc] GC(448) Pause Final Mark (unload classes) 0.245ms
[1334.095s][info][gc] GC(448) Concurrent thread roots 0.860ms
[1334.095s][info][gc] GC(448) Concurrent weak references 0.013ms
[1334.097s][info][gc] GC(448) Concurrent weak roots 2.236ms
[1334.098s][info][gc] GC(448) Concurrent cleanup 3953M->3953M(4406M) 0.013ms
[1334.099s][info][gc] GC(448) Concurrent class unloading 1.650ms
[1334.099s][info][gc] GC(448) Concurrent strong roots 0.039ms
[1334.113s][info][gc] GC(448) Concurrent evacuation 13.781ms
[1334.113s][info][gc] GC(448) Pause Init Update Refs 0.006ms
[1334.142s][info][gc] GC(448) Concurrent update references 28.635ms
[1334.142s][info][gc] GC(448) Concurrent update thread roots 0.241ms
[1334.142s][info][gc] GC(448) Pause Final Update Refs 0.048ms
[1334.142s][info][gc] GC(448) Concurrent cleanup 4031M->233M(4406M) 0.078ms
[1337.244s][info][gc] Trigger: Average GC time (175.24 ms) is above the time for average allocation rate (1645 MB/s) to deplete free headroom (281M) (margin of error = 2.78)
[1337.248s][info][gc] GC(449) Concurrent reset 4.292ms
[1337.248s][info][gc] GC(449) Pause Init Mark (unload classes) 0.039ms
[1337.252s][info][gc] GC(449) Concurrent marking roots 3.342ms
[1337.262s][info][gc] GC(449) Concurrent marking (unload classes) 10.049ms
[1337.262s][info][gc] GC(449) Pause Final Mark (unload classes) 0.123ms
[1337.263s][info][gc] GC(449) Concurrent thread roots 0.908ms
[1337.263s][info][gc] GC(449) Concurrent weak references 0.014ms
[1337.278s][info][gc] GC(449) Concurrent weak roots 15.069ms
[1337.278s][info][gc] GC(449) Concurrent cleanup 3925M->733M(4406M) 0.095ms
[1337.289s][info][gc] GC(449) Concurrent class unloading 10.140ms
[1337.289s][info][gc] GC(449) Concurrent strong roots 0.073ms
[1337.293s][info][gc] GC(449) Concurrent evacuation 4.209ms
[1337.293s][info][gc] GC(449) Pause Init Update Refs 0.009ms
[1337.300s][info][gc] GC(449) Concurrent update references 6.758ms
[1337.301s][info][gc] GC(449) Concurrent update thread roots 0.318ms
[1337.301s][info][gc] GC(449) Pause Final Update Refs 0.037ms
[1337.301s][info][gc] GC(449) Concurrent cleanup 781M->137M(4406M) 0.029ms
[1339.052s][info][gc] Trigger: Average GC time (153.24 ms) is above the time for average allocation rate (2134 MB/s) to deplete free headroom (325M) (margin of error = 2.77)
[1339.053s][info][gc] GC(450) Concurrent reset 0.598ms
[1339.054s][info][gc] GC(450) Pause Init Mark (unload classes) 0.029ms
[1339.055s][info][gc] GC(450) Concurrent marking roots 1.593ms
[1339.088s][info][gc] GC(450) Concurrent marking (unload classes) 32.652ms
[1339.088s][info][gc] GC(450) Pause Final Mark (unload classes) 0.216ms
[1339.090s][info][gc] GC(450) Concurrent thread roots 1.574ms
[1339.090s][info][gc] GC(450) Concurrent weak references 0.013ms
[1339.093s][info][gc] GC(450) Concurrent weak roots 3.336ms
[1339.094s][info][gc] GC(450) Concurrent cleanup 3897M->3897M(4406M) 0.012ms
[1339.096s][info][gc] GC(450) Concurrent class unloading 2.505ms
[1339.096s][info][gc] GC(450) Concurrent strong roots 0.061ms
[1339.111s][info][gc] GC(450) Concurrent evacuation 15.113ms
[1339.112s][info][gc] GC(450) Pause Init Update Refs 0.011ms
[1339.138s][info][gc] GC(450) Concurrent update references 26.159ms
[1339.138s][info][gc] GC(450) Concurrent update thread roots 0.279ms
[1339.138s][info][gc] GC(450) Pause Final Update Refs 0.045ms
[1339.139s][info][gc] GC(450) Concurrent cleanup 3989M->211M(4406M) 0.122ms
[1340.996s][info][gc] Trigger: Average GC time (137.26 ms) is above the time for average allocation rate (2200 MB/s) to deplete free headroom (299M) (margin of error = 2.77)
[1341.000s][info][gc] GC(451) Concurrent reset 4.034ms
[1341.001s][info][gc] GC(451) Pause Init Mark (unload classes) 0.032ms
[1341.002s][info][gc] GC(451) Concurrent marking roots 1.577ms
[1341.027s][info][gc] GC(451) Concurrent marking (unload classes) 24.653ms
[1341.027s][info][gc] GC(451) Pause Final Mark (unload classes) 0.184ms
[1341.029s][info][gc] GC(451) Concurrent thread roots 1.319ms
[1341.029s][info][gc] GC(451) Concurrent weak references 0.016ms
[1341.038s][info][gc] GC(451) Concurrent weak roots 9.082ms
[1341.038s][info][gc] GC(451) Concurrent cleanup 3909M->2945M(4406M) 0.024ms
[1341.042s][info][gc] GC(451) Concurrent class unloading 4.015ms
[1341.042s][info][gc] GC(451) Concurrent strong roots 0.066ms
[1341.057s][info][gc] GC(451) Concurrent evacuation 14.511ms
[1341.057s][info][gc] GC(451) Pause Init Update Refs 0.013ms
[1341.076s][info][gc] GC(451) Concurrent update references 18.714ms
[1341.076s][info][gc] GC(451) Concurrent update thread roots 0.276ms
[1341.076s][info][gc] GC(451) Pause Final Update Refs 0.049ms
[1341.076s][info][gc] GC(451) Concurrent cleanup 3051M->205M(4406M) 0.084ms
[1342.981s][info][gc] Trigger: Average GC time (120.40 ms) is above the time for average allocation rate (2214 MB/s) to deplete free headroom (263M) (margin of error = 2.77)
[1342.984s][info][gc] GC(452) Concurrent reset 3.022ms
[1342.984s][info][gc] GC(452) Pause Init Mark (unload classes) 0.032ms
[1342.988s][info][gc] GC(452) Concurrent marking roots 3.210ms
[1343.011s][info][gc] GC(452) Concurrent marking (unload classes) 23.813ms
[1343.012s][info][gc] GC(452) Pause Final Mark (unload classes) 0.141ms
[1343.014s][info][gc] GC(452) Concurrent thread roots 1.897ms
[1343.014s][info][gc] GC(452) Concurrent weak references 0.022ms
[1343.022s][info][gc] GC(452) Concurrent weak roots 8.108ms
[1343.022s][info][gc] GC(452) Concurrent cleanup 3962M->1542M(4406M) 0.075ms
[1343.026s][info][gc] GC(452) Concurrent class unloading 3.813ms
[1343.026s][info][gc] GC(452) Concurrent strong roots 0.037ms
[1343.034s][info][gc] GC(452) Concurrent evacuation 7.737ms
[1343.034s][info][gc] GC(452) Pause Init Update Refs 0.006ms
[1343.051s][info][gc] GC(452) Concurrent update references 17.010ms
[1343.051s][info][gc] GC(452) Concurrent update thread roots 0.217ms
[1343.052s][info][gc] GC(452) Pause Final Update Refs 0.030ms
[1343.052s][info][gc] GC(452) Concurrent cleanup 1619M->189M(4406M) 0.031ms
[1344.837s][info][gc] Trigger: Free (460M) is below minimum threshold (460M)
[1344.838s][info][gc] GC(453) Concurrent reset 1.087ms
[1344.839s][info][gc] GC(453) Pause Init Mark (unload classes) 0.029ms
[1344.841s][info][gc] GC(453) Concurrent marking roots 2.089ms
[1344.871s][info][gc] GC(453) Concurrent marking (unload classes) 30.129ms
[1344.871s][info][gc] GC(453) Pause Final Mark (unload classes) 0.218ms
[1344.872s][info][gc] GC(453) Concurrent thread roots 0.610ms
[1344.872s][info][gc] GC(453) Concurrent weak references 0.014ms
[1344.876s][info][gc] GC(453) Concurrent weak roots 4.078ms
[1344.876s][info][gc] GC(453) Concurrent cleanup 3936M->3934M(4406M) 0.011ms
[1344.878s][info][gc] GC(453) Concurrent class unloading 2.419ms
[1344.879s][info][gc] GC(453) Concurrent strong roots 0.034ms
[1344.892s][info][gc] GC(453) Concurrent evacuation 13.513ms
[1344.892s][info][gc] GC(453) Pause Init Update Refs 0.006ms
[1344.907s][info][gc] GC(453) Concurrent update references 14.901ms
[1344.907s][info][gc] GC(453) Concurrent update thread roots 0.215ms
[1344.908s][info][gc] GC(453) Pause Final Update Refs 0.040ms
[1344.908s][info][gc] GC(453) Concurrent cleanup 3974M->110M(4406M) 0.073ms
[1346.802s][info][gc] Trigger: Free (460M) is below minimum threshold (460M)
[1346.807s][info][gc] GC(454) Concurrent reset 4.186ms
[1346.807s][info][gc] GC(454) Pause Init Mark (unload classes) 0.036ms
[1346.810s][info][gc] GC(454) Concurrent marking roots 2.433ms
[1346.845s][info][gc] GC(454) Concurrent marking (unload classes) 35.285ms
[1346.845s][info][gc] GC(454) Pause Final Mark (unload classes) 0.225ms
[1346.847s][info][gc] GC(454) Concurrent thread roots 1.715ms
[1346.847s][info][gc] GC(454) Concurrent weak references 0.015ms
[1346.855s][info][gc] GC(454) Concurrent weak roots 8.119ms
[1346.855s][info][gc] GC(454) Concurrent cleanup 4013M->3953M(4406M) 0.015ms
[1346.860s][info][gc] GC(454) Concurrent class unloading 4.240ms
[1346.860s][info][gc] GC(454) Concurrent strong roots 0.036ms
[1346.876s][info][gc] GC(454) Concurrent evacuation 16.114ms
[1346.876s][info][gc] GC(454) Pause Init Update Refs 0.007ms
[1346.901s][info][gc] GC(454) Concurrent update references 25.088ms
[1346.902s][info][gc] GC(454) Concurrent update thread roots 0.258ms
[1346.902s][info][gc] GC(454) Pause Final Update Refs 0.042ms
[1346.902s][info][gc] GC(454) Concurrent cleanup 4071M->245M(4406M) 0.188ms
[1348.782s][info][gc] Trigger: Average GC time (126.74 ms) is above the time for average allocation rate (2095 MB/s) to deplete free headroom (262M) (margin of error = 2.77)
[1348.786s][info][gc] GC(455) Concurrent reset 4.018ms
[1348.787s][info][gc] GC(455) Pause Init Mark (unload classes) 0.036ms
[1348.789s][info][gc] GC(455) Concurrent marking roots 2.597ms
[1348.812s][info][gc] GC(455) Concurrent marking (unload classes) 22.729ms
[1348.812s][info][gc] GC(455) Pause Final Mark (unload classes) 0.164ms
[1348.814s][info][gc] GC(455) Concurrent thread roots 1.339ms
[1348.814s][info][gc] GC(455) Concurrent weak references 0.029ms
[1348.824s][info][gc] GC(455) Concurrent weak roots 9.685ms
[1348.824s][info][gc] GC(455) Concurrent cleanup 3963M->2504M(4406M) 0.032ms
[1348.828s][info][gc] GC(455) Concurrent class unloading 4.214ms
[1348.828s][info][gc] GC(455) Concurrent strong roots 0.034ms
[1348.840s][info][gc] GC(455) Concurrent evacuation 11.705ms
[1348.840s][info][gc] GC(455) Pause Init Update Refs 0.006ms
[1348.858s][info][gc] GC(455) Concurrent update references 18.338ms
[1348.859s][info][gc] GC(455) Concurrent update thread roots 0.233ms
[1348.859s][info][gc] GC(455) Pause Final Update Refs 0.035ms
[1348.859s][info][gc] GC(455) Concurrent cleanup 2597M->203M(4406M) 0.074ms
[1350.788s][info][gc] Trigger: Free (460M) is below minimum threshold (460M)
[1350.791s][info][gc] GC(456) Concurrent reset 2.570ms
[1350.791s][info][gc] GC(456) Pause Init Mark (unload classes) 0.037ms
[1350.795s][info][gc] GC(456) Concurrent marking roots 3.869ms
[1350.815s][info][gc] GC(456) Concurrent marking (unload classes) 19.343ms
[1350.815s][info][gc] GC(456) Pause Final Mark (unload classes) 0.125ms
[1350.817s][info][gc] GC(456) Concurrent thread roots 1.994ms
[1350.817s][info][gc] GC(456) Concurrent weak references 0.042ms
[1350.826s][info][gc] GC(456) Concurrent weak roots 9.148ms
[1350.827s][info][gc] GC(456) Concurrent cleanup 3998M->1110M(4406M) 0.057ms
[1350.829s][info][gc] GC(456) Concurrent class unloading 2.907ms
[1350.830s][info][gc] GC(456) Concurrent strong roots 0.062ms
[1350.837s][info][gc] GC(456) Concurrent evacuation 7.522ms
[1350.838s][info][gc] GC(456) Pause Init Update Refs 0.008ms
[1350.852s][info][gc] GC(456) Concurrent update references 14.821ms
[1350.853s][info][gc] GC(456) Concurrent update thread roots 0.222ms
[1350.853s][info][gc] GC(456) Pause Final Update Refs 0.035ms
[1350.853s][info][gc] GC(456) Concurrent cleanup 1179M->181M(4406M) 0.037ms
[1352.634s][info][gc] Trigger: Free (458M) is below minimum threshold (460M)
[1352.635s][info][gc] GC(457) Concurrent reset 1.154ms
[1352.635s][info][gc] GC(457) Pause Init Mark (unload classes) 0.034ms
[1352.638s][info][gc] GC(457) Concurrent marking roots 2.276ms
[1352.674s][info][gc] GC(457) Concurrent marking (unload classes) 35.996ms
[1352.674s][info][gc] GC(457) Pause Final Mark (unload classes) 0.220ms
[1352.675s][info][gc] GC(457) Concurrent thread roots 0.925ms
[1352.675s][info][gc] GC(457) Concurrent weak references 0.013ms
[1352.679s][info][gc] GC(457) Concurrent weak roots 3.828ms
[1352.679s][info][gc] GC(457) Concurrent cleanup 3999M->3999M(4406M) 0.005ms
[1352.682s][info][gc] GC(457) Concurrent class unloading 3.313ms
[1352.682s][info][gc] GC(457) Concurrent strong roots 0.066ms
[1352.701s][info][gc] GC(457) Concurrent evacuation 18.148ms
[1352.701s][info][gc] GC(457) Pause Init Update Refs 0.006ms
[1352.727s][info][gc] GC(457) Concurrent update references 26.382ms
[1352.727s][info][gc] GC(457) Concurrent update thread roots 0.237ms
[1352.728s][info][gc] GC(457) Pause Final Update Refs 0.038ms
[1352.728s][info][gc] GC(457) Concurrent cleanup 4135M->259M(4406M) 0.077ms
[1354.591s][info][gc] Trigger: Average GC time (120.63 ms) is above the time for average allocation rate (2141 MB/s) to deplete free headroom (251M) (margin of error = 2.77)
[1354.596s][info][gc] GC(458) Concurrent reset 4.263ms
[1354.596s][info][gc] GC(458) Pause Init Mark (unload classes) 0.028ms
[1354.599s][info][gc] GC(458) Concurrent marking roots 2.710ms
[1354.627s][info][gc] GC(458) Concurrent marking (unload classes) 28.558ms
[1354.628s][info][gc] GC(458) Pause Final Mark (unload classes) 0.211ms
[1354.629s][info][gc] GC(458) Concurrent thread roots 0.902ms
[1354.629s][info][gc] GC(458) Concurrent weak references 0.018ms
[1354.650s][info][gc] GC(458) Concurrent weak roots 20.817ms
[1354.650s][info][gc] GC(458) Concurrent cleanup 3988M->3542M(4406M) 0.026ms
[1354.653s][info][gc] GC(458) Concurrent class unloading 3.360ms
[1354.653s][info][gc] GC(458) Concurrent strong roots 0.072ms
[1354.670s][info][gc] GC(458) Concurrent evacuation 16.579ms
[1354.670s][info][gc] GC(458) Pause Init Update Refs 0.006ms
[1354.694s][info][gc] GC(458) Concurrent update references 23.498ms
[1354.694s][info][gc] GC(458) Concurrent update thread roots 0.252ms
[1354.694s][info][gc] GC(458) Pause Final Update Refs 0.044ms
[1354.694s][info][gc] GC(458) Concurrent cleanup 3645M->229M(4406M) 0.066ms
[1356.565s][info][gc] Trigger: Average GC time (130.83 ms) is above the time for average allocation rate (2168 MB/s) to deplete free headroom (277M) (margin of error = 2.78)
[1356.568s][info][gc] GC(459) Concurrent reset 3.690ms
[1356.569s][info][gc] GC(459) Pause Init Mark (unload classes) 0.032ms
[1356.572s][info][gc] GC(459) Concurrent marking roots 3.533ms
[1356.596s][info][gc] GC(459) Concurrent marking (unload classes) 23.858ms
[1356.597s][info][gc] GC(459) Pause Final Mark (unload classes) 0.146ms
[1356.597s][info][gc] GC(459) Concurrent thread roots 0.700ms
[1356.597s][info][gc] GC(459) Concurrent weak references 0.017ms
[1356.606s][info][gc] GC(459) Concurrent weak roots 8.640ms
[1356.606s][info][gc] GC(459) Concurrent cleanup 3952M->2066M(4406M) 0.040ms
[1356.610s][info][gc] GC(459) Concurrent class unloading 3.279ms
[1356.610s][info][gc] GC(459) Concurrent strong roots 0.067ms
[1356.621s][info][gc] GC(459) Concurrent evacuation 11.465ms
[1356.621s][info][gc] GC(459) Pause Init Update Refs 0.006ms
[1356.639s][info][gc] GC(459) Concurrent update references 17.943ms
[1356.640s][info][gc] GC(459) Concurrent update thread roots 0.250ms
[1356.640s][info][gc] GC(459) Pause Final Update Refs 0.046ms
[1356.640s][info][gc] GC(459) Concurrent cleanup 2147M->199M(4406M) 0.063ms
[1358.575s][info][gc] Trigger: Free (458M) is below minimum threshold (460M)
[1358.578s][info][gc] GC(460) Concurrent reset 2.257ms
[1358.578s][info][gc] GC(460) Pause Init Mark (unload classes) 0.033ms
[1358.582s][info][gc] GC(460) Concurrent marking roots 3.307ms
[1358.597s][info][gc] GC(460) Concurrent marking (unload classes) 15.126ms
[1358.597s][info][gc] GC(460) Pause Final Mark (unload classes) 0.125ms
[1358.599s][info][gc] GC(460) Concurrent thread roots 1.333ms
[1358.599s][info][gc] GC(460) Concurrent weak references 0.017ms
[1358.608s][info][gc] GC(460) Concurrent weak roots 9.409ms
[1358.608s][info][gc] GC(460) Concurrent cleanup 3978M->640M(4406M) 0.069ms
[1358.615s][info][gc] GC(460) Concurrent class unloading 6.584ms
[1358.615s][info][gc] GC(460) Concurrent strong roots 0.073ms
[1358.620s][info][gc] GC(460) Concurrent evacuation 5.489ms
[1358.621s][info][gc] GC(460) Pause Init Update Refs 0.014ms
[1358.634s][info][gc] GC(460) Concurrent update references 12.879ms
[1358.634s][info][gc] GC(460) Concurrent update thread roots 0.322ms
[1358.634s][info][gc] GC(460) Pause Final Update Refs 0.045ms
[1358.634s][info][gc] GC(460) Concurrent cleanup 709M->163M(4406M) 0.016ms
[1360.408s][info][gc] Trigger: Average GC time (115.46 ms) is above the time for average allocation rate (2135 MB/s) to deplete free headroom (245M) (margin of error = 2.78)
[1360.409s][info][gc] GC(461) Concurrent reset 0.527ms
[1360.410s][info][gc] GC(461) Pause Init Mark (unload classes) 0.035ms
[1360.412s][info][gc] GC(461) Concurrent marking roots 1.874ms
[1360.442s][info][gc] GC(461) Concurrent marking (unload classes) 30.104ms
[1360.442s][info][gc] GC(461) Pause Final Mark (unload classes) 0.222ms
[1360.444s][info][gc] GC(461) Concurrent thread roots 1.802ms
[1360.444s][info][gc] GC(461) Concurrent weak references 0.016ms
[1360.450s][info][gc] GC(461) Concurrent weak roots 6.220ms
[1360.451s][info][gc] GC(461) Concurrent cleanup 3963M->3963M(4406M) 0.014ms
[1360.454s][info][gc] GC(461) Concurrent class unloading 3.918ms
[1360.455s][info][gc] GC(461) Concurrent strong roots 0.041ms
[1360.472s][info][gc] GC(461) Concurrent evacuation 17.897ms
[1360.473s][info][gc] GC(461) Pause Init Update Refs 0.005ms
[1360.496s][info][gc] GC(461) Concurrent update references 23.235ms
[1360.496s][info][gc] GC(461) Concurrent update thread roots 0.286ms
[1360.497s][info][gc] GC(461) Pause Final Update Refs 0.039ms
[1360.497s][info][gc] GC(461) Concurrent cleanup 4059M->199M(4406M) 0.077ms
[1362.461s][info][gc] Trigger: Free (454M) is below minimum threshold (460M)
[1362.469s][info][gc] GC(462) Concurrent reset 8.507ms
[1362.470s][info][gc] GC(462) Pause Init Mark (unload classes) 0.035ms
[1362.474s][info][gc] GC(462) Concurrent marking roots 3.947ms
[1362.585s][info][gc] GC(462) Concurrent marking (unload classes) 111.292ms
[1362.586s][info][gc] GC(462) Pause Final Mark (unload classes) 0.220ms
[1362.587s][info][gc] GC(462) Concurrent thread roots 1.295ms
[1362.587s][info][gc] GC(462) Concurrent weak references 0.024ms
[1362.607s][info][gc] GC(462) Concurrent weak roots 20.247ms
[1362.607s][info][gc] GC(462) Concurrent cleanup 4099M->3187M(4406M) 0.026ms
[1362.619s][info][gc] GC(462) Concurrent class unloading 11.460ms
[1362.619s][info][gc] GC(462) Concurrent strong roots 0.087ms
[1362.654s][info][gc] GC(462) Concurrent evacuation 35.067ms
[1362.655s][info][gc] GC(462) Pause Init Update Refs 0.008ms
[1362.687s][info][gc] GC(462) Concurrent update references 32.208ms
[1362.687s][info][gc] GC(462) Concurrent update thread roots 0.316ms
[1362.688s][info][gc] GC(462) Pause Final Update Refs 0.048ms
[1362.688s][info][gc] GC(462) Concurrent cleanup 3267M->285M(4406M) 0.093ms
[1364.735s][info][gc] Trigger: Average GC time (360.22 ms) is above the time for average allocation rate (1702 MB/s) to deplete free headroom (611M) (margin of error = 2.78)
[1364.743s][info][gc] GC(463) Concurrent reset 7.379ms
[1364.743s][info][gc] GC(463) Pause Init Mark (unload classes) 0.039ms
[1364.749s][info][gc] GC(463) Concurrent marking roots 5.387ms
[1364.773s][info][gc] GC(463) Concurrent marking (unload classes) 23.952ms
[1364.773s][info][gc] GC(463) Pause Final Mark (unload classes) 0.135ms
[1364.775s][info][gc] GC(463) Concurrent thread roots 1.668ms
[1364.775s][info][gc] GC(463) Concurrent weak references 0.014ms
[1364.788s][info][gc] GC(463) Concurrent weak roots 13.324ms
[1364.788s][info][gc] GC(463) Concurrent cleanup 3623M->1311M(4406M) 0.048ms
[1364.795s][info][gc] GC(463) Concurrent class unloading 6.319ms
[1364.795s][info][gc] GC(463) Concurrent strong roots 0.087ms
[1364.803s][info][gc] GC(463) Concurrent evacuation 8.080ms
[1364.803s][info][gc] GC(463) Pause Init Update Refs 0.006ms
[1364.820s][info][gc] GC(463) Concurrent update references 16.124ms
[1364.820s][info][gc] GC(463) Concurrent update thread roots 0.316ms
[1364.820s][info][gc] GC(463) Pause Final Update Refs 0.043ms
[1364.820s][info][gc] GC(463) Concurrent cleanup 1387M->193M(4406M) 0.028ms
[1366.409s][info][gc] Trigger: Average GC time (293.27 ms) is above the time for average allocation rate (2139 MB/s) to deplete free headroom (625M) (margin of error = 2.77)
[1366.411s][info][gc] GC(464) Concurrent reset 1.445ms
[1366.411s][info][gc] GC(464) Pause Init Mark (unload classes) 0.036ms
[1366.412s][info][gc] GC(464) Concurrent marking roots 0.730ms
[1366.458s][info][gc] GC(464) Concurrent marking (unload classes) 45.844ms
[1366.458s][info][gc] GC(464) Pause Final Mark (unload classes) 0.200ms
[1366.460s][info][gc] GC(464) Concurrent thread roots 0.936ms
[1366.460s][info][gc] GC(464) Concurrent weak references 0.015ms
[1366.470s][info][gc] GC(464) Concurrent weak roots 10.169ms
[1366.470s][info][gc] GC(464) Concurrent cleanup 3627M->3627M(4406M) 0.015ms
[1366.478s][info][gc] GC(464) Concurrent class unloading 7.563ms
[1366.478s][info][gc] GC(464) Concurrent strong roots 0.087ms
[1366.498s][info][gc] GC(464) Concurrent evacuation 20.392ms
[1366.499s][info][gc] GC(464) Pause Init Update Refs 0.008ms
[1366.531s][info][gc] GC(464) Concurrent update references 31.921ms
[1366.531s][info][gc] GC(464) Concurrent update thread roots 0.320ms
[1366.531s][info][gc] GC(464) Pause Final Update Refs 0.054ms
[1366.532s][info][gc] GC(464) Concurrent cleanup 3739M->273M(4406M) 0.068ms
[1368.089s][info][gc] Trigger: Average GC time (244.61 ms) is above the time for average allocation rate (2245 MB/s) to deplete free headroom (547M) (margin of error = 2.79)
[1368.093s][info][gc] GC(465) Concurrent reset 2.863ms
[1368.093s][info][gc] GC(465) Pause Init Mark (unload classes) 0.037ms
[1368.095s][info][gc] GC(465) Concurrent marking roots 1.589ms
[1368.141s][info][gc] GC(465) Concurrent marking (unload classes) 46.360ms
[1368.142s][info][gc] GC(465) Pause Final Mark (unload classes) 0.219ms
[1368.143s][info][gc] GC(465) Concurrent thread roots 1.713ms
[1368.143s][info][gc] GC(465) Concurrent weak references 0.015ms
[1368.153s][info][gc] GC(465) Concurrent weak roots 9.963ms
[1368.154s][info][gc] GC(465) Concurrent cleanup 3718M->3714M(4406M) 0.017ms
[1368.166s][info][gc] GC(465) Concurrent class unloading 12.172ms
[1368.166s][info][gc] GC(465) Concurrent strong roots 0.066ms
[1368.186s][info][gc] GC(465) Concurrent evacuation 19.641ms
[1368.186s][info][gc] GC(465) Pause Init Update Refs 0.005ms
[1368.220s][info][gc] GC(465) Concurrent update references 34.396ms
[1368.221s][info][gc] GC(465) Concurrent update thread roots 0.345ms
[1368.221s][info][gc] GC(465) Pause Final Update Refs 0.053ms
[1368.221s][info][gc] GC(465) Concurrent cleanup 3861M->341M(4406M) 0.112ms
[1369.788s][info][gc] Trigger: Average GC time (215.57 ms) is above the time for average allocation rate (2064 MB/s) to deplete free headroom (437M) (margin of error = 2.81)
[1369.792s][info][gc] GC(466) Concurrent reset 3.995ms
[1369.792s][info][gc] GC(466) Pause Init Mark (unload classes) 0.034ms
[1369.794s][info][gc] GC(466) Concurrent marking roots 1.388ms
[1369.852s][info][gc] GC(466) Concurrent marking (unload classes) 57.981ms
[1369.853s][info][gc] GC(466) Pause Final Mark (unload classes) 0.246ms
[1369.855s][info][gc] GC(466) Concurrent thread roots 1.877ms
[1369.855s][info][gc] GC(466) Concurrent weak references 0.016ms
[1369.864s][info][gc] GC(466) Concurrent weak roots 9.340ms
[1369.864s][info][gc] GC(466) Concurrent cleanup 3840M->3838M(4406M) 0.016ms
[1369.873s][info][gc] GC(466) Concurrent class unloading 9.125ms
[1369.873s][info][gc] GC(466) Concurrent strong roots 0.067ms
[1369.896s][info][gc] GC(466) Concurrent evacuation 22.663ms
[1369.896s][info][gc] GC(466) Pause Init Update Refs 0.008ms
[1369.944s][info][gc] GC(466) Concurrent update references 47.897ms
[1369.945s][info][gc] GC(466) Concurrent update thread roots 0.386ms
[1369.945s][info][gc] GC(466) Pause Final Update Refs 0.040ms
[1369.945s][info][gc] GC(466) Concurrent cleanup 3992M->385M(4406M) 0.144ms
[1371.466s][info][gc] Trigger: Average GC time (219.30 ms) is above the time for average allocation rate (2202 MB/s) to deplete free headroom (482M) (margin of error = 2.83)
[1371.469s][info][gc] GC(467) Concurrent reset 3.774ms
[1371.470s][info][gc] GC(467) Pause Init Mark (unload classes) 0.030ms
[1371.470s][info][gc] GC(467) Concurrent marking roots 0.664ms
[1371.539s][info][gc] GC(467) Concurrent marking (unload classes) 68.753ms
[1371.540s][info][gc] GC(467) Pause Final Mark (unload classes) 0.210ms
[1371.541s][info][gc] GC(467) Concurrent thread roots 1.257ms
[1371.541s][info][gc] GC(467) Concurrent weak references 0.013ms
[1371.551s][info][gc] GC(467) Concurrent weak roots 9.798ms
[1371.551s][info][gc] GC(467) Concurrent cleanup 3829M->3827M(4406M) 0.016ms
[1371.561s][info][gc] GC(467) Concurrent class unloading 10.186ms
[1371.561s][info][gc] GC(467) Concurrent strong roots 0.071ms
[1371.585s][info][gc] GC(467) Concurrent evacuation 23.290ms
[1371.585s][info][gc] GC(467) Pause Init Update Refs 0.009ms
[1371.655s][info][gc] GC(467) Concurrent update references 69.713ms
[1371.655s][info][gc] GC(467) Concurrent update thread roots 0.366ms
[1371.656s][info][gc] GC(467) Pause Final Update Refs 0.033ms
[1371.656s][info][gc] GC(467) Concurrent cleanup 4031M->495M(4406M) 0.071ms
[1373.067s][info][gc] Trigger: Average GC time (254.16 ms) is above the time for average allocation rate (2326 MB/s) to deplete free headroom (580M) (margin of error = 2.85)
[1373.071s][info][gc] GC(468) Concurrent reset 3.966ms
[1373.071s][info][gc] GC(468) Pause Init Mark (unload classes) 0.040ms
[1373.072s][info][gc] GC(468) Concurrent marking roots 1.000ms
[1373.143s][info][gc] GC(468) Concurrent marking (unload classes) 71.139ms
[1373.144s][info][gc] GC(468) Pause Final Mark (unload classes) 0.215ms
[1373.146s][info][gc] GC(468) Concurrent thread roots 1.627ms
[1373.146s][info][gc] GC(468) Concurrent weak references 0.013ms
[1373.150s][info][gc] GC(468) Concurrent weak roots 4.379ms
[1373.150s][info][gc] GC(468) Concurrent cleanup 3729M->3729M(4406M) 0.006ms
[1373.157s][info][gc] GC(468) Concurrent class unloading 6.661ms
[1373.157s][info][gc] GC(468) Concurrent strong roots 0.072ms
[1373.178s][info][gc] GC(468) Concurrent evacuation 20.770ms
[1373.178s][info][gc] GC(468) Pause Init Update Refs 0.006ms
[1373.244s][info][gc] GC(468) Concurrent update references 65.592ms
[1373.244s][info][gc] GC(468) Concurrent update thread roots 0.289ms
[1373.245s][info][gc] GC(468) Pause Final Update Refs 0.042ms
[1373.245s][info][gc] GC(468) Concurrent cleanup 3935M->521M(4406M) 0.068ms
[1374.653s][info][gc] Trigger: Average GC time (237.11 ms) is above the time for average allocation rate (2179 MB/s) to deplete free headroom (515M) (margin of error = 2.87)
[1374.656s][info][gc] GC(469) Concurrent reset 3.624ms
[1374.657s][info][gc] GC(469) Pause Init Mark (unload classes) 0.051ms
[1374.658s][info][gc] GC(469) Concurrent marking roots 0.656ms
[1374.745s][info][gc] GC(469) Concurrent marking (unload classes) 87.299ms
[1374.745s][info][gc] GC(469) Pause Final Mark (unload classes) 0.216ms
[1374.747s][info][gc] GC(469) Concurrent thread roots 1.330ms
[1374.747s][info][gc] GC(469) Concurrent weak references 0.014ms
[1374.752s][info][gc] GC(469) Concurrent weak roots 5.557ms
[1374.753s][info][gc] GC(469) Concurrent cleanup 3803M->3803M(4406M) 0.017ms
[1374.758s][info][gc] GC(469) Concurrent class unloading 5.431ms
[1374.758s][info][gc] GC(469) Concurrent strong roots 0.080ms
[1374.777s][info][gc] GC(469) Concurrent evacuation 18.450ms
[1374.777s][info][gc] GC(469) Pause Init Update Refs 0.007ms
[1374.848s][info][gc] GC(469) Concurrent update references 70.854ms
[1374.848s][info][gc] GC(469) Concurrent update thread roots 0.336ms
[1374.849s][info][gc] GC(469) Pause Final Update Refs 0.050ms
[1374.849s][info][gc] GC(469) Concurrent cleanup 3993M->547M(4406M) 0.107ms
[1376.238s][info][gc] Trigger: Average GC time (241.91 ms) is above the time for average allocation rate (2255 MB/s) to deplete free headroom (539M) (margin of error = 2.88)
[1376.242s][info][gc] GC(470) Concurrent reset 4.040ms
[1376.242s][info][gc] GC(470) Pause Init Mark (unload classes) 0.038ms
[1376.243s][info][gc] GC(470) Concurrent marking roots 0.703ms
[1376.321s][info][gc] GC(470) Concurrent marking (unload classes) 78.132ms
[1376.322s][info][gc] GC(470) Pause Final Mark (unload classes) 0.227ms
[1376.323s][info][gc] GC(470) Concurrent thread roots 1.143ms
[1376.323s][info][gc] GC(470) Concurrent weak references 0.014ms
[1376.328s][info][gc] GC(470) Concurrent weak roots 4.842ms
[1376.328s][info][gc] GC(470) Concurrent cleanup 3779M->3779M(4406M) 0.013ms
[1376.331s][info][gc] GC(470) Concurrent class unloading 3.058ms
[1376.331s][info][gc] GC(470) Concurrent strong roots 0.069ms
[1376.352s][info][gc] GC(470) Concurrent evacuation 20.853ms
[1376.352s][info][gc] GC(470) Pause Init Update Refs 0.010ms
[1376.430s][info][gc] GC(470) Concurrent update references 77.648ms
[1376.430s][info][gc] GC(470) Concurrent update thread roots 0.290ms
[1376.431s][info][gc] GC(470) Pause Final Update Refs 0.040ms
[1376.431s][info][gc] GC(470) Concurrent cleanup 4001M->603M(4406M) 0.107ms
[1377.891s][info][gc] Trigger: Average GC time (231.66 ms) is above the time for average allocation rate (2123 MB/s) to deplete free headroom (488M) (margin of error = 2.90)
[1377.894s][info][gc] GC(471) Concurrent reset 3.244ms
[1377.894s][info][gc] GC(471) Pause Init Mark (unload classes) 0.041ms
[1377.896s][info][gc] GC(471) Concurrent marking roots 1.041ms
[1377.996s][info][gc] GC(471) Concurrent marking (unload classes) 100.163ms
[1377.996s][info][gc] GC(471) Pause Final Mark (unload classes) 0.224ms
[1377.997s][info][gc] GC(471) Concurrent thread roots 0.715ms
[1377.997s][info][gc] GC(471) Concurrent weak references 0.012ms
[1378.003s][info][gc] GC(471) Concurrent weak roots 5.835ms
[1378.003s][info][gc] GC(471) Concurrent cleanup 3845M->3845M(4406M) 0.016ms
[1378.008s][info][gc] GC(471) Concurrent class unloading 5.050ms
[1378.008s][info][gc] GC(471) Concurrent strong roots 0.075ms
[1378.027s][info][gc] GC(471) Concurrent evacuation 18.393ms
[1378.027s][info][gc] GC(471) Pause Init Update Refs 0.006ms
[1378.106s][info][gc] GC(471) Concurrent update references 78.820ms
[1378.106s][info][gc] GC(471) Concurrent update thread roots 0.272ms
[1378.106s][info][gc] GC(471) Pause Final Update Refs 0.047ms
[1378.107s][info][gc] GC(471) Concurrent cleanup 4051M->631M(4406M) 0.101ms
[1379.523s][info][gc] Trigger: Average GC time (252.42 ms) is above the time for average allocation rate (2112 MB/s) to deplete free headroom (529M) (margin of error = 2.91)
[1379.528s][info][gc] GC(472) Concurrent reset 4.773ms
[1379.529s][info][gc] GC(472) Pause Init Mark (unload classes) 0.037ms
[1379.530s][info][gc] GC(472) Concurrent marking roots 1.367ms
[1379.652s][info][gc] GC(472) Concurrent marking (unload classes) 122.043ms
[1379.653s][info][gc] GC(472) Pause Final Mark (unload classes) 0.250ms
[1379.654s][info][gc] GC(472) Concurrent thread roots 0.992ms
[1379.654s][info][gc] GC(472) Concurrent weak references 0.015ms
[1379.660s][info][gc] GC(472) Concurrent weak roots 5.466ms
[1379.660s][info][gc] GC(472) Concurrent cleanup 3843M->3843M(4406M) 0.024ms
[1379.667s][info][gc] GC(472) Concurrent class unloading 7.483ms
[1379.668s][info][gc] GC(472) Concurrent strong roots 0.066ms
[1379.691s][info][gc] GC(472) Concurrent evacuation 23.565ms
[1379.692s][info][gc] GC(472) Pause Init Update Refs 0.015ms
[1379.796s][info][gc] GC(472) Concurrent update references 104.232ms
[1379.796s][info][gc] GC(472) Concurrent update thread roots 0.310ms
[1379.797s][info][gc] GC(472) Pause Final Update Refs 0.051ms
[1379.797s][info][gc] GC(472) Concurrent cleanup 4079M->725M(4434M) 0.103ms
[1381.152s][info][gc] Trigger: Average GC time (347.76 ms) is above the time for average allocation rate (2097 MB/s) to deplete free headroom (726M) (margin of error = 2.93)
[1381.157s][info][gc] GC(473) Concurrent reset 5.033ms
[1381.158s][info][gc] GC(473) Pause Init Mark (unload classes) 0.033ms
[1381.159s][info][gc] GC(473) Concurrent marking roots 1.663ms
[1381.278s][info][gc] GC(473) Concurrent marking (unload classes) 118.430ms
[1381.278s][info][gc] GC(473) Pause Final Mark (unload classes) 0.215ms
[1381.280s][info][gc] GC(473) Concurrent thread roots 1.617ms
[1381.280s][info][gc] GC(473) Concurrent weak references 0.015ms
[1381.286s][info][gc] GC(473) Concurrent weak roots 6.180ms
[1381.286s][info][gc] GC(473) Concurrent cleanup 3659M->3659M(4434M) 0.015ms
[1381.293s][info][gc] GC(473) Concurrent class unloading 6.157ms
[1381.293s][info][gc] GC(473) Concurrent strong roots 0.071ms
[1381.310s][info][gc] GC(473) Concurrent evacuation 17.434ms
[1381.311s][info][gc] GC(473) Pause Init Update Refs 0.006ms
[1381.411s][info][gc] GC(473) Concurrent update references 100.196ms
[1381.411s][info][gc] GC(473) Concurrent update thread roots 0.271ms
[1381.411s][info][gc] GC(473) Pause Final Update Refs 0.047ms
[1381.412s][info][gc] GC(473) Concurrent cleanup 3905M->767M(4456M) 0.063ms
[1383.747s][info][gc] Trigger: Average GC time (332.94 ms) is above the time for average allocation rate (1174 MB/s) to deplete free headroom (389M) (margin of error = 2.94)
[1383.749s][info][gc] GC(474) Concurrent reset 2.490ms
[1383.749s][info][gc] GC(474) Pause Init Mark (unload classes) 0.024ms
[1383.751s][info][gc] GC(474) Concurrent marking roots 1.659ms
[1383.772s][info][gc] GC(474) Concurrent marking (unload classes) 20.977ms
[1383.772s][info][gc] GC(474) Pause Final Mark (unload classes) 0.162ms
[1383.774s][info][gc] GC(474) Concurrent thread roots 1.223ms
[1383.774s][info][gc] GC(474) Concurrent weak references 0.022ms
[1383.778s][info][gc] GC(474) Concurrent weak roots 4.434ms
[1383.778s][info][gc] GC(474) Concurrent cleanup 3792M->2132M(4456M) 0.035ms
[1383.780s][info][gc] GC(474) Concurrent class unloading 1.944ms
[1383.780s][info][gc] GC(474) Concurrent strong roots 0.043ms
[1383.789s][info][gc] GC(474) Concurrent evacuation 8.127ms
[1383.789s][info][gc] GC(474) Pause Init Update Refs 0.005ms
[1383.799s][info][gc] GC(474) Concurrent update references 10.688ms
[1383.800s][info][gc] GC(474) Concurrent update thread roots 0.265ms
[1383.800s][info][gc] GC(474) Pause Final Update Refs 0.040ms
[1383.800s][info][gc] GC(474) Concurrent cleanup 2170M->112M(4456M) 0.044ms
[1386.916s][info][gc] Trigger: Average GC time (442.12 ms) is above the time for average allocation rate (1177 MB/s) to deplete free headroom (519M) (margin of error = 2.92)
[1386.918s][info][gc] GC(475) Concurrent reset 1.668ms
[1386.918s][info][gc] GC(475) Pause Init Mark (unload classes) 0.034ms
[1386.918s][info][gc] GC(475) Concurrent marking roots 0.514ms
[1386.956s][info][gc] GC(475) Concurrent marking (unload classes) 37.183ms
[1386.956s][info][gc] GC(475) Pause Final Mark (unload classes) 0.241ms
[1386.957s][info][gc] GC(475) Concurrent thread roots 0.515ms
[1386.957s][info][gc] GC(475) Concurrent weak references 0.014ms
[1386.960s][info][gc] GC(475) Concurrent weak roots 3.639ms
[1386.960s][info][gc] GC(475) Concurrent cleanup 3660M->3660M(4456M) 0.015ms
[1386.962s][info][gc] GC(475) Concurrent class unloading 1.854ms
[1386.962s][info][gc] GC(475) Concurrent strong roots 0.047ms
[1386.977s][info][gc] GC(475) Concurrent evacuation 14.367ms
[1386.977s][info][gc] GC(475) Pause Init Update Refs 0.006ms
[1386.995s][info][gc] GC(475) Concurrent update references 17.870ms
[1386.995s][info][gc] GC(475) Concurrent update thread roots 0.259ms
[1386.995s][info][gc] GC(475) Pause Final Update Refs 0.041ms
[1386.996s][info][gc] GC(475) Concurrent cleanup 3726M->156M(4456M) 0.083ms
[1390.223s][info][gc] Trigger: Average GC time (344.78 ms) is above the time for average allocation rate (1138 MB/s) to deplete free headroom (391M) (margin of error = 2.91)
[1390.226s][info][gc] GC(476) Concurrent reset 2.725ms
[1390.226s][info][gc] GC(476) Pause Init Mark (unload classes) 0.025ms
[1390.227s][info][gc] GC(476) Concurrent marking roots 0.930ms
[1390.268s][info][gc] GC(476) Concurrent marking (unload classes) 41.024ms
[1390.269s][info][gc] GC(476) Pause Final Mark (unload classes) 0.207ms
[1390.269s][info][gc] GC(476) Concurrent thread roots 0.437ms
[1390.269s][info][gc] GC(476) Concurrent weak references 0.014ms
[1390.275s][info][gc] GC(476) Concurrent weak roots 5.181ms
[1390.275s][info][gc] GC(476) Concurrent cleanup 3808M->3806M(4456M) 0.007ms
[1390.277s][info][gc] GC(476) Concurrent class unloading 2.528ms
[1390.277s][info][gc] GC(476) Concurrent strong roots 0.049ms
[1390.291s][info][gc] GC(476) Concurrent evacuation 13.853ms
[1390.291s][info][gc] GC(476) Pause Init Update Refs 0.006ms
[1390.317s][info][gc] GC(476) Concurrent update references 25.974ms
[1390.318s][info][gc] GC(476) Concurrent update thread roots 0.305ms
[1390.318s][info][gc] GC(476) Pause Final Update Refs 0.047ms
[1390.318s][info][gc] GC(476) Concurrent cleanup 3880M->214M(4456M) 0.072ms
[1393.690s][info][gc] Trigger: Average GC time (269.34 ms) is above the time for average allocation rate (1114 MB/s) to deplete free headroom (299M) (margin of error = 2.89)
[1393.694s][info][gc] GC(477) Concurrent reset 3.283ms
[1393.694s][info][gc] GC(477) Pause Init Mark (unload classes) 0.030ms
[1393.695s][info][gc] GC(477) Concurrent marking roots 0.585ms
[1393.749s][info][gc] GC(477) Concurrent marking (unload classes) 54.520ms
[1393.750s][info][gc] GC(477) Pause Final Mark (unload classes) 0.233ms
[1393.751s][info][gc] GC(477) Concurrent thread roots 0.754ms
[1393.751s][info][gc] GC(477) Concurrent weak references 0.029ms
[1393.754s][info][gc] GC(477) Concurrent weak roots 3.762ms
[1393.755s][info][gc] GC(477) Concurrent cleanup 3912M->3912M(4456M) 0.012ms
[1393.756s][info][gc] GC(477) Concurrent class unloading 1.538ms
[1393.756s][info][gc] GC(477) Concurrent strong roots 0.037ms
[1393.771s][info][gc] GC(477) Concurrent evacuation 14.675ms
[1393.771s][info][gc] GC(477) Pause Init Update Refs 0.011ms
[1393.804s][info][gc] GC(477) Concurrent update references 32.385ms
[1393.804s][info][gc] GC(477) Concurrent update thread roots 0.277ms
[1393.804s][info][gc] GC(477) Pause Final Update Refs 0.042ms
[1393.804s][info][gc] GC(477) Concurrent cleanup 3996M->264M(4456M) 0.075ms
[1396.718s][info][gc] Trigger: Average GC time (225.86 ms) is above the time for instantaneous allocation rate (2349 MB/s) to deplete free headroom (493M) (spike threshold = 1.80)
[1396.722s][info][gc] GC(478) Concurrent reset 3.699ms
[1396.722s][info][gc] GC(478) Pause Init Mark (unload classes) 0.042ms
[1396.726s][info][gc] GC(478) Concurrent marking roots 3.847ms
[1396.743s][info][gc] GC(478) Concurrent marking (unload classes) 16.966ms
[1396.744s][info][gc] GC(478) Pause Final Mark (unload classes) 0.119ms
[1396.746s][info][gc] GC(478) Concurrent thread roots 2.166ms
[1396.746s][info][gc] GC(478) Concurrent weak references 0.013ms
[1396.768s][info][gc] GC(478) Concurrent weak roots 22.417ms
[1396.769s][info][gc] GC(478) Concurrent cleanup 3756M->856M(4456M) 0.103ms
[1396.774s][info][gc] GC(478) Concurrent class unloading 4.976ms
[1396.774s][info][gc] GC(478) Concurrent strong roots 0.080ms
[1396.779s][info][gc] GC(478) Concurrent evacuation 5.184ms
[1396.779s][info][gc] GC(478) Pause Init Update Refs 0.010ms
[1396.791s][info][gc] GC(478) Concurrent update references 11.427ms
[1396.791s][info][gc] GC(478) Concurrent update thread roots 0.292ms
[1396.791s][info][gc] GC(478) Pause Final Update Refs 0.034ms
[1396.791s][info][gc] GC(478) Concurrent cleanup 886M->166M(4456M) 0.019ms
[1398.362s][info][gc] Trigger: Average GC time (188.68 ms) is above the time for average allocation rate (2284 MB/s) to deplete free headroom (428M) (margin of error = 2.89)
[1398.363s][info][gc] GC(479) Concurrent reset 0.696ms
[1398.363s][info][gc] GC(479) Pause Init Mark (unload classes) 0.028ms
[1398.366s][info][gc] GC(479) Concurrent marking roots 2.512ms
[1398.402s][info][gc] GC(479) Concurrent marking (unload classes) 35.925ms
[1398.402s][info][gc] GC(479) Pause Final Mark (unload classes) 0.213ms
[1398.404s][info][gc] GC(479) Concurrent thread roots 1.864ms
[1398.404s][info][gc] GC(479) Concurrent weak references 0.014ms
[1398.413s][info][gc] GC(479) Concurrent weak roots 8.714ms
[1398.413s][info][gc] GC(479) Concurrent cleanup 3810M->3810M(4456M) 0.016ms
[1398.418s][info][gc] GC(479) Concurrent class unloading 5.358ms
[1398.419s][info][gc] GC(479) Concurrent strong roots 0.070ms
[1398.440s][info][gc] GC(479) Concurrent evacuation 21.098ms
[1398.440s][info][gc] GC(479) Pause Init Update Refs 0.007ms
[1398.465s][info][gc] GC(479) Concurrent update references 25.028ms
[1398.465s][info][gc] GC(479) Concurrent update thread roots 0.273ms
[1398.466s][info][gc] GC(479) Pause Final Update Refs 0.047ms
[1398.466s][info][gc] GC(479) Concurrent cleanup 3906M->236M(4456M) 0.073ms
[1400.228s][info][gc] Trigger: Average GC time (168.68 ms) is above the time for average allocation rate (2314 MB/s) to deplete free headroom (384M) (margin of error = 2.88)
[1400.233s][info][gc] GC(480) Concurrent reset 4.010ms
[1400.233s][info][gc] GC(480) Pause Init Mark (unload classes) 0.031ms
[1400.237s][info][gc] GC(480) Concurrent marking roots 4.309ms
[1400.271s][info][gc] GC(480) Concurrent marking (unload classes) 33.913ms
[1400.272s][info][gc] GC(480) Pause Final Mark (unload classes) 0.189ms
[1400.272s][info][gc] GC(480) Concurrent thread roots 0.224ms
[1400.272s][info][gc] GC(480) Concurrent weak references 0.017ms
[1400.298s][info][gc] GC(480) Concurrent weak roots 25.129ms
[1400.298s][info][gc] GC(480) Concurrent cleanup 3909M->2929M(4456M) 0.041ms
[1400.304s][info][gc] GC(480) Concurrent class unloading 5.994ms
[1400.304s][info][gc] GC(480) Concurrent strong roots 0.081ms
[1400.319s][info][gc] GC(480) Concurrent evacuation 14.824ms
[1400.319s][info][gc] GC(480) Pause Init Update Refs 0.007ms
[1400.341s][info][gc] GC(480) Concurrent update references 21.954ms
[1400.341s][info][gc] GC(480) Concurrent update thread roots 0.275ms
[1400.342s][info][gc] GC(480) Pause Final Update Refs 0.051ms
[1400.342s][info][gc] GC(480) Concurrent cleanup 3022M->274M(4456M) 0.055ms
[1402.116s][info][gc] Trigger: Average GC time (160.45 ms) is above the time for average allocation rate (2230 MB/s) to deplete free headroom (353M) (margin of error = 2.88)
[1402.119s][info][gc] GC(481) Concurrent reset 2.299ms
[1402.120s][info][gc] GC(481) Pause Init Mark (unload classes) 0.044ms
[1402.122s][info][gc] GC(481) Concurrent marking roots 2.511ms
[1402.147s][info][gc] GC(481) Concurrent marking (unload classes) 24.991ms
[1402.148s][info][gc] GC(481) Pause Final Mark (unload classes) 0.154ms
[1402.149s][info][gc] GC(481) Concurrent thread roots 1.107ms
[1402.149s][info][gc] GC(481) Concurrent weak references 0.013ms
[1402.161s][info][gc] GC(481) Concurrent weak roots 12.085ms
[1402.161s][info][gc] GC(481) Concurrent cleanup 3882M->1360M(4456M) 0.051ms
[1402.166s][info][gc] GC(481) Concurrent class unloading 5.041ms
[1402.166s][info][gc] GC(481) Concurrent strong roots 0.066ms
[1402.176s][info][gc] GC(481) Concurrent evacuation 9.951ms
[1402.177s][info][gc] GC(481) Pause Init Update Refs 0.008ms
[1402.191s][info][gc] GC(481) Concurrent update references 14.892ms
[1402.192s][info][gc] GC(481) Concurrent update thread roots 0.241ms
[1402.192s][info][gc] GC(481) Pause Final Update Refs 0.039ms
[1402.192s][info][gc] GC(481) Concurrent cleanup 1438M->202M(4456M) 0.027ms
[1403.805s][info][gc] Trigger: Average GC time (148.79 ms) is above the time for average allocation rate (2351 MB/s) to deplete free headroom (347M) (margin of error = 2.88)
[1403.807s][info][gc] GC(482) Concurrent reset 1.548ms
[1403.807s][info][gc] GC(482) Pause Init Mark (unload classes) 0.034ms
[1403.809s][info][gc] GC(482) Concurrent marking roots 1.925ms
[1403.849s][info][gc] GC(482) Concurrent marking (unload classes) 39.844ms
[1403.849s][info][gc] GC(482) Pause Final Mark (unload classes) 0.210ms
[1403.851s][info][gc] GC(482) Concurrent thread roots 1.342ms
[1403.851s][info][gc] GC(482) Concurrent weak references 0.016ms
[1403.855s][info][gc] GC(482) Concurrent weak roots 4.279ms
[1403.855s][info][gc] GC(482) Concurrent cleanup 3899M->3899M(4456M) 0.013ms
[1403.860s][info][gc] GC(482) Concurrent class unloading 4.696ms
[1403.860s][info][gc] GC(482) Concurrent strong roots 0.040ms
[1403.881s][info][gc] GC(482) Concurrent evacuation 20.826ms
[1403.881s][info][gc] GC(482) Pause Init Update Refs 0.006ms
[1403.916s][info][gc] GC(482) Concurrent update references 34.642ms
[1403.916s][info][gc] GC(482) Concurrent update thread roots 0.230ms
[1403.916s][info][gc] GC(482) Pause Final Update Refs 0.045ms
[1403.916s][info][gc] GC(482) Concurrent cleanup 4050M->298M(4456M) 0.073ms
[1405.669s][info][gc] Trigger: Average GC time (152.18 ms) is above the time for average allocation rate (2278 MB/s) to deplete free headroom (343M) (margin of error = 2.88)
[1405.674s][info][gc] GC(483) Concurrent reset 4.967ms
[1405.675s][info][gc] GC(483) Pause Init Mark (unload classes) 0.035ms
[1405.678s][info][gc] GC(483) Concurrent marking roots 3.025ms
[1405.717s][info][gc] GC(483) Concurrent marking (unload classes) 39.435ms
[1405.718s][info][gc] GC(483) Pause Final Mark (unload classes) 0.222ms
[1405.720s][info][gc] GC(483) Concurrent thread roots 1.965ms
[1405.720s][info][gc] GC(483) Concurrent weak references 0.019ms
[1405.729s][info][gc] GC(483) Concurrent weak roots 9.435ms
[1405.729s][info][gc] GC(483) Concurrent cleanup 3916M->3540M(4456M) 0.027ms
[1405.735s][info][gc] GC(483) Concurrent class unloading 5.179ms
[1405.735s][info][gc] GC(483) Concurrent strong roots 0.073ms
[1405.751s][info][gc] GC(483) Concurrent evacuation 16.225ms
[1405.751s][info][gc] GC(483) Pause Init Update Refs 0.011ms
[1405.781s][info][gc] GC(483) Concurrent update references 29.181ms
[1405.781s][info][gc] GC(483) Concurrent update thread roots 0.331ms
[1405.781s][info][gc] GC(483) Pause Final Update Refs 0.053ms
[1405.781s][info][gc] GC(483) Concurrent cleanup 3676M->284M(4456M) 0.068ms
[1407.576s][info][gc] Trigger: Average GC time (146.49 ms) is above the time for average allocation rate (2164 MB/s) to deplete free headroom (313M) (margin of error = 2.89)
[1407.580s][info][gc] GC(484) Concurrent reset 3.780ms
[1407.580s][info][gc] GC(484) Pause Init Mark (unload classes) 0.036ms
[1407.584s][info][gc] GC(484) Concurrent marking roots 3.446ms
[1407.611s][info][gc] GC(484) Concurrent marking (unload classes) 27.002ms
[1407.612s][info][gc] GC(484) Pause Final Mark (unload classes) 0.152ms
[1407.612s][info][gc] GC(484) Concurrent thread roots 0.866ms
[1407.613s][info][gc] GC(484) Concurrent weak references 0.014ms
[1407.624s][info][gc] GC(484) Concurrent weak roots 11.202ms
[1407.624s][info][gc] GC(484) Concurrent cleanup 3932M->2036M(4456M) 0.062ms
[1407.628s][info][gc] GC(484) Concurrent class unloading 4.485ms
[1407.629s][info][gc] GC(484) Concurrent strong roots 0.066ms
[1407.641s][info][gc] GC(484) Concurrent evacuation 12.029ms
[1407.641s][info][gc] GC(484) Pause Init Update Refs 0.008ms
[1407.660s][info][gc] GC(484) Concurrent update references 18.561ms
[1407.660s][info][gc] GC(484) Concurrent update thread roots 0.266ms
[1407.660s][info][gc] GC(484) Pause Final Update Refs 0.040ms
[1407.660s][info][gc] GC(484) Concurrent cleanup 2132M->232M(4456M) 0.062ms
[1409.487s][info][gc] Trigger: Average GC time (138.49 ms) is above the time for average allocation rate (1850 MB/s) to deplete free headroom (247M) (margin of error = 2.89)
[1409.490s][info][gc] GC(485) Concurrent reset 2.165ms
[1409.490s][info][gc] GC(485) Pause Init Mark (unload classes) 0.036ms
[1409.493s][info][gc] GC(485) Concurrent marking roots 2.827ms
[1409.504s][info][gc] GC(485) Concurrent marking (unload classes) 11.514ms
[1409.505s][info][gc] GC(485) Pause Final Mark (unload classes) 0.112ms
[1409.507s][info][gc] GC(485) Concurrent thread roots 1.884ms
[1409.507s][info][gc] GC(485) Concurrent weak references 0.016ms
[1409.519s][info][gc] GC(485) Concurrent weak roots 11.678ms
[1409.519s][info][gc] GC(485) Concurrent cleanup 3951M->579M(4456M) 0.099ms
[1409.523s][info][gc] GC(485) Concurrent class unloading 4.128ms
[1409.523s][info][gc] GC(485) Concurrent strong roots 0.067ms
[1409.528s][info][gc] GC(485) Concurrent evacuation 5.108ms
[1409.528s][info][gc] GC(485) Pause Init Update Refs 0.010ms
[1409.537s][info][gc] GC(485) Concurrent update references 9.009ms
[1409.538s][info][gc] GC(485) Concurrent update thread roots 0.319ms
[1409.538s][info][gc] GC(485) Pause Final Update Refs 0.034ms
[1409.538s][info][gc] GC(485) Concurrent cleanup 630M->144M(4456M) 0.015ms
[1411.159s][info][gc] Trigger: Average GC time (143.67 ms) is above the time for average allocation rate (2232 MB/s) to deplete free headroom (318M) (margin of error = 2.87)
[1411.160s][info][gc] GC(486) Concurrent reset 0.659ms
[1411.160s][info][gc] GC(486) Pause Init Mark (unload classes) 0.033ms
[1411.162s][info][gc] GC(486) Concurrent marking roots 2.363ms
[1411.199s][info][gc] GC(486) Concurrent marking (unload classes) 36.618ms
[1411.199s][info][gc] GC(486) Pause Final Mark (unload classes) 0.215ms
[1411.201s][info][gc] GC(486) Concurrent thread roots 1.089ms
[1411.201s][info][gc] GC(486) Concurrent weak references 0.047ms
[1411.204s][info][gc] GC(486) Concurrent weak roots 3.427ms
[1411.204s][info][gc] GC(486) Concurrent cleanup 3918M->3918M(4456M) 0.006ms
[1411.210s][info][gc] GC(486) Concurrent class unloading 5.450ms
[1411.210s][info][gc] GC(486) Concurrent strong roots 0.081ms
[1411.227s][info][gc] GC(486) Concurrent evacuation 17.348ms
[1411.227s][info][gc] GC(486) Pause Init Update Refs 0.011ms
[1411.256s][info][gc] GC(486) Concurrent update references 28.703ms
[1411.256s][info][gc] GC(486) Concurrent update thread roots 0.289ms
[1411.257s][info][gc] GC(486) Pause Final Update Refs 0.042ms
[1411.257s][info][gc] GC(486) Concurrent cleanup 4050M->270M(4456M) 0.081ms
[1413.077s][info][gc] Trigger: Average GC time (147.40 ms) is above the time for average allocation rate (2117 MB/s) to deplete free headroom (310M) (margin of error = 2.88)
[1413.082s][info][gc] GC(487) Concurrent reset 5.033ms
[1413.083s][info][gc] GC(487) Pause Init Mark (unload classes) 0.031ms
[1413.086s][info][gc] GC(487) Concurrent marking roots 3.568ms
[1413.124s][info][gc] GC(487) Concurrent marking (unload classes) 37.979ms
[1413.125s][info][gc] GC(487) Pause Final Mark (unload classes) 0.193ms
[1413.127s][info][gc] GC(487) Concurrent thread roots 2.198ms
[1413.127s][info][gc] GC(487) Concurrent weak references 0.014ms
[1413.143s][info][gc] GC(487) Concurrent weak roots 15.438ms
[1413.143s][info][gc] GC(487) Concurrent cleanup 3975M->2926M(4456M) 0.042ms
[1413.148s][info][gc] GC(487) Concurrent class unloading 4.749ms
[1413.148s][info][gc] GC(487) Concurrent strong roots 0.064ms
[1413.163s][info][gc] GC(487) Concurrent evacuation 15.474ms
[1413.164s][info][gc] GC(487) Pause Init Update Refs 0.011ms
[1413.188s][info][gc] GC(487) Concurrent update references 24.624ms
[1413.189s][info][gc] GC(487) Concurrent update thread roots 0.298ms
[1413.189s][info][gc] GC(487) Pause Final Update Refs 0.037ms
[1413.189s][info][gc] GC(487) Concurrent cleanup 3038M->286M(4456M) 0.056ms
[1414.921s][info][gc] Trigger: Average GC time (156.55 ms) is above the time for average allocation rate (2176 MB/s) to deplete free headroom (339M) (margin of error = 2.89)
[1414.925s][info][gc] GC(488) Concurrent reset 3.785ms
[1414.925s][info][gc] GC(488) Pause Init Mark (unload classes) 0.026ms
[1414.929s][info][gc] GC(488) Concurrent marking roots 3.844ms
[1414.949s][info][gc] GC(488) Concurrent marking (unload classes) 19.964ms
[1414.949s][info][gc] GC(488) Pause Final Mark (unload classes) 0.132ms
[1414.950s][info][gc] GC(488) Concurrent thread roots 0.945ms
[1414.950s][info][gc] GC(488) Concurrent weak references 0.016ms
[1414.965s][info][gc] GC(488) Concurrent weak roots 14.612ms
[1414.965s][info][gc] GC(488) Concurrent cleanup 3884M->1342M(4456M) 0.078ms
[1414.969s][info][gc] GC(488) Concurrent class unloading 3.675ms
[1414.969s][info][gc] GC(488) Concurrent strong roots 0.067ms
[1414.977s][info][gc] GC(488) Concurrent evacuation 7.778ms
[1414.977s][info][gc] GC(488) Pause Init Update Refs 0.006ms
[1414.992s][info][gc] GC(488) Concurrent update references 14.968ms
[1414.992s][info][gc] GC(488) Concurrent update thread roots 0.272ms
[1414.993s][info][gc] GC(488) Pause Final Update Refs 0.033ms
[1414.993s][info][gc] GC(488) Concurrent cleanup 1414M->190M(4456M) 0.029ms
[1416.596s][info][gc] Trigger: Average GC time (141.39 ms) is above the time for average allocation rate (2235 MB/s) to deplete free headroom (313M) (margin of error = 2.88)
[1416.598s][info][gc] GC(489) Concurrent reset 1.446ms
[1416.598s][info][gc] GC(489) Pause Init Mark (unload classes) 0.042ms
[1416.601s][info][gc] GC(489) Concurrent marking roots 2.547ms
[1416.641s][info][gc] GC(489) Concurrent marking (unload classes) 40.460ms
[1416.642s][info][gc] GC(489) Pause Final Mark (unload classes) 0.225ms
[1416.644s][info][gc] GC(489) Concurrent thread roots 1.989ms
[1416.644s][info][gc] GC(489) Concurrent weak references 0.023ms
[1416.649s][info][gc] GC(489) Concurrent weak roots 4.763ms
[1416.649s][info][gc] GC(489) Concurrent cleanup 3928M->3928M(4456M) 0.015ms
[1416.654s][info][gc] GC(489) Concurrent class unloading 5.090ms
[1416.654s][info][gc] GC(489) Concurrent strong roots 0.070ms
[1416.673s][info][gc] GC(489) Concurrent evacuation 19.284ms
[1416.674s][info][gc] GC(489) Pause Init Update Refs 0.007ms
[1416.702s][info][gc] GC(489) Concurrent update references 28.053ms
[1416.702s][info][gc] GC(489) Concurrent update thread roots 0.253ms
[1416.702s][info][gc] GC(489) Pause Final Update Refs 0.040ms
[1416.702s][info][gc] GC(489) Concurrent cleanup 4045M->263M(4456M) 0.076ms
[1418.452s][info][gc] Trigger: Average GC time (145.25 ms) is above the time for average allocation rate (2249 MB/s) to deplete free headroom (326M) (margin of error = 2.88)
[1418.456s][info][gc] GC(490) Concurrent reset 3.640ms
[1418.456s][info][gc] GC(490) Pause Init Mark (unload classes) 0.036ms
[1418.459s][info][gc] GC(490) Concurrent marking roots 2.646ms
[1418.494s][info][gc] GC(490) Concurrent marking (unload classes) 35.662ms
[1418.495s][info][gc] GC(490) Pause Final Mark (unload classes) 0.229ms
[1418.496s][info][gc] GC(490) Concurrent thread roots 0.858ms
[1418.496s][info][gc] GC(490) Concurrent weak references 0.014ms
[1418.509s][info][gc] GC(490) Concurrent weak roots 12.768ms
[1418.509s][info][gc] GC(490) Concurrent cleanup 3931M->3610M(4456M) 0.024ms
[1418.520s][info][gc] GC(490) Concurrent class unloading 11.082ms
[1418.520s][info][gc] GC(490) Concurrent strong roots 0.068ms
[1418.536s][info][gc] GC(490) Concurrent evacuation 15.899ms
[1418.536s][info][gc] GC(490) Pause Init Update Refs 0.006ms
[1418.561s][info][gc] GC(490) Concurrent update references 24.819ms
[1418.562s][info][gc] GC(490) Concurrent update thread roots 0.464ms
[1418.562s][info][gc] GC(490) Pause Final Update Refs 0.050ms
[1418.562s][info][gc] GC(490) Concurrent cleanup 3737M->273M(4456M) 0.187ms
[1420.321s][info][gc] Trigger: Average GC time (144.10 ms) is above the time for average allocation rate (2294 MB/s) to deplete free headroom (329M) (margin of error = 2.88)
[1420.324s][info][gc] GC(491) Concurrent reset 3.240ms
[1420.325s][info][gc] GC(491) Pause Init Mark (unload classes) 0.034ms
[1420.328s][info][gc] GC(491) Concurrent marking roots 3.573ms
[1420.351s][info][gc] GC(491) Concurrent marking (unload classes) 22.434ms
[1420.351s][info][gc] GC(491) Pause Final Mark (unload classes) 0.148ms
[1420.352s][info][gc] GC(491) Concurrent thread roots 0.484ms
[1420.352s][info][gc] GC(491) Concurrent weak references 0.014ms
[1420.367s][info][gc] GC(491) Concurrent weak roots 15.249ms
[1420.367s][info][gc] GC(491) Concurrent cleanup 3914M->2080M(4456M) 0.061ms
[1420.372s][info][gc] GC(491) Concurrent class unloading 4.819ms
[1420.372s][info][gc] GC(491) Concurrent strong roots 0.063ms
[1420.384s][info][gc] GC(491) Concurrent evacuation 11.566ms
[1420.384s][info][gc] GC(491) Pause Init Update Refs 0.006ms
[1420.401s][info][gc] GC(491) Concurrent update references 16.947ms
[1420.402s][info][gc] GC(491) Concurrent update thread roots 0.235ms
[1420.402s][info][gc] GC(491) Pause Final Update Refs 0.040ms
[1420.402s][info][gc] GC(491) Concurrent cleanup 2168M->222M(4456M) 0.069ms
[1423.636s][info][gc] Trigger: Free (447M) is below minimum threshold (460M)
[1423.638s][info][gc] GC(492) Concurrent reset 1.647ms
[1423.638s][info][gc] GC(492) Pause Init Mark (unload classes) 0.023ms
[1423.639s][info][gc] GC(492) Concurrent marking roots 0.505ms
[1423.644s][info][gc] GC(492) Concurrent marking (unload classes) 5.624ms
[1423.645s][info][gc] GC(492) Pause Final Mark (unload classes) 0.315ms
[1423.645s][info][gc] GC(492) Concurrent weak references 0.016ms
[1423.647s][info][gc] GC(492) Concurrent weak roots 2.209ms
[1423.647s][info][gc] GC(492) Concurrent cleanup 3939M->343M(4456M) 0.072ms
[1423.648s][info][gc] GC(492) Concurrent class unloading 1.012ms
[1423.648s][info][gc] GC(492) Pause Final Roots 0.002ms
[1530.072s][info][gc] Concurrent uncommit 3553M->3553M(4452M) 0.123ms
[1531.906s][info][gc] Trigger: Average GC time (170.99 ms) is above the time for instantaneous allocation rate (1855 MB/s) to deplete free headroom (276M) (spike threshold = 1.81)
[1531.906s][info][gc] GC(493) Concurrent reset 0.361ms
[1531.906s][info][gc] GC(493) Pause Init Mark (unload classes) 0.024ms
[1531.907s][info][gc] GC(493) Concurrent marking roots 0.440ms
[1531.912s][info][gc] GC(493) Concurrent marking (unload classes) 4.685ms
[1531.912s][info][gc] GC(493) Pause Final Mark (unload classes) 0.303ms
[1531.912s][info][gc] GC(493) Concurrent weak references 0.016ms
[1531.917s][info][gc] GC(493) Concurrent weak roots 5.100ms
[1531.917s][info][gc] GC(493) Concurrent cleanup 3742M->280M(4452M) 0.068ms
[1531.920s][info][gc] GC(493) Concurrent class unloading 2.400ms
[1531.920s][info][gc] GC(493) Pause Final Roots 0.002ms
[1560.073s][info][gc] Concurrent uncommit 1010M->1010M(4434M) 0.500ms
[1631.369s][info][gc] Trigger: Free (459M) is below minimum threshold (460M)
[1631.370s][info][gc] GC(494) Concurrent reset 0.388ms
[1631.371s][info][gc] GC(494) Pause Init Mark (unload classes) 0.060ms
[1631.371s][info][gc] GC(494) Concurrent marking roots 0.712ms
[1631.383s][info][gc] GC(494) Concurrent marking (unload classes) 11.583ms
[1631.383s][info][gc] GC(494) Pause Final Mark (unload classes) 0.270ms
[1631.384s][info][gc] GC(494) Concurrent thread roots 0.577ms
[1631.384s][info][gc] GC(494) Concurrent weak references 0.017ms
[1631.392s][info][gc] GC(494) Concurrent weak roots 8.205ms
[1631.392s][info][gc] GC(494) Concurrent cleanup 3799M->448M(4434M) 0.068ms
[1631.396s][info][gc] GC(494) Concurrent class unloading 3.057ms
[1631.396s][info][gc] GC(494) Concurrent strong roots 0.046ms
[1631.401s][info][gc] GC(494) Concurrent evacuation 5.409ms
[1631.401s][info][gc] GC(494) Pause Init Update Refs 0.006ms
[1631.405s][info][gc] GC(494) Concurrent update references 3.868ms
[1631.405s][info][gc] GC(494) Concurrent update thread roots 0.225ms
[1631.405s][info][gc] GC(494) Pause Final Update Refs 0.032ms
[1631.405s][info][gc] GC(494) Concurrent cleanup 480M->72M(4434M) 0.017ms
[1680.078s][info][gc] Concurrent uncommit 2296M->2296M(4350M) 2.005ms
[1705.374s][info][gc] Trigger: Free (459M) is below minimum threshold (460M)
[1705.375s][info][gc] GC(495) Concurrent reset 0.676ms
[1705.375s][info][gc] GC(495) Pause Init Mark (unload classes) 0.029ms
[1705.376s][info][gc] GC(495) Concurrent marking roots 0.815ms
[1705.392s][info][gc] GC(495) Concurrent marking (unload classes) 15.411ms
[1705.392s][info][gc] GC(495) Pause Final Mark (unload classes) 0.264ms
[1705.392s][info][gc] GC(495) Concurrent thread roots 0.453ms
[1705.393s][info][gc] GC(495) Concurrent weak references 0.018ms
[1705.404s][info][gc] GC(495) Concurrent weak roots 11.602ms
[1705.404s][info][gc] GC(495) Concurrent cleanup 3801M->738M(4350M) 0.063ms
[1705.409s][info][gc] GC(495) Concurrent class unloading 4.769ms
[1705.409s][info][gc] GC(495) Concurrent strong roots 0.048ms
[1705.418s][info][gc] GC(495) Concurrent evacuation 8.832ms
[1705.418s][info][gc] GC(495) Pause Init Update Refs 0.009ms
[1705.424s][info][gc] GC(495) Concurrent update references 5.770ms
[1705.424s][info][gc] GC(495) Concurrent update thread roots 0.244ms
[1705.424s][info][gc] GC(495) Pause Final Update Refs 0.035ms
[1705.425s][info][gc] GC(495) Concurrent cleanup 792M->96M(4350M) 0.021ms
[1710.084s][info][gc] Concurrent uncommit 132M->132M(4116M) 7.577ms
[1740.080s][info][gc] Concurrent uncommit 2876M->2876M(4020M) 2.735ms
[1753.833s][info][gc] Trigger: Average GC time (97.49 ms) is above the time for instantaneous allocation rate (5553 MB/s) to deplete free headroom (506M) (spike threshold = 1.80)
[1753.834s][info][gc] GC(496) Concurrent reset 0.629ms
[1753.834s][info][gc] GC(496) Pause Init Mark (unload classes) 0.024ms
[1753.835s][info][gc] GC(496) Concurrent marking roots 0.975ms
[1753.847s][info][gc] GC(496) Concurrent marking (unload classes) 11.442ms
[1753.847s][info][gc] GC(496) Pause Final Mark (unload classes) 0.180ms
[1753.848s][info][gc] GC(496) Concurrent thread roots 0.585ms
[1753.848s][info][gc] GC(496) Concurrent weak references 0.013ms
[1753.859s][info][gc] GC(496) Concurrent weak roots 10.743ms
[1753.859s][info][gc] GC(496) Concurrent cleanup 3538M->786M(4020M) 0.055ms
[1753.864s][info][gc] GC(496) Concurrent class unloading 5.163ms
[1753.864s][info][gc] GC(496) Concurrent strong roots 0.047ms
[1753.870s][info][gc] GC(496) Concurrent evacuation 6.102ms
[1753.870s][info][gc] GC(496) Pause Init Update Refs 0.006ms
[1753.876s][info][gc] GC(496) Concurrent update references 5.164ms
[1753.876s][info][gc] GC(496) Concurrent update thread roots 0.233ms
[1753.876s][info][gc] GC(496) Pause Final Update Refs 0.031ms
[1753.876s][info][gc] GC(496) Concurrent cleanup 832M->118M(4020M) 0.023ms
[1795.931s][info][gc] Trigger: Free (453M) is below minimum threshold (460M)
[1795.932s][info][gc] GC(497) Concurrent reset 0.967ms
[1795.933s][info][gc] GC(497) Pause Init Mark (unload classes) 0.053ms
[1795.933s][info][gc] GC(497) Concurrent marking roots 0.760ms
[1795.948s][info][gc] GC(497) Concurrent marking (unload classes) 14.122ms
[1795.948s][info][gc] GC(497) Pause Final Mark (unload classes) 0.200ms
[1795.949s][info][gc] GC(497) Concurrent thread roots 0.645ms
[1795.949s][info][gc] GC(497) Concurrent weak references 0.027ms
[1795.962s][info][gc] GC(497) Concurrent weak roots 13.073ms
[1795.962s][info][gc] GC(497) Concurrent cleanup 3805M->735M(4020M) 0.063ms
[1795.965s][info][gc] GC(497) Concurrent class unloading 2.950ms
[1795.965s][info][gc] GC(497) Concurrent strong roots 0.039ms
[1795.972s][info][gc] GC(497) Concurrent evacuation 6.751ms
[1795.972s][info][gc] GC(497) Pause Init Update Refs 0.006ms
[1795.978s][info][gc] GC(497) Concurrent update references 5.873ms
[1795.978s][info][gc] GC(497) Concurrent update thread roots 0.251ms
[1795.979s][info][gc] GC(497) Pause Final Update Refs 0.038ms
[1795.979s][info][gc] GC(497) Concurrent cleanup 783M->145M(4020M) 0.020ms
[1839.606s][info][gc] Trigger: Free (459M) is below minimum threshold (460M)
[1839.608s][info][gc] GC(498) Concurrent reset 0.714ms
[1839.608s][info][gc] GC(498) Pause Init Mark (unload classes) 0.041ms
[1839.609s][info][gc] GC(498) Concurrent marking roots 0.621ms
[1839.626s][info][gc] GC(498) Concurrent marking (unload classes) 16.920ms
[1839.626s][info][gc] GC(498) Pause Final Mark (unload classes) 0.359ms
[1839.627s][info][gc] GC(498) Concurrent thread roots 0.825ms
[1839.627s][info][gc] GC(498) Concurrent weak references 0.017ms
[1839.632s][info][gc] GC(498) Concurrent weak roots 5.181ms
[1839.632s][info][gc] GC(498) Concurrent cleanup 3776M->722M(4020M) 0.068ms
[1839.635s][info][gc] GC(498) Concurrent class unloading 2.527ms
[1839.635s][info][gc] GC(498) Concurrent strong roots 0.043ms
[1839.644s][info][gc] GC(498) Concurrent evacuation 9.479ms
[1839.645s][info][gc] GC(498) Pause Init Update Refs 0.010ms
[1839.652s][info][gc] GC(498) Concurrent update references 7.050ms
[1839.652s][info][gc] GC(498) Concurrent update thread roots 0.238ms
[1839.652s][info][gc] GC(498) Pause Final Update Refs 0.045ms
[1839.652s][info][gc] GC(498) Concurrent cleanup 778M->130M(4020M) 0.023ms
[1904.011s][info][gc] Trigger: Free (457M) is below minimum threshold (460M)
[1904.013s][info][gc] GC(499) Concurrent reset 0.637ms
[1904.013s][info][gc] GC(499) Pause Init Mark (unload classes) 0.026ms
[1904.014s][info][gc] GC(499) Concurrent marking roots 0.829ms
[1904.024s][info][gc] GC(499) Concurrent marking (unload classes) 10.290ms
[1904.024s][info][gc] GC(499) Pause Final Mark (unload classes) 0.380ms
[1904.025s][info][gc] GC(499) Concurrent thread roots 0.698ms
[1904.025s][info][gc] GC(499) Concurrent weak references 0.014ms
[1904.033s][info][gc] GC(499) Concurrent weak roots 7.290ms
[1904.033s][info][gc] GC(499) Concurrent cleanup 3837M->548M(4020M) 0.069ms
[1904.035s][info][gc] GC(499) Concurrent class unloading 2.213ms
[1904.035s][info][gc] GC(499) Concurrent strong roots 0.048ms
[1904.040s][info][gc] GC(499) Concurrent evacuation 4.893ms
[1904.040s][info][gc] GC(499) Pause Init Update Refs 0.006ms
[1904.045s][info][gc] GC(499) Concurrent update references 4.607ms
[1904.045s][info][gc] GC(499) Concurrent update thread roots 0.239ms
[1904.045s][info][gc] GC(499) Pause Final Update Refs 0.040ms
[1904.045s][info][gc] GC(499) Concurrent cleanup 628M->156M(4020M) 0.016ms
[1950.080s][info][gc] Concurrent uncommit 2492M->2492M(4014M) 0.264ms
[2001.829s][info][gc] Trigger: Free (458M) is below minimum threshold (460M)
[2001.830s][info][gc] GC(500) Concurrent reset 0.853ms
[2001.830s][info][gc] GC(500) Pause Init Mark (unload classes) 0.024ms
[2001.831s][info][gc] GC(500) Concurrent marking roots 0.444ms
[2001.836s][info][gc] GC(500) Concurrent marking (unload classes) 4.981ms
[2001.836s][info][gc] GC(500) Pause Final Mark (unload classes) 0.190ms
[2001.836s][info][gc] GC(500) Concurrent weak references 0.014ms
[2001.851s][info][gc] GC(500) Concurrent weak roots 14.333ms
[2001.851s][info][gc] GC(500) Concurrent cleanup 3798M->286M(4014M) 0.072ms
[2001.853s][info][gc] GC(500) Concurrent class unloading 2.271ms
[2001.853s][info][gc] GC(500) Pause Final Roots 0.005ms
[2010.081s][info][gc] Concurrent uncommit 704M->704M(4008M) 0.262ms
[2070.083s][info][gc] Concurrent uncommit 2370M->2370M(4006M) 0.158ms
[2103.381s][info][gc] Trigger: Free (455M) is below minimum threshold (460M)
[2103.382s][info][gc] GC(501) Concurrent reset 0.326ms
[2103.382s][info][gc] GC(501) Pause Init Mark (unload classes) 0.026ms
[2103.383s][info][gc] GC(501) Concurrent marking roots 0.807ms
[2103.392s][info][gc] GC(501) Concurrent marking (unload classes) 8.953ms
[2103.393s][info][gc] GC(501) Pause Final Mark (unload classes) 0.237ms
[2103.393s][info][gc] GC(501) Concurrent weak references 0.014ms
[2103.398s][info][gc] GC(501) Concurrent weak roots 5.467ms
[2103.398s][info][gc] GC(501) Concurrent cleanup 3797M->389M(4034M) 0.068ms
[2103.400s][info][gc] GC(501) Concurrent class unloading 1.440ms
[2103.400s][info][gc] GC(501) Pause Final Roots 0.006ms
[2160.085s][info][gc] Concurrent uncommit 3246M->3246M(4030M) 0.270ms
[2170.976s][info][gc] Trigger: Free (447M) is below minimum threshold (460M)
[2170.976s][info][gc] GC(502) Concurrent reset 0.564ms
[2170.976s][info][gc] GC(502) Pause Init Mark (unload classes) 0.027ms
[2170.977s][info][gc] GC(502) Concurrent marking roots 0.706ms
[2170.984s][info][gc] GC(502) Concurrent marking (unload classes) 7.230ms
[2170.985s][info][gc] GC(502) Pause Final Mark (unload classes) 0.164ms
[2170.985s][info][gc] GC(502) Concurrent weak references 0.014ms
[2170.988s][info][gc] GC(502) Concurrent weak roots 3.390ms
[2170.988s][info][gc] GC(502) Concurrent cleanup 3801M->391M(4030M) 0.067ms
[2170.989s][info][gc] GC(502) Concurrent class unloading 0.972ms
[2170.989s][info][gc] GC(502) Pause Final Roots 0.002ms
[2220.087s][info][gc] Concurrent uncommit 3560M->3560M(4006M) 1.137ms
[2230.814s][info][gc] Trigger: Free (457M) is below minimum threshold (460M)
[2230.815s][info][gc] GC(503) Concurrent reset 0.566ms
[2230.815s][info][gc] GC(503) Pause Init Mark (unload classes) 0.031ms
[2230.816s][info][gc] GC(503) Concurrent marking roots 1.057ms
[2230.832s][info][gc] GC(503) Concurrent marking (unload classes) 15.771ms
[2230.833s][info][gc] GC(503) Pause Final Mark (unload classes) 0.203ms
[2230.833s][info][gc] GC(503) Concurrent thread roots 0.537ms
[2230.833s][info][gc] GC(503) Concurrent weak references 0.013ms
[2230.838s][info][gc] GC(503) Concurrent weak roots 4.998ms
[2230.838s][info][gc] GC(503) Concurrent cleanup 3860M->892M(4038M) 0.062ms
[2230.843s][info][gc] GC(503) Concurrent class unloading 5.024ms
[2230.844s][info][gc] GC(503) Concurrent strong roots 0.043ms
[2230.853s][info][gc] GC(503) Concurrent evacuation 9.542ms
[2230.853s][info][gc] GC(503) Pause Init Update Refs 0.013ms
[2230.861s][info][gc] GC(503) Concurrent update references 7.281ms
[2230.861s][info][gc] GC(503) Concurrent update thread roots 0.239ms
[2230.861s][info][gc] GC(503) Pause Final Update Refs 0.061ms
[2230.861s][info][gc] GC(503) Concurrent cleanup 955M->143M(4062M) 0.022ms
[2270.141s][info][gc] Trigger: Free (459M) is below minimum threshold (460M)
[2270.143s][info][gc] GC(504) Concurrent reset 1.109ms
[2270.143s][info][gc] GC(504) Pause Init Mark (unload classes) 0.034ms
[2270.145s][info][gc] GC(504) Concurrent marking roots 1.112ms
[2270.166s][info][gc] GC(504) Concurrent marking (unload classes) 21.202ms
[2270.166s][info][gc] GC(504) Pause Final Mark (unload classes) 0.247ms
[2270.167s][info][gc] GC(504) Concurrent thread roots 1.137ms
[2270.167s][info][gc] GC(504) Concurrent weak references 0.019ms
[2270.175s][info][gc] GC(504) Concurrent weak roots 7.164ms
[2270.175s][info][gc] GC(504) Concurrent cleanup 3805M->861M(4062M) 0.061ms
[2270.176s][info][gc] GC(504) Concurrent class unloading 1.815ms
[2270.177s][info][gc] GC(504) Concurrent strong roots 0.050ms
[2270.192s][info][gc] GC(504) Concurrent evacuation 14.975ms
[2270.192s][info][gc] GC(504) Pause Init Update Refs 0.006ms
[2270.203s][info][gc] GC(504) Concurrent update references 11.734ms
[2270.204s][info][gc] GC(504) Concurrent update thread roots 0.243ms
[2270.204s][info][gc] GC(504) Pause Final Update Refs 0.042ms
[2270.204s][info][gc] GC(504) Concurrent cleanup 935M->163M(4098M) 0.039ms
[2331.322s][info][gc] Trigger: Free (445M) is below minimum threshold (460M)
[2331.324s][info][gc] GC(505) Concurrent reset 1.083ms
[2331.324s][info][gc] GC(505) Pause Init Mark (unload classes) 0.028ms
[2331.326s][info][gc] GC(505) Concurrent marking roots 1.915ms
[2331.344s][info][gc] GC(505) Concurrent marking (unload classes) 17.410ms
[2331.346s][info][gc] GC(505) Pause Final Mark (unload classes) 0.201ms
[2331.350s][info][gc] GC(505) Concurrent thread roots 3.688ms
[2331.350s][info][gc] GC(505) Concurrent weak references 0.015ms
[2331.370s][info][gc] GC(505) Concurrent weak roots 19.630ms
[2331.370s][info][gc] GC(505) Concurrent cleanup 4011M->1147M(4176M) 0.060ms
[2331.375s][info][gc] GC(505) Concurrent class unloading 5.013ms
[2331.375s][info][gc] GC(505) Concurrent strong roots 0.048ms
[2331.385s][info][gc] GC(505) Concurrent evacuation 10.368ms
[2331.385s][info][gc] GC(505) Pause Init Update Refs 0.006ms
[2331.399s][info][gc] GC(505) Concurrent update references 13.080ms
[2331.399s][info][gc] GC(505) Concurrent update thread roots 0.306ms
[2331.399s][info][gc] GC(505) Pause Final Update Refs 0.038ms
[2331.399s][info][gc] GC(505) Concurrent cleanup 1211M->263M(4176M) 0.036ms
[2355.036s][info][gc] Trigger: Free (459M) is below minimum threshold (460M)
[2355.038s][info][gc] GC(506) Concurrent reset 1.226ms
[2355.038s][info][gc] GC(506) Pause Init Mark (unload classes) 0.032ms
[2355.039s][info][gc] GC(506) Concurrent marking roots 0.689ms
[2355.058s][info][gc] GC(506) Concurrent marking (unload classes) 18.666ms
[2355.058s][info][gc] GC(506) Pause Final Mark (unload classes) 0.258ms
[2355.059s][info][gc] GC(506) Concurrent weak references 0.023ms
[2355.072s][info][gc] GC(506) Concurrent weak roots 13.069ms
[2355.072s][info][gc] GC(506) Concurrent cleanup 3760M->326M(4176M) 0.072ms
[2355.075s][info][gc] GC(506) Concurrent class unloading 3.241ms
[2355.075s][info][gc] GC(506) Pause Final Roots 0.003ms
[2377.363s][info][gc] Trigger: Free (455M) is below minimum threshold (460M)
[2377.364s][info][gc] GC(507) Concurrent reset 0.517ms
[2377.364s][info][gc] GC(507) Pause Init Mark (unload classes) 0.038ms
[2377.366s][info][gc] GC(507) Concurrent marking roots 1.005ms
[2377.396s][info][gc] GC(507) Concurrent marking (unload classes) 30.181ms
[2377.396s][info][gc] GC(507) Pause Final Mark (unload classes) 0.190ms
[2377.397s][info][gc] GC(507) Concurrent thread roots 0.557ms
[2377.397s][info][gc] GC(507) Concurrent weak references 0.019ms
[2377.405s][info][gc] GC(507) Concurrent weak roots 7.917ms
[2377.405s][info][gc] GC(507) Concurrent cleanup 3817M->1167M(4176M) 0.084ms
[2377.412s][info][gc] GC(507) Concurrent class unloading 6.818ms
[2377.412s][info][gc] GC(507) Concurrent strong roots 0.085ms
[2377.433s][info][gc] GC(507) Concurrent evacuation 21.337ms
[2377.433s][info][gc] GC(507) Pause Init Update Refs 0.006ms
[2377.449s][info][gc] GC(507) Concurrent update references 15.730ms
[2377.450s][info][gc] GC(507) Concurrent update thread roots 0.365ms
[2377.450s][info][gc] GC(507) Pause Final Update Refs 0.046ms
[2377.450s][info][gc] GC(507) Concurrent cleanup 1282M->226M(4186M) 0.025ms
[2403.454s][info][gc] Trigger: Average GC time (132.10 ms) is above the time for instantaneous allocation rate (10767 MB/s) to deplete free headroom (1418M) (spike threshold = 1.82)
[2403.456s][info][gc] GC(508) Concurrent reset 1.648ms
[2403.456s][info][gc] GC(508) Pause Init Mark (unload classes) 0.036ms
[2403.457s][info][gc] GC(508) Concurrent marking roots 0.978ms
[2403.479s][info][gc] GC(508) Concurrent marking (unload classes) 21.184ms
[2403.479s][info][gc] GC(508) Pause Final Mark (unload classes) 0.180ms
[2403.480s][info][gc] GC(508) Concurrent thread roots 0.814ms
[2403.480s][info][gc] GC(508) Concurrent weak references 0.016ms
[2403.492s][info][gc] GC(508) Concurrent weak roots 11.735ms
[2403.492s][info][gc] GC(508) Concurrent cleanup 2667M->1131M(4186M) 0.034ms
[2403.494s][info][gc] GC(508) Concurrent class unloading 2.523ms
[2403.494s][info][gc] GC(508) Concurrent strong roots 0.039ms
[2403.506s][info][gc] GC(508) Concurrent evacuation 11.543ms
[2403.506s][info][gc] GC(508) Pause Init Update Refs 0.007ms
[2403.517s][info][gc] GC(508) Concurrent update references 10.346ms
[2403.517s][info][gc] GC(508) Concurrent update thread roots 0.227ms
[2403.517s][info][gc] GC(508) Pause Final Update Refs 0.038ms
[2403.517s][info][gc] GC(508) Concurrent cleanup 1215M->191M(4186M) 0.027ms
[2432.813s][info][gc] Trigger: Free (459M) is below minimum threshold (460M)
[2432.815s][info][gc] GC(509) Concurrent reset 1.044ms
[2432.815s][info][gc] GC(509) Pause Init Mark (unload classes) 0.034ms
[2432.816s][info][gc] GC(509) Concurrent marking roots 0.625ms
[2432.833s][info][gc] GC(509) Concurrent marking (unload classes) 16.866ms
[2432.833s][info][gc] GC(509) Pause Final Mark (unload classes) 0.244ms
[2432.833s][info][gc] GC(509) Concurrent weak references 0.028ms
[2432.839s][info][gc] GC(509) Concurrent weak roots 5.822ms
[2432.839s][info][gc] GC(509) Concurrent cleanup 3760M->326M(4186M) 0.106ms
[2432.844s][info][gc] GC(509) Concurrent class unloading 4.299ms
[2432.844s][info][gc] GC(509) Pause Final Roots 0.005ms
[2456.722s][info][gc] Trigger: Free (445M) is below minimum threshold (460M)
[2456.723s][info][gc] GC(510) Concurrent reset 0.452ms
[2456.724s][info][gc] GC(510) Pause Init Mark (unload classes) 0.043ms
[2456.725s][info][gc] GC(510) Concurrent marking roots 1.008ms
[2456.745s][info][gc] GC(510) Concurrent marking (unload classes) 20.554ms
[2456.746s][info][gc] GC(510) Pause Final Mark (unload classes) 0.193ms
[2456.746s][info][gc] GC(510) Concurrent thread roots 0.646ms
[2456.746s][info][gc] GC(510) Concurrent weak references 0.015ms
[2456.754s][info][gc] GC(510) Concurrent weak roots 7.233ms
[2456.754s][info][gc] GC(510) Concurrent cleanup 3815M->837M(4186M) 0.064ms
[2456.756s][info][gc] GC(510) Concurrent class unloading 2.205ms
[2456.756s][info][gc] GC(510) Concurrent strong roots 0.040ms
[2456.768s][info][gc] GC(510) Concurrent evacuation 11.669ms
[2456.768s][info][gc] GC(510) Pause Init Update Refs 0.009ms
[2456.782s][info][gc] GC(510) Concurrent update references 13.547ms
[2456.782s][info][gc] GC(510) Concurrent update thread roots 0.238ms
[2456.782s][info][gc] GC(510) Pause Final Update Refs 0.045ms
[2456.782s][info][gc] GC(510) Concurrent cleanup 925M->179M(4186M) 0.024ms
[2488.393s][info][gc] Trigger: Free (449M) is below minimum threshold (460M)
[2488.396s][info][gc] GC(511) Concurrent reset 2.328ms
[2488.396s][info][gc] GC(511) Pause Init Mark (unload classes) 0.038ms
[2488.397s][info][gc] GC(511) Concurrent marking roots 1.005ms
[2488.423s][info][gc] GC(511) Concurrent marking (unload classes) 25.628ms
[2488.423s][info][gc] GC(511) Pause Final Mark (unload classes) 0.392ms
[2488.424s][info][gc] GC(511) Concurrent thread roots 0.564ms
[2488.424s][info][gc] GC(511) Concurrent weak references 0.034ms
[2488.432s][info][gc] GC(511) Concurrent weak roots 8.278ms
[2488.432s][info][gc] GC(511) Concurrent cleanup 3802M->941M(4186M) 0.059ms
[2488.440s][info][gc] GC(511) Concurrent class unloading 7.452ms
[2488.440s][info][gc] GC(511) Concurrent strong roots 0.041ms
[2488.456s][info][gc] GC(511) Concurrent evacuation 15.815ms
[2488.456s][info][gc] GC(511) Pause Init Update Refs 0.012ms
[2488.471s][info][gc] GC(511) Concurrent update references 14.572ms
[2488.471s][info][gc] GC(511) Concurrent update thread roots 0.248ms
[2488.471s][info][gc] GC(511) Pause Final Update Refs 0.047ms
[2488.471s][info][gc] GC(511) Concurrent cleanup 1027M->175M(4186M) 0.044ms
[2595.946s][info][gc] Trigger: Free (457M) is below minimum threshold (460M)
[2595.947s][info][gc] GC(512) Concurrent reset 1.102ms
[2595.948s][info][gc] GC(512) Pause Init Mark (unload classes) 0.025ms
[2595.948s][info][gc] GC(512) Concurrent marking roots 0.421ms
[2595.953s][info][gc] GC(512) Concurrent marking (unload classes) 4.842ms
[2595.953s][info][gc] GC(512) Pause Final Mark (unload classes) 0.219ms
[2595.953s][info][gc] GC(512) Concurrent weak references 0.014ms
[2595.965s][info][gc] GC(512) Concurrent weak roots 11.398ms
[2595.965s][info][gc] GC(512) Concurrent cleanup 3811M->302M(4186M) 0.074ms
[2595.966s][info][gc] GC(512) Concurrent class unloading 1.435ms
[2595.966s][info][gc] GC(512) Pause Final Roots 0.002ms
[2640.098s][info][gc] Concurrent uncommit 1800M->1800M(4158M) 0.899ms
[2670.099s][info][gc] Concurrent uncommit 2731M->2731M(4078M) 1.367ms
[2700.099s][info][gc] Concurrent uncommit 3676M->3676M(4002M) 1.802ms
[2703.546s][info][gc] Trigger: Free (459M) is below minimum threshold (460M)
[2703.546s][info][gc] GC(513) Concurrent reset 0.329ms
[2703.547s][info][gc] GC(513) Pause Init Mark (unload classes) 0.028ms
[2703.548s][info][gc] GC(513) Concurrent marking roots 0.474ms
[2703.556s][info][gc] GC(513) Concurrent marking (unload classes) 8.118ms
[2703.556s][info][gc] GC(513) Pause Final Mark (unload classes) 0.247ms
[2703.557s][info][gc] GC(513) Concurrent thread roots 0.500ms
[2703.557s][info][gc] GC(513) Concurrent weak references 0.015ms
[2703.560s][info][gc] GC(513) Concurrent weak roots 3.664ms
[2703.560s][info][gc] GC(513) Concurrent cleanup 3787M->402M(4066M) 0.067ms
[2703.561s][info][gc] GC(513) Concurrent class unloading 0.953ms
[2703.561s][info][gc] GC(513) Concurrent strong roots 0.036ms
[2703.565s][info][gc] GC(513) Concurrent evacuation 3.848ms
[2703.565s][info][gc] GC(513) Pause Init Update Refs 0.006ms
[2703.569s][info][gc] GC(513) Concurrent update references 3.221ms
[2703.569s][info][gc] GC(513) Concurrent update thread roots 0.183ms
[2703.569s][info][gc] GC(513) Pause Final Update Refs 0.032ms
[2703.569s][info][gc] GC(513) Concurrent cleanup 427M->67M(4066M) 0.012ms
[2730.099s][info][gc] Concurrent uncommit 890M->890M(4056M) 0.335ms
[2760.099s][info][gc] Concurrent uncommit 2574M->2574M(4052M) 0.204ms
[2781.775s][info][gc] Trigger: Free (459M) is below minimum threshold (460M)
[2781.776s][info][gc] GC(514) Concurrent reset 0.447ms
[2781.776s][info][gc] GC(514) Pause Init Mark (unload classes) 0.019ms
[2781.777s][info][gc] GC(514) Concurrent marking roots 0.609ms
[2781.786s][info][gc] GC(514) Concurrent marking (unload classes) 9.155ms
[2781.786s][info][gc] GC(514) Pause Final Mark (unload classes) 0.230ms
[2781.787s][info][gc] GC(514) Concurrent thread roots 0.502ms
[2781.787s][info][gc] GC(514) Concurrent weak references 0.012ms
[2781.792s][info][gc] GC(514) Concurrent weak roots 4.768ms
[2781.792s][info][gc] GC(514) Concurrent cleanup 3799M->472M(4052M) 0.068ms
[2781.794s][info][gc] GC(514) Concurrent class unloading 2.002ms
[2781.794s][info][gc] GC(514) Concurrent strong roots 0.047ms
[2781.800s][info][gc] GC(514) Concurrent evacuation 6.326ms
[2781.800s][info][gc] GC(514) Pause Init Update Refs 0.011ms
[2781.805s][info][gc] GC(514) Concurrent update references 4.496ms
[2781.805s][info][gc] GC(514) Concurrent update thread roots 0.233ms
[2781.805s][info][gc] GC(514) Pause Final Update Refs 0.034ms
[2781.805s][info][gc] GC(514) Concurrent cleanup 511M->97M(4052M) 0.015ms
[2790.100s][info][gc] Concurrent uncommit 704M->704M(4046M) 0.267ms
[2843.453s][info][gc] Trigger: Free (453M) is below minimum threshold (460M)
[2843.454s][info][gc] GC(515) Concurrent reset 0.593ms
[2843.454s][info][gc] GC(515) Pause Init Mark (unload classes) 0.025ms
[2843.455s][info][gc] GC(515) Concurrent marking roots 0.818ms
[2843.464s][info][gc] GC(515) Concurrent marking (unload classes) 8.815ms
[2843.464s][info][gc] GC(515) Pause Final Mark (unload classes) 0.280ms
[2843.465s][info][gc] GC(515) Concurrent thread roots 0.574ms
[2843.465s][info][gc] GC(515) Concurrent weak references 0.041ms
[2843.469s][info][gc] GC(515) Concurrent weak roots 4.051ms
[2843.469s][info][gc] GC(515) Concurrent cleanup 3793M->522M(4046M) 0.065ms
[2843.471s][info][gc] GC(515) Concurrent class unloading 1.762ms
[2843.471s][info][gc] GC(515) Concurrent strong roots 0.048ms
[2843.477s][info][gc] GC(515) Concurrent evacuation 5.750ms
[2843.477s][info][gc] GC(515) Pause Init Update Refs 0.009ms
[2843.481s][info][gc] GC(515) Concurrent update references 4.402ms
[2843.482s][info][gc] GC(515) Concurrent update thread roots 0.240ms
[2843.482s][info][gc] GC(515) Pause Final Update Refs 0.045ms
[2843.482s][info][gc] GC(515) Concurrent cleanup 561M->95M(4046M) 0.016ms
[2888.812s][info][gc] Trigger: Free (447M) is below minimum threshold (460M)
[2888.813s][info][gc] GC(516) Concurrent reset 0.517ms
[2888.813s][info][gc] GC(516) Pause Init Mark (unload classes) 0.029ms
[2888.814s][info][gc] GC(516) Concurrent marking roots 1.087ms
[2888.831s][info][gc] GC(516) Concurrent marking (unload classes) 16.445ms
[2888.831s][info][gc] GC(516) Pause Final Mark (unload classes) 0.192ms
[2888.832s][info][gc] GC(516) Concurrent thread roots 0.643ms
[2888.832s][info][gc] GC(516) Concurrent weak references 0.013ms
[2888.838s][info][gc] GC(516) Concurrent weak roots 5.895ms
[2888.838s][info][gc] GC(516) Concurrent cleanup 3787M->692M(4046M) 0.063ms
[2888.840s][info][gc] GC(516) Concurrent class unloading 1.854ms
[2888.840s][info][gc] GC(516) Concurrent strong roots 0.041ms
[2888.850s][info][gc] GC(516) Concurrent evacuation 10.328ms
[2888.850s][info][gc] GC(516) Pause Init Update Refs 0.005ms
[2888.858s][info][gc] GC(516) Concurrent update references 7.857ms
[2888.859s][info][gc] GC(516) Concurrent update thread roots 0.246ms
[2888.859s][info][gc] GC(516) Pause Final Update Refs 0.053ms
[2888.859s][info][gc] GC(516) Concurrent cleanup 760M->140M(4046M) 0.020ms
[2910.104s][info][gc] Concurrent uncommit 2064M->2064M(4036M) 0.715ms
[2935.980s][info][gc] Trigger: Free (447M) is below minimum threshold (460M)
[2935.981s][info][gc] GC(517) Concurrent reset 0.709ms
[2935.982s][info][gc] GC(517) Pause Init Mark (unload classes) 0.026ms
[2935.983s][info][gc] GC(517) Concurrent marking roots 0.858ms
[2935.995s][info][gc] GC(517) Concurrent marking (unload classes) 12.264ms
[2935.995s][info][gc] GC(517) Pause Final Mark (unload classes) 0.220ms
[2935.996s][info][gc] GC(517) Concurrent thread roots 0.893ms
[2935.996s][info][gc] GC(517) Concurrent weak references 0.013ms
[2936.004s][info][gc] GC(517) Concurrent weak roots 7.643ms
[2936.004s][info][gc] GC(517) Concurrent cleanup 3820M->767M(4036M) 0.064ms
[2936.008s][info][gc] GC(517) Concurrent class unloading 4.411ms
[2936.008s][info][gc] GC(517) Concurrent strong roots 0.050ms
[2936.016s][info][gc] GC(517) Concurrent evacuation 7.218ms
[2936.016s][info][gc] GC(517) Pause Init Update Refs 0.009ms
[2936.022s][info][gc] GC(517) Concurrent update references 6.162ms
[2936.022s][info][gc] GC(517) Concurrent update thread roots 0.256ms
[2936.023s][info][gc] GC(517) Pause Final Update Refs 0.035ms
[2936.023s][info][gc] GC(517) Concurrent cleanup 823M->119M(4036M) 0.022ms
[2974.569s][info][gc] Trigger: Free (449M) is below minimum threshold (460M)
[2974.570s][info][gc] GC(518) Concurrent reset 0.763ms
[2974.571s][info][gc] GC(518) Pause Init Mark (unload classes) 0.023ms
[2974.572s][info][gc] GC(518) Concurrent marking roots 0.983ms
[2974.591s][info][gc] GC(518) Concurrent marking (unload classes) 19.111ms
[2974.591s][info][gc] GC(518) Pause Final Mark (unload classes) 0.191ms
[2974.592s][info][gc] GC(518) Concurrent thread roots 0.759ms
[2974.592s][info][gc] GC(518) Concurrent weak references 0.013ms
[2974.599s][info][gc] GC(518) Concurrent weak roots 7.004ms
[2974.599s][info][gc] GC(518) Concurrent cleanup 3798M->883M(4036M) 0.060ms
[2974.602s][info][gc] GC(518) Concurrent class unloading 2.687ms
[2974.602s][info][gc] GC(518) Concurrent strong roots 0.055ms
[2974.615s][info][gc] GC(518) Concurrent evacuation 13.219ms
[2974.615s][info][gc] GC(518) Pause Init Update Refs 0.009ms
[2974.627s][info][gc] GC(518) Concurrent update references 11.641ms
[2974.627s][info][gc] GC(518) Concurrent update thread roots 0.235ms
[2974.627s][info][gc] GC(518) Pause Final Update Refs 0.034ms
[2974.627s][info][gc] GC(518) Concurrent cleanup 963M->169M(4054M) 0.024ms
[3005.752s][info][gc] Trigger: Free (459M) is below minimum threshold (460M)
[3005.754s][info][gc] GC(519) Concurrent reset 0.831ms
[3005.754s][info][gc] GC(519) Pause Init Mark (unload classes) 0.044ms
[3005.755s][info][gc] GC(519) Concurrent marking roots 0.609ms
[3005.772s][info][gc] GC(519) Concurrent marking (unload classes) 17.202ms
[3005.772s][info][gc] GC(519) Pause Final Mark (unload classes) 0.220ms
[3005.773s][info][gc] GC(519) Concurrent thread roots 0.695ms
[3005.773s][info][gc] GC(519) Concurrent weak references 0.014ms
[3005.782s][info][gc] GC(519) Concurrent weak roots 8.514ms
[3005.782s][info][gc] GC(519) Concurrent cleanup 3791M->913M(4054M) 0.060ms
[3005.786s][info][gc] GC(519) Concurrent class unloading 4.370ms
[3005.786s][info][gc] GC(519) Concurrent strong roots 0.041ms
[3005.798s][info][gc] GC(519) Concurrent evacuation 11.554ms
[3005.798s][info][gc] GC(519) Pause Init Update Refs 0.006ms
[3005.813s][info][gc] GC(519) Concurrent update references 14.754ms
[3005.813s][info][gc] GC(519) Concurrent update thread roots 0.280ms
[3005.813s][info][gc] GC(519) Pause Final Update Refs 0.042ms
[3005.813s][info][gc] GC(519) Concurrent cleanup 991M->169M(4054M) 0.020ms
[3030.108s][info][gc] Concurrent uncommit 1826M->1826M(4052M) 0.109ms
[3036.420s][info][gc] Trigger: Free (459M) is below minimum threshold (460M)
[3036.421s][info][gc] GC(520) Concurrent reset 1.016ms
[3036.422s][info][gc] GC(520) Pause Init Mark (unload classes) 0.031ms
[3036.423s][info][gc] GC(520) Concurrent marking roots 1.033ms
[3036.445s][info][gc] GC(520) Concurrent marking (unload classes) 21.929ms
[3036.445s][info][gc] GC(520) Pause Final Mark (unload classes) 0.322ms
[3036.448s][info][gc] GC(520) Concurrent thread roots 2.075ms
[3036.448s][info][gc] GC(520) Concurrent weak references 0.047ms
[3036.457s][info][gc] GC(520) Concurrent weak roots 9.407ms
[3036.457s][info][gc] GC(520) Concurrent cleanup 3826M->1136M(4052M) 0.059ms
[3036.468s][info][gc] GC(520) Concurrent class unloading 10.712ms
[3036.468s][info][gc] GC(520) Concurrent strong roots 0.080ms
[3036.484s][info][gc] GC(520) Concurrent evacuation 15.819ms
[3036.484s][info][gc] GC(520) Pause Init Update Refs 0.007ms
[3036.496s][info][gc] GC(520) Concurrent update references 12.013ms
[3036.497s][info][gc] GC(520) Concurrent update thread roots 0.333ms
[3036.497s][info][gc] GC(520) Pause Final Update Refs 0.041ms
[3036.497s][info][gc] GC(520) Concurrent cleanup 1224M->218M(4062M) 0.025ms
[3066.051s][info][gc] Trigger: Average GC time (102.78 ms) is above the time for instantaneous allocation rate (3719 MB/s) to deplete free headroom (294M) (spike threshold = 1.82)
[3066.052s][info][gc] GC(521) Concurrent reset 0.967ms
[3066.053s][info][gc] GC(521) Pause Init Mark (unload classes) 0.035ms
[3066.054s][info][gc] GC(521) Concurrent marking roots 1.094ms
[3066.075s][info][gc] GC(521) Concurrent marking (unload classes) 20.569ms
[3066.075s][info][gc] GC(521) Pause Final Mark (unload classes) 0.197ms
[3066.076s][info][gc] GC(521) Concurrent thread roots 1.031ms
[3066.076s][info][gc] GC(521) Concurrent weak references 0.036ms
[3066.094s][info][gc] GC(521) Concurrent weak roots 17.813ms
[3066.094s][info][gc] GC(521) Concurrent cleanup 3729M->850M(4062M) 0.098ms
[3066.097s][info][gc] GC(521) Concurrent class unloading 2.785ms
[3066.097s][info][gc] GC(521) Concurrent strong roots 0.039ms
[3066.115s][info][gc] GC(521) Concurrent evacuation 17.490ms
[3066.115s][info][gc] GC(521) Pause Init Update Refs 0.006ms
[3066.128s][info][gc] GC(521) Concurrent update references 13.136ms
[3066.128s][info][gc] GC(521) Concurrent update thread roots 0.245ms
[3066.128s][info][gc] GC(521) Pause Final Update Refs 0.037ms
[3066.128s][info][gc] GC(521) Concurrent cleanup 940M->180M(4138M) 0.026ms
[3090.110s][info][gc] Concurrent uncommit 2245M->2245M(4122M) 0.762ms
[3098.011s][info][gc] Trigger: Average GC time (102.12 ms) is above the time for average allocation rate (7235 MB/s) to deplete free headroom (334M) (margin of error = 2.88)
[3098.013s][info][gc] GC(522) Concurrent reset 1.558ms
[3098.013s][info][gc] GC(522) Pause Init Mark (unload classes) 0.035ms
[3098.015s][info][gc] GC(522) Concurrent marking roots 1.170ms
[3098.034s][info][gc] GC(522) Concurrent marking (unload classes) 19.473ms
[3098.035s][info][gc] GC(522) Pause Final Mark (unload classes) 0.207ms
[3098.036s][info][gc] GC(522) Concurrent thread roots 1.080ms
[3098.036s][info][gc] GC(522) Concurrent weak references 0.017ms
[3098.053s][info][gc] GC(522) Concurrent weak roots 17.449ms
[3098.053s][info][gc] GC(522) Concurrent cleanup 3731M->1278M(4122M) 0.052ms
[3098.061s][info][gc] GC(522) Concurrent class unloading 7.606ms
[3098.061s][info][gc] GC(522) Concurrent strong roots 0.088ms
[3098.077s][info][gc] GC(522) Concurrent evacuation 15.968ms
[3098.077s][info][gc] GC(522) Pause Init Update Refs 0.007ms
[3098.090s][info][gc] GC(522) Concurrent update references 12.914ms
[3098.091s][info][gc] GC(522) Concurrent update thread roots 0.289ms
[3098.091s][info][gc] GC(522) Pause Final Update Refs 0.048ms
[3098.091s][info][gc] GC(522) Concurrent cleanup 1382M->230M(4122M) 0.043ms
[3116.457s][info][gc] Trigger: Free (455M) is below minimum threshold (460M)
[3116.459s][info][gc] GC(523) Concurrent reset 1.239ms
[3116.459s][info][gc] GC(523) Pause Init Mark (unload classes) 0.027ms
[3116.459s][info][gc] GC(523) Concurrent marking roots 0.215ms
[3116.479s][info][gc] GC(523) Concurrent marking (unload classes) 19.853ms
[3116.480s][info][gc] GC(523) Pause Final Mark (unload classes) 0.200ms
[3116.480s][info][gc] GC(523) Concurrent weak references 0.031ms
[3116.488s][info][gc] GC(523) Concurrent weak roots 8.454ms
[3116.488s][info][gc] GC(523) Concurrent cleanup 3766M->317M(4122M) 0.070ms
[3116.505s][info][gc] GC(523) Concurrent class unloading 16.688ms
[3116.505s][info][gc] GC(523) Pause Final Roots 0.002ms
[3150.110s][info][gc] Concurrent uncommit 2671M->2671M(4120M) 0.196ms
[3165.724s][info][gc] Trigger: Free (459M) is below minimum threshold (460M)
[3165.726s][info][gc] GC(524) Concurrent reset 0.976ms
[3165.726s][info][gc] GC(524) Pause Init Mark (unload classes) 0.038ms
[3165.728s][info][gc] GC(524) Concurrent marking roots 1.860ms
[3165.743s][info][gc] GC(524) Concurrent marking (unload classes) 15.436ms
[3165.744s][info][gc] GC(524) Pause Final Mark (unload classes) 0.405ms
[3165.744s][info][gc] GC(524) Concurrent thread roots 0.299ms
[3165.744s][info][gc] GC(524) Concurrent weak references 0.012ms
[3165.752s][info][gc] GC(524) Concurrent weak roots 7.938ms
[3165.752s][info][gc] GC(524) Concurrent cleanup 3960M->941M(4178M) 0.113ms
[3165.760s][info][gc] GC(524) Concurrent class unloading 7.827ms
[3165.760s][info][gc] GC(524) Concurrent strong roots 0.082ms
[3165.782s][info][gc] GC(524) Concurrent evacuation 21.697ms
[3165.783s][info][gc] GC(524) Pause Init Update Refs 0.007ms
[3165.794s][info][gc] GC(524) Concurrent update references 11.672ms
[3165.795s][info][gc] GC(524) Concurrent update thread roots 0.637ms
[3165.796s][info][gc] GC(524) Pause Final Update Refs 0.038ms
[3165.796s][info][gc] GC(524) Concurrent cleanup 1538M->732M(4178M) 0.021ms
[3178.127s][info][gc] Trigger: Free (449M) is below minimum threshold (460M)
[3178.128s][info][gc] GC(525) Concurrent reset 0.799ms
[3178.129s][info][gc] GC(525) Pause Init Mark (unload classes) 0.035ms
[3178.129s][info][gc] GC(525) Concurrent marking roots 0.596ms
[3178.164s][info][gc] GC(525) Concurrent marking (unload classes) 34.488ms
[3178.164s][info][gc] GC(525) Pause Final Mark (unload classes) 0.231ms
[3178.166s][info][gc] GC(525) Concurrent thread roots 1.319ms
[3178.166s][info][gc] GC(525) Concurrent weak references 0.012ms
[3178.169s][info][gc] GC(525) Concurrent weak roots 3.355ms
[3178.172s][info][gc] GC(525) Concurrent cleanup 3785M->901M(4178M) 0.104ms
[3178.181s][info][gc] GC(525) Concurrent class unloading 8.768ms
[3178.184s][info][gc] GC(525) Concurrent strong roots 0.114ms
[3178.199s][info][gc] GC(525) Concurrent evacuation 14.942ms
[3178.199s][info][gc] GC(525) Pause Init Update Refs 0.014ms
[3178.216s][info][gc] GC(525) Concurrent update references 17.034ms
[3178.216s][info][gc] GC(525) Concurrent update thread roots 0.302ms
[3178.217s][info][gc] GC(525) Pause Final Update Refs 0.035ms
[3178.217s][info][gc] GC(525) Concurrent cleanup 995M->285M(4178M) 0.023ms
[3234.477s][info][gc] Trigger: Free (437M) is below minimum threshold (460M)
[3234.479s][info][gc] GC(526) Concurrent reset 1.528ms
[3234.480s][info][gc] GC(526) Pause Init Mark (unload classes) 0.026ms
[3234.481s][info][gc] GC(526) Concurrent marking roots 1.493ms
[3234.490s][info][gc] GC(526) Concurrent marking (unload classes) 8.713ms
[3234.490s][info][gc] GC(526) Pause Final Mark (unload classes) 0.282ms
[3234.490s][info][gc] GC(526) Concurrent weak references 0.012ms
[3234.494s][info][gc] GC(526) Concurrent weak roots 3.776ms
[3234.494s][info][gc] GC(526) Concurrent cleanup 3910M->426M(4178M) 0.066ms
[3234.495s][info][gc] GC(526) Concurrent class unloading 0.986ms
[3234.495s][info][gc] GC(526) Pause Final Roots 0.001ms
[3252.419s][info][gc] Trigger: Free (445M) is below minimum threshold (460M)
[3252.421s][info][gc] GC(527) Concurrent reset 0.772ms
[3252.421s][info][gc] GC(527) Pause Init Mark (unload classes) 0.035ms
[3252.421s][info][gc] GC(527) Concurrent marking roots 0.443ms
[3252.446s][info][gc] GC(527) Concurrent marking (unload classes) 24.753ms
[3252.447s][info][gc] GC(527) Pause Final Mark (unload classes) 0.294ms
[3252.447s][info][gc] GC(527) Concurrent thread roots 0.512ms
[3252.447s][info][gc] GC(527) Concurrent weak references 0.015ms
[3252.451s][info][gc] GC(527) Concurrent weak roots 3.413ms
[3252.451s][info][gc] GC(527) Concurrent cleanup 3819M->1088M(4178M) 0.059ms
[3252.453s][info][gc] GC(527) Concurrent class unloading 2.339ms
[3252.453s][info][gc] GC(527) Concurrent strong roots 0.040ms
[3252.469s][info][gc] GC(527) Concurrent evacuation 16.061ms
[3252.470s][info][gc] GC(527) Pause Init Update Refs 0.005ms
[3252.488s][info][gc] GC(527) Concurrent update references 18.328ms
[3252.488s][info][gc] GC(527) Concurrent update thread roots 0.298ms
[3252.488s][info][gc] GC(527) Pause Final Update Refs 0.042ms
[3252.489s][info][gc] GC(527) Concurrent cleanup 1194M->232M(4178M) 0.024ms
[3277.515s][info][gc] Trigger: Free (451M) is below minimum threshold (460M)
[3277.517s][info][gc] GC(528) Concurrent reset 0.970ms
[3277.517s][info][gc] GC(528) Pause Init Mark (unload classes) 0.040ms
[3277.519s][info][gc] GC(528) Concurrent marking roots 1.038ms
[3277.551s][info][gc] GC(528) Concurrent marking (unload classes) 32.354ms
[3277.551s][info][gc] GC(528) Pause Final Mark (unload classes) 0.281ms
[3277.552s][info][gc] GC(528) Concurrent thread roots 0.458ms
[3277.552s][info][gc] GC(528) Concurrent weak references 0.012ms
[3277.557s][info][gc] GC(528) Concurrent weak roots 4.912ms
[3277.557s][info][gc] GC(528) Concurrent cleanup 3813M->1143M(4178M) 0.084ms
[3277.565s][info][gc] GC(528) Concurrent class unloading 8.314ms
[3277.566s][info][gc] GC(528) Concurrent strong roots 0.082ms
[3277.582s][info][gc] GC(528) Concurrent evacuation 16.733ms
[3277.583s][info][gc] GC(528) Pause Init Update Refs 0.007ms
[3277.600s][info][gc] GC(528) Concurrent update references 17.492ms
[3277.601s][info][gc] GC(528) Concurrent update thread roots 0.309ms
[3277.601s][info][gc] GC(528) Pause Final Update Refs 0.041ms
[3277.601s][info][gc] GC(528) Concurrent cleanup 1243M->205M(4178M) 0.040ms
[3346.662s][info][gc] Trigger: Free (458M) is below minimum threshold (460M)
[3346.664s][info][gc] GC(529) Concurrent reset 1.182ms
[3346.664s][info][gc] GC(529) Pause Init Mark (unload classes) 0.025ms
[3346.664s][info][gc] GC(529) Concurrent marking roots 0.440ms
[3346.671s][info][gc] GC(529) Concurrent marking (unload classes) 6.468ms
[3346.671s][info][gc] GC(529) Pause Final Mark (unload classes) 0.286ms
[3346.671s][info][gc] GC(529) Concurrent weak references 0.015ms
[3346.676s][info][gc] GC(529) Concurrent weak roots 4.406ms
[3346.676s][info][gc] GC(529) Concurrent cleanup 3771M->264M(4178M) 0.069ms
[3346.677s][info][gc] GC(529) Concurrent class unloading 1.168ms
[3346.677s][info][gc] GC(529) Pause Final Roots 0.001ms
[3420.118s][info][gc] Concurrent uncommit 2393M->2393M(4150M) 0.935ms
[3456.959s][info][gc] Trigger: Free (455M) is below minimum threshold (460M)
[3456.960s][info][gc] GC(530) Concurrent reset 0.332ms
[3456.961s][info][gc] GC(530) Pause Init Mark (unload classes) 0.038ms
[3456.961s][info][gc] GC(530) Concurrent marking roots 0.330ms
[3456.968s][info][gc] GC(530) Concurrent marking (unload classes) 6.801ms
[3456.968s][info][gc] GC(530) Pause Final Mark (unload classes) 0.213ms
[3456.968s][info][gc] GC(530) Concurrent weak references 0.017ms
[3456.972s][info][gc] GC(530) Concurrent weak roots 3.083ms
[3456.972s][info][gc] GC(530) Concurrent cleanup 3808M->347M(4150M) 0.071ms
[3456.973s][info][gc] GC(530) Concurrent class unloading 0.979ms
[3456.973s][info][gc] GC(530) Pause Final Roots 0.002ms
[3480.118s][info][gc] Concurrent uncommit 827M->827M(4134M) 0.469ms
[3540.119s][info][gc] Concurrent uncommit 2725M->2725M(4102M) 1.074ms
[3570.120s][info][gc] Concurrent uncommit 3671M->3671M(4096M) 0.302ms
[3572.522s][info][gc] Trigger: Free (459M) is below minimum threshold (460M)
[3572.522s][info][gc] GC(531) Concurrent reset 0.385ms
[3572.522s][info][gc] GC(531) Pause Init Mark (unload classes) 0.024ms
[3572.523s][info][gc] GC(531) Concurrent marking roots 0.416ms
[3572.528s][info][gc] GC(531) Concurrent marking (unload classes) 5.300ms
[3572.528s][info][gc] GC(531) Pause Final Mark (unload classes) 0.215ms
[3572.528s][info][gc] GC(531) Concurrent weak references 0.016ms
[3572.531s][info][gc] GC(531) Concurrent weak roots 3.024ms
[3572.531s][info][gc] GC(531) Concurrent cleanup 3815M->328M(4096M) 0.064ms
[3572.532s][info][gc] GC(531) Concurrent class unloading 0.881ms
[3572.533s][info][gc] GC(531) Pause Final Roots 0.002ms
[3600.120s][info][gc] Concurrent uncommit 1133M->1133M(4072M) 0.885ms
[3639.731s][info][gc] Trigger: Free (445M) is below minimum threshold (460M)
[3639.732s][info][gc] GC(532) Concurrent reset 0.398ms
[3639.733s][info][gc] GC(532) Pause Init Mark (unload classes) 0.037ms
[3639.734s][info][gc] GC(532) Concurrent marking roots 0.862ms
[3639.743s][info][gc] GC(532) Concurrent marking (unload classes) 9.477ms
[3639.744s][info][gc] GC(532) Pause Final Mark (unload classes) 0.320ms
[3639.744s][info][gc] GC(532) Concurrent thread roots 0.417ms
[3639.744s][info][gc] GC(532) Concurrent weak references 0.014ms
[3639.750s][info][gc] GC(532) Concurrent weak roots 6.086ms
[3639.750s][info][gc] GC(532) Concurrent cleanup 3816M->472M(4074M) 0.068ms
[3639.752s][info][gc] GC(532) Concurrent class unloading 1.599ms
[3639.752s][info][gc] GC(532) Concurrent strong roots 0.048ms
[3639.759s][info][gc] GC(532) Concurrent evacuation 7.420ms
[3639.760s][info][gc] GC(532) Pause Init Update Refs 0.013ms
[3639.764s][info][gc] GC(532) Concurrent update references 4.651ms
[3639.765s][info][gc] GC(532) Concurrent update thread roots 0.243ms
[3639.765s][info][gc] GC(532) Pause Final Update Refs 0.052ms
[3639.765s][info][gc] GC(532) Concurrent cleanup 511M->95M(4076M) 0.016ms
[3660.124s][info][gc] Concurrent uncommit 1176M->1176M(4018M) 2.346ms
[3703.392s][info][gc] Trigger: Free (449M) is below minimum threshold (460M)
[3703.393s][info][gc] GC(533) Concurrent reset 0.425ms
[3703.393s][info][gc] GC(533) Pause Init Mark (unload classes) 0.026ms
[3703.394s][info][gc] GC(533) Concurrent marking roots 0.462ms
[3703.401s][info][gc] GC(533) Concurrent marking (unload classes) 7.469ms
[3703.402s][info][gc] GC(533) Pause Final Mark (unload classes) 0.201ms
[3703.402s][info][gc] GC(533) Concurrent thread roots 0.473ms
[3703.402s][info][gc] GC(533) Concurrent weak references 0.017ms
[3703.405s][info][gc] GC(533) Concurrent weak roots 3.202ms
[3703.405s][info][gc] GC(533) Concurrent cleanup 3797M->510M(4018M) 0.067ms
[3703.408s][info][gc] GC(533) Concurrent class unloading 2.029ms
[3703.408s][info][gc] GC(533) Concurrent strong roots 0.042ms
[3703.413s][info][gc] GC(533) Concurrent evacuation 5.447ms
[3703.413s][info][gc] GC(533) Pause Init Update Refs 0.006ms
[3703.417s][info][gc] GC(533) Concurrent update references 4.248ms
[3703.418s][info][gc] GC(533) Concurrent update thread roots 0.225ms
[3703.418s][info][gc] GC(533) Pause Final Update Refs 0.042ms
[3703.418s][info][gc] GC(533) Concurrent cleanup 551M->97M(4020M) 0.015ms
[3762.851s][info][gc] Trigger: Free (445M) is below minimum threshold (460M)
[3762.852s][info][gc] GC(534) Concurrent reset 0.521ms
[3762.853s][info][gc] GC(534) Pause Init Mark (unload classes) 0.027ms
[3762.854s][info][gc] GC(534) Concurrent marking roots 1.195ms
[3762.864s][info][gc] GC(534) Concurrent marking (unload classes) 10.119ms
[3762.865s][info][gc] GC(534) Pause Final Mark (unload classes) 0.205ms
[3762.865s][info][gc] GC(534) Concurrent thread roots 0.275ms
[3762.865s][info][gc] GC(534) Concurrent weak references 0.013ms
[3762.871s][info][gc] GC(534) Concurrent weak roots 5.810ms
[3762.871s][info][gc] GC(534) Concurrent cleanup 3921M->690M(4088M) 0.066ms
[3762.872s][info][gc] GC(534) Concurrent class unloading 1.452ms
[3762.872s][info][gc] GC(534) Concurrent strong roots 0.055ms
[3762.875s][info][gc] GC(534) Concurrent evacuation 2.443ms
[3762.875s][info][gc] GC(534) Pause Init Update Refs 0.007ms
[3762.881s][info][gc] GC(534) Concurrent update references 5.710ms
[3762.882s][info][gc] GC(534) Concurrent update thread roots 0.575ms
[3762.882s][info][gc] GC(534) Pause Final Update Refs 0.032ms
[3762.882s][info][gc] GC(534) Concurrent cleanup 718M->150M(4088M) 0.019ms
[3799.741s][info][gc] Trigger: Free (451M) is below minimum threshold (460M)
[3799.742s][info][gc] GC(535) Concurrent reset 0.649ms
[3799.743s][info][gc] GC(535) Pause Init Mark (unload classes) 0.034ms
[3799.744s][info][gc] GC(535) Concurrent marking roots 0.898ms
[3799.758s][info][gc] GC(535) Concurrent marking (unload classes) 14.782ms
[3799.759s][info][gc] GC(535) Pause Final Mark (unload classes) 0.192ms
[3799.759s][info][gc] GC(535) Concurrent thread roots 0.509ms
[3799.759s][info][gc] GC(535) Concurrent weak references 0.049ms
[3799.771s][info][gc] GC(535) Concurrent weak roots 11.614ms
[3799.771s][info][gc] GC(535) Concurrent cleanup 3788M->696M(4088M) 0.063ms
[3799.773s][info][gc] GC(535) Concurrent class unloading 1.903ms
[3799.773s][info][gc] GC(535) Concurrent strong roots 0.045ms
[3799.783s][info][gc] GC(535) Concurrent evacuation 9.806ms
[3799.783s][info][gc] GC(535) Pause Init Update Refs 0.010ms
[3799.793s][info][gc] GC(535) Concurrent update references 10.112ms
[3799.794s][info][gc] GC(535) Concurrent update thread roots 0.235ms
[3799.794s][info][gc] GC(535) Pause Final Update Refs 0.034ms
[3799.794s][info][gc] GC(535) Concurrent cleanup 758M->134M(4100M) 0.019ms
[3840.798s][info][gc] Trigger: Free (455M) is below minimum threshold (460M)
[3840.800s][info][gc] GC(536) Concurrent reset 0.640ms
[3840.800s][info][gc] GC(536) Pause Init Mark (unload classes) 0.025ms
[3840.801s][info][gc] GC(536) Concurrent marking roots 0.568ms
[3840.816s][info][gc] GC(536) Concurrent marking (unload classes) 15.552ms
[3840.817s][info][gc] GC(536) Pause Final Mark (unload classes) 0.230ms
[3840.817s][info][gc] GC(536) Concurrent thread roots 0.444ms
[3840.817s][info][gc] GC(536) Concurrent weak references 0.013ms
[3840.821s][info][gc] GC(536) Concurrent weak roots 4.017ms
[3840.821s][info][gc] GC(536) Concurrent cleanup 3790M->709M(4100M) 0.063ms
[3840.824s][info][gc] GC(536) Concurrent class unloading 2.709ms
[3840.824s][info][gc] GC(536) Concurrent strong roots 0.037ms
[3840.832s][info][gc] GC(536) Concurrent evacuation 8.227ms
[3840.833s][info][gc] GC(536) Pause Init Update Refs 0.006ms
[3840.840s][info][gc] GC(536) Concurrent update references 7.724ms
[3840.841s][info][gc] GC(536) Concurrent update thread roots 0.240ms
[3840.841s][info][gc] GC(536) Pause Final Update Refs 0.034ms
[3840.841s][info][gc] GC(536) Concurrent cleanup 776M->140M(4104M) 0.021ms
[3892.908s][info][gc] Trigger: Free (449M) is below minimum threshold (460M)
[3892.909s][info][gc] GC(537) Concurrent reset 0.691ms
[3892.910s][info][gc] GC(537) Pause Init Mark (unload classes) 0.027ms
[3892.911s][info][gc] GC(537) Concurrent marking roots 1.001ms
[3892.929s][info][gc] GC(537) Concurrent marking (unload classes) 18.364ms
[3892.929s][info][gc] GC(537) Pause Final Mark (unload classes) 0.191ms
[3892.930s][info][gc] GC(537) Concurrent thread roots 0.814ms
[3892.930s][info][gc] GC(537) Concurrent weak references 0.013ms
[3892.945s][info][gc] GC(537) Concurrent weak roots 15.010ms
[3892.945s][info][gc] GC(537) Concurrent cleanup 3812M->923M(4104M) 0.060ms
[3892.948s][info][gc] GC(537) Concurrent class unloading 2.705ms
[3892.948s][info][gc] GC(537) Concurrent strong roots 0.042ms
[3892.962s][info][gc] GC(537) Concurrent evacuation 13.955ms
[3892.962s][info][gc] GC(537) Pause Init Update Refs 0.005ms
[3892.974s][info][gc] GC(537) Concurrent update references 11.609ms
[3892.974s][info][gc] GC(537) Concurrent update thread roots 0.230ms
[3892.974s][info][gc] GC(537) Pause Final Update Refs 0.041ms
[3892.974s][info][gc] GC(537) Concurrent cleanup 1005M->171M(4122M) 0.024ms
[3923.121s][info][gc] Trigger: Free (451M) is below minimum threshold (460M)
[3923.123s][info][gc] GC(538) Concurrent reset 0.881ms
[3923.123s][info][gc] GC(538) Pause Init Mark (unload classes) 0.039ms
[3923.124s][info][gc] GC(538) Concurrent marking roots 1.163ms
[3923.140s][info][gc] GC(538) Concurrent marking (unload classes) 15.570ms
[3923.140s][info][gc] GC(538) Pause Final Mark (unload classes) 0.190ms
[3923.141s][info][gc] GC(538) Concurrent thread roots 0.876ms
[3923.141s][info][gc] GC(538) Concurrent weak references 0.013ms
[3923.150s][info][gc] GC(538) Concurrent weak roots 8.991ms
[3923.150s][info][gc] GC(538) Concurrent cleanup 3799M->919M(4122M) 0.060ms
[3923.154s][info][gc] GC(538) Concurrent class unloading 3.190ms
[3923.154s][info][gc] GC(538) Concurrent strong roots 0.039ms
[3923.165s][info][gc] GC(538) Concurrent evacuation 11.235ms
[3923.165s][info][gc] GC(538) Pause Init Update Refs 0.011ms
[3923.178s][info][gc] GC(538) Concurrent update references 12.771ms
[3923.178s][info][gc] GC(538) Concurrent update thread roots 0.231ms
[3923.178s][info][gc] GC(538) Pause Final Update Refs 0.043ms
[3923.178s][info][gc] GC(538) Concurrent cleanup 997M->169M(4122M) 0.022ms
[3960.130s][info][gc] Concurrent uncommit 3260M->3260M(4118M) 0.228ms
[3968.554s][info][gc] Trigger: Free (453M) is below minimum threshold (460M)
[3968.555s][info][gc] GC(539) Concurrent reset 0.829ms
[3968.555s][info][gc] GC(539) Pause Init Mark (unload classes) 0.024ms
[3968.556s][info][gc] GC(539) Concurrent marking roots 0.910ms
[3968.567s][info][gc] GC(539) Concurrent marking (unload classes) 10.272ms
[3968.567s][info][gc] GC(539) Pause Final Mark (unload classes) 0.207ms
[3968.568s][info][gc] GC(539) Concurrent thread roots 0.669ms
[3968.568s][info][gc] GC(539) Concurrent weak references 0.014ms
[3968.572s][info][gc] GC(539) Concurrent weak roots 4.455ms
[3968.572s][info][gc] GC(539) Concurrent cleanup 3774M->540M(4118M) 0.065ms
[3968.574s][info][gc] GC(539) Concurrent class unloading 1.900ms
[3968.574s][info][gc] GC(539) Concurrent strong roots 0.039ms
[3968.580s][info][gc] GC(539) Concurrent evacuation 5.277ms
[3968.580s][info][gc] GC(539) Pause Init Update Refs 0.007ms
[3968.586s][info][gc] GC(539) Concurrent update references 5.772ms
[3968.586s][info][gc] GC(539) Concurrent update thread roots 0.241ms
[3968.586s][info][gc] GC(539) Pause Final Update Refs 0.032ms
[3968.586s][info][gc] GC(539) Concurrent cleanup 587M->107M(4118M) 0.017ms
[3993.954s][info][gc] Trigger: Free (455M) is below minimum threshold (460M)
[3993.955s][info][gc] GC(540) Concurrent reset 0.522ms
[3993.956s][info][gc] GC(540) Pause Init Mark (unload classes) 0.034ms
[3993.957s][info][gc] GC(540) Concurrent marking roots 1.168ms
[3993.987s][info][gc] GC(540) Concurrent marking (unload classes) 30.492ms
[3993.988s][info][gc] GC(540) Pause Final Mark (unload classes) 0.222ms
[3993.989s][info][gc] GC(540) Concurrent thread roots 1.189ms
[3993.989s][info][gc] GC(540) Concurrent weak references 0.020ms
[3993.996s][info][gc] GC(540) Concurrent weak roots 6.617ms
[3993.996s][info][gc] GC(540) Concurrent cleanup 3805M->1094M(4118M) 0.085ms
[3994.003s][info][gc] GC(540) Concurrent class unloading 7.412ms
[3994.004s][info][gc] GC(540) Concurrent strong roots 0.072ms
[3994.023s][info][gc] GC(540) Concurrent evacuation 19.160ms
[3994.023s][info][gc] GC(540) Pause Init Update Refs 0.005ms
[3994.041s][info][gc] GC(540) Concurrent update references 18.008ms
[3994.041s][info][gc] GC(540) Concurrent update thread roots 0.390ms
[3994.042s][info][gc] GC(540) Pause Final Update Refs 0.039ms
[3994.042s][info][gc] GC(540) Concurrent cleanup 1203M->217M(4144M) 0.040ms
[4017.742s][info][gc] Trigger: Free (451M) is below minimum threshold (460M)
[4017.744s][info][gc] GC(541) Concurrent reset 1.045ms
[4017.744s][info][gc] GC(541) Pause Init Mark (unload classes) 0.030ms
[4017.746s][info][gc] GC(541) Concurrent marking roots 1.919ms
[4017.770s][info][gc] GC(541) Concurrent marking (unload classes) 23.993ms
[4017.770s][info][gc] GC(541) Pause Final Mark (unload classes) 0.204ms
[4017.771s][info][gc] GC(541) Concurrent thread roots 1.084ms
[4017.771s][info][gc] GC(541) Concurrent weak references 0.018ms
[4017.780s][info][gc] GC(541) Concurrent weak roots 8.580ms
[4017.780s][info][gc] GC(541) Concurrent cleanup 3813M->1141M(4144M) 0.056ms
[4017.785s][info][gc] GC(541) Concurrent class unloading 4.476ms
[4017.785s][info][gc] GC(541) Concurrent strong roots 0.079ms
[4017.801s][info][gc] GC(541) Concurrent evacuation 16.077ms
[4017.801s][info][gc] GC(541) Pause Init Update Refs 0.009ms
[4017.816s][info][gc] GC(541) Concurrent update references 14.628ms
[4017.816s][info][gc] GC(541) Concurrent update thread roots 0.293ms
[4017.816s][info][gc] GC(541) Pause Final Update Refs 0.045ms
[4017.816s][info][gc] GC(541) Concurrent cleanup 1241M->207M(4144M) 0.044ms
[4045.350s][info][gc] Trigger: Average GC time (120.10 ms) is above the time for average allocation rate (5552 MB/s) to deplete free headroom (422M) (margin of error = 2.90)
[4045.352s][info][gc] GC(542) Concurrent reset 1.277ms
[4045.352s][info][gc] GC(542) Pause Init Mark (unload classes) 0.027ms
[4045.354s][info][gc] GC(542) Concurrent marking roots 1.758ms
[4045.371s][info][gc] GC(542) Concurrent marking (unload classes) 16.478ms
[4045.371s][info][gc] GC(542) Pause Final Mark (unload classes) 0.182ms
[4045.372s][info][gc] GC(542) Concurrent thread roots 0.922ms
[4045.372s][info][gc] GC(542) Concurrent weak references 0.021ms
[4045.387s][info][gc] GC(542) Concurrent weak roots 15.034ms
[4045.387s][info][gc] GC(542) Concurrent cleanup 3877M->1205M(4144M) 0.064ms
[4045.392s][info][gc] GC(542) Concurrent class unloading 4.067ms
[4045.392s][info][gc] GC(542) Concurrent strong roots 0.116ms
[4045.398s][info][gc] GC(542) Concurrent evacuation 6.668ms
[4045.399s][info][gc] GC(542) Pause Init Update Refs 0.008ms
[4045.409s][info][gc] GC(542) Concurrent update references 10.596ms
[4045.410s][info][gc] GC(542) Concurrent update thread roots 0.289ms
[4045.410s][info][gc] GC(542) Pause Final Update Refs 0.043ms
[4045.410s][info][gc] GC(542) Concurrent cleanup 1414M->456M(4144M) 0.037ms
[4064.186s][info][gc] Trigger: Free (447M) is below minimum threshold (460M)
[4064.188s][info][gc] GC(543) Concurrent reset 0.926ms
[4064.188s][info][gc] GC(543) Pause Init Mark (unload classes) 0.032ms
[4064.189s][info][gc] GC(543) Concurrent marking roots 0.226ms
[4064.216s][info][gc] GC(543) Concurrent marking (unload classes) 26.905ms
[4064.216s][info][gc] GC(543) Pause Final Mark (unload classes) 0.195ms
[4064.216s][info][gc] GC(543) Concurrent weak references 0.028ms
[4064.236s][info][gc] GC(543) Concurrent weak roots 10.094ms
[4064.236s][info][gc] GC(543) Concurrent cleanup 3783M->518M(4144M) 0.100ms
[4064.241s][info][gc] GC(543) Concurrent class unloading 4.153ms
[4064.241s][info][gc] GC(543) Pause Final Roots 0.004ms
[4080.135s][info][gc] Concurrent uncommit 1417M->1417M(4112M) 2.039ms
[4089.745s][info][gc] Trigger: Free (455M) is below minimum threshold (460M)
[4089.746s][info][gc] GC(544) Concurrent reset 0.632ms
[4089.746s][info][gc] GC(544) Pause Init Mark (unload classes) 0.019ms
[4089.747s][info][gc] GC(544) Concurrent marking roots 0.784ms
[4089.768s][info][gc] GC(544) Concurrent marking (unload classes) 21.703ms
[4089.769s][info][gc] GC(544) Pause Final Mark (unload classes) 0.161ms
[4089.770s][info][gc] GC(544) Concurrent thread roots 0.915ms
[4089.770s][info][gc] GC(544) Concurrent weak references 0.012ms
[4089.775s][info][gc] GC(544) Concurrent weak roots 5.026ms
[4089.775s][info][gc] GC(544) Concurrent cleanup 3813M->974M(4112M) 0.059ms
[4089.779s][info][gc] GC(544) Concurrent class unloading 3.795ms
[4089.779s][info][gc] GC(544) Concurrent strong roots 0.043ms
[4089.790s][info][gc] GC(544) Concurrent evacuation 10.824ms
[4089.790s][info][gc] GC(544) Pause Init Update Refs 0.006ms
[4089.802s][info][gc] GC(544) Concurrent update references 12.095ms
[4089.802s][info][gc] GC(544) Concurrent update thread roots 0.242ms
[4089.802s][info][gc] GC(544) Pause Final Update Refs 0.029ms
[4089.802s][info][gc] GC(544) Concurrent cleanup 1055M->175M(4112M) 0.022ms
[4110.135s][info][gc] Concurrent uncommit 1564M->1564M(4038M) 2.171ms
[4112.976s][info][gc] Trigger: Average GC time (80.84 ms) is above the time for instantaneous allocation rate (16595 MB/s) to deplete free headroom (804M) (spike threshold = 1.82)
[4112.977s][info][gc] GC(545) Concurrent reset 1.345ms
[4112.978s][info][gc] GC(545) Pause Init Mark (unload classes) 0.027ms
[4112.980s][info][gc] GC(545) Concurrent marking roots 1.861ms
[4113.005s][info][gc] GC(545) Concurrent marking (unload classes) 25.517ms
[4113.006s][info][gc] GC(545) Pause Final Mark (unload classes) 0.170ms
[4113.007s][info][gc] GC(545) Concurrent thread roots 1.476ms
[4113.007s][info][gc] GC(545) Concurrent weak references 0.024ms
[4113.037s][info][gc] GC(545) Concurrent weak roots 29.813ms
[4113.037s][info][gc] GC(545) Concurrent cleanup 3302M->1486M(4038M) 0.062ms
[4113.042s][info][gc] GC(545) Concurrent class unloading 4.967ms
[4113.042s][info][gc] GC(545) Concurrent strong roots 0.087ms
[4113.065s][info][gc] GC(545) Concurrent evacuation 22.388ms
[4113.065s][info][gc] GC(545) Pause Init Update Refs 0.006ms
[4113.083s][info][gc] GC(545) Concurrent update references 18.075ms
[4113.084s][info][gc] GC(545) Concurrent update thread roots 0.235ms
[4113.084s][info][gc] GC(545) Pause Final Update Refs 0.043ms
[4113.084s][info][gc] GC(545) Concurrent cleanup 1609M->267M(4058M) 0.029ms
[4130.079s][info][gc] Trigger: Free (449M) is below minimum threshold (460M)
[4130.081s][info][gc] GC(546) Concurrent reset 1.306ms
[4130.081s][info][gc] GC(546) Pause Init Mark (unload classes) 0.025ms
[4130.081s][info][gc] GC(546) Concurrent marking roots 0.213ms
[4130.104s][info][gc] GC(546) Concurrent marking (unload classes) 22.999ms
[4130.105s][info][gc] GC(546) Pause Final Mark (unload classes) 0.208ms
[4130.105s][info][gc] GC(546) Concurrent weak references 0.033ms
[4130.115s][info][gc] GC(546) Concurrent weak roots 10.120ms
[4130.115s][info][gc] GC(546) Concurrent cleanup 3772M->352M(4058M) 0.108ms
[4130.132s][info][gc] GC(546) Concurrent class unloading 17.102ms
[4130.133s][info][gc] GC(546) Pause Final Roots 0.005ms
[4162.525s][info][gc] Trigger: Free (455M) is below minimum threshold (460M)
[4162.526s][info][gc] GC(547) Concurrent reset 0.350ms
[4162.526s][info][gc] GC(547) Pause Init Mark (unload classes) 0.023ms
[4162.527s][info][gc] GC(547) Concurrent marking roots 0.798ms
[4162.539s][info][gc] GC(547) Concurrent marking (unload classes) 12.046ms
[4162.540s][info][gc] GC(547) Pause Final Mark (unload classes) 0.292ms
[4162.540s][info][gc] GC(547) Concurrent thread roots 0.690ms
[4162.541s][info][gc] GC(547) Concurrent weak references 0.011ms
[4162.546s][info][gc] GC(547) Concurrent weak roots 5.363ms
[4162.546s][info][gc] GC(547) Concurrent cleanup 3803M->807M(4058M) 0.061ms
[4162.548s][info][gc] GC(547) Concurrent class unloading 1.539ms
[4162.548s][info][gc] GC(547) Concurrent strong roots 0.043ms
[4162.555s][info][gc] GC(547) Concurrent evacuation 7.660ms
[4162.555s][info][gc] GC(547) Pause Init Update Refs 0.006ms
[4162.564s][info][gc] GC(547) Concurrent update references 8.030ms
[4162.564s][info][gc] GC(547) Concurrent update thread roots 0.255ms
[4162.564s][info][gc] GC(547) Pause Final Update Refs 0.031ms
[4162.564s][info][gc] GC(547) Concurrent cleanup 872M->146M(4058M) 0.023ms
[4182.496s][info][gc] Cancelling GC: Stopping VM
